[2015/11/04 11:36:54.120] (ERROR) /dev/lp error: "PC LOAD LETTER"
[2015/11/04 11:36:54.120] (INFO) User "swb1620" logged out.
[2015/11/04 11:36:54.120] (INFO) Network heartbeat check: All OK.
[2015/11/04 11:36:54.120] (WARN) Watchdog timer crashed. Restarting it.
[2015/11/04 11:36:54.120] (INFO) Device 0xf4fa is online.
[2015/11/04 11:36:54.120] (ERROR) User "oer5760" failed to log in 3 times. Disabling account.
[2015/11/04 11:36:54.120] (INFO) User "uew4851" logged out.
[2015/11/04 11:36:54.120] (INFO) User "vgn4104" logged out due to inactivity (timeout=30 minutes).
[2015/11/04 11:36:54.120] (INFO) Rolling 9 log file(s)...
[2015/11/04 11:36:54.120] (INFO) Alien monitor (aliend): Detected no space aliens.
[2015/11/04 11:36:54.120] (INFO) Checkpointing off-heap server memory...
[2015/11/04 11:36:54.120] (INFO) Sending SIGTERM to 3 excess workers.
[2015/11/04 11:36:54.120] (INFO) Waiting for monitor process (PID 42989) to die.
[2015/11/04 11:36:54.120] (INFO) Alien monitor (aliend): Detected no space aliens.
[2015/11/04 11:36:54.120] (INFO) User "ezh5939" logged out.
[2015/11/04 11:36:54.120] (INFO) Checkpointing off-heap server memory...
[2015/11/04 11:36:54.120] (ERROR) Unable to mount /dev/sdd4. (Time to run fsck?)
[2015/11/04 11:36:54.120] (INFO) Alien monitor (aliend): Detected no space aliens.
[2015/11/04 11:36:54.120] (INFO) Backed up all server logs.
[2015/11/04 11:36:54.120] (INFO) Network heartbeat check: All OK.
[2015/11/04 11:36:54.121] (INFO) Waiting for supervisor process (PID 16773) to die.
[2015/11/04 11:36:54.121] (ERROR) Network heartbeat check FAILED: Master host down?
[2015/11/04 11:36:54.121] (INFO) Alien monitor (aliend): Detected no space aliens.
[2015/11/04 11:36:54.121] (WARN) Unable to ping monitor at 172.16.247.105. Retrying.
[2015/11/04 11:36:54.121] (WARN) Master took 598 ms to respond (threshold=500 ms)
[2015/11/04 11:36:54.121] (INFO) Pinging watchdog timer process: Process is alive.
[2015/11/04 11:36:54.121] (INFO) User "lhq4870" logged in from 172.16.169.118.
[2015/11/04 11:36:54.121] (INFO) Waiting for supervisor process (PID 41460) to die.
[2015/11/04 11:36:54.121] (INFO) Flushed 78 buffers to disk.
[2015/11/04 11:36:54.121] (INFO) .evian ylbirret si emehcs otpyrc ym neht ,siht daer nac uoy fI
[2015/11/04 11:36:54.121] (INFO) Rolling 9 log file(s)...
[2015/11/04 11:36:54.121] (ERROR) "/var/data/wPHuV51948.xslx": Permission denied (EACCES)
[2015/11/04 11:36:54.121] (INFO) User "owk2509" logged out.
[2015/11/04 11:36:54.121] (INFO) Supervisor has entered SUSPENDED state.
[2015/11/04 11:36:54.121] (INFO) Pinging watchdog timer process: Process is alive.
[2015/11/04 11:36:54.121] (WARN) Unable to ping worker at 172.16.149.118. Retrying.
[2015/11/04 11:36:54.121] (INFO) Supervisor has entered SUSPENDED state.
[2015/11/04 11:36:54.121] (INFO) Sending SIGTERM to 2 excess workers.
[2015/11/04 11:36:54.121] (INFO) Rolling 2 log file(s)...
[2015/11/04 11:36:54.121] (INFO) Network heartbeat check: All OK.
[2015/11/04 11:36:54.121] (INFO) User "rto7233" logged out.
[2015/11/04 11:36:54.121] (INFO) Waiting for master process (PID 51239) to die.
[2015/11/04 11:36:54.121] (INFO) Pinging watchdog timer process: Process is alive.
[2015/11/04 11:36:54.121] (WARN) Backup server 10.136.210.69 is offline.
[2015/11/04 11:36:54.121] (INFO) Alien monitor (aliend): Detected no space aliens.
[2015/11/04 11:36:54.121] (INFO) Checkpointing off-heap server memory...
[2015/11/04 11:36:54.121] (INFO) Waiting for master process (PID 25213) to die.
[2015/11/04 11:36:54.121] (INFO) Flushed 22 buffers to disk.
[2015/11/04 11:36:54.121] (INFO) Waiting for supervisor process (PID 2796) to die.
[2015/11/04 11:36:54.121] (INFO) Supervisor has entered RUNNING state.
[2015/11/04 11:36:54.122] (INFO) Network heartbeat check: All OK.
[2015/11/04 11:36:54.122] (INFO) Alien monitor (aliend): Detected no space aliens.
[2015/11/04 11:36:54.122] (INFO) Network heartbeat check: All OK.
[2015/11/04 11:36:54.122] (ERROR) Worker 1 died with SIGBUS. Restarting it.
[2015/11/04 11:36:54.122] (INFO) Waiting for master process (PID 3952) to die.
[2015/11/04 11:36:54.122] (INFO) Pinging watchdog timer process: Process is alive.
[2015/11/04 11:36:54.122] (INFO) Backed up all server logs.
[2015/11/04 11:36:54.122] (INFO) Waiting for supervisor process (PID 28107) to die.
[2015/11/04 11:36:54.122] (INFO) Device 0x49d5 is online.
[2015/11/04 11:36:54.122] (ERROR) Unable to write to "/var/data/PHMMJ57424.xml": Permission denied (EACCES)
[2015/11/04 11:36:54.122] (INFO) Supervisor has entered WAITING state.
[2015/11/04 11:36:54.122] (INFO) .evian ylbirret si emehcs otpyrc ym neht ,siht daer nac uoy fI
[2015/11/04 11:36:54.122] (ERROR) Extra characters at end of line.
[2015/11/04 11:36:54.122] (INFO) Sending SIGTERM to 4 excess workers.
[2015/11/04 11:36:54.122] (INFO) Alien monitor (aliend): Detected no space aliens.
[2015/11/04 11:36:54.122] (INFO) Your mother called. She says you never call her.
[2015/11/04 11:36:54.122] (INFO) User "sec8421" logged out.
[2015/11/04 11:36:54.122] (INFO) Network heartbeat check: All OK.
[2015/11/04 11:36:54.122] (INFO) Alien monitor (aliend): Detected no space aliens.
[2015/11/04 11:36:54.122] (INFO) .evian ylbirret si emehcs otpyrc ym neht ,siht daer nac uoy fI
[2015/11/04 11:36:54.122] (INFO) Device 0x86ef is online.
[2015/11/04 11:36:54.122] (INFO) Flushed 56 buffers to disk.
[2015/11/04 11:36:54.122] (INFO) Network heartbeat check: All OK.
[2015/11/04 11:36:54.122] (INFO) Device 0x3d93 is online.
[2015/11/04 11:36:54.122] (INFO) Rolling 6 log file(s)...
[2015/11/04 11:36:54.122] (INFO) User "oef1292" logged in from 10.143.214.135.
[2015/11/04 11:36:54.122] (INFO) Supervisor has entered SUSPENDED state.
[2015/11/04 11:36:54.122] (INFO) Waiting for supervisor process (PID 39919) to die.
[2015/11/04 11:36:54.123] (WARN) Watchdog timer crashed. Restarting it.
[2015/11/04 11:36:54.123] (INFO) Checkpointing off-heap server memory...
[2015/11/04 11:36:54.123] (INFO) Sending SIGTERM to 3 excess workers.
[2015/11/04 11:36:54.123] (INFO) Device 0x8aff is online.
[2015/11/04 11:36:54.123] (INFO) User "hdh7740" logged out.
[2015/11/04 11:36:54.123] (INFO) Alien monitor (aliend): Detected no space aliens.
[2015/11/04 11:36:54.123] (INFO) Network heartbeat check: All OK.
[2015/11/04 11:36:54.123] (ERROR) Unable to authenticate user "nwy2635": LDAP server isn't responding.
[2015/11/04 11:36:54.123] (INFO) Checked file systems for errors: All filesystems OK.
[2015/11/04 11:36:54.123] (INFO) .evian ylbirret si emehcs otpyrc ym neht ,siht daer nac uoy fI
[2015/11/04 11:36:54.123] (INFO) Backed up all server logs.
[2015/11/04 11:36:54.123] (ERROR) Worker 9 died with SIGFPE. Restarting it.
[2015/11/04 11:36:54.123] (INFO) Backed up all server logs.
[2015/11/04 11:36:54.123] (INFO) Sending SIGTERM to 4 excess workers.
[2015/11/04 11:36:54.123] (INFO) Checked file systems for errors: All filesystems OK.
[2015/11/04 11:36:54.123] (INFO) Backed up all server logs.
[2015/11/04 11:36:54.123] (INFO) Sending SIGTERM to 4 excess workers.
[2015/11/04 11:36:54.123] (INFO) Checkpointing off-heap server memory...
[2015/11/04 11:36:54.123] (INFO) Checked file systems for errors: All filesystems OK.
[2015/11/04 11:36:54.123] (INFO) Supervisor has entered SUSPENDED state.
[2015/11/04 11:36:54.123] (INFO) Network heartbeat check: All OK.
[2015/11/04 11:36:54.123] (INFO) User "agl8181" logged in from 172.16.149.32.
[2015/11/04 11:36:54.622] (INFO) Backed up all server logs.
[2015/11/04 11:36:54.622] (INFO) Waiting for worker process (PID 35867) to die.
[2015/11/04 11:36:54.622] (INFO) Waiting for master process (PID 4602) to die.
[2015/11/04 11:36:54.622] (WARN) Watchdog timer crashed. Restarting it.
[2015/11/04 11:36:54.622] (INFO) Sending SIGTERM to 2 excess workers.
[2015/11/04 11:36:54.622] (WARN) There is no such thing as a free lunch.
[2015/11/04 11:36:54.622] (INFO) Your mother called. She says you never call her.
[2015/11/04 11:36:54.622] (INFO) Network heartbeat check: All OK.
[2015/11/04 11:36:54.622] (WARN) Possible cyber-attack from Canada.
[2015/11/04 11:36:54.622] (INFO) User "gqb9684" logged out due to inactivity (timeout=30 minutes).
[2015/11/04 11:36:54.622] (INFO) Waiting for supervisor process (PID 1403) to die.
[2015/11/04 11:36:54.622] (INFO) Flushed 89 buffers to disk.
[2015/11/04 11:36:54.622] (INFO) Supervisor has entered RESTARTING state.
[2015/11/04 11:36:54.622] (INFO) Checked file systems for errors: All filesystems OK.
[2015/11/04 11:36:54.622] (INFO) Supervisor has entered RUNNING state.
[2015/11/04 11:36:54.622] (INFO) Checked file systems for errors: All filesystems OK.
[2015/11/04 11:36:54.622] (INFO) Flushed 99 buffers to disk.
[2015/11/04 11:36:54.622] (INFO) Pinging watchdog timer process: Process is alive.
[2015/11/04 11:36:54.622] (INFO) Checked file systems for errors: All filesystems OK.
[2015/11/04 11:36:54.622] (INFO) Checkpointing off-heap server memory...
[2015/11/04 11:36:54.622] (INFO) User "inf3121" logged out due to inactivity (timeout=30 minutes).
[2015/11/04 11:36:54.622] (INFO) Pinging watchdog timer process: Process is alive.
[2015/11/04 11:36:54.622] (WARN) Network heartbeat check: 3 server(s) did not respond.
[2015/11/04 11:36:54.622] (INFO) Device 0x1180 is online.
[2015/11/04 11:36:54.622] (INFO) Waiting for supervisor process (PID 30989) to die.
[2015/11/04 11:36:54.622] (INFO) Backed up all server logs.
[2015/11/04 11:36:54.622] (INFO) Backed up all server logs.
[2015/11/04 11:36:54.622] (INFO) Network heartbeat check: All OK.
[2015/11/04 11:36:54.622] (ERROR) One of the flayrods has gone out askew on treadle.
[2015/11/04 11:36:54.622] (INFO) Waiting for monitor process (PID 5759) to die.
[2015/11/04 11:36:54.622] (INFO) Pinging watchdog timer process: Process is alive.
[2015/11/04 11:36:54.622] (INFO) Your mother called. She says you never call her.
[2015/11/04 11:36:54.622] (INFO) Backed up all server logs.
[2015/11/04 11:36:54.622] (INFO) Waiting for master process (PID 51613) to die.
[2015/11/04 11:36:54.623] (ERROR) Unable to mount /dev/sda4. (Time to run fsck?)
[2015/11/04 11:36:54.623] (INFO) User "otd4499" logged in from 10.249.101.109.
[2015/11/04 11:36:54.623] (WARN) Retrying server log checkpoint.
[2015/11/04 11:36:54.623] (INFO) User "iik4139" logged out.
[2015/11/04 11:36:54.623] (INFO) .evian ylbirret si emehcs otpyrc ym neht ,siht daer nac uoy fI
[2015/11/04 11:36:54.623] (WARN) Dropped 8,519 corrupt data packets.
[2015/11/04 11:36:54.623] (ERROR) Device 0x87c4 is offline
[2015/11/04 11:36:54.623] (INFO) Checked file systems for errors: All filesystems OK.
[2015/11/04 11:36:54.623] (INFO) Checkpointing off-heap server memory...
[2015/11/04 11:36:54.623] (ERROR) User "dve7080" failed to log in 3 times. Disabling account.
[2015/11/04 11:36:54.623] (INFO) Checked file systems for errors: All filesystems OK.
[2015/11/04 11:36:54.623] (ERROR) Directory index of "/var/data" is forbidden.
[2015/11/04 11:36:54.623] (INFO) Sending SIGTERM to 2 excess workers.
[2015/11/04 11:36:54.623] (INFO) Rolling 8 log file(s)...
[2015/11/04 11:36:54.623] (INFO) User "ckp5883" logged out.
[2015/11/04 11:36:54.623] (INFO) Flushed 73 buffers to disk.
[2015/11/04 11:36:54.623] (INFO) Network heartbeat check: All OK.
[2015/11/04 11:36:54.623] (INFO) Network heartbeat check: All OK.
[2015/11/04 11:36:54.623] (INFO) Flushed 72 buffers to disk.
[2015/11/04 11:36:54.623] (INFO) User "gmg9233" logged out.
[2015/11/04 11:36:54.623] (INFO) Alien monitor (aliend): Detected no space aliens.
[2015/11/04 11:36:54.623] (INFO) Sending SIGTERM to 3 excess workers.
[2015/11/04 11:36:54.623] (INFO) User "lon9214" logged out.
[2015/11/04 11:36:54.623] (INFO) Waiting for supervisor process (PID 18207) to die.
[2015/11/04 11:36:54.623] (INFO) User "jej4441" logged out.
[2015/11/04 11:36:54.623] (INFO) User "ihc1454" logged in from 192.168.62.161.
[2015/11/04 11:36:54.623] (INFO) User "eqg1162" logged out due to inactivity (timeout=30 minutes).
[2015/11/04 11:36:54.623] (INFO) User "abd1380" logged out.
[2015/11/04 11:36:54.623] (INFO) Your mother called. She says you never call her.
[2015/11/04 11:36:54.623] (ERROR) "/var/data/tBWvB81004.tar.gz": No such file or directory (ENOENT)
[2015/11/04 11:36:54.623] (INFO) Waiting for monitor process (PID 40548) to die.
[2015/11/04 11:36:54.623] (INFO) User "vxl1887" logged out due to inactivity (timeout=30 minutes).
[2015/11/04 11:36:54.623] (INFO) Pinging watchdog timer process: Process is alive.
[2015/11/04 11:36:54.623] (INFO) Waiting for monitor process (PID 8305) to die.
[2015/11/04 11:36:54.623] (INFO) Supervisor has entered SUSPENDED state.
[2015/11/04 11:36:54.624] (WARN) Backup server 172.16.57.96 is offline.
[2015/11/04 11:36:54.624] (WARN) Network heartbeat check: 12 server(s) did not respond.
[2015/11/04 11:36:54.624] (INFO) Flushed 59 buffers to disk.
[2015/11/04 11:36:54.624] (ERROR) Detected clock skew! Restarting NTP server.
[2015/11/04 11:36:54.624] (INFO) Alien monitor (aliend): Detected no space aliens.
[2015/11/04 11:36:54.624] (INFO) Sending SIGTERM to 2 excess workers.
[2015/11/04 11:36:54.624] (WARN) Dropped 150 corrupt data packets.
[2015/11/04 11:36:54.624] (INFO) Network heartbeat check: All OK.
[2015/11/04 11:36:54.624] (INFO) Backed up all server logs.
[2015/11/04 11:36:54.624] (INFO) Alien monitor (aliend): Detected no space aliens.
[2015/11/04 11:36:54.624] (INFO) Pinging watchdog timer process: Process is alive.
[2015/11/04 11:36:54.624] (WARN) Possible cyber-attack from Mars.
[2015/11/04 11:36:54.624] (INFO) Rolling 6 log file(s)...
[2015/11/04 11:36:54.624] (INFO) User "ulq4576" logged in from 192.168.242.200.
[2015/11/04 11:36:54.624] (INFO) Pinging watchdog timer process: Process is alive.
[2015/11/04 11:36:54.624] (INFO) User "mmx8470" logged in from 172.16.121.204.
[2015/11/04 11:36:54.624] (INFO) Flushed 54 buffers to disk.
[2015/11/04 11:36:54.624] (WARN) Space on disk /dev/sdf3 is low: Only 865 MB available.
[2015/11/04 11:36:54.624] (ERROR) Worker 7 died with SIGILL. Restarting it.
[2015/11/04 11:36:54.624] (INFO) User "sjg1856" logged in from 10.126.231.179.
[2015/11/04 11:36:54.624] (INFO) Alien monitor (aliend): Detected no space aliens.
[2015/11/04 11:36:54.624] (INFO) Flushed 45 buffers to disk.
[2015/11/04 11:36:54.624] (INFO) Alien monitor (aliend): Detected no space aliens.
[2015/11/04 11:36:54.624] (INFO) Device 0xc31d is online.
[2015/11/04 11:36:54.624] (ERROR) Device 0x063e is offline
[2015/11/04 11:36:54.624] (INFO) Checkpointing off-heap server memory...
[2015/11/04 11:36:54.624] (INFO) User "tlm5169" logged out.
[2015/11/04 11:36:54.624] (ERROR) Failed to open "/mnt/fileserver02/PfIxw58061.txt": NFS timeout.
[2015/11/04 11:36:54.624] (INFO) Device 0x3b46 is online.
[2015/11/04 11:36:54.624] (WARN) Unable to ping supervisor at 172.16.43.183. Retrying.
[2015/11/04 11:36:54.624] (ERROR) Worker 6 died with SIGTRAP. Restarting it.
[2015/11/04 11:36:55.119] (INFO) Checkpointing off-heap server memory...
[2015/11/04 11:36:55.119] (INFO) Sending SIGTERM to 2 excess workers.
[2015/11/04 11:36:55.119] (WARN) Backup server 172.16.29.4 is offline.
[2015/11/04 11:36:55.119] (INFO) User "vaq4637" logged in from 192.168.207.50.
[2015/11/04 11:36:55.120] (INFO) User "eex8233" logged out due to inactivity (timeout=30 minutes).
[2015/11/04 11:36:55.120] (ERROR) Worker 3 died with SIGKILL. Restarting it.
[2015/11/04 11:36:55.120] (WARN) Unable to ping supervisor at 10.169.215.226. Retrying.
[2015/11/04 11:36:55.120] (INFO) Checkpointing off-heap server memory...
[2015/11/04 11:36:55.120] (INFO) Your mother called. She says you never call her.
[2015/11/04 11:36:55.120] (ERROR) Device 0x2be4 is offline
[2015/11/04 11:36:55.120] (INFO) Supervisor has entered RESTARTING state.
[2015/11/04 11:36:55.120] (INFO) Network heartbeat check: All OK.
[2015/11/04 11:36:55.120] (INFO) User "mmn9961" logged in from 172.16.190.65.
[2015/11/04 11:36:55.120] (WARN) Watchdog timer crashed. Restarting it.
[2015/11/04 11:36:55.120] (INFO) User "ose1549" logged out due to inactivity (timeout=30 minutes).
[2015/11/04 11:36:55.120] (ERROR) Failed to open "/mnt/fileserver02/IjnQB68525.zip": NFS timeout.
[2015/11/04 11:36:55.120] (INFO) Flushed 52 buffers to disk.
[2015/11/04 11:36:55.120] (INFO) User "ygb1926" logged out.
[2015/11/04 11:36:55.120] (INFO) Your mother called. She says you never call her.
[2015/11/04 11:36:55.120] (INFO) .evian ylbirret si emehcs otpyrc ym neht ,siht daer nac uoy fI
[2015/11/04 11:36:55.120] (INFO) Flushed 40 buffers to disk.
[2015/11/04 11:36:55.120] (INFO) Pinging watchdog timer process: Process is alive.
[2015/11/04 11:36:55.120] (INFO) Supervisor has entered WAITING state.
[2015/11/04 11:36:55.120] (INFO) .evian ylbirret si emehcs otpyrc ym neht ,siht daer nac uoy fI
[2015/11/04 11:36:55.120] (INFO) Waiting for worker process (PID 64711) to die.
[2015/11/04 11:36:55.120] (INFO) Network heartbeat check: All OK.
[2015/11/04 11:36:55.120] (ERROR) "/var/data/jAfun52591.tsv": No such file or directory (ENOENT)
[2015/11/04 11:36:55.120] (INFO) Flushed 36 buffers to disk.
[2015/11/04 11:36:55.120] (INFO) User "tbf1947" logged in from 172.16.96.167.
[2015/11/04 11:36:55.120] (WARN) There is no such thing as a free lunch.
[2015/11/04 11:36:55.120] (INFO) Your mother called. She says you never call her.
[2015/11/04 11:36:55.120] (INFO) .evian ylbirret si emehcs otpyrc ym neht ,siht daer nac uoy fI
[2015/11/04 11:36:55.120] (INFO) User "jvp1523" logged in from 192.168.103.104.
[2015/11/04 11:36:55.120] (INFO) User "zyv1516" logged out due to inactivity (timeout=30 minutes).
[2015/11/04 11:36:55.120] (INFO) Flushed 80 buffers to disk.
[2015/11/04 11:36:55.120] (INFO) Checkpointing off-heap server memory...
[2015/11/04 11:36:55.120] (INFO) Your mother called. She says you never call her.
[2015/11/04 11:36:55.120] (WARN) Retrying server log checkpoint.
[2015/11/04 11:36:55.120] (INFO) Checked file systems for errors: All filesystems OK.
[2015/11/04 11:36:55.121] (ERROR) Worker 8 died with SIGTRAP. Restarting it.
[2015/11/04 11:36:55.121] (INFO) Waiting for supervisor process (PID 46249) to die.
[2015/11/04 11:36:55.121] (INFO) Supervisor has entered RUNNING state.
[2015/11/04 11:36:55.121] (INFO) User "coc5718" logged out.
[2015/11/04 11:36:55.121] (INFO) User "cbh5904" logged in from 10.142.150.193.
[2015/11/04 11:36:55.121] (INFO) Sending SIGTERM to 4 excess workers.
[2015/11/04 11:36:55.121] (INFO) Network heartbeat check: All OK.
[2015/11/04 11:36:55.121] (INFO) Checkpointing off-heap server memory...
[2015/11/04 11:36:55.121] (INFO) Rolling 2 log file(s)...
[2015/11/04 11:36:55.121] (INFO) Network heartbeat check: All OK.
[2015/11/04 11:36:55.121] (INFO) Device 0xa835 is online.
[2015/11/04 11:36:55.121] (INFO) Supervisor has entered RESTARTING state.
[2015/11/04 11:36:55.121] (INFO) Pinging watchdog timer process: Process is alive.
[2015/11/04 11:36:55.121] (INFO) .evian ylbirret si emehcs otpyrc ym neht ,siht daer nac uoy fI
[2015/11/04 11:36:55.121] (INFO) Checkpointing off-heap server memory...
[2015/11/04 11:36:55.121] (INFO) User "dyu7272" logged in from 10.9.117.222.
[2015/11/04 11:36:55.121] (INFO) Your mother called. She says you never call her.
[2015/11/04 11:36:55.121] (ERROR) "/var/data/nrCze58081.csv": Permission denied (EACCES)
[2015/11/04 11:36:55.121] (INFO) User "eim6282" logged out due to inactivity (timeout=30 minutes).
[2015/11/04 11:36:55.121] (INFO) Your mother called. She says you never call her.
[2015/11/04 11:36:55.121] (INFO) Checkpointing off-heap server memory...
[2015/11/04 11:36:55.121] (ERROR) Alien monitor (aliend): 2 space aliens are fiddling with the hardware!
[2015/11/04 11:36:55.121] (WARN) Possible cyber-attack from Alpha Centauri.
[2015/11/04 11:36:55.121] (INFO) User "bvm4542" logged out.
[2015/11/04 11:36:55.121] (INFO) .evian ylbirret si emehcs otpyrc ym neht ,siht daer nac uoy fI
[2015/11/04 11:36:55.121] (WARN) Unable to ping worker at 172.16.103.33. Retrying.
[2015/11/04 11:36:55.121] (INFO) User "dmz3339" logged in from 10.217.147.253.
[2015/11/04 11:36:55.121] (INFO) Flushed 89 buffers to disk.
[2015/11/04 11:36:55.121] (INFO) Backed up all server logs.
[2015/11/04 11:36:55.121] (INFO) Supervisor has entered WAITING state.
[2015/11/04 11:36:55.121] (WARN) Ignoring SIGTERM. It's not that easy to get rid of me.
[2015/11/04 11:36:55.121] (INFO) Flushed 95 buffers to disk.
[2015/11/04 11:36:55.121] (INFO) Device 0xdbdd is online.
[2015/11/04 11:36:55.121] (INFO) Checked file systems for errors: All filesystems OK.
[2015/11/04 11:36:55.121] (ERROR) One of the flayrods has gone out askew on treadle.
[2015/11/04 11:36:55.121] (INFO) User "pjv1507" logged out.
[2015/11/04 11:36:55.121] (INFO) User "bxl4390" logged out.
[2015/11/04 11:36:55.121] (INFO) Pinging watchdog timer process: Process is alive.
[2015/11/04 11:36:55.122] (ERROR) CPU temperature exceeds 50º Celsius. Shutting down.
[2015/11/04 11:36:55.122] (INFO) Backed up all server logs.
[2015/11/04 11:36:55.122] (INFO) .evian ylbirret si emehcs otpyrc ym neht ,siht daer nac uoy fI
[2015/11/04 11:36:55.122] (INFO) Alien monitor (aliend): Detected no space aliens.
[2015/11/04 11:36:55.122] (INFO) Alien monitor (aliend): Detected no space aliens.
[2015/11/04 11:36:55.122] (ERROR) Network heartbeat check FAILED: Master host down?
[2015/11/04 11:36:55.122] (INFO) Checked file systems for errors: All filesystems OK.
[2015/11/04 11:36:55.122] (INFO) User "meo3005" logged out due to inactivity (timeout=30 minutes).
[2015/11/04 11:36:55.122] (INFO) Flushed 80 buffers to disk.
[2015/11/04 11:36:55.122] (INFO) Supervisor has entered RESTARTING state.
[2015/11/04 11:36:55.122] (INFO) Rolling 2 log file(s)...
[2015/11/04 11:36:55.122] (INFO) Checked file systems for errors: All filesystems OK.
[2015/11/04 11:36:55.122] (INFO) .evian ylbirret si emehcs otpyrc ym neht ,siht daer nac uoy fI
[2015/11/04 11:36:55.122] (INFO) Checked file systems for errors: All filesystems OK.
[2015/11/04 11:36:55.122] (INFO) Backed up all server logs.
[2015/11/04 11:36:55.122] (ERROR) Extra characters at end of line.
[2015/11/04 11:36:55.122] (WARN) Master took 780 ms to respond (threshold=500 ms)
[2015/11/04 11:36:55.122] (INFO) Your mother called. She says you never call her.
[2015/11/04 11:36:55.122] (INFO) Checkpointing off-heap server memory...
[2015/11/04 11:36:55.122] (WARN) Dropped 5,499 corrupt data packets.
[2015/11/04 11:36:55.122] (INFO) Sending SIGTERM to 2 excess workers.
[2015/11/04 11:36:55.122] (INFO) .evian ylbirret si emehcs otpyrc ym neht ,siht daer nac uoy fI
[2015/11/04 11:36:55.122] (INFO) User "dti2477" logged out due to inactivity (timeout=30 minutes).
[2015/11/04 11:36:55.618] (INFO) Your mother called. She says you never call her.
[2015/11/04 11:36:55.618] (INFO) Sending SIGTERM to 4 excess workers.
[2015/11/04 11:36:55.618] (WARN) Space on disk /dev/sdc2 is low: Only 405 MB available.
[2015/11/04 11:36:55.618] (INFO) Supervisor has entered RUNNING state.
[2015/11/04 11:36:55.618] (INFO) Your mother called. She says you never call her.
[2015/11/04 11:36:55.618] (WARN) Master took 510 ms to respond (threshold=500 ms)
[2015/11/04 11:36:55.618] (INFO) Supervisor has entered RUNNING state.
[2015/11/04 11:36:55.618] (INFO) Checked file systems for errors: All filesystems OK.
[2015/11/04 11:36:55.618] (WARN) Retrying server log checkpoint.
[2015/11/04 11:36:55.618] (INFO) User "svi6230" logged out.
[2015/11/04 11:36:55.618] (INFO) User "dpq6335" logged out.
[2015/11/04 11:36:55.618] (INFO) Pinging watchdog timer process: Process is alive.
[2015/11/04 11:36:55.618] (INFO) Checked file systems for errors: All filesystems OK.
[2015/11/04 11:36:55.618] (WARN) Retrying server log checkpoint.
[2015/11/04 11:36:55.618] (INFO) Checked file systems for errors: All filesystems OK.
[2015/11/04 11:36:55.618] (INFO) Pinging watchdog timer process: Process is alive.
[2015/11/04 11:36:55.618] (INFO) Supervisor has entered RESTARTING state.
[2015/11/04 11:36:55.618] (INFO) Network heartbeat check: All OK.
[2015/11/04 11:36:55.618] (ERROR) Connection to 10.70.241.34 terminated unexpectedly. Reconnecting.
[2015/11/04 11:36:55.618] (INFO) Sending SIGTERM to 3 excess workers.
[2015/11/04 11:36:55.618] (INFO) User "fyy2771" logged out due to inactivity (timeout=30 minutes).
[2015/11/04 11:36:55.619] (INFO) Waiting for supervisor process (PID 58474) to die.
[2015/11/04 11:36:55.619] (INFO) Your mother called. She says you never call her.
[2015/11/04 11:36:55.619] (INFO) Supervisor has entered RESTARTING state.
[2015/11/04 11:36:55.619] (INFO) Sending SIGTERM to 3 excess workers.
[2015/11/04 11:36:55.619] (INFO) Supervisor has entered SUSPENDED state.
[2015/11/04 11:36:55.619] (INFO) Pinging watchdog timer process: Process is alive.
[2015/11/04 11:36:55.619] (INFO) Network heartbeat check: All OK.
[2015/11/04 11:36:55.619] (INFO) Backed up all server logs.
[2015/11/04 11:36:55.619] (INFO) User "ssh7859" logged in from 172.16.95.244.
[2015/11/04 11:36:55.619] (INFO) Device 0xd0b7 is online.
[2015/11/04 11:36:55.619] (INFO) Your mother called. She says you never call her.
[2015/11/04 11:36:55.619] (WARN) Master took 800 ms to respond (threshold=500 ms)
[2015/11/04 11:36:55.619] (INFO) Sending SIGTERM to 3 excess workers.
[2015/11/04 11:36:55.619] (INFO) Device 0xd808 is online.
[2015/11/04 11:36:55.619] (INFO) Your mother called. She says you never call her.
[2015/11/04 11:36:55.619] (INFO) Network heartbeat check: All OK.
[2015/11/04 11:36:55.619] (INFO) Checkpointing off-heap server memory...
[2015/11/04 11:36:55.619] (ERROR) "/var/data/FFakm59388.parquet": No such file or directory (ENOENT)
[2015/11/04 11:36:55.619] (INFO) .evian ylbirret si emehcs otpyrc ym neht ,siht daer nac uoy fI
[2015/11/04 11:36:55.619] (INFO) Alien monitor (aliend): Detected no space aliens.
[2015/11/04 11:36:55.619] (ERROR) EFOODFAIL (Waiter, there's a fly in my soup).
[2015/11/04 11:36:55.619] (WARN) Network heartbeat check: 12 server(s) did not respond.
[2015/11/04 11:36:55.619] (INFO) Rolling 3 log file(s)...
[2015/11/04 11:36:55.619] (INFO) User "ejh5638" logged in from 172.16.31.6.
[2015/11/04 11:36:55.619] (INFO) Checkpointing off-heap server memory...
[2015/11/04 11:36:55.619] (INFO) Your mother called. She says you never call her.
[2015/11/04 11:36:55.619] (WARN) Watchdog timer crashed. Restarting it.
[2015/11/04 11:36:55.619] (INFO) Backed up all server logs.
[2015/11/04 11:36:55.619] (ERROR) Extra characters at end of line.
[2015/11/04 11:36:55.619] (INFO) Network heartbeat check: All OK.
[2015/11/04 11:36:55.619] (INFO) Waiting for supervisor process (PID 4526) to die.
[2015/11/04 11:36:55.619] (INFO) User "szr1815" logged out.
[2015/11/04 11:36:55.619] (INFO) .evian ylbirret si emehcs otpyrc ym neht ,siht daer nac uoy fI
[2015/11/04 11:36:55.619] (INFO) Rolling 5 log file(s)...
[2015/11/04 11:36:55.620] (INFO) Checked file systems for errors: All filesystems OK.
[2015/11/04 11:36:55.620] (INFO) User "duk9994" logged in from 192.168.218.45.
[2015/11/04 11:36:55.620] (INFO) Waiting for worker process (PID 30949) to die.
[2015/11/04 11:36:55.620] (INFO) Backed up all server logs.
[2015/11/04 11:36:55.620] (INFO) User "ljw2538" logged out due to inactivity (timeout=30 minutes).
[2015/11/04 11:36:55.620] (INFO) Waiting for monitor process (PID 29544) to die.
[2015/11/04 11:36:55.620] (INFO) Supervisor has entered RESTARTING state.
[2015/11/04 11:36:55.620] (INFO) Sending SIGTERM to 3 excess workers.
[2015/11/04 11:36:55.620] (INFO) Pinging watchdog timer process: Process is alive.
[2015/11/04 11:36:55.620] (INFO) Flushed 44 buffers to disk.
[2015/11/04 11:36:55.620] (INFO) .evian ylbirret si emehcs otpyrc ym neht ,siht daer nac uoy fI
[2015/11/04 11:36:55.620] (INFO) Flushed 36 buffers to disk.
[2015/11/04 11:36:55.620] (INFO) User "omq4153" logged in from 10.71.8.121.
[2015/11/04 11:36:55.620] (INFO) Backed up all server logs.
[2015/11/04 11:36:55.620] (ERROR) Blocked nmap traffic originating from 192.168.244.134.
[2015/11/04 11:36:55.620] (INFO) Pinging watchdog timer process: Process is alive.
[2015/11/04 11:36:55.620] (INFO) Checked file systems for errors: All filesystems OK.
[2015/11/04 11:36:55.620] (WARN) Space on disk /dev/sde4 is low: Only 892 MB available.
[2015/11/04 11:36:55.620] (INFO) User "dmj2911" logged out due to inactivity (timeout=30 minutes).
[2015/11/04 11:36:55.620] (INFO) Checked file systems for errors: All filesystems OK.
[2015/11/04 11:36:55.620] (ERROR) Failed to write checkpoint file "/var/checkpoint/bWRtn56819: No space left on device (ENOSPC)
[2015/11/04 11:36:55.620] (WARN) Dropped 1,539 corrupt data packets.
[2015/11/04 11:36:55.620] (INFO) Checkpointing off-heap server memory...
[2015/11/04 11:36:55.620] (INFO) .evian ylbirret si emehcs otpyrc ym neht ,siht daer nac uoy fI
[2015/11/04 11:36:55.620] (WARN) Possible cyber-attack from Alpha Centauri.
[2015/11/04 11:36:55.620] (INFO) Supervisor has entered RESTARTING state.
[2015/11/04 11:36:55.620] (INFO) User "oni1154" logged out.
[2015/11/04 11:36:55.620] (INFO) User "wwp4183" logged out due to inactivity (timeout=30 minutes).
[2015/11/04 11:36:55.620] (ERROR) Server log backup FAILED. See backup logs.
[2015/11/04 11:36:55.620] (INFO) Network heartbeat check: All OK.
[2015/11/04 11:36:55.620] (INFO) Pinging watchdog timer process: Process is alive.
[2015/11/04 11:36:55.620] (INFO) Checkpointing off-heap server memory...
[2015/11/04 11:36:55.620] (INFO) Supervisor has entered SUSPENDED state.
[2015/11/04 11:36:55.620] (ERROR) "/var/data/LNuyg91085.tsv": No such file or directory (ENOENT)
[2015/11/04 11:36:55.620] (INFO) Device 0x82a1 is online.
[2015/11/04 11:36:55.620] (INFO) Pinging watchdog timer process: Process is alive.
[2015/11/04 11:36:55.621] (ERROR) Unable to mount /dev/sdf1. (Time to run fsck?)
[2015/11/04 11:36:55.621] (WARN) Dropped 14,005 corrupt data packets.
[2015/11/04 11:36:55.621] (INFO) Pinging watchdog timer process: Process is alive.
[2015/11/04 11:36:55.621] (INFO) User "lkf3520" logged out due to inactivity (timeout=30 minutes).
[2015/11/04 11:36:55.621] (INFO) Checked file systems for errors: All filesystems OK.
[2015/11/04 11:36:55.621] (INFO) Pinging watchdog timer process: Process is alive.
[2015/11/04 11:36:55.621] (INFO) Flushed 86 buffers to disk.
[2015/11/04 11:36:55.621] (INFO) Pinging watchdog timer process: Process is alive.
[2015/11/04 11:36:55.621] (INFO) Checkpointing off-heap server memory...
[2015/11/04 11:36:56.119] (ERROR) Failed to write checkpoint file "/var/checkpoint/oIWyW81235: No space left on device (ENOSPC)
[2015/11/04 11:36:56.119] (INFO) Supervisor has entered SUSPENDED state.
[2015/11/04 11:36:56.119] (INFO) Rolling 9 log file(s)...
[2015/11/04 11:36:56.119] (INFO) Supervisor has entered SUSPENDED state.
[2015/11/04 11:36:56.119] (INFO) Flushed 63 buffers to disk.
[2015/11/04 11:36:56.119] (INFO) Checked file systems for errors: All filesystems OK.
[2015/11/04 11:36:56.119] (INFO) User "fni5839" logged in from 172.16.176.198.
[2015/11/04 11:36:56.119] (INFO) Checked file systems for errors: All filesystems OK.
[2015/11/04 11:36:56.119] (INFO) Flushed 58 buffers to disk.
[2015/11/04 11:36:56.119] (INFO) Network heartbeat check: All OK.
[2015/11/04 11:36:56.119] (INFO) Device 0xbaac is online.
[2015/11/04 11:36:56.119] (INFO) User "vlh3467" logged in from 192.168.120.159.
[2015/11/04 11:36:56.119] (ERROR) Unable to authenticate user "tfu1723": LDAP server isn't responding.
[2015/11/04 11:36:56.119] (INFO) Rolling 1 log file(s)...
[2015/11/04 11:36:56.119] (INFO) Checkpointing off-heap server memory...
[2015/11/04 11:36:56.119] (INFO) Checked file systems for errors: All filesystems OK.
[2015/11/04 11:36:56.119] (INFO) User "vie2783" logged out due to inactivity (timeout=30 minutes).
[2015/11/04 11:36:56.119] (INFO) User "jfc2554" logged out.
[2015/11/04 11:36:56.119] (INFO) Checkpointing off-heap server memory...
[2015/11/04 11:36:56.119] (WARN) Possible cyber-attack from Antarctica.
[2015/11/04 11:36:56.119] (INFO) User "lki4595" logged out.
[2015/11/04 11:36:56.119] (INFO) Flushed 58 buffers to disk.
[2015/11/04 11:36:56.119] (INFO) Device 0x26a3 is online.
[2015/11/04 11:36:56.119] (INFO) .evian ylbirret si emehcs otpyrc ym neht ,siht daer nac uoy fI
[2015/11/04 11:36:56.119] (INFO) Alien monitor (aliend): Detected no space aliens.
[2015/11/04 11:36:56.119] (INFO) User "xfd3972" logged out due to inactivity (timeout=30 minutes).
[2015/11/04 11:36:56.119] (WARN) Network heartbeat check: 6 server(s) did not respond.
[2015/11/04 11:36:56.120] (WARN) CPU temperature exceeds 40º Celsius.
[2015/11/04 11:36:56.120] (INFO) Alien monitor (aliend): Detected no space aliens.
[2015/11/04 11:36:56.120] (INFO) Flushed 72 buffers to disk.
[2015/11/04 11:36:56.120] (INFO) Rolling 6 log file(s)...
[2015/11/04 11:36:56.120] (INFO) Flushed 98 buffers to disk.
[2015/11/04 11:36:56.120] (INFO) User "ozz6657" logged in from 192.168.185.252.
[2015/11/04 11:36:56.120] (INFO) User "xpn2268" logged out.
[2015/11/04 11:36:56.120] (INFO) User "wsm9906" logged out.
[2015/11/04 11:36:56.120] (INFO) Supervisor has entered SUSPENDED state.
[2015/11/04 11:36:56.120] (INFO) Alien monitor (aliend): Detected no space aliens.
[2015/11/04 11:36:56.120] (INFO) Rolling 4 log file(s)...
[2015/11/04 11:36:56.120] (INFO) Backed up all server logs.
[2015/11/04 11:36:56.120] (INFO) Checkpointing off-heap server memory...
[2015/11/04 11:36:56.120] (ERROR) CPU temperature exceeds 50º Celsius. Shutting down.
[2015/11/04 11:36:56.120] (INFO) Alien monitor (aliend): Detected no space aliens.
[2015/11/04 11:36:56.120] (INFO) Supervisor has entered RESTARTING state.
[2015/11/04 11:36:56.120] (INFO) Backed up all server logs.
[2015/11/04 11:36:56.120] (INFO) .evian ylbirret si emehcs otpyrc ym neht ,siht daer nac uoy fI
[2015/11/04 11:36:56.120] (INFO) Alien monitor (aliend): Detected no space aliens.
[2015/11/04 11:36:56.120] (INFO) Pinging watchdog timer process: Process is alive.
[2015/11/04 11:36:56.120] (ERROR) "/var/data/UPibv67779.txt": No such file or directory (ENOENT)
[2015/11/04 11:36:56.120] (INFO) Backed up all server logs.
[2015/11/04 11:36:56.120] (INFO) Rolling 3 log file(s)...
[2015/11/04 11:36:56.120] (INFO) Supervisor has entered RUNNING state.
[2015/11/04 11:36:56.120] (INFO) Device 0xb6e5 is online.
[2015/11/04 11:36:56.120] (INFO) Pinging watchdog timer process: Process is alive.
[2015/11/04 11:36:56.120] (INFO) Supervisor has entered RESTARTING state.
[2015/11/04 11:36:56.120] (INFO) Device 0x56bf is online.
[2015/11/04 11:36:56.120] (INFO) User "abi6170" logged out.
[2015/11/04 11:36:56.120] (WARN) Ignoring SIGTERM. It's not that easy to get rid of me.
[2015/11/04 11:36:56.120] (INFO) User "jgo1287" logged out.
[2015/11/04 11:36:56.120] (INFO) Network heartbeat check: All OK.
[2015/11/04 11:36:56.120] (ERROR) Failed to open "/mnt/fileserver01/PrnwR57228.tsv": NFS timeout.
[2015/11/04 11:36:56.120] (INFO) .evian ylbirret si emehcs otpyrc ym neht ,siht daer nac uoy fI
[2015/11/04 11:36:56.120] (WARN) Unable to ping worker at 10.171.170.68. Retrying.
[2015/11/04 11:36:56.120] (WARN) Network heartbeat check: 9 server(s) did not respond.
[2015/11/04 11:36:56.121] (INFO) Pinging watchdog timer process: Process is alive.
[2015/11/04 11:36:56.121] (INFO) Supervisor has entered RUNNING state.
[2015/11/04 11:36:56.121] (INFO) .evian ylbirret si emehcs otpyrc ym neht ,siht daer nac uoy fI
[2015/11/04 11:36:56.121] (ERROR) Failed to write checkpoint file "/var/checkpoint/BLkIT60911: No space left on device (ENOSPC)
[2015/11/04 11:36:56.121] (INFO) Checked file systems for errors: All filesystems OK.
[2015/11/04 11:36:56.121] (WARN) CPU temperature exceeds 40º Celsius.
[2015/11/04 11:36:56.121] (WARN) Network heartbeat check: 17 server(s) did not respond.
[2015/11/04 11:36:56.121] (INFO) .evian ylbirret si emehcs otpyrc ym neht ,siht daer nac uoy fI
[2015/11/04 11:36:56.121] (INFO) Network heartbeat check: All OK.
[2015/11/04 11:36:56.121] (INFO) Supervisor has entered WAITING state.
[2015/11/04 11:36:56.121] (ERROR) Failed to open "/mnt/fileserver02/icZaY73555.zip": NFS timeout.
[2015/11/04 11:36:56.121] (ERROR) Directory index of "/var/data" is forbidden.
[2015/11/04 11:36:56.121] (INFO) Pinging watchdog timer process: Process is alive.
[2015/11/04 11:36:56.121] (INFO) Pinging watchdog timer process: Process is alive.
[2015/11/04 11:36:56.121] (INFO) User "oqx7111" logged in from 172.16.1.147.
[2015/11/04 11:36:56.121] (INFO) Supervisor has entered RESTARTING state.
[2015/11/04 11:36:56.121] (INFO) User "sjb3707" logged in from 10.21.145.3.
[2015/11/04 11:36:56.121] (INFO) Your mother called. She says you never call her.
[2015/11/04 11:36:56.121] (WARN) Ignoring SIGTERM. It's not that easy to get rid of me.
[2015/11/04 11:36:56.121] (INFO) Rolling 5 log file(s)...
[2015/11/04 11:36:56.121] (INFO) Network heartbeat check: All OK.
[2015/11/04 11:36:56.121] (INFO) Your mother called. She says you never call her.
[2015/11/04 11:36:56.121] (INFO) Pinging watchdog timer process: Process is alive.
[2015/11/04 11:36:56.121] (INFO) Device 0x86a8 is online.
[2015/11/04 11:36:56.121] (INFO) User "hco1798" logged out due to inactivity (timeout=30 minutes).
[2015/11/04 11:36:56.121] (INFO) Backed up all server logs.
[2015/11/04 11:36:56.121] (INFO) Checked file systems for errors: All filesystems OK.
[2015/11/04 11:36:56.121] (INFO) Your mother called. She says you never call her.
[2015/11/04 11:36:56.121] (INFO) Pinging watchdog timer process: Process is alive.
[2015/11/04 11:36:56.121] (INFO) Alien monitor (aliend): Detected no space aliens.
[2015/11/04 11:36:56.121] (INFO) .evian ylbirret si emehcs otpyrc ym neht ,siht daer nac uoy fI
[2015/11/04 11:36:56.121] (INFO) Alien monitor (aliend): Detected no space aliens.
[2015/11/04 11:36:56.121] (INFO) Alien monitor (aliend): Detected no space aliens.
[2015/11/04 11:36:56.122] (INFO) Sending SIGTERM to 2 excess workers.
[2015/11/04 11:36:56.122] (INFO) Checkpointing off-heap server memory...
[2015/11/04 11:36:56.122] (INFO) User "gtm7370" logged out.
[2015/11/04 11:36:56.122] (INFO) Your mother called. She says you never call her.
[2015/11/04 11:36:56.620] (INFO) Sending SIGTERM to 4 excess workers.
[2015/11/04 11:36:56.620] (INFO) User "hng1344" logged out.
[2015/11/04 11:36:56.620] (INFO) Supervisor has entered WAITING state.
[2015/11/04 11:36:56.620] (INFO) Supervisor has entered RUNNING state.
[2015/11/04 11:36:56.620] (INFO) User "plg5532" logged in from 10.245.234.171.
[2015/11/04 11:36:56.620] (INFO) Sending SIGTERM to 3 excess workers.
[2015/11/04 11:36:56.620] (INFO) Device 0x9c8e is online.
[2015/11/04 11:36:56.620] (INFO) User "zhd3022" logged out due to inactivity (timeout=30 minutes).
[2015/11/04 11:36:56.620] (INFO) User "uax2718" logged out.
[2015/11/04 11:36:56.620] (INFO) User "aer9529" logged out.
[2015/11/04 11:36:56.620] (INFO) Waiting for supervisor process (PID 58893) to die.
[2015/11/04 11:36:56.620] (ERROR) Failed to write checkpoint file "/var/checkpoint/geMsS98498: No space left on device (ENOSPC)
[2015/11/04 11:36:56.620] (INFO) Your mother called. She says you never call her.
[2015/11/04 11:36:56.620] (INFO) Waiting for supervisor process (PID 28949) to die.
[2015/11/04 11:36:56.620] (INFO) Alien monitor (aliend): Detected no space aliens.
[2015/11/04 11:36:56.620] (INFO) Your mother called. She says you never call her.
[2015/11/04 11:36:56.620] (INFO) User "wvi6577" logged out.
[2015/11/04 11:36:56.620] (INFO) .evian ylbirret si emehcs otpyrc ym neht ,siht daer nac uoy fI
[2015/11/04 11:36:56.620] (ERROR) Unable to authenticate user "yxg9403": LDAP server isn't responding.
[2015/11/04 11:36:56.620] (INFO) Flushed 58 buffers to disk.
[2015/11/04 11:36:56.620] (INFO) Device 0xca4c is online.
[2015/11/04 11:36:56.620] (INFO) Device 0xee14 is online.
[2015/11/04 11:36:56.620] (INFO) Sending SIGTERM to 2 excess workers.
[2015/11/04 11:36:56.620] (INFO) Waiting for monitor process (PID 33104) to die.
[2015/11/04 11:36:56.620] (INFO) Backed up all server logs.
[2015/11/04 11:36:56.620] (INFO) Checkpointing off-heap server memory...
[2015/11/04 11:36:56.621] (INFO) Flushed 57 buffers to disk.
[2015/11/04 11:36:56.621] (ERROR) EFOODFAIL (Waiter, there's a fly in my soup).
[2015/11/04 11:36:56.621] (INFO) Network heartbeat check: All OK.
[2015/11/04 11:36:56.621] (INFO) Checked file systems for errors: All filesystems OK.
[2015/11/04 11:36:56.621] (ERROR) Connection to 10.117.173.192 terminated unexpectedly. Reconnecting.
[2015/11/04 11:36:56.621] (INFO) Your mother called. She says you never call her.
[2015/11/04 11:36:56.621] (INFO) Sending SIGTERM to 2 excess workers.
[2015/11/04 11:36:56.621] (INFO) User "vbx4009" logged out.
[2015/11/04 11:36:56.621] (INFO) Sending SIGTERM to 3 excess workers.
[2015/11/04 11:36:56.621] (INFO) Checkpointing off-heap server memory...
[2015/11/04 11:36:56.621] (INFO) Sending SIGTERM to 2 excess workers.
[2015/11/04 11:36:56.621] (INFO) Waiting for monitor process (PID 19273) to die.
[2015/11/04 11:36:56.621] (INFO) Device 0x66af is online.
[2015/11/04 11:36:56.621] (INFO) Checkpointing off-heap server memory...
[2015/11/04 11:36:56.621] (WARN) Ignoring SIGTERM. It's not that easy to get rid of me.
[2015/11/04 11:36:56.621] (INFO) User "tvo8678" logged in from 192.168.241.87.
[2015/11/04 11:36:56.621] (INFO) User "qng7069" logged out.
[2015/11/04 11:36:56.621] (INFO) Backed up all server logs.
[2015/11/04 11:36:56.621] (INFO) User "fyb7614" logged out.
[2015/11/04 11:36:56.621] (INFO) User "jik1617" logged out due to inactivity (timeout=30 minutes).
[2015/11/04 11:36:56.621] (WARN) Space on disk /dev/sdc3 is low: Only 376 MB available.
[2015/11/04 11:36:56.621] (INFO) User "ewm5417" logged out.
[2015/11/04 11:36:56.621] (WARN) There is no such thing as a free lunch.
[2015/11/04 11:36:56.621] (INFO) User "gib8290" logged out due to inactivity (timeout=30 minutes).
[2015/11/04 11:36:56.621] (INFO) User "uqp2263" logged out.
[2015/11/04 11:36:56.621] (WARN) Retrying server log checkpoint.
[2015/11/04 11:36:56.621] (INFO) Pinging watchdog timer process: Process is alive.
[2015/11/04 11:36:56.621] (INFO) Backed up all server logs.
[2015/11/04 11:36:56.621] (INFO) Pinging watchdog timer process: Process is alive.
[2015/11/04 11:36:56.621] (INFO) Network heartbeat check: All OK.
[2015/11/04 11:36:56.621] (WARN) Space on disk /dev/sdc3 is low: Only 635 MB available.
[2015/11/04 11:36:56.621] (INFO) User "mzg6338" logged in from 192.168.226.59.
[2015/11/04 11:36:56.621] (INFO) .evian ylbirret si emehcs otpyrc ym neht ,siht daer nac uoy fI
[2015/11/04 11:36:56.621] (INFO) Alien monitor (aliend): Detected no space aliens.
[2015/11/04 11:36:56.621] (INFO) User "hks4748" logged in from 172.16.130.238.
[2015/11/04 11:36:56.621] (INFO) Your mother called. She says you never call her.
[2015/11/04 11:36:56.621] (INFO) Your mother called. She says you never call her.
[2015/11/04 11:36:56.621] (INFO) User "zhq9243" logged out due to inactivity (timeout=30 minutes).
[2015/11/04 11:36:56.622] (INFO) Waiting for master process (PID 42089) to die.
[2015/11/04 11:36:56.622] (INFO) .evian ylbirret si emehcs otpyrc ym neht ,siht daer nac uoy fI
[2015/11/04 11:36:56.622] (INFO) User "ehm3400" logged in from 172.16.138.96.
[2015/11/04 11:36:56.622] (INFO) User "wgz1399" logged in from 192.168.147.101.
[2015/11/04 11:36:56.622] (INFO) Device 0x363a is online.
[2015/11/04 11:36:56.622] (WARN) Ignoring SIGTERM. It's not that easy to get rid of me.
[2015/11/04 11:36:56.622] (INFO) Checkpointing off-heap server memory...
[2015/11/04 11:36:56.622] (INFO) Backed up all server logs.
[2015/11/04 11:36:56.622] (INFO) Supervisor has entered RUNNING state.
[2015/11/04 11:36:56.622] (INFO) User "fbd3998" logged in from 172.16.126.109.
[2015/11/04 11:36:56.622] (INFO) Checked file systems for errors: All filesystems OK.
[2015/11/04 11:36:56.622] (INFO) Network heartbeat check: All OK.
[2015/11/04 11:36:56.622] (INFO) Network heartbeat check: All OK.
[2015/11/04 11:36:56.622] (INFO) Supervisor has entered SUSPENDED state.
[2015/11/04 11:36:56.622] (INFO) Checked file systems for errors: All filesystems OK.
[2015/11/04 11:36:56.622] (INFO) .evian ylbirret si emehcs otpyrc ym neht ,siht daer nac uoy fI
[2015/11/04 11:36:56.622] (INFO) Pinging watchdog timer process: Process is alive.
[2015/11/04 11:36:56.622] (INFO) Backed up all server logs.
[2015/11/04 11:36:56.622] (INFO) Device 0xbb69 is online.
[2015/11/04 11:36:56.622] (INFO) .evian ylbirret si emehcs otpyrc ym neht ,siht daer nac uoy fI
[2015/11/04 11:36:56.622] (INFO) Pinging watchdog timer process: Process is alive.
[2015/11/04 11:36:56.622] (INFO) Rolling 6 log file(s)...
[2015/11/04 11:36:56.622] (WARN) Ignoring SIGTERM. It's not that easy to get rid of me.
[2015/11/04 11:36:56.622] (INFO) Pinging watchdog timer process: Process is alive.
[2015/11/04 11:36:56.622] (INFO) .evian ylbirret si emehcs otpyrc ym neht ,siht daer nac uoy fI
[2015/11/04 11:36:56.622] (INFO) Sending SIGTERM to 3 excess workers.
[2015/11/04 11:36:56.622] (INFO) Checkpointing off-heap server memory...
[2015/11/04 11:36:56.622] (ERROR) Failed to write checkpoint file "/var/checkpoint/wvswZ79007: No space left on device (ENOSPC)
[2015/11/04 11:36:56.622] (INFO) Flushed 31 buffers to disk.
[2015/11/04 11:36:56.622] (INFO) User "bag4189" logged out.
[2015/11/04 11:36:56.622] (INFO) Backed up all server logs.
[2015/11/04 11:36:56.622] (INFO) Checkpointing off-heap server memory...
[2015/11/04 11:36:56.622] (INFO) Checked file systems for errors: All filesystems OK.
[2015/11/04 11:36:56.622] (ERROR) "/var/data/CMbqK81917.zip": No such file or directory (ENOENT)
[2015/11/04 11:36:56.622] (WARN) Unable to ping master at 192.168.149.192. Retrying.
[2015/11/04 11:36:56.622] (INFO) User "zme2239" logged in from 192.168.156.205.
[2015/11/04 11:36:57.116] (INFO) Network heartbeat check: All OK.
[2015/11/04 11:36:57.116] (INFO) Checked file systems for errors: All filesystems OK.
[2015/11/04 11:36:57.116] (INFO) Waiting for supervisor process (PID 65324) to die.
[2015/11/04 11:36:57.116] (INFO) Sending SIGTERM to 3 excess workers.
[2015/11/04 11:36:57.116] (INFO) Alien monitor (aliend): Detected no space aliens.
[2015/11/04 11:36:57.116] (INFO) Backed up all server logs.
[2015/11/04 11:36:57.116] (INFO) Sending SIGTERM to 3 excess workers.
[2015/11/04 11:36:57.116] (WARN) Network heartbeat check: 8 server(s) did not respond.
[2015/11/04 11:36:57.116] (WARN) Network heartbeat check: 15 server(s) did not respond.
[2015/11/04 11:36:57.116] (INFO) Checkpointing off-heap server memory...
[2015/11/04 11:36:57.117] (INFO) Waiting for supervisor process (PID 57917) to die.
[2015/11/04 11:36:57.117] (ERROR) /dev/lp error: "PC LOAD LETTER"
[2015/11/04 11:36:57.117] (INFO) Pinging watchdog timer process: Process is alive.
[2015/11/04 11:36:57.117] (INFO) Network heartbeat check: All OK.
[2015/11/04 11:36:57.117] (INFO) Flushed 26 buffers to disk.
[2015/11/04 11:36:57.117] (INFO) Backed up all server logs.
[2015/11/04 11:36:57.117] (WARN) There is no such thing as a free lunch.
[2015/11/04 11:36:57.117] (ERROR) Unable to authenticate user "kns8021": LDAP server isn't responding.
[2015/11/04 11:36:57.117] (INFO) Network heartbeat check: All OK.
[2015/11/04 11:36:57.117] (INFO) Pinging watchdog timer process: Process is alive.
[2015/11/04 11:36:57.117] (INFO) .evian ylbirret si emehcs otpyrc ym neht ,siht daer nac uoy fI
[2015/11/04 11:36:57.117] (INFO) Checkpointing off-heap server memory...
[2015/11/04 11:36:57.117] (INFO) Backed up all server logs.
[2015/11/04 11:36:57.117] (INFO) Network heartbeat check: All OK.
[2015/11/04 11:36:57.117] (ERROR) "/var/data/oKFKa67411.tsv": No such file or directory (ENOENT)
[2015/11/04 11:36:57.117] (INFO) User "lyh1283" logged out.
[2015/11/04 11:36:57.117] (INFO) User "jwn2418" logged in from 192.168.132.56.
[2015/11/04 11:36:57.117] (INFO) User "nwj2305" logged in from 172.16.103.121.
[2015/11/04 11:36:57.117] (INFO) Pinging watchdog timer process: Process is alive.
[2015/11/04 11:36:57.117] (INFO) .evian ylbirret si emehcs otpyrc ym neht ,siht daer nac uoy fI
[2015/11/04 11:36:57.117] (INFO) Pinging watchdog timer process: Process is alive.
[2015/11/04 11:36:57.117] (INFO) Device 0xd526 is online.
[2015/11/04 11:36:57.117] (WARN) Possible cyber-attack from Antarctica.
[2015/11/04 11:36:57.117] (INFO) Your mother called. She says you never call her.
[2015/11/04 11:36:57.117] (INFO) Device 0x0882 is online.
[2015/11/04 11:36:57.117] (INFO) User "hrv4800" logged out due to inactivity (timeout=30 minutes).
[2015/11/04 11:36:57.117] (INFO) Flushed 68 buffers to disk.
[2015/11/04 11:36:57.117] (ERROR) "/var/data/zCIqo59730.csv": Permission denied (EACCES)
[2015/11/04 11:36:57.117] (INFO) User "ngk4063" logged in from 172.16.159.159.
[2015/11/04 11:36:57.117] (ERROR) Unable to authenticate user "fzh3584": LDAP server isn't responding.
[2015/11/04 11:36:57.117] (INFO) Pinging watchdog timer process: Process is alive.
[2015/11/04 11:36:57.117] (INFO) Rolling 3 log file(s)...
[2015/11/04 11:36:57.117] (INFO) Flushed 37 buffers to disk.
[2015/11/04 11:36:57.117] (INFO) User "zws9117" logged out due to inactivity (timeout=30 minutes).
[2015/11/04 11:36:57.117] (INFO) Checkpointing off-heap server memory...
[2015/11/04 11:36:57.117] (INFO) Rolling 9 log file(s)...
[2015/11/04 11:36:57.117] (WARN) CPU temperature exceeds 40º Celsius.
[2015/11/04 11:36:57.117] (INFO) Checked file systems for errors: All filesystems OK.
[2015/11/04 11:36:57.117] (WARN) Network heartbeat check: 13 server(s) did not respond.
[2015/11/04 11:36:57.117] (INFO) Checkpointing off-heap server memory...
[2015/11/04 11:36:57.117] (INFO) Checked file systems for errors: All filesystems OK.
[2015/11/04 11:36:57.117] (INFO) User "ncy2414" logged out due to inactivity (timeout=30 minutes).
[2015/11/04 11:36:57.117] (WARN) Network heartbeat check: 11 server(s) did not respond.
[2015/11/04 11:36:57.117] (WARN) Space on disk /dev/sdf1 is low: Only 223 MB available.
[2015/11/04 11:36:57.117] (INFO) Checkpointing off-heap server memory...
[2015/11/04 11:36:57.117] (WARN) Master took 883 ms to respond (threshold=500 ms)
[2015/11/04 11:36:57.117] (INFO) Checked file systems for errors: All filesystems OK.
[2015/11/04 11:36:57.117] (WARN) Backup server 10.60.5.77 is offline.
[2015/11/04 11:36:57.117] (WARN) Unable to ping worker at 10.165.8.161. Retrying.
[2015/11/04 11:36:57.117] (INFO) Flushed 67 buffers to disk.
[2015/11/04 11:36:57.117] (INFO) Waiting for master process (PID 64814) to die.
[2015/11/04 11:36:57.117] (INFO) Waiting for worker process (PID 63971) to die.
[2015/11/04 11:36:57.117] (INFO) Supervisor has entered WAITING state.
[2015/11/04 11:36:57.117] (INFO) Pinging watchdog timer process: Process is alive.
[2015/11/04 11:36:57.117] (ERROR) Device 0x0eab is offline
[2015/11/04 11:36:57.117] (INFO) Supervisor has entered RESTARTING state.
[2015/11/04 11:36:57.117] (INFO) Supervisor has entered SUSPENDED state.
[2015/11/04 11:36:57.117] (INFO) Alien monitor (aliend): Detected no space aliens.
[2015/11/04 11:36:57.117] (INFO) Network heartbeat check: All OK.
[2015/11/04 11:36:57.117] (INFO) Alien monitor (aliend): Detected no space aliens.
[2015/11/04 11:36:57.117] (INFO) Your mother called. She says you never call her.
[2015/11/04 11:36:57.117] (INFO) .evian ylbirret si emehcs otpyrc ym neht ,siht daer nac uoy fI
[2015/11/04 11:36:57.117] (INFO) Device 0x355f is online.
[2015/11/04 11:36:57.118] (INFO) Your mother called. She says you never call her.
[2015/11/04 11:36:57.118] (WARN) Network heartbeat check: 8 server(s) did not respond.
[2015/11/04 11:36:57.118] (INFO) User "nck6709" logged out.
[2015/11/04 11:36:57.118] (WARN) Network heartbeat check: 15 server(s) did not respond.
[2015/11/04 11:36:57.118] (INFO) User "yed9195" logged out.
[2015/11/04 11:36:57.118] (WARN) CPU temperature exceeds 40º Celsius.
[2015/11/04 11:36:57.118] (ERROR) Alien monitor (aliend): 2 space aliens are fiddling with the hardware!
[2015/11/04 11:36:57.118] (INFO) Flushed 22 buffers to disk.
[2015/11/04 11:36:57.118] (INFO) Rolling 3 log file(s)...
[2015/11/04 11:36:57.118] (INFO) Waiting for monitor process (PID 56880) to die.
[2015/11/04 11:36:57.118] (INFO) Waiting for monitor process (PID 59035) to die.
[2015/11/04 11:36:57.118] (INFO) Pinging watchdog timer process: Process is alive.
[2015/11/04 11:36:57.118] (INFO) Your mother called. She says you never call her.
[2015/11/04 11:36:57.118] (INFO) .evian ylbirret si emehcs otpyrc ym neht ,siht daer nac uoy fI
[2015/11/04 11:36:57.118] (INFO) Checked file systems for errors: All filesystems OK.
[2015/11/04 11:36:57.118] (INFO) Supervisor has entered WAITING state.
[2015/11/04 11:36:57.118] (INFO) .evian ylbirret si emehcs otpyrc ym neht ,siht daer nac uoy fI
[2015/11/04 11:36:57.118] (INFO) Pinging watchdog timer process: Process is alive.
[2015/11/04 11:36:57.118] (INFO) User "mge1225" logged out due to inactivity (timeout=30 minutes).
[2015/11/04 11:36:57.118] (INFO) Network heartbeat check: All OK.
[2015/11/04 11:36:57.118] (INFO) Your mother called. She says you never call her.
[2015/11/04 11:36:57.118] (INFO) Checkpointing off-heap server memory...
[2015/11/04 11:36:57.118] (INFO) Rolling 4 log file(s)...
[2015/11/04 11:36:57.118] (INFO) Network heartbeat check: All OK.
[2015/11/04 11:36:57.118] (INFO) Checked file systems for errors: All filesystems OK.
[2015/11/04 11:36:57.118] (INFO) Checkpointing off-heap server memory...
[2015/11/04 11:36:57.118] (INFO) Network heartbeat check: All OK.
[2015/11/04 11:36:57.617] (INFO) Your mother called. She says you never call her.
[2015/11/04 11:36:57.617] (INFO) Backed up all server logs.
[2015/11/04 11:36:57.617] (ERROR) "/var/data/SZuWI91813.tsv": No such file or directory (ENOENT)
[2015/11/04 11:36:57.617] (ERROR) Unable to authenticate user "thm2730": LDAP server isn't responding.
[2015/11/04 11:36:57.618] (INFO) Checked file systems for errors: All filesystems OK.
[2015/11/04 11:36:57.618] (INFO) Rolling 4 log file(s)...
[2015/11/04 11:36:57.618] (INFO) Sending SIGTERM to 3 excess workers.
[2015/11/04 11:36:57.618] (INFO) Your mother called. She says you never call her.
[2015/11/04 11:36:57.618] (INFO) Checked file systems for errors: All filesystems OK.
[2015/11/04 11:36:57.618] (INFO) Network heartbeat check: All OK.
[2015/11/04 11:36:57.618] (INFO) Your mother called. She says you never call her.
[2015/11/04 11:36:57.618] (WARN) There is no such thing as a free lunch.
[2015/11/04 11:36:57.618] (INFO) Your mother called. She says you never call her.
[2015/11/04 11:36:57.618] (INFO) Sending SIGTERM to 2 excess workers.
[2015/11/04 11:36:57.618] (INFO) Flushed 65 buffers to disk.
[2015/11/04 11:36:57.618] (ERROR) "/var/data/lHWLR67227.csv": No such file or directory (ENOENT)
[2015/11/04 11:36:57.618] (INFO) Rolling 9 log file(s)...
[2015/11/04 11:36:57.618] (INFO) .evian ylbirret si emehcs otpyrc ym neht ,siht daer nac uoy fI
[2015/11/04 11:36:57.618] (INFO) User "bam5441" logged out due to inactivity (timeout=30 minutes).
[2015/11/04 11:36:57.618] (INFO) Pinging watchdog timer process: Process is alive.
[2015/11/04 11:36:57.618] (INFO) .evian ylbirret si emehcs otpyrc ym neht ,siht daer nac uoy fI
[2015/11/04 11:36:57.618] (WARN) Ignoring SIGTERM. It's not that easy to get rid of me.
[2015/11/04 11:36:57.618] (INFO) Checked file systems for errors: All filesystems OK.
[2015/11/04 11:36:57.618] (INFO) Checked file systems for errors: All filesystems OK.
[2015/11/04 11:36:57.618] (INFO) Flushed 58 buffers to disk.
[2015/11/04 11:36:57.618] (INFO) Waiting for master process (PID 20940) to die.
[2015/11/04 11:36:57.618] (INFO) User "pif6173" logged out.
[2015/11/04 11:36:57.618] (INFO) .evian ylbirret si emehcs otpyrc ym neht ,siht daer nac uoy fI
[2015/11/04 11:36:57.618] (INFO) Device 0xdeb2 is online.
[2015/11/04 11:36:57.618] (INFO) Supervisor has entered WAITING state.
[2015/11/04 11:36:57.618] (INFO) Network heartbeat check: All OK.
[2015/11/04 11:36:57.618] (INFO) Rolling 7 log file(s)...
[2015/11/04 11:36:57.618] (INFO) User "xnh5281" logged out due to inactivity (timeout=30 minutes).
[2015/11/04 11:36:57.618] (ERROR) "/var/data/FuchR60558.parquet": No such file or directory (ENOENT)
[2015/11/04 11:36:57.618] (INFO) Checkpointing off-heap server memory...
[2015/11/04 11:36:57.618] (INFO) Supervisor has entered RUNNING state.
[2015/11/04 11:36:57.618] (INFO) Your mother called. She says you never call her.
[2015/11/04 11:36:57.618] (INFO) Rolling 6 log file(s)...
[2015/11/04 11:36:57.618] (INFO) Supervisor has entered RUNNING state.
[2015/11/04 11:36:57.618] (INFO) User "rxk9942" logged out due to inactivity (timeout=30 minutes).
[2015/11/04 11:36:57.618] (WARN) Ignoring SIGTERM. It's not that easy to get rid of me.
[2015/11/04 11:36:57.618] (INFO) Device 0x7308 is online.
[2015/11/04 11:36:57.618] (INFO) Supervisor has entered RESTARTING state.
[2015/11/04 11:36:57.618] (INFO) Device 0x7d75 is online.
[2015/11/04 11:36:57.618] (INFO) Network heartbeat check: All OK.
[2015/11/04 11:36:57.618] (INFO) Waiting for monitor process (PID 34734) to die.
[2015/11/04 11:36:57.618] (INFO) .evian ylbirret si emehcs otpyrc ym neht ,siht daer nac uoy fI
[2015/11/04 11:36:57.618] (INFO) User "egc8549" logged in from 10.106.52.215.
[2015/11/04 11:36:57.618] (INFO) .evian ylbirret si emehcs otpyrc ym neht ,siht daer nac uoy fI
[2015/11/04 11:36:57.618] (INFO) Network heartbeat check: All OK.
[2015/11/04 11:36:57.618] (INFO) Checked file systems for errors: All filesystems OK.
[2015/11/04 11:36:57.618] (INFO) Alien monitor (aliend): Detected no space aliens.
[2015/11/04 11:36:57.618] (INFO) Network heartbeat check: All OK.
[2015/11/04 11:36:57.618] (INFO) Supervisor has entered WAITING state.
[2015/11/04 11:36:57.618] (INFO) .evian ylbirret si emehcs otpyrc ym neht ,siht daer nac uoy fI
[2015/11/04 11:36:57.618] (INFO) Supervisor has entered RESTARTING state.
[2015/11/04 11:36:57.618] (ERROR) Blocked SSH traffic originating from 10.43.4.126.
[2015/11/04 11:36:57.618] (ERROR) Worker 7 died with SIGKILL. Restarting it.
[2015/11/04 11:36:57.618] (INFO) Checked file systems for errors: All filesystems OK.
[2015/11/04 11:36:57.618] (INFO) Device 0xb03b is online.
[2015/11/04 11:36:57.618] (INFO) .evian ylbirret si emehcs otpyrc ym neht ,siht daer nac uoy fI
[2015/11/04 11:36:57.618] (INFO) User "gcm7013" logged in from 192.168.19.154.
[2015/11/04 11:36:57.618] (INFO) Network heartbeat check: All OK.
[2015/11/04 11:36:57.619] (INFO) User "vsk1793" logged in from 172.16.240.169.
[2015/11/04 11:36:57.619] (INFO) Rolling 1 log file(s)...
[2015/11/04 11:36:57.619] (INFO) User "sgu8960" logged out due to inactivity (timeout=30 minutes).
[2015/11/04 11:36:57.619] (INFO) .evian ylbirret si emehcs otpyrc ym neht ,siht daer nac uoy fI
[2015/11/04 11:36:57.619] (INFO) Alien monitor (aliend): Detected no space aliens.
[2015/11/04 11:36:57.619] (INFO) Checked file systems for errors: All filesystems OK.
[2015/11/04 11:36:57.619] (WARN) Retrying server log checkpoint.
[2015/11/04 11:36:57.619] (INFO) Supervisor has entered SUSPENDED state.
[2015/11/04 11:36:57.619] (INFO) Network heartbeat check: All OK.
[2015/11/04 11:36:57.619] (WARN) Ignoring SIGTERM. It's not that easy to get rid of me.
[2015/11/04 11:36:57.619] (INFO) User "rpt7910" logged out due to inactivity (timeout=30 minutes).
[2015/11/04 11:36:57.619] (INFO) Sending SIGTERM to 3 excess workers.
[2015/11/04 11:36:57.619] (ERROR) Directory index of "/var/data" is forbidden.
[2015/11/04 11:36:57.619] (INFO) User "kma2763" logged out due to inactivity (timeout=30 minutes).
[2015/11/04 11:36:57.619] (ERROR) Server log backup FAILED. See backup logs.
[2015/11/04 11:36:57.619] (ERROR) Extra characters at end of line.
[2015/11/04 11:36:57.619] (INFO) Network heartbeat check: All OK.
[2015/11/04 11:36:57.619] (WARN) Backup server 10.153.85.170 is offline.
[2015/11/04 11:36:57.619] (INFO) Checked file systems for errors: All filesystems OK.
[2015/11/04 11:36:57.619] (INFO) Flushed 68 buffers to disk.
[2015/11/04 11:36:57.619] (INFO) Backed up all server logs.
[2015/11/04 11:36:57.619] (INFO) .evian ylbirret si emehcs otpyrc ym neht ,siht daer nac uoy fI
[2015/11/04 11:36:57.619] (WARN) Possible cyber-attack from a small unnamed island.
[2015/11/04 11:36:57.619] (INFO) Rolling 3 log file(s)...
[2015/11/04 11:36:57.619] (INFO) Checked file systems for errors: All filesystems OK.
[2015/11/04 11:36:57.619] (INFO) Your mother called. She says you never call her.
[2015/11/04 11:36:57.619] (INFO) Waiting for master process (PID 49169) to die.
[2015/11/04 11:36:57.619] (INFO) User "zsj8478" logged out due to inactivity (timeout=30 minutes).
[2015/11/04 11:36:57.619] (INFO) Rolling 6 log file(s)...
[2015/11/04 11:36:57.619] (INFO) User "ioj3346" logged in from 192.168.250.103.
[2015/11/04 11:36:57.619] (ERROR) Blocked Little Bobby Tables attack (https://xkcd.com/327/) from 10.187.144.128.
[2015/11/04 11:36:57.619] (INFO) Flushed 49 buffers to disk.
[2015/11/04 11:36:57.619] (INFO) Backed up all server logs.
[2015/11/04 11:36:57.619] (INFO) User "lmi6319" logged in from 172.16.242.183.
[2015/11/04 11:36:57.619] (INFO) Checked file systems for errors: All filesystems OK.
[2015/11/04 11:36:57.619] (INFO) Rolling 8 log file(s)...
[2015/11/04 11:36:57.619] (INFO) Rolling 6 log file(s)...
[2015/11/04 11:36:58.125] (INFO) Alien monitor (aliend): Detected no space aliens.
[2015/11/04 11:36:58.125] (INFO) User "lej2728" logged in from 172.16.230.215.
[2015/11/04 11:36:58.125] (INFO) User "yuk3593" logged out due to inactivity (timeout=30 minutes).
[2015/11/04 11:36:58.125] (INFO) Waiting for worker process (PID 21756) to die.
[2015/11/04 11:36:58.125] (INFO) Waiting for monitor process (PID 3806) to die.
[2015/11/04 11:36:58.125] (INFO) User "mxz3549" logged out.
[2015/11/04 11:36:58.125] (INFO) Rolling 9 log file(s)...
[2015/11/04 11:36:58.125] (ERROR) Unable to authenticate user "tzi8428": LDAP server isn't responding.
[2015/11/04 11:36:58.125] (INFO) User "xac4794" logged out.
[2015/11/04 11:36:58.125] (INFO) Checkpointing off-heap server memory...
[2015/11/04 11:36:58.125] (INFO) Pinging watchdog timer process: Process is alive.
[2015/11/04 11:36:58.125] (INFO) User "kif2121" logged out due to inactivity (timeout=30 minutes).
[2015/11/04 11:36:58.125] (ERROR) Failed to write checkpoint file "/var/checkpoint/HxgUn62562: No space left on device (ENOSPC)
[2015/11/04 11:36:58.125] (INFO) Device 0xbe5d is online.
[2015/11/04 11:36:58.125] (INFO) Rolling 1 log file(s)...
[2015/11/04 11:36:58.125] (WARN) Watchdog timer crashed. Restarting it.
[2015/11/04 11:36:58.125] (INFO) .evian ylbirret si emehcs otpyrc ym neht ,siht daer nac uoy fI
[2015/11/04 11:36:58.125] (INFO) Sending SIGTERM to 4 excess workers.
[2015/11/04 11:36:58.125] (INFO) Rolling 5 log file(s)...
[2015/11/04 11:36:58.125] (INFO) Network heartbeat check: All OK.
[2015/11/04 11:36:58.125] (INFO) User "joi5949" logged in from 192.168.24.91.
[2015/11/04 11:36:58.125] (INFO) Checked file systems for errors: All filesystems OK.
[2015/11/04 11:36:58.125] (INFO) Flushed 61 buffers to disk.
[2015/11/04 11:36:58.125] (INFO) Device 0x22c6 is online.
[2015/11/04 11:36:58.125] (INFO) User "ijd2566" logged in from 172.16.159.108.
[2015/11/04 11:36:58.125] (INFO) Waiting for master process (PID 50861) to die.
[2015/11/04 11:36:58.125] (INFO) Supervisor has entered RUNNING state.
[2015/11/04 11:36:58.125] (INFO) .evian ylbirret si emehcs otpyrc ym neht ,siht daer nac uoy fI
[2015/11/04 11:36:58.125] (INFO) User "ngt5396" logged in from 172.16.116.4.
[2015/11/04 11:36:58.125] (INFO) Device 0x8bf8 is online.
[2015/11/04 11:36:58.125] (INFO) Checkpointing off-heap server memory...
[2015/11/04 11:36:58.125] (WARN) Ignoring SIGTERM. It's not that easy to get rid of me.
[2015/11/04 11:36:58.125] (WARN) Dropped 11,291 corrupt data packets.
[2015/11/04 11:36:58.125] (WARN) CPU temperature exceeds 40º Celsius.
[2015/11/04 11:36:58.125] (INFO) Supervisor has entered RESTARTING state.
[2015/11/04 11:36:58.125] (INFO) User "ixf1719" logged in from 10.116.150.191.
[2015/11/04 11:36:58.125] (INFO) Checked file systems for errors: All filesystems OK.
[2015/11/04 11:36:58.125] (INFO) Checkpointing off-heap server memory...
[2015/11/04 11:36:58.125] (ERROR) Failed to open "/mnt/fileserver01/SveDY51129.xslx": NFS timeout.
[2015/11/04 11:36:58.125] (INFO) User "efx6295" logged out.
[2015/11/04 11:36:58.125] (INFO) Pinging watchdog timer process: Process is alive.
[2015/11/04 11:36:58.125] (INFO) Your mother called. She says you never call her.
[2015/11/04 11:36:58.125] (INFO) User "tnk4346" logged out due to inactivity (timeout=30 minutes).
[2015/11/04 11:36:58.125] (INFO) User "nvh4861" logged out.
[2015/11/04 11:36:58.126] (INFO) Rolling 7 log file(s)...
[2015/11/04 11:36:58.126] (INFO) Pinging watchdog timer process: Process is alive.
[2015/11/04 11:36:58.126] (INFO) Network heartbeat check: All OK.
[2015/11/04 11:36:58.126] (INFO) Pinging watchdog timer process: Process is alive.
[2015/11/04 11:36:58.126] (WARN) There is no such thing as a free lunch.
[2015/11/04 11:36:58.126] (INFO) .evian ylbirret si emehcs otpyrc ym neht ,siht daer nac uoy fI
[2015/11/04 11:36:58.126] (INFO) Supervisor has entered WAITING state.
[2015/11/04 11:36:58.126] (WARN) Retrying server log checkpoint.
[2015/11/04 11:36:58.126] (INFO) User "ebt5555" logged out due to inactivity (timeout=30 minutes).
[2015/11/04 11:36:58.126] (INFO) Device 0x8d0d is online.
[2015/11/04 11:36:58.126] (INFO) Alien monitor (aliend): Detected no space aliens.
[2015/11/04 11:36:58.126] (INFO) Pinging watchdog timer process: Process is alive.
[2015/11/04 11:36:58.126] (INFO) Network heartbeat check: All OK.
[2015/11/04 11:36:58.126] (WARN) Possible cyber-attack from China.
[2015/11/04 11:36:58.126] (INFO) User "vlv3921" logged in from 10.197.12.180.
[2015/11/04 11:36:58.126] (ERROR) /dev/lp error: "PC LOAD LETTER"
[2015/11/04 11:36:58.126] (INFO) Checkpointing off-heap server memory...
[2015/11/04 11:36:58.126] (ERROR) Blocked BitTorrent traffic originating from 192.168.139.139.
[2015/11/04 11:36:58.126] (INFO) Backed up all server logs.
[2015/11/04 11:36:58.126] (WARN) CPU temperature exceeds 40º Celsius.
[2015/11/04 11:36:58.126] (INFO) Flushed 71 buffers to disk.
[2015/11/04 11:36:58.126] (ERROR) "/var/data/IBwhq63583.parquet": No such file or directory (ENOENT)
[2015/11/04 11:36:58.126] (INFO) Supervisor has entered RUNNING state.
[2015/11/04 11:36:58.126] (ERROR) Directory index of "/var/data" is forbidden.
[2015/11/04 11:36:58.126] (INFO) Network heartbeat check: All OK.
[2015/11/04 11:36:58.126] (WARN) There is no such thing as a free lunch.
[2015/11/04 11:36:58.126] (WARN) Retrying server log checkpoint.
[2015/11/04 11:36:58.126] (INFO) Supervisor has entered RESTARTING state.
[2015/11/04 11:36:58.126] (INFO) Flushed 33 buffers to disk.
[2015/11/04 11:36:58.126] (INFO) Supervisor has entered RUNNING state.
[2015/11/04 11:36:58.126] (WARN) Possible cyber-attack from a small unnamed island.
[2015/11/04 11:36:58.126] (ERROR) Worker 3 died with SIGURG. Restarting it.
[2015/11/04 11:36:58.126] (INFO) Rolling 3 log file(s)...
[2015/11/04 11:36:58.126] (INFO) Flushed 36 buffers to disk.
[2015/11/04 11:36:58.126] (INFO) Device 0xf0bd is online.
[2015/11/04 11:36:58.126] (INFO) Waiting for supervisor process (PID 54273) to die.
[2015/11/04 11:36:58.126] (ERROR) Extra characters at end of line.
[2015/11/04 11:36:58.126] (INFO) Supervisor has entered WAITING state.
[2015/11/04 11:36:58.126] (INFO) Device 0xc508 is online.
[2015/11/04 11:36:58.126] (INFO) .evian ylbirret si emehcs otpyrc ym neht ,siht daer nac uoy fI
[2015/11/04 11:36:58.126] (WARN) Space on disk /dev/sdd3 is low: Only 361 MB available.
[2015/11/04 11:36:58.126] (ERROR) Failed to open "/mnt/fileserver02/oeDdk66361.parquet": NFS timeout.
[2015/11/04 11:36:58.126] (INFO) Network heartbeat check: All OK.
[2015/11/04 11:36:58.126] (WARN) Backup server 192.168.200.244 is offline.
[2015/11/04 11:36:58.126] (ERROR) Failed to open "/mnt/fileserver02/uVHUe68203.parquet": NFS timeout.
[2015/11/04 11:36:58.126] (INFO) Alien monitor (aliend): Detected no space aliens.
[2015/11/04 11:36:58.126] (INFO) Alien monitor (aliend): Detected no space aliens.
[2015/11/04 11:36:58.126] (ERROR) CPU temperature exceeds 50º Celsius. Shutting down.
[2015/11/04 11:36:58.126] (INFO) .evian ylbirret si emehcs otpyrc ym neht ,siht daer nac uoy fI
[2015/11/04 11:36:58.126] (INFO) Device 0xa74d is online.
[2015/11/04 11:36:58.126] (INFO) Waiting for worker process (PID 65123) to die.
[2015/11/04 11:36:58.126] (INFO) Alien monitor (aliend): Detected no space aliens.
[2015/11/04 11:36:58.126] (INFO) Pinging watchdog timer process: Process is alive.
[2015/11/04 11:36:58.126] (INFO) Network heartbeat check: All OK.
[2015/11/04 11:36:58.126] (WARN) Dropped 1,801 corrupt data packets.
[2015/11/04 11:36:58.126] (INFO) Sending SIGTERM to 2 excess workers.
[2015/11/04 11:36:58.615] (INFO) Device 0xe1a0 is online.
[2015/11/04 11:36:58.615] (INFO) Flushed 48 buffers to disk.
[2015/11/04 11:36:58.615] (INFO) User "gwq6111" logged out due to inactivity (timeout=30 minutes).
[2015/11/04 11:36:58.615] (ERROR) Directory index of "/var/data" is forbidden.
[2015/11/04 11:36:58.615] (INFO) Checkpointing off-heap server memory...
[2015/11/04 11:36:58.615] (INFO) Flushed 41 buffers to disk.
[2015/11/04 11:36:58.615] (INFO) .evian ylbirret si emehcs otpyrc ym neht ,siht daer nac uoy fI
[2015/11/04 11:36:58.615] (WARN) There is no such thing as a free lunch.
[2015/11/04 11:36:58.615] (WARN) CPU temperature exceeds 40º Celsius.
[2015/11/04 11:36:58.615] (WARN) Dropped 12,594 corrupt data packets.
[2015/11/04 11:36:58.615] (ERROR) Alien monitor (aliend): 2 space aliens are fiddling with the hardware!
[2015/11/04 11:36:58.615] (WARN) Master took 507 ms to respond (threshold=500 ms)
[2015/11/04 11:36:58.615] (INFO) Checkpointing off-heap server memory...
[2015/11/04 11:36:58.615] (INFO) Your mother called. She says you never call her.
[2015/11/04 11:36:58.615] (INFO) User "kts2756" logged in from 192.168.157.188.
[2015/11/04 11:36:58.615] (INFO) Rolling 8 log file(s)...
[2015/11/04 11:36:58.615] (INFO) User "hfq7119" logged in from 10.214.110.238.
[2015/11/04 11:36:58.615] (INFO) Pinging watchdog timer process: Process is alive.
[2015/11/04 11:36:58.615] (WARN) Space on disk /dev/sde3 is low: Only 686 MB available.
[2015/11/04 11:36:58.615] (INFO) Backed up all server logs.
[2015/11/04 11:36:58.615] (WARN) Backup server 192.168.38.202 is offline.
[2015/11/04 11:36:58.615] (INFO) Checked file systems for errors: All filesystems OK.
[2015/11/04 11:36:58.615] (INFO) Checked file systems for errors: All filesystems OK.
[2015/11/04 11:36:58.615] (INFO) Device 0x4d3b is online.
[2015/11/04 11:36:58.615] (WARN) Network heartbeat check: 15 server(s) did not respond.
[2015/11/04 11:36:58.615] (INFO) Checkpointing off-heap server memory...
[2015/11/04 11:36:58.615] (INFO) Waiting for supervisor process (PID 7491) to die.
[2015/11/04 11:36:58.616] (INFO) Pinging watchdog timer process: Process is alive.
[2015/11/04 11:36:58.616] (INFO) Pinging watchdog timer process: Process is alive.
[2015/11/04 11:36:58.616] (INFO) Flushed 44 buffers to disk.
[2015/11/04 11:36:58.616] (INFO) Network heartbeat check: All OK.
[2015/11/04 11:36:58.616] (INFO) Backed up all server logs.
[2015/11/04 11:36:58.616] (INFO) Rolling 1 log file(s)...
[2015/11/04 11:36:58.616] (INFO) Device 0xf29d is online.
[2015/11/04 11:36:58.616] (WARN) Ignoring SIGTERM. It's not that easy to get rid of me.
[2015/11/04 11:36:58.616] (INFO) Flushed 72 buffers to disk.
[2015/11/04 11:36:58.616] (WARN) Retrying server log checkpoint.
[2015/11/04 11:36:58.616] (INFO) Pinging watchdog timer process: Process is alive.
[2015/11/04 11:36:58.616] (INFO) Backed up all server logs.
[2015/11/04 11:36:58.616] (INFO) Sending SIGTERM to 3 excess workers.
[2015/11/04 11:36:58.616] (INFO) User "aec3121" logged in from 192.168.54.178.
[2015/11/04 11:36:58.616] (INFO) Your mother called. She says you never call her.
[2015/11/04 11:36:58.616] (INFO) Network heartbeat check: All OK.
[2015/11/04 11:36:58.616] (INFO) Your mother called. She says you never call her.
[2015/11/04 11:36:58.616] (INFO) Device 0xa133 is online.
[2015/11/04 11:36:58.616] (INFO) Network heartbeat check: All OK.
[2015/11/04 11:36:58.616] (INFO) .evian ylbirret si emehcs otpyrc ym neht ,siht daer nac uoy fI
[2015/11/04 11:36:58.616] (INFO) User "nkb5474" logged out due to inactivity (timeout=30 minutes).
[2015/11/04 11:36:58.616] (INFO) Supervisor has entered RESTARTING state.
[2015/11/04 11:36:58.616] (INFO) Backed up all server logs.
[2015/11/04 11:36:58.616] (WARN) Unable to ping worker at 192.168.129.71. Retrying.
[2015/11/04 11:36:58.616] (ERROR) Failed to write checkpoint file "/var/checkpoint/FFeEC55122: No space left on device (ENOSPC)
[2015/11/04 11:36:58.616] (INFO) User "yfd7863" logged in from 10.205.210.38.
[2015/11/04 11:36:58.616] (INFO) Waiting for monitor process (PID 9505) to die.
[2015/11/04 11:36:58.616] (INFO) User "pcl9440" logged out.
[2015/11/04 11:36:58.616] (INFO) Checkpointing off-heap server memory...
[2015/11/04 11:36:58.616] (INFO) Supervisor has entered WAITING state.
[2015/11/04 11:36:58.616] (ERROR) Network heartbeat check FAILED: Master host down?
[2015/11/04 11:36:58.616] (INFO) Device 0xec85 is online.
[2015/11/04 11:36:58.616] (INFO) Flushed 42 buffers to disk.
[2015/11/04 11:36:58.616] (INFO) Alien monitor (aliend): Detected no space aliens.
[2015/11/04 11:36:58.616] (INFO) Pinging watchdog timer process: Process is alive.
[2015/11/04 11:36:58.616] (INFO) Waiting for supervisor process (PID 11647) to die.
[2015/11/04 11:36:58.616] (INFO) Backed up all server logs.
[2015/11/04 11:36:58.616] (ERROR) Blocked nmap traffic originating from 172.16.73.134.
[2015/11/04 11:36:58.616] (INFO) Alien monitor (aliend): Detected no space aliens.
[2015/11/04 11:36:58.616] (INFO) Pinging watchdog timer process: Process is alive.
[2015/11/04 11:36:58.616] (INFO) Backed up all server logs.
[2015/11/04 11:36:58.616] (WARN) Network heartbeat check: 9 server(s) did not respond.
[2015/11/04 11:36:58.616] (INFO) Sending SIGTERM to 4 excess workers.
[2015/11/04 11:36:58.616] (INFO) Checked file systems for errors: All filesystems OK.
[2015/11/04 11:36:58.616] (INFO) Backed up all server logs.
[2015/11/04 11:36:58.616] (INFO) User "kws1813" logged out due to inactivity (timeout=30 minutes).
[2015/11/04 11:36:58.616] (INFO) Checkpointing off-heap server memory...
[2015/11/04 11:36:58.616] (INFO) Supervisor has entered WAITING state.
[2015/11/04 11:36:58.616] (INFO) Pinging watchdog timer process: Process is alive.
[2015/11/04 11:36:58.616] (WARN) Unable to ping worker at 172.16.243.228. Retrying.
[2015/11/04 11:36:58.616] (INFO) Your mother called. She says you never call her.
[2015/11/04 11:36:58.616] (INFO) User "isb4994" logged in from 10.172.200.100.
[2015/11/04 11:36:58.616] (INFO) Pinging watchdog timer process: Process is alive.
[2015/11/04 11:36:58.616] (INFO) Backed up all server logs.
[2015/11/04 11:36:58.616] (INFO) Rolling 2 log file(s)...
[2015/11/04 11:36:58.616] (INFO) Alien monitor (aliend): Detected no space aliens.
[2015/11/04 11:36:58.616] (INFO) Sending SIGTERM to 2 excess workers.
[2015/11/04 11:36:58.617] (WARN) Unable to ping monitor at 192.168.52.104. Retrying.
[2015/11/04 11:36:58.617] (INFO) Supervisor has entered WAITING state.
[2015/11/04 11:36:58.617] (INFO) Checkpointing off-heap server memory...
[2015/11/04 11:36:58.617] (INFO) User "kyz9660" logged out due to inactivity (timeout=30 minutes).
[2015/11/04 11:36:58.617] (INFO) .evian ylbirret si emehcs otpyrc ym neht ,siht daer nac uoy fI
[2015/11/04 11:36:58.617] (INFO) User "gch1407" logged out.
[2015/11/04 11:36:58.617] (INFO) Rolling 5 log file(s)...
[2015/11/04 11:36:58.617] (INFO) .evian ylbirret si emehcs otpyrc ym neht ,siht daer nac uoy fI
[2015/11/04 11:36:58.617] (WARN) Possible cyber-attack from Mars.
[2015/11/04 11:36:58.617] (INFO) Network heartbeat check: All OK.
[2015/11/04 11:36:58.617] (INFO) Device 0xf2d1 is online.
[2015/11/04 11:36:58.617] (ERROR) Extra characters at end of line.
[2015/11/04 11:36:58.617] (WARN) Retrying server log checkpoint.
[2015/11/04 11:36:58.617] (INFO) Backed up all server logs.
[2015/11/04 11:36:58.617] (INFO) User "noz5134" logged in from 172.16.237.111.
[2015/11/04 11:36:58.617] (INFO) Network heartbeat check: All OK.
[2015/11/04 11:36:59.114] (ERROR) Failed to write checkpoint file "/var/checkpoint/KjxEm78638: No space left on device (ENOSPC)
[2015/11/04 11:36:59.114] (INFO) User "djp3345" logged out.
[2015/11/04 11:36:59.114] (INFO) Alien monitor (aliend): Detected no space aliens.
[2015/11/04 11:36:59.114] (INFO) Alien monitor (aliend): Detected no space aliens.
[2015/11/04 11:36:59.115] (INFO) Backed up all server logs.
[2015/11/04 11:36:59.115] (INFO) .evian ylbirret si emehcs otpyrc ym neht ,siht daer nac uoy fI
[2015/11/04 11:36:59.115] (INFO) Device 0xdf59 is online.
[2015/11/04 11:36:59.115] (INFO) Your mother called. She says you never call her.
[2015/11/04 11:36:59.115] (INFO) Checkpointing off-heap server memory...
[2015/11/04 11:36:59.115] (INFO) Backed up all server logs.
[2015/11/04 11:36:59.115] (INFO) Rolling 3 log file(s)...
[2015/11/04 11:36:59.115] (INFO) .evian ylbirret si emehcs otpyrc ym neht ,siht daer nac uoy fI
[2015/11/04 11:36:59.115] (INFO) User "wtv4574" logged out.
[2015/11/04 11:36:59.115] (INFO) Your mother called. She says you never call her.
[2015/11/04 11:36:59.115] (INFO) .evian ylbirret si emehcs otpyrc ym neht ,siht daer nac uoy fI
[2015/11/04 11:36:59.115] (INFO) Supervisor has entered RUNNING state.
[2015/11/04 11:36:59.115] (INFO) .evian ylbirret si emehcs otpyrc ym neht ,siht daer nac uoy fI
[2015/11/04 11:36:59.115] (INFO) User "hdy8064" logged in from 172.16.247.50.
[2015/11/04 11:36:59.115] (INFO) Network heartbeat check: All OK.
[2015/11/04 11:36:59.115] (INFO) User "jys2348" logged out due to inactivity (timeout=30 minutes).
[2015/11/04 11:36:59.115] (INFO) Pinging watchdog timer process: Process is alive.
[2015/11/04 11:36:59.115] (INFO) Backed up all server logs.
[2015/11/04 11:36:59.115] (INFO) Pinging watchdog timer process: Process is alive.
[2015/11/04 11:36:59.115] (INFO) .evian ylbirret si emehcs otpyrc ym neht ,siht daer nac uoy fI
[2015/11/04 11:36:59.115] (WARN) Space on disk /dev/sdd4 is low: Only 397 MB available.
[2015/11/04 11:36:59.115] (INFO) Sending SIGTERM to 4 excess workers.
[2015/11/04 11:36:59.115] (INFO) Rolling 7 log file(s)...
[2015/11/04 11:36:59.115] (INFO) Network heartbeat check: All OK.
[2015/11/04 11:36:59.115] (INFO) Sending SIGTERM to 4 excess workers.
[2015/11/04 11:36:59.115] (INFO) Waiting for master process (PID 21407) to die.
[2015/11/04 11:36:59.115] (INFO) User "dwm2821" logged in from 192.168.143.242.
[2015/11/04 11:36:59.115] (INFO) Backed up all server logs.
[2015/11/04 11:36:59.115] (INFO) Pinging watchdog timer process: Process is alive.
[2015/11/04 11:36:59.115] (INFO) Network heartbeat check: All OK.
[2015/11/04 11:36:59.115] (INFO) Checkpointing off-heap server memory...
[2015/11/04 11:36:59.115] (INFO) Alien monitor (aliend): Detected no space aliens.
[2015/11/04 11:36:59.115] (INFO) Supervisor has entered RUNNING state.
[2015/11/04 11:36:59.115] (INFO) User "bfg4243" logged out due to inactivity (timeout=30 minutes).
[2015/11/04 11:36:59.115] (ERROR) EFOODFAIL (Waiter, there's a fly in my soup).
[2015/11/04 11:36:59.115] (WARN) Ignoring SIGTERM. It's not that easy to get rid of me.
[2015/11/04 11:36:59.115] (INFO) Backed up all server logs.
[2015/11/04 11:36:59.115] (INFO) User "rde1163" logged out due to inactivity (timeout=30 minutes).
[2015/11/04 11:36:59.115] (INFO) Sending SIGTERM to 4 excess workers.
[2015/11/04 11:36:59.115] (INFO) Sending SIGTERM to 2 excess workers.
[2015/11/04 11:36:59.115] (INFO) .evian ylbirret si emehcs otpyrc ym neht ,siht daer nac uoy fI
[2015/11/04 11:36:59.115] (INFO) Supervisor has entered RESTARTING state.
[2015/11/04 11:36:59.115] (INFO) Checked file systems for errors: All filesystems OK.
[2015/11/04 11:36:59.115] (INFO) Pinging watchdog timer process: Process is alive.
[2015/11/04 11:36:59.115] (ERROR) Failed to write checkpoint file "/var/checkpoint/CmZSx83591: No space left on device (ENOSPC)
[2015/11/04 11:36:59.115] (INFO) Flushed 64 buffers to disk.
[2015/11/04 11:36:59.115] (INFO) Network heartbeat check: All OK.
[2015/11/04 11:36:59.115] (WARN) Space on disk /dev/sdf3 is low: Only 229 MB available.
[2015/11/04 11:36:59.115] (INFO) Sending SIGTERM to 3 excess workers.
[2015/11/04 11:36:59.115] (ERROR) "/var/data/bubzI50146.txt": No such file or directory (ENOENT)
[2015/11/04 11:36:59.115] (INFO) Checked file systems for errors: All filesystems OK.
[2015/11/04 11:36:59.115] (INFO) Flushed 78 buffers to disk.
[2015/11/04 11:36:59.115] (INFO) Network heartbeat check: All OK.
[2015/11/04 11:36:59.115] (INFO) Waiting for worker process (PID 350) to die.
[2015/11/04 11:36:59.115] (INFO) Waiting for supervisor process (PID 23385) to die.
[2015/11/04 11:36:59.115] (INFO) Sending SIGTERM to 3 excess workers.
[2015/11/04 11:36:59.115] (INFO) Network heartbeat check: All OK.
[2015/11/04 11:36:59.115] (INFO) Network heartbeat check: All OK.
[2015/11/04 11:36:59.115] (INFO) Checkpointing off-heap server memory...
[2015/11/04 11:36:59.115] (INFO) Pinging watchdog timer process: Process is alive.
[2015/11/04 11:36:59.115] (INFO) Backed up all server logs.
[2015/11/04 11:36:59.116] (INFO) Network heartbeat check: All OK.
[2015/11/04 11:36:59.116] (INFO) User "cgu8171" logged out due to inactivity (timeout=30 minutes).
[2015/11/04 11:36:59.116] (INFO) Checked file systems for errors: All filesystems OK.
[2015/11/04 11:36:59.116] (INFO) User "isv1321" logged out.
[2015/11/04 11:36:59.116] (INFO) User "izf4578" logged in from 172.16.116.19.
[2015/11/04 11:36:59.116] (INFO) User "xzq3160" logged out due to inactivity (timeout=30 minutes).
[2015/11/04 11:36:59.116] (INFO) Network heartbeat check: All OK.
[2015/11/04 11:36:59.116] (INFO) Network heartbeat check: All OK.
[2015/11/04 11:36:59.116] (INFO) Checkpointing off-heap server memory...
[2015/11/04 11:36:59.116] (INFO) Pinging watchdog timer process: Process is alive.
[2015/11/04 11:36:59.116] (INFO) Network heartbeat check: All OK.
[2015/11/04 11:36:59.116] (INFO) User "euj5626" logged out.
[2015/11/04 11:36:59.116] (INFO) Device 0x0339 is online.
[2015/11/04 11:36:59.116] (INFO) Rolling 3 log file(s)...
[2015/11/04 11:36:59.116] (INFO) Pinging watchdog timer process: Process is alive.
[2015/11/04 11:36:59.116] (INFO) Checked file systems for errors: All filesystems OK.
[2015/11/04 11:36:59.116] (INFO) .evian ylbirret si emehcs otpyrc ym neht ,siht daer nac uoy fI
[2015/11/04 11:36:59.116] (INFO) Checked file systems for errors: All filesystems OK.
[2015/11/04 11:36:59.116] (INFO) Device 0x18cc is online.
[2015/11/04 11:36:59.116] (INFO) Checkpointing off-heap server memory...
[2015/11/04 11:36:59.116] (INFO) Supervisor has entered RESTARTING state.
[2015/11/04 11:36:59.116] (INFO) User "oib5230" logged out.
[2015/11/04 11:36:59.116] (INFO) User "fqe4198" logged in from 10.148.111.175.
[2015/11/04 11:36:59.116] (ERROR) Worker 6 died with SIGQUIT. Restarting it.
[2015/11/04 11:36:59.116] (ERROR) EFOODFAIL (Waiter, there's a fly in my soup).
[2015/11/04 11:36:59.116] (ERROR) CPU temperature exceeds 50º Celsius. Shutting down.
[2015/11/04 11:36:59.116] (INFO) Supervisor has entered RESTARTING state.
[2015/11/04 11:36:59.116] (INFO) Flushed 67 buffers to disk.
[2015/11/04 11:36:59.116] (INFO) .evian ylbirret si emehcs otpyrc ym neht ,siht daer nac uoy fI
[2015/11/04 11:36:59.116] (INFO) Alien monitor (aliend): Detected no space aliens.
[2015/11/04 11:36:59.116] (INFO) Device 0xaa64 is online.
[2015/11/04 11:36:59.116] (INFO) .evian ylbirret si emehcs otpyrc ym neht ,siht daer nac uoy fI
[2015/11/04 11:36:59.116] (INFO) Pinging watchdog timer process: Process is alive.
[2015/11/04 11:36:59.116] (INFO) Rolling 7 log file(s)...
[2015/11/04 11:36:59.116] (ERROR) /dev/lp error: "PC LOAD LETTER"
[2015/11/04 11:36:59.617] (INFO) Rolling 1 log file(s)...
[2015/11/04 11:36:59.617] (WARN) Backup server 10.66.84.38 is offline.
[2015/11/04 11:36:59.617] (INFO) Pinging watchdog timer process: Process is alive.
[2015/11/04 11:36:59.617] (INFO) User "bjd5433" logged out.
[2015/11/04 11:36:59.617] (INFO) Sending SIGTERM to 4 excess workers.
[2015/11/04 11:36:59.618] (INFO) User "yei3213" logged out due to inactivity (timeout=30 minutes).
[2015/11/04 11:36:59.618] (INFO) Alien monitor (aliend): Detected no space aliens.
[2015/11/04 11:36:59.618] (INFO) Checked file systems for errors: All filesystems OK.
[2015/11/04 11:36:59.618] (ERROR) One of the flayrods has gone out askew on treadle.
[2015/11/04 11:36:59.618] (ERROR) "/var/data/GrxzA77445.tsv": Permission denied (EACCES)
[2015/11/04 11:36:59.618] (ERROR) Failed to open "/mnt/fileserver01/cztGL60348.tsv": NFS timeout.
[2015/11/04 11:36:59.618] (WARN) Backup server 172.16.112.189 is offline.
[2015/11/04 11:36:59.618] (WARN) CPU temperature exceeds 40º Celsius.
[2015/11/04 11:36:59.618] (INFO) Network heartbeat check: All OK.
[2015/11/04 11:36:59.618] (ERROR) EFOODFAIL (Waiter, there's a fly in my soup).
[2015/11/04 11:36:59.618] (INFO) Supervisor has entered RUNNING state.
[2015/11/04 11:36:59.618] (INFO) .evian ylbirret si emehcs otpyrc ym neht ,siht daer nac uoy fI
[2015/11/04 11:36:59.618] (WARN) There is no such thing as a free lunch.
[2015/11/04 11:36:59.618] (WARN) Master took 737 ms to respond (threshold=500 ms)
[2015/11/04 11:36:59.618] (INFO) Waiting for master process (PID 52336) to die.
[2015/11/04 11:36:59.618] (INFO) Supervisor has entered RESTARTING state.
[2015/11/04 11:36:59.618] (INFO) Device 0x98c5 is online.
[2015/11/04 11:36:59.618] (INFO) User "suu3027" logged out.
[2015/11/04 11:36:59.618] (INFO) Network heartbeat check: All OK.
[2015/11/04 11:36:59.618] (INFO) Supervisor has entered RUNNING state.
[2015/11/04 11:36:59.618] (INFO) Your mother called. She says you never call her.
[2015/11/04 11:36:59.618] (INFO) Checkpointing off-heap server memory...
[2015/11/04 11:36:59.618] (ERROR) Failed to write checkpoint file "/var/checkpoint/qBneR75248: No space left on device (ENOSPC)
[2015/11/04 11:36:59.618] (INFO) User "vdb7309" logged out.
[2015/11/04 11:36:59.618] (INFO) Backed up all server logs.
[2015/11/04 11:36:59.618] (INFO) Your mother called. She says you never call her.
[2015/11/04 11:36:59.618] (WARN) Space on disk /dev/sdd3 is low: Only 146 MB available.
[2015/11/04 11:36:59.618] (ERROR) Worker 8 died with SIGSEGV. Restarting it.
[2015/11/04 11:36:59.618] (ERROR) Device 0xc818 is offline
[2015/11/04 11:36:59.618] (INFO) Backed up all server logs.
[2015/11/04 11:36:59.618] (INFO) Your mother called. She says you never call her.
[2015/11/04 11:36:59.618] (ERROR) Alien monitor (aliend): 2 space aliens are fiddling with the hardware!
[2015/11/04 11:36:59.618] (INFO) .evian ylbirret si emehcs otpyrc ym neht ,siht daer nac uoy fI
[2015/11/04 11:36:59.618] (INFO) User "clo7279" logged in from 192.168.246.179.
[2015/11/04 11:36:59.618] (INFO) Device 0x88b4 is online.
[2015/11/04 11:36:59.618] (INFO) Device 0x6b10 is online.
[2015/11/04 11:36:59.618] (ERROR) "/var/data/PEjMM98358.xslx": No such file or directory (ENOENT)
[2015/11/04 11:36:59.618] (ERROR) Extra characters at end of line.
[2015/11/04 11:36:59.618] (INFO) .evian ylbirret si emehcs otpyrc ym neht ,siht daer nac uoy fI
[2015/11/04 11:36:59.618] (INFO) Backed up all server logs.
[2015/11/04 11:36:59.618] (INFO) Pinging watchdog timer process: Process is alive.
[2015/11/04 11:36:59.618] (INFO) Rolling 4 log file(s)...
[2015/11/04 11:36:59.618] (INFO) User "dil3177" logged out.
[2015/11/04 11:36:59.618] (WARN) Dropped 12,056 corrupt data packets.
[2015/11/04 11:36:59.618] (INFO) Network heartbeat check: All OK.
[2015/11/04 11:36:59.618] (WARN) Retrying server log checkpoint.
[2015/11/04 11:36:59.618] (ERROR) Detected incoming DDoS from 192.168.245.178.
[2015/11/04 11:36:59.618] (INFO) Device 0x0b05 is online.
[2015/11/04 11:36:59.618] (WARN) Unable to ping supervisor at 172.16.250.204. Retrying.
[2015/11/04 11:36:59.618] (INFO) Waiting for monitor process (PID 11821) to die.
[2015/11/04 11:36:59.618] (INFO) Checkpointing off-heap server memory...
[2015/11/04 11:36:59.618] (INFO) Checkpointing off-heap server memory...
[2015/11/04 11:36:59.618] (INFO) User "smb3808" logged out.
[2015/11/04 11:36:59.618] (INFO) Pinging watchdog timer process: Process is alive.
[2015/11/04 11:36:59.618] (INFO) Sending SIGTERM to 2 excess workers.
[2015/11/04 11:36:59.618] (INFO) Your mother called. She says you never call her.
[2015/11/04 11:36:59.618] (INFO) Device 0xb84b is online.
[2015/11/04 11:36:59.618] (INFO) Rolling 9 log file(s)...
[2015/11/04 11:36:59.618] (INFO) Checkpointing off-heap server memory...
[2015/11/04 11:36:59.618] (INFO) Rolling 5 log file(s)...
[2015/11/04 11:36:59.618] (WARN) There is no such thing as a free lunch.
[2015/11/04 11:36:59.619] (INFO) Rolling 4 log file(s)...
[2015/11/04 11:36:59.619] (INFO) Waiting for worker process (PID 51771) to die.
[2015/11/04 11:36:59.619] (INFO) Backed up all server logs.
[2015/11/04 11:36:59.619] (INFO) User "qrt5025" logged out due to inactivity (timeout=30 minutes).
[2015/11/04 11:36:59.619] (INFO) User "wgl8877" logged out.
[2015/11/04 11:36:59.619] (INFO) User "mdd9584" logged out due to inactivity (timeout=30 minutes).
[2015/11/04 11:36:59.619] (INFO) Network heartbeat check: All OK.
[2015/11/04 11:36:59.619] (INFO) Waiting for worker process (PID 51706) to die.
[2015/11/04 11:36:59.619] (INFO) Flushed 97 buffers to disk.
[2015/11/04 11:36:59.619] (INFO) .evian ylbirret si emehcs otpyrc ym neht ,siht daer nac uoy fI
[2015/11/04 11:36:59.619] (INFO) Device 0x00c7 is online.
[2015/11/04 11:36:59.619] (WARN) There is no such thing as a free lunch.
[2015/11/04 11:36:59.619] (ERROR) Detected clock skew! Restarting NTP server.
[2015/11/04 11:36:59.619] (INFO) User "dhg9348" logged out.
[2015/11/04 11:36:59.619] (WARN) Ignoring SIGTERM. It's not that easy to get rid of me.
[2015/11/04 11:36:59.619] (INFO) User "tfd6251" logged out due to inactivity (timeout=30 minutes).
[2015/11/04 11:36:59.619] (WARN) Dropped 26 corrupt data packets.
[2015/11/04 11:36:59.619] (INFO) Flushed 54 buffers to disk.
[2015/11/04 11:36:59.619] (WARN) Backup server 192.168.187.57 is offline.
[2015/11/04 11:36:59.619] (INFO) .evian ylbirret si emehcs otpyrc ym neht ,siht daer nac uoy fI
[2015/11/04 11:36:59.619] (ERROR) Server log backup FAILED. See backup logs.
[2015/11/04 11:36:59.619] (INFO) Supervisor has entered SUSPENDED state.
[2015/11/04 11:36:59.619] (INFO) Rolling 9 log file(s)...
[2015/11/04 11:36:59.619] (INFO) Alien monitor (aliend): Detected no space aliens.
[2015/11/04 11:36:59.619] (WARN) Possible cyber-attack from Alpha Centauri.
[2015/11/04 11:36:59.619] (INFO) Rolling 3 log file(s)...
[2015/11/04 11:36:59.619] (INFO) .evian ylbirret si emehcs otpyrc ym neht ,siht daer nac uoy fI
[2015/11/04 11:36:59.619] (INFO) User "yza7371" logged out.
[2015/11/04 11:36:59.619] (ERROR) Failed to open "/mnt/fileserver02/wVzUF65774.tar.gz": NFS timeout.
[2015/11/04 11:36:59.619] (INFO) User "djo2116" logged out.
[2015/11/04 11:36:59.619] (INFO) User "okd2044" logged in from 10.53.167.189.
[2015/11/04 11:36:59.619] (ERROR) Server log backup FAILED. See backup logs.
[2015/11/04 11:36:59.619] (INFO) Sending SIGTERM to 2 excess workers.
[2015/11/04 11:36:59.619] (INFO) Flushed 51 buffers to disk.
[2015/11/04 11:37:00.117] (INFO) Pinging watchdog timer process: Process is alive.
[2015/11/04 11:37:00.117] (INFO) User "ltq7601" logged out.
[2015/11/04 11:37:00.117] (INFO) .evian ylbirret si emehcs otpyrc ym neht ,siht daer nac uoy fI
[2015/11/04 11:37:00.117] (INFO) Flushed 72 buffers to disk.
[2015/11/04 11:37:00.117] (WARN) Unable to ping monitor at 172.16.246.213. Retrying.
[2015/11/04 11:37:00.117] (WARN) Unable to ping worker at 172.16.243.65. Retrying.
[2015/11/04 11:37:00.117] (WARN) There is no such thing as a free lunch.
[2015/11/04 11:37:00.117] (INFO) Network heartbeat check: All OK.
[2015/11/04 11:37:00.117] (INFO) Rolling 6 log file(s)...
[2015/11/04 11:37:00.117] (INFO) Rolling 2 log file(s)...
[2015/11/04 11:37:00.117] (ERROR) Alien monitor (aliend): 3 space aliens are fiddling with the hardware!
[2015/11/04 11:37:00.117] (INFO) Sending SIGTERM to 2 excess workers.
[2015/11/04 11:37:00.117] (INFO) User "xzg8350" logged out.
[2015/11/04 11:37:00.117] (INFO) User "uci5521" logged out.
[2015/11/04 11:37:00.117] (INFO) Device 0x5ecc is online.
[2015/11/04 11:37:00.117] (INFO) Checkpointing off-heap server memory...
[2015/11/04 11:37:00.117] (INFO) User "fmj8442" logged out due to inactivity (timeout=30 minutes).
[2015/11/04 11:37:00.117] (ERROR) Failed to write checkpoint file "/var/checkpoint/CQihg80817: No space left on device (ENOSPC)
[2015/11/04 11:37:00.117] (INFO) .evian ylbirret si emehcs otpyrc ym neht ,siht daer nac uoy fI
[2015/11/04 11:37:00.117] (ERROR) EFOODFAIL (Waiter, there's a fly in my soup).
[2015/11/04 11:37:00.117] (INFO) User "csc7130" logged out due to inactivity (timeout=30 minutes).
[2015/11/04 11:37:00.117] (INFO) Your mother called. She says you never call her.
[2015/11/04 11:37:00.117] (INFO) Device 0x67f6 is online.
[2015/11/04 11:37:00.117] (INFO) Supervisor has entered RESTARTING state.
[2015/11/04 11:37:00.117] (WARN) Dropped 14,764 corrupt data packets.
[2015/11/04 11:37:00.117] (INFO) Flushed 95 buffers to disk.
[2015/11/04 11:37:00.117] (INFO) Your mother called. She says you never call her.
[2015/11/04 11:37:00.117] (INFO) Device 0x0894 is online.
[2015/11/04 11:37:00.117] (INFO) User "jti3286" logged out due to inactivity (timeout=30 minutes).
[2015/11/04 11:37:00.117] (INFO) Supervisor has entered WAITING state.
[2015/11/04 11:37:00.117] (INFO) Network heartbeat check: All OK.
[2015/11/04 11:37:00.117] (INFO) Waiting for monitor process (PID 8616) to die.
[2015/11/04 11:37:00.117] (INFO) Alien monitor (aliend): Detected no space aliens.
[2015/11/04 11:37:00.118] (INFO) Checkpointing off-heap server memory...
[2015/11/04 11:37:00.118] (INFO) .evian ylbirret si emehcs otpyrc ym neht ,siht daer nac uoy fI
[2015/11/04 11:37:00.118] (ERROR) Unable to write to "/var/data/dBfjf78901.tar.gz": Permission denied (EACCES)
[2015/11/04 11:37:00.118] (INFO) User "zmx1887" logged out.
[2015/11/04 11:37:00.118] (INFO) User "hhw9324" logged out.
[2015/11/04 11:37:00.118] (INFO) Checkpointing off-heap server memory...
[2015/11/04 11:37:00.118] (INFO) Flushed 53 buffers to disk.
[2015/11/04 11:37:00.118] (INFO) Waiting for supervisor process (PID 23435) to die.
[2015/11/04 11:37:00.118] (ERROR) Unable to mount /dev/sda3. (Time to run fsck?)
[2015/11/04 11:37:00.118] (INFO) Supervisor has entered WAITING state.
[2015/11/04 11:37:00.118] (INFO) Waiting for monitor process (PID 38227) to die.
[2015/11/04 11:37:00.118] (WARN) Ignoring SIGTERM. It's not that easy to get rid of me.
[2015/11/04 11:37:00.118] (WARN) Dropped 8,737 corrupt data packets.
[2015/11/04 11:37:00.118] (INFO) Backed up all server logs.
[2015/11/04 11:37:00.118] (INFO) .evian ylbirret si emehcs otpyrc ym neht ,siht daer nac uoy fI
[2015/11/04 11:37:00.118] (INFO) Supervisor has entered WAITING state.
[2015/11/04 11:37:00.118] (INFO) User "spm7273" logged out due to inactivity (timeout=30 minutes).
[2015/11/04 11:37:00.118] (INFO) Waiting for worker process (PID 23529) to die.
[2015/11/04 11:37:00.118] (INFO) Checked file systems for errors: All filesystems OK.
[2015/11/04 11:37:00.118] (INFO) Supervisor has entered WAITING state.
[2015/11/04 11:37:00.118] (INFO) Pinging watchdog timer process: Process is alive.
[2015/11/04 11:37:00.118] (INFO) Device 0x50e5 is online.
[2015/11/04 11:37:00.118] (INFO) Sending SIGTERM to 4 excess workers.
[2015/11/04 11:37:00.118] (INFO) Checked file systems for errors: All filesystems OK.
[2015/11/04 11:37:00.118] (INFO) Waiting for master process (PID 4081) to die.
[2015/11/04 11:37:00.118] (INFO) Waiting for monitor process (PID 5412) to die.
[2015/11/04 11:37:00.118] (INFO) Your mother called. She says you never call her.
[2015/11/04 11:37:00.118] (INFO) Backed up all server logs.
[2015/11/04 11:37:00.118] (INFO) User "bep4896" logged out due to inactivity (timeout=30 minutes).
[2015/11/04 11:37:00.118] (INFO) Your mother called. She says you never call her.
[2015/11/04 11:37:00.118] (WARN) CPU temperature exceeds 40º Celsius.
[2015/11/04 11:37:00.118] (INFO) .evian ylbirret si emehcs otpyrc ym neht ,siht daer nac uoy fI
[2015/11/04 11:37:00.118] (INFO) Your mother called. She says you never call her.
[2015/11/04 11:37:00.118] (ERROR) Alien monitor (aliend): 2 space aliens are fiddling with the hardware!
[2015/11/04 11:37:00.118] (INFO) .evian ylbirret si emehcs otpyrc ym neht ,siht daer nac uoy fI
[2015/11/04 11:37:00.118] (WARN) CPU temperature exceeds 40º Celsius.
[2015/11/04 11:37:00.118] (INFO) User "pao4889" logged in from 192.168.245.245.
[2015/11/04 11:37:00.118] (INFO) Checked file systems for errors: All filesystems OK.
[2015/11/04 11:37:00.118] (ERROR) User "xcy3729" failed to log in 3 times. Disabling account.
[2015/11/04 11:37:00.118] (INFO) .evian ylbirret si emehcs otpyrc ym neht ,siht daer nac uoy fI
[2015/11/04 11:37:00.118] (INFO) .evian ylbirret si emehcs otpyrc ym neht ,siht daer nac uoy fI
[2015/11/04 11:37:00.118] (INFO) User "tev6123" logged in from 172.16.38.125.
[2015/11/04 11:37:00.118] (ERROR) One of the flayrods has gone out askew on treadle.
[2015/11/04 11:37:00.118] (INFO) Backed up all server logs.
[2015/11/04 11:37:00.118] (WARN) There is no such thing as a free lunch.
[2015/11/04 11:37:00.118] (WARN) Master took 580 ms to respond (threshold=500 ms)
[2015/11/04 11:37:00.118] (INFO) Pinging watchdog timer process: Process is alive.
[2015/11/04 11:37:00.118] (INFO) Flushed 21 buffers to disk.
[2015/11/04 11:37:00.118] (INFO) User "gjm1667" logged in from 10.60.7.175.
[2015/11/04 11:37:00.118] (INFO) Flushed 31 buffers to disk.
[2015/11/04 11:37:00.118] (INFO) Pinging watchdog timer process: Process is alive.
[2015/11/04 11:37:00.118] (INFO) Network heartbeat check: All OK.
[2015/11/04 11:37:00.118] (INFO) Alien monitor (aliend): Detected no space aliens.
[2015/11/04 11:37:00.118] (WARN) Retrying server log checkpoint.
[2015/11/04 11:37:00.118] (WARN) Ignoring SIGTERM. It's not that easy to get rid of me.
[2015/11/04 11:37:00.118] (INFO) Rolling 5 log file(s)...
[2015/11/04 11:37:00.118] (ERROR) Blocked nmap traffic originating from 192.168.187.89.
[2015/11/04 11:37:00.118] (WARN) Space on disk /dev/sdc3 is low: Only 219 MB available.
[2015/11/04 11:37:00.118] (INFO) Rolling 7 log file(s)...
[2015/11/04 11:37:00.118] (INFO) Pinging watchdog timer process: Process is alive.
[2015/11/04 11:37:00.118] (WARN) CPU temperature exceeds 40º Celsius.
[2015/11/04 11:37:00.118] (INFO) Checked file systems for errors: All filesystems OK.
[2015/11/04 11:37:00.118] (INFO) User "dqw5297" logged out due to inactivity (timeout=30 minutes).
[2015/11/04 11:37:00.119] (INFO) Network heartbeat check: All OK.
[2015/11/04 11:37:00.119] (ERROR) Connection to 10.97.232.246 terminated unexpectedly. Reconnecting.
[2015/11/04 11:37:00.119] (INFO) Checkpointing off-heap server memory...
[2015/11/04 11:37:00.119] (INFO) Alien monitor (aliend): Detected no space aliens.
[2015/11/04 11:37:00.614] (ERROR) Connection to 10.229.149.65 terminated unexpectedly. Reconnecting.
[2015/11/04 11:37:00.614] (INFO) Your mother called. She says you never call her.
[2015/11/04 11:37:00.614] (INFO) Waiting for worker process (PID 42430) to die.
[2015/11/04 11:37:00.614] (WARN) Master took 924 ms to respond (threshold=500 ms)
[2015/11/04 11:37:00.614] (INFO) Checked file systems for errors: All filesystems OK.
[2015/11/04 11:37:00.614] (INFO) Your mother called. She says you never call her.
[2015/11/04 11:37:00.614] (INFO) Checked file systems for errors: All filesystems OK.
[2015/11/04 11:37:00.614] (INFO) Network heartbeat check: All OK.
[2015/11/04 11:37:00.614] (INFO) Network heartbeat check: All OK.
[2015/11/04 11:37:00.614] (INFO) Waiting for master process (PID 33929) to die.
[2015/11/04 11:37:00.614] (INFO) Pinging watchdog timer process: Process is alive.
[2015/11/04 11:37:00.614] (WARN) Watchdog timer crashed. Restarting it.
[2015/11/04 11:37:00.614] (INFO) Your mother called. She says you never call her.
[2015/11/04 11:37:00.614] (INFO) Supervisor has entered RESTARTING state.
[2015/11/04 11:37:00.614] (WARN) There is no such thing as a free lunch.
[2015/11/04 11:37:00.614] (INFO) Your mother called. She says you never call her.
[2015/11/04 11:37:00.614] (INFO) Checkpointing off-heap server memory...
[2015/11/04 11:37:00.614] (INFO) Backed up all server logs.
[2015/11/04 11:37:00.614] (INFO) Supervisor has entered RUNNING state.
[2015/11/04 11:37:00.614] (INFO) User "hyn4551" logged out.
[2015/11/04 11:37:00.614] (INFO) User "tew6338" logged in from 10.246.51.218.
[2015/11/04 11:37:00.614] (INFO) Checkpointing off-heap server memory...
[2015/11/04 11:37:00.614] (INFO) Checkpointing off-heap server memory...
[2015/11/04 11:37:00.614] (INFO) Checked file systems for errors: All filesystems OK.
[2015/11/04 11:37:00.614] (WARN) Backup server 172.16.199.227 is offline.
[2015/11/04 11:37:00.614] (INFO) User "myx7597" logged out due to inactivity (timeout=30 minutes).
[2015/11/04 11:37:00.614] (INFO) Network heartbeat check: All OK.
[2015/11/04 11:37:00.614] (INFO) .evian ylbirret si emehcs otpyrc ym neht ,siht daer nac uoy fI
[2015/11/04 11:37:00.614] (INFO) Rolling 9 log file(s)...
[2015/11/04 11:37:00.614] (INFO) Flushed 39 buffers to disk.
[2015/11/04 11:37:00.614] (INFO) .evian ylbirret si emehcs otpyrc ym neht ,siht daer nac uoy fI
[2015/11/04 11:37:00.614] (ERROR) Alien monitor (aliend): 3 space aliens are fiddling with the hardware!
[2015/11/04 11:37:00.614] (INFO) Alien monitor (aliend): Detected no space aliens.
[2015/11/04 11:37:00.615] (INFO) Alien monitor (aliend): Detected no space aliens.
[2015/11/04 11:37:00.615] (INFO) Your mother called. She says you never call her.
[2015/11/04 11:37:00.615] (INFO) Backed up all server logs.
[2015/11/04 11:37:00.615] (ERROR) Unable to mount /dev/sda3. (Time to run fsck?)
[2015/11/04 11:37:00.615] (WARN) Possible cyber-attack from Mars.
[2015/11/04 11:37:00.615] (INFO) Your mother called. She says you never call her.
[2015/11/04 11:37:00.615] (INFO) Supervisor has entered RESTARTING state.
[2015/11/04 11:37:00.615] (INFO) User "qfh8156" logged out due to inactivity (timeout=30 minutes).
[2015/11/04 11:37:00.615] (ERROR) Failed to write checkpoint file "/var/checkpoint/EAjym87787: No space left on device (ENOSPC)
[2015/11/04 11:37:00.615] (INFO) Sending SIGTERM to 2 excess workers.
[2015/11/04 11:37:00.615] (INFO) Supervisor has entered SUSPENDED state.
[2015/11/04 11:37:00.615] (INFO) Network heartbeat check: All OK.
[2015/11/04 11:37:00.615] (INFO) Checked file systems for errors: All filesystems OK.
[2015/11/04 11:37:00.615] (INFO) Checked file systems for errors: All filesystems OK.
[2015/11/04 11:37:00.615] (INFO) Flushed 68 buffers to disk.
[2015/11/04 11:37:00.615] (INFO) Pinging watchdog timer process: Process is alive.
[2015/11/04 11:37:00.615] (INFO) Rolling 4 log file(s)...
[2015/11/04 11:37:00.615] (INFO) Sending SIGTERM to 2 excess workers.
[2015/11/04 11:37:00.615] (INFO) Checkpointing off-heap server memory...
[2015/11/04 11:37:00.615] (INFO) Supervisor has entered WAITING state.
[2015/11/04 11:37:00.615] (INFO) .evian ylbirret si emehcs otpyrc ym neht ,siht daer nac uoy fI
[2015/11/04 11:37:00.615] (INFO) Alien monitor (aliend): Detected no space aliens.
[2015/11/04 11:37:00.615] (INFO) User "ker4147" logged out due to inactivity (timeout=30 minutes).
[2015/11/04 11:37:00.615] (INFO) Checked file systems for errors: All filesystems OK.
[2015/11/04 11:37:00.615] (INFO) User "nsx5266" logged in from 192.168.47.221.
[2015/11/04 11:37:00.615] (INFO) Pinging watchdog timer process: Process is alive.
[2015/11/04 11:37:00.615] (INFO) User "wrq3508" logged out.
[2015/11/04 11:37:00.615] (INFO) Your mother called. She says you never call her.
[2015/11/04 11:37:00.615] (INFO) Network heartbeat check: All OK.
[2015/11/04 11:37:00.615] (WARN) Possible cyber-attack from Mars.
[2015/11/04 11:37:00.615] (WARN) There is no such thing as a free lunch.
[2015/11/04 11:37:00.615] (WARN) Network heartbeat check: 15 server(s) did not respond.
[2015/11/04 11:37:00.615] (ERROR) Network heartbeat check FAILED: Master host down?
[2015/11/04 11:37:00.615] (INFO) Your mother called. She says you never call her.
[2015/11/04 11:37:00.615] (INFO) Supervisor has entered RESTARTING state.
[2015/11/04 11:37:00.615] (ERROR) CPU temperature exceeds 50º Celsius. Shutting down.
[2015/11/04 11:37:00.615] (INFO) Checked file systems for errors: All filesystems OK.
[2015/11/04 11:37:00.615] (ERROR) Alien monitor (aliend): 4 space aliens are fiddling with the hardware!
[2015/11/04 11:37:00.615] (INFO) Supervisor has entered RESTARTING state.
[2015/11/04 11:37:00.615] (INFO) .evian ylbirret si emehcs otpyrc ym neht ,siht daer nac uoy fI
[2015/11/04 11:37:00.615] (INFO) Sending SIGTERM to 4 excess workers.
[2015/11/04 11:37:00.615] (INFO) Pinging watchdog timer process: Process is alive.
[2015/11/04 11:37:00.615] (INFO) Supervisor has entered WAITING state.
[2015/11/04 11:37:00.615] (INFO) .evian ylbirret si emehcs otpyrc ym neht ,siht daer nac uoy fI
[2015/11/04 11:37:00.615] (WARN) Network heartbeat check: 2 server(s) did not respond.
[2015/11/04 11:37:00.615] (INFO) Your mother called. She says you never call her.
[2015/11/04 11:37:00.615] (INFO) Rolling 7 log file(s)...
[2015/11/04 11:37:00.615] (INFO) Waiting for master process (PID 47352) to die.
[2015/11/04 11:37:00.615] (INFO) Pinging watchdog timer process: Process is alive.
[2015/11/04 11:37:00.615] (INFO) Flushed 90 buffers to disk.
[2015/11/04 11:37:00.615] (INFO) Backed up all server logs.
[2015/11/04 11:37:00.615] (INFO) Flushed 51 buffers to disk.
[2015/11/04 11:37:00.615] (INFO) Device 0xc348 is online.
[2015/11/04 11:37:00.615] (INFO) Your mother called. She says you never call her.
[2015/11/04 11:37:00.615] (INFO) Your mother called. She says you never call her.
[2015/11/04 11:37:00.615] (INFO) Flushed 51 buffers to disk.
[2015/11/04 11:37:00.615] (INFO) Backed up all server logs.
[2015/11/04 11:37:00.615] (INFO) .evian ylbirret si emehcs otpyrc ym neht ,siht daer nac uoy fI
[2015/11/04 11:37:00.616] (INFO) Rolling 6 log file(s)...
[2015/11/04 11:37:00.616] (WARN) Watchdog timer crashed. Restarting it.
[2015/11/04 11:37:00.616] (INFO) Alien monitor (aliend): Detected no space aliens.
[2015/11/04 11:37:00.616] (INFO) Checked file systems for errors: All filesystems OK.
[2015/11/04 11:37:00.616] (INFO) Supervisor has entered WAITING state.
[2015/11/04 11:37:00.616] (INFO) Waiting for supervisor process (PID 1095) to die.
[2015/11/04 11:37:00.616] (INFO) Your mother called. She says you never call her.
[2015/11/04 11:37:00.616] (INFO) Supervisor has entered WAITING state.
[2015/11/04 11:37:00.616] (INFO) .evian ylbirret si emehcs otpyrc ym neht ,siht daer nac uoy fI
[2015/11/04 11:37:01.114] (INFO) Pinging watchdog timer process: Process is alive.
[2015/11/04 11:37:01.114] (INFO) Network heartbeat check: All OK.
[2015/11/04 11:37:01.114] (INFO) Your mother called. She says you never call her.
[2015/11/04 11:37:01.114] (ERROR) Detected incoming DDoS from 172.16.148.1.
[2015/11/04 11:37:01.114] (INFO) Checked file systems for errors: All filesystems OK.
[2015/11/04 11:37:01.114] (INFO) Alien monitor (aliend): Detected no space aliens.
[2015/11/04 11:37:01.114] (INFO) Backed up all server logs.
[2015/11/04 11:37:01.114] (INFO) Sending SIGTERM to 2 excess workers.
[2015/11/04 11:37:01.114] (INFO) .evian ylbirret si emehcs otpyrc ym neht ,siht daer nac uoy fI
[2015/11/04 11:37:01.114] (INFO) Your mother called. She says you never call her.
[2015/11/04 11:37:01.114] (ERROR) Unable to authenticate user "qjc9626": LDAP server isn't responding.
[2015/11/04 11:37:01.114] (INFO) User "cho4372" logged out.
[2015/11/04 11:37:01.114] (INFO) User "ibm3743" logged in from 10.46.96.83.
[2015/11/04 11:37:01.114] (INFO) Flushed 56 buffers to disk.
[2015/11/04 11:37:01.114] (INFO) Backed up all server logs.
[2015/11/04 11:37:01.114] (INFO) .evian ylbirret si emehcs otpyrc ym neht ,siht daer nac uoy fI
[2015/11/04 11:37:01.114] (ERROR) Detected clock skew! Restarting NTP server.
[2015/11/04 11:37:01.114] (INFO) Backed up all server logs.
[2015/11/04 11:37:01.114] (INFO) Backed up all server logs.
[2015/11/04 11:37:01.114] (INFO) Network heartbeat check: All OK.
[2015/11/04 11:37:01.114] (INFO) Network heartbeat check: All OK.
[2015/11/04 11:37:01.114] (INFO) .evian ylbirret si emehcs otpyrc ym neht ,siht daer nac uoy fI
[2015/11/04 11:37:01.114] (INFO) Sending SIGTERM to 3 excess workers.
[2015/11/04 11:37:01.114] (INFO) Network heartbeat check: All OK.
[2015/11/04 11:37:01.114] (INFO) Backed up all server logs.
[2015/11/04 11:37:01.114] (INFO) Checkpointing off-heap server memory...
[2015/11/04 11:37:01.114] (INFO) Waiting for supervisor process (PID 3161) to die.
[2015/11/04 11:37:01.114] (INFO) Checkpointing off-heap server memory...
[2015/11/04 11:37:01.114] (WARN) CPU temperature exceeds 40º Celsius.
[2015/11/04 11:37:01.114] (INFO) Your mother called. She says you never call her.
[2015/11/04 11:37:01.114] (INFO) Sending SIGTERM to 4 excess workers.
[2015/11/04 11:37:01.114] (INFO) User "fmt5008" logged out.
[2015/11/04 11:37:01.114] (INFO) Waiting for supervisor process (PID 49909) to die.
[2015/11/04 11:37:01.114] (INFO) Checkpointing off-heap server memory...
[2015/11/04 11:37:01.114] (INFO) Rolling 5 log file(s)...
[2015/11/04 11:37:01.114] (INFO) User "oqb6939" logged in from 172.16.251.11.
[2015/11/04 11:37:01.114] (INFO) .evian ylbirret si emehcs otpyrc ym neht ,siht daer nac uoy fI
[2015/11/04 11:37:01.114] (INFO) Network heartbeat check: All OK.
[2015/11/04 11:37:01.114] (INFO) Sending SIGTERM to 3 excess workers.
[2015/11/04 11:37:01.114] (WARN) CPU temperature exceeds 40º Celsius.
[2015/11/04 11:37:01.114] (INFO) Rolling 8 log file(s)...
[2015/11/04 11:37:01.114] (INFO) Supervisor has entered RUNNING state.
[2015/11/04 11:37:01.114] (INFO) .evian ylbirret si emehcs otpyrc ym neht ,siht daer nac uoy fI
[2015/11/04 11:37:01.114] (INFO) Backed up all server logs.
[2015/11/04 11:37:01.114] (INFO) User "pdn5715" logged out due to inactivity (timeout=30 minutes).
[2015/11/04 11:37:01.114] (INFO) Device 0x73bf is online.
[2015/11/04 11:37:01.114] (ERROR) Failed to write checkpoint file "/var/checkpoint/bzLvm58152: No space left on device (ENOSPC)
[2015/11/04 11:37:01.114] (WARN) There is no such thing as a free lunch.
[2015/11/04 11:37:01.114] (INFO) Alien monitor (aliend): Detected no space aliens.
[2015/11/04 11:37:01.114] (INFO) Backed up all server logs.
[2015/11/04 11:37:01.114] (INFO) Pinging watchdog timer process: Process is alive.
[2015/11/04 11:37:01.114] (INFO) User "rug1319" logged in from 10.170.83.43.
[2015/11/04 11:37:01.114] (INFO) .evian ylbirret si emehcs otpyrc ym neht ,siht daer nac uoy fI
[2015/11/04 11:37:01.114] (INFO) Flushed 81 buffers to disk.
[2015/11/04 11:37:01.114] (INFO) User "qxp8773" logged out due to inactivity (timeout=30 minutes).
[2015/11/04 11:37:01.114] (INFO) Your mother called. She says you never call her.
[2015/11/04 11:37:01.114] (INFO) Backed up all server logs.
[2015/11/04 11:37:01.114] (INFO) Device 0xa174 is online.
[2015/11/04 11:37:01.114] (INFO) Pinging watchdog timer process: Process is alive.
[2015/11/04 11:37:01.114] (INFO) .evian ylbirret si emehcs otpyrc ym neht ,siht daer nac uoy fI
[2015/11/04 11:37:01.114] (INFO) Network heartbeat check: All OK.
[2015/11/04 11:37:01.114] (INFO) .evian ylbirret si emehcs otpyrc ym neht ,siht daer nac uoy fI
[2015/11/04 11:37:01.115] (INFO) Alien monitor (aliend): Detected no space aliens.
[2015/11/04 11:37:01.115] (WARN) Master took 582 ms to respond (threshold=500 ms)
[2015/11/04 11:37:01.115] (INFO) User "wte3953" logged out.
[2015/11/04 11:37:01.115] (INFO) User "jpo6341" logged out.
[2015/11/04 11:37:01.115] (INFO) Supervisor has entered WAITING state.
[2015/11/04 11:37:01.115] (INFO) User "ghl4759" logged in from 172.16.11.75.
[2015/11/04 11:37:01.115] (ERROR) Worker 5 died with SIGILL. Restarting it.
[2015/11/04 11:37:01.115] (INFO) Your mother called. She says you never call her.
[2015/11/04 11:37:01.115] (ERROR) Extra characters at end of line.
[2015/11/04 11:37:01.115] (INFO) Sending SIGTERM to 2 excess workers.
[2015/11/04 11:37:01.115] (INFO) Rolling 3 log file(s)...
[2015/11/04 11:37:01.115] (WARN) Retrying server log checkpoint.
[2015/11/04 11:37:01.115] (INFO) User "vhx2789" logged out due to inactivity (timeout=30 minutes).
[2015/11/04 11:37:01.115] (ERROR) User "nlp6225" failed to log in 3 times. Disabling account.
[2015/11/04 11:37:01.115] (INFO) Sending SIGTERM to 2 excess workers.
[2015/11/04 11:37:01.115] (WARN) Unable to ping monitor at 10.97.64.203. Retrying.
[2015/11/04 11:37:01.115] (INFO) Your mother called. She says you never call her.
[2015/11/04 11:37:01.115] (WARN) Watchdog timer crashed. Restarting it.
[2015/11/04 11:37:01.115] (INFO) Device 0x1465 is online.
[2015/11/04 11:37:01.115] (WARN) Master took 504 ms to respond (threshold=500 ms)
[2015/11/04 11:37:01.115] (INFO) Checked file systems for errors: All filesystems OK.
[2015/11/04 11:37:01.115] (INFO) Waiting for master process (PID 38319) to die.
[2015/11/04 11:37:01.115] (INFO) Network heartbeat check: All OK.
[2015/11/04 11:37:01.115] (ERROR) Detected clock skew! Restarting NTP server.
[2015/11/04 11:37:01.115] (INFO) Backed up all server logs.
[2015/11/04 11:37:01.115] (ERROR) Failed to open "/mnt/fileserver01/OyKLt88881.parquet": NFS timeout.
[2015/11/04 11:37:01.115] (INFO) Checked file systems for errors: All filesystems OK.
[2015/11/04 11:37:01.115] (INFO) Pinging watchdog timer process: Process is alive.
[2015/11/04 11:37:01.115] (INFO) Backed up all server logs.
[2015/11/04 11:37:01.115] (INFO) Waiting for monitor process (PID 47218) to die.
[2015/11/04 11:37:01.115] (INFO) Waiting for master process (PID 30560) to die.
[2015/11/04 11:37:01.115] (INFO) Alien monitor (aliend): Detected no space aliens.
[2015/11/04 11:37:01.115] (INFO) User "yfz6265" logged out.
[2015/11/04 11:37:01.115] (INFO) Your mother called. She says you never call her.
[2015/11/04 11:37:01.115] (ERROR) Directory index of "/var/data" is forbidden.
[2015/11/04 11:37:01.115] (INFO) Alien monitor (aliend): Detected no space aliens.
[2015/11/04 11:37:01.115] (INFO) .evian ylbirret si emehcs otpyrc ym neht ,siht daer nac uoy fI
[2015/11/04 11:37:01.115] (INFO) Network heartbeat check: All OK.
[2015/11/04 11:37:01.614] (INFO) .evian ylbirret si emehcs otpyrc ym neht ,siht daer nac uoy fI
[2015/11/04 11:37:01.614] (INFO) Backed up all server logs.
[2015/11/04 11:37:01.614] (INFO) Device 0xa312 is online.
[2015/11/04 11:37:01.614] (INFO) Pinging watchdog timer process: Process is alive.
[2015/11/04 11:37:01.614] (INFO) Flushed 72 buffers to disk.
[2015/11/04 11:37:01.614] (INFO) Checked file systems for errors: All filesystems OK.
[2015/11/04 11:37:01.614] (INFO) Flushed 24 buffers to disk.
[2015/11/04 11:37:01.614] (WARN) CPU temperature exceeds 40º Celsius.
[2015/11/04 11:37:01.614] (ERROR) Detected clock skew! Restarting NTP server.
[2015/11/04 11:37:01.614] (INFO) User "lrc7903" logged out.
[2015/11/04 11:37:01.614] (INFO) Your mother called. She says you never call her.
[2015/11/04 11:37:01.614] (INFO) Your mother called. She says you never call her.
[2015/11/04 11:37:01.614] (WARN) Network heartbeat check: 15 server(s) did not respond.
[2015/11/04 11:37:01.614] (INFO) .evian ylbirret si emehcs otpyrc ym neht ,siht daer nac uoy fI
[2015/11/04 11:37:01.614] (INFO) Sending SIGTERM to 3 excess workers.
[2015/11/04 11:37:01.614] (INFO) Pinging watchdog timer process: Process is alive.
[2015/11/04 11:37:01.614] (INFO) User "sga5974" logged in from 192.168.211.173.
[2015/11/04 11:37:01.614] (INFO) Checkpointing off-heap server memory...
[2015/11/04 11:37:01.614] (INFO) Waiting for monitor process (PID 47640) to die.
[2015/11/04 11:37:01.614] (ERROR) Server log backup FAILED. See backup logs.
[2015/11/04 11:37:01.614] (ERROR) Detected clock skew! Restarting NTP server.
[2015/11/04 11:37:01.614] (INFO) Backed up all server logs.
[2015/11/04 11:37:01.614] (INFO) User "pma4741" logged out.
[2015/11/04 11:37:01.614] (INFO) Checked file systems for errors: All filesystems OK.
[2015/11/04 11:37:01.614] (INFO) Supervisor has entered WAITING state.
[2015/11/04 11:37:01.614] (INFO) Pinging watchdog timer process: Process is alive.
[2015/11/04 11:37:01.614] (INFO) Flushed 68 buffers to disk.
[2015/11/04 11:37:01.614] (INFO) Checked file systems for errors: All filesystems OK.
[2015/11/04 11:37:01.614] (ERROR) Extra characters at end of line.
[2015/11/04 11:37:01.614] (WARN) There is no such thing as a free lunch.
[2015/11/04 11:37:01.614] (INFO) Alien monitor (aliend): Detected no space aliens.
[2015/11/04 11:37:01.614] (INFO) Checked file systems for errors: All filesystems OK.
[2015/11/04 11:37:01.615] (ERROR) Directory index of "/var/data" is forbidden.
[2015/11/04 11:37:01.615] (INFO) Rolling 6 log file(s)...
[2015/11/04 11:37:01.615] (INFO) Your mother called. She says you never call her.
[2015/11/04 11:37:01.615] (WARN) Retrying server log checkpoint.
[2015/11/04 11:37:01.615] (INFO) Flushed 35 buffers to disk.
[2015/11/04 11:37:01.615] (INFO) Backed up all server logs.
[2015/11/04 11:37:01.615] (INFO) User "afl2336" logged out due to inactivity (timeout=30 minutes).
[2015/11/04 11:37:01.615] (ERROR) EFOODFAIL (Waiter, there's a fly in my soup).
[2015/11/04 11:37:01.615] (INFO) Network heartbeat check: All OK.
[2015/11/04 11:37:01.615] (INFO) Your mother called. She says you never call her.
[2015/11/04 11:37:01.615] (WARN) Master took 876 ms to respond (threshold=500 ms)
[2015/11/04 11:37:01.615] (INFO) Sending SIGTERM to 4 excess workers.
[2015/11/04 11:37:01.615] (WARN) Space on disk /dev/sdf2 is low: Only 563 MB available.
[2015/11/04 11:37:01.615] (INFO) Alien monitor (aliend): Detected no space aliens.
[2015/11/04 11:37:01.615] (INFO) Sending SIGTERM to 3 excess workers.
[2015/11/04 11:37:01.615] (INFO) User "tfa8326" logged in from 172.16.245.119.
[2015/11/04 11:37:01.615] (ERROR) Extra characters at end of line.
[2015/11/04 11:37:01.615] (INFO) .evian ylbirret si emehcs otpyrc ym neht ,siht daer nac uoy fI
[2015/11/04 11:37:01.615] (INFO) User "vyl8578" logged out.
[2015/11/04 11:37:01.615] (INFO) Pinging watchdog timer process: Process is alive.
[2015/11/04 11:37:01.615] (INFO) Network heartbeat check: All OK.
[2015/11/04 11:37:01.615] (INFO) Waiting for worker process (PID 29637) to die.
[2015/11/04 11:37:01.615] (INFO) Backed up all server logs.
[2015/11/04 11:37:01.615] (INFO) Your mother called. She says you never call her.
[2015/11/04 11:37:01.615] (INFO) Device 0xfcc0 is online.
[2015/11/04 11:37:01.615] (INFO) Sending SIGTERM to 2 excess workers.
[2015/11/04 11:37:01.615] (INFO) User "aty6295" logged out due to inactivity (timeout=30 minutes).
[2015/11/04 11:37:01.615] (INFO) Alien monitor (aliend): Detected no space aliens.
[2015/11/04 11:37:01.615] (INFO) User "hua5253" logged in from 172.16.11.244.
[2015/11/04 11:37:01.615] (INFO) Pinging watchdog timer process: Process is alive.
[2015/11/04 11:37:01.615] (INFO) .evian ylbirret si emehcs otpyrc ym neht ,siht daer nac uoy fI
[2015/11/04 11:37:01.615] (INFO) Rolling 4 log file(s)...
[2015/11/04 11:37:01.615] (INFO) User "xec2367" logged out due to inactivity (timeout=30 minutes).
[2015/11/04 11:37:01.615] (INFO) User "pir9844" logged in from 10.97.17.21.
[2015/11/04 11:37:01.615] (INFO) Checked file systems for errors: All filesystems OK.
[2015/11/04 11:37:01.615] (WARN) Possible cyber-attack from Antarctica.
[2015/11/04 11:37:01.615] (INFO) User "aaa8573" logged out due to inactivity (timeout=30 minutes).
[2015/11/04 11:37:01.615] (ERROR) Unable to write to "/var/data/VyjsK51005.xslx": Permission denied (EACCES)
[2015/11/04 11:37:01.615] (ERROR) Server log backup FAILED. See backup logs.
[2015/11/04 11:37:01.615] (INFO) Backed up all server logs.
[2015/11/04 11:37:01.615] (INFO) Supervisor has entered RESTARTING state.
[2015/11/04 11:37:01.615] (INFO) Rolling 7 log file(s)...
[2015/11/04 11:37:01.615] (INFO) .evian ylbirret si emehcs otpyrc ym neht ,siht daer nac uoy fI
[2015/11/04 11:37:01.615] (INFO) Backed up all server logs.
[2015/11/04 11:37:01.615] (INFO) Checked file systems for errors: All filesystems OK.
[2015/11/04 11:37:01.615] (INFO) Alien monitor (aliend): Detected no space aliens.
[2015/11/04 11:37:01.615] (INFO) User "wrp2048" logged out due to inactivity (timeout=30 minutes).
[2015/11/04 11:37:01.615] (INFO) Device 0x77d1 is online.
[2015/11/04 11:37:01.615] (INFO) User "xhz3033" logged out due to inactivity (timeout=30 minutes).
[2015/11/04 11:37:01.615] (INFO) Checkpointing off-heap server memory...
[2015/11/04 11:37:01.615] (INFO) User "uso1521" logged out.
[2015/11/04 11:37:01.615] (ERROR) Connection to 192.168.115.167 terminated unexpectedly. Reconnecting.
[2015/11/04 11:37:01.615] (INFO) Backed up all server logs.
[2015/11/04 11:37:01.615] (ERROR) "/var/data/ReswF63756.csv": No such file or directory (ENOENT)
[2015/11/04 11:37:01.615] (INFO) User "gex5158" logged in from 192.168.159.253.
[2015/11/04 11:37:01.615] (INFO) Rolling 9 log file(s)...
[2015/11/04 11:37:01.615] (INFO) Device 0xc4e2 is online.
[2015/11/04 11:37:01.615] (WARN) Retrying server log checkpoint.
[2015/11/04 11:37:01.615] (INFO) User "ssw7080" logged out.
[2015/11/04 11:37:01.615] (ERROR) /dev/lp error: "PC LOAD LETTER"
[2015/11/04 11:37:01.615] (INFO) Rolling 4 log file(s)...
[2015/11/04 11:37:01.615] (INFO) Checkpointing off-heap server memory...
[2015/11/04 11:37:01.615] (INFO) Sending SIGTERM to 2 excess workers.
[2015/11/04 11:37:01.615] (INFO) Device 0x8b10 is online.
[2015/11/04 11:37:01.615] (INFO) Rolling 5 log file(s)...
[2015/11/04 11:37:01.615] (INFO) Rolling 4 log file(s)...
[2015/11/04 11:37:01.615] (WARN) Space on disk /dev/sda4 is low: Only 454 MB available.
[2015/11/04 11:37:01.615] (INFO) Pinging watchdog timer process: Process is alive.
[2015/11/04 11:37:02.114] (INFO) Network heartbeat check: All OK.
[2015/11/04 11:37:02.115] (INFO) Network heartbeat check: All OK.
[2015/11/04 11:37:02.115] (INFO) Network heartbeat check: All OK.
[2015/11/04 11:37:02.115] (INFO) Supervisor has entered RUNNING state.
[2015/11/04 11:37:02.115] (ERROR) Blocked FTP traffic originating from 10.230.139.150.
[2015/11/04 11:37:02.115] (WARN) Space on disk /dev/sde4 is low: Only 482 MB available.
[2015/11/04 11:37:02.115] (INFO) Flushed 88 buffers to disk.
[2015/11/04 11:37:02.115] (INFO) Network heartbeat check: All OK.
[2015/11/04 11:37:02.115] (INFO) Supervisor has entered WAITING state.
[2015/11/04 11:37:02.115] (INFO) Your mother called. She says you never call her.
[2015/11/04 11:37:02.115] (INFO) Supervisor has entered WAITING state.
[2015/11/04 11:37:02.115] (INFO) Checkpointing off-heap server memory...
[2015/11/04 11:37:02.115] (INFO) Supervisor has entered RUNNING state.
[2015/11/04 11:37:02.115] (INFO) Supervisor has entered RESTARTING state.
[2015/11/04 11:37:02.115] (INFO) Supervisor has entered SUSPENDED state.
[2015/11/04 11:37:02.115] (INFO) Network heartbeat check: All OK.
[2015/11/04 11:37:02.115] (INFO) User "kpn1863" logged out due to inactivity (timeout=30 minutes).
[2015/11/04 11:37:02.115] (INFO) Device 0x48d4 is online.
[2015/11/04 11:37:02.115] (WARN) Ignoring SIGTERM. It's not that easy to get rid of me.
[2015/11/04 11:37:02.115] (WARN) There is no such thing as a free lunch.
[2015/11/04 11:37:02.115] (INFO) Backed up all server logs.
[2015/11/04 11:37:02.115] (ERROR) EFOODFAIL (Waiter, there's a fly in my soup).
[2015/11/04 11:37:02.115] (INFO) .evian ylbirret si emehcs otpyrc ym neht ,siht daer nac uoy fI
[2015/11/04 11:37:02.115] (INFO) Your mother called. She says you never call her.
[2015/11/04 11:37:02.115] (INFO) User "fyz1664" logged out due to inactivity (timeout=30 minutes).
[2015/11/04 11:37:02.115] (ERROR) Unable to write to "/var/data/TkFmB92989.tsv": Permission denied (EACCES)
[2015/11/04 11:37:02.115] (WARN) Master took 928 ms to respond (threshold=500 ms)
[2015/11/04 11:37:02.115] (INFO) Checkpointing off-heap server memory...
[2015/11/04 11:37:02.115] (WARN) Space on disk /dev/sda4 is low: Only 354 MB available.
[2015/11/04 11:37:02.115] (WARN) There is no such thing as a free lunch.
[2015/11/04 11:37:02.115] (INFO) Checked file systems for errors: All filesystems OK.
[2015/11/04 11:37:02.115] (INFO) User "zqt4414" logged out.
[2015/11/04 11:37:02.115] (INFO) Supervisor has entered WAITING state.
[2015/11/04 11:37:02.115] (INFO) Backed up all server logs.
[2015/11/04 11:37:02.115] (INFO) User "gep2459" logged in from 10.107.37.95.
[2015/11/04 11:37:02.115] (INFO) Rolling 9 log file(s)...
[2015/11/04 11:37:02.115] (WARN) Network heartbeat check: 15 server(s) did not respond.
[2015/11/04 11:37:02.115] (ERROR) User "meo6602" failed to log in 3 times. Disabling account.
[2015/11/04 11:37:02.115] (INFO) .evian ylbirret si emehcs otpyrc ym neht ,siht daer nac uoy fI
[2015/11/04 11:37:02.115] (INFO) Alien monitor (aliend): Detected no space aliens.
[2015/11/04 11:37:02.115] (INFO) Supervisor has entered WAITING state.
[2015/11/04 11:37:02.115] (INFO) Alien monitor (aliend): Detected no space aliens.
[2015/11/04 11:37:02.115] (INFO) Rolling 3 log file(s)...
[2015/11/04 11:37:02.115] (INFO) Alien monitor (aliend): Detected no space aliens.
[2015/11/04 11:37:02.115] (INFO) Pinging watchdog timer process: Process is alive.
[2015/11/04 11:37:02.115] (INFO) Alien monitor (aliend): Detected no space aliens.
[2015/11/04 11:37:02.115] (ERROR) Failed to open "/mnt/fileserver01/wLYIk50192.txt": NFS timeout.
[2015/11/04 11:37:02.115] (INFO) Waiting for supervisor process (PID 15037) to die.
[2015/11/04 11:37:02.115] (WARN) Backup server 192.168.82.112 is offline.
[2015/11/04 11:37:02.115] (WARN) There is no such thing as a free lunch.
[2015/11/04 11:37:02.115] (INFO) Pinging watchdog timer process: Process is alive.
[2015/11/04 11:37:02.115] (WARN) There is no such thing as a free lunch.
[2015/11/04 11:37:02.115] (INFO) Your mother called. She says you never call her.
[2015/11/04 11:37:02.115] (INFO) Supervisor has entered WAITING state.
[2015/11/04 11:37:02.115] (INFO) Sending SIGTERM to 4 excess workers.
[2015/11/04 11:37:02.115] (WARN) Retrying server log checkpoint.
[2015/11/04 11:37:02.115] (ERROR) Failed to open "/mnt/fileserver02/hDIrw99254.tsv": NFS timeout.
[2015/11/04 11:37:02.115] (INFO) User "rjl9175" logged out due to inactivity (timeout=30 minutes).
[2015/11/04 11:37:02.115] (INFO) Device 0x5a44 is online.
[2015/11/04 11:37:02.115] (INFO) User "ahl2718" logged out due to inactivity (timeout=30 minutes).
[2015/11/04 11:37:02.115] (INFO) Waiting for supervisor process (PID 44150) to die.
[2015/11/04 11:37:02.115] (INFO) Checked file systems for errors: All filesystems OK.
[2015/11/04 11:37:02.115] (INFO) .evian ylbirret si emehcs otpyrc ym neht ,siht daer nac uoy fI
[2015/11/04 11:37:02.115] (INFO) Flushed 45 buffers to disk.
[2015/11/04 11:37:02.115] (INFO) User "fsi2004" logged out due to inactivity (timeout=30 minutes).
[2015/11/04 11:37:02.115] (INFO) Checked file systems for errors: All filesystems OK.
[2015/11/04 11:37:02.115] (INFO) User "xvc6277" logged in from 192.168.70.6.
[2015/11/04 11:37:02.115] (INFO) Waiting for master process (PID 16643) to die.
[2015/11/04 11:37:02.115] (INFO) User "uqs1070" logged out due to inactivity (timeout=30 minutes).
[2015/11/04 11:37:02.115] (INFO) Sending SIGTERM to 2 excess workers.
[2015/11/04 11:37:02.115] (INFO) Your mother called. She says you never call her.
[2015/11/04 11:37:02.115] (INFO) Checked file systems for errors: All filesystems OK.
[2015/11/04 11:37:02.115] (INFO) Supervisor has entered SUSPENDED state.
[2015/11/04 11:37:02.115] (INFO) Rolling 9 log file(s)...
[2015/11/04 11:37:02.115] (WARN) Network heartbeat check: 15 server(s) did not respond.
[2015/11/04 11:37:02.115] (ERROR) Device 0x9955 is offline
[2015/11/04 11:37:02.115] (WARN) Backup server 172.16.90.33 is offline.
[2015/11/04 11:37:02.115] (INFO) Sending SIGTERM to 2 excess workers.
[2015/11/04 11:37:02.115] (INFO) User "qks7614" logged out.
[2015/11/04 11:37:02.115] (INFO) Alien monitor (aliend): Detected no space aliens.
[2015/11/04 11:37:02.115] (ERROR) Directory index of "/var/data" is forbidden.
[2015/11/04 11:37:02.115] (INFO) Your mother called. She says you never call her.
[2015/11/04 11:37:02.115] (ERROR) Alien monitor (aliend): 2 space aliens are fiddling with the hardware!
[2015/11/04 11:37:02.115] (INFO) Sending SIGTERM to 3 excess workers.
[2015/11/04 11:37:02.115] (INFO) Your mother called. She says you never call her.
[2015/11/04 11:37:02.115] (INFO) User "oyx5268" logged out due to inactivity (timeout=30 minutes).
[2015/11/04 11:37:02.115] (INFO) User "vvn6446" logged in from 10.22.197.240.
[2015/11/04 11:37:02.115] (WARN) Master took 937 ms to respond (threshold=500 ms)
[2015/11/04 11:37:02.115] (INFO) Checked file systems for errors: All filesystems OK.
[2015/11/04 11:37:02.115] (INFO) Supervisor has entered RUNNING state.
[2015/11/04 11:37:02.115] (INFO) Alien monitor (aliend): Detected no space aliens.
[2015/11/04 11:37:02.115] (INFO) Flushed 84 buffers to disk.
[2015/11/04 11:37:02.115] (ERROR) Unable to mount /dev/sdd4. (Time to run fsck?)
[2015/11/04 11:37:02.115] (INFO) Checkpointing off-heap server memory...
[2015/11/04 11:37:02.115] (INFO) Your mother called. She says you never call her.
[2015/11/04 11:37:02.115] (INFO) Pinging watchdog timer process: Process is alive.
[2015/11/04 11:37:02.115] (INFO) Sending SIGTERM to 4 excess workers.
[2015/11/04 11:37:02.115] (INFO) User "nxy6668" logged out due to inactivity (timeout=30 minutes).
[2015/11/04 11:37:02.115] (INFO) Checkpointing off-heap server memory...
[2015/11/04 11:37:02.115] (INFO) .evian ylbirret si emehcs otpyrc ym neht ,siht daer nac uoy fI
[2015/11/04 11:37:02.618] (INFO) Checked file systems for errors: All filesystems OK.
[2015/11/04 11:37:02.618] (INFO) Checked file systems for errors: All filesystems OK.
[2015/11/04 11:37:02.618] (INFO) Device 0x5a72 is online.
[2015/11/04 11:37:02.618] (INFO) User "rmu4812" logged out due to inactivity (timeout=30 minutes).
[2015/11/04 11:37:02.618] (INFO) Your mother called. She says you never call her.
[2015/11/04 11:37:02.618] (INFO) .evian ylbirret si emehcs otpyrc ym neht ,siht daer nac uoy fI
[2015/11/04 11:37:02.618] (INFO) Checked file systems for errors: All filesystems OK.
[2015/11/04 11:37:02.618] (INFO) Supervisor has entered RESTARTING state.
[2015/11/04 11:37:02.618] (INFO) Rolling 6 log file(s)...
[2015/11/04 11:37:02.618] (INFO) Backed up all server logs.
[2015/11/04 11:37:02.618] (INFO) User "abp5958" logged out due to inactivity (timeout=30 minutes).
[2015/11/04 11:37:02.618] (WARN) Unable to ping supervisor at 172.16.42.101. Retrying.
[2015/11/04 11:37:02.618] (INFO) Supervisor has entered RUNNING state.
[2015/11/04 11:37:02.618] (INFO) Supervisor has entered RESTARTING state.
[2015/11/04 11:37:02.618] (INFO) Flushed 85 buffers to disk.
[2015/11/04 11:37:02.618] (INFO) Checkpointing off-heap server memory...
[2015/11/04 11:37:02.618] (INFO) User "ydh6627" logged out.
[2015/11/04 11:37:02.618] (INFO) Supervisor has entered SUSPENDED state.
[2015/11/04 11:37:02.618] (INFO) Waiting for supervisor process (PID 1280) to die.
[2015/11/04 11:37:02.618] (WARN) Retrying server log checkpoint.
[2015/11/04 11:37:02.618] (INFO) Waiting for master process (PID 7327) to die.
[2015/11/04 11:37:02.618] (ERROR) "/var/data/eIUJB83726.tar.gz": Permission denied (EACCES)
[2015/11/04 11:37:02.618] (INFO) .evian ylbirret si emehcs otpyrc ym neht ,siht daer nac uoy fI
[2015/11/04 11:37:02.618] (INFO) User "xen6755" logged out.
[2015/11/04 11:37:02.618] (INFO) Sending SIGTERM to 4 excess workers.
[2015/11/04 11:37:02.618] (INFO) Backed up all server logs.
[2015/11/04 11:37:02.618] (ERROR) EFOODFAIL (Waiter, there's a fly in my soup).
[2015/11/04 11:37:02.618] (INFO) Flushed 28 buffers to disk.
[2015/11/04 11:37:02.618] (INFO) Rolling 4 log file(s)...
[2015/11/04 11:37:02.618] (INFO) .evian ylbirret si emehcs otpyrc ym neht ,siht daer nac uoy fI
[2015/11/04 11:37:02.618] (WARN) There is no such thing as a free lunch.
[2015/11/04 11:37:02.618] (INFO) Waiting for worker process (PID 57197) to die.
[2015/11/04 11:37:02.618] (WARN) Possible cyber-attack from Antarctica.
[2015/11/04 11:37:02.618] (ERROR) Detected clock skew! Restarting NTP server.
[2015/11/04 11:37:02.618] (INFO) User "odk9283" logged in from 10.124.69.240.
[2015/11/04 11:37:02.618] (INFO) Waiting for supervisor process (PID 56762) to die.
[2015/11/04 11:37:02.618] (WARN) Possible cyber-attack from Russia.
[2015/11/04 11:37:02.618] (INFO) Flushed 34 buffers to disk.
[2015/11/04 11:37:02.618] (INFO) Pinging watchdog timer process: Process is alive.
[2015/11/04 11:37:02.618] (INFO) Alien monitor (aliend): Detected no space aliens.
[2015/11/04 11:37:02.618] (INFO) Supervisor has entered WAITING state.
[2015/11/04 11:37:02.618] (INFO) Network heartbeat check: All OK.
[2015/11/04 11:37:02.618] (INFO) Waiting for worker process (PID 11486) to die.
[2015/11/04 11:37:02.618] (INFO) Sending SIGTERM to 3 excess workers.
[2015/11/04 11:37:02.618] (INFO) Supervisor has entered RUNNING state.
[2015/11/04 11:37:02.618] (INFO) Pinging watchdog timer process: Process is alive.
[2015/11/04 11:37:02.618] (ERROR) Directory index of "/var/data" is forbidden.
[2015/11/04 11:37:02.618] (INFO) User "bjc3649" logged out.
[2015/11/04 11:37:02.618] (INFO) Flushed 71 buffers to disk.
[2015/11/04 11:37:02.618] (ERROR) Blocked FTP traffic originating from 10.50.158.91.
[2015/11/04 11:37:02.618] (ERROR) Unable to mount /dev/sdb4. (Time to run fsck?)
[2015/11/04 11:37:02.618] (INFO) Checked file systems for errors: All filesystems OK.
[2015/11/04 11:37:02.618] (INFO) Checkpointing off-heap server memory...
[2015/11/04 11:37:02.618] (ERROR) Unable to write to "/var/data/ErTku57352.zip": Permission denied (EACCES)
[2015/11/04 11:37:02.618] (INFO) Your mother called. She says you never call her.
[2015/11/04 11:37:02.618] (INFO) Device 0xbbd8 is online.
[2015/11/04 11:37:02.618] (INFO) Rolling 5 log file(s)...
[2015/11/04 11:37:02.618] (INFO) Backed up all server logs.
[2015/11/04 11:37:02.618] (INFO) Alien monitor (aliend): Detected no space aliens.
[2015/11/04 11:37:02.618] (WARN) Master took 692 ms to respond (threshold=500 ms)
[2015/11/04 11:37:02.618] (INFO) Network heartbeat check: All OK.
[2015/11/04 11:37:02.618] (WARN) Possible cyber-attack from Nebraska.
[2015/11/04 11:37:02.618] (INFO) Backed up all server logs.
[2015/11/04 11:37:02.618] (INFO) Supervisor has entered SUSPENDED state.
[2015/11/04 11:37:02.618] (INFO) .evian ylbirret si emehcs otpyrc ym neht ,siht daer nac uoy fI
[2015/11/04 11:37:02.618] (WARN) Retrying server log checkpoint.
[2015/11/04 11:37:02.618] (WARN) Unable to ping master at 10.80.240.206. Retrying.
[2015/11/04 11:37:02.618] (INFO) Pinging watchdog timer process: Process is alive.
[2015/11/04 11:37:02.618] (INFO) Checkpointing off-heap server memory...
[2015/11/04 11:37:02.618] (ERROR) Blocked Little Bobby Tables attack (https://xkcd.com/327/) from 10.23.212.250.
[2015/11/04 11:37:02.618] (INFO) .evian ylbirret si emehcs otpyrc ym neht ,siht daer nac uoy fI
[2015/11/04 11:37:02.618] (INFO) Device 0x5ba0 is online.
[2015/11/04 11:37:02.618] (INFO) User "kfs2811" logged out due to inactivity (timeout=30 minutes).
[2015/11/04 11:37:02.618] (INFO) Supervisor has entered RESTARTING state.
[2015/11/04 11:37:02.618] (INFO) Checked file systems for errors: All filesystems OK.
[2015/11/04 11:37:02.618] (INFO) Checkpointing off-heap server memory...
[2015/11/04 11:37:02.618] (INFO) User "ufm5698" logged in from 172.16.203.195.
[2015/11/04 11:37:02.618] (ERROR) Unable to authenticate user "iot1383": LDAP server isn't responding.
[2015/11/04 11:37:02.618] (INFO) User "vxd4321" logged out due to inactivity (timeout=30 minutes).
[2015/11/04 11:37:02.618] (INFO) Waiting for worker process (PID 36682) to die.
[2015/11/04 11:37:02.618] (WARN) Retrying server log checkpoint.
[2015/11/04 11:37:02.618] (INFO) Network heartbeat check: All OK.
[2015/11/04 11:37:02.618] (INFO) Supervisor has entered SUSPENDED state.
[2015/11/04 11:37:02.618] (INFO) .evian ylbirret si emehcs otpyrc ym neht ,siht daer nac uoy fI
[2015/11/04 11:37:02.618] (INFO) Rolling 1 log file(s)...
[2015/11/04 11:37:02.618] (WARN) Ignoring SIGTERM. It's not that easy to get rid of me.
[2015/11/04 11:37:02.618] (INFO) Pinging watchdog timer process: Process is alive.
[2015/11/04 11:37:02.618] (INFO) User "sll8833" logged in from 192.168.167.84.
[2015/11/04 11:37:02.618] (INFO) Supervisor has entered RESTARTING state.
[2015/11/04 11:37:02.618] (INFO) Device 0xe206 is online.
[2015/11/04 11:37:02.618] (WARN) Master took 522 ms to respond (threshold=500 ms)
[2015/11/04 11:37:02.618] (INFO) Checked file systems for errors: All filesystems OK.
[2015/11/04 11:37:02.618] (INFO) Backed up all server logs.
[2015/11/04 11:37:02.618] (ERROR) Blocked nmap traffic originating from 192.168.239.70.
[2015/11/04 11:37:02.618] (INFO) Checked file systems for errors: All filesystems OK.
[2015/11/04 11:37:02.618] (WARN) Possible cyber-attack from Nebraska.
[2015/11/04 11:37:02.618] (INFO) Supervisor has entered SUSPENDED state.
[2015/11/04 11:37:02.618] (INFO) Alien monitor (aliend): Detected no space aliens.
[2015/11/04 11:37:02.618] (INFO) Sending SIGTERM to 4 excess workers.
[2015/11/04 11:37:02.618] (INFO) Rolling 4 log file(s)...
[2015/11/04 11:37:03.115] (WARN) Ignoring SIGTERM. It's not that easy to get rid of me.
[2015/11/04 11:37:03.115] (INFO) User "vgi6914" logged in from 172.16.57.191.
[2015/11/04 11:37:03.115] (ERROR) CPU temperature exceeds 50º Celsius. Shutting down.
[2015/11/04 11:37:03.115] (ERROR) "/var/data/PSDoI53215.xml": Permission denied (EACCES)
[2015/11/04 11:37:03.115] (INFO) User "eks2636" logged out.
[2015/11/04 11:37:03.115] (INFO) Checked file systems for errors: All filesystems OK.
[2015/11/04 11:37:03.115] (INFO) Flushed 65 buffers to disk.
[2015/11/04 11:37:03.115] (INFO) Pinging watchdog timer process: Process is alive.
[2015/11/04 11:37:03.115] (INFO) Checked file systems for errors: All filesystems OK.
[2015/11/04 11:37:03.115] (WARN) Unable to ping worker at 172.16.151.96. Retrying.
[2015/11/04 11:37:03.115] (ERROR) Directory index of "/var/data" is forbidden.
[2015/11/04 11:37:03.115] (INFO) Waiting for master process (PID 19035) to die.
[2015/11/04 11:37:03.115] (INFO) .evian ylbirret si emehcs otpyrc ym neht ,siht daer nac uoy fI
[2015/11/04 11:37:03.115] (INFO) Sending SIGTERM to 4 excess workers.
[2015/11/04 11:37:03.115] (WARN) Ignoring SIGTERM. It's not that easy to get rid of me.
[2015/11/04 11:37:03.115] (INFO) Backed up all server logs.
[2015/11/04 11:37:03.115] (INFO) .evian ylbirret si emehcs otpyrc ym neht ,siht daer nac uoy fI
[2015/11/04 11:37:03.115] (INFO) Device 0xae29 is online.
[2015/11/04 11:37:03.115] (INFO) User "phy3710" logged in from 172.16.84.26.
[2015/11/04 11:37:03.115] (INFO) User "grz6654" logged in from 10.217.47.111.
[2015/11/04 11:37:03.115] (INFO) User "xun2243" logged in from 192.168.221.137.
[2015/11/04 11:37:03.115] (ERROR) Directory index of "/var/data" is forbidden.
[2015/11/04 11:37:03.115] (INFO) Flushed 30 buffers to disk.
[2015/11/04 11:37:03.115] (INFO) .evian ylbirret si emehcs otpyrc ym neht ,siht daer nac uoy fI
[2015/11/04 11:37:03.115] (WARN) Space on disk /dev/sda4 is low: Only 565 MB available.
[2015/11/04 11:37:03.115] (INFO) Supervisor has entered RUNNING state.
[2015/11/04 11:37:03.115] (WARN) Unable to ping supervisor at 192.168.81.244. Retrying.
[2015/11/04 11:37:03.115] (INFO) Sending SIGTERM to 3 excess workers.
[2015/11/04 11:37:03.115] (INFO) Pinging watchdog timer process: Process is alive.
[2015/11/04 11:37:03.115] (INFO) User "dqb2086" logged out.
[2015/11/04 11:37:03.115] (INFO) User "rtk2443" logged in from 172.16.28.230.
[2015/11/04 11:37:03.115] (INFO) Alien monitor (aliend): Detected no space aliens.
[2015/11/04 11:37:03.115] (WARN) Master took 837 ms to respond (threshold=500 ms)
[2015/11/04 11:37:03.115] (ERROR) Network heartbeat check FAILED: Master host down?
[2015/11/04 11:37:03.115] (INFO) Checkpointing off-heap server memory...
[2015/11/04 11:37:03.115] (INFO) Device 0x44a5 is online.
[2015/11/04 11:37:03.115] (INFO) Sending SIGTERM to 4 excess workers.
[2015/11/04 11:37:03.115] (WARN) Ignoring SIGTERM. It's not that easy to get rid of me.
[2015/11/04 11:37:03.115] (INFO) Device 0x43d5 is online.
[2015/11/04 11:37:03.115] (INFO) User "ced5021" logged out due to inactivity (timeout=30 minutes).
[2015/11/04 11:37:03.115] (INFO) Sending SIGTERM to 4 excess workers.
[2015/11/04 11:37:03.115] (INFO) User "pil6559" logged in from 172.16.215.21.
[2015/11/04 11:37:03.115] (INFO) Rolling 3 log file(s)...
[2015/11/04 11:37:03.115] (INFO) Checkpointing off-heap server memory...
[2015/11/04 11:37:03.115] (INFO) Checked file systems for errors: All filesystems OK.
[2015/11/04 11:37:03.115] (INFO) Network heartbeat check: All OK.
[2015/11/04 11:37:03.115] (INFO) Waiting for supervisor process (PID 26212) to die.
[2015/11/04 11:37:03.115] (INFO) Checked file systems for errors: All filesystems OK.
[2015/11/04 11:37:03.115] (INFO) User "mvq3624" logged out due to inactivity (timeout=30 minutes).
[2015/11/04 11:37:03.115] (INFO) User "qcs2857" logged out due to inactivity (timeout=30 minutes).
[2015/11/04 11:37:03.115] (INFO) User "sfa9244" logged out due to inactivity (timeout=30 minutes).
[2015/11/04 11:37:03.115] (WARN) Retrying server log checkpoint.
[2015/11/04 11:37:03.115] (INFO) Rolling 9 log file(s)...
[2015/11/04 11:37:03.115] (INFO) Waiting for master process (PID 22249) to die.
[2015/11/04 11:37:03.115] (INFO) User "url7636" logged in from 10.213.232.115.
[2015/11/04 11:37:03.115] (ERROR) Detected clock skew! Restarting NTP server.
[2015/11/04 11:37:03.115] (INFO) Checked file systems for errors: All filesystems OK.
[2015/11/04 11:37:03.115] (WARN) There is no such thing as a free lunch.
[2015/11/04 11:37:03.115] (INFO) .evian ylbirret si emehcs otpyrc ym neht ,siht daer nac uoy fI
[2015/11/04 11:37:03.115] (INFO) Backed up all server logs.
[2015/11/04 11:37:03.115] (INFO) Pinging watchdog timer process: Process is alive.
[2015/11/04 11:37:03.115] (INFO) User "svn3990" logged in from 192.168.176.111.
[2015/11/04 11:37:03.115] (ERROR) Failed to open "/mnt/fileserver01/qANXb66045.tsv": NFS timeout.
[2015/11/04 11:37:03.115] (INFO) Checked file systems for errors: All filesystems OK.
[2015/11/04 11:37:03.115] (WARN) CPU temperature exceeds 40º Celsius.
[2015/11/04 11:37:03.115] (INFO) Checked file systems for errors: All filesystems OK.
[2015/11/04 11:37:03.115] (INFO) User "pnv2966" logged in from 10.144.233.64.
[2015/11/04 11:37:03.115] (INFO) Checkpointing off-heap server memory...
[2015/11/04 11:37:03.115] (INFO) Checkpointing off-heap server memory...
[2015/11/04 11:37:03.115] (INFO) Pinging watchdog timer process: Process is alive.
[2015/11/04 11:37:03.115] (INFO) Your mother called. She says you never call her.
[2015/11/04 11:37:03.115] (INFO) Supervisor has entered RESTARTING state.
[2015/11/04 11:37:03.115] (ERROR) /dev/lp error: "PC LOAD LETTER"
[2015/11/04 11:37:03.115] (INFO) User "dku2959" logged out due to inactivity (timeout=30 minutes).
[2015/11/04 11:37:03.115] (ERROR) Blocked FTP traffic originating from 172.16.22.215.
[2015/11/04 11:37:03.115] (ERROR) CPU temperature exceeds 50º Celsius. Shutting down.
[2015/11/04 11:37:03.115] (INFO) Sending SIGTERM to 4 excess workers.
[2015/11/04 11:37:03.115] (INFO) Network heartbeat check: All OK.
[2015/11/04 11:37:03.115] (ERROR) Extra characters at end of line.
[2015/11/04 11:37:03.115] (INFO) Pinging watchdog timer process: Process is alive.
[2015/11/04 11:37:03.115] (INFO) Flushed 49 buffers to disk.
[2015/11/04 11:37:03.115] (INFO) Device 0x76c7 is online.
[2015/11/04 11:37:03.115] (WARN) Network heartbeat check: 5 server(s) did not respond.
[2015/11/04 11:37:03.115] (INFO) Waiting for master process (PID 18568) to die.
[2015/11/04 11:37:03.115] (INFO) Supervisor has entered WAITING state.
[2015/11/04 11:37:03.115] (INFO) Rolling 7 log file(s)...
[2015/11/04 11:37:03.115] (WARN) Unable to ping master at 172.16.249.211. Retrying.
[2015/11/04 11:37:03.115] (INFO) .evian ylbirret si emehcs otpyrc ym neht ,siht daer nac uoy fI
[2015/11/04 11:37:03.115] (INFO) Alien monitor (aliend): Detected no space aliens.
[2015/11/04 11:37:03.115] (INFO) Waiting for worker process (PID 53238) to die.
[2015/11/04 11:37:03.115] (INFO) Flushed 74 buffers to disk.
[2015/11/04 11:37:03.115] (WARN) Master took 670 ms to respond (threshold=500 ms)
[2015/11/04 11:37:03.115] (ERROR) EFOODFAIL (Waiter, there's a fly in my soup).
[2015/11/04 11:37:03.115] (INFO) Sending SIGTERM to 3 excess workers.
[2015/11/04 11:37:03.115] (INFO) Flushed 36 buffers to disk.
[2015/11/04 11:37:03.115] (INFO) User "cyb4899" logged in from 172.16.236.4.
[2015/11/04 11:37:03.115] (INFO) Backed up all server logs.
[2015/11/04 11:37:03.115] (INFO) Sending SIGTERM to 4 excess workers.
[2015/11/04 11:37:03.115] (INFO) User "sqz3977" logged out due to inactivity (timeout=30 minutes).
[2015/11/04 11:37:03.115] (INFO) Sending SIGTERM to 4 excess workers.
[2015/11/04 11:37:03.614] (WARN) Dropped 1,189 corrupt data packets.
[2015/11/04 11:37:03.614] (INFO) Network heartbeat check: All OK.
[2015/11/04 11:37:03.614] (INFO) Checkpointing off-heap server memory...
[2015/11/04 11:37:03.614] (INFO) Sending SIGTERM to 2 excess workers.
[2015/11/04 11:37:03.614] (INFO) User "nfg9289" logged in from 192.168.162.105.
[2015/11/04 11:37:03.614] (INFO) Device 0xbc47 is online.
[2015/11/04 11:37:03.614] (WARN) There is no such thing as a free lunch.
[2015/11/04 11:37:03.614] (INFO) .evian ylbirret si emehcs otpyrc ym neht ,siht daer nac uoy fI
[2015/11/04 11:37:03.614] (INFO) Checked file systems for errors: All filesystems OK.
[2015/11/04 11:37:03.614] (ERROR) Device 0x34b7 is offline
[2015/11/04 11:37:03.614] (INFO) User "jyq2267" logged out.
[2015/11/04 11:37:03.614] (ERROR) Directory index of "/var/data" is forbidden.
[2015/11/04 11:37:03.614] (INFO) Checked file systems for errors: All filesystems OK.
[2015/11/04 11:37:03.614] (INFO) Alien monitor (aliend): Detected no space aliens.
[2015/11/04 11:37:03.614] (ERROR) Blocked Little Bobby Tables attack (https://xkcd.com/327/) from 10.26.32.214.
[2015/11/04 11:37:03.614] (INFO) User "qrf4386" logged in from 10.104.158.99.
[2015/11/04 11:37:03.614] (INFO) Your mother called. She says you never call her.
[2015/11/04 11:37:03.614] (INFO) Checked file systems for errors: All filesystems OK.
[2015/11/04 11:37:03.614] (INFO) .evian ylbirret si emehcs otpyrc ym neht ,siht daer nac uoy fI
[2015/11/04 11:37:03.614] (ERROR) Blocked Little Bobby Tables attack (https://xkcd.com/327/) from 192.168.11.199.
[2015/11/04 11:37:03.614] (INFO) .evian ylbirret si emehcs otpyrc ym neht ,siht daer nac uoy fI
[2015/11/04 11:37:03.614] (WARN) Retrying server log checkpoint.
[2015/11/04 11:37:03.614] (INFO) Rolling 1 log file(s)...
[2015/11/04 11:37:03.614] (ERROR) Unable to authenticate user "zns4506": LDAP server isn't responding.
[2015/11/04 11:37:03.614] (ERROR) Worker 3 died with SIGBUS. Restarting it.
[2015/11/04 11:37:03.614] (INFO) User "qvh9866" logged out.
[2015/11/04 11:37:03.614] (INFO) Backed up all server logs.
[2015/11/04 11:37:03.614] (INFO) Flushed 31 buffers to disk.
[2015/11/04 11:37:03.614] (INFO) Waiting for master process (PID 26805) to die.
[2015/11/04 11:37:03.614] (INFO) Alien monitor (aliend): Detected no space aliens.
[2015/11/04 11:37:03.614] (ERROR) Unable to mount /dev/sdd4. (Time to run fsck?)
[2015/11/04 11:37:03.614] (INFO) Checked file systems for errors: All filesystems OK.
[2015/11/04 11:37:03.614] (INFO) Device 0x0d3f is online.
[2015/11/04 11:37:03.614] (INFO) Network heartbeat check: All OK.
[2015/11/04 11:37:03.614] (ERROR) Network heartbeat check FAILED: Master host down?
[2015/11/04 11:37:03.614] (INFO) Device 0x8981 is online.
[2015/11/04 11:37:03.614] (INFO) .evian ylbirret si emehcs otpyrc ym neht ,siht daer nac uoy fI
[2015/11/04 11:37:03.614] (INFO) Backed up all server logs.
[2015/11/04 11:37:03.614] (INFO) Flushed 62 buffers to disk.
[2015/11/04 11:37:03.614] (INFO) User "czp3725" logged out.
[2015/11/04 11:37:03.614] (INFO) Waiting for monitor process (PID 20881) to die.
[2015/11/04 11:37:03.614] (WARN) There is no such thing as a free lunch.
[2015/11/04 11:37:03.614] (INFO) User "fle5271" logged in from 192.168.29.51.
[2015/11/04 11:37:03.614] (INFO) Device 0x41b9 is online.
[2015/11/04 11:37:03.614] (INFO) Pinging watchdog timer process: Process is alive.
[2015/11/04 11:37:03.614] (INFO) Rolling 5 log file(s)...
[2015/11/04 11:37:03.614] (INFO) .evian ylbirret si emehcs otpyrc ym neht ,siht daer nac uoy fI
[2015/11/04 11:37:03.614] (INFO) Checked file systems for errors: All filesystems OK.
[2015/11/04 11:37:03.614] (INFO) Checkpointing off-heap server memory...
[2015/11/04 11:37:03.614] (INFO) User "tlc2903" logged in from 172.16.209.182.
[2015/11/04 11:37:03.614] (INFO) Supervisor has entered RESTARTING state.
[2015/11/04 11:37:03.614] (INFO) Rolling 7 log file(s)...
[2015/11/04 11:37:03.614] (WARN) CPU temperature exceeds 40º Celsius.
[2015/11/04 11:37:03.614] (WARN) Dropped 6,272 corrupt data packets.
[2015/11/04 11:37:03.614] (INFO) Your mother called. She says you never call her.
[2015/11/04 11:37:03.614] (INFO) User "mbv3176" logged out.
[2015/11/04 11:37:03.614] (INFO) User "weq9536" logged out due to inactivity (timeout=30 minutes).
[2015/11/04 11:37:03.614] (INFO) Rolling 5 log file(s)...
[2015/11/04 11:37:03.614] (INFO) Backed up all server logs.
[2015/11/04 11:37:03.614] (INFO) Network heartbeat check: All OK.
[2015/11/04 11:37:03.614] (ERROR) Worker 3 died with SIGFPE. Restarting it.
[2015/11/04 11:37:03.614] (INFO) Checked file systems for errors: All filesystems OK.
[2015/11/04 11:37:03.614] (INFO) Waiting for master process (PID 13036) to die.
[2015/11/04 11:37:03.614] (ERROR) "/var/data/UivnP74534.tar.gz": No such file or directory (ENOENT)
[2015/11/04 11:37:03.614] (WARN) Ignoring SIGTERM. It's not that easy to get rid of me.
[2015/11/04 11:37:03.614] (INFO) Sending SIGTERM to 3 excess workers.
[2015/11/04 11:37:03.614] (INFO) Device 0x8ce0 is online.
[2015/11/04 11:37:03.614] (INFO) Rolling 6 log file(s)...
[2015/11/04 11:37:03.614] (ERROR) Unable to write to "/var/data/nRgRu86093.tar.gz": Permission denied (EACCES)
[2015/11/04 11:37:03.614] (INFO) User "pvr4050" logged in from 172.16.68.72.
[2015/11/04 11:37:03.614] (INFO) Supervisor has entered RESTARTING state.
[2015/11/04 11:37:03.614] (WARN) Network heartbeat check: 15 server(s) did not respond.
[2015/11/04 11:37:03.614] (INFO) Sending SIGTERM to 3 excess workers.
[2015/11/04 11:37:03.614] (INFO) Device 0xc4e2 is online.
[2015/11/04 11:37:03.614] (ERROR) One of the flayrods has gone out askew on treadle.
[2015/11/04 11:37:03.614] (INFO) Pinging watchdog timer process: Process is alive.
[2015/11/04 11:37:03.614] (INFO) Flushed 63 buffers to disk.
[2015/11/04 11:37:03.614] (INFO) Backed up all server logs.
[2015/11/04 11:37:03.614] (INFO) User "nuo3791" logged out due to inactivity (timeout=30 minutes).
[2015/11/04 11:37:03.614] (INFO) Rolling 4 log file(s)...
[2015/11/04 11:37:03.614] (INFO) Your mother called. She says you never call her.
[2015/11/04 11:37:03.614] (INFO) Checkpointing off-heap server memory...
[2015/11/04 11:37:03.614] (ERROR) Alien monitor (aliend): 2 space aliens are fiddling with the hardware!
[2015/11/04 11:37:03.614] (INFO) Device 0xd739 is online.
[2015/11/04 11:37:03.614] (INFO) Your mother called. She says you never call her.
[2015/11/04 11:37:03.614] (INFO) Supervisor has entered RESTARTING state.
[2015/11/04 11:37:03.614] (INFO) Pinging watchdog timer process: Process is alive.
[2015/11/04 11:37:03.614] (INFO) Checked file systems for errors: All filesystems OK.
[2015/11/04 11:37:03.614] (INFO) Checkpointing off-heap server memory...
[2015/11/04 11:37:03.614] (INFO) User "rpz6401" logged in from 10.38.165.6.
[2015/11/04 11:37:03.614] (INFO) Rolling 5 log file(s)...
[2015/11/04 11:37:03.614] (INFO) Checked file systems for errors: All filesystems OK.
[2015/11/04 11:37:03.614] (WARN) Dropped 15,483 corrupt data packets.
[2015/11/04 11:37:03.614] (INFO) Device 0x056d is online.
[2015/11/04 11:37:03.614] (INFO) User "mks3318" logged in from 10.18.44.153.
[2015/11/04 11:37:03.614] (INFO) Backed up all server logs.
[2015/11/04 11:37:03.614] (INFO) Network heartbeat check: All OK.
[2015/11/04 11:37:03.614] (INFO) User "zoi5686" logged out due to inactivity (timeout=30 minutes).
[2015/11/04 11:37:03.614] (INFO) Sending SIGTERM to 4 excess workers.
[2015/11/04 11:37:03.614] (INFO) Waiting for supervisor process (PID 6225) to die.
[2015/11/04 11:37:04.113] (ERROR) CPU temperature exceeds 50º Celsius. Shutting down.
[2015/11/04 11:37:04.113] (INFO) Pinging watchdog timer process: Process is alive.
[2015/11/04 11:37:04.113] (INFO) Alien monitor (aliend): Detected no space aliens.
[2015/11/04 11:37:04.113] (INFO) Alien monitor (aliend): Detected no space aliens.
[2015/11/04 11:37:04.113] (INFO) Backed up all server logs.
[2015/11/04 11:37:04.113] (ERROR) Worker 7 died with SIGINT. Restarting it.
[2015/11/04 11:37:04.113] (INFO) User "wqs1279" logged out due to inactivity (timeout=30 minutes).
[2015/11/04 11:37:04.113] (INFO) Network heartbeat check: All OK.
[2015/11/04 11:37:04.113] (INFO) Checkpointing off-heap server memory...
[2015/11/04 11:37:04.113] (INFO) User "nxc6615" logged in from 10.56.202.180.
[2015/11/04 11:37:04.113] (INFO) Alien monitor (aliend): Detected no space aliens.
[2015/11/04 11:37:04.113] (INFO) User "xyw3957" logged in from 10.69.211.106.
[2015/11/04 11:37:04.113] (INFO) Pinging watchdog timer process: Process is alive.
[2015/11/04 11:37:04.113] (INFO) Supervisor has entered RUNNING state.
[2015/11/04 11:37:04.113] (INFO) Backed up all server logs.
[2015/11/04 11:37:04.113] (INFO) Device 0x6303 is online.
[2015/11/04 11:37:04.113] (INFO) Supervisor has entered RESTARTING state.
[2015/11/04 11:37:04.113] (ERROR) Alien monitor (aliend): 4 space aliens are fiddling with the hardware!
[2015/11/04 11:37:04.113] (INFO) Waiting for master process (PID 41524) to die.
[2015/11/04 11:37:04.113] (INFO) Your mother called. She says you never call her.
[2015/11/04 11:37:04.113] (INFO) Flushed 93 buffers to disk.
[2015/11/04 11:37:04.113] (INFO) Your mother called. She says you never call her.
[2015/11/04 11:37:04.113] (INFO) Supervisor has entered RUNNING state.
[2015/11/04 11:37:04.113] (INFO) Your mother called. She says you never call her.
[2015/11/04 11:37:04.113] (INFO) Sending SIGTERM to 3 excess workers.
[2015/11/04 11:37:04.113] (INFO) Pinging watchdog timer process: Process is alive.
[2015/11/04 11:37:04.113] (WARN) Retrying server log checkpoint.
[2015/11/04 11:37:04.113] (INFO) .evian ylbirret si emehcs otpyrc ym neht ,siht daer nac uoy fI
[2015/11/04 11:37:04.113] (INFO) Your mother called. She says you never call her.
[2015/11/04 11:37:04.113] (INFO) .evian ylbirret si emehcs otpyrc ym neht ,siht daer nac uoy fI
[2015/11/04 11:37:04.113] (INFO) Device 0xbdae is online.
[2015/11/04 11:37:04.113] (INFO) Flushed 49 buffers to disk.
[2015/11/04 11:37:04.113] (ERROR) Failed to open "/mnt/fileserver02/yTpkk52255.tar.gz": NFS timeout.
[2015/11/04 11:37:04.113] (INFO) Checkpointing off-heap server memory...
[2015/11/04 11:37:04.113] (INFO) Network heartbeat check: All OK.
[2015/11/04 11:37:04.113] (WARN) Ignoring SIGTERM. It's not that easy to get rid of me.
[2015/11/04 11:37:04.113] (INFO) Sending SIGTERM to 2 excess workers.
[2015/11/04 11:37:04.113] (INFO) Alien monitor (aliend): Detected no space aliens.
[2015/11/04 11:37:04.113] (INFO) Your mother called. She says you never call her.
[2015/11/04 11:37:04.113] (INFO) User "wqg8822" logged in from 192.168.172.208.
[2015/11/04 11:37:04.113] (INFO) .evian ylbirret si emehcs otpyrc ym neht ,siht daer nac uoy fI
[2015/11/04 11:37:04.113] (INFO) User "iiy4274" logged in from 172.16.198.19.
[2015/11/04 11:37:04.113] (WARN) There is no such thing as a free lunch.
[2015/11/04 11:37:04.113] (WARN) There is no such thing as a free lunch.
[2015/11/04 11:37:04.113] (WARN) Space on disk /dev/sdd1 is low: Only 392 MB available.
[2015/11/04 11:37:04.113] (INFO) Flushed 84 buffers to disk.
[2015/11/04 11:37:04.113] (INFO) Checked file systems for errors: All filesystems OK.
[2015/11/04 11:37:04.113] (INFO) Rolling 4 log file(s)...
[2015/11/04 11:37:04.113] (ERROR) Unable to mount /dev/sdf2. (Time to run fsck?)
[2015/11/04 11:37:04.113] (INFO) Your mother called. She says you never call her.
[2015/11/04 11:37:04.113] (WARN) Network heartbeat check: 17 server(s) did not respond.
[2015/11/04 11:37:04.113] (INFO) Device 0x3ced is online.
[2015/11/04 11:37:04.113] (INFO) Backed up all server logs.
[2015/11/04 11:37:04.113] (INFO) Sending SIGTERM to 2 excess workers.
[2015/11/04 11:37:04.113] (INFO) Rolling 3 log file(s)...
[2015/11/04 11:37:04.113] (INFO) User "ydo3205" logged out due to inactivity (timeout=30 minutes).
[2015/11/04 11:37:04.113] (INFO) Backed up all server logs.
[2015/11/04 11:37:04.113] (WARN) Master took 799 ms to respond (threshold=500 ms)
[2015/11/04 11:37:04.113] (INFO) Checked file systems for errors: All filesystems OK.
[2015/11/04 11:37:04.113] (WARN) Possible cyber-attack from a small unnamed island.
[2015/11/04 11:37:04.113] (WARN) Retrying server log checkpoint.
[2015/11/04 11:37:04.113] (INFO) Flushed 90 buffers to disk.
[2015/11/04 11:37:04.113] (ERROR) Worker 4 died with SIGTERM. Restarting it.
[2015/11/04 11:37:04.113] (INFO) Pinging watchdog timer process: Process is alive.
[2015/11/04 11:37:04.113] (INFO) Waiting for monitor process (PID 25952) to die.
[2015/11/04 11:37:04.113] (INFO) User "vac3939" logged out due to inactivity (timeout=30 minutes).
[2015/11/04 11:37:04.113] (INFO) Rolling 1 log file(s)...
[2015/11/04 11:37:04.113] (INFO) Backed up all server logs.
[2015/11/04 11:37:04.113] (INFO) Pinging watchdog timer process: Process is alive.
[2015/11/04 11:37:04.113] (INFO) .evian ylbirret si emehcs otpyrc ym neht ,siht daer nac uoy fI
[2015/11/04 11:37:04.113] (WARN) Master took 926 ms to respond (threshold=500 ms)
[2015/11/04 11:37:04.113] (INFO) User "asl9517" logged out due to inactivity (timeout=30 minutes).
[2015/11/04 11:37:04.113] (INFO) Your mother called. She says you never call her.
[2015/11/04 11:37:04.113] (INFO) Your mother called. She says you never call her.
[2015/11/04 11:37:04.113] (INFO) Flushed 84 buffers to disk.
[2015/11/04 11:37:04.113] (INFO) Checkpointing off-heap server memory...
[2015/11/04 11:37:04.113] (INFO) Device 0x369f is online.
[2015/11/04 11:37:04.113] (INFO) User "zac1010" logged out due to inactivity (timeout=30 minutes).
[2015/11/04 11:37:04.113] (INFO) User "rqs5176" logged in from 10.164.147.17.
[2015/11/04 11:37:04.113] (INFO) .evian ylbirret si emehcs otpyrc ym neht ,siht daer nac uoy fI
[2015/11/04 11:37:04.113] (INFO) User "ecr9302" logged in from 10.18.207.47.
[2015/11/04 11:37:04.113] (INFO) Rolling 3 log file(s)...
[2015/11/04 11:37:04.113] (INFO) Checkpointing off-heap server memory...
[2015/11/04 11:37:04.113] (INFO) Rolling 9 log file(s)...
[2015/11/04 11:37:04.113] (INFO) Sending SIGTERM to 4 excess workers.
[2015/11/04 11:37:04.113] (INFO) Flushed 96 buffers to disk.
[2015/11/04 11:37:04.113] (ERROR) CPU temperature exceeds 50º Celsius. Shutting down.
[2015/11/04 11:37:04.113] (INFO) Backed up all server logs.
[2015/11/04 11:37:04.113] (INFO) Checkpointing off-heap server memory...
[2015/11/04 11:37:04.113] (INFO) Sending SIGTERM to 3 excess workers.
[2015/11/04 11:37:04.113] (INFO) Supervisor has entered SUSPENDED state.
[2015/11/04 11:37:04.113] (INFO) Sending SIGTERM to 2 excess workers.
[2015/11/04 11:37:04.113] (INFO) Backed up all server logs.
[2015/11/04 11:37:04.113] (INFO) Pinging watchdog timer process: Process is alive.
[2015/11/04 11:37:04.113] (INFO) .evian ylbirret si emehcs otpyrc ym neht ,siht daer nac uoy fI
[2015/11/04 11:37:04.113] (INFO) Your mother called. She says you never call her.
[2015/11/04 11:37:04.113] (INFO) Your mother called. She says you never call her.
[2015/11/04 11:37:04.113] (ERROR) Device 0x38e5 is offline
[2015/11/04 11:37:04.114] (INFO) Checkpointing off-heap server memory...
[2015/11/04 11:37:04.114] (INFO) Backed up all server logs.
[2015/11/04 11:37:04.614] (INFO) Checked file systems for errors: All filesystems OK.
[2015/11/04 11:37:04.614] (INFO) User "fba7076" logged out.
[2015/11/04 11:37:04.614] (INFO) Waiting for worker process (PID 20367) to die.
[2015/11/04 11:37:04.614] (INFO) Checkpointing off-heap server memory...
[2015/11/04 11:37:04.614] (WARN) Space on disk /dev/sdf2 is low: Only 279 MB available.
[2015/11/04 11:37:04.614] (INFO) Checked file systems for errors: All filesystems OK.
[2015/11/04 11:37:04.614] (ERROR) Unable to authenticate user "xsa4001": LDAP server isn't responding.
[2015/11/04 11:37:04.614] (INFO) .evian ylbirret si emehcs otpyrc ym neht ,siht daer nac uoy fI
[2015/11/04 11:37:04.614] (INFO) Checkpointing off-heap server memory...
[2015/11/04 11:37:04.614] (INFO) User "zrh9816" logged in from 172.16.68.153.
[2015/11/04 11:37:04.614] (INFO) Device 0xe26c is online.
[2015/11/04 11:37:04.614] (INFO) Network heartbeat check: All OK.
[2015/11/04 11:37:04.614] (ERROR) /dev/lp error: "PC LOAD LETTER"
[2015/11/04 11:37:04.614] (ERROR) Detected incoming DDoS from 172.16.29.86.
[2015/11/04 11:37:04.614] (INFO) Checked file systems for errors: All filesystems OK.
[2015/11/04 11:37:04.614] (WARN) Watchdog timer crashed. Restarting it.
[2015/11/04 11:37:04.614] (INFO) Waiting for worker process (PID 2503) to die.
[2015/11/04 11:37:04.614] (INFO) Device 0xa5e4 is online.
[2015/11/04 11:37:04.614] (WARN) CPU temperature exceeds 40º Celsius.
[2015/11/04 11:37:04.614] (INFO) Network heartbeat check: All OK.
[2015/11/04 11:37:04.614] (WARN) Possible cyber-attack from Alpha Centauri.
[2015/11/04 11:37:04.614] (INFO) Network heartbeat check: All OK.
[2015/11/04 11:37:04.614] (INFO) Waiting for worker process (PID 4693) to die.
[2015/11/04 11:37:04.614] (INFO) Alien monitor (aliend): Detected no space aliens.
[2015/11/04 11:37:04.614] (INFO) User "bcf7643" logged in from 192.168.49.223.
[2015/11/04 11:37:04.614] (INFO) Pinging watchdog timer process: Process is alive.
[2015/11/04 11:37:04.614] (INFO) Pinging watchdog timer process: Process is alive.
[2015/11/04 11:37:04.614] (INFO) Device 0xffd8 is online.
[2015/11/04 11:37:04.614] (INFO) Flushed 40 buffers to disk.
[2015/11/04 11:37:04.614] (INFO) Your mother called. She says you never call her.
[2015/11/04 11:37:04.614] (INFO) User "yih9116" logged out.
[2015/11/04 11:37:04.614] (WARN) Retrying server log checkpoint.
[2015/11/04 11:37:04.614] (INFO) Supervisor has entered WAITING state.
[2015/11/04 11:37:04.614] (INFO) .evian ylbirret si emehcs otpyrc ym neht ,siht daer nac uoy fI
[2015/11/04 11:37:04.614] (INFO) User "vwj5445" logged in from 172.16.188.226.
[2015/11/04 11:37:04.614] (INFO) User "egl2344" logged out.
[2015/11/04 11:37:04.614] (INFO) Pinging watchdog timer process: Process is alive.
[2015/11/04 11:37:04.614] (INFO) Checkpointing off-heap server memory...
[2015/11/04 11:37:04.614] (INFO) Checked file systems for errors: All filesystems OK.
[2015/11/04 11:37:04.614] (INFO) Alien monitor (aliend): Detected no space aliens.
[2015/11/04 11:37:04.614] (WARN) Possible cyber-attack from Antarctica.
[2015/11/04 11:37:04.614] (INFO) User "ssp8485" logged in from 10.224.53.227.
[2015/11/04 11:37:04.614] (WARN) Watchdog timer crashed. Restarting it.
[2015/11/04 11:37:04.614] (INFO) User "ird7101" logged out due to inactivity (timeout=30 minutes).
[2015/11/04 11:37:04.614] (INFO) Checkpointing off-heap server memory...
[2015/11/04 11:37:04.614] (WARN) Possible cyber-attack from Antarctica.
[2015/11/04 11:37:04.614] (INFO) User "kii1531" logged out due to inactivity (timeout=30 minutes).
[2015/11/04 11:37:04.614] (INFO) Sending SIGTERM to 4 excess workers.
[2015/11/04 11:37:04.614] (INFO) Backed up all server logs.
[2015/11/04 11:37:04.614] (ERROR) Failed to open "/mnt/fileserver01/xotyC54931.parquet": NFS timeout.
[2015/11/04 11:37:04.614] (INFO) Waiting for monitor process (PID 57887) to die.
[2015/11/04 11:37:04.614] (INFO) Device 0x2dfa is online.
[2015/11/04 11:37:04.614] (INFO) User "xkh8839" logged in from 10.175.25.163.
[2015/11/04 11:37:04.614] (INFO) User "pas6600" logged out.
[2015/11/04 11:37:04.614] (INFO) Device 0x5022 is online.
[2015/11/04 11:37:04.614] (INFO) User "mgs9758" logged out due to inactivity (timeout=30 minutes).
[2015/11/04 11:37:04.614] (INFO) Sending SIGTERM to 4 excess workers.
[2015/11/04 11:37:04.614] (INFO) Your mother called. She says you never call her.
[2015/11/04 11:37:04.614] (INFO) Waiting for worker process (PID 41662) to die.
[2015/11/04 11:37:04.614] (INFO) Checked file systems for errors: All filesystems OK.
[2015/11/04 11:37:04.614] (INFO) Flushed 44 buffers to disk.
[2015/11/04 11:37:04.614] (INFO) User "feg3742" logged out due to inactivity (timeout=30 minutes).
[2015/11/04 11:37:04.614] (INFO) Waiting for worker process (PID 64385) to die.
[2015/11/04 11:37:04.614] (INFO) Sending SIGTERM to 2 excess workers.
[2015/11/04 11:37:04.614] (WARN) There is no such thing as a free lunch.
[2015/11/04 11:37:04.614] (WARN) Space on disk /dev/sdc2 is low: Only 273 MB available.
[2015/11/04 11:37:04.614] (INFO) Checkpointing off-heap server memory...
[2015/11/04 11:37:04.614] (WARN) Space on disk /dev/sdb1 is low: Only 739 MB available.
[2015/11/04 11:37:04.614] (WARN) Ignoring SIGTERM. It's not that easy to get rid of me.
[2015/11/04 11:37:04.614] (WARN) CPU temperature exceeds 40º Celsius.
[2015/11/04 11:37:04.614] (INFO) Network heartbeat check: All OK.
[2015/11/04 11:37:04.614] (INFO) Flushed 35 buffers to disk.
[2015/11/04 11:37:04.614] (ERROR) Unable to mount /dev/sdb4. (Time to run fsck?)
[2015/11/04 11:37:04.614] (INFO) Supervisor has entered RESTARTING state.
[2015/11/04 11:37:04.614] (INFO) Your mother called. She says you never call her.
[2015/11/04 11:37:04.614] (INFO) Backed up all server logs.
[2015/11/04 11:37:04.614] (INFO) Alien monitor (aliend): Detected no space aliens.
[2015/11/04 11:37:04.614] (INFO) Checked file systems for errors: All filesystems OK.
[2015/11/04 11:37:04.614] (INFO) Backed up all server logs.
[2015/11/04 11:37:04.614] (INFO) Pinging watchdog timer process: Process is alive.
[2015/11/04 11:37:04.614] (WARN) Network heartbeat check: 13 server(s) did not respond.
[2015/11/04 11:37:04.614] (INFO) Your mother called. She says you never call her.
[2015/11/04 11:37:04.614] (INFO) Device 0xcfb1 is online.
[2015/11/04 11:37:04.614] (INFO) Network heartbeat check: All OK.
[2015/11/04 11:37:04.614] (INFO) Rolling 9 log file(s)...
[2015/11/04 11:37:04.614] (INFO) Backed up all server logs.
[2015/11/04 11:37:04.614] (INFO) Checkpointing off-heap server memory...
[2015/11/04 11:37:04.614] (INFO) Waiting for master process (PID 9055) to die.
[2015/11/04 11:37:04.614] (INFO) User "jif1373" logged out due to inactivity (timeout=30 minutes).
[2015/11/04 11:37:04.614] (WARN) Watchdog timer crashed. Restarting it.
[2015/11/04 11:37:04.614] (INFO) .evian ylbirret si emehcs otpyrc ym neht ,siht daer nac uoy fI
[2015/11/04 11:37:04.614] (INFO) Alien monitor (aliend): Detected no space aliens.
[2015/11/04 11:37:04.614] (INFO) Checked file systems for errors: All filesystems OK.
[2015/11/04 11:37:04.614] (INFO) User "hqr1472" logged out due to inactivity (timeout=30 minutes).
[2015/11/04 11:37:04.614] (INFO) Pinging watchdog timer process: Process is alive.
[2015/11/04 11:37:04.614] (INFO) Network heartbeat check: All OK.
[2015/11/04 11:37:04.614] (INFO) Backed up all server logs.
[2015/11/04 11:37:04.614] (WARN) Possible cyber-attack from The Cayman Islands.
[2015/11/04 11:37:04.614] (INFO) Backed up all server logs.
[2015/11/04 11:37:04.614] (INFO) Pinging watchdog timer process: Process is alive.
[2015/11/04 11:37:05.113] (ERROR) Alien monitor (aliend): 3 space aliens are fiddling with the hardware!
[2015/11/04 11:37:05.113] (INFO) Flushed 24 buffers to disk.
[2015/11/04 11:37:05.113] (INFO) Pinging watchdog timer process: Process is alive.
[2015/11/04 11:37:05.113] (INFO) Network heartbeat check: All OK.
[2015/11/04 11:37:05.113] (INFO) Supervisor has entered RUNNING state.
[2015/11/04 11:37:05.113] (INFO) User "nnt4913" logged in from 192.168.159.171.
[2015/11/04 11:37:05.113] (WARN) Network heartbeat check: 9 server(s) did not respond.
[2015/11/04 11:37:05.113] (INFO) Device 0x4842 is online.
[2015/11/04 11:37:05.113] (INFO) User "gpt1517" logged in from 192.168.155.171.
[2015/11/04 11:37:05.113] (INFO) Network heartbeat check: All OK.
[2015/11/04 11:37:05.113] (INFO) Your mother called. She says you never call her.
[2015/11/04 11:37:05.113] (ERROR) Server log backup FAILED. See backup logs.
[2015/11/04 11:37:05.113] (INFO) Rolling 2 log file(s)...
[2015/11/04 11:37:05.113] (INFO) Rolling 7 log file(s)...
[2015/11/04 11:37:05.113] (INFO) Backed up all server logs.
[2015/11/04 11:37:05.113] (INFO) Flushed 40 buffers to disk.
[2015/11/04 11:37:05.113] (INFO) Backed up all server logs.
[2015/11/04 11:37:05.113] (INFO) Pinging watchdog timer process: Process is alive.
[2015/11/04 11:37:05.113] (WARN) Network heartbeat check: 14 server(s) did not respond.
[2015/11/04 11:37:05.113] (INFO) Backed up all server logs.
[2015/11/04 11:37:05.113] (INFO) Checkpointing off-heap server memory...
[2015/11/04 11:37:05.113] (INFO) Supervisor has entered SUSPENDED state.
[2015/11/04 11:37:05.113] (INFO) Rolling 4 log file(s)...
[2015/11/04 11:37:05.113] (WARN) Ignoring SIGTERM. It's not that easy to get rid of me.
[2015/11/04 11:37:05.113] (INFO) User "gli9011" logged out due to inactivity (timeout=30 minutes).
[2015/11/04 11:37:05.113] (INFO) Supervisor has entered RUNNING state.
[2015/11/04 11:37:05.113] (WARN) CPU temperature exceeds 40º Celsius.
[2015/11/04 11:37:05.113] (INFO) Network heartbeat check: All OK.
[2015/11/04 11:37:05.113] (INFO) Supervisor has entered WAITING state.
[2015/11/04 11:37:05.113] (INFO) Checked file systems for errors: All filesystems OK.
[2015/11/04 11:37:05.113] (ERROR) "/var/data/ZMMyQ71502.tsv": No such file or directory (ENOENT)
[2015/11/04 11:37:05.113] (INFO) Network heartbeat check: All OK.
[2015/11/04 11:37:05.113] (WARN) There is no such thing as a free lunch.
[2015/11/04 11:37:05.113] (INFO) Sending SIGTERM to 2 excess workers.
[2015/11/04 11:37:05.113] (INFO) Checkpointing off-heap server memory...
[2015/11/04 11:37:05.113] (INFO) .evian ylbirret si emehcs otpyrc ym neht ,siht daer nac uoy fI
[2015/11/04 11:37:05.113] (INFO) Checkpointing off-heap server memory...
[2015/11/04 11:37:05.113] (INFO) User "gge1924" logged out due to inactivity (timeout=30 minutes).
[2015/11/04 11:37:05.113] (INFO) Device 0xfca2 is online.
[2015/11/04 11:37:05.113] (INFO) User "nos7521" logged out due to inactivity (timeout=30 minutes).
[2015/11/04 11:37:05.113] (INFO) Supervisor has entered WAITING state.
[2015/11/04 11:37:05.113] (WARN) Possible cyber-attack from Nebraska.
[2015/11/04 11:37:05.113] (INFO) Rolling 7 log file(s)...
[2015/11/04 11:37:05.113] (INFO) .evian ylbirret si emehcs otpyrc ym neht ,siht daer nac uoy fI
[2015/11/04 11:37:05.113] (INFO) User "izp9458" logged in from 192.168.230.142.
[2015/11/04 11:37:05.113] (INFO) User "gpv4232" logged out due to inactivity (timeout=30 minutes).
[2015/11/04 11:37:05.113] (INFO) User "qot1279" logged out.
[2015/11/04 11:37:05.113] (ERROR) Failed to open "/mnt/fileserver02/OYJkg63172.txt": NFS timeout.
[2015/11/04 11:37:05.113] (INFO) Your mother called. She says you never call her.
[2015/11/04 11:37:05.113] (INFO) User "nzm5466" logged out due to inactivity (timeout=30 minutes).
[2015/11/04 11:37:05.113] (INFO) Waiting for worker process (PID 50109) to die.
[2015/11/04 11:37:05.113] (INFO) Network heartbeat check: All OK.
[2015/11/04 11:37:05.113] (INFO) Sending SIGTERM to 4 excess workers.
[2015/11/04 11:37:05.113] (INFO) Your mother called. She says you never call her.
[2015/11/04 11:37:05.113] (INFO) Checkpointing off-heap server memory...
[2015/11/04 11:37:05.113] (INFO) User "nbu7575" logged out due to inactivity (timeout=30 minutes).
[2015/11/04 11:37:05.113] (ERROR) Worker 5 died with SIGURG. Restarting it.
[2015/11/04 11:37:05.113] (INFO) Device 0x8da3 is online.
[2015/11/04 11:37:05.113] (INFO) Pinging watchdog timer process: Process is alive.
[2015/11/04 11:37:05.113] (INFO) Supervisor has entered RUNNING state.
[2015/11/04 11:37:05.113] (INFO) Pinging watchdog timer process: Process is alive.
[2015/11/04 11:37:05.113] (INFO) User "lwn9206" logged out.
[2015/11/04 11:37:05.113] (ERROR) Connection to 10.175.234.53 terminated unexpectedly. Reconnecting.
[2015/11/04 11:37:05.113] (INFO) Sending SIGTERM to 4 excess workers.
[2015/11/04 11:37:05.113] (WARN) Backup server 172.16.175.66 is offline.
[2015/11/04 11:37:05.113] (INFO) Supervisor has entered WAITING state.
[2015/11/04 11:37:05.113] (INFO) Supervisor has entered RUNNING state.
[2015/11/04 11:37:05.113] (INFO) Device 0xe539 is online.
[2015/11/04 11:37:05.113] (INFO) Your mother called. She says you never call her.
[2015/11/04 11:37:05.113] (INFO) Supervisor has entered WAITING state.
[2015/11/04 11:37:05.113] (WARN) Dropped 8,138 corrupt data packets.
[2015/11/04 11:37:05.113] (WARN) CPU temperature exceeds 40º Celsius.
[2015/11/04 11:37:05.113] (INFO) Alien monitor (aliend): Detected no space aliens.
[2015/11/04 11:37:05.114] (INFO) Checked file systems for errors: All filesystems OK.
[2015/11/04 11:37:05.114] (INFO) Backed up all server logs.
[2015/11/04 11:37:05.114] (INFO) Backed up all server logs.
[2015/11/04 11:37:05.114] (INFO) Rolling 9 log file(s)...
[2015/11/04 11:37:05.114] (INFO) .evian ylbirret si emehcs otpyrc ym neht ,siht daer nac uoy fI
[2015/11/04 11:37:05.114] (INFO) User "nrx5669" logged out due to inactivity (timeout=30 minutes).
[2015/11/04 11:37:05.114] (INFO) Alien monitor (aliend): Detected no space aliens.
[2015/11/04 11:37:05.114] (INFO) Rolling 8 log file(s)...
[2015/11/04 11:37:05.114] (INFO) Backed up all server logs.
[2015/11/04 11:37:05.114] (INFO) Sending SIGTERM to 4 excess workers.
[2015/11/04 11:37:05.114] (INFO) Flushed 61 buffers to disk.
[2015/11/04 11:37:05.114] (INFO) Supervisor has entered SUSPENDED state.
[2015/11/04 11:37:05.114] (ERROR) "/var/data/KpryU95269.xslx": Permission denied (EACCES)
[2015/11/04 11:37:05.114] (INFO) User "gie3442" logged in from 192.168.99.43.
[2015/11/04 11:37:05.114] (INFO) Device 0xa1ca is online.
[2015/11/04 11:37:05.114] (INFO) Checkpointing off-heap server memory...
[2015/11/04 11:37:05.114] (INFO) Your mother called. She says you never call her.
[2015/11/04 11:37:05.114] (ERROR) Detected incoming DDoS from 192.168.39.126.
[2015/11/04 11:37:05.114] (INFO) Alien monitor (aliend): Detected no space aliens.
[2015/11/04 11:37:05.114] (INFO) Pinging watchdog timer process: Process is alive.
[2015/11/04 11:37:05.114] (INFO) Flushed 58 buffers to disk.
[2015/11/04 11:37:05.114] (INFO) Device 0xf11e is online.
[2015/11/04 11:37:05.114] (INFO) Supervisor has entered SUSPENDED state.
[2015/11/04 11:37:05.114] (INFO) Checked file systems for errors: All filesystems OK.
[2015/11/04 11:37:05.114] (INFO) User "dff3931" logged out due to inactivity (timeout=30 minutes).
[2015/11/04 11:37:05.114] (ERROR) Alien monitor (aliend): 4 space aliens are fiddling with the hardware!
[2015/11/04 11:37:05.114] (INFO) Your mother called. She says you never call her.
[2015/11/04 11:37:05.613] (INFO) Flushed 79 buffers to disk.
[2015/11/04 11:37:05.613] (INFO) User "mhb7083" logged out due to inactivity (timeout=30 minutes).
[2015/11/04 11:37:05.613] (INFO) Backed up all server logs.
[2015/11/04 11:37:05.613] (INFO) Your mother called. She says you never call her.
[2015/11/04 11:37:05.613] (INFO) Rolling 8 log file(s)...
[2015/11/04 11:37:05.613] (INFO) Supervisor has entered SUSPENDED state.
[2015/11/04 11:37:05.613] (INFO) Supervisor has entered RESTARTING state.
[2015/11/04 11:37:05.613] (ERROR) Network heartbeat check FAILED: Master host down?
[2015/11/04 11:37:05.613] (INFO) Device 0x9a8a is online.
[2015/11/04 11:37:05.613] (INFO) User "eub8783" logged out due to inactivity (timeout=30 minutes).
[2015/11/04 11:37:05.614] (INFO) Rolling 7 log file(s)...
[2015/11/04 11:37:05.614] (INFO) Sending SIGTERM to 2 excess workers.
[2015/11/04 11:37:05.614] (INFO) User "bzn8420" logged in from 172.16.130.39.
[2015/11/04 11:37:05.614] (INFO) Checked file systems for errors: All filesystems OK.
[2015/11/04 11:37:05.614] (INFO) Your mother called. She says you never call her.
[2015/11/04 11:37:05.614] (INFO) Pinging watchdog timer process: Process is alive.
[2015/11/04 11:37:05.614] (INFO) Pinging watchdog timer process: Process is alive.
[2015/11/04 11:37:05.614] (INFO) Alien monitor (aliend): Detected no space aliens.
[2015/11/04 11:37:05.614] (INFO) User "hvw3866" logged in from 172.16.16.121.
[2015/11/04 11:37:05.614] (INFO) Backed up all server logs.
[2015/11/04 11:37:05.614] (INFO) Waiting for monitor process (PID 5214) to die.
[2015/11/04 11:37:05.614] (INFO) Flushed 37 buffers to disk.
[2015/11/04 11:37:05.614] (INFO) Waiting for supervisor process (PID 14011) to die.
[2015/11/04 11:37:05.614] (INFO) Checked file systems for errors: All filesystems OK.
[2015/11/04 11:37:05.614] (INFO) .evian ylbirret si emehcs otpyrc ym neht ,siht daer nac uoy fI
[2015/11/04 11:37:05.614] (INFO) Alien monitor (aliend): Detected no space aliens.
[2015/11/04 11:37:05.614] (ERROR) "/var/data/SynRJ89077.xslx": No such file or directory (ENOENT)
[2015/11/04 11:37:05.614] (INFO) Device 0x1a0c is online.
[2015/11/04 11:37:05.614] (INFO) Backed up all server logs.
[2015/11/04 11:37:05.614] (INFO) Waiting for supervisor process (PID 9140) to die.
[2015/11/04 11:37:05.614] (INFO) User "aqh4856" logged out.
[2015/11/04 11:37:05.614] (INFO) User "hba1353" logged out due to inactivity (timeout=30 minutes).
[2015/11/04 11:37:05.614] (INFO) Backed up all server logs.
[2015/11/04 11:37:05.614] (INFO) .evian ylbirret si emehcs otpyrc ym neht ,siht daer nac uoy fI
[2015/11/04 11:37:05.614] (INFO) Backed up all server logs.
[2015/11/04 11:37:05.614] (INFO) User "use8661" logged out due to inactivity (timeout=30 minutes).
[2015/11/04 11:37:05.614] (INFO) Network heartbeat check: All OK.
[2015/11/04 11:37:05.614] (INFO) User "rbo1461" logged in from 192.168.138.237.
[2015/11/04 11:37:05.614] (INFO) Flushed 44 buffers to disk.
[2015/11/04 11:37:05.614] (WARN) Master took 625 ms to respond (threshold=500 ms)
[2015/11/04 11:37:05.614] (INFO) User "evm8216" logged out due to inactivity (timeout=30 minutes).
[2015/11/04 11:37:05.614] (WARN) Unable to ping monitor at 10.153.59.82. Retrying.
[2015/11/04 11:37:05.614] (INFO) Your mother called. She says you never call her.
[2015/11/04 11:37:05.614] (INFO) Your mother called. She says you never call her.
[2015/11/04 11:37:05.614] (INFO) .evian ylbirret si emehcs otpyrc ym neht ,siht daer nac uoy fI
[2015/11/04 11:37:05.614] (INFO) User "cfc4084" logged out.
[2015/11/04 11:37:05.614] (WARN) There is no such thing as a free lunch.
[2015/11/04 11:37:05.614] (INFO) Checkpointing off-heap server memory...
[2015/11/04 11:37:05.614] (WARN) There is no such thing as a free lunch.
[2015/11/04 11:37:05.614] (INFO) Device 0xd17a is online.
[2015/11/04 11:37:05.614] (INFO) Sending SIGTERM to 4 excess workers.
[2015/11/04 11:37:05.614] (INFO) Alien monitor (aliend): Detected no space aliens.
[2015/11/04 11:37:05.614] (INFO) Waiting for monitor process (PID 3722) to die.
[2015/11/04 11:37:05.614] (WARN) CPU temperature exceeds 40º Celsius.
[2015/11/04 11:37:05.614] (INFO) User "jxf1266" logged out due to inactivity (timeout=30 minutes).
[2015/11/04 11:37:05.614] (INFO) User "ure2696" logged in from 10.47.45.51.
[2015/11/04 11:37:05.614] (INFO) Checkpointing off-heap server memory...
[2015/11/04 11:37:05.614] (INFO) User "ysh6419" logged out due to inactivity (timeout=30 minutes).
[2015/11/04 11:37:05.614] (INFO) Supervisor has entered RUNNING state.
[2015/11/04 11:37:05.614] (WARN) Network heartbeat check: 7 server(s) did not respond.
[2015/11/04 11:37:05.614] (INFO) Device 0x6c18 is online.
[2015/11/04 11:37:05.614] (INFO) User "lln5153" logged out.
[2015/11/04 11:37:05.614] (INFO) Device 0xb34a is online.
[2015/11/04 11:37:05.614] (ERROR) /dev/lp error: "PC LOAD LETTER"
[2015/11/04 11:37:05.614] (INFO) .evian ylbirret si emehcs otpyrc ym neht ,siht daer nac uoy fI
[2015/11/04 11:37:05.614] (INFO) .evian ylbirret si emehcs otpyrc ym neht ,siht daer nac uoy fI
[2015/11/04 11:37:05.614] (INFO) Pinging watchdog timer process: Process is alive.
[2015/11/04 11:37:05.614] (INFO) Alien monitor (aliend): Detected no space aliens.
[2015/11/04 11:37:05.614] (INFO) User "bch5332" logged out.
[2015/11/04 11:37:05.614] (INFO) Checkpointing off-heap server memory...
[2015/11/04 11:37:05.614] (INFO) Device 0x9b8f is online.
[2015/11/04 11:37:05.614] (INFO) Device 0x2c97 is online.
[2015/11/04 11:37:05.614] (INFO) Device 0x6363 is online.
[2015/11/04 11:37:05.614] (INFO) Supervisor has entered RESTARTING state.
[2015/11/04 11:37:05.614] (INFO) Device 0x8473 is online.
[2015/11/04 11:37:05.614] (WARN) Ignoring SIGTERM. It's not that easy to get rid of me.
[2015/11/04 11:37:05.614] (INFO) Supervisor has entered RUNNING state.
[2015/11/04 11:37:05.614] (INFO) Checkpointing off-heap server memory...
[2015/11/04 11:37:05.614] (INFO) Pinging watchdog timer process: Process is alive.
[2015/11/04 11:37:05.614] (INFO) .evian ylbirret si emehcs otpyrc ym neht ,siht daer nac uoy fI
[2015/11/04 11:37:05.614] (WARN) Space on disk /dev/sdc1 is low: Only 369 MB available.
[2015/11/04 11:37:05.614] (INFO) Waiting for monitor process (PID 3094) to die.
[2015/11/04 11:37:05.614] (INFO) Checked file systems for errors: All filesystems OK.
[2015/11/04 11:37:05.614] (INFO) Checkpointing off-heap server memory...
[2015/11/04 11:37:05.614] (INFO) Checked file systems for errors: All filesystems OK.
[2015/11/04 11:37:05.614] (INFO) User "nhr6696" logged out.
[2015/11/04 11:37:05.614] (INFO) Sending SIGTERM to 3 excess workers.
[2015/11/04 11:37:05.614] (INFO) Backed up all server logs.
[2015/11/04 11:37:05.614] (INFO) User "avy2235" logged out.
[2015/11/04 11:37:05.614] (INFO) Rolling 2 log file(s)...
[2015/11/04 11:37:05.614] (INFO) Checked file systems for errors: All filesystems OK.
[2015/11/04 11:37:05.614] (INFO) Supervisor has entered RESTARTING state.
[2015/11/04 11:37:05.614] (WARN) Space on disk /dev/sdf4 is low: Only 750 MB available.
[2015/11/04 11:37:05.614] (ERROR) Failed to open "/mnt/fileserver02/Sjakv50589.tsv": NFS timeout.
[2015/11/04 11:37:05.614] (INFO) Pinging watchdog timer process: Process is alive.
[2015/11/04 11:37:05.614] (INFO) Waiting for worker process (PID 35958) to die.
[2015/11/04 11:37:05.614] (INFO) User "ahi6784" logged out.
[2015/11/04 11:37:05.614] (INFO) Your mother called. She says you never call her.
[2015/11/04 11:37:05.614] (INFO) Your mother called. She says you never call her.
[2015/11/04 11:37:05.614] (ERROR) Server log backup FAILED. See backup logs.
[2015/11/04 11:37:06.113] (INFO) User "jwk3861" logged out due to inactivity (timeout=30 minutes).
[2015/11/04 11:37:06.114] (INFO) Waiting for worker process (PID 50684) to die.
[2015/11/04 11:37:06.114] (INFO) Alien monitor (aliend): Detected no space aliens.
[2015/11/04 11:37:06.114] (WARN) Network heartbeat check: 12 server(s) did not respond.
[2015/11/04 11:37:06.114] (INFO) User "cvy5928" logged out due to inactivity (timeout=30 minutes).
[2015/11/04 11:37:06.114] (INFO) Pinging watchdog timer process: Process is alive.
[2015/11/04 11:37:06.114] (WARN) Backup server 192.168.47.84 is offline.
[2015/11/04 11:37:06.114] (INFO) Alien monitor (aliend): Detected no space aliens.
[2015/11/04 11:37:06.114] (INFO) User "qrv6957" logged out.
[2015/11/04 11:37:06.114] (INFO) User "mok7017" logged out.
[2015/11/04 11:37:06.114] (INFO) User "gth3088" logged out.
[2015/11/04 11:37:06.114] (INFO) Pinging watchdog timer process: Process is alive.
[2015/11/04 11:37:06.114] (INFO) Checked file systems for errors: All filesystems OK.
[2015/11/04 11:37:06.114] (INFO) .evian ylbirret si emehcs otpyrc ym neht ,siht daer nac uoy fI
[2015/11/04 11:37:06.114] (INFO) .evian ylbirret si emehcs otpyrc ym neht ,siht daer nac uoy fI
[2015/11/04 11:37:06.114] (INFO) User "dff6584" logged in from 10.185.180.155.
[2015/11/04 11:37:06.114] (INFO) User "gdd9058" logged out due to inactivity (timeout=30 minutes).
[2015/11/04 11:37:06.114] (INFO) Backed up all server logs.
[2015/11/04 11:37:06.114] (INFO) Device 0x8eb5 is online.
[2015/11/04 11:37:06.114] (WARN) Unable to ping monitor at 172.16.155.5. Retrying.
[2015/11/04 11:37:06.114] (INFO) Device 0xdca5 is online.
[2015/11/04 11:37:06.114] (INFO) Network heartbeat check: All OK.
[2015/11/04 11:37:06.114] (ERROR) /dev/lp error: "PC LOAD LETTER"
[2015/11/04 11:37:06.114] (INFO) Pinging watchdog timer process: Process is alive.
[2015/11/04 11:37:06.114] (INFO) Checkpointing off-heap server memory...
[2015/11/04 11:37:06.114] (INFO) .evian ylbirret si emehcs otpyrc ym neht ,siht daer nac uoy fI
[2015/11/04 11:37:06.114] (INFO) Sending SIGTERM to 3 excess workers.
[2015/11/04 11:37:06.114] (INFO) Device 0x9667 is online.
[2015/11/04 11:37:06.114] (INFO) Sending SIGTERM to 2 excess workers.
[2015/11/04 11:37:06.114] (INFO) Supervisor has entered SUSPENDED state.
[2015/11/04 11:37:06.114] (INFO) Rolling 2 log file(s)...
[2015/11/04 11:37:06.114] (ERROR) User "lis5213" failed to log in 3 times. Disabling account.
[2015/11/04 11:37:06.114] (WARN) Space on disk /dev/sdf1 is low: Only 319 MB available.
[2015/11/04 11:37:06.114] (INFO) .evian ylbirret si emehcs otpyrc ym neht ,siht daer nac uoy fI
[2015/11/04 11:37:06.114] (INFO) .evian ylbirret si emehcs otpyrc ym neht ,siht daer nac uoy fI
[2015/11/04 11:37:06.114] (INFO) User "ydl1450" logged out.
[2015/11/04 11:37:06.114] (WARN) Dropped 2,569 corrupt data packets.
[2015/11/04 11:37:06.114] (INFO) Pinging watchdog timer process: Process is alive.
[2015/11/04 11:37:06.114] (INFO) Your mother called. She says you never call her.
[2015/11/04 11:37:06.114] (WARN) Space on disk /dev/sdd4 is low: Only 362 MB available.
[2015/11/04 11:37:06.114] (INFO) Waiting for supervisor process (PID 34537) to die.
[2015/11/04 11:37:06.114] (INFO) Network heartbeat check: All OK.
[2015/11/04 11:37:06.114] (INFO) Sending SIGTERM to 4 excess workers.
[2015/11/04 11:37:06.114] (INFO) User "ctq2717" logged out due to inactivity (timeout=30 minutes).
[2015/11/04 11:37:06.114] (WARN) Dropped 5,193 corrupt data packets.
[2015/11/04 11:37:06.114] (INFO) Backed up all server logs.
[2015/11/04 11:37:06.114] (WARN) Master took 597 ms to respond (threshold=500 ms)
[2015/11/04 11:37:06.114] (INFO) User "tji2432" logged out.
[2015/11/04 11:37:06.114] (INFO) Checkpointing off-heap server memory...
[2015/11/04 11:37:06.114] (INFO) User "mho2396" logged out due to inactivity (timeout=30 minutes).
[2015/11/04 11:37:06.114] (INFO) Rolling 8 log file(s)...
[2015/11/04 11:37:06.114] (INFO) Flushed 43 buffers to disk.
[2015/11/04 11:37:06.114] (INFO) User "bzg2718" logged in from 172.16.92.137.
[2015/11/04 11:37:06.114] (INFO) Pinging watchdog timer process: Process is alive.
[2015/11/04 11:37:06.114] (INFO) User "bgg7453" logged in from 172.16.58.61.
[2015/11/04 11:37:06.114] (INFO) Checked file systems for errors: All filesystems OK.
[2015/11/04 11:37:06.114] (INFO) Rolling 7 log file(s)...
[2015/11/04 11:37:06.114] (INFO) Checkpointing off-heap server memory...
[2015/11/04 11:37:06.114] (INFO) Flushed 96 buffers to disk.
[2015/11/04 11:37:06.114] (INFO) Backed up all server logs.
[2015/11/04 11:37:06.114] (INFO) Checkpointing off-heap server memory...
[2015/11/04 11:37:06.114] (INFO) Sending SIGTERM to 3 excess workers.
[2015/11/04 11:37:06.114] (INFO) .evian ylbirret si emehcs otpyrc ym neht ,siht daer nac uoy fI
[2015/11/04 11:37:06.114] (INFO) User "bna8001" logged out due to inactivity (timeout=30 minutes).
[2015/11/04 11:37:06.114] (WARN) Space on disk /dev/sdb2 is low: Only 358 MB available.
[2015/11/04 11:37:06.114] (INFO) Rolling 4 log file(s)...
[2015/11/04 11:37:06.114] (INFO) Rolling 9 log file(s)...
[2015/11/04 11:37:06.114] (INFO) Checkpointing off-heap server memory...
[2015/11/04 11:37:06.114] (INFO) Pinging watchdog timer process: Process is alive.
[2015/11/04 11:37:06.114] (INFO) Pinging watchdog timer process: Process is alive.
[2015/11/04 11:37:06.114] (ERROR) Device 0x6e6f is offline
[2015/11/04 11:37:06.114] (ERROR) Detected incoming DDoS from 192.168.101.116.
[2015/11/04 11:37:06.114] (INFO) User "wxb9689" logged in from 10.141.45.165.
[2015/11/04 11:37:06.114] (INFO) Checked file systems for errors: All filesystems OK.
[2015/11/04 11:37:06.114] (INFO) Sending SIGTERM to 2 excess workers.
[2015/11/04 11:37:06.114] (INFO) Alien monitor (aliend): Detected no space aliens.
[2015/11/04 11:37:06.114] (INFO) Alien monitor (aliend): Detected no space aliens.
[2015/11/04 11:37:06.114] (INFO) Flushed 55 buffers to disk.
[2015/11/04 11:37:06.114] (INFO) Alien monitor (aliend): Detected no space aliens.
[2015/11/04 11:37:06.114] (INFO) Checkpointing off-heap server memory...
[2015/11/04 11:37:06.114] (INFO) User "yoe5473" logged out due to inactivity (timeout=30 minutes).
[2015/11/04 11:37:06.114] (INFO) .evian ylbirret si emehcs otpyrc ym neht ,siht daer nac uoy fI
[2015/11/04 11:37:06.114] (INFO) Checked file systems for errors: All filesystems OK.
[2015/11/04 11:37:06.114] (WARN) Retrying server log checkpoint.
[2015/11/04 11:37:06.114] (INFO) Checkpointing off-heap server memory...
[2015/11/04 11:37:06.114] (WARN) Network heartbeat check: 3 server(s) did not respond.
[2015/11/04 11:37:06.114] (INFO) Checked file systems for errors: All filesystems OK.
[2015/11/04 11:37:06.114] (INFO) Sending SIGTERM to 2 excess workers.
[2015/11/04 11:37:06.114] (INFO) Waiting for supervisor process (PID 23350) to die.
[2015/11/04 11:37:06.114] (WARN) Master took 508 ms to respond (threshold=500 ms)
[2015/11/04 11:37:06.114] (INFO) Checked file systems for errors: All filesystems OK.
[2015/11/04 11:37:06.114] (ERROR) "/var/data/KnQrI82253.txt": No such file or directory (ENOENT)
[2015/11/04 11:37:06.114] (INFO) Checked file systems for errors: All filesystems OK.
[2015/11/04 11:37:06.114] (ERROR) Network heartbeat check FAILED: Master host down?
[2015/11/04 11:37:06.114] (INFO) Rolling 2 log file(s)...
[2015/11/04 11:37:06.114] (INFO) Network heartbeat check: All OK.
[2015/11/04 11:37:06.114] (INFO) Waiting for worker process (PID 2199) to die.
[2015/11/04 11:37:06.114] (INFO) Sending SIGTERM to 4 excess workers.
[2015/11/04 11:37:06.114] (INFO) Network heartbeat check: All OK.
[2015/11/04 11:37:06.114] (INFO) Network heartbeat check: All OK.
[2015/11/04 11:37:06.613] (WARN) Possible cyber-attack from Russia.
[2015/11/04 11:37:06.613] (INFO) Checkpointing off-heap server memory...
[2015/11/04 11:37:06.613] (INFO) Sending SIGTERM to 3 excess workers.
[2015/11/04 11:37:06.613] (INFO) Pinging watchdog timer process: Process is alive.
[2015/11/04 11:37:06.613] (ERROR) Failed to open "/mnt/fileserver02/iNkVw75728.xml": NFS timeout.
[2015/11/04 11:37:06.613] (WARN) Network heartbeat check: 16 server(s) did not respond.
[2015/11/04 11:37:06.613] (INFO) Pinging watchdog timer process: Process is alive.
[2015/11/04 11:37:06.613] (INFO) .evian ylbirret si emehcs otpyrc ym neht ,siht daer nac uoy fI
[2015/11/04 11:37:06.613] (INFO) Checked file systems for errors: All filesystems OK.
[2015/11/04 11:37:06.613] (INFO) Your mother called. She says you never call her.
[2015/11/04 11:37:06.613] (ERROR) One of the flayrods has gone out askew on treadle.
[2015/11/04 11:37:06.613] (INFO) User "utv5017" logged out.
[2015/11/04 11:37:06.613] (INFO) User "bec9781" logged out.
[2015/11/04 11:37:06.613] (WARN) CPU temperature exceeds 40º Celsius.
[2015/11/04 11:37:06.613] (INFO) .evian ylbirret si emehcs otpyrc ym neht ,siht daer nac uoy fI
[2015/11/04 11:37:06.613] (INFO) Supervisor has entered WAITING state.
[2015/11/04 11:37:06.613] (INFO) Network heartbeat check: All OK.
[2015/11/04 11:37:06.613] (INFO) Network heartbeat check: All OK.
[2015/11/04 11:37:06.613] (INFO) Backed up all server logs.
[2015/11/04 11:37:06.613] (INFO) .evian ylbirret si emehcs otpyrc ym neht ,siht daer nac uoy fI
[2015/11/04 11:37:06.613] (INFO) Alien monitor (aliend): Detected no space aliens.
[2015/11/04 11:37:06.613] (INFO) Pinging watchdog timer process: Process is alive.
[2015/11/04 11:37:06.613] (INFO) Alien monitor (aliend): Detected no space aliens.
[2015/11/04 11:37:06.613] (INFO) Your mother called. She says you never call her.
[2015/11/04 11:37:06.614] (WARN) There is no such thing as a free lunch.
[2015/11/04 11:37:06.614] (INFO) Network heartbeat check: All OK.
[2015/11/04 11:37:06.614] (INFO) Rolling 4 log file(s)...
[2015/11/04 11:37:06.614] (INFO) Network heartbeat check: All OK.
[2015/11/04 11:37:06.614] (INFO) Waiting for worker process (PID 39576) to die.
[2015/11/04 11:37:06.614] (INFO) Rolling 6 log file(s)...
[2015/11/04 11:37:06.614] (INFO) Flushed 81 buffers to disk.
[2015/11/04 11:37:06.614] (INFO) Device 0xdbac is online.
[2015/11/04 11:37:06.614] (ERROR) "/var/data/tuMNb63426.csv": Permission denied (EACCES)
[2015/11/04 11:37:06.614] (INFO) User "shk9537" logged out due to inactivity (timeout=30 minutes).
[2015/11/04 11:37:06.614] (INFO) Sending SIGTERM to 2 excess workers.
[2015/11/04 11:37:06.614] (WARN) Ignoring SIGTERM. It's not that easy to get rid of me.
[2015/11/04 11:37:06.614] (INFO) User "kkf3445" logged out.
[2015/11/04 11:37:06.614] (WARN) Possible cyber-attack from Alpha Centauri.
[2015/11/04 11:37:06.614] (INFO) User "zut9910" logged in from 10.122.144.134.
[2015/11/04 11:37:06.614] (INFO) Waiting for monitor process (PID 26882) to die.
[2015/11/04 11:37:06.614] (ERROR) "/var/data/nmMKq82750.tar.gz": No such file or directory (ENOENT)
[2015/11/04 11:37:06.614] (INFO) Checked file systems for errors: All filesystems OK.
[2015/11/04 11:37:06.614] (INFO) Checkpointing off-heap server memory...
[2015/11/04 11:37:06.614] (INFO) Supervisor has entered RUNNING state.
[2015/11/04 11:37:06.614] (INFO) User "lvi2043" logged out.
[2015/11/04 11:37:06.614] (ERROR) Failed to open "/mnt/fileserver01/VgmuS66137.txt": NFS timeout.
[2015/11/04 11:37:06.614] (ERROR) Detected clock skew! Restarting NTP server.
[2015/11/04 11:37:06.614] (INFO) .evian ylbirret si emehcs otpyrc ym neht ,siht daer nac uoy fI
[2015/11/04 11:37:06.614] (INFO) Checked file systems for errors: All filesystems OK.
[2015/11/04 11:37:06.614] (INFO) Waiting for worker process (PID 1291) to die.
[2015/11/04 11:37:06.614] (INFO) Sending SIGTERM to 3 excess workers.
[2015/11/04 11:37:06.614] (INFO) Rolling 2 log file(s)...
[2015/11/04 11:37:06.614] (WARN) Space on disk /dev/sdd4 is low: Only 620 MB available.
[2015/11/04 11:37:06.614] (INFO) User "kzp2255" logged out.
[2015/11/04 11:37:06.614] (INFO) User "pzc7553" logged out due to inactivity (timeout=30 minutes).
[2015/11/04 11:37:06.614] (INFO) Supervisor has entered WAITING state.
[2015/11/04 11:37:06.614] (INFO) Checkpointing off-heap server memory...
[2015/11/04 11:37:06.614] (INFO) Flushed 47 buffers to disk.
[2015/11/04 11:37:06.614] (INFO) Alien monitor (aliend): Detected no space aliens.
[2015/11/04 11:37:06.614] (INFO) Backed up all server logs.
[2015/11/04 11:37:06.614] (INFO) User "kyn6745" logged out.
[2015/11/04 11:37:06.614] (WARN) Dropped 9,932 corrupt data packets.
[2015/11/04 11:37:06.614] (INFO) Your mother called. She says you never call her.
[2015/11/04 11:37:06.614] (INFO) Sending SIGTERM to 3 excess workers.
[2015/11/04 11:37:06.614] (INFO) Flushed 78 buffers to disk.
[2015/11/04 11:37:06.614] (INFO) Supervisor has entered WAITING state.
[2015/11/04 11:37:06.614] (INFO) Supervisor has entered SUSPENDED state.
[2015/11/04 11:37:06.614] (INFO) Backed up all server logs.
[2015/11/04 11:37:06.614] (INFO) Waiting for monitor process (PID 56390) to die.
[2015/11/04 11:37:06.614] (INFO) Alien monitor (aliend): Detected no space aliens.
[2015/11/04 11:37:06.614] (INFO) Flushed 78 buffers to disk.
[2015/11/04 11:37:06.614] (INFO) Pinging watchdog timer process: Process is alive.
[2015/11/04 11:37:06.614] (INFO) Checkpointing off-heap server memory...
[2015/11/04 11:37:06.614] (ERROR) Server log backup FAILED. See backup logs.
[2015/11/04 11:37:06.614] (INFO) Backed up all server logs.
[2015/11/04 11:37:06.614] (ERROR) /dev/lp error: "PC LOAD LETTER"
[2015/11/04 11:37:06.614] (INFO) Alien monitor (aliend): Detected no space aliens.
[2015/11/04 11:37:06.614] (INFO) Pinging watchdog timer process: Process is alive.
[2015/11/04 11:37:06.614] (INFO) .evian ylbirret si emehcs otpyrc ym neht ,siht daer nac uoy fI
[2015/11/04 11:37:06.614] (INFO) Flushed 40 buffers to disk.
[2015/11/04 11:37:06.614] (INFO) Sending SIGTERM to 3 excess workers.
[2015/11/04 11:37:06.614] (INFO) Your mother called. She says you never call her.
[2015/11/04 11:37:06.614] (INFO) User "xff1102" logged out due to inactivity (timeout=30 minutes).
[2015/11/04 11:37:06.614] (INFO) Alien monitor (aliend): Detected no space aliens.
[2015/11/04 11:37:06.614] (INFO) Supervisor has entered WAITING state.
[2015/11/04 11:37:06.614] (INFO) Waiting for worker process (PID 51754) to die.
[2015/11/04 11:37:06.614] (INFO) User "omi8699" logged out.
[2015/11/04 11:37:06.614] (ERROR) "/var/data/ZGWiW98574.zip": Permission denied (EACCES)
[2015/11/04 11:37:06.614] (INFO) Alien monitor (aliend): Detected no space aliens.
[2015/11/04 11:37:06.614] (ERROR) Extra characters at end of line.
[2015/11/04 11:37:06.614] (INFO) User "bfk6716" logged out due to inactivity (timeout=30 minutes).
[2015/11/04 11:37:06.614] (INFO) Checked file systems for errors: All filesystems OK.
[2015/11/04 11:37:06.614] (INFO) Sending SIGTERM to 2 excess workers.
[2015/11/04 11:37:06.614] (ERROR) Failed to open "/mnt/fileserver02/NqhED86035.parquet": NFS timeout.
[2015/11/04 11:37:06.614] (INFO) Backed up all server logs.
[2015/11/04 11:37:06.614] (INFO) .evian ylbirret si emehcs otpyrc ym neht ,siht daer nac uoy fI
[2015/11/04 11:37:06.614] (INFO) Flushed 28 buffers to disk.
[2015/11/04 11:37:06.614] (WARN) Watchdog timer crashed. Restarting it.
[2015/11/04 11:37:06.614] (INFO) Flushed 29 buffers to disk.
[2015/11/04 11:37:06.614] (ERROR) Extra characters at end of line.
[2015/11/04 11:37:07.116] (INFO) Alien monitor (aliend): Detected no space aliens.
[2015/11/04 11:37:07.116] (ERROR) User "bdf7651" failed to log in 3 times. Disabling account.
[2015/11/04 11:37:07.116] (INFO) Flushed 29 buffers to disk.
[2015/11/04 11:37:07.116] (INFO) Pinging watchdog timer process: Process is alive.
[2015/11/04 11:37:07.116] (INFO) Checked file systems for errors: All filesystems OK.
[2015/11/04 11:37:07.116] (INFO) Device 0xa1c8 is online.
[2015/11/04 11:37:07.116] (INFO) Backed up all server logs.
[2015/11/04 11:37:07.116] (WARN) Possible cyber-attack from Canada.
[2015/11/04 11:37:07.116] (INFO) User "ein5078" logged out due to inactivity (timeout=30 minutes).
[2015/11/04 11:37:07.116] (ERROR) EFOODFAIL (Waiter, there's a fly in my soup).
[2015/11/04 11:37:07.116] (INFO) Your mother called. She says you never call her.
[2015/11/04 11:37:07.116] (ERROR) Unable to write to "/var/data/UTaAR65142.xml": Permission denied (EACCES)
[2015/11/04 11:37:07.116] (WARN) Retrying server log checkpoint.
[2015/11/04 11:37:07.116] (INFO) Your mother called. She says you never call her.
[2015/11/04 11:37:07.116] (WARN) Unable to ping worker at 10.118.227.164. Retrying.
[2015/11/04 11:37:07.116] (INFO) Checked file systems for errors: All filesystems OK.
[2015/11/04 11:37:07.116] (INFO) Device 0xcf6a is online.
[2015/11/04 11:37:07.116] (ERROR) Worker 2 died with SIGINT. Restarting it.
[2015/11/04 11:37:07.116] (INFO) Checkpointing off-heap server memory...
[2015/11/04 11:37:07.116] (INFO) Backed up all server logs.
[2015/11/04 11:37:07.116] (INFO) Sending SIGTERM to 2 excess workers.
[2015/11/04 11:37:07.116] (INFO) Device 0x010f is online.
[2015/11/04 11:37:07.116] (WARN) Ignoring SIGTERM. It's not that easy to get rid of me.
[2015/11/04 11:37:07.116] (INFO) Supervisor has entered RUNNING state.
[2015/11/04 11:37:07.116] (INFO) Backed up all server logs.
[2015/11/04 11:37:07.116] (INFO) User "oun4953" logged out.
[2015/11/04 11:37:07.116] (INFO) Your mother called. She says you never call her.
[2015/11/04 11:37:07.116] (INFO) Checked file systems for errors: All filesystems OK.
[2015/11/04 11:37:07.116] (INFO) User "upm5468" logged out.
[2015/11/04 11:37:07.116] (INFO) Network heartbeat check: All OK.
[2015/11/04 11:37:07.116] (INFO) Supervisor has entered SUSPENDED state.
[2015/11/04 11:37:07.116] (INFO) Device 0xa6e8 is online.
[2015/11/04 11:37:07.116] (INFO) Checkpointing off-heap server memory...
[2015/11/04 11:37:07.116] (INFO) Pinging watchdog timer process: Process is alive.
[2015/11/04 11:37:07.116] (INFO) Flushed 83 buffers to disk.
[2015/11/04 11:37:07.116] (INFO) Supervisor has entered WAITING state.
[2015/11/04 11:37:07.116] (ERROR) User "lgd4729" failed to log in 3 times. Disabling account.
[2015/11/04 11:37:07.116] (INFO) Checked file systems for errors: All filesystems OK.
[2015/11/04 11:37:07.116] (INFO) Flushed 84 buffers to disk.
[2015/11/04 11:37:07.116] (INFO) Sending SIGTERM to 3 excess workers.
[2015/11/04 11:37:07.116] (INFO) Alien monitor (aliend): Detected no space aliens.
[2015/11/04 11:37:07.116] (INFO) Sending SIGTERM to 2 excess workers.
[2015/11/04 11:37:07.116] (INFO) Network heartbeat check: All OK.
[2015/11/04 11:37:07.116] (INFO) Flushed 83 buffers to disk.
[2015/11/04 11:37:07.116] (INFO) Sending SIGTERM to 3 excess workers.
[2015/11/04 11:37:07.116] (INFO) Checked file systems for errors: All filesystems OK.
[2015/11/04 11:37:07.116] (WARN) Unable to ping master at 172.16.250.196. Retrying.
[2015/11/04 11:37:07.116] (INFO) User "qbx1086" logged in from 10.172.86.12.
[2015/11/04 11:37:07.116] (WARN) Unable to ping monitor at 10.120.106.125. Retrying.
[2015/11/04 11:37:07.116] (INFO) Waiting for monitor process (PID 35663) to die.
[2015/11/04 11:37:07.116] (INFO) Sending SIGTERM to 2 excess workers.
[2015/11/04 11:37:07.116] (INFO) Flushed 22 buffers to disk.
[2015/11/04 11:37:07.116] (INFO) User "zre1130" logged in from 10.25.122.124.
[2015/11/04 11:37:07.116] (INFO) Device 0x3ea5 is online.
[2015/11/04 11:37:07.116] (INFO) Alien monitor (aliend): Detected no space aliens.
[2015/11/04 11:37:07.116] (INFO) Checkpointing off-heap server memory...
[2015/11/04 11:37:07.116] (INFO) Checkpointing off-heap server memory...
[2015/11/04 11:37:07.116] (INFO) Alien monitor (aliend): Detected no space aliens.
[2015/11/04 11:37:07.116] (ERROR) Blocked nmap traffic originating from 10.92.198.196.
[2015/11/04 11:37:07.116] (WARN) Master took 719 ms to respond (threshold=500 ms)
[2015/11/04 11:37:07.116] (INFO) Network heartbeat check: All OK.
[2015/11/04 11:37:07.116] (INFO) Backed up all server logs.
[2015/11/04 11:37:07.116] (INFO) User "jud7937" logged out.
[2015/11/04 11:37:07.116] (INFO) Supervisor has entered SUSPENDED state.
[2015/11/04 11:37:07.116] (INFO) Network heartbeat check: All OK.
[2015/11/04 11:37:07.116] (INFO) Checked file systems for errors: All filesystems OK.
[2015/11/04 11:37:07.116] (ERROR) Alien monitor (aliend): 4 space aliens are fiddling with the hardware!
[2015/11/04 11:37:07.116] (INFO) Checkpointing off-heap server memory...
[2015/11/04 11:37:07.116] (INFO) Rolling 3 log file(s)...
[2015/11/04 11:37:07.116] (ERROR) Detected incoming DDoS from 10.207.104.188.
[2015/11/04 11:37:07.116] (INFO) Checkpointing off-heap server memory...
[2015/11/04 11:37:07.116] (INFO) Network heartbeat check: All OK.
[2015/11/04 11:37:07.116] (INFO) Flushed 66 buffers to disk.
[2015/11/04 11:37:07.116] (WARN) Retrying server log checkpoint.
[2015/11/04 11:37:07.116] (INFO) Device 0x16ce is online.
[2015/11/04 11:37:07.116] (INFO) Rolling 4 log file(s)...
[2015/11/04 11:37:07.116] (INFO) Device 0x734e is online.
[2015/11/04 11:37:07.116] (INFO) Rolling 5 log file(s)...
[2015/11/04 11:37:07.116] (ERROR) User "fnt1483" failed to log in 3 times. Disabling account.
[2015/11/04 11:37:07.116] (INFO) Supervisor has entered SUSPENDED state.
[2015/11/04 11:37:07.116] (INFO) User "vja9456" logged in from 192.168.206.84.
[2015/11/04 11:37:07.116] (INFO) Flushed 84 buffers to disk.
[2015/11/04 11:37:07.116] (INFO) Flushed 30 buffers to disk.
[2015/11/04 11:37:07.116] (INFO) Rolling 6 log file(s)...
[2015/11/04 11:37:07.116] (ERROR) Device 0xad45 is offline
[2015/11/04 11:37:07.116] (INFO) Supervisor has entered WAITING state.
[2015/11/04 11:37:07.116] (INFO) Alien monitor (aliend): Detected no space aliens.
[2015/11/04 11:37:07.116] (INFO) User "ohn8948" logged out due to inactivity (timeout=30 minutes).
[2015/11/04 11:37:07.116] (INFO) Alien monitor (aliend): Detected no space aliens.
[2015/11/04 11:37:07.116] (WARN) Network heartbeat check: 14 server(s) did not respond.
[2015/11/04 11:37:07.116] (INFO) User "jzi1121" logged in from 192.168.189.6.
[2015/11/04 11:37:07.116] (INFO) User "ats1908" logged out due to inactivity (timeout=30 minutes).
[2015/11/04 11:37:07.116] (INFO) Checkpointing off-heap server memory...
[2015/11/04 11:37:07.116] (INFO) Supervisor has entered SUSPENDED state.
[2015/11/04 11:37:07.116] (INFO) User "zbh6384" logged out.
[2015/11/04 11:37:07.116] (ERROR) Detected incoming DDoS from 172.16.181.27.
[2015/11/04 11:37:07.116] (WARN) Watchdog timer crashed. Restarting it.
[2015/11/04 11:37:07.116] (ERROR) "/var/data/NEJDx63533.tar.gz": Permission denied (EACCES)
[2015/11/04 11:37:07.116] (INFO) Supervisor has entered SUSPENDED state.
[2015/11/04 11:37:07.116] (ERROR) Connection to 192.168.36.188 terminated unexpectedly. Reconnecting.
[2015/11/04 11:37:07.611] (ERROR) Extra characters at end of line.
[2015/11/04 11:37:07.611] (ERROR) Failed to open "/mnt/fileserver01/wLfvY67428.tsv": NFS timeout.
[2015/11/04 11:37:07.611] (INFO) Network heartbeat check: All OK.
[2015/11/04 11:37:07.611] (INFO) User "jyy5861" logged in from 192.168.140.141.
[2015/11/04 11:37:07.611] (INFO) Rolling 3 log file(s)...
[2015/11/04 11:37:07.611] (INFO) Supervisor has entered RESTARTING state.
[2015/11/04 11:37:07.611] (INFO) User "mbm2649" logged in from 172.16.82.207.
[2015/11/04 11:37:07.611] (WARN) There is no such thing as a free lunch.
[2015/11/04 11:37:07.612] (INFO) User "lum9932" logged out due to inactivity (timeout=30 minutes).
[2015/11/04 11:37:07.612] (INFO) Your mother called. She says you never call her.
[2015/11/04 11:37:07.612] (INFO) Device 0x1913 is online.
[2015/11/04 11:37:07.612] (INFO) Checkpointing off-heap server memory...
[2015/11/04 11:37:07.612] (INFO) Device 0x6676 is online.
[2015/11/04 11:37:07.612] (INFO) Alien monitor (aliend): Detected no space aliens.
[2015/11/04 11:37:07.612] (ERROR) Device 0x9c13 is offline
[2015/11/04 11:37:07.612] (INFO) Checkpointing off-heap server memory...
[2015/11/04 11:37:07.612] (INFO) Flushed 70 buffers to disk.
[2015/11/04 11:37:07.612] (INFO) Supervisor has entered WAITING state.
[2015/11/04 11:37:07.612] (INFO) Checkpointing off-heap server memory...
[2015/11/04 11:37:07.612] (WARN) There is no such thing as a free lunch.
[2015/11/04 11:37:07.612] (WARN) Dropped 14,860 corrupt data packets.
[2015/11/04 11:37:07.612] (INFO) Checkpointing off-heap server memory...
[2015/11/04 11:37:07.612] (INFO) Pinging watchdog timer process: Process is alive.
[2015/11/04 11:37:07.612] (WARN) Space on disk /dev/sdc2 is low: Only 740 MB available.
[2015/11/04 11:37:07.612] (ERROR) Blocked FTP traffic originating from 172.16.16.168.
[2015/11/04 11:37:07.612] (INFO) Rolling 3 log file(s)...
[2015/11/04 11:37:07.612] (INFO) Backed up all server logs.
[2015/11/04 11:37:07.612] (INFO) Supervisor has entered RESTARTING state.
[2015/11/04 11:37:07.612] (ERROR) Detected clock skew! Restarting NTP server.
[2015/11/04 11:37:07.612] (INFO) Flushed 57 buffers to disk.
[2015/11/04 11:37:07.612] (INFO) User "xcb2022" logged out.
[2015/11/04 11:37:07.612] (INFO) .evian ylbirret si emehcs otpyrc ym neht ,siht daer nac uoy fI
[2015/11/04 11:37:07.612] (INFO) Checked file systems for errors: All filesystems OK.
[2015/11/04 11:37:07.612] (ERROR) EFOODFAIL (Waiter, there's a fly in my soup).
[2015/11/04 11:37:07.612] (INFO) Network heartbeat check: All OK.
[2015/11/04 11:37:07.612] (INFO) Backed up all server logs.
[2015/11/04 11:37:07.612] (INFO) Supervisor has entered WAITING state.
[2015/11/04 11:37:07.612] (WARN) CPU temperature exceeds 40º Celsius.
[2015/11/04 11:37:07.612] (INFO) Device 0x00b3 is online.
[2015/11/04 11:37:07.612] (INFO) Flushed 52 buffers to disk.
[2015/11/04 11:37:07.612] (INFO) Rolling 9 log file(s)...
[2015/11/04 11:37:07.612] (WARN) There is no such thing as a free lunch.
[2015/11/04 11:37:07.612] (INFO) Rolling 8 log file(s)...
[2015/11/04 11:37:07.612] (INFO) Device 0x8197 is online.
[2015/11/04 11:37:07.612] (INFO) Pinging watchdog timer process: Process is alive.
[2015/11/04 11:37:07.612] (INFO) Rolling 8 log file(s)...
[2015/11/04 11:37:07.612] (INFO) User "flo2990" logged in from 172.16.222.66.
[2015/11/04 11:37:07.612] (INFO) Waiting for worker process (PID 3125) to die.
[2015/11/04 11:37:07.612] (INFO) Rolling 4 log file(s)...
[2015/11/04 11:37:07.612] (INFO) Rolling 4 log file(s)...
[2015/11/04 11:37:07.612] (WARN) There is no such thing as a free lunch.
[2015/11/04 11:37:07.612] (ERROR) Blocked Little Bobby Tables attack (https://xkcd.com/327/) from 192.168.226.102.
[2015/11/04 11:37:07.612] (ERROR) Server log backup FAILED. See backup logs.
[2015/11/04 11:37:07.612] (INFO) User "vfl1703" logged out due to inactivity (timeout=30 minutes).
[2015/11/04 11:37:07.612] (INFO) Checked file systems for errors: All filesystems OK.
[2015/11/04 11:37:07.612] (INFO) Checked file systems for errors: All filesystems OK.
[2015/11/04 11:37:07.612] (WARN) Ignoring SIGTERM. It's not that easy to get rid of me.
[2015/11/04 11:37:07.612] (INFO) Alien monitor (aliend): Detected no space aliens.
[2015/11/04 11:37:07.612] (INFO) Pinging watchdog timer process: Process is alive.
[2015/11/04 11:37:07.612] (INFO) Backed up all server logs.
[2015/11/04 11:37:07.612] (WARN) Space on disk /dev/sda3 is low: Only 505 MB available.
[2015/11/04 11:37:07.612] (INFO) Alien monitor (aliend): Detected no space aliens.
[2015/11/04 11:37:07.612] (INFO) Your mother called. She says you never call her.
[2015/11/04 11:37:07.612] (INFO) Device 0x65bd is online.
[2015/11/04 11:37:07.612] (INFO) Your mother called. She says you never call her.
[2015/11/04 11:37:07.612] (INFO) Your mother called. She says you never call her.
[2015/11/04 11:37:07.612] (INFO) Backed up all server logs.
[2015/11/04 11:37:07.612] (INFO) Alien monitor (aliend): Detected no space aliens.
[2015/11/04 11:37:07.612] (INFO) Checked file systems for errors: All filesystems OK.
[2015/11/04 11:37:07.612] (INFO) Alien monitor (aliend): Detected no space aliens.
[2015/11/04 11:37:07.612] (INFO) Network heartbeat check: All OK.
[2015/11/04 11:37:07.612] (ERROR) Server log backup FAILED. See backup logs.
[2015/11/04 11:37:07.612] (INFO) Checked file systems for errors: All filesystems OK.
[2015/11/04 11:37:07.612] (INFO) User "gkn1542" logged in from 10.53.219.100.
[2015/11/04 11:37:07.612] (INFO) Alien monitor (aliend): Detected no space aliens.
[2015/11/04 11:37:07.612] (INFO) Alien monitor (aliend): Detected no space aliens.
[2015/11/04 11:37:07.612] (WARN) Space on disk /dev/sdd3 is low: Only 590 MB available.
[2015/11/04 11:37:07.612] (INFO) Rolling 4 log file(s)...
[2015/11/04 11:37:07.612] (INFO) .evian ylbirret si emehcs otpyrc ym neht ,siht daer nac uoy fI
[2015/11/04 11:37:07.612] (INFO) User "mgx7102" logged out due to inactivity (timeout=30 minutes).
[2015/11/04 11:37:07.612] (INFO) .evian ylbirret si emehcs otpyrc ym neht ,siht daer nac uoy fI
[2015/11/04 11:37:07.612] (ERROR) One of the flayrods has gone out askew on treadle.
[2015/11/04 11:37:07.612] (WARN) Retrying server log checkpoint.
[2015/11/04 11:37:07.612] (INFO) Checked file systems for errors: All filesystems OK.
[2015/11/04 11:37:07.612] (INFO) Alien monitor (aliend): Detected no space aliens.
[2015/11/04 11:37:07.612] (INFO) Backed up all server logs.
[2015/11/04 11:37:07.612] (INFO) Network heartbeat check: All OK.
[2015/11/04 11:37:07.612] (INFO) Rolling 1 log file(s)...
[2015/11/04 11:37:07.612] (INFO) Device 0xab64 is online.
[2015/11/04 11:37:07.612] (INFO) .evian ylbirret si emehcs otpyrc ym neht ,siht daer nac uoy fI
[2015/11/04 11:37:07.612] (INFO) Checked file systems for errors: All filesystems OK.
[2015/11/04 11:37:07.612] (WARN) Retrying server log checkpoint.
[2015/11/04 11:37:07.612] (INFO) Pinging watchdog timer process: Process is alive.
[2015/11/04 11:37:07.612] (INFO) Waiting for master process (PID 5027) to die.
[2015/11/04 11:37:07.612] (INFO) Checkpointing off-heap server memory...
[2015/11/04 11:37:07.612] (INFO) Sending SIGTERM to 4 excess workers.
[2015/11/04 11:37:07.612] (INFO) Backed up all server logs.
[2015/11/04 11:37:07.612] (INFO) Rolling 3 log file(s)...
[2015/11/04 11:37:07.612] (INFO) Network heartbeat check: All OK.
[2015/11/04 11:37:07.612] (WARN) Network heartbeat check: 19 server(s) did not respond.
[2015/11/04 11:37:08.113] (INFO) Waiting for supervisor process (PID 27328) to die.
[2015/11/04 11:37:08.113] (INFO) Your mother called. She says you never call her.
[2015/11/04 11:37:08.113] (INFO) Pinging watchdog timer process: Process is alive.
[2015/11/04 11:37:08.113] (INFO) Your mother called. She says you never call her.
[2015/11/04 11:37:08.113] (INFO) Flushed 92 buffers to disk.
[2015/11/04 11:37:08.113] (INFO) Alien monitor (aliend): Detected no space aliens.
[2015/11/04 11:37:08.113] (ERROR) Network heartbeat check FAILED: Master host down?
[2015/11/04 11:37:08.113] (ERROR) Unable to authenticate user "kmq8388": LDAP server isn't responding.
[2015/11/04 11:37:08.113] (ERROR) Network heartbeat check FAILED: Master host down?
[2015/11/04 11:37:08.113] (INFO) Network heartbeat check: All OK.
[2015/11/04 11:37:08.113] (INFO) Backed up all server logs.
[2015/11/04 11:37:08.113] (ERROR) Unable to mount /dev/sdb1. (Time to run fsck?)
[2015/11/04 11:37:08.113] (INFO) User "pqq5430" logged in from 10.161.168.214.
[2015/11/04 11:37:08.113] (WARN) CPU temperature exceeds 40º Celsius.
[2015/11/04 11:37:08.113] (INFO) Sending SIGTERM to 4 excess workers.
[2015/11/04 11:37:08.113] (INFO) User "vsa2536" logged out.
[2015/11/04 11:37:08.113] (INFO) User "umg1694" logged out.
[2015/11/04 11:37:08.113] (INFO) Backed up all server logs.
[2015/11/04 11:37:08.113] (INFO) Alien monitor (aliend): Detected no space aliens.
[2015/11/04 11:37:08.113] (INFO) Sending SIGTERM to 2 excess workers.
[2015/11/04 11:37:08.113] (INFO) Waiting for monitor process (PID 63721) to die.
[2015/11/04 11:37:08.113] (INFO) Checked file systems for errors: All filesystems OK.
[2015/11/04 11:37:08.113] (INFO) .evian ylbirret si emehcs otpyrc ym neht ,siht daer nac uoy fI
[2015/11/04 11:37:08.113] (INFO) Checked file systems for errors: All filesystems OK.
[2015/11/04 11:37:08.113] (INFO) Checkpointing off-heap server memory...
[2015/11/04 11:37:08.113] (WARN) There is no such thing as a free lunch.
[2015/11/04 11:37:08.113] (INFO) Checkpointing off-heap server memory...
[2015/11/04 11:37:08.113] (INFO) Your mother called. She says you never call her.
[2015/11/04 11:37:08.113] (WARN) Dropped 6,881 corrupt data packets.
[2015/11/04 11:37:08.113] (INFO) User "ibh4628" logged out due to inactivity (timeout=30 minutes).
[2015/11/04 11:37:08.113] (INFO) Your mother called. She says you never call her.
[2015/11/04 11:37:08.113] (INFO) Rolling 3 log file(s)...
[2015/11/04 11:37:08.113] (INFO) Flushed 73 buffers to disk.
[2015/11/04 11:37:08.113] (WARN) Unable to ping worker at 172.16.134.130. Retrying.
[2015/11/04 11:37:08.113] (INFO) Network heartbeat check: All OK.
[2015/11/04 11:37:08.113] (ERROR) Connection to 172.16.201.45 terminated unexpectedly. Reconnecting.
[2015/11/04 11:37:08.113] (INFO) User "klp6697" logged out.
[2015/11/04 11:37:08.113] (INFO) User "rxn8669" logged out due to inactivity (timeout=30 minutes).
[2015/11/04 11:37:08.113] (INFO) .evian ylbirret si emehcs otpyrc ym neht ,siht daer nac uoy fI
[2015/11/04 11:37:08.113] (INFO) Waiting for supervisor process (PID 64810) to die.
[2015/11/04 11:37:08.113] (INFO) Your mother called. She says you never call her.
[2015/11/04 11:37:08.113] (INFO) Sending SIGTERM to 4 excess workers.
[2015/11/04 11:37:08.113] (INFO) Alien monitor (aliend): Detected no space aliens.
[2015/11/04 11:37:08.113] (INFO) Checked file systems for errors: All filesystems OK.
[2015/11/04 11:37:08.113] (INFO) Network heartbeat check: All OK.
[2015/11/04 11:37:08.113] (INFO) Device 0x4650 is online.
[2015/11/04 11:37:08.113] (INFO) Flushed 66 buffers to disk.
[2015/11/04 11:37:08.113] (INFO) Rolling 7 log file(s)...
[2015/11/04 11:37:08.113] (INFO) Pinging watchdog timer process: Process is alive.
[2015/11/04 11:37:08.113] (ERROR) Blocked nmap traffic originating from 192.168.208.224.
[2015/11/04 11:37:08.113] (INFO) Device 0x7a0f is online.
[2015/11/04 11:37:08.113] (INFO) Flushed 59 buffers to disk.
[2015/11/04 11:37:08.113] (INFO) Waiting for master process (PID 21531) to die.
[2015/11/04 11:37:08.113] (INFO) Alien monitor (aliend): Detected no space aliens.
[2015/11/04 11:37:08.113] (ERROR) Unable to mount /dev/sdf2. (Time to run fsck?)
[2015/11/04 11:37:08.113] (INFO) Rolling 1 log file(s)...
[2015/11/04 11:37:08.113] (INFO) Checked file systems for errors: All filesystems OK.
[2015/11/04 11:37:08.113] (INFO) User "fyp8624" logged out due to inactivity (timeout=30 minutes).
[2015/11/04 11:37:08.113] (INFO) Flushed 82 buffers to disk.
[2015/11/04 11:37:08.113] (ERROR) Alien monitor (aliend): 2 space aliens are fiddling with the hardware!
[2015/11/04 11:37:08.113] (INFO) User "imf6123" logged in from 10.155.22.53.
[2015/11/04 11:37:08.113] (INFO) Checked file systems for errors: All filesystems OK.
[2015/11/04 11:37:08.113] (INFO) Network heartbeat check: All OK.
[2015/11/04 11:37:08.113] (ERROR) Worker 7 died with SIGTERM. Restarting it.
[2015/11/04 11:37:08.113] (INFO) Flushed 21 buffers to disk.
[2015/11/04 11:37:08.113] (INFO) Checked file systems for errors: All filesystems OK.
[2015/11/04 11:37:08.113] (INFO) Checked file systems for errors: All filesystems OK.
[2015/11/04 11:37:08.113] (INFO) Pinging watchdog timer process: Process is alive.
[2015/11/04 11:37:08.113] (INFO) Network heartbeat check: All OK.
[2015/11/04 11:37:08.113] (INFO) User "adm7511" logged out due to inactivity (timeout=30 minutes).
[2015/11/04 11:37:08.113] (INFO) User "tuo7713" logged out.
[2015/11/04 11:37:08.113] (ERROR) EFOODFAIL (Waiter, there's a fly in my soup).
[2015/11/04 11:37:08.113] (INFO) Network heartbeat check: All OK.
[2015/11/04 11:37:08.113] (ERROR) /dev/lp error: "PC LOAD LETTER"
[2015/11/04 11:37:08.113] (INFO) Waiting for supervisor process (PID 41260) to die.
[2015/11/04 11:37:08.113] (INFO) Flushed 92 buffers to disk.
[2015/11/04 11:37:08.113] (INFO) User "zdf6827" logged out due to inactivity (timeout=30 minutes).
[2015/11/04 11:37:08.113] (INFO) User "ghy9051" logged out.
[2015/11/04 11:37:08.113] (ERROR) Device 0x1772 is offline
[2015/11/04 11:37:08.113] (ERROR) Detected clock skew! Restarting NTP server.
[2015/11/04 11:37:08.113] (INFO) Checkpointing off-heap server memory...
[2015/11/04 11:37:08.113] (INFO) Alien monitor (aliend): Detected no space aliens.
[2015/11/04 11:37:08.113] (ERROR) Blocked Little Bobby Tables attack (https://xkcd.com/327/) from 10.22.129.126.
[2015/11/04 11:37:08.113] (INFO) Backed up all server logs.
[2015/11/04 11:37:08.113] (INFO) .evian ylbirret si emehcs otpyrc ym neht ,siht daer nac uoy fI
[2015/11/04 11:37:08.113] (INFO) .evian ylbirret si emehcs otpyrc ym neht ,siht daer nac uoy fI
[2015/11/04 11:37:08.113] (INFO) .evian ylbirret si emehcs otpyrc ym neht ,siht daer nac uoy fI
[2015/11/04 11:37:08.113] (ERROR) User "pbi5221" failed to log in 3 times. Disabling account.
[2015/11/04 11:37:08.113] (WARN) Retrying server log checkpoint.
[2015/11/04 11:37:08.113] (INFO) Flushed 87 buffers to disk.
[2015/11/04 11:37:08.113] (INFO) User "gbn9307" logged out due to inactivity (timeout=30 minutes).
[2015/11/04 11:37:08.113] (INFO) Device 0x0e49 is online.
[2015/11/04 11:37:08.113] (ERROR) Failed to open "/mnt/fileserver01/xqICj58312.zip": NFS timeout.
[2015/11/04 11:37:08.113] (INFO) Alien monitor (aliend): Detected no space aliens.
[2015/11/04 11:37:08.113] (INFO) User "vge4608" logged out.
[2015/11/04 11:37:08.113] (INFO) Flushed 23 buffers to disk.
[2015/11/04 11:37:08.113] (ERROR) Failed to open "/mnt/fileserver01/Jkhbs67120.txt": NFS timeout.
[2015/11/04 11:37:08.113] (INFO) Checked file systems for errors: All filesystems OK.
[2015/11/04 11:37:08.113] (WARN) CPU temperature exceeds 40º Celsius.
[2015/11/04 11:37:08.113] (INFO) Checkpointing off-heap server memory...
[2015/11/04 11:37:08.614] (WARN) There is no such thing as a free lunch.
[2015/11/04 11:37:08.614] (WARN) Backup server 10.200.85.22 is offline.
[2015/11/04 11:37:08.614] (INFO) Backed up all server logs.
[2015/11/04 11:37:08.614] (INFO) User "bbf2045" logged in from 192.168.8.36.
[2015/11/04 11:37:08.614] (INFO) Rolling 2 log file(s)...
[2015/11/04 11:37:08.614] (ERROR) Worker 7 died with SIGURG. Restarting it.
[2015/11/04 11:37:08.614] (INFO) Backed up all server logs.
[2015/11/04 11:37:08.614] (INFO) Supervisor has entered RESTARTING state.
[2015/11/04 11:37:08.614] (WARN) Space on disk /dev/sdf2 is low: Only 894 MB available.
[2015/11/04 11:37:08.614] (INFO) Sending SIGTERM to 4 excess workers.
[2015/11/04 11:37:08.614] (INFO) User "azb7839" logged out.
[2015/11/04 11:37:08.614] (INFO) Supervisor has entered RUNNING state.
[2015/11/04 11:37:08.614] (INFO) User "gud1560" logged out.
[2015/11/04 11:37:08.614] (WARN) Possible cyber-attack from Antarctica.
[2015/11/04 11:37:08.614] (INFO) Device 0xab74 is online.
[2015/11/04 11:37:08.614] (INFO) Waiting for supervisor process (PID 707) to die.
[2015/11/04 11:37:08.614] (INFO) Alien monitor (aliend): Detected no space aliens.
[2015/11/04 11:37:08.614] (INFO) Flushed 77 buffers to disk.
[2015/11/04 11:37:08.614] (INFO) Checkpointing off-heap server memory...
[2015/11/04 11:37:08.614] (INFO) Sending SIGTERM to 3 excess workers.
[2015/11/04 11:37:08.614] (INFO) Checkpointing off-heap server memory...
[2015/11/04 11:37:08.614] (INFO) Network heartbeat check: All OK.
[2015/11/04 11:37:08.614] (INFO) Network heartbeat check: All OK.
[2015/11/04 11:37:08.614] (INFO) Checkpointing off-heap server memory...
[2015/11/04 11:37:08.614] (INFO) Your mother called. She says you never call her.
[2015/11/04 11:37:08.614] (INFO) Flushed 30 buffers to disk.
[2015/11/04 11:37:08.614] (INFO) User "abq8999" logged in from 192.168.180.202.
[2015/11/04 11:37:08.614] (INFO) .evian ylbirret si emehcs otpyrc ym neht ,siht daer nac uoy fI
[2015/11/04 11:37:08.614] (INFO) Pinging watchdog timer process: Process is alive.
[2015/11/04 11:37:08.614] (INFO) User "lwq2023" logged in from 10.115.44.101.
[2015/11/04 11:37:08.614] (INFO) Supervisor has entered SUSPENDED state.
[2015/11/04 11:37:08.614] (INFO) User "jtm4634" logged in from 172.16.81.233.
[2015/11/04 11:37:08.614] (INFO) User "mds2444" logged out due to inactivity (timeout=30 minutes).
[2015/11/04 11:37:08.614] (INFO) Supervisor has entered RESTARTING state.
[2015/11/04 11:37:08.614] (INFO) User "kmy1590" logged out.
[2015/11/04 11:37:08.614] (INFO) Supervisor has entered SUSPENDED state.
[2015/11/04 11:37:08.614] (INFO) Supervisor has entered RUNNING state.
[2015/11/04 11:37:08.614] (INFO) User "tdd4517" logged out.
[2015/11/04 11:37:08.614] (INFO) Flushed 84 buffers to disk.
[2015/11/04 11:37:08.614] (INFO) .evian ylbirret si emehcs otpyrc ym neht ,siht daer nac uoy fI
[2015/11/04 11:37:08.614] (ERROR) Unable to authenticate user "ykx5631": LDAP server isn't responding.
[2015/11/04 11:37:08.614] (ERROR) Alien monitor (aliend): 3 space aliens are fiddling with the hardware!
[2015/11/04 11:37:08.614] (ERROR) User "zix3102" failed to log in 3 times. Disabling account.
[2015/11/04 11:37:08.614] (ERROR) Detected incoming DDoS from 10.38.183.1.
[2015/11/04 11:37:08.614] (INFO) Device 0xed12 is online.
[2015/11/04 11:37:08.614] (INFO) Pinging watchdog timer process: Process is alive.
[2015/11/04 11:37:08.614] (INFO) User "xll6915" logged out.
[2015/11/04 11:37:08.614] (WARN) Watchdog timer crashed. Restarting it.
[2015/11/04 11:37:08.614] (INFO) Sending SIGTERM to 3 excess workers.
[2015/11/04 11:37:08.614] (INFO) Waiting for supervisor process (PID 45539) to die.
[2015/11/04 11:37:08.614] (INFO) User "zwx9499" logged out.
[2015/11/04 11:37:08.614] (INFO) Sending SIGTERM to 3 excess workers.
[2015/11/04 11:37:08.614] (INFO) Network heartbeat check: All OK.
[2015/11/04 11:37:08.614] (INFO) Your mother called. She says you never call her.
[2015/11/04 11:37:08.615] (INFO) Backed up all server logs.
[2015/11/04 11:37:08.615] (INFO) Network heartbeat check: All OK.
[2015/11/04 11:37:08.615] (ERROR) Blocked Little Bobby Tables attack (https://xkcd.com/327/) from 172.16.202.138.
[2015/11/04 11:37:08.615] (INFO) User "qta7190" logged in from 172.16.200.85.
[2015/11/04 11:37:08.615] (INFO) Your mother called. She says you never call her.
[2015/11/04 11:37:08.615] (INFO) .evian ylbirret si emehcs otpyrc ym neht ,siht daer nac uoy fI
[2015/11/04 11:37:08.615] (INFO) User "nvp5030" logged out due to inactivity (timeout=30 minutes).
[2015/11/04 11:37:08.615] (INFO) Device 0x3a22 is online.
[2015/11/04 11:37:08.615] (INFO) Supervisor has entered SUSPENDED state.
[2015/11/04 11:37:08.615] (INFO) Network heartbeat check: All OK.
[2015/11/04 11:37:08.615] (INFO) Checked file systems for errors: All filesystems OK.
[2015/11/04 11:37:08.615] (WARN) Network heartbeat check: 17 server(s) did not respond.
[2015/11/04 11:37:08.615] (INFO) Waiting for monitor process (PID 44925) to die.
[2015/11/04 11:37:08.615] (INFO) .evian ylbirret si emehcs otpyrc ym neht ,siht daer nac uoy fI
[2015/11/04 11:37:08.615] (ERROR) Detected clock skew! Restarting NTP server.
[2015/11/04 11:37:08.615] (ERROR) Blocked FTP traffic originating from 192.168.229.247.
[2015/11/04 11:37:08.615] (INFO) Rolling 5 log file(s)...
[2015/11/04 11:37:08.615] (INFO) Supervisor has entered RESTARTING state.
[2015/11/04 11:37:08.615] (INFO) Flushed 20 buffers to disk.
[2015/11/04 11:37:08.615] (INFO) Alien monitor (aliend): Detected no space aliens.
[2015/11/04 11:37:08.615] (INFO) User "adf6321" logged in from 172.16.17.194.
[2015/11/04 11:37:08.615] (INFO) Checkpointing off-heap server memory...
[2015/11/04 11:37:08.615] (INFO) Rolling 6 log file(s)...
[2015/11/04 11:37:08.615] (ERROR) Blocked SSH traffic originating from 10.133.247.144.
[2015/11/04 11:37:08.615] (INFO) User "adx8125" logged in from 192.168.221.158.
[2015/11/04 11:37:08.615] (INFO) Waiting for master process (PID 16740) to die.
[2015/11/04 11:37:08.615] (INFO) User "eeh4589" logged out due to inactivity (timeout=30 minutes).
[2015/11/04 11:37:08.615] (INFO) Network heartbeat check: All OK.
[2015/11/04 11:37:08.615] (INFO) User "ckc9705" logged in from 192.168.52.167.
[2015/11/04 11:37:08.615] (INFO) Network heartbeat check: All OK.
[2015/11/04 11:37:08.615] (WARN) There is no such thing as a free lunch.
[2015/11/04 11:37:08.615] (INFO) User "sso1566" logged in from 172.16.113.249.
[2015/11/04 11:37:08.615] (INFO) Network heartbeat check: All OK.
[2015/11/04 11:37:08.615] (INFO) Supervisor has entered RUNNING state.
[2015/11/04 11:37:08.615] (INFO) Rolling 5 log file(s)...
[2015/11/04 11:37:08.615] (INFO) Sending SIGTERM to 3 excess workers.
[2015/11/04 11:37:08.615] (INFO) Waiting for master process (PID 64850) to die.
[2015/11/04 11:37:08.615] (INFO) .evian ylbirret si emehcs otpyrc ym neht ,siht daer nac uoy fI
[2015/11/04 11:37:08.615] (INFO) User "cyx1818" logged in from 10.207.228.231.
[2015/11/04 11:37:08.615] (INFO) Rolling 9 log file(s)...
[2015/11/04 11:37:08.615] (WARN) Backup server 172.16.187.230 is offline.
[2015/11/04 11:37:08.615] (WARN) Space on disk /dev/sdd3 is low: Only 878 MB available.
[2015/11/04 11:37:08.615] (INFO) Checked file systems for errors: All filesystems OK.
[2015/11/04 11:37:08.615] (INFO) Checked file systems for errors: All filesystems OK.
[2015/11/04 11:37:08.615] (INFO) .evian ylbirret si emehcs otpyrc ym neht ,siht daer nac uoy fI
[2015/11/04 11:37:08.615] (INFO) Rolling 1 log file(s)...
[2015/11/04 11:37:09.112] (ERROR) Blocked SSH traffic originating from 192.168.95.132.
[2015/11/04 11:37:09.112] (INFO) Pinging watchdog timer process: Process is alive.
[2015/11/04 11:37:09.112] (WARN) Possible cyber-attack from Antarctica.
[2015/11/04 11:37:09.112] (WARN) Space on disk /dev/sdf3 is low: Only 684 MB available.
[2015/11/04 11:37:09.112] (INFO) .evian ylbirret si emehcs otpyrc ym neht ,siht daer nac uoy fI
[2015/11/04 11:37:09.112] (WARN) CPU temperature exceeds 40º Celsius.
[2015/11/04 11:37:09.112] (WARN) Master took 579 ms to respond (threshold=500 ms)
[2015/11/04 11:37:09.112] (INFO) Network heartbeat check: All OK.
[2015/11/04 11:37:09.112] (INFO) Rolling 6 log file(s)...
[2015/11/04 11:37:09.112] (INFO) Sending SIGTERM to 3 excess workers.
[2015/11/04 11:37:09.112] (WARN) Unable to ping master at 10.95.107.219. Retrying.
[2015/11/04 11:37:09.112] (INFO) Waiting for worker process (PID 38015) to die.
[2015/11/04 11:37:09.112] (INFO) Waiting for monitor process (PID 29803) to die.
[2015/11/04 11:37:09.112] (INFO) Backed up all server logs.
[2015/11/04 11:37:09.112] (INFO) Device 0x2640 is online.
[2015/11/04 11:37:09.112] (INFO) Flushed 99 buffers to disk.
[2015/11/04 11:37:09.112] (INFO) Pinging watchdog timer process: Process is alive.
[2015/11/04 11:37:09.112] (INFO) Device 0x1a13 is online.
[2015/11/04 11:37:09.112] (INFO) Checked file systems for errors: All filesystems OK.
[2015/11/04 11:37:09.112] (INFO) Checkpointing off-heap server memory...
[2015/11/04 11:37:09.112] (WARN) Master took 831 ms to respond (threshold=500 ms)
[2015/11/04 11:37:09.112] (INFO) User "rlb9656" logged out.
[2015/11/04 11:37:09.112] (INFO) Your mother called. She says you never call her.
[2015/11/04 11:37:09.112] (INFO) .evian ylbirret si emehcs otpyrc ym neht ,siht daer nac uoy fI
[2015/11/04 11:37:09.112] (INFO) Supervisor has entered RESTARTING state.
[2015/11/04 11:37:09.112] (INFO) Device 0x74e4 is online.
[2015/11/04 11:37:09.112] (INFO) User "gfy1500" logged out due to inactivity (timeout=30 minutes).
[2015/11/04 11:37:09.112] (INFO) Device 0x342b is online.
[2015/11/04 11:37:09.112] (INFO) Waiting for supervisor process (PID 44606) to die.
[2015/11/04 11:37:09.112] (INFO) Device 0x4609 is online.
[2015/11/04 11:37:09.112] (WARN) Space on disk /dev/sdd3 is low: Only 793 MB available.
[2015/11/04 11:37:09.112] (INFO) User "vmj7286" logged out.
[2015/11/04 11:37:09.112] (INFO) .evian ylbirret si emehcs otpyrc ym neht ,siht daer nac uoy fI
[2015/11/04 11:37:09.112] (WARN) Unable to ping supervisor at 172.16.199.190. Retrying.
[2015/11/04 11:37:09.112] (INFO) Pinging watchdog timer process: Process is alive.
[2015/11/04 11:37:09.112] (INFO) Flushed 97 buffers to disk.
[2015/11/04 11:37:09.112] (INFO) Pinging watchdog timer process: Process is alive.
[2015/11/04 11:37:09.112] (INFO) Flushed 94 buffers to disk.
[2015/11/04 11:37:09.112] (INFO) .evian ylbirret si emehcs otpyrc ym neht ,siht daer nac uoy fI
[2015/11/04 11:37:09.112] (INFO) Pinging watchdog timer process: Process is alive.
[2015/11/04 11:37:09.112] (INFO) Rolling 7 log file(s)...
[2015/11/04 11:37:09.112] (INFO) Checked file systems for errors: All filesystems OK.
[2015/11/04 11:37:09.112] (INFO) User "gus5037" logged out due to inactivity (timeout=30 minutes).
[2015/11/04 11:37:09.112] (INFO) Your mother called. She says you never call her.
[2015/11/04 11:37:09.112] (INFO) Checkpointing off-heap server memory...
[2015/11/04 11:37:09.112] (INFO) User "uui9021" logged in from 10.209.45.193.
[2015/11/04 11:37:09.112] (INFO) Alien monitor (aliend): Detected no space aliens.
[2015/11/04 11:37:09.112] (INFO) Sending SIGTERM to 3 excess workers.
[2015/11/04 11:37:09.113] (ERROR) Detected incoming DDoS from 10.140.95.85.
[2015/11/04 11:37:09.113] (INFO) User "lji6304" logged out.
[2015/11/04 11:37:09.113] (INFO) Your mother called. She says you never call her.
[2015/11/04 11:37:09.113] (WARN) Space on disk /dev/sdf2 is low: Only 452 MB available.
[2015/11/04 11:37:09.113] (INFO) Network heartbeat check: All OK.
[2015/11/04 11:37:09.113] (INFO) Your mother called. She says you never call her.
[2015/11/04 11:37:09.113] (INFO) Backed up all server logs.
[2015/11/04 11:37:09.113] (INFO) .evian ylbirret si emehcs otpyrc ym neht ,siht daer nac uoy fI
[2015/11/04 11:37:09.113] (INFO) Network heartbeat check: All OK.
[2015/11/04 11:37:09.113] (INFO) User "ein8830" logged out due to inactivity (timeout=30 minutes).
[2015/11/04 11:37:09.113] (INFO) Flushed 20 buffers to disk.
[2015/11/04 11:37:09.113] (INFO) Device 0xa5eb is online.
[2015/11/04 11:37:09.113] (INFO) Pinging watchdog timer process: Process is alive.
[2015/11/04 11:37:09.113] (INFO) Supervisor has entered WAITING state.
[2015/11/04 11:37:09.113] (INFO) Checkpointing off-heap server memory...
[2015/11/04 11:37:09.113] (INFO) Your mother called. She says you never call her.
[2015/11/04 11:37:09.113] (INFO) Network heartbeat check: All OK.
[2015/11/04 11:37:09.113] (INFO) Pinging watchdog timer process: Process is alive.
[2015/11/04 11:37:09.113] (INFO) Alien monitor (aliend): Detected no space aliens.
[2015/11/04 11:37:09.113] (INFO) Rolling 1 log file(s)...
[2015/11/04 11:37:09.113] (INFO) Checkpointing off-heap server memory...
[2015/11/04 11:37:09.113] (INFO) Sending SIGTERM to 3 excess workers.
[2015/11/04 11:37:09.113] (ERROR) One of the flayrods has gone out askew on treadle.
[2015/11/04 11:37:09.113] (INFO) Supervisor has entered RESTARTING state.
[2015/11/04 11:37:09.113] (INFO) Checked file systems for errors: All filesystems OK.
[2015/11/04 11:37:09.113] (INFO) Checkpointing off-heap server memory...
[2015/11/04 11:37:09.113] (INFO) Checked file systems for errors: All filesystems OK.
[2015/11/04 11:37:09.113] (ERROR) Connection to 192.168.141.47 terminated unexpectedly. Reconnecting.
[2015/11/04 11:37:09.113] (INFO) .evian ylbirret si emehcs otpyrc ym neht ,siht daer nac uoy fI
[2015/11/04 11:37:09.113] (WARN) Possible cyber-attack from The Cayman Islands.
[2015/11/04 11:37:09.113] (WARN) There is no such thing as a free lunch.
[2015/11/04 11:37:09.113] (INFO) User "pgr9291" logged in from 10.98.202.160.
[2015/11/04 11:37:09.113] (INFO) Checkpointing off-heap server memory...
[2015/11/04 11:37:09.113] (INFO) Backed up all server logs.
[2015/11/04 11:37:09.113] (INFO) Pinging watchdog timer process: Process is alive.
[2015/11/04 11:37:09.113] (ERROR) Device 0x3f71 is offline
[2015/11/04 11:37:09.113] (ERROR) Connection to 172.16.76.180 terminated unexpectedly. Reconnecting.
[2015/11/04 11:37:09.113] (INFO) Device 0x6db6 is online.
[2015/11/04 11:37:09.113] (INFO) Waiting for supervisor process (PID 24720) to die.
[2015/11/04 11:37:09.113] (INFO) Flushed 41 buffers to disk.
[2015/11/04 11:37:09.113] (INFO) User "yey7816" logged out due to inactivity (timeout=30 minutes).
[2015/11/04 11:37:09.113] (INFO) Your mother called. She says you never call her.
[2015/11/04 11:37:09.113] (ERROR) Unable to authenticate user "nfg7016": LDAP server isn't responding.
[2015/11/04 11:37:09.113] (INFO) Sending SIGTERM to 4 excess workers.
[2015/11/04 11:37:09.113] (INFO) Flushed 46 buffers to disk.
[2015/11/04 11:37:09.113] (INFO) Your mother called. She says you never call her.
[2015/11/04 11:37:09.113] (INFO) Your mother called. She says you never call her.
[2015/11/04 11:37:09.113] (INFO) Device 0x5754 is online.
[2015/11/04 11:37:09.113] (WARN) Watchdog timer crashed. Restarting it.
[2015/11/04 11:37:09.113] (WARN) Unable to ping monitor at 172.16.151.199. Retrying.
[2015/11/04 11:37:09.113] (INFO) Checkpointing off-heap server memory...
[2015/11/04 11:37:09.113] (INFO) Device 0xd086 is online.
[2015/11/04 11:37:09.613] (INFO) Flushed 85 buffers to disk.
[2015/11/04 11:37:09.613] (INFO) Supervisor has entered WAITING state.
[2015/11/04 11:37:09.613] (INFO) User "rey6819" logged in from 10.192.126.111.
[2015/11/04 11:37:09.613] (INFO) User "gdq9169" logged out.
[2015/11/04 11:37:09.613] (WARN) Retrying server log checkpoint.
[2015/11/04 11:37:09.613] (INFO) Alien monitor (aliend): Detected no space aliens.
[2015/11/04 11:37:09.613] (INFO) Waiting for master process (PID 59619) to die.
[2015/11/04 11:37:09.613] (INFO) User "jid7948" logged in from 172.16.47.90.
[2015/11/04 11:37:09.613] (INFO) User "wfk4541" logged out due to inactivity (timeout=30 minutes).
[2015/11/04 11:37:09.613] (INFO) Pinging watchdog timer process: Process is alive.
[2015/11/04 11:37:09.613] (INFO) Waiting for master process (PID 25433) to die.
[2015/11/04 11:37:09.613] (INFO) Waiting for monitor process (PID 55846) to die.
[2015/11/04 11:37:09.613] (INFO) Pinging watchdog timer process: Process is alive.
[2015/11/04 11:37:09.613] (INFO) User "sng2381" logged out.
[2015/11/04 11:37:09.613] (WARN) There is no such thing as a free lunch.
[2015/11/04 11:37:09.613] (INFO) Checked file systems for errors: All filesystems OK.
[2015/11/04 11:37:09.613] (WARN) Unable to ping supervisor at 172.16.251.179. Retrying.
[2015/11/04 11:37:09.613] (WARN) Retrying server log checkpoint.
[2015/11/04 11:37:09.613] (INFO) Flushed 85 buffers to disk.
[2015/11/04 11:37:09.613] (INFO) Backed up all server logs.
[2015/11/04 11:37:09.613] (INFO) Checked file systems for errors: All filesystems OK.
[2015/11/04 11:37:09.613] (ERROR) Connection to 10.75.55.52 terminated unexpectedly. Reconnecting.
[2015/11/04 11:37:09.613] (ERROR) Device 0x7b84 is offline
[2015/11/04 11:37:09.613] (INFO) Supervisor has entered WAITING state.
[2015/11/04 11:37:09.613] (INFO) Device 0x6c3c is online.
[2015/11/04 11:37:09.613] (INFO) Pinging watchdog timer process: Process is alive.
[2015/11/04 11:37:09.613] (INFO) Network heartbeat check: All OK.
[2015/11/04 11:37:09.613] (ERROR) CPU temperature exceeds 50º Celsius. Shutting down.
[2015/11/04 11:37:09.613] (INFO) Device 0xc783 is online.
[2015/11/04 11:37:09.613] (INFO) Your mother called. She says you never call her.
[2015/11/04 11:37:09.613] (INFO) Rolling 7 log file(s)...
[2015/11/04 11:37:09.613] (INFO) Supervisor has entered WAITING state.
[2015/11/04 11:37:09.613] (INFO) Checked file systems for errors: All filesystems OK.
[2015/11/04 11:37:09.613] (ERROR) Connection to 10.173.18.75 terminated unexpectedly. Reconnecting.
[2015/11/04 11:37:09.613] (INFO) Supervisor has entered RESTARTING state.
[2015/11/04 11:37:09.613] (INFO) Device 0x4386 is online.
[2015/11/04 11:37:09.613] (ERROR) Unable to write to "/var/data/GZSbL66300.csv": Permission denied (EACCES)
[2015/11/04 11:37:09.613] (INFO) User "lna6068" logged in from 172.16.237.96.
[2015/11/04 11:37:09.613] (INFO) Checkpointing off-heap server memory...
[2015/11/04 11:37:09.613] (INFO) Device 0x163d is online.
[2015/11/04 11:37:09.613] (INFO) User "kll4003" logged out.
[2015/11/04 11:37:09.613] (INFO) Checked file systems for errors: All filesystems OK.
[2015/11/04 11:37:09.613] (INFO) Backed up all server logs.
[2015/11/04 11:37:09.613] (INFO) Network heartbeat check: All OK.
[2015/11/04 11:37:09.613] (INFO) Pinging watchdog timer process: Process is alive.
[2015/11/04 11:37:09.613] (INFO) Alien monitor (aliend): Detected no space aliens.
[2015/11/04 11:37:09.613] (INFO) Alien monitor (aliend): Detected no space aliens.
[2015/11/04 11:37:09.613] (INFO) Your mother called. She says you never call her.
[2015/11/04 11:37:09.613] (INFO) User "ogm5576" logged out.
[2015/11/04 11:37:09.613] (INFO) Checkpointing off-heap server memory...
[2015/11/04 11:37:09.613] (INFO) User "tgs4426" logged in from 10.7.209.58.
[2015/11/04 11:37:09.613] (INFO) User "yev8496" logged out due to inactivity (timeout=30 minutes).
[2015/11/04 11:37:09.613] (INFO) Checkpointing off-heap server memory...
[2015/11/04 11:37:09.613] (ERROR) Worker 6 died with SIGABRT. Restarting it.
[2015/11/04 11:37:09.613] (INFO) Your mother called. She says you never call her.
[2015/11/04 11:37:09.613] (INFO) Pinging watchdog timer process: Process is alive.
[2015/11/04 11:37:09.613] (INFO) Backed up all server logs.
[2015/11/04 11:37:09.613] (INFO) Network heartbeat check: All OK.
[2015/11/04 11:37:09.613] (INFO) Network heartbeat check: All OK.
[2015/11/04 11:37:09.613] (ERROR) "/var/data/XCdLH67703.tsv": No such file or directory (ENOENT)
[2015/11/04 11:37:09.613] (INFO) Flushed 98 buffers to disk.
[2015/11/04 11:37:09.613] (INFO) Sending SIGTERM to 4 excess workers.
[2015/11/04 11:37:09.613] (INFO) Sending SIGTERM to 2 excess workers.
[2015/11/04 11:37:09.613] (INFO) User "yzs2211" logged out.
[2015/11/04 11:37:09.613] (WARN) Master took 835 ms to respond (threshold=500 ms)
[2015/11/04 11:37:09.613] (INFO) User "cwu1938" logged in from 10.34.153.67.
[2015/11/04 11:37:09.613] (INFO) Checkpointing off-heap server memory...
[2015/11/04 11:37:09.613] (INFO) Device 0x4e65 is online.
[2015/11/04 11:37:09.613] (INFO) Backed up all server logs.
[2015/11/04 11:37:09.613] (INFO) Supervisor has entered SUSPENDED state.
[2015/11/04 11:37:09.613] (INFO) Pinging watchdog timer process: Process is alive.
[2015/11/04 11:37:09.613] (INFO) Checked file systems for errors: All filesystems OK.
[2015/11/04 11:37:09.613] (INFO) Your mother called. She says you never call her.
[2015/11/04 11:37:09.613] (INFO) .evian ylbirret si emehcs otpyrc ym neht ,siht daer nac uoy fI
[2015/11/04 11:37:09.613] (INFO) Pinging watchdog timer process: Process is alive.
[2015/11/04 11:37:09.613] (ERROR) Failed to write checkpoint file "/var/checkpoint/uldJI90789: No space left on device (ENOSPC)
[2015/11/04 11:37:09.613] (INFO) Flushed 59 buffers to disk.
[2015/11/04 11:37:09.613] (INFO) Sending SIGTERM to 2 excess workers.
[2015/11/04 11:37:09.613] (INFO) .evian ylbirret si emehcs otpyrc ym neht ,siht daer nac uoy fI
[2015/11/04 11:37:09.613] (INFO) Alien monitor (aliend): Detected no space aliens.
[2015/11/04 11:37:09.613] (INFO) User "zit8180" logged out.
[2015/11/04 11:37:09.613] (INFO) Sending SIGTERM to 4 excess workers.
[2015/11/04 11:37:09.613] (INFO) Backed up all server logs.
[2015/11/04 11:37:09.613] (INFO) Supervisor has entered RESTARTING state.
[2015/11/04 11:37:09.613] (INFO) Flushed 23 buffers to disk.
[2015/11/04 11:37:09.613] (WARN) Master took 879 ms to respond (threshold=500 ms)
[2015/11/04 11:37:09.613] (INFO) Your mother called. She says you never call her.
[2015/11/04 11:37:09.613] (INFO) Device 0xea59 is online.
[2015/11/04 11:37:09.613] (INFO) Supervisor has entered WAITING state.
[2015/11/04 11:37:09.613] (INFO) Alien monitor (aliend): Detected no space aliens.
[2015/11/04 11:37:09.613] (INFO) Rolling 3 log file(s)...
[2015/11/04 11:37:09.613] (INFO) Network heartbeat check: All OK.
[2015/11/04 11:37:09.613] (WARN) CPU temperature exceeds 40º Celsius.
[2015/11/04 11:37:09.613] (INFO) Device 0x888e is online.
[2015/11/04 11:37:09.613] (INFO) Waiting for master process (PID 41001) to die.
[2015/11/04 11:37:09.613] (INFO) Checked file systems for errors: All filesystems OK.
[2015/11/04 11:37:09.613] (INFO) User "vgn6936" logged out.
[2015/11/04 11:37:09.613] (INFO) Flushed 69 buffers to disk.
[2015/11/04 11:37:09.613] (INFO) User "lao9501" logged in from 192.168.77.244.
[2015/11/04 11:37:09.613] (INFO) Alien monitor (aliend): Detected no space aliens.
[2015/11/04 11:37:10.112] (INFO) Alien monitor (aliend): Detected no space aliens.
[2015/11/04 11:37:10.112] (INFO) Flushed 28 buffers to disk.
[2015/11/04 11:37:10.112] (INFO) Network heartbeat check: All OK.
[2015/11/04 11:37:10.112] (INFO) Sending SIGTERM to 3 excess workers.
[2015/11/04 11:37:10.112] (INFO) Sending SIGTERM to 2 excess workers.
[2015/11/04 11:37:10.112] (INFO) Waiting for master process (PID 26500) to die.
[2015/11/04 11:37:10.112] (INFO) User "agt5642" logged out due to inactivity (timeout=30 minutes).
[2015/11/04 11:37:10.112] (INFO) Sending SIGTERM to 3 excess workers.
[2015/11/04 11:37:10.112] (INFO) Your mother called. She says you never call her.
[2015/11/04 11:37:10.112] (INFO) User "oig6509" logged in from 192.168.75.75.
[2015/11/04 11:37:10.112] (INFO) Backed up all server logs.
[2015/11/04 11:37:10.112] (INFO) Alien monitor (aliend): Detected no space aliens.
[2015/11/04 11:37:10.112] (INFO) Supervisor has entered RESTARTING state.
[2015/11/04 11:37:10.112] (INFO) User "dxq6225" logged out due to inactivity (timeout=30 minutes).
[2015/11/04 11:37:10.112] (INFO) Network heartbeat check: All OK.
[2015/11/04 11:37:10.112] (ERROR) /dev/lp error: "PC LOAD LETTER"
[2015/11/04 11:37:10.112] (INFO) Checkpointing off-heap server memory...
[2015/11/04 11:37:10.112] (WARN) Master took 961 ms to respond (threshold=500 ms)
[2015/11/04 11:37:10.112] (WARN) Retrying server log checkpoint.
[2015/11/04 11:37:10.112] (INFO) Checkpointing off-heap server memory...
[2015/11/04 11:37:10.112] (INFO) Backed up all server logs.
[2015/11/04 11:37:10.112] (INFO) User "wvn7527" logged out due to inactivity (timeout=30 minutes).
[2015/11/04 11:37:10.112] (INFO) User "ftw1699" logged out.
[2015/11/04 11:37:10.112] (ERROR) Detected clock skew! Restarting NTP server.
[2015/11/04 11:37:10.112] (INFO) User "gvv5241" logged out due to inactivity (timeout=30 minutes).
[2015/11/04 11:37:10.112] (ERROR) Connection to 10.138.28.130 terminated unexpectedly. Reconnecting.
[2015/11/04 11:37:10.112] (INFO) Your mother called. She says you never call her.
[2015/11/04 11:37:10.112] (ERROR) "/var/data/bpFlz53091.txt": Permission denied (EACCES)
[2015/11/04 11:37:10.112] (INFO) Alien monitor (aliend): Detected no space aliens.
[2015/11/04 11:37:10.112] (INFO) Sending SIGTERM to 3 excess workers.
[2015/11/04 11:37:10.112] (INFO) Waiting for monitor process (PID 53308) to die.
[2015/11/04 11:37:10.112] (ERROR) Server log backup FAILED. See backup logs.
[2015/11/04 11:37:10.112] (INFO) User "jjf3073" logged out.
[2015/11/04 11:37:10.112] (WARN) CPU temperature exceeds 40º Celsius.
[2015/11/04 11:37:10.112] (INFO) Your mother called. She says you never call her.
[2015/11/04 11:37:10.112] (INFO) Pinging watchdog timer process: Process is alive.
[2015/11/04 11:37:10.112] (WARN) Retrying server log checkpoint.
[2015/11/04 11:37:10.112] (INFO) Rolling 7 log file(s)...
[2015/11/04 11:37:10.112] (INFO) Waiting for master process (PID 29904) to die.
[2015/11/04 11:37:10.112] (WARN) Ignoring SIGTERM. It's not that easy to get rid of me.
[2015/11/04 11:37:10.112] (INFO) Device 0x7cb7 is online.
[2015/11/04 11:37:10.112] (INFO) Supervisor has entered SUSPENDED state.
[2015/11/04 11:37:10.112] (ERROR) Unable to mount /dev/sdd2. (Time to run fsck?)
[2015/11/04 11:37:10.112] (ERROR) Failed to write checkpoint file "/var/checkpoint/FGUEQ61875: No space left on device (ENOSPC)
[2015/11/04 11:37:10.112] (ERROR) Failed to open "/mnt/fileserver02/ERZut67850.tar.gz": NFS timeout.
[2015/11/04 11:37:10.112] (ERROR) Server log backup FAILED. See backup logs.
[2015/11/04 11:37:10.112] (WARN) CPU temperature exceeds 40º Celsius.
[2015/11/04 11:37:10.112] (INFO) Alien monitor (aliend): Detected no space aliens.
[2015/11/04 11:37:10.112] (INFO) Flushed 53 buffers to disk.
[2015/11/04 11:37:10.112] (INFO) User "way1933" logged in from 192.168.220.60.
[2015/11/04 11:37:10.112] (INFO) Sending SIGTERM to 4 excess workers.
[2015/11/04 11:37:10.112] (INFO) User "omd5028" logged out.
[2015/11/04 11:37:10.112] (INFO) Waiting for worker process (PID 45182) to die.
[2015/11/04 11:37:10.112] (WARN) Backup server 192.168.228.36 is offline.
[2015/11/04 11:37:10.112] (WARN) CPU temperature exceeds 40º Celsius.
[2015/11/04 11:37:10.112] (WARN) CPU temperature exceeds 40º Celsius.
[2015/11/04 11:37:10.112] (INFO) Sending SIGTERM to 4 excess workers.
[2015/11/04 11:37:10.112] (INFO) Network heartbeat check: All OK.
[2015/11/04 11:37:10.112] (INFO) User "ybq7333" logged out.
[2015/11/04 11:37:10.112] (INFO) Flushed 54 buffers to disk.
[2015/11/04 11:37:10.112] (INFO) Network heartbeat check: All OK.
[2015/11/04 11:37:10.112] (INFO) Backed up all server logs.
[2015/11/04 11:37:10.112] (INFO) Backed up all server logs.
[2015/11/04 11:37:10.112] (INFO) User "nax3455" logged out.
[2015/11/04 11:37:10.112] (INFO) Flushed 42 buffers to disk.
[2015/11/04 11:37:10.112] (INFO) User "max1577" logged out due to inactivity (timeout=30 minutes).
[2015/11/04 11:37:10.112] (INFO) User "dje8314" logged in from 10.56.71.197.
[2015/11/04 11:37:10.112] (INFO) Your mother called. She says you never call her.
[2015/11/04 11:37:10.112] (INFO) Pinging watchdog timer process: Process is alive.
[2015/11/04 11:37:10.113] (INFO) Flushed 28 buffers to disk.
[2015/11/04 11:37:10.113] (INFO) Sending SIGTERM to 3 excess workers.
[2015/11/04 11:37:10.113] (INFO) Your mother called. She says you never call her.
[2015/11/04 11:37:10.113] (WARN) Dropped 16,057 corrupt data packets.
[2015/11/04 11:37:10.113] (INFO) Checked file systems for errors: All filesystems OK.
[2015/11/04 11:37:10.113] (WARN) Dropped 17,033 corrupt data packets.
[2015/11/04 11:37:10.113] (INFO) Network heartbeat check: All OK.
[2015/11/04 11:37:10.113] (INFO) Pinging watchdog timer process: Process is alive.
[2015/11/04 11:37:10.113] (INFO) Backed up all server logs.
[2015/11/04 11:37:10.113] (INFO) Waiting for supervisor process (PID 16938) to die.
[2015/11/04 11:37:10.113] (INFO) Backed up all server logs.
[2015/11/04 11:37:10.113] (INFO) User "sun7054" logged out.
[2015/11/04 11:37:10.113] (INFO) Checkpointing off-heap server memory...
[2015/11/04 11:37:10.113] (INFO) Checkpointing off-heap server memory...
[2015/11/04 11:37:10.113] (INFO) .evian ylbirret si emehcs otpyrc ym neht ,siht daer nac uoy fI
[2015/11/04 11:37:10.113] (INFO) Flushed 91 buffers to disk.
[2015/11/04 11:37:10.113] (INFO) Sending SIGTERM to 2 excess workers.
[2015/11/04 11:37:10.113] (INFO) User "clf2616" logged out.
[2015/11/04 11:37:10.113] (INFO) User "zqb7520" logged in from 172.16.19.212.
[2015/11/04 11:37:10.113] (INFO) Checkpointing off-heap server memory...
[2015/11/04 11:37:10.113] (INFO) Pinging watchdog timer process: Process is alive.
[2015/11/04 11:37:10.113] (INFO) Your mother called. She says you never call her.
[2015/11/04 11:37:10.113] (INFO) User "qpz6362" logged out.
[2015/11/04 11:37:10.113] (INFO) Waiting for master process (PID 5205) to die.
[2015/11/04 11:37:10.113] (INFO) Backed up all server logs.
[2015/11/04 11:37:10.113] (INFO) Rolling 9 log file(s)...
[2015/11/04 11:37:10.113] (INFO) Rolling 1 log file(s)...
[2015/11/04 11:37:10.113] (INFO) Checkpointing off-heap server memory...
[2015/11/04 11:37:10.113] (INFO) Checked file systems for errors: All filesystems OK.
[2015/11/04 11:37:10.113] (INFO) Flushed 69 buffers to disk.
[2015/11/04 11:37:10.113] (INFO) Network heartbeat check: All OK.
[2015/11/04 11:37:10.614] (INFO) Backed up all server logs.
[2015/11/04 11:37:10.614] (INFO) User "imi9160" logged out due to inactivity (timeout=30 minutes).
[2015/11/04 11:37:10.614] (INFO) Alien monitor (aliend): Detected no space aliens.
[2015/11/04 11:37:10.614] (INFO) Sending SIGTERM to 2 excess workers.
[2015/11/04 11:37:10.614] (INFO) Pinging watchdog timer process: Process is alive.
[2015/11/04 11:37:10.614] (INFO) Supervisor has entered WAITING state.
[2015/11/04 11:37:10.614] (INFO) User "eig6105" logged out.
[2015/11/04 11:37:10.614] (INFO) Pinging watchdog timer process: Process is alive.
[2015/11/04 11:37:10.614] (INFO) User "qit5617" logged in from 10.148.11.14.
[2015/11/04 11:37:10.614] (INFO) .evian ylbirret si emehcs otpyrc ym neht ,siht daer nac uoy fI
[2015/11/04 11:37:10.614] (ERROR) Detected incoming DDoS from 172.16.244.4.
[2015/11/04 11:37:10.614] (INFO) Flushed 39 buffers to disk.
[2015/11/04 11:37:10.614] (INFO) Backed up all server logs.
[2015/11/04 11:37:10.614] (INFO) Backed up all server logs.
[2015/11/04 11:37:10.614] (INFO) User "mut8575" logged out.
[2015/11/04 11:37:10.614] (INFO) Sending SIGTERM to 2 excess workers.
[2015/11/04 11:37:10.614] (INFO) User "rmn8306" logged out due to inactivity (timeout=30 minutes).
[2015/11/04 11:37:10.614] (INFO) .evian ylbirret si emehcs otpyrc ym neht ,siht daer nac uoy fI
[2015/11/04 11:37:10.614] (ERROR) Connection to 10.122.223.128 terminated unexpectedly. Reconnecting.
[2015/11/04 11:37:10.614] (INFO) Sending SIGTERM to 4 excess workers.
[2015/11/04 11:37:10.614] (INFO) User "sbv4517" logged in from 10.156.124.142.
[2015/11/04 11:37:10.614] (INFO) Backed up all server logs.
[2015/11/04 11:37:10.614] (INFO) User "xeb4472" logged out.
[2015/11/04 11:37:10.614] (INFO) Checked file systems for errors: All filesystems OK.
[2015/11/04 11:37:10.614] (INFO) User "jjo5382" logged out due to inactivity (timeout=30 minutes).
[2015/11/04 11:37:10.614] (INFO) User "fxg6486" logged out.
[2015/11/04 11:37:10.614] (INFO) Checkpointing off-heap server memory...
[2015/11/04 11:37:10.614] (INFO) Supervisor has entered RESTARTING state.
[2015/11/04 11:37:10.614] (INFO) User "qew6880" logged out.
[2015/11/04 11:37:10.614] (ERROR) Failed to write checkpoint file "/var/checkpoint/lSfcX58603: No space left on device (ENOSPC)
[2015/11/04 11:37:10.614] (INFO) Network heartbeat check: All OK.
[2015/11/04 11:37:10.614] (INFO) User "khl7675" logged out due to inactivity (timeout=30 minutes).
[2015/11/04 11:37:10.614] (ERROR) Device 0x7af1 is offline
[2015/11/04 11:37:10.614] (INFO) Waiting for supervisor process (PID 51771) to die.
[2015/11/04 11:37:10.614] (WARN) There is no such thing as a free lunch.
[2015/11/04 11:37:10.614] (ERROR) Detected incoming DDoS from 192.168.240.12.
[2015/11/04 11:37:10.614] (WARN) Watchdog timer crashed. Restarting it.
[2015/11/04 11:37:10.614] (INFO) Your mother called. She says you never call her.
[2015/11/04 11:37:10.614] (INFO) Checked file systems for errors: All filesystems OK.
[2015/11/04 11:37:10.614] (INFO) Your mother called. She says you never call her.
[2015/11/04 11:37:10.614] (INFO) Supervisor has entered SUSPENDED state.
[2015/11/04 11:37:10.614] (INFO) Supervisor has entered WAITING state.
[2015/11/04 11:37:10.614] (INFO) User "kmb7415" logged out.
[2015/11/04 11:37:10.614] (INFO) Network heartbeat check: All OK.
[2015/11/04 11:37:10.614] (INFO) User "czc7156" logged out due to inactivity (timeout=30 minutes).
[2015/11/04 11:37:10.614] (INFO) Waiting for supervisor process (PID 22751) to die.
[2015/11/04 11:37:10.614] (INFO) Sending SIGTERM to 3 excess workers.
[2015/11/04 11:37:10.614] (WARN) Dropped 1,176 corrupt data packets.
[2015/11/04 11:37:10.614] (INFO) User "gdj4775" logged out.
[2015/11/04 11:37:10.614] (INFO) Your mother called. She says you never call her.
[2015/11/04 11:37:10.614] (INFO) Alien monitor (aliend): Detected no space aliens.
[2015/11/04 11:37:10.614] (INFO) Checked file systems for errors: All filesystems OK.
[2015/11/04 11:37:10.614] (INFO) User "daa6715" logged out due to inactivity (timeout=30 minutes).
[2015/11/04 11:37:10.614] (INFO) Waiting for worker process (PID 59247) to die.
[2015/11/04 11:37:10.614] (INFO) Backed up all server logs.
[2015/11/04 11:37:10.614] (INFO) Flushed 29 buffers to disk.
[2015/11/04 11:37:10.614] (INFO) Pinging watchdog timer process: Process is alive.
[2015/11/04 11:37:10.614] (INFO) Network heartbeat check: All OK.
[2015/11/04 11:37:10.614] (ERROR) EFOODFAIL (Waiter, there's a fly in my soup).
[2015/11/04 11:37:10.614] (INFO) Supervisor has entered WAITING state.
[2015/11/04 11:37:10.614] (WARN) Space on disk /dev/sdb1 is low: Only 856 MB available.
[2015/11/04 11:37:10.614] (INFO) User "kaw9269" logged out due to inactivity (timeout=30 minutes).
[2015/11/04 11:37:10.614] (WARN) CPU temperature exceeds 40º Celsius.
[2015/11/04 11:37:10.614] (INFO) Flushed 43 buffers to disk.
[2015/11/04 11:37:10.614] (ERROR) Extra characters at end of line.
[2015/11/04 11:37:10.614] (INFO) Checked file systems for errors: All filesystems OK.
[2015/11/04 11:37:10.614] (INFO) Flushed 56 buffers to disk.
[2015/11/04 11:37:10.614] (INFO) .evian ylbirret si emehcs otpyrc ym neht ,siht daer nac uoy fI
[2015/11/04 11:37:10.615] (INFO) Alien monitor (aliend): Detected no space aliens.
[2015/11/04 11:37:10.615] (INFO) Supervisor has entered RUNNING state.
[2015/11/04 11:37:10.615] (INFO) User "zpx9341" logged out due to inactivity (timeout=30 minutes).
[2015/11/04 11:37:10.615] (INFO) User "lcw4150" logged out due to inactivity (timeout=30 minutes).
[2015/11/04 11:37:10.615] (INFO) User "usf5587" logged out due to inactivity (timeout=30 minutes).
[2015/11/04 11:37:10.615] (INFO) Checked file systems for errors: All filesystems OK.
[2015/11/04 11:37:10.615] (INFO) Device 0x9a3c is online.
[2015/11/04 11:37:10.615] (INFO) Your mother called. She says you never call her.
[2015/11/04 11:37:10.615] (INFO) .evian ylbirret si emehcs otpyrc ym neht ,siht daer nac uoy fI
[2015/11/04 11:37:10.615] (INFO) Waiting for worker process (PID 30620) to die.
[2015/11/04 11:37:10.615] (ERROR) Blocked Little Bobby Tables attack (https://xkcd.com/327/) from 172.16.151.107.
[2015/11/04 11:37:10.615] (INFO) Alien monitor (aliend): Detected no space aliens.
[2015/11/04 11:37:10.615] (INFO) Flushed 66 buffers to disk.
[2015/11/04 11:37:10.615] (INFO) Pinging watchdog timer process: Process is alive.
[2015/11/04 11:37:10.615] (WARN) Unable to ping supervisor at 10.77.9.202. Retrying.
[2015/11/04 11:37:10.615] (INFO) User "rrk4054" logged in from 10.16.94.143.
[2015/11/04 11:37:10.615] (INFO) Flushed 34 buffers to disk.
[2015/11/04 11:37:10.615] (INFO) User "iyp1577" logged out.
[2015/11/04 11:37:10.615] (INFO) .evian ylbirret si emehcs otpyrc ym neht ,siht daer nac uoy fI
[2015/11/04 11:37:10.615] (WARN) Master took 911 ms to respond (threshold=500 ms)
[2015/11/04 11:37:10.615] (WARN) Backup server 10.173.91.31 is offline.
[2015/11/04 11:37:10.615] (INFO) User "ccc4344" logged out due to inactivity (timeout=30 minutes).
[2015/11/04 11:37:10.615] (INFO) User "gar9605" logged in from 192.168.28.66.
[2015/11/04 11:37:10.615] (INFO) Backed up all server logs.
[2015/11/04 11:37:10.615] (INFO) .evian ylbirret si emehcs otpyrc ym neht ,siht daer nac uoy fI
[2015/11/04 11:37:10.615] (WARN) Unable to ping worker at 192.168.161.151. Retrying.
[2015/11/04 11:37:10.615] (INFO) Checkpointing off-heap server memory...
[2015/11/04 11:37:10.615] (INFO) Device 0xf4a7 is online.
[2015/11/04 11:37:10.615] (INFO) Your mother called. She says you never call her.
[2015/11/04 11:37:10.615] (ERROR) Network heartbeat check FAILED: Master host down?
[2015/11/04 11:37:10.615] (INFO) Supervisor has entered RESTARTING state.
[2015/11/04 11:37:10.615] (INFO) User "ubl8287" logged out due to inactivity (timeout=30 minutes).
[2015/11/04 11:37:11.111] (INFO) Checkpointing off-heap server memory...
[2015/11/04 11:37:11.111] (INFO) Flushed 95 buffers to disk.
[2015/11/04 11:37:11.111] (INFO) Alien monitor (aliend): Detected no space aliens.
[2015/11/04 11:37:11.111] (INFO) Device 0xb81b is online.
[2015/11/04 11:37:11.111] (INFO) Supervisor has entered SUSPENDED state.
[2015/11/04 11:37:11.111] (INFO) .evian ylbirret si emehcs otpyrc ym neht ,siht daer nac uoy fI
[2015/11/04 11:37:11.111] (INFO) .evian ylbirret si emehcs otpyrc ym neht ,siht daer nac uoy fI
[2015/11/04 11:37:11.111] (INFO) Rolling 3 log file(s)...
[2015/11/04 11:37:11.111] (INFO) Rolling 9 log file(s)...
[2015/11/04 11:37:11.111] (INFO) Waiting for monitor process (PID 46899) to die.
[2015/11/04 11:37:11.111] (INFO) Device 0xc938 is online.
[2015/11/04 11:37:11.111] (INFO) Your mother called. She says you never call her.
[2015/11/04 11:37:11.111] (INFO) Checkpointing off-heap server memory...
[2015/11/04 11:37:11.111] (INFO) Sending SIGTERM to 2 excess workers.
[2015/11/04 11:37:11.111] (WARN) Ignoring SIGTERM. It's not that easy to get rid of me.
[2015/11/04 11:37:11.111] (INFO) Checkpointing off-heap server memory...
[2015/11/04 11:37:11.111] (INFO) Checkpointing off-heap server memory...
[2015/11/04 11:37:11.111] (INFO) .evian ylbirret si emehcs otpyrc ym neht ,siht daer nac uoy fI
[2015/11/04 11:37:11.111] (INFO) User "xbd8072" logged out.
[2015/11/04 11:37:11.111] (INFO) Network heartbeat check: All OK.
[2015/11/04 11:37:11.111] (INFO) Your mother called. She says you never call her.
[2015/11/04 11:37:11.111] (INFO) User "asa2713" logged in from 10.3.39.142.
[2015/11/04 11:37:11.111] (INFO) .evian ylbirret si emehcs otpyrc ym neht ,siht daer nac uoy fI
[2015/11/04 11:37:11.111] (INFO) Checked file systems for errors: All filesystems OK.
[2015/11/04 11:37:11.111] (WARN) Backup server 192.168.44.2 is offline.
[2015/11/04 11:37:11.111] (WARN) Ignoring SIGTERM. It's not that easy to get rid of me.
[2015/11/04 11:37:11.111] (INFO) Network heartbeat check: All OK.
[2015/11/04 11:37:11.111] (INFO) .evian ylbirret si emehcs otpyrc ym neht ,siht daer nac uoy fI
[2015/11/04 11:37:11.111] (ERROR) One of the flayrods has gone out askew on treadle.
[2015/11/04 11:37:11.111] (INFO) User "oxf7965" logged out due to inactivity (timeout=30 minutes).
[2015/11/04 11:37:11.111] (ERROR) Extra characters at end of line.
[2015/11/04 11:37:11.111] (INFO) Checkpointing off-heap server memory...
[2015/11/04 11:37:11.111] (WARN) CPU temperature exceeds 40º Celsius.
[2015/11/04 11:37:11.111] (INFO) User "pqu1859" logged in from 172.16.107.126.
[2015/11/04 11:37:11.111] (INFO) User "lki1649" logged out.
[2015/11/04 11:37:11.111] (INFO) Supervisor has entered SUSPENDED state.
[2015/11/04 11:37:11.111] (INFO) Checked file systems for errors: All filesystems OK.
[2015/11/04 11:37:11.111] (INFO) Backed up all server logs.
[2015/11/04 11:37:11.111] (INFO) Network heartbeat check: All OK.
[2015/11/04 11:37:11.111] (ERROR) Detected incoming DDoS from 10.66.76.90.
[2015/11/04 11:37:11.111] (INFO) Your mother called. She says you never call her.
[2015/11/04 11:37:11.111] (WARN) Ignoring SIGTERM. It's not that easy to get rid of me.
[2015/11/04 11:37:11.111] (INFO) Checked file systems for errors: All filesystems OK.
[2015/11/04 11:37:11.111] (INFO) Checkpointing off-heap server memory...
[2015/11/04 11:37:11.111] (ERROR) Extra characters at end of line.
[2015/11/04 11:37:11.111] (INFO) Checked file systems for errors: All filesystems OK.
[2015/11/04 11:37:11.111] (INFO) User "ysx3789" logged out due to inactivity (timeout=30 minutes).
[2015/11/04 11:37:11.111] (INFO) Network heartbeat check: All OK.
[2015/11/04 11:37:11.111] (INFO) User "rxq2719" logged out.
[2015/11/04 11:37:11.111] (INFO) Alien monitor (aliend): Detected no space aliens.
[2015/11/04 11:37:11.111] (INFO) User "vkz1304" logged out due to inactivity (timeout=30 minutes).
[2015/11/04 11:37:11.111] (WARN) Dropped 7,986 corrupt data packets.
[2015/11/04 11:37:11.111] (INFO) User "isd1262" logged out.
[2015/11/04 11:37:11.111] (INFO) Device 0x30b6 is online.
[2015/11/04 11:37:11.111] (INFO) User "qsg9756" logged out due to inactivity (timeout=30 minutes).
[2015/11/04 11:37:11.111] (ERROR) Failed to write checkpoint file "/var/checkpoint/sACkK67911: No space left on device (ENOSPC)
[2015/11/04 11:37:11.111] (WARN) Unable to ping master at 172.16.147.126. Retrying.
[2015/11/04 11:37:11.111] (INFO) Rolling 6 log file(s)...
[2015/11/04 11:37:11.111] (INFO) Backed up all server logs.
[2015/11/04 11:37:11.111] (INFO) Supervisor has entered RESTARTING state.
[2015/11/04 11:37:11.111] (INFO) Checked file systems for errors: All filesystems OK.
[2015/11/04 11:37:11.111] (INFO) Your mother called. She says you never call her.
[2015/11/04 11:37:11.111] (INFO) Alien monitor (aliend): Detected no space aliens.
[2015/11/04 11:37:11.111] (INFO) User "bkq7049" logged in from 172.16.186.253.
[2015/11/04 11:37:11.111] (INFO) Waiting for supervisor process (PID 13622) to die.
[2015/11/04 11:37:11.111] (INFO) Backed up all server logs.
[2015/11/04 11:37:11.111] (INFO) Supervisor has entered RUNNING state.
[2015/11/04 11:37:11.111] (INFO) Backed up all server logs.
[2015/11/04 11:37:11.111] (INFO) Waiting for monitor process (PID 41440) to die.
[2015/11/04 11:37:11.111] (INFO) Device 0xba20 is online.
[2015/11/04 11:37:11.111] (ERROR) Detected incoming DDoS from 192.168.81.170.
[2015/11/04 11:37:11.111] (INFO) Checked file systems for errors: All filesystems OK.
[2015/11/04 11:37:11.111] (INFO) Flushed 56 buffers to disk.
[2015/11/04 11:37:11.111] (INFO) Pinging watchdog timer process: Process is alive.
[2015/11/04 11:37:11.111] (INFO) Checkpointing off-heap server memory...
[2015/11/04 11:37:11.111] (INFO) Network heartbeat check: All OK.
[2015/11/04 11:37:11.111] (ERROR) Detected clock skew! Restarting NTP server.
[2015/11/04 11:37:11.111] (INFO) Checked file systems for errors: All filesystems OK.
[2015/11/04 11:37:11.111] (INFO) User "upf1768" logged in from 172.16.113.102.
[2015/11/04 11:37:11.111] (INFO) User "bdp9837" logged out due to inactivity (timeout=30 minutes).
[2015/11/04 11:37:11.111] (INFO) Network heartbeat check: All OK.
[2015/11/04 11:37:11.111] (ERROR) Device 0x03a3 is offline
[2015/11/04 11:37:11.111] (INFO) Alien monitor (aliend): Detected no space aliens.
[2015/11/04 11:37:11.111] (INFO) Device 0x7dd7 is online.
[2015/11/04 11:37:11.111] (INFO) User "uam1448" logged in from 10.209.87.49.
[2015/11/04 11:37:11.111] (INFO) Rolling 9 log file(s)...
[2015/11/04 11:37:11.111] (INFO) Waiting for worker process (PID 36788) to die.
[2015/11/04 11:37:11.111] (INFO) Checked file systems for errors: All filesystems OK.
[2015/11/04 11:37:11.111] (INFO) Checkpointing off-heap server memory...
[2015/11/04 11:37:11.111] (INFO) Your mother called. She says you never call her.
[2015/11/04 11:37:11.111] (WARN) Retrying server log checkpoint.
[2015/11/04 11:37:11.111] (ERROR) Extra characters at end of line.
[2015/11/04 11:37:11.111] (INFO) User "nvc8270" logged out due to inactivity (timeout=30 minutes).
[2015/11/04 11:37:11.111] (INFO) Pinging watchdog timer process: Process is alive.
[2015/11/04 11:37:11.111] (INFO) User "hlw3032" logged out.
[2015/11/04 11:37:11.111] (INFO) Your mother called. She says you never call her.
[2015/11/04 11:37:11.111] (INFO) Alien monitor (aliend): Detected no space aliens.
[2015/11/04 11:37:11.111] (WARN) Retrying server log checkpoint.
[2015/11/04 11:37:11.111] (INFO) Checkpointing off-heap server memory...
[2015/11/04 11:37:11.111] (INFO) Backed up all server logs.
[2015/11/04 11:37:11.612] (INFO) User "vtw6351" logged out.
[2015/11/04 11:37:11.612] (INFO) Backed up all server logs.
[2015/11/04 11:37:11.612] (INFO) Checkpointing off-heap server memory...
[2015/11/04 11:37:11.612] (INFO) .evian ylbirret si emehcs otpyrc ym neht ,siht daer nac uoy fI
[2015/11/04 11:37:11.612] (INFO) User "iyf4413" logged out due to inactivity (timeout=30 minutes).
[2015/11/04 11:37:11.613] (WARN) Space on disk /dev/sdf3 is low: Only 536 MB available.
[2015/11/04 11:37:11.613] (ERROR) Network heartbeat check FAILED: Master host down?
[2015/11/04 11:37:11.613] (INFO) Pinging watchdog timer process: Process is alive.
[2015/11/04 11:37:11.613] (INFO) Pinging watchdog timer process: Process is alive.
[2015/11/04 11:37:11.613] (INFO) Supervisor has entered WAITING state.
[2015/11/04 11:37:11.613] (INFO) .evian ylbirret si emehcs otpyrc ym neht ,siht daer nac uoy fI
[2015/11/04 11:37:11.613] (INFO) User "ypg6229" logged out.
[2015/11/04 11:37:11.613] (INFO) Checked file systems for errors: All filesystems OK.
[2015/11/04 11:37:11.613] (INFO) Flushed 37 buffers to disk.
[2015/11/04 11:37:11.613] (INFO) Rolling 4 log file(s)...
[2015/11/04 11:37:11.613] (INFO) Checkpointing off-heap server memory...
[2015/11/04 11:37:11.613] (INFO) Pinging watchdog timer process: Process is alive.
[2015/11/04 11:37:11.613] (INFO) Your mother called. She says you never call her.
[2015/11/04 11:37:11.613] (INFO) Sending SIGTERM to 4 excess workers.
[2015/11/04 11:37:11.613] (ERROR) Alien monitor (aliend): 4 space aliens are fiddling with the hardware!
[2015/11/04 11:37:11.613] (ERROR) User "wqn7578" failed to log in 3 times. Disabling account.
[2015/11/04 11:37:11.613] (INFO) Checkpointing off-heap server memory...
[2015/11/04 11:37:11.613] (WARN) Retrying server log checkpoint.
[2015/11/04 11:37:11.613] (WARN) Watchdog timer crashed. Restarting it.
[2015/11/04 11:37:11.613] (INFO) User "vux8675" logged out due to inactivity (timeout=30 minutes).
[2015/11/04 11:37:11.613] (ERROR) Extra characters at end of line.
[2015/11/04 11:37:11.613] (INFO) Supervisor has entered RESTARTING state.
[2015/11/04 11:37:11.613] (INFO) Sending SIGTERM to 3 excess workers.
[2015/11/04 11:37:11.613] (INFO) User "lgg1764" logged out due to inactivity (timeout=30 minutes).
[2015/11/04 11:37:11.613] (INFO) User "lpc2356" logged in from 192.168.41.90.
[2015/11/04 11:37:11.613] (INFO) Supervisor has entered RUNNING state.
[2015/11/04 11:37:11.613] (INFO) Network heartbeat check: All OK.
[2015/11/04 11:37:11.613] (ERROR) /dev/lp error: "PC LOAD LETTER"
[2015/11/04 11:37:11.613] (INFO) Your mother called. She says you never call her.
[2015/11/04 11:37:11.613] (INFO) Network heartbeat check: All OK.
[2015/11/04 11:37:11.613] (INFO) User "ygt9555" logged out due to inactivity (timeout=30 minutes).
[2015/11/04 11:37:11.613] (INFO) Checkpointing off-heap server memory...
[2015/11/04 11:37:11.613] (INFO) .evian ylbirret si emehcs otpyrc ym neht ,siht daer nac uoy fI
[2015/11/04 11:37:11.613] (INFO) Backed up all server logs.
[2015/11/04 11:37:11.613] (INFO) .evian ylbirret si emehcs otpyrc ym neht ,siht daer nac uoy fI
[2015/11/04 11:37:11.613] (INFO) User "kgj6696" logged in from 192.168.163.33.
[2015/11/04 11:37:11.613] (INFO) Checked file systems for errors: All filesystems OK.
[2015/11/04 11:37:11.613] (INFO) Sending SIGTERM to 3 excess workers.
[2015/11/04 11:37:11.613] (INFO) Alien monitor (aliend): Detected no space aliens.
[2015/11/04 11:37:11.613] (INFO) Device 0x24eb is online.
[2015/11/04 11:37:11.613] (INFO) Supervisor has entered SUSPENDED state.
[2015/11/04 11:37:11.613] (INFO) User "sqm8245" logged in from 172.16.226.213.
[2015/11/04 11:37:11.613] (INFO) Alien monitor (aliend): Detected no space aliens.
[2015/11/04 11:37:11.613] (INFO) Alien monitor (aliend): Detected no space aliens.
[2015/11/04 11:37:11.613] (INFO) Alien monitor (aliend): Detected no space aliens.
[2015/11/04 11:37:11.613] (INFO) Flushed 70 buffers to disk.
[2015/11/04 11:37:11.613] (INFO) Supervisor has entered SUSPENDED state.
[2015/11/04 11:37:11.613] (INFO) Network heartbeat check: All OK.
[2015/11/04 11:37:11.613] (INFO) .evian ylbirret si emehcs otpyrc ym neht ,siht daer nac uoy fI
[2015/11/04 11:37:11.613] (INFO) User "kbp6997" logged in from 192.168.107.170.
[2015/11/04 11:37:11.613] (INFO) Network heartbeat check: All OK.
[2015/11/04 11:37:11.613] (WARN) Network heartbeat check: 3 server(s) did not respond.
[2015/11/04 11:37:11.613] (WARN) CPU temperature exceeds 40º Celsius.
[2015/11/04 11:37:11.613] (INFO) Rolling 3 log file(s)...
[2015/11/04 11:37:11.613] (ERROR) User "lca6879" failed to log in 3 times. Disabling account.
[2015/11/04 11:37:11.613] (INFO) Flushed 66 buffers to disk.
[2015/11/04 11:37:11.613] (INFO) User "jxo3115" logged out.
[2015/11/04 11:37:11.613] (INFO) Device 0xfa74 is online.
[2015/11/04 11:37:11.613] (INFO) User "lly2706" logged out.
[2015/11/04 11:37:11.613] (ERROR) Worker 8 died with SIGHUP. Restarting it.
[2015/11/04 11:37:11.613] (INFO) Supervisor has entered SUSPENDED state.
[2015/11/04 11:37:11.613] (INFO) Your mother called. She says you never call her.
[2015/11/04 11:37:11.613] (INFO) Pinging watchdog timer process: Process is alive.
[2015/11/04 11:37:11.613] (INFO) Alien monitor (aliend): Detected no space aliens.
[2015/11/04 11:37:11.613] (WARN) There is no such thing as a free lunch.
[2015/11/04 11:37:11.613] (INFO) Pinging watchdog timer process: Process is alive.
[2015/11/04 11:37:11.613] (ERROR) Directory index of "/var/data" is forbidden.
[2015/11/04 11:37:11.613] (INFO) Your mother called. She says you never call her.
[2015/11/04 11:37:11.613] (WARN) Network heartbeat check: 8 server(s) did not respond.
[2015/11/04 11:37:11.613] (INFO) Checkpointing off-heap server memory...
[2015/11/04 11:37:11.613] (INFO) Flushed 31 buffers to disk.
[2015/11/04 11:37:11.613] (INFO) Supervisor has entered RUNNING state.
[2015/11/04 11:37:11.613] (ERROR) Server log backup FAILED. See backup logs.
[2015/11/04 11:37:11.613] (INFO) Device 0xda26 is online.
[2015/11/04 11:37:11.613] (WARN) Unable to ping master at 10.245.153.242. Retrying.
[2015/11/04 11:37:11.613] (INFO) Supervisor has entered WAITING state.
[2015/11/04 11:37:11.613] (INFO) .evian ylbirret si emehcs otpyrc ym neht ,siht daer nac uoy fI
[2015/11/04 11:37:11.613] (WARN) Watchdog timer crashed. Restarting it.
[2015/11/04 11:37:11.613] (INFO) Device 0x3166 is online.
[2015/11/04 11:37:11.613] (INFO) User "nat4345" logged out.
[2015/11/04 11:37:11.613] (INFO) Flushed 87 buffers to disk.
[2015/11/04 11:37:11.613] (INFO) User "xwm4309" logged in from 172.16.143.182.
[2015/11/04 11:37:11.613] (INFO) Network heartbeat check: All OK.
[2015/11/04 11:37:11.613] (INFO) Rolling 2 log file(s)...
[2015/11/04 11:37:11.613] (INFO) Checked file systems for errors: All filesystems OK.
[2015/11/04 11:37:11.613] (INFO) User "zhb6302" logged out.
[2015/11/04 11:37:11.613] (INFO) Your mother called. She says you never call her.
[2015/11/04 11:37:11.613] (INFO) Waiting for worker process (PID 21372) to die.
[2015/11/04 11:37:11.613] (INFO) .evian ylbirret si emehcs otpyrc ym neht ,siht daer nac uoy fI
[2015/11/04 11:37:11.613] (INFO) Waiting for monitor process (PID 1094) to die.
[2015/11/04 11:37:11.613] (INFO) Network heartbeat check: All OK.
[2015/11/04 11:37:11.613] (INFO) Network heartbeat check: All OK.
[2015/11/04 11:37:11.613] (INFO) Flushed 72 buffers to disk.
[2015/11/04 11:37:11.613] (INFO) Rolling 2 log file(s)...
[2015/11/04 11:37:11.613] (INFO) Rolling 3 log file(s)...
[2015/11/04 11:37:12.112] (INFO) Device 0x99e5 is online.
[2015/11/04 11:37:12.112] (INFO) Backed up all server logs.
[2015/11/04 11:37:12.112] (WARN) Dropped 9,077 corrupt data packets.
[2015/11/04 11:37:12.112] (WARN) Watchdog timer crashed. Restarting it.
[2015/11/04 11:37:12.112] (INFO) Alien monitor (aliend): Detected no space aliens.
[2015/11/04 11:37:12.112] (INFO) User "moq4386" logged out.
[2015/11/04 11:37:12.112] (INFO) Pinging watchdog timer process: Process is alive.
[2015/11/04 11:37:12.112] (INFO) Sending SIGTERM to 2 excess workers.
[2015/11/04 11:37:12.113] (INFO) Pinging watchdog timer process: Process is alive.
[2015/11/04 11:37:12.113] (ERROR) Alien monitor (aliend): 2 space aliens are fiddling with the hardware!
[2015/11/04 11:37:12.113] (INFO) Checked file systems for errors: All filesystems OK.
[2015/11/04 11:37:12.113] (INFO) Checked file systems for errors: All filesystems OK.
[2015/11/04 11:37:12.113] (INFO) Network heartbeat check: All OK.
[2015/11/04 11:37:12.113] (INFO) Pinging watchdog timer process: Process is alive.
[2015/11/04 11:37:12.113] (ERROR) "/var/data/AzhoQ66455.csv": Permission denied (EACCES)
[2015/11/04 11:37:12.113] (INFO) Pinging watchdog timer process: Process is alive.
[2015/11/04 11:37:12.113] (INFO) User "pnc8733" logged out.
[2015/11/04 11:37:12.113] (INFO) Your mother called. She says you never call her.
[2015/11/04 11:37:12.113] (INFO) Supervisor has entered RESTARTING state.
[2015/11/04 11:37:12.113] (ERROR) Alien monitor (aliend): 3 space aliens are fiddling with the hardware!
[2015/11/04 11:37:12.113] (WARN) Retrying server log checkpoint.
[2015/11/04 11:37:12.113] (INFO) Checkpointing off-heap server memory...
[2015/11/04 11:37:12.113] (INFO) User "tkc6103" logged out due to inactivity (timeout=30 minutes).
[2015/11/04 11:37:12.113] (ERROR) Detected incoming DDoS from 172.16.63.44.
[2015/11/04 11:37:12.113] (WARN) Space on disk /dev/sdc3 is low: Only 311 MB available.
[2015/11/04 11:37:12.113] (INFO) Rolling 8 log file(s)...
[2015/11/04 11:37:12.113] (INFO) Network heartbeat check: All OK.
[2015/11/04 11:37:12.113] (INFO) Backed up all server logs.
[2015/11/04 11:37:12.113] (INFO) Network heartbeat check: All OK.
[2015/11/04 11:37:12.113] (ERROR) Device 0xfc39 is offline
[2015/11/04 11:37:12.113] (INFO) User "rth2486" logged out.
[2015/11/04 11:37:12.113] (INFO) Checkpointing off-heap server memory...
[2015/11/04 11:37:12.113] (INFO) Rolling 5 log file(s)...
[2015/11/04 11:37:12.113] (INFO) Backed up all server logs.
[2015/11/04 11:37:12.113] (WARN) Possible cyber-attack from a small unnamed island.
[2015/11/04 11:37:12.113] (INFO) Supervisor has entered RESTARTING state.
[2015/11/04 11:37:12.113] (INFO) Alien monitor (aliend): Detected no space aliens.
[2015/11/04 11:37:12.113] (ERROR) Blocked SSH traffic originating from 192.168.251.40.
[2015/11/04 11:37:12.113] (INFO) User "imp6907" logged out.
[2015/11/04 11:37:12.113] (INFO) Backed up all server logs.
[2015/11/04 11:37:12.113] (INFO) Flushed 78 buffers to disk.
[2015/11/04 11:37:12.113] (INFO) User "djb5218" logged out.
[2015/11/04 11:37:12.113] (ERROR) Failed to open "/mnt/fileserver01/owiXN87850.xml": NFS timeout.
[2015/11/04 11:37:12.113] (INFO) Waiting for worker process (PID 59021) to die.
[2015/11/04 11:37:12.113] (INFO) Pinging watchdog timer process: Process is alive.
[2015/11/04 11:37:12.113] (INFO) Waiting for monitor process (PID 13895) to die.
[2015/11/04 11:37:12.113] (INFO) User "xfy4627" logged out due to inactivity (timeout=30 minutes).
[2015/11/04 11:37:12.113] (INFO) Flushed 20 buffers to disk.
[2015/11/04 11:37:12.113] (ERROR) CPU temperature exceeds 50º Celsius. Shutting down.
[2015/11/04 11:37:12.113] (INFO) .evian ylbirret si emehcs otpyrc ym neht ,siht daer nac uoy fI
[2015/11/04 11:37:12.113] (INFO) Your mother called. She says you never call her.
[2015/11/04 11:37:12.113] (INFO) Waiting for master process (PID 35668) to die.
[2015/11/04 11:37:12.113] (INFO) Your mother called. She says you never call her.
[2015/11/04 11:37:12.113] (INFO) Checked file systems for errors: All filesystems OK.
[2015/11/04 11:37:12.113] (INFO) Backed up all server logs.
[2015/11/04 11:37:12.113] (INFO) Checkpointing off-heap server memory...
[2015/11/04 11:37:12.113] (INFO) User "ejh7420" logged out.
[2015/11/04 11:37:12.113] (INFO) .evian ylbirret si emehcs otpyrc ym neht ,siht daer nac uoy fI
[2015/11/04 11:37:12.113] (INFO) Sending SIGTERM to 3 excess workers.
[2015/11/04 11:37:12.113] (WARN) Master took 663 ms to respond (threshold=500 ms)
[2015/11/04 11:37:12.113] (INFO) User "obm8083" logged out.
[2015/11/04 11:37:12.113] (INFO) User "eau5483" logged out.
[2015/11/04 11:37:12.113] (ERROR) Detected clock skew! Restarting NTP server.
[2015/11/04 11:37:12.113] (INFO) Sending SIGTERM to 3 excess workers.
[2015/11/04 11:37:12.113] (ERROR) /dev/lp error: "PC LOAD LETTER"
[2015/11/04 11:37:12.113] (INFO) Flushed 56 buffers to disk.
[2015/11/04 11:37:12.113] (INFO) Alien monitor (aliend): Detected no space aliens.
[2015/11/04 11:37:12.113] (WARN) Network heartbeat check: 12 server(s) did not respond.
[2015/11/04 11:37:12.113] (INFO) .evian ylbirret si emehcs otpyrc ym neht ,siht daer nac uoy fI
[2015/11/04 11:37:12.113] (INFO) Alien monitor (aliend): Detected no space aliens.
[2015/11/04 11:37:12.113] (INFO) Waiting for supervisor process (PID 61429) to die.
[2015/11/04 11:37:12.113] (INFO) Supervisor has entered RUNNING state.
[2015/11/04 11:37:12.113] (ERROR) Unable to authenticate user "yup4865": LDAP server isn't responding.
[2015/11/04 11:37:12.113] (INFO) User "mgd2011" logged out.
[2015/11/04 11:37:12.113] (INFO) Network heartbeat check: All OK.
[2015/11/04 11:37:12.113] (INFO) Alien monitor (aliend): Detected no space aliens.
[2015/11/04 11:37:12.113] (INFO) User "kiz4649" logged out.
[2015/11/04 11:37:12.113] (INFO) Flushed 58 buffers to disk.
[2015/11/04 11:37:12.113] (INFO) User "tuz1750" logged out.
[2015/11/04 11:37:12.113] (INFO) Pinging watchdog timer process: Process is alive.
[2015/11/04 11:37:12.113] (INFO) Device 0xdfac is online.
[2015/11/04 11:37:12.113] (INFO) Sending SIGTERM to 4 excess workers.
[2015/11/04 11:37:12.113] (INFO) User "sxv3446" logged out.
[2015/11/04 11:37:12.113] (INFO) Checked file systems for errors: All filesystems OK.
[2015/11/04 11:37:12.113] (INFO) User "ltg8635" logged out.
[2015/11/04 11:37:12.113] (INFO) Device 0x58ca is online.
[2015/11/04 11:37:12.113] (INFO) Alien monitor (aliend): Detected no space aliens.
[2015/11/04 11:37:12.113] (INFO) User "nwb6541" logged out due to inactivity (timeout=30 minutes).
[2015/11/04 11:37:12.113] (INFO) Checked file systems for errors: All filesystems OK.
[2015/11/04 11:37:12.113] (INFO) .evian ylbirret si emehcs otpyrc ym neht ,siht daer nac uoy fI
[2015/11/04 11:37:12.113] (INFO) Alien monitor (aliend): Detected no space aliens.
[2015/11/04 11:37:12.113] (INFO) Flushed 70 buffers to disk.
[2015/11/04 11:37:12.113] (INFO) User "rre2086" logged out.
[2015/11/04 11:37:12.113] (INFO) User "fsf5353" logged out.
[2015/11/04 11:37:12.113] (INFO) Waiting for monitor process (PID 19276) to die.
[2015/11/04 11:37:12.113] (INFO) Rolling 6 log file(s)...
[2015/11/04 11:37:12.113] (ERROR) Unable to mount /dev/sdc2. (Time to run fsck?)
[2015/11/04 11:37:12.113] (INFO) Alien monitor (aliend): Detected no space aliens.
[2015/11/04 11:37:12.113] (ERROR) Server log backup FAILED. See backup logs.
[2015/11/04 11:37:12.113] (INFO) Sending SIGTERM to 3 excess workers.
[2015/11/04 11:37:12.611] (INFO) Flushed 99 buffers to disk.
[2015/11/04 11:37:12.611] (INFO) Alien monitor (aliend): Detected no space aliens.
[2015/11/04 11:37:12.611] (WARN) CPU temperature exceeds 40º Celsius.
[2015/11/04 11:37:12.611] (WARN) Network heartbeat check: 19 server(s) did not respond.
[2015/11/04 11:37:12.611] (INFO) Checkpointing off-heap server memory...
[2015/11/04 11:37:12.611] (INFO) Backed up all server logs.
[2015/11/04 11:37:12.611] (WARN) Watchdog timer crashed. Restarting it.
[2015/11/04 11:37:12.611] (INFO) Alien monitor (aliend): Detected no space aliens.
[2015/11/04 11:37:12.611] (INFO) Device 0x2de0 is online.
[2015/11/04 11:37:12.611] (INFO) Backed up all server logs.
[2015/11/04 11:37:12.611] (WARN) Retrying server log checkpoint.
[2015/11/04 11:37:12.611] (INFO) Sending SIGTERM to 2 excess workers.
[2015/11/04 11:37:12.611] (WARN) There is no such thing as a free lunch.
[2015/11/04 11:37:12.611] (INFO) Network heartbeat check: All OK.
[2015/11/04 11:37:12.611] (INFO) Rolling 9 log file(s)...
[2015/11/04 11:37:12.611] (INFO) User "zoz5140" logged out due to inactivity (timeout=30 minutes).
[2015/11/04 11:37:12.611] (INFO) Sending SIGTERM to 3 excess workers.
[2015/11/04 11:37:12.611] (INFO) Checked file systems for errors: All filesystems OK.
[2015/11/04 11:37:12.611] (WARN) Master took 594 ms to respond (threshold=500 ms)
[2015/11/04 11:37:12.611] (WARN) Ignoring SIGTERM. It's not that easy to get rid of me.
[2015/11/04 11:37:12.611] (WARN) Possible cyber-attack from Antarctica.
[2015/11/04 11:37:12.611] (ERROR) Failed to open "/mnt/fileserver01/SyrtZ79037.tar.gz": NFS timeout.
[2015/11/04 11:37:12.611] (INFO) Waiting for master process (PID 3196) to die.
[2015/11/04 11:37:12.611] (INFO) Checkpointing off-heap server memory...
[2015/11/04 11:37:12.611] (INFO) Backed up all server logs.
[2015/11/04 11:37:12.611] (INFO) User "leb6111" logged in from 10.91.63.228.
[2015/11/04 11:37:12.611] (INFO) Backed up all server logs.
[2015/11/04 11:37:12.611] (INFO) Your mother called. She says you never call her.
[2015/11/04 11:37:12.611] (ERROR) Unable to authenticate user "moe2496": LDAP server isn't responding.
[2015/11/04 11:37:12.611] (ERROR) CPU temperature exceeds 50º Celsius. Shutting down.
[2015/11/04 11:37:12.611] (INFO) Pinging watchdog timer process: Process is alive.
[2015/11/04 11:37:12.611] (INFO) Flushed 37 buffers to disk.
[2015/11/04 11:37:12.611] (INFO) Waiting for master process (PID 61221) to die.
[2015/11/04 11:37:12.611] (INFO) Your mother called. She says you never call her.
[2015/11/04 11:37:12.611] (ERROR) Worker 9 died with SIGTRAP. Restarting it.
[2015/11/04 11:37:12.611] (INFO) Waiting for master process (PID 25453) to die.
[2015/11/04 11:37:12.611] (ERROR) Network heartbeat check FAILED: Master host down?
[2015/11/04 11:37:12.611] (INFO) Flushed 22 buffers to disk.
[2015/11/04 11:37:12.611] (WARN) Possible cyber-attack from Russia.
[2015/11/04 11:37:12.611] (INFO) Pinging watchdog timer process: Process is alive.
[2015/11/04 11:37:12.611] (INFO) Alien monitor (aliend): Detected no space aliens.
[2015/11/04 11:37:12.611] (INFO) Waiting for monitor process (PID 20934) to die.
[2015/11/04 11:37:12.611] (ERROR) Unable to write to "/var/data/UAjZc51416.txt": Permission denied (EACCES)
[2015/11/04 11:37:12.611] (INFO) User "veq6268" logged out due to inactivity (timeout=30 minutes).
[2015/11/04 11:37:12.611] (INFO) Your mother called. She says you never call her.
[2015/11/04 11:37:12.611] (INFO) User "lwj5748" logged out.
[2015/11/04 11:37:12.611] (INFO) Rolling 7 log file(s)...
[2015/11/04 11:37:12.611] (INFO) Checked file systems for errors: All filesystems OK.
[2015/11/04 11:37:12.611] (INFO) Alien monitor (aliend): Detected no space aliens.
[2015/11/04 11:37:12.611] (INFO) Sending SIGTERM to 3 excess workers.
[2015/11/04 11:37:12.611] (INFO) Checkpointing off-heap server memory...
[2015/11/04 11:37:12.611] (INFO) Network heartbeat check: All OK.
[2015/11/04 11:37:12.611] (INFO) Flushed 25 buffers to disk.
[2015/11/04 11:37:12.611] (INFO) User "udg4253" logged in from 172.16.67.174.
[2015/11/04 11:37:12.611] (INFO) Your mother called. She says you never call her.
[2015/11/04 11:37:12.611] (INFO) User "qgc2757" logged out.
[2015/11/04 11:37:12.611] (INFO) Backed up all server logs.
[2015/11/04 11:37:12.611] (INFO) Pinging watchdog timer process: Process is alive.
[2015/11/04 11:37:12.611] (INFO) Alien monitor (aliend): Detected no space aliens.
[2015/11/04 11:37:12.611] (INFO) Checkpointing off-heap server memory...
[2015/11/04 11:37:12.611] (INFO) Network heartbeat check: All OK.
[2015/11/04 11:37:12.611] (WARN) Unable to ping worker at 10.119.181.175. Retrying.
[2015/11/04 11:37:12.611] (INFO) Network heartbeat check: All OK.
[2015/11/04 11:37:12.611] (ERROR) Network heartbeat check FAILED: Master host down?
[2015/11/04 11:37:12.611] (INFO) Sending SIGTERM to 3 excess workers.
[2015/11/04 11:37:12.612] (INFO) Flushed 90 buffers to disk.
[2015/11/04 11:37:12.612] (INFO) Backed up all server logs.
[2015/11/04 11:37:12.612] (INFO) .evian ylbirret si emehcs otpyrc ym neht ,siht daer nac uoy fI
[2015/11/04 11:37:12.612] (INFO) Device 0x637f is online.
[2015/11/04 11:37:12.612] (INFO) Waiting for worker process (PID 14243) to die.
[2015/11/04 11:37:12.612] (INFO) Network heartbeat check: All OK.
[2015/11/04 11:37:12.612] (INFO) Sending SIGTERM to 4 excess workers.
[2015/11/04 11:37:12.612] (INFO) Backed up all server logs.
[2015/11/04 11:37:12.612] (INFO) User "ves2786" logged out.
[2015/11/04 11:37:12.612] (INFO) Checkpointing off-heap server memory...
[2015/11/04 11:37:12.612] (ERROR) Unable to authenticate user "dwo4555": LDAP server isn't responding.
[2015/11/04 11:37:12.612] (INFO) Checkpointing off-heap server memory...
[2015/11/04 11:37:12.612] (INFO) Checkpointing off-heap server memory...
[2015/11/04 11:37:12.612] (INFO) Device 0x5c85 is online.
[2015/11/04 11:37:12.612] (WARN) Retrying server log checkpoint.
[2015/11/04 11:37:12.612] (INFO) Flushed 27 buffers to disk.
[2015/11/04 11:37:12.612] (WARN) Network heartbeat check: 18 server(s) did not respond.
[2015/11/04 11:37:12.612] (INFO) Checkpointing off-heap server memory...
[2015/11/04 11:37:12.612] (INFO) Backed up all server logs.
[2015/11/04 11:37:12.612] (INFO) User "bei6817" logged out due to inactivity (timeout=30 minutes).
[2015/11/04 11:37:12.612] (INFO) Rolling 1 log file(s)...
[2015/11/04 11:37:12.612] (INFO) User "wjf3524" logged out.
[2015/11/04 11:37:12.612] (WARN) Space on disk /dev/sdd1 is low: Only 642 MB available.
[2015/11/04 11:37:12.612] (INFO) Alien monitor (aliend): Detected no space aliens.
[2015/11/04 11:37:12.612] (INFO) Pinging watchdog timer process: Process is alive.
[2015/11/04 11:37:12.612] (INFO) Pinging watchdog timer process: Process is alive.
[2015/11/04 11:37:12.612] (INFO) Alien monitor (aliend): Detected no space aliens.
[2015/11/04 11:37:12.612] (ERROR) "/var/data/ifiLD57241.xml": No such file or directory (ENOENT)
[2015/11/04 11:37:12.612] (INFO) Checked file systems for errors: All filesystems OK.
[2015/11/04 11:37:12.612] (INFO) Network heartbeat check: All OK.
[2015/11/04 11:37:12.612] (INFO) Backed up all server logs.
[2015/11/04 11:37:12.612] (ERROR) Connection to 192.168.203.11 terminated unexpectedly. Reconnecting.
[2015/11/04 11:37:12.612] (WARN) Ignoring SIGTERM. It's not that easy to get rid of me.
[2015/11/04 11:37:12.612] (INFO) User "dzl8071" logged out.
[2015/11/04 11:37:12.612] (INFO) User "qpx8189" logged in from 10.96.159.127.
[2015/11/04 11:37:13.111] (ERROR) /dev/lp error: "PC LOAD LETTER"
[2015/11/04 11:37:13.111] (INFO) Sending SIGTERM to 4 excess workers.
[2015/11/04 11:37:13.111] (INFO) Flushed 29 buffers to disk.
[2015/11/04 11:37:13.111] (INFO) User "oeo1358" logged out due to inactivity (timeout=30 minutes).
[2015/11/04 11:37:13.111] (WARN) Backup server 192.168.173.233 is offline.
[2015/11/04 11:37:13.111] (INFO) Checkpointing off-heap server memory...
[2015/11/04 11:37:13.111] (INFO) Rolling 5 log file(s)...
[2015/11/04 11:37:13.111] (INFO) Backed up all server logs.
[2015/11/04 11:37:13.111] (INFO) Supervisor has entered RESTARTING state.
[2015/11/04 11:37:13.111] (INFO) Supervisor has entered RESTARTING state.
[2015/11/04 11:37:13.111] (INFO) Flushed 44 buffers to disk.
[2015/11/04 11:37:13.111] (INFO) Flushed 74 buffers to disk.
[2015/11/04 11:37:13.111] (INFO) Rolling 7 log file(s)...
[2015/11/04 11:37:13.111] (INFO) Your mother called. She says you never call her.
[2015/11/04 11:37:13.111] (INFO) Pinging watchdog timer process: Process is alive.
[2015/11/04 11:37:13.111] (INFO) Waiting for monitor process (PID 29745) to die.
[2015/11/04 11:37:13.111] (INFO) Supervisor has entered SUSPENDED state.
[2015/11/04 11:37:13.111] (INFO) User "yxb7507" logged in from 192.168.243.112.
[2015/11/04 11:37:13.111] (INFO) Supervisor has entered SUSPENDED state.
[2015/11/04 11:37:13.111] (INFO) Sending SIGTERM to 3 excess workers.
[2015/11/04 11:37:13.111] (INFO) Supervisor has entered RESTARTING state.
[2015/11/04 11:37:13.111] (INFO) Alien monitor (aliend): Detected no space aliens.
[2015/11/04 11:37:13.111] (WARN) Retrying server log checkpoint.
[2015/11/04 11:37:13.111] (INFO) Checked file systems for errors: All filesystems OK.
[2015/11/04 11:37:13.111] (INFO) Waiting for monitor process (PID 48588) to die.
[2015/11/04 11:37:13.111] (INFO) Pinging watchdog timer process: Process is alive.
[2015/11/04 11:37:13.111] (INFO) .evian ylbirret si emehcs otpyrc ym neht ,siht daer nac uoy fI
[2015/11/04 11:37:13.111] (INFO) Checked file systems for errors: All filesystems OK.
[2015/11/04 11:37:13.111] (INFO) Rolling 9 log file(s)...
[2015/11/04 11:37:13.111] (INFO) Sending SIGTERM to 3 excess workers.
[2015/11/04 11:37:13.111] (INFO) Checkpointing off-heap server memory...
[2015/11/04 11:37:13.111] (INFO) Your mother called. She says you never call her.
[2015/11/04 11:37:13.111] (INFO) Backed up all server logs.
[2015/11/04 11:37:13.111] (ERROR) Blocked BitTorrent traffic originating from 10.158.147.206.
[2015/11/04 11:37:13.111] (INFO) Sending SIGTERM to 2 excess workers.
[2015/11/04 11:37:13.111] (INFO) Waiting for master process (PID 52160) to die.
[2015/11/04 11:37:13.111] (INFO) User "hvk7381" logged out.
[2015/11/04 11:37:13.111] (WARN) Possible cyber-attack from The Cayman Islands.
[2015/11/04 11:37:13.111] (INFO) User "lry2641" logged out due to inactivity (timeout=30 minutes).
[2015/11/04 11:37:13.111] (INFO) Checkpointing off-heap server memory...
[2015/11/04 11:37:13.111] (ERROR) Server log backup FAILED. See backup logs.
[2015/11/04 11:37:13.111] (WARN) Space on disk /dev/sdd1 is low: Only 309 MB available.
[2015/11/04 11:37:13.111] (INFO) User "qcg6965" logged out due to inactivity (timeout=30 minutes).
[2015/11/04 11:37:13.111] (INFO) Alien monitor (aliend): Detected no space aliens.
[2015/11/04 11:37:13.111] (INFO) Waiting for master process (PID 55969) to die.
[2015/11/04 11:37:13.111] (INFO) Pinging watchdog timer process: Process is alive.
[2015/11/04 11:37:13.111] (INFO) Waiting for master process (PID 20272) to die.
[2015/11/04 11:37:13.111] (INFO) Alien monitor (aliend): Detected no space aliens.
[2015/11/04 11:37:13.111] (INFO) Network heartbeat check: All OK.
[2015/11/04 11:37:13.111] (INFO) Checked file systems for errors: All filesystems OK.
[2015/11/04 11:37:13.111] (INFO) .evian ylbirret si emehcs otpyrc ym neht ,siht daer nac uoy fI
[2015/11/04 11:37:13.111] (INFO) Rolling 7 log file(s)...
[2015/11/04 11:37:13.111] (INFO) Checked file systems for errors: All filesystems OK.
[2015/11/04 11:37:13.111] (INFO) Supervisor has entered SUSPENDED state.
[2015/11/04 11:37:13.111] (INFO) User "djo9686" logged out due to inactivity (timeout=30 minutes).
[2015/11/04 11:37:13.111] (INFO) Pinging watchdog timer process: Process is alive.
[2015/11/04 11:37:13.111] (INFO) Device 0xb22c is online.
[2015/11/04 11:37:13.111] (INFO) Sending SIGTERM to 2 excess workers.
[2015/11/04 11:37:13.111] (INFO) Pinging watchdog timer process: Process is alive.
[2015/11/04 11:37:13.111] (INFO) Network heartbeat check: All OK.
[2015/11/04 11:37:13.111] (INFO) Waiting for master process (PID 44581) to die.
[2015/11/04 11:37:13.111] (INFO) Backed up all server logs.
[2015/11/04 11:37:13.111] (INFO) Device 0xf000 is online.
[2015/11/04 11:37:13.111] (INFO) Waiting for master process (PID 11390) to die.
[2015/11/04 11:37:13.111] (INFO) Backed up all server logs.
[2015/11/04 11:37:13.111] (ERROR) Worker 1 died with SIGTRAP. Restarting it.
[2015/11/04 11:37:13.111] (INFO) Checked file systems for errors: All filesystems OK.
[2015/11/04 11:37:13.111] (INFO) User "ulq1557" logged in from 10.109.74.211.
[2015/11/04 11:37:13.111] (INFO) Network heartbeat check: All OK.
[2015/11/04 11:37:13.111] (INFO) Alien monitor (aliend): Detected no space aliens.
[2015/11/04 11:37:13.111] (INFO) Network heartbeat check: All OK.
[2015/11/04 11:37:13.111] (INFO) User "unw9569" logged out due to inactivity (timeout=30 minutes).
[2015/11/04 11:37:13.111] (INFO) Flushed 45 buffers to disk.
[2015/11/04 11:37:13.111] (INFO) Supervisor has entered RUNNING state.
[2015/11/04 11:37:13.111] (INFO) Checked file systems for errors: All filesystems OK.
[2015/11/04 11:37:13.111] (INFO) User "rak2958" logged out.
[2015/11/04 11:37:13.111] (INFO) Alien monitor (aliend): Detected no space aliens.
[2015/11/04 11:37:13.111] (INFO) User "wku8770" logged in from 10.120.228.208.
[2015/11/04 11:37:13.111] (INFO) Your mother called. She says you never call her.
[2015/11/04 11:37:13.111] (INFO) Sending SIGTERM to 3 excess workers.
[2015/11/04 11:37:13.111] (INFO) Pinging watchdog timer process: Process is alive.
[2015/11/04 11:37:13.111] (INFO) Rolling 7 log file(s)...
[2015/11/04 11:37:13.111] (INFO) Backed up all server logs.
[2015/11/04 11:37:13.111] (WARN) Dropped 16,069 corrupt data packets.
[2015/11/04 11:37:13.111] (WARN) CPU temperature exceeds 40º Celsius.
[2015/11/04 11:37:13.111] (INFO) Backed up all server logs.
[2015/11/04 11:37:13.111] (INFO) Network heartbeat check: All OK.
[2015/11/04 11:37:13.111] (INFO) Sending SIGTERM to 2 excess workers.
[2015/11/04 11:37:13.111] (INFO) Waiting for worker process (PID 17438) to die.
[2015/11/04 11:37:13.111] (INFO) Network heartbeat check: All OK.
[2015/11/04 11:37:13.111] (INFO) Alien monitor (aliend): Detected no space aliens.
[2015/11/04 11:37:13.111] (INFO) Checkpointing off-heap server memory...
[2015/11/04 11:37:13.111] (ERROR) Alien monitor (aliend): 4 space aliens are fiddling with the hardware!
[2015/11/04 11:37:13.111] (INFO) Pinging watchdog timer process: Process is alive.
[2015/11/04 11:37:13.111] (INFO) Alien monitor (aliend): Detected no space aliens.
[2015/11/04 11:37:13.111] (INFO) Checked file systems for errors: All filesystems OK.
[2015/11/04 11:37:13.111] (INFO) Waiting for supervisor process (PID 37150) to die.
[2015/11/04 11:37:13.111] (INFO) Supervisor has entered WAITING state.
[2015/11/04 11:37:13.111] (INFO) Rolling 2 log file(s)...
[2015/11/04 11:37:13.111] (INFO) User "bwf4156" logged out due to inactivity (timeout=30 minutes).
[2015/11/04 11:37:13.612] (INFO) User "hsa1053" logged out.
[2015/11/04 11:37:13.612] (WARN) Dropped 8,941 corrupt data packets.
[2015/11/04 11:37:13.612] (INFO) Pinging watchdog timer process: Process is alive.
[2015/11/04 11:37:13.612] (INFO) Waiting for worker process (PID 54090) to die.
[2015/11/04 11:37:13.612] (INFO) .evian ylbirret si emehcs otpyrc ym neht ,siht daer nac uoy fI
[2015/11/04 11:37:13.612] (ERROR) Directory index of "/var/data" is forbidden.
[2015/11/04 11:37:13.612] (ERROR) Blocked BitTorrent traffic originating from 172.16.135.195.
[2015/11/04 11:37:13.612] (WARN) Watchdog timer crashed. Restarting it.
[2015/11/04 11:37:13.612] (INFO) Supervisor has entered RUNNING state.
[2015/11/04 11:37:13.612] (INFO) Flushed 53 buffers to disk.
[2015/11/04 11:37:13.612] (INFO) .evian ylbirret si emehcs otpyrc ym neht ,siht daer nac uoy fI
[2015/11/04 11:37:13.612] (ERROR) Worker 8 died with SIGPOLL. Restarting it.
[2015/11/04 11:37:13.612] (INFO) Device 0x13da is online.
[2015/11/04 11:37:13.612] (INFO) Sending SIGTERM to 4 excess workers.
[2015/11/04 11:37:13.612] (INFO) User "mex1056" logged out due to inactivity (timeout=30 minutes).
[2015/11/04 11:37:13.612] (INFO) Backed up all server logs.
[2015/11/04 11:37:13.612] (INFO) Your mother called. She says you never call her.
[2015/11/04 11:37:13.612] (ERROR) Connection to 10.94.179.177 terminated unexpectedly. Reconnecting.
[2015/11/04 11:37:13.612] (INFO) Sending SIGTERM to 2 excess workers.
[2015/11/04 11:37:13.612] (INFO) .evian ylbirret si emehcs otpyrc ym neht ,siht daer nac uoy fI
[2015/11/04 11:37:13.612] (ERROR) Extra characters at end of line.
[2015/11/04 11:37:13.612] (INFO) Sending SIGTERM to 3 excess workers.
[2015/11/04 11:37:13.612] (ERROR) Alien monitor (aliend): 3 space aliens are fiddling with the hardware!
[2015/11/04 11:37:13.612] (INFO) User "dck4903" logged out due to inactivity (timeout=30 minutes).
[2015/11/04 11:37:13.612] (INFO) User "xvr6590" logged in from 172.16.202.41.
[2015/11/04 11:37:13.612] (INFO) Flushed 24 buffers to disk.
[2015/11/04 11:37:13.612] (INFO) Sending SIGTERM to 4 excess workers.
[2015/11/04 11:37:13.612] (ERROR) Failed to write checkpoint file "/var/checkpoint/FXzXf73852: No space left on device (ENOSPC)
[2015/11/04 11:37:13.612] (INFO) Sending SIGTERM to 4 excess workers.
[2015/11/04 11:37:13.612] (ERROR) "/var/data/iOjrj88960.tar.gz": No such file or directory (ENOENT)
[2015/11/04 11:37:13.612] (INFO) Network heartbeat check: All OK.
[2015/11/04 11:37:13.612] (WARN) There is no such thing as a free lunch.
[2015/11/04 11:37:13.612] (INFO) Pinging watchdog timer process: Process is alive.
[2015/11/04 11:37:13.612] (ERROR) Device 0x6f57 is offline
[2015/11/04 11:37:13.612] (ERROR) Network heartbeat check FAILED: Master host down?
[2015/11/04 11:37:13.612] (INFO) Flushed 66 buffers to disk.
[2015/11/04 11:37:13.612] (INFO) Device 0x33c3 is online.
[2015/11/04 11:37:13.612] (ERROR) Connection to 192.168.90.16 terminated unexpectedly. Reconnecting.
[2015/11/04 11:37:13.612] (INFO) User "fvy3168" logged out due to inactivity (timeout=30 minutes).
[2015/11/04 11:37:13.612] (ERROR) "/var/data/Qyytt55932.csv": No such file or directory (ENOENT)
[2015/11/04 11:37:13.612] (INFO) Rolling 7 log file(s)...
[2015/11/04 11:37:13.612] (INFO) Alien monitor (aliend): Detected no space aliens.
[2015/11/04 11:37:13.612] (ERROR) Network heartbeat check FAILED: Master host down?
[2015/11/04 11:37:13.612] (INFO) Supervisor has entered SUSPENDED state.
[2015/11/04 11:37:13.612] (INFO) Backed up all server logs.
[2015/11/04 11:37:13.612] (INFO) Pinging watchdog timer process: Process is alive.
[2015/11/04 11:37:13.612] (INFO) User "tbu6181" logged out.
[2015/11/04 11:37:13.612] (ERROR) Blocked Little Bobby Tables attack (https://xkcd.com/327/) from 192.168.59.80.
[2015/11/04 11:37:13.612] (INFO) Your mother called. She says you never call her.
[2015/11/04 11:37:13.612] (INFO) Your mother called. She says you never call her.
[2015/11/04 11:37:13.612] (INFO) User "xdd3772" logged out due to inactivity (timeout=30 minutes).
[2015/11/04 11:37:13.612] (INFO) Your mother called. She says you never call her.
[2015/11/04 11:37:13.612] (INFO) User "fmo4376" logged out due to inactivity (timeout=30 minutes).
[2015/11/04 11:37:13.612] (WARN) Watchdog timer crashed. Restarting it.
[2015/11/04 11:37:13.612] (INFO) Sending SIGTERM to 4 excess workers.
[2015/11/04 11:37:13.612] (ERROR) User "nxu1401" failed to log in 3 times. Disabling account.
[2015/11/04 11:37:13.612] (INFO) Pinging watchdog timer process: Process is alive.
[2015/11/04 11:37:13.612] (WARN) Watchdog timer crashed. Restarting it.
[2015/11/04 11:37:13.612] (INFO) Supervisor has entered RESTARTING state.
[2015/11/04 11:37:13.612] (WARN) Network heartbeat check: 6 server(s) did not respond.
[2015/11/04 11:37:13.612] (INFO) Your mother called. She says you never call her.
[2015/11/04 11:37:13.612] (INFO) .evian ylbirret si emehcs otpyrc ym neht ,siht daer nac uoy fI
[2015/11/04 11:37:13.612] (INFO) Alien monitor (aliend): Detected no space aliens.
[2015/11/04 11:37:13.612] (INFO) Supervisor has entered RUNNING state.
[2015/11/04 11:37:13.612] (INFO) .evian ylbirret si emehcs otpyrc ym neht ,siht daer nac uoy fI
[2015/11/04 11:37:13.612] (INFO) User "vhq9828" logged out.
[2015/11/04 11:37:13.612] (INFO) Backed up all server logs.
[2015/11/04 11:37:13.612] (INFO) Backed up all server logs.
[2015/11/04 11:37:13.612] (WARN) CPU temperature exceeds 40º Celsius.
[2015/11/04 11:37:13.612] (INFO) Network heartbeat check: All OK.
[2015/11/04 11:37:13.612] (INFO) User "yfx2320" logged in from 172.16.239.234.
[2015/11/04 11:37:13.612] (INFO) Rolling 1 log file(s)...
[2015/11/04 11:37:13.612] (INFO) Your mother called. She says you never call her.
[2015/11/04 11:37:13.612] (INFO) Waiting for master process (PID 5906) to die.
[2015/11/04 11:37:13.612] (INFO) Checkpointing off-heap server memory...
[2015/11/04 11:37:13.612] (WARN) There is no such thing as a free lunch.
[2015/11/04 11:37:13.612] (INFO) Checked file systems for errors: All filesystems OK.
[2015/11/04 11:37:13.612] (INFO) Flushed 35 buffers to disk.
[2015/11/04 11:37:13.612] (INFO) Your mother called. She says you never call her.
[2015/11/04 11:37:13.612] (INFO) Pinging watchdog timer process: Process is alive.
[2015/11/04 11:37:13.612] (INFO) Waiting for supervisor process (PID 58833) to die.
[2015/11/04 11:37:13.612] (INFO) User "pwc1459" logged out.
[2015/11/04 11:37:13.612] (INFO) User "icc4980" logged in from 172.16.242.71.
[2015/11/04 11:37:13.612] (INFO) Rolling 1 log file(s)...
[2015/11/04 11:37:13.612] (INFO) Network heartbeat check: All OK.
[2015/11/04 11:37:13.612] (INFO) Rolling 5 log file(s)...
[2015/11/04 11:37:13.612] (WARN) Retrying server log checkpoint.
[2015/11/04 11:37:13.612] (ERROR) User "xct2261" failed to log in 3 times. Disabling account.
[2015/11/04 11:37:13.612] (ERROR) Detected clock skew! Restarting NTP server.
[2015/11/04 11:37:13.612] (INFO) Pinging watchdog timer process: Process is alive.
[2015/11/04 11:37:13.612] (ERROR) Unable to mount /dev/sdc2. (Time to run fsck?)
[2015/11/04 11:37:13.612] (INFO) Sending SIGTERM to 3 excess workers.
[2015/11/04 11:37:13.612] (ERROR) CPU temperature exceeds 50º Celsius. Shutting down.
[2015/11/04 11:37:13.612] (WARN) CPU temperature exceeds 40º Celsius.
[2015/11/04 11:37:13.612] (INFO) Device 0xe7af is online.
[2015/11/04 11:37:13.612] (INFO) User "tqp6025" logged out.
[2015/11/04 11:37:13.612] (INFO) Supervisor has entered RESTARTING state.
[2015/11/04 11:37:13.612] (ERROR) Blocked FTP traffic originating from 192.168.187.49.
[2015/11/04 11:37:13.612] (INFO) User "kgh6283" logged in from 10.172.0.134.
[2015/11/04 11:37:13.612] (INFO) User "eew5780" logged out due to inactivity (timeout=30 minutes).
[2015/11/04 11:37:14.110] (INFO) Backed up all server logs.
[2015/11/04 11:37:14.110] (INFO) Device 0x4a32 is online.
[2015/11/04 11:37:14.110] (INFO) Rolling 8 log file(s)...
[2015/11/04 11:37:14.110] (WARN) Space on disk /dev/sdd1 is low: Only 630 MB available.
[2015/11/04 11:37:14.110] (INFO) Backed up all server logs.
[2015/11/04 11:37:14.110] (INFO) User "lvn6641" logged out.
[2015/11/04 11:37:14.110] (INFO) Supervisor has entered RUNNING state.
[2015/11/04 11:37:14.110] (INFO) Network heartbeat check: All OK.
[2015/11/04 11:37:14.110] (INFO) Network heartbeat check: All OK.
[2015/11/04 11:37:14.110] (INFO) Supervisor has entered RESTARTING state.
[2015/11/04 11:37:14.110] (INFO) Checkpointing off-heap server memory...
[2015/11/04 11:37:14.110] (INFO) Alien monitor (aliend): Detected no space aliens.
[2015/11/04 11:37:14.110] (INFO) Alien monitor (aliend): Detected no space aliens.
[2015/11/04 11:37:14.110] (INFO) User "dxx6256" logged out due to inactivity (timeout=30 minutes).
[2015/11/04 11:37:14.110] (ERROR) Server log backup FAILED. See backup logs.
[2015/11/04 11:37:14.110] (WARN) Watchdog timer crashed. Restarting it.
[2015/11/04 11:37:14.110] (INFO) Waiting for monitor process (PID 41610) to die.
[2015/11/04 11:37:14.110] (INFO) Pinging watchdog timer process: Process is alive.
[2015/11/04 11:37:14.110] (INFO) Pinging watchdog timer process: Process is alive.
[2015/11/04 11:37:14.110] (INFO) Rolling 9 log file(s)...
[2015/11/04 11:37:14.110] (INFO) Pinging watchdog timer process: Process is alive.
[2015/11/04 11:37:14.110] (INFO) Checkpointing off-heap server memory...
[2015/11/04 11:37:14.110] (INFO) Device 0x872e is online.
[2015/11/04 11:37:14.110] (ERROR) Unable to mount /dev/sdf2. (Time to run fsck?)
[2015/11/04 11:37:14.110] (INFO) Backed up all server logs.
[2015/11/04 11:37:14.110] (ERROR) Detected incoming DDoS from 172.16.219.146.
[2015/11/04 11:37:14.110] (ERROR) "/var/data/gBVKA70258.xml": Permission denied (EACCES)
[2015/11/04 11:37:14.110] (INFO) Checked file systems for errors: All filesystems OK.
[2015/11/04 11:37:14.110] (INFO) User "mrk5213" logged out due to inactivity (timeout=30 minutes).
[2015/11/04 11:37:14.110] (INFO) Checked file systems for errors: All filesystems OK.
[2015/11/04 11:37:14.110] (ERROR) Blocked nmap traffic originating from 172.16.19.212.
[2015/11/04 11:37:14.110] (INFO) Checkpointing off-heap server memory...
[2015/11/04 11:37:14.110] (INFO) Sending SIGTERM to 3 excess workers.
[2015/11/04 11:37:14.110] (INFO) Sending SIGTERM to 3 excess workers.
[2015/11/04 11:37:14.110] (INFO) Checked file systems for errors: All filesystems OK.
[2015/11/04 11:37:14.110] (INFO) Your mother called. She says you never call her.
[2015/11/04 11:37:14.111] (INFO) Checked file systems for errors: All filesystems OK.
[2015/11/04 11:37:14.111] (ERROR) Unable to write to "/var/data/OIFdU97291.tar.gz": Permission denied (EACCES)
[2015/11/04 11:37:14.111] (INFO) Checked file systems for errors: All filesystems OK.
[2015/11/04 11:37:14.111] (ERROR) Detected incoming DDoS from 10.149.110.34.
[2015/11/04 11:37:14.111] (INFO) Your mother called. She says you never call her.
[2015/11/04 11:37:14.111] (INFO) Network heartbeat check: All OK.
[2015/11/04 11:37:14.111] (ERROR) Server log backup FAILED. See backup logs.
[2015/11/04 11:37:14.111] (ERROR) Directory index of "/var/data" is forbidden.
[2015/11/04 11:37:14.111] (INFO) User "gmf9161" logged out.
[2015/11/04 11:37:14.111] (INFO) Sending SIGTERM to 2 excess workers.
[2015/11/04 11:37:14.111] (INFO) Network heartbeat check: All OK.
[2015/11/04 11:37:14.111] (INFO) Waiting for worker process (PID 49685) to die.
[2015/11/04 11:37:14.111] (INFO) Sending SIGTERM to 3 excess workers.
[2015/11/04 11:37:14.111] (INFO) Flushed 94 buffers to disk.
[2015/11/04 11:37:14.111] (INFO) Supervisor has entered RESTARTING state.
[2015/11/04 11:37:14.111] (INFO) .evian ylbirret si emehcs otpyrc ym neht ,siht daer nac uoy fI
[2015/11/04 11:37:14.111] (INFO) Backed up all server logs.
[2015/11/04 11:37:14.111] (INFO) User "evz9515" logged out.
[2015/11/04 11:37:14.111] (WARN) Network heartbeat check: 5 server(s) did not respond.
[2015/11/04 11:37:14.111] (ERROR) Failed to open "/mnt/fileserver02/nRSVO57531.xml": NFS timeout.
[2015/11/04 11:37:14.111] (INFO) User "mau4258" logged out due to inactivity (timeout=30 minutes).
[2015/11/04 11:37:14.111] (INFO) Sending SIGTERM to 4 excess workers.
[2015/11/04 11:37:14.111] (INFO) Waiting for supervisor process (PID 37131) to die.
[2015/11/04 11:37:14.111] (INFO) Checkpointing off-heap server memory...
[2015/11/04 11:37:14.111] (WARN) Master took 902 ms to respond (threshold=500 ms)
[2015/11/04 11:37:14.111] (WARN) Watchdog timer crashed. Restarting it.
[2015/11/04 11:37:14.111] (INFO) Alien monitor (aliend): Detected no space aliens.
[2015/11/04 11:37:14.111] (INFO) User "mjz7705" logged out.
[2015/11/04 11:37:14.111] (INFO) Supervisor has entered RUNNING state.
[2015/11/04 11:37:14.111] (INFO) Flushed 69 buffers to disk.
[2015/11/04 11:37:14.111] (INFO) Waiting for worker process (PID 31421) to die.
[2015/11/04 11:37:14.111] (INFO) Flushed 46 buffers to disk.
[2015/11/04 11:37:14.111] (INFO) User "hky9943" logged in from 192.168.192.0.
[2015/11/04 11:37:14.111] (WARN) CPU temperature exceeds 40º Celsius.
[2015/11/04 11:37:14.111] (ERROR) Alien monitor (aliend): 3 space aliens are fiddling with the hardware!
[2015/11/04 11:37:14.111] (INFO) Supervisor has entered RUNNING state.
[2015/11/04 11:37:14.111] (INFO) Waiting for master process (PID 49320) to die.
[2015/11/04 11:37:14.111] (INFO) Backed up all server logs.
[2015/11/04 11:37:14.111] (INFO) .evian ylbirret si emehcs otpyrc ym neht ,siht daer nac uoy fI
[2015/11/04 11:37:14.111] (ERROR) Server log backup FAILED. See backup logs.
[2015/11/04 11:37:14.111] (INFO) .evian ylbirret si emehcs otpyrc ym neht ,siht daer nac uoy fI
[2015/11/04 11:37:14.111] (INFO) Checked file systems for errors: All filesystems OK.
[2015/11/04 11:37:14.111] (INFO) Sending SIGTERM to 2 excess workers.
[2015/11/04 11:37:14.111] (INFO) User "irg1462" logged in from 192.168.2.217.
[2015/11/04 11:37:14.111] (ERROR) Blocked Little Bobby Tables attack (https://xkcd.com/327/) from 10.59.35.2.
[2015/11/04 11:37:14.111] (INFO) Backed up all server logs.
[2015/11/04 11:37:14.111] (ERROR) EFOODFAIL (Waiter, there's a fly in my soup).
[2015/11/04 11:37:14.111] (INFO) Waiting for supervisor process (PID 22810) to die.
[2015/11/04 11:37:14.111] (INFO) Backed up all server logs.
[2015/11/04 11:37:14.111] (INFO) Sending SIGTERM to 2 excess workers.
[2015/11/04 11:37:14.111] (INFO) Checked file systems for errors: All filesystems OK.
[2015/11/04 11:37:14.111] (INFO) Device 0xd980 is online.
[2015/11/04 11:37:14.111] (INFO) Device 0xdfc4 is online.
[2015/11/04 11:37:14.111] (INFO) Sending SIGTERM to 4 excess workers.
[2015/11/04 11:37:14.111] (INFO) Checked file systems for errors: All filesystems OK.
[2015/11/04 11:37:14.111] (INFO) User "sxc9505" logged in from 10.23.245.76.
[2015/11/04 11:37:14.111] (INFO) Checkpointing off-heap server memory...
[2015/11/04 11:37:14.111] (INFO) Sending SIGTERM to 2 excess workers.
[2015/11/04 11:37:14.111] (INFO) Your mother called. She says you never call her.
[2015/11/04 11:37:14.111] (INFO) Network heartbeat check: All OK.
[2015/11/04 11:37:14.111] (WARN) Unable to ping worker at 192.168.227.98. Retrying.
[2015/11/04 11:37:14.111] (INFO) Pinging watchdog timer process: Process is alive.
[2015/11/04 11:37:14.111] (INFO) Sending SIGTERM to 2 excess workers.
[2015/11/04 11:37:14.111] (INFO) Waiting for master process (PID 18032) to die.
[2015/11/04 11:37:14.612] (INFO) Network heartbeat check: All OK.
[2015/11/04 11:37:14.612] (INFO) User "uhs9694" logged in from 10.117.140.95.
[2015/11/04 11:37:14.612] (INFO) Network heartbeat check: All OK.
[2015/11/04 11:37:14.612] (INFO) .evian ylbirret si emehcs otpyrc ym neht ,siht daer nac uoy fI
[2015/11/04 11:37:14.612] (INFO) Waiting for master process (PID 7980) to die.
[2015/11/04 11:37:14.612] (INFO) Network heartbeat check: All OK.
[2015/11/04 11:37:14.612] (INFO) .evian ylbirret si emehcs otpyrc ym neht ,siht daer nac uoy fI
[2015/11/04 11:37:14.612] (ERROR) Worker 4 died with SIGSTOP. Restarting it.
[2015/11/04 11:37:14.612] (ERROR) Detected incoming DDoS from 192.168.220.234.
[2015/11/04 11:37:14.612] (ERROR) Failed to open "/mnt/fileserver01/LenLB68219.parquet": NFS timeout.
[2015/11/04 11:37:14.612] (INFO) Supervisor has entered RESTARTING state.
[2015/11/04 11:37:14.612] (INFO) User "dmu7721" logged out.
[2015/11/04 11:37:14.612] (INFO) User "ogz4192" logged out due to inactivity (timeout=30 minutes).
[2015/11/04 11:37:14.612] (INFO) Your mother called. She says you never call her.
[2015/11/04 11:37:14.612] (INFO) .evian ylbirret si emehcs otpyrc ym neht ,siht daer nac uoy fI
[2015/11/04 11:37:14.612] (INFO) Your mother called. She says you never call her.
[2015/11/04 11:37:14.612] (INFO) Flushed 71 buffers to disk.
[2015/11/04 11:37:14.612] (INFO) Waiting for master process (PID 7641) to die.
[2015/11/04 11:37:14.612] (INFO) Flushed 99 buffers to disk.
[2015/11/04 11:37:14.612] (INFO) Device 0x10c3 is online.
[2015/11/04 11:37:14.612] (INFO) Alien monitor (aliend): Detected no space aliens.
[2015/11/04 11:37:14.612] (INFO) Waiting for master process (PID 56389) to die.
[2015/11/04 11:37:14.612] (INFO) Checkpointing off-heap server memory...
[2015/11/04 11:37:14.612] (ERROR) Device 0xe910 is offline
[2015/11/04 11:37:14.612] (INFO) User "oyg5020" logged out.
[2015/11/04 11:37:14.612] (INFO) Rolling 5 log file(s)...
[2015/11/04 11:37:14.612] (WARN) Backup server 10.32.69.163 is offline.
[2015/11/04 11:37:14.612] (ERROR) Detected incoming DDoS from 172.16.168.5.
[2015/11/04 11:37:14.612] (INFO) User "kjy9092" logged out.
[2015/11/04 11:37:14.612] (INFO) Flushed 37 buffers to disk.
[2015/11/04 11:37:14.612] (INFO) Alien monitor (aliend): Detected no space aliens.
[2015/11/04 11:37:14.612] (INFO) Checkpointing off-heap server memory...
[2015/11/04 11:37:14.612] (INFO) Your mother called. She says you never call her.
[2015/11/04 11:37:14.612] (INFO) Checkpointing off-heap server memory...
[2015/11/04 11:37:14.612] (INFO) Flushed 77 buffers to disk.
[2015/11/04 11:37:14.612] (INFO) Checked file systems for errors: All filesystems OK.
[2015/11/04 11:37:14.612] (INFO) Device 0xf11d is online.
[2015/11/04 11:37:14.612] (INFO) Supervisor has entered RESTARTING state.
[2015/11/04 11:37:14.612] (INFO) Pinging watchdog timer process: Process is alive.
[2015/11/04 11:37:14.612] (INFO) .evian ylbirret si emehcs otpyrc ym neht ,siht daer nac uoy fI
[2015/11/04 11:37:14.612] (WARN) Master took 787 ms to respond (threshold=500 ms)
[2015/11/04 11:37:14.612] (INFO) Device 0x94ff is online.
[2015/11/04 11:37:14.612] (ERROR) Network heartbeat check FAILED: Master host down?
[2015/11/04 11:37:14.612] (INFO) Supervisor has entered RUNNING state.
[2015/11/04 11:37:14.612] (INFO) User "mda5808" logged out.
[2015/11/04 11:37:14.612] (INFO) Backed up all server logs.
[2015/11/04 11:37:14.612] (INFO) Network heartbeat check: All OK.
[2015/11/04 11:37:14.612] (INFO) Backed up all server logs.
[2015/11/04 11:37:14.612] (INFO) Flushed 50 buffers to disk.
[2015/11/04 11:37:14.612] (INFO) User "zij8112" logged in from 192.168.144.62.
[2015/11/04 11:37:14.612] (INFO) Supervisor has entered RUNNING state.
[2015/11/04 11:37:14.612] (INFO) User "srs3204" logged out due to inactivity (timeout=30 minutes).
[2015/11/04 11:37:14.612] (ERROR) EFOODFAIL (Waiter, there's a fly in my soup).
[2015/11/04 11:37:14.612] (INFO) Network heartbeat check: All OK.
[2015/11/04 11:37:14.612] (INFO) Your mother called. She says you never call her.
[2015/11/04 11:37:14.612] (INFO) Alien monitor (aliend): Detected no space aliens.
[2015/11/04 11:37:14.612] (ERROR) Network heartbeat check FAILED: Master host down?
[2015/11/04 11:37:14.612] (INFO) Checkpointing off-heap server memory...
[2015/11/04 11:37:14.612] (INFO) Backed up all server logs.
[2015/11/04 11:37:14.612] (ERROR) Extra characters at end of line.
[2015/11/04 11:37:14.612] (INFO) Alien monitor (aliend): Detected no space aliens.
[2015/11/04 11:37:14.612] (INFO) User "ini8039" logged in from 192.168.235.168.
[2015/11/04 11:37:14.612] (ERROR) Blocked nmap traffic originating from 10.187.139.14.
[2015/11/04 11:37:14.612] (INFO) User "mxk1621" logged out.
[2015/11/04 11:37:14.612] (ERROR) Unable to authenticate user "pxw2738": LDAP server isn't responding.
[2015/11/04 11:37:14.612] (INFO) Device 0x2b60 is online.
[2015/11/04 11:37:14.612] (INFO) Flushed 99 buffers to disk.
[2015/11/04 11:37:14.612] (ERROR) Unable to mount /dev/sda2. (Time to run fsck?)
[2015/11/04 11:37:14.612] (INFO) Checkpointing off-heap server memory...
[2015/11/04 11:37:14.612] (INFO) Supervisor has entered SUSPENDED state.
[2015/11/04 11:37:14.612] (INFO) Device 0x04fe is online.
[2015/11/04 11:37:14.612] (INFO) Pinging watchdog timer process: Process is alive.
[2015/11/04 11:37:14.612] (INFO) Network heartbeat check: All OK.
[2015/11/04 11:37:14.612] (ERROR) Detected clock skew! Restarting NTP server.
[2015/11/04 11:37:14.612] (INFO) User "npd7258" logged in from 172.16.22.213.
[2015/11/04 11:37:14.612] (INFO) Supervisor has entered WAITING state.
[2015/11/04 11:37:14.612] (ERROR) Blocked Little Bobby Tables attack (https://xkcd.com/327/) from 172.16.51.205.
[2015/11/04 11:37:14.612] (INFO) Device 0xfa53 is online.
[2015/11/04 11:37:14.612] (INFO) User "cxk5298" logged out due to inactivity (timeout=30 minutes).
[2015/11/04 11:37:14.612] (INFO) User "dby4541" logged out.
[2015/11/04 11:37:14.612] (INFO) Sending SIGTERM to 4 excess workers.
[2015/11/04 11:37:14.612] (INFO) User "dkq2687" logged out.
[2015/11/04 11:37:14.612] (INFO) Sending SIGTERM to 3 excess workers.
[2015/11/04 11:37:14.612] (INFO) User "mhj3812" logged out due to inactivity (timeout=30 minutes).
[2015/11/04 11:37:14.612] (INFO) Backed up all server logs.
[2015/11/04 11:37:14.612] (WARN) Space on disk /dev/sdb4 is low: Only 348 MB available.
[2015/11/04 11:37:14.612] (INFO) Flushed 80 buffers to disk.
[2015/11/04 11:37:14.612] (INFO) .evian ylbirret si emehcs otpyrc ym neht ,siht daer nac uoy fI
[2015/11/04 11:37:14.612] (INFO) User "gmp8588" logged in from 172.16.181.213.
[2015/11/04 11:37:14.612] (INFO) Flushed 95 buffers to disk.
[2015/11/04 11:37:14.612] (INFO) .evian ylbirret si emehcs otpyrc ym neht ,siht daer nac uoy fI
[2015/11/04 11:37:14.612] (WARN) Ignoring SIGTERM. It's not that easy to get rid of me.
[2015/11/04 11:37:14.612] (INFO) Sending SIGTERM to 2 excess workers.
[2015/11/04 11:37:14.612] (INFO) User "ddh6492" logged out.
[2015/11/04 11:37:14.612] (INFO) Waiting for worker process (PID 57947) to die.
[2015/11/04 11:37:14.612] (INFO) Supervisor has entered WAITING state.
[2015/11/04 11:37:14.612] (INFO) .evian ylbirret si emehcs otpyrc ym neht ,siht daer nac uoy fI
[2015/11/04 11:37:14.613] (INFO) User "ajz9186" logged out.
[2015/11/04 11:37:14.613] (INFO) Your mother called. She says you never call her.
[2015/11/04 11:37:14.613] (WARN) Space on disk /dev/sda4 is low: Only 723 MB available.
[2015/11/04 11:37:15.110] (INFO) User "jbq2869" logged out.
[2015/11/04 11:37:15.110] (INFO) Sending SIGTERM to 3 excess workers.
[2015/11/04 11:37:15.110] (INFO) Supervisor has entered RESTARTING state.
[2015/11/04 11:37:15.110] (INFO) Checked file systems for errors: All filesystems OK.
[2015/11/04 11:37:15.110] (INFO) Waiting for master process (PID 56065) to die.
[2015/11/04 11:37:15.110] (INFO) Backed up all server logs.
[2015/11/04 11:37:15.110] (INFO) User "sbm2075" logged out.
[2015/11/04 11:37:15.110] (ERROR) Unable to write to "/var/data/VIMhR59837.zip": Permission denied (EACCES)
[2015/11/04 11:37:15.110] (INFO) Device 0xb5f9 is online.
[2015/11/04 11:37:15.110] (WARN) Ignoring SIGTERM. It's not that easy to get rid of me.
[2015/11/04 11:37:15.110] (WARN) Backup server 192.168.10.123 is offline.
[2015/11/04 11:37:15.110] (INFO) Rolling 3 log file(s)...
[2015/11/04 11:37:15.110] (INFO) Rolling 3 log file(s)...
[2015/11/04 11:37:15.110] (INFO) Checked file systems for errors: All filesystems OK.
[2015/11/04 11:37:15.110] (WARN) CPU temperature exceeds 40º Celsius.
[2015/11/04 11:37:15.110] (INFO) Your mother called. She says you never call her.
[2015/11/04 11:37:15.110] (INFO) Alien monitor (aliend): Detected no space aliens.
[2015/11/04 11:37:15.110] (INFO) User "zac2863" logged in from 172.16.69.147.
[2015/11/04 11:37:15.110] (INFO) Waiting for worker process (PID 55148) to die.
[2015/11/04 11:37:15.110] (INFO) User "dqt5474" logged out.
[2015/11/04 11:37:15.110] (INFO) Pinging watchdog timer process: Process is alive.
[2015/11/04 11:37:15.110] (WARN) Possible cyber-attack from a small unnamed island.
[2015/11/04 11:37:15.110] (INFO) Checked file systems for errors: All filesystems OK.
[2015/11/04 11:37:15.110] (INFO) Your mother called. She says you never call her.
[2015/11/04 11:37:15.110] (WARN) Network heartbeat check: 12 server(s) did not respond.
[2015/11/04 11:37:15.110] (INFO) User "pfo1673" logged in from 172.16.24.146.
[2015/11/04 11:37:15.110] (WARN) Watchdog timer crashed. Restarting it.
[2015/11/04 11:37:15.110] (INFO) User "bkm9657" logged in from 10.148.113.151.
[2015/11/04 11:37:15.110] (INFO) Waiting for master process (PID 62860) to die.
[2015/11/04 11:37:15.110] (INFO) .evian ylbirret si emehcs otpyrc ym neht ,siht daer nac uoy fI
[2015/11/04 11:37:15.110] (INFO) Device 0xa0b6 is online.
[2015/11/04 11:37:15.110] (INFO) Checked file systems for errors: All filesystems OK.
[2015/11/04 11:37:15.110] (INFO) User "mkd3919" logged in from 10.123.47.172.
[2015/11/04 11:37:15.110] (ERROR) Detected clock skew! Restarting NTP server.
[2015/11/04 11:37:15.110] (WARN) Backup server 192.168.225.234 is offline.
[2015/11/04 11:37:15.110] (ERROR) "/var/data/nuHoF63054.zip": No such file or directory (ENOENT)
[2015/11/04 11:37:15.110] (INFO) Device 0x552f is online.
[2015/11/04 11:37:15.110] (INFO) Network heartbeat check: All OK.
[2015/11/04 11:37:15.110] (INFO) Sending SIGTERM to 4 excess workers.
[2015/11/04 11:37:15.110] (ERROR) /dev/lp error: "PC LOAD LETTER"
[2015/11/04 11:37:15.110] (ERROR) Network heartbeat check FAILED: Master host down?
[2015/11/04 11:37:15.110] (INFO) Flushed 44 buffers to disk.
[2015/11/04 11:37:15.110] (INFO) Backed up all server logs.
[2015/11/04 11:37:15.110] (INFO) Waiting for worker process (PID 9472) to die.
[2015/11/04 11:37:15.110] (INFO) Checkpointing off-heap server memory...
[2015/11/04 11:37:15.110] (INFO) Backed up all server logs.
[2015/11/04 11:37:15.110] (INFO) Backed up all server logs.
[2015/11/04 11:37:15.110] (INFO) User "ofb1672" logged out due to inactivity (timeout=30 minutes).
[2015/11/04 11:37:15.110] (INFO) Backed up all server logs.
[2015/11/04 11:37:15.110] (INFO) Sending SIGTERM to 2 excess workers.
[2015/11/04 11:37:15.110] (WARN) Backup server 10.14.101.157 is offline.
[2015/11/04 11:37:15.110] (INFO) User "oxm4110" logged out.
[2015/11/04 11:37:15.110] (WARN) CPU temperature exceeds 40º Celsius.
[2015/11/04 11:37:15.110] (INFO) Your mother called. She says you never call her.
[2015/11/04 11:37:15.110] (INFO) Waiting for monitor process (PID 60519) to die.
[2015/11/04 11:37:15.110] (INFO) Backed up all server logs.
[2015/11/04 11:37:15.110] (INFO) Rolling 7 log file(s)...
[2015/11/04 11:37:15.110] (INFO) Flushed 67 buffers to disk.
[2015/11/04 11:37:15.111] (INFO) Your mother called. She says you never call her.
[2015/11/04 11:37:15.111] (INFO) Checkpointing off-heap server memory...
[2015/11/04 11:37:15.111] (WARN) There is no such thing as a free lunch.
[2015/11/04 11:37:15.111] (INFO) Device 0x0350 is online.
[2015/11/04 11:37:15.111] (INFO) .evian ylbirret si emehcs otpyrc ym neht ,siht daer nac uoy fI
[2015/11/04 11:37:15.111] (INFO) Backed up all server logs.
[2015/11/04 11:37:15.111] (INFO) Checked file systems for errors: All filesystems OK.
[2015/11/04 11:37:15.111] (INFO) Device 0x2b92 is online.
[2015/11/04 11:37:15.111] (ERROR) Device 0x5e0a is offline
[2015/11/04 11:37:15.111] (INFO) Supervisor has entered RESTARTING state.
[2015/11/04 11:37:15.111] (INFO) Supervisor has entered SUSPENDED state.
[2015/11/04 11:37:15.111] (INFO) User "vye3236" logged in from 192.168.202.103.
[2015/11/04 11:37:15.111] (INFO) Waiting for supervisor process (PID 2358) to die.
[2015/11/04 11:37:15.111] (INFO) Checkpointing off-heap server memory...
[2015/11/04 11:37:15.111] (INFO) Flushed 82 buffers to disk.
[2015/11/04 11:37:15.111] (INFO) Network heartbeat check: All OK.
[2015/11/04 11:37:15.111] (INFO) .evian ylbirret si emehcs otpyrc ym neht ,siht daer nac uoy fI
[2015/11/04 11:37:15.111] (WARN) Dropped 19,203 corrupt data packets.
[2015/11/04 11:37:15.111] (INFO) Rolling 4 log file(s)...
[2015/11/04 11:37:15.111] (ERROR) Network heartbeat check FAILED: Master host down?
[2015/11/04 11:37:15.111] (INFO) Waiting for supervisor process (PID 58995) to die.
[2015/11/04 11:37:15.111] (INFO) Waiting for worker process (PID 9488) to die.
[2015/11/04 11:37:15.111] (INFO) Network heartbeat check: All OK.
[2015/11/04 11:37:15.111] (INFO) Checked file systems for errors: All filesystems OK.
[2015/11/04 11:37:15.111] (INFO) Supervisor has entered RUNNING state.
[2015/11/04 11:37:15.111] (ERROR) Device 0x75fe is offline
[2015/11/04 11:37:15.111] (INFO) Rolling 5 log file(s)...
[2015/11/04 11:37:15.111] (INFO) Checked file systems for errors: All filesystems OK.
[2015/11/04 11:37:15.111] (INFO) Sending SIGTERM to 2 excess workers.
[2015/11/04 11:37:15.111] (WARN) Watchdog timer crashed. Restarting it.
[2015/11/04 11:37:15.111] (INFO) Flushed 52 buffers to disk.
[2015/11/04 11:37:15.111] (INFO) Rolling 4 log file(s)...
[2015/11/04 11:37:15.111] (INFO) Your mother called. She says you never call her.
[2015/11/04 11:37:15.111] (INFO) Device 0xa4d3 is online.
[2015/11/04 11:37:15.111] (INFO) Flushed 45 buffers to disk.
[2015/11/04 11:37:15.111] (INFO) Flushed 44 buffers to disk.
[2015/11/04 11:37:15.111] (INFO) Supervisor has entered RESTARTING state.
[2015/11/04 11:37:15.111] (INFO) Pinging watchdog timer process: Process is alive.
[2015/11/04 11:37:15.111] (INFO) Rolling 5 log file(s)...
[2015/11/04 11:37:15.111] (INFO) Supervisor has entered RUNNING state.
[2015/11/04 11:37:15.111] (INFO) Network heartbeat check: All OK.
[2015/11/04 11:37:15.111] (INFO) Rolling 6 log file(s)...
[2015/11/04 11:37:15.610] (INFO) Flushed 26 buffers to disk.
[2015/11/04 11:37:15.610] (INFO) User "ist6226" logged in from 172.16.7.123.
[2015/11/04 11:37:15.610] (INFO) Sending SIGTERM to 2 excess workers.
[2015/11/04 11:37:15.610] (ERROR) /dev/lp error: "PC LOAD LETTER"
[2015/11/04 11:37:15.610] (INFO) Network heartbeat check: All OK.
[2015/11/04 11:37:15.610] (INFO) User "rmf9043" logged out.
[2015/11/04 11:37:15.610] (WARN) Dropped 14,493 corrupt data packets.
[2015/11/04 11:37:15.610] (INFO) Device 0x60f1 is online.
[2015/11/04 11:37:15.610] (ERROR) Server log backup FAILED. See backup logs.
[2015/11/04 11:37:15.610] (INFO) Network heartbeat check: All OK.
[2015/11/04 11:37:15.610] (INFO) Device 0x9552 is online.
[2015/11/04 11:37:15.610] (ERROR) Network heartbeat check FAILED: Master host down?
[2015/11/04 11:37:15.610] (INFO) .evian ylbirret si emehcs otpyrc ym neht ,siht daer nac uoy fI
[2015/11/04 11:37:15.610] (INFO) Flushed 26 buffers to disk.
[2015/11/04 11:37:15.610] (INFO) Checked file systems for errors: All filesystems OK.
[2015/11/04 11:37:15.610] (ERROR) Device 0x97c4 is offline
[2015/11/04 11:37:15.610] (INFO) User "xwi9006" logged out.
[2015/11/04 11:37:15.610] (INFO) Waiting for supervisor process (PID 34607) to die.
[2015/11/04 11:37:15.610] (INFO) Rolling 6 log file(s)...
[2015/11/04 11:37:15.610] (WARN) Dropped 4,983 corrupt data packets.
[2015/11/04 11:37:15.610] (INFO) User "hof6435" logged out.
[2015/11/04 11:37:15.610] (INFO) Pinging watchdog timer process: Process is alive.
[2015/11/04 11:37:15.610] (INFO) Sending SIGTERM to 2 excess workers.
[2015/11/04 11:37:15.610] (INFO) Network heartbeat check: All OK.
[2015/11/04 11:37:15.610] (INFO) Checked file systems for errors: All filesystems OK.
[2015/11/04 11:37:15.610] (WARN) Backup server 172.16.88.99 is offline.
[2015/11/04 11:37:15.610] (INFO) Sending SIGTERM to 4 excess workers.
[2015/11/04 11:37:15.610] (INFO) User "cbn6284" logged in from 192.168.15.14.
[2015/11/04 11:37:15.610] (INFO) Network heartbeat check: All OK.
[2015/11/04 11:37:15.610] (INFO) Checked file systems for errors: All filesystems OK.
[2015/11/04 11:37:15.610] (INFO) Network heartbeat check: All OK.
[2015/11/04 11:37:15.610] (INFO) User "ycb5448" logged out.
[2015/11/04 11:37:15.610] (INFO) Supervisor has entered RESTARTING state.
[2015/11/04 11:37:15.610] (ERROR) User "yii7708" failed to log in 3 times. Disabling account.
[2015/11/04 11:37:15.610] (WARN) Ignoring SIGTERM. It's not that easy to get rid of me.
[2015/11/04 11:37:15.610] (ERROR) Network heartbeat check FAILED: Master host down?
[2015/11/04 11:37:15.610] (WARN) Master took 889 ms to respond (threshold=500 ms)
[2015/11/04 11:37:15.610] (WARN) Unable to ping supervisor at 172.16.217.117. Retrying.
[2015/11/04 11:37:15.610] (INFO) Your mother called. She says you never call her.
[2015/11/04 11:37:15.610] (INFO) User "ywa3938" logged out due to inactivity (timeout=30 minutes).
[2015/11/04 11:37:15.610] (INFO) Supervisor has entered RESTARTING state.
[2015/11/04 11:37:15.610] (INFO) .evian ylbirret si emehcs otpyrc ym neht ,siht daer nac uoy fI
[2015/11/04 11:37:15.610] (INFO) Checked file systems for errors: All filesystems OK.
[2015/11/04 11:37:15.610] (WARN) CPU temperature exceeds 40º Celsius.
[2015/11/04 11:37:15.610] (INFO) Waiting for master process (PID 11625) to die.
[2015/11/04 11:37:15.610] (INFO) .evian ylbirret si emehcs otpyrc ym neht ,siht daer nac uoy fI
[2015/11/04 11:37:15.610] (INFO) Checked file systems for errors: All filesystems OK.
[2015/11/04 11:37:15.610] (INFO) User "edk8275" logged out due to inactivity (timeout=30 minutes).
[2015/11/04 11:37:15.610] (INFO) Flushed 64 buffers to disk.
[2015/11/04 11:37:15.610] (INFO) .evian ylbirret si emehcs otpyrc ym neht ,siht daer nac uoy fI
[2015/11/04 11:37:15.610] (INFO) Sending SIGTERM to 2 excess workers.
[2015/11/04 11:37:15.610] (WARN) Retrying server log checkpoint.
[2015/11/04 11:37:15.610] (INFO) Alien monitor (aliend): Detected no space aliens.
[2015/11/04 11:37:15.610] (INFO) Flushed 49 buffers to disk.
[2015/11/04 11:37:15.610] (INFO) Device 0x86d4 is online.
[2015/11/04 11:37:15.610] (WARN) CPU temperature exceeds 40º Celsius.
[2015/11/04 11:37:15.610] (INFO) Checked file systems for errors: All filesystems OK.
[2015/11/04 11:37:15.610] (WARN) Possible cyber-attack from Russia.
[2015/11/04 11:37:15.610] (INFO) Network heartbeat check: All OK.
[2015/11/04 11:37:15.610] (INFO) User "kaf8572" logged out.
[2015/11/04 11:37:15.610] (ERROR) Network heartbeat check FAILED: Master host down?
[2015/11/04 11:37:15.610] (INFO) Rolling 3 log file(s)...
[2015/11/04 11:37:15.610] (INFO) Network heartbeat check: All OK.
[2015/11/04 11:37:15.610] (ERROR) Network heartbeat check FAILED: Master host down?
[2015/11/04 11:37:15.610] (INFO) Rolling 8 log file(s)...
[2015/11/04 11:37:15.610] (INFO) Network heartbeat check: All OK.
[2015/11/04 11:37:15.610] (INFO) Checked file systems for errors: All filesystems OK.
[2015/11/04 11:37:15.610] (INFO) Device 0xc937 is online.
[2015/11/04 11:37:15.610] (INFO) User "ljj5288" logged out.
[2015/11/04 11:37:15.610] (INFO) Checked file systems for errors: All filesystems OK.
[2015/11/04 11:37:15.610] (INFO) Waiting for monitor process (PID 6002) to die.
[2015/11/04 11:37:15.610] (WARN) Backup server 10.239.22.243 is offline.
[2015/11/04 11:37:15.610] (INFO) .evian ylbirret si emehcs otpyrc ym neht ,siht daer nac uoy fI
[2015/11/04 11:37:15.610] (INFO) Checked file systems for errors: All filesystems OK.
[2015/11/04 11:37:15.610] (INFO) Your mother called. She says you never call her.
[2015/11/04 11:37:15.610] (INFO) .evian ylbirret si emehcs otpyrc ym neht ,siht daer nac uoy fI
[2015/11/04 11:37:15.610] (INFO) Device 0xafbe is online.
[2015/11/04 11:37:15.610] (ERROR) One of the flayrods has gone out askew on treadle.
[2015/11/04 11:37:15.610] (INFO) Alien monitor (aliend): Detected no space aliens.
[2015/11/04 11:37:15.610] (INFO) Waiting for monitor process (PID 30436) to die.
[2015/11/04 11:37:15.610] (INFO) User "gpe8707" logged in from 192.168.184.17.
[2015/11/04 11:37:15.610] (INFO) Supervisor has entered RESTARTING state.
[2015/11/04 11:37:15.610] (INFO) Pinging watchdog timer process: Process is alive.
[2015/11/04 11:37:15.610] (INFO) Backed up all server logs.
[2015/11/04 11:37:15.610] (INFO) Alien monitor (aliend): Detected no space aliens.
[2015/11/04 11:37:15.610] (INFO) Alien monitor (aliend): Detected no space aliens.
[2015/11/04 11:37:15.610] (INFO) Checkpointing off-heap server memory...
[2015/11/04 11:37:15.610] (INFO) Checkpointing off-heap server memory...
[2015/11/04 11:37:15.610] (WARN) Backup server 10.97.102.83 is offline.
[2015/11/04 11:37:15.610] (WARN) Unable to ping monitor at 192.168.85.251. Retrying.
[2015/11/04 11:37:15.610] (INFO) Backed up all server logs.
[2015/11/04 11:37:15.610] (INFO) Backed up all server logs.
[2015/11/04 11:37:15.610] (INFO) Device 0x5003 is online.
[2015/11/04 11:37:15.610] (INFO) Backed up all server logs.
[2015/11/04 11:37:15.610] (INFO) User "ygw8924" logged out due to inactivity (timeout=30 minutes).
[2015/11/04 11:37:15.610] (INFO) Your mother called. She says you never call her.
[2015/11/04 11:37:15.610] (WARN) Space on disk /dev/sde3 is low: Only 115 MB available.
[2015/11/04 11:37:15.610] (ERROR) Worker 3 died with SIGTERM. Restarting it.
[2015/11/04 11:37:15.610] (INFO) Alien monitor (aliend): Detected no space aliens.
[2015/11/04 11:37:15.610] (INFO) User "nfd3086" logged out.
[2015/11/04 11:37:16.110] (WARN) Retrying server log checkpoint.
[2015/11/04 11:37:16.110] (INFO) Rolling 9 log file(s)...
[2015/11/04 11:37:16.110] (INFO) Checked file systems for errors: All filesystems OK.
[2015/11/04 11:37:16.110] (INFO) User "qsp9090" logged out.
[2015/11/04 11:37:16.110] (INFO) Checked file systems for errors: All filesystems OK.
[2015/11/04 11:37:16.110] (INFO) Checked file systems for errors: All filesystems OK.
[2015/11/04 11:37:16.110] (INFO) Backed up all server logs.
[2015/11/04 11:37:16.110] (ERROR) Failed to write checkpoint file "/var/checkpoint/FWyqx53211: No space left on device (ENOSPC)
[2015/11/04 11:37:16.110] (ERROR) Alien monitor (aliend): 3 space aliens are fiddling with the hardware!
[2015/11/04 11:37:16.110] (INFO) Device 0xe09d is online.
[2015/11/04 11:37:16.110] (INFO) User "ljt7559" logged in from 172.16.241.215.
[2015/11/04 11:37:16.110] (INFO) Device 0x9b9e is online.
[2015/11/04 11:37:16.110] (ERROR) Blocked nmap traffic originating from 192.168.9.249.
[2015/11/04 11:37:16.110] (INFO) Alien monitor (aliend): Detected no space aliens.
[2015/11/04 11:37:16.110] (INFO) Rolling 5 log file(s)...
[2015/11/04 11:37:16.110] (INFO) Waiting for worker process (PID 18044) to die.
[2015/11/04 11:37:16.110] (INFO) Network heartbeat check: All OK.
[2015/11/04 11:37:16.110] (WARN) CPU temperature exceeds 40º Celsius.
[2015/11/04 11:37:16.110] (INFO) User "hfm9498" logged in from 10.244.204.231.
[2015/11/04 11:37:16.110] (INFO) Checked file systems for errors: All filesystems OK.
[2015/11/04 11:37:16.110] (INFO) Flushed 21 buffers to disk.
[2015/11/04 11:37:16.110] (INFO) Waiting for monitor process (PID 43940) to die.
[2015/11/04 11:37:16.110] (INFO) Pinging watchdog timer process: Process is alive.
[2015/11/04 11:37:16.110] (INFO) User "gqp9422" logged out.
[2015/11/04 11:37:16.110] (INFO) Waiting for supervisor process (PID 4227) to die.
[2015/11/04 11:37:16.110] (INFO) Checkpointing off-heap server memory...
[2015/11/04 11:37:16.110] (INFO) Device 0xdb85 is online.
[2015/11/04 11:37:16.110] (INFO) User "eyz2956" logged in from 10.125.207.19.
[2015/11/04 11:37:16.110] (ERROR) Blocked Little Bobby Tables attack (https://xkcd.com/327/) from 10.97.31.196.
[2015/11/04 11:37:16.110] (INFO) User "bho9343" logged out due to inactivity (timeout=30 minutes).
[2015/11/04 11:37:16.110] (INFO) User "bmg3856" logged out.
[2015/11/04 11:37:16.110] (INFO) Rolling 1 log file(s)...
[2015/11/04 11:37:16.110] (INFO) Backed up all server logs.
[2015/11/04 11:37:16.110] (INFO) Sending SIGTERM to 3 excess workers.
[2015/11/04 11:37:16.110] (INFO) Waiting for master process (PID 41148) to die.
[2015/11/04 11:37:16.110] (INFO) Alien monitor (aliend): Detected no space aliens.
[2015/11/04 11:37:16.110] (WARN) Master took 518 ms to respond (threshold=500 ms)
[2015/11/04 11:37:16.110] (INFO) Sending SIGTERM to 4 excess workers.
[2015/11/04 11:37:16.110] (INFO) Flushed 85 buffers to disk.
[2015/11/04 11:37:16.110] (INFO) .evian ylbirret si emehcs otpyrc ym neht ,siht daer nac uoy fI
[2015/11/04 11:37:16.110] (INFO) .evian ylbirret si emehcs otpyrc ym neht ,siht daer nac uoy fI
[2015/11/04 11:37:16.110] (INFO) Flushed 88 buffers to disk.
[2015/11/04 11:37:16.110] (INFO) .evian ylbirret si emehcs otpyrc ym neht ,siht daer nac uoy fI
[2015/11/04 11:37:16.110] (INFO) Sending SIGTERM to 2 excess workers.
[2015/11/04 11:37:16.110] (INFO) .evian ylbirret si emehcs otpyrc ym neht ,siht daer nac uoy fI
[2015/11/04 11:37:16.110] (INFO) Checked file systems for errors: All filesystems OK.
[2015/11/04 11:37:16.110] (INFO) Checkpointing off-heap server memory...
[2015/11/04 11:37:16.110] (INFO) Supervisor has entered WAITING state.
[2015/11/04 11:37:16.110] (ERROR) /dev/lp error: "PC LOAD LETTER"
[2015/11/04 11:37:16.110] (INFO) Alien monitor (aliend): Detected no space aliens.
[2015/11/04 11:37:16.110] (INFO) User "ibe5243" logged out due to inactivity (timeout=30 minutes).
[2015/11/04 11:37:16.110] (INFO) Pinging watchdog timer process: Process is alive.
[2015/11/04 11:37:16.110] (INFO) Network heartbeat check: All OK.
[2015/11/04 11:37:16.110] (WARN) Master took 564 ms to respond (threshold=500 ms)
[2015/11/04 11:37:16.110] (WARN) Watchdog timer crashed. Restarting it.
[2015/11/04 11:37:16.110] (INFO) Waiting for monitor process (PID 2505) to die.
[2015/11/04 11:37:16.110] (INFO) Waiting for master process (PID 63151) to die.
[2015/11/04 11:37:16.110] (INFO) Alien monitor (aliend): Detected no space aliens.
[2015/11/04 11:37:16.110] (INFO) User "lah1083" logged out.
[2015/11/04 11:37:16.110] (INFO) User "qoy9610" logged out.
[2015/11/04 11:37:16.110] (INFO) Supervisor has entered WAITING state.
[2015/11/04 11:37:16.110] (INFO) User "avz3070" logged out due to inactivity (timeout=30 minutes).
[2015/11/04 11:37:16.110] (INFO) Backed up all server logs.
[2015/11/04 11:37:16.110] (INFO) Network heartbeat check: All OK.
[2015/11/04 11:37:16.110] (INFO) Network heartbeat check: All OK.
[2015/11/04 11:37:16.110] (ERROR) /dev/lp error: "PC LOAD LETTER"
[2015/11/04 11:37:16.110] (WARN) There is no such thing as a free lunch.
[2015/11/04 11:37:16.110] (INFO) Rolling 5 log file(s)...
[2015/11/04 11:37:16.110] (INFO) Flushed 69 buffers to disk.
[2015/11/04 11:37:16.110] (INFO) User "end8329" logged out due to inactivity (timeout=30 minutes).
[2015/11/04 11:37:16.110] (INFO) Your mother called. She says you never call her.
[2015/11/04 11:37:16.110] (INFO) Network heartbeat check: All OK.
[2015/11/04 11:37:16.110] (INFO) Network heartbeat check: All OK.
[2015/11/04 11:37:16.110] (INFO) Sending SIGTERM to 3 excess workers.
[2015/11/04 11:37:16.110] (INFO) Backed up all server logs.
[2015/11/04 11:37:16.110] (INFO) Network heartbeat check: All OK.
[2015/11/04 11:37:16.110] (INFO) Waiting for master process (PID 34763) to die.
[2015/11/04 11:37:16.110] (INFO) Supervisor has entered SUSPENDED state.
[2015/11/04 11:37:16.110] (INFO) Supervisor has entered RESTARTING state.
[2015/11/04 11:37:16.110] (WARN) Backup server 172.16.155.253 is offline.
[2015/11/04 11:37:16.110] (INFO) Backed up all server logs.
[2015/11/04 11:37:16.110] (INFO) Checkpointing off-heap server memory...
[2015/11/04 11:37:16.110] (INFO) User "yuc3684" logged in from 192.168.41.222.
[2015/11/04 11:37:16.110] (INFO) Rolling 2 log file(s)...
[2015/11/04 11:37:16.110] (INFO) Checkpointing off-heap server memory...
[2015/11/04 11:37:16.110] (INFO) Rolling 5 log file(s)...
[2015/11/04 11:37:16.110] (INFO) Your mother called. She says you never call her.
[2015/11/04 11:37:16.110] (INFO) Backed up all server logs.
[2015/11/04 11:37:16.110] (INFO) Device 0x9c80 is online.
[2015/11/04 11:37:16.110] (INFO) Supervisor has entered SUSPENDED state.
[2015/11/04 11:37:16.110] (ERROR) Failed to open "/mnt/fileserver01/Hhewt98665.tar.gz": NFS timeout.
[2015/11/04 11:37:16.110] (WARN) Master took 789 ms to respond (threshold=500 ms)
[2015/11/04 11:37:16.110] (ERROR) Detected clock skew! Restarting NTP server.
[2015/11/04 11:37:16.110] (INFO) Checkpointing off-heap server memory...
[2015/11/04 11:37:16.110] (INFO) Checkpointing off-heap server memory...
[2015/11/04 11:37:16.110] (WARN) Unable to ping master at 10.250.100.109. Retrying.
[2015/11/04 11:37:16.110] (INFO) Pinging watchdog timer process: Process is alive.
[2015/11/04 11:37:16.110] (INFO) Alien monitor (aliend): Detected no space aliens.
[2015/11/04 11:37:16.110] (INFO) Checkpointing off-heap server memory...
[2015/11/04 11:37:16.110] (INFO) Supervisor has entered WAITING state.
[2015/11/04 11:37:16.610] (INFO) Alien monitor (aliend): Detected no space aliens.
[2015/11/04 11:37:16.610] (INFO) Network heartbeat check: All OK.
[2015/11/04 11:37:16.610] (INFO) .evian ylbirret si emehcs otpyrc ym neht ,siht daer nac uoy fI
[2015/11/04 11:37:16.610] (INFO) Network heartbeat check: All OK.
[2015/11/04 11:37:16.610] (INFO) Pinging watchdog timer process: Process is alive.
[2015/11/04 11:37:16.610] (ERROR) "/var/data/VaIZd86342.tar.gz": No such file or directory (ENOENT)
[2015/11/04 11:37:16.610] (ERROR) Extra characters at end of line.
[2015/11/04 11:37:16.610] (INFO) Sending SIGTERM to 2 excess workers.
[2015/11/04 11:37:16.610] (INFO) Sending SIGTERM to 4 excess workers.
[2015/11/04 11:37:16.610] (INFO) Network heartbeat check: All OK.
[2015/11/04 11:37:16.610] (INFO) Waiting for monitor process (PID 14343) to die.
[2015/11/04 11:37:16.610] (ERROR) Worker 9 died with SIGIOT. Restarting it.
[2015/11/04 11:37:16.610] (INFO) Checked file systems for errors: All filesystems OK.
[2015/11/04 11:37:16.610] (INFO) Flushed 98 buffers to disk.
[2015/11/04 11:37:16.610] (WARN) Backup server 10.35.24.74 is offline.
[2015/11/04 11:37:16.610] (WARN) Watchdog timer crashed. Restarting it.
[2015/11/04 11:37:16.610] (WARN) Master took 690 ms to respond (threshold=500 ms)
[2015/11/04 11:37:16.610] (INFO) Network heartbeat check: All OK.
[2015/11/04 11:37:16.610] (INFO) User "qbc6281" logged out.
[2015/11/04 11:37:16.610] (INFO) Supervisor has entered RESTARTING state.
[2015/11/04 11:37:16.610] (INFO) User "zdz3107" logged in from 172.16.57.154.
[2015/11/04 11:37:16.610] (INFO) Waiting for monitor process (PID 62043) to die.
[2015/11/04 11:37:16.610] (INFO) Flushed 38 buffers to disk.
[2015/11/04 11:37:16.610] (INFO) User "vqm8670" logged out.
[2015/11/04 11:37:16.610] (INFO) .evian ylbirret si emehcs otpyrc ym neht ,siht daer nac uoy fI
[2015/11/04 11:37:16.610] (INFO) Sending SIGTERM to 2 excess workers.
[2015/11/04 11:37:16.610] (INFO) Network heartbeat check: All OK.
[2015/11/04 11:37:16.610] (INFO) .evian ylbirret si emehcs otpyrc ym neht ,siht daer nac uoy fI
[2015/11/04 11:37:16.610] (INFO) Sending SIGTERM to 3 excess workers.
[2015/11/04 11:37:16.610] (ERROR) Unable to write to "/var/data/curCp76194.csv": Permission denied (EACCES)
[2015/11/04 11:37:16.610] (INFO) .evian ylbirret si emehcs otpyrc ym neht ,siht daer nac uoy fI
[2015/11/04 11:37:16.610] (INFO) User "oyc2722" logged out.
[2015/11/04 11:37:16.610] (ERROR) Worker 2 died with SIGHUP. Restarting it.
[2015/11/04 11:37:16.610] (INFO) Checkpointing off-heap server memory...
[2015/11/04 11:37:16.610] (INFO) Your mother called. She says you never call her.
[2015/11/04 11:37:16.610] (INFO) Alien monitor (aliend): Detected no space aliens.
[2015/11/04 11:37:16.610] (INFO) Sending SIGTERM to 2 excess workers.
[2015/11/04 11:37:16.610] (WARN) There is no such thing as a free lunch.
[2015/11/04 11:37:16.610] (INFO) Sending SIGTERM to 3 excess workers.
[2015/11/04 11:37:16.610] (INFO) Device 0xf731 is online.
[2015/11/04 11:37:16.610] (INFO) Sending SIGTERM to 2 excess workers.
[2015/11/04 11:37:16.610] (INFO) Network heartbeat check: All OK.
[2015/11/04 11:37:16.610] (INFO) Supervisor has entered SUSPENDED state.
[2015/11/04 11:37:16.610] (INFO) Alien monitor (aliend): Detected no space aliens.
[2015/11/04 11:37:16.610] (WARN) CPU temperature exceeds 40º Celsius.
[2015/11/04 11:37:16.610] (INFO) Device 0x3961 is online.
[2015/11/04 11:37:16.610] (ERROR) "/var/data/iaGYh82509.csv": Permission denied (EACCES)
[2015/11/04 11:37:16.610] (INFO) Rolling 6 log file(s)...
[2015/11/04 11:37:16.610] (WARN) Unable to ping supervisor at 192.168.214.172. Retrying.
[2015/11/04 11:37:16.610] (INFO) Network heartbeat check: All OK.
[2015/11/04 11:37:16.610] (INFO) Supervisor has entered WAITING state.
[2015/11/04 11:37:16.610] (INFO) User "nek4043" logged in from 172.16.14.112.
[2015/11/04 11:37:16.610] (INFO) Checked file systems for errors: All filesystems OK.
[2015/11/04 11:37:16.610] (ERROR) Detected incoming DDoS from 172.16.197.49.
[2015/11/04 11:37:16.610] (WARN) There is no such thing as a free lunch.
[2015/11/04 11:37:16.610] (INFO) Checked file systems for errors: All filesystems OK.
[2015/11/04 11:37:16.610] (WARN) Dropped 14,067 corrupt data packets.
[2015/11/04 11:37:16.610] (INFO) Checked file systems for errors: All filesystems OK.
[2015/11/04 11:37:16.610] (INFO) Rolling 8 log file(s)...
[2015/11/04 11:37:16.610] (INFO) Pinging watchdog timer process: Process is alive.
[2015/11/04 11:37:16.610] (INFO) User "ime1287" logged out due to inactivity (timeout=30 minutes).
[2015/11/04 11:37:16.610] (INFO) Backed up all server logs.
[2015/11/04 11:37:16.610] (INFO) Rolling 5 log file(s)...
[2015/11/04 11:37:16.610] (INFO) User "hsv5058" logged out.
[2015/11/04 11:37:16.610] (INFO) Your mother called. She says you never call her.
[2015/11/04 11:37:16.610] (WARN) There is no such thing as a free lunch.
[2015/11/04 11:37:16.610] (INFO) Backed up all server logs.
[2015/11/04 11:37:16.610] (ERROR) CPU temperature exceeds 50º Celsius. Shutting down.
[2015/11/04 11:37:16.610] (INFO) Rolling 6 log file(s)...
[2015/11/04 11:37:16.610] (INFO) User "xdm7449" logged in from 172.16.201.179.
[2015/11/04 11:37:16.610] (INFO) Backed up all server logs.
[2015/11/04 11:37:16.610] (INFO) Checkpointing off-heap server memory...
[2015/11/04 11:37:16.610] (INFO) Network heartbeat check: All OK.
[2015/11/04 11:37:16.610] (INFO) User "snm9872" logged out due to inactivity (timeout=30 minutes).
[2015/11/04 11:37:16.610] (INFO) .evian ylbirret si emehcs otpyrc ym neht ,siht daer nac uoy fI
[2015/11/04 11:37:16.610] (INFO) .evian ylbirret si emehcs otpyrc ym neht ,siht daer nac uoy fI
[2015/11/04 11:37:16.610] (INFO) Sending SIGTERM to 4 excess workers.
[2015/11/04 11:37:16.610] (INFO) User "qqg2323" logged out.
[2015/11/04 11:37:16.610] (INFO) Checked file systems for errors: All filesystems OK.
[2015/11/04 11:37:16.610] (ERROR) Unable to authenticate user "iub9427": LDAP server isn't responding.
[2015/11/04 11:37:16.610] (INFO) Rolling 7 log file(s)...
[2015/11/04 11:37:16.610] (INFO) Network heartbeat check: All OK.
[2015/11/04 11:37:16.610] (INFO) Backed up all server logs.
[2015/11/04 11:37:16.610] (INFO) Checked file systems for errors: All filesystems OK.
[2015/11/04 11:37:16.610] (INFO) User "ikt7140" logged in from 10.89.69.107.
[2015/11/04 11:37:16.610] (WARN) Ignoring SIGTERM. It's not that easy to get rid of me.
[2015/11/04 11:37:16.610] (INFO) Checkpointing off-heap server memory...
[2015/11/04 11:37:16.610] (INFO) User "nlv3439" logged out due to inactivity (timeout=30 minutes).
[2015/11/04 11:37:16.610] (INFO) Network heartbeat check: All OK.
[2015/11/04 11:37:16.610] (INFO) Checkpointing off-heap server memory...
[2015/11/04 11:37:16.610] (INFO) Checked file systems for errors: All filesystems OK.
[2015/11/04 11:37:16.610] (ERROR) Server log backup FAILED. See backup logs.
[2015/11/04 11:37:16.610] (ERROR) Blocked nmap traffic originating from 172.16.53.92.
[2015/11/04 11:37:16.610] (ERROR) Failed to open "/mnt/fileserver01/NMRRI69665.tar.gz": NFS timeout.
[2015/11/04 11:37:16.610] (INFO) Rolling 8 log file(s)...
[2015/11/04 11:37:16.610] (INFO) Alien monitor (aliend): Detected no space aliens.
[2015/11/04 11:37:16.610] (INFO) Backed up all server logs.
[2015/11/04 11:37:16.610] (ERROR) Server log backup FAILED. See backup logs.
[2015/11/04 11:37:16.610] (ERROR) Detected incoming DDoS from 192.168.32.237.
[2015/11/04 11:37:16.610] (WARN) Retrying server log checkpoint.
[2015/11/04 11:37:17.110] (INFO) .evian ylbirret si emehcs otpyrc ym neht ,siht daer nac uoy fI
[2015/11/04 11:37:17.110] (INFO) Supervisor has entered SUSPENDED state.
[2015/11/04 11:37:17.110] (INFO) User "zer2821" logged in from 192.168.162.89.
[2015/11/04 11:37:17.111] (INFO) User "sbm6577" logged in from 192.168.114.151.
[2015/11/04 11:37:17.111] (INFO) User "jxp9748" logged out due to inactivity (timeout=30 minutes).
[2015/11/04 11:37:17.111] (INFO) Alien monitor (aliend): Detected no space aliens.
[2015/11/04 11:37:17.111] (INFO) Backed up all server logs.
[2015/11/04 11:37:17.111] (INFO) User "fvh1793" logged out.
[2015/11/04 11:37:17.111] (INFO) User "aqk4390" logged out due to inactivity (timeout=30 minutes).
[2015/11/04 11:37:17.111] (INFO) Alien monitor (aliend): Detected no space aliens.
[2015/11/04 11:37:17.111] (INFO) Network heartbeat check: All OK.
[2015/11/04 11:37:17.111] (INFO) User "fqh5798" logged out due to inactivity (timeout=30 minutes).
[2015/11/04 11:37:17.111] (INFO) User "gdg3151" logged out.
[2015/11/04 11:37:17.111] (INFO) Your mother called. She says you never call her.
[2015/11/04 11:37:17.111] (INFO) Pinging watchdog timer process: Process is alive.
[2015/11/04 11:37:17.111] (INFO) Rolling 5 log file(s)...
[2015/11/04 11:37:17.111] (INFO) Sending SIGTERM to 4 excess workers.
[2015/11/04 11:37:17.111] (INFO) Checked file systems for errors: All filesystems OK.
[2015/11/04 11:37:17.111] (INFO) Pinging watchdog timer process: Process is alive.
[2015/11/04 11:37:17.111] (INFO) Waiting for monitor process (PID 19903) to die.
[2015/11/04 11:37:17.111] (INFO) Rolling 1 log file(s)...
[2015/11/04 11:37:17.111] (INFO) Network heartbeat check: All OK.
[2015/11/04 11:37:17.111] (INFO) Rolling 7 log file(s)...
[2015/11/04 11:37:17.111] (INFO) Device 0xba94 is online.
[2015/11/04 11:37:17.111] (INFO) Network heartbeat check: All OK.
[2015/11/04 11:37:17.111] (INFO) Pinging watchdog timer process: Process is alive.
[2015/11/04 11:37:17.111] (ERROR) Blocked Little Bobby Tables attack (https://xkcd.com/327/) from 192.168.47.197.
[2015/11/04 11:37:17.111] (WARN) Backup server 192.168.194.191 is offline.
[2015/11/04 11:37:17.111] (INFO) Rolling 4 log file(s)...
[2015/11/04 11:37:17.111] (INFO) Flushed 82 buffers to disk.
[2015/11/04 11:37:17.111] (WARN) Watchdog timer crashed. Restarting it.
[2015/11/04 11:37:17.111] (INFO) Alien monitor (aliend): Detected no space aliens.
[2015/11/04 11:37:17.111] (INFO) Rolling 4 log file(s)...
[2015/11/04 11:37:17.111] (INFO) Pinging watchdog timer process: Process is alive.
[2015/11/04 11:37:17.111] (INFO) Rolling 8 log file(s)...
[2015/11/04 11:37:17.111] (INFO) Checked file systems for errors: All filesystems OK.
[2015/11/04 11:37:17.111] (WARN) Possible cyber-attack from Antarctica.
[2015/11/04 11:37:17.111] (INFO) Checked file systems for errors: All filesystems OK.
[2015/11/04 11:37:17.111] (WARN) Master took 585 ms to respond (threshold=500 ms)
[2015/11/04 11:37:17.111] (INFO) Checkpointing off-heap server memory...
[2015/11/04 11:37:17.111] (WARN) Space on disk /dev/sda4 is low: Only 303 MB available.
[2015/11/04 11:37:17.111] (INFO) Rolling 6 log file(s)...
[2015/11/04 11:37:17.111] (INFO) Supervisor has entered RESTARTING state.
[2015/11/04 11:37:17.111] (INFO) Checkpointing off-heap server memory...
[2015/11/04 11:37:17.111] (WARN) CPU temperature exceeds 40º Celsius.
[2015/11/04 11:37:17.111] (INFO) Rolling 7 log file(s)...
[2015/11/04 11:37:17.111] (INFO) Sending SIGTERM to 2 excess workers.
[2015/11/04 11:37:17.111] (INFO) User "hxn5384" logged out.
[2015/11/04 11:37:17.111] (INFO) Checked file systems for errors: All filesystems OK.
[2015/11/04 11:37:17.111] (ERROR) Failed to open "/mnt/fileserver01/klcWN92884.tar.gz": NFS timeout.
[2015/11/04 11:37:17.111] (INFO) User "squ3318" logged out due to inactivity (timeout=30 minutes).
[2015/11/04 11:37:17.111] (INFO) Sending SIGTERM to 2 excess workers.
[2015/11/04 11:37:17.111] (INFO) Device 0xd5fd is online.
[2015/11/04 11:37:17.111] (INFO) .evian ylbirret si emehcs otpyrc ym neht ,siht daer nac uoy fI
[2015/11/04 11:37:17.111] (INFO) Pinging watchdog timer process: Process is alive.
[2015/11/04 11:37:17.111] (WARN) Retrying server log checkpoint.
[2015/11/04 11:37:17.111] (INFO) Pinging watchdog timer process: Process is alive.
[2015/11/04 11:37:17.111] (WARN) Unable to ping worker at 10.100.162.178. Retrying.
[2015/11/04 11:37:17.111] (INFO) Supervisor has entered RESTARTING state.
[2015/11/04 11:37:17.111] (WARN) Retrying server log checkpoint.
[2015/11/04 11:37:17.111] (INFO) Network heartbeat check: All OK.
[2015/11/04 11:37:17.111] (INFO) Supervisor has entered SUSPENDED state.
[2015/11/04 11:37:17.111] (INFO) Checked file systems for errors: All filesystems OK.
[2015/11/04 11:37:17.111] (INFO) User "sff2139" logged in from 10.21.206.157.
[2015/11/04 11:37:17.111] (INFO) .evian ylbirret si emehcs otpyrc ym neht ,siht daer nac uoy fI
[2015/11/04 11:37:17.111] (ERROR) Failed to write checkpoint file "/var/checkpoint/cvPjP90622: No space left on device (ENOSPC)
[2015/11/04 11:37:17.111] (INFO) Device 0x41b2 is online.
[2015/11/04 11:37:17.111] (INFO) Alien monitor (aliend): Detected no space aliens.
[2015/11/04 11:37:17.111] (INFO) Checked file systems for errors: All filesystems OK.
[2015/11/04 11:37:17.111] (INFO) Sending SIGTERM to 4 excess workers.
[2015/11/04 11:37:17.111] (INFO) Supervisor has entered RESTARTING state.
[2015/11/04 11:37:17.111] (INFO) User "gxw1643" logged in from 192.168.218.148.
[2015/11/04 11:37:17.111] (INFO) Pinging watchdog timer process: Process is alive.
[2015/11/04 11:37:17.111] (WARN) Backup server 172.16.248.230 is offline.
[2015/11/04 11:37:17.111] (WARN) Retrying server log checkpoint.
[2015/11/04 11:37:17.111] (WARN) Unable to ping worker at 192.168.67.201. Retrying.
[2015/11/04 11:37:17.111] (WARN) Unable to ping worker at 10.220.188.174. Retrying.
[2015/11/04 11:37:17.111] (INFO) Supervisor has entered SUSPENDED state.
[2015/11/04 11:37:17.111] (INFO) Waiting for monitor process (PID 49410) to die.
[2015/11/04 11:37:17.111] (INFO) Your mother called. She says you never call her.
[2015/11/04 11:37:17.111] (INFO) User "sxx6338" logged out due to inactivity (timeout=30 minutes).
[2015/11/04 11:37:17.111] (WARN) CPU temperature exceeds 40º Celsius.
[2015/11/04 11:37:17.111] (INFO) User "gnq6033" logged out.
[2015/11/04 11:37:17.111] (INFO) Device 0xa5a2 is online.
[2015/11/04 11:37:17.111] (INFO) Alien monitor (aliend): Detected no space aliens.
[2015/11/04 11:37:17.111] (INFO) Checkpointing off-heap server memory...
[2015/11/04 11:37:17.111] (WARN) Watchdog timer crashed. Restarting it.
[2015/11/04 11:37:17.111] (INFO) Device 0xdae9 is online.
[2015/11/04 11:37:17.111] (INFO) Flushed 26 buffers to disk.
[2015/11/04 11:37:17.111] (INFO) User "mln8095" logged out.
[2015/11/04 11:37:17.111] (INFO) Supervisor has entered SUSPENDED state.
[2015/11/04 11:37:17.111] (WARN) CPU temperature exceeds 40º Celsius.
[2015/11/04 11:37:17.111] (INFO) Network heartbeat check: All OK.
[2015/11/04 11:37:17.111] (INFO) Waiting for monitor process (PID 47939) to die.
[2015/11/04 11:37:17.111] (INFO) Network heartbeat check: All OK.
[2015/11/04 11:37:17.111] (INFO) Backed up all server logs.
[2015/11/04 11:37:17.111] (INFO) User "jfw1695" logged out.
[2015/11/04 11:37:17.111] (INFO) User "zzd4354" logged in from 10.193.95.0.
[2015/11/04 11:37:17.111] (INFO) Pinging watchdog timer process: Process is alive.
[2015/11/04 11:37:17.111] (INFO) Checked file systems for errors: All filesystems OK.
[2015/11/04 11:37:17.611] (INFO) User "wnh5721" logged out.
[2015/11/04 11:37:17.611] (INFO) Pinging watchdog timer process: Process is alive.
[2015/11/04 11:37:17.611] (ERROR) /dev/lp error: "PC LOAD LETTER"
[2015/11/04 11:37:17.611] (INFO) Your mother called. She says you never call her.
[2015/11/04 11:37:17.611] (INFO) Rolling 7 log file(s)...
[2015/11/04 11:37:17.611] (INFO) Checked file systems for errors: All filesystems OK.
[2015/11/04 11:37:17.611] (ERROR) Blocked FTP traffic originating from 10.233.106.246.
[2015/11/04 11:37:17.611] (INFO) Backed up all server logs.
[2015/11/04 11:37:17.611] (INFO) Alien monitor (aliend): Detected no space aliens.
[2015/11/04 11:37:17.611] (INFO) Rolling 4 log file(s)...
[2015/11/04 11:37:17.611] (INFO) Checked file systems for errors: All filesystems OK.
[2015/11/04 11:37:17.611] (INFO) Flushed 50 buffers to disk.
[2015/11/04 11:37:17.611] (INFO) Device 0xf9fd is online.
[2015/11/04 11:37:17.611] (INFO) Pinging watchdog timer process: Process is alive.
[2015/11/04 11:37:17.611] (ERROR) Server log backup FAILED. See backup logs.
[2015/11/04 11:37:17.611] (INFO) Checkpointing off-heap server memory...
[2015/11/04 11:37:17.611] (INFO) Sending SIGTERM to 2 excess workers.
[2015/11/04 11:37:17.611] (INFO) .evian ylbirret si emehcs otpyrc ym neht ,siht daer nac uoy fI
[2015/11/04 11:37:17.611] (INFO) Supervisor has entered WAITING state.
[2015/11/04 11:37:17.611] (INFO) User "fpw9933" logged out due to inactivity (timeout=30 minutes).
[2015/11/04 11:37:17.611] (ERROR) Device 0xb698 is offline
[2015/11/04 11:37:17.611] (INFO) Alien monitor (aliend): Detected no space aliens.
[2015/11/04 11:37:17.611] (INFO) Pinging watchdog timer process: Process is alive.
[2015/11/04 11:37:17.611] (INFO) Backed up all server logs.
[2015/11/04 11:37:17.611] (ERROR) "/var/data/txIpB52099.tsv": Permission denied (EACCES)
[2015/11/04 11:37:17.611] (WARN) Watchdog timer crashed. Restarting it.
[2015/11/04 11:37:17.611] (WARN) Unable to ping monitor at 10.48.40.231. Retrying.
[2015/11/04 11:37:17.611] (INFO) Pinging watchdog timer process: Process is alive.
[2015/11/04 11:37:17.611] (INFO) Checkpointing off-heap server memory...
[2015/11/04 11:37:17.611] (INFO) User "dhp5917" logged out.
[2015/11/04 11:37:17.611] (INFO) Alien monitor (aliend): Detected no space aliens.
[2015/11/04 11:37:17.611] (INFO) Pinging watchdog timer process: Process is alive.
[2015/11/04 11:37:17.611] (INFO) Flushed 44 buffers to disk.
[2015/11/04 11:37:17.611] (INFO) Flushed 61 buffers to disk.
[2015/11/04 11:37:17.611] (INFO) Supervisor has entered SUSPENDED state.
[2015/11/04 11:37:17.611] (INFO) Supervisor has entered WAITING state.
[2015/11/04 11:37:17.611] (INFO) Waiting for master process (PID 12131) to die.
[2015/11/04 11:37:17.611] (INFO) Your mother called. She says you never call her.
[2015/11/04 11:37:17.611] (INFO) Pinging watchdog timer process: Process is alive.
[2015/11/04 11:37:17.611] (INFO) Waiting for supervisor process (PID 34112) to die.
[2015/11/04 11:37:17.611] (ERROR) Blocked Little Bobby Tables attack (https://xkcd.com/327/) from 192.168.142.123.
[2015/11/04 11:37:17.611] (INFO) Waiting for worker process (PID 29847) to die.
[2015/11/04 11:37:17.611] (INFO) Waiting for worker process (PID 12213) to die.
[2015/11/04 11:37:17.611] (WARN) Backup server 172.16.76.74 is offline.
[2015/11/04 11:37:17.611] (INFO) Waiting for worker process (PID 17380) to die.
[2015/11/04 11:37:17.611] (INFO) Checked file systems for errors: All filesystems OK.
[2015/11/04 11:37:17.611] (INFO) Sending SIGTERM to 3 excess workers.
[2015/11/04 11:37:17.611] (INFO) Your mother called. She says you never call her.
[2015/11/04 11:37:17.611] (INFO) User "lul1960" logged out due to inactivity (timeout=30 minutes).
[2015/11/04 11:37:17.611] (ERROR) Detected incoming DDoS from 192.168.48.26.
[2015/11/04 11:37:17.611] (INFO) Pinging watchdog timer process: Process is alive.
[2015/11/04 11:37:17.611] (INFO) .evian ylbirret si emehcs otpyrc ym neht ,siht daer nac uoy fI
[2015/11/04 11:37:17.611] (INFO) Supervisor has entered SUSPENDED state.
[2015/11/04 11:37:17.611] (WARN) Backup server 172.16.141.64 is offline.
[2015/11/04 11:37:17.611] (INFO) Sending SIGTERM to 2 excess workers.
[2015/11/04 11:37:17.611] (INFO) Flushed 75 buffers to disk.
[2015/11/04 11:37:17.611] (INFO) User "vqm3781" logged out due to inactivity (timeout=30 minutes).
[2015/11/04 11:37:17.611] (INFO) Waiting for master process (PID 12340) to die.
[2015/11/04 11:37:17.611] (INFO) User "rng3329" logged out due to inactivity (timeout=30 minutes).
[2015/11/04 11:37:17.611] (INFO) Device 0x7b1e is online.
[2015/11/04 11:37:17.611] (INFO) Device 0x2d94 is online.
[2015/11/04 11:37:17.611] (INFO) User "xtp3083" logged out due to inactivity (timeout=30 minutes).
[2015/11/04 11:37:17.611] (WARN) Dropped 15,987 corrupt data packets.
[2015/11/04 11:37:17.611] (INFO) Your mother called. She says you never call her.
[2015/11/04 11:37:17.611] (INFO) Waiting for supervisor process (PID 19905) to die.
[2015/11/04 11:37:17.611] (INFO) Waiting for master process (PID 28046) to die.
[2015/11/04 11:37:17.611] (INFO) User "wbx9997" logged out due to inactivity (timeout=30 minutes).
[2015/11/04 11:37:17.611] (INFO) Checkpointing off-heap server memory...
[2015/11/04 11:37:17.611] (INFO) User "gxw9533" logged out.
[2015/11/04 11:37:17.611] (INFO) .evian ylbirret si emehcs otpyrc ym neht ,siht daer nac uoy fI
[2015/11/04 11:37:17.611] (ERROR) Detected clock skew! Restarting NTP server.
[2015/11/04 11:37:17.611] (WARN) Ignoring SIGTERM. It's not that easy to get rid of me.
[2015/11/04 11:37:17.611] (INFO) Checkpointing off-heap server memory...
[2015/11/04 11:37:17.611] (INFO) Checkpointing off-heap server memory...
[2015/11/04 11:37:17.611] (WARN) Possible cyber-attack from Russia.
[2015/11/04 11:37:17.611] (ERROR) Alien monitor (aliend): 4 space aliens are fiddling with the hardware!
[2015/11/04 11:37:17.611] (INFO) Checkpointing off-heap server memory...
[2015/11/04 11:37:17.611] (INFO) Flushed 82 buffers to disk.
[2015/11/04 11:37:17.611] (INFO) User "vyu6092" logged in from 172.16.174.87.
[2015/11/04 11:37:17.611] (INFO) Waiting for supervisor process (PID 37968) to die.
[2015/11/04 11:37:17.611] (INFO) Pinging watchdog timer process: Process is alive.
[2015/11/04 11:37:17.611] (INFO) Checked file systems for errors: All filesystems OK.
[2015/11/04 11:37:17.611] (INFO) Sending SIGTERM to 3 excess workers.
[2015/11/04 11:37:17.611] (INFO) Backed up all server logs.
[2015/11/04 11:37:17.611] (INFO) User "jbl1983" logged out due to inactivity (timeout=30 minutes).
[2015/11/04 11:37:17.611] (INFO) Device 0x1817 is online.
[2015/11/04 11:37:17.611] (INFO) User "tww4194" logged in from 172.16.142.235.
[2015/11/04 11:37:17.611] (ERROR) User "pft5363" failed to log in 3 times. Disabling account.
[2015/11/04 11:37:17.611] (INFO) Supervisor has entered SUSPENDED state.
[2015/11/04 11:37:17.611] (INFO) Supervisor has entered RESTARTING state.
[2015/11/04 11:37:17.611] (INFO) Waiting for worker process (PID 64789) to die.
[2015/11/04 11:37:17.611] (INFO) User "xuz7636" logged out due to inactivity (timeout=30 minutes).
[2015/11/04 11:37:17.611] (ERROR) Blocked Little Bobby Tables attack (https://xkcd.com/327/) from 10.216.188.59.
[2015/11/04 11:37:17.611] (ERROR) Blocked Little Bobby Tables attack (https://xkcd.com/327/) from 172.16.105.176.
[2015/11/04 11:37:17.611] (INFO) Pinging watchdog timer process: Process is alive.
[2015/11/04 11:37:17.611] (INFO) User "xby4132" logged in from 172.16.232.200.
[2015/11/04 11:37:17.611] (INFO) User "thq5576" logged out.
[2015/11/04 11:37:17.611] (INFO) Network heartbeat check: All OK.
[2015/11/04 11:37:17.611] (INFO) User "qua8837" logged out due to inactivity (timeout=30 minutes).
[2015/11/04 11:37:17.611] (INFO) Sending SIGTERM to 4 excess workers.
[2015/11/04 11:37:18.110] (ERROR) Failed to write checkpoint file "/var/checkpoint/sKPpc51557: No space left on device (ENOSPC)
[2015/11/04 11:37:18.110] (INFO) Alien monitor (aliend): Detected no space aliens.
[2015/11/04 11:37:18.110] (INFO) User "ifa9060" logged out due to inactivity (timeout=30 minutes).
[2015/11/04 11:37:18.110] (INFO) Supervisor has entered WAITING state.
[2015/11/04 11:37:18.111] (INFO) User "wxk9414" logged in from 10.244.11.249.
[2015/11/04 11:37:18.111] (WARN) Ignoring SIGTERM. It's not that easy to get rid of me.
[2015/11/04 11:37:18.111] (INFO) Device 0x9580 is online.
[2015/11/04 11:37:18.111] (INFO) Network heartbeat check: All OK.
[2015/11/04 11:37:18.111] (INFO) Sending SIGTERM to 3 excess workers.
[2015/11/04 11:37:18.111] (ERROR) Unable to write to "/var/data/wFoLl87263.txt": Permission denied (EACCES)
[2015/11/04 11:37:18.111] (INFO) User "xre8351" logged in from 192.168.74.176.
[2015/11/04 11:37:18.111] (INFO) Alien monitor (aliend): Detected no space aliens.
[2015/11/04 11:37:18.111] (INFO) User "cuv7547" logged out.
[2015/11/04 11:37:18.111] (INFO) User "hxk5327" logged out.
[2015/11/04 11:37:18.111] (INFO) Backed up all server logs.
[2015/11/04 11:37:18.111] (INFO) User "qkd5612" logged out due to inactivity (timeout=30 minutes).
[2015/11/04 11:37:18.111] (INFO) Checked file systems for errors: All filesystems OK.
[2015/11/04 11:37:18.111] (INFO) Checkpointing off-heap server memory...
[2015/11/04 11:37:18.111] (INFO) Backed up all server logs.
[2015/11/04 11:37:18.111] (INFO) Your mother called. She says you never call her.
[2015/11/04 11:37:18.111] (INFO) Device 0x1934 is online.
[2015/11/04 11:37:18.111] (INFO) Rolling 8 log file(s)...
[2015/11/04 11:37:18.111] (INFO) User "xsd9411" logged in from 10.40.29.53.
[2015/11/04 11:37:18.111] (INFO) Sending SIGTERM to 3 excess workers.
[2015/11/04 11:37:18.111] (INFO) Checkpointing off-heap server memory...
[2015/11/04 11:37:18.111] (INFO) Supervisor has entered RUNNING state.
[2015/11/04 11:37:18.111] (INFO) Checkpointing off-heap server memory...
[2015/11/04 11:37:18.111] (ERROR) Unable to authenticate user "jfn4739": LDAP server isn't responding.
[2015/11/04 11:37:18.111] (INFO) Checked file systems for errors: All filesystems OK.
[2015/11/04 11:37:18.111] (ERROR) Failed to write checkpoint file "/var/checkpoint/lsrmY67342: No space left on device (ENOSPC)
[2015/11/04 11:37:18.111] (INFO) Checked file systems for errors: All filesystems OK.
[2015/11/04 11:37:18.111] (ERROR) Network heartbeat check FAILED: Master host down?
[2015/11/04 11:37:18.111] (INFO) Sending SIGTERM to 4 excess workers.
[2015/11/04 11:37:18.111] (INFO) Pinging watchdog timer process: Process is alive.
[2015/11/04 11:37:18.111] (INFO) Backed up all server logs.
[2015/11/04 11:37:18.111] (INFO) Sending SIGTERM to 3 excess workers.
[2015/11/04 11:37:18.111] (INFO) .evian ylbirret si emehcs otpyrc ym neht ,siht daer nac uoy fI
[2015/11/04 11:37:18.111] (INFO) Flushed 35 buffers to disk.
[2015/11/04 11:37:18.111] (INFO) Pinging watchdog timer process: Process is alive.
[2015/11/04 11:37:18.111] (INFO) Sending SIGTERM to 2 excess workers.
[2015/11/04 11:37:18.111] (WARN) There is no such thing as a free lunch.
[2015/11/04 11:37:18.111] (WARN) Ignoring SIGTERM. It's not that easy to get rid of me.
[2015/11/04 11:37:18.111] (INFO) Checked file systems for errors: All filesystems OK.
[2015/11/04 11:37:18.111] (INFO) Alien monitor (aliend): Detected no space aliens.
[2015/11/04 11:37:18.111] (INFO) Waiting for supervisor process (PID 5295) to die.
[2015/11/04 11:37:18.111] (ERROR) Failed to open "/mnt/fileserver01/HacqY54956.tsv": NFS timeout.
[2015/11/04 11:37:18.111] (INFO) Waiting for master process (PID 42534) to die.
[2015/11/04 11:37:18.111] (INFO) Sending SIGTERM to 3 excess workers.
[2015/11/04 11:37:18.111] (INFO) Flushed 26 buffers to disk.
[2015/11/04 11:37:18.111] (INFO) User "dsy2818" logged out.
[2015/11/04 11:37:18.111] (INFO) Network heartbeat check: All OK.
[2015/11/04 11:37:18.111] (INFO) Rolling 8 log file(s)...
[2015/11/04 11:37:18.111] (INFO) Supervisor has entered RESTARTING state.
[2015/11/04 11:37:18.111] (WARN) Master took 618 ms to respond (threshold=500 ms)
[2015/11/04 11:37:18.111] (INFO) .evian ylbirret si emehcs otpyrc ym neht ,siht daer nac uoy fI
[2015/11/04 11:37:18.111] (INFO) Waiting for master process (PID 39567) to die.
[2015/11/04 11:37:18.111] (INFO) Checked file systems for errors: All filesystems OK.
[2015/11/04 11:37:18.111] (INFO) .evian ylbirret si emehcs otpyrc ym neht ,siht daer nac uoy fI
[2015/11/04 11:37:18.111] (INFO) Supervisor has entered SUSPENDED state.
[2015/11/04 11:37:18.111] (INFO) Sending SIGTERM to 2 excess workers.
[2015/11/04 11:37:18.111] (INFO) Pinging watchdog timer process: Process is alive.
[2015/11/04 11:37:18.111] (ERROR) One of the flayrods has gone out askew on treadle.
[2015/11/04 11:37:18.111] (ERROR) CPU temperature exceeds 50º Celsius. Shutting down.
[2015/11/04 11:37:18.111] (INFO) Flushed 69 buffers to disk.
[2015/11/04 11:37:18.111] (INFO) Checked file systems for errors: All filesystems OK.
[2015/11/04 11:37:18.111] (INFO) User "cal3677" logged in from 10.93.2.108.
[2015/11/04 11:37:18.111] (INFO) Flushed 34 buffers to disk.
[2015/11/04 11:37:18.111] (INFO) Alien monitor (aliend): Detected no space aliens.
[2015/11/04 11:37:18.111] (INFO) User "lws3173" logged out due to inactivity (timeout=30 minutes).
[2015/11/04 11:37:18.111] (INFO) Flushed 76 buffers to disk.
[2015/11/04 11:37:18.111] (INFO) Checked file systems for errors: All filesystems OK.
[2015/11/04 11:37:18.111] (INFO) Network heartbeat check: All OK.
[2015/11/04 11:37:18.111] (INFO) Flushed 30 buffers to disk.
[2015/11/04 11:37:18.111] (INFO) Rolling 7 log file(s)...
[2015/11/04 11:37:18.111] (INFO) User "dqr6515" logged in from 172.16.184.101.
[2015/11/04 11:37:18.111] (INFO) Checkpointing off-heap server memory...
[2015/11/04 11:37:18.111] (INFO) User "mpv6262" logged out due to inactivity (timeout=30 minutes).
[2015/11/04 11:37:18.111] (INFO) Rolling 6 log file(s)...
[2015/11/04 11:37:18.111] (ERROR) Extra characters at end of line.
[2015/11/04 11:37:18.111] (INFO) Network heartbeat check: All OK.
[2015/11/04 11:37:18.111] (INFO) Pinging watchdog timer process: Process is alive.
[2015/11/04 11:37:18.111] (INFO) Flushed 75 buffers to disk.
[2015/11/04 11:37:18.111] (INFO) .evian ylbirret si emehcs otpyrc ym neht ,siht daer nac uoy fI
[2015/11/04 11:37:18.111] (INFO) Alien monitor (aliend): Detected no space aliens.
[2015/11/04 11:37:18.111] (INFO) Pinging watchdog timer process: Process is alive.
[2015/11/04 11:37:18.111] (INFO) Supervisor has entered WAITING state.
[2015/11/04 11:37:18.111] (ERROR) Blocked Little Bobby Tables attack (https://xkcd.com/327/) from 172.16.27.172.
[2015/11/04 11:37:18.111] (INFO) User "mts5837" logged out.
[2015/11/04 11:37:18.111] (INFO) User "cqh2335" logged in from 10.41.159.217.
[2015/11/04 11:37:18.111] (INFO) User "qfk8839" logged out.
[2015/11/04 11:37:18.111] (INFO) Alien monitor (aliend): Detected no space aliens.
[2015/11/04 11:37:18.111] (INFO) .evian ylbirret si emehcs otpyrc ym neht ,siht daer nac uoy fI
[2015/11/04 11:37:18.111] (INFO) Backed up all server logs.
[2015/11/04 11:37:18.111] (WARN) Master took 663 ms to respond (threshold=500 ms)
[2015/11/04 11:37:18.111] (INFO) Pinging watchdog timer process: Process is alive.
[2015/11/04 11:37:18.111] (INFO) Network heartbeat check: All OK.
[2015/11/04 11:37:18.111] (ERROR) Connection to 172.16.226.190 terminated unexpectedly. Reconnecting.
[2015/11/04 11:37:18.111] (INFO) Supervisor has entered RUNNING state.
[2015/11/04 11:37:18.111] (INFO) User "swp7145" logged in from 192.168.131.218.
[2015/11/04 11:37:18.111] (INFO) Network heartbeat check: All OK.
[2015/11/04 11:37:18.610] (INFO) Checked file systems for errors: All filesystems OK.
[2015/11/04 11:37:18.610] (INFO) Network heartbeat check: All OK.
[2015/11/04 11:37:18.610] (INFO) User "nps4666" logged out.
[2015/11/04 11:37:18.610] (ERROR) Failed to open "/mnt/fileserver01/hiAEa83558.parquet": NFS timeout.
[2015/11/04 11:37:18.610] (INFO) .evian ylbirret si emehcs otpyrc ym neht ,siht daer nac uoy fI
[2015/11/04 11:37:18.610] (INFO) Alien monitor (aliend): Detected no space aliens.
[2015/11/04 11:37:18.610] (INFO) Checkpointing off-heap server memory...
[2015/11/04 11:37:18.610] (INFO) Sending SIGTERM to 3 excess workers.
[2015/11/04 11:37:18.610] (INFO) User "rft6261" logged in from 10.196.88.16.
[2015/11/04 11:37:18.610] (INFO) Sending SIGTERM to 3 excess workers.
[2015/11/04 11:37:18.610] (INFO) User "lms8363" logged out due to inactivity (timeout=30 minutes).
[2015/11/04 11:37:18.610] (INFO) Sending SIGTERM to 3 excess workers.
[2015/11/04 11:37:18.610] (INFO) Sending SIGTERM to 2 excess workers.
[2015/11/04 11:37:18.610] (INFO) Flushed 30 buffers to disk.
[2015/11/04 11:37:18.610] (INFO) Rolling 8 log file(s)...
[2015/11/04 11:37:18.610] (INFO) Alien monitor (aliend): Detected no space aliens.
[2015/11/04 11:37:18.610] (INFO) .evian ylbirret si emehcs otpyrc ym neht ,siht daer nac uoy fI
[2015/11/04 11:37:18.610] (INFO) Supervisor has entered RESTARTING state.
[2015/11/04 11:37:18.610] (INFO) Your mother called. She says you never call her.
[2015/11/04 11:37:18.610] (INFO) User "bfb9372" logged out.
[2015/11/04 11:37:18.610] (INFO) Device 0x23e9 is online.
[2015/11/04 11:37:18.610] (INFO) User "tfm5792" logged out due to inactivity (timeout=30 minutes).
[2015/11/04 11:37:18.610] (INFO) Checked file systems for errors: All filesystems OK.
[2015/11/04 11:37:18.610] (INFO) Checked file systems for errors: All filesystems OK.
[2015/11/04 11:37:18.610] (INFO) Supervisor has entered RUNNING state.
[2015/11/04 11:37:18.610] (INFO) Backed up all server logs.
[2015/11/04 11:37:18.610] (INFO) .evian ylbirret si emehcs otpyrc ym neht ,siht daer nac uoy fI
[2015/11/04 11:37:18.610] (ERROR) Network heartbeat check FAILED: Master host down?
[2015/11/04 11:37:18.610] (INFO) Backed up all server logs.
[2015/11/04 11:37:18.610] (INFO) Network heartbeat check: All OK.
[2015/11/04 11:37:18.610] (INFO) Sending SIGTERM to 3 excess workers.
[2015/11/04 11:37:18.610] (WARN) Ignoring SIGTERM. It's not that easy to get rid of me.
[2015/11/04 11:37:18.610] (INFO) User "bkt5905" logged in from 192.168.198.222.
[2015/11/04 11:37:18.610] (INFO) Rolling 4 log file(s)...
[2015/11/04 11:37:18.610] (ERROR) User "krz7453" failed to log in 3 times. Disabling account.
[2015/11/04 11:37:18.610] (INFO) Backed up all server logs.
[2015/11/04 11:37:18.610] (INFO) .evian ylbirret si emehcs otpyrc ym neht ,siht daer nac uoy fI
[2015/11/04 11:37:18.610] (INFO) User "cdi7385" logged out.
[2015/11/04 11:37:18.610] (INFO) Rolling 3 log file(s)...
[2015/11/04 11:37:18.610] (INFO) User "gsy6668" logged out due to inactivity (timeout=30 minutes).
[2015/11/04 11:37:18.610] (INFO) Checkpointing off-heap server memory...
[2015/11/04 11:37:18.610] (ERROR) Device 0x29e9 is offline
[2015/11/04 11:37:18.610] (INFO) Device 0x66bd is online.
[2015/11/04 11:37:18.610] (INFO) User "llt7309" logged out.
[2015/11/04 11:37:18.610] (INFO) Your mother called. She says you never call her.
[2015/11/04 11:37:18.610] (INFO) Rolling 9 log file(s)...
[2015/11/04 11:37:18.610] (ERROR) Connection to 192.168.184.40 terminated unexpectedly. Reconnecting.
[2015/11/04 11:37:18.610] (INFO) Sending SIGTERM to 2 excess workers.
[2015/11/04 11:37:18.610] (INFO) Backed up all server logs.
[2015/11/04 11:37:18.610] (INFO) Checkpointing off-heap server memory...
[2015/11/04 11:37:18.610] (INFO) User "hkf9630" logged out due to inactivity (timeout=30 minutes).
[2015/11/04 11:37:18.610] (INFO) User "igw7980" logged in from 192.168.29.115.
[2015/11/04 11:37:18.610] (WARN) Unable to ping worker at 172.16.202.59. Retrying.
[2015/11/04 11:37:18.610] (INFO) Checked file systems for errors: All filesystems OK.
[2015/11/04 11:37:18.610] (INFO) Supervisor has entered RUNNING state.
[2015/11/04 11:37:18.610] (INFO) Rolling 5 log file(s)...
[2015/11/04 11:37:18.610] (INFO) Waiting for monitor process (PID 1013) to die.
[2015/11/04 11:37:18.610] (INFO) User "nmv8338" logged in from 192.168.20.51.
[2015/11/04 11:37:18.610] (INFO) Pinging watchdog timer process: Process is alive.
[2015/11/04 11:37:18.610] (INFO) Rolling 3 log file(s)...
[2015/11/04 11:37:18.610] (ERROR) Blocked SSH traffic originating from 10.175.183.8.
[2015/11/04 11:37:18.610] (INFO) User "myq1255" logged out.
[2015/11/04 11:37:18.610] (INFO) Checkpointing off-heap server memory...
[2015/11/04 11:37:18.610] (INFO) Supervisor has entered RUNNING state.
[2015/11/04 11:37:18.610] (INFO) Your mother called. She says you never call her.
[2015/11/04 11:37:18.610] (INFO) Sending SIGTERM to 2 excess workers.
[2015/11/04 11:37:18.610] (INFO) Your mother called. She says you never call her.
[2015/11/04 11:37:18.610] (ERROR) Failed to write checkpoint file "/var/checkpoint/Piibn87303: No space left on device (ENOSPC)
[2015/11/04 11:37:18.610] (INFO) Network heartbeat check: All OK.
[2015/11/04 11:37:18.610] (INFO) Network heartbeat check: All OK.
[2015/11/04 11:37:18.610] (WARN) Master took 637 ms to respond (threshold=500 ms)
[2015/11/04 11:37:18.610] (INFO) User "voh2883" logged out.
[2015/11/04 11:37:18.610] (WARN) Possible cyber-attack from The Cayman Islands.
[2015/11/04 11:37:18.610] (INFO) Device 0x0c26 is online.
[2015/11/04 11:37:18.610] (INFO) Flushed 28 buffers to disk.
[2015/11/04 11:37:18.610] (INFO) Flushed 21 buffers to disk.
[2015/11/04 11:37:18.610] (INFO) Device 0xf1d5 is online.
[2015/11/04 11:37:18.610] (WARN) Master took 538 ms to respond (threshold=500 ms)
[2015/11/04 11:37:18.610] (ERROR) Failed to write checkpoint file "/var/checkpoint/LEZzQ50268: No space left on device (ENOSPC)
[2015/11/04 11:37:18.610] (WARN) Dropped 6,675 corrupt data packets.
[2015/11/04 11:37:18.610] (INFO) Network heartbeat check: All OK.
[2015/11/04 11:37:18.610] (INFO) Rolling 3 log file(s)...
[2015/11/04 11:37:18.610] (WARN) Unable to ping supervisor at 192.168.88.79. Retrying.
[2015/11/04 11:37:18.610] (WARN) Retrying server log checkpoint.
[2015/11/04 11:37:18.610] (ERROR) Worker 1 died with SIGHUP. Restarting it.
[2015/11/04 11:37:18.610] (INFO) Checked file systems for errors: All filesystems OK.
[2015/11/04 11:37:18.610] (WARN) Backup server 172.16.10.27 is offline.
[2015/11/04 11:37:18.610] (INFO) Supervisor has entered SUSPENDED state.
[2015/11/04 11:37:18.610] (INFO) User "rhg5911" logged in from 192.168.101.61.
[2015/11/04 11:37:18.610] (INFO) Waiting for master process (PID 64973) to die.
[2015/11/04 11:37:18.610] (INFO) Checkpointing off-heap server memory...
[2015/11/04 11:37:18.610] (INFO) Checkpointing off-heap server memory...
[2015/11/04 11:37:18.610] (INFO) User "vzw7044" logged in from 192.168.58.112.
[2015/11/04 11:37:18.610] (INFO) Alien monitor (aliend): Detected no space aliens.
[2015/11/04 11:37:18.610] (WARN) CPU temperature exceeds 40º Celsius.
[2015/11/04 11:37:18.610] (INFO) Rolling 2 log file(s)...
[2015/11/04 11:37:18.610] (INFO) User "qdn6188" logged in from 192.168.73.146.
[2015/11/04 11:37:18.610] (INFO) User "rzp5353" logged in from 172.16.197.57.
[2015/11/04 11:37:18.610] (INFO) Network heartbeat check: All OK.
[2015/11/04 11:37:18.610] (INFO) User "vai4578" logged out due to inactivity (timeout=30 minutes).
[2015/11/04 11:37:19.108] (INFO) User "hxj2688" logged in from 172.16.89.135.
[2015/11/04 11:37:19.108] (INFO) Backed up all server logs.
[2015/11/04 11:37:19.108] (INFO) Pinging watchdog timer process: Process is alive.
[2015/11/04 11:37:19.108] (INFO) Supervisor has entered RESTARTING state.
[2015/11/04 11:37:19.108] (INFO) Checkpointing off-heap server memory...
[2015/11/04 11:37:19.108] (INFO) Rolling 2 log file(s)...
[2015/11/04 11:37:19.108] (WARN) Possible cyber-attack from a small unnamed island.
[2015/11/04 11:37:19.108] (INFO) Network heartbeat check: All OK.
[2015/11/04 11:37:19.108] (INFO) Waiting for worker process (PID 28051) to die.
[2015/11/04 11:37:19.108] (INFO) User "fqv2279" logged out.
[2015/11/04 11:37:19.108] (INFO) Sending SIGTERM to 4 excess workers.
[2015/11/04 11:37:19.108] (WARN) Backup server 192.168.131.100 is offline.
[2015/11/04 11:37:19.108] (INFO) Your mother called. She says you never call her.
[2015/11/04 11:37:19.108] (INFO) Supervisor has entered RESTARTING state.
[2015/11/04 11:37:19.108] (INFO) Network heartbeat check: All OK.
[2015/11/04 11:37:19.108] (INFO) Your mother called. She says you never call her.
[2015/11/04 11:37:19.108] (ERROR) Extra characters at end of line.
[2015/11/04 11:37:19.108] (INFO) Flushed 49 buffers to disk.
[2015/11/04 11:37:19.108] (INFO) Checkpointing off-heap server memory...
[2015/11/04 11:37:19.108] (INFO) User "wmj8059" logged in from 192.168.114.133.
[2015/11/04 11:37:19.108] (INFO) Network heartbeat check: All OK.
[2015/11/04 11:37:19.108] (INFO) Checked file systems for errors: All filesystems OK.
[2015/11/04 11:37:19.108] (INFO) Alien monitor (aliend): Detected no space aliens.
[2015/11/04 11:37:19.108] (INFO) Sending SIGTERM to 4 excess workers.
[2015/11/04 11:37:19.108] (INFO) Alien monitor (aliend): Detected no space aliens.
[2015/11/04 11:37:19.108] (ERROR) Unable to write to "/var/data/BHNGA57268.xslx": Permission denied (EACCES)
[2015/11/04 11:37:19.109] (INFO) .evian ylbirret si emehcs otpyrc ym neht ,siht daer nac uoy fI
[2015/11/04 11:37:19.109] (INFO) Alien monitor (aliend): Detected no space aliens.
[2015/11/04 11:37:19.109] (INFO) Waiting for supervisor process (PID 37834) to die.
[2015/11/04 11:37:19.109] (INFO) Checkpointing off-heap server memory...
[2015/11/04 11:37:19.109] (INFO) Alien monitor (aliend): Detected no space aliens.
[2015/11/04 11:37:19.109] (INFO) User "ine4242" logged out.
[2015/11/04 11:37:19.109] (INFO) Sending SIGTERM to 3 excess workers.
[2015/11/04 11:37:19.109] (INFO) Network heartbeat check: All OK.
[2015/11/04 11:37:19.109] (INFO) Waiting for monitor process (PID 7229) to die.
[2015/11/04 11:37:19.109] (INFO) Rolling 4 log file(s)...
[2015/11/04 11:37:19.109] (INFO) Supervisor has entered RESTARTING state.
[2015/11/04 11:37:19.109] (WARN) Backup server 10.143.211.130 is offline.
[2015/11/04 11:37:19.109] (INFO) Alien monitor (aliend): Detected no space aliens.
[2015/11/04 11:37:19.109] (ERROR) Alien monitor (aliend): 3 space aliens are fiddling with the hardware!
[2015/11/04 11:37:19.109] (WARN) Dropped 145 corrupt data packets.
[2015/11/04 11:37:19.109] (INFO) Waiting for monitor process (PID 19694) to die.
[2015/11/04 11:37:19.109] (INFO) Sending SIGTERM to 4 excess workers.
[2015/11/04 11:37:19.109] (INFO) Network heartbeat check: All OK.
[2015/11/04 11:37:19.109] (ERROR) Device 0x85e6 is offline
[2015/11/04 11:37:19.109] (INFO) Network heartbeat check: All OK.
[2015/11/04 11:37:19.109] (INFO) Rolling 4 log file(s)...
[2015/11/04 11:37:19.109] (INFO) Sending SIGTERM to 3 excess workers.
[2015/11/04 11:37:19.109] (INFO) Flushed 28 buffers to disk.
[2015/11/04 11:37:19.109] (INFO) Alien monitor (aliend): Detected no space aliens.
[2015/11/04 11:37:19.109] (INFO) Checkpointing off-heap server memory...
[2015/11/04 11:37:19.109] (INFO) Sending SIGTERM to 3 excess workers.
[2015/11/04 11:37:19.109] (INFO) Checked file systems for errors: All filesystems OK.
[2015/11/04 11:37:19.109] (ERROR) Extra characters at end of line.
[2015/11/04 11:37:19.109] (INFO) Network heartbeat check: All OK.
[2015/11/04 11:37:19.109] (INFO) Alien monitor (aliend): Detected no space aliens.
[2015/11/04 11:37:19.109] (WARN) Space on disk /dev/sdf4 is low: Only 344 MB available.
[2015/11/04 11:37:19.109] (INFO) Alien monitor (aliend): Detected no space aliens.
[2015/11/04 11:37:19.109] (INFO) Sending SIGTERM to 4 excess workers.
[2015/11/04 11:37:19.109] (INFO) .evian ylbirret si emehcs otpyrc ym neht ,siht daer nac uoy fI
[2015/11/04 11:37:19.109] (INFO) User "cxd2745" logged out due to inactivity (timeout=30 minutes).
[2015/11/04 11:37:19.109] (INFO) User "swa3587" logged out due to inactivity (timeout=30 minutes).
[2015/11/04 11:37:19.109] (INFO) Waiting for monitor process (PID 42926) to die.
[2015/11/04 11:37:19.109] (INFO) Flushed 28 buffers to disk.
[2015/11/04 11:37:19.109] (WARN) Unable to ping master at 192.168.74.139. Retrying.
[2015/11/04 11:37:19.109] (INFO) Checkpointing off-heap server memory...
[2015/11/04 11:37:19.109] (INFO) Pinging watchdog timer process: Process is alive.
[2015/11/04 11:37:19.109] (INFO) Supervisor has entered RESTARTING state.
[2015/11/04 11:37:19.109] (INFO) Pinging watchdog timer process: Process is alive.
[2015/11/04 11:37:19.109] (INFO) User "jsy7561" logged in from 172.16.21.65.
[2015/11/04 11:37:19.109] (INFO) Supervisor has entered RESTARTING state.
[2015/11/04 11:37:19.109] (INFO) Checked file systems for errors: All filesystems OK.
[2015/11/04 11:37:19.109] (INFO) Checkpointing off-heap server memory...
[2015/11/04 11:37:19.109] (ERROR) Extra characters at end of line.
[2015/11/04 11:37:19.109] (INFO) User "ota2106" logged in from 192.168.234.45.
[2015/11/04 11:37:19.109] (INFO) Your mother called. She says you never call her.
[2015/11/04 11:37:19.109] (INFO) Your mother called. She says you never call her.
[2015/11/04 11:37:19.109] (INFO) Waiting for worker process (PID 39431) to die.
[2015/11/04 11:37:19.109] (INFO) Backed up all server logs.
[2015/11/04 11:37:19.109] (INFO) Rolling 2 log file(s)...
[2015/11/04 11:37:19.109] (INFO) Network heartbeat check: All OK.
[2015/11/04 11:37:19.109] (WARN) There is no such thing as a free lunch.
[2015/11/04 11:37:19.109] (INFO) Network heartbeat check: All OK.
[2015/11/04 11:37:19.109] (INFO) Supervisor has entered SUSPENDED state.
[2015/11/04 11:37:19.109] (ERROR) Alien monitor (aliend): 4 space aliens are fiddling with the hardware!
[2015/11/04 11:37:19.109] (INFO) Alien monitor (aliend): Detected no space aliens.
[2015/11/04 11:37:19.109] (ERROR) Unable to authenticate user "uhy9401": LDAP server isn't responding.
[2015/11/04 11:37:19.109] (INFO) .evian ylbirret si emehcs otpyrc ym neht ,siht daer nac uoy fI
[2015/11/04 11:37:19.109] (INFO) Network heartbeat check: All OK.
[2015/11/04 11:37:19.109] (INFO) Alien monitor (aliend): Detected no space aliens.
[2015/11/04 11:37:19.109] (ERROR) Detected clock skew! Restarting NTP server.
[2015/11/04 11:37:19.109] (INFO) Checked file systems for errors: All filesystems OK.
[2015/11/04 11:37:19.109] (INFO) Waiting for monitor process (PID 62492) to die.
[2015/11/04 11:37:19.109] (INFO) Rolling 7 log file(s)...
[2015/11/04 11:37:19.109] (INFO) Sending SIGTERM to 4 excess workers.
[2015/11/04 11:37:19.109] (INFO) .evian ylbirret si emehcs otpyrc ym neht ,siht daer nac uoy fI
[2015/11/04 11:37:19.109] (INFO) Alien monitor (aliend): Detected no space aliens.
[2015/11/04 11:37:19.109] (INFO) Checked file systems for errors: All filesystems OK.
[2015/11/04 11:37:19.109] (INFO) Flushed 75 buffers to disk.
[2015/11/04 11:37:19.109] (INFO) Supervisor has entered SUSPENDED state.
[2015/11/04 11:37:19.609] (INFO) User "vnq3614" logged out.
[2015/11/04 11:37:19.609] (INFO) Device 0xcd34 is online.
[2015/11/04 11:37:19.609] (INFO) Checkpointing off-heap server memory...
[2015/11/04 11:37:19.609] (INFO) User "bdk5046" logged out due to inactivity (timeout=30 minutes).
[2015/11/04 11:37:19.609] (INFO) Device 0x200f is online.
[2015/11/04 11:37:19.609] (INFO) Your mother called. She says you never call her.
[2015/11/04 11:37:19.609] (INFO) Alien monitor (aliend): Detected no space aliens.
[2015/11/04 11:37:19.609] (INFO) User "ywh8700" logged out.
[2015/11/04 11:37:19.609] (INFO) Sending SIGTERM to 2 excess workers.
[2015/11/04 11:37:19.609] (INFO) User "sne7649" logged out due to inactivity (timeout=30 minutes).
[2015/11/04 11:37:19.609] (INFO) Alien monitor (aliend): Detected no space aliens.
[2015/11/04 11:37:19.609] (INFO) Supervisor has entered WAITING state.
[2015/11/04 11:37:19.609] (INFO) Checked file systems for errors: All filesystems OK.
[2015/11/04 11:37:19.609] (INFO) Pinging watchdog timer process: Process is alive.
[2015/11/04 11:37:19.609] (WARN) Dropped 16,058 corrupt data packets.
[2015/11/04 11:37:19.609] (WARN) Possible cyber-attack from China.
[2015/11/04 11:37:19.609] (INFO) Your mother called. She says you never call her.
[2015/11/04 11:37:19.609] (INFO) .evian ylbirret si emehcs otpyrc ym neht ,siht daer nac uoy fI
[2015/11/04 11:37:19.609] (WARN) Dropped 5,350 corrupt data packets.
[2015/11/04 11:37:19.609] (INFO) Checked file systems for errors: All filesystems OK.
[2015/11/04 11:37:19.609] (INFO) Checkpointing off-heap server memory...
[2015/11/04 11:37:19.609] (INFO) Sending SIGTERM to 2 excess workers.
[2015/11/04 11:37:19.609] (INFO) Backed up all server logs.
[2015/11/04 11:37:19.609] (INFO) Alien monitor (aliend): Detected no space aliens.
[2015/11/04 11:37:19.609] (INFO) Device 0x346b is online.
[2015/11/04 11:37:19.609] (ERROR) User "wap7169" failed to log in 3 times. Disabling account.
[2015/11/04 11:37:19.609] (INFO) Backed up all server logs.
[2015/11/04 11:37:19.609] (INFO) Checked file systems for errors: All filesystems OK.
[2015/11/04 11:37:19.609] (INFO) .evian ylbirret si emehcs otpyrc ym neht ,siht daer nac uoy fI
[2015/11/04 11:37:19.609] (INFO) Alien monitor (aliend): Detected no space aliens.
[2015/11/04 11:37:19.609] (INFO) Pinging watchdog timer process: Process is alive.
[2015/11/04 11:37:19.609] (INFO) Rolling 7 log file(s)...
[2015/11/04 11:37:19.609] (INFO) Flushed 77 buffers to disk.
[2015/11/04 11:37:19.609] (ERROR) Extra characters at end of line.
[2015/11/04 11:37:19.609] (INFO) User "yjg2782" logged out due to inactivity (timeout=30 minutes).
[2015/11/04 11:37:19.609] (INFO) User "iic7563" logged out due to inactivity (timeout=30 minutes).
[2015/11/04 11:37:19.609] (INFO) .evian ylbirret si emehcs otpyrc ym neht ,siht daer nac uoy fI
[2015/11/04 11:37:19.609] (INFO) Pinging watchdog timer process: Process is alive.
[2015/11/04 11:37:19.609] (INFO) Sending SIGTERM to 2 excess workers.
[2015/11/04 11:37:19.609] (INFO) Alien monitor (aliend): Detected no space aliens.
[2015/11/04 11:37:19.609] (INFO) Flushed 56 buffers to disk.
[2015/11/04 11:37:19.609] (INFO) Network heartbeat check: All OK.
[2015/11/04 11:37:19.609] (INFO) Rolling 6 log file(s)...
[2015/11/04 11:37:19.609] (WARN) Unable to ping monitor at 192.168.219.210. Retrying.
[2015/11/04 11:37:19.609] (INFO) User "eqg7898" logged in from 172.16.136.16.
[2015/11/04 11:37:19.609] (INFO) .evian ylbirret si emehcs otpyrc ym neht ,siht daer nac uoy fI
[2015/11/04 11:37:19.609] (INFO) Checked file systems for errors: All filesystems OK.
[2015/11/04 11:37:19.609] (INFO) Pinging watchdog timer process: Process is alive.
[2015/11/04 11:37:19.609] (INFO) User "wfs7007" logged in from 172.16.59.195.
[2015/11/04 11:37:19.609] (INFO) Network heartbeat check: All OK.
[2015/11/04 11:37:19.609] (INFO) Pinging watchdog timer process: Process is alive.
[2015/11/04 11:37:19.609] (INFO) User "asi7651" logged out.
[2015/11/04 11:37:19.609] (INFO) Device 0xf2b2 is online.
[2015/11/04 11:37:19.609] (INFO) Pinging watchdog timer process: Process is alive.
[2015/11/04 11:37:19.609] (ERROR) Extra characters at end of line.
[2015/11/04 11:37:19.609] (INFO) Checked file systems for errors: All filesystems OK.
[2015/11/04 11:37:19.609] (INFO) Your mother called. She says you never call her.
[2015/11/04 11:37:19.609] (WARN) Network heartbeat check: 17 server(s) did not respond.
[2015/11/04 11:37:19.609] (INFO) Checkpointing off-heap server memory...
[2015/11/04 11:37:19.609] (INFO) Flushed 44 buffers to disk.
[2015/11/04 11:37:19.609] (INFO) Your mother called. She says you never call her.
[2015/11/04 11:37:19.609] (INFO) Device 0xfcf3 is online.
[2015/11/04 11:37:19.609] (INFO) Flushed 94 buffers to disk.
[2015/11/04 11:37:19.609] (INFO) User "ulz3649" logged out due to inactivity (timeout=30 minutes).
[2015/11/04 11:37:19.609] (INFO) Sending SIGTERM to 4 excess workers.
[2015/11/04 11:37:19.609] (INFO) User "orz5898" logged in from 172.16.15.153.
[2015/11/04 11:37:19.609] (WARN) Possible cyber-attack from a small unnamed island.
[2015/11/04 11:37:19.609] (INFO) User "mqh2800" logged in from 10.77.149.179.
[2015/11/04 11:37:19.609] (INFO) Device 0xe39f is online.
[2015/11/04 11:37:19.609] (INFO) Device 0x65c8 is online.
[2015/11/04 11:37:19.609] (INFO) Flushed 70 buffers to disk.
[2015/11/04 11:37:19.609] (ERROR) User "wvt7414" failed to log in 3 times. Disabling account.
[2015/11/04 11:37:19.609] (INFO) Checked file systems for errors: All filesystems OK.
[2015/11/04 11:37:19.609] (INFO) User "qdo2858" logged in from 192.168.185.246.
[2015/11/04 11:37:19.609] (INFO) Backed up all server logs.
[2015/11/04 11:37:19.609] (INFO) Pinging watchdog timer process: Process is alive.
[2015/11/04 11:37:19.609] (INFO) Checked file systems for errors: All filesystems OK.
[2015/11/04 11:37:19.609] (INFO) .evian ylbirret si emehcs otpyrc ym neht ,siht daer nac uoy fI
[2015/11/04 11:37:19.609] (INFO) User "sna8819" logged in from 10.213.158.62.
[2015/11/04 11:37:19.609] (WARN) Possible cyber-attack from Mars.
[2015/11/04 11:37:19.609] (INFO) Sending SIGTERM to 2 excess workers.
[2015/11/04 11:37:19.609] (INFO) Alien monitor (aliend): Detected no space aliens.
[2015/11/04 11:37:19.609] (INFO) .evian ylbirret si emehcs otpyrc ym neht ,siht daer nac uoy fI
[2015/11/04 11:37:19.609] (INFO) Rolling 2 log file(s)...
[2015/11/04 11:37:19.609] (INFO) Checked file systems for errors: All filesystems OK.
[2015/11/04 11:37:19.609] (INFO) User "dql3488" logged in from 192.168.39.0.
[2015/11/04 11:37:19.609] (INFO) Pinging watchdog timer process: Process is alive.
[2015/11/04 11:37:19.609] (INFO) Device 0x1944 is online.
[2015/11/04 11:37:19.609] (INFO) User "wuj9507" logged out due to inactivity (timeout=30 minutes).
[2015/11/04 11:37:19.609] (INFO) Supervisor has entered RUNNING state.
[2015/11/04 11:37:19.609] (WARN) Unable to ping master at 10.194.31.3. Retrying.
[2015/11/04 11:37:19.609] (WARN) Watchdog timer crashed. Restarting it.
[2015/11/04 11:37:19.609] (INFO) Alien monitor (aliend): Detected no space aliens.
[2015/11/04 11:37:19.609] (INFO) User "ohz3528" logged out due to inactivity (timeout=30 minutes).
[2015/11/04 11:37:19.609] (INFO) Backed up all server logs.
[2015/11/04 11:37:19.609] (INFO) Device 0x52eb is online.
[2015/11/04 11:37:19.609] (INFO) Waiting for master process (PID 57023) to die.
[2015/11/04 11:37:19.609] (WARN) Possible cyber-attack from Mars.
[2015/11/04 11:37:19.609] (INFO) Your mother called. She says you never call her.
[2015/11/04 11:37:19.609] (INFO) Rolling 3 log file(s)...
[2015/11/04 11:37:20.108] (INFO) Backed up all server logs.
[2015/11/04 11:37:20.108] (INFO) Device 0x7605 is online.
[2015/11/04 11:37:20.108] (INFO) User "jqi5137" logged in from 10.55.4.139.
[2015/11/04 11:37:20.108] (WARN) CPU temperature exceeds 40º Celsius.
[2015/11/04 11:37:20.108] (ERROR) Blocked Little Bobby Tables attack (https://xkcd.com/327/) from 192.168.64.60.
[2015/11/04 11:37:20.108] (WARN) Retrying server log checkpoint.
[2015/11/04 11:37:20.108] (INFO) Checked file systems for errors: All filesystems OK.
[2015/11/04 11:37:20.108] (INFO) .evian ylbirret si emehcs otpyrc ym neht ,siht daer nac uoy fI
[2015/11/04 11:37:20.108] (ERROR) /dev/lp error: "PC LOAD LETTER"
[2015/11/04 11:37:20.108] (INFO) Alien monitor (aliend): Detected no space aliens.
[2015/11/04 11:37:20.108] (INFO) User "roj7341" logged out due to inactivity (timeout=30 minutes).
[2015/11/04 11:37:20.108] (INFO) Rolling 3 log file(s)...
[2015/11/04 11:37:20.108] (ERROR) Blocked Little Bobby Tables attack (https://xkcd.com/327/) from 10.24.165.177.
[2015/11/04 11:37:20.108] (WARN) There is no such thing as a free lunch.
[2015/11/04 11:37:20.108] (INFO) Your mother called. She says you never call her.
[2015/11/04 11:37:20.108] (INFO) Waiting for master process (PID 53122) to die.
[2015/11/04 11:37:20.108] (INFO) Network heartbeat check: All OK.
[2015/11/04 11:37:20.108] (INFO) Your mother called. She says you never call her.
[2015/11/04 11:37:20.108] (WARN) Possible cyber-attack from Mars.
[2015/11/04 11:37:20.108] (INFO) User "lys1862" logged out.
[2015/11/04 11:37:20.108] (INFO) Pinging watchdog timer process: Process is alive.
[2015/11/04 11:37:20.108] (INFO) Rolling 3 log file(s)...
[2015/11/04 11:37:20.108] (INFO) Pinging watchdog timer process: Process is alive.
[2015/11/04 11:37:20.108] (INFO) .evian ylbirret si emehcs otpyrc ym neht ,siht daer nac uoy fI
[2015/11/04 11:37:20.108] (INFO) Waiting for worker process (PID 55186) to die.
[2015/11/04 11:37:20.108] (INFO) Pinging watchdog timer process: Process is alive.
[2015/11/04 11:37:20.108] (INFO) Alien monitor (aliend): Detected no space aliens.
[2015/11/04 11:37:20.108] (WARN) Ignoring SIGTERM. It's not that easy to get rid of me.
[2015/11/04 11:37:20.108] (INFO) Backed up all server logs.
[2015/11/04 11:37:20.108] (INFO) Pinging watchdog timer process: Process is alive.
[2015/11/04 11:37:20.108] (INFO) User "rzh5274" logged out.
[2015/11/04 11:37:20.108] (INFO) Sending SIGTERM to 2 excess workers.
[2015/11/04 11:37:20.108] (INFO) Alien monitor (aliend): Detected no space aliens.
[2015/11/04 11:37:20.108] (INFO) Checkpointing off-heap server memory...
[2015/11/04 11:37:20.108] (INFO) Network heartbeat check: All OK.
[2015/11/04 11:37:20.108] (ERROR) Detected clock skew! Restarting NTP server.
[2015/11/04 11:37:20.108] (INFO) Rolling 9 log file(s)...
[2015/11/04 11:37:20.108] (INFO) Flushed 22 buffers to disk.
[2015/11/04 11:37:20.108] (INFO) Sending SIGTERM to 4 excess workers.
[2015/11/04 11:37:20.108] (ERROR) Detected incoming DDoS from 172.16.253.251.
[2015/11/04 11:37:20.108] (INFO) Checked file systems for errors: All filesystems OK.
[2015/11/04 11:37:20.108] (INFO) Pinging watchdog timer process: Process is alive.
[2015/11/04 11:37:20.108] (INFO) Backed up all server logs.
[2015/11/04 11:37:20.108] (INFO) Checked file systems for errors: All filesystems OK.
[2015/11/04 11:37:20.108] (INFO) Checkpointing off-heap server memory...
[2015/11/04 11:37:20.108] (INFO) .evian ylbirret si emehcs otpyrc ym neht ,siht daer nac uoy fI
[2015/11/04 11:37:20.108] (INFO) Network heartbeat check: All OK.
[2015/11/04 11:37:20.108] (INFO) User "oyj3254" logged in from 10.60.162.163.
[2015/11/04 11:37:20.108] (INFO) Waiting for worker process (PID 44463) to die.
[2015/11/04 11:37:20.108] (INFO) .evian ylbirret si emehcs otpyrc ym neht ,siht daer nac uoy fI
[2015/11/04 11:37:20.108] (INFO) Device 0x60d8 is online.
[2015/11/04 11:37:20.108] (WARN) Watchdog timer crashed. Restarting it.
[2015/11/04 11:37:20.108] (INFO) Your mother called. She says you never call her.
[2015/11/04 11:37:20.108] (WARN) Retrying server log checkpoint.
[2015/11/04 11:37:20.108] (ERROR) Extra characters at end of line.
[2015/11/04 11:37:20.108] (INFO) Backed up all server logs.
[2015/11/04 11:37:20.108] (INFO) Your mother called. She says you never call her.
[2015/11/04 11:37:20.108] (INFO) .evian ylbirret si emehcs otpyrc ym neht ,siht daer nac uoy fI
[2015/11/04 11:37:20.108] (INFO) Pinging watchdog timer process: Process is alive.
[2015/11/04 11:37:20.108] (INFO) Backed up all server logs.
[2015/11/04 11:37:20.108] (INFO) User "uir6836" logged out due to inactivity (timeout=30 minutes).
[2015/11/04 11:37:20.108] (WARN) Ignoring SIGTERM. It's not that easy to get rid of me.
[2015/11/04 11:37:20.108] (INFO) Waiting for supervisor process (PID 48928) to die.
[2015/11/04 11:37:20.108] (INFO) User "hbo3738" logged in from 10.30.48.60.
[2015/11/04 11:37:20.108] (ERROR) EFOODFAIL (Waiter, there's a fly in my soup).
[2015/11/04 11:37:20.108] (INFO) User "exo9631" logged out due to inactivity (timeout=30 minutes).
[2015/11/04 11:37:20.108] (INFO) Waiting for monitor process (PID 19592) to die.
[2015/11/04 11:37:20.108] (INFO) Backed up all server logs.
[2015/11/04 11:37:20.108] (INFO) Waiting for master process (PID 21278) to die.
[2015/11/04 11:37:20.108] (INFO) Device 0x25ae is online.
[2015/11/04 11:37:20.108] (WARN) Retrying server log checkpoint.
[2015/11/04 11:37:20.108] (WARN) Dropped 4,827 corrupt data packets.
[2015/11/04 11:37:20.108] (INFO) Backed up all server logs.
[2015/11/04 11:37:20.108] (INFO) Waiting for supervisor process (PID 10035) to die.
[2015/11/04 11:37:20.108] (INFO) Supervisor has entered SUSPENDED state.
[2015/11/04 11:37:20.108] (WARN) Master took 794 ms to respond (threshold=500 ms)
[2015/11/04 11:37:20.108] (INFO) Device 0x6cea is online.
[2015/11/04 11:37:20.108] (INFO) Waiting for master process (PID 57583) to die.
[2015/11/04 11:37:20.108] (INFO) .evian ylbirret si emehcs otpyrc ym neht ,siht daer nac uoy fI
[2015/11/04 11:37:20.108] (INFO) Checked file systems for errors: All filesystems OK.
[2015/11/04 11:37:20.108] (INFO) User "ymg7430" logged out.
[2015/11/04 11:37:20.108] (INFO) Sending SIGTERM to 4 excess workers.
[2015/11/04 11:37:20.108] (INFO) Backed up all server logs.
[2015/11/04 11:37:20.108] (WARN) There is no such thing as a free lunch.
[2015/11/04 11:37:20.108] (INFO) Your mother called. She says you never call her.
[2015/11/04 11:37:20.108] (INFO) Your mother called. She says you never call her.
[2015/11/04 11:37:20.108] (INFO) .evian ylbirret si emehcs otpyrc ym neht ,siht daer nac uoy fI
[2015/11/04 11:37:20.108] (INFO) Checked file systems for errors: All filesystems OK.
[2015/11/04 11:37:20.108] (INFO) User "kyv1262" logged in from 10.79.155.91.
[2015/11/04 11:37:20.108] (INFO) Pinging watchdog timer process: Process is alive.
[2015/11/04 11:37:20.108] (WARN) Ignoring SIGTERM. It's not that easy to get rid of me.
[2015/11/04 11:37:20.108] (INFO) Flushed 91 buffers to disk.
[2015/11/04 11:37:20.108] (INFO) Your mother called. She says you never call her.
[2015/11/04 11:37:20.108] (INFO) .evian ylbirret si emehcs otpyrc ym neht ,siht daer nac uoy fI
[2015/11/04 11:37:20.108] (INFO) Alien monitor (aliend): Detected no space aliens.
[2015/11/04 11:37:20.108] (INFO) Alien monitor (aliend): Detected no space aliens.
[2015/11/04 11:37:20.109] (WARN) Space on disk /dev/sdc2 is low: Only 331 MB available.
[2015/11/04 11:37:20.109] (INFO) Your mother called. She says you never call her.
[2015/11/04 11:37:20.109] (INFO) Checked file systems for errors: All filesystems OK.
[2015/11/04 11:37:20.109] (INFO) Network heartbeat check: All OK.
[2015/11/04 11:37:20.608] (INFO) Sending SIGTERM to 2 excess workers.
[2015/11/04 11:37:20.608] (INFO) .evian ylbirret si emehcs otpyrc ym neht ,siht daer nac uoy fI
[2015/11/04 11:37:20.608] (INFO) Checkpointing off-heap server memory...
[2015/11/04 11:37:20.608] (INFO) Device 0x7ef2 is online.
[2015/11/04 11:37:20.608] (INFO) .evian ylbirret si emehcs otpyrc ym neht ,siht daer nac uoy fI
[2015/11/04 11:37:20.608] (WARN) Space on disk /dev/sdc1 is low: Only 875 MB available.
[2015/11/04 11:37:20.608] (INFO) Sending SIGTERM to 3 excess workers.
[2015/11/04 11:37:20.608] (INFO) User "hig5056" logged out.
[2015/11/04 11:37:20.608] (INFO) Flushed 37 buffers to disk.
[2015/11/04 11:37:20.608] (INFO) Network heartbeat check: All OK.
[2015/11/04 11:37:20.608] (ERROR) /dev/lp error: "PC LOAD LETTER"
[2015/11/04 11:37:20.608] (ERROR) Alien monitor (aliend): 2 space aliens are fiddling with the hardware!
[2015/11/04 11:37:20.608] (INFO) Your mother called. She says you never call her.
[2015/11/04 11:37:20.608] (INFO) .evian ylbirret si emehcs otpyrc ym neht ,siht daer nac uoy fI
[2015/11/04 11:37:20.608] (INFO) User "tcf7998" logged out.
[2015/11/04 11:37:20.608] (INFO) Pinging watchdog timer process: Process is alive.
[2015/11/04 11:37:20.608] (INFO) User "obz3994" logged out due to inactivity (timeout=30 minutes).
[2015/11/04 11:37:20.608] (INFO) Flushed 83 buffers to disk.
[2015/11/04 11:37:20.608] (INFO) Rolling 4 log file(s)...
[2015/11/04 11:37:20.608] (INFO) Device 0x549b is online.
[2015/11/04 11:37:20.608] (INFO) Backed up all server logs.
[2015/11/04 11:37:20.608] (INFO) .evian ylbirret si emehcs otpyrc ym neht ,siht daer nac uoy fI
[2015/11/04 11:37:20.608] (INFO) Alien monitor (aliend): Detected no space aliens.
[2015/11/04 11:37:20.608] (INFO) Checked file systems for errors: All filesystems OK.
[2015/11/04 11:37:20.608] (ERROR) CPU temperature exceeds 50º Celsius. Shutting down.
[2015/11/04 11:37:20.608] (INFO) Device 0x058b is online.
[2015/11/04 11:37:20.608] (INFO) User "ayb5773" logged out due to inactivity (timeout=30 minutes).
[2015/11/04 11:37:20.608] (ERROR) One of the flayrods has gone out askew on treadle.
[2015/11/04 11:37:20.608] (INFO) User "idb2094" logged out.
[2015/11/04 11:37:20.608] (INFO) Alien monitor (aliend): Detected no space aliens.
[2015/11/04 11:37:20.608] (INFO) Alien monitor (aliend): Detected no space aliens.
[2015/11/04 11:37:20.608] (INFO) User "vdy8687" logged out due to inactivity (timeout=30 minutes).
[2015/11/04 11:37:20.608] (INFO) Supervisor has entered WAITING state.
[2015/11/04 11:37:20.608] (INFO) Pinging watchdog timer process: Process is alive.
[2015/11/04 11:37:20.608] (INFO) Pinging watchdog timer process: Process is alive.
[2015/11/04 11:37:20.608] (INFO) Checkpointing off-heap server memory...
[2015/11/04 11:37:20.608] (WARN) Master took 601 ms to respond (threshold=500 ms)
[2015/11/04 11:37:20.608] (INFO) Flushed 20 buffers to disk.
[2015/11/04 11:37:20.608] (INFO) Network heartbeat check: All OK.
[2015/11/04 11:37:20.608] (ERROR) EFOODFAIL (Waiter, there's a fly in my soup).
[2015/11/04 11:37:20.608] (INFO) Device 0x0707 is online.
[2015/11/04 11:37:20.608] (INFO) Network heartbeat check: All OK.
[2015/11/04 11:37:20.608] (ERROR) Failed to open "/mnt/fileserver02/dxkjk70525.txt": NFS timeout.
[2015/11/04 11:37:20.608] (INFO) .evian ylbirret si emehcs otpyrc ym neht ,siht daer nac uoy fI
[2015/11/04 11:37:20.608] (INFO) Checked file systems for errors: All filesystems OK.
[2015/11/04 11:37:20.608] (INFO) Pinging watchdog timer process: Process is alive.
[2015/11/04 11:37:20.608] (WARN) Space on disk /dev/sda3 is low: Only 734 MB available.
[2015/11/04 11:37:20.608] (INFO) Device 0x5a7f is online.
[2015/11/04 11:37:20.608] (INFO) Your mother called. She says you never call her.
[2015/11/04 11:37:20.608] (INFO) Pinging watchdog timer process: Process is alive.
[2015/11/04 11:37:20.608] (INFO) Rolling 8 log file(s)...
[2015/11/04 11:37:20.608] (INFO) Rolling 2 log file(s)...
[2015/11/04 11:37:20.608] (INFO) Sending SIGTERM to 4 excess workers.
[2015/11/04 11:37:20.608] (INFO) Sending SIGTERM to 2 excess workers.
[2015/11/04 11:37:20.608] (INFO) Supervisor has entered RUNNING state.
[2015/11/04 11:37:20.608] (ERROR) Failed to open "/mnt/fileserver02/loGnI50601.csv": NFS timeout.
[2015/11/04 11:37:20.608] (INFO) Sending SIGTERM to 4 excess workers.
[2015/11/04 11:37:20.608] (ERROR) Device 0x9295 is offline
[2015/11/04 11:37:20.608] (INFO) Checked file systems for errors: All filesystems OK.
[2015/11/04 11:37:20.608] (INFO) .evian ylbirret si emehcs otpyrc ym neht ,siht daer nac uoy fI
[2015/11/04 11:37:20.608] (INFO) User "wln6726" logged out due to inactivity (timeout=30 minutes).
[2015/11/04 11:37:20.608] (INFO) Alien monitor (aliend): Detected no space aliens.
[2015/11/04 11:37:20.608] (WARN) Ignoring SIGTERM. It's not that easy to get rid of me.
[2015/11/04 11:37:20.608] (INFO) Device 0x2688 is online.
[2015/11/04 11:37:20.608] (INFO) Alien monitor (aliend): Detected no space aliens.
[2015/11/04 11:37:20.608] (INFO) Rolling 3 log file(s)...
[2015/11/04 11:37:20.608] (INFO) User "vui7004" logged out due to inactivity (timeout=30 minutes).
[2015/11/04 11:37:20.608] (INFO) Alien monitor (aliend): Detected no space aliens.
[2015/11/04 11:37:20.608] (INFO) Checked file systems for errors: All filesystems OK.
[2015/11/04 11:37:20.608] (INFO) User "ynw5115" logged out due to inactivity (timeout=30 minutes).
[2015/11/04 11:37:20.608] (ERROR) Connection to 192.168.237.101 terminated unexpectedly. Reconnecting.
[2015/11/04 11:37:20.608] (INFO) Pinging watchdog timer process: Process is alive.
[2015/11/04 11:37:20.608] (INFO) Alien monitor (aliend): Detected no space aliens.
[2015/11/04 11:37:20.608] (INFO) Device 0x3c49 is online.
[2015/11/04 11:37:20.608] (INFO) Rolling 3 log file(s)...
[2015/11/04 11:37:20.608] (INFO) User "isd1902" logged out due to inactivity (timeout=30 minutes).
[2015/11/04 11:37:20.608] (INFO) Alien monitor (aliend): Detected no space aliens.
[2015/11/04 11:37:20.608] (INFO) Pinging watchdog timer process: Process is alive.
[2015/11/04 11:37:20.608] (INFO) Waiting for master process (PID 5928) to die.
[2015/11/04 11:37:20.608] (INFO) Rolling 1 log file(s)...
[2015/11/04 11:37:20.608] (INFO) Network heartbeat check: All OK.
[2015/11/04 11:37:20.608] (INFO) Checked file systems for errors: All filesystems OK.
[2015/11/04 11:37:20.608] (INFO) Network heartbeat check: All OK.
[2015/11/04 11:37:20.608] (INFO) .evian ylbirret si emehcs otpyrc ym neht ,siht daer nac uoy fI
[2015/11/04 11:37:20.608] (INFO) Waiting for monitor process (PID 57875) to die.
[2015/11/04 11:37:20.608] (INFO) Your mother called. She says you never call her.
[2015/11/04 11:37:20.608] (INFO) User "eio7938" logged out.
[2015/11/04 11:37:20.608] (INFO) Network heartbeat check: All OK.
[2015/11/04 11:37:20.608] (ERROR) Server log backup FAILED. See backup logs.
[2015/11/04 11:37:20.608] (INFO) Alien monitor (aliend): Detected no space aliens.
[2015/11/04 11:37:20.608] (INFO) Checked file systems for errors: All filesystems OK.
[2015/11/04 11:37:20.608] (INFO) Rolling 8 log file(s)...
[2015/11/04 11:37:20.608] (WARN) Dropped 4,849 corrupt data packets.
[2015/11/04 11:37:20.608] (INFO) Device 0xaaf4 is online.
[2015/11/04 11:37:20.608] (INFO) Pinging watchdog timer process: Process is alive.
[2015/11/04 11:37:20.608] (INFO) Rolling 1 log file(s)...
[2015/11/04 11:37:20.608] (INFO) Sending SIGTERM to 2 excess workers.
[2015/11/04 11:37:20.608] (INFO) Pinging watchdog timer process: Process is alive.
[2015/11/04 11:37:20.609] (INFO) Network heartbeat check: All OK.
[2015/11/04 11:37:20.609] (INFO) Sending SIGTERM to 2 excess workers.
[2015/11/04 11:37:21.109] (INFO) .evian ylbirret si emehcs otpyrc ym neht ,siht daer nac uoy fI
[2015/11/04 11:37:21.109] (INFO) Alien monitor (aliend): Detected no space aliens.
[2015/11/04 11:37:21.109] (ERROR) Detected incoming DDoS from 10.175.87.83.
[2015/11/04 11:37:21.109] (INFO) Rolling 4 log file(s)...
[2015/11/04 11:37:21.109] (INFO) Rolling 8 log file(s)...
[2015/11/04 11:37:21.109] (INFO) Sending SIGTERM to 3 excess workers.
[2015/11/04 11:37:21.109] (INFO) User "tmb6298" logged in from 192.168.245.230.
[2015/11/04 11:37:21.109] (INFO) Supervisor has entered SUSPENDED state.
[2015/11/04 11:37:21.109] (INFO) Alien monitor (aliend): Detected no space aliens.
[2015/11/04 11:37:21.109] (INFO) Rolling 5 log file(s)...
[2015/11/04 11:37:21.109] (INFO) Device 0x2f25 is online.
[2015/11/04 11:37:21.109] (INFO) .evian ylbirret si emehcs otpyrc ym neht ,siht daer nac uoy fI
[2015/11/04 11:37:21.109] (INFO) Checkpointing off-heap server memory...
[2015/11/04 11:37:21.109] (INFO) Your mother called. She says you never call her.
[2015/11/04 11:37:21.109] (INFO) Alien monitor (aliend): Detected no space aliens.
[2015/11/04 11:37:21.109] (INFO) Waiting for worker process (PID 52304) to die.
[2015/11/04 11:37:21.109] (INFO) Backed up all server logs.
[2015/11/04 11:37:21.109] (INFO) User "xwd4411" logged in from 172.16.234.221.
[2015/11/04 11:37:21.109] (INFO) Checkpointing off-heap server memory...
[2015/11/04 11:37:21.109] (INFO) Sending SIGTERM to 2 excess workers.
[2015/11/04 11:37:21.109] (INFO) User "rnc4868" logged out.
[2015/11/04 11:37:21.109] (INFO) Device 0xc21f is online.
[2015/11/04 11:37:21.109] (INFO) Waiting for worker process (PID 50884) to die.
[2015/11/04 11:37:21.109] (ERROR) Detected incoming DDoS from 192.168.249.159.
[2015/11/04 11:37:21.109] (INFO) Waiting for worker process (PID 15053) to die.
[2015/11/04 11:37:21.109] (INFO) User "vkz1539" logged in from 10.231.44.249.
[2015/11/04 11:37:21.109] (WARN) Ignoring SIGTERM. It's not that easy to get rid of me.
[2015/11/04 11:37:21.109] (INFO) User "gpk9051" logged in from 172.16.43.95.
[2015/11/04 11:37:21.109] (INFO) Sending SIGTERM to 2 excess workers.
[2015/11/04 11:37:21.109] (INFO) Flushed 30 buffers to disk.
[2015/11/04 11:37:21.109] (INFO) User "xnr7603" logged out.
[2015/11/04 11:37:21.109] (ERROR) "/var/data/abnbE59447.parquet": No such file or directory (ENOENT)
[2015/11/04 11:37:21.109] (INFO) Checked file systems for errors: All filesystems OK.
[2015/11/04 11:37:21.109] (INFO) Rolling 7 log file(s)...
[2015/11/04 11:37:21.109] (INFO) Sending SIGTERM to 2 excess workers.
[2015/11/04 11:37:21.109] (INFO) User "jzr6609" logged out.
[2015/11/04 11:37:21.109] (INFO) User "jyt1711" logged in from 172.16.117.181.
[2015/11/04 11:37:21.109] (INFO) Sending SIGTERM to 4 excess workers.
[2015/11/04 11:37:21.109] (INFO) .evian ylbirret si emehcs otpyrc ym neht ,siht daer nac uoy fI
[2015/11/04 11:37:21.109] (INFO) Pinging watchdog timer process: Process is alive.
[2015/11/04 11:37:21.109] (INFO) Pinging watchdog timer process: Process is alive.
[2015/11/04 11:37:21.109] (ERROR) User "gco8868" failed to log in 3 times. Disabling account.
[2015/11/04 11:37:21.109] (INFO) Alien monitor (aliend): Detected no space aliens.
[2015/11/04 11:37:21.109] (INFO) Flushed 46 buffers to disk.
[2015/11/04 11:37:21.109] (INFO) Checked file systems for errors: All filesystems OK.
[2015/11/04 11:37:21.109] (INFO) Alien monitor (aliend): Detected no space aliens.
[2015/11/04 11:37:21.109] (INFO) Your mother called. She says you never call her.
[2015/11/04 11:37:21.110] (INFO) Alien monitor (aliend): Detected no space aliens.
[2015/11/04 11:37:21.110] (INFO) Network heartbeat check: All OK.
[2015/11/04 11:37:21.110] (WARN) Watchdog timer crashed. Restarting it.
[2015/11/04 11:37:21.110] (WARN) Network heartbeat check: 2 server(s) did not respond.
[2015/11/04 11:37:21.110] (INFO) Sending SIGTERM to 4 excess workers.
[2015/11/04 11:37:21.110] (INFO) Your mother called. She says you never call her.
[2015/11/04 11:37:21.110] (INFO) Network heartbeat check: All OK.
[2015/11/04 11:37:21.110] (INFO) Waiting for master process (PID 1936) to die.
[2015/11/04 11:37:21.110] (WARN) Retrying server log checkpoint.
[2015/11/04 11:37:21.110] (INFO) User "nrn4053" logged out due to inactivity (timeout=30 minutes).
[2015/11/04 11:37:21.110] (ERROR) CPU temperature exceeds 50º Celsius. Shutting down.
[2015/11/04 11:37:21.110] (WARN) Possible cyber-attack from Antarctica.
[2015/11/04 11:37:21.110] (WARN) Unable to ping master at 172.16.164.186. Retrying.
[2015/11/04 11:37:21.110] (INFO) User "wva7995" logged out due to inactivity (timeout=30 minutes).
[2015/11/04 11:37:21.110] (INFO) Flushed 77 buffers to disk.
[2015/11/04 11:37:21.110] (INFO) User "efc2510" logged out due to inactivity (timeout=30 minutes).
[2015/11/04 11:37:21.110] (INFO) Network heartbeat check: All OK.
[2015/11/04 11:37:21.110] (INFO) Flushed 51 buffers to disk.
[2015/11/04 11:37:21.110] (WARN) Ignoring SIGTERM. It's not that easy to get rid of me.
[2015/11/04 11:37:21.110] (INFO) Your mother called. She says you never call her.
[2015/11/04 11:37:21.110] (WARN) CPU temperature exceeds 40º Celsius.
[2015/11/04 11:37:21.110] (ERROR) Worker 2 died with SIGSEGV. Restarting it.
[2015/11/04 11:37:21.110] (INFO) Backed up all server logs.
[2015/11/04 11:37:21.110] (INFO) Network heartbeat check: All OK.
[2015/11/04 11:37:21.110] (INFO) Rolling 9 log file(s)...
[2015/11/04 11:37:21.110] (ERROR) EFOODFAIL (Waiter, there's a fly in my soup).
[2015/11/04 11:37:21.110] (INFO) User "lcx2444" logged in from 10.164.95.160.
[2015/11/04 11:37:21.110] (INFO) Network heartbeat check: All OK.
[2015/11/04 11:37:21.110] (INFO) Flushed 75 buffers to disk.
[2015/11/04 11:37:21.110] (INFO) Alien monitor (aliend): Detected no space aliens.
[2015/11/04 11:37:21.110] (INFO) Device 0x3de2 is online.
[2015/11/04 11:37:21.110] (INFO) Backed up all server logs.
[2015/11/04 11:37:21.110] (ERROR) "/var/data/cCUTQ87231.csv": Permission denied (EACCES)
[2015/11/04 11:37:21.110] (INFO) Pinging watchdog timer process: Process is alive.
[2015/11/04 11:37:21.110] (INFO) Waiting for master process (PID 35955) to die.
[2015/11/04 11:37:21.110] (INFO) Alien monitor (aliend): Detected no space aliens.
[2015/11/04 11:37:21.110] (INFO) User "fqv9598" logged out.
[2015/11/04 11:37:21.110] (INFO) Rolling 4 log file(s)...
[2015/11/04 11:37:21.110] (INFO) User "bzt8956" logged out.
[2015/11/04 11:37:21.110] (INFO) User "ueo4491" logged out.
[2015/11/04 11:37:21.110] (INFO) .evian ylbirret si emehcs otpyrc ym neht ,siht daer nac uoy fI
[2015/11/04 11:37:21.110] (INFO) Network heartbeat check: All OK.
[2015/11/04 11:37:21.110] (INFO) Device 0x274f is online.
[2015/11/04 11:37:21.110] (ERROR) Alien monitor (aliend): 3 space aliens are fiddling with the hardware!
[2015/11/04 11:37:21.110] (INFO) Supervisor has entered RUNNING state.
[2015/11/04 11:37:21.110] (INFO) Network heartbeat check: All OK.
[2015/11/04 11:37:21.110] (INFO) Checked file systems for errors: All filesystems OK.
[2015/11/04 11:37:21.110] (INFO) Pinging watchdog timer process: Process is alive.
[2015/11/04 11:37:21.110] (ERROR) User "ekf7862" failed to log in 3 times. Disabling account.
[2015/11/04 11:37:21.110] (INFO) .evian ylbirret si emehcs otpyrc ym neht ,siht daer nac uoy fI
[2015/11/04 11:37:21.110] (ERROR) Network heartbeat check FAILED: Master host down?
[2015/11/04 11:37:21.110] (INFO) Your mother called. She says you never call her.
[2015/11/04 11:37:21.110] (INFO) Device 0x30e0 is online.
[2015/11/04 11:37:21.608] (INFO) .evian ylbirret si emehcs otpyrc ym neht ,siht daer nac uoy fI
[2015/11/04 11:37:21.608] (INFO) Backed up all server logs.
[2015/11/04 11:37:21.608] (INFO) Backed up all server logs.
[2015/11/04 11:37:21.608] (INFO) Pinging watchdog timer process: Process is alive.
[2015/11/04 11:37:21.608] (ERROR) One of the flayrods has gone out askew on treadle.
[2015/11/04 11:37:21.608] (INFO) Backed up all server logs.
[2015/11/04 11:37:21.608] (INFO) Waiting for monitor process (PID 38322) to die.
[2015/11/04 11:37:21.608] (INFO) User "god9142" logged in from 192.168.103.235.
[2015/11/04 11:37:21.608] (INFO) User "fqz9784" logged out.
[2015/11/04 11:37:21.608] (INFO) User "ssl9627" logged out.
[2015/11/04 11:37:21.608] (ERROR) Blocked Little Bobby Tables attack (https://xkcd.com/327/) from 192.168.183.25.
[2015/11/04 11:37:21.608] (WARN) Watchdog timer crashed. Restarting it.
[2015/11/04 11:37:21.608] (INFO) Pinging watchdog timer process: Process is alive.
[2015/11/04 11:37:21.608] (INFO) Rolling 8 log file(s)...
[2015/11/04 11:37:21.608] (INFO) Network heartbeat check: All OK.
[2015/11/04 11:37:21.608] (INFO) Pinging watchdog timer process: Process is alive.
[2015/11/04 11:37:21.608] (INFO) Network heartbeat check: All OK.
[2015/11/04 11:37:21.608] (INFO) Sending SIGTERM to 2 excess workers.
[2015/11/04 11:37:21.608] (INFO) User "crt9080" logged in from 172.16.127.68.
[2015/11/04 11:37:21.608] (INFO) Flushed 59 buffers to disk.
[2015/11/04 11:37:21.608] (INFO) Backed up all server logs.
[2015/11/04 11:37:21.608] (WARN) Retrying server log checkpoint.
[2015/11/04 11:37:21.608] (ERROR) Server log backup FAILED. See backup logs.
[2015/11/04 11:37:21.608] (INFO) Flushed 99 buffers to disk.
[2015/11/04 11:37:21.608] (INFO) Sending SIGTERM to 4 excess workers.
[2015/11/04 11:37:21.608] (INFO) Supervisor has entered SUSPENDED state.
[2015/11/04 11:37:21.608] (INFO) Supervisor has entered SUSPENDED state.
[2015/11/04 11:37:21.608] (WARN) Network heartbeat check: 18 server(s) did not respond.
[2015/11/04 11:37:21.609] (INFO) Supervisor has entered WAITING state.
[2015/11/04 11:37:21.609] (INFO) User "yik3455" logged out.
[2015/11/04 11:37:21.609] (INFO) Flushed 60 buffers to disk.
[2015/11/04 11:37:21.609] (INFO) Sending SIGTERM to 2 excess workers.
[2015/11/04 11:37:21.609] (INFO) Supervisor has entered SUSPENDED state.
[2015/11/04 11:37:21.609] (INFO) Alien monitor (aliend): Detected no space aliens.
[2015/11/04 11:37:21.609] (INFO) Checked file systems for errors: All filesystems OK.
[2015/11/04 11:37:21.609] (INFO) Backed up all server logs.
[2015/11/04 11:37:21.609] (ERROR) "/var/data/taPVf67247.xml": Permission denied (EACCES)
[2015/11/04 11:37:21.609] (INFO) Device 0xd86c is online.
[2015/11/04 11:37:21.609] (INFO) Supervisor has entered RUNNING state.
[2015/11/04 11:37:21.609] (WARN) Space on disk /dev/sdd3 is low: Only 473 MB available.
[2015/11/04 11:37:21.609] (INFO) Checked file systems for errors: All filesystems OK.
[2015/11/04 11:37:21.609] (INFO) Rolling 2 log file(s)...
[2015/11/04 11:37:21.609] (INFO) User "apj4520" logged in from 192.168.236.193.
[2015/11/04 11:37:21.609] (INFO) Checkpointing off-heap server memory...
[2015/11/04 11:37:21.609] (INFO) Supervisor has entered WAITING state.
[2015/11/04 11:37:21.609] (INFO) Backed up all server logs.
[2015/11/04 11:37:21.609] (INFO) User "gee2754" logged out due to inactivity (timeout=30 minutes).
[2015/11/04 11:37:21.609] (INFO) Rolling 6 log file(s)...
[2015/11/04 11:37:21.609] (INFO) Checked file systems for errors: All filesystems OK.
[2015/11/04 11:37:21.609] (ERROR) Failed to open "/mnt/fileserver01/HOHov91528.tar.gz": NFS timeout.
[2015/11/04 11:37:21.609] (INFO) Checked file systems for errors: All filesystems OK.
[2015/11/04 11:37:21.609] (INFO) Backed up all server logs.
[2015/11/04 11:37:21.609] (INFO) Flushed 82 buffers to disk.
[2015/11/04 11:37:21.609] (INFO) User "ipo5673" logged out.
[2015/11/04 11:37:21.609] (INFO) Your mother called. She says you never call her.
[2015/11/04 11:37:21.609] (ERROR) EFOODFAIL (Waiter, there's a fly in my soup).
[2015/11/04 11:37:21.609] (ERROR) Unable to mount /dev/sdd1. (Time to run fsck?)
[2015/11/04 11:37:21.609] (INFO) Your mother called. She says you never call her.
[2015/11/04 11:37:21.609] (INFO) Alien monitor (aliend): Detected no space aliens.
[2015/11/04 11:37:21.609] (INFO) Checked file systems for errors: All filesystems OK.
[2015/11/04 11:37:21.609] (INFO) Alien monitor (aliend): Detected no space aliens.
[2015/11/04 11:37:21.609] (INFO) Waiting for master process (PID 2461) to die.
[2015/11/04 11:37:21.609] (ERROR) User "ges3236" failed to log in 3 times. Disabling account.
[2015/11/04 11:37:21.609] (WARN) Backup server 172.16.182.162 is offline.
[2015/11/04 11:37:21.609] (INFO) Your mother called. She says you never call her.
[2015/11/04 11:37:21.609] (INFO) Network heartbeat check: All OK.
[2015/11/04 11:37:21.609] (INFO) Network heartbeat check: All OK.
[2015/11/04 11:37:21.609] (INFO) Checked file systems for errors: All filesystems OK.
[2015/11/04 11:37:21.609] (INFO) Your mother called. She says you never call her.
[2015/11/04 11:37:21.609] (INFO) User "ppe2932" logged out.
[2015/11/04 11:37:21.609] (INFO) Your mother called. She says you never call her.
[2015/11/04 11:37:21.609] (WARN) CPU temperature exceeds 40º Celsius.
[2015/11/04 11:37:21.609] (INFO) Device 0x39be is online.
[2015/11/04 11:37:21.609] (INFO) Alien monitor (aliend): Detected no space aliens.
[2015/11/04 11:37:21.609] (INFO) Alien monitor (aliend): Detected no space aliens.
[2015/11/04 11:37:21.609] (INFO) Checked file systems for errors: All filesystems OK.
[2015/11/04 11:37:21.609] (ERROR) Directory index of "/var/data" is forbidden.
[2015/11/04 11:37:21.609] (INFO) Waiting for master process (PID 42694) to die.
[2015/11/04 11:37:21.609] (INFO) User "edi9448" logged out due to inactivity (timeout=30 minutes).
[2015/11/04 11:37:21.609] (INFO) Waiting for worker process (PID 53139) to die.
[2015/11/04 11:37:21.609] (INFO) User "hcj9769" logged out due to inactivity (timeout=30 minutes).
[2015/11/04 11:37:21.609] (INFO) Flushed 26 buffers to disk.
[2015/11/04 11:37:21.609] (INFO) .evian ylbirret si emehcs otpyrc ym neht ,siht daer nac uoy fI
[2015/11/04 11:37:21.609] (INFO) Backed up all server logs.
[2015/11/04 11:37:21.609] (ERROR) One of the flayrods has gone out askew on treadle.
[2015/11/04 11:37:21.609] (INFO) Supervisor has entered SUSPENDED state.
[2015/11/04 11:37:21.609] (ERROR) Unable to mount /dev/sdd3. (Time to run fsck?)
[2015/11/04 11:37:21.609] (INFO) Pinging watchdog timer process: Process is alive.
[2015/11/04 11:37:21.609] (INFO) User "nfk1912" logged in from 10.118.118.221.
[2015/11/04 11:37:21.609] (INFO) Supervisor has entered WAITING state.
[2015/11/04 11:37:21.609] (WARN) Watchdog timer crashed. Restarting it.
[2015/11/04 11:37:21.609] (INFO) User "loe8215" logged in from 172.16.190.35.
[2015/11/04 11:37:21.609] (INFO) Flushed 84 buffers to disk.
[2015/11/04 11:37:21.609] (ERROR) Unable to write to "/var/data/ZbaWI58884.tsv": Permission denied (EACCES)
[2015/11/04 11:37:21.609] (INFO) User "csd1543" logged out.
[2015/11/04 11:37:21.609] (INFO) Checkpointing off-heap server memory...
[2015/11/04 11:37:21.609] (INFO) Checked file systems for errors: All filesystems OK.
[2015/11/04 11:37:21.609] (INFO) Checkpointing off-heap server memory...
[2015/11/04 11:37:21.609] (INFO) Your mother called. She says you never call her.
[2015/11/04 11:37:21.609] (ERROR) Directory index of "/var/data" is forbidden.
[2015/11/04 11:37:22.109] (INFO) .evian ylbirret si emehcs otpyrc ym neht ,siht daer nac uoy fI
[2015/11/04 11:37:22.109] (WARN) CPU temperature exceeds 40º Celsius.
[2015/11/04 11:37:22.109] (INFO) Rolling 9 log file(s)...
[2015/11/04 11:37:22.109] (INFO) Supervisor has entered RESTARTING state.
[2015/11/04 11:37:22.109] (INFO) Alien monitor (aliend): Detected no space aliens.
[2015/11/04 11:37:22.109] (INFO) Supervisor has entered RUNNING state.
[2015/11/04 11:37:22.109] (INFO) User "mna1749" logged out.
[2015/11/04 11:37:22.109] (INFO) Sending SIGTERM to 4 excess workers.
[2015/11/04 11:37:22.109] (INFO) Device 0x8bf7 is online.
[2015/11/04 11:37:22.109] (INFO) Flushed 75 buffers to disk.
[2015/11/04 11:37:22.109] (INFO) User "vxy8103" logged in from 192.168.249.189.
[2015/11/04 11:37:22.109] (INFO) Checked file systems for errors: All filesystems OK.
[2015/11/04 11:37:22.109] (INFO) Checkpointing off-heap server memory...
[2015/11/04 11:37:22.109] (WARN) Possible cyber-attack from Nebraska.
[2015/11/04 11:37:22.109] (INFO) User "kok2255" logged in from 192.168.233.66.
[2015/11/04 11:37:22.109] (INFO) Checked file systems for errors: All filesystems OK.
[2015/11/04 11:37:22.109] (WARN) Possible cyber-attack from a small unnamed island.
[2015/11/04 11:37:22.109] (INFO) Waiting for monitor process (PID 36885) to die.
[2015/11/04 11:37:22.109] (INFO) Device 0x5bff is online.
[2015/11/04 11:37:22.109] (INFO) User "yhb9426" logged in from 192.168.52.222.
[2015/11/04 11:37:22.109] (ERROR) Blocked FTP traffic originating from 172.16.57.9.
[2015/11/04 11:37:22.109] (INFO) Checked file systems for errors: All filesystems OK.
[2015/11/04 11:37:22.109] (ERROR) Server log backup FAILED. See backup logs.
[2015/11/04 11:37:22.109] (INFO) Flushed 79 buffers to disk.
[2015/11/04 11:37:22.109] (INFO) User "kuo9140" logged out.
[2015/11/04 11:37:22.109] (INFO) Your mother called. She says you never call her.
[2015/11/04 11:37:22.109] (ERROR) Blocked Little Bobby Tables attack (https://xkcd.com/327/) from 10.206.119.216.
[2015/11/04 11:37:22.109] (INFO) Your mother called. She says you never call her.
[2015/11/04 11:37:22.109] (WARN) Possible cyber-attack from Antarctica.
[2015/11/04 11:37:22.109] (INFO) Checkpointing off-heap server memory...
[2015/11/04 11:37:22.109] (INFO) User "kbh7314" logged in from 10.191.233.217.
[2015/11/04 11:37:22.109] (ERROR) Directory index of "/var/data" is forbidden.
[2015/11/04 11:37:22.109] (WARN) Retrying server log checkpoint.
[2015/11/04 11:37:22.109] (INFO) Flushed 24 buffers to disk.
[2015/11/04 11:37:22.109] (INFO) Checked file systems for errors: All filesystems OK.
[2015/11/04 11:37:22.109] (INFO) .evian ylbirret si emehcs otpyrc ym neht ,siht daer nac uoy fI
[2015/11/04 11:37:22.109] (INFO) Supervisor has entered RUNNING state.
[2015/11/04 11:37:22.109] (INFO) Sending SIGTERM to 3 excess workers.
[2015/11/04 11:37:22.109] (INFO) Checkpointing off-heap server memory...
[2015/11/04 11:37:22.109] (INFO) Flushed 80 buffers to disk.
[2015/11/04 11:37:22.109] (INFO) Supervisor has entered RUNNING state.
[2015/11/04 11:37:22.109] (INFO) Rolling 5 log file(s)...
[2015/11/04 11:37:22.109] (INFO) User "nmp2260" logged in from 10.211.83.62.
[2015/11/04 11:37:22.109] (WARN) Space on disk /dev/sdb1 is low: Only 772 MB available.
[2015/11/04 11:37:22.109] (INFO) Your mother called. She says you never call her.
[2015/11/04 11:37:22.109] (INFO) Pinging watchdog timer process: Process is alive.
[2015/11/04 11:37:22.109] (INFO) Your mother called. She says you never call her.
[2015/11/04 11:37:22.109] (INFO) Pinging watchdog timer process: Process is alive.
[2015/11/04 11:37:22.109] (INFO) Device 0xdced is online.
[2015/11/04 11:37:22.109] (INFO) Waiting for master process (PID 50867) to die.
[2015/11/04 11:37:22.109] (INFO) Checkpointing off-heap server memory...
[2015/11/04 11:37:22.109] (INFO) User "qbd2800" logged out.
[2015/11/04 11:37:22.109] (INFO) User "kmp7417" logged out.
[2015/11/04 11:37:22.109] (INFO) Device 0x5954 is online.
[2015/11/04 11:37:22.109] (INFO) Pinging watchdog timer process: Process is alive.
[2015/11/04 11:37:22.109] (INFO) User "mxo1226" logged in from 192.168.158.40.
[2015/11/04 11:37:22.109] (INFO) User "pdi1955" logged out.
[2015/11/04 11:37:22.110] (INFO) Checked file systems for errors: All filesystems OK.
[2015/11/04 11:37:22.110] (WARN) Possible cyber-attack from The Cayman Islands.
[2015/11/04 11:37:22.110] (INFO) Checkpointing off-heap server memory...
[2015/11/04 11:37:22.110] (INFO) Sending SIGTERM to 4 excess workers.
[2015/11/04 11:37:22.110] (INFO) Rolling 1 log file(s)...
[2015/11/04 11:37:22.110] (INFO) Checked file systems for errors: All filesystems OK.
[2015/11/04 11:37:22.110] (INFO) Sending SIGTERM to 3 excess workers.
[2015/11/04 11:37:22.110] (INFO) Supervisor has entered SUSPENDED state.
[2015/11/04 11:37:22.110] (INFO) Pinging watchdog timer process: Process is alive.
[2015/11/04 11:37:22.110] (WARN) Dropped 15,501 corrupt data packets.
[2015/11/04 11:37:22.110] (ERROR) Directory index of "/var/data" is forbidden.
[2015/11/04 11:37:22.110] (INFO) User "hlv9351" logged in from 172.16.12.12.
[2015/11/04 11:37:22.110] (INFO) User "wie8410" logged in from 172.16.136.23.
[2015/11/04 11:37:22.110] (INFO) .evian ylbirret si emehcs otpyrc ym neht ,siht daer nac uoy fI
[2015/11/04 11:37:22.110] (INFO) Supervisor has entered WAITING state.
[2015/11/04 11:37:22.110] (INFO) Your mother called. She says you never call her.
[2015/11/04 11:37:22.110] (WARN) CPU temperature exceeds 40º Celsius.
[2015/11/04 11:37:22.110] (ERROR) One of the flayrods has gone out askew on treadle.
[2015/11/04 11:37:22.110] (INFO) .evian ylbirret si emehcs otpyrc ym neht ,siht daer nac uoy fI
[2015/11/04 11:37:22.110] (INFO) Checked file systems for errors: All filesystems OK.
[2015/11/04 11:37:22.110] (WARN) Unable to ping master at 10.3.120.28. Retrying.
[2015/11/04 11:37:22.110] (INFO) Supervisor has entered RESTARTING state.
[2015/11/04 11:37:22.110] (INFO) Backed up all server logs.
[2015/11/04 11:37:22.110] (WARN) Dropped 14,479 corrupt data packets.
[2015/11/04 11:37:22.110] (ERROR) Unable to mount /dev/sde1. (Time to run fsck?)
[2015/11/04 11:37:22.110] (INFO) Sending SIGTERM to 3 excess workers.
[2015/11/04 11:37:22.110] (INFO) Your mother called. She says you never call her.
[2015/11/04 11:37:22.110] (ERROR) "/var/data/VWfgU92958.xml": No such file or directory (ENOENT)
[2015/11/04 11:37:22.110] (INFO) Checkpointing off-heap server memory...
[2015/11/04 11:37:22.110] (ERROR) Alien monitor (aliend): 4 space aliens are fiddling with the hardware!
[2015/11/04 11:37:22.110] (INFO) Device 0x5bdc is online.
[2015/11/04 11:37:22.110] (INFO) Waiting for supervisor process (PID 5456) to die.
[2015/11/04 11:37:22.110] (ERROR) Worker 9 died with SIGILL. Restarting it.
[2015/11/04 11:37:22.110] (INFO) Pinging watchdog timer process: Process is alive.
[2015/11/04 11:37:22.110] (ERROR) Blocked FTP traffic originating from 192.168.239.247.
[2015/11/04 11:37:22.110] (INFO) Checkpointing off-heap server memory...
[2015/11/04 11:37:22.110] (ERROR) Unable to mount /dev/sdd1. (Time to run fsck?)
[2015/11/04 11:37:22.110] (INFO) Checked file systems for errors: All filesystems OK.
[2015/11/04 11:37:22.110] (INFO) Network heartbeat check: All OK.
[2015/11/04 11:37:22.110] (INFO) Pinging watchdog timer process: Process is alive.
[2015/11/04 11:37:22.110] (INFO) Rolling 1 log file(s)...
[2015/11/04 11:37:22.110] (INFO) Network heartbeat check: All OK.
[2015/11/04 11:37:22.110] (INFO) Device 0x3c13 is online.
[2015/11/04 11:37:22.609] (INFO) Network heartbeat check: All OK.
[2015/11/04 11:37:22.609] (INFO) Network heartbeat check: All OK.
[2015/11/04 11:37:22.609] (INFO) Flushed 81 buffers to disk.
[2015/11/04 11:37:22.609] (INFO) Device 0xa460 is online.
[2015/11/04 11:37:22.609] (ERROR) Failed to write checkpoint file "/var/checkpoint/djrxc85745: No space left on device (ENOSPC)
[2015/11/04 11:37:22.609] (INFO) Device 0x1dd8 is online.
[2015/11/04 11:37:22.609] (WARN) Network heartbeat check: 19 server(s) did not respond.
[2015/11/04 11:37:22.609] (INFO) Pinging watchdog timer process: Process is alive.
[2015/11/04 11:37:22.609] (INFO) Alien monitor (aliend): Detected no space aliens.
[2015/11/04 11:37:22.609] (INFO) Waiting for master process (PID 41941) to die.
[2015/11/04 11:37:22.609] (INFO) Rolling 6 log file(s)...
[2015/11/04 11:37:22.609] (INFO) Sending SIGTERM to 2 excess workers.
[2015/11/04 11:37:22.609] (INFO) Rolling 5 log file(s)...
[2015/11/04 11:37:22.609] (INFO) Alien monitor (aliend): Detected no space aliens.
[2015/11/04 11:37:22.609] (INFO) Backed up all server logs.
[2015/11/04 11:37:22.609] (ERROR) Network heartbeat check FAILED: Master host down?
[2015/11/04 11:37:22.609] (INFO) Your mother called. She says you never call her.
[2015/11/04 11:37:22.609] (ERROR) Failed to write checkpoint file "/var/checkpoint/lrXOJ64670: No space left on device (ENOSPC)
[2015/11/04 11:37:22.610] (WARN) Backup server 172.16.208.0 is offline.
[2015/11/04 11:37:22.610] (WARN) Dropped 5,391 corrupt data packets.
[2015/11/04 11:37:22.610] (INFO) Flushed 33 buffers to disk.
[2015/11/04 11:37:22.610] (INFO) Backed up all server logs.
[2015/11/04 11:37:22.610] (INFO) Device 0x8fe9 is online.
[2015/11/04 11:37:22.610] (INFO) Alien monitor (aliend): Detected no space aliens.
[2015/11/04 11:37:22.610] (INFO) Your mother called. She says you never call her.
[2015/11/04 11:37:22.610] (INFO) Network heartbeat check: All OK.
[2015/11/04 11:37:22.610] (INFO) Rolling 9 log file(s)...
[2015/11/04 11:37:22.610] (INFO) Pinging watchdog timer process: Process is alive.
[2015/11/04 11:37:22.610] (INFO) Sending SIGTERM to 3 excess workers.
[2015/11/04 11:37:22.610] (INFO) User "tsz4224" logged out due to inactivity (timeout=30 minutes).
[2015/11/04 11:37:22.610] (INFO) User "fiu9918" logged out due to inactivity (timeout=30 minutes).
[2015/11/04 11:37:22.610] (INFO) Network heartbeat check: All OK.
[2015/11/04 11:37:22.610] (WARN) Dropped 19,506 corrupt data packets.
[2015/11/04 11:37:22.610] (INFO) User "dlf7402" logged out due to inactivity (timeout=30 minutes).
[2015/11/04 11:37:22.610] (INFO) Rolling 4 log file(s)...
[2015/11/04 11:37:22.610] (INFO) Device 0xb97d is online.
[2015/11/04 11:37:22.610] (ERROR) /dev/lp error: "PC LOAD LETTER"
[2015/11/04 11:37:22.610] (INFO) User "jxn7610" logged in from 10.125.4.131.
[2015/11/04 11:37:22.610] (INFO) Supervisor has entered RUNNING state.
[2015/11/04 11:37:22.610] (INFO) Alien monitor (aliend): Detected no space aliens.
[2015/11/04 11:37:22.610] (ERROR) Blocked Little Bobby Tables attack (https://xkcd.com/327/) from 192.168.198.90.
[2015/11/04 11:37:22.610] (ERROR) EFOODFAIL (Waiter, there's a fly in my soup).
[2015/11/04 11:37:22.610] (INFO) User "rpa3207" logged out.
[2015/11/04 11:37:22.610] (INFO) Alien monitor (aliend): Detected no space aliens.
[2015/11/04 11:37:22.610] (INFO) Rolling 4 log file(s)...
[2015/11/04 11:37:22.610] (INFO) Pinging watchdog timer process: Process is alive.
[2015/11/04 11:37:22.610] (INFO) User "xll2701" logged out due to inactivity (timeout=30 minutes).
[2015/11/04 11:37:22.610] (INFO) User "dta2660" logged out.
[2015/11/04 11:37:22.610] (WARN) Space on disk /dev/sdc3 is low: Only 773 MB available.
[2015/11/04 11:37:22.610] (INFO) Waiting for worker process (PID 21756) to die.
[2015/11/04 11:37:22.610] (INFO) Rolling 8 log file(s)...
[2015/11/04 11:37:22.610] (ERROR) Connection to 10.203.3.130 terminated unexpectedly. Reconnecting.
[2015/11/04 11:37:22.610] (INFO) User "tdy1488" logged in from 172.16.2.243.
[2015/11/04 11:37:22.610] (INFO) Alien monitor (aliend): Detected no space aliens.
[2015/11/04 11:37:22.610] (INFO) Checkpointing off-heap server memory...
[2015/11/04 11:37:22.610] (INFO) User "ecz3031" logged out.
[2015/11/04 11:37:22.610] (INFO) Alien monitor (aliend): Detected no space aliens.
[2015/11/04 11:37:22.610] (INFO) User "pkk3592" logged in from 10.202.198.212.
[2015/11/04 11:37:22.610] (INFO) Alien monitor (aliend): Detected no space aliens.
[2015/11/04 11:37:22.610] (INFO) User "ebl2535" logged out.
[2015/11/04 11:37:22.610] (INFO) Pinging watchdog timer process: Process is alive.
[2015/11/04 11:37:22.610] (INFO) Alien monitor (aliend): Detected no space aliens.
[2015/11/04 11:37:22.610] (INFO) Supervisor has entered RUNNING state.
[2015/11/04 11:37:22.610] (INFO) Backed up all server logs.
[2015/11/04 11:37:22.610] (INFO) Checked file systems for errors: All filesystems OK.
[2015/11/04 11:37:22.610] (INFO) Alien monitor (aliend): Detected no space aliens.
[2015/11/04 11:37:22.610] (INFO) Pinging watchdog timer process: Process is alive.
[2015/11/04 11:37:22.610] (INFO) Checkpointing off-heap server memory...
[2015/11/04 11:37:22.610] (ERROR) "/var/data/uQGNc63532.zip": No such file or directory (ENOENT)
[2015/11/04 11:37:22.610] (ERROR) One of the flayrods has gone out askew on treadle.
[2015/11/04 11:37:22.610] (INFO) User "ihm8960" logged in from 10.38.132.29.
[2015/11/04 11:37:22.610] (INFO) Network heartbeat check: All OK.
[2015/11/04 11:37:22.610] (INFO) Supervisor has entered WAITING state.
[2015/11/04 11:37:22.610] (WARN) Backup server 10.225.77.81 is offline.
[2015/11/04 11:37:22.610] (INFO) Supervisor has entered RESTARTING state.
[2015/11/04 11:37:22.610] (ERROR) Unable to write to "/var/data/JiFYR92649.xslx": Permission denied (EACCES)
[2015/11/04 11:37:22.610] (INFO) Alien monitor (aliend): Detected no space aliens.
[2015/11/04 11:37:22.610] (ERROR) Worker 5 died with SIGSEGV. Restarting it.
[2015/11/04 11:37:22.610] (INFO) Waiting for worker process (PID 55440) to die.
[2015/11/04 11:37:22.610] (INFO) User "iry6894" logged in from 192.168.3.131.
[2015/11/04 11:37:22.610] (INFO) Device 0xde49 is online.
[2015/11/04 11:37:22.610] (INFO) User "sbs9103" logged out.
[2015/11/04 11:37:22.610] (INFO) User "cmb3751" logged out.
[2015/11/04 11:37:22.610] (INFO) Alien monitor (aliend): Detected no space aliens.
[2015/11/04 11:37:22.610] (INFO) User "fmr5743" logged out.
[2015/11/04 11:37:22.610] (INFO) Your mother called. She says you never call her.
[2015/11/04 11:37:22.610] (ERROR) Detected clock skew! Restarting NTP server.
[2015/11/04 11:37:22.610] (ERROR) Failed to write checkpoint file "/var/checkpoint/ViLAL70137: No space left on device (ENOSPC)
[2015/11/04 11:37:22.610] (INFO) User "fqo4930" logged out due to inactivity (timeout=30 minutes).
[2015/11/04 11:37:22.610] (INFO) Rolling 7 log file(s)...
[2015/11/04 11:37:22.610] (INFO) Pinging watchdog timer process: Process is alive.
[2015/11/04 11:37:22.610] (INFO) Backed up all server logs.
[2015/11/04 11:37:22.610] (INFO) .evian ylbirret si emehcs otpyrc ym neht ,siht daer nac uoy fI
[2015/11/04 11:37:22.610] (ERROR) Server log backup FAILED. See backup logs.
[2015/11/04 11:37:22.610] (ERROR) "/var/data/GmSWZ73465.zip": Permission denied (EACCES)
[2015/11/04 11:37:22.610] (INFO) Backed up all server logs.
[2015/11/04 11:37:22.610] (ERROR) Worker 8 died with SIGABRT. Restarting it.
[2015/11/04 11:37:22.610] (ERROR) CPU temperature exceeds 50º Celsius. Shutting down.
[2015/11/04 11:37:22.610] (INFO) Device 0xb107 is online.
[2015/11/04 11:37:22.610] (INFO) Network heartbeat check: All OK.
[2015/11/04 11:37:23.109] (INFO) Pinging watchdog timer process: Process is alive.
[2015/11/04 11:37:23.109] (INFO) Pinging watchdog timer process: Process is alive.
[2015/11/04 11:37:23.109] (ERROR) Detected incoming DDoS from 172.16.31.179.
[2015/11/04 11:37:23.109] (ERROR) Server log backup FAILED. See backup logs.
[2015/11/04 11:37:23.109] (INFO) User "kbg7566" logged out.
[2015/11/04 11:37:23.109] (INFO) Waiting for worker process (PID 55555) to die.
[2015/11/04 11:37:23.109] (INFO) User "mrz4207" logged out due to inactivity (timeout=30 minutes).
[2015/11/04 11:37:23.109] (INFO) Backed up all server logs.
[2015/11/04 11:37:23.109] (INFO) Waiting for monitor process (PID 60941) to die.
[2015/11/04 11:37:23.109] (INFO) User "chd5116" logged out due to inactivity (timeout=30 minutes).
[2015/11/04 11:37:23.109] (INFO) User "hog7214" logged out due to inactivity (timeout=30 minutes).
[2015/11/04 11:37:23.109] (INFO) Checkpointing off-heap server memory...
[2015/11/04 11:37:23.109] (INFO) .evian ylbirret si emehcs otpyrc ym neht ,siht daer nac uoy fI
[2015/11/04 11:37:23.109] (INFO) Checked file systems for errors: All filesystems OK.
[2015/11/04 11:37:23.109] (INFO) Sending SIGTERM to 4 excess workers.
[2015/11/04 11:37:23.109] (INFO) User "qpt7774" logged in from 172.16.51.20.
[2015/11/04 11:37:23.109] (INFO) Your mother called. She says you never call her.
[2015/11/04 11:37:23.109] (WARN) Possible cyber-attack from China.
[2015/11/04 11:37:23.109] (ERROR) Connection to 10.104.97.27 terminated unexpectedly. Reconnecting.
[2015/11/04 11:37:23.109] (INFO) User "svr9981" logged out.
[2015/11/04 11:37:23.109] (INFO) Device 0xb46f is online.
[2015/11/04 11:37:23.109] (WARN) Space on disk /dev/sdb3 is low: Only 149 MB available.
[2015/11/04 11:37:23.109] (INFO) Checked file systems for errors: All filesystems OK.
[2015/11/04 11:37:23.109] (INFO) Checkpointing off-heap server memory...
[2015/11/04 11:37:23.109] (INFO) User "ucf9383" logged in from 10.147.207.69.
[2015/11/04 11:37:23.109] (INFO) Pinging watchdog timer process: Process is alive.
[2015/11/04 11:37:23.109] (INFO) Pinging watchdog timer process: Process is alive.
[2015/11/04 11:37:23.109] (INFO) .evian ylbirret si emehcs otpyrc ym neht ,siht daer nac uoy fI
[2015/11/04 11:37:23.109] (INFO) Network heartbeat check: All OK.
[2015/11/04 11:37:23.109] (INFO) Pinging watchdog timer process: Process is alive.
[2015/11/04 11:37:23.109] (INFO) Checked file systems for errors: All filesystems OK.
[2015/11/04 11:37:23.109] (ERROR) Blocked Little Bobby Tables attack (https://xkcd.com/327/) from 10.54.70.29.
[2015/11/04 11:37:23.109] (INFO) Your mother called. She says you never call her.
[2015/11/04 11:37:23.109] (INFO) Network heartbeat check: All OK.
[2015/11/04 11:37:23.109] (WARN) Master took 535 ms to respond (threshold=500 ms)
[2015/11/04 11:37:23.109] (INFO) Your mother called. She says you never call her.
[2015/11/04 11:37:23.109] (INFO) Device 0x86a8 is online.
[2015/11/04 11:37:23.109] (INFO) Network heartbeat check: All OK.
[2015/11/04 11:37:23.109] (INFO) .evian ylbirret si emehcs otpyrc ym neht ,siht daer nac uoy fI
[2015/11/04 11:37:23.109] (INFO) User "nmk1853" logged out.
[2015/11/04 11:37:23.109] (INFO) User "fzv6066" logged in from 172.16.133.19.
[2015/11/04 11:37:23.109] (INFO) Pinging watchdog timer process: Process is alive.
[2015/11/04 11:37:23.109] (INFO) Your mother called. She says you never call her.
[2015/11/04 11:37:23.109] (INFO) Supervisor has entered SUSPENDED state.
[2015/11/04 11:37:23.109] (INFO) Network heartbeat check: All OK.
[2015/11/04 11:37:23.109] (INFO) Waiting for worker process (PID 46077) to die.
[2015/11/04 11:37:23.109] (ERROR) "/var/data/whLiW79395.tar.gz": Permission denied (EACCES)
[2015/11/04 11:37:23.109] (INFO) Device 0x2749 is online.
[2015/11/04 11:37:23.109] (INFO) Device 0x4450 is online.
[2015/11/04 11:37:23.109] (INFO) Your mother called. She says you never call her.
[2015/11/04 11:37:23.109] (ERROR) /dev/lp error: "PC LOAD LETTER"
[2015/11/04 11:37:23.109] (INFO) User "bgk5751" logged out.
[2015/11/04 11:37:23.109] (INFO) Rolling 2 log file(s)...
[2015/11/04 11:37:23.109] (WARN) CPU temperature exceeds 40º Celsius.
[2015/11/04 11:37:23.109] (INFO) Network heartbeat check: All OK.
[2015/11/04 11:37:23.109] (INFO) Checked file systems for errors: All filesystems OK.
[2015/11/04 11:37:23.109] (INFO) User "max9198" logged out.
[2015/11/04 11:37:23.109] (INFO) Pinging watchdog timer process: Process is alive.
[2015/11/04 11:37:23.109] (INFO) User "wzl1590" logged out due to inactivity (timeout=30 minutes).
[2015/11/04 11:37:23.109] (INFO) .evian ylbirret si emehcs otpyrc ym neht ,siht daer nac uoy fI
[2015/11/04 11:37:23.109] (INFO) Checked file systems for errors: All filesystems OK.
[2015/11/04 11:37:23.109] (INFO) User "yep5080" logged out due to inactivity (timeout=30 minutes).
[2015/11/04 11:37:23.109] (INFO) Supervisor has entered WAITING state.
[2015/11/04 11:37:23.109] (INFO) User "fup6912" logged in from 172.16.176.119.
[2015/11/04 11:37:23.109] (ERROR) /dev/lp error: "PC LOAD LETTER"
[2015/11/04 11:37:23.109] (INFO) Sending SIGTERM to 2 excess workers.
[2015/11/04 11:37:23.109] (ERROR) Directory index of "/var/data" is forbidden.
[2015/11/04 11:37:23.109] (INFO) Waiting for supervisor process (PID 24474) to die.
[2015/11/04 11:37:23.109] (INFO) Flushed 48 buffers to disk.
[2015/11/04 11:37:23.109] (ERROR) CPU temperature exceeds 50º Celsius. Shutting down.
[2015/11/04 11:37:23.109] (ERROR) Unable to authenticate user "odz9328": LDAP server isn't responding.
[2015/11/04 11:37:23.109] (INFO) Backed up all server logs.
[2015/11/04 11:37:23.109] (INFO) Your mother called. She says you never call her.
[2015/11/04 11:37:23.109] (INFO) Rolling 8 log file(s)...
[2015/11/04 11:37:23.109] (INFO) .evian ylbirret si emehcs otpyrc ym neht ,siht daer nac uoy fI
[2015/11/04 11:37:23.109] (INFO) Rolling 9 log file(s)...
[2015/11/04 11:37:23.109] (INFO) User "hyt4592" logged in from 192.168.206.32.
[2015/11/04 11:37:23.109] (INFO) Rolling 6 log file(s)...
[2015/11/04 11:37:23.109] (ERROR) Alien monitor (aliend): 4 space aliens are fiddling with the hardware!
[2015/11/04 11:37:23.109] (INFO) .evian ylbirret si emehcs otpyrc ym neht ,siht daer nac uoy fI
[2015/11/04 11:37:23.109] (INFO) Sending SIGTERM to 3 excess workers.
[2015/11/04 11:37:23.109] (WARN) Backup server 10.153.73.178 is offline.
[2015/11/04 11:37:23.109] (INFO) Waiting for supervisor process (PID 61208) to die.
[2015/11/04 11:37:23.109] (ERROR) Unable to authenticate user "jcf5643": LDAP server isn't responding.
[2015/11/04 11:37:23.109] (INFO) User "wlu7329" logged out.
[2015/11/04 11:37:23.109] (INFO) User "orr9326" logged out.
[2015/11/04 11:37:23.109] (ERROR) Failed to open "/mnt/fileserver01/ObeqG89566.csv": NFS timeout.
[2015/11/04 11:37:23.109] (INFO) Rolling 8 log file(s)...
[2015/11/04 11:37:23.109] (INFO) User "nhz8548" logged out.
[2015/11/04 11:37:23.109] (INFO) User "qcj3642" logged out.
[2015/11/04 11:37:23.109] (INFO) Rolling 3 log file(s)...
[2015/11/04 11:37:23.109] (INFO) User "aee4611" logged out due to inactivity (timeout=30 minutes).
[2015/11/04 11:37:23.109] (ERROR) Detected clock skew! Restarting NTP server.
[2015/11/04 11:37:23.109] (INFO) Backed up all server logs.
[2015/11/04 11:37:23.109] (INFO) Checked file systems for errors: All filesystems OK.
[2015/11/04 11:37:23.109] (INFO) Sending SIGTERM to 4 excess workers.
[2015/11/04 11:37:23.109] (INFO) Device 0xa35f is online.
[2015/11/04 11:37:23.109] (INFO) .evian ylbirret si emehcs otpyrc ym neht ,siht daer nac uoy fI
[2015/11/04 11:37:23.109] (WARN) CPU temperature exceeds 40º Celsius.
[2015/11/04 11:37:23.109] (INFO) Supervisor has entered WAITING state.
[2015/11/04 11:37:23.609] (INFO) User "ysq4207" logged in from 192.168.35.175.
[2015/11/04 11:37:23.609] (WARN) Retrying server log checkpoint.
[2015/11/04 11:37:23.609] (INFO) Sending SIGTERM to 2 excess workers.
[2015/11/04 11:37:23.609] (INFO) Flushed 30 buffers to disk.
[2015/11/04 11:37:23.609] (INFO) User "txj3151" logged in from 172.16.50.214.
[2015/11/04 11:37:23.609] (INFO) Network heartbeat check: All OK.
[2015/11/04 11:37:23.609] (ERROR) Directory index of "/var/data" is forbidden.
[2015/11/04 11:37:23.609] (INFO) User "udc6446" logged out due to inactivity (timeout=30 minutes).
[2015/11/04 11:37:23.609] (INFO) Rolling 4 log file(s)...
[2015/11/04 11:37:23.610] (INFO) Supervisor has entered RESTARTING state.
[2015/11/04 11:37:23.610] (INFO) Device 0xad44 is online.
[2015/11/04 11:37:23.610] (INFO) Alien monitor (aliend): Detected no space aliens.
[2015/11/04 11:37:23.610] (WARN) Possible cyber-attack from Russia.
[2015/11/04 11:37:23.610] (INFO) Your mother called. She says you never call her.
[2015/11/04 11:37:23.610] (ERROR) Connection to 10.63.67.149 terminated unexpectedly. Reconnecting.
[2015/11/04 11:37:23.610] (INFO) Rolling 4 log file(s)...
[2015/11/04 11:37:23.610] (INFO) Backed up all server logs.
[2015/11/04 11:37:23.610] (INFO) Rolling 2 log file(s)...
[2015/11/04 11:37:23.610] (INFO) Rolling 3 log file(s)...
[2015/11/04 11:37:23.610] (INFO) User "ntb2645" logged out due to inactivity (timeout=30 minutes).
[2015/11/04 11:37:23.610] (INFO) User "xev6196" logged out.
[2015/11/04 11:37:23.610] (INFO) User "xvb4280" logged out.
[2015/11/04 11:37:23.610] (INFO) Your mother called. She says you never call her.
[2015/11/04 11:37:23.610] (INFO) User "kwz4682" logged in from 192.168.206.20.
[2015/11/04 11:37:23.610] (INFO) Rolling 9 log file(s)...
[2015/11/04 11:37:23.610] (WARN) Dropped 7,439 corrupt data packets.
[2015/11/04 11:37:23.610] (INFO) User "qjc8047" logged out due to inactivity (timeout=30 minutes).
[2015/11/04 11:37:23.610] (INFO) Flushed 53 buffers to disk.
[2015/11/04 11:37:23.610] (INFO) Your mother called. She says you never call her.
[2015/11/04 11:37:23.610] (WARN) Watchdog timer crashed. Restarting it.
[2015/11/04 11:37:23.610] (INFO) Sending SIGTERM to 4 excess workers.
[2015/11/04 11:37:23.610] (INFO) Device 0xc237 is online.
[2015/11/04 11:37:23.610] (INFO) Device 0x7721 is online.
[2015/11/04 11:37:23.610] (INFO) Backed up all server logs.
[2015/11/04 11:37:23.610] (INFO) Supervisor has entered SUSPENDED state.
[2015/11/04 11:37:23.610] (INFO) Checked file systems for errors: All filesystems OK.
[2015/11/04 11:37:23.610] (INFO) Pinging watchdog timer process: Process is alive.
[2015/11/04 11:37:23.610] (WARN) Possible cyber-attack from Canada.
[2015/11/04 11:37:23.610] (INFO) Pinging watchdog timer process: Process is alive.
[2015/11/04 11:37:23.610] (INFO) Backed up all server logs.
[2015/11/04 11:37:23.610] (INFO) User "yqb1904" logged out due to inactivity (timeout=30 minutes).
[2015/11/04 11:37:23.610] (WARN) Ignoring SIGTERM. It's not that easy to get rid of me.
[2015/11/04 11:37:23.610] (INFO) Checked file systems for errors: All filesystems OK.
[2015/11/04 11:37:23.610] (INFO) Alien monitor (aliend): Detected no space aliens.
[2015/11/04 11:37:23.610] (INFO) Pinging watchdog timer process: Process is alive.
[2015/11/04 11:37:23.610] (INFO) Sending SIGTERM to 4 excess workers.
[2015/11/04 11:37:23.610] (INFO) Alien monitor (aliend): Detected no space aliens.
[2015/11/04 11:37:23.610] (INFO) Sending SIGTERM to 4 excess workers.
[2015/11/04 11:37:23.610] (INFO) Flushed 35 buffers to disk.
[2015/11/04 11:37:23.610] (INFO) User "dcr3828" logged out.
[2015/11/04 11:37:23.610] (INFO) Device 0x6ec2 is online.
[2015/11/04 11:37:23.610] (ERROR) Failed to write checkpoint file "/var/checkpoint/PqWXD91887: No space left on device (ENOSPC)
[2015/11/04 11:37:23.610] (ERROR) Worker 5 died with SIGIOT. Restarting it.
[2015/11/04 11:37:23.610] (INFO) Checkpointing off-heap server memory...
[2015/11/04 11:37:23.610] (INFO) Backed up all server logs.
[2015/11/04 11:37:23.610] (ERROR) Failed to write checkpoint file "/var/checkpoint/HDNzC75446: No space left on device (ENOSPC)
[2015/11/04 11:37:23.610] (INFO) Waiting for monitor process (PID 11055) to die.
[2015/11/04 11:37:23.610] (INFO) Checked file systems for errors: All filesystems OK.
[2015/11/04 11:37:23.610] (INFO) Sending SIGTERM to 4 excess workers.
[2015/11/04 11:37:23.610] (INFO) Flushed 92 buffers to disk.
[2015/11/04 11:37:23.610] (INFO) Checked file systems for errors: All filesystems OK.
[2015/11/04 11:37:23.610] (INFO) Alien monitor (aliend): Detected no space aliens.
[2015/11/04 11:37:23.610] (INFO) Checkpointing off-heap server memory...
[2015/11/04 11:37:23.610] (INFO) Checkpointing off-heap server memory...
[2015/11/04 11:37:23.610] (INFO) Supervisor has entered SUSPENDED state.
[2015/11/04 11:37:23.610] (INFO) Sending SIGTERM to 3 excess workers.
[2015/11/04 11:37:23.610] (INFO) Sending SIGTERM to 4 excess workers.
[2015/11/04 11:37:23.610] (INFO) Waiting for master process (PID 12290) to die.
[2015/11/04 11:37:23.610] (INFO) Checkpointing off-heap server memory...
[2015/11/04 11:37:23.610] (INFO) Checked file systems for errors: All filesystems OK.
[2015/11/04 11:37:23.610] (INFO) User "mjs4246" logged out.
[2015/11/04 11:37:23.610] (INFO) Your mother called. She says you never call her.
[2015/11/04 11:37:23.610] (INFO) Waiting for worker process (PID 20568) to die.
[2015/11/04 11:37:23.610] (ERROR) Blocked SSH traffic originating from 172.16.31.63.
[2015/11/04 11:37:23.610] (ERROR) Server log backup FAILED. See backup logs.
[2015/11/04 11:37:23.610] (WARN) Space on disk /dev/sdd3 is low: Only 546 MB available.
[2015/11/04 11:37:23.610] (ERROR) "/var/data/zExaH76910.parquet": Permission denied (EACCES)
[2015/11/04 11:37:23.610] (INFO) User "bhx7059" logged out.
[2015/11/04 11:37:23.610] (INFO) User "xup8699" logged in from 192.168.83.189.
[2015/11/04 11:37:23.610] (INFO) User "ash1059" logged out due to inactivity (timeout=30 minutes).
[2015/11/04 11:37:23.610] (INFO) Alien monitor (aliend): Detected no space aliens.
[2015/11/04 11:37:23.610] (INFO) Sending SIGTERM to 2 excess workers.
[2015/11/04 11:37:23.610] (INFO) Checkpointing off-heap server memory...
[2015/11/04 11:37:23.610] (ERROR) Failed to open "/mnt/fileserver01/MVuwI77533.tsv": NFS timeout.
[2015/11/04 11:37:23.610] (INFO) User "fmj8259" logged out.
[2015/11/04 11:37:23.610] (INFO) Pinging watchdog timer process: Process is alive.
[2015/11/04 11:37:23.610] (INFO) Alien monitor (aliend): Detected no space aliens.
[2015/11/04 11:37:23.610] (INFO) Waiting for supervisor process (PID 13158) to die.
[2015/11/04 11:37:23.610] (WARN) Backup server 172.16.42.140 is offline.
[2015/11/04 11:37:23.610] (WARN) Unable to ping monitor at 192.168.84.216. Retrying.
[2015/11/04 11:37:23.610] (WARN) Network heartbeat check: 17 server(s) did not respond.
[2015/11/04 11:37:23.610] (INFO) User "xif7705" logged in from 172.16.234.225.
[2015/11/04 11:37:23.610] (INFO) Device 0x7913 is online.
[2015/11/04 11:37:23.610] (ERROR) Device 0x51be is offline
[2015/11/04 11:37:23.610] (ERROR) Network heartbeat check FAILED: Master host down?
[2015/11/04 11:37:23.610] (INFO) Network heartbeat check: All OK.
[2015/11/04 11:37:23.610] (INFO) Waiting for monitor process (PID 17500) to die.
[2015/11/04 11:37:23.610] (INFO) User "ywy6679" logged out due to inactivity (timeout=30 minutes).
[2015/11/04 11:37:23.610] (ERROR) EFOODFAIL (Waiter, there's a fly in my soup).
[2015/11/04 11:37:23.610] (INFO) Sending SIGTERM to 2 excess workers.
[2015/11/04 11:37:24.109] (INFO) .evian ylbirret si emehcs otpyrc ym neht ,siht daer nac uoy fI
[2015/11/04 11:37:24.109] (INFO) .evian ylbirret si emehcs otpyrc ym neht ,siht daer nac uoy fI
[2015/11/04 11:37:24.109] (WARN) Network heartbeat check: 7 server(s) did not respond.
[2015/11/04 11:37:24.109] (INFO) Pinging watchdog timer process: Process is alive.
[2015/11/04 11:37:24.109] (ERROR) Unable to write to "/var/data/uDKYa95692.tsv": Permission denied (EACCES)
[2015/11/04 11:37:24.109] (WARN) CPU temperature exceeds 40º Celsius.
[2015/11/04 11:37:24.109] (INFO) Device 0x353a is online.
[2015/11/04 11:37:24.109] (INFO) Network heartbeat check: All OK.
[2015/11/04 11:37:24.109] (INFO) Pinging watchdog timer process: Process is alive.
[2015/11/04 11:37:24.109] (INFO) Your mother called. She says you never call her.
[2015/11/04 11:37:24.109] (INFO) Waiting for supervisor process (PID 37864) to die.
[2015/11/04 11:37:24.109] (INFO) Device 0xb19c is online.
[2015/11/04 11:37:24.109] (INFO) Flushed 23 buffers to disk.
[2015/11/04 11:37:24.109] (INFO) Network heartbeat check: All OK.
[2015/11/04 11:37:24.109] (INFO) Checkpointing off-heap server memory...
[2015/11/04 11:37:24.109] (INFO) .evian ylbirret si emehcs otpyrc ym neht ,siht daer nac uoy fI
[2015/11/04 11:37:24.109] (INFO) Rolling 8 log file(s)...
[2015/11/04 11:37:24.109] (WARN) Master took 831 ms to respond (threshold=500 ms)
[2015/11/04 11:37:24.109] (INFO) Rolling 9 log file(s)...
[2015/11/04 11:37:24.109] (INFO) User "wtm5894" logged out.
[2015/11/04 11:37:24.109] (INFO) Checkpointing off-heap server memory...
[2015/11/04 11:37:24.109] (INFO) .evian ylbirret si emehcs otpyrc ym neht ,siht daer nac uoy fI
[2015/11/04 11:37:24.109] (INFO) Your mother called. She says you never call her.
[2015/11/04 11:37:24.109] (INFO) .evian ylbirret si emehcs otpyrc ym neht ,siht daer nac uoy fI
[2015/11/04 11:37:24.109] (INFO) Device 0x9e45 is online.
[2015/11/04 11:37:24.109] (INFO) Network heartbeat check: All OK.
[2015/11/04 11:37:24.109] (INFO) .evian ylbirret si emehcs otpyrc ym neht ,siht daer nac uoy fI
[2015/11/04 11:37:24.109] (INFO) Waiting for master process (PID 31419) to die.
[2015/11/04 11:37:24.109] (INFO) Backed up all server logs.
[2015/11/04 11:37:24.109] (INFO) Checkpointing off-heap server memory...
[2015/11/04 11:37:24.109] (INFO) Network heartbeat check: All OK.
[2015/11/04 11:37:24.109] (ERROR) Detected incoming DDoS from 192.168.125.237.
[2015/11/04 11:37:24.109] (ERROR) Detected incoming DDoS from 192.168.142.37.
[2015/11/04 11:37:24.109] (INFO) Checked file systems for errors: All filesystems OK.
[2015/11/04 11:37:24.109] (INFO) Device 0xb785 is online.
[2015/11/04 11:37:24.109] (INFO) Network heartbeat check: All OK.
[2015/11/04 11:37:24.109] (INFO) Sending SIGTERM to 2 excess workers.
[2015/11/04 11:37:24.109] (INFO) User "gms3774" logged in from 192.168.85.88.
[2015/11/04 11:37:24.109] (WARN) Unable to ping worker at 172.16.24.129. Retrying.
[2015/11/04 11:37:24.109] (INFO) Waiting for worker process (PID 49776) to die.
[2015/11/04 11:37:24.109] (INFO) Waiting for monitor process (PID 7771) to die.
[2015/11/04 11:37:24.109] (INFO) Sending SIGTERM to 4 excess workers.
[2015/11/04 11:37:24.109] (INFO) User "uwz3397" logged in from 10.94.104.0.
[2015/11/04 11:37:24.109] (INFO) Supervisor has entered SUSPENDED state.
[2015/11/04 11:37:24.109] (INFO) User "bdv8193" logged out due to inactivity (timeout=30 minutes).
[2015/11/04 11:37:24.109] (INFO) Network heartbeat check: All OK.
[2015/11/04 11:37:24.109] (INFO) .evian ylbirret si emehcs otpyrc ym neht ,siht daer nac uoy fI
[2015/11/04 11:37:24.109] (INFO) .evian ylbirret si emehcs otpyrc ym neht ,siht daer nac uoy fI
[2015/11/04 11:37:24.109] (ERROR) Server log backup FAILED. See backup logs.
[2015/11/04 11:37:24.109] (INFO) User "jnj4162" logged in from 10.88.41.5.
[2015/11/04 11:37:24.109] (ERROR) Blocked Little Bobby Tables attack (https://xkcd.com/327/) from 172.16.94.110.
[2015/11/04 11:37:24.109] (INFO) Checked file systems for errors: All filesystems OK.
[2015/11/04 11:37:24.109] (INFO) Backed up all server logs.
[2015/11/04 11:37:24.109] (INFO) User "wwb9105" logged in from 172.16.120.27.
[2015/11/04 11:37:24.109] (INFO) Waiting for supervisor process (PID 25377) to die.
[2015/11/04 11:37:24.109] (ERROR) Connection to 10.30.51.144 terminated unexpectedly. Reconnecting.
[2015/11/04 11:37:24.109] (INFO) .evian ylbirret si emehcs otpyrc ym neht ,siht daer nac uoy fI
[2015/11/04 11:37:24.109] (INFO) Checkpointing off-heap server memory...
[2015/11/04 11:37:24.109] (INFO) User "cxq5976" logged out due to inactivity (timeout=30 minutes).
[2015/11/04 11:37:24.109] (WARN) Possible cyber-attack from Mars.
[2015/11/04 11:37:24.109] (INFO) Network heartbeat check: All OK.
[2015/11/04 11:37:24.109] (INFO) Checkpointing off-heap server memory...
[2015/11/04 11:37:24.109] (WARN) Backup server 192.168.239.211 is offline.
[2015/11/04 11:37:24.109] (INFO) Alien monitor (aliend): Detected no space aliens.
[2015/11/04 11:37:24.109] (INFO) Checked file systems for errors: All filesystems OK.
[2015/11/04 11:37:24.109] (INFO) User "fmq9157" logged out.
[2015/11/04 11:37:24.109] (INFO) Pinging watchdog timer process: Process is alive.
[2015/11/04 11:37:24.109] (WARN) Watchdog timer crashed. Restarting it.
[2015/11/04 11:37:24.109] (INFO) Supervisor has entered SUSPENDED state.
[2015/11/04 11:37:24.109] (WARN) Backup server 172.16.60.14 is offline.
[2015/11/04 11:37:24.109] (INFO) Device 0x39e4 is online.
[2015/11/04 11:37:24.109] (WARN) There is no such thing as a free lunch.
[2015/11/04 11:37:24.109] (INFO) User "lgo6876" logged out.
[2015/11/04 11:37:24.109] (INFO) User "nrw9467" logged out due to inactivity (timeout=30 minutes).
[2015/11/04 11:37:24.109] (WARN) Dropped 11,308 corrupt data packets.
[2015/11/04 11:37:24.109] (INFO) User "vwv3612" logged in from 192.168.85.238.
[2015/11/04 11:37:24.109] (WARN) Watchdog timer crashed. Restarting it.
[2015/11/04 11:37:24.109] (INFO) Checked file systems for errors: All filesystems OK.
[2015/11/04 11:37:24.109] (ERROR) Unable to write to "/var/data/TUtYf63628.xml": Permission denied (EACCES)
[2015/11/04 11:37:24.109] (INFO) Supervisor has entered WAITING state.
[2015/11/04 11:37:24.109] (INFO) Waiting for master process (PID 53867) to die.
[2015/11/04 11:37:24.109] (INFO) Flushed 58 buffers to disk.
[2015/11/04 11:37:24.109] (INFO) Backed up all server logs.
[2015/11/04 11:37:24.109] (INFO) User "kgw8623" logged in from 172.16.204.87.
[2015/11/04 11:37:24.109] (INFO) Rolling 6 log file(s)...
[2015/11/04 11:37:24.109] (INFO) User "ngb4717" logged in from 10.160.199.115.
[2015/11/04 11:37:24.109] (INFO) Supervisor has entered SUSPENDED state.
[2015/11/04 11:37:24.109] (WARN) CPU temperature exceeds 40º Celsius.
[2015/11/04 11:37:24.109] (WARN) Ignoring SIGTERM. It's not that easy to get rid of me.
[2015/11/04 11:37:24.109] (INFO) Rolling 8 log file(s)...
[2015/11/04 11:37:24.109] (INFO) Waiting for supervisor process (PID 40173) to die.
[2015/11/04 11:37:24.109] (INFO) User "tyg2954" logged out due to inactivity (timeout=30 minutes).
[2015/11/04 11:37:24.109] (INFO) Sending SIGTERM to 4 excess workers.
[2015/11/04 11:37:24.109] (INFO) Pinging watchdog timer process: Process is alive.
[2015/11/04 11:37:24.109] (INFO) Checkpointing off-heap server memory...
[2015/11/04 11:37:24.109] (INFO) Supervisor has entered WAITING state.
[2015/11/04 11:37:24.109] (ERROR) One of the flayrods has gone out askew on treadle.
[2015/11/04 11:37:24.109] (INFO) Flushed 33 buffers to disk.
[2015/11/04 11:37:24.109] (INFO) Checkpointing off-heap server memory...
[2015/11/04 11:37:24.109] (ERROR) CPU temperature exceeds 50º Celsius. Shutting down.
[2015/11/04 11:37:24.608] (INFO) Flushed 60 buffers to disk.
[2015/11/04 11:37:24.608] (INFO) Your mother called. She says you never call her.
[2015/11/04 11:37:24.608] (INFO) Network heartbeat check: All OK.
[2015/11/04 11:37:24.608] (INFO) User "sqf9509" logged out due to inactivity (timeout=30 minutes).
[2015/11/04 11:37:24.608] (INFO) Pinging watchdog timer process: Process is alive.
[2015/11/04 11:37:24.608] (WARN) Possible cyber-attack from The Cayman Islands.
[2015/11/04 11:37:24.608] (INFO) Pinging watchdog timer process: Process is alive.
[2015/11/04 11:37:24.608] (INFO) Waiting for monitor process (PID 43117) to die.
[2015/11/04 11:37:24.608] (INFO) Backed up all server logs.
[2015/11/04 11:37:24.608] (INFO) Checkpointing off-heap server memory...
[2015/11/04 11:37:24.608] (INFO) Checked file systems for errors: All filesystems OK.
[2015/11/04 11:37:24.608] (INFO) Network heartbeat check: All OK.
[2015/11/04 11:37:24.608] (INFO) Network heartbeat check: All OK.
[2015/11/04 11:37:24.608] (ERROR) Network heartbeat check FAILED: Master host down?
[2015/11/04 11:37:24.608] (INFO) Checkpointing off-heap server memory...
[2015/11/04 11:37:24.608] (INFO) Checkpointing off-heap server memory...
[2015/11/04 11:37:24.608] (WARN) Watchdog timer crashed. Restarting it.
[2015/11/04 11:37:24.608] (INFO) .evian ylbirret si emehcs otpyrc ym neht ,siht daer nac uoy fI
[2015/11/04 11:37:24.608] (INFO) Supervisor has entered WAITING state.
[2015/11/04 11:37:24.608] (INFO) Network heartbeat check: All OK.
[2015/11/04 11:37:24.608] (INFO) Backed up all server logs.
[2015/11/04 11:37:24.608] (WARN) Master took 722 ms to respond (threshold=500 ms)
[2015/11/04 11:37:24.608] (INFO) .evian ylbirret si emehcs otpyrc ym neht ,siht daer nac uoy fI
[2015/11/04 11:37:24.608] (INFO) Flushed 30 buffers to disk.
[2015/11/04 11:37:24.608] (INFO) Backed up all server logs.
[2015/11/04 11:37:24.608] (INFO) Pinging watchdog timer process: Process is alive.
[2015/11/04 11:37:24.608] (INFO) Device 0xc05c is online.
[2015/11/04 11:37:24.608] (INFO) Backed up all server logs.
[2015/11/04 11:37:24.608] (INFO) User "upl5964" logged in from 10.221.87.27.
[2015/11/04 11:37:24.608] (INFO) User "ljk6567" logged out.
[2015/11/04 11:37:24.608] (INFO) Network heartbeat check: All OK.
[2015/11/04 11:37:24.608] (INFO) Checked file systems for errors: All filesystems OK.
[2015/11/04 11:37:24.608] (INFO) Your mother called. She says you never call her.
[2015/11/04 11:37:24.608] (INFO) Checked file systems for errors: All filesystems OK.
[2015/11/04 11:37:24.608] (INFO) Sending SIGTERM to 3 excess workers.
[2015/11/04 11:37:24.608] (INFO) Alien monitor (aliend): Detected no space aliens.
[2015/11/04 11:37:24.608] (INFO) .evian ylbirret si emehcs otpyrc ym neht ,siht daer nac uoy fI
[2015/11/04 11:37:24.608] (INFO) Waiting for worker process (PID 25896) to die.
[2015/11/04 11:37:24.608] (INFO) Checked file systems for errors: All filesystems OK.
[2015/11/04 11:37:24.608] (INFO) Checked file systems for errors: All filesystems OK.
[2015/11/04 11:37:24.608] (INFO) User "zks5507" logged out due to inactivity (timeout=30 minutes).
[2015/11/04 11:37:24.608] (INFO) User "jsj7656" logged out.
[2015/11/04 11:37:24.608] (INFO) User "rnc7198" logged out.
[2015/11/04 11:37:24.608] (INFO) Network heartbeat check: All OK.
[2015/11/04 11:37:24.608] (INFO) Backed up all server logs.
[2015/11/04 11:37:24.608] (INFO) Sending SIGTERM to 2 excess workers.
[2015/11/04 11:37:24.608] (INFO) User "xru1963" logged out due to inactivity (timeout=30 minutes).
[2015/11/04 11:37:24.608] (INFO) Checkpointing off-heap server memory...
[2015/11/04 11:37:24.608] (ERROR) Directory index of "/var/data" is forbidden.
[2015/11/04 11:37:24.608] (INFO) Device 0x8593 is online.
[2015/11/04 11:37:24.608] (INFO) Waiting for monitor process (PID 23296) to die.
[2015/11/04 11:37:24.608] (INFO) Device 0x1570 is online.
[2015/11/04 11:37:24.608] (ERROR) Device 0x3b29 is offline
[2015/11/04 11:37:24.608] (WARN) Space on disk /dev/sdc2 is low: Only 335 MB available.
[2015/11/04 11:37:24.609] (INFO) .evian ylbirret si emehcs otpyrc ym neht ,siht daer nac uoy fI
[2015/11/04 11:37:24.609] (ERROR) Extra characters at end of line.
[2015/11/04 11:37:24.609] (INFO) Checkpointing off-heap server memory...
[2015/11/04 11:37:24.609] (INFO) User "msf6915" logged out due to inactivity (timeout=30 minutes).
[2015/11/04 11:37:24.609] (WARN) Master took 866 ms to respond (threshold=500 ms)
[2015/11/04 11:37:24.609] (INFO) Network heartbeat check: All OK.
[2015/11/04 11:37:24.609] (INFO) User "vbo7881" logged in from 192.168.189.8.
[2015/11/04 11:37:24.609] (INFO) Checkpointing off-heap server memory...
[2015/11/04 11:37:24.609] (ERROR) Network heartbeat check FAILED: Master host down?
[2015/11/04 11:37:24.609] (INFO) Checkpointing off-heap server memory...
[2015/11/04 11:37:24.609] (INFO) Checked file systems for errors: All filesystems OK.
[2015/11/04 11:37:24.609] (ERROR) Detected clock skew! Restarting NTP server.
[2015/11/04 11:37:24.609] (INFO) Sending SIGTERM to 4 excess workers.
[2015/11/04 11:37:24.609] (INFO) .evian ylbirret si emehcs otpyrc ym neht ,siht daer nac uoy fI
[2015/11/04 11:37:24.609] (INFO) Waiting for monitor process (PID 36720) to die.
[2015/11/04 11:37:24.609] (INFO) Device 0x61ca is online.
[2015/11/04 11:37:24.609] (INFO) User "kvv4836" logged in from 10.220.117.223.
[2015/11/04 11:37:24.609] (INFO) Supervisor has entered SUSPENDED state.
[2015/11/04 11:37:24.609] (INFO) User "wcq2813" logged out due to inactivity (timeout=30 minutes).
[2015/11/04 11:37:24.609] (INFO) Checked file systems for errors: All filesystems OK.
[2015/11/04 11:37:24.609] (INFO) Network heartbeat check: All OK.
[2015/11/04 11:37:24.609] (INFO) Checkpointing off-heap server memory...
[2015/11/04 11:37:24.609] (INFO) Sending SIGTERM to 4 excess workers.
[2015/11/04 11:37:24.609] (INFO) Checked file systems for errors: All filesystems OK.
[2015/11/04 11:37:24.609] (WARN) Retrying server log checkpoint.
[2015/11/04 11:37:24.609] (INFO) Checkpointing off-heap server memory...
[2015/11/04 11:37:24.609] (WARN) Space on disk /dev/sdb2 is low: Only 170 MB available.
[2015/11/04 11:37:24.609] (INFO) Device 0x45d0 is online.
[2015/11/04 11:37:24.609] (INFO) Network heartbeat check: All OK.
[2015/11/04 11:37:24.609] (INFO) Network heartbeat check: All OK.
[2015/11/04 11:37:24.609] (INFO) Rolling 9 log file(s)...
[2015/11/04 11:37:24.609] (INFO) Checkpointing off-heap server memory...
[2015/11/04 11:37:24.609] (INFO) Your mother called. She says you never call her.
[2015/11/04 11:37:24.609] (ERROR) Failed to write checkpoint file "/var/checkpoint/vVpFc71678: No space left on device (ENOSPC)
[2015/11/04 11:37:24.609] (INFO) Backed up all server logs.
[2015/11/04 11:37:24.609] (INFO) Supervisor has entered SUSPENDED state.
[2015/11/04 11:37:24.609] (ERROR) Failed to open "/mnt/fileserver01/KHgMj59166.tar.gz": NFS timeout.
[2015/11/04 11:37:24.609] (ERROR) Detected incoming DDoS from 192.168.72.32.
[2015/11/04 11:37:24.609] (INFO) Rolling 3 log file(s)...
[2015/11/04 11:37:24.609] (WARN) Ignoring SIGTERM. It's not that easy to get rid of me.
[2015/11/04 11:37:24.609] (INFO) User "pfb6104" logged out due to inactivity (timeout=30 minutes).
[2015/11/04 11:37:24.609] (INFO) Supervisor has entered SUSPENDED state.
[2015/11/04 11:37:24.609] (INFO) Network heartbeat check: All OK.
[2015/11/04 11:37:24.609] (INFO) Your mother called. She says you never call her.
[2015/11/04 11:37:24.609] (INFO) Pinging watchdog timer process: Process is alive.
[2015/11/04 11:37:24.609] (INFO) .evian ylbirret si emehcs otpyrc ym neht ,siht daer nac uoy fI
[2015/11/04 11:37:25.108] (INFO) User "lnf6087" logged in from 172.16.162.188.
[2015/11/04 11:37:25.108] (INFO) Flushed 51 buffers to disk.
[2015/11/04 11:37:25.108] (INFO) Supervisor has entered RESTARTING state.
[2015/11/04 11:37:25.108] (INFO) Checkpointing off-heap server memory...
[2015/11/04 11:37:25.108] (INFO) Sending SIGTERM to 4 excess workers.
[2015/11/04 11:37:25.108] (INFO) Flushed 94 buffers to disk.
[2015/11/04 11:37:25.108] (ERROR) "/var/data/euike91435.parquet": Permission denied (EACCES)
[2015/11/04 11:37:25.108] (WARN) Space on disk /dev/sdc1 is low: Only 258 MB available.
[2015/11/04 11:37:25.108] (INFO) User "qxi2009" logged out due to inactivity (timeout=30 minutes).
[2015/11/04 11:37:25.108] (ERROR) One of the flayrods has gone out askew on treadle.
[2015/11/04 11:37:25.108] (ERROR) Alien monitor (aliend): 3 space aliens are fiddling with the hardware!
[2015/11/04 11:37:25.108] (INFO) User "kbj3472" logged out.
[2015/11/04 11:37:25.108] (INFO) Sending SIGTERM to 4 excess workers.
[2015/11/04 11:37:25.108] (WARN) CPU temperature exceeds 40º Celsius.
[2015/11/04 11:37:25.108] (INFO) Your mother called. She says you never call her.
[2015/11/04 11:37:25.108] (WARN) Network heartbeat check: 5 server(s) did not respond.
[2015/11/04 11:37:25.108] (INFO) Alien monitor (aliend): Detected no space aliens.
[2015/11/04 11:37:25.108] (INFO) User "xxl9207" logged in from 192.168.90.130.
[2015/11/04 11:37:25.108] (INFO) Supervisor has entered SUSPENDED state.
[2015/11/04 11:37:25.108] (INFO) Pinging watchdog timer process: Process is alive.
[2015/11/04 11:37:25.108] (INFO) Checked file systems for errors: All filesystems OK.
[2015/11/04 11:37:25.108] (INFO) Alien monitor (aliend): Detected no space aliens.
[2015/11/04 11:37:25.108] (ERROR) One of the flayrods has gone out askew on treadle.
[2015/11/04 11:37:25.108] (INFO) Device 0xf030 is online.
[2015/11/04 11:37:25.108] (INFO) User "jwr1830" logged out.
[2015/11/04 11:37:25.108] (INFO) Supervisor has entered WAITING state.
[2015/11/04 11:37:25.108] (ERROR) Server log backup FAILED. See backup logs.
[2015/11/04 11:37:25.108] (INFO) .evian ylbirret si emehcs otpyrc ym neht ,siht daer nac uoy fI
[2015/11/04 11:37:25.109] (WARN) Network heartbeat check: 16 server(s) did not respond.
[2015/11/04 11:37:25.109] (INFO) Flushed 31 buffers to disk.
[2015/11/04 11:37:25.109] (INFO) Flushed 71 buffers to disk.
[2015/11/04 11:37:25.109] (INFO) .evian ylbirret si emehcs otpyrc ym neht ,siht daer nac uoy fI
[2015/11/04 11:37:25.109] (INFO) Pinging watchdog timer process: Process is alive.
[2015/11/04 11:37:25.109] (INFO) Supervisor has entered RUNNING state.
[2015/11/04 11:37:25.109] (INFO) Flushed 73 buffers to disk.
[2015/11/04 11:37:25.109] (INFO) User "cjj6772" logged out.
[2015/11/04 11:37:25.109] (INFO) Pinging watchdog timer process: Process is alive.
[2015/11/04 11:37:25.109] (INFO) Flushed 82 buffers to disk.
[2015/11/04 11:37:25.109] (ERROR) Alien monitor (aliend): 2 space aliens are fiddling with the hardware!
[2015/11/04 11:37:25.109] (INFO) Supervisor has entered SUSPENDED state.
[2015/11/04 11:37:25.109] (INFO) Flushed 99 buffers to disk.
[2015/11/04 11:37:25.109] (INFO) Rolling 9 log file(s)...
[2015/11/04 11:37:25.109] (INFO) Supervisor has entered RESTARTING state.
[2015/11/04 11:37:25.109] (INFO) Alien monitor (aliend): Detected no space aliens.
[2015/11/04 11:37:25.109] (INFO) Flushed 74 buffers to disk.
[2015/11/04 11:37:25.109] (INFO) Checkpointing off-heap server memory...
[2015/11/04 11:37:25.109] (ERROR) Unable to authenticate user "gmd7543": LDAP server isn't responding.
[2015/11/04 11:37:25.109] (INFO) Checkpointing off-heap server memory...
[2015/11/04 11:37:25.109] (INFO) Checked file systems for errors: All filesystems OK.
[2015/11/04 11:37:25.109] (INFO) Waiting for master process (PID 20432) to die.
[2015/11/04 11:37:25.109] (INFO) Your mother called. She says you never call her.
[2015/11/04 11:37:25.109] (INFO) Rolling 5 log file(s)...
[2015/11/04 11:37:25.109] (INFO) Checkpointing off-heap server memory...
[2015/11/04 11:37:25.109] (ERROR) Alien monitor (aliend): 2 space aliens are fiddling with the hardware!
[2015/11/04 11:37:25.109] (INFO) Network heartbeat check: All OK.
[2015/11/04 11:37:25.109] (INFO) .evian ylbirret si emehcs otpyrc ym neht ,siht daer nac uoy fI
[2015/11/04 11:37:25.109] (INFO) User "gwp9856" logged in from 172.16.80.242.
[2015/11/04 11:37:25.109] (INFO) Backed up all server logs.
[2015/11/04 11:37:25.109] (INFO) Your mother called. She says you never call her.
[2015/11/04 11:37:25.109] (INFO) User "ksr4240" logged out.
[2015/11/04 11:37:25.109] (INFO) Network heartbeat check: All OK.
[2015/11/04 11:37:25.109] (INFO) Sending SIGTERM to 3 excess workers.
[2015/11/04 11:37:25.109] (INFO) Your mother called. She says you never call her.
[2015/11/04 11:37:25.109] (ERROR) Extra characters at end of line.
[2015/11/04 11:37:25.109] (INFO) Waiting for worker process (PID 35214) to die.
[2015/11/04 11:37:25.109] (INFO) Sending SIGTERM to 4 excess workers.
[2015/11/04 11:37:25.109] (WARN) Backup server 172.16.22.24 is offline.
[2015/11/04 11:37:25.109] (INFO) Checked file systems for errors: All filesystems OK.
[2015/11/04 11:37:25.109] (WARN) Possible cyber-attack from Canada.
[2015/11/04 11:37:25.109] (INFO) Sending SIGTERM to 3 excess workers.
[2015/11/04 11:37:25.109] (INFO) .evian ylbirret si emehcs otpyrc ym neht ,siht daer nac uoy fI
[2015/11/04 11:37:25.109] (INFO) Flushed 51 buffers to disk.
[2015/11/04 11:37:25.109] (INFO) Network heartbeat check: All OK.
[2015/11/04 11:37:25.109] (WARN) Master took 578 ms to respond (threshold=500 ms)
[2015/11/04 11:37:25.109] (INFO) Alien monitor (aliend): Detected no space aliens.
[2015/11/04 11:37:25.109] (INFO) Supervisor has entered RESTARTING state.
[2015/11/04 11:37:25.109] (INFO) Flushed 82 buffers to disk.
[2015/11/04 11:37:25.109] (INFO) Supervisor has entered RESTARTING state.
[2015/11/04 11:37:25.109] (INFO) Network heartbeat check: All OK.
[2015/11/04 11:37:25.109] (WARN) Master took 919 ms to respond (threshold=500 ms)
[2015/11/04 11:37:25.109] (INFO) Alien monitor (aliend): Detected no space aliens.
[2015/11/04 11:37:25.109] (WARN) Network heartbeat check: 13 server(s) did not respond.
[2015/11/04 11:37:25.109] (INFO) Checked file systems for errors: All filesystems OK.
[2015/11/04 11:37:25.109] (INFO) Checked file systems for errors: All filesystems OK.
[2015/11/04 11:37:25.109] (INFO) Rolling 2 log file(s)...
[2015/11/04 11:37:25.109] (INFO) Network heartbeat check: All OK.
[2015/11/04 11:37:25.109] (INFO) Your mother called. She says you never call her.
[2015/11/04 11:37:25.109] (INFO) User "hjm7403" logged in from 10.211.61.173.
[2015/11/04 11:37:25.109] (INFO) Your mother called. She says you never call her.
[2015/11/04 11:37:25.109] (INFO) User "yuo9249" logged out due to inactivity (timeout=30 minutes).
[2015/11/04 11:37:25.109] (INFO) .evian ylbirret si emehcs otpyrc ym neht ,siht daer nac uoy fI
[2015/11/04 11:37:25.109] (ERROR) Failed to write checkpoint file "/var/checkpoint/RQcoM81871: No space left on device (ENOSPC)
[2015/11/04 11:37:25.109] (INFO) .evian ylbirret si emehcs otpyrc ym neht ,siht daer nac uoy fI
[2015/11/04 11:37:25.109] (ERROR) Worker 4 died with SIGURG. Restarting it.
[2015/11/04 11:37:25.109] (INFO) Checkpointing off-heap server memory...
[2015/11/04 11:37:25.109] (INFO) Waiting for master process (PID 28773) to die.
[2015/11/04 11:37:25.109] (INFO) Waiting for monitor process (PID 15654) to die.
[2015/11/04 11:37:25.109] (INFO) Waiting for master process (PID 10654) to die.
[2015/11/04 11:37:25.109] (INFO) Sending SIGTERM to 3 excess workers.
[2015/11/04 11:37:25.109] (ERROR) /dev/lp error: "PC LOAD LETTER"
[2015/11/04 11:37:25.609] (INFO) Flushed 48 buffers to disk.
[2015/11/04 11:37:25.609] (WARN) There is no such thing as a free lunch.
[2015/11/04 11:37:25.609] (INFO) Sending SIGTERM to 3 excess workers.
[2015/11/04 11:37:25.609] (WARN) CPU temperature exceeds 40º Celsius.
[2015/11/04 11:37:25.609] (INFO) Your mother called. She says you never call her.
[2015/11/04 11:37:25.609] (INFO) Pinging watchdog timer process: Process is alive.
[2015/11/04 11:37:25.609] (ERROR) EFOODFAIL (Waiter, there's a fly in my soup).
[2015/11/04 11:37:25.609] (WARN) Retrying server log checkpoint.
[2015/11/04 11:37:25.609] (INFO) Alien monitor (aliend): Detected no space aliens.
[2015/11/04 11:37:25.609] (INFO) Checkpointing off-heap server memory...
[2015/11/04 11:37:25.609] (INFO) .evian ylbirret si emehcs otpyrc ym neht ,siht daer nac uoy fI
[2015/11/04 11:37:25.609] (INFO) Backed up all server logs.
[2015/11/04 11:37:25.609] (INFO) Pinging watchdog timer process: Process is alive.
[2015/11/04 11:37:25.609] (INFO) Your mother called. She says you never call her.
[2015/11/04 11:37:25.609] (WARN) Dropped 19,866 corrupt data packets.
[2015/11/04 11:37:25.609] (INFO) Device 0x8263 is online.
[2015/11/04 11:37:25.609] (INFO) User "jhc2920" logged out.
[2015/11/04 11:37:25.609] (INFO) Checkpointing off-heap server memory...
[2015/11/04 11:37:25.609] (INFO) Sending SIGTERM to 2 excess workers.
[2015/11/04 11:37:25.609] (INFO) Pinging watchdog timer process: Process is alive.
[2015/11/04 11:37:25.609] (INFO) Checkpointing off-heap server memory...
[2015/11/04 11:37:25.609] (INFO) Checked file systems for errors: All filesystems OK.
[2015/11/04 11:37:25.609] (INFO) User "djr3026" logged out due to inactivity (timeout=30 minutes).
[2015/11/04 11:37:25.609] (INFO) Network heartbeat check: All OK.
[2015/11/04 11:37:25.609] (WARN) Retrying server log checkpoint.
[2015/11/04 11:37:25.609] (INFO) Rolling 1 log file(s)...
[2015/11/04 11:37:25.609] (INFO) Sending SIGTERM to 4 excess workers.
[2015/11/04 11:37:25.609] (INFO) User "zma2518" logged out due to inactivity (timeout=30 minutes).
[2015/11/04 11:37:25.609] (INFO) Pinging watchdog timer process: Process is alive.
[2015/11/04 11:37:25.609] (INFO) Backed up all server logs.
[2015/11/04 11:37:25.609] (INFO) User "syj8603" logged out.
[2015/11/04 11:37:25.609] (INFO) Checked file systems for errors: All filesystems OK.
[2015/11/04 11:37:25.609] (INFO) Backed up all server logs.
[2015/11/04 11:37:25.609] (INFO) .evian ylbirret si emehcs otpyrc ym neht ,siht daer nac uoy fI
[2015/11/04 11:37:25.609] (WARN) Master took 593 ms to respond (threshold=500 ms)
[2015/11/04 11:37:25.609] (INFO) User "apg4246" logged in from 172.16.40.18.
[2015/11/04 11:37:25.609] (INFO) Pinging watchdog timer process: Process is alive.
[2015/11/04 11:37:25.609] (ERROR) "/var/data/omtef95720.tsv": Permission denied (EACCES)
[2015/11/04 11:37:25.609] (INFO) User "vut3889" logged out due to inactivity (timeout=30 minutes).
[2015/11/04 11:37:25.609] (WARN) CPU temperature exceeds 40º Celsius.
[2015/11/04 11:37:25.609] (INFO) Rolling 2 log file(s)...
[2015/11/04 11:37:25.609] (INFO) Backed up all server logs.
[2015/11/04 11:37:25.609] (INFO) User "etb8836" logged out.
[2015/11/04 11:37:25.609] (INFO) User "vgl7311" logged out due to inactivity (timeout=30 minutes).
[2015/11/04 11:37:25.609] (INFO) Your mother called. She says you never call her.
[2015/11/04 11:37:25.609] (INFO) Rolling 2 log file(s)...
[2015/11/04 11:37:25.609] (ERROR) Failed to open "/mnt/fileserver02/QHREu67608.xml": NFS timeout.
[2015/11/04 11:37:25.609] (INFO) User "xnt9991" logged in from 172.16.105.18.
[2015/11/04 11:37:25.609] (INFO) Network heartbeat check: All OK.
[2015/11/04 11:37:25.609] (INFO) Network heartbeat check: All OK.
[2015/11/04 11:37:25.609] (INFO) User "kfn6932" logged in from 172.16.77.119.
[2015/11/04 11:37:25.609] (INFO) Pinging watchdog timer process: Process is alive.
[2015/11/04 11:37:25.609] (INFO) Checked file systems for errors: All filesystems OK.
[2015/11/04 11:37:25.609] (INFO) Pinging watchdog timer process: Process is alive.
[2015/11/04 11:37:25.609] (ERROR) Network heartbeat check FAILED: Master host down?
[2015/11/04 11:37:25.609] (INFO) Waiting for supervisor process (PID 61117) to die.
[2015/11/04 11:37:25.609] (INFO) Network heartbeat check: All OK.
[2015/11/04 11:37:25.609] (INFO) Device 0xf689 is online.
[2015/11/04 11:37:25.609] (INFO) User "lgj6033" logged out.
[2015/11/04 11:37:25.609] (INFO) .evian ylbirret si emehcs otpyrc ym neht ,siht daer nac uoy fI
[2015/11/04 11:37:25.609] (INFO) Backed up all server logs.
[2015/11/04 11:37:25.609] (INFO) Device 0x43d1 is online.
[2015/11/04 11:37:25.609] (INFO) Device 0x7700 is online.
[2015/11/04 11:37:25.609] (INFO) User "ayp7684" logged out due to inactivity (timeout=30 minutes).
[2015/11/04 11:37:25.609] (INFO) Rolling 9 log file(s)...
[2015/11/04 11:37:25.609] (INFO) User "web7337" logged out due to inactivity (timeout=30 minutes).
[2015/11/04 11:37:25.609] (INFO) Supervisor has entered RUNNING state.
[2015/11/04 11:37:25.609] (INFO) Network heartbeat check: All OK.
[2015/11/04 11:37:25.609] (INFO) Network heartbeat check: All OK.
[2015/11/04 11:37:25.609] (INFO) User "xzl4772" logged out due to inactivity (timeout=30 minutes).
[2015/11/04 11:37:25.609] (INFO) Your mother called. She says you never call her.
[2015/11/04 11:37:25.609] (INFO) Network heartbeat check: All OK.
[2015/11/04 11:37:25.609] (INFO) Checkpointing off-heap server memory...
[2015/11/04 11:37:25.609] (INFO) User "zlz9435" logged out.
[2015/11/04 11:37:25.609] (INFO) Network heartbeat check: All OK.
[2015/11/04 11:37:25.609] (WARN) Possible cyber-attack from Alpha Centauri.
[2015/11/04 11:37:25.609] (INFO) Backed up all server logs.
[2015/11/04 11:37:25.609] (INFO) Device 0x5993 is online.
[2015/11/04 11:37:25.609] (INFO) Alien monitor (aliend): Detected no space aliens.
[2015/11/04 11:37:25.609] (INFO) Checkpointing off-heap server memory...
[2015/11/04 11:37:25.609] (INFO) Your mother called. She says you never call her.
[2015/11/04 11:37:25.609] (INFO) Waiting for worker process (PID 43411) to die.
[2015/11/04 11:37:25.609] (WARN) Unable to ping master at 192.168.88.89. Retrying.
[2015/11/04 11:37:25.609] (WARN) Possible cyber-attack from Nebraska.
[2015/11/04 11:37:25.609] (INFO) Flushed 58 buffers to disk.
[2015/11/04 11:37:25.609] (INFO) Rolling 6 log file(s)...
[2015/11/04 11:37:25.609] (WARN) Network heartbeat check: 9 server(s) did not respond.
[2015/11/04 11:37:25.609] (ERROR) Failed to open "/mnt/fileserver02/bTYLg56611.csv": NFS timeout.
[2015/11/04 11:37:25.609] (INFO) Sending SIGTERM to 4 excess workers.
[2015/11/04 11:37:25.609] (WARN) Dropped 15,128 corrupt data packets.
[2015/11/04 11:37:25.609] (INFO) Rolling 1 log file(s)...
[2015/11/04 11:37:25.609] (INFO) Waiting for worker process (PID 55322) to die.
[2015/11/04 11:37:25.609] (ERROR) Unable to mount /dev/sdd3. (Time to run fsck?)
[2015/11/04 11:37:25.609] (INFO) Device 0x3cf3 is online.
[2015/11/04 11:37:25.609] (INFO) Rolling 9 log file(s)...
[2015/11/04 11:37:25.609] (INFO) Flushed 41 buffers to disk.
[2015/11/04 11:37:25.609] (INFO) Alien monitor (aliend): Detected no space aliens.
[2015/11/04 11:37:25.609] (INFO) User "dlk5068" logged out.
[2015/11/04 11:37:25.609] (INFO) Alien monitor (aliend): Detected no space aliens.
[2015/11/04 11:37:25.609] (INFO) Device 0xf53e is online.
[2015/11/04 11:37:26.108] (INFO) Your mother called. She says you never call her.
[2015/11/04 11:37:26.108] (INFO) Flushed 67 buffers to disk.
[2015/11/04 11:37:26.108] (INFO) User "qgz4291" logged out.
[2015/11/04 11:37:26.108] (INFO) Network heartbeat check: All OK.
[2015/11/04 11:37:26.108] (INFO) Checkpointing off-heap server memory...
[2015/11/04 11:37:26.108] (INFO) Flushed 92 buffers to disk.
[2015/11/04 11:37:26.108] (INFO) Pinging watchdog timer process: Process is alive.
[2015/11/04 11:37:26.108] (WARN) Watchdog timer crashed. Restarting it.
[2015/11/04 11:37:26.108] (INFO) Network heartbeat check: All OK.
[2015/11/04 11:37:26.108] (INFO) Supervisor has entered RUNNING state.
[2015/11/04 11:37:26.108] (INFO) Waiting for supervisor process (PID 7111) to die.
[2015/11/04 11:37:26.108] (INFO) Sending SIGTERM to 4 excess workers.
[2015/11/04 11:37:26.108] (INFO) Your mother called. She says you never call her.
[2015/11/04 11:37:26.108] (INFO) Checked file systems for errors: All filesystems OK.
[2015/11/04 11:37:26.108] (INFO) Supervisor has entered RUNNING state.
[2015/11/04 11:37:26.108] (INFO) Checkpointing off-heap server memory...
[2015/11/04 11:37:26.108] (INFO) Rolling 1 log file(s)...
[2015/11/04 11:37:26.108] (INFO) Sending SIGTERM to 4 excess workers.
[2015/11/04 11:37:26.108] (INFO) Supervisor has entered WAITING state.
[2015/11/04 11:37:26.108] (INFO) Sending SIGTERM to 4 excess workers.
[2015/11/04 11:37:26.108] (INFO) Flushed 89 buffers to disk.
[2015/11/04 11:37:26.108] (INFO) Pinging watchdog timer process: Process is alive.
[2015/11/04 11:37:26.108] (INFO) Checkpointing off-heap server memory...
[2015/11/04 11:37:26.108] (INFO) User "usb4997" logged in from 192.168.162.105.
[2015/11/04 11:37:26.108] (INFO) Flushed 62 buffers to disk.
[2015/11/04 11:37:26.108] (INFO) Network heartbeat check: All OK.
[2015/11/04 11:37:26.108] (INFO) Sending SIGTERM to 3 excess workers.
[2015/11/04 11:37:26.108] (INFO) Pinging watchdog timer process: Process is alive.
[2015/11/04 11:37:26.108] (WARN) CPU temperature exceeds 40º Celsius.
[2015/11/04 11:37:26.108] (ERROR) Detected clock skew! Restarting NTP server.
[2015/11/04 11:37:26.108] (INFO) Network heartbeat check: All OK.
[2015/11/04 11:37:26.108] (INFO) .evian ylbirret si emehcs otpyrc ym neht ,siht daer nac uoy fI
[2015/11/04 11:37:26.108] (WARN) Backup server 192.168.128.229 is offline.
[2015/11/04 11:37:26.108] (INFO) Flushed 69 buffers to disk.
[2015/11/04 11:37:26.108] (INFO) Supervisor has entered RUNNING state.
[2015/11/04 11:37:26.108] (INFO) Checkpointing off-heap server memory...
[2015/11/04 11:37:26.108] (INFO) Device 0x351a is online.
[2015/11/04 11:37:26.108] (INFO) Checkpointing off-heap server memory...
[2015/11/04 11:37:26.108] (INFO) Network heartbeat check: All OK.
[2015/11/04 11:37:26.108] (INFO) Sending SIGTERM to 3 excess workers.
[2015/11/04 11:37:26.108] (INFO) .evian ylbirret si emehcs otpyrc ym neht ,siht daer nac uoy fI
[2015/11/04 11:37:26.108] (INFO) Flushed 63 buffers to disk.
[2015/11/04 11:37:26.108] (INFO) User "msy4214" logged in from 172.16.170.135.
[2015/11/04 11:37:26.108] (INFO) Backed up all server logs.
[2015/11/04 11:37:26.108] (INFO) Backed up all server logs.
[2015/11/04 11:37:26.108] (INFO) User "uyx2290" logged out due to inactivity (timeout=30 minutes).
[2015/11/04 11:37:26.108] (INFO) Network heartbeat check: All OK.
[2015/11/04 11:37:26.108] (WARN) Master took 869 ms to respond (threshold=500 ms)
[2015/11/04 11:37:26.108] (INFO) Sending SIGTERM to 4 excess workers.
[2015/11/04 11:37:26.108] (INFO) Network heartbeat check: All OK.
[2015/11/04 11:37:26.108] (INFO) Your mother called. She says you never call her.
[2015/11/04 11:37:26.108] (INFO) Checkpointing off-heap server memory...
[2015/11/04 11:37:26.108] (INFO) Backed up all server logs.
[2015/11/04 11:37:26.108] (ERROR) "/var/data/MXyEK96129.xml": No such file or directory (ENOENT)
[2015/11/04 11:37:26.108] (INFO) .evian ylbirret si emehcs otpyrc ym neht ,siht daer nac uoy fI
[2015/11/04 11:37:26.108] (INFO) Your mother called. She says you never call her.
[2015/11/04 11:37:26.108] (INFO) Network heartbeat check: All OK.
[2015/11/04 11:37:26.108] (INFO) Your mother called. She says you never call her.
[2015/11/04 11:37:26.108] (ERROR) Unable to authenticate user "mny4213": LDAP server isn't responding.
[2015/11/04 11:37:26.108] (INFO) Alien monitor (aliend): Detected no space aliens.
[2015/11/04 11:37:26.108] (INFO) Checkpointing off-heap server memory...
[2015/11/04 11:37:26.108] (INFO) Pinging watchdog timer process: Process is alive.
[2015/11/04 11:37:26.108] (INFO) Flushed 30 buffers to disk.
[2015/11/04 11:37:26.108] (INFO) Alien monitor (aliend): Detected no space aliens.
[2015/11/04 11:37:26.108] (WARN) Space on disk /dev/sdd3 is low: Only 409 MB available.
[2015/11/04 11:37:26.108] (INFO) Device 0xf8ac is online.
[2015/11/04 11:37:26.108] (WARN) Network heartbeat check: 5 server(s) did not respond.
[2015/11/04 11:37:26.108] (ERROR) Blocked Little Bobby Tables attack (https://xkcd.com/327/) from 192.168.196.90.
[2015/11/04 11:37:26.109] (INFO) .evian ylbirret si emehcs otpyrc ym neht ,siht daer nac uoy fI
[2015/11/04 11:37:26.109] (INFO) User "yxt8701" logged out due to inactivity (timeout=30 minutes).
[2015/11/04 11:37:26.109] (INFO) Checked file systems for errors: All filesystems OK.
[2015/11/04 11:37:26.109] (INFO) Checked file systems for errors: All filesystems OK.
[2015/11/04 11:37:26.109] (INFO) Pinging watchdog timer process: Process is alive.
[2015/11/04 11:37:26.109] (INFO) Checkpointing off-heap server memory...
[2015/11/04 11:37:26.109] (INFO) Alien monitor (aliend): Detected no space aliens.
[2015/11/04 11:37:26.109] (INFO) User "jvq5093" logged out due to inactivity (timeout=30 minutes).
[2015/11/04 11:37:26.109] (ERROR) CPU temperature exceeds 50º Celsius. Shutting down.
[2015/11/04 11:37:26.109] (WARN) Backup server 172.16.223.18 is offline.
[2015/11/04 11:37:26.109] (INFO) User "vao9426" logged in from 10.204.250.162.
[2015/11/04 11:37:26.109] (WARN) There is no such thing as a free lunch.
[2015/11/04 11:37:26.109] (INFO) Device 0x5c46 is online.
[2015/11/04 11:37:26.109] (INFO) Pinging watchdog timer process: Process is alive.
[2015/11/04 11:37:26.109] (INFO) User "uch5387" logged in from 172.16.101.128.
[2015/11/04 11:37:26.109] (WARN) Retrying server log checkpoint.
[2015/11/04 11:37:26.109] (INFO) Rolling 4 log file(s)...
[2015/11/04 11:37:26.109] (INFO) Pinging watchdog timer process: Process is alive.
[2015/11/04 11:37:26.109] (INFO) Rolling 8 log file(s)...
[2015/11/04 11:37:26.109] (INFO) Waiting for supervisor process (PID 11226) to die.
[2015/11/04 11:37:26.109] (INFO) Device 0x7006 is online.
[2015/11/04 11:37:26.109] (INFO) User "wmr4834" logged out.
[2015/11/04 11:37:26.109] (INFO) User "vpt6194" logged out.
[2015/11/04 11:37:26.109] (INFO) Supervisor has entered SUSPENDED state.
[2015/11/04 11:37:26.109] (INFO) Rolling 6 log file(s)...
[2015/11/04 11:37:26.109] (INFO) User "ygz3350" logged out.
[2015/11/04 11:37:26.109] (WARN) Watchdog timer crashed. Restarting it.
[2015/11/04 11:37:26.109] (INFO) Supervisor has entered WAITING state.
[2015/11/04 11:37:26.109] (INFO) Rolling 3 log file(s)...
[2015/11/04 11:37:26.109] (INFO) User "lbr2316" logged out.
[2015/11/04 11:37:26.109] (INFO) Alien monitor (aliend): Detected no space aliens.
[2015/11/04 11:37:26.109] (INFO) Checkpointing off-heap server memory...
[2015/11/04 11:37:26.608] (INFO) Network heartbeat check: All OK.
[2015/11/04 11:37:26.608] (INFO) Backed up all server logs.
[2015/11/04 11:37:26.608] (INFO) .evian ylbirret si emehcs otpyrc ym neht ,siht daer nac uoy fI
[2015/11/04 11:37:26.608] (INFO) Sending SIGTERM to 4 excess workers.
[2015/11/04 11:37:26.608] (ERROR) Network heartbeat check FAILED: Master host down?
[2015/11/04 11:37:26.608] (INFO) Waiting for monitor process (PID 41527) to die.
[2015/11/04 11:37:26.608] (INFO) Waiting for supervisor process (PID 40304) to die.
[2015/11/04 11:37:26.608] (INFO) Sending SIGTERM to 3 excess workers.
[2015/11/04 11:37:26.608] (INFO) User "kni5056" logged out.
[2015/11/04 11:37:26.608] (INFO) Your mother called. She says you never call her.
[2015/11/04 11:37:26.608] (INFO) Network heartbeat check: All OK.
[2015/11/04 11:37:26.608] (INFO) Device 0x9ad9 is online.
[2015/11/04 11:37:26.608] (INFO) Alien monitor (aliend): Detected no space aliens.
[2015/11/04 11:37:26.608] (INFO) Waiting for worker process (PID 7629) to die.
[2015/11/04 11:37:26.608] (WARN) Ignoring SIGTERM. It's not that easy to get rid of me.
[2015/11/04 11:37:26.608] (INFO) Supervisor has entered WAITING state.
[2015/11/04 11:37:26.608] (INFO) Your mother called. She says you never call her.
[2015/11/04 11:37:26.608] (INFO) Checked file systems for errors: All filesystems OK.
[2015/11/04 11:37:26.608] (INFO) Waiting for supervisor process (PID 52252) to die.
[2015/11/04 11:37:26.608] (INFO) Checked file systems for errors: All filesystems OK.
[2015/11/04 11:37:26.608] (INFO) Sending SIGTERM to 2 excess workers.
[2015/11/04 11:37:26.608] (INFO) Flushed 79 buffers to disk.
[2015/11/04 11:37:26.608] (INFO) Waiting for supervisor process (PID 36778) to die.
[2015/11/04 11:37:26.608] (INFO) User "bny7904" logged in from 10.13.113.156.
[2015/11/04 11:37:26.608] (INFO) User "slx7538" logged out.
[2015/11/04 11:37:26.608] (INFO) Device 0xb49e is online.
[2015/11/04 11:37:26.608] (INFO) Device 0xf143 is online.
[2015/11/04 11:37:26.608] (INFO) Checked file systems for errors: All filesystems OK.
[2015/11/04 11:37:26.608] (INFO) Supervisor has entered SUSPENDED state.
[2015/11/04 11:37:26.608] (INFO) Alien monitor (aliend): Detected no space aliens.
[2015/11/04 11:37:26.608] (INFO) Supervisor has entered SUSPENDED state.
[2015/11/04 11:37:26.608] (INFO) Sending SIGTERM to 3 excess workers.
[2015/11/04 11:37:26.608] (INFO) Network heartbeat check: All OK.
[2015/11/04 11:37:26.608] (ERROR) Unable to mount /dev/sdb1. (Time to run fsck?)
[2015/11/04 11:37:26.608] (INFO) Rolling 2 log file(s)...
[2015/11/04 11:37:26.608] (INFO) Rolling 5 log file(s)...
[2015/11/04 11:37:26.608] (INFO) Device 0x9559 is online.
[2015/11/04 11:37:26.608] (INFO) Backed up all server logs.
[2015/11/04 11:37:26.608] (INFO) Alien monitor (aliend): Detected no space aliens.
[2015/11/04 11:37:26.608] (INFO) Alien monitor (aliend): Detected no space aliens.
[2015/11/04 11:37:26.608] (INFO) Pinging watchdog timer process: Process is alive.
[2015/11/04 11:37:26.608] (INFO) User "igi4671" logged out.
[2015/11/04 11:37:26.608] (INFO) Alien monitor (aliend): Detected no space aliens.
[2015/11/04 11:37:26.608] (INFO) Sending SIGTERM to 4 excess workers.
[2015/11/04 11:37:26.608] (INFO) Sending SIGTERM to 4 excess workers.
[2015/11/04 11:37:26.608] (ERROR) Directory index of "/var/data" is forbidden.
[2015/11/04 11:37:26.608] (INFO) Pinging watchdog timer process: Process is alive.
[2015/11/04 11:37:26.608] (INFO) Network heartbeat check: All OK.
[2015/11/04 11:37:26.608] (WARN) Retrying server log checkpoint.
[2015/11/04 11:37:26.608] (INFO) Network heartbeat check: All OK.
[2015/11/04 11:37:26.608] (INFO) Network heartbeat check: All OK.
[2015/11/04 11:37:26.608] (WARN) Possible cyber-attack from The Cayman Islands.
[2015/11/04 11:37:26.608] (ERROR) Device 0x3f26 is offline
[2015/11/04 11:37:26.608] (ERROR) Worker 6 died with SIGIOT. Restarting it.
[2015/11/04 11:37:26.608] (ERROR) Unable to authenticate user "ldn2268": LDAP server isn't responding.
[2015/11/04 11:37:26.608] (WARN) Master took 841 ms to respond (threshold=500 ms)
[2015/11/04 11:37:26.608] (INFO) Backed up all server logs.
[2015/11/04 11:37:26.608] (INFO) Backed up all server logs.
[2015/11/04 11:37:26.608] (INFO) Supervisor has entered SUSPENDED state.
[2015/11/04 11:37:26.608] (INFO) User "bpz7774" logged in from 192.168.184.213.
[2015/11/04 11:37:26.608] (INFO) Rolling 3 log file(s)...
[2015/11/04 11:37:26.608] (INFO) Rolling 6 log file(s)...
[2015/11/04 11:37:26.608] (INFO) Checked file systems for errors: All filesystems OK.
[2015/11/04 11:37:26.608] (INFO) Device 0xf1c0 is online.
[2015/11/04 11:37:26.608] (INFO) Device 0x8e3e is online.
[2015/11/04 11:37:26.608] (WARN) Network heartbeat check: 9 server(s) did not respond.
[2015/11/04 11:37:26.608] (INFO) User "uaz5607" logged out due to inactivity (timeout=30 minutes).
[2015/11/04 11:37:26.608] (WARN) Backup server 172.16.16.177 is offline.
[2015/11/04 11:37:26.608] (INFO) Backed up all server logs.
[2015/11/04 11:37:26.608] (INFO) Device 0xf8a6 is online.
[2015/11/04 11:37:26.608] (INFO) Alien monitor (aliend): Detected no space aliens.
[2015/11/04 11:37:26.608] (INFO) Supervisor has entered SUSPENDED state.
[2015/11/04 11:37:26.608] (INFO) Backed up all server logs.
[2015/11/04 11:37:26.608] (INFO) Device 0xe303 is online.
[2015/11/04 11:37:26.608] (INFO) Your mother called. She says you never call her.
[2015/11/04 11:37:26.608] (INFO) Rolling 7 log file(s)...
[2015/11/04 11:37:26.609] (INFO) Waiting for worker process (PID 41042) to die.
[2015/11/04 11:37:26.609] (INFO) Pinging watchdog timer process: Process is alive.
[2015/11/04 11:37:26.609] (INFO) Flushed 59 buffers to disk.
[2015/11/04 11:37:26.609] (INFO) Your mother called. She says you never call her.
[2015/11/04 11:37:26.609] (INFO) User "oxv2933" logged out due to inactivity (timeout=30 minutes).
[2015/11/04 11:37:26.609] (WARN) There is no such thing as a free lunch.
[2015/11/04 11:37:26.609] (WARN) Ignoring SIGTERM. It's not that easy to get rid of me.
[2015/11/04 11:37:26.609] (INFO) Supervisor has entered WAITING state.
[2015/11/04 11:37:26.609] (INFO) Alien monitor (aliend): Detected no space aliens.
[2015/11/04 11:37:26.609] (INFO) Your mother called. She says you never call her.
[2015/11/04 11:37:26.609] (INFO) Checkpointing off-heap server memory...
[2015/11/04 11:37:26.609] (ERROR) Detected incoming DDoS from 10.148.7.95.
[2015/11/04 11:37:26.609] (INFO) Rolling 2 log file(s)...
[2015/11/04 11:37:26.609] (INFO) User "fnl2244" logged in from 172.16.58.68.
[2015/11/04 11:37:26.609] (ERROR) Device 0xc0f7 is offline
[2015/11/04 11:37:26.609] (INFO) Network heartbeat check: All OK.
[2015/11/04 11:37:26.609] (ERROR) /dev/lp error: "PC LOAD LETTER"
[2015/11/04 11:37:26.609] (INFO) Rolling 8 log file(s)...
[2015/11/04 11:37:26.609] (INFO) Alien monitor (aliend): Detected no space aliens.
[2015/11/04 11:37:26.609] (INFO) Checkpointing off-heap server memory...
[2015/11/04 11:37:26.609] (INFO) Waiting for monitor process (PID 37636) to die.
[2015/11/04 11:37:26.609] (INFO) Checkpointing off-heap server memory...
[2015/11/04 11:37:26.609] (ERROR) CPU temperature exceeds 50º Celsius. Shutting down.
[2015/11/04 11:37:26.609] (INFO) Your mother called. She says you never call her.
[2015/11/04 11:37:27.108] (INFO) .evian ylbirret si emehcs otpyrc ym neht ,siht daer nac uoy fI
[2015/11/04 11:37:27.108] (INFO) Backed up all server logs.
[2015/11/04 11:37:27.108] (INFO) Device 0x2cf6 is online.
[2015/11/04 11:37:27.108] (ERROR) Unable to authenticate user "ypm7329": LDAP server isn't responding.
[2015/11/04 11:37:27.108] (INFO) User "brk1081" logged in from 172.16.72.141.
[2015/11/04 11:37:27.108] (ERROR) Server log backup FAILED. See backup logs.
[2015/11/04 11:37:27.108] (INFO) Waiting for monitor process (PID 32458) to die.
[2015/11/04 11:37:27.108] (ERROR) /dev/lp error: "PC LOAD LETTER"
[2015/11/04 11:37:27.108] (INFO) Rolling 8 log file(s)...
[2015/11/04 11:37:27.108] (INFO) Device 0xabd9 is online.
[2015/11/04 11:37:27.108] (INFO) User "zer3894" logged out due to inactivity (timeout=30 minutes).
[2015/11/04 11:37:27.108] (INFO) Waiting for master process (PID 8204) to die.
[2015/11/04 11:37:27.108] (INFO) Sending SIGTERM to 3 excess workers.
[2015/11/04 11:37:27.108] (INFO) Sending SIGTERM to 4 excess workers.
[2015/11/04 11:37:27.108] (INFO) Backed up all server logs.
[2015/11/04 11:37:27.108] (INFO) Waiting for supervisor process (PID 21287) to die.
[2015/11/04 11:37:27.108] (WARN) Retrying server log checkpoint.
[2015/11/04 11:37:27.108] (INFO) Waiting for monitor process (PID 12029) to die.
[2015/11/04 11:37:27.108] (WARN) Master took 841 ms to respond (threshold=500 ms)
[2015/11/04 11:37:27.108] (INFO) User "iql7725" logged out.
[2015/11/04 11:37:27.108] (INFO) Network heartbeat check: All OK.
[2015/11/04 11:37:27.108] (INFO) Sending SIGTERM to 3 excess workers.
[2015/11/04 11:37:27.108] (INFO) User "aps7289" logged out.
[2015/11/04 11:37:27.108] (INFO) Checked file systems for errors: All filesystems OK.
[2015/11/04 11:37:27.108] (ERROR) Server log backup FAILED. See backup logs.
[2015/11/04 11:37:27.108] (INFO) Backed up all server logs.
[2015/11/04 11:37:27.108] (INFO) Network heartbeat check: All OK.
[2015/11/04 11:37:27.108] (INFO) Alien monitor (aliend): Detected no space aliens.
[2015/11/04 11:37:27.108] (INFO) Rolling 8 log file(s)...
[2015/11/04 11:37:27.108] (INFO) Flushed 26 buffers to disk.
[2015/11/04 11:37:27.108] (INFO) Your mother called. She says you never call her.
[2015/11/04 11:37:27.108] (INFO) Waiting for master process (PID 53105) to die.
[2015/11/04 11:37:27.108] (INFO) Flushed 23 buffers to disk.
[2015/11/04 11:37:27.108] (INFO) User "ihv7080" logged out.
[2015/11/04 11:37:27.108] (INFO) Pinging watchdog timer process: Process is alive.
[2015/11/04 11:37:27.108] (INFO) Backed up all server logs.
[2015/11/04 11:37:27.108] (ERROR) EFOODFAIL (Waiter, there's a fly in my soup).
[2015/11/04 11:37:27.108] (INFO) Network heartbeat check: All OK.
[2015/11/04 11:37:27.108] (ERROR) CPU temperature exceeds 50º Celsius. Shutting down.
[2015/11/04 11:37:27.108] (INFO) User "frw7851" logged in from 172.16.75.99.
[2015/11/04 11:37:27.108] (INFO) Checked file systems for errors: All filesystems OK.
[2015/11/04 11:37:27.108] (INFO) Sending SIGTERM to 3 excess workers.
[2015/11/04 11:37:27.108] (INFO) Network heartbeat check: All OK.
[2015/11/04 11:37:27.108] (ERROR) Unable to write to "/var/data/dtQUG72402.zip": Permission denied (EACCES)
[2015/11/04 11:37:27.109] (INFO) User "oqn4452" logged in from 172.16.138.205.
[2015/11/04 11:37:27.109] (ERROR) Detected incoming DDoS from 192.168.159.118.
[2015/11/04 11:37:27.109] (INFO) Flushed 92 buffers to disk.
[2015/11/04 11:37:27.109] (INFO) Sending SIGTERM to 2 excess workers.
[2015/11/04 11:37:27.109] (INFO) Network heartbeat check: All OK.
[2015/11/04 11:37:27.109] (ERROR) Device 0x0a62 is offline
[2015/11/04 11:37:27.109] (WARN) Unable to ping monitor at 10.222.216.1. Retrying.
[2015/11/04 11:37:27.109] (INFO) Waiting for master process (PID 56763) to die.
[2015/11/04 11:37:27.109] (INFO) Waiting for master process (PID 3124) to die.
[2015/11/04 11:37:27.109] (INFO) Your mother called. She says you never call her.
[2015/11/04 11:37:27.109] (WARN) Possible cyber-attack from Russia.
[2015/11/04 11:37:27.109] (INFO) Flushed 41 buffers to disk.
[2015/11/04 11:37:27.109] (INFO) Pinging watchdog timer process: Process is alive.
[2015/11/04 11:37:27.109] (WARN) Dropped 9,207 corrupt data packets.
[2015/11/04 11:37:27.109] (INFO) Network heartbeat check: All OK.
[2015/11/04 11:37:27.109] (INFO) Supervisor has entered RUNNING state.
[2015/11/04 11:37:27.109] (INFO) Waiting for master process (PID 48173) to die.
[2015/11/04 11:37:27.109] (INFO) Sending SIGTERM to 4 excess workers.
[2015/11/04 11:37:27.109] (INFO) Backed up all server logs.
[2015/11/04 11:37:27.109] (INFO) Supervisor has entered SUSPENDED state.
[2015/11/04 11:37:27.109] (INFO) .evian ylbirret si emehcs otpyrc ym neht ,siht daer nac uoy fI
[2015/11/04 11:37:27.109] (INFO) User "wpj7239" logged out.
[2015/11/04 11:37:27.109] (INFO) Sending SIGTERM to 3 excess workers.
[2015/11/04 11:37:27.109] (INFO) Your mother called. She says you never call her.
[2015/11/04 11:37:27.109] (INFO) Alien monitor (aliend): Detected no space aliens.
[2015/11/04 11:37:27.109] (WARN) Unable to ping supervisor at 192.168.194.146. Retrying.
[2015/11/04 11:37:27.109] (ERROR) One of the flayrods has gone out askew on treadle.
[2015/11/04 11:37:27.109] (INFO) Network heartbeat check: All OK.
[2015/11/04 11:37:27.109] (INFO) Checkpointing off-heap server memory...
[2015/11/04 11:37:27.109] (INFO) Waiting for monitor process (PID 36805) to die.
[2015/11/04 11:37:27.109] (INFO) Network heartbeat check: All OK.
[2015/11/04 11:37:27.109] (INFO) Device 0x6227 is online.
[2015/11/04 11:37:27.109] (INFO) Checked file systems for errors: All filesystems OK.
[2015/11/04 11:37:27.109] (INFO) Checkpointing off-heap server memory...
[2015/11/04 11:37:27.109] (INFO) Checkpointing off-heap server memory...
[2015/11/04 11:37:27.109] (WARN) Space on disk /dev/sda1 is low: Only 468 MB available.
[2015/11/04 11:37:27.109] (INFO) Waiting for master process (PID 57026) to die.
[2015/11/04 11:37:27.109] (INFO) Pinging watchdog timer process: Process is alive.
[2015/11/04 11:37:27.109] (INFO) Alien monitor (aliend): Detected no space aliens.
[2015/11/04 11:37:27.109] (INFO) Pinging watchdog timer process: Process is alive.
[2015/11/04 11:37:27.109] (INFO) Waiting for supervisor process (PID 54155) to die.
[2015/11/04 11:37:27.109] (WARN) Space on disk /dev/sdb1 is low: Only 365 MB available.
[2015/11/04 11:37:27.109] (INFO) Your mother called. She says you never call her.
[2015/11/04 11:37:27.109] (INFO) Network heartbeat check: All OK.
[2015/11/04 11:37:27.109] (INFO) Sending SIGTERM to 4 excess workers.
[2015/11/04 11:37:27.109] (ERROR) Worker 1 died with SIGPOLL. Restarting it.
[2015/11/04 11:37:27.109] (INFO) Rolling 4 log file(s)...
[2015/11/04 11:37:27.109] (INFO) Checked file systems for errors: All filesystems OK.
[2015/11/04 11:37:27.109] (INFO) Checkpointing off-heap server memory...
[2015/11/04 11:37:27.109] (INFO) Flushed 33 buffers to disk.
[2015/11/04 11:37:27.109] (INFO) Network heartbeat check: All OK.
[2015/11/04 11:37:27.109] (INFO) Device 0xfd56 is online.
[2015/11/04 11:37:27.109] (INFO) User "bol5531" logged in from 10.212.141.121.
[2015/11/04 11:37:27.109] (INFO) Your mother called. She says you never call her.
[2015/11/04 11:37:27.109] (INFO) Checkpointing off-heap server memory...
[2015/11/04 11:37:27.109] (ERROR) Unable to authenticate user "mxj3138": LDAP server isn't responding.
[2015/11/04 11:37:27.608] (INFO) Flushed 46 buffers to disk.
[2015/11/04 11:37:27.608] (INFO) Flushed 52 buffers to disk.
[2015/11/04 11:37:27.608] (INFO) Flushed 21 buffers to disk.
[2015/11/04 11:37:27.608] (INFO) User "ibx8224" logged out.
[2015/11/04 11:37:27.608] (ERROR) Unable to authenticate user "mof7580": LDAP server isn't responding.
[2015/11/04 11:37:27.609] (INFO) User "bfw2198" logged out.
[2015/11/04 11:37:27.609] (INFO) .evian ylbirret si emehcs otpyrc ym neht ,siht daer nac uoy fI
[2015/11/04 11:37:27.609] (INFO) Alien monitor (aliend): Detected no space aliens.
[2015/11/04 11:37:27.609] (WARN) CPU temperature exceeds 40º Celsius.
[2015/11/04 11:37:27.609] (INFO) Flushed 95 buffers to disk.
[2015/11/04 11:37:27.609] (INFO) Flushed 50 buffers to disk.
[2015/11/04 11:37:27.609] (INFO) Checked file systems for errors: All filesystems OK.
[2015/11/04 11:37:27.609] (INFO) User "tii9118" logged in from 192.168.173.128.
[2015/11/04 11:37:27.609] (INFO) Device 0x8480 is online.
[2015/11/04 11:37:27.609] (INFO) Network heartbeat check: All OK.
[2015/11/04 11:37:27.609] (INFO) Your mother called. She says you never call her.
[2015/11/04 11:37:27.609] (INFO) Device 0xabdb is online.
[2015/11/04 11:37:27.609] (INFO) Checked file systems for errors: All filesystems OK.
[2015/11/04 11:37:27.609] (INFO) Waiting for worker process (PID 18547) to die.
[2015/11/04 11:37:27.609] (INFO) User "ixs5248" logged out.
[2015/11/04 11:37:27.609] (WARN) Retrying server log checkpoint.
[2015/11/04 11:37:27.609] (INFO) Your mother called. She says you never call her.
[2015/11/04 11:37:27.609] (INFO) User "gog2415" logged out.
[2015/11/04 11:37:27.609] (INFO) Pinging watchdog timer process: Process is alive.
[2015/11/04 11:37:27.609] (INFO) Alien monitor (aliend): Detected no space aliens.
[2015/11/04 11:37:27.609] (INFO) User "feh7129" logged out.
[2015/11/04 11:37:27.609] (ERROR) Connection to 10.122.210.203 terminated unexpectedly. Reconnecting.
[2015/11/04 11:37:27.609] (INFO) Checkpointing off-heap server memory...
[2015/11/04 11:37:27.609] (INFO) User "qfm6172" logged out due to inactivity (timeout=30 minutes).
[2015/11/04 11:37:27.609] (INFO) Checked file systems for errors: All filesystems OK.
[2015/11/04 11:37:27.609] (INFO) Sending SIGTERM to 3 excess workers.
[2015/11/04 11:37:27.609] (ERROR) Blocked Little Bobby Tables attack (https://xkcd.com/327/) from 10.156.94.204.
[2015/11/04 11:37:27.609] (INFO) Backed up all server logs.
[2015/11/04 11:37:27.609] (INFO) .evian ylbirret si emehcs otpyrc ym neht ,siht daer nac uoy fI
[2015/11/04 11:37:27.609] (INFO) Alien monitor (aliend): Detected no space aliens.
[2015/11/04 11:37:27.609] (INFO) Device 0xc13f is online.
[2015/11/04 11:37:27.609] (WARN) Network heartbeat check: 18 server(s) did not respond.
[2015/11/04 11:37:27.609] (INFO) User "tze6506" logged in from 172.16.58.88.
[2015/11/04 11:37:27.609] (INFO) User "rdt2542" logged out.
[2015/11/04 11:37:27.609] (INFO) Alien monitor (aliend): Detected no space aliens.
[2015/11/04 11:37:27.609] (INFO) Network heartbeat check: All OK.
[2015/11/04 11:37:27.609] (ERROR) "/var/data/KNSqD67190.csv": Permission denied (EACCES)
[2015/11/04 11:37:27.609] (INFO) User "jpf2850" logged out.
[2015/11/04 11:37:27.609] (INFO) Your mother called. She says you never call her.
[2015/11/04 11:37:27.609] (INFO) Flushed 77 buffers to disk.
[2015/11/04 11:37:27.609] (INFO) User "vjs4355" logged out.
[2015/11/04 11:37:27.609] (INFO) Flushed 69 buffers to disk.
[2015/11/04 11:37:27.609] (INFO) Flushed 86 buffers to disk.
[2015/11/04 11:37:27.609] (INFO) Your mother called. She says you never call her.
[2015/11/04 11:37:27.609] (INFO) Sending SIGTERM to 3 excess workers.
[2015/11/04 11:37:27.609] (WARN) CPU temperature exceeds 40º Celsius.
[2015/11/04 11:37:27.609] (INFO) Checkpointing off-heap server memory...
[2015/11/04 11:37:27.609] (INFO) User "bkk2319" logged out.
[2015/11/04 11:37:27.609] (INFO) Device 0xa34c is online.
[2015/11/04 11:37:27.609] (INFO) User "che6384" logged in from 10.181.231.167.
[2015/11/04 11:37:27.609] (INFO) Checked file systems for errors: All filesystems OK.
[2015/11/04 11:37:27.609] (INFO) Checked file systems for errors: All filesystems OK.
[2015/11/04 11:37:27.609] (INFO) .evian ylbirret si emehcs otpyrc ym neht ,siht daer nac uoy fI
[2015/11/04 11:37:27.609] (INFO) Checkpointing off-heap server memory...
[2015/11/04 11:37:27.609] (INFO) Sending SIGTERM to 2 excess workers.
[2015/11/04 11:37:27.609] (INFO) Rolling 3 log file(s)...
[2015/11/04 11:37:27.609] (INFO) Network heartbeat check: All OK.
[2015/11/04 11:37:27.609] (INFO) Alien monitor (aliend): Detected no space aliens.
[2015/11/04 11:37:27.609] (INFO) User "iyj3085" logged out.
[2015/11/04 11:37:27.609] (INFO) User "gwj9727" logged in from 10.203.71.73.
[2015/11/04 11:37:27.609] (INFO) Pinging watchdog timer process: Process is alive.
[2015/11/04 11:37:27.609] (INFO) Supervisor has entered WAITING state.
[2015/11/04 11:37:27.609] (INFO) Pinging watchdog timer process: Process is alive.
[2015/11/04 11:37:27.609] (WARN) Backup server 10.108.224.213 is offline.
[2015/11/04 11:37:27.609] (WARN) Master took 916 ms to respond (threshold=500 ms)
[2015/11/04 11:37:27.609] (WARN) Possible cyber-attack from Nebraska.
[2015/11/04 11:37:27.609] (INFO) Rolling 9 log file(s)...
[2015/11/04 11:37:27.609] (INFO) Backed up all server logs.
[2015/11/04 11:37:27.609] (INFO) Your mother called. She says you never call her.
[2015/11/04 11:37:27.609] (INFO) User "ian9387" logged out.
[2015/11/04 11:37:27.609] (INFO) .evian ylbirret si emehcs otpyrc ym neht ,siht daer nac uoy fI
[2015/11/04 11:37:27.609] (INFO) Sending SIGTERM to 2 excess workers.
[2015/11/04 11:37:27.609] (INFO) Alien monitor (aliend): Detected no space aliens.
[2015/11/04 11:37:27.609] (ERROR) Blocked Little Bobby Tables attack (https://xkcd.com/327/) from 10.172.133.73.
[2015/11/04 11:37:27.609] (INFO) Supervisor has entered WAITING state.
[2015/11/04 11:37:27.609] (INFO) Checkpointing off-heap server memory...
[2015/11/04 11:37:27.609] (INFO) Checkpointing off-heap server memory...
[2015/11/04 11:37:27.609] (INFO) Supervisor has entered WAITING state.
[2015/11/04 11:37:27.609] (INFO) Checked file systems for errors: All filesystems OK.
[2015/11/04 11:37:27.609] (INFO) Checked file systems for errors: All filesystems OK.
[2015/11/04 11:37:27.609] (INFO) Checkpointing off-heap server memory...
[2015/11/04 11:37:27.609] (INFO) Backed up all server logs.
[2015/11/04 11:37:27.609] (INFO) Supervisor has entered RESTARTING state.
[2015/11/04 11:37:27.609] (INFO) Backed up all server logs.
[2015/11/04 11:37:27.609] (INFO) Alien monitor (aliend): Detected no space aliens.
[2015/11/04 11:37:27.609] (ERROR) Detected clock skew! Restarting NTP server.
[2015/11/04 11:37:27.609] (INFO) Your mother called. She says you never call her.
[2015/11/04 11:37:27.609] (INFO) Pinging watchdog timer process: Process is alive.
[2015/11/04 11:37:27.609] (INFO) Device 0x1ae1 is online.
[2015/11/04 11:37:27.609] (INFO) Network heartbeat check: All OK.
[2015/11/04 11:37:27.609] (WARN) Possible cyber-attack from a small unnamed island.
[2015/11/04 11:37:27.609] (INFO) Rolling 6 log file(s)...
[2015/11/04 11:37:27.609] (INFO) Pinging watchdog timer process: Process is alive.
[2015/11/04 11:37:27.609] (INFO) Backed up all server logs.
[2015/11/04 11:37:27.609] (ERROR) Alien monitor (aliend): 4 space aliens are fiddling with the hardware!
[2015/11/04 11:37:28.109] (INFO) Supervisor has entered RUNNING state.
[2015/11/04 11:37:28.109] (INFO) Network heartbeat check: All OK.
[2015/11/04 11:37:28.109] (INFO) Flushed 60 buffers to disk.
[2015/11/04 11:37:28.109] (WARN) Possible cyber-attack from The Cayman Islands.
[2015/11/04 11:37:28.109] (INFO) Checkpointing off-heap server memory...
[2015/11/04 11:37:28.109] (WARN) Possible cyber-attack from a small unnamed island.
[2015/11/04 11:37:28.109] (INFO) Flushed 22 buffers to disk.
[2015/11/04 11:37:28.109] (INFO) Checkpointing off-heap server memory...
[2015/11/04 11:37:28.109] (INFO) Your mother called. She says you never call her.
[2015/11/04 11:37:28.109] (INFO) Flushed 53 buffers to disk.
[2015/11/04 11:37:28.109] (INFO) Alien monitor (aliend): Detected no space aliens.
[2015/11/04 11:37:28.109] (INFO) Your mother called. She says you never call her.
[2015/11/04 11:37:28.109] (INFO) Waiting for monitor process (PID 62840) to die.
[2015/11/04 11:37:28.109] (ERROR) Device 0x1296 is offline
[2015/11/04 11:37:28.109] (INFO) Flushed 39 buffers to disk.
[2015/11/04 11:37:28.109] (INFO) User "qqn2406" logged out due to inactivity (timeout=30 minutes).
[2015/11/04 11:37:28.109] (INFO) Backed up all server logs.
[2015/11/04 11:37:28.109] (INFO) Supervisor has entered RUNNING state.
[2015/11/04 11:37:28.109] (INFO) Backed up all server logs.
[2015/11/04 11:37:28.109] (INFO) Checkpointing off-heap server memory...
[2015/11/04 11:37:28.109] (INFO) User "tjn2670" logged in from 172.16.57.118.
[2015/11/04 11:37:28.109] (INFO) Rolling 7 log file(s)...
[2015/11/04 11:37:28.109] (WARN) Master took 721 ms to respond (threshold=500 ms)
[2015/11/04 11:37:28.109] (INFO) Alien monitor (aliend): Detected no space aliens.
[2015/11/04 11:37:28.109] (INFO) User "ynx4346" logged in from 192.168.172.234.
[2015/11/04 11:37:28.109] (INFO) Supervisor has entered WAITING state.
[2015/11/04 11:37:28.109] (INFO) Device 0xc890 is online.
[2015/11/04 11:37:28.109] (INFO) User "wwy4870" logged out due to inactivity (timeout=30 minutes).
[2015/11/04 11:37:28.109] (INFO) .evian ylbirret si emehcs otpyrc ym neht ,siht daer nac uoy fI
[2015/11/04 11:37:28.109] (INFO) User "oxb8370" logged out.
[2015/11/04 11:37:28.109] (INFO) Checked file systems for errors: All filesystems OK.
[2015/11/04 11:37:28.109] (INFO) Sending SIGTERM to 2 excess workers.
[2015/11/04 11:37:28.109] (INFO) Network heartbeat check: All OK.
[2015/11/04 11:37:28.109] (INFO) User "oao5300" logged out.
[2015/11/04 11:37:28.109] (ERROR) Unable to write to "/var/data/VWsQl59717.parquet": Permission denied (EACCES)
[2015/11/04 11:37:28.109] (INFO) Waiting for worker process (PID 31243) to die.
[2015/11/04 11:37:28.109] (ERROR) /dev/lp error: "PC LOAD LETTER"
[2015/11/04 11:37:28.109] (INFO) Backed up all server logs.
[2015/11/04 11:37:28.109] (INFO) .evian ylbirret si emehcs otpyrc ym neht ,siht daer nac uoy fI
[2015/11/04 11:37:28.109] (INFO) Alien monitor (aliend): Detected no space aliens.
[2015/11/04 11:37:28.109] (INFO) Pinging watchdog timer process: Process is alive.
[2015/11/04 11:37:28.109] (WARN) Watchdog timer crashed. Restarting it.
[2015/11/04 11:37:28.109] (INFO) Network heartbeat check: All OK.
[2015/11/04 11:37:28.109] (INFO) Supervisor has entered SUSPENDED state.
[2015/11/04 11:37:28.109] (INFO) Your mother called. She says you never call her.
[2015/11/04 11:37:28.109] (WARN) CPU temperature exceeds 40º Celsius.
[2015/11/04 11:37:28.109] (INFO) Alien monitor (aliend): Detected no space aliens.
[2015/11/04 11:37:28.109] (ERROR) Unable to write to "/var/data/HLaCt57958.xslx": Permission denied (EACCES)
[2015/11/04 11:37:28.109] (INFO) User "yue7718" logged out due to inactivity (timeout=30 minutes).
[2015/11/04 11:37:28.109] (INFO) Network heartbeat check: All OK.
[2015/11/04 11:37:28.109] (INFO) Checkpointing off-heap server memory...
[2015/11/04 11:37:28.109] (INFO) .evian ylbirret si emehcs otpyrc ym neht ,siht daer nac uoy fI
[2015/11/04 11:37:28.109] (INFO) Your mother called. She says you never call her.
[2015/11/04 11:37:28.109] (ERROR) Detected clock skew! Restarting NTP server.
[2015/11/04 11:37:28.109] (INFO) Pinging watchdog timer process: Process is alive.
[2015/11/04 11:37:28.109] (ERROR) Unable to mount /dev/sdb4. (Time to run fsck?)
[2015/11/04 11:37:28.109] (INFO) Checked file systems for errors: All filesystems OK.
[2015/11/04 11:37:28.109] (INFO) Sending SIGTERM to 4 excess workers.
[2015/11/04 11:37:28.109] (INFO) User "aql4125" logged in from 172.16.89.36.
[2015/11/04 11:37:28.109] (INFO) .evian ylbirret si emehcs otpyrc ym neht ,siht daer nac uoy fI
[2015/11/04 11:37:28.109] (INFO) User "rll3898" logged out.
[2015/11/04 11:37:28.109] (ERROR) /dev/lp error: "PC LOAD LETTER"
[2015/11/04 11:37:28.109] (INFO) User "gpo8381" logged in from 172.16.83.246.
[2015/11/04 11:37:28.109] (INFO) Backed up all server logs.
[2015/11/04 11:37:28.109] (INFO) Sending SIGTERM to 2 excess workers.
[2015/11/04 11:37:28.109] (INFO) User "tnt8439" logged in from 10.46.21.174.
[2015/11/04 11:37:28.109] (INFO) Waiting for supervisor process (PID 35995) to die.
[2015/11/04 11:37:28.109] (INFO) Your mother called. She says you never call her.
[2015/11/04 11:37:28.109] (INFO) .evian ylbirret si emehcs otpyrc ym neht ,siht daer nac uoy fI
[2015/11/04 11:37:28.109] (ERROR) Detected incoming DDoS from 172.16.12.153.
[2015/11/04 11:37:28.109] (INFO) User "xtj5347" logged out.
[2015/11/04 11:37:28.109] (INFO) Checkpointing off-heap server memory...
[2015/11/04 11:37:28.109] (INFO) Backed up all server logs.
[2015/11/04 11:37:28.109] (INFO) Waiting for monitor process (PID 31321) to die.
[2015/11/04 11:37:28.109] (WARN) CPU temperature exceeds 40º Celsius.
[2015/11/04 11:37:28.109] (ERROR) Failed to write checkpoint file "/var/checkpoint/ylRAV88993: No space left on device (ENOSPC)
[2015/11/04 11:37:28.109] (WARN) Backup server 10.216.23.118 is offline.
[2015/11/04 11:37:28.109] (INFO) Pinging watchdog timer process: Process is alive.
[2015/11/04 11:37:28.109] (INFO) Checked file systems for errors: All filesystems OK.
[2015/11/04 11:37:28.109] (WARN) Master took 906 ms to respond (threshold=500 ms)
[2015/11/04 11:37:28.109] (INFO) Supervisor has entered WAITING state.
[2015/11/04 11:37:28.109] (INFO) .evian ylbirret si emehcs otpyrc ym neht ,siht daer nac uoy fI
[2015/11/04 11:37:28.109] (WARN) Watchdog timer crashed. Restarting it.
[2015/11/04 11:37:28.109] (WARN) Master took 895 ms to respond (threshold=500 ms)
[2015/11/04 11:37:28.109] (INFO) Rolling 9 log file(s)...
[2015/11/04 11:37:28.109] (INFO) Network heartbeat check: All OK.
[2015/11/04 11:37:28.109] (INFO) Supervisor has entered SUSPENDED state.
[2015/11/04 11:37:28.109] (INFO) Network heartbeat check: All OK.
[2015/11/04 11:37:28.109] (INFO) Supervisor has entered RUNNING state.
[2015/11/04 11:37:28.109] (INFO) User "ahb1599" logged out.
[2015/11/04 11:37:28.109] (INFO) User "iny8763" logged out.
[2015/11/04 11:37:28.109] (INFO) Pinging watchdog timer process: Process is alive.
[2015/11/04 11:37:28.109] (ERROR) CPU temperature exceeds 50º Celsius. Shutting down.
[2015/11/04 11:37:28.109] (INFO) Checkpointing off-heap server memory...
[2015/11/04 11:37:28.109] (INFO) Alien monitor (aliend): Detected no space aliens.
[2015/11/04 11:37:28.109] (WARN) Space on disk /dev/sdb3 is low: Only 219 MB available.
[2015/11/04 11:37:28.109] (WARN) Watchdog timer crashed. Restarting it.
[2015/11/04 11:37:28.109] (INFO) Backed up all server logs.
[2015/11/04 11:37:28.109] (INFO) Pinging watchdog timer process: Process is alive.
[2015/11/04 11:37:28.109] (INFO) Checkpointing off-heap server memory...
[2015/11/04 11:37:28.608] (INFO) User "oja9386" logged out due to inactivity (timeout=30 minutes).
[2015/11/04 11:37:28.608] (INFO) Pinging watchdog timer process: Process is alive.
[2015/11/04 11:37:28.608] (INFO) User "amg8896" logged in from 172.16.7.157.
[2015/11/04 11:37:28.608] (INFO) User "mnh1512" logged in from 10.216.178.11.
[2015/11/04 11:37:28.608] (INFO) Flushed 91 buffers to disk.
[2015/11/04 11:37:28.608] (INFO) Sending SIGTERM to 2 excess workers.
[2015/11/04 11:37:28.608] (INFO) Checked file systems for errors: All filesystems OK.
[2015/11/04 11:37:28.608] (INFO) User "lkv2087" logged out.
[2015/11/04 11:37:28.608] (INFO) .evian ylbirret si emehcs otpyrc ym neht ,siht daer nac uoy fI
[2015/11/04 11:37:28.608] (INFO) Rolling 3 log file(s)...
[2015/11/04 11:37:28.608] (INFO) User "oyu1055" logged out.
[2015/11/04 11:37:28.608] (WARN) CPU temperature exceeds 40º Celsius.
[2015/11/04 11:37:28.608] (INFO) Supervisor has entered RESTARTING state.
[2015/11/04 11:37:28.608] (INFO) Pinging watchdog timer process: Process is alive.
[2015/11/04 11:37:28.608] (WARN) Space on disk /dev/sdd2 is low: Only 307 MB available.
[2015/11/04 11:37:28.608] (WARN) Backup server 172.16.116.92 is offline.
[2015/11/04 11:37:28.608] (INFO) Device 0x26fc is online.
[2015/11/04 11:37:28.608] (INFO) .evian ylbirret si emehcs otpyrc ym neht ,siht daer nac uoy fI
[2015/11/04 11:37:28.608] (INFO) Sending SIGTERM to 3 excess workers.
[2015/11/04 11:37:28.608] (WARN) Ignoring SIGTERM. It's not that easy to get rid of me.
[2015/11/04 11:37:28.608] (INFO) Alien monitor (aliend): Detected no space aliens.
[2015/11/04 11:37:28.608] (ERROR) Network heartbeat check FAILED: Master host down?
[2015/11/04 11:37:28.608] (INFO) Checked file systems for errors: All filesystems OK.
[2015/11/04 11:37:28.608] (INFO) Your mother called. She says you never call her.
[2015/11/04 11:37:28.608] (INFO) Your mother called. She says you never call her.
[2015/11/04 11:37:28.608] (INFO) Your mother called. She says you never call her.
[2015/11/04 11:37:28.608] (ERROR) Worker 5 died with SIGSEGV. Restarting it.
[2015/11/04 11:37:28.608] (WARN) Retrying server log checkpoint.
[2015/11/04 11:37:28.608] (INFO) User "zqt7397" logged out.
[2015/11/04 11:37:28.608] (INFO) Device 0x1da9 is online.
[2015/11/04 11:37:28.608] (INFO) Pinging watchdog timer process: Process is alive.
[2015/11/04 11:37:28.608] (INFO) Checked file systems for errors: All filesystems OK.
[2015/11/04 11:37:28.608] (WARN) Network heartbeat check: 4 server(s) did not respond.
[2015/11/04 11:37:28.608] (INFO) Pinging watchdog timer process: Process is alive.
[2015/11/04 11:37:28.608] (INFO) User "ihx9309" logged in from 172.16.172.231.
[2015/11/04 11:37:28.608] (INFO) Checked file systems for errors: All filesystems OK.
[2015/11/04 11:37:28.608] (INFO) Waiting for worker process (PID 18589) to die.
[2015/11/04 11:37:28.608] (ERROR) Alien monitor (aliend): 2 space aliens are fiddling with the hardware!
[2015/11/04 11:37:28.608] (INFO) Checked file systems for errors: All filesystems OK.
[2015/11/04 11:37:28.608] (INFO) Alien monitor (aliend): Detected no space aliens.
[2015/11/04 11:37:28.608] (INFO) Alien monitor (aliend): Detected no space aliens.
[2015/11/04 11:37:28.608] (INFO) Alien monitor (aliend): Detected no space aliens.
[2015/11/04 11:37:28.608] (WARN) Watchdog timer crashed. Restarting it.
[2015/11/04 11:37:28.608] (INFO) User "pui7763" logged out due to inactivity (timeout=30 minutes).
[2015/11/04 11:37:28.608] (INFO) User "uhs8900" logged out.
[2015/11/04 11:37:28.608] (INFO) Flushed 59 buffers to disk.
[2015/11/04 11:37:28.608] (ERROR) /dev/lp error: "PC LOAD LETTER"
[2015/11/04 11:37:28.608] (INFO) Your mother called. She says you never call her.
[2015/11/04 11:37:28.608] (WARN) Possible cyber-attack from Nebraska.
[2015/11/04 11:37:28.608] (INFO) Checked file systems for errors: All filesystems OK.
[2015/11/04 11:37:28.608] (ERROR) "/var/data/zfuTe84396.tar.gz": Permission denied (EACCES)
[2015/11/04 11:37:28.608] (INFO) Network heartbeat check: All OK.
[2015/11/04 11:37:28.608] (INFO) .evian ylbirret si emehcs otpyrc ym neht ,siht daer nac uoy fI
[2015/11/04 11:37:28.608] (INFO) Pinging watchdog timer process: Process is alive.
[2015/11/04 11:37:28.608] (INFO) Rolling 2 log file(s)...
[2015/11/04 11:37:28.608] (INFO) Backed up all server logs.
[2015/11/04 11:37:28.608] (INFO) Checked file systems for errors: All filesystems OK.
[2015/11/04 11:37:28.608] (ERROR) Failed to write checkpoint file "/var/checkpoint/uVPHX63632: No space left on device (ENOSPC)
[2015/11/04 11:37:28.608] (INFO) Network heartbeat check: All OK.
[2015/11/04 11:37:28.608] (INFO) Supervisor has entered WAITING state.
[2015/11/04 11:37:28.608] (INFO) Flushed 84 buffers to disk.
[2015/11/04 11:37:28.608] (INFO) Alien monitor (aliend): Detected no space aliens.
[2015/11/04 11:37:28.608] (INFO) Network heartbeat check: All OK.
[2015/11/04 11:37:28.608] (INFO) Network heartbeat check: All OK.
[2015/11/04 11:37:28.608] (INFO) Checkpointing off-heap server memory...
[2015/11/04 11:37:28.609] (INFO) Flushed 34 buffers to disk.
[2015/11/04 11:37:28.609] (ERROR) Directory index of "/var/data" is forbidden.
[2015/11/04 11:37:28.609] (INFO) Backed up all server logs.
[2015/11/04 11:37:28.609] (INFO) Checkpointing off-heap server memory...
[2015/11/04 11:37:28.609] (INFO) Rolling 4 log file(s)...
[2015/11/04 11:37:28.609] (INFO) Backed up all server logs.
[2015/11/04 11:37:28.609] (INFO) User "mvz2811" logged out.
[2015/11/04 11:37:28.609] (INFO) .evian ylbirret si emehcs otpyrc ym neht ,siht daer nac uoy fI
[2015/11/04 11:37:28.609] (WARN) Retrying server log checkpoint.
[2015/11/04 11:37:28.609] (INFO) Waiting for supervisor process (PID 59344) to die.
[2015/11/04 11:37:28.609] (INFO) Device 0xfc3e is online.
[2015/11/04 11:37:28.609] (INFO) Rolling 9 log file(s)...
[2015/11/04 11:37:28.609] (INFO) Waiting for monitor process (PID 20950) to die.
[2015/11/04 11:37:28.609] (INFO) Pinging watchdog timer process: Process is alive.
[2015/11/04 11:37:28.609] (INFO) Device 0x2ac7 is online.
[2015/11/04 11:37:28.609] (INFO) Backed up all server logs.
[2015/11/04 11:37:28.609] (INFO) Device 0xed88 is online.
[2015/11/04 11:37:28.609] (INFO) Checkpointing off-heap server memory...
[2015/11/04 11:37:28.609] (INFO) User "cay3279" logged out due to inactivity (timeout=30 minutes).
[2015/11/04 11:37:28.609] (ERROR) Unable to mount /dev/sdd3. (Time to run fsck?)
[2015/11/04 11:37:28.609] (WARN) Space on disk /dev/sdb3 is low: Only 701 MB available.
[2015/11/04 11:37:28.609] (WARN) Retrying server log checkpoint.
[2015/11/04 11:37:28.609] (INFO) Checkpointing off-heap server memory...
[2015/11/04 11:37:28.609] (INFO) Backed up all server logs.
[2015/11/04 11:37:28.609] (INFO) Checked file systems for errors: All filesystems OK.
[2015/11/04 11:37:28.609] (INFO) Your mother called. She says you never call her.
[2015/11/04 11:37:28.609] (INFO) Device 0xa5b4 is online.
[2015/11/04 11:37:28.609] (INFO) Flushed 28 buffers to disk.
[2015/11/04 11:37:28.609] (INFO) Checked file systems for errors: All filesystems OK.
[2015/11/04 11:37:28.609] (WARN) Dropped 11,773 corrupt data packets.
[2015/11/04 11:37:28.609] (ERROR) Network heartbeat check FAILED: Master host down?
[2015/11/04 11:37:28.609] (ERROR) Network heartbeat check FAILED: Master host down?
[2015/11/04 11:37:28.609] (INFO) Sending SIGTERM to 2 excess workers.
[2015/11/04 11:37:28.609] (WARN) Space on disk /dev/sdf1 is low: Only 324 MB available.
[2015/11/04 11:37:28.609] (INFO) Flushed 77 buffers to disk.
[2015/11/04 11:37:29.108] (INFO) Alien monitor (aliend): Detected no space aliens.
[2015/11/04 11:37:29.108] (WARN) Backup server 172.16.170.239 is offline.
[2015/11/04 11:37:29.108] (INFO) Sending SIGTERM to 3 excess workers.
[2015/11/04 11:37:29.108] (ERROR) "/var/data/DQXcd71395.tsv": No such file or directory (ENOENT)
[2015/11/04 11:37:29.108] (INFO) Checkpointing off-heap server memory...
[2015/11/04 11:37:29.108] (INFO) Your mother called. She says you never call her.
[2015/11/04 11:37:29.108] (INFO) Flushed 46 buffers to disk.
[2015/11/04 11:37:29.108] (INFO) Device 0xb728 is online.
[2015/11/04 11:37:29.108] (INFO) Network heartbeat check: All OK.
[2015/11/04 11:37:29.108] (INFO) Sending SIGTERM to 3 excess workers.
[2015/11/04 11:37:29.108] (INFO) Sending SIGTERM to 2 excess workers.
[2015/11/04 11:37:29.108] (INFO) User "bpr9630" logged out.
[2015/11/04 11:37:29.108] (INFO) Alien monitor (aliend): Detected no space aliens.
[2015/11/04 11:37:29.108] (INFO) Pinging watchdog timer process: Process is alive.
[2015/11/04 11:37:29.108] (INFO) Rolling 3 log file(s)...
[2015/11/04 11:37:29.108] (INFO) Rolling 2 log file(s)...
[2015/11/04 11:37:29.108] (INFO) Device 0x796f is online.
[2015/11/04 11:37:29.108] (WARN) Master took 804 ms to respond (threshold=500 ms)
[2015/11/04 11:37:29.108] (INFO) Your mother called. She says you never call her.
[2015/11/04 11:37:29.108] (WARN) Possible cyber-attack from Mars.
[2015/11/04 11:37:29.108] (INFO) Flushed 32 buffers to disk.
[2015/11/04 11:37:29.108] (INFO) Flushed 44 buffers to disk.
[2015/11/04 11:37:29.108] (ERROR) CPU temperature exceeds 50º Celsius. Shutting down.
[2015/11/04 11:37:29.108] (INFO) User "qpx9210" logged in from 10.0.226.99.
[2015/11/04 11:37:29.108] (INFO) Waiting for supervisor process (PID 36575) to die.
[2015/11/04 11:37:29.108] (INFO) Checkpointing off-heap server memory...
[2015/11/04 11:37:29.109] (INFO) Supervisor has entered WAITING state.
[2015/11/04 11:37:29.109] (INFO) Backed up all server logs.
[2015/11/04 11:37:29.109] (INFO) User "azn2477" logged out due to inactivity (timeout=30 minutes).
[2015/11/04 11:37:29.109] (INFO) User "mhi6728" logged in from 10.236.176.96.
[2015/11/04 11:37:29.109] (WARN) Master took 558 ms to respond (threshold=500 ms)
[2015/11/04 11:37:29.109] (INFO) Sending SIGTERM to 4 excess workers.
[2015/11/04 11:37:29.109] (INFO) Pinging watchdog timer process: Process is alive.
[2015/11/04 11:37:29.109] (INFO) Alien monitor (aliend): Detected no space aliens.
[2015/11/04 11:37:29.109] (INFO) User "kkb5935" logged out.
[2015/11/04 11:37:29.109] (INFO) User "uhs8877" logged out due to inactivity (timeout=30 minutes).
[2015/11/04 11:37:29.109] (WARN) CPU temperature exceeds 40º Celsius.
[2015/11/04 11:37:29.109] (INFO) User "jjo8663" logged out.
[2015/11/04 11:37:29.109] (INFO) Device 0x36c8 is online.
[2015/11/04 11:37:29.109] (INFO) Supervisor has entered SUSPENDED state.
[2015/11/04 11:37:29.109] (INFO) Your mother called. She says you never call her.
[2015/11/04 11:37:29.109] (INFO) Checked file systems for errors: All filesystems OK.
[2015/11/04 11:37:29.109] (INFO) User "zqc2858" logged out.
[2015/11/04 11:37:29.109] (WARN) CPU temperature exceeds 40º Celsius.
[2015/11/04 11:37:29.109] (INFO) User "tmq1893" logged out due to inactivity (timeout=30 minutes).
[2015/11/04 11:37:29.109] (INFO) Backed up all server logs.
[2015/11/04 11:37:29.109] (WARN) Dropped 5,204 corrupt data packets.
[2015/11/04 11:37:29.109] (INFO) Sending SIGTERM to 3 excess workers.
[2015/11/04 11:37:29.109] (INFO) Checked file systems for errors: All filesystems OK.
[2015/11/04 11:37:29.109] (INFO) User "kwu3269" logged out due to inactivity (timeout=30 minutes).
[2015/11/04 11:37:29.109] (ERROR) Blocked Little Bobby Tables attack (https://xkcd.com/327/) from 192.168.210.61.
[2015/11/04 11:37:29.109] (INFO) Checkpointing off-heap server memory...
[2015/11/04 11:37:29.109] (WARN) Master took 877 ms to respond (threshold=500 ms)
[2015/11/04 11:37:29.109] (INFO) Supervisor has entered SUSPENDED state.
[2015/11/04 11:37:29.109] (INFO) Backed up all server logs.
[2015/11/04 11:37:29.109] (INFO) User "sii4425" logged in from 172.16.178.218.
[2015/11/04 11:37:29.109] (WARN) Master took 835 ms to respond (threshold=500 ms)
[2015/11/04 11:37:29.109] (INFO) Flushed 69 buffers to disk.
[2015/11/04 11:37:29.109] (INFO) User "agw4514" logged in from 172.16.21.201.
[2015/11/04 11:37:29.109] (INFO) Network heartbeat check: All OK.
[2015/11/04 11:37:29.109] (INFO) User "ovf8486" logged out due to inactivity (timeout=30 minutes).
[2015/11/04 11:37:29.109] (INFO) .evian ylbirret si emehcs otpyrc ym neht ,siht daer nac uoy fI
[2015/11/04 11:37:29.109] (INFO) Pinging watchdog timer process: Process is alive.
[2015/11/04 11:37:29.109] (WARN) Network heartbeat check: 4 server(s) did not respond.
[2015/11/04 11:37:29.109] (INFO) Sending SIGTERM to 4 excess workers.
[2015/11/04 11:37:29.109] (WARN) Master took 601 ms to respond (threshold=500 ms)
[2015/11/04 11:37:29.109] (INFO) Alien monitor (aliend): Detected no space aliens.
[2015/11/04 11:37:29.109] (INFO) Checked file systems for errors: All filesystems OK.
[2015/11/04 11:37:29.109] (INFO) Waiting for worker process (PID 31328) to die.
[2015/11/04 11:37:29.109] (WARN) Watchdog timer crashed. Restarting it.
[2015/11/04 11:37:29.109] (INFO) Waiting for monitor process (PID 3265) to die.
[2015/11/04 11:37:29.109] (INFO) Network heartbeat check: All OK.
[2015/11/04 11:37:29.109] (INFO) Pinging watchdog timer process: Process is alive.
[2015/11/04 11:37:29.109] (INFO) Checked file systems for errors: All filesystems OK.
[2015/11/04 11:37:29.109] (INFO) Alien monitor (aliend): Detected no space aliens.
[2015/11/04 11:37:29.109] (WARN) Unable to ping master at 192.168.6.43. Retrying.
[2015/11/04 11:37:29.109] (INFO) User "pdx5399" logged out.
[2015/11/04 11:37:29.109] (WARN) Master took 886 ms to respond (threshold=500 ms)
[2015/11/04 11:37:29.109] (WARN) Network heartbeat check: 12 server(s) did not respond.
[2015/11/04 11:37:29.109] (INFO) Pinging watchdog timer process: Process is alive.
[2015/11/04 11:37:29.109] (INFO) Pinging watchdog timer process: Process is alive.
[2015/11/04 11:37:29.109] (WARN) Master took 690 ms to respond (threshold=500 ms)
[2015/11/04 11:37:29.109] (INFO) .evian ylbirret si emehcs otpyrc ym neht ,siht daer nac uoy fI
[2015/11/04 11:37:29.109] (INFO) Alien monitor (aliend): Detected no space aliens.
[2015/11/04 11:37:29.109] (INFO) User "mic7610" logged in from 192.168.244.7.
[2015/11/04 11:37:29.109] (INFO) .evian ylbirret si emehcs otpyrc ym neht ,siht daer nac uoy fI
[2015/11/04 11:37:29.109] (INFO) Checked file systems for errors: All filesystems OK.
[2015/11/04 11:37:29.109] (INFO) Backed up all server logs.
[2015/11/04 11:37:29.109] (INFO) Rolling 2 log file(s)...
[2015/11/04 11:37:29.109] (ERROR) Alien monitor (aliend): 2 space aliens are fiddling with the hardware!
[2015/11/04 11:37:29.109] (INFO) Your mother called. She says you never call her.
[2015/11/04 11:37:29.109] (INFO) Your mother called. She says you never call her.
[2015/11/04 11:37:29.109] (ERROR) Unable to write to "/var/data/EamjI95535.zip": Permission denied (EACCES)
[2015/11/04 11:37:29.109] (INFO) Alien monitor (aliend): Detected no space aliens.
[2015/11/04 11:37:29.109] (INFO) Your mother called. She says you never call her.
[2015/11/04 11:37:29.109] (INFO) Pinging watchdog timer process: Process is alive.
[2015/11/04 11:37:29.109] (ERROR) Server log backup FAILED. See backup logs.
[2015/11/04 11:37:29.109] (INFO) .evian ylbirret si emehcs otpyrc ym neht ,siht daer nac uoy fI
[2015/11/04 11:37:29.109] (INFO) Rolling 2 log file(s)...
[2015/11/04 11:37:29.109] (INFO) Backed up all server logs.
[2015/11/04 11:37:29.608] (WARN) Ignoring SIGTERM. It's not that easy to get rid of me.
[2015/11/04 11:37:29.608] (ERROR) Directory index of "/var/data" is forbidden.
[2015/11/04 11:37:29.608] (INFO) Checked file systems for errors: All filesystems OK.
[2015/11/04 11:37:29.608] (WARN) Space on disk /dev/sdb2 is low: Only 602 MB available.
[2015/11/04 11:37:29.608] (INFO) User "okg3633" logged in from 172.16.133.246.
[2015/11/04 11:37:29.608] (INFO) Rolling 6 log file(s)...
[2015/11/04 11:37:29.608] (WARN) CPU temperature exceeds 40º Celsius.
[2015/11/04 11:37:29.608] (ERROR) Detected clock skew! Restarting NTP server.
[2015/11/04 11:37:29.608] (INFO) User "cgv1541" logged out.
[2015/11/04 11:37:29.608] (INFO) Network heartbeat check: All OK.
[2015/11/04 11:37:29.608] (WARN) Master took 769 ms to respond (threshold=500 ms)
[2015/11/04 11:37:29.608] (ERROR) Device 0x3c5a is offline
[2015/11/04 11:37:29.608] (ERROR) CPU temperature exceeds 50º Celsius. Shutting down.
[2015/11/04 11:37:29.608] (INFO) User "cmx9136" logged in from 192.168.230.90.
[2015/11/04 11:37:29.608] (INFO) Supervisor has entered WAITING state.
[2015/11/04 11:37:29.608] (INFO) Your mother called. She says you never call her.
[2015/11/04 11:37:29.608] (INFO) User "euz2696" logged out.
[2015/11/04 11:37:29.608] (INFO) User "phd3716" logged out due to inactivity (timeout=30 minutes).
[2015/11/04 11:37:29.608] (INFO) Pinging watchdog timer process: Process is alive.
[2015/11/04 11:37:29.608] (INFO) Device 0xd73d is online.
[2015/11/04 11:37:29.608] (INFO) User "kvr1011" logged out.
[2015/11/04 11:37:29.608] (INFO) .evian ylbirret si emehcs otpyrc ym neht ,siht daer nac uoy fI
[2015/11/04 11:37:29.608] (INFO) .evian ylbirret si emehcs otpyrc ym neht ,siht daer nac uoy fI
[2015/11/04 11:37:29.609] (INFO) User "ooj4213" logged out due to inactivity (timeout=30 minutes).
[2015/11/04 11:37:29.609] (INFO) User "xne5594" logged in from 10.167.173.98.
[2015/11/04 11:37:29.609] (INFO) Checkpointing off-heap server memory...
[2015/11/04 11:37:29.609] (INFO) Checkpointing off-heap server memory...
[2015/11/04 11:37:29.609] (INFO) Network heartbeat check: All OK.
[2015/11/04 11:37:29.609] (INFO) Backed up all server logs.
[2015/11/04 11:37:29.609] (INFO) Flushed 71 buffers to disk.
[2015/11/04 11:37:29.609] (WARN) CPU temperature exceeds 40º Celsius.
[2015/11/04 11:37:29.609] (INFO) Flushed 66 buffers to disk.
[2015/11/04 11:37:29.609] (INFO) Your mother called. She says you never call her.
[2015/11/04 11:37:29.609] (INFO) Backed up all server logs.
[2015/11/04 11:37:29.609] (INFO) Backed up all server logs.
[2015/11/04 11:37:29.609] (ERROR) Connection to 192.168.114.96 terminated unexpectedly. Reconnecting.
[2015/11/04 11:37:29.609] (ERROR) One of the flayrods has gone out askew on treadle.
[2015/11/04 11:37:29.609] (INFO) Sending SIGTERM to 2 excess workers.
[2015/11/04 11:37:29.609] (INFO) .evian ylbirret si emehcs otpyrc ym neht ,siht daer nac uoy fI
[2015/11/04 11:37:29.609] (INFO) Supervisor has entered RESTARTING state.
[2015/11/04 11:37:29.609] (INFO) Your mother called. She says you never call her.
[2015/11/04 11:37:29.609] (INFO) Supervisor has entered RESTARTING state.
[2015/11/04 11:37:29.609] (INFO) .evian ylbirret si emehcs otpyrc ym neht ,siht daer nac uoy fI
[2015/11/04 11:37:29.609] (INFO) Pinging watchdog timer process: Process is alive.
[2015/11/04 11:37:29.609] (INFO) Device 0x871e is online.
[2015/11/04 11:37:29.609] (INFO) Checked file systems for errors: All filesystems OK.
[2015/11/04 11:37:29.609] (INFO) Pinging watchdog timer process: Process is alive.
[2015/11/04 11:37:29.609] (INFO) Sending SIGTERM to 4 excess workers.
[2015/11/04 11:37:29.609] (WARN) Retrying server log checkpoint.
[2015/11/04 11:37:29.609] (WARN) Dropped 7,066 corrupt data packets.
[2015/11/04 11:37:29.609] (INFO) Pinging watchdog timer process: Process is alive.
[2015/11/04 11:37:29.609] (INFO) Your mother called. She says you never call her.
[2015/11/04 11:37:29.609] (INFO) Supervisor has entered RESTARTING state.
[2015/11/04 11:37:29.609] (INFO) Alien monitor (aliend): Detected no space aliens.
[2015/11/04 11:37:29.609] (INFO) .evian ylbirret si emehcs otpyrc ym neht ,siht daer nac uoy fI
[2015/11/04 11:37:29.609] (INFO) Supervisor has entered WAITING state.
[2015/11/04 11:37:29.609] (INFO) Device 0x781b is online.
[2015/11/04 11:37:29.609] (ERROR) Unable to authenticate user "zun7205": LDAP server isn't responding.
[2015/11/04 11:37:29.609] (INFO) Checked file systems for errors: All filesystems OK.
[2015/11/04 11:37:29.609] (INFO) Supervisor has entered RUNNING state.
[2015/11/04 11:37:29.609] (INFO) Sending SIGTERM to 2 excess workers.
[2015/11/04 11:37:29.609] (INFO) Flushed 26 buffers to disk.
[2015/11/04 11:37:29.609] (INFO) Checked file systems for errors: All filesystems OK.
[2015/11/04 11:37:29.609] (INFO) User "ixs4985" logged in from 172.16.163.191.
[2015/11/04 11:37:29.609] (WARN) Watchdog timer crashed. Restarting it.
[2015/11/04 11:37:29.609] (INFO) User "isp2728" logged out due to inactivity (timeout=30 minutes).
[2015/11/04 11:37:29.609] (INFO) Checked file systems for errors: All filesystems OK.
[2015/11/04 11:37:29.609] (INFO) Rolling 4 log file(s)...
[2015/11/04 11:37:29.609] (INFO) Checkpointing off-heap server memory...
[2015/11/04 11:37:29.609] (INFO) User "klm5097" logged in from 10.241.64.212.
[2015/11/04 11:37:29.609] (INFO) Sending SIGTERM to 3 excess workers.
[2015/11/04 11:37:29.609] (ERROR) Blocked nmap traffic originating from 192.168.66.159.
[2015/11/04 11:37:29.609] (INFO) Checkpointing off-heap server memory...
[2015/11/04 11:37:29.609] (INFO) Alien monitor (aliend): Detected no space aliens.
[2015/11/04 11:37:29.609] (INFO) Checkpointing off-heap server memory...
[2015/11/04 11:37:29.609] (INFO) Rolling 3 log file(s)...
[2015/11/04 11:37:29.609] (INFO) Sending SIGTERM to 2 excess workers.
[2015/11/04 11:37:29.609] (INFO) Sending SIGTERM to 3 excess workers.
[2015/11/04 11:37:29.609] (WARN) Retrying server log checkpoint.
[2015/11/04 11:37:29.609] (ERROR) Extra characters at end of line.
[2015/11/04 11:37:29.609] (INFO) Device 0x75f8 is online.
[2015/11/04 11:37:29.609] (WARN) Dropped 15,321 corrupt data packets.
[2015/11/04 11:37:29.609] (INFO) Device 0x259a is online.
[2015/11/04 11:37:29.609] (ERROR) Blocked SMTP traffic originating from 172.16.66.72.
[2015/11/04 11:37:29.609] (ERROR) Server log backup FAILED. See backup logs.
[2015/11/04 11:37:29.609] (INFO) Checkpointing off-heap server memory...
[2015/11/04 11:37:29.609] (ERROR) Detected clock skew! Restarting NTP server.
[2015/11/04 11:37:29.609] (INFO) .evian ylbirret si emehcs otpyrc ym neht ,siht daer nac uoy fI
[2015/11/04 11:37:29.609] (INFO) User "zrt1205" logged out due to inactivity (timeout=30 minutes).
[2015/11/04 11:37:29.609] (INFO) Pinging watchdog timer process: Process is alive.
[2015/11/04 11:37:29.609] (INFO) Backed up all server logs.
[2015/11/04 11:37:29.609] (INFO) Device 0xdb0c is online.
[2015/11/04 11:37:29.609] (INFO) Checked file systems for errors: All filesystems OK.
[2015/11/04 11:37:29.609] (ERROR) /dev/lp error: "PC LOAD LETTER"
[2015/11/04 11:37:29.609] (INFO) .evian ylbirret si emehcs otpyrc ym neht ,siht daer nac uoy fI
[2015/11/04 11:37:29.609] (INFO) Pinging watchdog timer process: Process is alive.
[2015/11/04 11:37:29.609] (INFO) Pinging watchdog timer process: Process is alive.
[2015/11/04 11:37:29.609] (INFO) Checked file systems for errors: All filesystems OK.
[2015/11/04 11:37:29.609] (INFO) Flushed 85 buffers to disk.
[2015/11/04 11:37:29.609] (INFO) Device 0x849d is online.
[2015/11/04 11:37:30.109] (INFO) User "cvi1683" logged out due to inactivity (timeout=30 minutes).
[2015/11/04 11:37:30.109] (WARN) There is no such thing as a free lunch.
[2015/11/04 11:37:30.109] (INFO) .evian ylbirret si emehcs otpyrc ym neht ,siht daer nac uoy fI
[2015/11/04 11:37:30.109] (INFO) Network heartbeat check: All OK.
[2015/11/04 11:37:30.109] (INFO) Backed up all server logs.
[2015/11/04 11:37:30.109] (WARN) Space on disk /dev/sdf2 is low: Only 626 MB available.
[2015/11/04 11:37:30.109] (INFO) Alien monitor (aliend): Detected no space aliens.
[2015/11/04 11:37:30.109] (INFO) Checked file systems for errors: All filesystems OK.
[2015/11/04 11:37:30.109] (INFO) User "dtq7131" logged out.
[2015/11/04 11:37:30.109] (INFO) Backed up all server logs.
[2015/11/04 11:37:30.109] (INFO) Checkpointing off-heap server memory...
[2015/11/04 11:37:30.109] (INFO) Checked file systems for errors: All filesystems OK.
[2015/11/04 11:37:30.109] (INFO) Backed up all server logs.
[2015/11/04 11:37:30.109] (INFO) Flushed 55 buffers to disk.
[2015/11/04 11:37:30.109] (INFO) User "wdy2572" logged out.
[2015/11/04 11:37:30.109] (INFO) Waiting for supervisor process (PID 20519) to die.
[2015/11/04 11:37:30.109] (INFO) Alien monitor (aliend): Detected no space aliens.
[2015/11/04 11:37:30.109] (INFO) Your mother called. She says you never call her.
[2015/11/04 11:37:30.109] (INFO) User "bcm5576" logged in from 192.168.143.81.
[2015/11/04 11:37:30.109] (INFO) Flushed 54 buffers to disk.
[2015/11/04 11:37:30.109] (INFO) Your mother called. She says you never call her.
[2015/11/04 11:37:30.109] (WARN) Unable to ping worker at 192.168.61.238. Retrying.
[2015/11/04 11:37:30.109] (INFO) Network heartbeat check: All OK.
[2015/11/04 11:37:30.109] (INFO) User "apk3538" logged out.
[2015/11/04 11:37:30.109] (INFO) Network heartbeat check: All OK.
[2015/11/04 11:37:30.109] (ERROR) Connection to 172.16.116.241 terminated unexpectedly. Reconnecting.
[2015/11/04 11:37:30.109] (INFO) User "ojs5856" logged in from 172.16.69.2.
[2015/11/04 11:37:30.109] (INFO) Rolling 2 log file(s)...
[2015/11/04 11:37:30.109] (WARN) Watchdog timer crashed. Restarting it.
[2015/11/04 11:37:30.109] (INFO) Device 0x0724 is online.
[2015/11/04 11:37:30.109] (INFO) Network heartbeat check: All OK.
[2015/11/04 11:37:30.109] (INFO) Supervisor has entered WAITING state.
[2015/11/04 11:37:30.109] (INFO) Rolling 7 log file(s)...
[2015/11/04 11:37:30.109] (INFO) Your mother called. She says you never call her.
[2015/11/04 11:37:30.109] (INFO) User "bvn1089" logged in from 192.168.208.97.
[2015/11/04 11:37:30.109] (INFO) Pinging watchdog timer process: Process is alive.
[2015/11/04 11:37:30.109] (INFO) Supervisor has entered RUNNING state.
[2015/11/04 11:37:30.109] (INFO) Rolling 3 log file(s)...
[2015/11/04 11:37:30.109] (INFO) Alien monitor (aliend): Detected no space aliens.
[2015/11/04 11:37:30.109] (INFO) Sending SIGTERM to 2 excess workers.
[2015/11/04 11:37:30.109] (INFO) User "ndl6749" logged out due to inactivity (timeout=30 minutes).
[2015/11/04 11:37:30.109] (INFO) .evian ylbirret si emehcs otpyrc ym neht ,siht daer nac uoy fI
[2015/11/04 11:37:30.109] (WARN) Dropped 19,296 corrupt data packets.
[2015/11/04 11:37:30.109] (INFO) User "hnp8488" logged out.
[2015/11/04 11:37:30.109] (WARN) CPU temperature exceeds 40º Celsius.
[2015/11/04 11:37:30.109] (INFO) Alien monitor (aliend): Detected no space aliens.
[2015/11/04 11:37:30.109] (INFO) Supervisor has entered RESTARTING state.
[2015/11/04 11:37:30.109] (WARN) Space on disk /dev/sdb3 is low: Only 240 MB available.
[2015/11/04 11:37:30.109] (INFO) Your mother called. She says you never call her.
[2015/11/04 11:37:30.109] (INFO) User "klz3376" logged out due to inactivity (timeout=30 minutes).
[2015/11/04 11:37:30.109] (INFO) Backed up all server logs.
[2015/11/04 11:37:30.109] (WARN) There is no such thing as a free lunch.
[2015/11/04 11:37:30.109] (INFO) .evian ylbirret si emehcs otpyrc ym neht ,siht daer nac uoy fI
[2015/11/04 11:37:30.109] (INFO) User "hly8423" logged out due to inactivity (timeout=30 minutes).
[2015/11/04 11:37:30.109] (INFO) Waiting for worker process (PID 17776) to die.
[2015/11/04 11:37:30.109] (INFO) Device 0x1f2b is online.
[2015/11/04 11:37:30.109] (INFO) .evian ylbirret si emehcs otpyrc ym neht ,siht daer nac uoy fI
[2015/11/04 11:37:30.109] (INFO) Flushed 98 buffers to disk.
[2015/11/04 11:37:30.109] (WARN) Possible cyber-attack from Antarctica.
[2015/11/04 11:37:30.109] (INFO) Supervisor has entered WAITING state.
[2015/11/04 11:37:30.109] (WARN) Space on disk /dev/sdc4 is low: Only 844 MB available.
[2015/11/04 11:37:30.109] (INFO) Rolling 4 log file(s)...
[2015/11/04 11:37:30.109] (ERROR) Alien monitor (aliend): 2 space aliens are fiddling with the hardware!
[2015/11/04 11:37:30.109] (INFO) Sending SIGTERM to 3 excess workers.
[2015/11/04 11:37:30.109] (INFO) Pinging watchdog timer process: Process is alive.
[2015/11/04 11:37:30.109] (ERROR) Connection to 192.168.219.176 terminated unexpectedly. Reconnecting.
[2015/11/04 11:37:30.109] (INFO) Pinging watchdog timer process: Process is alive.
[2015/11/04 11:37:30.109] (WARN) Retrying server log checkpoint.
[2015/11/04 11:37:30.109] (INFO) Device 0xf37a is online.
[2015/11/04 11:37:30.109] (ERROR) User "igd9502" failed to log in 3 times. Disabling account.
[2015/11/04 11:37:30.109] (INFO) Your mother called. She says you never call her.
[2015/11/04 11:37:30.109] (ERROR) Extra characters at end of line.
[2015/11/04 11:37:30.109] (INFO) Sending SIGTERM to 3 excess workers.
[2015/11/04 11:37:30.109] (INFO) Backed up all server logs.
[2015/11/04 11:37:30.109] (INFO) Sending SIGTERM to 2 excess workers.
[2015/11/04 11:37:30.109] (INFO) .evian ylbirret si emehcs otpyrc ym neht ,siht daer nac uoy fI
[2015/11/04 11:37:30.109] (WARN) Possible cyber-attack from Antarctica.
[2015/11/04 11:37:30.109] (WARN) Backup server 192.168.9.114 is offline.
[2015/11/04 11:37:30.109] (INFO) .evian ylbirret si emehcs otpyrc ym neht ,siht daer nac uoy fI
[2015/11/04 11:37:30.109] (INFO) Checkpointing off-heap server memory...
[2015/11/04 11:37:30.109] (INFO) Checkpointing off-heap server memory...
[2015/11/04 11:37:30.109] (INFO) User "kxk5352" logged out due to inactivity (timeout=30 minutes).
[2015/11/04 11:37:30.109] (INFO) Device 0x3498 is online.
[2015/11/04 11:37:30.109] (INFO) Alien monitor (aliend): Detected no space aliens.
[2015/11/04 11:37:30.109] (INFO) User "uxt9076" logged out due to inactivity (timeout=30 minutes).
[2015/11/04 11:37:30.109] (INFO) Device 0xae98 is online.
[2015/11/04 11:37:30.109] (INFO) Rolling 7 log file(s)...
[2015/11/04 11:37:30.109] (ERROR) Directory index of "/var/data" is forbidden.
[2015/11/04 11:37:30.109] (INFO) Sending SIGTERM to 4 excess workers.
[2015/11/04 11:37:30.109] (INFO) Checkpointing off-heap server memory...
[2015/11/04 11:37:30.109] (INFO) Flushed 71 buffers to disk.
[2015/11/04 11:37:30.109] (INFO) User "wgr2826" logged in from 192.168.22.185.
[2015/11/04 11:37:30.109] (ERROR) Blocked Little Bobby Tables attack (https://xkcd.com/327/) from 10.211.250.239.
[2015/11/04 11:37:30.109] (INFO) Alien monitor (aliend): Detected no space aliens.
[2015/11/04 11:37:30.109] (INFO) Sending SIGTERM to 3 excess workers.
[2015/11/04 11:37:30.109] (INFO) Backed up all server logs.
[2015/11/04 11:37:30.109] (INFO) Checkpointing off-heap server memory...
[2015/11/04 11:37:30.109] (ERROR) Server log backup FAILED. See backup logs.
[2015/11/04 11:37:30.109] (INFO) Alien monitor (aliend): Detected no space aliens.
[2015/11/04 11:37:30.109] (WARN) Backup server 192.168.210.36 is offline.
[2015/11/04 11:37:30.608] (INFO) Device 0x3212 is online.
[2015/11/04 11:37:30.608] (ERROR) Unable to write to "/var/data/uXTYc64981.xml": Permission denied (EACCES)
[2015/11/04 11:37:30.609] (INFO) Backed up all server logs.
[2015/11/04 11:37:30.609] (INFO) Checkpointing off-heap server memory...
[2015/11/04 11:37:30.609] (INFO) Rolling 6 log file(s)...
[2015/11/04 11:37:30.609] (ERROR) Directory index of "/var/data" is forbidden.
[2015/11/04 11:37:30.609] (WARN) Retrying server log checkpoint.
[2015/11/04 11:37:30.609] (INFO) Checkpointing off-heap server memory...
[2015/11/04 11:37:30.609] (INFO) Checked file systems for errors: All filesystems OK.
[2015/11/04 11:37:30.609] (INFO) User "qii3992" logged out due to inactivity (timeout=30 minutes).
[2015/11/04 11:37:30.609] (WARN) There is no such thing as a free lunch.
[2015/11/04 11:37:30.609] (INFO) User "xic4066" logged out.
[2015/11/04 11:37:30.609] (ERROR) Server log backup FAILED. See backup logs.
[2015/11/04 11:37:30.609] (INFO) User "wzt7866" logged out due to inactivity (timeout=30 minutes).
[2015/11/04 11:37:30.609] (INFO) Flushed 92 buffers to disk.
[2015/11/04 11:37:30.609] (INFO) Your mother called. She says you never call her.
[2015/11/04 11:37:30.609] (ERROR) Blocked FTP traffic originating from 192.168.16.11.
[2015/11/04 11:37:30.609] (INFO) .evian ylbirret si emehcs otpyrc ym neht ,siht daer nac uoy fI
[2015/11/04 11:37:30.609] (INFO) User "ykn8694" logged out due to inactivity (timeout=30 minutes).
[2015/11/04 11:37:30.609] (INFO) Sending SIGTERM to 4 excess workers.
[2015/11/04 11:37:30.609] (INFO) User "fqk8078" logged out due to inactivity (timeout=30 minutes).
[2015/11/04 11:37:30.609] (WARN) Space on disk /dev/sdb1 is low: Only 816 MB available.
[2015/11/04 11:37:30.609] (ERROR) Failed to write checkpoint file "/var/checkpoint/MDcQs73502: No space left on device (ENOSPC)
[2015/11/04 11:37:30.609] (ERROR) Blocked Little Bobby Tables attack (https://xkcd.com/327/) from 192.168.217.213.
[2015/11/04 11:37:30.609] (INFO) Flushed 31 buffers to disk.
[2015/11/04 11:37:30.609] (INFO) Checkpointing off-heap server memory...
[2015/11/04 11:37:30.609] (INFO) User "daa6565" logged in from 172.16.137.162.
[2015/11/04 11:37:30.609] (INFO) Pinging watchdog timer process: Process is alive.
[2015/11/04 11:37:30.609] (INFO) User "nme6657" logged out.
[2015/11/04 11:37:30.609] (INFO) User "hnw7874" logged in from 192.168.220.128.
[2015/11/04 11:37:30.609] (INFO) Device 0x9fc7 is online.
[2015/11/04 11:37:30.609] (WARN) Network heartbeat check: 16 server(s) did not respond.
[2015/11/04 11:37:30.609] (INFO) Pinging watchdog timer process: Process is alive.
[2015/11/04 11:37:30.609] (INFO) Your mother called. She says you never call her.
[2015/11/04 11:37:30.609] (INFO) Supervisor has entered WAITING state.
[2015/11/04 11:37:30.609] (INFO) Waiting for worker process (PID 58030) to die.
[2015/11/04 11:37:30.609] (INFO) Supervisor has entered WAITING state.
[2015/11/04 11:37:30.609] (ERROR) Worker 8 died with SIGKILL. Restarting it.
[2015/11/04 11:37:30.609] (ERROR) Network heartbeat check FAILED: Master host down?
[2015/11/04 11:37:30.609] (INFO) Device 0x6947 is online.
[2015/11/04 11:37:30.609] (INFO) Pinging watchdog timer process: Process is alive.
[2015/11/04 11:37:30.609] (INFO) User "vsg2067" logged out.
[2015/11/04 11:37:30.609] (INFO) User "gyu2849" logged out due to inactivity (timeout=30 minutes).
[2015/11/04 11:37:30.609] (INFO) Pinging watchdog timer process: Process is alive.
[2015/11/04 11:37:30.609] (ERROR) Failed to open "/mnt/fileserver01/gGGbj78058.xslx": NFS timeout.
[2015/11/04 11:37:30.609] (INFO) Pinging watchdog timer process: Process is alive.
[2015/11/04 11:37:30.609] (INFO) Network heartbeat check: All OK.
[2015/11/04 11:37:30.609] (INFO) Pinging watchdog timer process: Process is alive.
[2015/11/04 11:37:30.609] (INFO) User "vut6830" logged out due to inactivity (timeout=30 minutes).
[2015/11/04 11:37:30.609] (INFO) .evian ylbirret si emehcs otpyrc ym neht ,siht daer nac uoy fI
[2015/11/04 11:37:30.609] (INFO) Checkpointing off-heap server memory...
[2015/11/04 11:37:30.609] (INFO) Device 0x163c is online.
[2015/11/04 11:37:30.609] (INFO) Supervisor has entered SUSPENDED state.
[2015/11/04 11:37:30.609] (INFO) Checkpointing off-heap server memory...
[2015/11/04 11:37:30.609] (INFO) User "gkw4070" logged in from 192.168.36.46.
[2015/11/04 11:37:30.609] (INFO) Pinging watchdog timer process: Process is alive.
[2015/11/04 11:37:30.609] (INFO) Backed up all server logs.
[2015/11/04 11:37:30.609] (INFO) Supervisor has entered RUNNING state.
[2015/11/04 11:37:30.609] (ERROR) Unable to mount /dev/sda1. (Time to run fsck?)
[2015/11/04 11:37:30.609] (INFO) Flushed 44 buffers to disk.
[2015/11/04 11:37:30.609] (INFO) Supervisor has entered SUSPENDED state.
[2015/11/04 11:37:30.609] (ERROR) Network heartbeat check FAILED: Master host down?
[2015/11/04 11:37:30.609] (INFO) Device 0x994b is online.
[2015/11/04 11:37:30.609] (INFO) Waiting for supervisor process (PID 25475) to die.
[2015/11/04 11:37:30.609] (INFO) Your mother called. She says you never call her.
[2015/11/04 11:37:30.609] (INFO) User "kts8461" logged in from 192.168.113.7.
[2015/11/04 11:37:30.609] (INFO) User "ecz2281" logged in from 172.16.58.41.
[2015/11/04 11:37:30.609] (INFO) Waiting for worker process (PID 48824) to die.
[2015/11/04 11:37:30.609] (ERROR) User "jkq2803" failed to log in 3 times. Disabling account.
[2015/11/04 11:37:30.609] (INFO) Checkpointing off-heap server memory...
[2015/11/04 11:37:30.609] (INFO) Pinging watchdog timer process: Process is alive.
[2015/11/04 11:37:30.609] (INFO) Network heartbeat check: All OK.
[2015/11/04 11:37:30.609] (INFO) Flushed 93 buffers to disk.
[2015/11/04 11:37:30.609] (WARN) Master took 843 ms to respond (threshold=500 ms)
[2015/11/04 11:37:30.609] (INFO) Rolling 5 log file(s)...
[2015/11/04 11:37:30.609] (INFO) Checkpointing off-heap server memory...
[2015/11/04 11:37:30.609] (INFO) Checkpointing off-heap server memory...
[2015/11/04 11:37:30.609] (WARN) Dropped 13,759 corrupt data packets.
[2015/11/04 11:37:30.609] (INFO) Rolling 3 log file(s)...
[2015/11/04 11:37:30.609] (INFO) Your mother called. She says you never call her.
[2015/11/04 11:37:30.609] (INFO) Waiting for worker process (PID 21973) to die.
[2015/11/04 11:37:30.609] (INFO) User "oxc1428" logged in from 192.168.86.137.
[2015/11/04 11:37:30.609] (INFO) Rolling 8 log file(s)...
[2015/11/04 11:37:30.609] (ERROR) User "pkl5283" failed to log in 3 times. Disabling account.
[2015/11/04 11:37:30.609] (INFO) Device 0x9be6 is online.
[2015/11/04 11:37:30.609] (INFO) Pinging watchdog timer process: Process is alive.
[2015/11/04 11:37:30.609] (INFO) User "ooq7107" logged out.
[2015/11/04 11:37:30.609] (INFO) Backed up all server logs.
[2015/11/04 11:37:30.609] (ERROR) Worker 6 died with SIGILL. Restarting it.
[2015/11/04 11:37:30.609] (INFO) Your mother called. She says you never call her.
[2015/11/04 11:37:30.609] (INFO) Waiting for worker process (PID 12905) to die.
[2015/11/04 11:37:30.609] (INFO) Checked file systems for errors: All filesystems OK.
[2015/11/04 11:37:30.609] (INFO) Pinging watchdog timer process: Process is alive.
[2015/11/04 11:37:30.609] (INFO) Waiting for monitor process (PID 21018) to die.
[2015/11/04 11:37:30.609] (INFO) Alien monitor (aliend): Detected no space aliens.
[2015/11/04 11:37:30.609] (INFO) Rolling 6 log file(s)...
[2015/11/04 11:37:30.609] (INFO) Rolling 8 log file(s)...
[2015/11/04 11:37:30.609] (INFO) User "nrd8592" logged out.
[2015/11/04 11:37:30.609] (INFO) Network heartbeat check: All OK.
[2015/11/04 11:37:30.609] (INFO) Checkpointing off-heap server memory...
[2015/11/04 11:37:31.109] (INFO) Pinging watchdog timer process: Process is alive.
[2015/11/04 11:37:31.109] (INFO) User "caq4380" logged out.
[2015/11/04 11:37:31.109] (INFO) Checkpointing off-heap server memory...
[2015/11/04 11:37:31.109] (INFO) .evian ylbirret si emehcs otpyrc ym neht ,siht daer nac uoy fI
[2015/11/04 11:37:31.109] (INFO) Supervisor has entered RUNNING state.
[2015/11/04 11:37:31.109] (INFO) User "cyv5436" logged out due to inactivity (timeout=30 minutes).
[2015/11/04 11:37:31.109] (INFO) Flushed 98 buffers to disk.
[2015/11/04 11:37:31.109] (INFO) .evian ylbirret si emehcs otpyrc ym neht ,siht daer nac uoy fI
[2015/11/04 11:37:31.109] (INFO) Device 0xafce is online.
[2015/11/04 11:37:31.109] (WARN) Unable to ping worker at 192.168.48.105. Retrying.
[2015/11/04 11:37:31.109] (INFO) Checkpointing off-heap server memory...
[2015/11/04 11:37:31.109] (INFO) Checked file systems for errors: All filesystems OK.
[2015/11/04 11:37:31.109] (INFO) Flushed 69 buffers to disk.
[2015/11/04 11:37:31.109] (INFO) Flushed 63 buffers to disk.
[2015/11/04 11:37:31.109] (INFO) Alien monitor (aliend): Detected no space aliens.
[2015/11/04 11:37:31.109] (ERROR) Connection to 192.168.215.11 terminated unexpectedly. Reconnecting.
[2015/11/04 11:37:31.109] (INFO) Pinging watchdog timer process: Process is alive.
[2015/11/04 11:37:31.109] (INFO) User "qhb7838" logged in from 192.168.104.232.
[2015/11/04 11:37:31.109] (INFO) Backed up all server logs.
[2015/11/04 11:37:31.109] (INFO) Network heartbeat check: All OK.
[2015/11/04 11:37:31.109] (ERROR) User "uca9558" failed to log in 3 times. Disabling account.
[2015/11/04 11:37:31.109] (INFO) Checkpointing off-heap server memory...
[2015/11/04 11:37:31.109] (INFO) User "nzc7842" logged out due to inactivity (timeout=30 minutes).
[2015/11/04 11:37:31.109] (ERROR) Detected clock skew! Restarting NTP server.
[2015/11/04 11:37:31.109] (INFO) Waiting for worker process (PID 49691) to die.
[2015/11/04 11:37:31.109] (WARN) CPU temperature exceeds 40º Celsius.
[2015/11/04 11:37:31.109] (INFO) User "ffq7438" logged in from 192.168.113.90.
[2015/11/04 11:37:31.109] (WARN) Possible cyber-attack from Antarctica.
[2015/11/04 11:37:31.109] (INFO) Waiting for master process (PID 20335) to die.
[2015/11/04 11:37:31.109] (WARN) There is no such thing as a free lunch.
[2015/11/04 11:37:31.109] (INFO) Supervisor has entered WAITING state.
[2015/11/04 11:37:31.109] (ERROR) Directory index of "/var/data" is forbidden.
[2015/11/04 11:37:31.109] (INFO) Network heartbeat check: All OK.
[2015/11/04 11:37:31.109] (INFO) Pinging watchdog timer process: Process is alive.
[2015/11/04 11:37:31.109] (INFO) Waiting for master process (PID 50629) to die.
[2015/11/04 11:37:31.109] (ERROR) Unable to write to "/var/data/tDqIg77288.zip": Permission denied (EACCES)
[2015/11/04 11:37:31.109] (INFO) Flushed 51 buffers to disk.
[2015/11/04 11:37:31.109] (INFO) Network heartbeat check: All OK.
[2015/11/04 11:37:31.109] (INFO) Supervisor has entered SUSPENDED state.
[2015/11/04 11:37:31.109] (INFO) User "urc4249" logged in from 10.108.209.213.
[2015/11/04 11:37:31.109] (WARN) Unable to ping supervisor at 172.16.103.228. Retrying.
[2015/11/04 11:37:31.109] (INFO) Alien monitor (aliend): Detected no space aliens.
[2015/11/04 11:37:31.109] (INFO) Flushed 35 buffers to disk.
[2015/11/04 11:37:31.109] (ERROR) Server log backup FAILED. See backup logs.
[2015/11/04 11:37:31.109] (INFO) Checkpointing off-heap server memory...
[2015/11/04 11:37:31.109] (INFO) User "nek7512" logged out due to inactivity (timeout=30 minutes).
[2015/11/04 11:37:31.109] (INFO) Flushed 78 buffers to disk.
[2015/11/04 11:37:31.109] (INFO) User "lqo6242" logged in from 172.16.240.108.
[2015/11/04 11:37:31.109] (INFO) Backed up all server logs.
[2015/11/04 11:37:31.109] (WARN) Master took 607 ms to respond (threshold=500 ms)
[2015/11/04 11:37:31.109] (INFO) Pinging watchdog timer process: Process is alive.
[2015/11/04 11:37:31.109] (INFO) Flushed 46 buffers to disk.
[2015/11/04 11:37:31.109] (INFO) Backed up all server logs.
[2015/11/04 11:37:31.109] (INFO) Waiting for supervisor process (PID 33283) to die.
[2015/11/04 11:37:31.109] (INFO) Waiting for monitor process (PID 19683) to die.
[2015/11/04 11:37:31.109] (INFO) Rolling 2 log file(s)...
[2015/11/04 11:37:31.109] (INFO) Your mother called. She says you never call her.
[2015/11/04 11:37:31.109] (INFO) Flushed 33 buffers to disk.
[2015/11/04 11:37:31.109] (INFO) Checkpointing off-heap server memory...
[2015/11/04 11:37:31.109] (INFO) User "tsm3374" logged out.
[2015/11/04 11:37:31.109] (INFO) Flushed 91 buffers to disk.
[2015/11/04 11:37:31.109] (INFO) Waiting for worker process (PID 28821) to die.
[2015/11/04 11:37:31.109] (WARN) Network heartbeat check: 16 server(s) did not respond.
[2015/11/04 11:37:31.109] (INFO) Rolling 3 log file(s)...
[2015/11/04 11:37:31.109] (INFO) Pinging watchdog timer process: Process is alive.
[2015/11/04 11:37:31.109] (INFO) Backed up all server logs.
[2015/11/04 11:37:31.109] (ERROR) Failed to open "/mnt/fileserver02/nOQah89131.parquet": NFS timeout.
[2015/11/04 11:37:31.109] (INFO) User "byo6556" logged in from 192.168.33.243.
[2015/11/04 11:37:31.109] (ERROR) EFOODFAIL (Waiter, there's a fly in my soup).
[2015/11/04 11:37:31.109] (ERROR) Server log backup FAILED. See backup logs.
[2015/11/04 11:37:31.109] (INFO) Network heartbeat check: All OK.
[2015/11/04 11:37:31.109] (WARN) CPU temperature exceeds 40º Celsius.
[2015/11/04 11:37:31.109] (INFO) .evian ylbirret si emehcs otpyrc ym neht ,siht daer nac uoy fI
[2015/11/04 11:37:31.109] (ERROR) Connection to 192.168.98.100 terminated unexpectedly. Reconnecting.
[2015/11/04 11:37:31.109] (INFO) User "cbo3945" logged out due to inactivity (timeout=30 minutes).
[2015/11/04 11:37:31.109] (WARN) Unable to ping master at 172.16.122.191. Retrying.
[2015/11/04 11:37:31.109] (INFO) Rolling 8 log file(s)...
[2015/11/04 11:37:31.109] (ERROR) EFOODFAIL (Waiter, there's a fly in my soup).
[2015/11/04 11:37:31.109] (INFO) Alien monitor (aliend): Detected no space aliens.
[2015/11/04 11:37:31.109] (ERROR) User "kez3527" failed to log in 3 times. Disabling account.
[2015/11/04 11:37:31.109] (INFO) Rolling 8 log file(s)...
[2015/11/04 11:37:31.109] (INFO) Device 0x6174 is online.
[2015/11/04 11:37:31.109] (WARN) Watchdog timer crashed. Restarting it.
[2015/11/04 11:37:31.109] (INFO) Rolling 7 log file(s)...
[2015/11/04 11:37:31.109] (INFO) Your mother called. She says you never call her.
[2015/11/04 11:37:31.109] (WARN) Network heartbeat check: 15 server(s) did not respond.
[2015/11/04 11:37:31.109] (INFO) Waiting for monitor process (PID 8835) to die.
[2015/11/04 11:37:31.109] (INFO) Waiting for supervisor process (PID 62509) to die.
[2015/11/04 11:37:31.109] (INFO) Pinging watchdog timer process: Process is alive.
[2015/11/04 11:37:31.109] (INFO) Device 0x7c99 is online.
[2015/11/04 11:37:31.109] (INFO) User "uly3788" logged out.
[2015/11/04 11:37:31.109] (WARN) Possible cyber-attack from Antarctica.
[2015/11/04 11:37:31.109] (INFO) User "qvp3373" logged in from 192.168.15.216.
[2015/11/04 11:37:31.109] (WARN) Watchdog timer crashed. Restarting it.
[2015/11/04 11:37:31.109] (INFO) Flushed 30 buffers to disk.
[2015/11/04 11:37:31.109] (INFO) Your mother called. She says you never call her.
[2015/11/04 11:37:31.109] (INFO) Device 0xa2c4 is online.
[2015/11/04 11:37:31.109] (INFO) User "qaa1643" logged out due to inactivity (timeout=30 minutes).
[2015/11/04 11:37:31.109] (INFO) User "tgi5106" logged out due to inactivity (timeout=30 minutes).
[2015/11/04 11:37:31.109] (WARN) Possible cyber-attack from China.
[2015/11/04 11:37:31.608] (WARN) Retrying server log checkpoint.
[2015/11/04 11:37:31.608] (WARN) CPU temperature exceeds 40º Celsius.
[2015/11/04 11:37:31.608] (WARN) Unable to ping supervisor at 10.154.210.202. Retrying.
[2015/11/04 11:37:31.608] (INFO) Checkpointing off-heap server memory...
[2015/11/04 11:37:31.608] (INFO) Alien monitor (aliend): Detected no space aliens.
[2015/11/04 11:37:31.608] (INFO) Supervisor has entered RESTARTING state.
[2015/11/04 11:37:31.608] (INFO) Pinging watchdog timer process: Process is alive.
[2015/11/04 11:37:31.608] (INFO) Waiting for supervisor process (PID 9842) to die.
[2015/11/04 11:37:31.608] (INFO) User "bih7000" logged out.
[2015/11/04 11:37:31.608] (INFO) Network heartbeat check: All OK.
[2015/11/04 11:37:31.608] (INFO) Device 0xbba0 is online.
[2015/11/04 11:37:31.608] (INFO) Checked file systems for errors: All filesystems OK.
[2015/11/04 11:37:31.608] (INFO) Rolling 6 log file(s)...
[2015/11/04 11:37:31.608] (INFO) User "bmq6879" logged out due to inactivity (timeout=30 minutes).
[2015/11/04 11:37:31.608] (INFO) .evian ylbirret si emehcs otpyrc ym neht ,siht daer nac uoy fI
[2015/11/04 11:37:31.608] (INFO) Rolling 9 log file(s)...
[2015/11/04 11:37:31.608] (WARN) Backup server 172.16.198.73 is offline.
[2015/11/04 11:37:31.608] (ERROR) Unable to write to "/var/data/VXyMl87802.zip": Permission denied (EACCES)
[2015/11/04 11:37:31.608] (INFO) Waiting for worker process (PID 37776) to die.
[2015/11/04 11:37:31.608] (WARN) Ignoring SIGTERM. It's not that easy to get rid of me.
[2015/11/04 11:37:31.608] (INFO) User "rim2739" logged out.
[2015/11/04 11:37:31.608] (WARN) Master took 869 ms to respond (threshold=500 ms)
[2015/11/04 11:37:31.608] (INFO) Checked file systems for errors: All filesystems OK.
[2015/11/04 11:37:31.608] (INFO) Your mother called. She says you never call her.
[2015/11/04 11:37:31.608] (INFO) Checked file systems for errors: All filesystems OK.
[2015/11/04 11:37:31.608] (ERROR) CPU temperature exceeds 50º Celsius. Shutting down.
[2015/11/04 11:37:31.608] (INFO) Your mother called. She says you never call her.
[2015/11/04 11:37:31.608] (INFO) User "uyx4458" logged in from 192.168.33.3.
[2015/11/04 11:37:31.608] (WARN) CPU temperature exceeds 40º Celsius.
[2015/11/04 11:37:31.608] (WARN) There is no such thing as a free lunch.
[2015/11/04 11:37:31.608] (INFO) Supervisor has entered RESTARTING state.
[2015/11/04 11:37:31.608] (INFO) User "exr6737" logged out due to inactivity (timeout=30 minutes).
[2015/11/04 11:37:31.608] (ERROR) Failed to write checkpoint file "/var/checkpoint/brBJN79121: No space left on device (ENOSPC)
[2015/11/04 11:37:31.608] (INFO) Checked file systems for errors: All filesystems OK.
[2015/11/04 11:37:31.608] (INFO) Network heartbeat check: All OK.
[2015/11/04 11:37:31.608] (WARN) Space on disk /dev/sde1 is low: Only 374 MB available.
[2015/11/04 11:37:31.608] (ERROR) User "ewe7967" failed to log in 3 times. Disabling account.
[2015/11/04 11:37:31.608] (INFO) Network heartbeat check: All OK.
[2015/11/04 11:37:31.608] (INFO) User "hoy7916" logged in from 192.168.150.202.
[2015/11/04 11:37:31.608] (INFO) Your mother called. She says you never call her.
[2015/11/04 11:37:31.608] (INFO) Waiting for supervisor process (PID 61531) to die.
[2015/11/04 11:37:31.608] (INFO) Waiting for worker process (PID 27089) to die.
[2015/11/04 11:37:31.608] (ERROR) Detected incoming DDoS from 192.168.171.1.
[2015/11/04 11:37:31.608] (INFO) Checkpointing off-heap server memory...
[2015/11/04 11:37:31.608] (INFO) Waiting for worker process (PID 37689) to die.
[2015/11/04 11:37:31.608] (INFO) Checked file systems for errors: All filesystems OK.
[2015/11/04 11:37:31.608] (INFO) Waiting for worker process (PID 23895) to die.
[2015/11/04 11:37:31.608] (WARN) Dropped 13,441 corrupt data packets.
[2015/11/04 11:37:31.608] (INFO) Network heartbeat check: All OK.
[2015/11/04 11:37:31.608] (INFO) Backed up all server logs.
[2015/11/04 11:37:31.608] (INFO) Your mother called. She says you never call her.
[2015/11/04 11:37:31.608] (INFO) Checked file systems for errors: All filesystems OK.
[2015/11/04 11:37:31.608] (INFO) Device 0x29d8 is online.
[2015/11/04 11:37:31.608] (INFO) .evian ylbirret si emehcs otpyrc ym neht ,siht daer nac uoy fI
[2015/11/04 11:37:31.608] (INFO) Device 0xc464 is online.
[2015/11/04 11:37:31.608] (INFO) Waiting for monitor process (PID 7031) to die.
[2015/11/04 11:37:31.608] (INFO) Backed up all server logs.
[2015/11/04 11:37:31.608] (INFO) Waiting for monitor process (PID 49720) to die.
[2015/11/04 11:37:31.608] (INFO) Your mother called. She says you never call her.
[2015/11/04 11:37:31.608] (INFO) Your mother called. She says you never call her.
[2015/11/04 11:37:31.608] (ERROR) /dev/lp error: "PC LOAD LETTER"
[2015/11/04 11:37:31.608] (INFO) Checkpointing off-heap server memory...
[2015/11/04 11:37:31.608] (INFO) Backed up all server logs.
[2015/11/04 11:37:31.608] (INFO) Your mother called. She says you never call her.
[2015/11/04 11:37:31.608] (WARN) Ignoring SIGTERM. It's not that easy to get rid of me.
[2015/11/04 11:37:31.608] (INFO) Supervisor has entered WAITING state.
[2015/11/04 11:37:31.608] (INFO) Rolling 1 log file(s)...
[2015/11/04 11:37:31.608] (INFO) Your mother called. She says you never call her.
[2015/11/04 11:37:31.608] (WARN) Dropped 2,991 corrupt data packets.
[2015/11/04 11:37:31.608] (ERROR) "/var/data/axTdD51590.tar.gz": Permission denied (EACCES)
[2015/11/04 11:37:31.608] (INFO) Sending SIGTERM to 3 excess workers.
[2015/11/04 11:37:31.608] (INFO) Your mother called. She says you never call her.
[2015/11/04 11:37:31.608] (INFO) Checked file systems for errors: All filesystems OK.
[2015/11/04 11:37:31.608] (INFO) Network heartbeat check: All OK.
[2015/11/04 11:37:31.608] (WARN) Watchdog timer crashed. Restarting it.
[2015/11/04 11:37:31.608] (WARN) Possible cyber-attack from Mars.
[2015/11/04 11:37:31.608] (INFO) Alien monitor (aliend): Detected no space aliens.
[2015/11/04 11:37:31.608] (INFO) Supervisor has entered RESTARTING state.
[2015/11/04 11:37:31.608] (INFO) Rolling 6 log file(s)...
[2015/11/04 11:37:31.608] (INFO) Flushed 42 buffers to disk.
[2015/11/04 11:37:31.608] (INFO) Supervisor has entered RESTARTING state.
[2015/11/04 11:37:31.608] (INFO) Backed up all server logs.
[2015/11/04 11:37:31.608] (INFO) Sending SIGTERM to 2 excess workers.
[2015/11/04 11:37:31.608] (INFO) User "huk4880" logged out due to inactivity (timeout=30 minutes).
[2015/11/04 11:37:31.608] (INFO) Flushed 54 buffers to disk.
[2015/11/04 11:37:31.608] (INFO) Waiting for monitor process (PID 60108) to die.
[2015/11/04 11:37:31.608] (WARN) Retrying server log checkpoint.
[2015/11/04 11:37:31.608] (INFO) Pinging watchdog timer process: Process is alive.
[2015/11/04 11:37:31.608] (INFO) User "dgt9400" logged out due to inactivity (timeout=30 minutes).
[2015/11/04 11:37:31.608] (INFO) User "exv7527" logged out due to inactivity (timeout=30 minutes).
[2015/11/04 11:37:31.608] (ERROR) Detected clock skew! Restarting NTP server.
[2015/11/04 11:37:31.608] (INFO) Device 0x6066 is online.
[2015/11/04 11:37:31.608] (INFO) User "syz1596" logged in from 192.168.130.190.
[2015/11/04 11:37:31.608] (INFO) Flushed 45 buffers to disk.
[2015/11/04 11:37:31.608] (INFO) Checkpointing off-heap server memory...
[2015/11/04 11:37:31.608] (INFO) Waiting for worker process (PID 33823) to die.
[2015/11/04 11:37:31.608] (INFO) Flushed 76 buffers to disk.
[2015/11/04 11:37:31.608] (INFO) Supervisor has entered RESTARTING state.
[2015/11/04 11:37:31.609] (INFO) Backed up all server logs.
[2015/11/04 11:37:31.609] (INFO) .evian ylbirret si emehcs otpyrc ym neht ,siht daer nac uoy fI
[2015/11/04 11:37:32.108] (WARN) Backup server 172.16.28.245 is offline.
[2015/11/04 11:37:32.108] (ERROR) Detected clock skew! Restarting NTP server.
[2015/11/04 11:37:32.108] (WARN) There is no such thing as a free lunch.
[2015/11/04 11:37:32.108] (INFO) Sending SIGTERM to 2 excess workers.
[2015/11/04 11:37:32.108] (INFO) User "hel6283" logged out due to inactivity (timeout=30 minutes).
[2015/11/04 11:37:32.108] (INFO) Checked file systems for errors: All filesystems OK.
[2015/11/04 11:37:32.108] (INFO) Rolling 8 log file(s)...
[2015/11/04 11:37:32.108] (INFO) User "ovm9974" logged in from 10.70.174.206.
[2015/11/04 11:37:32.108] (INFO) .evian ylbirret si emehcs otpyrc ym neht ,siht daer nac uoy fI
[2015/11/04 11:37:32.108] (ERROR) CPU temperature exceeds 50º Celsius. Shutting down.
[2015/11/04 11:37:32.108] (WARN) Ignoring SIGTERM. It's not that easy to get rid of me.
[2015/11/04 11:37:32.108] (INFO) Backed up all server logs.
[2015/11/04 11:37:32.108] (INFO) Pinging watchdog timer process: Process is alive.
[2015/11/04 11:37:32.108] (WARN) Unable to ping master at 192.168.147.53. Retrying.
[2015/11/04 11:37:32.108] (INFO) User "xde9093" logged out.
[2015/11/04 11:37:32.108] (ERROR) "/var/data/hjFiP58935.xslx": No such file or directory (ENOENT)
[2015/11/04 11:37:32.108] (WARN) Network heartbeat check: 17 server(s) did not respond.
[2015/11/04 11:37:32.108] (INFO) Alien monitor (aliend): Detected no space aliens.
[2015/11/04 11:37:32.108] (INFO) User "pei7369" logged out due to inactivity (timeout=30 minutes).
[2015/11/04 11:37:32.108] (INFO) Pinging watchdog timer process: Process is alive.
[2015/11/04 11:37:32.108] (INFO) Alien monitor (aliend): Detected no space aliens.
[2015/11/04 11:37:32.108] (INFO) .evian ylbirret si emehcs otpyrc ym neht ,siht daer nac uoy fI
[2015/11/04 11:37:32.108] (INFO) Checkpointing off-heap server memory...
[2015/11/04 11:37:32.108] (INFO) Flushed 50 buffers to disk.
[2015/11/04 11:37:32.108] (INFO) Supervisor has entered WAITING state.
[2015/11/04 11:37:32.108] (WARN) Watchdog timer crashed. Restarting it.
[2015/11/04 11:37:32.108] (INFO) Sending SIGTERM to 4 excess workers.
[2015/11/04 11:37:32.108] (INFO) Checked file systems for errors: All filesystems OK.
[2015/11/04 11:37:32.108] (INFO) Flushed 42 buffers to disk.
[2015/11/04 11:37:32.108] (ERROR) Unable to mount /dev/sde1. (Time to run fsck?)
[2015/11/04 11:37:32.108] (INFO) Supervisor has entered RUNNING state.
[2015/11/04 11:37:32.108] (INFO) Backed up all server logs.
[2015/11/04 11:37:32.108] (INFO) Your mother called. She says you never call her.
[2015/11/04 11:37:32.108] (INFO) User "wha3693" logged in from 172.16.39.240.
[2015/11/04 11:37:32.108] (INFO) User "wba6506" logged in from 10.196.100.157.
[2015/11/04 11:37:32.108] (INFO) Rolling 9 log file(s)...
[2015/11/04 11:37:32.108] (INFO) Pinging watchdog timer process: Process is alive.
[2015/11/04 11:37:32.108] (INFO) Alien monitor (aliend): Detected no space aliens.
[2015/11/04 11:37:32.108] (INFO) Device 0xdbf6 is online.
[2015/11/04 11:37:32.108] (INFO) Supervisor has entered WAITING state.
[2015/11/04 11:37:32.108] (WARN) CPU temperature exceeds 40º Celsius.
[2015/11/04 11:37:32.108] (INFO) User "dei7609" logged in from 10.207.8.116.
[2015/11/04 11:37:32.108] (ERROR) Detected clock skew! Restarting NTP server.
[2015/11/04 11:37:32.108] (INFO) Alien monitor (aliend): Detected no space aliens.
[2015/11/04 11:37:32.108] (INFO) User "vnh2146" logged in from 172.16.58.158.
[2015/11/04 11:37:32.108] (INFO) Checkpointing off-heap server memory...
[2015/11/04 11:37:32.108] (INFO) Sending SIGTERM to 4 excess workers.
[2015/11/04 11:37:32.108] (INFO) Sending SIGTERM to 2 excess workers.
[2015/11/04 11:37:32.108] (INFO) Backed up all server logs.
[2015/11/04 11:37:32.108] (INFO) Waiting for master process (PID 57154) to die.
[2015/11/04 11:37:32.108] (INFO) User "eia1849" logged in from 172.16.34.156.
[2015/11/04 11:37:32.108] (INFO) Sending SIGTERM to 4 excess workers.
[2015/11/04 11:37:32.108] (INFO) Pinging watchdog timer process: Process is alive.
[2015/11/04 11:37:32.108] (INFO) User "hba8130" logged out.
[2015/11/04 11:37:32.108] (INFO) User "faq4862" logged out.
[2015/11/04 11:37:32.108] (INFO) .evian ylbirret si emehcs otpyrc ym neht ,siht daer nac uoy fI
[2015/11/04 11:37:32.108] (INFO) Alien monitor (aliend): Detected no space aliens.
[2015/11/04 11:37:32.108] (INFO) Waiting for monitor process (PID 43243) to die.
[2015/11/04 11:37:32.108] (INFO) Checkpointing off-heap server memory...
[2015/11/04 11:37:32.108] (INFO) Checked file systems for errors: All filesystems OK.
[2015/11/04 11:37:32.108] (INFO) .evian ylbirret si emehcs otpyrc ym neht ,siht daer nac uoy fI
[2015/11/04 11:37:32.108] (INFO) Pinging watchdog timer process: Process is alive.
[2015/11/04 11:37:32.108] (ERROR) Network heartbeat check FAILED: Master host down?
[2015/11/04 11:37:32.108] (INFO) Your mother called. She says you never call her.
[2015/11/04 11:37:32.108] (INFO) Waiting for monitor process (PID 35726) to die.
[2015/11/04 11:37:32.108] (INFO) Your mother called. She says you never call her.
[2015/11/04 11:37:32.108] (ERROR) Connection to 172.16.218.243 terminated unexpectedly. Reconnecting.
[2015/11/04 11:37:32.108] (INFO) Device 0x69ef is online.
[2015/11/04 11:37:32.108] (INFO) User "bgq1182" logged in from 10.51.143.85.
[2015/11/04 11:37:32.108] (INFO) Backed up all server logs.
[2015/11/04 11:37:32.108] (INFO) User "pdq7494" logged out.
[2015/11/04 11:37:32.108] (INFO) Backed up all server logs.
[2015/11/04 11:37:32.108] (INFO) Device 0x376b is online.
[2015/11/04 11:37:32.108] (INFO) Network heartbeat check: All OK.
[2015/11/04 11:37:32.108] (INFO) Supervisor has entered SUSPENDED state.
[2015/11/04 11:37:32.108] (INFO) User "oup9633" logged out due to inactivity (timeout=30 minutes).
[2015/11/04 11:37:32.108] (INFO) Waiting for monitor process (PID 16419) to die.
[2015/11/04 11:37:32.108] (INFO) Checked file systems for errors: All filesystems OK.
[2015/11/04 11:37:32.108] (INFO) User "nso4293" logged in from 10.69.32.83.
[2015/11/04 11:37:32.108] (INFO) Your mother called. She says you never call her.
[2015/11/04 11:37:32.108] (INFO) Checked file systems for errors: All filesystems OK.
[2015/11/04 11:37:32.108] (INFO) Your mother called. She says you never call her.
[2015/11/04 11:37:32.108] (INFO) Sending SIGTERM to 3 excess workers.
[2015/11/04 11:37:32.108] (INFO) Waiting for monitor process (PID 61791) to die.
[2015/11/04 11:37:32.108] (ERROR) Extra characters at end of line.
[2015/11/04 11:37:32.108] (WARN) Watchdog timer crashed. Restarting it.
[2015/11/04 11:37:32.108] (INFO) Alien monitor (aliend): Detected no space aliens.
[2015/11/04 11:37:32.108] (ERROR) Connection to 10.73.174.84 terminated unexpectedly. Reconnecting.
[2015/11/04 11:37:32.108] (INFO) Waiting for monitor process (PID 60213) to die.
[2015/11/04 11:37:32.108] (INFO) Checked file systems for errors: All filesystems OK.
[2015/11/04 11:37:32.108] (INFO) Rolling 1 log file(s)...
[2015/11/04 11:37:32.108] (INFO) Flushed 28 buffers to disk.
[2015/11/04 11:37:32.108] (INFO) Backed up all server logs.
[2015/11/04 11:37:32.108] (INFO) Checked file systems for errors: All filesystems OK.
[2015/11/04 11:37:32.108] (INFO) Supervisor has entered WAITING state.
[2015/11/04 11:37:32.108] (INFO) Backed up all server logs.
[2015/11/04 11:37:32.108] (INFO) Sending SIGTERM to 3 excess workers.
[2015/11/04 11:37:32.108] (INFO) Supervisor has entered WAITING state.
[2015/11/04 11:37:32.108] (INFO) Backed up all server logs.
[2015/11/04 11:37:32.108] (INFO) User "jbr6616" logged out due to inactivity (timeout=30 minutes).
[2015/11/04 11:37:32.608] (INFO) Checkpointing off-heap server memory...
[2015/11/04 11:37:32.608] (INFO) Flushed 45 buffers to disk.
[2015/11/04 11:37:32.608] (INFO) Checkpointing off-heap server memory...
[2015/11/04 11:37:32.608] (INFO) Your mother called. She says you never call her.
[2015/11/04 11:37:32.608] (INFO) Device 0xe55b is online.
[2015/11/04 11:37:32.608] (INFO) Checkpointing off-heap server memory...
[2015/11/04 11:37:32.608] (INFO) User "amc1626" logged out due to inactivity (timeout=30 minutes).
[2015/11/04 11:37:32.608] (INFO) .evian ylbirret si emehcs otpyrc ym neht ,siht daer nac uoy fI
[2015/11/04 11:37:32.608] (WARN) Master took 588 ms to respond (threshold=500 ms)
[2015/11/04 11:37:32.608] (INFO) Network heartbeat check: All OK.
[2015/11/04 11:37:32.608] (INFO) Backed up all server logs.
[2015/11/04 11:37:32.608] (INFO) Rolling 9 log file(s)...
[2015/11/04 11:37:32.608] (INFO) Checked file systems for errors: All filesystems OK.
[2015/11/04 11:37:32.608] (INFO) .evian ylbirret si emehcs otpyrc ym neht ,siht daer nac uoy fI
[2015/11/04 11:37:32.608] (INFO) Checkpointing off-heap server memory...
[2015/11/04 11:37:32.608] (INFO) Alien monitor (aliend): Detected no space aliens.
[2015/11/04 11:37:32.608] (INFO) User "omo2390" logged out.
[2015/11/04 11:37:32.608] (INFO) Pinging watchdog timer process: Process is alive.
[2015/11/04 11:37:32.608] (INFO) Flushed 77 buffers to disk.
[2015/11/04 11:37:32.608] (INFO) Your mother called. She says you never call her.
[2015/11/04 11:37:32.608] (INFO) Backed up all server logs.
[2015/11/04 11:37:32.608] (INFO) Rolling 3 log file(s)...
[2015/11/04 11:37:32.608] (INFO) Flushed 82 buffers to disk.
[2015/11/04 11:37:32.608] (INFO) User "zeh9750" logged out due to inactivity (timeout=30 minutes).
[2015/11/04 11:37:32.608] (INFO) Pinging watchdog timer process: Process is alive.
[2015/11/04 11:37:32.608] (INFO) Checkpointing off-heap server memory...
[2015/11/04 11:37:32.608] (INFO) Waiting for master process (PID 17970) to die.
[2015/11/04 11:37:32.608] (ERROR) Device 0x3adc is offline
[2015/11/04 11:37:32.608] (INFO) Device 0x8eae is online.
[2015/11/04 11:37:32.608] (INFO) Checkpointing off-heap server memory...
[2015/11/04 11:37:32.608] (ERROR) Detected clock skew! Restarting NTP server.
[2015/11/04 11:37:32.608] (INFO) User "wun6174" logged out.
[2015/11/04 11:37:32.608] (INFO) Network heartbeat check: All OK.
[2015/11/04 11:37:32.608] (ERROR) Blocked BitTorrent traffic originating from 192.168.210.200.
[2015/11/04 11:37:32.608] (INFO) Flushed 29 buffers to disk.
[2015/11/04 11:37:32.608] (INFO) User "owi3124" logged out due to inactivity (timeout=30 minutes).
[2015/11/04 11:37:32.608] (INFO) Rolling 2 log file(s)...
[2015/11/04 11:37:32.608] (INFO) Flushed 84 buffers to disk.
[2015/11/04 11:37:32.608] (INFO) Alien monitor (aliend): Detected no space aliens.
[2015/11/04 11:37:32.608] (INFO) Your mother called. She says you never call her.
[2015/11/04 11:37:32.608] (INFO) Device 0x4dc0 is online.
[2015/11/04 11:37:32.608] (INFO) .evian ylbirret si emehcs otpyrc ym neht ,siht daer nac uoy fI
[2015/11/04 11:37:32.608] (WARN) Backup server 10.183.234.32 is offline.
[2015/11/04 11:37:32.608] (INFO) User "fgy5561" logged out.
[2015/11/04 11:37:32.608] (INFO) Supervisor has entered RESTARTING state.
[2015/11/04 11:37:32.608] (WARN) Retrying server log checkpoint.
[2015/11/04 11:37:32.608] (INFO) Device 0x396d is online.
[2015/11/04 11:37:32.608] (INFO) Network heartbeat check: All OK.
[2015/11/04 11:37:32.608] (INFO) Network heartbeat check: All OK.
[2015/11/04 11:37:32.608] (ERROR) Network heartbeat check FAILED: Master host down?
[2015/11/04 11:37:32.608] (INFO) Network heartbeat check: All OK.
[2015/11/04 11:37:32.608] (WARN) Ignoring SIGTERM. It's not that easy to get rid of me.
[2015/11/04 11:37:32.608] (INFO) Device 0xb092 is online.
[2015/11/04 11:37:32.608] (INFO) Sending SIGTERM to 3 excess workers.
[2015/11/04 11:37:32.608] (INFO) User "gjf9048" logged in from 192.168.49.45.
[2015/11/04 11:37:32.608] (WARN) Space on disk /dev/sdc1 is low: Only 842 MB available.
[2015/11/04 11:37:32.608] (INFO) Backed up all server logs.
[2015/11/04 11:37:32.608] (INFO) Waiting for worker process (PID 51387) to die.
[2015/11/04 11:37:32.608] (INFO) Pinging watchdog timer process: Process is alive.
[2015/11/04 11:37:32.608] (INFO) User "anc2022" logged in from 10.61.40.141.
[2015/11/04 11:37:32.608] (INFO) User "hay6967" logged out.
[2015/11/04 11:37:32.608] (INFO) Your mother called. She says you never call her.
[2015/11/04 11:37:32.608] (WARN) There is no such thing as a free lunch.
[2015/11/04 11:37:32.608] (INFO) User "aot1350" logged out due to inactivity (timeout=30 minutes).
[2015/11/04 11:37:32.608] (WARN) CPU temperature exceeds 40º Celsius.
[2015/11/04 11:37:32.608] (INFO) Backed up all server logs.
[2015/11/04 11:37:32.608] (INFO) Your mother called. She says you never call her.
[2015/11/04 11:37:32.608] (ERROR) Failed to open "/mnt/fileserver02/UPNPO73636.tar.gz": NFS timeout.
[2015/11/04 11:37:32.608] (INFO) Network heartbeat check: All OK.
[2015/11/04 11:37:32.608] (INFO) User "bud8540" logged out due to inactivity (timeout=30 minutes).
[2015/11/04 11:37:32.608] (INFO) User "ikl8690" logged out.
[2015/11/04 11:37:32.608] (INFO) Device 0x6370 is online.
[2015/11/04 11:37:32.608] (INFO) Flushed 84 buffers to disk.
[2015/11/04 11:37:32.608] (WARN) Backup server 192.168.115.201 is offline.
[2015/11/04 11:37:32.608] (INFO) Device 0xfd6f is online.
[2015/11/04 11:37:32.608] (INFO) .evian ylbirret si emehcs otpyrc ym neht ,siht daer nac uoy fI
[2015/11/04 11:37:32.608] (INFO) Flushed 78 buffers to disk.
[2015/11/04 11:37:32.608] (INFO) Pinging watchdog timer process: Process is alive.
[2015/11/04 11:37:32.608] (WARN) Network heartbeat check: 15 server(s) did not respond.
[2015/11/04 11:37:32.608] (INFO) Device 0x43e5 is online.
[2015/11/04 11:37:32.608] (INFO) Pinging watchdog timer process: Process is alive.
[2015/11/04 11:37:32.608] (INFO) Waiting for worker process (PID 7088) to die.
[2015/11/04 11:37:32.608] (INFO) Rolling 2 log file(s)...
[2015/11/04 11:37:32.608] (INFO) Waiting for monitor process (PID 13779) to die.
[2015/11/04 11:37:32.608] (INFO) Backed up all server logs.
[2015/11/04 11:37:32.608] (INFO) User "fjx6585" logged in from 192.168.248.242.
[2015/11/04 11:37:32.608] (INFO) Rolling 7 log file(s)...
[2015/11/04 11:37:32.608] (WARN) Watchdog timer crashed. Restarting it.
[2015/11/04 11:37:32.608] (INFO) User "gnb2744" logged out due to inactivity (timeout=30 minutes).
[2015/11/04 11:37:32.608] (INFO) Checkpointing off-heap server memory...
[2015/11/04 11:37:32.608] (ERROR) Directory index of "/var/data" is forbidden.
[2015/11/04 11:37:32.608] (ERROR) Network heartbeat check FAILED: Master host down?
[2015/11/04 11:37:32.608] (INFO) Sending SIGTERM to 4 excess workers.
[2015/11/04 11:37:32.608] (INFO) Backed up all server logs.
[2015/11/04 11:37:32.608] (ERROR) Network heartbeat check FAILED: Master host down?
[2015/11/04 11:37:32.608] (INFO) Sending SIGTERM to 3 excess workers.
[2015/11/04 11:37:32.608] (INFO) Network heartbeat check: All OK.
[2015/11/04 11:37:32.608] (INFO) User "mhe8822" logged out.
[2015/11/04 11:37:32.608] (WARN) CPU temperature exceeds 40º Celsius.
[2015/11/04 11:37:32.608] (INFO) Checkpointing off-heap server memory...
[2015/11/04 11:37:33.109] (ERROR) Server log backup FAILED. See backup logs.
[2015/11/04 11:37:33.109] (INFO) Alien monitor (aliend): Detected no space aliens.
[2015/11/04 11:37:33.109] (INFO) Sending SIGTERM to 4 excess workers.
[2015/11/04 11:37:33.109] (INFO) Alien monitor (aliend): Detected no space aliens.
[2015/11/04 11:37:33.109] (INFO) Checkpointing off-heap server memory...
[2015/11/04 11:37:33.109] (WARN) Ignoring SIGTERM. It's not that easy to get rid of me.
[2015/11/04 11:37:33.109] (INFO) Your mother called. She says you never call her.
[2015/11/04 11:37:33.109] (INFO) Device 0x6952 is online.
[2015/11/04 11:37:33.109] (INFO) Checked file systems for errors: All filesystems OK.
[2015/11/04 11:37:33.109] (INFO) Pinging watchdog timer process: Process is alive.
[2015/11/04 11:37:33.109] (ERROR) Blocked SMTP traffic originating from 172.16.140.190.
[2015/11/04 11:37:33.109] (INFO) Checked file systems for errors: All filesystems OK.
[2015/11/04 11:37:33.109] (INFO) User "xsh8221" logged out due to inactivity (timeout=30 minutes).
[2015/11/04 11:37:33.109] (WARN) Backup server 10.231.33.136 is offline.
[2015/11/04 11:37:33.109] (INFO) Your mother called. She says you never call her.
[2015/11/04 11:37:33.109] (ERROR) CPU temperature exceeds 50º Celsius. Shutting down.
[2015/11/04 11:37:33.109] (INFO) Flushed 74 buffers to disk.
[2015/11/04 11:37:33.109] (ERROR) "/var/data/cLJwA98200.parquet": Permission denied (EACCES)
[2015/11/04 11:37:33.109] (INFO) Sending SIGTERM to 4 excess workers.
[2015/11/04 11:37:33.109] (ERROR) Failed to open "/mnt/fileserver02/issbx71033.csv": NFS timeout.
[2015/11/04 11:37:33.109] (INFO) Checked file systems for errors: All filesystems OK.
[2015/11/04 11:37:33.109] (INFO) Checked file systems for errors: All filesystems OK.
[2015/11/04 11:37:33.109] (INFO) Rolling 6 log file(s)...
[2015/11/04 11:37:33.109] (INFO) Flushed 23 buffers to disk.
[2015/11/04 11:37:33.109] (INFO) User "rmo4234" logged out.
[2015/11/04 11:37:33.109] (INFO) Your mother called. She says you never call her.
[2015/11/04 11:37:33.109] (INFO) Pinging watchdog timer process: Process is alive.
[2015/11/04 11:37:33.109] (INFO) Checkpointing off-heap server memory...
[2015/11/04 11:37:33.109] (ERROR) Failed to write checkpoint file "/var/checkpoint/MtHnl92576: No space left on device (ENOSPC)
[2015/11/04 11:37:33.109] (INFO) Waiting for supervisor process (PID 63650) to die.
[2015/11/04 11:37:33.109] (INFO) Sending SIGTERM to 2 excess workers.
[2015/11/04 11:37:33.109] (INFO) Checkpointing off-heap server memory...
[2015/11/04 11:37:33.109] (INFO) User "cka9948" logged in from 172.16.221.152.
[2015/11/04 11:37:33.109] (INFO) Flushed 77 buffers to disk.
[2015/11/04 11:37:33.109] (WARN) Unable to ping monitor at 172.16.62.157. Retrying.
[2015/11/04 11:37:33.109] (INFO) Checkpointing off-heap server memory...
[2015/11/04 11:37:33.109] (INFO) User "vlj8144" logged out.
[2015/11/04 11:37:33.109] (INFO) User "pty7521" logged out.
[2015/11/04 11:37:33.109] (INFO) Your mother called. She says you never call her.
[2015/11/04 11:37:33.109] (INFO) User "qex5135" logged out due to inactivity (timeout=30 minutes).
[2015/11/04 11:37:33.109] (INFO) User "tpf4439" logged out.
[2015/11/04 11:37:33.109] (INFO) Flushed 27 buffers to disk.
[2015/11/04 11:37:33.109] (INFO) .evian ylbirret si emehcs otpyrc ym neht ,siht daer nac uoy fI
[2015/11/04 11:37:33.109] (INFO) Rolling 3 log file(s)...
[2015/11/04 11:37:33.109] (INFO) Network heartbeat check: All OK.
[2015/11/04 11:37:33.109] (WARN) Network heartbeat check: 13 server(s) did not respond.
[2015/11/04 11:37:33.109] (INFO) Waiting for monitor process (PID 20012) to die.
[2015/11/04 11:37:33.109] (INFO) Waiting for worker process (PID 30518) to die.
[2015/11/04 11:37:33.109] (INFO) Flushed 48 buffers to disk.
[2015/11/04 11:37:33.109] (INFO) Supervisor has entered SUSPENDED state.
[2015/11/04 11:37:33.109] (ERROR) Detected incoming DDoS from 172.16.243.12.
[2015/11/04 11:37:33.109] (INFO) Pinging watchdog timer process: Process is alive.
[2015/11/04 11:37:33.109] (INFO) Sending SIGTERM to 2 excess workers.
[2015/11/04 11:37:33.109] (INFO) User "siq8249" logged out.
[2015/11/04 11:37:33.109] (INFO) Supervisor has entered RESTARTING state.
[2015/11/04 11:37:33.109] (INFO) Supervisor has entered SUSPENDED state.
[2015/11/04 11:37:33.109] (INFO) User "ldc3008" logged in from 10.224.131.42.
[2015/11/04 11:37:33.109] (INFO) Network heartbeat check: All OK.
[2015/11/04 11:37:33.109] (INFO) User "xob3982" logged out due to inactivity (timeout=30 minutes).
[2015/11/04 11:37:33.109] (WARN) Backup server 172.16.72.60 is offline.
[2015/11/04 11:37:33.109] (INFO) Backed up all server logs.
[2015/11/04 11:37:33.109] (INFO) User "wen8442" logged out due to inactivity (timeout=30 minutes).
[2015/11/04 11:37:33.109] (INFO) Device 0x309f is online.
[2015/11/04 11:37:33.109] (INFO) User "ioa8492" logged in from 10.146.36.92.
[2015/11/04 11:37:33.109] (INFO) Checked file systems for errors: All filesystems OK.
[2015/11/04 11:37:33.109] (INFO) Your mother called. She says you never call her.
[2015/11/04 11:37:33.109] (INFO) Checkpointing off-heap server memory...
[2015/11/04 11:37:33.109] (INFO) Rolling 4 log file(s)...
[2015/11/04 11:37:33.109] (INFO) Alien monitor (aliend): Detected no space aliens.
[2015/11/04 11:37:33.109] (INFO) User "hpi7178" logged out due to inactivity (timeout=30 minutes).
[2015/11/04 11:37:33.109] (INFO) Supervisor has entered WAITING state.
[2015/11/04 11:37:33.109] (INFO) Supervisor has entered RESTARTING state.
[2015/11/04 11:37:33.109] (INFO) Backed up all server logs.
[2015/11/04 11:37:33.109] (INFO) Supervisor has entered RUNNING state.
[2015/11/04 11:37:33.109] (INFO) Checkpointing off-heap server memory...
[2015/11/04 11:37:33.109] (INFO) Alien monitor (aliend): Detected no space aliens.
[2015/11/04 11:37:33.109] (INFO) Pinging watchdog timer process: Process is alive.
[2015/11/04 11:37:33.109] (INFO) Your mother called. She says you never call her.
[2015/11/04 11:37:33.109] (INFO) Device 0x357c is online.
[2015/11/04 11:37:33.109] (INFO) User "nky5914" logged out due to inactivity (timeout=30 minutes).
[2015/11/04 11:37:33.109] (INFO) Checkpointing off-heap server memory...
[2015/11/04 11:37:33.109] (WARN) Possible cyber-attack from The Cayman Islands.
[2015/11/04 11:37:33.109] (INFO) User "ume5393" logged out due to inactivity (timeout=30 minutes).
[2015/11/04 11:37:33.109] (ERROR) "/var/data/SfBAU84614.xml": No such file or directory (ENOENT)
[2015/11/04 11:37:33.109] (INFO) .evian ylbirret si emehcs otpyrc ym neht ,siht daer nac uoy fI
[2015/11/04 11:37:33.109] (INFO) .evian ylbirret si emehcs otpyrc ym neht ,siht daer nac uoy fI
[2015/11/04 11:37:33.109] (INFO) Pinging watchdog timer process: Process is alive.
[2015/11/04 11:37:33.109] (INFO) Sending SIGTERM to 2 excess workers.
[2015/11/04 11:37:33.109] (INFO) Pinging watchdog timer process: Process is alive.
[2015/11/04 11:37:33.109] (INFO) Device 0xc618 is online.
[2015/11/04 11:37:33.109] (INFO) Flushed 25 buffers to disk.
[2015/11/04 11:37:33.109] (WARN) Space on disk /dev/sdb3 is low: Only 178 MB available.
[2015/11/04 11:37:33.109] (INFO) Network heartbeat check: All OK.
[2015/11/04 11:37:33.109] (INFO) .evian ylbirret si emehcs otpyrc ym neht ,siht daer nac uoy fI
[2015/11/04 11:37:33.109] (INFO) Flushed 40 buffers to disk.
[2015/11/04 11:37:33.109] (ERROR) Blocked FTP traffic originating from 172.16.39.95.
[2015/11/04 11:37:33.109] (ERROR) "/var/data/AYATs83926.xslx": Permission denied (EACCES)
[2015/11/04 11:37:33.109] (ERROR) Extra characters at end of line.
[2015/11/04 11:37:33.109] (INFO) User "uec8499" logged out due to inactivity (timeout=30 minutes).
[2015/11/04 11:37:33.109] (INFO) Your mother called. She says you never call her.
[2015/11/04 11:37:33.608] (INFO) Rolling 1 log file(s)...
[2015/11/04 11:37:33.608] (INFO) Device 0xbead is online.
[2015/11/04 11:37:33.608] (INFO) Alien monitor (aliend): Detected no space aliens.
[2015/11/04 11:37:33.608] (INFO) Backed up all server logs.
[2015/11/04 11:37:33.608] (INFO) .evian ylbirret si emehcs otpyrc ym neht ,siht daer nac uoy fI
[2015/11/04 11:37:33.608] (INFO) Your mother called. She says you never call her.
[2015/11/04 11:37:33.608] (INFO) Device 0xa8f5 is online.
[2015/11/04 11:37:33.608] (INFO) User "cdm9807" logged in from 192.168.33.32.
[2015/11/04 11:37:33.608] (INFO) User "hoq6723" logged out due to inactivity (timeout=30 minutes).
[2015/11/04 11:37:33.608] (INFO) Checked file systems for errors: All filesystems OK.
[2015/11/04 11:37:33.608] (INFO) Rolling 9 log file(s)...
[2015/11/04 11:37:33.608] (INFO) Backed up all server logs.
[2015/11/04 11:37:33.608] (INFO) Rolling 4 log file(s)...
[2015/11/04 11:37:33.608] (INFO) Pinging watchdog timer process: Process is alive.
[2015/11/04 11:37:33.608] (INFO) Your mother called. She says you never call her.
[2015/11/04 11:37:33.608] (INFO) User "tkd1355" logged in from 10.4.37.239.
[2015/11/04 11:37:33.608] (INFO) Device 0x903b is online.
[2015/11/04 11:37:33.608] (INFO) Rolling 7 log file(s)...
[2015/11/04 11:37:33.608] (INFO) User "kpx3363" logged out due to inactivity (timeout=30 minutes).
[2015/11/04 11:37:33.608] (INFO) Checked file systems for errors: All filesystems OK.
[2015/11/04 11:37:33.608] (INFO) Waiting for monitor process (PID 57438) to die.
[2015/11/04 11:37:33.608] (ERROR) Detected clock skew! Restarting NTP server.
[2015/11/04 11:37:33.608] (INFO) Device 0x467f is online.
[2015/11/04 11:37:33.608] (INFO) User "tps3301" logged out.
[2015/11/04 11:37:33.608] (INFO) Checked file systems for errors: All filesystems OK.
[2015/11/04 11:37:33.608] (INFO) Rolling 6 log file(s)...
[2015/11/04 11:37:33.608] (ERROR) Network heartbeat check FAILED: Master host down?
[2015/11/04 11:37:33.608] (INFO) Sending SIGTERM to 4 excess workers.
[2015/11/04 11:37:33.608] (WARN) Master took 590 ms to respond (threshold=500 ms)
[2015/11/04 11:37:33.608] (INFO) User "lgt5443" logged out.
[2015/11/04 11:37:33.608] (ERROR) Detected incoming DDoS from 10.113.137.200.
[2015/11/04 11:37:33.608] (INFO) Alien monitor (aliend): Detected no space aliens.
[2015/11/04 11:37:33.608] (INFO) Sending SIGTERM to 4 excess workers.
[2015/11/04 11:37:33.608] (INFO) Network heartbeat check: All OK.
[2015/11/04 11:37:33.608] (INFO) Waiting for master process (PID 32117) to die.
[2015/11/04 11:37:33.608] (INFO) Flushed 85 buffers to disk.
[2015/11/04 11:37:33.608] (INFO) .evian ylbirret si emehcs otpyrc ym neht ,siht daer nac uoy fI
[2015/11/04 11:37:33.608] (INFO) Backed up all server logs.
[2015/11/04 11:37:33.608] (INFO) User "joh5578" logged out due to inactivity (timeout=30 minutes).
[2015/11/04 11:37:33.608] (INFO) User "poh5083" logged out due to inactivity (timeout=30 minutes).
[2015/11/04 11:37:33.608] (INFO) Checked file systems for errors: All filesystems OK.
[2015/11/04 11:37:33.608] (INFO) Alien monitor (aliend): Detected no space aliens.
[2015/11/04 11:37:33.608] (INFO) Pinging watchdog timer process: Process is alive.
[2015/11/04 11:37:33.608] (INFO) Checked file systems for errors: All filesystems OK.
[2015/11/04 11:37:33.608] (INFO) Waiting for monitor process (PID 12699) to die.
[2015/11/04 11:37:33.608] (INFO) Pinging watchdog timer process: Process is alive.
[2015/11/04 11:37:33.608] (ERROR) Alien monitor (aliend): 2 space aliens are fiddling with the hardware!
[2015/11/04 11:37:33.608] (INFO) Backed up all server logs.
[2015/11/04 11:37:33.608] (ERROR) CPU temperature exceeds 50º Celsius. Shutting down.
[2015/11/04 11:37:33.608] (WARN) Space on disk /dev/sdb4 is low: Only 716 MB available.
[2015/11/04 11:37:33.608] (INFO) Your mother called. She says you never call her.
[2015/11/04 11:37:33.608] (INFO) Checkpointing off-heap server memory...
[2015/11/04 11:37:33.608] (INFO) Your mother called. She says you never call her.
[2015/11/04 11:37:33.608] (INFO) Pinging watchdog timer process: Process is alive.
[2015/11/04 11:37:33.608] (INFO) .evian ylbirret si emehcs otpyrc ym neht ,siht daer nac uoy fI
[2015/11/04 11:37:33.608] (ERROR) Alien monitor (aliend): 4 space aliens are fiddling with the hardware!
[2015/11/04 11:37:33.608] (INFO) Rolling 4 log file(s)...
[2015/11/04 11:37:33.608] (INFO) Flushed 45 buffers to disk.
[2015/11/04 11:37:33.609] (INFO) User "nex8086" logged in from 192.168.92.61.
[2015/11/04 11:37:33.609] (INFO) Pinging watchdog timer process: Process is alive.
[2015/11/04 11:37:33.609] (INFO) Network heartbeat check: All OK.
[2015/11/04 11:37:33.609] (INFO) Device 0x3fd2 is online.
[2015/11/04 11:37:33.609] (WARN) Backup server 172.16.35.89 is offline.
[2015/11/04 11:37:33.609] (INFO) Sending SIGTERM to 4 excess workers.
[2015/11/04 11:37:33.609] (INFO) Checked file systems for errors: All filesystems OK.
[2015/11/04 11:37:33.609] (WARN) There is no such thing as a free lunch.
[2015/11/04 11:37:33.609] (INFO) Backed up all server logs.
[2015/11/04 11:37:33.609] (ERROR) Detected clock skew! Restarting NTP server.
[2015/11/04 11:37:33.609] (INFO) User "xzt6797" logged in from 172.16.102.97.
[2015/11/04 11:37:33.609] (INFO) User "omv6129" logged out.
[2015/11/04 11:37:33.609] (WARN) There is no such thing as a free lunch.
[2015/11/04 11:37:33.609] (INFO) Checkpointing off-heap server memory...
[2015/11/04 11:37:33.609] (INFO) Pinging watchdog timer process: Process is alive.
[2015/11/04 11:37:33.609] (INFO) Alien monitor (aliend): Detected no space aliens.
[2015/11/04 11:37:33.609] (INFO) Rolling 1 log file(s)...
[2015/11/04 11:37:33.609] (INFO) Backed up all server logs.
[2015/11/04 11:37:33.609] (INFO) Your mother called. She says you never call her.
[2015/11/04 11:37:33.609] (INFO) User "ybb2561" logged in from 192.168.236.210.
[2015/11/04 11:37:33.609] (INFO) User "aim8555" logged out due to inactivity (timeout=30 minutes).
[2015/11/04 11:37:33.609] (INFO) Rolling 1 log file(s)...
[2015/11/04 11:37:33.609] (INFO) Checked file systems for errors: All filesystems OK.
[2015/11/04 11:37:33.609] (INFO) Pinging watchdog timer process: Process is alive.
[2015/11/04 11:37:33.609] (INFO) Pinging watchdog timer process: Process is alive.
[2015/11/04 11:37:33.609] (WARN) Dropped 17,015 corrupt data packets.
[2015/11/04 11:37:33.609] (INFO) Flushed 21 buffers to disk.
[2015/11/04 11:37:33.609] (INFO) User "qqk5009" logged out due to inactivity (timeout=30 minutes).
[2015/11/04 11:37:33.609] (INFO) Sending SIGTERM to 3 excess workers.
[2015/11/04 11:37:33.609] (INFO) Rolling 9 log file(s)...
[2015/11/04 11:37:33.609] (INFO) Waiting for worker process (PID 29311) to die.
[2015/11/04 11:37:33.609] (INFO) Alien monitor (aliend): Detected no space aliens.
[2015/11/04 11:37:33.609] (INFO) User "hwb8855" logged out due to inactivity (timeout=30 minutes).
[2015/11/04 11:37:33.609] (ERROR) Alien monitor (aliend): 4 space aliens are fiddling with the hardware!
[2015/11/04 11:37:33.609] (ERROR) User "vpz6181" failed to log in 3 times. Disabling account.
[2015/11/04 11:37:33.609] (INFO) Flushed 39 buffers to disk.
[2015/11/04 11:37:33.609] (WARN) Master took 955 ms to respond (threshold=500 ms)
[2015/11/04 11:37:33.609] (WARN) Retrying server log checkpoint.
[2015/11/04 11:37:33.609] (INFO) Alien monitor (aliend): Detected no space aliens.
[2015/11/04 11:37:33.609] (WARN) Watchdog timer crashed. Restarting it.
[2015/11/04 11:37:33.609] (INFO) Supervisor has entered WAITING state.
[2015/11/04 11:37:33.609] (INFO) Flushed 90 buffers to disk.
[2015/11/04 11:37:34.108] (ERROR) User "xxl1519" failed to log in 3 times. Disabling account.
[2015/11/04 11:37:34.108] (INFO) Network heartbeat check: All OK.
[2015/11/04 11:37:34.108] (INFO) User "njl6228" logged in from 172.16.107.133.
[2015/11/04 11:37:34.108] (INFO) Your mother called. She says you never call her.
[2015/11/04 11:37:34.108] (INFO) Backed up all server logs.
[2015/11/04 11:37:34.108] (ERROR) "/var/data/XXqSi84107.csv": Permission denied (EACCES)
[2015/11/04 11:37:34.108] (ERROR) Unable to authenticate user "qvs3566": LDAP server isn't responding.
[2015/11/04 11:37:34.108] (INFO) Device 0x003f is online.
[2015/11/04 11:37:34.108] (INFO) .evian ylbirret si emehcs otpyrc ym neht ,siht daer nac uoy fI
[2015/11/04 11:37:34.108] (INFO) User "upb3155" logged out.
[2015/11/04 11:37:34.108] (INFO) User "sef1536" logged out due to inactivity (timeout=30 minutes).
[2015/11/04 11:37:34.108] (INFO) Waiting for master process (PID 31182) to die.
[2015/11/04 11:37:34.108] (ERROR) Detected incoming DDoS from 10.141.245.213.
[2015/11/04 11:37:34.108] (WARN) Ignoring SIGTERM. It's not that easy to get rid of me.
[2015/11/04 11:37:34.108] (INFO) Network heartbeat check: All OK.
[2015/11/04 11:37:34.108] (INFO) Checked file systems for errors: All filesystems OK.
[2015/11/04 11:37:34.108] (INFO) Your mother called. She says you never call her.
[2015/11/04 11:37:34.108] (INFO) User "ilc6124" logged in from 10.195.131.9.
[2015/11/04 11:37:34.108] (ERROR) Failed to open "/mnt/fileserver01/pRcNa70294.parquet": NFS timeout.
[2015/11/04 11:37:34.108] (INFO) Pinging watchdog timer process: Process is alive.
[2015/11/04 11:37:34.108] (INFO) Alien monitor (aliend): Detected no space aliens.
[2015/11/04 11:37:34.108] (INFO) User "nkv3393" logged out due to inactivity (timeout=30 minutes).
[2015/11/04 11:37:34.108] (INFO) User "wri8231" logged out.
[2015/11/04 11:37:34.108] (INFO) Pinging watchdog timer process: Process is alive.
[2015/11/04 11:37:34.108] (INFO) .evian ylbirret si emehcs otpyrc ym neht ,siht daer nac uoy fI
[2015/11/04 11:37:34.108] (INFO) Pinging watchdog timer process: Process is alive.
[2015/11/04 11:37:34.108] (INFO) Alien monitor (aliend): Detected no space aliens.
[2015/11/04 11:37:34.108] (INFO) User "jhq7975" logged out due to inactivity (timeout=30 minutes).
[2015/11/04 11:37:34.108] (INFO) Waiting for monitor process (PID 17783) to die.
[2015/11/04 11:37:34.108] (INFO) Rolling 7 log file(s)...
[2015/11/04 11:37:34.108] (INFO) Flushed 93 buffers to disk.
[2015/11/04 11:37:34.108] (INFO) Checked file systems for errors: All filesystems OK.
[2015/11/04 11:37:34.108] (ERROR) Worker 5 died with SIGSEGV. Restarting it.
[2015/11/04 11:37:34.108] (INFO) Checked file systems for errors: All filesystems OK.
[2015/11/04 11:37:34.108] (WARN) There is no such thing as a free lunch.
[2015/11/04 11:37:34.108] (INFO) Checkpointing off-heap server memory...
[2015/11/04 11:37:34.108] (INFO) Device 0xfd23 is online.
[2015/11/04 11:37:34.108] (WARN) Dropped 6,671 corrupt data packets.
[2015/11/04 11:37:34.108] (INFO) .evian ylbirret si emehcs otpyrc ym neht ,siht daer nac uoy fI
[2015/11/04 11:37:34.108] (INFO) .evian ylbirret si emehcs otpyrc ym neht ,siht daer nac uoy fI
[2015/11/04 11:37:34.108] (ERROR) Detected clock skew! Restarting NTP server.
[2015/11/04 11:37:34.108] (INFO) User "eko8318" logged out.
[2015/11/04 11:37:34.108] (ERROR) Worker 7 died with SIGINT. Restarting it.
[2015/11/04 11:37:34.108] (INFO) .evian ylbirret si emehcs otpyrc ym neht ,siht daer nac uoy fI
[2015/11/04 11:37:34.108] (INFO) User "khd2400" logged out due to inactivity (timeout=30 minutes).
[2015/11/04 11:37:34.108] (INFO) Network heartbeat check: All OK.
[2015/11/04 11:37:34.108] (INFO) Checked file systems for errors: All filesystems OK.
[2015/11/04 11:37:34.108] (INFO) .evian ylbirret si emehcs otpyrc ym neht ,siht daer nac uoy fI
[2015/11/04 11:37:34.108] (INFO) Rolling 9 log file(s)...
[2015/11/04 11:37:34.108] (ERROR) User "kre7255" failed to log in 3 times. Disabling account.
[2015/11/04 11:37:34.108] (ERROR) Server log backup FAILED. See backup logs.
[2015/11/04 11:37:34.108] (INFO) User "xar4112" logged in from 10.251.141.210.
[2015/11/04 11:37:34.108] (WARN) Watchdog timer crashed. Restarting it.
[2015/11/04 11:37:34.108] (INFO) User "nsl6028" logged out.
[2015/11/04 11:37:34.108] (INFO) Checkpointing off-heap server memory...
[2015/11/04 11:37:34.108] (INFO) Pinging watchdog timer process: Process is alive.
[2015/11/04 11:37:34.108] (INFO) Waiting for master process (PID 62335) to die.
[2015/11/04 11:37:34.108] (INFO) .evian ylbirret si emehcs otpyrc ym neht ,siht daer nac uoy fI
[2015/11/04 11:37:34.108] (INFO) Device 0x3379 is online.
[2015/11/04 11:37:34.108] (INFO) Device 0x95e2 is online.
[2015/11/04 11:37:34.108] (WARN) Unable to ping worker at 192.168.46.121. Retrying.
[2015/11/04 11:37:34.108] (WARN) Network heartbeat check: 18 server(s) did not respond.
[2015/11/04 11:37:34.108] (WARN) Watchdog timer crashed. Restarting it.
[2015/11/04 11:37:34.108] (INFO) User "eyu2264" logged in from 192.168.49.128.
[2015/11/04 11:37:34.109] (INFO) Pinging watchdog timer process: Process is alive.
[2015/11/04 11:37:34.109] (INFO) Network heartbeat check: All OK.
[2015/11/04 11:37:34.109] (INFO) Device 0x62f2 is online.
[2015/11/04 11:37:34.109] (INFO) Pinging watchdog timer process: Process is alive.
[2015/11/04 11:37:34.109] (INFO) Supervisor has entered RESTARTING state.
[2015/11/04 11:37:34.109] (INFO) Waiting for monitor process (PID 30952) to die.
[2015/11/04 11:37:34.109] (INFO) Waiting for master process (PID 47130) to die.
[2015/11/04 11:37:34.109] (ERROR) /dev/lp error: "PC LOAD LETTER"
[2015/11/04 11:37:34.109] (INFO) Backed up all server logs.
[2015/11/04 11:37:34.109] (INFO) Rolling 1 log file(s)...
[2015/11/04 11:37:34.109] (INFO) Waiting for worker process (PID 48712) to die.
[2015/11/04 11:37:34.109] (INFO) Pinging watchdog timer process: Process is alive.
[2015/11/04 11:37:34.109] (INFO) Waiting for monitor process (PID 54585) to die.
[2015/11/04 11:37:34.109] (INFO) Checkpointing off-heap server memory...
[2015/11/04 11:37:34.109] (INFO) User "gbt6317" logged out due to inactivity (timeout=30 minutes).
[2015/11/04 11:37:34.109] (ERROR) Connection to 192.168.208.97 terminated unexpectedly. Reconnecting.
[2015/11/04 11:37:34.109] (INFO) Waiting for supervisor process (PID 23591) to die.
[2015/11/04 11:37:34.109] (INFO) Pinging watchdog timer process: Process is alive.
[2015/11/04 11:37:34.109] (INFO) Backed up all server logs.
[2015/11/04 11:37:34.109] (INFO) Pinging watchdog timer process: Process is alive.
[2015/11/04 11:37:34.109] (WARN) Retrying server log checkpoint.
[2015/11/04 11:37:34.109] (INFO) Waiting for supervisor process (PID 2627) to die.
[2015/11/04 11:37:34.109] (INFO) Checked file systems for errors: All filesystems OK.
[2015/11/04 11:37:34.109] (INFO) Flushed 55 buffers to disk.
[2015/11/04 11:37:34.109] (INFO) .evian ylbirret si emehcs otpyrc ym neht ,siht daer nac uoy fI
[2015/11/04 11:37:34.109] (INFO) Pinging watchdog timer process: Process is alive.
[2015/11/04 11:37:34.109] (INFO) Supervisor has entered SUSPENDED state.
[2015/11/04 11:37:34.109] (WARN) Ignoring SIGTERM. It's not that easy to get rid of me.
[2015/11/04 11:37:34.109] (INFO) Your mother called. She says you never call her.
[2015/11/04 11:37:34.109] (INFO) Rolling 3 log file(s)...
[2015/11/04 11:37:34.109] (INFO) Device 0x19af is online.
[2015/11/04 11:37:34.109] (INFO) Checkpointing off-heap server memory...
[2015/11/04 11:37:34.109] (INFO) Checkpointing off-heap server memory...
[2015/11/04 11:37:34.109] (INFO) Your mother called. She says you never call her.
[2015/11/04 11:37:34.109] (INFO) Flushed 96 buffers to disk.
[2015/11/04 11:37:34.109] (INFO) Your mother called. She says you never call her.
[2015/11/04 11:37:34.608] (INFO) Rolling 8 log file(s)...
[2015/11/04 11:37:34.608] (INFO) User "ado2380" logged in from 192.168.144.42.
[2015/11/04 11:37:34.608] (INFO) Rolling 6 log file(s)...
[2015/11/04 11:37:34.608] (INFO) Waiting for monitor process (PID 34512) to die.
[2015/11/04 11:37:34.608] (WARN) Master took 784 ms to respond (threshold=500 ms)
[2015/11/04 11:37:34.608] (INFO) Supervisor has entered RESTARTING state.
[2015/11/04 11:37:34.608] (INFO) .evian ylbirret si emehcs otpyrc ym neht ,siht daer nac uoy fI
[2015/11/04 11:37:34.608] (ERROR) User "khu7183" failed to log in 3 times. Disabling account.
[2015/11/04 11:37:34.608] (INFO) Alien monitor (aliend): Detected no space aliens.
[2015/11/04 11:37:34.608] (INFO) Supervisor has entered SUSPENDED state.
[2015/11/04 11:37:34.608] (INFO) Checkpointing off-heap server memory...
[2015/11/04 11:37:34.608] (INFO) Supervisor has entered RUNNING state.
[2015/11/04 11:37:34.608] (INFO) Network heartbeat check: All OK.
[2015/11/04 11:37:34.608] (INFO) Alien monitor (aliend): Detected no space aliens.
[2015/11/04 11:37:34.608] (INFO) Rolling 2 log file(s)...
[2015/11/04 11:37:34.608] (INFO) Waiting for supervisor process (PID 39748) to die.
[2015/11/04 11:37:34.608] (INFO) Sending SIGTERM to 2 excess workers.
[2015/11/04 11:37:34.608] (INFO) Backed up all server logs.
[2015/11/04 11:37:34.608] (INFO) Flushed 22 buffers to disk.
[2015/11/04 11:37:34.608] (INFO) Device 0xe404 is online.
[2015/11/04 11:37:34.608] (INFO) Device 0x6003 is online.
[2015/11/04 11:37:34.608] (INFO) Flushed 74 buffers to disk.
[2015/11/04 11:37:34.608] (INFO) Waiting for supervisor process (PID 14471) to die.
[2015/11/04 11:37:34.608] (INFO) Rolling 2 log file(s)...
[2015/11/04 11:37:34.608] (INFO) User "tap6626" logged out due to inactivity (timeout=30 minutes).
[2015/11/04 11:37:34.608] (INFO) .evian ylbirret si emehcs otpyrc ym neht ,siht daer nac uoy fI
[2015/11/04 11:37:34.608] (WARN) Watchdog timer crashed. Restarting it.
[2015/11/04 11:37:34.608] (INFO) User "cie9099" logged out.
[2015/11/04 11:37:34.608] (INFO) Alien monitor (aliend): Detected no space aliens.
[2015/11/04 11:37:34.608] (INFO) Device 0x807c is online.
[2015/11/04 11:37:34.608] (INFO) Supervisor has entered SUSPENDED state.
[2015/11/04 11:37:34.608] (INFO) Pinging watchdog timer process: Process is alive.
[2015/11/04 11:37:34.608] (INFO) Checked file systems for errors: All filesystems OK.
[2015/11/04 11:37:34.608] (INFO) Waiting for worker process (PID 4954) to die.
[2015/11/04 11:37:34.608] (INFO) Pinging watchdog timer process: Process is alive.
[2015/11/04 11:37:34.608] (INFO) Rolling 5 log file(s)...
[2015/11/04 11:37:34.608] (WARN) Dropped 13,560 corrupt data packets.
[2015/11/04 11:37:34.608] (INFO) Flushed 74 buffers to disk.
[2015/11/04 11:37:34.608] (ERROR) Directory index of "/var/data" is forbidden.
[2015/11/04 11:37:34.608] (INFO) Rolling 9 log file(s)...
[2015/11/04 11:37:34.608] (INFO) Rolling 7 log file(s)...
[2015/11/04 11:37:34.608] (INFO) .evian ylbirret si emehcs otpyrc ym neht ,siht daer nac uoy fI
[2015/11/04 11:37:34.608] (ERROR) Blocked Little Bobby Tables attack (https://xkcd.com/327/) from 192.168.22.26.
[2015/11/04 11:37:34.608] (WARN) Retrying server log checkpoint.
[2015/11/04 11:37:34.608] (INFO) Flushed 61 buffers to disk.
[2015/11/04 11:37:34.608] (WARN) There is no such thing as a free lunch.
[2015/11/04 11:37:34.608] (INFO) User "ijl5364" logged out due to inactivity (timeout=30 minutes).
[2015/11/04 11:37:34.608] (INFO) Alien monitor (aliend): Detected no space aliens.
[2015/11/04 11:37:34.608] (INFO) Device 0x60eb is online.
[2015/11/04 11:37:34.608] (INFO) Flushed 51 buffers to disk.
[2015/11/04 11:37:34.608] (INFO) Your mother called. She says you never call her.
[2015/11/04 11:37:34.608] (INFO) .evian ylbirret si emehcs otpyrc ym neht ,siht daer nac uoy fI
[2015/11/04 11:37:34.609] (INFO) Backed up all server logs.
[2015/11/04 11:37:34.609] (INFO) Waiting for master process (PID 58902) to die.
[2015/11/04 11:37:34.609] (INFO) User "yfo4762" logged out due to inactivity (timeout=30 minutes).
[2015/11/04 11:37:34.609] (INFO) Device 0x2c18 is online.
[2015/11/04 11:37:34.609] (INFO) Backed up all server logs.
[2015/11/04 11:37:34.609] (INFO) Alien monitor (aliend): Detected no space aliens.
[2015/11/04 11:37:34.609] (INFO) Pinging watchdog timer process: Process is alive.
[2015/11/04 11:37:34.609] (INFO) Alien monitor (aliend): Detected no space aliens.
[2015/11/04 11:37:34.609] (INFO) User "gyt2025" logged out due to inactivity (timeout=30 minutes).
[2015/11/04 11:37:34.609] (INFO) User "dry3405" logged out.
[2015/11/04 11:37:34.609] (INFO) Flushed 38 buffers to disk.
[2015/11/04 11:37:34.609] (INFO) Your mother called. She says you never call her.
[2015/11/04 11:37:34.609] (INFO) Flushed 49 buffers to disk.
[2015/11/04 11:37:34.609] (INFO) Supervisor has entered SUSPENDED state.
[2015/11/04 11:37:34.609] (INFO) User "xdo7311" logged out due to inactivity (timeout=30 minutes).
[2015/11/04 11:37:34.609] (INFO) Waiting for worker process (PID 9962) to die.
[2015/11/04 11:37:34.609] (INFO) Flushed 93 buffers to disk.
[2015/11/04 11:37:34.609] (INFO) Pinging watchdog timer process: Process is alive.
[2015/11/04 11:37:34.609] (INFO) Alien monitor (aliend): Detected no space aliens.
[2015/11/04 11:37:34.609] (INFO) User "cxx7100" logged in from 192.168.158.103.
[2015/11/04 11:37:34.609] (INFO) Checked file systems for errors: All filesystems OK.
[2015/11/04 11:37:34.609] (INFO) Your mother called. She says you never call her.
[2015/11/04 11:37:34.609] (INFO) Supervisor has entered WAITING state.
[2015/11/04 11:37:34.609] (INFO) Network heartbeat check: All OK.
[2015/11/04 11:37:34.609] (INFO) Network heartbeat check: All OK.
[2015/11/04 11:37:34.609] (INFO) Network heartbeat check: All OK.
[2015/11/04 11:37:34.609] (INFO) User "tet6398" logged out due to inactivity (timeout=30 minutes).
[2015/11/04 11:37:34.609] (INFO) User "qej7752" logged in from 10.137.89.148.
[2015/11/04 11:37:34.609] (WARN) Unable to ping supervisor at 10.40.101.13. Retrying.
[2015/11/04 11:37:34.609] (INFO) Alien monitor (aliend): Detected no space aliens.
[2015/11/04 11:37:34.609] (INFO) Alien monitor (aliend): Detected no space aliens.
[2015/11/04 11:37:34.609] (INFO) Flushed 90 buffers to disk.
[2015/11/04 11:37:34.609] (INFO) Backed up all server logs.
[2015/11/04 11:37:34.609] (INFO) Alien monitor (aliend): Detected no space aliens.
[2015/11/04 11:37:34.609] (INFO) Checkpointing off-heap server memory...
[2015/11/04 11:37:34.609] (INFO) Supervisor has entered RUNNING state.
[2015/11/04 11:37:34.609] (ERROR) "/var/data/zLvQr96249.tsv": Permission denied (EACCES)
[2015/11/04 11:37:34.609] (INFO) Rolling 8 log file(s)...
[2015/11/04 11:37:34.609] (INFO) Network heartbeat check: All OK.
[2015/11/04 11:37:34.609] (ERROR) Detected incoming DDoS from 172.16.103.216.
[2015/11/04 11:37:34.609] (INFO) Sending SIGTERM to 4 excess workers.
[2015/11/04 11:37:34.609] (ERROR) One of the flayrods has gone out askew on treadle.
[2015/11/04 11:37:34.609] (INFO) Checked file systems for errors: All filesystems OK.
[2015/11/04 11:37:34.609] (INFO) User "bxy6329" logged in from 10.233.248.13.
[2015/11/04 11:37:34.609] (INFO) Checked file systems for errors: All filesystems OK.
[2015/11/04 11:37:34.609] (INFO) Device 0x88c3 is online.
[2015/11/04 11:37:34.609] (INFO) Backed up all server logs.
[2015/11/04 11:37:34.609] (INFO) Supervisor has entered WAITING state.
[2015/11/04 11:37:35.108] (INFO) .evian ylbirret si emehcs otpyrc ym neht ,siht daer nac uoy fI
[2015/11/04 11:37:35.108] (INFO) Checkpointing off-heap server memory...
[2015/11/04 11:37:35.108] (INFO) Pinging watchdog timer process: Process is alive.
[2015/11/04 11:37:35.108] (INFO) .evian ylbirret si emehcs otpyrc ym neht ,siht daer nac uoy fI
[2015/11/04 11:37:35.108] (INFO) Rolling 1 log file(s)...
[2015/11/04 11:37:35.108] (INFO) User "kvc6363" logged out due to inactivity (timeout=30 minutes).
[2015/11/04 11:37:35.108] (INFO) Alien monitor (aliend): Detected no space aliens.
[2015/11/04 11:37:35.108] (INFO) Backed up all server logs.
[2015/11/04 11:37:35.108] (ERROR) Worker 2 died with SIGINT. Restarting it.
[2015/11/04 11:37:35.108] (INFO) Network heartbeat check: All OK.
[2015/11/04 11:37:35.108] (ERROR) Extra characters at end of line.
[2015/11/04 11:37:35.108] (INFO) Sending SIGTERM to 4 excess workers.
[2015/11/04 11:37:35.108] (INFO) Alien monitor (aliend): Detected no space aliens.
[2015/11/04 11:37:35.108] (INFO) Flushed 34 buffers to disk.
[2015/11/04 11:37:35.108] (INFO) Network heartbeat check: All OK.
[2015/11/04 11:37:35.108] (INFO) .evian ylbirret si emehcs otpyrc ym neht ,siht daer nac uoy fI
[2015/11/04 11:37:35.108] (INFO) Alien monitor (aliend): Detected no space aliens.
[2015/11/04 11:37:35.108] (INFO) User "bkn1729" logged out.
[2015/11/04 11:37:35.108] (WARN) There is no such thing as a free lunch.
[2015/11/04 11:37:35.108] (INFO) Rolling 1 log file(s)...
[2015/11/04 11:37:35.108] (INFO) Alien monitor (aliend): Detected no space aliens.
[2015/11/04 11:37:35.108] (ERROR) EFOODFAIL (Waiter, there's a fly in my soup).
[2015/11/04 11:37:35.108] (INFO) Checked file systems for errors: All filesystems OK.
[2015/11/04 11:37:35.108] (INFO) User "lfy9816" logged out due to inactivity (timeout=30 minutes).
[2015/11/04 11:37:35.108] (INFO) Supervisor has entered SUSPENDED state.
[2015/11/04 11:37:35.108] (ERROR) Directory index of "/var/data" is forbidden.
[2015/11/04 11:37:35.108] (WARN) Retrying server log checkpoint.
[2015/11/04 11:37:35.108] (INFO) Alien monitor (aliend): Detected no space aliens.
[2015/11/04 11:37:35.108] (INFO) Sending SIGTERM to 4 excess workers.
[2015/11/04 11:37:35.108] (INFO) Supervisor has entered RUNNING state.
[2015/11/04 11:37:35.108] (WARN) Dropped 8,298 corrupt data packets.
[2015/11/04 11:37:35.108] (INFO) Network heartbeat check: All OK.
[2015/11/04 11:37:35.108] (INFO) Alien monitor (aliend): Detected no space aliens.
[2015/11/04 11:37:35.108] (INFO) Your mother called. She says you never call her.
[2015/11/04 11:37:35.108] (INFO) Waiting for worker process (PID 43799) to die.
[2015/11/04 11:37:35.108] (INFO) Alien monitor (aliend): Detected no space aliens.
[2015/11/04 11:37:35.108] (INFO) .evian ylbirret si emehcs otpyrc ym neht ,siht daer nac uoy fI
[2015/11/04 11:37:35.108] (INFO) Sending SIGTERM to 3 excess workers.
[2015/11/04 11:37:35.108] (INFO) Supervisor has entered RUNNING state.
[2015/11/04 11:37:35.108] (INFO) Network heartbeat check: All OK.
[2015/11/04 11:37:35.108] (INFO) Alien monitor (aliend): Detected no space aliens.
[2015/11/04 11:37:35.108] (INFO) Device 0xc1e1 is online.
[2015/11/04 11:37:35.108] (INFO) Network heartbeat check: All OK.
[2015/11/04 11:37:35.108] (INFO) Alien monitor (aliend): Detected no space aliens.
[2015/11/04 11:37:35.108] (INFO) User "msi8321" logged out.
[2015/11/04 11:37:35.108] (INFO) Your mother called. She says you never call her.
[2015/11/04 11:37:35.108] (INFO) Checkpointing off-heap server memory...
[2015/11/04 11:37:35.108] (INFO) Checked file systems for errors: All filesystems OK.
[2015/11/04 11:37:35.108] (INFO) Checkpointing off-heap server memory...
[2015/11/04 11:37:35.108] (INFO) Alien monitor (aliend): Detected no space aliens.
[2015/11/04 11:37:35.108] (ERROR) Worker 8 died with SIGPOLL. Restarting it.
[2015/11/04 11:37:35.108] (INFO) User "wnu1216" logged out due to inactivity (timeout=30 minutes).
[2015/11/04 11:37:35.108] (INFO) Device 0xe443 is online.
[2015/11/04 11:37:35.108] (INFO) Supervisor has entered RUNNING state.
[2015/11/04 11:37:35.108] (INFO) .evian ylbirret si emehcs otpyrc ym neht ,siht daer nac uoy fI
[2015/11/04 11:37:35.108] (INFO) Alien monitor (aliend): Detected no space aliens.
[2015/11/04 11:37:35.108] (WARN) There is no such thing as a free lunch.
[2015/11/04 11:37:35.108] (INFO) Supervisor has entered RESTARTING state.
[2015/11/04 11:37:35.108] (ERROR) Blocked FTP traffic originating from 172.16.68.187.
[2015/11/04 11:37:35.108] (INFO) .evian ylbirret si emehcs otpyrc ym neht ,siht daer nac uoy fI
[2015/11/04 11:37:35.108] (INFO) Checked file systems for errors: All filesystems OK.
[2015/11/04 11:37:35.108] (INFO) .evian ylbirret si emehcs otpyrc ym neht ,siht daer nac uoy fI
[2015/11/04 11:37:35.108] (INFO) Your mother called. She says you never call her.
[2015/11/04 11:37:35.108] (INFO) User "vmm7035" logged out due to inactivity (timeout=30 minutes).
[2015/11/04 11:37:35.108] (INFO) Network heartbeat check: All OK.
[2015/11/04 11:37:35.108] (INFO) User "jqk6732" logged out.
[2015/11/04 11:37:35.108] (INFO) Rolling 4 log file(s)...
[2015/11/04 11:37:35.108] (INFO) Your mother called. She says you never call her.
[2015/11/04 11:37:35.108] (INFO) Checkpointing off-heap server memory...
[2015/11/04 11:37:35.108] (INFO) Network heartbeat check: All OK.
[2015/11/04 11:37:35.108] (ERROR) "/var/data/zNkyj68270.tsv": Permission denied (EACCES)
[2015/11/04 11:37:35.108] (INFO) Rolling 9 log file(s)...
[2015/11/04 11:37:35.108] (INFO) User "ule7777" logged in from 172.16.124.207.
[2015/11/04 11:37:35.108] (INFO) User "cls5472" logged in from 192.168.202.231.
[2015/11/04 11:37:35.108] (INFO) Waiting for supervisor process (PID 55619) to die.
[2015/11/04 11:37:35.108] (INFO) Supervisor has entered RESTARTING state.
[2015/11/04 11:37:35.108] (ERROR) Alien monitor (aliend): 3 space aliens are fiddling with the hardware!
[2015/11/04 11:37:35.108] (INFO) Supervisor has entered SUSPENDED state.
[2015/11/04 11:37:35.108] (INFO) Checked file systems for errors: All filesystems OK.
[2015/11/04 11:37:35.108] (WARN) Master took 889 ms to respond (threshold=500 ms)
[2015/11/04 11:37:35.108] (INFO) Flushed 52 buffers to disk.
[2015/11/04 11:37:35.108] (INFO) Checkpointing off-heap server memory...
[2015/11/04 11:37:35.108] (INFO) Rolling 8 log file(s)...
[2015/11/04 11:37:35.108] (INFO) Device 0x4284 is online.
[2015/11/04 11:37:35.108] (INFO) User "mgp3640" logged out due to inactivity (timeout=30 minutes).
[2015/11/04 11:37:35.108] (INFO) Checkpointing off-heap server memory...
[2015/11/04 11:37:35.108] (WARN) Network heartbeat check: 16 server(s) did not respond.
[2015/11/04 11:37:35.108] (INFO) Network heartbeat check: All OK.
[2015/11/04 11:37:35.108] (INFO) User "pme5465" logged out.
[2015/11/04 11:37:35.108] (INFO) Pinging watchdog timer process: Process is alive.
[2015/11/04 11:37:35.108] (INFO) Alien monitor (aliend): Detected no space aliens.
[2015/11/04 11:37:35.108] (WARN) Retrying server log checkpoint.
[2015/11/04 11:37:35.108] (INFO) Pinging watchdog timer process: Process is alive.
[2015/11/04 11:37:35.108] (INFO) Flushed 59 buffers to disk.
[2015/11/04 11:37:35.108] (INFO) Alien monitor (aliend): Detected no space aliens.
[2015/11/04 11:37:35.108] (INFO) Device 0x6291 is online.
[2015/11/04 11:37:35.108] (WARN) Master took 792 ms to respond (threshold=500 ms)
[2015/11/04 11:37:35.108] (INFO) Supervisor has entered SUSPENDED state.
[2015/11/04 11:37:35.108] (INFO) Flushed 99 buffers to disk.
[2015/11/04 11:37:35.108] (INFO) .evian ylbirret si emehcs otpyrc ym neht ,siht daer nac uoy fI
[2015/11/04 11:37:35.607] (INFO) Alien monitor (aliend): Detected no space aliens.
[2015/11/04 11:37:35.608] (INFO) Alien monitor (aliend): Detected no space aliens.
[2015/11/04 11:37:35.608] (WARN) There is no such thing as a free lunch.
[2015/11/04 11:37:35.608] (WARN) Master took 750 ms to respond (threshold=500 ms)
[2015/11/04 11:37:35.608] (INFO) Waiting for supervisor process (PID 56431) to die.
[2015/11/04 11:37:35.608] (INFO) Backed up all server logs.
[2015/11/04 11:37:35.608] (INFO) User "xza4418" logged out due to inactivity (timeout=30 minutes).
[2015/11/04 11:37:35.608] (INFO) User "cth8552" logged out.
[2015/11/04 11:37:35.608] (INFO) Backed up all server logs.
[2015/11/04 11:37:35.608] (INFO) Your mother called. She says you never call her.
[2015/11/04 11:37:35.608] (INFO) Rolling 3 log file(s)...
[2015/11/04 11:37:35.608] (INFO) .evian ylbirret si emehcs otpyrc ym neht ,siht daer nac uoy fI
[2015/11/04 11:37:35.608] (INFO) Sending SIGTERM to 3 excess workers.
[2015/11/04 11:37:35.608] (INFO) User "tvl3036" logged in from 10.0.75.12.
[2015/11/04 11:37:35.608] (INFO) User "zhe6498" logged out due to inactivity (timeout=30 minutes).
[2015/11/04 11:37:35.608] (INFO) Device 0xdba7 is online.
[2015/11/04 11:37:35.608] (INFO) Checkpointing off-heap server memory...
[2015/11/04 11:37:35.608] (INFO) Checkpointing off-heap server memory...
[2015/11/04 11:37:35.608] (WARN) CPU temperature exceeds 40º Celsius.
[2015/11/04 11:37:35.608] (INFO) Checked file systems for errors: All filesystems OK.
[2015/11/04 11:37:35.608] (INFO) Waiting for supervisor process (PID 47047) to die.
[2015/11/04 11:37:35.608] (INFO) Your mother called. She says you never call her.
[2015/11/04 11:37:35.608] (ERROR) /dev/lp error: "PC LOAD LETTER"
[2015/11/04 11:37:35.608] (INFO) Your mother called. She says you never call her.
[2015/11/04 11:37:35.608] (INFO) Checkpointing off-heap server memory...
[2015/11/04 11:37:35.608] (INFO) Rolling 5 log file(s)...
[2015/11/04 11:37:35.608] (INFO) Flushed 36 buffers to disk.
[2015/11/04 11:37:35.608] (INFO) Pinging watchdog timer process: Process is alive.
[2015/11/04 11:37:35.608] (INFO) Pinging watchdog timer process: Process is alive.
[2015/11/04 11:37:35.608] (INFO) User "dco8523" logged out.
[2015/11/04 11:37:35.608] (INFO) Checked file systems for errors: All filesystems OK.
[2015/11/04 11:37:35.608] (INFO) Flushed 45 buffers to disk.
[2015/11/04 11:37:35.608] (ERROR) Failed to open "/mnt/fileserver02/DuGwh74798.csv": NFS timeout.
[2015/11/04 11:37:35.608] (INFO) Supervisor has entered SUSPENDED state.
[2015/11/04 11:37:35.608] (INFO) Supervisor has entered WAITING state.
[2015/11/04 11:37:35.608] (WARN) Possible cyber-attack from The Cayman Islands.
[2015/11/04 11:37:35.608] (INFO) Your mother called. She says you never call her.
[2015/11/04 11:37:35.608] (INFO) Device 0x7791 is online.
[2015/11/04 11:37:35.608] (ERROR) Unable to mount /dev/sde3. (Time to run fsck?)
[2015/11/04 11:37:35.608] (INFO) Supervisor has entered WAITING state.
[2015/11/04 11:37:35.608] (INFO) Waiting for supervisor process (PID 20889) to die.
[2015/11/04 11:37:35.608] (INFO) User "rjg4703" logged in from 10.56.169.155.
[2015/11/04 11:37:35.608] (INFO) Device 0x1d98 is online.
[2015/11/04 11:37:35.608] (INFO) Device 0x92ef is online.
[2015/11/04 11:37:35.608] (ERROR) Server log backup FAILED. See backup logs.
[2015/11/04 11:37:35.608] (ERROR) Connection to 10.13.201.63 terminated unexpectedly. Reconnecting.
[2015/11/04 11:37:35.608] (ERROR) Detected clock skew! Restarting NTP server.
[2015/11/04 11:37:35.608] (INFO) Waiting for monitor process (PID 61987) to die.
[2015/11/04 11:37:35.608] (INFO) User "tcf5016" logged out.
[2015/11/04 11:37:35.608] (INFO) Checked file systems for errors: All filesystems OK.
[2015/11/04 11:37:35.608] (INFO) Waiting for monitor process (PID 4495) to die.
[2015/11/04 11:37:35.608] (INFO) Flushed 42 buffers to disk.
[2015/11/04 11:37:35.608] (INFO) Pinging watchdog timer process: Process is alive.
[2015/11/04 11:37:35.608] (INFO) Flushed 29 buffers to disk.
[2015/11/04 11:37:35.608] (INFO) Pinging watchdog timer process: Process is alive.
[2015/11/04 11:37:35.608] (INFO) Network heartbeat check: All OK.
[2015/11/04 11:37:35.608] (INFO) Checkpointing off-heap server memory...
[2015/11/04 11:37:35.608] (INFO) Supervisor has entered RUNNING state.
[2015/11/04 11:37:35.608] (INFO) Flushed 32 buffers to disk.
[2015/11/04 11:37:35.608] (ERROR) Detected clock skew! Restarting NTP server.
[2015/11/04 11:37:35.608] (ERROR) Extra characters at end of line.
[2015/11/04 11:37:35.608] (INFO) Pinging watchdog timer process: Process is alive.
[2015/11/04 11:37:35.608] (ERROR) /dev/lp error: "PC LOAD LETTER"
[2015/11/04 11:37:35.608] (WARN) Backup server 192.168.159.138 is offline.
[2015/11/04 11:37:35.608] (INFO) Alien monitor (aliend): Detected no space aliens.
[2015/11/04 11:37:35.608] (INFO) Network heartbeat check: All OK.
[2015/11/04 11:37:35.608] (INFO) User "wwx1997" logged in from 10.76.9.238.
[2015/11/04 11:37:35.608] (INFO) Sending SIGTERM to 3 excess workers.
[2015/11/04 11:37:35.608] (INFO) Pinging watchdog timer process: Process is alive.
[2015/11/04 11:37:35.608] (INFO) Flushed 58 buffers to disk.
[2015/11/04 11:37:35.608] (INFO) Device 0x0c18 is online.
[2015/11/04 11:37:35.608] (INFO) Checked file systems for errors: All filesystems OK.
[2015/11/04 11:37:35.608] (INFO) Checkpointing off-heap server memory...
[2015/11/04 11:37:35.608] (INFO) Checkpointing off-heap server memory...
[2015/11/04 11:37:35.608] (INFO) Checked file systems for errors: All filesystems OK.
[2015/11/04 11:37:35.608] (ERROR) Server log backup FAILED. See backup logs.
[2015/11/04 11:37:35.608] (INFO) Supervisor has entered SUSPENDED state.
[2015/11/04 11:37:35.608] (INFO) Device 0xb109 is online.
[2015/11/04 11:37:35.608] (INFO) Waiting for supervisor process (PID 40532) to die.
[2015/11/04 11:37:35.608] (INFO) Checkpointing off-heap server memory...
[2015/11/04 11:37:35.608] (INFO) Your mother called. She says you never call her.
[2015/11/04 11:37:35.608] (INFO) Backed up all server logs.
[2015/11/04 11:37:35.608] (ERROR) Detected incoming DDoS from 192.168.147.207.
[2015/11/04 11:37:35.608] (INFO) Alien monitor (aliend): Detected no space aliens.
[2015/11/04 11:37:35.608] (INFO) Sending SIGTERM to 2 excess workers.
[2015/11/04 11:37:35.608] (INFO) Flushed 22 buffers to disk.
[2015/11/04 11:37:35.608] (INFO) Sending SIGTERM to 4 excess workers.
[2015/11/04 11:37:35.608] (INFO) Pinging watchdog timer process: Process is alive.
[2015/11/04 11:37:35.608] (INFO) User "lsp5186" logged in from 10.148.90.45.
[2015/11/04 11:37:35.608] (ERROR) Detected clock skew! Restarting NTP server.
[2015/11/04 11:37:35.608] (WARN) Master took 702 ms to respond (threshold=500 ms)
[2015/11/04 11:37:35.608] (INFO) Rolling 2 log file(s)...
[2015/11/04 11:37:35.608] (INFO) Checked file systems for errors: All filesystems OK.
[2015/11/04 11:37:35.608] (INFO) Checked file systems for errors: All filesystems OK.
[2015/11/04 11:37:35.608] (INFO) User "hpl7011" logged out due to inactivity (timeout=30 minutes).
[2015/11/04 11:37:35.608] (INFO) Supervisor has entered WAITING state.
[2015/11/04 11:37:35.608] (INFO) Network heartbeat check: All OK.
[2015/11/04 11:37:35.608] (WARN) Watchdog timer crashed. Restarting it.
[2015/11/04 11:37:35.608] (INFO) Checkpointing off-heap server memory...
[2015/11/04 11:37:35.608] (INFO) Alien monitor (aliend): Detected no space aliens.
[2015/11/04 11:37:36.108] (WARN) Network heartbeat check: 4 server(s) did not respond.
[2015/11/04 11:37:36.108] (INFO) Network heartbeat check: All OK.
[2015/11/04 11:37:36.108] (INFO) Backed up all server logs.
[2015/11/04 11:37:36.108] (ERROR) Connection to 192.168.90.142 terminated unexpectedly. Reconnecting.
[2015/11/04 11:37:36.108] (INFO) Sending SIGTERM to 2 excess workers.
[2015/11/04 11:37:36.108] (INFO) Sending SIGTERM to 3 excess workers.
[2015/11/04 11:37:36.108] (INFO) Rolling 4 log file(s)...
[2015/11/04 11:37:36.108] (INFO) Network heartbeat check: All OK.
[2015/11/04 11:37:36.108] (INFO) Sending SIGTERM to 2 excess workers.
[2015/11/04 11:37:36.108] (INFO) Sending SIGTERM to 4 excess workers.
[2015/11/04 11:37:36.108] (INFO) Waiting for supervisor process (PID 40975) to die.
[2015/11/04 11:37:36.108] (INFO) Supervisor has entered SUSPENDED state.
[2015/11/04 11:37:36.108] (INFO) Flushed 96 buffers to disk.
[2015/11/04 11:37:36.108] (INFO) Waiting for monitor process (PID 44715) to die.
[2015/11/04 11:37:36.108] (INFO) Device 0x4ba9 is online.
[2015/11/04 11:37:36.108] (INFO) Your mother called. She says you never call her.
[2015/11/04 11:37:36.108] (INFO) Checkpointing off-heap server memory...
[2015/11/04 11:37:36.108] (INFO) Flushed 75 buffers to disk.
[2015/11/04 11:37:36.108] (INFO) Your mother called. She says you never call her.
[2015/11/04 11:37:36.108] (INFO) Checked file systems for errors: All filesystems OK.
[2015/11/04 11:37:36.108] (WARN) CPU temperature exceeds 40º Celsius.
[2015/11/04 11:37:36.108] (INFO) .evian ylbirret si emehcs otpyrc ym neht ,siht daer nac uoy fI
[2015/11/04 11:37:36.108] (INFO) Alien monitor (aliend): Detected no space aliens.
[2015/11/04 11:37:36.108] (INFO) Backed up all server logs.
[2015/11/04 11:37:36.108] (INFO) Network heartbeat check: All OK.
[2015/11/04 11:37:36.108] (INFO) Device 0x0797 is online.
[2015/11/04 11:37:36.108] (INFO) Flushed 76 buffers to disk.
[2015/11/04 11:37:36.108] (ERROR) Network heartbeat check FAILED: Master host down?
[2015/11/04 11:37:36.108] (ERROR) Blocked FTP traffic originating from 172.16.195.55.
[2015/11/04 11:37:36.108] (WARN) Master took 702 ms to respond (threshold=500 ms)
[2015/11/04 11:37:36.108] (INFO) Pinging watchdog timer process: Process is alive.
[2015/11/04 11:37:36.108] (ERROR) Extra characters at end of line.
[2015/11/04 11:37:36.108] (INFO) Your mother called. She says you never call her.
[2015/11/04 11:37:36.108] (INFO) Rolling 7 log file(s)...
[2015/11/04 11:37:36.108] (INFO) Flushed 39 buffers to disk.
[2015/11/04 11:37:36.108] (INFO) .evian ylbirret si emehcs otpyrc ym neht ,siht daer nac uoy fI
[2015/11/04 11:37:36.108] (INFO) Checkpointing off-heap server memory...
[2015/11/04 11:37:36.108] (INFO) User "qos9714" logged out.
[2015/11/04 11:37:36.108] (WARN) CPU temperature exceeds 40º Celsius.
[2015/11/04 11:37:36.108] (ERROR) Failed to open "/mnt/fileserver01/hefyh73981.parquet": NFS timeout.
[2015/11/04 11:37:36.108] (INFO) Network heartbeat check: All OK.
[2015/11/04 11:37:36.108] (INFO) .evian ylbirret si emehcs otpyrc ym neht ,siht daer nac uoy fI
[2015/11/04 11:37:36.108] (INFO) Checkpointing off-heap server memory...
[2015/11/04 11:37:36.108] (WARN) Unable to ping worker at 192.168.91.94. Retrying.
[2015/11/04 11:37:36.108] (ERROR) Device 0x9abf is offline
[2015/11/04 11:37:36.108] (INFO) Checkpointing off-heap server memory...
[2015/11/04 11:37:36.108] (INFO) Backed up all server logs.
[2015/11/04 11:37:36.108] (INFO) Supervisor has entered RESTARTING state.
[2015/11/04 11:37:36.108] (INFO) User "zwd3960" logged in from 172.16.2.100.
[2015/11/04 11:37:36.108] (WARN) Watchdog timer crashed. Restarting it.
[2015/11/04 11:37:36.108] (INFO) .evian ylbirret si emehcs otpyrc ym neht ,siht daer nac uoy fI
[2015/11/04 11:37:36.108] (WARN) Ignoring SIGTERM. It's not that easy to get rid of me.
[2015/11/04 11:37:36.108] (ERROR) Detected incoming DDoS from 192.168.150.67.
[2015/11/04 11:37:36.108] (INFO) Rolling 5 log file(s)...
[2015/11/04 11:37:36.108] (INFO) Backed up all server logs.
[2015/11/04 11:37:36.108] (INFO) User "yee1605" logged out.
[2015/11/04 11:37:36.108] (WARN) Possible cyber-attack from Antarctica.
[2015/11/04 11:37:36.108] (INFO) Checkpointing off-heap server memory...
[2015/11/04 11:37:36.108] (INFO) Waiting for supervisor process (PID 37822) to die.
[2015/11/04 11:37:36.108] (INFO) Flushed 21 buffers to disk.
[2015/11/04 11:37:36.108] (INFO) User "ith5849" logged in from 10.27.207.99.
[2015/11/04 11:37:36.108] (INFO) .evian ylbirret si emehcs otpyrc ym neht ,siht daer nac uoy fI
[2015/11/04 11:37:36.108] (INFO) Supervisor has entered WAITING state.
[2015/11/04 11:37:36.108] (ERROR) Failed to write checkpoint file "/var/checkpoint/YPong98495: No space left on device (ENOSPC)
[2015/11/04 11:37:36.108] (INFO) Your mother called. She says you never call her.
[2015/11/04 11:37:36.108] (INFO) Pinging watchdog timer process: Process is alive.
[2015/11/04 11:37:36.108] (INFO) Sending SIGTERM to 2 excess workers.
[2015/11/04 11:37:36.108] (ERROR) Failed to write checkpoint file "/var/checkpoint/wwOCN97487: No space left on device (ENOSPC)
[2015/11/04 11:37:36.108] (INFO) Supervisor has entered SUSPENDED state.
[2015/11/04 11:37:36.108] (ERROR) Detected incoming DDoS from 192.168.175.182.
[2015/11/04 11:37:36.108] (INFO) Flushed 40 buffers to disk.
[2015/11/04 11:37:36.108] (INFO) .evian ylbirret si emehcs otpyrc ym neht ,siht daer nac uoy fI
[2015/11/04 11:37:36.108] (INFO) Supervisor has entered RUNNING state.
[2015/11/04 11:37:36.108] (INFO) Sending SIGTERM to 4 excess workers.
[2015/11/04 11:37:36.108] (INFO) User "wdt8839" logged out.
[2015/11/04 11:37:36.108] (INFO) Checkpointing off-heap server memory...
[2015/11/04 11:37:36.108] (INFO) Alien monitor (aliend): Detected no space aliens.
[2015/11/04 11:37:36.108] (INFO) Checkpointing off-heap server memory...
[2015/11/04 11:37:36.108] (INFO) Your mother called. She says you never call her.
[2015/11/04 11:37:36.108] (INFO) Checkpointing off-heap server memory...
[2015/11/04 11:37:36.108] (INFO) Device 0x4fab is online.
[2015/11/04 11:37:36.108] (WARN) Watchdog timer crashed. Restarting it.
[2015/11/04 11:37:36.108] (INFO) User "qbi2520" logged out.
[2015/11/04 11:37:36.108] (WARN) Watchdog timer crashed. Restarting it.
[2015/11/04 11:37:36.108] (INFO) User "qon9428" logged out due to inactivity (timeout=30 minutes).
[2015/11/04 11:37:36.108] (INFO) User "epi7456" logged in from 172.16.120.236.
[2015/11/04 11:37:36.108] (INFO) User "bxw6197" logged out.
[2015/11/04 11:37:36.108] (INFO) Supervisor has entered SUSPENDED state.
[2015/11/04 11:37:36.108] (INFO) Checkpointing off-heap server memory...
[2015/11/04 11:37:36.108] (INFO) Flushed 69 buffers to disk.
[2015/11/04 11:37:36.108] (INFO) Flushed 24 buffers to disk.
[2015/11/04 11:37:36.108] (INFO) Your mother called. She says you never call her.
[2015/11/04 11:37:36.108] (INFO) Network heartbeat check: All OK.
[2015/11/04 11:37:36.108] (INFO) User "ahg4321" logged in from 172.16.135.195.
[2015/11/04 11:37:36.108] (INFO) Backed up all server logs.
[2015/11/04 11:37:36.108] (ERROR) Unable to authenticate user "rzw7365": LDAP server isn't responding.
[2015/11/04 11:37:36.108] (INFO) Your mother called. She says you never call her.
[2015/11/04 11:37:36.108] (ERROR) "/var/data/UIvJt82010.tar.gz": Permission denied (EACCES)
[2015/11/04 11:37:36.108] (INFO) Sending SIGTERM to 4 excess workers.
[2015/11/04 11:37:36.108] (INFO) Network heartbeat check: All OK.
[2015/11/04 11:37:36.610] (INFO) Supervisor has entered SUSPENDED state.
[2015/11/04 11:37:36.610] (INFO) Your mother called. She says you never call her.
[2015/11/04 11:37:36.610] (ERROR) CPU temperature exceeds 50º Celsius. Shutting down.
[2015/11/04 11:37:36.610] (INFO) Alien monitor (aliend): Detected no space aliens.
[2015/11/04 11:37:36.610] (INFO) Sending SIGTERM to 3 excess workers.
[2015/11/04 11:37:36.610] (INFO) Backed up all server logs.
[2015/11/04 11:37:36.610] (INFO) User "lyi8050" logged in from 192.168.105.101.
[2015/11/04 11:37:36.610] (INFO) User "cwu8596" logged out.
[2015/11/04 11:37:36.610] (INFO) Supervisor has entered RESTARTING state.
[2015/11/04 11:37:36.610] (INFO) Pinging watchdog timer process: Process is alive.
[2015/11/04 11:37:36.610] (INFO) Device 0x457b is online.
[2015/11/04 11:37:36.610] (INFO) Sending SIGTERM to 4 excess workers.
[2015/11/04 11:37:36.610] (INFO) .evian ylbirret si emehcs otpyrc ym neht ,siht daer nac uoy fI
[2015/11/04 11:37:36.610] (INFO) User "wgj4989" logged in from 172.16.95.105.
[2015/11/04 11:37:36.610] (INFO) Device 0x247c is online.
[2015/11/04 11:37:36.610] (INFO) Supervisor has entered SUSPENDED state.
[2015/11/04 11:37:36.610] (WARN) There is no such thing as a free lunch.
[2015/11/04 11:37:36.610] (ERROR) /dev/lp error: "PC LOAD LETTER"
[2015/11/04 11:37:36.610] (INFO) Backed up all server logs.
[2015/11/04 11:37:36.610] (INFO) User "zwt1654" logged out due to inactivity (timeout=30 minutes).
[2015/11/04 11:37:36.610] (INFO) Sending SIGTERM to 2 excess workers.
[2015/11/04 11:37:36.610] (INFO) Device 0xfb85 is online.
[2015/11/04 11:37:36.610] (INFO) Checked file systems for errors: All filesystems OK.
[2015/11/04 11:37:36.610] (INFO) Your mother called. She says you never call her.
[2015/11/04 11:37:36.610] (INFO) Checked file systems for errors: All filesystems OK.
[2015/11/04 11:37:36.610] (INFO) Your mother called. She says you never call her.
[2015/11/04 11:37:36.610] (INFO) Your mother called. She says you never call her.
[2015/11/04 11:37:36.610] (INFO) Flushed 50 buffers to disk.
[2015/11/04 11:37:36.610] (ERROR) Detected clock skew! Restarting NTP server.
[2015/11/04 11:37:36.610] (INFO) Waiting for supervisor process (PID 58359) to die.
[2015/11/04 11:37:36.610] (INFO) User "vxx5985" logged in from 192.168.204.9.
[2015/11/04 11:37:36.610] (INFO) Alien monitor (aliend): Detected no space aliens.
[2015/11/04 11:37:36.610] (WARN) Watchdog timer crashed. Restarting it.
[2015/11/04 11:37:36.610] (INFO) Your mother called. She says you never call her.
[2015/11/04 11:37:36.610] (INFO) User "jye9743" logged out.
[2015/11/04 11:37:36.610] (INFO) User "xln9202" logged in from 192.168.175.171.
[2015/11/04 11:37:36.610] (WARN) Network heartbeat check: 13 server(s) did not respond.
[2015/11/04 11:37:36.610] (INFO) Pinging watchdog timer process: Process is alive.
[2015/11/04 11:37:36.610] (INFO) User "dmy8333" logged in from 172.16.104.216.
[2015/11/04 11:37:36.610] (INFO) Waiting for master process (PID 25191) to die.
[2015/11/04 11:37:36.610] (WARN) Backup server 192.168.114.245 is offline.
[2015/11/04 11:37:36.610] (INFO) User "hxl3857" logged in from 192.168.222.163.
[2015/11/04 11:37:36.610] (INFO) Device 0x4c32 is online.
[2015/11/04 11:37:36.610] (INFO) User "koo1664" logged in from 172.16.224.117.
[2015/11/04 11:37:36.610] (INFO) Flushed 40 buffers to disk.
[2015/11/04 11:37:36.610] (INFO) Alien monitor (aliend): Detected no space aliens.
[2015/11/04 11:37:36.610] (INFO) Checkpointing off-heap server memory...
[2015/11/04 11:37:36.610] (WARN) Master took 813 ms to respond (threshold=500 ms)
[2015/11/04 11:37:36.610] (INFO) Flushed 50 buffers to disk.
[2015/11/04 11:37:36.610] (INFO) Checkpointing off-heap server memory...
[2015/11/04 11:37:36.610] (ERROR) "/var/data/fsSWT55466.txt": Permission denied (EACCES)
[2015/11/04 11:37:36.610] (INFO) Checkpointing off-heap server memory...
[2015/11/04 11:37:36.610] (ERROR) Detected incoming DDoS from 10.20.240.157.
[2015/11/04 11:37:36.610] (INFO) Checked file systems for errors: All filesystems OK.
[2015/11/04 11:37:36.610] (INFO) Backed up all server logs.
[2015/11/04 11:37:36.610] (INFO) User "klw3926" logged out due to inactivity (timeout=30 minutes).
[2015/11/04 11:37:36.610] (INFO) .evian ylbirret si emehcs otpyrc ym neht ,siht daer nac uoy fI
[2015/11/04 11:37:36.610] (INFO) Checked file systems for errors: All filesystems OK.
[2015/11/04 11:37:36.610] (INFO) Alien monitor (aliend): Detected no space aliens.
[2015/11/04 11:37:36.610] (INFO) User "bii5245" logged in from 192.168.112.117.
[2015/11/04 11:37:36.610] (INFO) Waiting for master process (PID 57768) to die.
[2015/11/04 11:37:36.610] (INFO) Waiting for worker process (PID 1482) to die.
[2015/11/04 11:37:36.610] (INFO) Backed up all server logs.
[2015/11/04 11:37:36.610] (INFO) Your mother called. She says you never call her.
[2015/11/04 11:37:36.610] (ERROR) "/var/data/JmwzK59345.csv": No such file or directory (ENOENT)
[2015/11/04 11:37:36.610] (INFO) Checkpointing off-heap server memory...
[2015/11/04 11:37:36.610] (INFO) Rolling 6 log file(s)...
[2015/11/04 11:37:36.610] (INFO) Alien monitor (aliend): Detected no space aliens.
[2015/11/04 11:37:36.610] (ERROR) Blocked SMTP traffic originating from 10.111.0.222.
[2015/11/04 11:37:36.610] (ERROR) Unable to write to "/var/data/nFPNL79967.xml": Permission denied (EACCES)
[2015/11/04 11:37:36.610] (ERROR) Device 0xff55 is offline
[2015/11/04 11:37:36.610] (WARN) Watchdog timer crashed. Restarting it.
[2015/11/04 11:37:36.610] (INFO) Checked file systems for errors: All filesystems OK.
[2015/11/04 11:37:36.610] (INFO) Device 0xcf05 is online.
[2015/11/04 11:37:36.610] (INFO) Waiting for master process (PID 4683) to die.
[2015/11/04 11:37:36.610] (INFO) Backed up all server logs.
[2015/11/04 11:37:36.610] (ERROR) User "pwb8040" failed to log in 3 times. Disabling account.
[2015/11/04 11:37:36.610] (INFO) Your mother called. She says you never call her.
[2015/11/04 11:37:36.610] (INFO) Checkpointing off-heap server memory...
[2015/11/04 11:37:36.610] (INFO) Checked file systems for errors: All filesystems OK.
[2015/11/04 11:37:36.610] (INFO) Sending SIGTERM to 2 excess workers.
[2015/11/04 11:37:36.610] (ERROR) Connection to 10.244.228.51 terminated unexpectedly. Reconnecting.
[2015/11/04 11:37:36.610] (INFO) User "dhm9528" logged out due to inactivity (timeout=30 minutes).
[2015/11/04 11:37:36.610] (INFO) Device 0x21c6 is online.
[2015/11/04 11:37:36.610] (INFO) Network heartbeat check: All OK.
[2015/11/04 11:37:36.610] (ERROR) Alien monitor (aliend): 2 space aliens are fiddling with the hardware!
[2015/11/04 11:37:36.610] (INFO) User "omi5479" logged out due to inactivity (timeout=30 minutes).
[2015/11/04 11:37:36.610] (INFO) .evian ylbirret si emehcs otpyrc ym neht ,siht daer nac uoy fI
[2015/11/04 11:37:36.610] (INFO) Rolling 1 log file(s)...
[2015/11/04 11:37:36.610] (INFO) Network heartbeat check: All OK.
[2015/11/04 11:37:36.610] (ERROR) Network heartbeat check FAILED: Master host down?
[2015/11/04 11:37:36.610] (INFO) Supervisor has entered RESTARTING state.
[2015/11/04 11:37:36.610] (WARN) Possible cyber-attack from The Cayman Islands.
[2015/11/04 11:37:36.610] (INFO) Network heartbeat check: All OK.
[2015/11/04 11:37:36.610] (INFO) Rolling 8 log file(s)...
[2015/11/04 11:37:36.610] (INFO) Sending SIGTERM to 3 excess workers.
[2015/11/04 11:37:36.610] (INFO) Waiting for supervisor process (PID 1614) to die.
[2015/11/04 11:37:36.610] (INFO) User "vov7034" logged out.
[2015/11/04 11:37:36.610] (INFO) Pinging watchdog timer process: Process is alive.
[2015/11/04 11:37:36.611] (INFO) Pinging watchdog timer process: Process is alive.
[2015/11/04 11:37:37.109] (INFO) Supervisor has entered SUSPENDED state.
[2015/11/04 11:37:37.109] (INFO) User "xhz1459" logged out due to inactivity (timeout=30 minutes).
[2015/11/04 11:37:37.109] (INFO) Sending SIGTERM to 3 excess workers.
[2015/11/04 11:37:37.109] (INFO) Device 0xdad0 is online.
[2015/11/04 11:37:37.109] (INFO) User "dqc1708" logged in from 10.221.171.180.
[2015/11/04 11:37:37.109] (INFO) Checkpointing off-heap server memory...
[2015/11/04 11:37:37.109] (INFO) Checked file systems for errors: All filesystems OK.
[2015/11/04 11:37:37.109] (INFO) Checkpointing off-heap server memory...
[2015/11/04 11:37:37.109] (INFO) Flushed 83 buffers to disk.
[2015/11/04 11:37:37.109] (INFO) Checkpointing off-heap server memory...
[2015/11/04 11:37:37.109] (INFO) Sending SIGTERM to 4 excess workers.
[2015/11/04 11:37:37.109] (INFO) Network heartbeat check: All OK.
[2015/11/04 11:37:37.109] (INFO) Network heartbeat check: All OK.
[2015/11/04 11:37:37.109] (INFO) .evian ylbirret si emehcs otpyrc ym neht ,siht daer nac uoy fI
[2015/11/04 11:37:37.109] (INFO) Rolling 1 log file(s)...
[2015/11/04 11:37:37.109] (INFO) Supervisor has entered SUSPENDED state.
[2015/11/04 11:37:37.109] (INFO) Rolling 9 log file(s)...
[2015/11/04 11:37:37.109] (INFO) Checked file systems for errors: All filesystems OK.
[2015/11/04 11:37:37.109] (INFO) Backed up all server logs.
[2015/11/04 11:37:37.109] (INFO) Your mother called. She says you never call her.
[2015/11/04 11:37:37.109] (INFO) Rolling 9 log file(s)...
[2015/11/04 11:37:37.109] (INFO) Supervisor has entered SUSPENDED state.
[2015/11/04 11:37:37.109] (INFO) .evian ylbirret si emehcs otpyrc ym neht ,siht daer nac uoy fI
[2015/11/04 11:37:37.109] (ERROR) Alien monitor (aliend): 3 space aliens are fiddling with the hardware!
[2015/11/04 11:37:37.109] (INFO) Checked file systems for errors: All filesystems OK.
[2015/11/04 11:37:37.109] (ERROR) Detected incoming DDoS from 172.16.0.71.
[2015/11/04 11:37:37.109] (INFO) Waiting for worker process (PID 50270) to die.
[2015/11/04 11:37:37.109] (WARN) Master took 628 ms to respond (threshold=500 ms)
[2015/11/04 11:37:37.109] (INFO) Waiting for worker process (PID 41263) to die.
[2015/11/04 11:37:37.109] (INFO) User "chj5576" logged in from 192.168.53.2.
[2015/11/04 11:37:37.109] (INFO) Pinging watchdog timer process: Process is alive.
[2015/11/04 11:37:37.109] (ERROR) Worker 5 died with SIGTRAP. Restarting it.
[2015/11/04 11:37:37.109] (INFO) Checked file systems for errors: All filesystems OK.
[2015/11/04 11:37:37.109] (INFO) Rolling 3 log file(s)...
[2015/11/04 11:37:37.109] (INFO) Alien monitor (aliend): Detected no space aliens.
[2015/11/04 11:37:37.109] (INFO) User "kpw6418" logged in from 10.90.120.128.
[2015/11/04 11:37:37.109] (WARN) There is no such thing as a free lunch.
[2015/11/04 11:37:37.109] (ERROR) One of the flayrods has gone out askew on treadle.
[2015/11/04 11:37:37.109] (ERROR) Directory index of "/var/data" is forbidden.
[2015/11/04 11:37:37.109] (INFO) Checkpointing off-heap server memory...
[2015/11/04 11:37:37.109] (ERROR) Connection to 10.62.173.240 terminated unexpectedly. Reconnecting.
[2015/11/04 11:37:37.109] (ERROR) Detected incoming DDoS from 10.7.175.211.
[2015/11/04 11:37:37.109] (INFO) Your mother called. She says you never call her.
[2015/11/04 11:37:37.109] (INFO) Backed up all server logs.
[2015/11/04 11:37:37.109] (ERROR) Unable to authenticate user "ymm8391": LDAP server isn't responding.
[2015/11/04 11:37:37.109] (INFO) Waiting for worker process (PID 14773) to die.
[2015/11/04 11:37:37.109] (INFO) Checkpointing off-heap server memory...
[2015/11/04 11:37:37.109] (INFO) Pinging watchdog timer process: Process is alive.
[2015/11/04 11:37:37.109] (WARN) Master took 664 ms to respond (threshold=500 ms)
[2015/11/04 11:37:37.109] (INFO) Sending SIGTERM to 3 excess workers.
[2015/11/04 11:37:37.109] (INFO) Your mother called. She says you never call her.
[2015/11/04 11:37:37.109] (WARN) Network heartbeat check: 7 server(s) did not respond.
[2015/11/04 11:37:37.109] (WARN) CPU temperature exceeds 40º Celsius.
[2015/11/04 11:37:37.109] (INFO) Network heartbeat check: All OK.
[2015/11/04 11:37:37.109] (INFO) Sending SIGTERM to 2 excess workers.
[2015/11/04 11:37:37.109] (INFO) Your mother called. She says you never call her.
[2015/11/04 11:37:37.109] (INFO) Checkpointing off-heap server memory...
[2015/11/04 11:37:37.109] (INFO) Checkpointing off-heap server memory...
[2015/11/04 11:37:37.109] (INFO) Rolling 4 log file(s)...
[2015/11/04 11:37:37.109] (INFO) Flushed 58 buffers to disk.
[2015/11/04 11:37:37.109] (ERROR) Failed to write checkpoint file "/var/checkpoint/czxeW95933: No space left on device (ENOSPC)
[2015/11/04 11:37:37.109] (ERROR) Unable to authenticate user "ovp5667": LDAP server isn't responding.
[2015/11/04 11:37:37.109] (INFO) Checked file systems for errors: All filesystems OK.
[2015/11/04 11:37:37.109] (INFO) Your mother called. She says you never call her.
[2015/11/04 11:37:37.109] (INFO) Device 0x5da4 is online.
[2015/11/04 11:37:37.109] (WARN) Retrying server log checkpoint.
[2015/11/04 11:37:37.109] (INFO) Sending SIGTERM to 4 excess workers.
[2015/11/04 11:37:37.109] (WARN) Unable to ping master at 172.16.149.47. Retrying.
[2015/11/04 11:37:37.109] (INFO) Backed up all server logs.
[2015/11/04 11:37:37.109] (INFO) Network heartbeat check: All OK.
[2015/11/04 11:37:37.109] (WARN) Ignoring SIGTERM. It's not that easy to get rid of me.
[2015/11/04 11:37:37.109] (INFO) Pinging watchdog timer process: Process is alive.
[2015/11/04 11:37:37.109] (INFO) Device 0x8c1c is online.
[2015/11/04 11:37:37.109] (INFO) Supervisor has entered SUSPENDED state.
[2015/11/04 11:37:37.109] (INFO) Checkpointing off-heap server memory...
[2015/11/04 11:37:37.109] (INFO) Waiting for worker process (PID 45170) to die.
[2015/11/04 11:37:37.109] (WARN) Dropped 14,063 corrupt data packets.
[2015/11/04 11:37:37.109] (INFO) Pinging watchdog timer process: Process is alive.
[2015/11/04 11:37:37.109] (INFO) Checkpointing off-heap server memory...
[2015/11/04 11:37:37.109] (INFO) Alien monitor (aliend): Detected no space aliens.
[2015/11/04 11:37:37.109] (ERROR) Blocked SSH traffic originating from 172.16.231.80.
[2015/11/04 11:37:37.109] (INFO) Waiting for worker process (PID 33370) to die.
[2015/11/04 11:37:37.109] (INFO) Pinging watchdog timer process: Process is alive.
[2015/11/04 11:37:37.109] (INFO) Backed up all server logs.
[2015/11/04 11:37:37.109] (INFO) Backed up all server logs.
[2015/11/04 11:37:37.109] (INFO) Checkpointing off-heap server memory...
[2015/11/04 11:37:37.109] (WARN) Network heartbeat check: 12 server(s) did not respond.
[2015/11/04 11:37:37.109] (WARN) Space on disk /dev/sdc4 is low: Only 572 MB available.
[2015/11/04 11:37:37.109] (INFO) Backed up all server logs.
[2015/11/04 11:37:37.109] (INFO) Checkpointing off-heap server memory...
[2015/11/04 11:37:37.109] (INFO) Your mother called. She says you never call her.
[2015/11/04 11:37:37.109] (INFO) Supervisor has entered RESTARTING state.
[2015/11/04 11:37:37.109] (WARN) CPU temperature exceeds 40º Celsius.
[2015/11/04 11:37:37.109] (INFO) User "yce3131" logged in from 192.168.189.89.
[2015/11/04 11:37:37.109] (INFO) Waiting for worker process (PID 43348) to die.
[2015/11/04 11:37:37.109] (INFO) Checkpointing off-heap server memory...
[2015/11/04 11:37:37.109] (INFO) Device 0xdfeb is online.
[2015/11/04 11:37:37.109] (INFO) Device 0xe61d is online.
[2015/11/04 11:37:37.109] (INFO) Your mother called. She says you never call her.
[2015/11/04 11:37:37.109] (ERROR) Detected incoming DDoS from 192.168.28.24.
[2015/11/04 11:37:37.607] (INFO) Backed up all server logs.
[2015/11/04 11:37:37.607] (INFO) User "xkg7986" logged in from 10.100.166.180.
[2015/11/04 11:37:37.607] (INFO) Backed up all server logs.
[2015/11/04 11:37:37.607] (INFO) Waiting for supervisor process (PID 31077) to die.
[2015/11/04 11:37:37.607] (INFO) Your mother called. She says you never call her.
[2015/11/04 11:37:37.607] (INFO) .evian ylbirret si emehcs otpyrc ym neht ,siht daer nac uoy fI
[2015/11/04 11:37:37.607] (INFO) Rolling 5 log file(s)...
[2015/11/04 11:37:37.607] (INFO) .evian ylbirret si emehcs otpyrc ym neht ,siht daer nac uoy fI
[2015/11/04 11:37:37.607] (WARN) Possible cyber-attack from Nebraska.
[2015/11/04 11:37:37.607] (INFO) Device 0x444f is online.
[2015/11/04 11:37:37.607] (INFO) User "vci9348" logged out.
[2015/11/04 11:37:37.607] (INFO) Backed up all server logs.
[2015/11/04 11:37:37.607] (INFO) Alien monitor (aliend): Detected no space aliens.
[2015/11/04 11:37:37.608] (INFO) Flushed 75 buffers to disk.
[2015/11/04 11:37:37.608] (ERROR) Connection to 10.36.88.246 terminated unexpectedly. Reconnecting.
[2015/11/04 11:37:37.608] (ERROR) One of the flayrods has gone out askew on treadle.
[2015/11/04 11:37:37.608] (ERROR) Unable to mount /dev/sda2. (Time to run fsck?)
[2015/11/04 11:37:37.608] (INFO) Network heartbeat check: All OK.
[2015/11/04 11:37:37.608] (INFO) Rolling 3 log file(s)...
[2015/11/04 11:37:37.608] (INFO) User "vom8306" logged out.
[2015/11/04 11:37:37.608] (INFO) User "fge4408" logged out.
[2015/11/04 11:37:37.608] (INFO) Checkpointing off-heap server memory...
[2015/11/04 11:37:37.608] (WARN) Space on disk /dev/sda1 is low: Only 222 MB available.
[2015/11/04 11:37:37.608] (INFO) Alien monitor (aliend): Detected no space aliens.
[2015/11/04 11:37:37.608] (INFO) User "seq9995" logged out.
[2015/11/04 11:37:37.608] (INFO) Flushed 65 buffers to disk.
[2015/11/04 11:37:37.608] (INFO) Flushed 75 buffers to disk.
[2015/11/04 11:37:37.608] (INFO) Network heartbeat check: All OK.
[2015/11/04 11:37:37.608] (INFO) Rolling 1 log file(s)...
[2015/11/04 11:37:37.608] (ERROR) Server log backup FAILED. See backup logs.
[2015/11/04 11:37:37.608] (INFO) Device 0xec89 is online.
[2015/11/04 11:37:37.608] (WARN) Space on disk /dev/sdf4 is low: Only 284 MB available.
[2015/11/04 11:37:37.608] (INFO) Device 0x8cae is online.
[2015/11/04 11:37:37.608] (INFO) Backed up all server logs.
[2015/11/04 11:37:37.608] (ERROR) Detected incoming DDoS from 172.16.7.158.
[2015/11/04 11:37:37.608] (INFO) Checkpointing off-heap server memory...
[2015/11/04 11:37:37.608] (INFO) .evian ylbirret si emehcs otpyrc ym neht ,siht daer nac uoy fI
[2015/11/04 11:37:37.608] (INFO) Network heartbeat check: All OK.
[2015/11/04 11:37:37.608] (INFO) User "apj6418" logged in from 172.16.151.150.
[2015/11/04 11:37:37.608] (INFO) Rolling 9 log file(s)...
[2015/11/04 11:37:37.608] (INFO) Checked file systems for errors: All filesystems OK.
[2015/11/04 11:37:37.608] (INFO) Network heartbeat check: All OK.
[2015/11/04 11:37:37.608] (ERROR) CPU temperature exceeds 50º Celsius. Shutting down.
[2015/11/04 11:37:37.608] (INFO) Sending SIGTERM to 3 excess workers.
[2015/11/04 11:37:37.608] (ERROR) Failed to open "/mnt/fileserver02/QlFyU64706.parquet": NFS timeout.
[2015/11/04 11:37:37.608] (INFO) Device 0x9698 is online.
[2015/11/04 11:37:37.608] (INFO) Alien monitor (aliend): Detected no space aliens.
[2015/11/04 11:37:37.608] (INFO) Checkpointing off-heap server memory...
[2015/11/04 11:37:37.608] (WARN) CPU temperature exceeds 40º Celsius.
[2015/11/04 11:37:37.608] (INFO) Your mother called. She says you never call her.
[2015/11/04 11:37:37.608] (INFO) Pinging watchdog timer process: Process is alive.
[2015/11/04 11:37:37.608] (INFO) Checkpointing off-heap server memory...
[2015/11/04 11:37:37.608] (INFO) Checked file systems for errors: All filesystems OK.
[2015/11/04 11:37:37.608] (WARN) Master took 878 ms to respond (threshold=500 ms)
[2015/11/04 11:37:37.608] (INFO) Alien monitor (aliend): Detected no space aliens.
[2015/11/04 11:37:37.608] (WARN) Network heartbeat check: 19 server(s) did not respond.
[2015/11/04 11:37:37.608] (INFO) Alien monitor (aliend): Detected no space aliens.
[2015/11/04 11:37:37.608] (INFO) .evian ylbirret si emehcs otpyrc ym neht ,siht daer nac uoy fI
[2015/11/04 11:37:37.608] (INFO) Alien monitor (aliend): Detected no space aliens.
[2015/11/04 11:37:37.608] (INFO) User "fxc6654" logged out.
[2015/11/04 11:37:37.608] (INFO) Device 0x234b is online.
[2015/11/04 11:37:37.608] (INFO) Alien monitor (aliend): Detected no space aliens.
[2015/11/04 11:37:37.608] (ERROR) Worker 2 died with SIGQUIT. Restarting it.
[2015/11/04 11:37:37.608] (ERROR) EFOODFAIL (Waiter, there's a fly in my soup).
[2015/11/04 11:37:37.608] (INFO) Rolling 8 log file(s)...
[2015/11/04 11:37:37.608] (INFO) .evian ylbirret si emehcs otpyrc ym neht ,siht daer nac uoy fI
[2015/11/04 11:37:37.608] (WARN) Retrying server log checkpoint.
[2015/11/04 11:37:37.608] (INFO) Waiting for monitor process (PID 64563) to die.
[2015/11/04 11:37:37.608] (INFO) User "ash5061" logged out.
[2015/11/04 11:37:37.608] (INFO) Rolling 9 log file(s)...
[2015/11/04 11:37:37.608] (INFO) Checkpointing off-heap server memory...
[2015/11/04 11:37:37.608] (INFO) Sending SIGTERM to 4 excess workers.
[2015/11/04 11:37:37.608] (ERROR) Directory index of "/var/data" is forbidden.
[2015/11/04 11:37:37.608] (WARN) There is no such thing as a free lunch.
[2015/11/04 11:37:37.608] (INFO) Checked file systems for errors: All filesystems OK.
[2015/11/04 11:37:37.608] (INFO) Sending SIGTERM to 4 excess workers.
[2015/11/04 11:37:37.608] (WARN) Ignoring SIGTERM. It's not that easy to get rid of me.
[2015/11/04 11:37:37.608] (ERROR) One of the flayrods has gone out askew on treadle.
[2015/11/04 11:37:37.608] (INFO) User "tvw3499" logged out due to inactivity (timeout=30 minutes).
[2015/11/04 11:37:37.608] (INFO) .evian ylbirret si emehcs otpyrc ym neht ,siht daer nac uoy fI
[2015/11/04 11:37:37.608] (INFO) Checkpointing off-heap server memory...
[2015/11/04 11:37:37.608] (INFO) Flushed 73 buffers to disk.
[2015/11/04 11:37:37.608] (INFO) Checked file systems for errors: All filesystems OK.
[2015/11/04 11:37:37.608] (INFO) Flushed 56 buffers to disk.
[2015/11/04 11:37:37.608] (ERROR) Extra characters at end of line.
[2015/11/04 11:37:37.608] (INFO) Your mother called. She says you never call her.
[2015/11/04 11:37:37.608] (ERROR) Extra characters at end of line.
[2015/11/04 11:37:37.608] (INFO) Pinging watchdog timer process: Process is alive.
[2015/11/04 11:37:37.608] (INFO) User "osz4753" logged out due to inactivity (timeout=30 minutes).
[2015/11/04 11:37:37.608] (INFO) User "aqm5200" logged out.
[2015/11/04 11:37:37.608] (INFO) User "nup1140" logged in from 192.168.230.223.
[2015/11/04 11:37:37.608] (INFO) Waiting for worker process (PID 49732) to die.
[2015/11/04 11:37:37.608] (INFO) Waiting for monitor process (PID 17598) to die.
[2015/11/04 11:37:37.608] (INFO) Pinging watchdog timer process: Process is alive.
[2015/11/04 11:37:37.608] (INFO) Sending SIGTERM to 4 excess workers.
[2015/11/04 11:37:37.608] (INFO) Checked file systems for errors: All filesystems OK.
[2015/11/04 11:37:37.608] (INFO) Sending SIGTERM to 4 excess workers.
[2015/11/04 11:37:37.608] (INFO) Checked file systems for errors: All filesystems OK.
[2015/11/04 11:37:37.608] (WARN) There is no such thing as a free lunch.
[2015/11/04 11:37:37.608] (WARN) Possible cyber-attack from Alpha Centauri.
[2015/11/04 11:37:38.108] (INFO) Supervisor has entered SUSPENDED state.
[2015/11/04 11:37:38.108] (INFO) Checked file systems for errors: All filesystems OK.
[2015/11/04 11:37:38.108] (INFO) User "dtf8517" logged out.
[2015/11/04 11:37:38.108] (INFO) Pinging watchdog timer process: Process is alive.
[2015/11/04 11:37:38.108] (INFO) Backed up all server logs.
[2015/11/04 11:37:38.108] (INFO) Alien monitor (aliend): Detected no space aliens.
[2015/11/04 11:37:38.108] (INFO) Sending SIGTERM to 4 excess workers.
[2015/11/04 11:37:38.108] (INFO) Checked file systems for errors: All filesystems OK.
[2015/11/04 11:37:38.108] (INFO) Pinging watchdog timer process: Process is alive.
[2015/11/04 11:37:38.108] (INFO) Backed up all server logs.
[2015/11/04 11:37:38.108] (ERROR) Failed to write checkpoint file "/var/checkpoint/sCkFn53145: No space left on device (ENOSPC)
[2015/11/04 11:37:38.108] (INFO) Sending SIGTERM to 2 excess workers.
[2015/11/04 11:37:38.108] (INFO) User "cnx9071" logged out due to inactivity (timeout=30 minutes).
[2015/11/04 11:37:38.108] (INFO) Checked file systems for errors: All filesystems OK.
[2015/11/04 11:37:38.108] (WARN) CPU temperature exceeds 40º Celsius.
[2015/11/04 11:37:38.108] (INFO) Network heartbeat check: All OK.
[2015/11/04 11:37:38.108] (INFO) Flushed 80 buffers to disk.
[2015/11/04 11:37:38.108] (INFO) Backed up all server logs.
[2015/11/04 11:37:38.108] (INFO) Network heartbeat check: All OK.
[2015/11/04 11:37:38.108] (INFO) Your mother called. She says you never call her.
[2015/11/04 11:37:38.108] (ERROR) User "isv1783" failed to log in 3 times. Disabling account.
[2015/11/04 11:37:38.108] (WARN) Master took 887 ms to respond (threshold=500 ms)
[2015/11/04 11:37:38.108] (INFO) Backed up all server logs.
[2015/11/04 11:37:38.108] (INFO) User "jiv6234" logged in from 10.105.140.111.
[2015/11/04 11:37:38.108] (INFO) Device 0x0a0e is online.
[2015/11/04 11:37:38.108] (ERROR) Network heartbeat check FAILED: Master host down?
[2015/11/04 11:37:38.108] (ERROR) Worker 3 died with SIGTRAP. Restarting it.
[2015/11/04 11:37:38.108] (INFO) .evian ylbirret si emehcs otpyrc ym neht ,siht daer nac uoy fI
[2015/11/04 11:37:38.108] (INFO) Waiting for monitor process (PID 38804) to die.
[2015/11/04 11:37:38.108] (ERROR) Blocked FTP traffic originating from 172.16.62.82.
[2015/11/04 11:37:38.108] (WARN) Watchdog timer crashed. Restarting it.
[2015/11/04 11:37:38.109] (INFO) Flushed 82 buffers to disk.
[2015/11/04 11:37:38.109] (INFO) User "gju3434" logged out due to inactivity (timeout=30 minutes).
[2015/11/04 11:37:38.109] (INFO) Waiting for supervisor process (PID 39382) to die.
[2015/11/04 11:37:38.109] (INFO) Waiting for worker process (PID 50335) to die.
[2015/11/04 11:37:38.109] (ERROR) Unable to authenticate user "kxo1211": LDAP server isn't responding.
[2015/11/04 11:37:38.109] (INFO) Backed up all server logs.
[2015/11/04 11:37:38.109] (INFO) Your mother called. She says you never call her.
[2015/11/04 11:37:38.109] (INFO) Flushed 49 buffers to disk.
[2015/11/04 11:37:38.109] (INFO) Device 0xbbe6 is online.
[2015/11/04 11:37:38.109] (INFO) User "dvq4131" logged out due to inactivity (timeout=30 minutes).
[2015/11/04 11:37:38.109] (INFO) Your mother called. She says you never call her.
[2015/11/04 11:37:38.109] (INFO) Rolling 1 log file(s)...
[2015/11/04 11:37:38.109] (ERROR) Connection to 10.62.18.74 terminated unexpectedly. Reconnecting.
[2015/11/04 11:37:38.109] (INFO) Checkpointing off-heap server memory...
[2015/11/04 11:37:38.109] (ERROR) Directory index of "/var/data" is forbidden.
[2015/11/04 11:37:38.109] (WARN) Dropped 15,758 corrupt data packets.
[2015/11/04 11:37:38.109] (INFO) Checkpointing off-heap server memory...
[2015/11/04 11:37:38.109] (ERROR) Unable to authenticate user "hys3593": LDAP server isn't responding.
[2015/11/04 11:37:38.109] (WARN) Retrying server log checkpoint.
[2015/11/04 11:37:38.109] (INFO) Checkpointing off-heap server memory...
[2015/11/04 11:37:38.109] (INFO) Supervisor has entered SUSPENDED state.
[2015/11/04 11:37:38.109] (WARN) Backup server 172.16.176.60 is offline.
[2015/11/04 11:37:38.109] (INFO) User "pnc9748" logged out.
[2015/11/04 11:37:38.109] (WARN) CPU temperature exceeds 40º Celsius.
[2015/11/04 11:37:38.109] (INFO) Flushed 27 buffers to disk.
[2015/11/04 11:37:38.109] (INFO) Backed up all server logs.
[2015/11/04 11:37:38.109] (INFO) Waiting for monitor process (PID 10871) to die.
[2015/11/04 11:37:38.109] (INFO) Network heartbeat check: All OK.
[2015/11/04 11:37:38.109] (WARN) Backup server 172.16.102.237 is offline.
[2015/11/04 11:37:38.109] (WARN) Watchdog timer crashed. Restarting it.
[2015/11/04 11:37:38.109] (ERROR) Unable to write to "/var/data/dUDCc81338.tsv": Permission denied (EACCES)
[2015/11/04 11:37:38.109] (INFO) Supervisor has entered RUNNING state.
[2015/11/04 11:37:38.109] (ERROR) Server log backup FAILED. See backup logs.
[2015/11/04 11:37:38.109] (INFO) Waiting for supervisor process (PID 53892) to die.
[2015/11/04 11:37:38.109] (INFO) Checked file systems for errors: All filesystems OK.
[2015/11/04 11:37:38.109] (INFO) Supervisor has entered WAITING state.
[2015/11/04 11:37:38.109] (INFO) Sending SIGTERM to 2 excess workers.
[2015/11/04 11:37:38.109] (INFO) Rolling 6 log file(s)...
[2015/11/04 11:37:38.109] (WARN) Dropped 143 corrupt data packets.
[2015/11/04 11:37:38.109] (ERROR) Unable to authenticate user "kbq1812": LDAP server isn't responding.
[2015/11/04 11:37:38.109] (ERROR) Failed to open "/mnt/fileserver02/hWszB95654.xslx": NFS timeout.
[2015/11/04 11:37:38.109] (INFO) Device 0x839d is online.
[2015/11/04 11:37:38.109] (INFO) Supervisor has entered RESTARTING state.
[2015/11/04 11:37:38.109] (INFO) User "iki4199" logged in from 192.168.161.154.
[2015/11/04 11:37:38.109] (INFO) Network heartbeat check: All OK.
[2015/11/04 11:37:38.109] (INFO) Supervisor has entered RUNNING state.
[2015/11/04 11:37:38.109] (INFO) Network heartbeat check: All OK.
[2015/11/04 11:37:38.109] (INFO) Checkpointing off-heap server memory...
[2015/11/04 11:37:38.109] (WARN) Unable to ping supervisor at 192.168.65.147. Retrying.
[2015/11/04 11:37:38.109] (INFO) User "doi4883" logged in from 10.20.169.141.
[2015/11/04 11:37:38.109] (INFO) Rolling 5 log file(s)...
[2015/11/04 11:37:38.109] (INFO) Network heartbeat check: All OK.
[2015/11/04 11:37:38.109] (INFO) Alien monitor (aliend): Detected no space aliens.
[2015/11/04 11:37:38.109] (INFO) Network heartbeat check: All OK.
[2015/11/04 11:37:38.109] (INFO) Supervisor has entered RESTARTING state.
[2015/11/04 11:37:38.109] (INFO) Checkpointing off-heap server memory...
[2015/11/04 11:37:38.109] (INFO) Checked file systems for errors: All filesystems OK.
[2015/11/04 11:37:38.109] (INFO) Alien monitor (aliend): Detected no space aliens.
[2015/11/04 11:37:38.109] (INFO) Device 0xac6d is online.
[2015/11/04 11:37:38.109] (INFO) User "ufy4641" logged out due to inactivity (timeout=30 minutes).
[2015/11/04 11:37:38.109] (ERROR) Unable to mount /dev/sdb3. (Time to run fsck?)
[2015/11/04 11:37:38.109] (ERROR) Device 0x77c0 is offline
[2015/11/04 11:37:38.109] (INFO) .evian ylbirret si emehcs otpyrc ym neht ,siht daer nac uoy fI
[2015/11/04 11:37:38.109] (INFO) Waiting for master process (PID 31310) to die.
[2015/11/04 11:37:38.109] (INFO) Device 0x5362 is online.
[2015/11/04 11:37:38.109] (INFO) Checkpointing off-heap server memory...
[2015/11/04 11:37:38.109] (INFO) Pinging watchdog timer process: Process is alive.
[2015/11/04 11:37:38.109] (INFO) Network heartbeat check: All OK.
[2015/11/04 11:37:38.109] (WARN) CPU temperature exceeds 40º Celsius.
[2015/11/04 11:37:38.608] (INFO) Pinging watchdog timer process: Process is alive.
[2015/11/04 11:37:38.608] (INFO) Flushed 65 buffers to disk.
[2015/11/04 11:37:38.608] (INFO) Network heartbeat check: All OK.
[2015/11/04 11:37:38.608] (INFO) .evian ylbirret si emehcs otpyrc ym neht ,siht daer nac uoy fI
[2015/11/04 11:37:38.608] (INFO) .evian ylbirret si emehcs otpyrc ym neht ,siht daer nac uoy fI
[2015/11/04 11:37:38.608] (INFO) Checkpointing off-heap server memory...
[2015/11/04 11:37:38.608] (INFO) Pinging watchdog timer process: Process is alive.
[2015/11/04 11:37:38.608] (ERROR) Server log backup FAILED. See backup logs.
[2015/11/04 11:37:38.608] (INFO) User "oar9781" logged in from 192.168.42.144.
[2015/11/04 11:37:38.608] (INFO) Flushed 69 buffers to disk.
[2015/11/04 11:37:38.608] (INFO) Network heartbeat check: All OK.
[2015/11/04 11:37:38.608] (WARN) Backup server 10.117.120.182 is offline.
[2015/11/04 11:37:38.608] (INFO) Backed up all server logs.
[2015/11/04 11:37:38.608] (INFO) User "zcx8678" logged out.
[2015/11/04 11:37:38.608] (INFO) .evian ylbirret si emehcs otpyrc ym neht ,siht daer nac uoy fI
[2015/11/04 11:37:38.608] (INFO) User "vnp1529" logged in from 10.174.180.103.
[2015/11/04 11:37:38.608] (INFO) Pinging watchdog timer process: Process is alive.
[2015/11/04 11:37:38.608] (INFO) Your mother called. She says you never call her.
[2015/11/04 11:37:38.608] (INFO) .evian ylbirret si emehcs otpyrc ym neht ,siht daer nac uoy fI
[2015/11/04 11:37:38.608] (INFO) .evian ylbirret si emehcs otpyrc ym neht ,siht daer nac uoy fI
[2015/11/04 11:37:38.608] (INFO) Your mother called. She says you never call her.
[2015/11/04 11:37:38.608] (INFO) Your mother called. She says you never call her.
[2015/11/04 11:37:38.608] (INFO) Waiting for monitor process (PID 41060) to die.
[2015/11/04 11:37:38.608] (ERROR) Unable to write to "/var/data/SsvmG84273.tar.gz": Permission denied (EACCES)
[2015/11/04 11:37:38.608] (ERROR) Unable to authenticate user "inq9645": LDAP server isn't responding.
[2015/11/04 11:37:38.608] (INFO) Waiting for master process (PID 26616) to die.
[2015/11/04 11:37:38.608] (WARN) Retrying server log checkpoint.
[2015/11/04 11:37:38.608] (INFO) Flushed 59 buffers to disk.
[2015/11/04 11:37:38.608] (WARN) CPU temperature exceeds 40º Celsius.
[2015/11/04 11:37:38.608] (INFO) Alien monitor (aliend): Detected no space aliens.
[2015/11/04 11:37:38.608] (INFO) User "xgl9579" logged out.
[2015/11/04 11:37:38.608] (INFO) Sending SIGTERM to 3 excess workers.
[2015/11/04 11:37:38.608] (WARN) Retrying server log checkpoint.
[2015/11/04 11:37:38.608] (INFO) Device 0xc9a4 is online.
[2015/11/04 11:37:38.608] (INFO) Backed up all server logs.
[2015/11/04 11:37:38.608] (ERROR) Worker 4 died with SIGSEGV. Restarting it.
[2015/11/04 11:37:38.608] (INFO) .evian ylbirret si emehcs otpyrc ym neht ,siht daer nac uoy fI
[2015/11/04 11:37:38.608] (INFO) Checkpointing off-heap server memory...
[2015/11/04 11:37:38.608] (WARN) Dropped 9,591 corrupt data packets.
[2015/11/04 11:37:38.608] (INFO) Pinging watchdog timer process: Process is alive.
[2015/11/04 11:37:38.608] (INFO) User "wgj8524" logged out.
[2015/11/04 11:37:38.608] (INFO) Rolling 5 log file(s)...
[2015/11/04 11:37:38.608] (WARN) Unable to ping monitor at 172.16.133.152. Retrying.
[2015/11/04 11:37:38.608] (INFO) Supervisor has entered WAITING state.
[2015/11/04 11:37:38.608] (INFO) Checkpointing off-heap server memory...
[2015/11/04 11:37:38.608] (INFO) Sending SIGTERM to 4 excess workers.
[2015/11/04 11:37:38.608] (INFO) .evian ylbirret si emehcs otpyrc ym neht ,siht daer nac uoy fI
[2015/11/04 11:37:38.608] (INFO) User "bty8496" logged out due to inactivity (timeout=30 minutes).
[2015/11/04 11:37:38.608] (INFO) Alien monitor (aliend): Detected no space aliens.
[2015/11/04 11:37:38.608] (ERROR) Network heartbeat check FAILED: Master host down?
[2015/11/04 11:37:38.608] (INFO) .evian ylbirret si emehcs otpyrc ym neht ,siht daer nac uoy fI
[2015/11/04 11:37:38.608] (INFO) Flushed 77 buffers to disk.
[2015/11/04 11:37:38.608] (INFO) Rolling 2 log file(s)...
[2015/11/04 11:37:38.608] (ERROR) CPU temperature exceeds 50º Celsius. Shutting down.
[2015/11/04 11:37:38.608] (WARN) Backup server 172.16.157.48 is offline.
[2015/11/04 11:37:38.608] (INFO) Network heartbeat check: All OK.
[2015/11/04 11:37:38.608] (INFO) Your mother called. She says you never call her.
[2015/11/04 11:37:38.608] (INFO) Waiting for master process (PID 27080) to die.
[2015/11/04 11:37:38.608] (INFO) Flushed 79 buffers to disk.
[2015/11/04 11:37:38.608] (INFO) Rolling 4 log file(s)...
[2015/11/04 11:37:38.608] (INFO) Device 0x5150 is online.
[2015/11/04 11:37:38.608] (INFO) .evian ylbirret si emehcs otpyrc ym neht ,siht daer nac uoy fI
[2015/11/04 11:37:38.608] (INFO) Alien monitor (aliend): Detected no space aliens.
[2015/11/04 11:37:38.608] (INFO) Backed up all server logs.
[2015/11/04 11:37:38.608] (INFO) Checkpointing off-heap server memory...
[2015/11/04 11:37:38.608] (INFO) Rolling 1 log file(s)...
[2015/11/04 11:37:38.608] (INFO) Your mother called. She says you never call her.
[2015/11/04 11:37:38.608] (INFO) Waiting for master process (PID 49456) to die.
[2015/11/04 11:37:38.608] (INFO) Sending SIGTERM to 2 excess workers.
[2015/11/04 11:37:38.608] (INFO) User "lgf5348" logged out.
[2015/11/04 11:37:38.608] (INFO) Checked file systems for errors: All filesystems OK.
[2015/11/04 11:37:38.608] (ERROR) "/var/data/UwMmF90086.zip": No such file or directory (ENOENT)
[2015/11/04 11:37:38.608] (INFO) Device 0x1ca9 is online.
[2015/11/04 11:37:38.608] (WARN) Dropped 6,038 corrupt data packets.
[2015/11/04 11:37:38.608] (INFO) User "sxf4121" logged out due to inactivity (timeout=30 minutes).
[2015/11/04 11:37:38.608] (INFO) User "sgs8863" logged out.
[2015/11/04 11:37:38.608] (INFO) Checkpointing off-heap server memory...
[2015/11/04 11:37:38.608] (INFO) Pinging watchdog timer process: Process is alive.
[2015/11/04 11:37:38.608] (INFO) Waiting for supervisor process (PID 42988) to die.
[2015/11/04 11:37:38.608] (INFO) Supervisor has entered SUSPENDED state.
[2015/11/04 11:37:38.608] (INFO) Network heartbeat check: All OK.
[2015/11/04 11:37:38.608] (INFO) Checkpointing off-heap server memory...
[2015/11/04 11:37:38.608] (INFO) Rolling 2 log file(s)...
[2015/11/04 11:37:38.608] (WARN) Backup server 192.168.170.253 is offline.
[2015/11/04 11:37:38.608] (INFO) Device 0x7b0b is online.
[2015/11/04 11:37:38.608] (INFO) Flushed 86 buffers to disk.
[2015/11/04 11:37:38.608] (INFO) Network heartbeat check: All OK.
[2015/11/04 11:37:38.608] (INFO) Sending SIGTERM to 2 excess workers.
[2015/11/04 11:37:38.608] (WARN) Unable to ping master at 10.15.82.70. Retrying.
[2015/11/04 11:37:38.608] (ERROR) Blocked Little Bobby Tables attack (https://xkcd.com/327/) from 172.16.205.34.
[2015/11/04 11:37:38.608] (INFO) Checked file systems for errors: All filesystems OK.
[2015/11/04 11:37:38.608] (ERROR) "/var/data/ApVaD91915.txt": Permission denied (EACCES)
[2015/11/04 11:37:38.608] (INFO) Rolling 6 log file(s)...
[2015/11/04 11:37:38.608] (INFO) Network heartbeat check: All OK.
[2015/11/04 11:37:38.608] (INFO) Sending SIGTERM to 4 excess workers.
[2015/11/04 11:37:38.608] (INFO) Backed up all server logs.
[2015/11/04 11:37:38.608] (INFO) Flushed 34 buffers to disk.
[2015/11/04 11:37:38.608] (INFO) User "fhy9044" logged in from 172.16.111.72.
[2015/11/04 11:37:38.608] (WARN) Dropped 16,763 corrupt data packets.
[2015/11/04 11:37:38.608] (INFO) Pinging watchdog timer process: Process is alive.
[2015/11/04 11:37:39.109] (WARN) Unable to ping monitor at 10.161.90.56. Retrying.
[2015/11/04 11:37:39.109] (INFO) Checked file systems for errors: All filesystems OK.
[2015/11/04 11:37:39.109] (INFO) .evian ylbirret si emehcs otpyrc ym neht ,siht daer nac uoy fI
[2015/11/04 11:37:39.109] (INFO) Rolling 5 log file(s)...
[2015/11/04 11:37:39.109] (INFO) Waiting for master process (PID 26807) to die.
[2015/11/04 11:37:39.109] (INFO) Network heartbeat check: All OK.
[2015/11/04 11:37:39.109] (INFO) Backed up all server logs.
[2015/11/04 11:37:39.109] (INFO) User "yce6073" logged in from 10.189.223.135.
[2015/11/04 11:37:39.109] (INFO) Network heartbeat check: All OK.
[2015/11/04 11:37:39.109] (INFO) User "fdd7887" logged out due to inactivity (timeout=30 minutes).
[2015/11/04 11:37:39.109] (INFO) Alien monitor (aliend): Detected no space aliens.
[2015/11/04 11:37:39.109] (INFO) Rolling 7 log file(s)...
[2015/11/04 11:37:39.109] (INFO) Supervisor has entered RESTARTING state.
[2015/11/04 11:37:39.109] (INFO) Flushed 62 buffers to disk.
[2015/11/04 11:37:39.109] (INFO) Pinging watchdog timer process: Process is alive.
[2015/11/04 11:37:39.109] (ERROR) User "ceb8345" failed to log in 3 times. Disabling account.
[2015/11/04 11:37:39.109] (WARN) CPU temperature exceeds 40º Celsius.
[2015/11/04 11:37:39.109] (INFO) .evian ylbirret si emehcs otpyrc ym neht ,siht daer nac uoy fI
[2015/11/04 11:37:39.109] (INFO) Waiting for supervisor process (PID 5516) to die.
[2015/11/04 11:37:39.109] (INFO) Waiting for master process (PID 39973) to die.
[2015/11/04 11:37:39.109] (ERROR) /dev/lp error: "PC LOAD LETTER"
[2015/11/04 11:37:39.109] (INFO) Sending SIGTERM to 4 excess workers.
[2015/11/04 11:37:39.109] (WARN) Master took 774 ms to respond (threshold=500 ms)
[2015/11/04 11:37:39.109] (INFO) Pinging watchdog timer process: Process is alive.
[2015/11/04 11:37:39.109] (INFO) Supervisor has entered WAITING state.
[2015/11/04 11:37:39.109] (INFO) Waiting for supervisor process (PID 4830) to die.
[2015/11/04 11:37:39.109] (INFO) User "rse6106" logged out.
[2015/11/04 11:37:39.109] (INFO) .evian ylbirret si emehcs otpyrc ym neht ,siht daer nac uoy fI
[2015/11/04 11:37:39.109] (INFO) .evian ylbirret si emehcs otpyrc ym neht ,siht daer nac uoy fI
[2015/11/04 11:37:39.109] (INFO) Checkpointing off-heap server memory...
[2015/11/04 11:37:39.109] (INFO) Backed up all server logs.
[2015/11/04 11:37:39.109] (INFO) Alien monitor (aliend): Detected no space aliens.
[2015/11/04 11:37:39.109] (INFO) Sending SIGTERM to 4 excess workers.
[2015/11/04 11:37:39.109] (INFO) Device 0x72ee is online.
[2015/11/04 11:37:39.109] (INFO) Device 0x159b is online.
[2015/11/04 11:37:39.109] (INFO) Flushed 61 buffers to disk.
[2015/11/04 11:37:39.109] (WARN) Space on disk /dev/sdc2 is low: Only 659 MB available.
[2015/11/04 11:37:39.109] (ERROR) Blocked SMTP traffic originating from 10.22.33.41.
[2015/11/04 11:37:39.109] (INFO) .evian ylbirret si emehcs otpyrc ym neht ,siht daer nac uoy fI
[2015/11/04 11:37:39.109] (INFO) Checked file systems for errors: All filesystems OK.
[2015/11/04 11:37:39.109] (INFO) Pinging watchdog timer process: Process is alive.
[2015/11/04 11:37:39.109] (INFO) User "psl2992" logged in from 192.168.227.114.
[2015/11/04 11:37:39.109] (INFO) Sending SIGTERM to 2 excess workers.
[2015/11/04 11:37:39.109] (ERROR) Unable to mount /dev/sdc3. (Time to run fsck?)
[2015/11/04 11:37:39.109] (INFO) Alien monitor (aliend): Detected no space aliens.
[2015/11/04 11:37:39.109] (INFO) Sending SIGTERM to 4 excess workers.
[2015/11/04 11:37:39.109] (INFO) User "lem2661" logged out due to inactivity (timeout=30 minutes).
[2015/11/04 11:37:39.109] (INFO) User "zyh3673" logged in from 192.168.189.134.
[2015/11/04 11:37:39.109] (INFO) Checked file systems for errors: All filesystems OK.
[2015/11/04 11:37:39.109] (INFO) .evian ylbirret si emehcs otpyrc ym neht ,siht daer nac uoy fI
[2015/11/04 11:37:39.109] (INFO) Device 0x4cf5 is online.
[2015/11/04 11:37:39.109] (INFO) Your mother called. She says you never call her.
[2015/11/04 11:37:39.109] (INFO) Alien monitor (aliend): Detected no space aliens.
[2015/11/04 11:37:39.109] (INFO) Rolling 4 log file(s)...
[2015/11/04 11:37:39.109] (INFO) Waiting for worker process (PID 26663) to die.
[2015/11/04 11:37:39.109] (INFO) Network heartbeat check: All OK.
[2015/11/04 11:37:39.109] (INFO) Waiting for monitor process (PID 58463) to die.
[2015/11/04 11:37:39.109] (INFO) Your mother called. She says you never call her.
[2015/11/04 11:37:39.109] (INFO) Backed up all server logs.
[2015/11/04 11:37:39.109] (INFO) Alien monitor (aliend): Detected no space aliens.
[2015/11/04 11:37:39.109] (INFO) .evian ylbirret si emehcs otpyrc ym neht ,siht daer nac uoy fI
[2015/11/04 11:37:39.109] (INFO) Your mother called. She says you never call her.
[2015/11/04 11:37:39.109] (INFO) Checkpointing off-heap server memory...
[2015/11/04 11:37:39.109] (INFO) Pinging watchdog timer process: Process is alive.
[2015/11/04 11:37:39.109] (ERROR) Device 0x3b07 is offline
[2015/11/04 11:37:39.109] (INFO) Rolling 3 log file(s)...
[2015/11/04 11:37:39.109] (INFO) .evian ylbirret si emehcs otpyrc ym neht ,siht daer nac uoy fI
[2015/11/04 11:37:39.109] (ERROR) Unable to mount /dev/sda2. (Time to run fsck?)
[2015/11/04 11:37:39.109] (INFO) .evian ylbirret si emehcs otpyrc ym neht ,siht daer nac uoy fI
[2015/11/04 11:37:39.109] (INFO) Checkpointing off-heap server memory...
[2015/11/04 11:37:39.109] (INFO) Rolling 2 log file(s)...
[2015/11/04 11:37:39.109] (INFO) Checked file systems for errors: All filesystems OK.
[2015/11/04 11:37:39.109] (INFO) .evian ylbirret si emehcs otpyrc ym neht ,siht daer nac uoy fI
[2015/11/04 11:37:39.109] (WARN) Ignoring SIGTERM. It's not that easy to get rid of me.
[2015/11/04 11:37:39.109] (INFO) Backed up all server logs.
[2015/11/04 11:37:39.109] (INFO) Your mother called. She says you never call her.
[2015/11/04 11:37:39.109] (WARN) There is no such thing as a free lunch.
[2015/11/04 11:37:39.109] (INFO) Backed up all server logs.
[2015/11/04 11:37:39.109] (INFO) Checkpointing off-heap server memory...
[2015/11/04 11:37:39.109] (ERROR) Worker 2 died with SIGSTOP. Restarting it.
[2015/11/04 11:37:39.109] (INFO) Waiting for master process (PID 18274) to die.
[2015/11/04 11:37:39.109] (INFO) Supervisor has entered SUSPENDED state.
[2015/11/04 11:37:39.109] (INFO) Rolling 2 log file(s)...
[2015/11/04 11:37:39.109] (INFO) User "puk2753" logged in from 192.168.55.153.
[2015/11/04 11:37:39.109] (INFO) Flushed 38 buffers to disk.
[2015/11/04 11:37:39.109] (INFO) User "qpg7141" logged in from 10.214.74.47.
[2015/11/04 11:37:39.110] (ERROR) CPU temperature exceeds 50º Celsius. Shutting down.
[2015/11/04 11:37:39.110] (INFO) Checked file systems for errors: All filesystems OK.
[2015/11/04 11:37:39.110] (INFO) Waiting for worker process (PID 21850) to die.
[2015/11/04 11:37:39.110] (INFO) .evian ylbirret si emehcs otpyrc ym neht ,siht daer nac uoy fI
[2015/11/04 11:37:39.110] (INFO) Checked file systems for errors: All filesystems OK.
[2015/11/04 11:37:39.110] (INFO) User "god5975" logged out due to inactivity (timeout=30 minutes).
[2015/11/04 11:37:39.110] (INFO) Rolling 7 log file(s)...
[2015/11/04 11:37:39.110] (INFO) Device 0x75d2 is online.
[2015/11/04 11:37:39.110] (WARN) Backup server 172.16.102.37 is offline.
[2015/11/04 11:37:39.110] (INFO) Checkpointing off-heap server memory...
[2015/11/04 11:37:39.110] (ERROR) EFOODFAIL (Waiter, there's a fly in my soup).
[2015/11/04 11:37:39.110] (INFO) User "bkt2989" logged out.
[2015/11/04 11:37:39.110] (INFO) Checked file systems for errors: All filesystems OK.
[2015/11/04 11:37:39.110] (INFO) Rolling 6 log file(s)...
[2015/11/04 11:37:39.608] (INFO) Checked file systems for errors: All filesystems OK.
[2015/11/04 11:37:39.608] (ERROR) Connection to 192.168.147.81 terminated unexpectedly. Reconnecting.
[2015/11/04 11:37:39.608] (WARN) Possible cyber-attack from Alpha Centauri.
[2015/11/04 11:37:39.608] (INFO) User "dxa6861" logged out.
[2015/11/04 11:37:39.608] (INFO) Rolling 6 log file(s)...
[2015/11/04 11:37:39.608] (INFO) Flushed 42 buffers to disk.
[2015/11/04 11:37:39.608] (INFO) Pinging watchdog timer process: Process is alive.
[2015/11/04 11:37:39.608] (INFO) Supervisor has entered RUNNING state.
[2015/11/04 11:37:39.608] (INFO) User "whu6459" logged out due to inactivity (timeout=30 minutes).
[2015/11/04 11:37:39.608] (INFO) Checkpointing off-heap server memory...
[2015/11/04 11:37:39.608] (INFO) Waiting for worker process (PID 47519) to die.
[2015/11/04 11:37:39.608] (INFO) .evian ylbirret si emehcs otpyrc ym neht ,siht daer nac uoy fI
[2015/11/04 11:37:39.608] (INFO) Pinging watchdog timer process: Process is alive.
[2015/11/04 11:37:39.608] (INFO) Supervisor has entered RUNNING state.
[2015/11/04 11:37:39.608] (INFO) Flushed 81 buffers to disk.
[2015/11/04 11:37:39.608] (INFO) User "aag6309" logged out.
[2015/11/04 11:37:39.608] (INFO) Device 0x4aad is online.
[2015/11/04 11:37:39.608] (ERROR) Alien monitor (aliend): 3 space aliens are fiddling with the hardware!
[2015/11/04 11:37:39.608] (INFO) Device 0xb0b9 is online.
[2015/11/04 11:37:39.608] (WARN) CPU temperature exceeds 40º Celsius.
[2015/11/04 11:37:39.608] (WARN) Retrying server log checkpoint.
[2015/11/04 11:37:39.608] (INFO) User "ede9665" logged out due to inactivity (timeout=30 minutes).
[2015/11/04 11:37:39.608] (INFO) Rolling 2 log file(s)...
[2015/11/04 11:37:39.608] (INFO) Flushed 73 buffers to disk.
[2015/11/04 11:37:39.608] (INFO) .evian ylbirret si emehcs otpyrc ym neht ,siht daer nac uoy fI
[2015/11/04 11:37:39.608] (WARN) Unable to ping master at 172.16.201.118. Retrying.
[2015/11/04 11:37:39.608] (INFO) Device 0x097f is online.
[2015/11/04 11:37:39.608] (INFO) Waiting for master process (PID 28004) to die.
[2015/11/04 11:37:39.608] (ERROR) Blocked SSH traffic originating from 172.16.196.106.
[2015/11/04 11:37:39.608] (INFO) Checked file systems for errors: All filesystems OK.
[2015/11/04 11:37:39.608] (INFO) Pinging watchdog timer process: Process is alive.
[2015/11/04 11:37:39.608] (INFO) Waiting for worker process (PID 17687) to die.
[2015/11/04 11:37:39.608] (INFO) Network heartbeat check: All OK.
[2015/11/04 11:37:39.608] (ERROR) Device 0x6463 is offline
[2015/11/04 11:37:39.608] (INFO) Rolling 3 log file(s)...
[2015/11/04 11:37:39.608] (INFO) Supervisor has entered WAITING state.
[2015/11/04 11:37:39.608] (INFO) Checked file systems for errors: All filesystems OK.
[2015/11/04 11:37:39.608] (INFO) Checkpointing off-heap server memory...
[2015/11/04 11:37:39.608] (INFO) Alien monitor (aliend): Detected no space aliens.
[2015/11/04 11:37:39.608] (INFO) Flushed 35 buffers to disk.
[2015/11/04 11:37:39.608] (INFO) Pinging watchdog timer process: Process is alive.
[2015/11/04 11:37:39.608] (ERROR) "/var/data/fmUdn80607.tar.gz": No such file or directory (ENOENT)
[2015/11/04 11:37:39.608] (WARN) Backup server 172.16.189.213 is offline.
[2015/11/04 11:37:39.608] (INFO) Network heartbeat check: All OK.
[2015/11/04 11:37:39.608] (INFO) Rolling 4 log file(s)...
[2015/11/04 11:37:39.608] (INFO) Network heartbeat check: All OK.
[2015/11/04 11:37:39.608] (INFO) Rolling 3 log file(s)...
[2015/11/04 11:37:39.608] (INFO) User "amg6708" logged in from 10.7.252.79.
[2015/11/04 11:37:39.608] (INFO) Rolling 7 log file(s)...
[2015/11/04 11:37:39.608] (INFO) Your mother called. She says you never call her.
[2015/11/04 11:37:39.608] (INFO) Sending SIGTERM to 2 excess workers.
[2015/11/04 11:37:39.608] (INFO) Rolling 1 log file(s)...
[2015/11/04 11:37:39.608] (INFO) User "fsv8871" logged in from 172.16.154.45.
[2015/11/04 11:37:39.608] (INFO) .evian ylbirret si emehcs otpyrc ym neht ,siht daer nac uoy fI
[2015/11/04 11:37:39.608] (INFO) Supervisor has entered RUNNING state.
[2015/11/04 11:37:39.608] (INFO) Rolling 1 log file(s)...
[2015/11/04 11:37:39.608] (WARN) Master took 768 ms to respond (threshold=500 ms)
[2015/11/04 11:37:39.608] (ERROR) Detected clock skew! Restarting NTP server.
[2015/11/04 11:37:39.608] (INFO) Supervisor has entered WAITING state.
[2015/11/04 11:37:39.608] (INFO) Supervisor has entered RESTARTING state.
[2015/11/04 11:37:39.608] (INFO) Waiting for worker process (PID 22498) to die.
[2015/11/04 11:37:39.608] (WARN) Ignoring SIGTERM. It's not that easy to get rid of me.
[2015/11/04 11:37:39.608] (INFO) Checked file systems for errors: All filesystems OK.
[2015/11/04 11:37:39.608] (INFO) User "blz1894" logged out.
[2015/11/04 11:37:39.608] (INFO) Network heartbeat check: All OK.
[2015/11/04 11:37:39.608] (INFO) Sending SIGTERM to 2 excess workers.
[2015/11/04 11:37:39.608] (INFO) Rolling 1 log file(s)...
[2015/11/04 11:37:39.608] (INFO) User "xjw8895" logged out.
[2015/11/04 11:37:39.608] (INFO) Backed up all server logs.
[2015/11/04 11:37:39.608] (INFO) Network heartbeat check: All OK.
[2015/11/04 11:37:39.608] (INFO) Your mother called. She says you never call her.
[2015/11/04 11:37:39.608] (ERROR) EFOODFAIL (Waiter, there's a fly in my soup).
[2015/11/04 11:37:39.608] (WARN) Unable to ping monitor at 10.169.40.55. Retrying.
[2015/11/04 11:37:39.608] (INFO) User "tgo3005" logged in from 192.168.63.250.
[2015/11/04 11:37:39.608] (INFO) Network heartbeat check: All OK.
[2015/11/04 11:37:39.608] (INFO) Your mother called. She says you never call her.
[2015/11/04 11:37:39.608] (INFO) Checkpointing off-heap server memory...
[2015/11/04 11:37:39.608] (INFO) .evian ylbirret si emehcs otpyrc ym neht ,siht daer nac uoy fI
[2015/11/04 11:37:39.608] (INFO) User "ahs9657" logged out due to inactivity (timeout=30 minutes).
[2015/11/04 11:37:39.608] (INFO) Checked file systems for errors: All filesystems OK.
[2015/11/04 11:37:39.608] (ERROR) Detected incoming DDoS from 172.16.82.118.
[2015/11/04 11:37:39.608] (INFO) Network heartbeat check: All OK.
[2015/11/04 11:37:39.608] (INFO) .evian ylbirret si emehcs otpyrc ym neht ,siht daer nac uoy fI
[2015/11/04 11:37:39.608] (ERROR) CPU temperature exceeds 50º Celsius. Shutting down.
[2015/11/04 11:37:39.608] (ERROR) Extra characters at end of line.
[2015/11/04 11:37:39.608] (INFO) .evian ylbirret si emehcs otpyrc ym neht ,siht daer nac uoy fI
[2015/11/04 11:37:39.608] (WARN) CPU temperature exceeds 40º Celsius.
[2015/11/04 11:37:39.608] (INFO) Waiting for supervisor process (PID 13157) to die.
[2015/11/04 11:37:39.608] (INFO) User "wmo7155" logged out.
[2015/11/04 11:37:39.608] (INFO) User "pol6814" logged out.
[2015/11/04 11:37:39.608] (INFO) Flushed 54 buffers to disk.
[2015/11/04 11:37:39.608] (INFO) User "one2995" logged out due to inactivity (timeout=30 minutes).
[2015/11/04 11:37:39.608] (INFO) Waiting for monitor process (PID 22703) to die.
[2015/11/04 11:37:39.608] (ERROR) Unable to authenticate user "mez1233": LDAP server isn't responding.
[2015/11/04 11:37:39.608] (INFO) User "owx2281" logged out due to inactivity (timeout=30 minutes).
[2015/11/04 11:37:39.608] (INFO) Your mother called. She says you never call her.
[2015/11/04 11:37:39.608] (INFO) User "bbx4881" logged out.
[2015/11/04 11:37:39.608] (ERROR) Device 0x57dd is offline
[2015/11/04 11:37:39.608] (INFO) Alien monitor (aliend): Detected no space aliens.
[2015/11/04 11:37:39.608] (ERROR) CPU temperature exceeds 50º Celsius. Shutting down.
[2015/11/04 11:37:40.108] (WARN) Master took 963 ms to respond (threshold=500 ms)
[2015/11/04 11:37:40.108] (INFO) Sending SIGTERM to 4 excess workers.
[2015/11/04 11:37:40.108] (INFO) Checked file systems for errors: All filesystems OK.
[2015/11/04 11:37:40.108] (INFO) Pinging watchdog timer process: Process is alive.
[2015/11/04 11:37:40.108] (ERROR) Device 0x40a8 is offline
[2015/11/04 11:37:40.108] (INFO) Supervisor has entered WAITING state.
[2015/11/04 11:37:40.108] (INFO) Checked file systems for errors: All filesystems OK.
[2015/11/04 11:37:40.108] (INFO) Rolling 9 log file(s)...
[2015/11/04 11:37:40.108] (INFO) Backed up all server logs.
[2015/11/04 11:37:40.108] (INFO) Supervisor has entered WAITING state.
[2015/11/04 11:37:40.108] (ERROR) Unable to write to "/var/data/VsvYO54572.xml": Permission denied (EACCES)
[2015/11/04 11:37:40.108] (INFO) Backed up all server logs.
[2015/11/04 11:37:40.108] (INFO) User "jti1404" logged out due to inactivity (timeout=30 minutes).
[2015/11/04 11:37:40.108] (INFO) Checked file systems for errors: All filesystems OK.
[2015/11/04 11:37:40.108] (INFO) Backed up all server logs.
[2015/11/04 11:37:40.108] (INFO) Flushed 55 buffers to disk.
[2015/11/04 11:37:40.108] (INFO) Flushed 41 buffers to disk.
[2015/11/04 11:37:40.108] (ERROR) "/var/data/LtPfJ68221.tar.gz": No such file or directory (ENOENT)
[2015/11/04 11:37:40.108] (WARN) Unable to ping monitor at 172.16.58.119. Retrying.
[2015/11/04 11:37:40.108] (INFO) Rolling 8 log file(s)...
[2015/11/04 11:37:40.108] (INFO) Waiting for worker process (PID 64128) to die.
[2015/11/04 11:37:40.108] (INFO) User "rrd2151" logged out.
[2015/11/04 11:37:40.108] (INFO) Sending SIGTERM to 4 excess workers.
[2015/11/04 11:37:40.108] (INFO) Device 0x7b98 is online.
[2015/11/04 11:37:40.108] (INFO) Waiting for master process (PID 64311) to die.
[2015/11/04 11:37:40.108] (INFO) Rolling 4 log file(s)...
[2015/11/04 11:37:40.108] (ERROR) Device 0x1ad0 is offline
[2015/11/04 11:37:40.108] (INFO) User "ytm9760" logged in from 172.16.24.55.
[2015/11/04 11:37:40.108] (INFO) Supervisor has entered WAITING state.
[2015/11/04 11:37:40.108] (INFO) Alien monitor (aliend): Detected no space aliens.
[2015/11/04 11:37:40.108] (INFO) .evian ylbirret si emehcs otpyrc ym neht ,siht daer nac uoy fI
[2015/11/04 11:37:40.108] (INFO) Supervisor has entered RESTARTING state.
[2015/11/04 11:37:40.108] (INFO) Supervisor has entered WAITING state.
[2015/11/04 11:37:40.108] (INFO) Flushed 20 buffers to disk.
[2015/11/04 11:37:40.108] (INFO) Network heartbeat check: All OK.
[2015/11/04 11:37:40.108] (WARN) Watchdog timer crashed. Restarting it.
[2015/11/04 11:37:40.108] (INFO) Sending SIGTERM to 4 excess workers.
[2015/11/04 11:37:40.108] (INFO) User "ucr4631" logged in from 192.168.221.151.
[2015/11/04 11:37:40.108] (INFO) Checked file systems for errors: All filesystems OK.
[2015/11/04 11:37:40.108] (INFO) Alien monitor (aliend): Detected no space aliens.
[2015/11/04 11:37:40.108] (INFO) Your mother called. She says you never call her.
[2015/11/04 11:37:40.108] (INFO) Pinging watchdog timer process: Process is alive.
[2015/11/04 11:37:40.108] (INFO) User "bvx1285" logged out.
[2015/11/04 11:37:40.108] (ERROR) Directory index of "/var/data" is forbidden.
[2015/11/04 11:37:40.108] (INFO) Flushed 87 buffers to disk.
[2015/11/04 11:37:40.108] (INFO) Checked file systems for errors: All filesystems OK.
[2015/11/04 11:37:40.108] (INFO) User "rny8188" logged out due to inactivity (timeout=30 minutes).
[2015/11/04 11:37:40.108] (INFO) Device 0x4112 is online.
[2015/11/04 11:37:40.108] (INFO) Flushed 32 buffers to disk.
[2015/11/04 11:37:40.108] (INFO) Alien monitor (aliend): Detected no space aliens.
[2015/11/04 11:37:40.108] (INFO) Waiting for supervisor process (PID 4531) to die.
[2015/11/04 11:37:40.108] (INFO) Flushed 29 buffers to disk.
[2015/11/04 11:37:40.108] (INFO) Checked file systems for errors: All filesystems OK.
[2015/11/04 11:37:40.108] (INFO) .evian ylbirret si emehcs otpyrc ym neht ,siht daer nac uoy fI
[2015/11/04 11:37:40.108] (INFO) Backed up all server logs.
[2015/11/04 11:37:40.108] (INFO) .evian ylbirret si emehcs otpyrc ym neht ,siht daer nac uoy fI
[2015/11/04 11:37:40.108] (INFO) User "eol9823" logged out due to inactivity (timeout=30 minutes).
[2015/11/04 11:37:40.108] (INFO) Flushed 35 buffers to disk.
[2015/11/04 11:37:40.108] (INFO) Network heartbeat check: All OK.
[2015/11/04 11:37:40.108] (ERROR) /dev/lp error: "PC LOAD LETTER"
[2015/11/04 11:37:40.108] (INFO) .evian ylbirret si emehcs otpyrc ym neht ,siht daer nac uoy fI
[2015/11/04 11:37:40.108] (ERROR) Unable to mount /dev/sde3. (Time to run fsck?)
[2015/11/04 11:37:40.108] (INFO) Checked file systems for errors: All filesystems OK.
[2015/11/04 11:37:40.108] (INFO) Sending SIGTERM to 4 excess workers.
[2015/11/04 11:37:40.108] (INFO) Checkpointing off-heap server memory...
[2015/11/04 11:37:40.108] (INFO) Network heartbeat check: All OK.
[2015/11/04 11:37:40.108] (INFO) Checked file systems for errors: All filesystems OK.
[2015/11/04 11:37:40.108] (INFO) Your mother called. She says you never call her.
[2015/11/04 11:37:40.108] (INFO) User "yfe7094" logged out due to inactivity (timeout=30 minutes).
[2015/11/04 11:37:40.108] (INFO) Supervisor has entered RUNNING state.
[2015/11/04 11:37:40.108] (INFO) .evian ylbirret si emehcs otpyrc ym neht ,siht daer nac uoy fI
[2015/11/04 11:37:40.108] (INFO) Waiting for supervisor process (PID 55039) to die.
[2015/11/04 11:37:40.108] (ERROR) Connection to 192.168.4.113 terminated unexpectedly. Reconnecting.
[2015/11/04 11:37:40.108] (INFO) User "lrx5738" logged in from 192.168.165.201.
[2015/11/04 11:37:40.108] (INFO) Supervisor has entered RUNNING state.
[2015/11/04 11:37:40.108] (INFO) Network heartbeat check: All OK.
[2015/11/04 11:37:40.108] (INFO) User "xtg8145" logged in from 192.168.102.124.
[2015/11/04 11:37:40.108] (INFO) Network heartbeat check: All OK.
[2015/11/04 11:37:40.108] (INFO) Supervisor has entered SUSPENDED state.
[2015/11/04 11:37:40.108] (INFO) .evian ylbirret si emehcs otpyrc ym neht ,siht daer nac uoy fI
[2015/11/04 11:37:40.108] (ERROR) Alien monitor (aliend): 4 space aliens are fiddling with the hardware!
[2015/11/04 11:37:40.108] (INFO) Flushed 76 buffers to disk.
[2015/11/04 11:37:40.108] (INFO) Device 0x4e9a is online.
[2015/11/04 11:37:40.108] (INFO) User "mpr6815" logged out due to inactivity (timeout=30 minutes).
[2015/11/04 11:37:40.108] (INFO) User "zyt5880" logged out due to inactivity (timeout=30 minutes).
[2015/11/04 11:37:40.108] (INFO) User "hvv4673" logged out.
[2015/11/04 11:37:40.108] (INFO) Rolling 4 log file(s)...
[2015/11/04 11:37:40.108] (INFO) Waiting for worker process (PID 14684) to die.
[2015/11/04 11:37:40.108] (INFO) Rolling 6 log file(s)...
[2015/11/04 11:37:40.108] (INFO) Sending SIGTERM to 2 excess workers.
[2015/11/04 11:37:40.108] (INFO) Rolling 5 log file(s)...
[2015/11/04 11:37:40.108] (WARN) There is no such thing as a free lunch.
[2015/11/04 11:37:40.108] (INFO) User "xrq2309" logged in from 172.16.31.191.
[2015/11/04 11:37:40.108] (INFO) Sending SIGTERM to 2 excess workers.
[2015/11/04 11:37:40.108] (INFO) Your mother called. She says you never call her.
[2015/11/04 11:37:40.108] (WARN) Backup server 192.168.200.52 is offline.
[2015/11/04 11:37:40.108] (INFO) Waiting for monitor process (PID 31695) to die.
[2015/11/04 11:37:40.108] (INFO) Pinging watchdog timer process: Process is alive.
[2015/11/04 11:37:40.108] (INFO) Sending SIGTERM to 3 excess workers.
[2015/11/04 11:37:40.108] (INFO) Flushed 41 buffers to disk.
[2015/11/04 11:37:40.608] (INFO) User "wwk2571" logged in from 192.168.240.72.
[2015/11/04 11:37:40.608] (INFO) User "nfo9889" logged out due to inactivity (timeout=30 minutes).
[2015/11/04 11:37:40.608] (INFO) Alien monitor (aliend): Detected no space aliens.
[2015/11/04 11:37:40.608] (INFO) Network heartbeat check: All OK.
[2015/11/04 11:37:40.608] (ERROR) Failed to write checkpoint file "/var/checkpoint/DFORf53335: No space left on device (ENOSPC)
[2015/11/04 11:37:40.608] (INFO) User "xsz3664" logged in from 172.16.27.198.
[2015/11/04 11:37:40.608] (ERROR) Worker 8 died with SIGQUIT. Restarting it.
[2015/11/04 11:37:40.608] (INFO) User "ulf7671" logged out.
[2015/11/04 11:37:40.608] (INFO) .evian ylbirret si emehcs otpyrc ym neht ,siht daer nac uoy fI
[2015/11/04 11:37:40.608] (INFO) User "vqg7139" logged in from 172.16.69.236.
[2015/11/04 11:37:40.608] (ERROR) CPU temperature exceeds 50º Celsius. Shutting down.
[2015/11/04 11:37:40.608] (INFO) Backed up all server logs.
[2015/11/04 11:37:40.608] (INFO) Your mother called. She says you never call her.
[2015/11/04 11:37:40.608] (INFO) Network heartbeat check: All OK.
[2015/11/04 11:37:40.608] (INFO) Sending SIGTERM to 2 excess workers.
[2015/11/04 11:37:40.608] (ERROR) Unable to write to "/var/data/rmcOf90921.tar.gz": Permission denied (EACCES)
[2015/11/04 11:37:40.608] (ERROR) Unable to write to "/var/data/FigRa91047.csv": Permission denied (EACCES)
[2015/11/04 11:37:40.608] (ERROR) Worker 3 died with SIGTERM. Restarting it.
[2015/11/04 11:37:40.608] (INFO) Flushed 48 buffers to disk.
[2015/11/04 11:37:40.608] (INFO) Waiting for worker process (PID 19604) to die.
[2015/11/04 11:37:40.608] (INFO) User "dgs1668" logged out.
[2015/11/04 11:37:40.608] (WARN) Ignoring SIGTERM. It's not that easy to get rid of me.
[2015/11/04 11:37:40.608] (INFO) Sending SIGTERM to 2 excess workers.
[2015/11/04 11:37:40.608] (INFO) User "fsp1280" logged in from 172.16.142.170.
[2015/11/04 11:37:40.608] (INFO) Pinging watchdog timer process: Process is alive.
[2015/11/04 11:37:40.608] (INFO) Sending SIGTERM to 4 excess workers.
[2015/11/04 11:37:40.608] (INFO) Pinging watchdog timer process: Process is alive.
[2015/11/04 11:37:40.608] (INFO) User "dvv6687" logged in from 10.160.245.90.
[2015/11/04 11:37:40.608] (INFO) Pinging watchdog timer process: Process is alive.
[2015/11/04 11:37:40.608] (INFO) Your mother called. She says you never call her.
[2015/11/04 11:37:40.608] (WARN) Retrying server log checkpoint.
[2015/11/04 11:37:40.608] (INFO) Alien monitor (aliend): Detected no space aliens.
[2015/11/04 11:37:40.608] (INFO) Checked file systems for errors: All filesystems OK.
[2015/11/04 11:37:40.608] (INFO) User "znk3490" logged out.
[2015/11/04 11:37:40.608] (INFO) Flushed 42 buffers to disk.
[2015/11/04 11:37:40.608] (INFO) Device 0x6608 is online.
[2015/11/04 11:37:40.608] (INFO) Alien monitor (aliend): Detected no space aliens.
[2015/11/04 11:37:40.608] (INFO) Your mother called. She says you never call her.
[2015/11/04 11:37:40.608] (INFO) Sending SIGTERM to 2 excess workers.
[2015/11/04 11:37:40.608] (WARN) Ignoring SIGTERM. It's not that easy to get rid of me.
[2015/11/04 11:37:40.608] (INFO) Pinging watchdog timer process: Process is alive.
[2015/11/04 11:37:40.608] (INFO) Alien monitor (aliend): Detected no space aliens.
[2015/11/04 11:37:40.608] (INFO) Checkpointing off-heap server memory...
[2015/11/04 11:37:40.608] (INFO) Device 0xae9a is online.
[2015/11/04 11:37:40.608] (WARN) Network heartbeat check: 8 server(s) did not respond.
[2015/11/04 11:37:40.608] (INFO) Alien monitor (aliend): Detected no space aliens.
[2015/11/04 11:37:40.608] (INFO) User "bjc3978" logged out.
[2015/11/04 11:37:40.608] (INFO) Supervisor has entered RESTARTING state.
[2015/11/04 11:37:40.608] (INFO) Your mother called. She says you never call her.
[2015/11/04 11:37:40.608] (INFO) Your mother called. She says you never call her.
[2015/11/04 11:37:40.608] (INFO) User "kdp2162" logged in from 172.16.198.123.
[2015/11/04 11:37:40.608] (INFO) Waiting for supervisor process (PID 42262) to die.
[2015/11/04 11:37:40.608] (ERROR) /dev/lp error: "PC LOAD LETTER"
[2015/11/04 11:37:40.608] (WARN) Unable to ping monitor at 192.168.106.57. Retrying.
[2015/11/04 11:37:40.608] (INFO) Waiting for worker process (PID 9721) to die.
[2015/11/04 11:37:40.608] (WARN) Watchdog timer crashed. Restarting it.
[2015/11/04 11:37:40.608] (INFO) Your mother called. She says you never call her.
[2015/11/04 11:37:40.608] (INFO) Sending SIGTERM to 3 excess workers.
[2015/11/04 11:37:40.608] (INFO) Alien monitor (aliend): Detected no space aliens.
[2015/11/04 11:37:40.608] (INFO) Device 0xba44 is online.
[2015/11/04 11:37:40.608] (WARN) There is no such thing as a free lunch.
[2015/11/04 11:37:40.608] (WARN) Network heartbeat check: 9 server(s) did not respond.
[2015/11/04 11:37:40.608] (INFO) Supervisor has entered RUNNING state.
[2015/11/04 11:37:40.608] (WARN) Unable to ping master at 172.16.58.175. Retrying.
[2015/11/04 11:37:40.608] (INFO) User "zko1265" logged out due to inactivity (timeout=30 minutes).
[2015/11/04 11:37:40.608] (INFO) Alien monitor (aliend): Detected no space aliens.
[2015/11/04 11:37:40.608] (ERROR) Unable to write to "/var/data/mtsoJ60493.txt": Permission denied (EACCES)
[2015/11/04 11:37:40.608] (INFO) Flushed 40 buffers to disk.
[2015/11/04 11:37:40.608] (INFO) User "pvn6309" logged in from 192.168.3.193.
[2015/11/04 11:37:40.608] (INFO) Your mother called. She says you never call her.
[2015/11/04 11:37:40.608] (INFO) Waiting for monitor process (PID 53993) to die.
[2015/11/04 11:37:40.608] (INFO) .evian ylbirret si emehcs otpyrc ym neht ,siht daer nac uoy fI
[2015/11/04 11:37:40.608] (INFO) Alien monitor (aliend): Detected no space aliens.
[2015/11/04 11:37:40.608] (INFO) Backed up all server logs.
[2015/11/04 11:37:40.608] (ERROR) /dev/lp error: "PC LOAD LETTER"
[2015/11/04 11:37:40.608] (INFO) Rolling 9 log file(s)...
[2015/11/04 11:37:40.608] (INFO) Your mother called. She says you never call her.
[2015/11/04 11:37:40.608] (INFO) Checkpointing off-heap server memory...
[2015/11/04 11:37:40.608] (INFO) .evian ylbirret si emehcs otpyrc ym neht ,siht daer nac uoy fI
[2015/11/04 11:37:40.608] (INFO) Waiting for worker process (PID 61258) to die.
[2015/11/04 11:37:40.608] (INFO) Pinging watchdog timer process: Process is alive.
[2015/11/04 11:37:40.608] (INFO) Backed up all server logs.
[2015/11/04 11:37:40.608] (WARN) Watchdog timer crashed. Restarting it.
[2015/11/04 11:37:40.608] (INFO) User "nxg1346" logged in from 10.51.166.237.
[2015/11/04 11:37:40.608] (WARN) Possible cyber-attack from Alpha Centauri.
[2015/11/04 11:37:40.608] (INFO) User "mfm6888" logged out due to inactivity (timeout=30 minutes).
[2015/11/04 11:37:40.608] (INFO) Alien monitor (aliend): Detected no space aliens.
[2015/11/04 11:37:40.608] (ERROR) One of the flayrods has gone out askew on treadle.
[2015/11/04 11:37:40.608] (INFO) Checked file systems for errors: All filesystems OK.
[2015/11/04 11:37:40.608] (INFO) Rolling 3 log file(s)...
[2015/11/04 11:37:40.608] (INFO) Backed up all server logs.
[2015/11/04 11:37:40.608] (INFO) Rolling 6 log file(s)...
[2015/11/04 11:37:40.608] (INFO) Backed up all server logs.
[2015/11/04 11:37:40.608] (WARN) Master took 509 ms to respond (threshold=500 ms)
[2015/11/04 11:37:40.608] (INFO) Supervisor has entered WAITING state.
[2015/11/04 11:37:40.608] (WARN) Space on disk /dev/sdb1 is low: Only 442 MB available.
[2015/11/04 11:37:40.608] (INFO) Supervisor has entered RUNNING state.
[2015/11/04 11:37:40.608] (INFO) Supervisor has entered RESTARTING state.
[2015/11/04 11:37:40.608] (INFO) Flushed 86 buffers to disk.
[2015/11/04 11:37:40.608] (INFO) Waiting for master process (PID 2695) to die.
[2015/11/04 11:37:41.108] (INFO) Device 0x7611 is online.
[2015/11/04 11:37:41.108] (WARN) Dropped 4,235 corrupt data packets.
[2015/11/04 11:37:41.108] (INFO) User "gpx7136" logged out due to inactivity (timeout=30 minutes).
[2015/11/04 11:37:41.108] (INFO) Waiting for master process (PID 19797) to die.
[2015/11/04 11:37:41.108] (INFO) Alien monitor (aliend): Detected no space aliens.
[2015/11/04 11:37:41.108] (ERROR) Alien monitor (aliend): 3 space aliens are fiddling with the hardware!
[2015/11/04 11:37:41.108] (INFO) Checked file systems for errors: All filesystems OK.
[2015/11/04 11:37:41.108] (INFO) Device 0x5a5f is online.
[2015/11/04 11:37:41.108] (INFO) Rolling 6 log file(s)...
[2015/11/04 11:37:41.108] (INFO) Your mother called. She says you never call her.
[2015/11/04 11:37:41.108] (INFO) Checked file systems for errors: All filesystems OK.
[2015/11/04 11:37:41.108] (INFO) .evian ylbirret si emehcs otpyrc ym neht ,siht daer nac uoy fI
[2015/11/04 11:37:41.108] (INFO) Checked file systems for errors: All filesystems OK.
[2015/11/04 11:37:41.108] (WARN) There is no such thing as a free lunch.
[2015/11/04 11:37:41.108] (INFO) Sending SIGTERM to 2 excess workers.
[2015/11/04 11:37:41.108] (INFO) .evian ylbirret si emehcs otpyrc ym neht ,siht daer nac uoy fI
[2015/11/04 11:37:41.108] (INFO) User "hrq2498" logged out due to inactivity (timeout=30 minutes).
[2015/11/04 11:37:41.108] (INFO) Checked file systems for errors: All filesystems OK.
[2015/11/04 11:37:41.108] (ERROR) User "vyq6406" failed to log in 3 times. Disabling account.
[2015/11/04 11:37:41.108] (WARN) There is no such thing as a free lunch.
[2015/11/04 11:37:41.108] (INFO) Checkpointing off-heap server memory...
[2015/11/04 11:37:41.108] (INFO) User "rsr9909" logged out.
[2015/11/04 11:37:41.108] (INFO) .evian ylbirret si emehcs otpyrc ym neht ,siht daer nac uoy fI
[2015/11/04 11:37:41.108] (INFO) Supervisor has entered WAITING state.
[2015/11/04 11:37:41.108] (INFO) Network heartbeat check: All OK.
[2015/11/04 11:37:41.108] (INFO) Backed up all server logs.
[2015/11/04 11:37:41.108] (INFO) .evian ylbirret si emehcs otpyrc ym neht ,siht daer nac uoy fI
[2015/11/04 11:37:41.108] (INFO) Pinging watchdog timer process: Process is alive.
[2015/11/04 11:37:41.108] (INFO) User "rcl5247" logged in from 192.168.45.184.
[2015/11/04 11:37:41.108] (INFO) User "gbh3387" logged in from 192.168.209.102.
[2015/11/04 11:37:41.108] (INFO) User "rrt5838" logged in from 192.168.154.77.
[2015/11/04 11:37:41.108] (INFO) Supervisor has entered SUSPENDED state.
[2015/11/04 11:37:41.108] (INFO) Pinging watchdog timer process: Process is alive.
[2015/11/04 11:37:41.108] (INFO) Network heartbeat check: All OK.
[2015/11/04 11:37:41.108] (INFO) Supervisor has entered WAITING state.
[2015/11/04 11:37:41.108] (INFO) Checked file systems for errors: All filesystems OK.
[2015/11/04 11:37:41.108] (INFO) Rolling 8 log file(s)...
[2015/11/04 11:37:41.108] (INFO) Supervisor has entered RUNNING state.
[2015/11/04 11:37:41.108] (INFO) .evian ylbirret si emehcs otpyrc ym neht ,siht daer nac uoy fI
[2015/11/04 11:37:41.108] (INFO) Pinging watchdog timer process: Process is alive.
[2015/11/04 11:37:41.108] (INFO) .evian ylbirret si emehcs otpyrc ym neht ,siht daer nac uoy fI
[2015/11/04 11:37:41.108] (WARN) Backup server 172.16.120.60 is offline.
[2015/11/04 11:37:41.108] (ERROR) One of the flayrods has gone out askew on treadle.
[2015/11/04 11:37:41.108] (INFO) Alien monitor (aliend): Detected no space aliens.
[2015/11/04 11:37:41.108] (ERROR) Unable to mount /dev/sda1. (Time to run fsck?)
[2015/11/04 11:37:41.108] (INFO) Flushed 33 buffers to disk.
[2015/11/04 11:37:41.108] (INFO) Device 0x4836 is online.
[2015/11/04 11:37:41.108] (INFO) Sending SIGTERM to 2 excess workers.
[2015/11/04 11:37:41.108] (INFO) User "eqj6944" logged in from 192.168.31.198.
[2015/11/04 11:37:41.108] (ERROR) Unable to write to "/var/data/ycmWi67065.zip": Permission denied (EACCES)
[2015/11/04 11:37:41.108] (INFO) Your mother called. She says you never call her.
[2015/11/04 11:37:41.108] (INFO) User "utt4107" logged out due to inactivity (timeout=30 minutes).
[2015/11/04 11:37:41.108] (ERROR) /dev/lp error: "PC LOAD LETTER"
[2015/11/04 11:37:41.108] (INFO) Backed up all server logs.
[2015/11/04 11:37:41.108] (INFO) .evian ylbirret si emehcs otpyrc ym neht ,siht daer nac uoy fI
[2015/11/04 11:37:41.108] (INFO) Checked file systems for errors: All filesystems OK.
[2015/11/04 11:37:41.108] (WARN) Space on disk /dev/sdd4 is low: Only 649 MB available.
[2015/11/04 11:37:41.108] (INFO) Supervisor has entered RUNNING state.
[2015/11/04 11:37:41.108] (WARN) Ignoring SIGTERM. It's not that easy to get rid of me.
[2015/11/04 11:37:41.108] (INFO) User "nec5696" logged out due to inactivity (timeout=30 minutes).
[2015/11/04 11:37:41.108] (INFO) Sending SIGTERM to 4 excess workers.
[2015/11/04 11:37:41.108] (WARN) There is no such thing as a free lunch.
[2015/11/04 11:37:41.108] (WARN) Backup server 10.112.27.122 is offline.
[2015/11/04 11:37:41.108] (INFO) Device 0x0a7b is online.
[2015/11/04 11:37:41.108] (INFO) Sending SIGTERM to 2 excess workers.
[2015/11/04 11:37:41.108] (INFO) Flushed 39 buffers to disk.
[2015/11/04 11:37:41.108] (INFO) Flushed 53 buffers to disk.
[2015/11/04 11:37:41.108] (INFO) .evian ylbirret si emehcs otpyrc ym neht ,siht daer nac uoy fI
[2015/11/04 11:37:41.108] (ERROR) /dev/lp error: "PC LOAD LETTER"
[2015/11/04 11:37:41.108] (INFO) User "yql8989" logged in from 10.13.186.167.
[2015/11/04 11:37:41.108] (INFO) Rolling 5 log file(s)...
[2015/11/04 11:37:41.108] (INFO) Checked file systems for errors: All filesystems OK.
[2015/11/04 11:37:41.108] (INFO) User "eqk5853" logged out due to inactivity (timeout=30 minutes).
[2015/11/04 11:37:41.108] (INFO) Your mother called. She says you never call her.
[2015/11/04 11:37:41.108] (INFO) Sending SIGTERM to 3 excess workers.
[2015/11/04 11:37:41.108] (INFO) User "uif4816" logged out.
[2015/11/04 11:37:41.108] (INFO) User "zrw1524" logged in from 10.93.163.220.
[2015/11/04 11:37:41.108] (INFO) Pinging watchdog timer process: Process is alive.
[2015/11/04 11:37:41.108] (INFO) Checkpointing off-heap server memory...
[2015/11/04 11:37:41.108] (INFO) User "vtx5186" logged out.
[2015/11/04 11:37:41.108] (INFO) Rolling 6 log file(s)...
[2015/11/04 11:37:41.108] (INFO) Checkpointing off-heap server memory...
[2015/11/04 11:37:41.108] (INFO) Flushed 20 buffers to disk.
[2015/11/04 11:37:41.108] (ERROR) One of the flayrods has gone out askew on treadle.
[2015/11/04 11:37:41.108] (INFO) User "fry6007" logged in from 10.83.149.195.
[2015/11/04 11:37:41.108] (INFO) Alien monitor (aliend): Detected no space aliens.
[2015/11/04 11:37:41.108] (INFO) Supervisor has entered SUSPENDED state.
[2015/11/04 11:37:41.108] (INFO) User "nyi4461" logged in from 192.168.216.104.
[2015/11/04 11:37:41.108] (INFO) Your mother called. She says you never call her.
[2015/11/04 11:37:41.108] (INFO) Pinging watchdog timer process: Process is alive.
[2015/11/04 11:37:41.108] (INFO) Backed up all server logs.
[2015/11/04 11:37:41.108] (INFO) Supervisor has entered RUNNING state.
[2015/11/04 11:37:41.108] (INFO) Backed up all server logs.
[2015/11/04 11:37:41.108] (INFO) Alien monitor (aliend): Detected no space aliens.
[2015/11/04 11:37:41.108] (WARN) There is no such thing as a free lunch.
[2015/11/04 11:37:41.108] (WARN) CPU temperature exceeds 40º Celsius.
[2015/11/04 11:37:41.108] (ERROR) Unable to authenticate user "yuu2169": LDAP server isn't responding.
[2015/11/04 11:37:41.108] (INFO) Pinging watchdog timer process: Process is alive.
[2015/11/04 11:37:41.108] (INFO) User "txw1691" logged out.
[2015/11/04 11:37:41.108] (WARN) CPU temperature exceeds 40º Celsius.
[2015/11/04 11:37:41.608] (WARN) CPU temperature exceeds 40º Celsius.
[2015/11/04 11:37:41.608] (INFO) User "lfw7860" logged in from 192.168.43.198.
[2015/11/04 11:37:41.608] (INFO) Supervisor has entered RUNNING state.
[2015/11/04 11:37:41.608] (WARN) Retrying server log checkpoint.
[2015/11/04 11:37:41.608] (INFO) Waiting for supervisor process (PID 2743) to die.
[2015/11/04 11:37:41.608] (INFO) Sending SIGTERM to 2 excess workers.
[2015/11/04 11:37:41.608] (ERROR) Extra characters at end of line.
[2015/11/04 11:37:41.608] (INFO) Network heartbeat check: All OK.
[2015/11/04 11:37:41.608] (ERROR) Failed to write checkpoint file "/var/checkpoint/ilaxH64296: No space left on device (ENOSPC)
[2015/11/04 11:37:41.608] (INFO) Supervisor has entered WAITING state.
[2015/11/04 11:37:41.608] (INFO) Sending SIGTERM to 3 excess workers.
[2015/11/04 11:37:41.608] (INFO) User "tdk2743" logged out.
[2015/11/04 11:37:41.608] (INFO) Checkpointing off-heap server memory...
[2015/11/04 11:37:41.608] (INFO) Checked file systems for errors: All filesystems OK.
[2015/11/04 11:37:41.608] (ERROR) Failed to open "/mnt/fileserver01/PFKLx63199.tar.gz": NFS timeout.
[2015/11/04 11:37:41.608] (WARN) Retrying server log checkpoint.
[2015/11/04 11:37:41.608] (INFO) Supervisor has entered RESTARTING state.
[2015/11/04 11:37:41.608] (INFO) Alien monitor (aliend): Detected no space aliens.
[2015/11/04 11:37:41.608] (INFO) Pinging watchdog timer process: Process is alive.
[2015/11/04 11:37:41.608] (WARN) Ignoring SIGTERM. It's not that easy to get rid of me.
[2015/11/04 11:37:41.608] (INFO) Network heartbeat check: All OK.
[2015/11/04 11:37:41.608] (INFO) User "ncf5567" logged out.
[2015/11/04 11:37:41.608] (INFO) Waiting for monitor process (PID 62611) to die.
[2015/11/04 11:37:41.608] (INFO) User "bhs7221" logged out due to inactivity (timeout=30 minutes).
[2015/11/04 11:37:41.608] (INFO) Alien monitor (aliend): Detected no space aliens.
[2015/11/04 11:37:41.608] (INFO) Flushed 77 buffers to disk.
[2015/11/04 11:37:41.608] (INFO) .evian ylbirret si emehcs otpyrc ym neht ,siht daer nac uoy fI
[2015/11/04 11:37:41.608] (INFO) Supervisor has entered WAITING state.
[2015/11/04 11:37:41.608] (INFO) .evian ylbirret si emehcs otpyrc ym neht ,siht daer nac uoy fI
[2015/11/04 11:37:41.608] (ERROR) "/var/data/SSHTZ85851.xml": No such file or directory (ENOENT)
[2015/11/04 11:37:41.608] (INFO) User "gmz6252" logged out due to inactivity (timeout=30 minutes).
[2015/11/04 11:37:41.608] (INFO) Flushed 34 buffers to disk.
[2015/11/04 11:37:41.608] (INFO) Checked file systems for errors: All filesystems OK.
[2015/11/04 11:37:41.608] (ERROR) User "leq4203" failed to log in 3 times. Disabling account.
[2015/11/04 11:37:41.608] (INFO) Checkpointing off-heap server memory...
[2015/11/04 11:37:41.608] (INFO) Checkpointing off-heap server memory...
[2015/11/04 11:37:41.608] (ERROR) Blocked BitTorrent traffic originating from 192.168.30.17.
[2015/11/04 11:37:41.608] (INFO) Supervisor has entered SUSPENDED state.
[2015/11/04 11:37:41.608] (INFO) .evian ylbirret si emehcs otpyrc ym neht ,siht daer nac uoy fI
[2015/11/04 11:37:41.608] (WARN) CPU temperature exceeds 40º Celsius.
[2015/11/04 11:37:41.608] (INFO) Pinging watchdog timer process: Process is alive.
[2015/11/04 11:37:41.608] (INFO) Sending SIGTERM to 4 excess workers.
[2015/11/04 11:37:41.608] (WARN) Dropped 8,931 corrupt data packets.
[2015/11/04 11:37:41.608] (ERROR) Unable to mount /dev/sdb1. (Time to run fsck?)
[2015/11/04 11:37:41.608] (INFO) Network heartbeat check: All OK.
[2015/11/04 11:37:41.608] (INFO) Alien monitor (aliend): Detected no space aliens.
[2015/11/04 11:37:41.608] (INFO) Sending SIGTERM to 3 excess workers.
[2015/11/04 11:37:41.608] (INFO) Your mother called. She says you never call her.
[2015/11/04 11:37:41.608] (ERROR) CPU temperature exceeds 50º Celsius. Shutting down.
[2015/11/04 11:37:41.608] (INFO) User "wyd7929" logged out due to inactivity (timeout=30 minutes).
[2015/11/04 11:37:41.608] (INFO) Network heartbeat check: All OK.
[2015/11/04 11:37:41.608] (INFO) Network heartbeat check: All OK.
[2015/11/04 11:37:41.608] (ERROR) Blocked SSH traffic originating from 10.23.185.4.
[2015/11/04 11:37:41.608] (INFO) .evian ylbirret si emehcs otpyrc ym neht ,siht daer nac uoy fI
[2015/11/04 11:37:41.608] (INFO) Checked file systems for errors: All filesystems OK.
[2015/11/04 11:37:41.608] (INFO) Device 0x06b1 is online.
[2015/11/04 11:37:41.608] (INFO) Network heartbeat check: All OK.
[2015/11/04 11:37:41.608] (INFO) Pinging watchdog timer process: Process is alive.
[2015/11/04 11:37:41.608] (INFO) Network heartbeat check: All OK.
[2015/11/04 11:37:41.608] (INFO) Pinging watchdog timer process: Process is alive.
[2015/11/04 11:37:41.608] (INFO) User "jrz3442" logged out.
[2015/11/04 11:37:41.608] (INFO) Sending SIGTERM to 3 excess workers.
[2015/11/04 11:37:41.608] (INFO) Rolling 6 log file(s)...
[2015/11/04 11:37:41.608] (INFO) Backed up all server logs.
[2015/11/04 11:37:41.608] (INFO) Rolling 4 log file(s)...
[2015/11/04 11:37:41.608] (WARN) Possible cyber-attack from Antarctica.
[2015/11/04 11:37:41.608] (INFO) Device 0x8c6f is online.
[2015/11/04 11:37:41.608] (INFO) Checkpointing off-heap server memory...
[2015/11/04 11:37:41.608] (INFO) Alien monitor (aliend): Detected no space aliens.
[2015/11/04 11:37:41.608] (INFO) Pinging watchdog timer process: Process is alive.
[2015/11/04 11:37:41.608] (INFO) Rolling 7 log file(s)...
[2015/11/04 11:37:41.608] (INFO) Your mother called. She says you never call her.
[2015/11/04 11:37:41.608] (INFO) User "cqn6750" logged out due to inactivity (timeout=30 minutes).
[2015/11/04 11:37:41.608] (INFO) Rolling 3 log file(s)...
[2015/11/04 11:37:41.608] (ERROR) One of the flayrods has gone out askew on treadle.
[2015/11/04 11:37:41.608] (INFO) Waiting for master process (PID 54751) to die.
[2015/11/04 11:37:41.608] (INFO) Pinging watchdog timer process: Process is alive.
[2015/11/04 11:37:41.608] (INFO) Your mother called. She says you never call her.
[2015/11/04 11:37:41.608] (INFO) Pinging watchdog timer process: Process is alive.
[2015/11/04 11:37:41.608] (WARN) Network heartbeat check: 10 server(s) did not respond.
[2015/11/04 11:37:41.608] (INFO) User "jah3622" logged in from 10.107.105.27.
[2015/11/04 11:37:41.608] (INFO) Alien monitor (aliend): Detected no space aliens.
[2015/11/04 11:37:41.608] (INFO) User "qwe1402" logged out due to inactivity (timeout=30 minutes).
[2015/11/04 11:37:41.608] (WARN) Retrying server log checkpoint.
[2015/11/04 11:37:41.608] (INFO) Flushed 99 buffers to disk.
[2015/11/04 11:37:41.608] (INFO) Flushed 23 buffers to disk.
[2015/11/04 11:37:41.608] (ERROR) Unable to authenticate user "tbo8148": LDAP server isn't responding.
[2015/11/04 11:37:41.608] (INFO) Checked file systems for errors: All filesystems OK.
[2015/11/04 11:37:41.608] (INFO) Waiting for worker process (PID 45680) to die.
[2015/11/04 11:37:41.608] (ERROR) Blocked Little Bobby Tables attack (https://xkcd.com/327/) from 192.168.90.7.
[2015/11/04 11:37:41.608] (INFO) Network heartbeat check: All OK.
[2015/11/04 11:37:41.608] (INFO) Rolling 2 log file(s)...
[2015/11/04 11:37:41.608] (INFO) User "ljg5572" logged out due to inactivity (timeout=30 minutes).
[2015/11/04 11:37:41.608] (INFO) User "dgv7659" logged out.
[2015/11/04 11:37:41.608] (ERROR) CPU temperature exceeds 50º Celsius. Shutting down.
[2015/11/04 11:37:41.608] (INFO) Device 0x198f is online.
[2015/11/04 11:37:41.608] (INFO) User "lgo6235" logged out due to inactivity (timeout=30 minutes).
[2015/11/04 11:37:41.608] (INFO) Your mother called. She says you never call her.
[2015/11/04 11:37:41.608] (INFO) Rolling 4 log file(s)...
[2015/11/04 11:37:41.608] (ERROR) /dev/lp error: "PC LOAD LETTER"
[2015/11/04 11:37:42.108] (INFO) Rolling 4 log file(s)...
[2015/11/04 11:37:42.108] (INFO) Your mother called. She says you never call her.
[2015/11/04 11:37:42.108] (INFO) User "fto4605" logged out due to inactivity (timeout=30 minutes).
[2015/11/04 11:37:42.108] (INFO) User "mqs6437" logged in from 192.168.98.96.
[2015/11/04 11:37:42.108] (INFO) Alien monitor (aliend): Detected no space aliens.
[2015/11/04 11:37:42.108] (INFO) Pinging watchdog timer process: Process is alive.
[2015/11/04 11:37:42.108] (WARN) Ignoring SIGTERM. It's not that easy to get rid of me.
[2015/11/04 11:37:42.108] (INFO) Your mother called. She says you never call her.
[2015/11/04 11:37:42.108] (INFO) User "sct4898" logged in from 192.168.238.16.
[2015/11/04 11:37:42.108] (INFO) Waiting for monitor process (PID 21304) to die.
[2015/11/04 11:37:42.108] (INFO) User "tze9781" logged out due to inactivity (timeout=30 minutes).
[2015/11/04 11:37:42.108] (WARN) Ignoring SIGTERM. It's not that easy to get rid of me.
[2015/11/04 11:37:42.108] (INFO) Checkpointing off-heap server memory...
[2015/11/04 11:37:42.108] (INFO) Device 0x2b78 is online.
[2015/11/04 11:37:42.108] (ERROR) Directory index of "/var/data" is forbidden.
[2015/11/04 11:37:42.108] (INFO) Checked file systems for errors: All filesystems OK.
[2015/11/04 11:37:42.108] (WARN) Ignoring SIGTERM. It's not that easy to get rid of me.
[2015/11/04 11:37:42.108] (INFO) .evian ylbirret si emehcs otpyrc ym neht ,siht daer nac uoy fI
[2015/11/04 11:37:42.108] (WARN) Retrying server log checkpoint.
[2015/11/04 11:37:42.108] (INFO) Checked file systems for errors: All filesystems OK.
[2015/11/04 11:37:42.108] (INFO) Checked file systems for errors: All filesystems OK.
[2015/11/04 11:37:42.108] (INFO) Backed up all server logs.
[2015/11/04 11:37:42.108] (ERROR) Worker 1 died with SIGIOT. Restarting it.
[2015/11/04 11:37:42.108] (INFO) Rolling 4 log file(s)...
[2015/11/04 11:37:42.108] (INFO) Supervisor has entered RUNNING state.
[2015/11/04 11:37:42.108] (INFO) .evian ylbirret si emehcs otpyrc ym neht ,siht daer nac uoy fI
[2015/11/04 11:37:42.108] (INFO) .evian ylbirret si emehcs otpyrc ym neht ,siht daer nac uoy fI
[2015/11/04 11:37:42.108] (ERROR) "/var/data/LnmFQ93958.tsv": Permission denied (EACCES)
[2015/11/04 11:37:42.108] (INFO) Alien monitor (aliend): Detected no space aliens.
[2015/11/04 11:37:42.108] (INFO) User "vry3642" logged out.
[2015/11/04 11:37:42.108] (INFO) User "jzo5095" logged out due to inactivity (timeout=30 minutes).
[2015/11/04 11:37:42.108] (WARN) Network heartbeat check: 17 server(s) did not respond.
[2015/11/04 11:37:42.108] (INFO) Checked file systems for errors: All filesystems OK.
[2015/11/04 11:37:42.108] (INFO) User "cpz2973" logged out due to inactivity (timeout=30 minutes).
[2015/11/04 11:37:42.108] (INFO) Pinging watchdog timer process: Process is alive.
[2015/11/04 11:37:42.108] (INFO) User "ang4868" logged out.
[2015/11/04 11:37:42.108] (INFO) Supervisor has entered RESTARTING state.
[2015/11/04 11:37:42.108] (WARN) Backup server 10.237.222.155 is offline.
[2015/11/04 11:37:42.108] (ERROR) Blocked nmap traffic originating from 192.168.136.171.
[2015/11/04 11:37:42.108] (INFO) User "iym6821" logged out due to inactivity (timeout=30 minutes).
[2015/11/04 11:37:42.108] (INFO) User "gmj1478" logged out.
[2015/11/04 11:37:42.108] (INFO) Alien monitor (aliend): Detected no space aliens.
[2015/11/04 11:37:42.108] (INFO) Checked file systems for errors: All filesystems OK.
[2015/11/04 11:37:42.108] (INFO) User "gkf1459" logged in from 172.16.204.117.
[2015/11/04 11:37:42.108] (INFO) Network heartbeat check: All OK.
[2015/11/04 11:37:42.108] (INFO) Sending SIGTERM to 2 excess workers.
[2015/11/04 11:37:42.108] (INFO) Checkpointing off-heap server memory...
[2015/11/04 11:37:42.108] (ERROR) /dev/lp error: "PC LOAD LETTER"
[2015/11/04 11:37:42.108] (INFO) User "dzu4526" logged out.
[2015/11/04 11:37:42.108] (INFO) Backed up all server logs.
[2015/11/04 11:37:42.108] (INFO) Waiting for worker process (PID 53397) to die.
[2015/11/04 11:37:42.108] (INFO) Pinging watchdog timer process: Process is alive.
[2015/11/04 11:37:42.108] (INFO) Device 0x73f7 is online.
[2015/11/04 11:37:42.108] (INFO) User "bjx7577" logged out.
[2015/11/04 11:37:42.108] (INFO) Rolling 7 log file(s)...
[2015/11/04 11:37:42.108] (INFO) Pinging watchdog timer process: Process is alive.
[2015/11/04 11:37:42.108] (INFO) Your mother called. She says you never call her.
[2015/11/04 11:37:42.108] (INFO) Sending SIGTERM to 4 excess workers.
[2015/11/04 11:37:42.108] (INFO) .evian ylbirret si emehcs otpyrc ym neht ,siht daer nac uoy fI
[2015/11/04 11:37:42.108] (INFO) Sending SIGTERM to 2 excess workers.
[2015/11/04 11:37:42.108] (INFO) Flushed 80 buffers to disk.
[2015/11/04 11:37:42.108] (INFO) Backed up all server logs.
[2015/11/04 11:37:42.108] (WARN) CPU temperature exceeds 40º Celsius.
[2015/11/04 11:37:42.108] (INFO) Pinging watchdog timer process: Process is alive.
[2015/11/04 11:37:42.108] (INFO) User "tim4646" logged in from 10.10.131.127.
[2015/11/04 11:37:42.108] (INFO) Your mother called. She says you never call her.
[2015/11/04 11:37:42.108] (INFO) Checked file systems for errors: All filesystems OK.
[2015/11/04 11:37:42.108] (INFO) User "exv8537" logged out.
[2015/11/04 11:37:42.108] (INFO) User "ogp6493" logged out.
[2015/11/04 11:37:42.108] (INFO) Waiting for supervisor process (PID 45819) to die.
[2015/11/04 11:37:42.108] (INFO) Checkpointing off-heap server memory...
[2015/11/04 11:37:42.108] (INFO) User "mum2013" logged out.
[2015/11/04 11:37:42.108] (ERROR) CPU temperature exceeds 50º Celsius. Shutting down.
[2015/11/04 11:37:42.108] (INFO) Checkpointing off-heap server memory...
[2015/11/04 11:37:42.108] (INFO) Sending SIGTERM to 2 excess workers.
[2015/11/04 11:37:42.108] (INFO) Sending SIGTERM to 3 excess workers.
[2015/11/04 11:37:42.108] (INFO) Waiting for monitor process (PID 47798) to die.
[2015/11/04 11:37:42.108] (INFO) Rolling 1 log file(s)...
[2015/11/04 11:37:42.108] (WARN) Possible cyber-attack from Nebraska.
[2015/11/04 11:37:42.108] (INFO) Supervisor has entered SUSPENDED state.
[2015/11/04 11:37:42.108] (INFO) User "egl1543" logged in from 172.16.118.19.
[2015/11/04 11:37:42.108] (INFO) Alien monitor (aliend): Detected no space aliens.
[2015/11/04 11:37:42.108] (INFO) Your mother called. She says you never call her.
[2015/11/04 11:37:42.108] (INFO) User "ftk6457" logged out due to inactivity (timeout=30 minutes).
[2015/11/04 11:37:42.108] (INFO) Supervisor has entered RUNNING state.
[2015/11/04 11:37:42.108] (INFO) User "rbh8589" logged in from 172.16.53.12.
[2015/11/04 11:37:42.108] (ERROR) Failed to open "/mnt/fileserver01/xJjpc63299.csv": NFS timeout.
[2015/11/04 11:37:42.108] (INFO) Rolling 5 log file(s)...
[2015/11/04 11:37:42.108] (ERROR) One of the flayrods has gone out askew on treadle.
[2015/11/04 11:37:42.108] (INFO) Checkpointing off-heap server memory...
[2015/11/04 11:37:42.108] (INFO) User "mqc3333" logged out.
[2015/11/04 11:37:42.108] (INFO) Device 0x331e is online.
[2015/11/04 11:37:42.108] (WARN) Backup server 192.168.182.63 is offline.
[2015/11/04 11:37:42.108] (INFO) Backed up all server logs.
[2015/11/04 11:37:42.108] (ERROR) Failed to write checkpoint file "/var/checkpoint/vOFbw80375: No space left on device (ENOSPC)
[2015/11/04 11:37:42.108] (INFO) Backed up all server logs.
[2015/11/04 11:37:42.108] (INFO) User "tha3542" logged in from 10.79.193.155.
[2015/11/04 11:37:42.108] (INFO) Checked file systems for errors: All filesystems OK.
[2015/11/04 11:37:42.108] (INFO) Rolling 1 log file(s)...
[2015/11/04 11:37:42.108] (INFO) User "tbi7788" logged out due to inactivity (timeout=30 minutes).
[2015/11/04 11:37:42.608] (INFO) Flushed 71 buffers to disk.
[2015/11/04 11:37:42.608] (INFO) Sending SIGTERM to 2 excess workers.
[2015/11/04 11:37:42.608] (INFO) Alien monitor (aliend): Detected no space aliens.
[2015/11/04 11:37:42.608] (INFO) Flushed 87 buffers to disk.
[2015/11/04 11:37:42.608] (INFO) Alien monitor (aliend): Detected no space aliens.
[2015/11/04 11:37:42.608] (INFO) Device 0xa2df is online.
[2015/11/04 11:37:42.608] (INFO) Your mother called. She says you never call her.
[2015/11/04 11:37:42.608] (INFO) Backed up all server logs.
[2015/11/04 11:37:42.608] (INFO) Flushed 55 buffers to disk.
[2015/11/04 11:37:42.608] (INFO) Waiting for master process (PID 15213) to die.
[2015/11/04 11:37:42.608] (INFO) Flushed 63 buffers to disk.
[2015/11/04 11:37:42.608] (WARN) Ignoring SIGTERM. It's not that easy to get rid of me.
[2015/11/04 11:37:42.608] (INFO) Alien monitor (aliend): Detected no space aliens.
[2015/11/04 11:37:42.608] (INFO) Backed up all server logs.
[2015/11/04 11:37:42.608] (INFO) User "gux5561" logged in from 192.168.93.190.
[2015/11/04 11:37:42.608] (INFO) Rolling 2 log file(s)...
[2015/11/04 11:37:42.608] (INFO) Checked file systems for errors: All filesystems OK.
[2015/11/04 11:37:42.608] (INFO) Pinging watchdog timer process: Process is alive.
[2015/11/04 11:37:42.608] (ERROR) Device 0x35ec is offline
[2015/11/04 11:37:42.608] (INFO) Supervisor has entered RUNNING state.
[2015/11/04 11:37:42.608] (INFO) Waiting for supervisor process (PID 26699) to die.
[2015/11/04 11:37:42.608] (INFO) User "jid2378" logged out.
[2015/11/04 11:37:42.608] (INFO) Flushed 21 buffers to disk.
[2015/11/04 11:37:42.608] (WARN) Network heartbeat check: 13 server(s) did not respond.
[2015/11/04 11:37:42.608] (INFO) Pinging watchdog timer process: Process is alive.
[2015/11/04 11:37:42.608] (INFO) Your mother called. She says you never call her.
[2015/11/04 11:37:42.608] (INFO) Checkpointing off-heap server memory...
[2015/11/04 11:37:42.608] (INFO) Your mother called. She says you never call her.
[2015/11/04 11:37:42.608] (INFO) Checkpointing off-heap server memory...
[2015/11/04 11:37:42.608] (ERROR) Failed to open "/mnt/fileserver01/WwsLH88855.tar.gz": NFS timeout.
[2015/11/04 11:37:42.608] (INFO) Checkpointing off-heap server memory...
[2015/11/04 11:37:42.608] (ERROR) Worker 3 died with SIGFPE. Restarting it.
[2015/11/04 11:37:42.608] (INFO) Alien monitor (aliend): Detected no space aliens.
[2015/11/04 11:37:42.608] (INFO) Checkpointing off-heap server memory...
[2015/11/04 11:37:42.608] (INFO) User "uxu8312" logged in from 192.168.92.221.
[2015/11/04 11:37:42.608] (WARN) Network heartbeat check: 3 server(s) did not respond.
[2015/11/04 11:37:42.608] (INFO) Supervisor has entered WAITING state.
[2015/11/04 11:37:42.608] (INFO) Network heartbeat check: All OK.
[2015/11/04 11:37:42.608] (INFO) Waiting for worker process (PID 39202) to die.
[2015/11/04 11:37:42.608] (WARN) Dropped 18,100 corrupt data packets.
[2015/11/04 11:37:42.608] (INFO) User "jtr9655" logged out.
[2015/11/04 11:37:42.608] (WARN) Backup server 192.168.107.130 is offline.
[2015/11/04 11:37:42.608] (INFO) User "xcv9393" logged out due to inactivity (timeout=30 minutes).
[2015/11/04 11:37:42.608] (INFO) Sending SIGTERM to 4 excess workers.
[2015/11/04 11:37:42.608] (INFO) Waiting for worker process (PID 4683) to die.
[2015/11/04 11:37:42.608] (INFO) Backed up all server logs.
[2015/11/04 11:37:42.608] (WARN) Possible cyber-attack from Mars.
[2015/11/04 11:37:42.608] (INFO) User "api7104" logged in from 172.16.237.44.
[2015/11/04 11:37:42.608] (WARN) Backup server 10.23.164.133 is offline.
[2015/11/04 11:37:42.608] (ERROR) User "lwc1063" failed to log in 3 times. Disabling account.
[2015/11/04 11:37:42.608] (INFO) Flushed 69 buffers to disk.
[2015/11/04 11:37:42.608] (INFO) Network heartbeat check: All OK.
[2015/11/04 11:37:42.608] (ERROR) Worker 5 died with SIGSTOP. Restarting it.
[2015/11/04 11:37:42.608] (INFO) Backed up all server logs.
[2015/11/04 11:37:42.608] (INFO) Pinging watchdog timer process: Process is alive.
[2015/11/04 11:37:42.608] (WARN) Retrying server log checkpoint.
[2015/11/04 11:37:42.608] (INFO) Flushed 96 buffers to disk.
[2015/11/04 11:37:42.608] (INFO) Network heartbeat check: All OK.
[2015/11/04 11:37:42.608] (ERROR) Alien monitor (aliend): 4 space aliens are fiddling with the hardware!
[2015/11/04 11:37:42.608] (INFO) Checkpointing off-heap server memory...
[2015/11/04 11:37:42.608] (INFO) Network heartbeat check: All OK.
[2015/11/04 11:37:42.608] (INFO) Flushed 58 buffers to disk.
[2015/11/04 11:37:42.608] (INFO) Flushed 75 buffers to disk.
[2015/11/04 11:37:42.608] (INFO) Flushed 35 buffers to disk.
[2015/11/04 11:37:42.608] (INFO) Pinging watchdog timer process: Process is alive.
[2015/11/04 11:37:42.608] (ERROR) Failed to open "/mnt/fileserver02/dXjcS98789.csv": NFS timeout.
[2015/11/04 11:37:42.608] (INFO) Device 0x8874 is online.
[2015/11/04 11:37:42.608] (INFO) Sending SIGTERM to 2 excess workers.
[2015/11/04 11:37:42.608] (INFO) User "mnz3321" logged out due to inactivity (timeout=30 minutes).
[2015/11/04 11:37:42.608] (INFO) Backed up all server logs.
[2015/11/04 11:37:42.608] (WARN) Dropped 11,658 corrupt data packets.
[2015/11/04 11:37:42.608] (INFO) Rolling 5 log file(s)...
[2015/11/04 11:37:42.608] (INFO) Sending SIGTERM to 2 excess workers.
[2015/11/04 11:37:42.608] (INFO) Checkpointing off-heap server memory...
[2015/11/04 11:37:42.608] (INFO) Flushed 93 buffers to disk.
[2015/11/04 11:37:42.608] (INFO) Sending SIGTERM to 2 excess workers.
[2015/11/04 11:37:42.608] (INFO) User "mhw6616" logged out.
[2015/11/04 11:37:42.608] (INFO) .evian ylbirret si emehcs otpyrc ym neht ,siht daer nac uoy fI
[2015/11/04 11:37:42.608] (INFO) Pinging watchdog timer process: Process is alive.
[2015/11/04 11:37:42.608] (INFO) Checked file systems for errors: All filesystems OK.
[2015/11/04 11:37:42.608] (INFO) User "lxw1155" logged out.
[2015/11/04 11:37:42.608] (INFO) User "crq4052" logged out due to inactivity (timeout=30 minutes).
[2015/11/04 11:37:42.608] (INFO) User "yjg4322" logged out.
[2015/11/04 11:37:42.608] (WARN) Backup server 192.168.127.196 is offline.
[2015/11/04 11:37:42.608] (INFO) Pinging watchdog timer process: Process is alive.
[2015/11/04 11:37:42.608] (INFO) Waiting for worker process (PID 23860) to die.
[2015/11/04 11:37:42.608] (INFO) Sending SIGTERM to 2 excess workers.
[2015/11/04 11:37:42.608] (INFO) Network heartbeat check: All OK.
[2015/11/04 11:37:42.608] (INFO) Rolling 4 log file(s)...
[2015/11/04 11:37:42.608] (INFO) Pinging watchdog timer process: Process is alive.
[2015/11/04 11:37:42.608] (INFO) User "bng6298" logged out.
[2015/11/04 11:37:42.608] (INFO) User "tis7496" logged out due to inactivity (timeout=30 minutes).
[2015/11/04 11:37:42.608] (INFO) Supervisor has entered RUNNING state.
[2015/11/04 11:37:42.608] (INFO) Flushed 27 buffers to disk.
[2015/11/04 11:37:42.608] (INFO) Backed up all server logs.
[2015/11/04 11:37:42.608] (INFO) Waiting for monitor process (PID 44371) to die.
[2015/11/04 11:37:42.608] (INFO) Supervisor has entered RESTARTING state.
[2015/11/04 11:37:42.608] (INFO) Flushed 23 buffers to disk.
[2015/11/04 11:37:42.608] (INFO) Alien monitor (aliend): Detected no space aliens.
[2015/11/04 11:37:42.608] (INFO) Checked file systems for errors: All filesystems OK.
[2015/11/04 11:37:43.108] (INFO) Alien monitor (aliend): Detected no space aliens.
[2015/11/04 11:37:43.108] (INFO) Backed up all server logs.
[2015/11/04 11:37:43.108] (INFO) Your mother called. She says you never call her.
[2015/11/04 11:37:43.108] (INFO) Sending SIGTERM to 4 excess workers.
[2015/11/04 11:37:43.108] (INFO) Rolling 9 log file(s)...
[2015/11/04 11:37:43.108] (INFO) Pinging watchdog timer process: Process is alive.
[2015/11/04 11:37:43.108] (INFO) Network heartbeat check: All OK.
[2015/11/04 11:37:43.108] (INFO) Rolling 4 log file(s)...
[2015/11/04 11:37:43.108] (WARN) Backup server 172.16.235.26 is offline.
[2015/11/04 11:37:43.108] (INFO) Backed up all server logs.
[2015/11/04 11:37:43.108] (INFO) User "lyt6782" logged out due to inactivity (timeout=30 minutes).
[2015/11/04 11:37:43.108] (INFO) Pinging watchdog timer process: Process is alive.
[2015/11/04 11:37:43.108] (INFO) Checked file systems for errors: All filesystems OK.
[2015/11/04 11:37:43.108] (INFO) Backed up all server logs.
[2015/11/04 11:37:43.108] (INFO) Waiting for monitor process (PID 50420) to die.
[2015/11/04 11:37:43.108] (INFO) User "brr3666" logged out due to inactivity (timeout=30 minutes).
[2015/11/04 11:37:43.108] (WARN) Ignoring SIGTERM. It's not that easy to get rid of me.
[2015/11/04 11:37:43.108] (INFO) Your mother called. She says you never call her.
[2015/11/04 11:37:43.108] (INFO) User "rif5134" logged out due to inactivity (timeout=30 minutes).
[2015/11/04 11:37:43.108] (INFO) Checkpointing off-heap server memory...
[2015/11/04 11:37:43.108] (INFO) Pinging watchdog timer process: Process is alive.
[2015/11/04 11:37:43.108] (INFO) Sending SIGTERM to 2 excess workers.
[2015/11/04 11:37:43.108] (INFO) Sending SIGTERM to 2 excess workers.
[2015/11/04 11:37:43.108] (INFO) Flushed 60 buffers to disk.
[2015/11/04 11:37:43.108] (INFO) Your mother called. She says you never call her.
[2015/11/04 11:37:43.108] (INFO) Your mother called. She says you never call her.
[2015/11/04 11:37:43.108] (INFO) User "vxx7670" logged out.
[2015/11/04 11:37:43.108] (INFO) Checkpointing off-heap server memory...
[2015/11/04 11:37:43.108] (INFO) Waiting for supervisor process (PID 46486) to die.
[2015/11/04 11:37:43.108] (INFO) Checkpointing off-heap server memory...
[2015/11/04 11:37:43.108] (INFO) Checked file systems for errors: All filesystems OK.
[2015/11/04 11:37:43.108] (ERROR) Blocked Little Bobby Tables attack (https://xkcd.com/327/) from 10.97.75.233.
[2015/11/04 11:37:43.108] (INFO) User "ldt7993" logged out due to inactivity (timeout=30 minutes).
[2015/11/04 11:37:43.108] (INFO) Backed up all server logs.
[2015/11/04 11:37:43.108] (INFO) Network heartbeat check: All OK.
[2015/11/04 11:37:43.108] (INFO) Rolling 9 log file(s)...
[2015/11/04 11:37:43.108] (INFO) User "uva3603" logged in from 10.241.141.45.
[2015/11/04 11:37:43.108] (WARN) Watchdog timer crashed. Restarting it.
[2015/11/04 11:37:43.108] (INFO) User "qju3361" logged out due to inactivity (timeout=30 minutes).
[2015/11/04 11:37:43.108] (INFO) Pinging watchdog timer process: Process is alive.
[2015/11/04 11:37:43.108] (ERROR) One of the flayrods has gone out askew on treadle.
[2015/11/04 11:37:43.108] (WARN) There is no such thing as a free lunch.
[2015/11/04 11:37:43.108] (INFO) Device 0x02ec is online.
[2015/11/04 11:37:43.108] (INFO) User "pbm1909" logged in from 192.168.56.105.
[2015/11/04 11:37:43.108] (INFO) Your mother called. She says you never call her.
[2015/11/04 11:37:43.108] (INFO) Checked file systems for errors: All filesystems OK.
[2015/11/04 11:37:43.108] (INFO) Checked file systems for errors: All filesystems OK.
[2015/11/04 11:37:43.108] (ERROR) Detected clock skew! Restarting NTP server.
[2015/11/04 11:37:43.108] (INFO) Network heartbeat check: All OK.
[2015/11/04 11:37:43.108] (INFO) Rolling 4 log file(s)...
[2015/11/04 11:37:43.108] (INFO) Backed up all server logs.
[2015/11/04 11:37:43.108] (INFO) .evian ylbirret si emehcs otpyrc ym neht ,siht daer nac uoy fI
[2015/11/04 11:37:43.108] (ERROR) Blocked nmap traffic originating from 10.149.96.202.
[2015/11/04 11:37:43.108] (INFO) Checked file systems for errors: All filesystems OK.
[2015/11/04 11:37:43.108] (WARN) Watchdog timer crashed. Restarting it.
[2015/11/04 11:37:43.108] (WARN) Backup server 172.16.223.242 is offline.
[2015/11/04 11:37:43.108] (INFO) Sending SIGTERM to 4 excess workers.
[2015/11/04 11:37:43.108] (INFO) Sending SIGTERM to 3 excess workers.
[2015/11/04 11:37:43.108] (INFO) Device 0x554a is online.
[2015/11/04 11:37:43.108] (INFO) Your mother called. She says you never call her.
[2015/11/04 11:37:43.108] (INFO) Pinging watchdog timer process: Process is alive.
[2015/11/04 11:37:43.108] (INFO) Waiting for master process (PID 13688) to die.
[2015/11/04 11:37:43.108] (INFO) Supervisor has entered RESTARTING state.
[2015/11/04 11:37:43.108] (INFO) .evian ylbirret si emehcs otpyrc ym neht ,siht daer nac uoy fI
[2015/11/04 11:37:43.108] (INFO) Supervisor has entered WAITING state.
[2015/11/04 11:37:43.108] (INFO) .evian ylbirret si emehcs otpyrc ym neht ,siht daer nac uoy fI
[2015/11/04 11:37:43.108] (ERROR) Server log backup FAILED. See backup logs.
[2015/11/04 11:37:43.108] (INFO) Network heartbeat check: All OK.
[2015/11/04 11:37:43.108] (INFO) Device 0xa966 is online.
[2015/11/04 11:37:43.108] (INFO) Rolling 6 log file(s)...
[2015/11/04 11:37:43.108] (INFO) Device 0xb106 is online.
[2015/11/04 11:37:43.108] (INFO) Pinging watchdog timer process: Process is alive.
[2015/11/04 11:37:43.108] (INFO) Flushed 87 buffers to disk.
[2015/11/04 11:37:43.108] (INFO) User "cog8071" logged out.
[2015/11/04 11:37:43.108] (INFO) Backed up all server logs.
[2015/11/04 11:37:43.108] (INFO) Checkpointing off-heap server memory...
[2015/11/04 11:37:43.108] (INFO) Rolling 9 log file(s)...
[2015/11/04 11:37:43.108] (INFO) User "zpt2365" logged out.
[2015/11/04 11:37:43.108] (INFO) Alien monitor (aliend): Detected no space aliens.
[2015/11/04 11:37:43.108] (INFO) Sending SIGTERM to 2 excess workers.
[2015/11/04 11:37:43.108] (INFO) .evian ylbirret si emehcs otpyrc ym neht ,siht daer nac uoy fI
[2015/11/04 11:37:43.108] (INFO) Sending SIGTERM to 4 excess workers.
[2015/11/04 11:37:43.108] (INFO) User "fre6779" logged out due to inactivity (timeout=30 minutes).
[2015/11/04 11:37:43.108] (INFO) User "xhn5526" logged in from 172.16.69.221.
[2015/11/04 11:37:43.108] (INFO) Pinging watchdog timer process: Process is alive.
[2015/11/04 11:37:43.108] (INFO) Rolling 5 log file(s)...
[2015/11/04 11:37:43.108] (INFO) Network heartbeat check: All OK.
[2015/11/04 11:37:43.108] (INFO) Network heartbeat check: All OK.
[2015/11/04 11:37:43.108] (INFO) Backed up all server logs.
[2015/11/04 11:37:43.108] (WARN) Dropped 4,096 corrupt data packets.
[2015/11/04 11:37:43.108] (INFO) Device 0x142c is online.
[2015/11/04 11:37:43.108] (ERROR) Unable to write to "/var/data/dAfUM66221.parquet": Permission denied (EACCES)
[2015/11/04 11:37:43.108] (ERROR) Network heartbeat check FAILED: Master host down?
[2015/11/04 11:37:43.108] (INFO) Network heartbeat check: All OK.
[2015/11/04 11:37:43.108] (ERROR) "/var/data/Ycngx95733.tar.gz": Permission denied (EACCES)
[2015/11/04 11:37:43.108] (INFO) Rolling 8 log file(s)...
[2015/11/04 11:37:43.108] (INFO) Checked file systems for errors: All filesystems OK.
[2015/11/04 11:37:43.108] (ERROR) One of the flayrods has gone out askew on treadle.
[2015/11/04 11:37:43.108] (INFO) Checked file systems for errors: All filesystems OK.
[2015/11/04 11:37:43.108] (WARN) Dropped 4,268 corrupt data packets.
[2015/11/04 11:37:43.608] (ERROR) Blocked Little Bobby Tables attack (https://xkcd.com/327/) from 172.16.217.100.
[2015/11/04 11:37:43.608] (INFO) Rolling 6 log file(s)...
[2015/11/04 11:37:43.608] (WARN) CPU temperature exceeds 40º Celsius.
[2015/11/04 11:37:43.608] (INFO) Checkpointing off-heap server memory...
[2015/11/04 11:37:43.608] (INFO) Alien monitor (aliend): Detected no space aliens.
[2015/11/04 11:37:43.608] (INFO) Your mother called. She says you never call her.
[2015/11/04 11:37:43.608] (INFO) Waiting for worker process (PID 32150) to die.
[2015/11/04 11:37:43.608] (ERROR) Detected incoming DDoS from 172.16.29.252.
[2015/11/04 11:37:43.608] (INFO) User "dsg8822" logged out.
[2015/11/04 11:37:43.608] (INFO) Checked file systems for errors: All filesystems OK.
[2015/11/04 11:37:43.608] (INFO) Checkpointing off-heap server memory...
[2015/11/04 11:37:43.608] (INFO) Network heartbeat check: All OK.
[2015/11/04 11:37:43.608] (INFO) User "yoh8952" logged in from 172.16.71.74.
[2015/11/04 11:37:43.608] (INFO) Checked file systems for errors: All filesystems OK.
[2015/11/04 11:37:43.608] (INFO) Your mother called. She says you never call her.
[2015/11/04 11:37:43.608] (INFO) Network heartbeat check: All OK.
[2015/11/04 11:37:43.608] (INFO) Waiting for monitor process (PID 13548) to die.
[2015/11/04 11:37:43.608] (INFO) Flushed 30 buffers to disk.
[2015/11/04 11:37:43.608] (INFO) Sending SIGTERM to 4 excess workers.
[2015/11/04 11:37:43.608] (INFO) Backed up all server logs.
[2015/11/04 11:37:43.608] (INFO) Sending SIGTERM to 3 excess workers.
[2015/11/04 11:37:43.608] (WARN) Master took 571 ms to respond (threshold=500 ms)
[2015/11/04 11:37:43.608] (INFO) Flushed 52 buffers to disk.
[2015/11/04 11:37:43.608] (ERROR) Unable to write to "/var/data/zgSWS68290.parquet": Permission denied (EACCES)
[2015/11/04 11:37:43.608] (INFO) User "mjm9321" logged out due to inactivity (timeout=30 minutes).
[2015/11/04 11:37:43.608] (INFO) Pinging watchdog timer process: Process is alive.
[2015/11/04 11:37:43.608] (WARN) Space on disk /dev/sdf1 is low: Only 729 MB available.
[2015/11/04 11:37:43.608] (ERROR) Detected clock skew! Restarting NTP server.
[2015/11/04 11:37:43.608] (INFO) Supervisor has entered SUSPENDED state.
[2015/11/04 11:37:43.608] (ERROR) "/var/data/FmnqD72235.zip": No such file or directory (ENOENT)
[2015/11/04 11:37:43.608] (INFO) Your mother called. She says you never call her.
[2015/11/04 11:37:43.608] (INFO) Backed up all server logs.
[2015/11/04 11:37:43.608] (INFO) Sending SIGTERM to 3 excess workers.
[2015/11/04 11:37:43.608] (INFO) Network heartbeat check: All OK.
[2015/11/04 11:37:43.608] (ERROR) Unable to authenticate user "fcb7850": LDAP server isn't responding.
[2015/11/04 11:37:43.608] (INFO) Backed up all server logs.
[2015/11/04 11:37:43.608] (INFO) .evian ylbirret si emehcs otpyrc ym neht ,siht daer nac uoy fI
[2015/11/04 11:37:43.608] (INFO) Device 0x04e5 is online.
[2015/11/04 11:37:43.608] (INFO) Device 0xaf1f is online.
[2015/11/04 11:37:43.608] (ERROR) One of the flayrods has gone out askew on treadle.
[2015/11/04 11:37:43.608] (INFO) Checkpointing off-heap server memory...
[2015/11/04 11:37:43.608] (INFO) Rolling 5 log file(s)...
[2015/11/04 11:37:43.608] (INFO) Pinging watchdog timer process: Process is alive.
[2015/11/04 11:37:43.608] (INFO) Checked file systems for errors: All filesystems OK.
[2015/11/04 11:37:43.608] (INFO) Checkpointing off-heap server memory...
[2015/11/04 11:37:43.608] (INFO) User "erg1112" logged in from 10.239.53.7.
[2015/11/04 11:37:43.608] (INFO) User "qjy2806" logged out.
[2015/11/04 11:37:43.608] (INFO) Checkpointing off-heap server memory...
[2015/11/04 11:37:43.608] (INFO) User "kgo3519" logged in from 172.16.235.86.
[2015/11/04 11:37:43.608] (WARN) Unable to ping worker at 192.168.252.189. Retrying.
[2015/11/04 11:37:43.608] (INFO) Sending SIGTERM to 4 excess workers.
[2015/11/04 11:37:43.608] (INFO) User "exq9883" logged out.
[2015/11/04 11:37:43.608] (INFO) Backed up all server logs.
[2015/11/04 11:37:43.608] (INFO) User "obf6125" logged out due to inactivity (timeout=30 minutes).
[2015/11/04 11:37:43.608] (INFO) Supervisor has entered RUNNING state.
[2015/11/04 11:37:43.608] (INFO) Alien monitor (aliend): Detected no space aliens.
[2015/11/04 11:37:43.608] (INFO) .evian ylbirret si emehcs otpyrc ym neht ,siht daer nac uoy fI
[2015/11/04 11:37:43.608] (WARN) Dropped 13,635 corrupt data packets.
[2015/11/04 11:37:43.608] (INFO) Sending SIGTERM to 2 excess workers.
[2015/11/04 11:37:43.608] (INFO) Sending SIGTERM to 4 excess workers.
[2015/11/04 11:37:43.608] (ERROR) Worker 5 died with SIGPOLL. Restarting it.
[2015/11/04 11:37:43.608] (INFO) Flushed 46 buffers to disk.
[2015/11/04 11:37:43.608] (INFO) Flushed 29 buffers to disk.
[2015/11/04 11:37:43.608] (INFO) Pinging watchdog timer process: Process is alive.
[2015/11/04 11:37:43.608] (INFO) User "okt4525" logged out due to inactivity (timeout=30 minutes).
[2015/11/04 11:37:43.608] (ERROR) Blocked nmap traffic originating from 192.168.117.150.
[2015/11/04 11:37:43.608] (INFO) User "aik2181" logged in from 172.16.128.60.
[2015/11/04 11:37:43.608] (INFO) User "yra7935" logged out due to inactivity (timeout=30 minutes).
[2015/11/04 11:37:43.608] (INFO) Backed up all server logs.
[2015/11/04 11:37:43.608] (INFO) Alien monitor (aliend): Detected no space aliens.
[2015/11/04 11:37:43.608] (INFO) Checked file systems for errors: All filesystems OK.
[2015/11/04 11:37:43.608] (INFO) User "lqy3733" logged out.
[2015/11/04 11:37:43.608] (WARN) Network heartbeat check: 7 server(s) did not respond.
[2015/11/04 11:37:43.608] (INFO) Network heartbeat check: All OK.
[2015/11/04 11:37:43.608] (INFO) User "wpf9093" logged out due to inactivity (timeout=30 minutes).
[2015/11/04 11:37:43.608] (INFO) Flushed 69 buffers to disk.
[2015/11/04 11:37:43.608] (INFO) Pinging watchdog timer process: Process is alive.
[2015/11/04 11:37:43.608] (INFO) Rolling 7 log file(s)...
[2015/11/04 11:37:43.608] (ERROR) Unable to authenticate user "lji6820": LDAP server isn't responding.
[2015/11/04 11:37:43.608] (WARN) Watchdog timer crashed. Restarting it.
[2015/11/04 11:37:43.608] (INFO) User "wcx4393" logged out due to inactivity (timeout=30 minutes).
[2015/11/04 11:37:43.608] (INFO) Supervisor has entered RESTARTING state.
[2015/11/04 11:37:43.608] (INFO) .evian ylbirret si emehcs otpyrc ym neht ,siht daer nac uoy fI
[2015/11/04 11:37:43.608] (INFO) Pinging watchdog timer process: Process is alive.
[2015/11/04 11:37:43.608] (INFO) Alien monitor (aliend): Detected no space aliens.
[2015/11/04 11:37:43.608] (INFO) Pinging watchdog timer process: Process is alive.
[2015/11/04 11:37:43.608] (INFO) User "ooz6601" logged out due to inactivity (timeout=30 minutes).
[2015/11/04 11:37:43.608] (INFO) User "ucz5229" logged out.
[2015/11/04 11:37:43.608] (WARN) Unable to ping master at 10.79.225.197. Retrying.
[2015/11/04 11:37:43.608] (INFO) Device 0xd9dd is online.
[2015/11/04 11:37:43.608] (INFO) Supervisor has entered WAITING state.
[2015/11/04 11:37:43.608] (INFO) Your mother called. She says you never call her.
[2015/11/04 11:37:43.608] (INFO) Checkpointing off-heap server memory...
[2015/11/04 11:37:43.608] (INFO) Supervisor has entered RESTARTING state.
[2015/11/04 11:37:43.608] (INFO) Your mother called. She says you never call her.
[2015/11/04 11:37:43.608] (INFO) User "nik9203" logged out.
[2015/11/04 11:37:43.608] (ERROR) Worker 6 died with SIGSEGV. Restarting it.
[2015/11/04 11:37:43.608] (INFO) Supervisor has entered RESTARTING state.
[2015/11/04 11:37:43.608] (INFO) Waiting for master process (PID 19978) to die.
[2015/11/04 11:37:43.608] (INFO) Sending SIGTERM to 3 excess workers.
[2015/11/04 11:37:44.108] (ERROR) "/var/data/RVKzJ81048.xml": No such file or directory (ENOENT)
[2015/11/04 11:37:44.108] (INFO) User "sbo7091" logged out.
[2015/11/04 11:37:44.108] (INFO) .evian ylbirret si emehcs otpyrc ym neht ,siht daer nac uoy fI
[2015/11/04 11:37:44.108] (INFO) Your mother called. She says you never call her.
[2015/11/04 11:37:44.108] (INFO) Pinging watchdog timer process: Process is alive.
[2015/11/04 11:37:44.108] (INFO) Flushed 21 buffers to disk.
[2015/11/04 11:37:44.108] (ERROR) User "xmg6372" failed to log in 3 times. Disabling account.
[2015/11/04 11:37:44.108] (INFO) Alien monitor (aliend): Detected no space aliens.
[2015/11/04 11:37:44.108] (INFO) Network heartbeat check: All OK.
[2015/11/04 11:37:44.108] (INFO) User "ife6789" logged out due to inactivity (timeout=30 minutes).
[2015/11/04 11:37:44.108] (INFO) User "wuk1358" logged out due to inactivity (timeout=30 minutes).
[2015/11/04 11:37:44.108] (ERROR) Device 0xa8e7 is offline
[2015/11/04 11:37:44.108] (INFO) .evian ylbirret si emehcs otpyrc ym neht ,siht daer nac uoy fI
[2015/11/04 11:37:44.108] (INFO) Network heartbeat check: All OK.
[2015/11/04 11:37:44.108] (WARN) Network heartbeat check: 3 server(s) did not respond.
[2015/11/04 11:37:44.108] (INFO) Checked file systems for errors: All filesystems OK.
[2015/11/04 11:37:44.108] (INFO) Your mother called. She says you never call her.
[2015/11/04 11:37:44.108] (INFO) Device 0x93ae is online.
[2015/11/04 11:37:44.108] (INFO) Waiting for worker process (PID 56488) to die.
[2015/11/04 11:37:44.108] (INFO) Backed up all server logs.
[2015/11/04 11:37:44.108] (WARN) Unable to ping supervisor at 172.16.174.204. Retrying.
[2015/11/04 11:37:44.108] (ERROR) Device 0xc99c is offline
[2015/11/04 11:37:44.108] (INFO) User "uab3280" logged out.
[2015/11/04 11:37:44.108] (INFO) Backed up all server logs.
[2015/11/04 11:37:44.108] (INFO) Sending SIGTERM to 2 excess workers.
[2015/11/04 11:37:44.108] (INFO) User "uxi5289" logged out.
[2015/11/04 11:37:44.108] (WARN) Unable to ping supervisor at 192.168.14.118. Retrying.
[2015/11/04 11:37:44.108] (INFO) Checked file systems for errors: All filesystems OK.
[2015/11/04 11:37:44.108] (INFO) Checked file systems for errors: All filesystems OK.
[2015/11/04 11:37:44.108] (INFO) Backed up all server logs.
[2015/11/04 11:37:44.108] (INFO) Your mother called. She says you never call her.
[2015/11/04 11:37:44.108] (INFO) Alien monitor (aliend): Detected no space aliens.
[2015/11/04 11:37:44.108] (INFO) Sending SIGTERM to 4 excess workers.
[2015/11/04 11:37:44.108] (INFO) Checked file systems for errors: All filesystems OK.
[2015/11/04 11:37:44.108] (INFO) Network heartbeat check: All OK.
[2015/11/04 11:37:44.108] (INFO) Checked file systems for errors: All filesystems OK.
[2015/11/04 11:37:44.108] (INFO) User "cvy1584" logged out due to inactivity (timeout=30 minutes).
[2015/11/04 11:37:44.108] (INFO) Flushed 61 buffers to disk.
[2015/11/04 11:37:44.108] (INFO) Flushed 83 buffers to disk.
[2015/11/04 11:37:44.108] (WARN) Ignoring SIGTERM. It's not that easy to get rid of me.
[2015/11/04 11:37:44.108] (INFO) Rolling 6 log file(s)...
[2015/11/04 11:37:44.108] (INFO) Your mother called. She says you never call her.
[2015/11/04 11:37:44.108] (ERROR) EFOODFAIL (Waiter, there's a fly in my soup).
[2015/11/04 11:37:44.108] (INFO) Device 0x2e92 is online.
[2015/11/04 11:37:44.108] (INFO) Network heartbeat check: All OK.
[2015/11/04 11:37:44.108] (INFO) Alien monitor (aliend): Detected no space aliens.
[2015/11/04 11:37:44.108] (INFO) Backed up all server logs.
[2015/11/04 11:37:44.108] (WARN) Retrying server log checkpoint.
[2015/11/04 11:37:44.108] (INFO) Network heartbeat check: All OK.
[2015/11/04 11:37:44.108] (INFO) Backed up all server logs.
[2015/11/04 11:37:44.108] (ERROR) Failed to write checkpoint file "/var/checkpoint/Bmjwm74844: No space left on device (ENOSPC)
[2015/11/04 11:37:44.108] (INFO) Supervisor has entered RUNNING state.
[2015/11/04 11:37:44.108] (INFO) Checked file systems for errors: All filesystems OK.
[2015/11/04 11:37:44.108] (INFO) Checkpointing off-heap server memory...
[2015/11/04 11:37:44.108] (INFO) Checked file systems for errors: All filesystems OK.
[2015/11/04 11:37:44.108] (INFO) Rolling 7 log file(s)...
[2015/11/04 11:37:44.108] (ERROR) Detected clock skew! Restarting NTP server.
[2015/11/04 11:37:44.108] (INFO) Device 0xa690 is online.
[2015/11/04 11:37:44.108] (WARN) There is no such thing as a free lunch.
[2015/11/04 11:37:44.108] (INFO) Pinging watchdog timer process: Process is alive.
[2015/11/04 11:37:44.108] (ERROR) Unable to mount /dev/sda3. (Time to run fsck?)
[2015/11/04 11:37:44.108] (INFO) .evian ylbirret si emehcs otpyrc ym neht ,siht daer nac uoy fI
[2015/11/04 11:37:44.108] (INFO) Flushed 49 buffers to disk.
[2015/11/04 11:37:44.108] (WARN) Dropped 5,828 corrupt data packets.
[2015/11/04 11:37:44.108] (ERROR) Connection to 10.159.223.204 terminated unexpectedly. Reconnecting.
[2015/11/04 11:37:44.108] (INFO) Checkpointing off-heap server memory...
[2015/11/04 11:37:44.108] (INFO) Your mother called. She says you never call her.
[2015/11/04 11:37:44.108] (INFO) Supervisor has entered SUSPENDED state.
[2015/11/04 11:37:44.108] (ERROR) Failed to open "/mnt/fileserver01/Ciwfd93051.parquet": NFS timeout.
[2015/11/04 11:37:44.108] (INFO) Alien monitor (aliend): Detected no space aliens.
[2015/11/04 11:37:44.108] (INFO) Your mother called. She says you never call her.
[2015/11/04 11:37:44.108] (WARN) There is no such thing as a free lunch.
[2015/11/04 11:37:44.108] (INFO) Flushed 37 buffers to disk.
[2015/11/04 11:37:44.108] (INFO) Sending SIGTERM to 2 excess workers.
[2015/11/04 11:37:44.108] (INFO) Rolling 6 log file(s)...
[2015/11/04 11:37:44.108] (INFO) Device 0xbfa6 is online.
[2015/11/04 11:37:44.108] (INFO) Checkpointing off-heap server memory...
[2015/11/04 11:37:44.108] (INFO) User "uem2520" logged out due to inactivity (timeout=30 minutes).
[2015/11/04 11:37:44.108] (INFO) Network heartbeat check: All OK.
[2015/11/04 11:37:44.108] (INFO) Device 0x62b3 is online.
[2015/11/04 11:37:44.108] (INFO) Supervisor has entered WAITING state.
[2015/11/04 11:37:44.108] (INFO) User "ktg9430" logged in from 192.168.173.134.
[2015/11/04 11:37:44.108] (INFO) Alien monitor (aliend): Detected no space aliens.
[2015/11/04 11:37:44.108] (WARN) Watchdog timer crashed. Restarting it.
[2015/11/04 11:37:44.108] (INFO) User "nfj2222" logged out due to inactivity (timeout=30 minutes).
[2015/11/04 11:37:44.108] (INFO) Backed up all server logs.
[2015/11/04 11:37:44.108] (INFO) Waiting for master process (PID 46258) to die.
[2015/11/04 11:37:44.108] (INFO) User "zlx6335" logged in from 10.233.129.98.
[2015/11/04 11:37:44.108] (INFO) Checkpointing off-heap server memory...
[2015/11/04 11:37:44.108] (INFO) Device 0x0382 is online.
[2015/11/04 11:37:44.108] (INFO) Pinging watchdog timer process: Process is alive.
[2015/11/04 11:37:44.108] (INFO) Sending SIGTERM to 3 excess workers.
[2015/11/04 11:37:44.108] (INFO) Device 0x4516 is online.
[2015/11/04 11:37:44.108] (INFO) Flushed 82 buffers to disk.
[2015/11/04 11:37:44.108] (INFO) Alien monitor (aliend): Detected no space aliens.
[2015/11/04 11:37:44.108] (INFO) Flushed 40 buffers to disk.
[2015/11/04 11:37:44.108] (INFO) Waiting for master process (PID 53369) to die.
[2015/11/04 11:37:44.108] (INFO) Device 0xe12a is online.
[2015/11/04 11:37:44.108] (INFO) Network heartbeat check: All OK.
[2015/11/04 11:37:44.108] (ERROR) Alien monitor (aliend): 3 space aliens are fiddling with the hardware!
[2015/11/04 11:37:44.608] (INFO) Flushed 66 buffers to disk.
[2015/11/04 11:37:44.608] (INFO) Flushed 43 buffers to disk.
[2015/11/04 11:37:44.608] (INFO) Pinging watchdog timer process: Process is alive.
[2015/11/04 11:37:44.608] (INFO) Supervisor has entered RESTARTING state.
[2015/11/04 11:37:44.608] (INFO) Pinging watchdog timer process: Process is alive.
[2015/11/04 11:37:44.608] (INFO) Sending SIGTERM to 3 excess workers.
[2015/11/04 11:37:44.608] (INFO) Sending SIGTERM to 2 excess workers.
[2015/11/04 11:37:44.608] (INFO) Network heartbeat check: All OK.
[2015/11/04 11:37:44.608] (INFO) Waiting for master process (PID 5048) to die.
[2015/11/04 11:37:44.608] (ERROR) Unable to mount /dev/sdd4. (Time to run fsck?)
[2015/11/04 11:37:44.608] (INFO) Network heartbeat check: All OK.
[2015/11/04 11:37:44.608] (ERROR) "/var/data/YBQVJ71650.tar.gz": No such file or directory (ENOENT)
[2015/11/04 11:37:44.608] (INFO) Supervisor has entered SUSPENDED state.
[2015/11/04 11:37:44.608] (INFO) User "jea3229" logged out.
[2015/11/04 11:37:44.608] (INFO) User "lpe6098" logged in from 172.16.234.51.
[2015/11/04 11:37:44.608] (INFO) Supervisor has entered RUNNING state.
[2015/11/04 11:37:44.608] (INFO) Checkpointing off-heap server memory...
[2015/11/04 11:37:44.608] (INFO) Checked file systems for errors: All filesystems OK.
[2015/11/04 11:37:44.608] (INFO) Alien monitor (aliend): Detected no space aliens.
[2015/11/04 11:37:44.608] (WARN) Dropped 11,483 corrupt data packets.
[2015/11/04 11:37:44.608] (INFO) Network heartbeat check: All OK.
[2015/11/04 11:37:44.608] (INFO) User "fov5064" logged in from 172.16.117.32.
[2015/11/04 11:37:44.608] (ERROR) Connection to 10.82.250.195 terminated unexpectedly. Reconnecting.
[2015/11/04 11:37:44.608] (INFO) Flushed 58 buffers to disk.
[2015/11/04 11:37:44.608] (INFO) Pinging watchdog timer process: Process is alive.
[2015/11/04 11:37:44.608] (INFO) .evian ylbirret si emehcs otpyrc ym neht ,siht daer nac uoy fI
[2015/11/04 11:37:44.608] (INFO) Rolling 5 log file(s)...
[2015/11/04 11:37:44.608] (INFO) Pinging watchdog timer process: Process is alive.
[2015/11/04 11:37:44.608] (INFO) .evian ylbirret si emehcs otpyrc ym neht ,siht daer nac uoy fI
[2015/11/04 11:37:44.608] (INFO) .evian ylbirret si emehcs otpyrc ym neht ,siht daer nac uoy fI
[2015/11/04 11:37:44.608] (INFO) Waiting for master process (PID 30511) to die.
[2015/11/04 11:37:44.608] (INFO) Flushed 49 buffers to disk.
[2015/11/04 11:37:44.608] (INFO) Backed up all server logs.
[2015/11/04 11:37:44.608] (INFO) .evian ylbirret si emehcs otpyrc ym neht ,siht daer nac uoy fI
[2015/11/04 11:37:44.608] (INFO) .evian ylbirret si emehcs otpyrc ym neht ,siht daer nac uoy fI
[2015/11/04 11:37:44.608] (INFO) Your mother called. She says you never call her.
[2015/11/04 11:37:44.608] (ERROR) Connection to 172.16.219.236 terminated unexpectedly. Reconnecting.
[2015/11/04 11:37:44.608] (WARN) Unable to ping worker at 192.168.66.54. Retrying.
[2015/11/04 11:37:44.608] (INFO) Rolling 1 log file(s)...
[2015/11/04 11:37:44.608] (INFO) Checkpointing off-heap server memory...
[2015/11/04 11:37:44.608] (INFO) Network heartbeat check: All OK.
[2015/11/04 11:37:44.608] (INFO) .evian ylbirret si emehcs otpyrc ym neht ,siht daer nac uoy fI
[2015/11/04 11:37:44.608] (INFO) Checked file systems for errors: All filesystems OK.
[2015/11/04 11:37:44.608] (INFO) Alien monitor (aliend): Detected no space aliens.
[2015/11/04 11:37:44.608] (INFO) Device 0x5e8d is online.
[2015/11/04 11:37:44.608] (INFO) Waiting for master process (PID 54494) to die.
[2015/11/04 11:37:44.608] (INFO) Sending SIGTERM to 2 excess workers.
[2015/11/04 11:37:44.608] (INFO) Rolling 2 log file(s)...
[2015/11/04 11:37:44.608] (INFO) Network heartbeat check: All OK.
[2015/11/04 11:37:44.608] (INFO) Alien monitor (aliend): Detected no space aliens.
[2015/11/04 11:37:44.608] (INFO) Alien monitor (aliend): Detected no space aliens.
[2015/11/04 11:37:44.608] (INFO) User "xqs4593" logged out due to inactivity (timeout=30 minutes).
[2015/11/04 11:37:44.608] (INFO) Checkpointing off-heap server memory...
[2015/11/04 11:37:44.608] (INFO) Supervisor has entered SUSPENDED state.
[2015/11/04 11:37:44.608] (INFO) Supervisor has entered RUNNING state.
[2015/11/04 11:37:44.608] (ERROR) Detected incoming DDoS from 192.168.125.55.
[2015/11/04 11:37:44.608] (INFO) Backed up all server logs.
[2015/11/04 11:37:44.608] (INFO) Supervisor has entered WAITING state.
[2015/11/04 11:37:44.608] (INFO) Checked file systems for errors: All filesystems OK.
[2015/11/04 11:37:44.608] (INFO) Supervisor has entered RUNNING state.
[2015/11/04 11:37:44.608] (INFO) Pinging watchdog timer process: Process is alive.
[2015/11/04 11:37:44.608] (INFO) Device 0x8352 is online.
[2015/11/04 11:37:44.608] (INFO) Device 0x0f33 is online.
[2015/11/04 11:37:44.608] (INFO) Device 0x7cfc is online.
[2015/11/04 11:37:44.608] (INFO) Rolling 9 log file(s)...
[2015/11/04 11:37:44.608] (WARN) There is no such thing as a free lunch.
[2015/11/04 11:37:44.608] (WARN) Backup server 192.168.246.66 is offline.
[2015/11/04 11:37:44.608] (INFO) User "yva6582" logged out due to inactivity (timeout=30 minutes).
[2015/11/04 11:37:44.608] (WARN) Dropped 9,394 corrupt data packets.
[2015/11/04 11:37:44.608] (INFO) Rolling 4 log file(s)...
[2015/11/04 11:37:44.608] (INFO) Waiting for worker process (PID 13827) to die.
[2015/11/04 11:37:44.608] (INFO) User "gfp5917" logged out due to inactivity (timeout=30 minutes).
[2015/11/04 11:37:44.608] (INFO) Alien monitor (aliend): Detected no space aliens.
[2015/11/04 11:37:44.608] (INFO) Your mother called. She says you never call her.
[2015/11/04 11:37:44.608] (INFO) Alien monitor (aliend): Detected no space aliens.
[2015/11/04 11:37:44.608] (INFO) User "vme7503" logged in from 192.168.125.20.
[2015/11/04 11:37:44.608] (INFO) Alien monitor (aliend): Detected no space aliens.
[2015/11/04 11:37:44.608] (WARN) There is no such thing as a free lunch.
[2015/11/04 11:37:44.608] (INFO) Pinging watchdog timer process: Process is alive.
[2015/11/04 11:37:44.608] (INFO) Flushed 61 buffers to disk.
[2015/11/04 11:37:44.608] (INFO) Checkpointing off-heap server memory...
[2015/11/04 11:37:44.608] (INFO) Rolling 6 log file(s)...
[2015/11/04 11:37:44.608] (INFO) Flushed 76 buffers to disk.
[2015/11/04 11:37:44.608] (INFO) Supervisor has entered SUSPENDED state.
[2015/11/04 11:37:44.608] (INFO) Network heartbeat check: All OK.
[2015/11/04 11:37:44.608] (ERROR) Network heartbeat check FAILED: Master host down?
[2015/11/04 11:37:44.608] (INFO) Backed up all server logs.
[2015/11/04 11:37:44.608] (INFO) Flushed 57 buffers to disk.
[2015/11/04 11:37:44.608] (INFO) Rolling 4 log file(s)...
[2015/11/04 11:37:44.608] (INFO) Sending SIGTERM to 4 excess workers.
[2015/11/04 11:37:44.608] (WARN) Dropped 548 corrupt data packets.
[2015/11/04 11:37:44.608] (INFO) User "jhu2086" logged out due to inactivity (timeout=30 minutes).
[2015/11/04 11:37:44.608] (INFO) Flushed 22 buffers to disk.
[2015/11/04 11:37:44.608] (INFO) Waiting for worker process (PID 25026) to die.
[2015/11/04 11:37:44.608] (INFO) Rolling 6 log file(s)...
[2015/11/04 11:37:44.608] (INFO) Supervisor has entered SUSPENDED state.
[2015/11/04 11:37:44.608] (INFO) User "wzf6312" logged out due to inactivity (timeout=30 minutes).
[2015/11/04 11:37:44.608] (WARN) There is no such thing as a free lunch.
[2015/11/04 11:37:44.608] (INFO) User "umq6595" logged out.
[2015/11/04 11:37:44.608] (ERROR) Device 0xb6e1 is offline
[2015/11/04 11:37:45.108] (INFO) Waiting for supervisor process (PID 19207) to die.
[2015/11/04 11:37:45.108] (INFO) User "dai2977" logged out due to inactivity (timeout=30 minutes).
[2015/11/04 11:37:45.108] (WARN) Backup server 172.16.173.120 is offline.
[2015/11/04 11:37:45.108] (INFO) Pinging watchdog timer process: Process is alive.
[2015/11/04 11:37:45.108] (ERROR) One of the flayrods has gone out askew on treadle.
[2015/11/04 11:37:45.108] (INFO) Waiting for worker process (PID 54277) to die.
[2015/11/04 11:37:45.108] (INFO) User "xhm1384" logged out due to inactivity (timeout=30 minutes).
[2015/11/04 11:37:45.108] (WARN) Watchdog timer crashed. Restarting it.
[2015/11/04 11:37:45.108] (INFO) Flushed 91 buffers to disk.
[2015/11/04 11:37:45.108] (WARN) Possible cyber-attack from Russia.
[2015/11/04 11:37:45.108] (INFO) Rolling 9 log file(s)...
[2015/11/04 11:37:45.108] (INFO) Alien monitor (aliend): Detected no space aliens.
[2015/11/04 11:37:45.108] (INFO) User "ive3971" logged in from 10.54.35.66.
[2015/11/04 11:37:45.108] (WARN) Dropped 7,926 corrupt data packets.
[2015/11/04 11:37:45.108] (INFO) Checkpointing off-heap server memory...
[2015/11/04 11:37:45.108] (INFO) Rolling 7 log file(s)...
[2015/11/04 11:37:45.108] (INFO) Your mother called. She says you never call her.
[2015/11/04 11:37:45.108] (WARN) Network heartbeat check: 16 server(s) did not respond.
[2015/11/04 11:37:45.108] (INFO) Pinging watchdog timer process: Process is alive.
[2015/11/04 11:37:45.108] (WARN) Dropped 6,240 corrupt data packets.
[2015/11/04 11:37:45.108] (INFO) Your mother called. She says you never call her.
[2015/11/04 11:37:45.108] (INFO) Flushed 22 buffers to disk.
[2015/11/04 11:37:45.108] (INFO) Waiting for supervisor process (PID 48677) to die.
[2015/11/04 11:37:45.108] (INFO) Waiting for supervisor process (PID 63917) to die.
[2015/11/04 11:37:45.108] (INFO) Waiting for supervisor process (PID 33494) to die.
[2015/11/04 11:37:45.108] (ERROR) Blocked nmap traffic originating from 172.16.132.246.
[2015/11/04 11:37:45.108] (INFO) Pinging watchdog timer process: Process is alive.
[2015/11/04 11:37:45.108] (INFO) Rolling 1 log file(s)...
[2015/11/04 11:37:45.108] (INFO) Alien monitor (aliend): Detected no space aliens.
[2015/11/04 11:37:45.108] (WARN) There is no such thing as a free lunch.
[2015/11/04 11:37:45.108] (INFO) Your mother called. She says you never call her.
[2015/11/04 11:37:45.108] (INFO) Rolling 3 log file(s)...
[2015/11/04 11:37:45.108] (INFO) Your mother called. She says you never call her.
[2015/11/04 11:37:45.108] (ERROR) Unable to mount /dev/sdc1. (Time to run fsck?)
[2015/11/04 11:37:45.108] (INFO) Checkpointing off-heap server memory...
[2015/11/04 11:37:45.108] (ERROR) Worker 8 died with SIGSEGV. Restarting it.
[2015/11/04 11:37:45.108] (INFO) .evian ylbirret si emehcs otpyrc ym neht ,siht daer nac uoy fI
[2015/11/04 11:37:45.108] (INFO) Alien monitor (aliend): Detected no space aliens.
[2015/11/04 11:37:45.108] (INFO) Alien monitor (aliend): Detected no space aliens.
[2015/11/04 11:37:45.108] (INFO) Checkpointing off-heap server memory...
[2015/11/04 11:37:45.108] (INFO) Pinging watchdog timer process: Process is alive.
[2015/11/04 11:37:45.108] (INFO) Checked file systems for errors: All filesystems OK.
[2015/11/04 11:37:45.108] (INFO) User "bad2765" logged out.
[2015/11/04 11:37:45.108] (INFO) Network heartbeat check: All OK.
[2015/11/04 11:37:45.108] (INFO) User "jkj3830" logged in from 172.16.117.105.
[2015/11/04 11:37:45.108] (INFO) Flushed 84 buffers to disk.
[2015/11/04 11:37:45.108] (INFO) Flushed 74 buffers to disk.
[2015/11/04 11:37:45.108] (INFO) Flushed 83 buffers to disk.
[2015/11/04 11:37:45.108] (INFO) Rolling 9 log file(s)...
[2015/11/04 11:37:45.108] (INFO) Sending SIGTERM to 2 excess workers.
[2015/11/04 11:37:45.108] (INFO) User "zkp9585" logged in from 172.16.237.192.
[2015/11/04 11:37:45.108] (INFO) Your mother called. She says you never call her.
[2015/11/04 11:37:45.108] (ERROR) EFOODFAIL (Waiter, there's a fly in my soup).
[2015/11/04 11:37:45.108] (INFO) Device 0x24cf is online.
[2015/11/04 11:37:45.108] (INFO) User "hmc4471" logged in from 172.16.16.17.
[2015/11/04 11:37:45.108] (INFO) Your mother called. She says you never call her.
[2015/11/04 11:37:45.108] (INFO) Waiting for supervisor process (PID 60392) to die.
[2015/11/04 11:37:45.108] (INFO) Checkpointing off-heap server memory...
[2015/11/04 11:37:45.108] (INFO) User "skn3994" logged out.
[2015/11/04 11:37:45.108] (INFO) Waiting for worker process (PID 39920) to die.
[2015/11/04 11:37:45.108] (INFO) User "xle1893" logged out due to inactivity (timeout=30 minutes).
[2015/11/04 11:37:45.108] (INFO) Network heartbeat check: All OK.
[2015/11/04 11:37:45.108] (WARN) Ignoring SIGTERM. It's not that easy to get rid of me.
[2015/11/04 11:37:45.108] (INFO) Backed up all server logs.
[2015/11/04 11:37:45.108] (INFO) User "ffz5668" logged in from 172.16.45.131.
[2015/11/04 11:37:45.108] (WARN) Dropped 9,533 corrupt data packets.
[2015/11/04 11:37:45.108] (INFO) User "bgj1934" logged out.
[2015/11/04 11:37:45.108] (INFO) Network heartbeat check: All OK.
[2015/11/04 11:37:45.108] (ERROR) User "hhl9718" failed to log in 3 times. Disabling account.
[2015/11/04 11:37:45.108] (WARN) Backup server 192.168.104.176 is offline.
[2015/11/04 11:37:45.108] (INFO) .evian ylbirret si emehcs otpyrc ym neht ,siht daer nac uoy fI
[2015/11/04 11:37:45.108] (ERROR) Detected incoming DDoS from 192.168.166.179.
[2015/11/04 11:37:45.108] (ERROR) Directory index of "/var/data" is forbidden.
[2015/11/04 11:37:45.108] (INFO) User "nrm6075" logged in from 172.16.145.120.
[2015/11/04 11:37:45.108] (ERROR) Directory index of "/var/data" is forbidden.
[2015/11/04 11:37:45.108] (WARN) Network heartbeat check: 4 server(s) did not respond.
[2015/11/04 11:37:45.108] (INFO) Your mother called. She says you never call her.
[2015/11/04 11:37:45.108] (INFO) Waiting for master process (PID 59866) to die.
[2015/11/04 11:37:45.108] (ERROR) EFOODFAIL (Waiter, there's a fly in my soup).
[2015/11/04 11:37:45.108] (INFO) User "evk2058" logged out due to inactivity (timeout=30 minutes).
[2015/11/04 11:37:45.108] (INFO) Network heartbeat check: All OK.
[2015/11/04 11:37:45.108] (INFO) Rolling 7 log file(s)...
[2015/11/04 11:37:45.108] (ERROR) One of the flayrods has gone out askew on treadle.
[2015/11/04 11:37:45.108] (INFO) Flushed 27 buffers to disk.
[2015/11/04 11:37:45.108] (WARN) Ignoring SIGTERM. It's not that easy to get rid of me.
[2015/11/04 11:37:45.108] (INFO) Your mother called. She says you never call her.
[2015/11/04 11:37:45.108] (INFO) Network heartbeat check: All OK.
[2015/11/04 11:37:45.108] (INFO) Rolling 3 log file(s)...
[2015/11/04 11:37:45.108] (INFO) User "wuq7991" logged out due to inactivity (timeout=30 minutes).
[2015/11/04 11:37:45.108] (INFO) Pinging watchdog timer process: Process is alive.
[2015/11/04 11:37:45.108] (INFO) Network heartbeat check: All OK.
[2015/11/04 11:37:45.108] (INFO) Checked file systems for errors: All filesystems OK.
[2015/11/04 11:37:45.108] (INFO) User "qrw8703" logged out.
[2015/11/04 11:37:45.108] (INFO) Pinging watchdog timer process: Process is alive.
[2015/11/04 11:37:45.108] (INFO) Network heartbeat check: All OK.
[2015/11/04 11:37:45.108] (WARN) Dropped 1,114 corrupt data packets.
[2015/11/04 11:37:45.108] (WARN) Ignoring SIGTERM. It's not that easy to get rid of me.
[2015/11/04 11:37:45.108] (INFO) Checked file systems for errors: All filesystems OK.
[2015/11/04 11:37:45.108] (INFO) Supervisor has entered RUNNING state.
[2015/11/04 11:37:45.108] (INFO) Flushed 64 buffers to disk.
[2015/11/04 11:37:45.608] (INFO) Network heartbeat check: All OK.
[2015/11/04 11:37:45.608] (INFO) Checked file systems for errors: All filesystems OK.
[2015/11/04 11:37:45.608] (INFO) Waiting for supervisor process (PID 41830) to die.
[2015/11/04 11:37:45.608] (WARN) Ignoring SIGTERM. It's not that easy to get rid of me.
[2015/11/04 11:37:45.608] (INFO) Alien monitor (aliend): Detected no space aliens.
[2015/11/04 11:37:45.608] (INFO) Device 0x597b is online.
[2015/11/04 11:37:45.608] (WARN) Possible cyber-attack from a small unnamed island.
[2015/11/04 11:37:45.608] (INFO) Checked file systems for errors: All filesystems OK.
[2015/11/04 11:37:45.608] (INFO) Device 0x31bb is online.
[2015/11/04 11:37:45.608] (WARN) Ignoring SIGTERM. It's not that easy to get rid of me.
[2015/11/04 11:37:45.608] (WARN) Master took 550 ms to respond (threshold=500 ms)
[2015/11/04 11:37:45.608] (ERROR) EFOODFAIL (Waiter, there's a fly in my soup).
[2015/11/04 11:37:45.608] (INFO) Sending SIGTERM to 4 excess workers.
[2015/11/04 11:37:45.608] (INFO) Backed up all server logs.
[2015/11/04 11:37:45.608] (INFO) User "qup6718" logged in from 10.119.115.38.
[2015/11/04 11:37:45.608] (ERROR) Blocked Little Bobby Tables attack (https://xkcd.com/327/) from 172.16.70.77.
[2015/11/04 11:37:45.608] (INFO) Network heartbeat check: All OK.
[2015/11/04 11:37:45.608] (INFO) .evian ylbirret si emehcs otpyrc ym neht ,siht daer nac uoy fI
[2015/11/04 11:37:45.608] (INFO) Device 0x59bd is online.
[2015/11/04 11:37:45.608] (INFO) Checkpointing off-heap server memory...
[2015/11/04 11:37:45.608] (INFO) Alien monitor (aliend): Detected no space aliens.
[2015/11/04 11:37:45.608] (INFO) Device 0x0d22 is online.
[2015/11/04 11:37:45.608] (INFO) Flushed 88 buffers to disk.
[2015/11/04 11:37:45.608] (ERROR) Server log backup FAILED. See backup logs.
[2015/11/04 11:37:45.608] (ERROR) Blocked Little Bobby Tables attack (https://xkcd.com/327/) from 192.168.185.122.
[2015/11/04 11:37:45.608] (INFO) Checkpointing off-heap server memory...
[2015/11/04 11:37:45.608] (ERROR) Device 0x44c5 is offline
[2015/11/04 11:37:45.608] (INFO) Checkpointing off-heap server memory...
[2015/11/04 11:37:45.608] (INFO) User "lvk7361" logged in from 10.137.130.9.
[2015/11/04 11:37:45.608] (INFO) Sending SIGTERM to 3 excess workers.
[2015/11/04 11:37:45.608] (INFO) Flushed 93 buffers to disk.
[2015/11/04 11:37:45.608] (WARN) Possible cyber-attack from Nebraska.
[2015/11/04 11:37:45.608] (INFO) User "zfr9152" logged in from 10.110.87.217.
[2015/11/04 11:37:45.608] (ERROR) User "pqy5723" failed to log in 3 times. Disabling account.
[2015/11/04 11:37:45.608] (INFO) Checkpointing off-heap server memory...
[2015/11/04 11:37:45.608] (INFO) User "fhb8897" logged out due to inactivity (timeout=30 minutes).
[2015/11/04 11:37:45.608] (INFO) Waiting for monitor process (PID 7938) to die.
[2015/11/04 11:37:45.608] (INFO) Waiting for worker process (PID 10936) to die.
[2015/11/04 11:37:45.608] (INFO) Device 0x902b is online.
[2015/11/04 11:37:45.608] (INFO) .evian ylbirret si emehcs otpyrc ym neht ,siht daer nac uoy fI
[2015/11/04 11:37:45.608] (INFO) Waiting for monitor process (PID 62331) to die.
[2015/11/04 11:37:45.608] (WARN) Unable to ping monitor at 192.168.241.95. Retrying.
[2015/11/04 11:37:45.608] (INFO) Network heartbeat check: All OK.
[2015/11/04 11:37:45.608] (INFO) Sending SIGTERM to 3 excess workers.
[2015/11/04 11:37:45.608] (WARN) Ignoring SIGTERM. It's not that easy to get rid of me.
[2015/11/04 11:37:45.608] (INFO) Supervisor has entered WAITING state.
[2015/11/04 11:37:45.608] (INFO) Checkpointing off-heap server memory...
[2015/11/04 11:37:45.608] (INFO) .evian ylbirret si emehcs otpyrc ym neht ,siht daer nac uoy fI
[2015/11/04 11:37:45.608] (INFO) Checked file systems for errors: All filesystems OK.
[2015/11/04 11:37:45.608] (INFO) User "hgz9076" logged out.
[2015/11/04 11:37:45.608] (INFO) .evian ylbirret si emehcs otpyrc ym neht ,siht daer nac uoy fI
[2015/11/04 11:37:45.608] (INFO) .evian ylbirret si emehcs otpyrc ym neht ,siht daer nac uoy fI
[2015/11/04 11:37:45.608] (INFO) User "eyd2116" logged out due to inactivity (timeout=30 minutes).
[2015/11/04 11:37:45.608] (INFO) User "tpb4284" logged out.
[2015/11/04 11:37:45.608] (INFO) User "xca4477" logged in from 192.168.13.85.
[2015/11/04 11:37:45.608] (INFO) Your mother called. She says you never call her.
[2015/11/04 11:37:45.608] (INFO) User "rci1591" logged in from 10.234.53.111.
[2015/11/04 11:37:45.608] (INFO) .evian ylbirret si emehcs otpyrc ym neht ,siht daer nac uoy fI
[2015/11/04 11:37:45.608] (INFO) User "ish6476" logged in from 192.168.46.75.
[2015/11/04 11:37:45.608] (INFO) Network heartbeat check: All OK.
[2015/11/04 11:37:45.608] (INFO) Checkpointing off-heap server memory...
[2015/11/04 11:37:45.608] (INFO) User "kjh7715" logged out.
[2015/11/04 11:37:45.608] (INFO) Flushed 56 buffers to disk.
[2015/11/04 11:37:45.608] (ERROR) Detected clock skew! Restarting NTP server.
[2015/11/04 11:37:45.608] (WARN) Possible cyber-attack from a small unnamed island.
[2015/11/04 11:37:45.608] (WARN) Space on disk /dev/sdd1 is low: Only 874 MB available.
[2015/11/04 11:37:45.608] (INFO) User "jvi1992" logged in from 192.168.151.76.
[2015/11/04 11:37:45.608] (INFO) Sending SIGTERM to 2 excess workers.
[2015/11/04 11:37:45.608] (WARN) Retrying server log checkpoint.
[2015/11/04 11:37:45.608] (INFO) Flushed 84 buffers to disk.
[2015/11/04 11:37:45.608] (INFO) User "woc3239" logged in from 192.168.142.250.
[2015/11/04 11:37:45.608] (ERROR) CPU temperature exceeds 50º Celsius. Shutting down.
[2015/11/04 11:37:45.608] (INFO) Your mother called. She says you never call her.
[2015/11/04 11:37:45.608] (ERROR) /dev/lp error: "PC LOAD LETTER"
[2015/11/04 11:37:45.608] (WARN) CPU temperature exceeds 40º Celsius.
[2015/11/04 11:37:45.608] (INFO) Backed up all server logs.
[2015/11/04 11:37:45.608] (INFO) Rolling 1 log file(s)...
[2015/11/04 11:37:45.608] (INFO) Checked file systems for errors: All filesystems OK.
[2015/11/04 11:37:45.608] (INFO) Pinging watchdog timer process: Process is alive.
[2015/11/04 11:37:45.608] (INFO) Rolling 3 log file(s)...
[2015/11/04 11:37:45.608] (INFO) User "sop9310" logged out due to inactivity (timeout=30 minutes).
[2015/11/04 11:37:45.608] (INFO) Supervisor has entered RUNNING state.
[2015/11/04 11:37:45.608] (INFO) Sending SIGTERM to 3 excess workers.
[2015/11/04 11:37:45.608] (INFO) Checked file systems for errors: All filesystems OK.
[2015/11/04 11:37:45.608] (INFO) Checkpointing off-heap server memory...
[2015/11/04 11:37:45.608] (INFO) Alien monitor (aliend): Detected no space aliens.
[2015/11/04 11:37:45.608] (INFO) Alien monitor (aliend): Detected no space aliens.
[2015/11/04 11:37:45.608] (INFO) Checkpointing off-heap server memory...
[2015/11/04 11:37:45.608] (INFO) Supervisor has entered WAITING state.
[2015/11/04 11:37:45.608] (INFO) Supervisor has entered WAITING state.
[2015/11/04 11:37:45.608] (ERROR) "/var/data/VhAdK80296.txt": No such file or directory (ENOENT)
[2015/11/04 11:37:45.608] (INFO) Alien monitor (aliend): Detected no space aliens.
[2015/11/04 11:37:45.608] (INFO) Alien monitor (aliend): Detected no space aliens.
[2015/11/04 11:37:45.608] (INFO) Checkpointing off-heap server memory...
[2015/11/04 11:37:45.608] (INFO) Backed up all server logs.
[2015/11/04 11:37:45.608] (INFO) Backed up all server logs.
[2015/11/04 11:37:45.608] (INFO) User "jky1627" logged out.
[2015/11/04 11:37:45.608] (INFO) User "ypa7270" logged in from 172.16.176.54.
[2015/11/04 11:37:45.608] (WARN) Dropped 9,828 corrupt data packets.
[2015/11/04 11:37:45.608] (INFO) Network heartbeat check: All OK.
[2015/11/04 11:37:46.107] (INFO) Flushed 73 buffers to disk.
[2015/11/04 11:37:46.107] (INFO) Rolling 1 log file(s)...
[2015/11/04 11:37:46.107] (INFO) Rolling 9 log file(s)...
[2015/11/04 11:37:46.107] (INFO) Checked file systems for errors: All filesystems OK.
[2015/11/04 11:37:46.107] (INFO) Checkpointing off-heap server memory...
[2015/11/04 11:37:46.107] (INFO) User "acp4509" logged in from 172.16.38.165.
[2015/11/04 11:37:46.107] (ERROR) CPU temperature exceeds 50º Celsius. Shutting down.
[2015/11/04 11:37:46.107] (INFO) Waiting for worker process (PID 5140) to die.
[2015/11/04 11:37:46.107] (WARN) Backup server 192.168.63.34 is offline.
[2015/11/04 11:37:46.107] (INFO) Checked file systems for errors: All filesystems OK.
[2015/11/04 11:37:46.107] (INFO) Backed up all server logs.
[2015/11/04 11:37:46.107] (INFO) Flushed 69 buffers to disk.
[2015/11/04 11:37:46.107] (INFO) User "pan4048" logged out due to inactivity (timeout=30 minutes).
[2015/11/04 11:37:46.107] (INFO) Checked file systems for errors: All filesystems OK.
[2015/11/04 11:37:46.107] (ERROR) CPU temperature exceeds 50º Celsius. Shutting down.
[2015/11/04 11:37:46.107] (ERROR) CPU temperature exceeds 50º Celsius. Shutting down.
[2015/11/04 11:37:46.107] (INFO) Alien monitor (aliend): Detected no space aliens.
[2015/11/04 11:37:46.107] (INFO) Device 0xe416 is online.
[2015/11/04 11:37:46.107] (INFO) Backed up all server logs.
[2015/11/04 11:37:46.107] (INFO) Rolling 4 log file(s)...
[2015/11/04 11:37:46.107] (WARN) Space on disk /dev/sdb3 is low: Only 147 MB available.
[2015/11/04 11:37:46.107] (ERROR) Alien monitor (aliend): 3 space aliens are fiddling with the hardware!
[2015/11/04 11:37:46.107] (ERROR) /dev/lp error: "PC LOAD LETTER"
[2015/11/04 11:37:46.107] (INFO) .evian ylbirret si emehcs otpyrc ym neht ,siht daer nac uoy fI
[2015/11/04 11:37:46.107] (INFO) User "kzv9903" logged out due to inactivity (timeout=30 minutes).
[2015/11/04 11:37:46.107] (INFO) Sending SIGTERM to 3 excess workers.
[2015/11/04 11:37:46.107] (INFO) User "cii3176" logged out due to inactivity (timeout=30 minutes).
[2015/11/04 11:37:46.107] (INFO) Supervisor has entered SUSPENDED state.
[2015/11/04 11:37:46.107] (INFO) .evian ylbirret si emehcs otpyrc ym neht ,siht daer nac uoy fI
[2015/11/04 11:37:46.107] (INFO) Sending SIGTERM to 3 excess workers.
[2015/11/04 11:37:46.107] (WARN) Ignoring SIGTERM. It's not that easy to get rid of me.
[2015/11/04 11:37:46.107] (INFO) Device 0xea97 is online.
[2015/11/04 11:37:46.107] (WARN) Possible cyber-attack from Canada.
[2015/11/04 11:37:46.107] (ERROR) Detected incoming DDoS from 192.168.25.134.
[2015/11/04 11:37:46.107] (INFO) Supervisor has entered RUNNING state.
[2015/11/04 11:37:46.107] (INFO) Network heartbeat check: All OK.
[2015/11/04 11:37:46.107] (INFO) User "azb7026" logged out.
[2015/11/04 11:37:46.107] (INFO) Checked file systems for errors: All filesystems OK.
[2015/11/04 11:37:46.107] (INFO) Sending SIGTERM to 3 excess workers.
[2015/11/04 11:37:46.107] (INFO) Sending SIGTERM to 2 excess workers.
[2015/11/04 11:37:46.107] (WARN) Network heartbeat check: 16 server(s) did not respond.
[2015/11/04 11:37:46.107] (INFO) Your mother called. She says you never call her.
[2015/11/04 11:37:46.107] (INFO) Supervisor has entered SUSPENDED state.
[2015/11/04 11:37:46.107] (INFO) Device 0xb70f is online.
[2015/11/04 11:37:46.107] (WARN) Space on disk /dev/sdb3 is low: Only 139 MB available.
[2015/11/04 11:37:46.107] (INFO) Supervisor has entered SUSPENDED state.
[2015/11/04 11:37:46.107] (INFO) Device 0xd7ef is online.
[2015/11/04 11:37:46.107] (INFO) Device 0xaf07 is online.
[2015/11/04 11:37:46.107] (INFO) Checked file systems for errors: All filesystems OK.
[2015/11/04 11:37:46.107] (WARN) Network heartbeat check: 6 server(s) did not respond.
[2015/11/04 11:37:46.107] (INFO) Flushed 88 buffers to disk.
[2015/11/04 11:37:46.107] (INFO) Waiting for worker process (PID 63040) to die.
[2015/11/04 11:37:46.107] (WARN) Ignoring SIGTERM. It's not that easy to get rid of me.
[2015/11/04 11:37:46.107] (INFO) Pinging watchdog timer process: Process is alive.
[2015/11/04 11:37:46.107] (INFO) Network heartbeat check: All OK.
[2015/11/04 11:37:46.108] (INFO) Alien monitor (aliend): Detected no space aliens.
[2015/11/04 11:37:46.108] (ERROR) Extra characters at end of line.
[2015/11/04 11:37:46.108] (WARN) There is no such thing as a free lunch.
[2015/11/04 11:37:46.108] (INFO) .evian ylbirret si emehcs otpyrc ym neht ,siht daer nac uoy fI
[2015/11/04 11:37:46.108] (INFO) User "wje6804" logged out due to inactivity (timeout=30 minutes).
[2015/11/04 11:37:46.108] (INFO) Supervisor has entered WAITING state.
[2015/11/04 11:37:46.108] (INFO) Sending SIGTERM to 3 excess workers.
[2015/11/04 11:37:46.108] (INFO) Supervisor has entered RUNNING state.
[2015/11/04 11:37:46.108] (ERROR) User "wmw3378" failed to log in 3 times. Disabling account.
[2015/11/04 11:37:46.108] (INFO) Checked file systems for errors: All filesystems OK.
[2015/11/04 11:37:46.108] (INFO) Waiting for supervisor process (PID 14472) to die.
[2015/11/04 11:37:46.108] (INFO) Backed up all server logs.
[2015/11/04 11:37:46.108] (INFO) User "mzt1876" logged out due to inactivity (timeout=30 minutes).
[2015/11/04 11:37:46.108] (ERROR) Blocked BitTorrent traffic originating from 192.168.15.104.
[2015/11/04 11:37:46.108] (INFO) Flushed 86 buffers to disk.
[2015/11/04 11:37:46.108] (INFO) Supervisor has entered SUSPENDED state.
[2015/11/04 11:37:46.108] (INFO) Pinging watchdog timer process: Process is alive.
[2015/11/04 11:37:46.108] (ERROR) Extra characters at end of line.
[2015/11/04 11:37:46.108] (INFO) Pinging watchdog timer process: Process is alive.
[2015/11/04 11:37:46.108] (INFO) Supervisor has entered WAITING state.
[2015/11/04 11:37:46.108] (INFO) .evian ylbirret si emehcs otpyrc ym neht ,siht daer nac uoy fI
[2015/11/04 11:37:46.108] (INFO) Flushed 42 buffers to disk.
[2015/11/04 11:37:46.108] (INFO) Device 0x7f46 is online.
[2015/11/04 11:37:46.108] (ERROR) Connection to 10.233.182.246 terminated unexpectedly. Reconnecting.
[2015/11/04 11:37:46.108] (INFO) Backed up all server logs.
[2015/11/04 11:37:46.108] (INFO) .evian ylbirret si emehcs otpyrc ym neht ,siht daer nac uoy fI
[2015/11/04 11:37:46.108] (INFO) Waiting for monitor process (PID 29143) to die.
[2015/11/04 11:37:46.108] (INFO) Your mother called. She says you never call her.
[2015/11/04 11:37:46.108] (INFO) Pinging watchdog timer process: Process is alive.
[2015/11/04 11:37:46.108] (INFO) Sending SIGTERM to 4 excess workers.
[2015/11/04 11:37:46.108] (INFO) Rolling 6 log file(s)...
[2015/11/04 11:37:46.108] (INFO) Device 0xb4a4 is online.
[2015/11/04 11:37:46.108] (INFO) Waiting for monitor process (PID 44192) to die.
[2015/11/04 11:37:46.108] (INFO) Sending SIGTERM to 4 excess workers.
[2015/11/04 11:37:46.108] (INFO) Supervisor has entered WAITING state.
[2015/11/04 11:37:46.108] (INFO) Waiting for master process (PID 31559) to die.
[2015/11/04 11:37:46.108] (INFO) Rolling 9 log file(s)...
[2015/11/04 11:37:46.108] (WARN) Unable to ping master at 192.168.37.87. Retrying.
[2015/11/04 11:37:46.108] (INFO) Waiting for supervisor process (PID 10458) to die.
[2015/11/04 11:37:46.108] (INFO) Flushed 20 buffers to disk.
[2015/11/04 11:37:46.108] (INFO) Rolling 5 log file(s)...
[2015/11/04 11:37:46.108] (WARN) Watchdog timer crashed. Restarting it.
[2015/11/04 11:37:46.108] (ERROR) CPU temperature exceeds 50º Celsius. Shutting down.
[2015/11/04 11:37:46.108] (INFO) Network heartbeat check: All OK.
[2015/11/04 11:37:46.108] (ERROR) Connection to 10.154.57.97 terminated unexpectedly. Reconnecting.
[2015/11/04 11:37:46.608] (INFO) Checkpointing off-heap server memory...
[2015/11/04 11:37:46.608] (ERROR) Device 0x5e0d is offline
[2015/11/04 11:37:46.608] (INFO) Network heartbeat check: All OK.
[2015/11/04 11:37:46.608] (INFO) User "tca7172" logged out.
[2015/11/04 11:37:46.608] (INFO) Alien monitor (aliend): Detected no space aliens.
[2015/11/04 11:37:46.608] (INFO) Rolling 1 log file(s)...
[2015/11/04 11:37:46.608] (INFO) User "pag5693" logged in from 10.162.23.0.
[2015/11/04 11:37:46.608] (INFO) Your mother called. She says you never call her.
[2015/11/04 11:37:46.608] (INFO) User "iko3323" logged out due to inactivity (timeout=30 minutes).
[2015/11/04 11:37:46.608] (INFO) .evian ylbirret si emehcs otpyrc ym neht ,siht daer nac uoy fI
[2015/11/04 11:37:46.608] (INFO) Checked file systems for errors: All filesystems OK.
[2015/11/04 11:37:46.608] (INFO) Checkpointing off-heap server memory...
[2015/11/04 11:37:46.608] (INFO) User "uld2445" logged out due to inactivity (timeout=30 minutes).
[2015/11/04 11:37:46.608] (INFO) Checkpointing off-heap server memory...
[2015/11/04 11:37:46.608] (INFO) User "duj6177" logged out.
[2015/11/04 11:37:46.608] (ERROR) "/var/data/UNJRv81286.xml": Permission denied (EACCES)
[2015/11/04 11:37:46.608] (INFO) User "ref8650" logged out due to inactivity (timeout=30 minutes).
[2015/11/04 11:37:46.608] (INFO) Checked file systems for errors: All filesystems OK.
[2015/11/04 11:37:46.608] (INFO) Your mother called. She says you never call her.
[2015/11/04 11:37:46.608] (INFO) Checked file systems for errors: All filesystems OK.
[2015/11/04 11:37:46.608] (INFO) Rolling 8 log file(s)...
[2015/11/04 11:37:46.608] (WARN) Unable to ping worker at 10.237.3.143. Retrying.
[2015/11/04 11:37:46.608] (INFO) User "cbq4080" logged out.
[2015/11/04 11:37:46.608] (INFO) Device 0xf758 is online.
[2015/11/04 11:37:46.608] (INFO) Device 0xc180 is online.
[2015/11/04 11:37:46.608] (ERROR) Failed to open "/mnt/fileserver02/HPjVk93281.tar.gz": NFS timeout.
[2015/11/04 11:37:46.608] (INFO) Pinging watchdog timer process: Process is alive.
[2015/11/04 11:37:46.608] (INFO) Your mother called. She says you never call her.
[2015/11/04 11:37:46.608] (INFO) Your mother called. She says you never call her.
[2015/11/04 11:37:46.608] (INFO) User "gid3620" logged in from 192.168.179.179.
[2015/11/04 11:37:46.608] (INFO) User "oka9689" logged out.
[2015/11/04 11:37:46.608] (INFO) Waiting for worker process (PID 34545) to die.
[2015/11/04 11:37:46.608] (INFO) User "fur1607" logged out due to inactivity (timeout=30 minutes).
[2015/11/04 11:37:46.608] (INFO) Alien monitor (aliend): Detected no space aliens.
[2015/11/04 11:37:46.608] (ERROR) User "znv6832" failed to log in 3 times. Disabling account.
[2015/11/04 11:37:46.608] (INFO) Your mother called. She says you never call her.
[2015/11/04 11:37:46.608] (INFO) Sending SIGTERM to 4 excess workers.
[2015/11/04 11:37:46.608] (INFO) Rolling 7 log file(s)...
[2015/11/04 11:37:46.608] (INFO) .evian ylbirret si emehcs otpyrc ym neht ,siht daer nac uoy fI
[2015/11/04 11:37:46.608] (INFO) Your mother called. She says you never call her.
[2015/11/04 11:37:46.608] (INFO) .evian ylbirret si emehcs otpyrc ym neht ,siht daer nac uoy fI
[2015/11/04 11:37:46.608] (INFO) Sending SIGTERM to 4 excess workers.
[2015/11/04 11:37:46.608] (INFO) User "lok2857" logged in from 10.184.67.195.
[2015/11/04 11:37:46.608] (INFO) Checkpointing off-heap server memory...
[2015/11/04 11:37:46.608] (INFO) Supervisor has entered SUSPENDED state.
[2015/11/04 11:37:46.608] (INFO) User "mbt5333" logged out.
[2015/11/04 11:37:46.608] (ERROR) Unable to authenticate user "rri9496": LDAP server isn't responding.
[2015/11/04 11:37:46.608] (ERROR) Worker 2 died with SIGTERM. Restarting it.
[2015/11/04 11:37:46.608] (INFO) Waiting for worker process (PID 48426) to die.
[2015/11/04 11:37:46.608] (INFO) Supervisor has entered RESTARTING state.
[2015/11/04 11:37:46.608] (INFO) Supervisor has entered RUNNING state.
[2015/11/04 11:37:46.608] (WARN) Dropped 18,817 corrupt data packets.
[2015/11/04 11:37:46.608] (INFO) Network heartbeat check: All OK.
[2015/11/04 11:37:46.608] (INFO) Your mother called. She says you never call her.
[2015/11/04 11:37:46.608] (INFO) User "rhi2367" logged in from 192.168.102.57.
[2015/11/04 11:37:46.608] (INFO) Checked file systems for errors: All filesystems OK.
[2015/11/04 11:37:46.608] (INFO) Waiting for monitor process (PID 55369) to die.
[2015/11/04 11:37:46.608] (WARN) CPU temperature exceeds 40º Celsius.
[2015/11/04 11:37:46.608] (INFO) User "wez8107" logged out due to inactivity (timeout=30 minutes).
[2015/11/04 11:37:46.608] (INFO) User "sxf9507" logged out due to inactivity (timeout=30 minutes).
[2015/11/04 11:37:46.608] (INFO) Sending SIGTERM to 3 excess workers.
[2015/11/04 11:37:46.608] (INFO) Checked file systems for errors: All filesystems OK.
[2015/11/04 11:37:46.608] (INFO) User "luw9503" logged out due to inactivity (timeout=30 minutes).
[2015/11/04 11:37:46.608] (INFO) User "utd1387" logged out.
[2015/11/04 11:37:46.608] (ERROR) Extra characters at end of line.
[2015/11/04 11:37:46.608] (INFO) Backed up all server logs.
[2015/11/04 11:37:46.608] (INFO) Checkpointing off-heap server memory...
[2015/11/04 11:37:46.608] (INFO) User "xuq7064" logged out due to inactivity (timeout=30 minutes).
[2015/11/04 11:37:46.608] (INFO) Supervisor has entered RUNNING state.
[2015/11/04 11:37:46.608] (INFO) User "ehe5328" logged out due to inactivity (timeout=30 minutes).
[2015/11/04 11:37:46.608] (ERROR) Failed to open "/mnt/fileserver01/DIdLK90087.tsv": NFS timeout.
[2015/11/04 11:37:46.608] (ERROR) Failed to write checkpoint file "/var/checkpoint/aGJye67345: No space left on device (ENOSPC)
[2015/11/04 11:37:46.608] (INFO) .evian ylbirret si emehcs otpyrc ym neht ,siht daer nac uoy fI
[2015/11/04 11:37:46.608] (INFO) User "lfz9322" logged in from 10.203.216.51.
[2015/11/04 11:37:46.608] (INFO) Network heartbeat check: All OK.
[2015/11/04 11:37:46.608] (INFO) .evian ylbirret si emehcs otpyrc ym neht ,siht daer nac uoy fI
[2015/11/04 11:37:46.608] (INFO) Flushed 57 buffers to disk.
[2015/11/04 11:37:46.608] (INFO) .evian ylbirret si emehcs otpyrc ym neht ,siht daer nac uoy fI
[2015/11/04 11:37:46.608] (WARN) Space on disk /dev/sdd3 is low: Only 106 MB available.
[2015/11/04 11:37:46.608] (WARN) Possible cyber-attack from The Cayman Islands.
[2015/11/04 11:37:46.608] (ERROR) One of the flayrods has gone out askew on treadle.
[2015/11/04 11:37:46.608] (INFO) User "tvx2746" logged out.
[2015/11/04 11:37:46.608] (INFO) Supervisor has entered RESTARTING state.
[2015/11/04 11:37:46.608] (INFO) User "ixb7008" logged in from 192.168.24.14.
[2015/11/04 11:37:46.608] (INFO) Alien monitor (aliend): Detected no space aliens.
[2015/11/04 11:37:46.608] (INFO) Network heartbeat check: All OK.
[2015/11/04 11:37:46.608] (INFO) Backed up all server logs.
[2015/11/04 11:37:46.608] (INFO) User "rjq8309" logged out.
[2015/11/04 11:37:46.608] (INFO) Pinging watchdog timer process: Process is alive.
[2015/11/04 11:37:46.608] (INFO) User "oax7375" logged out due to inactivity (timeout=30 minutes).
[2015/11/04 11:37:46.608] (WARN) Unable to ping supervisor at 172.16.2.149. Retrying.
[2015/11/04 11:37:46.608] (INFO) Checkpointing off-heap server memory...
[2015/11/04 11:37:46.608] (INFO) Checked file systems for errors: All filesystems OK.
[2015/11/04 11:37:46.608] (INFO) Backed up all server logs.
[2015/11/04 11:37:46.608] (ERROR) Detected clock skew! Restarting NTP server.
[2015/11/04 11:37:46.608] (INFO) Waiting for worker process (PID 48355) to die.
[2015/11/04 11:37:46.608] (INFO) Pinging watchdog timer process: Process is alive.
[2015/11/04 11:37:46.608] (INFO) User "pxs3728" logged in from 192.168.221.21.
[2015/11/04 11:37:46.608] (INFO) Your mother called. She says you never call her.
[2015/11/04 11:37:46.608] (INFO) Network heartbeat check: All OK.
[2015/11/04 11:37:47.108] (WARN) Possible cyber-attack from Alpha Centauri.
[2015/11/04 11:37:47.108] (INFO) Sending SIGTERM to 3 excess workers.
[2015/11/04 11:37:47.108] (INFO) Alien monitor (aliend): Detected no space aliens.
[2015/11/04 11:37:47.108] (WARN) Master took 635 ms to respond (threshold=500 ms)
[2015/11/04 11:37:47.108] (INFO) Device 0x261b is online.
[2015/11/04 11:37:47.108] (INFO) User "jcn5023" logged in from 172.16.202.187.
[2015/11/04 11:37:47.108] (INFO) .evian ylbirret si emehcs otpyrc ym neht ,siht daer nac uoy fI
[2015/11/04 11:37:47.108] (INFO) User "qhm4391" logged out due to inactivity (timeout=30 minutes).
[2015/11/04 11:37:47.108] (INFO) Your mother called. She says you never call her.
[2015/11/04 11:37:47.108] (INFO) User "lef1370" logged out due to inactivity (timeout=30 minutes).
[2015/11/04 11:37:47.108] (WARN) Backup server 172.16.9.243 is offline.
[2015/11/04 11:37:47.108] (WARN) Master took 523 ms to respond (threshold=500 ms)
[2015/11/04 11:37:47.108] (INFO) Supervisor has entered WAITING state.
[2015/11/04 11:37:47.108] (ERROR) One of the flayrods has gone out askew on treadle.
[2015/11/04 11:37:47.108] (INFO) Flushed 24 buffers to disk.
[2015/11/04 11:37:47.108] (INFO) Waiting for monitor process (PID 43688) to die.
[2015/11/04 11:37:47.108] (INFO) Checkpointing off-heap server memory...
[2015/11/04 11:37:47.108] (INFO) .evian ylbirret si emehcs otpyrc ym neht ,siht daer nac uoy fI
[2015/11/04 11:37:47.108] (INFO) Sending SIGTERM to 2 excess workers.
[2015/11/04 11:37:47.108] (INFO) Sending SIGTERM to 3 excess workers.
[2015/11/04 11:37:47.108] (INFO) Your mother called. She says you never call her.
[2015/11/04 11:37:47.108] (INFO) Checked file systems for errors: All filesystems OK.
[2015/11/04 11:37:47.108] (INFO) Pinging watchdog timer process: Process is alive.
[2015/11/04 11:37:47.108] (INFO) Flushed 65 buffers to disk.
[2015/11/04 11:37:47.108] (INFO) User "zbu9605" logged out due to inactivity (timeout=30 minutes).
[2015/11/04 11:37:47.108] (ERROR) Detected incoming DDoS from 172.16.182.129.
[2015/11/04 11:37:47.108] (ERROR) Alien monitor (aliend): 4 space aliens are fiddling with the hardware!
[2015/11/04 11:37:47.108] (INFO) Pinging watchdog timer process: Process is alive.
[2015/11/04 11:37:47.108] (INFO) Your mother called. She says you never call her.
[2015/11/04 11:37:47.108] (INFO) Rolling 7 log file(s)...
[2015/11/04 11:37:47.108] (INFO) .evian ylbirret si emehcs otpyrc ym neht ,siht daer nac uoy fI
[2015/11/04 11:37:47.108] (INFO) Sending SIGTERM to 3 excess workers.
[2015/11/04 11:37:47.108] (INFO) User "pzm4869" logged in from 192.168.94.40.
[2015/11/04 11:37:47.108] (INFO) Checked file systems for errors: All filesystems OK.
[2015/11/04 11:37:47.108] (INFO) Backed up all server logs.
[2015/11/04 11:37:47.108] (WARN) CPU temperature exceeds 40º Celsius.
[2015/11/04 11:37:47.108] (INFO) Rolling 9 log file(s)...
[2015/11/04 11:37:47.108] (INFO) User "pcs4245" logged in from 172.16.239.104.
[2015/11/04 11:37:47.108] (INFO) Checkpointing off-heap server memory...
[2015/11/04 11:37:47.108] (INFO) .evian ylbirret si emehcs otpyrc ym neht ,siht daer nac uoy fI
[2015/11/04 11:37:47.108] (INFO) Alien monitor (aliend): Detected no space aliens.
[2015/11/04 11:37:47.108] (INFO) Supervisor has entered SUSPENDED state.
[2015/11/04 11:37:47.108] (INFO) User "utq8425" logged out.
[2015/11/04 11:37:47.108] (INFO) User "elh4514" logged out.
[2015/11/04 11:37:47.108] (INFO) .evian ylbirret si emehcs otpyrc ym neht ,siht daer nac uoy fI
[2015/11/04 11:37:47.108] (INFO) Sending SIGTERM to 4 excess workers.
[2015/11/04 11:37:47.108] (INFO) Waiting for worker process (PID 39872) to die.
[2015/11/04 11:37:47.108] (INFO) User "qxi7162" logged out.
[2015/11/04 11:37:47.108] (INFO) Waiting for supervisor process (PID 46348) to die.
[2015/11/04 11:37:47.108] (INFO) User "xuk1115" logged out due to inactivity (timeout=30 minutes).
[2015/11/04 11:37:47.108] (INFO) Checked file systems for errors: All filesystems OK.
[2015/11/04 11:37:47.108] (INFO) Sending SIGTERM to 3 excess workers.
[2015/11/04 11:37:47.108] (INFO) Pinging watchdog timer process: Process is alive.
[2015/11/04 11:37:47.108] (ERROR) Connection to 192.168.216.243 terminated unexpectedly. Reconnecting.
[2015/11/04 11:37:47.108] (INFO) Your mother called. She says you never call her.
[2015/11/04 11:37:47.108] (INFO) Backed up all server logs.
[2015/11/04 11:37:47.108] (ERROR) Extra characters at end of line.
[2015/11/04 11:37:47.108] (ERROR) Alien monitor (aliend): 4 space aliens are fiddling with the hardware!
[2015/11/04 11:37:47.108] (ERROR) User "gna8678" failed to log in 3 times. Disabling account.
[2015/11/04 11:37:47.108] (INFO) User "alj5998" logged out.
[2015/11/04 11:37:47.108] (INFO) User "sgy8365" logged out due to inactivity (timeout=30 minutes).
[2015/11/04 11:37:47.108] (INFO) Device 0x2c89 is online.
[2015/11/04 11:37:47.108] (INFO) .evian ylbirret si emehcs otpyrc ym neht ,siht daer nac uoy fI
[2015/11/04 11:37:47.108] (INFO) Checked file systems for errors: All filesystems OK.
[2015/11/04 11:37:47.108] (INFO) Pinging watchdog timer process: Process is alive.
[2015/11/04 11:37:47.108] (WARN) Backup server 172.16.192.147 is offline.
[2015/11/04 11:37:47.108] (INFO) Checkpointing off-heap server memory...
[2015/11/04 11:37:47.108] (INFO) Backed up all server logs.
[2015/11/04 11:37:47.108] (INFO) User "rjk7979" logged out due to inactivity (timeout=30 minutes).
[2015/11/04 11:37:47.108] (INFO) Alien monitor (aliend): Detected no space aliens.
[2015/11/04 11:37:47.108] (ERROR) Failed to write checkpoint file "/var/checkpoint/siaGC83970: No space left on device (ENOSPC)
[2015/11/04 11:37:47.108] (INFO) Network heartbeat check: All OK.
[2015/11/04 11:37:47.108] (INFO) Flushed 85 buffers to disk.
[2015/11/04 11:37:47.108] (INFO) Checkpointing off-heap server memory...
[2015/11/04 11:37:47.108] (INFO) User "axc4979" logged in from 10.242.175.15.
[2015/11/04 11:37:47.108] (INFO) User "hdj3751" logged in from 172.16.27.41.
[2015/11/04 11:37:47.108] (WARN) CPU temperature exceeds 40º Celsius.
[2015/11/04 11:37:47.108] (INFO) Flushed 54 buffers to disk.
[2015/11/04 11:37:47.108] (INFO) Checked file systems for errors: All filesystems OK.
[2015/11/04 11:37:47.108] (ERROR) Extra characters at end of line.
[2015/11/04 11:37:47.108] (INFO) Your mother called. She says you never call her.
[2015/11/04 11:37:47.108] (INFO) User "opo6978" logged in from 192.168.212.168.
[2015/11/04 11:37:47.108] (INFO) User "crx7245" logged out due to inactivity (timeout=30 minutes).
[2015/11/04 11:37:47.108] (INFO) Alien monitor (aliend): Detected no space aliens.
[2015/11/04 11:37:47.108] (ERROR) CPU temperature exceeds 50º Celsius. Shutting down.
[2015/11/04 11:37:47.108] (WARN) Unable to ping monitor at 10.39.156.252. Retrying.
[2015/11/04 11:37:47.108] (INFO) Flushed 25 buffers to disk.
[2015/11/04 11:37:47.108] (INFO) Sending SIGTERM to 2 excess workers.
[2015/11/04 11:37:47.108] (INFO) Waiting for monitor process (PID 40781) to die.
[2015/11/04 11:37:47.108] (INFO) .evian ylbirret si emehcs otpyrc ym neht ,siht daer nac uoy fI
[2015/11/04 11:37:47.108] (ERROR) "/var/data/PdMOZ91719.zip": Permission denied (EACCES)
[2015/11/04 11:37:47.108] (INFO) Backed up all server logs.
[2015/11/04 11:37:47.108] (ERROR) Blocked BitTorrent traffic originating from 192.168.25.180.
[2015/11/04 11:37:47.108] (INFO) Checked file systems for errors: All filesystems OK.
[2015/11/04 11:37:47.108] (INFO) Checkpointing off-heap server memory...
[2015/11/04 11:37:47.108] (WARN) Network heartbeat check: 3 server(s) did not respond.
[2015/11/04 11:37:47.108] (INFO) Checkpointing off-heap server memory...
[2015/11/04 11:37:47.108] (ERROR) Detected clock skew! Restarting NTP server.
[2015/11/04 11:37:47.108] (INFO) Alien monitor (aliend): Detected no space aliens.
[2015/11/04 11:37:47.108] (ERROR) Extra characters at end of line.
[2015/11/04 11:37:47.609] (WARN) Space on disk /dev/sdf2 is low: Only 435 MB available.
[2015/11/04 11:37:47.609] (INFO) User "uyn2965" logged out due to inactivity (timeout=30 minutes).
[2015/11/04 11:37:47.609] (INFO) Sending SIGTERM to 3 excess workers.
[2015/11/04 11:37:47.609] (INFO) Network heartbeat check: All OK.
[2015/11/04 11:37:47.609] (INFO) Sending SIGTERM to 3 excess workers.
[2015/11/04 11:37:47.609] (INFO) Waiting for monitor process (PID 43743) to die.
[2015/11/04 11:37:47.609] (INFO) Network heartbeat check: All OK.
[2015/11/04 11:37:47.609] (INFO) Alien monitor (aliend): Detected no space aliens.
[2015/11/04 11:37:47.609] (INFO) Checkpointing off-heap server memory...
[2015/11/04 11:37:47.609] (INFO) Your mother called. She says you never call her.
[2015/11/04 11:37:47.609] (INFO) Flushed 83 buffers to disk.
[2015/11/04 11:37:47.609] (ERROR) Connection to 192.168.213.99 terminated unexpectedly. Reconnecting.
[2015/11/04 11:37:47.609] (INFO) Checked file systems for errors: All filesystems OK.
[2015/11/04 11:37:47.609] (WARN) Possible cyber-attack from Mars.
[2015/11/04 11:37:47.609] (INFO) Device 0x4b75 is online.
[2015/11/04 11:37:47.609] (INFO) User "ekx5472" logged in from 192.168.225.126.
[2015/11/04 11:37:47.609] (INFO) Your mother called. She says you never call her.
[2015/11/04 11:37:47.609] (INFO) User "asa1209" logged out due to inactivity (timeout=30 minutes).
[2015/11/04 11:37:47.609] (INFO) Supervisor has entered WAITING state.
[2015/11/04 11:37:47.609] (INFO) Waiting for supervisor process (PID 30742) to die.
[2015/11/04 11:37:47.609] (ERROR) Blocked Little Bobby Tables attack (https://xkcd.com/327/) from 192.168.251.42.
[2015/11/04 11:37:47.609] (INFO) Supervisor has entered SUSPENDED state.
[2015/11/04 11:37:47.609] (INFO) User "odx7894" logged out due to inactivity (timeout=30 minutes).
[2015/11/04 11:37:47.609] (INFO) Device 0x9d6c is online.
[2015/11/04 11:37:47.609] (INFO) User "enn6486" logged in from 192.168.157.236.
[2015/11/04 11:37:47.609] (WARN) There is no such thing as a free lunch.
[2015/11/04 11:37:47.609] (INFO) User "shp7661" logged in from 192.168.101.26.
[2015/11/04 11:37:47.609] (INFO) User "pqp9623" logged out due to inactivity (timeout=30 minutes).
[2015/11/04 11:37:47.609] (ERROR) Blocked BitTorrent traffic originating from 10.65.141.181.
[2015/11/04 11:37:47.609] (WARN) There is no such thing as a free lunch.
[2015/11/04 11:37:47.609] (INFO) Sending SIGTERM to 4 excess workers.
[2015/11/04 11:37:47.609] (WARN) Retrying server log checkpoint.
[2015/11/04 11:37:47.609] (INFO) User "jkx4497" logged out due to inactivity (timeout=30 minutes).
[2015/11/04 11:37:47.609] (INFO) User "wtf8558" logged out due to inactivity (timeout=30 minutes).
[2015/11/04 11:37:47.609] (INFO) User "spo5129" logged in from 172.16.129.176.
[2015/11/04 11:37:47.609] (INFO) User "qkl5667" logged in from 192.168.85.213.
[2015/11/04 11:37:47.609] (INFO) Network heartbeat check: All OK.
[2015/11/04 11:37:47.609] (ERROR) Blocked nmap traffic originating from 192.168.164.153.
[2015/11/04 11:37:47.609] (INFO) Rolling 5 log file(s)...
[2015/11/04 11:37:47.609] (INFO) Sending SIGTERM to 3 excess workers.
[2015/11/04 11:37:47.609] (INFO) Pinging watchdog timer process: Process is alive.
[2015/11/04 11:37:47.609] (INFO) Supervisor has entered WAITING state.
[2015/11/04 11:37:47.609] (INFO) Waiting for monitor process (PID 58159) to die.
[2015/11/04 11:37:47.609] (WARN) Watchdog timer crashed. Restarting it.
[2015/11/04 11:37:47.609] (INFO) User "pki6443" logged out.
[2015/11/04 11:37:47.609] (INFO) Backed up all server logs.
[2015/11/04 11:37:47.609] (INFO) Pinging watchdog timer process: Process is alive.
[2015/11/04 11:37:47.609] (INFO) .evian ylbirret si emehcs otpyrc ym neht ,siht daer nac uoy fI
[2015/11/04 11:37:47.609] (INFO) Flushed 51 buffers to disk.
[2015/11/04 11:37:47.609] (INFO) Your mother called. She says you never call her.
[2015/11/04 11:37:47.609] (INFO) Checked file systems for errors: All filesystems OK.
[2015/11/04 11:37:47.609] (ERROR) Unable to authenticate user "qgs8461": LDAP server isn't responding.
[2015/11/04 11:37:47.609] (INFO) Checked file systems for errors: All filesystems OK.
[2015/11/04 11:37:47.609] (INFO) Your mother called. She says you never call her.
[2015/11/04 11:37:47.609] (INFO) Flushed 66 buffers to disk.
[2015/11/04 11:37:47.609] (INFO) Flushed 96 buffers to disk.
[2015/11/04 11:37:47.609] (INFO) Your mother called. She says you never call her.
[2015/11/04 11:37:47.609] (INFO) Rolling 3 log file(s)...
[2015/11/04 11:37:47.609] (WARN) Dropped 4,119 corrupt data packets.
[2015/11/04 11:37:47.609] (WARN) Unable to ping worker at 10.93.197.190. Retrying.
[2015/11/04 11:37:47.609] (INFO) Waiting for worker process (PID 47750) to die.
[2015/11/04 11:37:47.609] (INFO) Waiting for monitor process (PID 31759) to die.
[2015/11/04 11:37:47.609] (WARN) Master took 966 ms to respond (threshold=500 ms)
[2015/11/04 11:37:47.609] (INFO) Sending SIGTERM to 3 excess workers.
[2015/11/04 11:37:47.609] (WARN) Master took 932 ms to respond (threshold=500 ms)
[2015/11/04 11:37:47.609] (INFO) Sending SIGTERM to 3 excess workers.
[2015/11/04 11:37:47.609] (INFO) User "bnm7616" logged in from 172.16.235.216.
[2015/11/04 11:37:47.609] (INFO) Checked file systems for errors: All filesystems OK.
[2015/11/04 11:37:47.609] (INFO) User "fah3941" logged out due to inactivity (timeout=30 minutes).
[2015/11/04 11:37:47.609] (INFO) Checked file systems for errors: All filesystems OK.
[2015/11/04 11:37:47.609] (INFO) Checked file systems for errors: All filesystems OK.
[2015/11/04 11:37:47.609] (INFO) Waiting for master process (PID 53957) to die.
[2015/11/04 11:37:47.609] (INFO) Rolling 6 log file(s)...
[2015/11/04 11:37:47.609] (INFO) User "elh2438" logged in from 172.16.171.202.
[2015/11/04 11:37:47.609] (ERROR) Extra characters at end of line.
[2015/11/04 11:37:47.609] (INFO) .evian ylbirret si emehcs otpyrc ym neht ,siht daer nac uoy fI
[2015/11/04 11:37:47.609] (ERROR) Connection to 10.187.70.184 terminated unexpectedly. Reconnecting.
[2015/11/04 11:37:47.609] (WARN) Network heartbeat check: 8 server(s) did not respond.
[2015/11/04 11:37:47.609] (WARN) Unable to ping supervisor at 192.168.207.61. Retrying.
[2015/11/04 11:37:47.609] (INFO) User "dhw5135" logged in from 172.16.83.69.
[2015/11/04 11:37:47.609] (INFO) User "jjw8380" logged in from 10.223.180.187.
[2015/11/04 11:37:47.609] (INFO) Supervisor has entered WAITING state.
[2015/11/04 11:37:47.609] (ERROR) "/var/data/oqKpg67742.xml": No such file or directory (ENOENT)
[2015/11/04 11:37:47.609] (ERROR) Failed to open "/mnt/fileserver02/AwcKs74497.parquet": NFS timeout.
[2015/11/04 11:37:47.609] (INFO) Pinging watchdog timer process: Process is alive.
[2015/11/04 11:37:47.609] (ERROR) Blocked Little Bobby Tables attack (https://xkcd.com/327/) from 192.168.139.44.
[2015/11/04 11:37:47.609] (INFO) User "byh3295" logged out.
[2015/11/04 11:37:47.609] (INFO) Device 0x6f6c is online.
[2015/11/04 11:37:47.609] (ERROR) Connection to 192.168.153.122 terminated unexpectedly. Reconnecting.
[2015/11/04 11:37:47.609] (WARN) Retrying server log checkpoint.
[2015/11/04 11:37:47.609] (ERROR) "/var/data/DtFjv78115.txt": Permission denied (EACCES)
[2015/11/04 11:37:47.609] (ERROR) Network heartbeat check FAILED: Master host down?
[2015/11/04 11:37:47.609] (INFO) Waiting for master process (PID 51008) to die.
[2015/11/04 11:37:47.609] (INFO) Waiting for monitor process (PID 35640) to die.
[2015/11/04 11:37:47.609] (INFO) Network heartbeat check: All OK.
[2015/11/04 11:37:47.609] (INFO) Sending SIGTERM to 2 excess workers.
[2015/11/04 11:37:47.609] (INFO) Sending SIGTERM to 4 excess workers.
[2015/11/04 11:37:47.609] (INFO) Supervisor has entered SUSPENDED state.
[2015/11/04 11:37:47.609] (INFO) User "qrm2064" logged out due to inactivity (timeout=30 minutes).
[2015/11/04 11:37:47.609] (INFO) Supervisor has entered RUNNING state.
[2015/11/04 11:37:48.108] (INFO) Your mother called. She says you never call her.
[2015/11/04 11:37:48.108] (INFO) Backed up all server logs.
[2015/11/04 11:37:48.108] (INFO) Device 0xafcd is online.
[2015/11/04 11:37:48.108] (ERROR) /dev/lp error: "PC LOAD LETTER"
[2015/11/04 11:37:48.108] (ERROR) Unable to write to "/var/data/LuUJH65890.zip": Permission denied (EACCES)
[2015/11/04 11:37:48.108] (ERROR) Failed to open "/mnt/fileserver02/ryNyv73352.zip": NFS timeout.
[2015/11/04 11:37:48.108] (INFO) Checkpointing off-heap server memory...
[2015/11/04 11:37:48.108] (INFO) Your mother called. She says you never call her.
[2015/11/04 11:37:48.108] (INFO) Backed up all server logs.
[2015/11/04 11:37:48.108] (INFO) User "nqd7700" logged out due to inactivity (timeout=30 minutes).
[2015/11/04 11:37:48.108] (INFO) User "frj8772" logged out.
[2015/11/04 11:37:48.108] (INFO) Waiting for master process (PID 603) to die.
[2015/11/04 11:37:48.108] (INFO) User "qxe4784" logged out due to inactivity (timeout=30 minutes).
[2015/11/04 11:37:48.108] (INFO) User "eec6128" logged out due to inactivity (timeout=30 minutes).
[2015/11/04 11:37:48.108] (WARN) CPU temperature exceeds 40º Celsius.
[2015/11/04 11:37:48.108] (INFO) .evian ylbirret si emehcs otpyrc ym neht ,siht daer nac uoy fI
[2015/11/04 11:37:48.108] (INFO) .evian ylbirret si emehcs otpyrc ym neht ,siht daer nac uoy fI
[2015/11/04 11:37:48.108] (INFO) Device 0x6c4a is online.
[2015/11/04 11:37:48.108] (INFO) User "qlx8864" logged in from 192.168.148.168.
[2015/11/04 11:37:48.108] (ERROR) Detected incoming DDoS from 192.168.170.132.
[2015/11/04 11:37:48.108] (INFO) Alien monitor (aliend): Detected no space aliens.
[2015/11/04 11:37:48.108] (INFO) Backed up all server logs.
[2015/11/04 11:37:48.108] (ERROR) EFOODFAIL (Waiter, there's a fly in my soup).
[2015/11/04 11:37:48.108] (INFO) Network heartbeat check: All OK.
[2015/11/04 11:37:48.108] (ERROR) Worker 5 died with SIGBUS. Restarting it.
[2015/11/04 11:37:48.108] (WARN) Ignoring SIGTERM. It's not that easy to get rid of me.
[2015/11/04 11:37:48.108] (INFO) Supervisor has entered SUSPENDED state.
[2015/11/04 11:37:48.108] (INFO) Pinging watchdog timer process: Process is alive.
[2015/11/04 11:37:48.108] (INFO) Backed up all server logs.
[2015/11/04 11:37:48.108] (INFO) User "rwc4174" logged out.
[2015/11/04 11:37:48.108] (INFO) Device 0x31c8 is online.
[2015/11/04 11:37:48.108] (ERROR) Failed to write checkpoint file "/var/checkpoint/KmElU65063: No space left on device (ENOSPC)
[2015/11/04 11:37:48.108] (INFO) Your mother called. She says you never call her.
[2015/11/04 11:37:48.108] (INFO) Flushed 24 buffers to disk.
[2015/11/04 11:37:48.108] (INFO) Checked file systems for errors: All filesystems OK.
[2015/11/04 11:37:48.108] (WARN) Possible cyber-attack from Nebraska.
[2015/11/04 11:37:48.108] (INFO) Network heartbeat check: All OK.
[2015/11/04 11:37:48.108] (INFO) Alien monitor (aliend): Detected no space aliens.
[2015/11/04 11:37:48.108] (INFO) Checked file systems for errors: All filesystems OK.
[2015/11/04 11:37:48.108] (INFO) .evian ylbirret si emehcs otpyrc ym neht ,siht daer nac uoy fI
[2015/11/04 11:37:48.108] (INFO) User "zef5900" logged in from 10.172.221.203.
[2015/11/04 11:37:48.108] (WARN) Unable to ping worker at 172.16.71.218. Retrying.
[2015/11/04 11:37:48.108] (INFO) Network heartbeat check: All OK.
[2015/11/04 11:37:48.108] (INFO) Waiting for supervisor process (PID 8859) to die.
[2015/11/04 11:37:48.108] (INFO) Rolling 3 log file(s)...
[2015/11/04 11:37:48.108] (INFO) Alien monitor (aliend): Detected no space aliens.
[2015/11/04 11:37:48.108] (INFO) Checked file systems for errors: All filesystems OK.
[2015/11/04 11:37:48.108] (INFO) User "vkz8837" logged out.
[2015/11/04 11:37:48.108] (INFO) User "rqp6998" logged in from 192.168.55.235.
[2015/11/04 11:37:48.108] (INFO) Backed up all server logs.
[2015/11/04 11:37:48.108] (INFO) Device 0x7d26 is online.
[2015/11/04 11:37:48.108] (WARN) Possible cyber-attack from The Cayman Islands.
[2015/11/04 11:37:48.108] (WARN) Ignoring SIGTERM. It's not that easy to get rid of me.
[2015/11/04 11:37:48.108] (INFO) Device 0x13ed is online.
[2015/11/04 11:37:48.108] (ERROR) Server log backup FAILED. See backup logs.
[2015/11/04 11:37:48.108] (INFO) User "fhe1866" logged out.
[2015/11/04 11:37:48.108] (INFO) Your mother called. She says you never call her.
[2015/11/04 11:37:48.108] (INFO) Rolling 1 log file(s)...
[2015/11/04 11:37:48.108] (INFO) Alien monitor (aliend): Detected no space aliens.
[2015/11/04 11:37:48.108] (INFO) Network heartbeat check: All OK.
[2015/11/04 11:37:48.108] (INFO) User "oqv1063" logged out due to inactivity (timeout=30 minutes).
[2015/11/04 11:37:48.108] (WARN) Watchdog timer crashed. Restarting it.
[2015/11/04 11:37:48.108] (WARN) Network heartbeat check: 17 server(s) did not respond.
[2015/11/04 11:37:48.108] (INFO) Pinging watchdog timer process: Process is alive.
[2015/11/04 11:37:48.108] (WARN) There is no such thing as a free lunch.
[2015/11/04 11:37:48.108] (WARN) Master took 520 ms to respond (threshold=500 ms)
[2015/11/04 11:37:48.108] (INFO) Waiting for monitor process (PID 7484) to die.
[2015/11/04 11:37:48.108] (INFO) Rolling 1 log file(s)...
[2015/11/04 11:37:48.108] (INFO) Your mother called. She says you never call her.
[2015/11/04 11:37:48.108] (INFO) Waiting for worker process (PID 17365) to die.
[2015/11/04 11:37:48.108] (ERROR) Failed to open "/mnt/fileserver02/LRHqr81181.parquet": NFS timeout.
[2015/11/04 11:37:48.108] (WARN) Retrying server log checkpoint.
[2015/11/04 11:37:48.108] (INFO) User "nes8689" logged out due to inactivity (timeout=30 minutes).
[2015/11/04 11:37:48.108] (ERROR) Detected incoming DDoS from 192.168.76.136.
[2015/11/04 11:37:48.108] (INFO) Device 0x45fe is online.
[2015/11/04 11:37:48.108] (ERROR) Extra characters at end of line.
[2015/11/04 11:37:48.108] (INFO) Sending SIGTERM to 3 excess workers.
[2015/11/04 11:37:48.108] (WARN) Network heartbeat check: 13 server(s) did not respond.
[2015/11/04 11:37:48.108] (INFO) Rolling 6 log file(s)...
[2015/11/04 11:37:48.108] (ERROR) Unable to write to "/var/data/aiXzF75421.parquet": Permission denied (EACCES)
[2015/11/04 11:37:48.108] (INFO) Backed up all server logs.
[2015/11/04 11:37:48.108] (INFO) User "gum3935" logged out due to inactivity (timeout=30 minutes).
[2015/11/04 11:37:48.108] (INFO) Backed up all server logs.
[2015/11/04 11:37:48.108] (INFO) Network heartbeat check: All OK.
[2015/11/04 11:37:48.108] (INFO) Checked file systems for errors: All filesystems OK.
[2015/11/04 11:37:48.108] (INFO) .evian ylbirret si emehcs otpyrc ym neht ,siht daer nac uoy fI
[2015/11/04 11:37:48.108] (INFO) User "bdl7836" logged out due to inactivity (timeout=30 minutes).
[2015/11/04 11:37:48.108] (INFO) User "ecq6763" logged out.
[2015/11/04 11:37:48.108] (INFO) .evian ylbirret si emehcs otpyrc ym neht ,siht daer nac uoy fI
[2015/11/04 11:37:48.108] (ERROR) One of the flayrods has gone out askew on treadle.
[2015/11/04 11:37:48.108] (INFO) Network heartbeat check: All OK.
[2015/11/04 11:37:48.108] (ERROR) Alien monitor (aliend): 3 space aliens are fiddling with the hardware!
[2015/11/04 11:37:48.108] (INFO) Alien monitor (aliend): Detected no space aliens.
[2015/11/04 11:37:48.108] (INFO) User "eia3355" logged in from 10.27.98.188.
[2015/11/04 11:37:48.108] (ERROR) One of the flayrods has gone out askew on treadle.
[2015/11/04 11:37:48.108] (ERROR) Device 0x8174 is offline
[2015/11/04 11:37:48.108] (INFO) User "lkd1922" logged out.
[2015/11/04 11:37:48.108] (ERROR) Unable to write to "/var/data/jEboL55294.xslx": Permission denied (EACCES)
[2015/11/04 11:37:48.108] (INFO) Sending SIGTERM to 2 excess workers.
[2015/11/04 11:37:48.108] (ERROR) Network heartbeat check FAILED: Master host down?
[2015/11/04 11:37:48.607] (INFO) Checkpointing off-heap server memory...
[2015/11/04 11:37:48.607] (INFO) Device 0x2b2d is online.
[2015/11/04 11:37:48.607] (ERROR) EFOODFAIL (Waiter, there's a fly in my soup).
[2015/11/04 11:37:48.607] (INFO) Alien monitor (aliend): Detected no space aliens.
[2015/11/04 11:37:48.607] (INFO) Alien monitor (aliend): Detected no space aliens.
[2015/11/04 11:37:48.607] (INFO) Waiting for supervisor process (PID 9370) to die.
[2015/11/04 11:37:48.607] (INFO) Backed up all server logs.
[2015/11/04 11:37:48.607] (INFO) User "xfx3590" logged out.
[2015/11/04 11:37:48.607] (WARN) Backup server 172.16.75.212 is offline.
[2015/11/04 11:37:48.607] (INFO) Backed up all server logs.
[2015/11/04 11:37:48.607] (WARN) Unable to ping supervisor at 192.168.213.177. Retrying.
[2015/11/04 11:37:48.607] (INFO) User "cgs7853" logged out due to inactivity (timeout=30 minutes).
[2015/11/04 11:37:48.607] (INFO) Your mother called. She says you never call her.
[2015/11/04 11:37:48.607] (INFO) User "xea4757" logged out due to inactivity (timeout=30 minutes).
[2015/11/04 11:37:48.607] (INFO) .evian ylbirret si emehcs otpyrc ym neht ,siht daer nac uoy fI
[2015/11/04 11:37:48.607] (INFO) .evian ylbirret si emehcs otpyrc ym neht ,siht daer nac uoy fI
[2015/11/04 11:37:48.607] (INFO) User "nzz7578" logged in from 10.172.222.20.
[2015/11/04 11:37:48.607] (INFO) Pinging watchdog timer process: Process is alive.
[2015/11/04 11:37:48.607] (WARN) Network heartbeat check: 7 server(s) did not respond.
[2015/11/04 11:37:48.607] (INFO) Your mother called. She says you never call her.
[2015/11/04 11:37:48.607] (INFO) Checkpointing off-heap server memory...
[2015/11/04 11:37:48.607] (WARN) Possible cyber-attack from Mars.
[2015/11/04 11:37:48.607] (INFO) Supervisor has entered SUSPENDED state.
[2015/11/04 11:37:48.607] (ERROR) Alien monitor (aliend): 3 space aliens are fiddling with the hardware!
[2015/11/04 11:37:48.607] (ERROR) "/var/data/TZKvs74418.xml": No such file or directory (ENOENT)
[2015/11/04 11:37:48.607] (INFO) Checked file systems for errors: All filesystems OK.
[2015/11/04 11:37:48.607] (INFO) .evian ylbirret si emehcs otpyrc ym neht ,siht daer nac uoy fI
[2015/11/04 11:37:48.607] (INFO) Backed up all server logs.
[2015/11/04 11:37:48.607] (INFO) Network heartbeat check: All OK.
[2015/11/04 11:37:48.607] (INFO) Checkpointing off-heap server memory...
[2015/11/04 11:37:48.607] (INFO) Alien monitor (aliend): Detected no space aliens.
[2015/11/04 11:37:48.607] (INFO) User "wrb4698" logged out due to inactivity (timeout=30 minutes).
[2015/11/04 11:37:48.607] (INFO) Checked file systems for errors: All filesystems OK.
[2015/11/04 11:37:48.607] (INFO) Alien monitor (aliend): Detected no space aliens.
[2015/11/04 11:37:48.607] (INFO) Supervisor has entered SUSPENDED state.
[2015/11/04 11:37:48.607] (INFO) Checkpointing off-heap server memory...
[2015/11/04 11:37:48.607] (ERROR) Unable to write to "/var/data/gZWrB53807.txt": Permission denied (EACCES)
[2015/11/04 11:37:48.607] (INFO) Supervisor has entered RUNNING state.
[2015/11/04 11:37:48.607] (WARN) Network heartbeat check: 16 server(s) did not respond.
[2015/11/04 11:37:48.607] (INFO) Rolling 1 log file(s)...
[2015/11/04 11:37:48.607] (INFO) .evian ylbirret si emehcs otpyrc ym neht ,siht daer nac uoy fI
[2015/11/04 11:37:48.607] (INFO) Rolling 8 log file(s)...
[2015/11/04 11:37:48.607] (INFO) Pinging watchdog timer process: Process is alive.
[2015/11/04 11:37:48.607] (ERROR) Directory index of "/var/data" is forbidden.
[2015/11/04 11:37:48.607] (INFO) Device 0xfd13 is online.
[2015/11/04 11:37:48.607] (INFO) Network heartbeat check: All OK.
[2015/11/04 11:37:48.607] (INFO) Checked file systems for errors: All filesystems OK.
[2015/11/04 11:37:48.607] (INFO) Checkpointing off-heap server memory...
[2015/11/04 11:37:48.607] (INFO) Network heartbeat check: All OK.
[2015/11/04 11:37:48.607] (INFO) Checkpointing off-heap server memory...
[2015/11/04 11:37:48.607] (WARN) There is no such thing as a free lunch.
[2015/11/04 11:37:48.607] (INFO) Sending SIGTERM to 3 excess workers.
[2015/11/04 11:37:48.607] (INFO) .evian ylbirret si emehcs otpyrc ym neht ,siht daer nac uoy fI
[2015/11/04 11:37:48.607] (INFO) Device 0x64d2 is online.
[2015/11/04 11:37:48.607] (INFO) Backed up all server logs.
[2015/11/04 11:37:48.607] (WARN) There is no such thing as a free lunch.
[2015/11/04 11:37:48.607] (INFO) Supervisor has entered RUNNING state.
[2015/11/04 11:37:48.607] (INFO) Checkpointing off-heap server memory...
[2015/11/04 11:37:48.607] (INFO) Sending SIGTERM to 4 excess workers.
[2015/11/04 11:37:48.607] (INFO) Alien monitor (aliend): Detected no space aliens.
[2015/11/04 11:37:48.607] (INFO) Checkpointing off-heap server memory...
[2015/11/04 11:37:48.607] (INFO) Alien monitor (aliend): Detected no space aliens.
[2015/11/04 11:37:48.607] (INFO) User "fal8106" logged out due to inactivity (timeout=30 minutes).
[2015/11/04 11:37:48.607] (INFO) Network heartbeat check: All OK.
[2015/11/04 11:37:48.607] (WARN) Backup server 10.186.224.59 is offline.
[2015/11/04 11:37:48.607] (INFO) Your mother called. She says you never call her.
[2015/11/04 11:37:48.607] (INFO) Network heartbeat check: All OK.
[2015/11/04 11:37:48.607] (WARN) Retrying server log checkpoint.
[2015/11/04 11:37:48.607] (INFO) Checkpointing off-heap server memory...
[2015/11/04 11:37:48.607] (WARN) Ignoring SIGTERM. It's not that easy to get rid of me.
[2015/11/04 11:37:48.607] (ERROR) /dev/lp error: "PC LOAD LETTER"
[2015/11/04 11:37:48.607] (INFO) Network heartbeat check: All OK.
[2015/11/04 11:37:48.607] (INFO) .evian ylbirret si emehcs otpyrc ym neht ,siht daer nac uoy fI
[2015/11/04 11:37:48.607] (INFO) Checked file systems for errors: All filesystems OK.
[2015/11/04 11:37:48.607] (INFO) Supervisor has entered WAITING state.
[2015/11/04 11:37:48.607] (INFO) Flushed 74 buffers to disk.
[2015/11/04 11:37:48.607] (INFO) Supervisor has entered RESTARTING state.
[2015/11/04 11:37:48.607] (ERROR) User "rlv2843" failed to log in 3 times. Disabling account.
[2015/11/04 11:37:48.607] (INFO) Supervisor has entered WAITING state.
[2015/11/04 11:37:48.607] (INFO) .evian ylbirret si emehcs otpyrc ym neht ,siht daer nac uoy fI
[2015/11/04 11:37:48.607] (INFO) Checkpointing off-heap server memory...
[2015/11/04 11:37:48.607] (INFO) Waiting for monitor process (PID 13326) to die.
[2015/11/04 11:37:48.607] (INFO) Checked file systems for errors: All filesystems OK.
[2015/11/04 11:37:48.607] (ERROR) Unable to mount /dev/sdc2. (Time to run fsck?)
[2015/11/04 11:37:48.607] (INFO) User "qgb5268" logged in from 192.168.75.8.
[2015/11/04 11:37:48.607] (INFO) Your mother called. She says you never call her.
[2015/11/04 11:37:48.607] (INFO) Your mother called. She says you never call her.
[2015/11/04 11:37:48.607] (INFO) Your mother called. She says you never call her.
[2015/11/04 11:37:48.607] (INFO) Flushed 52 buffers to disk.
[2015/11/04 11:37:48.607] (WARN) Space on disk /dev/sdb1 is low: Only 715 MB available.
[2015/11/04 11:37:48.607] (INFO) Device 0x5728 is online.
[2015/11/04 11:37:48.607] (INFO) Waiting for monitor process (PID 14235) to die.
[2015/11/04 11:37:48.607] (INFO) Sending SIGTERM to 2 excess workers.
[2015/11/04 11:37:48.607] (ERROR) Unable to write to "/var/data/bJwFh94152.txt": Permission denied (EACCES)
[2015/11/04 11:37:48.607] (INFO) Alien monitor (aliend): Detected no space aliens.
[2015/11/04 11:37:48.607] (INFO) Flushed 78 buffers to disk.
[2015/11/04 11:37:48.607] (INFO) User "uwl9821" logged out due to inactivity (timeout=30 minutes).
[2015/11/04 11:37:48.607] (ERROR) Detected incoming DDoS from 172.16.9.231.
[2015/11/04 11:37:48.607] (INFO) Supervisor has entered SUSPENDED state.
[2015/11/04 11:37:48.607] (INFO) Network heartbeat check: All OK.
[2015/11/04 11:37:49.109] (INFO) Supervisor has entered RESTARTING state.
[2015/11/04 11:37:49.109] (ERROR) One of the flayrods has gone out askew on treadle.
[2015/11/04 11:37:49.109] (INFO) User "fgg7100" logged out.
[2015/11/04 11:37:49.109] (INFO) Your mother called. She says you never call her.
[2015/11/04 11:37:49.109] (ERROR) Extra characters at end of line.
[2015/11/04 11:37:49.109] (INFO) User "bmu3481" logged out due to inactivity (timeout=30 minutes).
[2015/11/04 11:37:49.109] (ERROR) Unable to write to "/var/data/waqDC64002.xslx": Permission denied (EACCES)
[2015/11/04 11:37:49.109] (INFO) Network heartbeat check: All OK.
[2015/11/04 11:37:49.109] (INFO) Sending SIGTERM to 3 excess workers.
[2015/11/04 11:37:49.109] (INFO) Supervisor has entered SUSPENDED state.
[2015/11/04 11:37:49.109] (INFO) Checked file systems for errors: All filesystems OK.
[2015/11/04 11:37:49.109] (INFO) Pinging watchdog timer process: Process is alive.
[2015/11/04 11:37:49.109] (INFO) Checkpointing off-heap server memory...
[2015/11/04 11:37:49.109] (INFO) Waiting for supervisor process (PID 39254) to die.
[2015/11/04 11:37:49.109] (INFO) .evian ylbirret si emehcs otpyrc ym neht ,siht daer nac uoy fI
[2015/11/04 11:37:49.109] (INFO) Checkpointing off-heap server memory...
[2015/11/04 11:37:49.109] (ERROR) One of the flayrods has gone out askew on treadle.
[2015/11/04 11:37:49.109] (INFO) Device 0xb9d7 is online.
[2015/11/04 11:37:49.109] (INFO) Rolling 2 log file(s)...
[2015/11/04 11:37:49.109] (INFO) Alien monitor (aliend): Detected no space aliens.
[2015/11/04 11:37:49.109] (INFO) User "nxo2857" logged out due to inactivity (timeout=30 minutes).
[2015/11/04 11:37:49.109] (INFO) User "itz4022" logged in from 172.16.57.82.
[2015/11/04 11:37:49.109] (INFO) Network heartbeat check: All OK.
[2015/11/04 11:37:49.109] (INFO) Checked file systems for errors: All filesystems OK.
[2015/11/04 11:37:49.109] (INFO) Checkpointing off-heap server memory...
[2015/11/04 11:37:49.109] (INFO) Backed up all server logs.
[2015/11/04 11:37:49.109] (INFO) .evian ylbirret si emehcs otpyrc ym neht ,siht daer nac uoy fI
[2015/11/04 11:37:49.109] (INFO) Checked file systems for errors: All filesystems OK.
[2015/11/04 11:37:49.109] (WARN) Retrying server log checkpoint.
[2015/11/04 11:37:49.109] (WARN) Possible cyber-attack from Alpha Centauri.
[2015/11/04 11:37:49.109] (ERROR) Connection to 10.219.188.222 terminated unexpectedly. Reconnecting.
[2015/11/04 11:37:49.109] (INFO) Pinging watchdog timer process: Process is alive.
[2015/11/04 11:37:49.109] (INFO) Pinging watchdog timer process: Process is alive.
[2015/11/04 11:37:49.109] (INFO) Flushed 84 buffers to disk.
[2015/11/04 11:37:49.109] (INFO) User "xtx2745" logged out.
[2015/11/04 11:37:49.109] (INFO) User "ntq7405" logged out due to inactivity (timeout=30 minutes).
[2015/11/04 11:37:49.109] (INFO) User "jxv4649" logged in from 192.168.152.155.
[2015/11/04 11:37:49.109] (INFO) Rolling 9 log file(s)...
[2015/11/04 11:37:49.109] (INFO) User "umm7311" logged out due to inactivity (timeout=30 minutes).
[2015/11/04 11:37:49.109] (INFO) Checkpointing off-heap server memory...
[2015/11/04 11:37:49.109] (INFO) Checkpointing off-heap server memory...
[2015/11/04 11:37:49.109] (WARN) Unable to ping monitor at 10.58.228.171. Retrying.
[2015/11/04 11:37:49.109] (INFO) Waiting for monitor process (PID 37973) to die.
[2015/11/04 11:37:49.109] (INFO) Supervisor has entered RESTARTING state.
[2015/11/04 11:37:49.109] (INFO) Flushed 89 buffers to disk.
[2015/11/04 11:37:49.109] (INFO) User "utz7920" logged out.
[2015/11/04 11:37:49.109] (INFO) User "sid6731" logged out.
[2015/11/04 11:37:49.109] (INFO) Waiting for master process (PID 57548) to die.
[2015/11/04 11:37:49.109] (INFO) Pinging watchdog timer process: Process is alive.
[2015/11/04 11:37:49.109] (INFO) User "eec2832" logged in from 192.168.253.98.
[2015/11/04 11:37:49.109] (INFO) User "wdo2699" logged out due to inactivity (timeout=30 minutes).
[2015/11/04 11:37:49.109] (INFO) Rolling 7 log file(s)...
[2015/11/04 11:37:49.109] (ERROR) Device 0x0af2 is offline
[2015/11/04 11:37:49.109] (INFO) User "jnm7437" logged out.
[2015/11/04 11:37:49.109] (WARN) Dropped 6,775 corrupt data packets.
[2015/11/04 11:37:49.109] (INFO) Sending SIGTERM to 4 excess workers.
[2015/11/04 11:37:49.109] (INFO) Checked file systems for errors: All filesystems OK.
[2015/11/04 11:37:49.109] (INFO) User "icw2813" logged in from 172.16.200.238.
[2015/11/04 11:37:49.109] (INFO) Waiting for master process (PID 60448) to die.
[2015/11/04 11:37:49.109] (INFO) Your mother called. She says you never call her.
[2015/11/04 11:37:49.109] (ERROR) Detected incoming DDoS from 172.16.209.23.
[2015/11/04 11:37:49.109] (INFO) User "okj8348" logged out.
[2015/11/04 11:37:49.109] (INFO) Pinging watchdog timer process: Process is alive.
[2015/11/04 11:37:49.109] (INFO) User "lbs6179" logged out due to inactivity (timeout=30 minutes).
[2015/11/04 11:37:49.109] (ERROR) Blocked Little Bobby Tables attack (https://xkcd.com/327/) from 172.16.231.18.
[2015/11/04 11:37:49.109] (INFO) User "hec6107" logged out due to inactivity (timeout=30 minutes).
[2015/11/04 11:37:49.109] (WARN) Ignoring SIGTERM. It's not that easy to get rid of me.
[2015/11/04 11:37:49.109] (INFO) Waiting for supervisor process (PID 32461) to die.
[2015/11/04 11:37:49.109] (INFO) Device 0x599b is online.
[2015/11/04 11:37:49.109] (INFO) User "got2874" logged out due to inactivity (timeout=30 minutes).
[2015/11/04 11:37:49.109] (INFO) Your mother called. She says you never call her.
[2015/11/04 11:37:49.109] (INFO) Rolling 4 log file(s)...
[2015/11/04 11:37:49.109] (INFO) Sending SIGTERM to 4 excess workers.
[2015/11/04 11:37:49.109] (WARN) Ignoring SIGTERM. It's not that easy to get rid of me.
[2015/11/04 11:37:49.109] (WARN) There is no such thing as a free lunch.
[2015/11/04 11:37:49.109] (ERROR) Server log backup FAILED. See backup logs.
[2015/11/04 11:37:49.109] (INFO) Sending SIGTERM to 4 excess workers.
[2015/11/04 11:37:49.109] (ERROR) Detected clock skew! Restarting NTP server.
[2015/11/04 11:37:49.109] (INFO) Flushed 86 buffers to disk.
[2015/11/04 11:37:49.109] (ERROR) Unable to authenticate user "mqq3499": LDAP server isn't responding.
[2015/11/04 11:37:49.109] (WARN) Backup server 192.168.73.61 is offline.
[2015/11/04 11:37:49.109] (INFO) Device 0xc148 is online.
[2015/11/04 11:37:49.109] (INFO) Supervisor has entered SUSPENDED state.
[2015/11/04 11:37:49.109] (INFO) Checked file systems for errors: All filesystems OK.
[2015/11/04 11:37:49.109] (INFO) Checked file systems for errors: All filesystems OK.
[2015/11/04 11:37:49.109] (INFO) Your mother called. She says you never call her.
[2015/11/04 11:37:49.109] (INFO) Checked file systems for errors: All filesystems OK.
[2015/11/04 11:37:49.109] (INFO) Checked file systems for errors: All filesystems OK.
[2015/11/04 11:37:49.109] (INFO) .evian ylbirret si emehcs otpyrc ym neht ,siht daer nac uoy fI
[2015/11/04 11:37:49.109] (WARN) Space on disk /dev/sdb3 is low: Only 810 MB available.
[2015/11/04 11:37:49.109] (INFO) Backed up all server logs.
[2015/11/04 11:37:49.109] (INFO) Network heartbeat check: All OK.
[2015/11/04 11:37:49.109] (INFO) User "hqc7555" logged out due to inactivity (timeout=30 minutes).
[2015/11/04 11:37:49.109] (INFO) Network heartbeat check: All OK.
[2015/11/04 11:37:49.109] (WARN) Dropped 13,557 corrupt data packets.
[2015/11/04 11:37:49.109] (INFO) Device 0xca68 is online.
[2015/11/04 11:37:49.109] (INFO) Alien monitor (aliend): Detected no space aliens.
[2015/11/04 11:37:49.109] (ERROR) Device 0x3441 is offline
[2015/11/04 11:37:49.109] (WARN) Backup server 172.16.175.0 is offline.
[2015/11/04 11:37:49.109] (INFO) User "anr7681" logged in from 192.168.235.163.
[2015/11/04 11:37:49.607] (INFO) Rolling 9 log file(s)...
[2015/11/04 11:37:49.607] (INFO) Alien monitor (aliend): Detected no space aliens.
[2015/11/04 11:37:49.607] (INFO) Backed up all server logs.
[2015/11/04 11:37:49.607] (INFO) Flushed 43 buffers to disk.
[2015/11/04 11:37:49.607] (INFO) User "nbq9030" logged out due to inactivity (timeout=30 minutes).
[2015/11/04 11:37:49.607] (INFO) Waiting for monitor process (PID 2112) to die.
[2015/11/04 11:37:49.607] (INFO) Sending SIGTERM to 2 excess workers.
[2015/11/04 11:37:49.607] (WARN) There is no such thing as a free lunch.
[2015/11/04 11:37:49.607] (ERROR) Blocked FTP traffic originating from 172.16.29.54.
[2015/11/04 11:37:49.607] (INFO) Waiting for worker process (PID 60809) to die.
[2015/11/04 11:37:49.607] (INFO) Waiting for supervisor process (PID 14419) to die.
[2015/11/04 11:37:49.607] (INFO) User "cap2275" logged out due to inactivity (timeout=30 minutes).
[2015/11/04 11:37:49.607] (INFO) Waiting for worker process (PID 34314) to die.
[2015/11/04 11:37:49.607] (INFO) Waiting for supervisor process (PID 3455) to die.
[2015/11/04 11:37:49.607] (INFO) Rolling 1 log file(s)...
[2015/11/04 11:37:49.607] (INFO) Supervisor has entered RESTARTING state.
[2015/11/04 11:37:49.607] (INFO) Checkpointing off-heap server memory...
[2015/11/04 11:37:49.607] (INFO) Pinging watchdog timer process: Process is alive.
[2015/11/04 11:37:49.607] (INFO) Pinging watchdog timer process: Process is alive.
[2015/11/04 11:37:49.607] (INFO) Your mother called. She says you never call her.
[2015/11/04 11:37:49.607] (INFO) User "rai8318" logged in from 10.220.128.54.
[2015/11/04 11:37:49.608] (INFO) Checked file systems for errors: All filesystems OK.
[2015/11/04 11:37:49.608] (INFO) Rolling 8 log file(s)...
[2015/11/04 11:37:49.608] (INFO) Sending SIGTERM to 4 excess workers.
[2015/11/04 11:37:49.608] (INFO) Pinging watchdog timer process: Process is alive.
[2015/11/04 11:37:49.608] (INFO) User "sjn3805" logged in from 192.168.208.170.
[2015/11/04 11:37:49.608] (ERROR) Server log backup FAILED. See backup logs.
[2015/11/04 11:37:49.608] (INFO) User "vdp8070" logged out.
[2015/11/04 11:37:49.608] (INFO) Alien monitor (aliend): Detected no space aliens.
[2015/11/04 11:37:49.608] (INFO) User "ogt4931" logged out due to inactivity (timeout=30 minutes).
[2015/11/04 11:37:49.608] (INFO) Checked file systems for errors: All filesystems OK.
[2015/11/04 11:37:49.608] (INFO) Device 0xb072 is online.
[2015/11/04 11:37:49.608] (INFO) User "dgb9414" logged out due to inactivity (timeout=30 minutes).
[2015/11/04 11:37:49.608] (INFO) Checked file systems for errors: All filesystems OK.
[2015/11/04 11:37:49.608] (INFO) Network heartbeat check: All OK.
[2015/11/04 11:37:49.608] (INFO) User "mpp4540" logged out.
[2015/11/04 11:37:49.608] (INFO) Checked file systems for errors: All filesystems OK.
[2015/11/04 11:37:49.608] (INFO) User "yts3518" logged in from 10.6.139.108.
[2015/11/04 11:37:49.608] (INFO) Device 0xcad6 is online.
[2015/11/04 11:37:49.608] (WARN) Watchdog timer crashed. Restarting it.
[2015/11/04 11:37:49.608] (ERROR) Blocked Little Bobby Tables attack (https://xkcd.com/327/) from 192.168.241.67.
[2015/11/04 11:37:49.608] (INFO) User "tke5018" logged out.
[2015/11/04 11:37:49.608] (ERROR) "/var/data/tWvNC67032.zip": No such file or directory (ENOENT)
[2015/11/04 11:37:49.608] (INFO) .evian ylbirret si emehcs otpyrc ym neht ,siht daer nac uoy fI
[2015/11/04 11:37:49.608] (INFO) Your mother called. She says you never call her.
[2015/11/04 11:37:49.608] (INFO) Checked file systems for errors: All filesystems OK.
[2015/11/04 11:37:49.608] (INFO) .evian ylbirret si emehcs otpyrc ym neht ,siht daer nac uoy fI
[2015/11/04 11:37:49.608] (ERROR) Failed to write checkpoint file "/var/checkpoint/jDMUl62855: No space left on device (ENOSPC)
[2015/11/04 11:37:49.608] (INFO) Supervisor has entered SUSPENDED state.
[2015/11/04 11:37:49.608] (ERROR) Worker 1 died with SIGINT. Restarting it.
[2015/11/04 11:37:49.608] (INFO) Waiting for worker process (PID 34701) to die.
[2015/11/04 11:37:49.608] (INFO) User "fcf1595" logged out due to inactivity (timeout=30 minutes).
[2015/11/04 11:37:49.608] (INFO) User "pwt4371" logged out due to inactivity (timeout=30 minutes).
[2015/11/04 11:37:49.608] (INFO) Alien monitor (aliend): Detected no space aliens.
[2015/11/04 11:37:49.608] (INFO) .evian ylbirret si emehcs otpyrc ym neht ,siht daer nac uoy fI
[2015/11/04 11:37:49.608] (ERROR) Unable to authenticate user "ugc4104": LDAP server isn't responding.
[2015/11/04 11:37:49.608] (INFO) Backed up all server logs.
[2015/11/04 11:37:49.608] (INFO) Sending SIGTERM to 3 excess workers.
[2015/11/04 11:37:49.608] (ERROR) EFOODFAIL (Waiter, there's a fly in my soup).
[2015/11/04 11:37:49.608] (INFO) Waiting for monitor process (PID 45989) to die.
[2015/11/04 11:37:49.608] (INFO) Waiting for worker process (PID 13602) to die.
[2015/11/04 11:37:49.608] (INFO) Checked file systems for errors: All filesystems OK.
[2015/11/04 11:37:49.608] (INFO) Your mother called. She says you never call her.
[2015/11/04 11:37:49.608] (INFO) .evian ylbirret si emehcs otpyrc ym neht ,siht daer nac uoy fI
[2015/11/04 11:37:49.608] (INFO) .evian ylbirret si emehcs otpyrc ym neht ,siht daer nac uoy fI
[2015/11/04 11:37:49.608] (INFO) User "byq4990" logged in from 10.244.105.71.
[2015/11/04 11:37:49.608] (INFO) Alien monitor (aliend): Detected no space aliens.
[2015/11/04 11:37:49.608] (INFO) Supervisor has entered SUSPENDED state.
[2015/11/04 11:37:49.608] (INFO) Device 0x38a2 is online.
[2015/11/04 11:37:49.608] (WARN) Unable to ping monitor at 10.33.103.193. Retrying.
[2015/11/04 11:37:49.608] (INFO) Checked file systems for errors: All filesystems OK.
[2015/11/04 11:37:49.608] (INFO) Alien monitor (aliend): Detected no space aliens.
[2015/11/04 11:37:49.608] (ERROR) CPU temperature exceeds 50º Celsius. Shutting down.
[2015/11/04 11:37:49.608] (INFO) Backed up all server logs.
[2015/11/04 11:37:49.608] (INFO) Rolling 1 log file(s)...
[2015/11/04 11:37:49.608] (INFO) Your mother called. She says you never call her.
[2015/11/04 11:37:49.608] (ERROR) Alien monitor (aliend): 3 space aliens are fiddling with the hardware!
[2015/11/04 11:37:49.608] (INFO) Checkpointing off-heap server memory...
[2015/11/04 11:37:49.608] (INFO) Checked file systems for errors: All filesystems OK.
[2015/11/04 11:37:49.608] (INFO) User "vpm8472" logged in from 10.137.115.217.
[2015/11/04 11:37:49.608] (INFO) Checked file systems for errors: All filesystems OK.
[2015/11/04 11:37:49.608] (INFO) .evian ylbirret si emehcs otpyrc ym neht ,siht daer nac uoy fI
[2015/11/04 11:37:49.608] (ERROR) CPU temperature exceeds 50º Celsius. Shutting down.
[2015/11/04 11:37:49.608] (INFO) Checkpointing off-heap server memory...
[2015/11/04 11:37:49.608] (ERROR) /dev/lp error: "PC LOAD LETTER"
[2015/11/04 11:37:49.608] (WARN) Watchdog timer crashed. Restarting it.
[2015/11/04 11:37:49.608] (INFO) Network heartbeat check: All OK.
[2015/11/04 11:37:49.608] (ERROR) /dev/lp error: "PC LOAD LETTER"
[2015/11/04 11:37:49.608] (INFO) Rolling 9 log file(s)...
[2015/11/04 11:37:49.608] (INFO) User "xuo1627" logged out due to inactivity (timeout=30 minutes).
[2015/11/04 11:37:49.608] (INFO) Rolling 9 log file(s)...
[2015/11/04 11:37:49.608] (WARN) CPU temperature exceeds 40º Celsius.
[2015/11/04 11:37:49.608] (INFO) Checkpointing off-heap server memory...
[2015/11/04 11:37:49.608] (INFO) Rolling 5 log file(s)...
[2015/11/04 11:37:49.608] (INFO) Supervisor has entered WAITING state.
[2015/11/04 11:37:49.608] (WARN) Retrying server log checkpoint.
[2015/11/04 11:37:49.608] (INFO) Pinging watchdog timer process: Process is alive.
[2015/11/04 11:37:49.608] (WARN) CPU temperature exceeds 40º Celsius.
[2015/11/04 11:37:49.608] (INFO) Checked file systems for errors: All filesystems OK.
[2015/11/04 11:37:49.608] (INFO) Device 0x409f is online.
[2015/11/04 11:37:50.108] (INFO) Checkpointing off-heap server memory...
[2015/11/04 11:37:50.108] (ERROR) "/var/data/zywXL57454.tsv": Permission denied (EACCES)
[2015/11/04 11:37:50.108] (INFO) Checkpointing off-heap server memory...
[2015/11/04 11:37:50.108] (INFO) Flushed 26 buffers to disk.
[2015/11/04 11:37:50.108] (INFO) Supervisor has entered RESTARTING state.
[2015/11/04 11:37:50.108] (INFO) Supervisor has entered RUNNING state.
[2015/11/04 11:37:50.108] (INFO) User "ksq3515" logged out due to inactivity (timeout=30 minutes).
[2015/11/04 11:37:50.108] (INFO) .evian ylbirret si emehcs otpyrc ym neht ,siht daer nac uoy fI
[2015/11/04 11:37:50.108] (INFO) .evian ylbirret si emehcs otpyrc ym neht ,siht daer nac uoy fI
[2015/11/04 11:37:50.108] (INFO) User "yac9175" logged in from 172.16.70.12.
[2015/11/04 11:37:50.108] (INFO) User "phe2563" logged out.
[2015/11/04 11:37:50.108] (INFO) .evian ylbirret si emehcs otpyrc ym neht ,siht daer nac uoy fI
[2015/11/04 11:37:50.108] (WARN) Unable to ping supervisor at 10.23.167.0. Retrying.
[2015/11/04 11:37:50.108] (INFO) Rolling 2 log file(s)...
[2015/11/04 11:37:50.108] (INFO) Sending SIGTERM to 2 excess workers.
[2015/11/04 11:37:50.108] (ERROR) Alien monitor (aliend): 4 space aliens are fiddling with the hardware!
[2015/11/04 11:37:50.108] (WARN) Ignoring SIGTERM. It's not that easy to get rid of me.
[2015/11/04 11:37:50.108] (INFO) Device 0x5b74 is online.
[2015/11/04 11:37:50.108] (INFO) User "hbd4871" logged out due to inactivity (timeout=30 minutes).
[2015/11/04 11:37:50.108] (INFO) Pinging watchdog timer process: Process is alive.
[2015/11/04 11:37:50.108] (WARN) Possible cyber-attack from Russia.
[2015/11/04 11:37:50.108] (INFO) User "nuc9325" logged out.
[2015/11/04 11:37:50.108] (INFO) Supervisor has entered RUNNING state.
[2015/11/04 11:37:50.108] (INFO) Checked file systems for errors: All filesystems OK.
[2015/11/04 11:37:50.108] (INFO) .evian ylbirret si emehcs otpyrc ym neht ,siht daer nac uoy fI
[2015/11/04 11:37:50.108] (INFO) Checked file systems for errors: All filesystems OK.
[2015/11/04 11:37:50.108] (INFO) Your mother called. She says you never call her.
[2015/11/04 11:37:50.108] (INFO) Device 0x272f is online.
[2015/11/04 11:37:50.108] (INFO) Checked file systems for errors: All filesystems OK.
[2015/11/04 11:37:50.108] (INFO) Network heartbeat check: All OK.
[2015/11/04 11:37:50.108] (ERROR) Extra characters at end of line.
[2015/11/04 11:37:50.108] (INFO) Your mother called. She says you never call her.
[2015/11/04 11:37:50.108] (WARN) Unable to ping monitor at 192.168.12.173. Retrying.
[2015/11/04 11:37:50.108] (INFO) User "yny5419" logged out due to inactivity (timeout=30 minutes).
[2015/11/04 11:37:50.108] (INFO) Checked file systems for errors: All filesystems OK.
[2015/11/04 11:37:50.108] (INFO) Network heartbeat check: All OK.
[2015/11/04 11:37:50.108] (INFO) Supervisor has entered RESTARTING state.
[2015/11/04 11:37:50.108] (ERROR) Unable to mount /dev/sde2. (Time to run fsck?)
[2015/11/04 11:37:50.108] (INFO) Your mother called. She says you never call her.
[2015/11/04 11:37:50.108] (INFO) Checked file systems for errors: All filesystems OK.
[2015/11/04 11:37:50.108] (INFO) Checkpointing off-heap server memory...
[2015/11/04 11:37:50.108] (INFO) Backed up all server logs.
[2015/11/04 11:37:50.108] (INFO) User "ttv2118" logged out.
[2015/11/04 11:37:50.108] (INFO) Checkpointing off-heap server memory...
[2015/11/04 11:37:50.108] (INFO) Waiting for monitor process (PID 15216) to die.
[2015/11/04 11:37:50.108] (ERROR) Unable to authenticate user "zfb7104": LDAP server isn't responding.
[2015/11/04 11:37:50.108] (ERROR) Device 0xca28 is offline
[2015/11/04 11:37:50.108] (INFO) Device 0x6497 is online.
[2015/11/04 11:37:50.108] (INFO) Alien monitor (aliend): Detected no space aliens.
[2015/11/04 11:37:50.108] (INFO) User "yak9017" logged in from 192.168.69.59.
[2015/11/04 11:37:50.108] (INFO) Flushed 35 buffers to disk.
[2015/11/04 11:37:50.108] (INFO) Waiting for supervisor process (PID 24183) to die.
[2015/11/04 11:37:50.108] (INFO) Flushed 46 buffers to disk.
[2015/11/04 11:37:50.108] (ERROR) User "gvg4967" failed to log in 3 times. Disabling account.
[2015/11/04 11:37:50.108] (INFO) Checked file systems for errors: All filesystems OK.
[2015/11/04 11:37:50.108] (INFO) User "rzc8756" logged out due to inactivity (timeout=30 minutes).
[2015/11/04 11:37:50.108] (INFO) Alien monitor (aliend): Detected no space aliens.
[2015/11/04 11:37:50.108] (ERROR) Failed to open "/mnt/fileserver01/fznxc94409.xslx": NFS timeout.
[2015/11/04 11:37:50.108] (WARN) Unable to ping worker at 172.16.190.85. Retrying.
[2015/11/04 11:37:50.108] (INFO) Flushed 31 buffers to disk.
[2015/11/04 11:37:50.108] (INFO) Flushed 40 buffers to disk.
[2015/11/04 11:37:50.108] (WARN) CPU temperature exceeds 40º Celsius.
[2015/11/04 11:37:50.108] (WARN) Backup server 10.173.230.41 is offline.
[2015/11/04 11:37:50.108] (INFO) User "anr4715" logged out due to inactivity (timeout=30 minutes).
[2015/11/04 11:37:50.108] (INFO) Sending SIGTERM to 2 excess workers.
[2015/11/04 11:37:50.108] (INFO) Network heartbeat check: All OK.
[2015/11/04 11:37:50.108] (INFO) .evian ylbirret si emehcs otpyrc ym neht ,siht daer nac uoy fI
[2015/11/04 11:37:50.108] (INFO) Checkpointing off-heap server memory...
[2015/11/04 11:37:50.108] (INFO) Your mother called. She says you never call her.
[2015/11/04 11:37:50.108] (INFO) Sending SIGTERM to 3 excess workers.
[2015/11/04 11:37:50.108] (INFO) Network heartbeat check: All OK.
[2015/11/04 11:37:50.108] (WARN) There is no such thing as a free lunch.
[2015/11/04 11:37:50.108] (INFO) Waiting for supervisor process (PID 6870) to die.
[2015/11/04 11:37:50.108] (INFO) Device 0x2e5e is online.
[2015/11/04 11:37:50.108] (INFO) Alien monitor (aliend): Detected no space aliens.
[2015/11/04 11:37:50.108] (INFO) Rolling 8 log file(s)...
[2015/11/04 11:37:50.108] (INFO) Alien monitor (aliend): Detected no space aliens.
[2015/11/04 11:37:50.108] (INFO) Your mother called. She says you never call her.
[2015/11/04 11:37:50.108] (INFO) Your mother called. She says you never call her.
[2015/11/04 11:37:50.108] (INFO) Sending SIGTERM to 3 excess workers.
[2015/11/04 11:37:50.108] (INFO) User "ric9602" logged in from 172.16.63.121.
[2015/11/04 11:37:50.108] (INFO) Waiting for supervisor process (PID 55271) to die.
[2015/11/04 11:37:50.108] (INFO) Supervisor has entered WAITING state.
[2015/11/04 11:37:50.108] (INFO) Checkpointing off-heap server memory...
[2015/11/04 11:37:50.108] (ERROR) Directory index of "/var/data" is forbidden.
[2015/11/04 11:37:50.108] (INFO) .evian ylbirret si emehcs otpyrc ym neht ,siht daer nac uoy fI
[2015/11/04 11:37:50.108] (WARN) Watchdog timer crashed. Restarting it.
[2015/11/04 11:37:50.108] (INFO) User "sbo5051" logged out due to inactivity (timeout=30 minutes).
[2015/11/04 11:37:50.108] (INFO) Waiting for worker process (PID 6630) to die.
[2015/11/04 11:37:50.108] (INFO) Backed up all server logs.
[2015/11/04 11:37:50.108] (INFO) Waiting for master process (PID 32812) to die.
[2015/11/04 11:37:50.108] (INFO) Device 0x1ec6 is online.
[2015/11/04 11:37:50.108] (ERROR) Failed to write checkpoint file "/var/checkpoint/ikdMV57752: No space left on device (ENOSPC)
[2015/11/04 11:37:50.108] (INFO) Alien monitor (aliend): Detected no space aliens.
[2015/11/04 11:37:50.108] (INFO) .evian ylbirret si emehcs otpyrc ym neht ,siht daer nac uoy fI
[2015/11/04 11:37:50.108] (INFO) Your mother called. She says you never call her.
[2015/11/04 11:37:50.108] (INFO) Backed up all server logs.
[2015/11/04 11:37:50.108] (INFO) User "onn2048" logged out.
[2015/11/04 11:37:50.108] (ERROR) Server log backup FAILED. See backup logs.
[2015/11/04 11:37:50.108] (INFO) Device 0x4afb is online.
[2015/11/04 11:37:50.607] (INFO) .evian ylbirret si emehcs otpyrc ym neht ,siht daer nac uoy fI
[2015/11/04 11:37:50.607] (INFO) Supervisor has entered WAITING state.
[2015/11/04 11:37:50.607] (INFO) Checked file systems for errors: All filesystems OK.
[2015/11/04 11:37:50.607] (INFO) Supervisor has entered SUSPENDED state.
[2015/11/04 11:37:50.607] (INFO) .evian ylbirret si emehcs otpyrc ym neht ,siht daer nac uoy fI
[2015/11/04 11:37:50.607] (INFO) User "oxx5531" logged out.
[2015/11/04 11:37:50.607] (INFO) Checked file systems for errors: All filesystems OK.
[2015/11/04 11:37:50.607] (INFO) Checkpointing off-heap server memory...
[2015/11/04 11:37:50.607] (INFO) .evian ylbirret si emehcs otpyrc ym neht ,siht daer nac uoy fI
[2015/11/04 11:37:50.607] (INFO) Backed up all server logs.
[2015/11/04 11:37:50.607] (INFO) Network heartbeat check: All OK.
[2015/11/04 11:37:50.607] (INFO) User "zvy8507" logged in from 172.16.204.146.
[2015/11/04 11:37:50.607] (INFO) Network heartbeat check: All OK.
[2015/11/04 11:37:50.607] (INFO) Checked file systems for errors: All filesystems OK.
[2015/11/04 11:37:50.607] (WARN) Retrying server log checkpoint.
[2015/11/04 11:37:50.607] (INFO) User "mhx5897" logged out due to inactivity (timeout=30 minutes).
[2015/11/04 11:37:50.607] (WARN) Network heartbeat check: 17 server(s) did not respond.
[2015/11/04 11:37:50.607] (INFO) Sending SIGTERM to 4 excess workers.
[2015/11/04 11:37:50.607] (INFO) Checkpointing off-heap server memory...
[2015/11/04 11:37:50.607] (INFO) Backed up all server logs.
[2015/11/04 11:37:50.607] (INFO) Waiting for worker process (PID 36218) to die.
[2015/11/04 11:37:50.607] (INFO) Sending SIGTERM to 3 excess workers.
[2015/11/04 11:37:50.607] (INFO) Backed up all server logs.
[2015/11/04 11:37:50.607] (INFO) User "nbb5807" logged out due to inactivity (timeout=30 minutes).
[2015/11/04 11:37:50.607] (WARN) Network heartbeat check: 11 server(s) did not respond.
[2015/11/04 11:37:50.607] (INFO) Flushed 58 buffers to disk.
[2015/11/04 11:37:50.607] (INFO) User "akg8833" logged in from 192.168.129.201.
[2015/11/04 11:37:50.607] (INFO) Supervisor has entered RESTARTING state.
[2015/11/04 11:37:50.607] (ERROR) Alien monitor (aliend): 3 space aliens are fiddling with the hardware!
[2015/11/04 11:37:50.607] (INFO) Checked file systems for errors: All filesystems OK.
[2015/11/04 11:37:50.607] (INFO) Supervisor has entered RUNNING state.
[2015/11/04 11:37:50.607] (INFO) Sending SIGTERM to 2 excess workers.
[2015/11/04 11:37:50.607] (INFO) Alien monitor (aliend): Detected no space aliens.
[2015/11/04 11:37:50.607] (INFO) User "aqy7624" logged in from 192.168.183.199.
[2015/11/04 11:37:50.607] (ERROR) Unable to write to "/var/data/TIEPS58283.tar.gz": Permission denied (EACCES)
[2015/11/04 11:37:50.607] (INFO) Backed up all server logs.
[2015/11/04 11:37:50.607] (INFO) Alien monitor (aliend): Detected no space aliens.
[2015/11/04 11:37:50.607] (INFO) Your mother called. She says you never call her.
[2015/11/04 11:37:50.607] (INFO) .evian ylbirret si emehcs otpyrc ym neht ,siht daer nac uoy fI
[2015/11/04 11:37:50.607] (INFO) .evian ylbirret si emehcs otpyrc ym neht ,siht daer nac uoy fI
[2015/11/04 11:37:50.607] (INFO) Flushed 40 buffers to disk.
[2015/11/04 11:37:50.607] (INFO) .evian ylbirret si emehcs otpyrc ym neht ,siht daer nac uoy fI
[2015/11/04 11:37:50.607] (INFO) Rolling 2 log file(s)...
[2015/11/04 11:37:50.607] (INFO) Supervisor has entered SUSPENDED state.
[2015/11/04 11:37:50.607] (INFO) Checked file systems for errors: All filesystems OK.
[2015/11/04 11:37:50.607] (INFO) Device 0x774e is online.
[2015/11/04 11:37:50.607] (INFO) Rolling 4 log file(s)...
[2015/11/04 11:37:50.607] (INFO) Sending SIGTERM to 2 excess workers.
[2015/11/04 11:37:50.607] (INFO) Waiting for supervisor process (PID 18969) to die.
[2015/11/04 11:37:50.607] (INFO) Supervisor has entered RESTARTING state.
[2015/11/04 11:37:50.607] (WARN) Possible cyber-attack from The Cayman Islands.
[2015/11/04 11:37:50.607] (INFO) Rolling 2 log file(s)...
[2015/11/04 11:37:50.607] (ERROR) Alien monitor (aliend): 3 space aliens are fiddling with the hardware!
[2015/11/04 11:37:50.607] (ERROR) Failed to open "/mnt/fileserver02/mDGka61993.parquet": NFS timeout.
[2015/11/04 11:37:50.607] (INFO) Pinging watchdog timer process: Process is alive.
[2015/11/04 11:37:50.607] (INFO) Supervisor has entered RESTARTING state.
[2015/11/04 11:37:50.607] (INFO) Checked file systems for errors: All filesystems OK.
[2015/11/04 11:37:50.607] (INFO) User "ckd8837" logged out.
[2015/11/04 11:37:50.607] (INFO) User "jye5558" logged out.
[2015/11/04 11:37:50.607] (INFO) Backed up all server logs.
[2015/11/04 11:37:50.607] (INFO) Supervisor has entered SUSPENDED state.
[2015/11/04 11:37:50.607] (INFO) Checked file systems for errors: All filesystems OK.
[2015/11/04 11:37:50.607] (INFO) Pinging watchdog timer process: Process is alive.
[2015/11/04 11:37:50.607] (INFO) User "psj8429" logged out due to inactivity (timeout=30 minutes).
[2015/11/04 11:37:50.607] (INFO) Network heartbeat check: All OK.
[2015/11/04 11:37:50.607] (INFO) Sending SIGTERM to 4 excess workers.
[2015/11/04 11:37:50.607] (INFO) Rolling 3 log file(s)...
[2015/11/04 11:37:50.607] (INFO) Flushed 26 buffers to disk.
[2015/11/04 11:37:50.607] (INFO) Rolling 4 log file(s)...
[2015/11/04 11:37:50.607] (INFO) Rolling 6 log file(s)...
[2015/11/04 11:37:50.607] (INFO) Sending SIGTERM to 2 excess workers.
[2015/11/04 11:37:50.607] (INFO) Checkpointing off-heap server memory...
[2015/11/04 11:37:50.607] (ERROR) Device 0x109c is offline
[2015/11/04 11:37:50.607] (INFO) Your mother called. She says you never call her.
[2015/11/04 11:37:50.607] (ERROR) Worker 8 died with SIGQUIT. Restarting it.
[2015/11/04 11:37:50.607] (WARN) Retrying server log checkpoint.
[2015/11/04 11:37:50.607] (INFO) User "jsd2555" logged out.
[2015/11/04 11:37:50.607] (INFO) Rolling 2 log file(s)...
[2015/11/04 11:37:50.607] (INFO) Alien monitor (aliend): Detected no space aliens.
[2015/11/04 11:37:50.607] (WARN) Watchdog timer crashed. Restarting it.
[2015/11/04 11:37:50.607] (INFO) Waiting for supervisor process (PID 36330) to die.
[2015/11/04 11:37:50.607] (INFO) Flushed 82 buffers to disk.
[2015/11/04 11:37:50.608] (WARN) Possible cyber-attack from China.
[2015/11/04 11:37:50.608] (ERROR) Detected incoming DDoS from 172.16.160.19.
[2015/11/04 11:37:50.608] (INFO) Sending SIGTERM to 3 excess workers.
[2015/11/04 11:37:50.608] (INFO) Alien monitor (aliend): Detected no space aliens.
[2015/11/04 11:37:50.608] (WARN) Watchdog timer crashed. Restarting it.
[2015/11/04 11:37:50.608] (INFO) Device 0xbb40 is online.
[2015/11/04 11:37:50.608] (INFO) Flushed 96 buffers to disk.
[2015/11/04 11:37:50.608] (INFO) Network heartbeat check: All OK.
[2015/11/04 11:37:50.608] (INFO) Pinging watchdog timer process: Process is alive.
[2015/11/04 11:37:50.608] (INFO) Pinging watchdog timer process: Process is alive.
[2015/11/04 11:37:50.608] (INFO) Supervisor has entered RESTARTING state.
[2015/11/04 11:37:50.608] (WARN) Network heartbeat check: 18 server(s) did not respond.
[2015/11/04 11:37:50.608] (INFO) Pinging watchdog timer process: Process is alive.
[2015/11/04 11:37:50.608] (INFO) User "ohe3710" logged in from 10.241.179.176.
[2015/11/04 11:37:50.608] (INFO) Waiting for master process (PID 45066) to die.
[2015/11/04 11:37:50.608] (INFO) User "jrr6181" logged out due to inactivity (timeout=30 minutes).
[2015/11/04 11:37:50.608] (WARN) Dropped 913 corrupt data packets.
[2015/11/04 11:37:50.608] (INFO) Alien monitor (aliend): Detected no space aliens.
[2015/11/04 11:37:51.108] (INFO) Network heartbeat check: All OK.
[2015/11/04 11:37:51.108] (WARN) CPU temperature exceeds 40º Celsius.
[2015/11/04 11:37:51.108] (INFO) User "wjt2873" logged in from 172.16.0.80.
[2015/11/04 11:37:51.108] (INFO) Device 0x69da is online.
[2015/11/04 11:37:51.108] (INFO) Pinging watchdog timer process: Process is alive.
[2015/11/04 11:37:51.108] (INFO) Device 0x3e3a is online.
[2015/11/04 11:37:51.108] (WARN) CPU temperature exceeds 40º Celsius.
[2015/11/04 11:37:51.108] (INFO) Device 0xf529 is online.
[2015/11/04 11:37:51.108] (INFO) User "hce3774" logged in from 10.123.200.27.
[2015/11/04 11:37:51.108] (INFO) Network heartbeat check: All OK.
[2015/11/04 11:37:51.108] (WARN) Dropped 10,494 corrupt data packets.
[2015/11/04 11:37:51.108] (INFO) Pinging watchdog timer process: Process is alive.
[2015/11/04 11:37:51.108] (INFO) User "exs4300" logged out.
[2015/11/04 11:37:51.108] (INFO) Pinging watchdog timer process: Process is alive.
[2015/11/04 11:37:51.108] (INFO) Sending SIGTERM to 4 excess workers.
[2015/11/04 11:37:51.108] (INFO) Sending SIGTERM to 2 excess workers.
[2015/11/04 11:37:51.108] (INFO) Supervisor has entered RESTARTING state.
[2015/11/04 11:37:51.108] (ERROR) Directory index of "/var/data" is forbidden.
[2015/11/04 11:37:51.108] (INFO) Pinging watchdog timer process: Process is alive.
[2015/11/04 11:37:51.108] (INFO) User "tug9472" logged in from 192.168.240.236.
[2015/11/04 11:37:51.108] (INFO) Your mother called. She says you never call her.
[2015/11/04 11:37:51.108] (INFO) Alien monitor (aliend): Detected no space aliens.
[2015/11/04 11:37:51.108] (ERROR) Blocked SMTP traffic originating from 172.16.60.202.
[2015/11/04 11:37:51.108] (INFO) Device 0xe232 is online.
[2015/11/04 11:37:51.108] (INFO) Checkpointing off-heap server memory...
[2015/11/04 11:37:51.108] (WARN) Unable to ping worker at 172.16.56.206. Retrying.
[2015/11/04 11:37:51.108] (INFO) Your mother called. She says you never call her.
[2015/11/04 11:37:51.108] (INFO) User "xng5274" logged in from 192.168.193.164.
[2015/11/04 11:37:51.108] (INFO) Network heartbeat check: All OK.
[2015/11/04 11:37:51.108] (WARN) Unable to ping supervisor at 192.168.185.184. Retrying.
[2015/11/04 11:37:51.108] (ERROR) Detected incoming DDoS from 192.168.126.110.
[2015/11/04 11:37:51.108] (WARN) Network heartbeat check: 2 server(s) did not respond.
[2015/11/04 11:37:51.108] (ERROR) CPU temperature exceeds 50º Celsius. Shutting down.
[2015/11/04 11:37:51.108] (INFO) User "txq5585" logged out due to inactivity (timeout=30 minutes).
[2015/11/04 11:37:51.108] (INFO) .evian ylbirret si emehcs otpyrc ym neht ,siht daer nac uoy fI
[2015/11/04 11:37:51.108] (INFO) Checked file systems for errors: All filesystems OK.
[2015/11/04 11:37:51.108] (INFO) Supervisor has entered SUSPENDED state.
[2015/11/04 11:37:51.108] (INFO) Pinging watchdog timer process: Process is alive.
[2015/11/04 11:37:51.108] (INFO) Flushed 65 buffers to disk.
[2015/11/04 11:37:51.108] (ERROR) CPU temperature exceeds 50º Celsius. Shutting down.
[2015/11/04 11:37:51.108] (INFO) .evian ylbirret si emehcs otpyrc ym neht ,siht daer nac uoy fI
[2015/11/04 11:37:51.108] (ERROR) Blocked Little Bobby Tables attack (https://xkcd.com/327/) from 192.168.41.192.
[2015/11/04 11:37:51.108] (INFO) Sending SIGTERM to 3 excess workers.
[2015/11/04 11:37:51.108] (INFO) Checkpointing off-heap server memory...
[2015/11/04 11:37:51.108] (INFO) Pinging watchdog timer process: Process is alive.
[2015/11/04 11:37:51.108] (WARN) Unable to ping monitor at 192.168.193.64. Retrying.
[2015/11/04 11:37:51.108] (INFO) Backed up all server logs.
[2015/11/04 11:37:51.108] (INFO) Supervisor has entered WAITING state.
[2015/11/04 11:37:51.108] (INFO) User "zsd7309" logged out due to inactivity (timeout=30 minutes).
[2015/11/04 11:37:51.108] (INFO) User "yxj8121" logged in from 172.16.43.232.
[2015/11/04 11:37:51.108] (INFO) Backed up all server logs.
[2015/11/04 11:37:51.108] (ERROR) /dev/lp error: "PC LOAD LETTER"
[2015/11/04 11:37:51.108] (INFO) Rolling 6 log file(s)...
[2015/11/04 11:37:51.108] (WARN) Possible cyber-attack from The Cayman Islands.
[2015/11/04 11:37:51.108] (INFO) Checkpointing off-heap server memory...
[2015/11/04 11:37:51.108] (INFO) Pinging watchdog timer process: Process is alive.
[2015/11/04 11:37:51.108] (INFO) Checked file systems for errors: All filesystems OK.
[2015/11/04 11:37:51.108] (INFO) Pinging watchdog timer process: Process is alive.
[2015/11/04 11:37:51.108] (INFO) User "ulb3858" logged in from 192.168.127.249.
[2015/11/04 11:37:51.108] (INFO) Flushed 27 buffers to disk.
[2015/11/04 11:37:51.108] (INFO) Sending SIGTERM to 2 excess workers.
[2015/11/04 11:37:51.108] (INFO) Rolling 9 log file(s)...
[2015/11/04 11:37:51.108] (INFO) Backed up all server logs.
[2015/11/04 11:37:51.108] (INFO) Waiting for monitor process (PID 16399) to die.
[2015/11/04 11:37:51.108] (ERROR) Failed to write checkpoint file "/var/checkpoint/ewPFC78852: No space left on device (ENOSPC)
[2015/11/04 11:37:51.108] (INFO) User "soq6892" logged in from 10.173.199.171.
[2015/11/04 11:37:51.108] (WARN) Ignoring SIGTERM. It's not that easy to get rid of me.
[2015/11/04 11:37:51.108] (INFO) User "vwf6034" logged out due to inactivity (timeout=30 minutes).
[2015/11/04 11:37:51.108] (INFO) Supervisor has entered RUNNING state.
[2015/11/04 11:37:51.108] (INFO) Backed up all server logs.
[2015/11/04 11:37:51.108] (INFO) Network heartbeat check: All OK.
[2015/11/04 11:37:51.108] (INFO) Checked file systems for errors: All filesystems OK.
[2015/11/04 11:37:51.108] (INFO) Your mother called. She says you never call her.
[2015/11/04 11:37:51.108] (INFO) Network heartbeat check: All OK.
[2015/11/04 11:37:51.108] (ERROR) "/var/data/iSQpj65273.xslx": Permission denied (EACCES)
[2015/11/04 11:37:51.108] (INFO) Checked file systems for errors: All filesystems OK.
[2015/11/04 11:37:51.108] (INFO) Checkpointing off-heap server memory...
[2015/11/04 11:37:51.108] (ERROR) Blocked SSH traffic originating from 192.168.6.185.
[2015/11/04 11:37:51.108] (INFO) Network heartbeat check: All OK.
[2015/11/04 11:37:51.108] (WARN) Ignoring SIGTERM. It's not that easy to get rid of me.
[2015/11/04 11:37:51.108] (INFO) Waiting for master process (PID 61476) to die.
[2015/11/04 11:37:51.108] (INFO) Supervisor has entered RESTARTING state.
[2015/11/04 11:37:51.108] (INFO) Sending SIGTERM to 3 excess workers.
[2015/11/04 11:37:51.108] (INFO) Sending SIGTERM to 4 excess workers.
[2015/11/04 11:37:51.108] (INFO) Waiting for monitor process (PID 29622) to die.
[2015/11/04 11:37:51.108] (INFO) Flushed 99 buffers to disk.
[2015/11/04 11:37:51.108] (INFO) Backed up all server logs.
[2015/11/04 11:37:51.108] (WARN) Space on disk /dev/sdb2 is low: Only 216 MB available.
[2015/11/04 11:37:51.108] (INFO) Device 0xf075 is online.
[2015/11/04 11:37:51.108] (INFO) Waiting for worker process (PID 53308) to die.
[2015/11/04 11:37:51.108] (WARN) CPU temperature exceeds 40º Celsius.
[2015/11/04 11:37:51.108] (INFO) Pinging watchdog timer process: Process is alive.
[2015/11/04 11:37:51.108] (WARN) Unable to ping supervisor at 10.205.245.114. Retrying.
[2015/11/04 11:37:51.108] (INFO) Alien monitor (aliend): Detected no space aliens.
[2015/11/04 11:37:51.108] (WARN) Master took 922 ms to respond (threshold=500 ms)
[2015/11/04 11:37:51.108] (INFO) User "jyp8747" logged out due to inactivity (timeout=30 minutes).
[2015/11/04 11:37:51.108] (INFO) User "usb7907" logged out.
[2015/11/04 11:37:51.108] (INFO) Device 0xbea3 is online.
[2015/11/04 11:37:51.108] (INFO) Pinging watchdog timer process: Process is alive.
[2015/11/04 11:37:51.108] (INFO) Alien monitor (aliend): Detected no space aliens.
[2015/11/04 11:37:51.607] (INFO) Checked file systems for errors: All filesystems OK.
[2015/11/04 11:37:51.607] (INFO) Your mother called. She says you never call her.
[2015/11/04 11:37:51.607] (INFO) Your mother called. She says you never call her.
[2015/11/04 11:37:51.607] (INFO) Pinging watchdog timer process: Process is alive.
[2015/11/04 11:37:51.607] (INFO) Alien monitor (aliend): Detected no space aliens.
[2015/11/04 11:37:51.607] (INFO) Device 0x8490 is online.
[2015/11/04 11:37:51.607] (INFO) Checkpointing off-heap server memory...
[2015/11/04 11:37:51.607] (INFO) Supervisor has entered WAITING state.
[2015/11/04 11:37:51.607] (INFO) Network heartbeat check: All OK.
[2015/11/04 11:37:51.607] (ERROR) One of the flayrods has gone out askew on treadle.
[2015/11/04 11:37:51.607] (ERROR) Directory index of "/var/data" is forbidden.
[2015/11/04 11:37:51.607] (WARN) Space on disk /dev/sda3 is low: Only 154 MB available.
[2015/11/04 11:37:51.607] (INFO) Checked file systems for errors: All filesystems OK.
[2015/11/04 11:37:51.607] (INFO) Device 0x448e is online.
[2015/11/04 11:37:51.607] (ERROR) Extra characters at end of line.
[2015/11/04 11:37:51.607] (INFO) Device 0x86a0 is online.
[2015/11/04 11:37:51.607] (INFO) Flushed 34 buffers to disk.
[2015/11/04 11:37:51.607] (INFO) Network heartbeat check: All OK.
[2015/11/04 11:37:51.607] (INFO) Pinging watchdog timer process: Process is alive.
[2015/11/04 11:37:51.607] (INFO) Supervisor has entered RESTARTING state.
[2015/11/04 11:37:51.607] (INFO) User "kuz4301" logged out.
[2015/11/04 11:37:51.607] (ERROR) One of the flayrods has gone out askew on treadle.
[2015/11/04 11:37:51.607] (INFO) Alien monitor (aliend): Detected no space aliens.
[2015/11/04 11:37:51.607] (ERROR) Detected clock skew! Restarting NTP server.
[2015/11/04 11:37:51.607] (INFO) Your mother called. She says you never call her.
[2015/11/04 11:37:51.607] (INFO) Device 0xc9a8 is online.
[2015/11/04 11:37:51.607] (INFO) Waiting for worker process (PID 12847) to die.
[2015/11/04 11:37:51.607] (INFO) Backed up all server logs.
[2015/11/04 11:37:51.607] (INFO) User "ysh5256" logged in from 192.168.144.47.
[2015/11/04 11:37:51.607] (INFO) Checkpointing off-heap server memory...
[2015/11/04 11:37:51.607] (INFO) Backed up all server logs.
[2015/11/04 11:37:51.607] (INFO) Pinging watchdog timer process: Process is alive.
[2015/11/04 11:37:51.607] (INFO) Backed up all server logs.
[2015/11/04 11:37:51.607] (INFO) User "mzr3973" logged out due to inactivity (timeout=30 minutes).
[2015/11/04 11:37:51.607] (INFO) Backed up all server logs.
[2015/11/04 11:37:51.607] (INFO) Device 0x9edb is online.
[2015/11/04 11:37:51.607] (ERROR) Failed to write checkpoint file "/var/checkpoint/PakCU77963: No space left on device (ENOSPC)
[2015/11/04 11:37:51.607] (INFO) User "snc5037" logged out.
[2015/11/04 11:37:51.607] (INFO) Your mother called. She says you never call her.
[2015/11/04 11:37:51.607] (INFO) Your mother called. She says you never call her.
[2015/11/04 11:37:51.607] (INFO) User "vbl3631" logged in from 10.32.188.199.
[2015/11/04 11:37:51.607] (INFO) Your mother called. She says you never call her.
[2015/11/04 11:37:51.607] (INFO) Checkpointing off-heap server memory...
[2015/11/04 11:37:51.607] (INFO) User "jfp9832" logged out.
[2015/11/04 11:37:51.607] (ERROR) /dev/lp error: "PC LOAD LETTER"
[2015/11/04 11:37:51.607] (INFO) Rolling 5 log file(s)...
[2015/11/04 11:37:51.607] (INFO) Device 0xd157 is online.
[2015/11/04 11:37:51.607] (INFO) Backed up all server logs.
[2015/11/04 11:37:51.607] (INFO) .evian ylbirret si emehcs otpyrc ym neht ,siht daer nac uoy fI
[2015/11/04 11:37:51.607] (INFO) Network heartbeat check: All OK.
[2015/11/04 11:37:51.607] (ERROR) Device 0x1e86 is offline
[2015/11/04 11:37:51.607] (INFO) Sending SIGTERM to 2 excess workers.
[2015/11/04 11:37:51.607] (INFO) Supervisor has entered SUSPENDED state.
[2015/11/04 11:37:51.607] (WARN) There is no such thing as a free lunch.
[2015/11/04 11:37:51.607] (INFO) Your mother called. She says you never call her.
[2015/11/04 11:37:51.607] (INFO) User "jpg9155" logged out.
[2015/11/04 11:37:51.607] (INFO) Backed up all server logs.
[2015/11/04 11:37:51.607] (INFO) Waiting for master process (PID 49437) to die.
[2015/11/04 11:37:51.607] (INFO) Rolling 5 log file(s)...
[2015/11/04 11:37:51.607] (INFO) .evian ylbirret si emehcs otpyrc ym neht ,siht daer nac uoy fI
[2015/11/04 11:37:51.607] (INFO) Checkpointing off-heap server memory...
[2015/11/04 11:37:51.607] (ERROR) Network heartbeat check FAILED: Master host down?
[2015/11/04 11:37:51.607] (INFO) .evian ylbirret si emehcs otpyrc ym neht ,siht daer nac uoy fI
[2015/11/04 11:37:51.607] (INFO) Sending SIGTERM to 2 excess workers.
[2015/11/04 11:37:51.607] (INFO) Pinging watchdog timer process: Process is alive.
[2015/11/04 11:37:51.607] (ERROR) "/var/data/sRPRM93052.xml": Permission denied (EACCES)
[2015/11/04 11:37:51.607] (INFO) Alien monitor (aliend): Detected no space aliens.
[2015/11/04 11:37:51.607] (INFO) Pinging watchdog timer process: Process is alive.
[2015/11/04 11:37:51.607] (WARN) Watchdog timer crashed. Restarting it.
[2015/11/04 11:37:51.607] (INFO) Checked file systems for errors: All filesystems OK.
[2015/11/04 11:37:51.607] (ERROR) "/var/data/UGwWp52289.parquet": No such file or directory (ENOENT)
[2015/11/04 11:37:51.607] (INFO) Backed up all server logs.
[2015/11/04 11:37:51.607] (INFO) Supervisor has entered RESTARTING state.
[2015/11/04 11:37:51.607] (INFO) .evian ylbirret si emehcs otpyrc ym neht ,siht daer nac uoy fI
[2015/11/04 11:37:51.607] (INFO) Checked file systems for errors: All filesystems OK.
[2015/11/04 11:37:51.607] (ERROR) Blocked Little Bobby Tables attack (https://xkcd.com/327/) from 10.192.53.50.
[2015/11/04 11:37:51.607] (INFO) Your mother called. She says you never call her.
[2015/11/04 11:37:51.607] (WARN) Dropped 2,369 corrupt data packets.
[2015/11/04 11:37:51.607] (INFO) Network heartbeat check: All OK.
[2015/11/04 11:37:51.607] (INFO) Backed up all server logs.
[2015/11/04 11:37:51.607] (WARN) Retrying server log checkpoint.
[2015/11/04 11:37:51.607] (INFO) Pinging watchdog timer process: Process is alive.
[2015/11/04 11:37:51.607] (INFO) Sending SIGTERM to 2 excess workers.
[2015/11/04 11:37:51.607] (ERROR) Unable to write to "/var/data/pNzfT85805.xslx": Permission denied (EACCES)
[2015/11/04 11:37:51.607] (INFO) Device 0x6407 is online.
[2015/11/04 11:37:51.607] (INFO) Pinging watchdog timer process: Process is alive.
[2015/11/04 11:37:51.607] (ERROR) Connection to 192.168.234.190 terminated unexpectedly. Reconnecting.
[2015/11/04 11:37:51.607] (ERROR) Detected clock skew! Restarting NTP server.
[2015/11/04 11:37:51.607] (WARN) Watchdog timer crashed. Restarting it.
[2015/11/04 11:37:51.607] (WARN) Network heartbeat check: 12 server(s) did not respond.
[2015/11/04 11:37:51.607] (INFO) Supervisor has entered SUSPENDED state.
[2015/11/04 11:37:51.607] (INFO) Backed up all server logs.
[2015/11/04 11:37:51.607] (INFO) .evian ylbirret si emehcs otpyrc ym neht ,siht daer nac uoy fI
[2015/11/04 11:37:51.607] (INFO) Device 0x0da4 is online.
[2015/11/04 11:37:51.607] (INFO) Checked file systems for errors: All filesystems OK.
[2015/11/04 11:37:51.607] (INFO) Supervisor has entered SUSPENDED state.
[2015/11/04 11:37:51.607] (INFO) .evian ylbirret si emehcs otpyrc ym neht ,siht daer nac uoy fI
[2015/11/04 11:37:51.607] (ERROR) Detected clock skew! Restarting NTP server.
[2015/11/04 11:37:51.607] (INFO) Rolling 9 log file(s)...
[2015/11/04 11:37:51.607] (INFO) Sending SIGTERM to 3 excess workers.
[2015/11/04 11:37:52.107] (INFO) Backed up all server logs.
[2015/11/04 11:37:52.107] (INFO) Checkpointing off-heap server memory...
[2015/11/04 11:37:52.107] (INFO) Backed up all server logs.
[2015/11/04 11:37:52.107] (INFO) Rolling 7 log file(s)...
[2015/11/04 11:37:52.107] (INFO) User "ssb1091" logged in from 172.16.91.139.
[2015/11/04 11:37:52.107] (INFO) Backed up all server logs.
[2015/11/04 11:37:52.107] (INFO) Supervisor has entered WAITING state.
[2015/11/04 11:37:52.107] (INFO) Sending SIGTERM to 3 excess workers.
[2015/11/04 11:37:52.107] (INFO) Waiting for monitor process (PID 17599) to die.
[2015/11/04 11:37:52.107] (INFO) Sending SIGTERM to 2 excess workers.
[2015/11/04 11:37:52.107] (INFO) Pinging watchdog timer process: Process is alive.
[2015/11/04 11:37:52.107] (INFO) Flushed 77 buffers to disk.
[2015/11/04 11:37:52.107] (INFO) Alien monitor (aliend): Detected no space aliens.
[2015/11/04 11:37:52.107] (INFO) Checked file systems for errors: All filesystems OK.
[2015/11/04 11:37:52.107] (INFO) Rolling 2 log file(s)...
[2015/11/04 11:37:52.107] (INFO) Flushed 64 buffers to disk.
[2015/11/04 11:37:52.107] (INFO) Pinging watchdog timer process: Process is alive.
[2015/11/04 11:37:52.107] (INFO) Sending SIGTERM to 4 excess workers.
[2015/11/04 11:37:52.107] (INFO) Your mother called. She says you never call her.
[2015/11/04 11:37:52.107] (INFO) Network heartbeat check: All OK.
[2015/11/04 11:37:52.107] (INFO) User "jir3276" logged out.
[2015/11/04 11:37:52.107] (INFO) User "cen2818" logged out due to inactivity (timeout=30 minutes).
[2015/11/04 11:37:52.107] (INFO) Pinging watchdog timer process: Process is alive.
[2015/11/04 11:37:52.107] (ERROR) Detected clock skew! Restarting NTP server.
[2015/11/04 11:37:52.107] (INFO) Supervisor has entered RESTARTING state.
[2015/11/04 11:37:52.107] (ERROR) Alien monitor (aliend): 4 space aliens are fiddling with the hardware!
[2015/11/04 11:37:52.107] (INFO) Checked file systems for errors: All filesystems OK.
[2015/11/04 11:37:52.107] (INFO) Sending SIGTERM to 4 excess workers.
[2015/11/04 11:37:52.107] (INFO) User "lfd4729" logged out due to inactivity (timeout=30 minutes).
[2015/11/04 11:37:52.107] (INFO) User "wqu5568" logged out due to inactivity (timeout=30 minutes).
[2015/11/04 11:37:52.107] (INFO) .evian ylbirret si emehcs otpyrc ym neht ,siht daer nac uoy fI
[2015/11/04 11:37:52.107] (INFO) .evian ylbirret si emehcs otpyrc ym neht ,siht daer nac uoy fI
[2015/11/04 11:37:52.107] (INFO) Device 0xd00d is online.
[2015/11/04 11:37:52.107] (INFO) Pinging watchdog timer process: Process is alive.
[2015/11/04 11:37:52.107] (WARN) Dropped 4,717 corrupt data packets.
[2015/11/04 11:37:52.107] (INFO) Supervisor has entered RESTARTING state.
[2015/11/04 11:37:52.107] (ERROR) /dev/lp error: "PC LOAD LETTER"
[2015/11/04 11:37:52.107] (INFO) Alien monitor (aliend): Detected no space aliens.
[2015/11/04 11:37:52.107] (INFO) Checkpointing off-heap server memory...
[2015/11/04 11:37:52.107] (INFO) Checked file systems for errors: All filesystems OK.
[2015/11/04 11:37:52.107] (WARN) There is no such thing as a free lunch.
[2015/11/04 11:37:52.107] (INFO) Flushed 26 buffers to disk.
[2015/11/04 11:37:52.107] (WARN) Possible cyber-attack from Antarctica.
[2015/11/04 11:37:52.107] (INFO) Your mother called. She says you never call her.
[2015/11/04 11:37:52.107] (INFO) Alien monitor (aliend): Detected no space aliens.
[2015/11/04 11:37:52.107] (INFO) User "fcw1894" logged out due to inactivity (timeout=30 minutes).
[2015/11/04 11:37:52.107] (WARN) There is no such thing as a free lunch.
[2015/11/04 11:37:52.107] (WARN) CPU temperature exceeds 40º Celsius.
[2015/11/04 11:37:52.107] (WARN) Watchdog timer crashed. Restarting it.
[2015/11/04 11:37:52.107] (INFO) Flushed 50 buffers to disk.
[2015/11/04 11:37:52.107] (INFO) Your mother called. She says you never call her.
[2015/11/04 11:37:52.107] (INFO) .evian ylbirret si emehcs otpyrc ym neht ,siht daer nac uoy fI
[2015/11/04 11:37:52.107] (INFO) Flushed 47 buffers to disk.
[2015/11/04 11:37:52.107] (INFO) User "igs9872" logged out.
[2015/11/04 11:37:52.107] (INFO) Sending SIGTERM to 3 excess workers.
[2015/11/04 11:37:52.107] (INFO) Device 0xaf09 is online.
[2015/11/04 11:37:52.107] (INFO) User "ljo1632" logged out due to inactivity (timeout=30 minutes).
[2015/11/04 11:37:52.107] (INFO) Flushed 58 buffers to disk.
[2015/11/04 11:37:52.107] (INFO) Network heartbeat check: All OK.
[2015/11/04 11:37:52.107] (INFO) .evian ylbirret si emehcs otpyrc ym neht ,siht daer nac uoy fI
[2015/11/04 11:37:52.107] (ERROR) CPU temperature exceeds 50º Celsius. Shutting down.
[2015/11/04 11:37:52.107] (INFO) .evian ylbirret si emehcs otpyrc ym neht ,siht daer nac uoy fI
[2015/11/04 11:37:52.107] (INFO) User "fpr3055" logged in from 10.204.156.213.
[2015/11/04 11:37:52.107] (INFO) User "wpk2207" logged out.
[2015/11/04 11:37:52.107] (INFO) Waiting for monitor process (PID 6624) to die.
[2015/11/04 11:37:52.107] (INFO) Your mother called. She says you never call her.
[2015/11/04 11:37:52.107] (INFO) Backed up all server logs.
[2015/11/04 11:37:52.107] (INFO) Network heartbeat check: All OK.
[2015/11/04 11:37:52.107] (INFO) Backed up all server logs.
[2015/11/04 11:37:52.107] (INFO) Alien monitor (aliend): Detected no space aliens.
[2015/11/04 11:37:52.107] (INFO) Supervisor has entered RESTARTING state.
[2015/11/04 11:37:52.107] (INFO) Rolling 9 log file(s)...
[2015/11/04 11:37:52.107] (INFO) Checkpointing off-heap server memory...
[2015/11/04 11:37:52.107] (WARN) Master took 803 ms to respond (threshold=500 ms)
[2015/11/04 11:37:52.107] (INFO) Network heartbeat check: All OK.
[2015/11/04 11:37:52.107] (INFO) Alien monitor (aliend): Detected no space aliens.
[2015/11/04 11:37:52.107] (INFO) Checkpointing off-heap server memory...
[2015/11/04 11:37:52.107] (INFO) Your mother called. She says you never call her.
[2015/11/04 11:37:52.107] (INFO) Alien monitor (aliend): Detected no space aliens.
[2015/11/04 11:37:52.107] (INFO) Supervisor has entered RUNNING state.
[2015/11/04 11:37:52.107] (ERROR) Directory index of "/var/data" is forbidden.
[2015/11/04 11:37:52.107] (ERROR) Device 0x4bc7 is offline
[2015/11/04 11:37:52.107] (INFO) User "sdr1922" logged out due to inactivity (timeout=30 minutes).
[2015/11/04 11:37:52.107] (ERROR) Blocked Little Bobby Tables attack (https://xkcd.com/327/) from 10.47.94.168.
[2015/11/04 11:37:52.107] (INFO) Waiting for supervisor process (PID 335) to die.
[2015/11/04 11:37:52.107] (INFO) User "kjv9144" logged out.
[2015/11/04 11:37:52.107] (WARN) Master took 765 ms to respond (threshold=500 ms)
[2015/11/04 11:37:52.107] (INFO) Alien monitor (aliend): Detected no space aliens.
[2015/11/04 11:37:52.107] (INFO) Alien monitor (aliend): Detected no space aliens.
[2015/11/04 11:37:52.107] (INFO) Your mother called. She says you never call her.
[2015/11/04 11:37:52.107] (INFO) Checked file systems for errors: All filesystems OK.
[2015/11/04 11:37:52.107] (INFO) Your mother called. She says you never call her.
[2015/11/04 11:37:52.107] (INFO) .evian ylbirret si emehcs otpyrc ym neht ,siht daer nac uoy fI
[2015/11/04 11:37:52.107] (ERROR) Worker 6 died with SIGILL. Restarting it.
[2015/11/04 11:37:52.107] (INFO) Supervisor has entered WAITING state.
[2015/11/04 11:37:52.107] (INFO) Device 0xc417 is online.
[2015/11/04 11:37:52.107] (INFO) Supervisor has entered SUSPENDED state.
[2015/11/04 11:37:52.107] (INFO) Checkpointing off-heap server memory...
[2015/11/04 11:37:52.107] (ERROR) /dev/lp error: "PC LOAD LETTER"
[2015/11/04 11:37:52.107] (INFO) Checkpointing off-heap server memory...
[2015/11/04 11:37:52.608] (INFO) .evian ylbirret si emehcs otpyrc ym neht ,siht daer nac uoy fI
[2015/11/04 11:37:52.608] (INFO) Alien monitor (aliend): Detected no space aliens.
[2015/11/04 11:37:52.608] (INFO) User "vmq2331" logged out due to inactivity (timeout=30 minutes).
[2015/11/04 11:37:52.608] (INFO) Device 0x66f6 is online.
[2015/11/04 11:37:52.608] (INFO) Sending SIGTERM to 4 excess workers.
[2015/11/04 11:37:52.608] (INFO) Pinging watchdog timer process: Process is alive.
[2015/11/04 11:37:52.608] (INFO) Rolling 7 log file(s)...
[2015/11/04 11:37:52.608] (INFO) Rolling 4 log file(s)...
[2015/11/04 11:37:52.608] (INFO) Your mother called. She says you never call her.
[2015/11/04 11:37:52.608] (INFO) Your mother called. She says you never call her.
[2015/11/04 11:37:52.608] (INFO) Waiting for supervisor process (PID 54932) to die.
[2015/11/04 11:37:52.608] (INFO) .evian ylbirret si emehcs otpyrc ym neht ,siht daer nac uoy fI
[2015/11/04 11:37:52.608] (WARN) There is no such thing as a free lunch.
[2015/11/04 11:37:52.608] (INFO) Your mother called. She says you never call her.
[2015/11/04 11:37:52.608] (INFO) Waiting for worker process (PID 6895) to die.
[2015/11/04 11:37:52.608] (INFO) .evian ylbirret si emehcs otpyrc ym neht ,siht daer nac uoy fI
[2015/11/04 11:37:52.608] (INFO) Device 0xbe2c is online.
[2015/11/04 11:37:52.608] (INFO) User "oda5012" logged out due to inactivity (timeout=30 minutes).
[2015/11/04 11:37:52.608] (INFO) User "stx2829" logged in from 10.14.56.3.
[2015/11/04 11:37:52.608] (INFO) Your mother called. She says you never call her.
[2015/11/04 11:37:52.608] (INFO) Rolling 3 log file(s)...
[2015/11/04 11:37:52.608] (INFO) Sending SIGTERM to 4 excess workers.
[2015/11/04 11:37:52.608] (INFO) Sending SIGTERM to 3 excess workers.
[2015/11/04 11:37:52.608] (INFO) User "vtc8475" logged out.
[2015/11/04 11:37:52.608] (INFO) Network heartbeat check: All OK.
[2015/11/04 11:37:52.608] (INFO) Pinging watchdog timer process: Process is alive.
[2015/11/04 11:37:52.608] (INFO) Supervisor has entered RESTARTING state.
[2015/11/04 11:37:52.608] (INFO) User "wpq2154" logged in from 192.168.85.185.
[2015/11/04 11:37:52.608] (INFO) Your mother called. She says you never call her.
[2015/11/04 11:37:52.608] (INFO) User "twk4862" logged out due to inactivity (timeout=30 minutes).
[2015/11/04 11:37:52.608] (INFO) Pinging watchdog timer process: Process is alive.
[2015/11/04 11:37:52.608] (INFO) User "jtu6212" logged in from 10.188.206.54.
[2015/11/04 11:37:52.608] (INFO) Device 0xe0a7 is online.
[2015/11/04 11:37:52.608] (INFO) Checkpointing off-heap server memory...
[2015/11/04 11:37:52.608] (INFO) Checkpointing off-heap server memory...
[2015/11/04 11:37:52.608] (INFO) Sending SIGTERM to 2 excess workers.
[2015/11/04 11:37:52.608] (INFO) User "ouj6307" logged in from 10.217.156.176.
[2015/11/04 11:37:52.608] (INFO) .evian ylbirret si emehcs otpyrc ym neht ,siht daer nac uoy fI
[2015/11/04 11:37:52.608] (INFO) Checked file systems for errors: All filesystems OK.
[2015/11/04 11:37:52.608] (ERROR) Worker 5 died with SIGFPE. Restarting it.
[2015/11/04 11:37:52.608] (INFO) Backed up all server logs.
[2015/11/04 11:37:52.608] (INFO) Flushed 32 buffers to disk.
[2015/11/04 11:37:52.608] (INFO) Device 0xe5be is online.
[2015/11/04 11:37:52.608] (INFO) Alien monitor (aliend): Detected no space aliens.
[2015/11/04 11:37:52.608] (ERROR) Detected incoming DDoS from 10.186.177.5.
[2015/11/04 11:37:52.608] (INFO) Pinging watchdog timer process: Process is alive.
[2015/11/04 11:37:52.608] (WARN) Retrying server log checkpoint.
[2015/11/04 11:37:52.608] (INFO) Network heartbeat check: All OK.
[2015/11/04 11:37:52.608] (INFO) Your mother called. She says you never call her.
[2015/11/04 11:37:52.608] (ERROR) "/var/data/dalML91012.xslx": Permission denied (EACCES)
[2015/11/04 11:37:52.608] (INFO) Supervisor has entered WAITING state.
[2015/11/04 11:37:52.608] (INFO) Sending SIGTERM to 3 excess workers.
[2015/11/04 11:37:52.608] (INFO) Supervisor has entered WAITING state.
[2015/11/04 11:37:52.608] (ERROR) User "clr4697" failed to log in 3 times. Disabling account.
[2015/11/04 11:37:52.608] (INFO) Device 0x0778 is online.
[2015/11/04 11:37:52.608] (INFO) Supervisor has entered RUNNING state.
[2015/11/04 11:37:52.608] (WARN) Ignoring SIGTERM. It's not that easy to get rid of me.
[2015/11/04 11:37:52.608] (WARN) Dropped 16,869 corrupt data packets.
[2015/11/04 11:37:52.608] (INFO) User "igj1749" logged out.
[2015/11/04 11:37:52.608] (INFO) Network heartbeat check: All OK.
[2015/11/04 11:37:52.608] (INFO) User "lga7803" logged in from 192.168.64.158.
[2015/11/04 11:37:52.608] (INFO) User "mtk4931" logged in from 172.16.180.131.
[2015/11/04 11:37:52.608] (INFO) Pinging watchdog timer process: Process is alive.
[2015/11/04 11:37:52.608] (WARN) Ignoring SIGTERM. It's not that easy to get rid of me.
[2015/11/04 11:37:52.608] (ERROR) Blocked nmap traffic originating from 10.47.58.35.
[2015/11/04 11:37:52.608] (WARN) Ignoring SIGTERM. It's not that easy to get rid of me.
[2015/11/04 11:37:52.608] (INFO) Checked file systems for errors: All filesystems OK.
[2015/11/04 11:37:52.608] (INFO) Checkpointing off-heap server memory...
[2015/11/04 11:37:52.608] (INFO) Backed up all server logs.
[2015/11/04 11:37:52.608] (INFO) User "sgf8118" logged in from 192.168.65.233.
[2015/11/04 11:37:52.608] (INFO) Checkpointing off-heap server memory...
[2015/11/04 11:37:52.608] (INFO) Backed up all server logs.
[2015/11/04 11:37:52.608] (INFO) Flushed 35 buffers to disk.
[2015/11/04 11:37:52.608] (INFO) Your mother called. She says you never call her.
[2015/11/04 11:37:52.608] (INFO) Flushed 95 buffers to disk.
[2015/11/04 11:37:52.608] (INFO) Checked file systems for errors: All filesystems OK.
[2015/11/04 11:37:52.608] (WARN) CPU temperature exceeds 40º Celsius.
[2015/11/04 11:37:52.608] (INFO) .evian ylbirret si emehcs otpyrc ym neht ,siht daer nac uoy fI
[2015/11/04 11:37:52.608] (INFO) Waiting for worker process (PID 15744) to die.
[2015/11/04 11:37:52.608] (INFO) Backed up all server logs.
[2015/11/04 11:37:52.608] (ERROR) Device 0x85b2 is offline
[2015/11/04 11:37:52.608] (WARN) Unable to ping monitor at 10.24.247.236. Retrying.
[2015/11/04 11:37:52.608] (INFO) Checked file systems for errors: All filesystems OK.
[2015/11/04 11:37:52.608] (INFO) User "bmk3417" logged out due to inactivity (timeout=30 minutes).
[2015/11/04 11:37:52.608] (INFO) Rolling 5 log file(s)...
[2015/11/04 11:37:52.608] (ERROR) Detected incoming DDoS from 10.218.106.126.
[2015/11/04 11:37:52.608] (INFO) .evian ylbirret si emehcs otpyrc ym neht ,siht daer nac uoy fI
[2015/11/04 11:37:52.608] (INFO) Pinging watchdog timer process: Process is alive.
[2015/11/04 11:37:52.608] (INFO) Supervisor has entered RUNNING state.
[2015/11/04 11:37:52.608] (INFO) Alien monitor (aliend): Detected no space aliens.
[2015/11/04 11:37:52.608] (INFO) User "gad6753" logged out.
[2015/11/04 11:37:52.608] (INFO) Flushed 42 buffers to disk.
[2015/11/04 11:37:52.608] (INFO) Rolling 7 log file(s)...
[2015/11/04 11:37:52.608] (INFO) Backed up all server logs.
[2015/11/04 11:37:52.608] (ERROR) Failed to write checkpoint file "/var/checkpoint/wYDZh66857: No space left on device (ENOSPC)
[2015/11/04 11:37:52.608] (INFO) User "fou3650" logged out.
[2015/11/04 11:37:52.608] (INFO) Supervisor has entered WAITING state.
[2015/11/04 11:37:52.608] (WARN) CPU temperature exceeds 40º Celsius.
[2015/11/04 11:37:52.608] (INFO) Flushed 64 buffers to disk.
[2015/11/04 11:37:52.608] (INFO) Pinging watchdog timer process: Process is alive.
[2015/11/04 11:37:53.107] (INFO) Pinging watchdog timer process: Process is alive.
[2015/11/04 11:37:53.107] (INFO) User "bkk6656" logged out.
[2015/11/04 11:37:53.107] (WARN) Backup server 192.168.16.32 is offline.
[2015/11/04 11:37:53.107] (INFO) Your mother called. She says you never call her.
[2015/11/04 11:37:53.107] (INFO) Flushed 25 buffers to disk.
[2015/11/04 11:37:53.107] (INFO) Checked file systems for errors: All filesystems OK.
[2015/11/04 11:37:53.107] (INFO) Flushed 43 buffers to disk.
[2015/11/04 11:37:53.107] (INFO) Waiting for master process (PID 58078) to die.
[2015/11/04 11:37:53.107] (INFO) User "vxf3572" logged in from 192.168.56.249.
[2015/11/04 11:37:53.107] (INFO) Rolling 9 log file(s)...
[2015/11/04 11:37:53.107] (INFO) User "pru5607" logged in from 192.168.198.184.
[2015/11/04 11:37:53.107] (INFO) Checked file systems for errors: All filesystems OK.
[2015/11/04 11:37:53.107] (INFO) Checked file systems for errors: All filesystems OK.
[2015/11/04 11:37:53.107] (ERROR) Device 0x3e54 is offline
[2015/11/04 11:37:53.107] (INFO) Network heartbeat check: All OK.
[2015/11/04 11:37:53.107] (INFO) Flushed 75 buffers to disk.
[2015/11/04 11:37:53.107] (INFO) Checked file systems for errors: All filesystems OK.
[2015/11/04 11:37:53.107] (INFO) .evian ylbirret si emehcs otpyrc ym neht ,siht daer nac uoy fI
[2015/11/04 11:37:53.107] (INFO) Checked file systems for errors: All filesystems OK.
[2015/11/04 11:37:53.107] (WARN) There is no such thing as a free lunch.
[2015/11/04 11:37:53.107] (ERROR) /dev/lp error: "PC LOAD LETTER"
[2015/11/04 11:37:53.107] (INFO) .evian ylbirret si emehcs otpyrc ym neht ,siht daer nac uoy fI
[2015/11/04 11:37:53.107] (INFO) Alien monitor (aliend): Detected no space aliens.
[2015/11/04 11:37:53.107] (ERROR) Extra characters at end of line.
[2015/11/04 11:37:53.107] (INFO) Flushed 79 buffers to disk.
[2015/11/04 11:37:53.107] (INFO) User "wja5852" logged out.
[2015/11/04 11:37:53.107] (INFO) Backed up all server logs.
[2015/11/04 11:37:53.107] (INFO) User "zfl7662" logged in from 10.157.21.189.
[2015/11/04 11:37:53.107] (WARN) Retrying server log checkpoint.
[2015/11/04 11:37:53.107] (INFO) Flushed 93 buffers to disk.
[2015/11/04 11:37:53.107] (ERROR) Server log backup FAILED. See backup logs.
[2015/11/04 11:37:53.107] (INFO) Your mother called. She says you never call her.
[2015/11/04 11:37:53.107] (ERROR) Failed to open "/mnt/fileserver01/oUQGx64540.zip": NFS timeout.
[2015/11/04 11:37:53.107] (INFO) Flushed 48 buffers to disk.
[2015/11/04 11:37:53.107] (INFO) Sending SIGTERM to 4 excess workers.
[2015/11/04 11:37:53.107] (INFO) Alien monitor (aliend): Detected no space aliens.
[2015/11/04 11:37:53.107] (INFO) Supervisor has entered RUNNING state.
[2015/11/04 11:37:53.107] (ERROR) One of the flayrods has gone out askew on treadle.
[2015/11/04 11:37:53.107] (INFO) User "fci7056" logged out.
[2015/11/04 11:37:53.107] (INFO) Alien monitor (aliend): Detected no space aliens.
[2015/11/04 11:37:53.107] (INFO) Sending SIGTERM to 3 excess workers.
[2015/11/04 11:37:53.107] (INFO) Sending SIGTERM to 2 excess workers.
[2015/11/04 11:37:53.107] (INFO) Network heartbeat check: All OK.
[2015/11/04 11:37:53.107] (INFO) Waiting for worker process (PID 32804) to die.
[2015/11/04 11:37:53.107] (INFO) Backed up all server logs.
[2015/11/04 11:37:53.107] (INFO) User "xqa5543" logged in from 172.16.167.238.
[2015/11/04 11:37:53.107] (INFO) User "yor5868" logged in from 192.168.165.229.
[2015/11/04 11:37:53.107] (INFO) Waiting for supervisor process (PID 41829) to die.
[2015/11/04 11:37:53.107] (INFO) Backed up all server logs.
[2015/11/04 11:37:53.107] (INFO) Network heartbeat check: All OK.
[2015/11/04 11:37:53.107] (INFO) Flushed 77 buffers to disk.
[2015/11/04 11:37:53.107] (INFO) Device 0x43a1 is online.
[2015/11/04 11:37:53.107] (INFO) Sending SIGTERM to 4 excess workers.
[2015/11/04 11:37:53.107] (INFO) Rolling 4 log file(s)...
[2015/11/04 11:37:53.107] (ERROR) Directory index of "/var/data" is forbidden.
[2015/11/04 11:37:53.107] (INFO) Flushed 85 buffers to disk.
[2015/11/04 11:37:53.107] (INFO) Network heartbeat check: All OK.
[2015/11/04 11:37:53.107] (INFO) User "hlb6362" logged out.
[2015/11/04 11:37:53.107] (INFO) Flushed 45 buffers to disk.
[2015/11/04 11:37:53.107] (WARN) Space on disk /dev/sda4 is low: Only 549 MB available.
[2015/11/04 11:37:53.107] (INFO) Flushed 23 buffers to disk.
[2015/11/04 11:37:53.107] (INFO) Checked file systems for errors: All filesystems OK.
[2015/11/04 11:37:53.107] (ERROR) Alien monitor (aliend): 4 space aliens are fiddling with the hardware!
[2015/11/04 11:37:53.107] (INFO) User "xhw5968" logged out due to inactivity (timeout=30 minutes).
[2015/11/04 11:37:53.107] (ERROR) Connection to 172.16.12.253 terminated unexpectedly. Reconnecting.
[2015/11/04 11:37:53.107] (ERROR) Blocked Little Bobby Tables attack (https://xkcd.com/327/) from 10.122.185.92.
[2015/11/04 11:37:53.107] (INFO) Your mother called. She says you never call her.
[2015/11/04 11:37:53.107] (INFO) Alien monitor (aliend): Detected no space aliens.
[2015/11/04 11:37:53.107] (INFO) Sending SIGTERM to 2 excess workers.
[2015/11/04 11:37:53.107] (INFO) Alien monitor (aliend): Detected no space aliens.
[2015/11/04 11:37:53.107] (INFO) Flushed 50 buffers to disk.
[2015/11/04 11:37:53.107] (INFO) Pinging watchdog timer process: Process is alive.
[2015/11/04 11:37:53.107] (INFO) Network heartbeat check: All OK.
[2015/11/04 11:37:53.107] (INFO) Your mother called. She says you never call her.
[2015/11/04 11:37:53.107] (INFO) .evian ylbirret si emehcs otpyrc ym neht ,siht daer nac uoy fI
[2015/11/04 11:37:53.107] (WARN) Retrying server log checkpoint.
[2015/11/04 11:37:53.107] (ERROR) Detected clock skew! Restarting NTP server.
[2015/11/04 11:37:53.107] (INFO) User "uxb7936" logged out due to inactivity (timeout=30 minutes).
[2015/11/04 11:37:53.107] (ERROR) One of the flayrods has gone out askew on treadle.
[2015/11/04 11:37:53.107] (INFO) Checkpointing off-heap server memory...
[2015/11/04 11:37:53.107] (INFO) Alien monitor (aliend): Detected no space aliens.
[2015/11/04 11:37:53.107] (WARN) There is no such thing as a free lunch.
[2015/11/04 11:37:53.107] (INFO) Waiting for worker process (PID 56492) to die.
[2015/11/04 11:37:53.107] (ERROR) Detected incoming DDoS from 10.156.201.170.
[2015/11/04 11:37:53.107] (INFO) Rolling 6 log file(s)...
[2015/11/04 11:37:53.107] (ERROR) Detected clock skew! Restarting NTP server.
[2015/11/04 11:37:53.107] (INFO) .evian ylbirret si emehcs otpyrc ym neht ,siht daer nac uoy fI
[2015/11/04 11:37:53.107] (INFO) .evian ylbirret si emehcs otpyrc ym neht ,siht daer nac uoy fI
[2015/11/04 11:37:53.107] (INFO) Backed up all server logs.
[2015/11/04 11:37:53.107] (WARN) There is no such thing as a free lunch.
[2015/11/04 11:37:53.107] (INFO) Device 0x2ef4 is online.
[2015/11/04 11:37:53.107] (INFO) .evian ylbirret si emehcs otpyrc ym neht ,siht daer nac uoy fI
[2015/11/04 11:37:53.107] (INFO) Rolling 9 log file(s)...
[2015/11/04 11:37:53.107] (INFO) User "fee6199" logged out.
[2015/11/04 11:37:53.107] (INFO) Backed up all server logs.
[2015/11/04 11:37:53.107] (WARN) Space on disk /dev/sdd1 is low: Only 788 MB available.
[2015/11/04 11:37:53.107] (INFO) Sending SIGTERM to 4 excess workers.
[2015/11/04 11:37:53.107] (INFO) Backed up all server logs.
[2015/11/04 11:37:53.107] (INFO) Supervisor has entered WAITING state.
[2015/11/04 11:37:53.107] (INFO) Waiting for master process (PID 35594) to die.
[2015/11/04 11:37:53.607] (INFO) Waiting for monitor process (PID 21096) to die.
[2015/11/04 11:37:53.607] (INFO) Pinging watchdog timer process: Process is alive.
[2015/11/04 11:37:53.607] (INFO) Checked file systems for errors: All filesystems OK.
[2015/11/04 11:37:53.607] (ERROR) Server log backup FAILED. See backup logs.
[2015/11/04 11:37:53.607] (INFO) Device 0xad46 is online.
[2015/11/04 11:37:53.607] (INFO) Your mother called. She says you never call her.
[2015/11/04 11:37:53.607] (INFO) User "kpv4325" logged out due to inactivity (timeout=30 minutes).
[2015/11/04 11:37:53.607] (INFO) Network heartbeat check: All OK.
[2015/11/04 11:37:53.607] (INFO) Backed up all server logs.
[2015/11/04 11:37:53.607] (INFO) Alien monitor (aliend): Detected no space aliens.
[2015/11/04 11:37:53.607] (INFO) Alien monitor (aliend): Detected no space aliens.
[2015/11/04 11:37:53.607] (INFO) Checked file systems for errors: All filesystems OK.
[2015/11/04 11:37:53.607] (INFO) Network heartbeat check: All OK.
[2015/11/04 11:37:53.607] (INFO) .evian ylbirret si emehcs otpyrc ym neht ,siht daer nac uoy fI
[2015/11/04 11:37:53.607] (ERROR) Failed to open "/mnt/fileserver01/IkdWT66825.txt": NFS timeout.
[2015/11/04 11:37:53.607] (INFO) Checkpointing off-heap server memory...
[2015/11/04 11:37:53.607] (INFO) .evian ylbirret si emehcs otpyrc ym neht ,siht daer nac uoy fI
[2015/11/04 11:37:53.607] (INFO) Pinging watchdog timer process: Process is alive.
[2015/11/04 11:37:53.607] (WARN) Ignoring SIGTERM. It's not that easy to get rid of me.
[2015/11/04 11:37:53.607] (INFO) Pinging watchdog timer process: Process is alive.
[2015/11/04 11:37:53.607] (WARN) Network heartbeat check: 1 server(s) did not respond.
[2015/11/04 11:37:53.607] (INFO) Supervisor has entered SUSPENDED state.
[2015/11/04 11:37:53.607] (INFO) Checked file systems for errors: All filesystems OK.
[2015/11/04 11:37:53.607] (INFO) Sending SIGTERM to 4 excess workers.
[2015/11/04 11:37:53.607] (INFO) Checked file systems for errors: All filesystems OK.
[2015/11/04 11:37:53.607] (INFO) Pinging watchdog timer process: Process is alive.
[2015/11/04 11:37:53.607] (ERROR) Worker 3 died with SIGTERM. Restarting it.
[2015/11/04 11:37:53.607] (INFO) User "zzf1110" logged out due to inactivity (timeout=30 minutes).
[2015/11/04 11:37:53.607] (INFO) Network heartbeat check: All OK.
[2015/11/04 11:37:53.607] (INFO) Network heartbeat check: All OK.
[2015/11/04 11:37:53.607] (INFO) Sending SIGTERM to 2 excess workers.
[2015/11/04 11:37:53.607] (INFO) Your mother called. She says you never call her.
[2015/11/04 11:37:53.607] (ERROR) Connection to 172.16.1.0 terminated unexpectedly. Reconnecting.
[2015/11/04 11:37:53.607] (INFO) Flushed 73 buffers to disk.
[2015/11/04 11:37:53.607] (INFO) Flushed 71 buffers to disk.
[2015/11/04 11:37:53.607] (WARN) Dropped 4,823 corrupt data packets.
[2015/11/04 11:37:53.607] (INFO) Alien monitor (aliend): Detected no space aliens.
[2015/11/04 11:37:53.607] (ERROR) Directory index of "/var/data" is forbidden.
[2015/11/04 11:37:53.607] (WARN) Dropped 19,107 corrupt data packets.
[2015/11/04 11:37:53.607] (INFO) Flushed 94 buffers to disk.
[2015/11/04 11:37:53.607] (INFO) Alien monitor (aliend): Detected no space aliens.
[2015/11/04 11:37:53.607] (INFO) .evian ylbirret si emehcs otpyrc ym neht ,siht daer nac uoy fI
[2015/11/04 11:37:53.607] (INFO) Sending SIGTERM to 3 excess workers.
[2015/11/04 11:37:53.607] (INFO) User "ezm5121" logged out due to inactivity (timeout=30 minutes).
[2015/11/04 11:37:53.607] (INFO) Checked file systems for errors: All filesystems OK.
[2015/11/04 11:37:53.607] (INFO) Waiting for supervisor process (PID 65371) to die.
[2015/11/04 11:37:53.607] (INFO) Network heartbeat check: All OK.
[2015/11/04 11:37:53.607] (INFO) Pinging watchdog timer process: Process is alive.
[2015/11/04 11:37:53.607] (INFO) Alien monitor (aliend): Detected no space aliens.
[2015/11/04 11:37:53.607] (INFO) Supervisor has entered WAITING state.
[2015/11/04 11:37:53.607] (INFO) Backed up all server logs.
[2015/11/04 11:37:53.607] (INFO) Alien monitor (aliend): Detected no space aliens.
[2015/11/04 11:37:53.607] (INFO) Waiting for supervisor process (PID 29593) to die.
[2015/11/04 11:37:53.607] (WARN) Network heartbeat check: 15 server(s) did not respond.
[2015/11/04 11:37:53.607] (INFO) Rolling 4 log file(s)...
[2015/11/04 11:37:53.607] (WARN) Network heartbeat check: 8 server(s) did not respond.
[2015/11/04 11:37:53.607] (INFO) Rolling 1 log file(s)...
[2015/11/04 11:37:53.607] (INFO) Rolling 9 log file(s)...
[2015/11/04 11:37:53.607] (INFO) Your mother called. She says you never call her.
[2015/11/04 11:37:53.607] (INFO) .evian ylbirret si emehcs otpyrc ym neht ,siht daer nac uoy fI
[2015/11/04 11:37:53.607] (INFO) Rolling 9 log file(s)...
[2015/11/04 11:37:53.607] (INFO) Pinging watchdog timer process: Process is alive.
[2015/11/04 11:37:53.607] (WARN) CPU temperature exceeds 40º Celsius.
[2015/11/04 11:37:53.607] (ERROR) Detected incoming DDoS from 192.168.56.227.
[2015/11/04 11:37:53.607] (INFO) Supervisor has entered WAITING state.
[2015/11/04 11:37:53.607] (INFO) Device 0xc833 is online.
[2015/11/04 11:37:53.607] (INFO) Rolling 1 log file(s)...
[2015/11/04 11:37:53.607] (INFO) .evian ylbirret si emehcs otpyrc ym neht ,siht daer nac uoy fI
[2015/11/04 11:37:53.607] (INFO) User "vim7697" logged out.
[2015/11/04 11:37:53.607] (ERROR) "/var/data/uyFcn56712.tar.gz": Permission denied (EACCES)
[2015/11/04 11:37:53.607] (INFO) User "dlc4747" logged in from 10.207.62.240.
[2015/11/04 11:37:53.607] (ERROR) /dev/lp error: "PC LOAD LETTER"
[2015/11/04 11:37:53.607] (INFO) .evian ylbirret si emehcs otpyrc ym neht ,siht daer nac uoy fI
[2015/11/04 11:37:53.607] (INFO) Pinging watchdog timer process: Process is alive.
[2015/11/04 11:37:53.607] (INFO) Checkpointing off-heap server memory...
[2015/11/04 11:37:53.607] (INFO) Rolling 8 log file(s)...
[2015/11/04 11:37:53.607] (INFO) Supervisor has entered RUNNING state.
[2015/11/04 11:37:53.607] (INFO) Backed up all server logs.
[2015/11/04 11:37:53.607] (INFO) Alien monitor (aliend): Detected no space aliens.
[2015/11/04 11:37:53.607] (INFO) Sending SIGTERM to 4 excess workers.
[2015/11/04 11:37:53.607] (INFO) Checkpointing off-heap server memory...
[2015/11/04 11:37:53.607] (INFO) User "zje1191" logged out due to inactivity (timeout=30 minutes).
[2015/11/04 11:37:53.607] (INFO) User "cwl8843" logged out due to inactivity (timeout=30 minutes).
[2015/11/04 11:37:53.607] (INFO) Supervisor has entered SUSPENDED state.
[2015/11/04 11:37:53.607] (ERROR) One of the flayrods has gone out askew on treadle.
[2015/11/04 11:37:53.607] (INFO) Waiting for master process (PID 48577) to die.
[2015/11/04 11:37:53.607] (INFO) Sending SIGTERM to 2 excess workers.
[2015/11/04 11:37:53.607] (INFO) Rolling 5 log file(s)...
[2015/11/04 11:37:53.607] (INFO) Backed up all server logs.
[2015/11/04 11:37:53.607] (WARN) Possible cyber-attack from Russia.
[2015/11/04 11:37:53.607] (ERROR) Directory index of "/var/data" is forbidden.
[2015/11/04 11:37:53.607] (INFO) Rolling 5 log file(s)...
[2015/11/04 11:37:53.607] (INFO) Alien monitor (aliend): Detected no space aliens.
[2015/11/04 11:37:53.607] (ERROR) Detected clock skew! Restarting NTP server.
[2015/11/04 11:37:53.607] (INFO) Device 0x084c is online.
[2015/11/04 11:37:53.607] (INFO) Backed up all server logs.
[2015/11/04 11:37:53.607] (INFO) Device 0xfbbb is online.
[2015/11/04 11:37:53.607] (INFO) User "kbp9150" logged out.
[2015/11/04 11:37:53.607] (INFO) Waiting for worker process (PID 10090) to die.
[2015/11/04 11:37:53.607] (ERROR) Unable to mount /dev/sdb2. (Time to run fsck?)
[2015/11/04 11:37:54.107] (INFO) Device 0xe440 is online.
[2015/11/04 11:37:54.107] (ERROR) /dev/lp error: "PC LOAD LETTER"
[2015/11/04 11:37:54.107] (INFO) Flushed 94 buffers to disk.
[2015/11/04 11:37:54.107] (INFO) User "jrh9896" logged out due to inactivity (timeout=30 minutes).
[2015/11/04 11:37:54.107] (ERROR) /dev/lp error: "PC LOAD LETTER"
[2015/11/04 11:37:54.107] (INFO) User "oct4685" logged out.
[2015/11/04 11:37:54.107] (INFO) Rolling 1 log file(s)...
[2015/11/04 11:37:54.107] (WARN) Possible cyber-attack from China.
[2015/11/04 11:37:54.107] (INFO) User "uzl4208" logged in from 172.16.13.96.
[2015/11/04 11:37:54.107] (INFO) Waiting for monitor process (PID 51254) to die.
[2015/11/04 11:37:54.107] (INFO) Backed up all server logs.
[2015/11/04 11:37:54.107] (WARN) Dropped 145 corrupt data packets.
[2015/11/04 11:37:54.107] (INFO) Waiting for supervisor process (PID 2314) to die.
[2015/11/04 11:37:54.107] (ERROR) Worker 7 died with SIGKILL. Restarting it.
[2015/11/04 11:37:54.107] (ERROR) Worker 8 died with SIGINT. Restarting it.
[2015/11/04 11:37:54.107] (INFO) Alien monitor (aliend): Detected no space aliens.
[2015/11/04 11:37:54.107] (ERROR) Extra characters at end of line.
[2015/11/04 11:37:54.107] (WARN) There is no such thing as a free lunch.
[2015/11/04 11:37:54.107] (INFO) Pinging watchdog timer process: Process is alive.
[2015/11/04 11:37:54.107] (ERROR) Blocked Little Bobby Tables attack (https://xkcd.com/327/) from 192.168.97.35.
[2015/11/04 11:37:54.107] (INFO) Your mother called. She says you never call her.
[2015/11/04 11:37:54.107] (INFO) Flushed 40 buffers to disk.
[2015/11/04 11:37:54.107] (WARN) Possible cyber-attack from Russia.
[2015/11/04 11:37:54.107] (INFO) Your mother called. She says you never call her.
[2015/11/04 11:37:54.107] (INFO) .evian ylbirret si emehcs otpyrc ym neht ,siht daer nac uoy fI
[2015/11/04 11:37:54.107] (INFO) Checked file systems for errors: All filesystems OK.
[2015/11/04 11:37:54.107] (WARN) Space on disk /dev/sdc2 is low: Only 397 MB available.
[2015/11/04 11:37:54.107] (INFO) Device 0x9da9 is online.
[2015/11/04 11:37:54.107] (INFO) Waiting for supervisor process (PID 17296) to die.
[2015/11/04 11:37:54.107] (INFO) Network heartbeat check: All OK.
[2015/11/04 11:37:54.107] (ERROR) Device 0x399e is offline
[2015/11/04 11:37:54.107] (INFO) Waiting for monitor process (PID 33969) to die.
[2015/11/04 11:37:54.107] (WARN) Unable to ping monitor at 192.168.228.240. Retrying.
[2015/11/04 11:37:54.107] (INFO) Network heartbeat check: All OK.
[2015/11/04 11:37:54.107] (INFO) Sending SIGTERM to 3 excess workers.
[2015/11/04 11:37:54.107] (INFO) Pinging watchdog timer process: Process is alive.
[2015/11/04 11:37:54.107] (INFO) Sending SIGTERM to 3 excess workers.
[2015/11/04 11:37:54.107] (INFO) Backed up all server logs.
[2015/11/04 11:37:54.107] (INFO) User "ftd2135" logged in from 10.174.212.143.
[2015/11/04 11:37:54.107] (ERROR) Detected clock skew! Restarting NTP server.
[2015/11/04 11:37:54.107] (INFO) Supervisor has entered SUSPENDED state.
[2015/11/04 11:37:54.107] (INFO) .evian ylbirret si emehcs otpyrc ym neht ,siht daer nac uoy fI
[2015/11/04 11:37:54.107] (INFO) Pinging watchdog timer process: Process is alive.
[2015/11/04 11:37:54.107] (INFO) Network heartbeat check: All OK.
[2015/11/04 11:37:54.107] (ERROR) "/var/data/DRVsj79250.csv": Permission denied (EACCES)
[2015/11/04 11:37:54.107] (ERROR) Network heartbeat check FAILED: Master host down?
[2015/11/04 11:37:54.107] (INFO) User "btl9883" logged out due to inactivity (timeout=30 minutes).
[2015/11/04 11:37:54.107] (ERROR) Connection to 192.168.98.152 terminated unexpectedly. Reconnecting.
[2015/11/04 11:37:54.107] (INFO) User "bxi8738" logged in from 192.168.153.152.
[2015/11/04 11:37:54.107] (INFO) User "vwt9045" logged out due to inactivity (timeout=30 minutes).
[2015/11/04 11:37:54.107] (ERROR) CPU temperature exceeds 50º Celsius. Shutting down.
[2015/11/04 11:37:54.107] (INFO) .evian ylbirret si emehcs otpyrc ym neht ,siht daer nac uoy fI
[2015/11/04 11:37:54.107] (INFO) Network heartbeat check: All OK.
[2015/11/04 11:37:54.107] (INFO) User "lsd7925" logged out due to inactivity (timeout=30 minutes).
[2015/11/04 11:37:54.107] (ERROR) Unable to mount /dev/sdf2. (Time to run fsck?)
[2015/11/04 11:37:54.107] (INFO) Checked file systems for errors: All filesystems OK.
[2015/11/04 11:37:54.107] (INFO) Your mother called. She says you never call her.
[2015/11/04 11:37:54.107] (INFO) Alien monitor (aliend): Detected no space aliens.
[2015/11/04 11:37:54.107] (INFO) Rolling 8 log file(s)...
[2015/11/04 11:37:54.107] (ERROR) "/var/data/ttmdU62249.parquet": No such file or directory (ENOENT)
[2015/11/04 11:37:54.107] (INFO) Rolling 1 log file(s)...
[2015/11/04 11:37:54.107] (INFO) Supervisor has entered RESTARTING state.
[2015/11/04 11:37:54.107] (INFO) Your mother called. She says you never call her.
[2015/11/04 11:37:54.107] (WARN) Dropped 129 corrupt data packets.
[2015/11/04 11:37:54.107] (WARN) Watchdog timer crashed. Restarting it.
[2015/11/04 11:37:54.107] (INFO) .evian ylbirret si emehcs otpyrc ym neht ,siht daer nac uoy fI
[2015/11/04 11:37:54.107] (INFO) Your mother called. She says you never call her.
[2015/11/04 11:37:54.107] (INFO) Backed up all server logs.
[2015/11/04 11:37:54.107] (INFO) Checked file systems for errors: All filesystems OK.
[2015/11/04 11:37:54.107] (INFO) Waiting for worker process (PID 39248) to die.
[2015/11/04 11:37:54.107] (WARN) Network heartbeat check: 2 server(s) did not respond.
[2015/11/04 11:37:54.107] (INFO) Your mother called. She says you never call her.
[2015/11/04 11:37:54.107] (INFO) Device 0x0b9b is online.
[2015/11/04 11:37:54.107] (INFO) .evian ylbirret si emehcs otpyrc ym neht ,siht daer nac uoy fI
[2015/11/04 11:37:54.107] (INFO) Checked file systems for errors: All filesystems OK.
[2015/11/04 11:37:54.107] (INFO) Backed up all server logs.
[2015/11/04 11:37:54.107] (INFO) Device 0xb1b3 is online.
[2015/11/04 11:37:54.107] (INFO) Pinging watchdog timer process: Process is alive.
[2015/11/04 11:37:54.107] (WARN) Network heartbeat check: 13 server(s) did not respond.
[2015/11/04 11:37:54.107] (INFO) Alien monitor (aliend): Detected no space aliens.
[2015/11/04 11:37:54.107] (WARN) Retrying server log checkpoint.
[2015/11/04 11:37:54.107] (WARN) Network heartbeat check: 1 server(s) did not respond.
[2015/11/04 11:37:54.107] (INFO) Checkpointing off-heap server memory...
[2015/11/04 11:37:54.107] (INFO) User "izp3508" logged out.
[2015/11/04 11:37:54.107] (INFO) Network heartbeat check: All OK.
[2015/11/04 11:37:54.107] (INFO) Backed up all server logs.
[2015/11/04 11:37:54.107] (INFO) Rolling 9 log file(s)...
[2015/11/04 11:37:54.107] (ERROR) Unable to write to "/var/data/kCiqd70124.csv": Permission denied (EACCES)
[2015/11/04 11:37:54.107] (INFO) Rolling 6 log file(s)...
[2015/11/04 11:37:54.107] (INFO) Network heartbeat check: All OK.
[2015/11/04 11:37:54.107] (INFO) User "odc6997" logged in from 10.141.250.234.
[2015/11/04 11:37:54.107] (INFO) Network heartbeat check: All OK.
[2015/11/04 11:37:54.107] (INFO) Your mother called. She says you never call her.
[2015/11/04 11:37:54.107] (INFO) Flushed 24 buffers to disk.
[2015/11/04 11:37:54.107] (INFO) Checkpointing off-heap server memory...
[2015/11/04 11:37:54.107] (WARN) Possible cyber-attack from Nebraska.
[2015/11/04 11:37:54.107] (INFO) Waiting for master process (PID 42227) to die.
[2015/11/04 11:37:54.107] (INFO) Flushed 29 buffers to disk.
[2015/11/04 11:37:54.107] (ERROR) CPU temperature exceeds 50º Celsius. Shutting down.
[2015/11/04 11:37:54.107] (INFO) Sending SIGTERM to 2 excess workers.
[2015/11/04 11:37:54.608] (WARN) Network heartbeat check: 13 server(s) did not respond.
[2015/11/04 11:37:54.608] (INFO) Checked file systems for errors: All filesystems OK.
[2015/11/04 11:37:54.608] (INFO) Supervisor has entered RESTARTING state.
[2015/11/04 11:37:54.608] (INFO) Sending SIGTERM to 2 excess workers.
[2015/11/04 11:37:54.608] (INFO) User "gkd3297" logged out.
[2015/11/04 11:37:54.608] (INFO) Sending SIGTERM to 4 excess workers.
[2015/11/04 11:37:54.608] (ERROR) Detected clock skew! Restarting NTP server.
[2015/11/04 11:37:54.608] (INFO) Backed up all server logs.
[2015/11/04 11:37:54.608] (ERROR) Server log backup FAILED. See backup logs.
[2015/11/04 11:37:54.608] (INFO) Checked file systems for errors: All filesystems OK.
[2015/11/04 11:37:54.608] (INFO) .evian ylbirret si emehcs otpyrc ym neht ,siht daer nac uoy fI
[2015/11/04 11:37:54.608] (INFO) .evian ylbirret si emehcs otpyrc ym neht ,siht daer nac uoy fI
[2015/11/04 11:37:54.608] (INFO) Backed up all server logs.
[2015/11/04 11:37:54.608] (WARN) There is no such thing as a free lunch.
[2015/11/04 11:37:54.608] (INFO) Network heartbeat check: All OK.
[2015/11/04 11:37:54.608] (INFO) Sending SIGTERM to 3 excess workers.
[2015/11/04 11:37:54.608] (INFO) User "oke6287" logged in from 192.168.139.179.
[2015/11/04 11:37:54.608] (INFO) Supervisor has entered WAITING state.
[2015/11/04 11:37:54.608] (INFO) Pinging watchdog timer process: Process is alive.
[2015/11/04 11:37:54.608] (INFO) .evian ylbirret si emehcs otpyrc ym neht ,siht daer nac uoy fI
[2015/11/04 11:37:54.608] (INFO) .evian ylbirret si emehcs otpyrc ym neht ,siht daer nac uoy fI
[2015/11/04 11:37:54.608] (ERROR) Unable to mount /dev/sde4. (Time to run fsck?)
[2015/11/04 11:37:54.608] (ERROR) Detected clock skew! Restarting NTP server.
[2015/11/04 11:37:54.608] (INFO) Flushed 38 buffers to disk.
[2015/11/04 11:37:54.608] (INFO) .evian ylbirret si emehcs otpyrc ym neht ,siht daer nac uoy fI
[2015/11/04 11:37:54.608] (INFO) Alien monitor (aliend): Detected no space aliens.
[2015/11/04 11:37:54.608] (INFO) Rolling 9 log file(s)...
[2015/11/04 11:37:54.608] (INFO) Network heartbeat check: All OK.
[2015/11/04 11:37:54.608] (INFO) Backed up all server logs.
[2015/11/04 11:37:54.608] (INFO) Supervisor has entered RUNNING state.
[2015/11/04 11:37:54.608] (INFO) Checkpointing off-heap server memory...
[2015/11/04 11:37:54.608] (INFO) Backed up all server logs.
[2015/11/04 11:37:54.608] (ERROR) Unable to write to "/var/data/sMmAC68849.xslx": Permission denied (EACCES)
[2015/11/04 11:37:54.608] (INFO) .evian ylbirret si emehcs otpyrc ym neht ,siht daer nac uoy fI
[2015/11/04 11:37:54.608] (INFO) .evian ylbirret si emehcs otpyrc ym neht ,siht daer nac uoy fI
[2015/11/04 11:37:54.608] (INFO) Waiting for monitor process (PID 62583) to die.
[2015/11/04 11:37:54.608] (INFO) User "anh5876" logged out due to inactivity (timeout=30 minutes).
[2015/11/04 11:37:54.608] (INFO) Pinging watchdog timer process: Process is alive.
[2015/11/04 11:37:54.608] (INFO) Waiting for master process (PID 29667) to die.
[2015/11/04 11:37:54.608] (INFO) .evian ylbirret si emehcs otpyrc ym neht ,siht daer nac uoy fI
[2015/11/04 11:37:54.608] (INFO) Your mother called. She says you never call her.
[2015/11/04 11:37:54.608] (INFO) User "qxf2835" logged out.
[2015/11/04 11:37:54.608] (INFO) Rolling 6 log file(s)...
[2015/11/04 11:37:54.608] (INFO) Flushed 91 buffers to disk.
[2015/11/04 11:37:54.608] (INFO) User "oxg8030" logged out.
[2015/11/04 11:37:54.608] (INFO) Backed up all server logs.
[2015/11/04 11:37:54.608] (INFO) Backed up all server logs.
[2015/11/04 11:37:54.608] (WARN) Possible cyber-attack from a small unnamed island.
[2015/11/04 11:37:54.608] (INFO) Sending SIGTERM to 4 excess workers.
[2015/11/04 11:37:54.608] (WARN) Possible cyber-attack from a small unnamed island.
[2015/11/04 11:37:54.608] (ERROR) Blocked Little Bobby Tables attack (https://xkcd.com/327/) from 10.227.231.196.
[2015/11/04 11:37:54.608] (INFO) Alien monitor (aliend): Detected no space aliens.
[2015/11/04 11:37:54.608] (INFO) Your mother called. She says you never call her.
[2015/11/04 11:37:54.608] (INFO) Alien monitor (aliend): Detected no space aliens.
[2015/11/04 11:37:54.608] (INFO) Checked file systems for errors: All filesystems OK.
[2015/11/04 11:37:54.608] (INFO) User "tcb6150" logged out.
[2015/11/04 11:37:54.608] (INFO) Supervisor has entered SUSPENDED state.
[2015/11/04 11:37:54.608] (INFO) Device 0x683d is online.
[2015/11/04 11:37:54.608] (INFO) User "hrz4620" logged out due to inactivity (timeout=30 minutes).
[2015/11/04 11:37:54.608] (INFO) Checked file systems for errors: All filesystems OK.
[2015/11/04 11:37:54.608] (WARN) Dropped 9,783 corrupt data packets.
[2015/11/04 11:37:54.608] (ERROR) Network heartbeat check FAILED: Master host down?
[2015/11/04 11:37:54.608] (INFO) Supervisor has entered WAITING state.
[2015/11/04 11:37:54.608] (ERROR) Unable to write to "/var/data/TPqbY86423.parquet": Permission denied (EACCES)
[2015/11/04 11:37:54.608] (INFO) Backed up all server logs.
[2015/11/04 11:37:54.608] (INFO) Pinging watchdog timer process: Process is alive.
[2015/11/04 11:37:54.608] (INFO) Supervisor has entered RUNNING state.
[2015/11/04 11:37:54.608] (INFO) User "jnd8850" logged out.
[2015/11/04 11:37:54.608] (INFO) User "gdp2438" logged out due to inactivity (timeout=30 minutes).
[2015/11/04 11:37:54.608] (WARN) There is no such thing as a free lunch.
[2015/11/04 11:37:54.608] (INFO) User "ova7757" logged out due to inactivity (timeout=30 minutes).
[2015/11/04 11:37:54.608] (INFO) User "onm6124" logged out.
[2015/11/04 11:37:54.608] (ERROR) Detected clock skew! Restarting NTP server.
[2015/11/04 11:37:54.608] (INFO) Network heartbeat check: All OK.
[2015/11/04 11:37:54.608] (INFO) .evian ylbirret si emehcs otpyrc ym neht ,siht daer nac uoy fI
[2015/11/04 11:37:54.608] (INFO) Backed up all server logs.
[2015/11/04 11:37:54.608] (INFO) Supervisor has entered RESTARTING state.
[2015/11/04 11:37:54.608] (INFO) Supervisor has entered RUNNING state.
[2015/11/04 11:37:54.608] (INFO) Sending SIGTERM to 4 excess workers.
[2015/11/04 11:37:54.608] (INFO) Device 0xccca is online.
[2015/11/04 11:37:54.608] (INFO) Waiting for supervisor process (PID 5401) to die.
[2015/11/04 11:37:54.608] (INFO) .evian ylbirret si emehcs otpyrc ym neht ,siht daer nac uoy fI
[2015/11/04 11:37:54.608] (INFO) User "xqb5226" logged in from 172.16.105.167.
[2015/11/04 11:37:54.608] (INFO) Alien monitor (aliend): Detected no space aliens.
[2015/11/04 11:37:54.608] (INFO) Waiting for master process (PID 48487) to die.
[2015/11/04 11:37:54.608] (INFO) User "kcg9182" logged in from 10.132.22.157.
[2015/11/04 11:37:54.608] (INFO) Waiting for monitor process (PID 662) to die.
[2015/11/04 11:37:54.608] (INFO) Supervisor has entered SUSPENDED state.
[2015/11/04 11:37:54.608] (INFO) User "nnz7486" logged out due to inactivity (timeout=30 minutes).
[2015/11/04 11:37:54.608] (INFO) Checked file systems for errors: All filesystems OK.
[2015/11/04 11:37:54.608] (WARN) Master took 504 ms to respond (threshold=500 ms)
[2015/11/04 11:37:54.608] (INFO) Device 0xb4a7 is online.
[2015/11/04 11:37:54.608] (INFO) User "fir2509" logged out due to inactivity (timeout=30 minutes).
[2015/11/04 11:37:54.608] (INFO) User "ngo1808" logged in from 172.16.102.107.
[2015/11/04 11:37:54.608] (WARN) Dropped 11,370 corrupt data packets.
[2015/11/04 11:37:54.608] (INFO) Flushed 55 buffers to disk.
[2015/11/04 11:37:54.608] (WARN) Possible cyber-attack from Canada.
[2015/11/04 11:37:54.608] (WARN) Possible cyber-attack from Russia.
[2015/11/04 11:37:54.608] (INFO) Checkpointing off-heap server memory...
[2015/11/04 11:37:54.608] (ERROR) Unable to authenticate user "mef6958": LDAP server isn't responding.
[2015/11/04 11:37:55.108] (INFO) Flushed 93 buffers to disk.
[2015/11/04 11:37:55.108] (INFO) User "xfv6978" logged out.
[2015/11/04 11:37:55.108] (ERROR) Worker 3 died with SIGSEGV. Restarting it.
[2015/11/04 11:37:55.108] (INFO) Checkpointing off-heap server memory...
[2015/11/04 11:37:55.108] (INFO) Network heartbeat check: All OK.
[2015/11/04 11:37:55.108] (INFO) Checked file systems for errors: All filesystems OK.
[2015/11/04 11:37:55.108] (INFO) Sending SIGTERM to 2 excess workers.
[2015/11/04 11:37:55.108] (ERROR) Detected incoming DDoS from 192.168.138.223.
[2015/11/04 11:37:55.108] (INFO) Your mother called. She says you never call her.
[2015/11/04 11:37:55.108] (INFO) Sending SIGTERM to 2 excess workers.
[2015/11/04 11:37:55.108] (INFO) Pinging watchdog timer process: Process is alive.
[2015/11/04 11:37:55.108] (INFO) Pinging watchdog timer process: Process is alive.
[2015/11/04 11:37:55.108] (INFO) User "ewy2643" logged out.
[2015/11/04 11:37:55.108] (INFO) Supervisor has entered RESTARTING state.
[2015/11/04 11:37:55.108] (INFO) Supervisor has entered RUNNING state.
[2015/11/04 11:37:55.108] (INFO) Checked file systems for errors: All filesystems OK.
[2015/11/04 11:37:55.108] (WARN) Space on disk /dev/sdb2 is low: Only 803 MB available.
[2015/11/04 11:37:55.108] (INFO) Device 0xa68c is online.
[2015/11/04 11:37:55.108] (INFO) Waiting for supervisor process (PID 65182) to die.
[2015/11/04 11:37:55.108] (ERROR) Detected clock skew! Restarting NTP server.
[2015/11/04 11:37:55.108] (INFO) Network heartbeat check: All OK.
[2015/11/04 11:37:55.108] (INFO) User "hnc2602" logged in from 10.208.3.183.
[2015/11/04 11:37:55.108] (INFO) Flushed 85 buffers to disk.
[2015/11/04 11:37:55.108] (INFO) Rolling 4 log file(s)...
[2015/11/04 11:37:55.108] (INFO) Pinging watchdog timer process: Process is alive.
[2015/11/04 11:37:55.108] (INFO) Pinging watchdog timer process: Process is alive.
[2015/11/04 11:37:55.108] (INFO) Checked file systems for errors: All filesystems OK.
[2015/11/04 11:37:55.108] (INFO) Rolling 2 log file(s)...
[2015/11/04 11:37:55.108] (INFO) Flushed 43 buffers to disk.
[2015/11/04 11:37:55.108] (WARN) Ignoring SIGTERM. It's not that easy to get rid of me.
[2015/11/04 11:37:55.108] (INFO) User "glk2165" logged out.
[2015/11/04 11:37:55.108] (INFO) Network heartbeat check: All OK.
[2015/11/04 11:37:55.108] (INFO) Backed up all server logs.
[2015/11/04 11:37:55.108] (INFO) Pinging watchdog timer process: Process is alive.
[2015/11/04 11:37:55.108] (INFO) Waiting for monitor process (PID 12719) to die.
[2015/11/04 11:37:55.108] (INFO) Device 0xaa6d is online.
[2015/11/04 11:37:55.108] (ERROR) Alien monitor (aliend): 4 space aliens are fiddling with the hardware!
[2015/11/04 11:37:55.108] (INFO) .evian ylbirret si emehcs otpyrc ym neht ,siht daer nac uoy fI
[2015/11/04 11:37:55.108] (ERROR) Failed to write checkpoint file "/var/checkpoint/HJcHm71788: No space left on device (ENOSPC)
[2015/11/04 11:37:55.108] (INFO) Sending SIGTERM to 2 excess workers.
[2015/11/04 11:37:55.108] (INFO) Pinging watchdog timer process: Process is alive.
[2015/11/04 11:37:55.108] (INFO) Flushed 74 buffers to disk.
[2015/11/04 11:37:55.108] (INFO) Waiting for worker process (PID 23777) to die.
[2015/11/04 11:37:55.108] (INFO) Pinging watchdog timer process: Process is alive.
[2015/11/04 11:37:55.108] (INFO) Your mother called. She says you never call her.
[2015/11/04 11:37:55.108] (INFO) Supervisor has entered RESTARTING state.
[2015/11/04 11:37:55.108] (INFO) Alien monitor (aliend): Detected no space aliens.
[2015/11/04 11:37:55.108] (INFO) Network heartbeat check: All OK.
[2015/11/04 11:37:55.108] (INFO) Checkpointing off-heap server memory...
[2015/11/04 11:37:55.108] (WARN) Dropped 2,148 corrupt data packets.
[2015/11/04 11:37:55.108] (INFO) Supervisor has entered WAITING state.
[2015/11/04 11:37:55.108] (INFO) Alien monitor (aliend): Detected no space aliens.
[2015/11/04 11:37:55.108] (INFO) Flushed 38 buffers to disk.
[2015/11/04 11:37:55.108] (ERROR) Blocked Little Bobby Tables attack (https://xkcd.com/327/) from 172.16.149.61.
[2015/11/04 11:37:55.108] (INFO) Backed up all server logs.
[2015/11/04 11:37:55.108] (WARN) Master took 670 ms to respond (threshold=500 ms)
[2015/11/04 11:37:55.108] (INFO) Checkpointing off-heap server memory...
[2015/11/04 11:37:55.108] (INFO) Alien monitor (aliend): Detected no space aliens.
[2015/11/04 11:37:55.108] (INFO) Checked file systems for errors: All filesystems OK.
[2015/11/04 11:37:55.108] (WARN) Possible cyber-attack from The Cayman Islands.
[2015/11/04 11:37:55.108] (ERROR) Network heartbeat check FAILED: Master host down?
[2015/11/04 11:37:55.108] (INFO) Checked file systems for errors: All filesystems OK.
[2015/11/04 11:37:55.108] (INFO) Alien monitor (aliend): Detected no space aliens.
[2015/11/04 11:37:55.108] (INFO) Checkpointing off-heap server memory...
[2015/11/04 11:37:55.108] (INFO) Your mother called. She says you never call her.
[2015/11/04 11:37:55.108] (INFO) Pinging watchdog timer process: Process is alive.
[2015/11/04 11:37:55.108] (INFO) Network heartbeat check: All OK.
[2015/11/04 11:37:55.108] (INFO) Checkpointing off-heap server memory...
[2015/11/04 11:37:55.108] (INFO) Checked file systems for errors: All filesystems OK.
[2015/11/04 11:37:55.108] (INFO) User "zol9200" logged out.
[2015/11/04 11:37:55.108] (WARN) Dropped 12,698 corrupt data packets.
[2015/11/04 11:37:55.108] (INFO) Supervisor has entered WAITING state.
[2015/11/04 11:37:55.108] (ERROR) Device 0x62ed is offline
[2015/11/04 11:37:55.108] (INFO) User "rlx2481" logged out due to inactivity (timeout=30 minutes).
[2015/11/04 11:37:55.108] (INFO) Device 0xd8b5 is online.
[2015/11/04 11:37:55.108] (INFO) .evian ylbirret si emehcs otpyrc ym neht ,siht daer nac uoy fI
[2015/11/04 11:37:55.108] (INFO) Checked file systems for errors: All filesystems OK.
[2015/11/04 11:37:55.108] (INFO) .evian ylbirret si emehcs otpyrc ym neht ,siht daer nac uoy fI
[2015/11/04 11:37:55.108] (INFO) Sending SIGTERM to 2 excess workers.
[2015/11/04 11:37:55.108] (ERROR) User "mxf2201" failed to log in 3 times. Disabling account.
[2015/11/04 11:37:55.108] (ERROR) Unable to write to "/var/data/ssOVn91733.tsv": Permission denied (EACCES)
[2015/11/04 11:37:55.108] (INFO) Alien monitor (aliend): Detected no space aliens.
[2015/11/04 11:37:55.108] (INFO) Supervisor has entered SUSPENDED state.
[2015/11/04 11:37:55.108] (WARN) Dropped 11,405 corrupt data packets.
[2015/11/04 11:37:55.108] (WARN) There is no such thing as a free lunch.
[2015/11/04 11:37:55.108] (INFO) .evian ylbirret si emehcs otpyrc ym neht ,siht daer nac uoy fI
[2015/11/04 11:37:55.108] (INFO) .evian ylbirret si emehcs otpyrc ym neht ,siht daer nac uoy fI
[2015/11/04 11:37:55.108] (INFO) Sending SIGTERM to 3 excess workers.
[2015/11/04 11:37:55.108] (INFO) Your mother called. She says you never call her.
[2015/11/04 11:37:55.108] (INFO) Rolling 8 log file(s)...
[2015/11/04 11:37:55.108] (INFO) User "bgz9718" logged in from 10.65.43.222.
[2015/11/04 11:37:55.108] (ERROR) Unable to mount /dev/sdd2. (Time to run fsck?)
[2015/11/04 11:37:55.108] (INFO) Your mother called. She says you never call her.
[2015/11/04 11:37:55.108] (ERROR) EFOODFAIL (Waiter, there's a fly in my soup).
[2015/11/04 11:37:55.108] (INFO) User "tmj7080" logged in from 172.16.60.32.
[2015/11/04 11:37:55.108] (INFO) Supervisor has entered RESTARTING state.
[2015/11/04 11:37:55.108] (INFO) Supervisor has entered SUSPENDED state.
[2015/11/04 11:37:55.108] (ERROR) Alien monitor (aliend): 2 space aliens are fiddling with the hardware!
[2015/11/04 11:37:55.108] (ERROR) Blocked BitTorrent traffic originating from 10.143.187.202.
[2015/11/04 11:37:55.108] (INFO) Waiting for supervisor process (PID 56932) to die.
[2015/11/04 11:37:55.607] (INFO) Rolling 3 log file(s)...
[2015/11/04 11:37:55.608] (INFO) User "trm8073" logged out.
[2015/11/04 11:37:55.608] (INFO) User "dkg6085" logged in from 192.168.185.128.
[2015/11/04 11:37:55.608] (INFO) Network heartbeat check: All OK.
[2015/11/04 11:37:55.608] (INFO) .evian ylbirret si emehcs otpyrc ym neht ,siht daer nac uoy fI
[2015/11/04 11:37:55.608] (INFO) Backed up all server logs.
[2015/11/04 11:37:55.608] (ERROR) Unable to mount /dev/sdd2. (Time to run fsck?)
[2015/11/04 11:37:55.608] (INFO) Your mother called. She says you never call her.
[2015/11/04 11:37:55.608] (INFO) Checked file systems for errors: All filesystems OK.
[2015/11/04 11:37:55.608] (INFO) Checked file systems for errors: All filesystems OK.
[2015/11/04 11:37:55.608] (INFO) User "xdq8117" logged in from 10.49.23.187.
[2015/11/04 11:37:55.608] (INFO) Alien monitor (aliend): Detected no space aliens.
[2015/11/04 11:37:55.608] (INFO) Alien monitor (aliend): Detected no space aliens.
[2015/11/04 11:37:55.608] (INFO) Sending SIGTERM to 2 excess workers.
[2015/11/04 11:37:55.608] (INFO) Alien monitor (aliend): Detected no space aliens.
[2015/11/04 11:37:55.608] (ERROR) /dev/lp error: "PC LOAD LETTER"
[2015/11/04 11:37:55.608] (INFO) Flushed 36 buffers to disk.
[2015/11/04 11:37:55.608] (INFO) Alien monitor (aliend): Detected no space aliens.
[2015/11/04 11:37:55.608] (WARN) Retrying server log checkpoint.
[2015/11/04 11:37:55.608] (INFO) Waiting for monitor process (PID 48605) to die.
[2015/11/04 11:37:55.608] (INFO) Pinging watchdog timer process: Process is alive.
[2015/11/04 11:37:55.608] (INFO) Waiting for monitor process (PID 5406) to die.
[2015/11/04 11:37:55.608] (INFO) .evian ylbirret si emehcs otpyrc ym neht ,siht daer nac uoy fI
[2015/11/04 11:37:55.608] (INFO) Checkpointing off-heap server memory...
[2015/11/04 11:37:55.608] (INFO) Device 0x4498 is online.
[2015/11/04 11:37:55.608] (INFO) Your mother called. She says you never call her.
[2015/11/04 11:37:55.608] (INFO) Waiting for supervisor process (PID 64628) to die.
[2015/11/04 11:37:55.608] (ERROR) Server log backup FAILED. See backup logs.
[2015/11/04 11:37:55.608] (WARN) Network heartbeat check: 13 server(s) did not respond.
[2015/11/04 11:37:55.608] (INFO) Alien monitor (aliend): Detected no space aliens.
[2015/11/04 11:37:55.608] (INFO) Your mother called. She says you never call her.
[2015/11/04 11:37:55.608] (ERROR) User "kcv5153" failed to log in 3 times. Disabling account.
[2015/11/04 11:37:55.608] (INFO) Device 0xbef2 is online.
[2015/11/04 11:37:55.608] (INFO) User "iys6187" logged in from 192.168.61.121.
[2015/11/04 11:37:55.608] (INFO) Device 0x41fb is online.
[2015/11/04 11:37:55.608] (INFO) Flushed 77 buffers to disk.
[2015/11/04 11:37:55.608] (WARN) Ignoring SIGTERM. It's not that easy to get rid of me.
[2015/11/04 11:37:55.608] (INFO) Checkpointing off-heap server memory...
[2015/11/04 11:37:55.608] (INFO) User "wwa3265" logged out.
[2015/11/04 11:37:55.608] (INFO) User "znn9060" logged out due to inactivity (timeout=30 minutes).
[2015/11/04 11:37:55.608] (INFO) Pinging watchdog timer process: Process is alive.
[2015/11/04 11:37:55.608] (INFO) Supervisor has entered RUNNING state.
[2015/11/04 11:37:55.608] (INFO) Network heartbeat check: All OK.
[2015/11/04 11:37:55.608] (INFO) Pinging watchdog timer process: Process is alive.
[2015/11/04 11:37:55.608] (INFO) Network heartbeat check: All OK.
[2015/11/04 11:37:55.608] (INFO) Flushed 75 buffers to disk.
[2015/11/04 11:37:55.608] (INFO) Pinging watchdog timer process: Process is alive.
[2015/11/04 11:37:55.608] (ERROR) Blocked Little Bobby Tables attack (https://xkcd.com/327/) from 10.64.21.25.
[2015/11/04 11:37:55.608] (ERROR) Connection to 192.168.173.201 terminated unexpectedly. Reconnecting.
[2015/11/04 11:37:55.608] (ERROR) CPU temperature exceeds 50º Celsius. Shutting down.
[2015/11/04 11:37:55.608] (WARN) CPU temperature exceeds 40º Celsius.
[2015/11/04 11:37:55.608] (INFO) Alien monitor (aliend): Detected no space aliens.
[2015/11/04 11:37:55.608] (INFO) User "bys8342" logged in from 172.16.87.170.
[2015/11/04 11:37:55.608] (INFO) .evian ylbirret si emehcs otpyrc ym neht ,siht daer nac uoy fI
[2015/11/04 11:37:55.608] (INFO) Rolling 8 log file(s)...
[2015/11/04 11:37:55.608] (INFO) Pinging watchdog timer process: Process is alive.
[2015/11/04 11:37:55.608] (INFO) Your mother called. She says you never call her.
[2015/11/04 11:37:55.608] (INFO) Rolling 9 log file(s)...
[2015/11/04 11:37:55.608] (INFO) Device 0x3ee1 is online.
[2015/11/04 11:37:55.608] (INFO) Waiting for supervisor process (PID 37497) to die.
[2015/11/04 11:37:55.608] (INFO) .evian ylbirret si emehcs otpyrc ym neht ,siht daer nac uoy fI
[2015/11/04 11:37:55.608] (INFO) Network heartbeat check: All OK.
[2015/11/04 11:37:55.608] (INFO) Network heartbeat check: All OK.
[2015/11/04 11:37:55.608] (INFO) Device 0x641d is online.
[2015/11/04 11:37:55.608] (INFO) Checked file systems for errors: All filesystems OK.
[2015/11/04 11:37:55.608] (INFO) Backed up all server logs.
[2015/11/04 11:37:55.608] (INFO) User "haf6889" logged out due to inactivity (timeout=30 minutes).
[2015/11/04 11:37:55.608] (INFO) Rolling 8 log file(s)...
[2015/11/04 11:37:55.608] (INFO) Alien monitor (aliend): Detected no space aliens.
[2015/11/04 11:37:55.608] (INFO) User "ure3120" logged out.
[2015/11/04 11:37:55.608] (INFO) Flushed 39 buffers to disk.
[2015/11/04 11:37:55.608] (INFO) Sending SIGTERM to 2 excess workers.
[2015/11/04 11:37:55.608] (INFO) Supervisor has entered SUSPENDED state.
[2015/11/04 11:37:55.608] (INFO) Pinging watchdog timer process: Process is alive.
[2015/11/04 11:37:55.608] (INFO) Waiting for worker process (PID 60475) to die.
[2015/11/04 11:37:55.608] (INFO) .evian ylbirret si emehcs otpyrc ym neht ,siht daer nac uoy fI
[2015/11/04 11:37:55.608] (INFO) User "qmp4897" logged in from 10.207.122.149.
[2015/11/04 11:37:55.608] (INFO) .evian ylbirret si emehcs otpyrc ym neht ,siht daer nac uoy fI
[2015/11/04 11:37:55.608] (INFO) Backed up all server logs.
[2015/11/04 11:37:55.608] (INFO) Waiting for supervisor process (PID 3532) to die.
[2015/11/04 11:37:55.608] (INFO) User "rxb2921" logged out.
[2015/11/04 11:37:55.608] (INFO) Flushed 63 buffers to disk.
[2015/11/04 11:37:55.608] (INFO) Supervisor has entered RUNNING state.
[2015/11/04 11:37:55.608] (INFO) Your mother called. She says you never call her.
[2015/11/04 11:37:55.608] (INFO) User "ipr7572" logged out.
[2015/11/04 11:37:55.608] (WARN) Retrying server log checkpoint.
[2015/11/04 11:37:55.608] (INFO) Your mother called. She says you never call her.
[2015/11/04 11:37:55.608] (INFO) User "ofw7542" logged in from 10.151.78.96.
[2015/11/04 11:37:55.608] (INFO) Waiting for supervisor process (PID 64423) to die.
[2015/11/04 11:37:55.608] (ERROR) Detected incoming DDoS from 172.16.200.237.
[2015/11/04 11:37:55.608] (INFO) Backed up all server logs.
[2015/11/04 11:37:55.608] (WARN) Network heartbeat check: 1 server(s) did not respond.
[2015/11/04 11:37:55.608] (INFO) Checked file systems for errors: All filesystems OK.
[2015/11/04 11:37:55.608] (INFO) Checked file systems for errors: All filesystems OK.
[2015/11/04 11:37:55.608] (INFO) Checkpointing off-heap server memory...
[2015/11/04 11:37:55.608] (INFO) Pinging watchdog timer process: Process is alive.
[2015/11/04 11:37:55.608] (INFO) User "bsq2411" logged out due to inactivity (timeout=30 minutes).
[2015/11/04 11:37:55.608] (INFO) Backed up all server logs.
[2015/11/04 11:37:55.608] (INFO) User "dhh8057" logged out due to inactivity (timeout=30 minutes).
[2015/11/04 11:37:55.608] (INFO) Pinging watchdog timer process: Process is alive.
[2015/11/04 11:37:56.108] (INFO) User "arl9267" logged in from 192.168.241.52.
[2015/11/04 11:37:56.108] (INFO) Flushed 49 buffers to disk.
[2015/11/04 11:37:56.108] (INFO) Device 0x8d0e is online.
[2015/11/04 11:37:56.108] (INFO) Pinging watchdog timer process: Process is alive.
[2015/11/04 11:37:56.108] (INFO) Alien monitor (aliend): Detected no space aliens.
[2015/11/04 11:37:56.108] (INFO) Backed up all server logs.
[2015/11/04 11:37:56.108] (INFO) Checked file systems for errors: All filesystems OK.
[2015/11/04 11:37:56.108] (INFO) Checkpointing off-heap server memory...
[2015/11/04 11:37:56.108] (INFO) Backed up all server logs.
[2015/11/04 11:37:56.108] (INFO) Your mother called. She says you never call her.
[2015/11/04 11:37:56.108] (INFO) Sending SIGTERM to 3 excess workers.
[2015/11/04 11:37:56.108] (INFO) User "hrq1021" logged out.
[2015/11/04 11:37:56.108] (INFO) Rolling 9 log file(s)...
[2015/11/04 11:37:56.108] (INFO) Alien monitor (aliend): Detected no space aliens.
[2015/11/04 11:37:56.108] (ERROR) Unable to write to "/var/data/milcm64189.csv": Permission denied (EACCES)
[2015/11/04 11:37:56.108] (INFO) Checkpointing off-heap server memory...
[2015/11/04 11:37:56.108] (INFO) User "wib6095" logged in from 192.168.219.55.
[2015/11/04 11:37:56.108] (INFO) Network heartbeat check: All OK.
[2015/11/04 11:37:56.108] (ERROR) Server log backup FAILED. See backup logs.
[2015/11/04 11:37:56.108] (INFO) Backed up all server logs.
[2015/11/04 11:37:56.108] (INFO) User "crn4971" logged out due to inactivity (timeout=30 minutes).
[2015/11/04 11:37:56.108] (INFO) Waiting for master process (PID 7397) to die.
[2015/11/04 11:37:56.108] (INFO) Network heartbeat check: All OK.
[2015/11/04 11:37:56.108] (INFO) Checkpointing off-heap server memory...
[2015/11/04 11:37:56.108] (INFO) .evian ylbirret si emehcs otpyrc ym neht ,siht daer nac uoy fI
[2015/11/04 11:37:56.108] (INFO) Device 0x52b3 is online.
[2015/11/04 11:37:56.108] (ERROR) One of the flayrods has gone out askew on treadle.
[2015/11/04 11:37:56.108] (INFO) Checked file systems for errors: All filesystems OK.
[2015/11/04 11:37:56.108] (INFO) Checked file systems for errors: All filesystems OK.
[2015/11/04 11:37:56.108] (INFO) Sending SIGTERM to 2 excess workers.
[2015/11/04 11:37:56.108] (INFO) Network heartbeat check: All OK.
[2015/11/04 11:37:56.108] (INFO) Alien monitor (aliend): Detected no space aliens.
[2015/11/04 11:37:56.108] (INFO) Sending SIGTERM to 2 excess workers.
[2015/11/04 11:37:56.108] (INFO) Supervisor has entered WAITING state.
[2015/11/04 11:37:56.108] (INFO) .evian ylbirret si emehcs otpyrc ym neht ,siht daer nac uoy fI
[2015/11/04 11:37:56.108] (INFO) Supervisor has entered RUNNING state.
[2015/11/04 11:37:56.108] (INFO) Pinging watchdog timer process: Process is alive.
[2015/11/04 11:37:56.108] (INFO) Pinging watchdog timer process: Process is alive.
[2015/11/04 11:37:56.108] (INFO) Flushed 48 buffers to disk.
[2015/11/04 11:37:56.108] (WARN) Backup server 172.16.88.171 is offline.
[2015/11/04 11:37:56.108] (INFO) .evian ylbirret si emehcs otpyrc ym neht ,siht daer nac uoy fI
[2015/11/04 11:37:56.108] (INFO) Sending SIGTERM to 4 excess workers.
[2015/11/04 11:37:56.108] (INFO) Checkpointing off-heap server memory...
[2015/11/04 11:37:56.108] (INFO) Flushed 45 buffers to disk.
[2015/11/04 11:37:56.108] (INFO) Flushed 38 buffers to disk.
[2015/11/04 11:37:56.108] (INFO) Waiting for supervisor process (PID 17963) to die.
[2015/11/04 11:37:56.108] (INFO) Flushed 23 buffers to disk.
[2015/11/04 11:37:56.108] (ERROR) Network heartbeat check FAILED: Master host down?
[2015/11/04 11:37:56.108] (INFO) Pinging watchdog timer process: Process is alive.
[2015/11/04 11:37:56.108] (INFO) Alien monitor (aliend): Detected no space aliens.
[2015/11/04 11:37:56.108] (INFO) Waiting for master process (PID 59526) to die.
[2015/11/04 11:37:56.108] (INFO) Rolling 2 log file(s)...
[2015/11/04 11:37:56.108] (INFO) Rolling 3 log file(s)...
[2015/11/04 11:37:56.108] (INFO) Device 0x073f is online.
[2015/11/04 11:37:56.108] (INFO) Waiting for worker process (PID 37622) to die.
[2015/11/04 11:37:56.108] (INFO) Checked file systems for errors: All filesystems OK.
[2015/11/04 11:37:56.108] (INFO) Supervisor has entered RUNNING state.
[2015/11/04 11:37:56.108] (INFO) Supervisor has entered WAITING state.
[2015/11/04 11:37:56.108] (WARN) Dropped 14,203 corrupt data packets.
[2015/11/04 11:37:56.108] (INFO) User "luc5655" logged out due to inactivity (timeout=30 minutes).
[2015/11/04 11:37:56.108] (INFO) Supervisor has entered RESTARTING state.
[2015/11/04 11:37:56.108] (WARN) Backup server 10.147.247.210 is offline.
[2015/11/04 11:37:56.108] (ERROR) Failed to write checkpoint file "/var/checkpoint/QQYfd78410: No space left on device (ENOSPC)
[2015/11/04 11:37:56.108] (INFO) .evian ylbirret si emehcs otpyrc ym neht ,siht daer nac uoy fI
[2015/11/04 11:37:56.108] (INFO) Supervisor has entered RESTARTING state.
[2015/11/04 11:37:56.108] (INFO) Device 0xdfd7 is online.
[2015/11/04 11:37:56.108] (INFO) Checked file systems for errors: All filesystems OK.
[2015/11/04 11:37:56.108] (INFO) Network heartbeat check: All OK.
[2015/11/04 11:37:56.108] (INFO) Backed up all server logs.
[2015/11/04 11:37:56.108] (WARN) Unable to ping master at 172.16.209.36. Retrying.
[2015/11/04 11:37:56.108] (ERROR) "/var/data/TbUEq62663.tsv": No such file or directory (ENOENT)
[2015/11/04 11:37:56.108] (INFO) Alien monitor (aliend): Detected no space aliens.
[2015/11/04 11:37:56.108] (INFO) Sending SIGTERM to 2 excess workers.
[2015/11/04 11:37:56.108] (INFO) .evian ylbirret si emehcs otpyrc ym neht ,siht daer nac uoy fI
[2015/11/04 11:37:56.108] (INFO) .evian ylbirret si emehcs otpyrc ym neht ,siht daer nac uoy fI
[2015/11/04 11:37:56.108] (INFO) Device 0x8254 is online.
[2015/11/04 11:37:56.108] (INFO) Supervisor has entered WAITING state.
[2015/11/04 11:37:56.108] (INFO) Sending SIGTERM to 4 excess workers.
[2015/11/04 11:37:56.108] (ERROR) Device 0x6b45 is offline
[2015/11/04 11:37:56.108] (INFO) Checked file systems for errors: All filesystems OK.
[2015/11/04 11:37:56.108] (INFO) Network heartbeat check: All OK.
[2015/11/04 11:37:56.108] (INFO) Checkpointing off-heap server memory...
[2015/11/04 11:37:56.108] (INFO) User "zgu8313" logged in from 172.16.252.241.
[2015/11/04 11:37:56.108] (INFO) .evian ylbirret si emehcs otpyrc ym neht ,siht daer nac uoy fI
[2015/11/04 11:37:56.108] (ERROR) Unable to authenticate user "dto2820": LDAP server isn't responding.
[2015/11/04 11:37:56.108] (INFO) User "wiu9156" logged in from 172.16.0.22.
[2015/11/04 11:37:56.108] (INFO) User "pfp1530" logged out.
[2015/11/04 11:37:56.108] (ERROR) One of the flayrods has gone out askew on treadle.
[2015/11/04 11:37:56.108] (WARN) Master took 536 ms to respond (threshold=500 ms)
[2015/11/04 11:37:56.108] (ERROR) Unable to mount /dev/sda2. (Time to run fsck?)
[2015/11/04 11:37:56.108] (WARN) Space on disk /dev/sdf3 is low: Only 466 MB available.
[2015/11/04 11:37:56.108] (WARN) Watchdog timer crashed. Restarting it.
[2015/11/04 11:37:56.108] (WARN) Retrying server log checkpoint.
[2015/11/04 11:37:56.108] (INFO) Your mother called. She says you never call her.
[2015/11/04 11:37:56.108] (INFO) User "hfv2424" logged in from 192.168.180.17.
[2015/11/04 11:37:56.108] (WARN) Retrying server log checkpoint.
[2015/11/04 11:37:56.108] (INFO) Flushed 22 buffers to disk.
[2015/11/04 11:37:56.108] (INFO) Pinging watchdog timer process: Process is alive.
[2015/11/04 11:37:56.108] (INFO) Your mother called. She says you never call her.
[2015/11/04 11:37:56.108] (INFO) Device 0x1035 is online.
[2015/11/04 11:37:56.607] (INFO) Alien monitor (aliend): Detected no space aliens.
[2015/11/04 11:37:56.607] (INFO) User "mhz7052" logged out due to inactivity (timeout=30 minutes).
[2015/11/04 11:37:56.607] (INFO) User "fyf5430" logged out.
[2015/11/04 11:37:56.607] (INFO) Rolling 8 log file(s)...
[2015/11/04 11:37:56.607] (ERROR) Blocked SMTP traffic originating from 172.16.247.133.
[2015/11/04 11:37:56.607] (INFO) Your mother called. She says you never call her.
[2015/11/04 11:37:56.607] (INFO) User "aix8511" logged out.
[2015/11/04 11:37:56.607] (INFO) Checked file systems for errors: All filesystems OK.
[2015/11/04 11:37:56.607] (INFO) User "waf8313" logged out due to inactivity (timeout=30 minutes).
[2015/11/04 11:37:56.607] (ERROR) EFOODFAIL (Waiter, there's a fly in my soup).
[2015/11/04 11:37:56.607] (INFO) Checked file systems for errors: All filesystems OK.
[2015/11/04 11:37:56.607] (WARN) Ignoring SIGTERM. It's not that easy to get rid of me.
[2015/11/04 11:37:56.607] (INFO) .evian ylbirret si emehcs otpyrc ym neht ,siht daer nac uoy fI
[2015/11/04 11:37:56.607] (INFO) .evian ylbirret si emehcs otpyrc ym neht ,siht daer nac uoy fI
[2015/11/04 11:37:56.607] (INFO) .evian ylbirret si emehcs otpyrc ym neht ,siht daer nac uoy fI
[2015/11/04 11:37:56.607] (INFO) Rolling 1 log file(s)...
[2015/11/04 11:37:56.607] (INFO) Backed up all server logs.
[2015/11/04 11:37:56.607] (INFO) Checked file systems for errors: All filesystems OK.
[2015/11/04 11:37:56.607] (INFO) Your mother called. She says you never call her.
[2015/11/04 11:37:56.607] (INFO) Backed up all server logs.
[2015/11/04 11:37:56.607] (INFO) Pinging watchdog timer process: Process is alive.
[2015/11/04 11:37:56.607] (INFO) Flushed 48 buffers to disk.
[2015/11/04 11:37:56.607] (INFO) Sending SIGTERM to 4 excess workers.
[2015/11/04 11:37:56.607] (WARN) There is no such thing as a free lunch.
[2015/11/04 11:37:56.607] (WARN) Space on disk /dev/sda4 is low: Only 486 MB available.
[2015/11/04 11:37:56.607] (INFO) Sending SIGTERM to 3 excess workers.
[2015/11/04 11:37:56.607] (INFO) Backed up all server logs.
[2015/11/04 11:37:56.607] (INFO) User "ucv8286" logged out.
[2015/11/04 11:37:56.607] (INFO) User "mqj1975" logged out due to inactivity (timeout=30 minutes).
[2015/11/04 11:37:56.607] (INFO) Your mother called. She says you never call her.
[2015/11/04 11:37:56.607] (INFO) Pinging watchdog timer process: Process is alive.
[2015/11/04 11:37:56.607] (INFO) User "pam2609" logged out due to inactivity (timeout=30 minutes).
[2015/11/04 11:37:56.607] (INFO) Alien monitor (aliend): Detected no space aliens.
[2015/11/04 11:37:56.607] (INFO) User "ldp7083" logged in from 192.168.150.87.
[2015/11/04 11:37:56.607] (INFO) Supervisor has entered WAITING state.
[2015/11/04 11:37:56.607] (WARN) Dropped 10,340 corrupt data packets.
[2015/11/04 11:37:56.607] (INFO) Flushed 47 buffers to disk.
[2015/11/04 11:37:56.607] (INFO) Pinging watchdog timer process: Process is alive.
[2015/11/04 11:37:56.607] (INFO) User "iyy5901" logged in from 10.251.96.42.
[2015/11/04 11:37:56.607] (INFO) Waiting for worker process (PID 63333) to die.
[2015/11/04 11:37:56.607] (INFO) User "jbo2723" logged out.
[2015/11/04 11:37:56.607] (INFO) Flushed 40 buffers to disk.
[2015/11/04 11:37:56.607] (INFO) Device 0x2985 is online.
[2015/11/04 11:37:56.607] (INFO) Sending SIGTERM to 4 excess workers.
[2015/11/04 11:37:56.607] (INFO) Alien monitor (aliend): Detected no space aliens.
[2015/11/04 11:37:56.607] (INFO) User "bov4817" logged in from 10.85.193.54.
[2015/11/04 11:37:56.607] (INFO) Network heartbeat check: All OK.
[2015/11/04 11:37:56.607] (INFO) User "qwg8917" logged in from 192.168.120.14.
[2015/11/04 11:37:56.607] (INFO) Your mother called. She says you never call her.
[2015/11/04 11:37:56.607] (INFO) Waiting for monitor process (PID 34641) to die.
[2015/11/04 11:37:56.607] (INFO) Your mother called. She says you never call her.
[2015/11/04 11:37:56.607] (WARN) Master took 585 ms to respond (threshold=500 ms)
[2015/11/04 11:37:56.607] (WARN) Ignoring SIGTERM. It's not that easy to get rid of me.
[2015/11/04 11:37:56.607] (INFO) Backed up all server logs.
[2015/11/04 11:37:56.607] (WARN) Unable to ping supervisor at 192.168.189.102. Retrying.
[2015/11/04 11:37:56.607] (INFO) Your mother called. She says you never call her.
[2015/11/04 11:37:56.607] (INFO) Flushed 75 buffers to disk.
[2015/11/04 11:37:56.607] (WARN) Space on disk /dev/sda3 is low: Only 439 MB available.
[2015/11/04 11:37:56.607] (INFO) User "qxk6929" logged in from 10.199.14.41.
[2015/11/04 11:37:56.607] (WARN) Possible cyber-attack from China.
[2015/11/04 11:37:56.607] (INFO) Waiting for supervisor process (PID 31827) to die.
[2015/11/04 11:37:56.607] (INFO) Rolling 9 log file(s)...
[2015/11/04 11:37:56.607] (INFO) Alien monitor (aliend): Detected no space aliens.
[2015/11/04 11:37:56.607] (INFO) Checkpointing off-heap server memory...
[2015/11/04 11:37:56.607] (INFO) Checkpointing off-heap server memory...
[2015/11/04 11:37:56.607] (INFO) Backed up all server logs.
[2015/11/04 11:37:56.607] (ERROR) Network heartbeat check FAILED: Master host down?
[2015/11/04 11:37:56.607] (INFO) User "bhq5576" logged out due to inactivity (timeout=30 minutes).
[2015/11/04 11:37:56.607] (INFO) Supervisor has entered WAITING state.
[2015/11/04 11:37:56.607] (WARN) CPU temperature exceeds 40º Celsius.
[2015/11/04 11:37:56.607] (INFO) Your mother called. She says you never call her.
[2015/11/04 11:37:56.607] (WARN) Master took 999 ms to respond (threshold=500 ms)
[2015/11/04 11:37:56.607] (INFO) User "jma4077" logged out.
[2015/11/04 11:37:56.607] (INFO) Waiting for worker process (PID 11529) to die.
[2015/11/04 11:37:56.607] (ERROR) "/var/data/yLwco79923.tar.gz": No such file or directory (ENOENT)
[2015/11/04 11:37:56.607] (INFO) Alien monitor (aliend): Detected no space aliens.
[2015/11/04 11:37:56.607] (INFO) Alien monitor (aliend): Detected no space aliens.
[2015/11/04 11:37:56.607] (INFO) Backed up all server logs.
[2015/11/04 11:37:56.607] (INFO) Your mother called. She says you never call her.
[2015/11/04 11:37:56.607] (WARN) Watchdog timer crashed. Restarting it.
[2015/11/04 11:37:56.607] (INFO) Alien monitor (aliend): Detected no space aliens.
[2015/11/04 11:37:56.607] (INFO) Backed up all server logs.
[2015/11/04 11:37:56.607] (INFO) Checked file systems for errors: All filesystems OK.
[2015/11/04 11:37:56.607] (INFO) Alien monitor (aliend): Detected no space aliens.
[2015/11/04 11:37:56.607] (INFO) Sending SIGTERM to 3 excess workers.
[2015/11/04 11:37:56.607] (INFO) Supervisor has entered RUNNING state.
[2015/11/04 11:37:56.607] (INFO) Checked file systems for errors: All filesystems OK.
[2015/11/04 11:37:56.607] (INFO) User "yeq9013" logged out.
[2015/11/04 11:37:56.607] (INFO) Device 0x93ca is online.
[2015/11/04 11:37:56.607] (INFO) User "zaq3023" logged in from 192.168.142.231.
[2015/11/04 11:37:56.607] (INFO) Pinging watchdog timer process: Process is alive.
[2015/11/04 11:37:56.607] (INFO) Flushed 51 buffers to disk.
[2015/11/04 11:37:56.607] (INFO) Your mother called. She says you never call her.
[2015/11/04 11:37:56.607] (ERROR) EFOODFAIL (Waiter, there's a fly in my soup).
[2015/11/04 11:37:56.607] (INFO) Network heartbeat check: All OK.
[2015/11/04 11:37:56.607] (INFO) Pinging watchdog timer process: Process is alive.
[2015/11/04 11:37:56.607] (INFO) Network heartbeat check: All OK.
[2015/11/04 11:37:56.607] (INFO) Your mother called. She says you never call her.
[2015/11/04 11:37:56.607] (WARN) Dropped 8,048 corrupt data packets.
[2015/11/04 11:37:56.607] (INFO) Checkpointing off-heap server memory...
[2015/11/04 11:37:57.107] (INFO) User "rqk9574" logged out due to inactivity (timeout=30 minutes).
[2015/11/04 11:37:57.107] (INFO) Waiting for monitor process (PID 64563) to die.
[2015/11/04 11:37:57.107] (INFO) Alien monitor (aliend): Detected no space aliens.
[2015/11/04 11:37:57.107] (INFO) Checkpointing off-heap server memory...
[2015/11/04 11:37:57.107] (INFO) User "nbn3817" logged out due to inactivity (timeout=30 minutes).
[2015/11/04 11:37:57.107] (INFO) Network heartbeat check: All OK.
[2015/11/04 11:37:57.107] (INFO) User "hdw4489" logged out.
[2015/11/04 11:37:57.107] (ERROR) One of the flayrods has gone out askew on treadle.
[2015/11/04 11:37:57.107] (ERROR) Unable to write to "/var/data/RmNKh60410.tar.gz": Permission denied (EACCES)
[2015/11/04 11:37:57.107] (INFO) Backed up all server logs.
[2015/11/04 11:37:57.107] (WARN) Possible cyber-attack from Canada.
[2015/11/04 11:37:57.107] (INFO) Your mother called. She says you never call her.
[2015/11/04 11:37:57.107] (INFO) Checked file systems for errors: All filesystems OK.
[2015/11/04 11:37:57.107] (ERROR) Detected incoming DDoS from 10.246.191.10.
[2015/11/04 11:37:57.107] (INFO) Your mother called. She says you never call her.
[2015/11/04 11:37:57.107] (INFO) Backed up all server logs.
[2015/11/04 11:37:57.107] (ERROR) Unable to write to "/var/data/axpaf74746.xml": Permission denied (EACCES)
[2015/11/04 11:37:57.107] (INFO) Checked file systems for errors: All filesystems OK.
[2015/11/04 11:37:57.107] (INFO) Network heartbeat check: All OK.
[2015/11/04 11:37:57.107] (INFO) Flushed 53 buffers to disk.
[2015/11/04 11:37:57.107] (INFO) .evian ylbirret si emehcs otpyrc ym neht ,siht daer nac uoy fI
[2015/11/04 11:37:57.107] (INFO) Pinging watchdog timer process: Process is alive.
[2015/11/04 11:37:57.107] (ERROR) Unable to mount /dev/sdb2. (Time to run fsck?)
[2015/11/04 11:37:57.107] (WARN) Space on disk /dev/sdc4 is low: Only 475 MB available.
[2015/11/04 11:37:57.107] (INFO) Rolling 3 log file(s)...
[2015/11/04 11:37:57.107] (INFO) Pinging watchdog timer process: Process is alive.
[2015/11/04 11:37:57.107] (WARN) Retrying server log checkpoint.
[2015/11/04 11:37:57.107] (INFO) Supervisor has entered WAITING state.
[2015/11/04 11:37:57.107] (INFO) Sending SIGTERM to 3 excess workers.
[2015/11/04 11:37:57.107] (INFO) Device 0x680b is online.
[2015/11/04 11:37:57.107] (INFO) Alien monitor (aliend): Detected no space aliens.
[2015/11/04 11:37:57.107] (INFO) Pinging watchdog timer process: Process is alive.
[2015/11/04 11:37:57.107] (INFO) Sending SIGTERM to 4 excess workers.
[2015/11/04 11:37:57.107] (INFO) Device 0x55e3 is online.
[2015/11/04 11:37:57.107] (INFO) User "gos1621" logged out due to inactivity (timeout=30 minutes).
[2015/11/04 11:37:57.107] (INFO) Your mother called. She says you never call her.
[2015/11/04 11:37:57.107] (INFO) Your mother called. She says you never call her.
[2015/11/04 11:37:57.107] (INFO) Supervisor has entered RUNNING state.
[2015/11/04 11:37:57.107] (INFO) Your mother called. She says you never call her.
[2015/11/04 11:37:57.107] (WARN) Network heartbeat check: 2 server(s) did not respond.
[2015/11/04 11:37:57.107] (INFO) Backed up all server logs.
[2015/11/04 11:37:57.107] (INFO) Flushed 56 buffers to disk.
[2015/11/04 11:37:57.107] (INFO) Waiting for supervisor process (PID 9009) to die.
[2015/11/04 11:37:57.107] (WARN) Watchdog timer crashed. Restarting it.
[2015/11/04 11:37:57.107] (INFO) Checked file systems for errors: All filesystems OK.
[2015/11/04 11:37:57.107] (INFO) Rolling 3 log file(s)...
[2015/11/04 11:37:57.107] (INFO) Alien monitor (aliend): Detected no space aliens.
[2015/11/04 11:37:57.107] (INFO) User "aah2456" logged in from 192.168.115.2.
[2015/11/04 11:37:57.107] (INFO) User "myk7394" logged out due to inactivity (timeout=30 minutes).
[2015/11/04 11:37:57.107] (ERROR) EFOODFAIL (Waiter, there's a fly in my soup).
[2015/11/04 11:37:57.107] (INFO) Sending SIGTERM to 3 excess workers.
[2015/11/04 11:37:57.107] (INFO) Flushed 46 buffers to disk.
[2015/11/04 11:37:57.107] (INFO) Backed up all server logs.
[2015/11/04 11:37:57.107] (WARN) Space on disk /dev/sdc3 is low: Only 567 MB available.
[2015/11/04 11:37:57.107] (INFO) Checkpointing off-heap server memory...
[2015/11/04 11:37:57.107] (INFO) Network heartbeat check: All OK.
[2015/11/04 11:37:57.107] (INFO) Checked file systems for errors: All filesystems OK.
[2015/11/04 11:37:57.107] (ERROR) Connection to 10.91.142.166 terminated unexpectedly. Reconnecting.
[2015/11/04 11:37:57.107] (INFO) Device 0x2316 is online.
[2015/11/04 11:37:57.107] (INFO) Network heartbeat check: All OK.
[2015/11/04 11:37:57.107] (INFO) Sending SIGTERM to 2 excess workers.
[2015/11/04 11:37:57.107] (WARN) CPU temperature exceeds 40º Celsius.
[2015/11/04 11:37:57.107] (INFO) Alien monitor (aliend): Detected no space aliens.
[2015/11/04 11:37:57.107] (WARN) Ignoring SIGTERM. It's not that easy to get rid of me.
[2015/11/04 11:37:57.107] (INFO) Supervisor has entered WAITING state.
[2015/11/04 11:37:57.107] (INFO) User "cvi1354" logged out.
[2015/11/04 11:37:57.107] (ERROR) Unable to authenticate user "pqx8601": LDAP server isn't responding.
[2015/11/04 11:37:57.107] (INFO) Device 0x28e8 is online.
[2015/11/04 11:37:57.107] (INFO) User "alj7913" logged in from 172.16.137.153.
[2015/11/04 11:37:57.107] (INFO) Backed up all server logs.
[2015/11/04 11:37:57.107] (INFO) User "kuh4788" logged out.
[2015/11/04 11:37:57.107] (INFO) Flushed 63 buffers to disk.
[2015/11/04 11:37:57.107] (INFO) Waiting for master process (PID 32958) to die.
[2015/11/04 11:37:57.107] (INFO) Alien monitor (aliend): Detected no space aliens.
[2015/11/04 11:37:57.107] (INFO) Sending SIGTERM to 3 excess workers.
[2015/11/04 11:37:57.107] (WARN) Master took 945 ms to respond (threshold=500 ms)
[2015/11/04 11:37:57.107] (ERROR) /dev/lp error: "PC LOAD LETTER"
[2015/11/04 11:37:57.107] (WARN) There is no such thing as a free lunch.
[2015/11/04 11:37:57.107] (ERROR) Blocked Little Bobby Tables attack (https://xkcd.com/327/) from 192.168.39.167.
[2015/11/04 11:37:57.107] (INFO) Checkpointing off-heap server memory...
[2015/11/04 11:37:57.107] (INFO) User "pmf9224" logged out.
[2015/11/04 11:37:57.107] (INFO) Checked file systems for errors: All filesystems OK.
[2015/11/04 11:37:57.107] (WARN) Master took 907 ms to respond (threshold=500 ms)
[2015/11/04 11:37:57.107] (INFO) Sending SIGTERM to 2 excess workers.
[2015/11/04 11:37:57.107] (INFO) Backed up all server logs.
[2015/11/04 11:37:57.107] (INFO) User "snb5207" logged out due to inactivity (timeout=30 minutes).
[2015/11/04 11:37:57.107] (ERROR) Unable to authenticate user "wac4654": LDAP server isn't responding.
[2015/11/04 11:37:57.107] (WARN) Ignoring SIGTERM. It's not that easy to get rid of me.
[2015/11/04 11:37:57.107] (INFO) .evian ylbirret si emehcs otpyrc ym neht ,siht daer nac uoy fI
[2015/11/04 11:37:57.107] (INFO) Pinging watchdog timer process: Process is alive.
[2015/11/04 11:37:57.107] (INFO) User "leh9531" logged out.
[2015/11/04 11:37:57.107] (INFO) Rolling 9 log file(s)...
[2015/11/04 11:37:57.107] (INFO) Device 0x44fe is online.
[2015/11/04 11:37:57.107] (INFO) Pinging watchdog timer process: Process is alive.
[2015/11/04 11:37:57.107] (WARN) Backup server 192.168.243.186 is offline.
[2015/11/04 11:37:57.107] (INFO) Waiting for monitor process (PID 1392) to die.
[2015/11/04 11:37:57.107] (INFO) Alien monitor (aliend): Detected no space aliens.
[2015/11/04 11:37:57.107] (INFO) User "hsn4047" logged out due to inactivity (timeout=30 minutes).
[2015/11/04 11:37:57.107] (ERROR) Failed to write checkpoint file "/var/checkpoint/tndar61019: No space left on device (ENOSPC)
[2015/11/04 11:37:57.107] (ERROR) Extra characters at end of line.
[2015/11/04 11:37:57.608] (INFO) Backed up all server logs.
[2015/11/04 11:37:57.608] (INFO) User "jxy8887" logged out due to inactivity (timeout=30 minutes).
[2015/11/04 11:37:57.608] (INFO) Supervisor has entered SUSPENDED state.
[2015/11/04 11:37:57.608] (INFO) Pinging watchdog timer process: Process is alive.
[2015/11/04 11:37:57.608] (INFO) Your mother called. She says you never call her.
[2015/11/04 11:37:57.608] (INFO) Sending SIGTERM to 4 excess workers.
[2015/11/04 11:37:57.608] (INFO) Device 0xdb6d is online.
[2015/11/04 11:37:57.608] (INFO) Network heartbeat check: All OK.
[2015/11/04 11:37:57.608] (INFO) Checked file systems for errors: All filesystems OK.
[2015/11/04 11:37:57.608] (ERROR) Connection to 172.16.118.16 terminated unexpectedly. Reconnecting.
[2015/11/04 11:37:57.608] (INFO) Device 0xbc84 is online.
[2015/11/04 11:37:57.608] (ERROR) Detected incoming DDoS from 192.168.37.251.
[2015/11/04 11:37:57.608] (INFO) Network heartbeat check: All OK.
[2015/11/04 11:37:57.608] (INFO) User "whp9444" logged in from 192.168.176.209.
[2015/11/04 11:37:57.608] (INFO) User "bto2987" logged out due to inactivity (timeout=30 minutes).
[2015/11/04 11:37:57.608] (INFO) Backed up all server logs.
[2015/11/04 11:37:57.608] (ERROR) Directory index of "/var/data" is forbidden.
[2015/11/04 11:37:57.608] (INFO) Backed up all server logs.
[2015/11/04 11:37:57.608] (INFO) Backed up all server logs.
[2015/11/04 11:37:57.608] (ERROR) Unable to authenticate user "zxm5794": LDAP server isn't responding.
[2015/11/04 11:37:57.608] (INFO) Waiting for worker process (PID 21392) to die.
[2015/11/04 11:37:57.608] (INFO) Checked file systems for errors: All filesystems OK.
[2015/11/04 11:37:57.608] (INFO) User "hbd1869" logged in from 172.16.207.153.
[2015/11/04 11:37:57.608] (WARN) There is no such thing as a free lunch.
[2015/11/04 11:37:57.608] (INFO) .evian ylbirret si emehcs otpyrc ym neht ,siht daer nac uoy fI
[2015/11/04 11:37:57.608] (INFO) Rolling 5 log file(s)...
[2015/11/04 11:37:57.608] (INFO) Sending SIGTERM to 2 excess workers.
[2015/11/04 11:37:57.608] (INFO) User "sya5291" logged out due to inactivity (timeout=30 minutes).
[2015/11/04 11:37:57.608] (INFO) Network heartbeat check: All OK.
[2015/11/04 11:37:57.608] (INFO) Pinging watchdog timer process: Process is alive.
[2015/11/04 11:37:57.608] (ERROR) Blocked Little Bobby Tables attack (https://xkcd.com/327/) from 192.168.103.158.
[2015/11/04 11:37:57.608] (INFO) Checked file systems for errors: All filesystems OK.
[2015/11/04 11:37:57.608] (INFO) Pinging watchdog timer process: Process is alive.
[2015/11/04 11:37:57.608] (INFO) .evian ylbirret si emehcs otpyrc ym neht ,siht daer nac uoy fI
[2015/11/04 11:37:57.608] (INFO) .evian ylbirret si emehcs otpyrc ym neht ,siht daer nac uoy fI
[2015/11/04 11:37:57.608] (ERROR) /dev/lp error: "PC LOAD LETTER"
[2015/11/04 11:37:57.608] (WARN) Backup server 10.134.163.170 is offline.
[2015/11/04 11:37:57.608] (INFO) Pinging watchdog timer process: Process is alive.
[2015/11/04 11:37:57.608] (INFO) Device 0x88e6 is online.
[2015/11/04 11:37:57.608] (WARN) Retrying server log checkpoint.
[2015/11/04 11:37:57.608] (INFO) Waiting for worker process (PID 63995) to die.
[2015/11/04 11:37:57.608] (ERROR) Failed to write checkpoint file "/var/checkpoint/LbWuD85350: No space left on device (ENOSPC)
[2015/11/04 11:37:57.608] (ERROR) Extra characters at end of line.
[2015/11/04 11:37:57.608] (ERROR) Extra characters at end of line.
[2015/11/04 11:37:57.608] (INFO) Your mother called. She says you never call her.
[2015/11/04 11:37:57.608] (INFO) User "iso6844" logged out.
[2015/11/04 11:37:57.608] (INFO) Checked file systems for errors: All filesystems OK.
[2015/11/04 11:37:57.608] (INFO) User "emy8011" logged out.
[2015/11/04 11:37:57.608] (INFO) Flushed 46 buffers to disk.
[2015/11/04 11:37:57.608] (INFO) Device 0x4131 is online.
[2015/11/04 11:37:57.608] (WARN) Unable to ping master at 192.168.63.25. Retrying.
[2015/11/04 11:37:57.608] (INFO) User "wmt2425" logged out.
[2015/11/04 11:37:57.608] (ERROR) "/var/data/gtIpM74861.xml": Permission denied (EACCES)
[2015/11/04 11:37:57.608] (INFO) Alien monitor (aliend): Detected no space aliens.
[2015/11/04 11:37:57.608] (INFO) User "aqk3786" logged out.
[2015/11/04 11:37:57.608] (INFO) Pinging watchdog timer process: Process is alive.
[2015/11/04 11:37:57.608] (INFO) Backed up all server logs.
[2015/11/04 11:37:57.608] (INFO) Network heartbeat check: All OK.
[2015/11/04 11:37:57.608] (INFO) Pinging watchdog timer process: Process is alive.
[2015/11/04 11:37:57.608] (INFO) User "hbp6164" logged out.
[2015/11/04 11:37:57.608] (INFO) Backed up all server logs.
[2015/11/04 11:37:57.608] (INFO) Backed up all server logs.
[2015/11/04 11:37:57.608] (INFO) .evian ylbirret si emehcs otpyrc ym neht ,siht daer nac uoy fI
[2015/11/04 11:37:57.608] (INFO) .evian ylbirret si emehcs otpyrc ym neht ,siht daer nac uoy fI
[2015/11/04 11:37:57.608] (INFO) User "ocq5824" logged out.
[2015/11/04 11:37:57.608] (INFO) Supervisor has entered SUSPENDED state.
[2015/11/04 11:37:57.608] (INFO) User "crm9090" logged out.
[2015/11/04 11:37:57.608] (INFO) Rolling 2 log file(s)...
[2015/11/04 11:37:57.608] (INFO) Your mother called. She says you never call her.
[2015/11/04 11:37:57.608] (INFO) User "zka6725" logged out due to inactivity (timeout=30 minutes).
[2015/11/04 11:37:57.608] (INFO) Supervisor has entered RESTARTING state.
[2015/11/04 11:37:57.608] (INFO) Supervisor has entered WAITING state.
[2015/11/04 11:37:57.608] (WARN) Dropped 3,485 corrupt data packets.
[2015/11/04 11:37:57.608] (INFO) .evian ylbirret si emehcs otpyrc ym neht ,siht daer nac uoy fI
[2015/11/04 11:37:57.608] (INFO) Rolling 8 log file(s)...
[2015/11/04 11:37:57.608] (INFO) Alien monitor (aliend): Detected no space aliens.
[2015/11/04 11:37:57.608] (WARN) Space on disk /dev/sde1 is low: Only 245 MB available.
[2015/11/04 11:37:57.608] (INFO) User "pdd3802" logged out.
[2015/11/04 11:37:57.608] (INFO) Network heartbeat check: All OK.
[2015/11/04 11:37:57.608] (INFO) User "vlt5807" logged out due to inactivity (timeout=30 minutes).
[2015/11/04 11:37:57.608] (INFO) Rolling 4 log file(s)...
[2015/11/04 11:37:57.608] (INFO) Your mother called. She says you never call her.
[2015/11/04 11:37:57.608] (ERROR) Worker 4 died with SIGQUIT. Restarting it.
[2015/11/04 11:37:57.608] (WARN) There is no such thing as a free lunch.
[2015/11/04 11:37:57.608] (INFO) Supervisor has entered SUSPENDED state.
[2015/11/04 11:37:57.608] (INFO) Waiting for worker process (PID 36676) to die.
[2015/11/04 11:37:57.608] (INFO) Checked file systems for errors: All filesystems OK.
[2015/11/04 11:37:57.608] (INFO) Rolling 8 log file(s)...
[2015/11/04 11:37:57.608] (INFO) Flushed 54 buffers to disk.
[2015/11/04 11:37:57.608] (INFO) Alien monitor (aliend): Detected no space aliens.
[2015/11/04 11:37:57.608] (INFO) User "vqe2276" logged out.
[2015/11/04 11:37:57.608] (INFO) Waiting for monitor process (PID 57245) to die.
[2015/11/04 11:37:57.608] (INFO) Supervisor has entered SUSPENDED state.
[2015/11/04 11:37:57.608] (INFO) Backed up all server logs.
[2015/11/04 11:37:57.608] (INFO) Supervisor has entered SUSPENDED state.
[2015/11/04 11:37:57.608] (INFO) Supervisor has entered SUSPENDED state.
[2015/11/04 11:37:57.608] (INFO) Pinging watchdog timer process: Process is alive.
[2015/11/04 11:37:57.608] (INFO) Rolling 6 log file(s)...
[2015/11/04 11:37:57.608] (INFO) User "gau7843" logged in from 172.16.241.199.
[2015/11/04 11:37:57.608] (ERROR) CPU temperature exceeds 50º Celsius. Shutting down.
[2015/11/04 11:37:58.108] (ERROR) Detected incoming DDoS from 10.152.102.54.
[2015/11/04 11:37:58.108] (INFO) Device 0x8289 is online.
[2015/11/04 11:37:58.108] (INFO) Checkpointing off-heap server memory...
[2015/11/04 11:37:58.108] (INFO) Flushed 25 buffers to disk.
[2015/11/04 11:37:58.108] (ERROR) Blocked BitTorrent traffic originating from 10.181.225.10.
[2015/11/04 11:37:58.108] (INFO) Waiting for master process (PID 19243) to die.
[2015/11/04 11:37:58.108] (INFO) Supervisor has entered RESTARTING state.
[2015/11/04 11:37:58.108] (INFO) Checked file systems for errors: All filesystems OK.
[2015/11/04 11:37:58.108] (INFO) Checked file systems for errors: All filesystems OK.
[2015/11/04 11:37:58.108] (INFO) Checked file systems for errors: All filesystems OK.
[2015/11/04 11:37:58.108] (INFO) Rolling 4 log file(s)...
[2015/11/04 11:37:58.108] (INFO) Pinging watchdog timer process: Process is alive.
[2015/11/04 11:37:58.108] (INFO) Alien monitor (aliend): Detected no space aliens.
[2015/11/04 11:37:58.108] (INFO) Flushed 87 buffers to disk.
[2015/11/04 11:37:58.108] (INFO) User "ovs4476" logged in from 172.16.146.172.
[2015/11/04 11:37:58.108] (INFO) Sending SIGTERM to 2 excess workers.
[2015/11/04 11:37:58.108] (INFO) User "eca3649" logged out due to inactivity (timeout=30 minutes).
[2015/11/04 11:37:58.108] (INFO) User "lgy9065" logged in from 192.168.120.242.
[2015/11/04 11:37:58.108] (ERROR) Detected incoming DDoS from 192.168.21.89.
[2015/11/04 11:37:58.108] (INFO) Checked file systems for errors: All filesystems OK.
[2015/11/04 11:37:58.108] (INFO) Checked file systems for errors: All filesystems OK.
[2015/11/04 11:37:58.108] (INFO) Device 0x9f51 is online.
[2015/11/04 11:37:58.108] (INFO) User "mla9094" logged in from 192.168.126.161.
[2015/11/04 11:37:58.108] (INFO) Backed up all server logs.
[2015/11/04 11:37:58.108] (INFO) Checked file systems for errors: All filesystems OK.
[2015/11/04 11:37:58.108] (INFO) Waiting for monitor process (PID 27472) to die.
[2015/11/04 11:37:58.108] (INFO) Flushed 41 buffers to disk.
[2015/11/04 11:37:58.108] (INFO) Your mother called. She says you never call her.
[2015/11/04 11:37:58.108] (INFO) Pinging watchdog timer process: Process is alive.
[2015/11/04 11:37:58.108] (INFO) Checkpointing off-heap server memory...
[2015/11/04 11:37:58.108] (WARN) Unable to ping master at 172.16.102.144. Retrying.
[2015/11/04 11:37:58.108] (WARN) Space on disk /dev/sdf1 is low: Only 458 MB available.
[2015/11/04 11:37:58.108] (INFO) User "ean4352" logged out.
[2015/11/04 11:37:58.108] (INFO) User "mle2063" logged out due to inactivity (timeout=30 minutes).
[2015/11/04 11:37:58.108] (WARN) Ignoring SIGTERM. It's not that easy to get rid of me.
[2015/11/04 11:37:58.108] (INFO) User "ckt7871" logged in from 172.16.56.94.
[2015/11/04 11:37:58.108] (INFO) Pinging watchdog timer process: Process is alive.
[2015/11/04 11:37:58.108] (INFO) User "yeg8086" logged out due to inactivity (timeout=30 minutes).
[2015/11/04 11:37:58.108] (INFO) Backed up all server logs.
[2015/11/04 11:37:58.108] (INFO) Rolling 1 log file(s)...
[2015/11/04 11:37:58.108] (INFO) Device 0x8dfa is online.
[2015/11/04 11:37:58.108] (INFO) Flushed 46 buffers to disk.
[2015/11/04 11:37:58.108] (INFO) Checkpointing off-heap server memory...
[2015/11/04 11:37:58.108] (INFO) Checkpointing off-heap server memory...
[2015/11/04 11:37:58.108] (WARN) Watchdog timer crashed. Restarting it.
[2015/11/04 11:37:58.108] (INFO) Pinging watchdog timer process: Process is alive.
[2015/11/04 11:37:58.108] (WARN) Watchdog timer crashed. Restarting it.
[2015/11/04 11:37:58.108] (ERROR) Blocked Little Bobby Tables attack (https://xkcd.com/327/) from 172.16.16.111.
[2015/11/04 11:37:58.108] (INFO) User "vty6441" logged in from 172.16.15.72.
[2015/11/04 11:37:58.108] (INFO) Device 0x2cca is online.
[2015/11/04 11:37:58.108] (INFO) User "jeq1144" logged out due to inactivity (timeout=30 minutes).
[2015/11/04 11:37:58.108] (INFO) Checked file systems for errors: All filesystems OK.
[2015/11/04 11:37:58.108] (ERROR) Failed to write checkpoint file "/var/checkpoint/CIyYw85822: No space left on device (ENOSPC)
[2015/11/04 11:37:58.108] (INFO) Flushed 54 buffers to disk.
[2015/11/04 11:37:58.108] (INFO) User "oey9717" logged out due to inactivity (timeout=30 minutes).
[2015/11/04 11:37:58.108] (ERROR) Blocked SMTP traffic originating from 172.16.215.247.
[2015/11/04 11:37:58.108] (INFO) User "wjg6719" logged in from 192.168.23.62.
[2015/11/04 11:37:58.108] (INFO) User "etm5794" logged out due to inactivity (timeout=30 minutes).
[2015/11/04 11:37:58.108] (ERROR) Detected clock skew! Restarting NTP server.
[2015/11/04 11:37:58.108] (INFO) Rolling 9 log file(s)...
[2015/11/04 11:37:58.108] (WARN) Space on disk /dev/sdc1 is low: Only 224 MB available.
[2015/11/04 11:37:58.108] (INFO) Flushed 23 buffers to disk.
[2015/11/04 11:37:58.108] (INFO) Waiting for supervisor process (PID 59913) to die.
[2015/11/04 11:37:58.108] (INFO) .evian ylbirret si emehcs otpyrc ym neht ,siht daer nac uoy fI
[2015/11/04 11:37:58.108] (WARN) Watchdog timer crashed. Restarting it.
[2015/11/04 11:37:58.108] (ERROR) "/var/data/YHaFI80817.parquet": No such file or directory (ENOENT)
[2015/11/04 11:37:58.108] (INFO) Sending SIGTERM to 4 excess workers.
[2015/11/04 11:37:58.108] (INFO) Sending SIGTERM to 3 excess workers.
[2015/11/04 11:37:58.108] (INFO) User "axm1145" logged out due to inactivity (timeout=30 minutes).
[2015/11/04 11:37:58.108] (INFO) Network heartbeat check: All OK.
[2015/11/04 11:37:58.108] (INFO) Rolling 1 log file(s)...
[2015/11/04 11:37:58.108] (ERROR) /dev/lp error: "PC LOAD LETTER"
[2015/11/04 11:37:58.108] (INFO) Checked file systems for errors: All filesystems OK.
[2015/11/04 11:37:58.108] (INFO) Network heartbeat check: All OK.
[2015/11/04 11:37:58.108] (INFO) Backed up all server logs.
[2015/11/04 11:37:58.108] (INFO) Checkpointing off-heap server memory...
[2015/11/04 11:37:58.108] (INFO) Alien monitor (aliend): Detected no space aliens.
[2015/11/04 11:37:58.108] (INFO) User "zac9225" logged out due to inactivity (timeout=30 minutes).
[2015/11/04 11:37:58.108] (INFO) .evian ylbirret si emehcs otpyrc ym neht ,siht daer nac uoy fI
[2015/11/04 11:37:58.108] (INFO) Sending SIGTERM to 4 excess workers.
[2015/11/04 11:37:58.108] (INFO) Network heartbeat check: All OK.
[2015/11/04 11:37:58.108] (INFO) Device 0x04ff is online.
[2015/11/04 11:37:58.108] (INFO) Flushed 41 buffers to disk.
[2015/11/04 11:37:58.108] (INFO) Your mother called. She says you never call her.
[2015/11/04 11:37:58.108] (INFO) Waiting for master process (PID 49523) to die.
[2015/11/04 11:37:58.108] (INFO) User "wec4339" logged in from 192.168.49.246.
[2015/11/04 11:37:58.108] (INFO) Device 0xf722 is online.
[2015/11/04 11:37:58.108] (INFO) User "sxa7476" logged out due to inactivity (timeout=30 minutes).
[2015/11/04 11:37:58.108] (INFO) Backed up all server logs.
[2015/11/04 11:37:58.108] (ERROR) Unable to write to "/var/data/aMhne81843.tar.gz": Permission denied (EACCES)
[2015/11/04 11:37:58.108] (INFO) Supervisor has entered SUSPENDED state.
[2015/11/04 11:37:58.108] (ERROR) EFOODFAIL (Waiter, there's a fly in my soup).
[2015/11/04 11:37:58.108] (INFO) Pinging watchdog timer process: Process is alive.
[2015/11/04 11:37:58.108] (ERROR) Extra characters at end of line.
[2015/11/04 11:37:58.108] (INFO) User "mmt8086" logged in from 10.95.95.88.
[2015/11/04 11:37:58.108] (INFO) Sending SIGTERM to 3 excess workers.
[2015/11/04 11:37:58.108] (WARN) CPU temperature exceeds 40º Celsius.
[2015/11/04 11:37:58.108] (INFO) Network heartbeat check: All OK.
[2015/11/04 11:37:58.108] (INFO) Checked file systems for errors: All filesystems OK.
[2015/11/04 11:37:58.108] (INFO) Flushed 78 buffers to disk.
[2015/11/04 11:37:58.608] (INFO) User "xcm4587" logged in from 10.85.186.81.
[2015/11/04 11:37:58.608] (INFO) Checked file systems for errors: All filesystems OK.
[2015/11/04 11:37:58.608] (ERROR) CPU temperature exceeds 50º Celsius. Shutting down.
[2015/11/04 11:37:58.608] (INFO) Checkpointing off-heap server memory...
[2015/11/04 11:37:58.608] (INFO) User "mhb9666" logged out due to inactivity (timeout=30 minutes).
[2015/11/04 11:37:58.608] (INFO) User "xme5915" logged in from 192.168.78.167.
[2015/11/04 11:37:58.608] (INFO) .evian ylbirret si emehcs otpyrc ym neht ,siht daer nac uoy fI
[2015/11/04 11:37:58.608] (INFO) User "ekx5221" logged out due to inactivity (timeout=30 minutes).
[2015/11/04 11:37:58.608] (INFO) Pinging watchdog timer process: Process is alive.
[2015/11/04 11:37:58.608] (ERROR) User "uft6596" failed to log in 3 times. Disabling account.
[2015/11/04 11:37:58.608] (INFO) Waiting for worker process (PID 47693) to die.
[2015/11/04 11:37:58.608] (INFO) User "zbf2735" logged out due to inactivity (timeout=30 minutes).
[2015/11/04 11:37:58.608] (INFO) .evian ylbirret si emehcs otpyrc ym neht ,siht daer nac uoy fI
[2015/11/04 11:37:58.608] (WARN) Watchdog timer crashed. Restarting it.
[2015/11/04 11:37:58.608] (INFO) Checked file systems for errors: All filesystems OK.
[2015/11/04 11:37:58.608] (INFO) Flushed 51 buffers to disk.
[2015/11/04 11:37:58.608] (INFO) User "hjw3088" logged in from 192.168.4.250.
[2015/11/04 11:37:58.608] (INFO) Network heartbeat check: All OK.
[2015/11/04 11:37:58.608] (INFO) User "qrd7798" logged in from 10.158.201.67.
[2015/11/04 11:37:58.608] (INFO) Rolling 7 log file(s)...
[2015/11/04 11:37:58.608] (ERROR) Device 0x3a2d is offline
[2015/11/04 11:37:58.608] (INFO) Device 0x72af is online.
[2015/11/04 11:37:58.608] (INFO) Checkpointing off-heap server memory...
[2015/11/04 11:37:58.608] (ERROR) Alien monitor (aliend): 2 space aliens are fiddling with the hardware!
[2015/11/04 11:37:58.608] (INFO) Backed up all server logs.
[2015/11/04 11:37:58.608] (INFO) .evian ylbirret si emehcs otpyrc ym neht ,siht daer nac uoy fI
[2015/11/04 11:37:58.608] (INFO) Backed up all server logs.
[2015/11/04 11:37:58.608] (INFO) Pinging watchdog timer process: Process is alive.
[2015/11/04 11:37:58.608] (WARN) Possible cyber-attack from Mars.
[2015/11/04 11:37:58.608] (INFO) Device 0x3299 is online.
[2015/11/04 11:37:58.608] (WARN) Possible cyber-attack from China.
[2015/11/04 11:37:58.608] (ERROR) Detected clock skew! Restarting NTP server.
[2015/11/04 11:37:58.608] (INFO) Network heartbeat check: All OK.
[2015/11/04 11:37:58.608] (INFO) Pinging watchdog timer process: Process is alive.
[2015/11/04 11:37:58.608] (INFO) Backed up all server logs.
[2015/11/04 11:37:58.608] (INFO) Pinging watchdog timer process: Process is alive.
[2015/11/04 11:37:58.608] (INFO) Network heartbeat check: All OK.
[2015/11/04 11:37:58.608] (INFO) User "vtv6632" logged out.
[2015/11/04 11:37:58.608] (INFO) Alien monitor (aliend): Detected no space aliens.
[2015/11/04 11:37:58.608] (WARN) Unable to ping master at 172.16.159.118. Retrying.
[2015/11/04 11:37:58.608] (INFO) Checkpointing off-heap server memory...
[2015/11/04 11:37:58.608] (INFO) User "kez7893" logged in from 10.43.69.80.
[2015/11/04 11:37:58.608] (INFO) Waiting for worker process (PID 8032) to die.
[2015/11/04 11:37:58.608] (INFO) Device 0xd3cf is online.
[2015/11/04 11:37:58.608] (INFO) Pinging watchdog timer process: Process is alive.
[2015/11/04 11:37:58.608] (WARN) Watchdog timer crashed. Restarting it.
[2015/11/04 11:37:58.608] (INFO) Checked file systems for errors: All filesystems OK.
[2015/11/04 11:37:58.608] (INFO) Pinging watchdog timer process: Process is alive.
[2015/11/04 11:37:58.608] (ERROR) Unable to authenticate user "iyu1594": LDAP server isn't responding.
[2015/11/04 11:37:58.608] (ERROR) Failed to open "/mnt/fileserver01/mGprZ74305.zip": NFS timeout.
[2015/11/04 11:37:58.608] (INFO) Rolling 2 log file(s)...
[2015/11/04 11:37:58.608] (INFO) Sending SIGTERM to 3 excess workers.
[2015/11/04 11:37:58.608] (INFO) Sending SIGTERM to 4 excess workers.
[2015/11/04 11:37:58.608] (WARN) Space on disk /dev/sde3 is low: Only 149 MB available.
[2015/11/04 11:37:58.608] (INFO) Checked file systems for errors: All filesystems OK.
[2015/11/04 11:37:58.608] (INFO) Supervisor has entered SUSPENDED state.
[2015/11/04 11:37:58.608] (INFO) Pinging watchdog timer process: Process is alive.
[2015/11/04 11:37:58.608] (INFO) Your mother called. She says you never call her.
[2015/11/04 11:37:58.608] (INFO) Checked file systems for errors: All filesystems OK.
[2015/11/04 11:37:58.608] (WARN) Backup server 172.16.62.98 is offline.
[2015/11/04 11:37:58.608] (INFO) Backed up all server logs.
[2015/11/04 11:37:58.608] (INFO) Your mother called. She says you never call her.
[2015/11/04 11:37:58.608] (INFO) Backed up all server logs.
[2015/11/04 11:37:58.608] (INFO) User "fqf1853" logged out due to inactivity (timeout=30 minutes).
[2015/11/04 11:37:58.608] (INFO) Network heartbeat check: All OK.
[2015/11/04 11:37:58.608] (INFO) Supervisor has entered SUSPENDED state.
[2015/11/04 11:37:58.608] (INFO) Device 0x91f3 is online.
[2015/11/04 11:37:58.608] (INFO) User "zux8964" logged out due to inactivity (timeout=30 minutes).
[2015/11/04 11:37:58.608] (WARN) Network heartbeat check: 4 server(s) did not respond.
[2015/11/04 11:37:58.608] (ERROR) Unable to mount /dev/sdb1. (Time to run fsck?)
[2015/11/04 11:37:58.608] (ERROR) Unable to authenticate user "oxu1221": LDAP server isn't responding.
[2015/11/04 11:37:58.608] (INFO) User "wwt8151" logged in from 192.168.53.147.
[2015/11/04 11:37:58.608] (INFO) Network heartbeat check: All OK.
[2015/11/04 11:37:58.608] (ERROR) Failed to open "/mnt/fileserver01/HCmLG58865.csv": NFS timeout.
[2015/11/04 11:37:58.608] (INFO) User "exj5170" logged out due to inactivity (timeout=30 minutes).
[2015/11/04 11:37:58.608] (INFO) Backed up all server logs.
[2015/11/04 11:37:58.608] (INFO) Alien monitor (aliend): Detected no space aliens.
[2015/11/04 11:37:58.608] (INFO) Device 0x6e4d is online.
[2015/11/04 11:37:58.608] (INFO) User "rsg7684" logged out.
[2015/11/04 11:37:58.608] (WARN) Ignoring SIGTERM. It's not that easy to get rid of me.
[2015/11/04 11:37:58.608] (INFO) User "dqn5427" logged out due to inactivity (timeout=30 minutes).
[2015/11/04 11:37:58.608] (INFO) Network heartbeat check: All OK.
[2015/11/04 11:37:58.608] (INFO) Waiting for monitor process (PID 62875) to die.
[2015/11/04 11:37:58.608] (INFO) .evian ylbirret si emehcs otpyrc ym neht ,siht daer nac uoy fI
[2015/11/04 11:37:58.608] (WARN) Space on disk /dev/sde4 is low: Only 468 MB available.
[2015/11/04 11:37:58.608] (INFO) Waiting for monitor process (PID 11235) to die.
[2015/11/04 11:37:58.608] (INFO) Device 0x1325 is online.
[2015/11/04 11:37:58.608] (INFO) Network heartbeat check: All OK.
[2015/11/04 11:37:58.608] (WARN) Retrying server log checkpoint.
[2015/11/04 11:37:58.608] (INFO) Pinging watchdog timer process: Process is alive.
[2015/11/04 11:37:58.608] (INFO) User "mhj1470" logged out.
[2015/11/04 11:37:58.608] (INFO) User "ejb7402" logged in from 192.168.236.126.
[2015/11/04 11:37:58.608] (INFO) Backed up all server logs.
[2015/11/04 11:37:58.608] (WARN) Watchdog timer crashed. Restarting it.
[2015/11/04 11:37:58.608] (INFO) Supervisor has entered SUSPENDED state.
[2015/11/04 11:37:58.608] (INFO) Pinging watchdog timer process: Process is alive.
[2015/11/04 11:37:58.608] (INFO) Your mother called. She says you never call her.
[2015/11/04 11:37:58.608] (INFO) Network heartbeat check: All OK.
[2015/11/04 11:37:58.608] (INFO) User "yhw7682" logged out.
[2015/11/04 11:37:58.608] (INFO) User "zes9092" logged in from 10.107.230.213.
[2015/11/04 11:37:59.107] (INFO) Rolling 6 log file(s)...
[2015/11/04 11:37:59.107] (INFO) Sending SIGTERM to 3 excess workers.
[2015/11/04 11:37:59.107] (INFO) Checkpointing off-heap server memory...
[2015/11/04 11:37:59.107] (INFO) Sending SIGTERM to 3 excess workers.
[2015/11/04 11:37:59.107] (INFO) User "kik6894" logged in from 10.57.73.179.
[2015/11/04 11:37:59.107] (INFO) Supervisor has entered WAITING state.
[2015/11/04 11:37:59.107] (INFO) User "ovu5130" logged in from 192.168.120.182.
[2015/11/04 11:37:59.107] (ERROR) CPU temperature exceeds 50º Celsius. Shutting down.
[2015/11/04 11:37:59.107] (INFO) Device 0xbb84 is online.
[2015/11/04 11:37:59.107] (INFO) Checkpointing off-heap server memory...
[2015/11/04 11:37:59.107] (ERROR) Extra characters at end of line.
[2015/11/04 11:37:59.107] (INFO) Waiting for monitor process (PID 34280) to die.
[2015/11/04 11:37:59.107] (INFO) Supervisor has entered WAITING state.
[2015/11/04 11:37:59.107] (INFO) Rolling 6 log file(s)...
[2015/11/04 11:37:59.107] (INFO) Flushed 55 buffers to disk.
[2015/11/04 11:37:59.107] (INFO) Waiting for master process (PID 29678) to die.
[2015/11/04 11:37:59.107] (INFO) Device 0xe65a is online.
[2015/11/04 11:37:59.107] (INFO) Flushed 31 buffers to disk.
[2015/11/04 11:37:59.107] (INFO) Device 0x1669 is online.
[2015/11/04 11:37:59.107] (INFO) User "hox2045" logged in from 10.155.205.209.
[2015/11/04 11:37:59.107] (INFO) Supervisor has entered WAITING state.
[2015/11/04 11:37:59.107] (ERROR) Blocked SSH traffic originating from 10.117.11.147.
[2015/11/04 11:37:59.107] (INFO) Checkpointing off-heap server memory...
[2015/11/04 11:37:59.107] (INFO) Device 0x190c is online.
[2015/11/04 11:37:59.107] (INFO) Pinging watchdog timer process: Process is alive.
[2015/11/04 11:37:59.107] (INFO) Checked file systems for errors: All filesystems OK.
[2015/11/04 11:37:59.107] (INFO) Network heartbeat check: All OK.
[2015/11/04 11:37:59.107] (INFO) Network heartbeat check: All OK.
[2015/11/04 11:37:59.107] (INFO) Pinging watchdog timer process: Process is alive.
[2015/11/04 11:37:59.107] (INFO) Rolling 6 log file(s)...
[2015/11/04 11:37:59.107] (ERROR) Unable to write to "/var/data/aaZXs51945.txt": Permission denied (EACCES)
[2015/11/04 11:37:59.107] (INFO) Checkpointing off-heap server memory...
[2015/11/04 11:37:59.107] (INFO) Alien monitor (aliend): Detected no space aliens.
[2015/11/04 11:37:59.108] (INFO) Checkpointing off-heap server memory...
[2015/11/04 11:37:59.108] (INFO) Rolling 2 log file(s)...
[2015/11/04 11:37:59.108] (INFO) Device 0xe7b5 is online.
[2015/11/04 11:37:59.108] (INFO) User "cgt4213" logged in from 172.16.179.34.
[2015/11/04 11:37:59.108] (INFO) Waiting for monitor process (PID 43526) to die.
[2015/11/04 11:37:59.108] (INFO) Checked file systems for errors: All filesystems OK.
[2015/11/04 11:37:59.108] (INFO) Checked file systems for errors: All filesystems OK.
[2015/11/04 11:37:59.108] (INFO) Waiting for monitor process (PID 17932) to die.
[2015/11/04 11:37:59.108] (INFO) Checked file systems for errors: All filesystems OK.
[2015/11/04 11:37:59.108] (INFO) Checkpointing off-heap server memory...
[2015/11/04 11:37:59.108] (INFO) Flushed 34 buffers to disk.
[2015/11/04 11:37:59.108] (INFO) Alien monitor (aliend): Detected no space aliens.
[2015/11/04 11:37:59.108] (INFO) Rolling 6 log file(s)...
[2015/11/04 11:37:59.108] (WARN) Network heartbeat check: 19 server(s) did not respond.
[2015/11/04 11:37:59.108] (WARN) Network heartbeat check: 16 server(s) did not respond.
[2015/11/04 11:37:59.108] (INFO) Your mother called. She says you never call her.
[2015/11/04 11:37:59.108] (INFO) User "wat9386" logged in from 10.93.88.40.
[2015/11/04 11:37:59.108] (INFO) Flushed 57 buffers to disk.
[2015/11/04 11:37:59.108] (INFO) Supervisor has entered RESTARTING state.
[2015/11/04 11:37:59.108] (INFO) .evian ylbirret si emehcs otpyrc ym neht ,siht daer nac uoy fI
[2015/11/04 11:37:59.108] (INFO) Supervisor has entered RUNNING state.
[2015/11/04 11:37:59.108] (INFO) Pinging watchdog timer process: Process is alive.
[2015/11/04 11:37:59.108] (INFO) Checkpointing off-heap server memory...
[2015/11/04 11:37:59.108] (INFO) Backed up all server logs.
[2015/11/04 11:37:59.108] (INFO) Your mother called. She says you never call her.
[2015/11/04 11:37:59.108] (INFO) Checkpointing off-heap server memory...
[2015/11/04 11:37:59.108] (INFO) Your mother called. She says you never call her.
[2015/11/04 11:37:59.108] (WARN) Watchdog timer crashed. Restarting it.
[2015/11/04 11:37:59.108] (INFO) User "xjo3256" logged in from 10.247.121.51.
[2015/11/04 11:37:59.108] (INFO) Flushed 41 buffers to disk.
[2015/11/04 11:37:59.108] (INFO) Rolling 7 log file(s)...
[2015/11/04 11:37:59.108] (INFO) Waiting for worker process (PID 26482) to die.
[2015/11/04 11:37:59.108] (INFO) Rolling 8 log file(s)...
[2015/11/04 11:37:59.108] (INFO) Sending SIGTERM to 2 excess workers.
[2015/11/04 11:37:59.108] (INFO) Checkpointing off-heap server memory...
[2015/11/04 11:37:59.108] (WARN) Unable to ping worker at 10.85.12.247. Retrying.
[2015/11/04 11:37:59.108] (INFO) User "pug7051" logged out.
[2015/11/04 11:37:59.108] (INFO) Network heartbeat check: All OK.
[2015/11/04 11:37:59.108] (INFO) Backed up all server logs.
[2015/11/04 11:37:59.108] (INFO) Alien monitor (aliend): Detected no space aliens.
[2015/11/04 11:37:59.108] (INFO) Your mother called. She says you never call her.
[2015/11/04 11:37:59.108] (INFO) User "twc3967" logged out.
[2015/11/04 11:37:59.108] (INFO) Supervisor has entered WAITING state.
[2015/11/04 11:37:59.108] (INFO) Flushed 60 buffers to disk.
[2015/11/04 11:37:59.108] (INFO) Device 0xfe72 is online.
[2015/11/04 11:37:59.108] (INFO) User "ksx5012" logged in from 10.207.100.126.
[2015/11/04 11:37:59.108] (INFO) User "msh9089" logged out due to inactivity (timeout=30 minutes).
[2015/11/04 11:37:59.108] (INFO) Supervisor has entered SUSPENDED state.
[2015/11/04 11:37:59.108] (INFO) Backed up all server logs.
[2015/11/04 11:37:59.108] (INFO) Checked file systems for errors: All filesystems OK.
[2015/11/04 11:37:59.108] (INFO) Flushed 26 buffers to disk.
[2015/11/04 11:37:59.108] (INFO) User "aap4379" logged out due to inactivity (timeout=30 minutes).
[2015/11/04 11:37:59.108] (INFO) .evian ylbirret si emehcs otpyrc ym neht ,siht daer nac uoy fI
[2015/11/04 11:37:59.108] (INFO) Sending SIGTERM to 4 excess workers.
[2015/11/04 11:37:59.108] (INFO) User "nnz2221" logged out.
[2015/11/04 11:37:59.108] (INFO) Alien monitor (aliend): Detected no space aliens.
[2015/11/04 11:37:59.108] (INFO) Checked file systems for errors: All filesystems OK.
[2015/11/04 11:37:59.108] (INFO) Pinging watchdog timer process: Process is alive.
[2015/11/04 11:37:59.108] (INFO) .evian ylbirret si emehcs otpyrc ym neht ,siht daer nac uoy fI
[2015/11/04 11:37:59.108] (INFO) Checked file systems for errors: All filesystems OK.
[2015/11/04 11:37:59.108] (INFO) Rolling 5 log file(s)...
[2015/11/04 11:37:59.108] (INFO) .evian ylbirret si emehcs otpyrc ym neht ,siht daer nac uoy fI
[2015/11/04 11:37:59.108] (INFO) Sending SIGTERM to 4 excess workers.
[2015/11/04 11:37:59.108] (ERROR) Unable to mount /dev/sdc2. (Time to run fsck?)
[2015/11/04 11:37:59.108] (INFO) Supervisor has entered RESTARTING state.
[2015/11/04 11:37:59.108] (ERROR) Connection to 172.16.92.151 terminated unexpectedly. Reconnecting.
[2015/11/04 11:37:59.108] (WARN) CPU temperature exceeds 40º Celsius.
[2015/11/04 11:37:59.608] (INFO) Sending SIGTERM to 3 excess workers.
[2015/11/04 11:37:59.608] (INFO) Pinging watchdog timer process: Process is alive.
[2015/11/04 11:37:59.608] (INFO) Your mother called. She says you never call her.
[2015/11/04 11:37:59.608] (INFO) Flushed 61 buffers to disk.
[2015/11/04 11:37:59.608] (INFO) Pinging watchdog timer process: Process is alive.
[2015/11/04 11:37:59.608] (INFO) Pinging watchdog timer process: Process is alive.
[2015/11/04 11:37:59.608] (INFO) Checkpointing off-heap server memory...
[2015/11/04 11:37:59.608] (INFO) Your mother called. She says you never call her.
[2015/11/04 11:37:59.608] (INFO) Checked file systems for errors: All filesystems OK.
[2015/11/04 11:37:59.608] (INFO) Rolling 4 log file(s)...
[2015/11/04 11:37:59.608] (WARN) Possible cyber-attack from The Cayman Islands.
[2015/11/04 11:37:59.608] (INFO) Checked file systems for errors: All filesystems OK.
[2015/11/04 11:37:59.608] (INFO) Backed up all server logs.
[2015/11/04 11:37:59.608] (INFO) User "qle4869" logged out.
[2015/11/04 11:37:59.608] (INFO) Checked file systems for errors: All filesystems OK.
[2015/11/04 11:37:59.608] (INFO) User "rev4009" logged out due to inactivity (timeout=30 minutes).
[2015/11/04 11:37:59.608] (INFO) Checkpointing off-heap server memory...
[2015/11/04 11:37:59.608] (INFO) Supervisor has entered SUSPENDED state.
[2015/11/04 11:37:59.608] (INFO) Network heartbeat check: All OK.
[2015/11/04 11:37:59.608] (INFO) .evian ylbirret si emehcs otpyrc ym neht ,siht daer nac uoy fI
[2015/11/04 11:37:59.608] (INFO) User "yrk4910" logged out.
[2015/11/04 11:37:59.608] (INFO) Alien monitor (aliend): Detected no space aliens.
[2015/11/04 11:37:59.608] (INFO) Alien monitor (aliend): Detected no space aliens.
[2015/11/04 11:37:59.608] (INFO) Pinging watchdog timer process: Process is alive.
[2015/11/04 11:37:59.608] (ERROR) "/var/data/WcwzD69817.xslx": No such file or directory (ENOENT)
[2015/11/04 11:37:59.608] (INFO) Device 0xac8c is online.
[2015/11/04 11:37:59.608] (INFO) Pinging watchdog timer process: Process is alive.
[2015/11/04 11:37:59.608] (INFO) Rolling 9 log file(s)...
[2015/11/04 11:37:59.608] (WARN) Space on disk /dev/sdd2 is low: Only 434 MB available.
[2015/11/04 11:37:59.608] (INFO) User "dpu9243" logged out.
[2015/11/04 11:37:59.608] (ERROR) Failed to write checkpoint file "/var/checkpoint/FIcTI83470: No space left on device (ENOSPC)
[2015/11/04 11:37:59.608] (INFO) .evian ylbirret si emehcs otpyrc ym neht ,siht daer nac uoy fI
[2015/11/04 11:37:59.608] (INFO) Device 0x6aac is online.
[2015/11/04 11:37:59.608] (INFO) Waiting for worker process (PID 25104) to die.
[2015/11/04 11:37:59.608] (WARN) Dropped 1,434 corrupt data packets.
[2015/11/04 11:37:59.608] (WARN) Master took 787 ms to respond (threshold=500 ms)
[2015/11/04 11:37:59.608] (INFO) User "lie8086" logged in from 10.225.243.160.
[2015/11/04 11:37:59.608] (INFO) Rolling 5 log file(s)...
[2015/11/04 11:37:59.608] (INFO) User "iqg7716" logged out due to inactivity (timeout=30 minutes).
[2015/11/04 11:37:59.608] (INFO) Flushed 66 buffers to disk.
[2015/11/04 11:37:59.608] (INFO) Backed up all server logs.
[2015/11/04 11:37:59.608] (INFO) User "uji8587" logged out.
[2015/11/04 11:37:59.608] (WARN) Network heartbeat check: 16 server(s) did not respond.
[2015/11/04 11:37:59.608] (INFO) User "asy4157" logged out due to inactivity (timeout=30 minutes).
[2015/11/04 11:37:59.608] (INFO) Checkpointing off-heap server memory...
[2015/11/04 11:37:59.608] (INFO) Flushed 72 buffers to disk.
[2015/11/04 11:37:59.608] (INFO) Sending SIGTERM to 4 excess workers.
[2015/11/04 11:37:59.608] (INFO) .evian ylbirret si emehcs otpyrc ym neht ,siht daer nac uoy fI
[2015/11/04 11:37:59.608] (INFO) Waiting for monitor process (PID 4009) to die.
[2015/11/04 11:37:59.608] (INFO) Device 0x0694 is online.
[2015/11/04 11:37:59.608] (INFO) Device 0x2aa6 is online.
[2015/11/04 11:37:59.608] (INFO) Supervisor has entered SUSPENDED state.
[2015/11/04 11:37:59.608] (INFO) Rolling 2 log file(s)...
[2015/11/04 11:37:59.608] (INFO) Supervisor has entered WAITING state.
[2015/11/04 11:37:59.608] (INFO) Checkpointing off-heap server memory...
[2015/11/04 11:37:59.608] (INFO) Rolling 2 log file(s)...
[2015/11/04 11:37:59.608] (INFO) .evian ylbirret si emehcs otpyrc ym neht ,siht daer nac uoy fI
[2015/11/04 11:37:59.608] (ERROR) /dev/lp error: "PC LOAD LETTER"
[2015/11/04 11:37:59.608] (INFO) Supervisor has entered RUNNING state.
[2015/11/04 11:37:59.608] (INFO) Waiting for worker process (PID 3824) to die.
[2015/11/04 11:37:59.608] (INFO) Rolling 3 log file(s)...
[2015/11/04 11:37:59.608] (INFO) Waiting for supervisor process (PID 31957) to die.
[2015/11/04 11:37:59.608] (INFO) Sending SIGTERM to 3 excess workers.
[2015/11/04 11:37:59.608] (INFO) .evian ylbirret si emehcs otpyrc ym neht ,siht daer nac uoy fI
[2015/11/04 11:37:59.608] (INFO) Device 0x57e4 is online.
[2015/11/04 11:37:59.608] (INFO) User "yqq4709" logged out.
[2015/11/04 11:37:59.608] (INFO) Pinging watchdog timer process: Process is alive.
[2015/11/04 11:37:59.608] (INFO) User "ccd2161" logged out.
[2015/11/04 11:37:59.608] (INFO) Device 0x47d7 is online.
[2015/11/04 11:37:59.608] (INFO) Backed up all server logs.
[2015/11/04 11:37:59.608] (INFO) Alien monitor (aliend): Detected no space aliens.
[2015/11/04 11:37:59.608] (INFO) User "fyo5106" logged in from 10.36.156.183.
[2015/11/04 11:37:59.608] (WARN) Watchdog timer crashed. Restarting it.
[2015/11/04 11:37:59.608] (INFO) Device 0x689d is online.
[2015/11/04 11:37:59.608] (INFO) User "ydg9326" logged in from 192.168.227.45.
[2015/11/04 11:37:59.608] (WARN) Ignoring SIGTERM. It's not that easy to get rid of me.
[2015/11/04 11:37:59.608] (INFO) Checked file systems for errors: All filesystems OK.
[2015/11/04 11:37:59.608] (INFO) User "ymj6348" logged in from 172.16.139.49.
[2015/11/04 11:37:59.608] (ERROR) Unable to write to "/var/data/XFquA74140.xslx": Permission denied (EACCES)
[2015/11/04 11:37:59.608] (INFO) Sending SIGTERM to 2 excess workers.
[2015/11/04 11:37:59.608] (INFO) Sending SIGTERM to 4 excess workers.
[2015/11/04 11:37:59.608] (WARN) Backup server 10.197.176.175 is offline.
[2015/11/04 11:37:59.608] (INFO) Waiting for supervisor process (PID 29049) to die.
[2015/11/04 11:37:59.608] (ERROR) Unable to write to "/var/data/JNSDH79924.xslx": Permission denied (EACCES)
[2015/11/04 11:37:59.608] (INFO) Device 0xf0a9 is online.
[2015/11/04 11:37:59.608] (INFO) User "ggf2709" logged out.
[2015/11/04 11:37:59.608] (INFO) Network heartbeat check: All OK.
[2015/11/04 11:37:59.608] (WARN) Backup server 172.16.212.156 is offline.
[2015/11/04 11:37:59.608] (WARN) Retrying server log checkpoint.
[2015/11/04 11:37:59.608] (ERROR) Blocked Little Bobby Tables attack (https://xkcd.com/327/) from 172.16.51.154.
[2015/11/04 11:37:59.608] (ERROR) Unable to write to "/var/data/jPiru94149.tar.gz": Permission denied (EACCES)
[2015/11/04 11:37:59.608] (INFO) Backed up all server logs.
[2015/11/04 11:37:59.608] (INFO) Flushed 78 buffers to disk.
[2015/11/04 11:37:59.608] (INFO) Checkpointing off-heap server memory...
[2015/11/04 11:37:59.608] (INFO) .evian ylbirret si emehcs otpyrc ym neht ,siht daer nac uoy fI
[2015/11/04 11:37:59.608] (WARN) Master took 902 ms to respond (threshold=500 ms)
[2015/11/04 11:37:59.608] (INFO) Waiting for monitor process (PID 32274) to die.
[2015/11/04 11:37:59.608] (INFO) Sending SIGTERM to 4 excess workers.
[2015/11/04 11:37:59.608] (INFO) User "hhu9508" logged out.
[2015/11/04 11:37:59.608] (WARN) Retrying server log checkpoint.
[2015/11/04 11:38:00.107] (INFO) Checked file systems for errors: All filesystems OK.
[2015/11/04 11:38:00.107] (INFO) User "gvz4107" logged out due to inactivity (timeout=30 minutes).
[2015/11/04 11:38:00.107] (WARN) Master took 690 ms to respond (threshold=500 ms)
[2015/11/04 11:38:00.107] (INFO) Network heartbeat check: All OK.
[2015/11/04 11:38:00.107] (INFO) Checked file systems for errors: All filesystems OK.
[2015/11/04 11:38:00.107] (WARN) CPU temperature exceeds 40º Celsius.
[2015/11/04 11:38:00.107] (INFO) Flushed 74 buffers to disk.
[2015/11/04 11:38:00.107] (INFO) Network heartbeat check: All OK.
[2015/11/04 11:38:00.107] (INFO) Checked file systems for errors: All filesystems OK.
[2015/11/04 11:38:00.107] (INFO) .evian ylbirret si emehcs otpyrc ym neht ,siht daer nac uoy fI
[2015/11/04 11:38:00.107] (INFO) User "ycv6748" logged out due to inactivity (timeout=30 minutes).
[2015/11/04 11:38:00.107] (INFO) Network heartbeat check: All OK.
[2015/11/04 11:38:00.107] (INFO) Checkpointing off-heap server memory...
[2015/11/04 11:38:00.107] (INFO) Alien monitor (aliend): Detected no space aliens.
[2015/11/04 11:38:00.107] (INFO) Sending SIGTERM to 4 excess workers.
[2015/11/04 11:38:00.107] (INFO) Sending SIGTERM to 4 excess workers.
[2015/11/04 11:38:00.107] (INFO) .evian ylbirret si emehcs otpyrc ym neht ,siht daer nac uoy fI
[2015/11/04 11:38:00.107] (WARN) Master took 535 ms to respond (threshold=500 ms)
[2015/11/04 11:38:00.107] (WARN) Master took 783 ms to respond (threshold=500 ms)
[2015/11/04 11:38:00.107] (INFO) Device 0x30ad is online.
[2015/11/04 11:38:00.107] (WARN) There is no such thing as a free lunch.
[2015/11/04 11:38:00.107] (ERROR) Detected clock skew! Restarting NTP server.
[2015/11/04 11:38:00.107] (WARN) Watchdog timer crashed. Restarting it.
[2015/11/04 11:38:00.107] (INFO) Device 0xaa95 is online.
[2015/11/04 11:38:00.107] (ERROR) Unable to mount /dev/sda2. (Time to run fsck?)
[2015/11/04 11:38:00.107] (INFO) Rolling 5 log file(s)...
[2015/11/04 11:38:00.107] (INFO) Sending SIGTERM to 3 excess workers.
[2015/11/04 11:38:00.107] (WARN) Dropped 3,748 corrupt data packets.
[2015/11/04 11:38:00.107] (INFO) Checkpointing off-heap server memory...
[2015/11/04 11:38:00.107] (INFO) Alien monitor (aliend): Detected no space aliens.
[2015/11/04 11:38:00.107] (INFO) User "xpd3963" logged out.
[2015/11/04 11:38:00.107] (WARN) Possible cyber-attack from Alpha Centauri.
[2015/11/04 11:38:00.107] (INFO) Checkpointing off-heap server memory...
[2015/11/04 11:38:00.107] (ERROR) "/var/data/CMlOF74944.xml": Permission denied (EACCES)
[2015/11/04 11:38:00.107] (INFO) Waiting for master process (PID 45368) to die.
[2015/11/04 11:38:00.107] (INFO) Your mother called. She says you never call her.
[2015/11/04 11:38:00.107] (INFO) Network heartbeat check: All OK.
[2015/11/04 11:38:00.107] (ERROR) Blocked Little Bobby Tables attack (https://xkcd.com/327/) from 192.168.88.188.
[2015/11/04 11:38:00.107] (INFO) Backed up all server logs.
[2015/11/04 11:38:00.107] (WARN) Master took 659 ms to respond (threshold=500 ms)
[2015/11/04 11:38:00.107] (ERROR) CPU temperature exceeds 50º Celsius. Shutting down.
[2015/11/04 11:38:00.107] (INFO) Backed up all server logs.
[2015/11/04 11:38:00.107] (INFO) Rolling 2 log file(s)...
[2015/11/04 11:38:00.107] (INFO) .evian ylbirret si emehcs otpyrc ym neht ,siht daer nac uoy fI
[2015/11/04 11:38:00.107] (INFO) Your mother called. She says you never call her.
[2015/11/04 11:38:00.107] (INFO) User "dgx7268" logged out due to inactivity (timeout=30 minutes).
[2015/11/04 11:38:00.107] (INFO) Device 0xf3e4 is online.
[2015/11/04 11:38:00.107] (INFO) Alien monitor (aliend): Detected no space aliens.
[2015/11/04 11:38:00.107] (INFO) Backed up all server logs.
[2015/11/04 11:38:00.107] (INFO) User "lse5848" logged out due to inactivity (timeout=30 minutes).
[2015/11/04 11:38:00.107] (INFO) Checkpointing off-heap server memory...
[2015/11/04 11:38:00.107] (INFO) Backed up all server logs.
[2015/11/04 11:38:00.107] (INFO) .evian ylbirret si emehcs otpyrc ym neht ,siht daer nac uoy fI
[2015/11/04 11:38:00.107] (INFO) Checkpointing off-heap server memory...
[2015/11/04 11:38:00.107] (INFO) User "dls7985" logged out due to inactivity (timeout=30 minutes).
[2015/11/04 11:38:00.107] (WARN) Unable to ping monitor at 172.16.8.179. Retrying.
[2015/11/04 11:38:00.107] (INFO) Network heartbeat check: All OK.
[2015/11/04 11:38:00.107] (INFO) Backed up all server logs.
[2015/11/04 11:38:00.107] (INFO) Pinging watchdog timer process: Process is alive.
[2015/11/04 11:38:00.107] (INFO) Supervisor has entered WAITING state.
[2015/11/04 11:38:00.107] (INFO) Pinging watchdog timer process: Process is alive.
[2015/11/04 11:38:00.107] (WARN) Possible cyber-attack from Mars.
[2015/11/04 11:38:00.107] (WARN) Watchdog timer crashed. Restarting it.
[2015/11/04 11:38:00.107] (WARN) Retrying server log checkpoint.
[2015/11/04 11:38:00.107] (INFO) User "ypo5460" logged out due to inactivity (timeout=30 minutes).
[2015/11/04 11:38:00.107] (INFO) Rolling 7 log file(s)...
[2015/11/04 11:38:00.107] (INFO) Your mother called. She says you never call her.
[2015/11/04 11:38:00.107] (INFO) Your mother called. She says you never call her.
[2015/11/04 11:38:00.107] (INFO) Pinging watchdog timer process: Process is alive.
[2015/11/04 11:38:00.107] (INFO) Sending SIGTERM to 4 excess workers.
[2015/11/04 11:38:00.107] (INFO) .evian ylbirret si emehcs otpyrc ym neht ,siht daer nac uoy fI
[2015/11/04 11:38:00.107] (INFO) Pinging watchdog timer process: Process is alive.
[2015/11/04 11:38:00.107] (INFO) Checked file systems for errors: All filesystems OK.
[2015/11/04 11:38:00.107] (INFO) Supervisor has entered RUNNING state.
[2015/11/04 11:38:00.107] (INFO) Network heartbeat check: All OK.
[2015/11/04 11:38:00.107] (INFO) Network heartbeat check: All OK.
[2015/11/04 11:38:00.107] (INFO) Waiting for master process (PID 6041) to die.
[2015/11/04 11:38:00.107] (WARN) Retrying server log checkpoint.
[2015/11/04 11:38:00.107] (INFO) Your mother called. She says you never call her.
[2015/11/04 11:38:00.107] (INFO) Device 0x04d5 is online.
[2015/11/04 11:38:00.107] (INFO) Checked file systems for errors: All filesystems OK.
[2015/11/04 11:38:00.107] (INFO) User "tib1090" logged out.
[2015/11/04 11:38:00.107] (INFO) Network heartbeat check: All OK.
[2015/11/04 11:38:00.107] (INFO) User "pwc8205" logged in from 10.90.6.244.
[2015/11/04 11:38:00.107] (INFO) Sending SIGTERM to 3 excess workers.
[2015/11/04 11:38:00.107] (INFO) User "pyf5597" logged out due to inactivity (timeout=30 minutes).
[2015/11/04 11:38:00.107] (INFO) Backed up all server logs.
[2015/11/04 11:38:00.107] (INFO) Alien monitor (aliend): Detected no space aliens.
[2015/11/04 11:38:00.107] (ERROR) Failed to open "/mnt/fileserver02/ahiYS62461.parquet": NFS timeout.
[2015/11/04 11:38:00.107] (INFO) .evian ylbirret si emehcs otpyrc ym neht ,siht daer nac uoy fI
[2015/11/04 11:38:00.107] (INFO) Supervisor has entered WAITING state.
[2015/11/04 11:38:00.107] (INFO) Rolling 7 log file(s)...
[2015/11/04 11:38:00.107] (INFO) Alien monitor (aliend): Detected no space aliens.
[2015/11/04 11:38:00.107] (ERROR) Extra characters at end of line.
[2015/11/04 11:38:00.107] (INFO) Checked file systems for errors: All filesystems OK.
[2015/11/04 11:38:00.107] (INFO) Backed up all server logs.
[2015/11/04 11:38:00.107] (INFO) Supervisor has entered RUNNING state.
[2015/11/04 11:38:00.107] (INFO) .evian ylbirret si emehcs otpyrc ym neht ,siht daer nac uoy fI
[2015/11/04 11:38:00.107] (INFO) Supervisor has entered WAITING state.
[2015/11/04 11:38:00.107] (INFO) Network heartbeat check: All OK.
[2015/11/04 11:38:00.607] (INFO) Sending SIGTERM to 2 excess workers.
[2015/11/04 11:38:00.607] (INFO) Supervisor has entered RESTARTING state.
[2015/11/04 11:38:00.607] (WARN) CPU temperature exceeds 40º Celsius.
[2015/11/04 11:38:00.607] (INFO) Checkpointing off-heap server memory...
[2015/11/04 11:38:00.607] (INFO) Waiting for monitor process (PID 8908) to die.
[2015/11/04 11:38:00.607] (WARN) Network heartbeat check: 1 server(s) did not respond.
[2015/11/04 11:38:00.607] (INFO) Network heartbeat check: All OK.
[2015/11/04 11:38:00.607] (INFO) Network heartbeat check: All OK.
[2015/11/04 11:38:00.607] (INFO) Waiting for worker process (PID 28746) to die.
[2015/11/04 11:38:00.607] (ERROR) "/var/data/MmZUG86888.csv": No such file or directory (ENOENT)
[2015/11/04 11:38:00.607] (INFO) Flushed 99 buffers to disk.
[2015/11/04 11:38:00.607] (INFO) User "reg9715" logged out due to inactivity (timeout=30 minutes).
[2015/11/04 11:38:00.607] (INFO) Network heartbeat check: All OK.
[2015/11/04 11:38:00.607] (INFO) Alien monitor (aliend): Detected no space aliens.
[2015/11/04 11:38:00.607] (WARN) Dropped 4,711 corrupt data packets.
[2015/11/04 11:38:00.607] (INFO) Checked file systems for errors: All filesystems OK.
[2015/11/04 11:38:00.607] (INFO) Checkpointing off-heap server memory...
[2015/11/04 11:38:00.607] (ERROR) Worker 2 died with SIGTRAP. Restarting it.
[2015/11/04 11:38:00.607] (INFO) Sending SIGTERM to 4 excess workers.
[2015/11/04 11:38:00.607] (INFO) Waiting for monitor process (PID 23098) to die.
[2015/11/04 11:38:00.607] (INFO) Network heartbeat check: All OK.
[2015/11/04 11:38:00.607] (WARN) Unable to ping worker at 10.67.208.1. Retrying.
[2015/11/04 11:38:00.607] (INFO) Alien monitor (aliend): Detected no space aliens.
[2015/11/04 11:38:00.607] (INFO) Device 0x688d is online.
[2015/11/04 11:38:00.607] (INFO) Sending SIGTERM to 2 excess workers.
[2015/11/04 11:38:00.607] (INFO) Flushed 30 buffers to disk.
[2015/11/04 11:38:00.607] (INFO) Sending SIGTERM to 3 excess workers.
[2015/11/04 11:38:00.607] (INFO) Alien monitor (aliend): Detected no space aliens.
[2015/11/04 11:38:00.607] (ERROR) Blocked BitTorrent traffic originating from 192.168.14.151.
[2015/11/04 11:38:00.607] (INFO) User "krr7004" logged out.
[2015/11/04 11:38:00.607] (INFO) Network heartbeat check: All OK.
[2015/11/04 11:38:00.607] (INFO) User "lfo6332" logged in from 172.16.64.212.
[2015/11/04 11:38:00.607] (INFO) Checkpointing off-heap server memory...
[2015/11/04 11:38:00.607] (INFO) User "hfp4970" logged in from 192.168.217.125.
[2015/11/04 11:38:00.607] (INFO) User "aok6901" logged out.
[2015/11/04 11:38:00.607] (INFO) Sending SIGTERM to 2 excess workers.
[2015/11/04 11:38:00.607] (INFO) Network heartbeat check: All OK.
[2015/11/04 11:38:00.607] (INFO) User "wib1150" logged in from 192.168.244.205.
[2015/11/04 11:38:00.607] (ERROR) Unable to authenticate user "smf1526": LDAP server isn't responding.
[2015/11/04 11:38:00.607] (INFO) Device 0x92f4 is online.
[2015/11/04 11:38:00.607] (INFO) Alien monitor (aliend): Detected no space aliens.
[2015/11/04 11:38:00.607] (INFO) User "gwg4579" logged out due to inactivity (timeout=30 minutes).
[2015/11/04 11:38:00.607] (INFO) User "eyb8832" logged out.
[2015/11/04 11:38:00.607] (INFO) User "egd5254" logged out due to inactivity (timeout=30 minutes).
[2015/11/04 11:38:00.607] (INFO) Sending SIGTERM to 2 excess workers.
[2015/11/04 11:38:00.607] (INFO) Sending SIGTERM to 3 excess workers.
[2015/11/04 11:38:00.607] (INFO) Flushed 56 buffers to disk.
[2015/11/04 11:38:00.607] (INFO) Flushed 59 buffers to disk.
[2015/11/04 11:38:00.607] (ERROR) Blocked Little Bobby Tables attack (https://xkcd.com/327/) from 10.200.104.136.
[2015/11/04 11:38:00.607] (INFO) Device 0xe3b2 is online.
[2015/11/04 11:38:00.607] (INFO) Checkpointing off-heap server memory...
[2015/11/04 11:38:00.607] (INFO) Sending SIGTERM to 4 excess workers.
[2015/11/04 11:38:00.607] (INFO) Alien monitor (aliend): Detected no space aliens.
[2015/11/04 11:38:00.607] (INFO) Device 0x79de is online.
[2015/11/04 11:38:00.607] (INFO) Pinging watchdog timer process: Process is alive.
[2015/11/04 11:38:00.607] (INFO) User "hrk8004" logged in from 172.16.223.136.
[2015/11/04 11:38:00.607] (INFO) Supervisor has entered RESTARTING state.
[2015/11/04 11:38:00.607] (INFO) Network heartbeat check: All OK.
[2015/11/04 11:38:00.607] (INFO) Pinging watchdog timer process: Process is alive.
[2015/11/04 11:38:00.607] (INFO) Backed up all server logs.
[2015/11/04 11:38:00.607] (INFO) Pinging watchdog timer process: Process is alive.
[2015/11/04 11:38:00.607] (INFO) Pinging watchdog timer process: Process is alive.
[2015/11/04 11:38:00.607] (INFO) Sending SIGTERM to 2 excess workers.
[2015/11/04 11:38:00.607] (INFO) Sending SIGTERM to 2 excess workers.
[2015/11/04 11:38:00.607] (INFO) User "ikr4343" logged out due to inactivity (timeout=30 minutes).
[2015/11/04 11:38:00.607] (INFO) .evian ylbirret si emehcs otpyrc ym neht ,siht daer nac uoy fI
[2015/11/04 11:38:00.607] (INFO) Network heartbeat check: All OK.
[2015/11/04 11:38:00.607] (ERROR) Failed to open "/mnt/fileserver01/mlFTS87209.zip": NFS timeout.
[2015/11/04 11:38:00.607] (INFO) Flushed 60 buffers to disk.
[2015/11/04 11:38:00.607] (ERROR) CPU temperature exceeds 50º Celsius. Shutting down.
[2015/11/04 11:38:00.607] (INFO) Waiting for worker process (PID 31884) to die.
[2015/11/04 11:38:00.607] (ERROR) One of the flayrods has gone out askew on treadle.
[2015/11/04 11:38:00.607] (INFO) Checked file systems for errors: All filesystems OK.
[2015/11/04 11:38:00.607] (INFO) Device 0xec58 is online.
[2015/11/04 11:38:00.607] (ERROR) One of the flayrods has gone out askew on treadle.
[2015/11/04 11:38:00.607] (INFO) User "xai7183" logged out.
[2015/11/04 11:38:00.607] (INFO) Supervisor has entered RESTARTING state.
[2015/11/04 11:38:00.607] (INFO) Checked file systems for errors: All filesystems OK.
[2015/11/04 11:38:00.607] (INFO) Waiting for worker process (PID 55468) to die.
[2015/11/04 11:38:00.607] (INFO) User "eem6180" logged out.
[2015/11/04 11:38:00.607] (INFO) User "njo5626" logged out.
[2015/11/04 11:38:00.607] (INFO) Waiting for supervisor process (PID 22707) to die.
[2015/11/04 11:38:00.607] (INFO) Checkpointing off-heap server memory...
[2015/11/04 11:38:00.607] (INFO) User "ghg4843" logged out due to inactivity (timeout=30 minutes).
[2015/11/04 11:38:00.607] (INFO) Waiting for master process (PID 43299) to die.
[2015/11/04 11:38:00.607] (ERROR) EFOODFAIL (Waiter, there's a fly in my soup).
[2015/11/04 11:38:00.607] (INFO) Waiting for worker process (PID 57569) to die.
[2015/11/04 11:38:00.607] (INFO) User "yuy2250" logged out.
[2015/11/04 11:38:00.607] (INFO) Checked file systems for errors: All filesystems OK.
[2015/11/04 11:38:00.607] (INFO) Checkpointing off-heap server memory...
[2015/11/04 11:38:00.607] (INFO) Network heartbeat check: All OK.
[2015/11/04 11:38:00.607] (INFO) Sending SIGTERM to 4 excess workers.
[2015/11/04 11:38:00.607] (INFO) Checkpointing off-heap server memory...
[2015/11/04 11:38:00.607] (INFO) Sending SIGTERM to 4 excess workers.
[2015/11/04 11:38:00.607] (INFO) Your mother called. She says you never call her.
[2015/11/04 11:38:00.607] (INFO) Rolling 9 log file(s)...
[2015/11/04 11:38:00.607] (INFO) Checkpointing off-heap server memory...
[2015/11/04 11:38:00.607] (INFO) .evian ylbirret si emehcs otpyrc ym neht ,siht daer nac uoy fI
[2015/11/04 11:38:00.607] (INFO) Flushed 97 buffers to disk.
[2015/11/04 11:38:00.607] (INFO) Flushed 56 buffers to disk.
[2015/11/04 11:38:01.108] (ERROR) Detected incoming DDoS from 172.16.84.63.
[2015/11/04 11:38:01.108] (INFO) Waiting for worker process (PID 41604) to die.
[2015/11/04 11:38:01.108] (WARN) Dropped 15,998 corrupt data packets.
[2015/11/04 11:38:01.108] (INFO) Sending SIGTERM to 2 excess workers.
[2015/11/04 11:38:01.108] (INFO) User "hcq5298" logged in from 10.43.60.239.
[2015/11/04 11:38:01.108] (INFO) Alien monitor (aliend): Detected no space aliens.
[2015/11/04 11:38:01.108] (WARN) Space on disk /dev/sdf4 is low: Only 170 MB available.
[2015/11/04 11:38:01.108] (INFO) User "vrh9768" logged out due to inactivity (timeout=30 minutes).
[2015/11/04 11:38:01.108] (INFO) User "ple3557" logged out due to inactivity (timeout=30 minutes).
[2015/11/04 11:38:01.108] (INFO) Rolling 4 log file(s)...
[2015/11/04 11:38:01.108] (INFO) Your mother called. She says you never call her.
[2015/11/04 11:38:01.108] (ERROR) User "blh2063" failed to log in 3 times. Disabling account.
[2015/11/04 11:38:01.108] (INFO) User "ulq9803" logged out.
[2015/11/04 11:38:01.108] (INFO) User "ymm1881" logged out.
[2015/11/04 11:38:01.108] (INFO) Sending SIGTERM to 3 excess workers.
[2015/11/04 11:38:01.108] (WARN) CPU temperature exceeds 40º Celsius.
[2015/11/04 11:38:01.108] (INFO) User "upl9099" logged in from 192.168.114.78.
[2015/11/04 11:38:01.108] (INFO) Supervisor has entered WAITING state.
[2015/11/04 11:38:01.108] (INFO) User "kvu6291" logged out.
[2015/11/04 11:38:01.108] (INFO) Checkpointing off-heap server memory...
[2015/11/04 11:38:01.108] (INFO) Checked file systems for errors: All filesystems OK.
[2015/11/04 11:38:01.108] (INFO) Checkpointing off-heap server memory...
[2015/11/04 11:38:01.108] (INFO) Checked file systems for errors: All filesystems OK.
[2015/11/04 11:38:01.108] (INFO) Device 0x0cc9 is online.
[2015/11/04 11:38:01.108] (INFO) User "oqu2510" logged out.
[2015/11/04 11:38:01.108] (ERROR) Connection to 172.16.204.66 terminated unexpectedly. Reconnecting.
[2015/11/04 11:38:01.108] (INFO) .evian ylbirret si emehcs otpyrc ym neht ,siht daer nac uoy fI
[2015/11/04 11:38:01.108] (INFO) User "omq4422" logged out.
[2015/11/04 11:38:01.108] (ERROR) Directory index of "/var/data" is forbidden.
[2015/11/04 11:38:01.108] (INFO) Network heartbeat check: All OK.
[2015/11/04 11:38:01.108] (INFO) Backed up all server logs.
[2015/11/04 11:38:01.108] (INFO) .evian ylbirret si emehcs otpyrc ym neht ,siht daer nac uoy fI
[2015/11/04 11:38:01.108] (INFO) Pinging watchdog timer process: Process is alive.
[2015/11/04 11:38:01.108] (INFO) Checked file systems for errors: All filesystems OK.
[2015/11/04 11:38:01.108] (INFO) User "tle4718" logged out due to inactivity (timeout=30 minutes).
[2015/11/04 11:38:01.108] (ERROR) Failed to open "/mnt/fileserver01/SPhbT82557.parquet": NFS timeout.
[2015/11/04 11:38:01.108] (INFO) Waiting for monitor process (PID 1606) to die.
[2015/11/04 11:38:01.108] (INFO) Flushed 94 buffers to disk.
[2015/11/04 11:38:01.108] (INFO) Pinging watchdog timer process: Process is alive.
[2015/11/04 11:38:01.108] (INFO) Sending SIGTERM to 2 excess workers.
[2015/11/04 11:38:01.108] (INFO) User "xtw5602" logged in from 172.16.232.179.
[2015/11/04 11:38:01.108] (INFO) Backed up all server logs.
[2015/11/04 11:38:01.108] (INFO) Flushed 50 buffers to disk.
[2015/11/04 11:38:01.108] (INFO) Alien monitor (aliend): Detected no space aliens.
[2015/11/04 11:38:01.108] (INFO) User "fgx1987" logged out.
[2015/11/04 11:38:01.108] (INFO) .evian ylbirret si emehcs otpyrc ym neht ,siht daer nac uoy fI
[2015/11/04 11:38:01.108] (WARN) Possible cyber-attack from China.
[2015/11/04 11:38:01.108] (INFO) Waiting for master process (PID 35391) to die.
[2015/11/04 11:38:01.108] (INFO) Device 0x5308 is online.
[2015/11/04 11:38:01.108] (INFO) Device 0x3049 is online.
[2015/11/04 11:38:01.108] (INFO) Checked file systems for errors: All filesystems OK.
[2015/11/04 11:38:01.108] (ERROR) Unable to authenticate user "deh6064": LDAP server isn't responding.
[2015/11/04 11:38:01.108] (INFO) Pinging watchdog timer process: Process is alive.
[2015/11/04 11:38:01.108] (INFO) User "ywj4388" logged in from 192.168.179.136.
[2015/11/04 11:38:01.108] (ERROR) "/var/data/bWGip86299.tar.gz": No such file or directory (ENOENT)
[2015/11/04 11:38:01.108] (INFO) Sending SIGTERM to 3 excess workers.
[2015/11/04 11:38:01.108] (INFO) User "isr2546" logged in from 10.91.160.211.
[2015/11/04 11:38:01.108] (INFO) User "mxf8482" logged out.
[2015/11/04 11:38:01.108] (INFO) Pinging watchdog timer process: Process is alive.
[2015/11/04 11:38:01.108] (INFO) Checked file systems for errors: All filesystems OK.
[2015/11/04 11:38:01.108] (INFO) Flushed 92 buffers to disk.
[2015/11/04 11:38:01.108] (INFO) User "ewx4967" logged out due to inactivity (timeout=30 minutes).
[2015/11/04 11:38:01.108] (INFO) Flushed 25 buffers to disk.
[2015/11/04 11:38:01.108] (INFO) Network heartbeat check: All OK.
[2015/11/04 11:38:01.108] (INFO) Network heartbeat check: All OK.
[2015/11/04 11:38:01.108] (INFO) User "rvc1911" logged in from 172.16.138.131.
[2015/11/04 11:38:01.108] (INFO) Sending SIGTERM to 4 excess workers.
[2015/11/04 11:38:01.108] (INFO) Backed up all server logs.
[2015/11/04 11:38:01.108] (INFO) Device 0x7d09 is online.
[2015/11/04 11:38:01.108] (ERROR) Failed to open "/mnt/fileserver02/WEAYT92996.csv": NFS timeout.
[2015/11/04 11:38:01.108] (WARN) Possible cyber-attack from Alpha Centauri.
[2015/11/04 11:38:01.108] (INFO) Your mother called. She says you never call her.
[2015/11/04 11:38:01.108] (INFO) User "gkv3133" logged out.
[2015/11/04 11:38:01.108] (INFO) Supervisor has entered WAITING state.
[2015/11/04 11:38:01.108] (INFO) Sending SIGTERM to 3 excess workers.
[2015/11/04 11:38:01.108] (INFO) Rolling 4 log file(s)...
[2015/11/04 11:38:01.108] (INFO) Device 0xf32b is online.
[2015/11/04 11:38:01.108] (INFO) Device 0x3f55 is online.
[2015/11/04 11:38:01.108] (INFO) Checkpointing off-heap server memory...
[2015/11/04 11:38:01.108] (ERROR) User "xme7932" failed to log in 3 times. Disabling account.
[2015/11/04 11:38:01.108] (WARN) Retrying server log checkpoint.
[2015/11/04 11:38:01.108] (INFO) User "lya1182" logged out due to inactivity (timeout=30 minutes).
[2015/11/04 11:38:01.108] (ERROR) Alien monitor (aliend): 3 space aliens are fiddling with the hardware!
[2015/11/04 11:38:01.108] (INFO) .evian ylbirret si emehcs otpyrc ym neht ,siht daer nac uoy fI
[2015/11/04 11:38:01.108] (INFO) Checkpointing off-heap server memory...
[2015/11/04 11:38:01.108] (WARN) Possible cyber-attack from The Cayman Islands.
[2015/11/04 11:38:01.108] (INFO) Network heartbeat check: All OK.
[2015/11/04 11:38:01.108] (INFO) Checked file systems for errors: All filesystems OK.
[2015/11/04 11:38:01.108] (WARN) Retrying server log checkpoint.
[2015/11/04 11:38:01.108] (INFO) Checked file systems for errors: All filesystems OK.
[2015/11/04 11:38:01.108] (INFO) Waiting for monitor process (PID 18895) to die.
[2015/11/04 11:38:01.108] (WARN) There is no such thing as a free lunch.
[2015/11/04 11:38:01.108] (INFO) Pinging watchdog timer process: Process is alive.
[2015/11/04 11:38:01.108] (INFO) Alien monitor (aliend): Detected no space aliens.
[2015/11/04 11:38:01.108] (INFO) Flushed 91 buffers to disk.
[2015/11/04 11:38:01.108] (INFO) Pinging watchdog timer process: Process is alive.
[2015/11/04 11:38:01.108] (INFO) Alien monitor (aliend): Detected no space aliens.
[2015/11/04 11:38:01.108] (INFO) User "hjb4385" logged out due to inactivity (timeout=30 minutes).
[2015/11/04 11:38:01.108] (INFO) Network heartbeat check: All OK.
[2015/11/04 11:38:01.108] (INFO) Rolling 3 log file(s)...
[2015/11/04 11:38:01.607] (INFO) User "bku8786" logged out.
[2015/11/04 11:38:01.607] (INFO) Network heartbeat check: All OK.
[2015/11/04 11:38:01.607] (WARN) There is no such thing as a free lunch.
[2015/11/04 11:38:01.607] (WARN) Ignoring SIGTERM. It's not that easy to get rid of me.
[2015/11/04 11:38:01.607] (INFO) Network heartbeat check: All OK.
[2015/11/04 11:38:01.607] (INFO) Checked file systems for errors: All filesystems OK.
[2015/11/04 11:38:01.607] (INFO) Checkpointing off-heap server memory...
[2015/11/04 11:38:01.607] (INFO) Device 0x7007 is online.
[2015/11/04 11:38:01.607] (ERROR) Detected incoming DDoS from 172.16.68.25.
[2015/11/04 11:38:01.607] (INFO) Network heartbeat check: All OK.
[2015/11/04 11:38:01.607] (WARN) Retrying server log checkpoint.
[2015/11/04 11:38:01.607] (INFO) Supervisor has entered WAITING state.
[2015/11/04 11:38:01.607] (INFO) Checked file systems for errors: All filesystems OK.
[2015/11/04 11:38:01.607] (ERROR) Detected clock skew! Restarting NTP server.
[2015/11/04 11:38:01.607] (INFO) .evian ylbirret si emehcs otpyrc ym neht ,siht daer nac uoy fI
[2015/11/04 11:38:01.607] (INFO) Network heartbeat check: All OK.
[2015/11/04 11:38:01.607] (INFO) Checked file systems for errors: All filesystems OK.
[2015/11/04 11:38:01.607] (INFO) Device 0xf3f7 is online.
[2015/11/04 11:38:01.607] (INFO) Sending SIGTERM to 4 excess workers.
[2015/11/04 11:38:01.607] (INFO) .evian ylbirret si emehcs otpyrc ym neht ,siht daer nac uoy fI
[2015/11/04 11:38:01.607] (INFO) Checkpointing off-heap server memory...
[2015/11/04 11:38:01.607] (INFO) Device 0x3f06 is online.
[2015/11/04 11:38:01.607] (INFO) Supervisor has entered WAITING state.
[2015/11/04 11:38:01.607] (INFO) .evian ylbirret si emehcs otpyrc ym neht ,siht daer nac uoy fI
[2015/11/04 11:38:01.607] (INFO) Checked file systems for errors: All filesystems OK.
[2015/11/04 11:38:01.607] (INFO) Rolling 5 log file(s)...
[2015/11/04 11:38:01.607] (WARN) Possible cyber-attack from China.
[2015/11/04 11:38:01.607] (INFO) Device 0x0ef5 is online.
[2015/11/04 11:38:01.607] (INFO) Backed up all server logs.
[2015/11/04 11:38:01.607] (INFO) Checkpointing off-heap server memory...
[2015/11/04 11:38:01.607] (WARN) Unable to ping master at 172.16.59.122. Retrying.
[2015/11/04 11:38:01.607] (INFO) User "tau6276" logged in from 172.16.88.82.
[2015/11/04 11:38:01.607] (WARN) Watchdog timer crashed. Restarting it.
[2015/11/04 11:38:01.607] (INFO) Supervisor has entered WAITING state.
[2015/11/04 11:38:01.607] (ERROR) Failed to write checkpoint file "/var/checkpoint/ffQEt56728: No space left on device (ENOSPC)
[2015/11/04 11:38:01.607] (INFO) Rolling 3 log file(s)...
[2015/11/04 11:38:01.607] (ERROR) "/var/data/WHQJM64085.parquet": No such file or directory (ENOENT)
[2015/11/04 11:38:01.607] (INFO) User "bys9919" logged out due to inactivity (timeout=30 minutes).
[2015/11/04 11:38:01.607] (INFO) User "oxo9567" logged out due to inactivity (timeout=30 minutes).
[2015/11/04 11:38:01.607] (ERROR) One of the flayrods has gone out askew on treadle.
[2015/11/04 11:38:01.607] (INFO) Flushed 83 buffers to disk.
[2015/11/04 11:38:01.607] (INFO) Alien monitor (aliend): Detected no space aliens.
[2015/11/04 11:38:01.607] (INFO) Sending SIGTERM to 3 excess workers.
[2015/11/04 11:38:01.607] (INFO) Rolling 6 log file(s)...
[2015/11/04 11:38:01.607] (INFO) User "qhi5402" logged out.
[2015/11/04 11:38:01.607] (INFO) Backed up all server logs.
[2015/11/04 11:38:01.607] (INFO) Supervisor has entered WAITING state.
[2015/11/04 11:38:01.607] (INFO) Waiting for monitor process (PID 25589) to die.
[2015/11/04 11:38:01.607] (WARN) Backup server 172.16.145.60 is offline.
[2015/11/04 11:38:01.607] (INFO) .evian ylbirret si emehcs otpyrc ym neht ,siht daer nac uoy fI
[2015/11/04 11:38:01.607] (WARN) Network heartbeat check: 14 server(s) did not respond.
[2015/11/04 11:38:01.607] (INFO) Supervisor has entered SUSPENDED state.
[2015/11/04 11:38:01.607] (INFO) Sending SIGTERM to 3 excess workers.
[2015/11/04 11:38:01.607] (INFO) Waiting for master process (PID 12394) to die.
[2015/11/04 11:38:01.607] (INFO) Checkpointing off-heap server memory...
[2015/11/04 11:38:01.607] (ERROR) /dev/lp error: "PC LOAD LETTER"
[2015/11/04 11:38:01.607] (WARN) There is no such thing as a free lunch.
[2015/11/04 11:38:01.607] (WARN) Retrying server log checkpoint.
[2015/11/04 11:38:01.607] (INFO) Device 0x1b1f is online.
[2015/11/04 11:38:01.607] (INFO) Backed up all server logs.
[2015/11/04 11:38:01.607] (ERROR) Unable to write to "/var/data/GJNGi97022.txt": Permission denied (EACCES)
[2015/11/04 11:38:01.607] (INFO) Waiting for worker process (PID 11497) to die.
[2015/11/04 11:38:01.607] (WARN) Network heartbeat check: 5 server(s) did not respond.
[2015/11/04 11:38:01.607] (WARN) Watchdog timer crashed. Restarting it.
[2015/11/04 11:38:01.607] (INFO) Your mother called. She says you never call her.
[2015/11/04 11:38:01.607] (WARN) Watchdog timer crashed. Restarting it.
[2015/11/04 11:38:01.607] (ERROR) One of the flayrods has gone out askew on treadle.
[2015/11/04 11:38:01.607] (INFO) User "ctx9803" logged out due to inactivity (timeout=30 minutes).
[2015/11/04 11:38:01.607] (INFO) Sending SIGTERM to 2 excess workers.
[2015/11/04 11:38:01.607] (ERROR) "/var/data/gTilA55278.zip": Permission denied (EACCES)
[2015/11/04 11:38:01.608] (ERROR) Directory index of "/var/data" is forbidden.
[2015/11/04 11:38:01.608] (INFO) Network heartbeat check: All OK.
[2015/11/04 11:38:01.608] (INFO) User "kav9306" logged out due to inactivity (timeout=30 minutes).
[2015/11/04 11:38:01.608] (INFO) Network heartbeat check: All OK.
[2015/11/04 11:38:01.608] (ERROR) Device 0x9558 is offline
[2015/11/04 11:38:01.608] (INFO) Pinging watchdog timer process: Process is alive.
[2015/11/04 11:38:01.608] (WARN) Unable to ping monitor at 172.16.178.85. Retrying.
[2015/11/04 11:38:01.608] (INFO) .evian ylbirret si emehcs otpyrc ym neht ,siht daer nac uoy fI
[2015/11/04 11:38:01.608] (INFO) Pinging watchdog timer process: Process is alive.
[2015/11/04 11:38:01.608] (INFO) Network heartbeat check: All OK.
[2015/11/04 11:38:01.608] (INFO) Sending SIGTERM to 4 excess workers.
[2015/11/04 11:38:01.608] (INFO) Waiting for worker process (PID 11305) to die.
[2015/11/04 11:38:01.608] (INFO) Supervisor has entered WAITING state.
[2015/11/04 11:38:01.608] (INFO) Checked file systems for errors: All filesystems OK.
[2015/11/04 11:38:01.608] (INFO) User "gnp9918" logged in from 192.168.221.229.
[2015/11/04 11:38:01.608] (INFO) Alien monitor (aliend): Detected no space aliens.
[2015/11/04 11:38:01.608] (INFO) Checked file systems for errors: All filesystems OK.
[2015/11/04 11:38:01.608] (INFO) Backed up all server logs.
[2015/11/04 11:38:01.608] (WARN) Dropped 10,627 corrupt data packets.
[2015/11/04 11:38:01.608] (INFO) Pinging watchdog timer process: Process is alive.
[2015/11/04 11:38:01.608] (INFO) Your mother called. She says you never call her.
[2015/11/04 11:38:01.608] (INFO) Your mother called. She says you never call her.
[2015/11/04 11:38:01.608] (INFO) Pinging watchdog timer process: Process is alive.
[2015/11/04 11:38:01.608] (INFO) Pinging watchdog timer process: Process is alive.
[2015/11/04 11:38:01.608] (INFO) .evian ylbirret si emehcs otpyrc ym neht ,siht daer nac uoy fI
[2015/11/04 11:38:01.608] (INFO) Rolling 5 log file(s)...
[2015/11/04 11:38:01.608] (INFO) Sending SIGTERM to 4 excess workers.
[2015/11/04 11:38:01.608] (INFO) Waiting for monitor process (PID 12040) to die.
[2015/11/04 11:38:01.608] (INFO) Device 0x33c9 is online.
[2015/11/04 11:38:01.608] (INFO) Alien monitor (aliend): Detected no space aliens.
[2015/11/04 11:38:02.108] (INFO) Backed up all server logs.
[2015/11/04 11:38:02.108] (INFO) Network heartbeat check: All OK.
[2015/11/04 11:38:02.108] (ERROR) Network heartbeat check FAILED: Master host down?
[2015/11/04 11:38:02.108] (INFO) User "fzg6701" logged in from 172.16.235.208.
[2015/11/04 11:38:02.108] (INFO) Network heartbeat check: All OK.
[2015/11/04 11:38:02.108] (INFO) Rolling 7 log file(s)...
[2015/11/04 11:38:02.108] (ERROR) Failed to write checkpoint file "/var/checkpoint/ewkmn51752: No space left on device (ENOSPC)
[2015/11/04 11:38:02.108] (INFO) User "kph1462" logged out due to inactivity (timeout=30 minutes).
[2015/11/04 11:38:02.108] (INFO) Flushed 30 buffers to disk.
[2015/11/04 11:38:02.108] (INFO) Network heartbeat check: All OK.
[2015/11/04 11:38:02.108] (INFO) Waiting for master process (PID 56586) to die.
[2015/11/04 11:38:02.108] (INFO) Pinging watchdog timer process: Process is alive.
[2015/11/04 11:38:02.108] (ERROR) "/var/data/sMUQW73136.tar.gz": Permission denied (EACCES)
[2015/11/04 11:38:02.108] (INFO) Checked file systems for errors: All filesystems OK.
[2015/11/04 11:38:02.108] (INFO) Pinging watchdog timer process: Process is alive.
[2015/11/04 11:38:02.108] (INFO) Checkpointing off-heap server memory...
[2015/11/04 11:38:02.108] (INFO) Sending SIGTERM to 3 excess workers.
[2015/11/04 11:38:02.108] (INFO) Waiting for master process (PID 52053) to die.
[2015/11/04 11:38:02.108] (INFO) Sending SIGTERM to 4 excess workers.
[2015/11/04 11:38:02.108] (INFO) Flushed 21 buffers to disk.
[2015/11/04 11:38:02.108] (INFO) User "mnz1503" logged in from 192.168.197.65.
[2015/11/04 11:38:02.108] (INFO) User "zhq8441" logged in from 192.168.186.201.
[2015/11/04 11:38:02.108] (INFO) Flushed 20 buffers to disk.
[2015/11/04 11:38:02.108] (INFO) Pinging watchdog timer process: Process is alive.
[2015/11/04 11:38:02.108] (INFO) Flushed 43 buffers to disk.
[2015/11/04 11:38:02.108] (INFO) Network heartbeat check: All OK.
[2015/11/04 11:38:02.108] (INFO) Network heartbeat check: All OK.
[2015/11/04 11:38:02.108] (INFO) Rolling 3 log file(s)...
[2015/11/04 11:38:02.108] (ERROR) Blocked Little Bobby Tables attack (https://xkcd.com/327/) from 192.168.169.74.
[2015/11/04 11:38:02.108] (WARN) There is no such thing as a free lunch.
[2015/11/04 11:38:02.108] (INFO) Checkpointing off-heap server memory...
[2015/11/04 11:38:02.108] (INFO) Waiting for supervisor process (PID 40010) to die.
[2015/11/04 11:38:02.108] (WARN) Dropped 5,546 corrupt data packets.
[2015/11/04 11:38:02.108] (INFO) User "fbk3291" logged out.
[2015/11/04 11:38:02.108] (INFO) Pinging watchdog timer process: Process is alive.
[2015/11/04 11:38:02.108] (INFO) Sending SIGTERM to 2 excess workers.
[2015/11/04 11:38:02.108] (INFO) Alien monitor (aliend): Detected no space aliens.
[2015/11/04 11:38:02.108] (INFO) Supervisor has entered SUSPENDED state.
[2015/11/04 11:38:02.108] (INFO) Flushed 68 buffers to disk.
[2015/11/04 11:38:02.108] (INFO) Your mother called. She says you never call her.
[2015/11/04 11:38:02.108] (INFO) Alien monitor (aliend): Detected no space aliens.
[2015/11/04 11:38:02.108] (INFO) Flushed 28 buffers to disk.
[2015/11/04 11:38:02.108] (WARN) Network heartbeat check: 13 server(s) did not respond.
[2015/11/04 11:38:02.108] (INFO) Checked file systems for errors: All filesystems OK.
[2015/11/04 11:38:02.108] (INFO) Checked file systems for errors: All filesystems OK.
[2015/11/04 11:38:02.108] (INFO) Backed up all server logs.
[2015/11/04 11:38:02.108] (INFO) Alien monitor (aliend): Detected no space aliens.
[2015/11/04 11:38:02.108] (WARN) Ignoring SIGTERM. It's not that easy to get rid of me.
[2015/11/04 11:38:02.108] (INFO) Sending SIGTERM to 2 excess workers.
[2015/11/04 11:38:02.108] (INFO) Supervisor has entered RESTARTING state.
[2015/11/04 11:38:02.108] (INFO) User "hxj3066" logged out.
[2015/11/04 11:38:02.108] (ERROR) Detected clock skew! Restarting NTP server.
[2015/11/04 11:38:02.108] (INFO) Device 0x32c6 is online.
[2015/11/04 11:38:02.108] (INFO) Pinging watchdog timer process: Process is alive.
[2015/11/04 11:38:02.108] (INFO) Pinging watchdog timer process: Process is alive.
[2015/11/04 11:38:02.108] (INFO) .evian ylbirret si emehcs otpyrc ym neht ,siht daer nac uoy fI
[2015/11/04 11:38:02.108] (INFO) Checked file systems for errors: All filesystems OK.
[2015/11/04 11:38:02.108] (INFO) Rolling 3 log file(s)...
[2015/11/04 11:38:02.108] (INFO) Rolling 8 log file(s)...
[2015/11/04 11:38:02.108] (INFO) Flushed 42 buffers to disk.
[2015/11/04 11:38:02.108] (INFO) User "dcq2018" logged out.
[2015/11/04 11:38:02.108] (INFO) Sending SIGTERM to 2 excess workers.
[2015/11/04 11:38:02.108] (INFO) Rolling 8 log file(s)...
[2015/11/04 11:38:02.108] (INFO) Pinging watchdog timer process: Process is alive.
[2015/11/04 11:38:02.108] (INFO) Pinging watchdog timer process: Process is alive.
[2015/11/04 11:38:02.108] (INFO) Rolling 7 log file(s)...
[2015/11/04 11:38:02.108] (WARN) Master took 780 ms to respond (threshold=500 ms)
[2015/11/04 11:38:02.108] (INFO) Checkpointing off-heap server memory...
[2015/11/04 11:38:02.108] (INFO) User "wnp2542" logged out.
[2015/11/04 11:38:02.108] (INFO) Device 0xe117 is online.
[2015/11/04 11:38:02.108] (INFO) Checked file systems for errors: All filesystems OK.
[2015/11/04 11:38:02.108] (INFO) Your mother called. She says you never call her.
[2015/11/04 11:38:02.108] (INFO) Network heartbeat check: All OK.
[2015/11/04 11:38:02.108] (INFO) Backed up all server logs.
[2015/11/04 11:38:02.108] (INFO) Rolling 1 log file(s)...
[2015/11/04 11:38:02.108] (INFO) Rolling 3 log file(s)...
[2015/11/04 11:38:02.108] (INFO) User "nma3801" logged out.
[2015/11/04 11:38:02.108] (INFO) Device 0x3201 is online.
[2015/11/04 11:38:02.108] (WARN) Master took 772 ms to respond (threshold=500 ms)
[2015/11/04 11:38:02.108] (INFO) .evian ylbirret si emehcs otpyrc ym neht ,siht daer nac uoy fI
[2015/11/04 11:38:02.108] (INFO) Alien monitor (aliend): Detected no space aliens.
[2015/11/04 11:38:02.108] (INFO) Flushed 85 buffers to disk.
[2015/11/04 11:38:02.108] (WARN) Dropped 4,382 corrupt data packets.
[2015/11/04 11:38:02.108] (INFO) Checkpointing off-heap server memory...
[2015/11/04 11:38:02.108] (INFO) Device 0xd6a3 is online.
[2015/11/04 11:38:02.108] (INFO) Backed up all server logs.
[2015/11/04 11:38:02.108] (WARN) Retrying server log checkpoint.
[2015/11/04 11:38:02.108] (INFO) Device 0x389a is online.
[2015/11/04 11:38:02.108] (INFO) Supervisor has entered SUSPENDED state.
[2015/11/04 11:38:02.108] (WARN) Watchdog timer crashed. Restarting it.
[2015/11/04 11:38:02.108] (INFO) Sending SIGTERM to 4 excess workers.
[2015/11/04 11:38:02.108] (INFO) Rolling 5 log file(s)...
[2015/11/04 11:38:02.108] (INFO) .evian ylbirret si emehcs otpyrc ym neht ,siht daer nac uoy fI
[2015/11/04 11:38:02.108] (INFO) User "wyl1772" logged in from 192.168.65.138.
[2015/11/04 11:38:02.108] (INFO) Checked file systems for errors: All filesystems OK.
[2015/11/04 11:38:02.108] (INFO) User "ygu8693" logged out.
[2015/11/04 11:38:02.108] (WARN) CPU temperature exceeds 40º Celsius.
[2015/11/04 11:38:02.108] (INFO) Checkpointing off-heap server memory...
[2015/11/04 11:38:02.108] (INFO) Waiting for worker process (PID 27206) to die.
[2015/11/04 11:38:02.108] (INFO) User "nuj2768" logged out due to inactivity (timeout=30 minutes).
[2015/11/04 11:38:02.607] (INFO) Supervisor has entered RUNNING state.
[2015/11/04 11:38:02.607] (INFO) Pinging watchdog timer process: Process is alive.
[2015/11/04 11:38:02.607] (INFO) Device 0x4839 is online.
[2015/11/04 11:38:02.607] (INFO) Pinging watchdog timer process: Process is alive.
[2015/11/04 11:38:02.607] (ERROR) Unable to authenticate user "zzf5854": LDAP server isn't responding.
[2015/11/04 11:38:02.607] (INFO) .evian ylbirret si emehcs otpyrc ym neht ,siht daer nac uoy fI
[2015/11/04 11:38:02.607] (INFO) Supervisor has entered SUSPENDED state.
[2015/11/04 11:38:02.607] (INFO) Checkpointing off-heap server memory...
[2015/11/04 11:38:02.607] (INFO) Checked file systems for errors: All filesystems OK.
[2015/11/04 11:38:02.607] (INFO) Supervisor has entered RESTARTING state.
[2015/11/04 11:38:02.607] (WARN) Backup server 192.168.81.223 is offline.
[2015/11/04 11:38:02.607] (WARN) CPU temperature exceeds 40º Celsius.
[2015/11/04 11:38:02.607] (ERROR) Detected incoming DDoS from 172.16.146.51.
[2015/11/04 11:38:02.607] (INFO) Pinging watchdog timer process: Process is alive.
[2015/11/04 11:38:02.607] (INFO) Network heartbeat check: All OK.
[2015/11/04 11:38:02.607] (INFO) Network heartbeat check: All OK.
[2015/11/04 11:38:02.607] (INFO) Network heartbeat check: All OK.
[2015/11/04 11:38:02.607] (INFO) User "kni5117" logged out due to inactivity (timeout=30 minutes).
[2015/11/04 11:38:02.607] (INFO) Checkpointing off-heap server memory...
[2015/11/04 11:38:02.607] (INFO) .evian ylbirret si emehcs otpyrc ym neht ,siht daer nac uoy fI
[2015/11/04 11:38:02.607] (INFO) Checked file systems for errors: All filesystems OK.
[2015/11/04 11:38:02.607] (INFO) Backed up all server logs.
[2015/11/04 11:38:02.607] (INFO) Rolling 1 log file(s)...
[2015/11/04 11:38:02.607] (INFO) Checked file systems for errors: All filesystems OK.
[2015/11/04 11:38:02.607] (ERROR) Failed to open "/mnt/fileserver01/hnlOt56270.csv": NFS timeout.
[2015/11/04 11:38:02.607] (INFO) User "ydm2479" logged out.
[2015/11/04 11:38:02.607] (INFO) Your mother called. She says you never call her.
[2015/11/04 11:38:02.607] (INFO) Checked file systems for errors: All filesystems OK.
[2015/11/04 11:38:02.607] (ERROR) Failed to open "/mnt/fileserver01/rjfbN72057.zip": NFS timeout.
[2015/11/04 11:38:02.607] (INFO) Rolling 6 log file(s)...
[2015/11/04 11:38:02.607] (INFO) User "hdz8955" logged out.
[2015/11/04 11:38:02.607] (INFO) Backed up all server logs.
[2015/11/04 11:38:02.607] (INFO) Supervisor has entered RUNNING state.
[2015/11/04 11:38:02.607] (INFO) Sending SIGTERM to 4 excess workers.
[2015/11/04 11:38:02.607] (INFO) Pinging watchdog timer process: Process is alive.
[2015/11/04 11:38:02.607] (ERROR) Directory index of "/var/data" is forbidden.
[2015/11/04 11:38:02.607] (ERROR) CPU temperature exceeds 50º Celsius. Shutting down.
[2015/11/04 11:38:02.607] (ERROR) CPU temperature exceeds 50º Celsius. Shutting down.
[2015/11/04 11:38:02.607] (ERROR) Alien monitor (aliend): 2 space aliens are fiddling with the hardware!
[2015/11/04 11:38:02.607] (ERROR) Failed to write checkpoint file "/var/checkpoint/PdbRP82226: No space left on device (ENOSPC)
[2015/11/04 11:38:02.607] (ERROR) Device 0xc086 is offline
[2015/11/04 11:38:02.607] (ERROR) Blocked nmap traffic originating from 172.16.9.46.
[2015/11/04 11:38:02.607] (INFO) Alien monitor (aliend): Detected no space aliens.
[2015/11/04 11:38:02.607] (INFO) Checked file systems for errors: All filesystems OK.
[2015/11/04 11:38:02.607] (INFO) Your mother called. She says you never call her.
[2015/11/04 11:38:02.607] (INFO) User "swy5905" logged in from 192.168.14.112.
[2015/11/04 11:38:02.607] (WARN) Possible cyber-attack from Russia.
[2015/11/04 11:38:02.607] (INFO) Rolling 7 log file(s)...
[2015/11/04 11:38:02.607] (INFO) User "kub3541" logged out.
[2015/11/04 11:38:02.607] (INFO) Flushed 70 buffers to disk.
[2015/11/04 11:38:02.607] (INFO) Waiting for supervisor process (PID 49871) to die.
[2015/11/04 11:38:02.607] (INFO) Network heartbeat check: All OK.
[2015/11/04 11:38:02.607] (INFO) Flushed 99 buffers to disk.
[2015/11/04 11:38:02.607] (INFO) .evian ylbirret si emehcs otpyrc ym neht ,siht daer nac uoy fI
[2015/11/04 11:38:02.607] (INFO) Sending SIGTERM to 2 excess workers.
[2015/11/04 11:38:02.607] (INFO) Flushed 62 buffers to disk.
[2015/11/04 11:38:02.607] (INFO) Network heartbeat check: All OK.
[2015/11/04 11:38:02.607] (INFO) Backed up all server logs.
[2015/11/04 11:38:02.607] (INFO) Network heartbeat check: All OK.
[2015/11/04 11:38:02.607] (INFO) Alien monitor (aliend): Detected no space aliens.
[2015/11/04 11:38:02.607] (INFO) Alien monitor (aliend): Detected no space aliens.
[2015/11/04 11:38:02.607] (INFO) Waiting for monitor process (PID 22516) to die.
[2015/11/04 11:38:02.607] (INFO) Network heartbeat check: All OK.
[2015/11/04 11:38:02.607] (ERROR) Network heartbeat check FAILED: Master host down?
[2015/11/04 11:38:02.607] (INFO) Supervisor has entered WAITING state.
[2015/11/04 11:38:02.607] (INFO) User "vus1074" logged out due to inactivity (timeout=30 minutes).
[2015/11/04 11:38:02.607] (INFO) Rolling 5 log file(s)...
[2015/11/04 11:38:02.607] (INFO) Checkpointing off-heap server memory...
[2015/11/04 11:38:02.607] (INFO) Device 0xd5b9 is online.
[2015/11/04 11:38:02.607] (INFO) Pinging watchdog timer process: Process is alive.
[2015/11/04 11:38:02.607] (INFO) Pinging watchdog timer process: Process is alive.
[2015/11/04 11:38:02.607] (WARN) Watchdog timer crashed. Restarting it.
[2015/11/04 11:38:02.607] (ERROR) EFOODFAIL (Waiter, there's a fly in my soup).
[2015/11/04 11:38:02.607] (WARN) Possible cyber-attack from Antarctica.
[2015/11/04 11:38:02.607] (INFO) Checkpointing off-heap server memory...
[2015/11/04 11:38:02.607] (INFO) Flushed 60 buffers to disk.
[2015/11/04 11:38:02.607] (INFO) Waiting for worker process (PID 56468) to die.
[2015/11/04 11:38:02.607] (WARN) Backup server 172.16.13.82 is offline.
[2015/11/04 11:38:02.607] (INFO) Backed up all server logs.
[2015/11/04 11:38:02.607] (WARN) CPU temperature exceeds 40º Celsius.
[2015/11/04 11:38:02.607] (ERROR) Alien monitor (aliend): 3 space aliens are fiddling with the hardware!
[2015/11/04 11:38:02.607] (INFO) Network heartbeat check: All OK.
[2015/11/04 11:38:02.607] (INFO) Checked file systems for errors: All filesystems OK.
[2015/11/04 11:38:02.607] (INFO) Sending SIGTERM to 2 excess workers.
[2015/11/04 11:38:02.607] (WARN) Ignoring SIGTERM. It's not that easy to get rid of me.
[2015/11/04 11:38:02.607] (ERROR) Blocked Little Bobby Tables attack (https://xkcd.com/327/) from 192.168.184.53.
[2015/11/04 11:38:02.607] (INFO) Your mother called. She says you never call her.
[2015/11/04 11:38:02.607] (INFO) Alien monitor (aliend): Detected no space aliens.
[2015/11/04 11:38:02.607] (ERROR) Server log backup FAILED. See backup logs.
[2015/11/04 11:38:02.607] (INFO) Rolling 3 log file(s)...
[2015/11/04 11:38:02.607] (ERROR) Directory index of "/var/data" is forbidden.
[2015/11/04 11:38:02.607] (INFO) .evian ylbirret si emehcs otpyrc ym neht ,siht daer nac uoy fI
[2015/11/04 11:38:02.607] (INFO) Waiting for monitor process (PID 43639) to die.
[2015/11/04 11:38:02.607] (INFO) Waiting for supervisor process (PID 51155) to die.
[2015/11/04 11:38:02.607] (WARN) Watchdog timer crashed. Restarting it.
[2015/11/04 11:38:02.607] (INFO) Flushed 49 buffers to disk.
[2015/11/04 11:38:02.607] (WARN) Dropped 10,110 corrupt data packets.
[2015/11/04 11:38:02.607] (INFO) Alien monitor (aliend): Detected no space aliens.
[2015/11/04 11:38:02.607] (INFO) Pinging watchdog timer process: Process is alive.
[2015/11/04 11:38:02.607] (INFO) User "iwk8807" logged in from 10.89.183.121.
[2015/11/04 11:38:03.108] (INFO) User "rtj2187" logged out due to inactivity (timeout=30 minutes).
[2015/11/04 11:38:03.108] (INFO) Waiting for supervisor process (PID 56710) to die.
[2015/11/04 11:38:03.108] (INFO) Backed up all server logs.
[2015/11/04 11:38:03.108] (ERROR) Connection to 192.168.116.138 terminated unexpectedly. Reconnecting.
[2015/11/04 11:38:03.108] (INFO) User "hjv3114" logged out due to inactivity (timeout=30 minutes).
[2015/11/04 11:38:03.108] (INFO) Backed up all server logs.
[2015/11/04 11:38:03.108] (INFO) Device 0x8129 is online.
[2015/11/04 11:38:03.108] (INFO) User "fvc2000" logged in from 172.16.51.73.
[2015/11/04 11:38:03.108] (INFO) Flushed 98 buffers to disk.
[2015/11/04 11:38:03.108] (INFO) Alien monitor (aliend): Detected no space aliens.
[2015/11/04 11:38:03.108] (WARN) CPU temperature exceeds 40º Celsius.
[2015/11/04 11:38:03.108] (ERROR) "/var/data/kjlqn82034.xslx": No such file or directory (ENOENT)
[2015/11/04 11:38:03.108] (WARN) Possible cyber-attack from Mars.
[2015/11/04 11:38:03.108] (INFO) Alien monitor (aliend): Detected no space aliens.
[2015/11/04 11:38:03.108] (INFO) Waiting for monitor process (PID 15874) to die.
[2015/11/04 11:38:03.108] (INFO) Waiting for master process (PID 47769) to die.
[2015/11/04 11:38:03.108] (INFO) Waiting for monitor process (PID 9403) to die.
[2015/11/04 11:38:03.108] (INFO) User "lxz7050" logged in from 172.16.179.80.
[2015/11/04 11:38:03.108] (INFO) Alien monitor (aliend): Detected no space aliens.
[2015/11/04 11:38:03.108] (ERROR) Connection to 10.140.16.246 terminated unexpectedly. Reconnecting.
[2015/11/04 11:38:03.108] (INFO) Alien monitor (aliend): Detected no space aliens.
[2015/11/04 11:38:03.108] (INFO) Supervisor has entered WAITING state.
[2015/11/04 11:38:03.108] (INFO) Device 0xc507 is online.
[2015/11/04 11:38:03.108] (INFO) Your mother called. She says you never call her.
[2015/11/04 11:38:03.108] (WARN) Network heartbeat check: 19 server(s) did not respond.
[2015/11/04 11:38:03.108] (INFO) Flushed 86 buffers to disk.
[2015/11/04 11:38:03.108] (INFO) Network heartbeat check: All OK.
[2015/11/04 11:38:03.108] (INFO) .evian ylbirret si emehcs otpyrc ym neht ,siht daer nac uoy fI
[2015/11/04 11:38:03.108] (INFO) .evian ylbirret si emehcs otpyrc ym neht ,siht daer nac uoy fI
[2015/11/04 11:38:03.108] (WARN) Possible cyber-attack from Russia.
[2015/11/04 11:38:03.108] (INFO) Waiting for worker process (PID 60556) to die.
[2015/11/04 11:38:03.108] (INFO) Pinging watchdog timer process: Process is alive.
[2015/11/04 11:38:03.108] (INFO) Checked file systems for errors: All filesystems OK.
[2015/11/04 11:38:03.108] (INFO) Rolling 9 log file(s)...
[2015/11/04 11:38:03.108] (INFO) Flushed 94 buffers to disk.
[2015/11/04 11:38:03.108] (ERROR) Server log backup FAILED. See backup logs.
[2015/11/04 11:38:03.108] (INFO) .evian ylbirret si emehcs otpyrc ym neht ,siht daer nac uoy fI
[2015/11/04 11:38:03.108] (INFO) Your mother called. She says you never call her.
[2015/11/04 11:38:03.108] (INFO) Checkpointing off-heap server memory...
[2015/11/04 11:38:03.108] (INFO) User "bid7121" logged in from 192.168.147.61.
[2015/11/04 11:38:03.108] (WARN) Ignoring SIGTERM. It's not that easy to get rid of me.
[2015/11/04 11:38:03.108] (INFO) Your mother called. She says you never call her.
[2015/11/04 11:38:03.108] (INFO) Your mother called. She says you never call her.
[2015/11/04 11:38:03.108] (ERROR) Network heartbeat check FAILED: Master host down?
[2015/11/04 11:38:03.108] (INFO) Sending SIGTERM to 3 excess workers.
[2015/11/04 11:38:03.108] (INFO) Waiting for master process (PID 25810) to die.
[2015/11/04 11:38:03.108] (ERROR) Detected incoming DDoS from 172.16.88.169.
[2015/11/04 11:38:03.108] (INFO) Backed up all server logs.
[2015/11/04 11:38:03.108] (WARN) There is no such thing as a free lunch.
[2015/11/04 11:38:03.108] (ERROR) Alien monitor (aliend): 4 space aliens are fiddling with the hardware!
[2015/11/04 11:38:03.108] (INFO) Waiting for supervisor process (PID 25670) to die.
[2015/11/04 11:38:03.108] (INFO) Your mother called. She says you never call her.
[2015/11/04 11:38:03.108] (WARN) CPU temperature exceeds 40º Celsius.
[2015/11/04 11:38:03.108] (INFO) Flushed 41 buffers to disk.
[2015/11/04 11:38:03.108] (INFO) Supervisor has entered RUNNING state.
[2015/11/04 11:38:03.108] (INFO) Waiting for supervisor process (PID 37890) to die.
[2015/11/04 11:38:03.108] (INFO) Flushed 50 buffers to disk.
[2015/11/04 11:38:03.108] (INFO) User "cat1351" logged out.
[2015/11/04 11:38:03.108] (ERROR) Server log backup FAILED. See backup logs.
[2015/11/04 11:38:03.108] (ERROR) Connection to 192.168.95.181 terminated unexpectedly. Reconnecting.
[2015/11/04 11:38:03.108] (INFO) Waiting for supervisor process (PID 16111) to die.
[2015/11/04 11:38:03.108] (INFO) Checkpointing off-heap server memory...
[2015/11/04 11:38:03.108] (INFO) User "swz8952" logged out due to inactivity (timeout=30 minutes).
[2015/11/04 11:38:03.108] (INFO) Rolling 1 log file(s)...
[2015/11/04 11:38:03.108] (INFO) .evian ylbirret si emehcs otpyrc ym neht ,siht daer nac uoy fI
[2015/11/04 11:38:03.108] (INFO) Pinging watchdog timer process: Process is alive.
[2015/11/04 11:38:03.108] (INFO) Pinging watchdog timer process: Process is alive.
[2015/11/04 11:38:03.108] (ERROR) Unable to authenticate user "frx3903": LDAP server isn't responding.
[2015/11/04 11:38:03.108] (INFO) Network heartbeat check: All OK.
[2015/11/04 11:38:03.108] (WARN) Possible cyber-attack from Canada.
[2015/11/04 11:38:03.108] (INFO) Rolling 9 log file(s)...
[2015/11/04 11:38:03.108] (INFO) Rolling 3 log file(s)...
[2015/11/04 11:38:03.108] (INFO) Alien monitor (aliend): Detected no space aliens.
[2015/11/04 11:38:03.108] (INFO) Alien monitor (aliend): Detected no space aliens.
[2015/11/04 11:38:03.108] (INFO) User "gro3209" logged out.
[2015/11/04 11:38:03.108] (INFO) Alien monitor (aliend): Detected no space aliens.
[2015/11/04 11:38:03.108] (INFO) Waiting for master process (PID 4062) to die.
[2015/11/04 11:38:03.108] (INFO) Supervisor has entered RUNNING state.
[2015/11/04 11:38:03.108] (INFO) Checked file systems for errors: All filesystems OK.
[2015/11/04 11:38:03.108] (INFO) Flushed 27 buffers to disk.
[2015/11/04 11:38:03.108] (INFO) Sending SIGTERM to 4 excess workers.
[2015/11/04 11:38:03.108] (INFO) Your mother called. She says you never call her.
[2015/11/04 11:38:03.108] (INFO) .evian ylbirret si emehcs otpyrc ym neht ,siht daer nac uoy fI
[2015/11/04 11:38:03.108] (ERROR) Unable to authenticate user "mqd8522": LDAP server isn't responding.
[2015/11/04 11:38:03.108] (INFO) Supervisor has entered RESTARTING state.
[2015/11/04 11:38:03.108] (INFO) Checked file systems for errors: All filesystems OK.
[2015/11/04 11:38:03.108] (INFO) User "ksl1427" logged out.
[2015/11/04 11:38:03.108] (INFO) Network heartbeat check: All OK.
[2015/11/04 11:38:03.108] (INFO) Checkpointing off-heap server memory...
[2015/11/04 11:38:03.108] (INFO) User "rvv2088" logged out.
[2015/11/04 11:38:03.108] (INFO) Your mother called. She says you never call her.
[2015/11/04 11:38:03.108] (INFO) Rolling 2 log file(s)...
[2015/11/04 11:38:03.108] (INFO) Pinging watchdog timer process: Process is alive.
[2015/11/04 11:38:03.108] (INFO) Supervisor has entered SUSPENDED state.
[2015/11/04 11:38:03.108] (INFO) Checked file systems for errors: All filesystems OK.
[2015/11/04 11:38:03.108] (INFO) Pinging watchdog timer process: Process is alive.
[2015/11/04 11:38:03.108] (INFO) Sending SIGTERM to 3 excess workers.
[2015/11/04 11:38:03.108] (INFO) Backed up all server logs.
[2015/11/04 11:38:03.108] (INFO) .evian ylbirret si emehcs otpyrc ym neht ,siht daer nac uoy fI
[2015/11/04 11:38:03.108] (INFO) Your mother called. She says you never call her.
[2015/11/04 11:38:03.607] (INFO) Pinging watchdog timer process: Process is alive.
[2015/11/04 11:38:03.607] (INFO) Waiting for worker process (PID 33132) to die.
[2015/11/04 11:38:03.607] (INFO) Alien monitor (aliend): Detected no space aliens.
[2015/11/04 11:38:03.607] (INFO) Alien monitor (aliend): Detected no space aliens.
[2015/11/04 11:38:03.607] (INFO) Network heartbeat check: All OK.
[2015/11/04 11:38:03.607] (INFO) Rolling 6 log file(s)...
[2015/11/04 11:38:03.607] (WARN) CPU temperature exceeds 40º Celsius.
[2015/11/04 11:38:03.607] (INFO) Flushed 98 buffers to disk.
[2015/11/04 11:38:03.607] (INFO) .evian ylbirret si emehcs otpyrc ym neht ,siht daer nac uoy fI
[2015/11/04 11:38:03.607] (INFO) .evian ylbirret si emehcs otpyrc ym neht ,siht daer nac uoy fI
[2015/11/04 11:38:03.607] (INFO) Flushed 54 buffers to disk.
[2015/11/04 11:38:03.607] (INFO) Checked file systems for errors: All filesystems OK.
[2015/11/04 11:38:03.607] (INFO) Device 0x4471 is online.
[2015/11/04 11:38:03.607] (INFO) Waiting for supervisor process (PID 31592) to die.
[2015/11/04 11:38:03.607] (INFO) Flushed 25 buffers to disk.
[2015/11/04 11:38:03.607] (INFO) Alien monitor (aliend): Detected no space aliens.
[2015/11/04 11:38:03.607] (INFO) User "vau4644" logged out due to inactivity (timeout=30 minutes).
[2015/11/04 11:38:03.607] (INFO) Sending SIGTERM to 4 excess workers.
[2015/11/04 11:38:03.607] (INFO) Checked file systems for errors: All filesystems OK.
[2015/11/04 11:38:03.607] (INFO) User "dgf9600" logged out due to inactivity (timeout=30 minutes).
[2015/11/04 11:38:03.607] (INFO) .evian ylbirret si emehcs otpyrc ym neht ,siht daer nac uoy fI
[2015/11/04 11:38:03.607] (WARN) Possible cyber-attack from Alpha Centauri.
[2015/11/04 11:38:03.607] (INFO) Alien monitor (aliend): Detected no space aliens.
[2015/11/04 11:38:03.607] (INFO) Backed up all server logs.
[2015/11/04 11:38:03.607] (INFO) Network heartbeat check: All OK.
[2015/11/04 11:38:03.607] (INFO) Alien monitor (aliend): Detected no space aliens.
[2015/11/04 11:38:03.607] (INFO) Supervisor has entered SUSPENDED state.
[2015/11/04 11:38:03.607] (INFO) Device 0x1ea7 is online.
[2015/11/04 11:38:03.607] (INFO) User "lzz6718" logged out due to inactivity (timeout=30 minutes).
[2015/11/04 11:38:03.607] (INFO) User "wdr7716" logged out due to inactivity (timeout=30 minutes).
[2015/11/04 11:38:03.607] (INFO) User "dyc6794" logged in from 10.161.221.188.
[2015/11/04 11:38:03.607] (INFO) Backed up all server logs.
[2015/11/04 11:38:03.607] (INFO) .evian ylbirret si emehcs otpyrc ym neht ,siht daer nac uoy fI
[2015/11/04 11:38:03.607] (INFO) .evian ylbirret si emehcs otpyrc ym neht ,siht daer nac uoy fI
[2015/11/04 11:38:03.607] (INFO) Checked file systems for errors: All filesystems OK.
[2015/11/04 11:38:03.607] (INFO) User "jyk2525" logged out due to inactivity (timeout=30 minutes).
[2015/11/04 11:38:03.607] (INFO) User "lkz4243" logged out due to inactivity (timeout=30 minutes).
[2015/11/04 11:38:03.607] (INFO) Network heartbeat check: All OK.
[2015/11/04 11:38:03.607] (WARN) Watchdog timer crashed. Restarting it.
[2015/11/04 11:38:03.607] (INFO) Checked file systems for errors: All filesystems OK.
[2015/11/04 11:38:03.607] (INFO) Pinging watchdog timer process: Process is alive.
[2015/11/04 11:38:03.607] (INFO) Your mother called. She says you never call her.
[2015/11/04 11:38:03.607] (INFO) Your mother called. She says you never call her.
[2015/11/04 11:38:03.607] (ERROR) Detected incoming DDoS from 192.168.66.91.
[2015/11/04 11:38:03.607] (INFO) Pinging watchdog timer process: Process is alive.
[2015/11/04 11:38:03.607] (INFO) Supervisor has entered SUSPENDED state.
[2015/11/04 11:38:03.607] (INFO) Network heartbeat check: All OK.
[2015/11/04 11:38:03.607] (INFO) Flushed 96 buffers to disk.
[2015/11/04 11:38:03.607] (ERROR) Unable to write to "/var/data/YnUep88645.csv": Permission denied (EACCES)
[2015/11/04 11:38:03.607] (INFO) User "xiy6067" logged out due to inactivity (timeout=30 minutes).
[2015/11/04 11:38:03.607] (INFO) Pinging watchdog timer process: Process is alive.
[2015/11/04 11:38:03.607] (WARN) Watchdog timer crashed. Restarting it.
[2015/11/04 11:38:03.607] (INFO) Waiting for supervisor process (PID 10260) to die.
[2015/11/04 11:38:03.607] (INFO) User "ufr3864" logged out.
[2015/11/04 11:38:03.607] (INFO) User "ete6110" logged out due to inactivity (timeout=30 minutes).
[2015/11/04 11:38:03.607] (INFO) Flushed 73 buffers to disk.
[2015/11/04 11:38:03.607] (INFO) Flushed 71 buffers to disk.
[2015/11/04 11:38:03.607] (INFO) Your mother called. She says you never call her.
[2015/11/04 11:38:03.607] (ERROR) Blocked Little Bobby Tables attack (https://xkcd.com/327/) from 192.168.242.167.
[2015/11/04 11:38:03.607] (INFO) User "qki1853" logged out.
[2015/11/04 11:38:03.607] (INFO) Your mother called. She says you never call her.
[2015/11/04 11:38:03.607] (ERROR) Alien monitor (aliend): 4 space aliens are fiddling with the hardware!
[2015/11/04 11:38:03.607] (INFO) Sending SIGTERM to 3 excess workers.
[2015/11/04 11:38:03.607] (INFO) .evian ylbirret si emehcs otpyrc ym neht ,siht daer nac uoy fI
[2015/11/04 11:38:03.607] (WARN) Unable to ping supervisor at 172.16.229.4. Retrying.
[2015/11/04 11:38:03.607] (INFO) Checkpointing off-heap server memory...
[2015/11/04 11:38:03.607] (INFO) Device 0x574e is online.
[2015/11/04 11:38:03.607] (INFO) Flushed 79 buffers to disk.
[2015/11/04 11:38:03.607] (INFO) Rolling 2 log file(s)...
[2015/11/04 11:38:03.607] (WARN) Backup server 192.168.109.132 is offline.
[2015/11/04 11:38:03.607] (INFO) User "hgx6682" logged in from 192.168.101.65.
[2015/11/04 11:38:03.607] (INFO) User "qhz5797" logged out due to inactivity (timeout=30 minutes).
[2015/11/04 11:38:03.607] (ERROR) "/var/data/RPlJp81396.xml": Permission denied (EACCES)
[2015/11/04 11:38:03.607] (INFO) Your mother called. She says you never call her.
[2015/11/04 11:38:03.607] (INFO) Alien monitor (aliend): Detected no space aliens.
[2015/11/04 11:38:03.607] (INFO) Flushed 69 buffers to disk.
[2015/11/04 11:38:03.607] (INFO) Waiting for monitor process (PID 60593) to die.
[2015/11/04 11:38:03.607] (INFO) Sending SIGTERM to 4 excess workers.
[2015/11/04 11:38:03.607] (INFO) User "xlp1113" logged out.
[2015/11/04 11:38:03.608] (ERROR) Directory index of "/var/data" is forbidden.
[2015/11/04 11:38:03.608] (ERROR) Directory index of "/var/data" is forbidden.
[2015/11/04 11:38:03.608] (INFO) Pinging watchdog timer process: Process is alive.
[2015/11/04 11:38:03.608] (INFO) Flushed 35 buffers to disk.
[2015/11/04 11:38:03.608] (INFO) Supervisor has entered WAITING state.
[2015/11/04 11:38:03.608] (INFO) Pinging watchdog timer process: Process is alive.
[2015/11/04 11:38:03.608] (INFO) Backed up all server logs.
[2015/11/04 11:38:03.608] (INFO) Flushed 53 buffers to disk.
[2015/11/04 11:38:03.608] (INFO) Network heartbeat check: All OK.
[2015/11/04 11:38:03.608] (INFO) Alien monitor (aliend): Detected no space aliens.
[2015/11/04 11:38:03.608] (INFO) Alien monitor (aliend): Detected no space aliens.
[2015/11/04 11:38:03.608] (INFO) Network heartbeat check: All OK.
[2015/11/04 11:38:03.608] (INFO) Checked file systems for errors: All filesystems OK.
[2015/11/04 11:38:03.608] (INFO) Alien monitor (aliend): Detected no space aliens.
[2015/11/04 11:38:03.608] (WARN) Network heartbeat check: 5 server(s) did not respond.
[2015/11/04 11:38:03.608] (INFO) Waiting for supervisor process (PID 24111) to die.
[2015/11/04 11:38:03.608] (INFO) Device 0xf2e1 is online.
[2015/11/04 11:38:03.608] (ERROR) Extra characters at end of line.
[2015/11/04 11:38:03.608] (INFO) Flushed 25 buffers to disk.
[2015/11/04 11:38:03.608] (INFO) Sending SIGTERM to 4 excess workers.
[2015/11/04 11:38:03.608] (WARN) Backup server 192.168.63.13 is offline.
[2015/11/04 11:38:04.108] (INFO) User "atw2318" logged in from 172.16.200.219.
[2015/11/04 11:38:04.108] (INFO) Rolling 4 log file(s)...
[2015/11/04 11:38:04.108] (INFO) Backed up all server logs.
[2015/11/04 11:38:04.108] (INFO) .evian ylbirret si emehcs otpyrc ym neht ,siht daer nac uoy fI
[2015/11/04 11:38:04.108] (INFO) Checkpointing off-heap server memory...
[2015/11/04 11:38:04.108] (INFO) User "bgt1564" logged out due to inactivity (timeout=30 minutes).
[2015/11/04 11:38:04.108] (INFO) Rolling 4 log file(s)...
[2015/11/04 11:38:04.108] (INFO) Your mother called. She says you never call her.
[2015/11/04 11:38:04.108] (INFO) Checkpointing off-heap server memory...
[2015/11/04 11:38:04.108] (INFO) Waiting for supervisor process (PID 38270) to die.
[2015/11/04 11:38:04.108] (INFO) Device 0x16ed is online.
[2015/11/04 11:38:04.108] (INFO) Network heartbeat check: All OK.
[2015/11/04 11:38:04.108] (INFO) Checked file systems for errors: All filesystems OK.
[2015/11/04 11:38:04.108] (INFO) Alien monitor (aliend): Detected no space aliens.
[2015/11/04 11:38:04.108] (INFO) Waiting for master process (PID 64160) to die.
[2015/11/04 11:38:04.108] (INFO) Checked file systems for errors: All filesystems OK.
[2015/11/04 11:38:04.108] (INFO) User "wid6936" logged out.
[2015/11/04 11:38:04.108] (ERROR) Blocked Little Bobby Tables attack (https://xkcd.com/327/) from 172.16.231.248.
[2015/11/04 11:38:04.108] (INFO) Waiting for supervisor process (PID 8008) to die.
[2015/11/04 11:38:04.108] (INFO) Your mother called. She says you never call her.
[2015/11/04 11:38:04.108] (INFO) Checked file systems for errors: All filesystems OK.
[2015/11/04 11:38:04.108] (INFO) Sending SIGTERM to 3 excess workers.
[2015/11/04 11:38:04.108] (INFO) Pinging watchdog timer process: Process is alive.
[2015/11/04 11:38:04.108] (INFO) Flushed 59 buffers to disk.
[2015/11/04 11:38:04.108] (INFO) Supervisor has entered RESTARTING state.
[2015/11/04 11:38:04.108] (INFO) Your mother called. She says you never call her.
[2015/11/04 11:38:04.108] (ERROR) Unable to write to "/var/data/dbYyP73896.txt": Permission denied (EACCES)
[2015/11/04 11:38:04.108] (INFO) Checked file systems for errors: All filesystems OK.
[2015/11/04 11:38:04.108] (WARN) Retrying server log checkpoint.
[2015/11/04 11:38:04.108] (INFO) Device 0x2fb8 is online.
[2015/11/04 11:38:04.108] (INFO) User "rjz8225" logged out due to inactivity (timeout=30 minutes).
[2015/11/04 11:38:04.108] (WARN) CPU temperature exceeds 40º Celsius.
[2015/11/04 11:38:04.108] (INFO) Pinging watchdog timer process: Process is alive.
[2015/11/04 11:38:04.108] (INFO) User "qhl8524" logged out due to inactivity (timeout=30 minutes).
[2015/11/04 11:38:04.108] (INFO) Supervisor has entered RESTARTING state.
[2015/11/04 11:38:04.108] (WARN) Possible cyber-attack from The Cayman Islands.
[2015/11/04 11:38:04.108] (INFO) Alien monitor (aliend): Detected no space aliens.
[2015/11/04 11:38:04.108] (ERROR) CPU temperature exceeds 50º Celsius. Shutting down.
[2015/11/04 11:38:04.108] (INFO) Network heartbeat check: All OK.
[2015/11/04 11:38:04.108] (INFO) User "xin1860" logged out.
[2015/11/04 11:38:04.108] (INFO) Pinging watchdog timer process: Process is alive.
[2015/11/04 11:38:04.108] (INFO) Waiting for monitor process (PID 26172) to die.
[2015/11/04 11:38:04.108] (ERROR) Server log backup FAILED. See backup logs.
[2015/11/04 11:38:04.108] (WARN) Network heartbeat check: 13 server(s) did not respond.
[2015/11/04 11:38:04.108] (ERROR) Failed to open "/mnt/fileserver02/Mzppy56417.tsv": NFS timeout.
[2015/11/04 11:38:04.108] (WARN) Space on disk /dev/sdc1 is low: Only 184 MB available.
[2015/11/04 11:38:04.108] (INFO) Flushed 86 buffers to disk.
[2015/11/04 11:38:04.108] (INFO) User "lgj8971" logged out.
[2015/11/04 11:38:04.108] (ERROR) Server log backup FAILED. See backup logs.
[2015/11/04 11:38:04.108] (INFO) Pinging watchdog timer process: Process is alive.
[2015/11/04 11:38:04.108] (INFO) User "sgu2547" logged in from 10.235.181.237.
[2015/11/04 11:38:04.108] (INFO) Waiting for worker process (PID 24279) to die.
[2015/11/04 11:38:04.108] (INFO) User "jpy7128" logged in from 172.16.146.95.
[2015/11/04 11:38:04.108] (INFO) .evian ylbirret si emehcs otpyrc ym neht ,siht daer nac uoy fI
[2015/11/04 11:38:04.108] (INFO) Alien monitor (aliend): Detected no space aliens.
[2015/11/04 11:38:04.108] (INFO) .evian ylbirret si emehcs otpyrc ym neht ,siht daer nac uoy fI
[2015/11/04 11:38:04.108] (ERROR) Worker 3 died with SIGSTOP. Restarting it.
[2015/11/04 11:38:04.108] (INFO) Pinging watchdog timer process: Process is alive.
[2015/11/04 11:38:04.108] (INFO) Device 0x34d3 is online.
[2015/11/04 11:38:04.108] (INFO) Waiting for worker process (PID 28015) to die.
[2015/11/04 11:38:04.108] (INFO) Pinging watchdog timer process: Process is alive.
[2015/11/04 11:38:04.108] (INFO) User "mqf1591" logged out.
[2015/11/04 11:38:04.108] (INFO) User "cbn5182" logged out.
[2015/11/04 11:38:04.108] (WARN) Network heartbeat check: 7 server(s) did not respond.
[2015/11/04 11:38:04.108] (INFO) Your mother called. She says you never call her.
[2015/11/04 11:38:04.108] (INFO) Waiting for worker process (PID 61434) to die.
[2015/11/04 11:38:04.108] (ERROR) Unable to write to "/var/data/YBUjV74465.csv": Permission denied (EACCES)
[2015/11/04 11:38:04.108] (INFO) Rolling 6 log file(s)...
[2015/11/04 11:38:04.108] (INFO) Supervisor has entered RUNNING state.
[2015/11/04 11:38:04.108] (INFO) Rolling 2 log file(s)...
[2015/11/04 11:38:04.108] (INFO) Checked file systems for errors: All filesystems OK.
[2015/11/04 11:38:04.108] (INFO) Flushed 42 buffers to disk.
[2015/11/04 11:38:04.108] (INFO) Pinging watchdog timer process: Process is alive.
[2015/11/04 11:38:04.108] (INFO) User "eyr5246" logged out.
[2015/11/04 11:38:04.108] (ERROR) Extra characters at end of line.
[2015/11/04 11:38:04.108] (WARN) Unable to ping supervisor at 10.122.98.235. Retrying.
[2015/11/04 11:38:04.108] (INFO) User "rrx1862" logged in from 192.168.234.109.
[2015/11/04 11:38:04.108] (INFO) Alien monitor (aliend): Detected no space aliens.
[2015/11/04 11:38:04.108] (INFO) Backed up all server logs.
[2015/11/04 11:38:04.108] (INFO) User "smq1694" logged in from 192.168.134.3.
[2015/11/04 11:38:04.108] (INFO) Checked file systems for errors: All filesystems OK.
[2015/11/04 11:38:04.108] (INFO) .evian ylbirret si emehcs otpyrc ym neht ,siht daer nac uoy fI
[2015/11/04 11:38:04.108] (INFO) Sending SIGTERM to 2 excess workers.
[2015/11/04 11:38:04.108] (INFO) Backed up all server logs.
[2015/11/04 11:38:04.108] (INFO) User "cuh8428" logged in from 10.43.212.120.
[2015/11/04 11:38:04.108] (INFO) Pinging watchdog timer process: Process is alive.
[2015/11/04 11:38:04.108] (INFO) Checkpointing off-heap server memory...
[2015/11/04 11:38:04.108] (INFO) User "ojn4479" logged out due to inactivity (timeout=30 minutes).
[2015/11/04 11:38:04.108] (ERROR) Unable to write to "/var/data/hPkfa82001.xml": Permission denied (EACCES)
[2015/11/04 11:38:04.108] (INFO) Checkpointing off-heap server memory...
[2015/11/04 11:38:04.108] (INFO) Backed up all server logs.
[2015/11/04 11:38:04.108] (INFO) Alien monitor (aliend): Detected no space aliens.
[2015/11/04 11:38:04.108] (INFO) Alien monitor (aliend): Detected no space aliens.
[2015/11/04 11:38:04.108] (INFO) Sending SIGTERM to 2 excess workers.
[2015/11/04 11:38:04.108] (INFO) Rolling 9 log file(s)...
[2015/11/04 11:38:04.108] (WARN) Network heartbeat check: 18 server(s) did not respond.
[2015/11/04 11:38:04.108] (INFO) Pinging watchdog timer process: Process is alive.
[2015/11/04 11:38:04.108] (INFO) User "zra7986" logged out.
[2015/11/04 11:38:04.108] (INFO) Alien monitor (aliend): Detected no space aliens.
[2015/11/04 11:38:04.108] (INFO) User "mrt9013" logged out.
[2015/11/04 11:38:04.608] (WARN) Retrying server log checkpoint.
[2015/11/04 11:38:04.608] (INFO) Checkpointing off-heap server memory...
[2015/11/04 11:38:04.608] (INFO) Checked file systems for errors: All filesystems OK.
[2015/11/04 11:38:04.608] (INFO) Backed up all server logs.
[2015/11/04 11:38:04.608] (INFO) Backed up all server logs.
[2015/11/04 11:38:04.608] (INFO) User "xxg5071" logged out due to inactivity (timeout=30 minutes).
[2015/11/04 11:38:04.608] (INFO) Waiting for worker process (PID 13333) to die.
[2015/11/04 11:38:04.608] (WARN) Ignoring SIGTERM. It's not that easy to get rid of me.
[2015/11/04 11:38:04.608] (INFO) Flushed 51 buffers to disk.
[2015/11/04 11:38:04.608] (INFO) Waiting for monitor process (PID 45859) to die.
[2015/11/04 11:38:04.608] (INFO) User "dnv5034" logged in from 192.168.13.25.
[2015/11/04 11:38:04.608] (INFO) Rolling 2 log file(s)...
[2015/11/04 11:38:04.608] (INFO) Sending SIGTERM to 3 excess workers.
[2015/11/04 11:38:04.608] (INFO) Supervisor has entered WAITING state.
[2015/11/04 11:38:04.608] (INFO) Checkpointing off-heap server memory...
[2015/11/04 11:38:04.608] (INFO) .evian ylbirret si emehcs otpyrc ym neht ,siht daer nac uoy fI
[2015/11/04 11:38:04.608] (ERROR) Blocked SSH traffic originating from 10.17.209.219.
[2015/11/04 11:38:04.608] (ERROR) Blocked Little Bobby Tables attack (https://xkcd.com/327/) from 192.168.69.58.
[2015/11/04 11:38:04.608] (INFO) Pinging watchdog timer process: Process is alive.
[2015/11/04 11:38:04.608] (INFO) Alien monitor (aliend): Detected no space aliens.
[2015/11/04 11:38:04.608] (ERROR) "/var/data/nZMnK57328.zip": Permission denied (EACCES)
[2015/11/04 11:38:04.608] (INFO) Sending SIGTERM to 2 excess workers.
[2015/11/04 11:38:04.608] (INFO) User "vya3349" logged out.
[2015/11/04 11:38:04.608] (INFO) Backed up all server logs.
[2015/11/04 11:38:04.608] (INFO) User "upl8499" logged out.
[2015/11/04 11:38:04.608] (INFO) .evian ylbirret si emehcs otpyrc ym neht ,siht daer nac uoy fI
[2015/11/04 11:38:04.608] (INFO) .evian ylbirret si emehcs otpyrc ym neht ,siht daer nac uoy fI
[2015/11/04 11:38:04.608] (INFO) Network heartbeat check: All OK.
[2015/11/04 11:38:04.608] (INFO) User "xxw1029" logged out due to inactivity (timeout=30 minutes).
[2015/11/04 11:38:04.608] (INFO) User "yxt7662" logged out.
[2015/11/04 11:38:04.608] (ERROR) "/var/data/opYSr57101.zip": Permission denied (EACCES)
[2015/11/04 11:38:04.608] (ERROR) /dev/lp error: "PC LOAD LETTER"
[2015/11/04 11:38:04.608] (INFO) Checked file systems for errors: All filesystems OK.
[2015/11/04 11:38:04.608] (INFO) Waiting for worker process (PID 42322) to die.
[2015/11/04 11:38:04.608] (INFO) Pinging watchdog timer process: Process is alive.
[2015/11/04 11:38:04.608] (INFO) User "dgk2634" logged in from 192.168.150.80.
[2015/11/04 11:38:04.608] (INFO) Network heartbeat check: All OK.
[2015/11/04 11:38:04.608] (INFO) Checked file systems for errors: All filesystems OK.
[2015/11/04 11:38:04.608] (INFO) Sending SIGTERM to 2 excess workers.
[2015/11/04 11:38:04.608] (INFO) Rolling 1 log file(s)...
[2015/11/04 11:38:04.608] (INFO) Your mother called. She says you never call her.
[2015/11/04 11:38:04.608] (INFO) User "uhl1701" logged in from 192.168.73.6.
[2015/11/04 11:38:04.608] (INFO) Rolling 2 log file(s)...
[2015/11/04 11:38:04.608] (WARN) Retrying server log checkpoint.
[2015/11/04 11:38:04.608] (INFO) Network heartbeat check: All OK.
[2015/11/04 11:38:04.608] (INFO) Checkpointing off-heap server memory...
[2015/11/04 11:38:04.608] (INFO) User "dfq6444" logged out.
[2015/11/04 11:38:04.608] (INFO) Alien monitor (aliend): Detected no space aliens.
[2015/11/04 11:38:04.608] (ERROR) CPU temperature exceeds 50º Celsius. Shutting down.
[2015/11/04 11:38:04.608] (INFO) Pinging watchdog timer process: Process is alive.
[2015/11/04 11:38:04.608] (INFO) Your mother called. She says you never call her.
[2015/11/04 11:38:04.608] (INFO) Backed up all server logs.
[2015/11/04 11:38:04.608] (INFO) User "men9600" logged out.
[2015/11/04 11:38:04.608] (INFO) Waiting for supervisor process (PID 4820) to die.
[2015/11/04 11:38:04.608] (ERROR) Unable to mount /dev/sdd2. (Time to run fsck?)
[2015/11/04 11:38:04.608] (ERROR) Failed to open "/mnt/fileserver01/nvJAD87384.csv": NFS timeout.
[2015/11/04 11:38:04.608] (INFO) Checkpointing off-heap server memory...
[2015/11/04 11:38:04.608] (INFO) Supervisor has entered SUSPENDED state.
[2015/11/04 11:38:04.608] (ERROR) Extra characters at end of line.
[2015/11/04 11:38:04.608] (INFO) User "qah5515" logged out due to inactivity (timeout=30 minutes).
[2015/11/04 11:38:04.608] (INFO) Rolling 4 log file(s)...
[2015/11/04 11:38:04.608] (INFO) Your mother called. She says you never call her.
[2015/11/04 11:38:04.608] (INFO) User "mfh3639" logged out.
[2015/11/04 11:38:04.608] (INFO) User "xxq3755" logged out due to inactivity (timeout=30 minutes).
[2015/11/04 11:38:04.608] (INFO) Flushed 38 buffers to disk.
[2015/11/04 11:38:04.608] (INFO) Backed up all server logs.
[2015/11/04 11:38:04.608] (INFO) User "hup7002" logged in from 172.16.108.231.
[2015/11/04 11:38:04.608] (INFO) Backed up all server logs.
[2015/11/04 11:38:04.608] (INFO) Alien monitor (aliend): Detected no space aliens.
[2015/11/04 11:38:04.608] (INFO) Network heartbeat check: All OK.
[2015/11/04 11:38:04.608] (INFO) Device 0xe9b5 is online.
[2015/11/04 11:38:04.608] (INFO) Alien monitor (aliend): Detected no space aliens.
[2015/11/04 11:38:04.608] (INFO) User "djt6301" logged out.
[2015/11/04 11:38:04.608] (ERROR) EFOODFAIL (Waiter, there's a fly in my soup).
[2015/11/04 11:38:04.608] (INFO) .evian ylbirret si emehcs otpyrc ym neht ,siht daer nac uoy fI
[2015/11/04 11:38:04.608] (INFO) Checkpointing off-heap server memory...
[2015/11/04 11:38:04.608] (INFO) Supervisor has entered WAITING state.
[2015/11/04 11:38:04.608] (INFO) Supervisor has entered RESTARTING state.
[2015/11/04 11:38:04.608] (ERROR) Detected incoming DDoS from 172.16.111.47.
[2015/11/04 11:38:04.608] (INFO) Flushed 56 buffers to disk.
[2015/11/04 11:38:04.608] (INFO) Pinging watchdog timer process: Process is alive.
[2015/11/04 11:38:04.608] (WARN) There is no such thing as a free lunch.
[2015/11/04 11:38:04.608] (WARN) Possible cyber-attack from China.
[2015/11/04 11:38:04.608] (INFO) Rolling 2 log file(s)...
[2015/11/04 11:38:04.608] (INFO) User "rgn3031" logged out.
[2015/11/04 11:38:04.608] (INFO) Your mother called. She says you never call her.
[2015/11/04 11:38:04.608] (INFO) User "goi3170" logged out due to inactivity (timeout=30 minutes).
[2015/11/04 11:38:04.608] (INFO) Waiting for worker process (PID 3133) to die.
[2015/11/04 11:38:04.608] (INFO) Flushed 36 buffers to disk.
[2015/11/04 11:38:04.608] (INFO) .evian ylbirret si emehcs otpyrc ym neht ,siht daer nac uoy fI
[2015/11/04 11:38:04.608] (INFO) User "ajq1831" logged out.
[2015/11/04 11:38:04.608] (INFO) Rolling 2 log file(s)...
[2015/11/04 11:38:04.608] (INFO) Device 0xa6c2 is online.
[2015/11/04 11:38:04.608] (INFO) Your mother called. She says you never call her.
[2015/11/04 11:38:04.608] (INFO) Alien monitor (aliend): Detected no space aliens.
[2015/11/04 11:38:04.608] (INFO) Rolling 7 log file(s)...
[2015/11/04 11:38:04.608] (INFO) Sending SIGTERM to 2 excess workers.
[2015/11/04 11:38:04.608] (INFO) Rolling 9 log file(s)...
[2015/11/04 11:38:04.608] (WARN) CPU temperature exceeds 40º Celsius.
[2015/11/04 11:38:04.608] (INFO) User "yhe4215" logged in from 192.168.106.45.
[2015/11/04 11:38:05.108] (INFO) Device 0xe552 is online.
[2015/11/04 11:38:05.108] (INFO) Device 0x31c3 is online.
[2015/11/04 11:38:05.108] (ERROR) Unable to authenticate user "gmh1817": LDAP server isn't responding.
[2015/11/04 11:38:05.108] (ERROR) Device 0xa5a3 is offline
[2015/11/04 11:38:05.108] (INFO) User "eqx3353" logged out due to inactivity (timeout=30 minutes).
[2015/11/04 11:38:05.108] (INFO) Pinging watchdog timer process: Process is alive.
[2015/11/04 11:38:05.108] (INFO) Flushed 26 buffers to disk.
[2015/11/04 11:38:05.108] (INFO) Your mother called. She says you never call her.
[2015/11/04 11:38:05.108] (INFO) Checkpointing off-heap server memory...
[2015/11/04 11:38:05.108] (WARN) Watchdog timer crashed. Restarting it.
[2015/11/04 11:38:05.108] (INFO) .evian ylbirret si emehcs otpyrc ym neht ,siht daer nac uoy fI
[2015/11/04 11:38:05.108] (INFO) Waiting for worker process (PID 12065) to die.
[2015/11/04 11:38:05.108] (INFO) Checkpointing off-heap server memory...
[2015/11/04 11:38:05.108] (INFO) Flushed 93 buffers to disk.
[2015/11/04 11:38:05.108] (INFO) Checked file systems for errors: All filesystems OK.
[2015/11/04 11:38:05.108] (INFO) User "hcy4761" logged out due to inactivity (timeout=30 minutes).
[2015/11/04 11:38:05.108] (INFO) User "kbh6079" logged out due to inactivity (timeout=30 minutes).
[2015/11/04 11:38:05.108] (INFO) Your mother called. She says you never call her.
[2015/11/04 11:38:05.108] (INFO) Pinging watchdog timer process: Process is alive.
[2015/11/04 11:38:05.108] (INFO) Backed up all server logs.
[2015/11/04 11:38:05.108] (ERROR) Directory index of "/var/data" is forbidden.
[2015/11/04 11:38:05.108] (INFO) Checked file systems for errors: All filesystems OK.
[2015/11/04 11:38:05.108] (INFO) Sending SIGTERM to 3 excess workers.
[2015/11/04 11:38:05.108] (INFO) .evian ylbirret si emehcs otpyrc ym neht ,siht daer nac uoy fI
[2015/11/04 11:38:05.108] (ERROR) Blocked nmap traffic originating from 10.145.138.123.
[2015/11/04 11:38:05.108] (INFO) User "cxq7984" logged out.
[2015/11/04 11:38:05.108] (INFO) Alien monitor (aliend): Detected no space aliens.
[2015/11/04 11:38:05.108] (INFO) Flushed 41 buffers to disk.
[2015/11/04 11:38:05.108] (INFO) Alien monitor (aliend): Detected no space aliens.
[2015/11/04 11:38:05.108] (INFO) Device 0xe9d6 is online.
[2015/11/04 11:38:05.108] (INFO) User "sis2500" logged out due to inactivity (timeout=30 minutes).
[2015/11/04 11:38:05.108] (INFO) Sending SIGTERM to 3 excess workers.
[2015/11/04 11:38:05.108] (ERROR) Worker 9 died with SIGSTOP. Restarting it.
[2015/11/04 11:38:05.108] (INFO) Device 0x0304 is online.
[2015/11/04 11:38:05.108] (INFO) User "bzu6694" logged in from 10.69.245.111.
[2015/11/04 11:38:05.108] (ERROR) Blocked Little Bobby Tables attack (https://xkcd.com/327/) from 192.168.237.253.
[2015/11/04 11:38:05.108] (INFO) Checkpointing off-heap server memory...
[2015/11/04 11:38:05.108] (WARN) There is no such thing as a free lunch.
[2015/11/04 11:38:05.108] (INFO) Checked file systems for errors: All filesystems OK.
[2015/11/04 11:38:05.108] (WARN) CPU temperature exceeds 40º Celsius.
[2015/11/04 11:38:05.108] (INFO) Network heartbeat check: All OK.
[2015/11/04 11:38:05.108] (INFO) User "jyj6475" logged in from 172.16.99.141.
[2015/11/04 11:38:05.108] (WARN) There is no such thing as a free lunch.
[2015/11/04 11:38:05.108] (INFO) Alien monitor (aliend): Detected no space aliens.
[2015/11/04 11:38:05.108] (INFO) User "hso9382" logged out due to inactivity (timeout=30 minutes).
[2015/11/04 11:38:05.108] (INFO) Network heartbeat check: All OK.
[2015/11/04 11:38:05.108] (INFO) Pinging watchdog timer process: Process is alive.
[2015/11/04 11:38:05.108] (INFO) Network heartbeat check: All OK.
[2015/11/04 11:38:05.108] (INFO) Waiting for worker process (PID 33577) to die.
[2015/11/04 11:38:05.108] (INFO) Backed up all server logs.
[2015/11/04 11:38:05.108] (INFO) Rolling 1 log file(s)...
[2015/11/04 11:38:05.108] (ERROR) Directory index of "/var/data" is forbidden.
[2015/11/04 11:38:05.108] (INFO) Checked file systems for errors: All filesystems OK.
[2015/11/04 11:38:05.108] (WARN) Unable to ping monitor at 192.168.107.16. Retrying.
[2015/11/04 11:38:05.108] (INFO) Network heartbeat check: All OK.
[2015/11/04 11:38:05.108] (INFO) Flushed 76 buffers to disk.
[2015/11/04 11:38:05.108] (INFO) Flushed 27 buffers to disk.
[2015/11/04 11:38:05.108] (INFO) .evian ylbirret si emehcs otpyrc ym neht ,siht daer nac uoy fI
[2015/11/04 11:38:05.108] (INFO) Device 0x1c33 is online.
[2015/11/04 11:38:05.108] (INFO) Your mother called. She says you never call her.
[2015/11/04 11:38:05.108] (INFO) Your mother called. She says you never call her.
[2015/11/04 11:38:05.108] (INFO) Checkpointing off-heap server memory...
[2015/11/04 11:38:05.108] (INFO) Supervisor has entered RESTARTING state.
[2015/11/04 11:38:05.108] (ERROR) Worker 6 died with SIGFPE. Restarting it.
[2015/11/04 11:38:05.108] (INFO) Checked file systems for errors: All filesystems OK.
[2015/11/04 11:38:05.108] (INFO) Network heartbeat check: All OK.
[2015/11/04 11:38:05.108] (INFO) Checked file systems for errors: All filesystems OK.
[2015/11/04 11:38:05.108] (WARN) Network heartbeat check: 15 server(s) did not respond.
[2015/11/04 11:38:05.108] (INFO) Network heartbeat check: All OK.
[2015/11/04 11:38:05.108] (INFO) Network heartbeat check: All OK.
[2015/11/04 11:38:05.108] (INFO) Supervisor has entered RESTARTING state.
[2015/11/04 11:38:05.108] (INFO) Supervisor has entered SUSPENDED state.
[2015/11/04 11:38:05.108] (INFO) Your mother called. She says you never call her.
[2015/11/04 11:38:05.108] (INFO) User "ofk6388" logged in from 10.239.193.77.
[2015/11/04 11:38:05.108] (INFO) Checked file systems for errors: All filesystems OK.
[2015/11/04 11:38:05.108] (INFO) User "fyr4049" logged out.
[2015/11/04 11:38:05.108] (INFO) Checked file systems for errors: All filesystems OK.
[2015/11/04 11:38:05.108] (INFO) Backed up all server logs.
[2015/11/04 11:38:05.108] (INFO) Sending SIGTERM to 4 excess workers.
[2015/11/04 11:38:05.108] (INFO) Pinging watchdog timer process: Process is alive.
[2015/11/04 11:38:05.108] (WARN) Possible cyber-attack from The Cayman Islands.
[2015/11/04 11:38:05.108] (INFO) Sending SIGTERM to 3 excess workers.
[2015/11/04 11:38:05.108] (INFO) Rolling 4 log file(s)...
[2015/11/04 11:38:05.108] (INFO) Alien monitor (aliend): Detected no space aliens.
[2015/11/04 11:38:05.108] (INFO) Checked file systems for errors: All filesystems OK.
[2015/11/04 11:38:05.108] (INFO) Network heartbeat check: All OK.
[2015/11/04 11:38:05.108] (INFO) Waiting for master process (PID 1735) to die.
[2015/11/04 11:38:05.108] (ERROR) Directory index of "/var/data" is forbidden.
[2015/11/04 11:38:05.108] (ERROR) Device 0xb926 is offline
[2015/11/04 11:38:05.108] (INFO) User "lqg8442" logged in from 10.138.50.245.
[2015/11/04 11:38:05.108] (WARN) Possible cyber-attack from Russia.
[2015/11/04 11:38:05.108] (INFO) Checked file systems for errors: All filesystems OK.
[2015/11/04 11:38:05.108] (ERROR) Blocked Little Bobby Tables attack (https://xkcd.com/327/) from 172.16.151.102.
[2015/11/04 11:38:05.108] (INFO) Checked file systems for errors: All filesystems OK.
[2015/11/04 11:38:05.108] (INFO) User "sqi3882" logged in from 192.168.134.114.
[2015/11/04 11:38:05.108] (ERROR) Connection to 172.16.178.30 terminated unexpectedly. Reconnecting.
[2015/11/04 11:38:05.108] (INFO) Checked file systems for errors: All filesystems OK.
[2015/11/04 11:38:05.108] (INFO) Flushed 45 buffers to disk.
[2015/11/04 11:38:05.108] (INFO) User "kqf4682" logged in from 192.168.31.195.
[2015/11/04 11:38:05.108] (ERROR) One of the flayrods has gone out askew on treadle.
[2015/11/04 11:38:05.608] (INFO) .evian ylbirret si emehcs otpyrc ym neht ,siht daer nac uoy fI
[2015/11/04 11:38:05.608] (INFO) Sending SIGTERM to 3 excess workers.
[2015/11/04 11:38:05.608] (ERROR) "/var/data/RgSOa56947.parquet": Permission denied (EACCES)
[2015/11/04 11:38:05.608] (INFO) Rolling 2 log file(s)...
[2015/11/04 11:38:05.608] (INFO) Backed up all server logs.
[2015/11/04 11:38:05.608] (INFO) Alien monitor (aliend): Detected no space aliens.
[2015/11/04 11:38:05.608] (INFO) Alien monitor (aliend): Detected no space aliens.
[2015/11/04 11:38:05.608] (INFO) Rolling 3 log file(s)...
[2015/11/04 11:38:05.608] (INFO) Sending SIGTERM to 2 excess workers.
[2015/11/04 11:38:05.608] (WARN) Master took 539 ms to respond (threshold=500 ms)
[2015/11/04 11:38:05.608] (WARN) Unable to ping worker at 10.194.162.237. Retrying.
[2015/11/04 11:38:05.608] (ERROR) Server log backup FAILED. See backup logs.
[2015/11/04 11:38:05.608] (INFO) User "osn2279" logged out due to inactivity (timeout=30 minutes).
[2015/11/04 11:38:05.608] (INFO) Pinging watchdog timer process: Process is alive.
[2015/11/04 11:38:05.608] (INFO) User "wbv4102" logged out.
[2015/11/04 11:38:05.608] (INFO) Device 0x2ae4 is online.
[2015/11/04 11:38:05.608] (INFO) User "ydt5516" logged out due to inactivity (timeout=30 minutes).
[2015/11/04 11:38:05.608] (ERROR) CPU temperature exceeds 50º Celsius. Shutting down.
[2015/11/04 11:38:05.608] (ERROR) Detected incoming DDoS from 10.131.150.11.
[2015/11/04 11:38:05.608] (INFO) Your mother called. She says you never call her.
[2015/11/04 11:38:05.608] (INFO) Your mother called. She says you never call her.
[2015/11/04 11:38:05.608] (INFO) Alien monitor (aliend): Detected no space aliens.
[2015/11/04 11:38:05.608] (INFO) Flushed 74 buffers to disk.
[2015/11/04 11:38:05.608] (WARN) Space on disk /dev/sdc2 is low: Only 647 MB available.
[2015/11/04 11:38:05.608] (INFO) Device 0xaff4 is online.
[2015/11/04 11:38:05.608] (INFO) Your mother called. She says you never call her.
[2015/11/04 11:38:05.608] (INFO) Your mother called. She says you never call her.
[2015/11/04 11:38:05.608] (ERROR) Detected incoming DDoS from 172.16.182.164.
[2015/11/04 11:38:05.608] (INFO) Checked file systems for errors: All filesystems OK.
[2015/11/04 11:38:05.608] (INFO) Sending SIGTERM to 2 excess workers.
[2015/11/04 11:38:05.608] (INFO) Flushed 51 buffers to disk.
[2015/11/04 11:38:05.608] (INFO) Flushed 95 buffers to disk.
[2015/11/04 11:38:05.608] (INFO) Your mother called. She says you never call her.
[2015/11/04 11:38:05.608] (WARN) There is no such thing as a free lunch.
[2015/11/04 11:38:05.608] (INFO) Backed up all server logs.
[2015/11/04 11:38:05.608] (ERROR) "/var/data/sqRrQ90394.txt": Permission denied (EACCES)
[2015/11/04 11:38:05.608] (ERROR) Device 0x407b is offline
[2015/11/04 11:38:05.608] (INFO) Device 0x4363 is online.
[2015/11/04 11:38:05.608] (ERROR) "/var/data/YQgdn56005.zip": No such file or directory (ENOENT)
[2015/11/04 11:38:05.608] (INFO) Your mother called. She says you never call her.
[2015/11/04 11:38:05.608] (INFO) Rolling 6 log file(s)...
[2015/11/04 11:38:05.608] (INFO) Checkpointing off-heap server memory...
[2015/11/04 11:38:05.608] (INFO) User "cvi1988" logged in from 172.16.120.73.
[2015/11/04 11:38:05.608] (INFO) Device 0xe311 is online.
[2015/11/04 11:38:05.608] (INFO) Checkpointing off-heap server memory...
[2015/11/04 11:38:05.608] (INFO) Network heartbeat check: All OK.
[2015/11/04 11:38:05.608] (WARN) Space on disk /dev/sde4 is low: Only 235 MB available.
[2015/11/04 11:38:05.608] (INFO) User "spi1985" logged in from 172.16.253.7.
[2015/11/04 11:38:05.608] (INFO) Checked file systems for errors: All filesystems OK.
[2015/11/04 11:38:05.608] (INFO) Rolling 3 log file(s)...
[2015/11/04 11:38:05.608] (INFO) Checkpointing off-heap server memory...
[2015/11/04 11:38:05.608] (INFO) Sending SIGTERM to 4 excess workers.
[2015/11/04 11:38:05.608] (INFO) User "ssv4300" logged in from 192.168.207.204.
[2015/11/04 11:38:05.608] (INFO) User "dfy5654" logged in from 192.168.27.104.
[2015/11/04 11:38:05.608] (INFO) Pinging watchdog timer process: Process is alive.
[2015/11/04 11:38:05.608] (INFO) Alien monitor (aliend): Detected no space aliens.
[2015/11/04 11:38:05.608] (INFO) Your mother called. She says you never call her.
[2015/11/04 11:38:05.608] (INFO) Backed up all server logs.
[2015/11/04 11:38:05.608] (INFO) Checked file systems for errors: All filesystems OK.
[2015/11/04 11:38:05.608] (INFO) User "evr6784" logged out.
[2015/11/04 11:38:05.608] (INFO) Waiting for worker process (PID 45816) to die.
[2015/11/04 11:38:05.608] (INFO) Network heartbeat check: All OK.
[2015/11/04 11:38:05.608] (INFO) .evian ylbirret si emehcs otpyrc ym neht ,siht daer nac uoy fI
[2015/11/04 11:38:05.608] (INFO) Sending SIGTERM to 2 excess workers.
[2015/11/04 11:38:05.608] (WARN) Possible cyber-attack from Alpha Centauri.
[2015/11/04 11:38:05.608] (INFO) User "pyu4375" logged in from 10.92.237.112.
[2015/11/04 11:38:05.608] (INFO) Sending SIGTERM to 2 excess workers.
[2015/11/04 11:38:05.608] (WARN) Ignoring SIGTERM. It's not that easy to get rid of me.
[2015/11/04 11:38:05.608] (INFO) User "qot5026" logged out due to inactivity (timeout=30 minutes).
[2015/11/04 11:38:05.608] (INFO) Sending SIGTERM to 4 excess workers.
[2015/11/04 11:38:05.608] (INFO) Supervisor has entered SUSPENDED state.
[2015/11/04 11:38:05.608] (INFO) User "uhx2921" logged out due to inactivity (timeout=30 minutes).
[2015/11/04 11:38:05.608] (INFO) Network heartbeat check: All OK.
[2015/11/04 11:38:05.608] (ERROR) Extra characters at end of line.
[2015/11/04 11:38:05.608] (INFO) User "xls3124" logged in from 10.18.1.211.
[2015/11/04 11:38:05.608] (INFO) Waiting for supervisor process (PID 5040) to die.
[2015/11/04 11:38:05.608] (INFO) Backed up all server logs.
[2015/11/04 11:38:05.608] (INFO) User "hef2798" logged in from 10.159.130.201.
[2015/11/04 11:38:05.608] (INFO) Network heartbeat check: All OK.
[2015/11/04 11:38:05.608] (INFO) Your mother called. She says you never call her.
[2015/11/04 11:38:05.608] (INFO) Checked file systems for errors: All filesystems OK.
[2015/11/04 11:38:05.608] (INFO) Alien monitor (aliend): Detected no space aliens.
[2015/11/04 11:38:05.608] (INFO) Backed up all server logs.
[2015/11/04 11:38:05.608] (INFO) Supervisor has entered SUSPENDED state.
[2015/11/04 11:38:05.608] (INFO) Supervisor has entered WAITING state.
[2015/11/04 11:38:05.608] (INFO) Flushed 72 buffers to disk.
[2015/11/04 11:38:05.608] (WARN) Dropped 2,712 corrupt data packets.
[2015/11/04 11:38:05.608] (INFO) Checkpointing off-heap server memory...
[2015/11/04 11:38:05.608] (INFO) Device 0x834c is online.
[2015/11/04 11:38:05.608] (INFO) Sending SIGTERM to 4 excess workers.
[2015/11/04 11:38:05.608] (INFO) Your mother called. She says you never call her.
[2015/11/04 11:38:05.608] (INFO) Supervisor has entered RESTARTING state.
[2015/11/04 11:38:05.608] (WARN) Retrying server log checkpoint.
[2015/11/04 11:38:05.608] (ERROR) Detected incoming DDoS from 192.168.143.66.
[2015/11/04 11:38:05.608] (INFO) Backed up all server logs.
[2015/11/04 11:38:05.608] (WARN) Watchdog timer crashed. Restarting it.
[2015/11/04 11:38:05.608] (ERROR) Failed to open "/mnt/fileserver02/TjDbf70036.xslx": NFS timeout.
[2015/11/04 11:38:05.608] (INFO) Supervisor has entered RUNNING state.
[2015/11/04 11:38:05.608] (INFO) Flushed 88 buffers to disk.
[2015/11/04 11:38:05.608] (WARN) Space on disk /dev/sda2 is low: Only 285 MB available.
[2015/11/04 11:38:06.108] (INFO) Supervisor has entered RUNNING state.
[2015/11/04 11:38:06.108] (INFO) Sending SIGTERM to 4 excess workers.
[2015/11/04 11:38:06.108] (INFO) Device 0x724a is online.
[2015/11/04 11:38:06.108] (ERROR) Unable to mount /dev/sdb3. (Time to run fsck?)
[2015/11/04 11:38:06.108] (INFO) User "dtg3858" logged in from 172.16.178.56.
[2015/11/04 11:38:06.108] (INFO) Waiting for supervisor process (PID 61001) to die.
[2015/11/04 11:38:06.108] (INFO) Pinging watchdog timer process: Process is alive.
[2015/11/04 11:38:06.108] (INFO) User "cnq8008" logged in from 10.4.54.119.
[2015/11/04 11:38:06.108] (INFO) Pinging watchdog timer process: Process is alive.
[2015/11/04 11:38:06.108] (INFO) Rolling 5 log file(s)...
[2015/11/04 11:38:06.108] (INFO) User "whk7702" logged in from 172.16.28.94.
[2015/11/04 11:38:06.108] (WARN) Watchdog timer crashed. Restarting it.
[2015/11/04 11:38:06.108] (INFO) Rolling 6 log file(s)...
[2015/11/04 11:38:06.108] (INFO) Rolling 4 log file(s)...
[2015/11/04 11:38:06.108] (INFO) Backed up all server logs.
[2015/11/04 11:38:06.108] (ERROR) Blocked BitTorrent traffic originating from 10.150.19.1.
[2015/11/04 11:38:06.108] (INFO) Flushed 32 buffers to disk.
[2015/11/04 11:38:06.108] (INFO) Rolling 7 log file(s)...
[2015/11/04 11:38:06.108] (INFO) Rolling 9 log file(s)...
[2015/11/04 11:38:06.108] (INFO) Rolling 8 log file(s)...
[2015/11/04 11:38:06.108] (INFO) User "jva4860" logged out due to inactivity (timeout=30 minutes).
[2015/11/04 11:38:06.108] (INFO) Your mother called. She says you never call her.
[2015/11/04 11:38:06.108] (ERROR) Network heartbeat check FAILED: Master host down?
[2015/11/04 11:38:06.108] (INFO) Waiting for master process (PID 39159) to die.
[2015/11/04 11:38:06.108] (INFO) Your mother called. She says you never call her.
[2015/11/04 11:38:06.108] (WARN) Ignoring SIGTERM. It's not that easy to get rid of me.
[2015/11/04 11:38:06.108] (INFO) User "ves9304" logged out.
[2015/11/04 11:38:06.108] (INFO) Network heartbeat check: All OK.
[2015/11/04 11:38:06.108] (INFO) Your mother called. She says you never call her.
[2015/11/04 11:38:06.108] (INFO) User "zlu8233" logged out due to inactivity (timeout=30 minutes).
[2015/11/04 11:38:06.108] (WARN) Watchdog timer crashed. Restarting it.
[2015/11/04 11:38:06.108] (INFO) Supervisor has entered RESTARTING state.
[2015/11/04 11:38:06.108] (INFO) Device 0xc9b2 is online.
[2015/11/04 11:38:06.108] (WARN) Retrying server log checkpoint.
[2015/11/04 11:38:06.108] (INFO) Flushed 25 buffers to disk.
[2015/11/04 11:38:06.108] (INFO) User "och1750" logged in from 172.16.19.69.
[2015/11/04 11:38:06.108] (INFO) Flushed 87 buffers to disk.
[2015/11/04 11:38:06.108] (INFO) Rolling 9 log file(s)...
[2015/11/04 11:38:06.108] (ERROR) Extra characters at end of line.
[2015/11/04 11:38:06.108] (INFO) Sending SIGTERM to 3 excess workers.
[2015/11/04 11:38:06.108] (INFO) Alien monitor (aliend): Detected no space aliens.
[2015/11/04 11:38:06.108] (INFO) Backed up all server logs.
[2015/11/04 11:38:06.108] (INFO) .evian ylbirret si emehcs otpyrc ym neht ,siht daer nac uoy fI
[2015/11/04 11:38:06.108] (WARN) Master took 913 ms to respond (threshold=500 ms)
[2015/11/04 11:38:06.108] (INFO) Pinging watchdog timer process: Process is alive.
[2015/11/04 11:38:06.108] (INFO) Flushed 35 buffers to disk.
[2015/11/04 11:38:06.108] (ERROR) Unable to write to "/var/data/mPVbH65830.xslx": Permission denied (EACCES)
[2015/11/04 11:38:06.108] (ERROR) Failed to open "/mnt/fileserver02/GDzzE61430.tar.gz": NFS timeout.
[2015/11/04 11:38:06.108] (INFO) Rolling 2 log file(s)...
[2015/11/04 11:38:06.108] (INFO) Waiting for master process (PID 4997) to die.
[2015/11/04 11:38:06.108] (WARN) Ignoring SIGTERM. It's not that easy to get rid of me.
[2015/11/04 11:38:06.108] (INFO) .evian ylbirret si emehcs otpyrc ym neht ,siht daer nac uoy fI
[2015/11/04 11:38:06.108] (INFO) Device 0xf052 is online.
[2015/11/04 11:38:06.108] (INFO) User "sks7631" logged out due to inactivity (timeout=30 minutes).
[2015/11/04 11:38:06.108] (INFO) Alien monitor (aliend): Detected no space aliens.
[2015/11/04 11:38:06.108] (INFO) User "maa4333" logged in from 172.16.129.172.
[2015/11/04 11:38:06.108] (INFO) Pinging watchdog timer process: Process is alive.
[2015/11/04 11:38:06.108] (INFO) Alien monitor (aliend): Detected no space aliens.
[2015/11/04 11:38:06.108] (INFO) Checkpointing off-heap server memory...
[2015/11/04 11:38:06.108] (INFO) User "vul8147" logged out due to inactivity (timeout=30 minutes).
[2015/11/04 11:38:06.108] (INFO) Checked file systems for errors: All filesystems OK.
[2015/11/04 11:38:06.108] (INFO) Checkpointing off-heap server memory...
[2015/11/04 11:38:06.108] (INFO) User "iid7543" logged out.
[2015/11/04 11:38:06.108] (INFO) User "fqd2148" logged in from 192.168.239.5.
[2015/11/04 11:38:06.108] (INFO) .evian ylbirret si emehcs otpyrc ym neht ,siht daer nac uoy fI
[2015/11/04 11:38:06.108] (INFO) Waiting for supervisor process (PID 14561) to die.
[2015/11/04 11:38:06.108] (INFO) Rolling 9 log file(s)...
[2015/11/04 11:38:06.108] (INFO) User "vna4219" logged out.
[2015/11/04 11:38:06.108] (INFO) Pinging watchdog timer process: Process is alive.
[2015/11/04 11:38:06.108] (INFO) Your mother called. She says you never call her.
[2015/11/04 11:38:06.108] (INFO) Alien monitor (aliend): Detected no space aliens.
[2015/11/04 11:38:06.108] (INFO) User "uph4377" logged in from 192.168.169.88.
[2015/11/04 11:38:06.108] (ERROR) Unable to authenticate user "lah6385": LDAP server isn't responding.
[2015/11/04 11:38:06.108] (INFO) Rolling 8 log file(s)...
[2015/11/04 11:38:06.108] (INFO) Alien monitor (aliend): Detected no space aliens.
[2015/11/04 11:38:06.108] (INFO) Checkpointing off-heap server memory...
[2015/11/04 11:38:06.108] (INFO) Checkpointing off-heap server memory...
[2015/11/04 11:38:06.108] (WARN) Backup server 10.220.216.16 is offline.
[2015/11/04 11:38:06.108] (INFO) Backed up all server logs.
[2015/11/04 11:38:06.108] (INFO) Pinging watchdog timer process: Process is alive.
[2015/11/04 11:38:06.108] (INFO) Checked file systems for errors: All filesystems OK.
[2015/11/04 11:38:06.108] (INFO) Supervisor has entered SUSPENDED state.
[2015/11/04 11:38:06.108] (WARN) Backup server 172.16.40.44 is offline.
[2015/11/04 11:38:06.108] (INFO) Your mother called. She says you never call her.
[2015/11/04 11:38:06.108] (INFO) Your mother called. She says you never call her.
[2015/11/04 11:38:06.108] (INFO) Backed up all server logs.
[2015/11/04 11:38:06.108] (ERROR) EFOODFAIL (Waiter, there's a fly in my soup).
[2015/11/04 11:38:06.108] (INFO) Flushed 23 buffers to disk.
[2015/11/04 11:38:06.108] (WARN) Possible cyber-attack from Canada.
[2015/11/04 11:38:06.108] (INFO) Supervisor has entered SUSPENDED state.
[2015/11/04 11:38:06.108] (INFO) Device 0x6c54 is online.
[2015/11/04 11:38:06.108] (ERROR) Connection to 192.168.8.104 terminated unexpectedly. Reconnecting.
[2015/11/04 11:38:06.108] (INFO) Checkpointing off-heap server memory...
[2015/11/04 11:38:06.108] (INFO) Backed up all server logs.
[2015/11/04 11:38:06.108] (INFO) Supervisor has entered WAITING state.
[2015/11/04 11:38:06.108] (WARN) Network heartbeat check: 5 server(s) did not respond.
[2015/11/04 11:38:06.108] (INFO) User "syf7395" logged out due to inactivity (timeout=30 minutes).
[2015/11/04 11:38:06.108] (INFO) Device 0x4dda is online.
[2015/11/04 11:38:06.108] (ERROR) Detected clock skew! Restarting NTP server.
[2015/11/04 11:38:06.108] (INFO) Your mother called. She says you never call her.
[2015/11/04 11:38:06.608] (INFO) User "czo7980" logged out due to inactivity (timeout=30 minutes).
[2015/11/04 11:38:06.608] (WARN) Retrying server log checkpoint.
[2015/11/04 11:38:06.608] (INFO) Device 0xbc34 is online.
[2015/11/04 11:38:06.608] (INFO) Checked file systems for errors: All filesystems OK.
[2015/11/04 11:38:06.608] (INFO) Pinging watchdog timer process: Process is alive.
[2015/11/04 11:38:06.608] (INFO) Backed up all server logs.
[2015/11/04 11:38:06.608] (ERROR) Network heartbeat check FAILED: Master host down?
[2015/11/04 11:38:06.608] (INFO) Alien monitor (aliend): Detected no space aliens.
[2015/11/04 11:38:06.608] (INFO) User "pno4571" logged out.
[2015/11/04 11:38:06.608] (INFO) Alien monitor (aliend): Detected no space aliens.
[2015/11/04 11:38:06.608] (INFO) User "oag7169" logged out due to inactivity (timeout=30 minutes).
[2015/11/04 11:38:06.608] (INFO) Device 0xf7c3 is online.
[2015/11/04 11:38:06.608] (WARN) Backup server 10.231.17.34 is offline.
[2015/11/04 11:38:06.608] (ERROR) Blocked SMTP traffic originating from 192.168.9.77.
[2015/11/04 11:38:06.608] (INFO) Your mother called. She says you never call her.
[2015/11/04 11:38:06.608] (INFO) Flushed 21 buffers to disk.
[2015/11/04 11:38:06.608] (ERROR) Server log backup FAILED. See backup logs.
[2015/11/04 11:38:06.608] (INFO) Your mother called. She says you never call her.
[2015/11/04 11:38:06.608] (ERROR) /dev/lp error: "PC LOAD LETTER"
[2015/11/04 11:38:06.608] (INFO) Alien monitor (aliend): Detected no space aliens.
[2015/11/04 11:38:06.608] (INFO) User "trq8466" logged out.
[2015/11/04 11:38:06.608] (INFO) Network heartbeat check: All OK.
[2015/11/04 11:38:06.608] (WARN) Backup server 172.16.220.114 is offline.
[2015/11/04 11:38:06.608] (INFO) User "hkg9873" logged out.
[2015/11/04 11:38:06.608] (INFO) Checkpointing off-heap server memory...
[2015/11/04 11:38:06.608] (INFO) Supervisor has entered WAITING state.
[2015/11/04 11:38:06.608] (INFO) Device 0x65b9 is online.
[2015/11/04 11:38:06.608] (WARN) Possible cyber-attack from Canada.
[2015/11/04 11:38:06.608] (WARN) Master took 864 ms to respond (threshold=500 ms)
[2015/11/04 11:38:06.608] (INFO) Your mother called. She says you never call her.
[2015/11/04 11:38:06.608] (INFO) Supervisor has entered WAITING state.
[2015/11/04 11:38:06.608] (INFO) Waiting for master process (PID 9684) to die.
[2015/11/04 11:38:06.608] (ERROR) Blocked nmap traffic originating from 192.168.6.194.
[2015/11/04 11:38:06.608] (INFO) Flushed 26 buffers to disk.
[2015/11/04 11:38:06.608] (ERROR) Detected clock skew! Restarting NTP server.
[2015/11/04 11:38:06.608] (INFO) Supervisor has entered RUNNING state.
[2015/11/04 11:38:06.608] (INFO) Device 0xc487 is online.
[2015/11/04 11:38:06.608] (INFO) Network heartbeat check: All OK.
[2015/11/04 11:38:06.608] (ERROR) Failed to open "/mnt/fileserver01/IRAXF98165.tar.gz": NFS timeout.
[2015/11/04 11:38:06.608] (INFO) User "sup5869" logged out due to inactivity (timeout=30 minutes).
[2015/11/04 11:38:06.608] (INFO) User "shg4667" logged in from 172.16.67.247.
[2015/11/04 11:38:06.608] (INFO) Supervisor has entered RUNNING state.
[2015/11/04 11:38:06.608] (INFO) Checked file systems for errors: All filesystems OK.
[2015/11/04 11:38:06.608] (ERROR) "/var/data/RrdPN83738.xml": Permission denied (EACCES)
[2015/11/04 11:38:06.608] (INFO) Network heartbeat check: All OK.
[2015/11/04 11:38:06.608] (INFO) User "ihf6139" logged out due to inactivity (timeout=30 minutes).
[2015/11/04 11:38:06.608] (ERROR) Blocked BitTorrent traffic originating from 192.168.103.173.
[2015/11/04 11:38:06.608] (INFO) Network heartbeat check: All OK.
[2015/11/04 11:38:06.608] (INFO) Your mother called. She says you never call her.
[2015/11/04 11:38:06.608] (ERROR) Worker 9 died with SIGPOLL. Restarting it.
[2015/11/04 11:38:06.608] (WARN) Network heartbeat check: 16 server(s) did not respond.
[2015/11/04 11:38:06.608] (WARN) Backup server 192.168.82.50 is offline.
[2015/11/04 11:38:06.608] (INFO) Waiting for supervisor process (PID 48550) to die.
[2015/11/04 11:38:06.608] (INFO) Checkpointing off-heap server memory...
[2015/11/04 11:38:06.608] (ERROR) Server log backup FAILED. See backup logs.
[2015/11/04 11:38:06.608] (INFO) Rolling 9 log file(s)...
[2015/11/04 11:38:06.608] (INFO) Sending SIGTERM to 3 excess workers.
[2015/11/04 11:38:06.608] (ERROR) Unable to write to "/var/data/uXrEY65127.zip": Permission denied (EACCES)
[2015/11/04 11:38:06.608] (INFO) User "riu8211" logged out due to inactivity (timeout=30 minutes).
[2015/11/04 11:38:06.608] (ERROR) Failed to write checkpoint file "/var/checkpoint/KWZsH59238: No space left on device (ENOSPC)
[2015/11/04 11:38:06.608] (INFO) Alien monitor (aliend): Detected no space aliens.
[2015/11/04 11:38:06.608] (INFO) Alien monitor (aliend): Detected no space aliens.
[2015/11/04 11:38:06.608] (INFO) User "olm1980" logged in from 192.168.149.79.
[2015/11/04 11:38:06.608] (INFO) Flushed 36 buffers to disk.
[2015/11/04 11:38:06.608] (INFO) Your mother called. She says you never call her.
[2015/11/04 11:38:06.608] (INFO) .evian ylbirret si emehcs otpyrc ym neht ,siht daer nac uoy fI
[2015/11/04 11:38:06.608] (INFO) Checked file systems for errors: All filesystems OK.
[2015/11/04 11:38:06.608] (ERROR) Directory index of "/var/data" is forbidden.
[2015/11/04 11:38:06.608] (ERROR) Extra characters at end of line.
[2015/11/04 11:38:06.608] (INFO) Alien monitor (aliend): Detected no space aliens.
[2015/11/04 11:38:06.608] (INFO) Rolling 9 log file(s)...
[2015/11/04 11:38:06.608] (INFO) Pinging watchdog timer process: Process is alive.
[2015/11/04 11:38:06.608] (INFO) User "szw7470" logged in from 10.250.186.5.
[2015/11/04 11:38:06.608] (INFO) Supervisor has entered WAITING state.
[2015/11/04 11:38:06.608] (INFO) Checkpointing off-heap server memory...
[2015/11/04 11:38:06.608] (INFO) Checkpointing off-heap server memory...
[2015/11/04 11:38:06.608] (INFO) Backed up all server logs.
[2015/11/04 11:38:06.608] (INFO) User "zyj4743" logged out due to inactivity (timeout=30 minutes).
[2015/11/04 11:38:06.608] (INFO) Flushed 40 buffers to disk.
[2015/11/04 11:38:06.608] (ERROR) Unable to authenticate user "iyb6542": LDAP server isn't responding.
[2015/11/04 11:38:06.608] (INFO) Network heartbeat check: All OK.
[2015/11/04 11:38:06.608] (INFO) User "wbl4959" logged in from 172.16.111.18.
[2015/11/04 11:38:06.608] (INFO) User "gog6554" logged in from 192.168.35.189.
[2015/11/04 11:38:06.608] (WARN) Retrying server log checkpoint.
[2015/11/04 11:38:06.608] (INFO) Checked file systems for errors: All filesystems OK.
[2015/11/04 11:38:06.608] (INFO) User "ozk7398" logged out.
[2015/11/04 11:38:06.608] (INFO) Alien monitor (aliend): Detected no space aliens.
[2015/11/04 11:38:06.608] (INFO) Checkpointing off-heap server memory...
[2015/11/04 11:38:06.608] (ERROR) Blocked BitTorrent traffic originating from 192.168.242.60.
[2015/11/04 11:38:06.608] (INFO) .evian ylbirret si emehcs otpyrc ym neht ,siht daer nac uoy fI
[2015/11/04 11:38:06.608] (INFO) Pinging watchdog timer process: Process is alive.
[2015/11/04 11:38:06.608] (ERROR) CPU temperature exceeds 50º Celsius. Shutting down.
[2015/11/04 11:38:06.608] (INFO) Supervisor has entered SUSPENDED state.
[2015/11/04 11:38:06.608] (INFO) User "vkg2286" logged out.
[2015/11/04 11:38:06.608] (INFO) Alien monitor (aliend): Detected no space aliens.
[2015/11/04 11:38:06.608] (INFO) Flushed 31 buffers to disk.
[2015/11/04 11:38:06.608] (INFO) Your mother called. She says you never call her.
[2015/11/04 11:38:06.608] (INFO) Checked file systems for errors: All filesystems OK.
[2015/11/04 11:38:06.608] (INFO) User "tdq6792" logged in from 192.168.142.18.
[2015/11/04 11:38:06.608] (INFO) Checked file systems for errors: All filesystems OK.
[2015/11/04 11:38:07.107] (INFO) Rolling 7 log file(s)...
[2015/11/04 11:38:07.107] (INFO) User "heu3005" logged in from 192.168.71.172.
[2015/11/04 11:38:07.107] (INFO) User "aze9079" logged out due to inactivity (timeout=30 minutes).
[2015/11/04 11:38:07.107] (INFO) Device 0xc17c is online.
[2015/11/04 11:38:07.107] (INFO) Checked file systems for errors: All filesystems OK.
[2015/11/04 11:38:07.107] (INFO) Pinging watchdog timer process: Process is alive.
[2015/11/04 11:38:07.107] (INFO) Alien monitor (aliend): Detected no space aliens.
[2015/11/04 11:38:07.107] (INFO) Checkpointing off-heap server memory...
[2015/11/04 11:38:07.107] (ERROR) Worker 9 died with SIGSEGV. Restarting it.
[2015/11/04 11:38:07.107] (INFO) Supervisor has entered WAITING state.
[2015/11/04 11:38:07.107] (WARN) Backup server 10.197.130.202 is offline.
[2015/11/04 11:38:07.107] (WARN) There is no such thing as a free lunch.
[2015/11/04 11:38:07.107] (INFO) Waiting for supervisor process (PID 9118) to die.
[2015/11/04 11:38:07.107] (INFO) Sending SIGTERM to 4 excess workers.
[2015/11/04 11:38:07.107] (INFO) Backed up all server logs.
[2015/11/04 11:38:07.107] (INFO) Checkpointing off-heap server memory...
[2015/11/04 11:38:07.107] (INFO) User "lws5023" logged out due to inactivity (timeout=30 minutes).
[2015/11/04 11:38:07.107] (WARN) Space on disk /dev/sde1 is low: Only 432 MB available.
[2015/11/04 11:38:07.107] (INFO) Waiting for supervisor process (PID 40883) to die.
[2015/11/04 11:38:07.107] (WARN) Retrying server log checkpoint.
[2015/11/04 11:38:07.107] (WARN) Master took 811 ms to respond (threshold=500 ms)
[2015/11/04 11:38:07.107] (INFO) Device 0xe93f is online.
[2015/11/04 11:38:07.107] (INFO) .evian ylbirret si emehcs otpyrc ym neht ,siht daer nac uoy fI
[2015/11/04 11:38:07.107] (ERROR) Blocked Little Bobby Tables attack (https://xkcd.com/327/) from 192.168.56.216.
[2015/11/04 11:38:07.107] (INFO) Flushed 40 buffers to disk.
[2015/11/04 11:38:07.107] (WARN) Dropped 10,282 corrupt data packets.
[2015/11/04 11:38:07.107] (WARN) Unable to ping monitor at 192.168.83.227. Retrying.
[2015/11/04 11:38:07.107] (INFO) Checkpointing off-heap server memory...
[2015/11/04 11:38:07.107] (INFO) Rolling 8 log file(s)...
[2015/11/04 11:38:07.107] (INFO) Device 0xcf60 is online.
[2015/11/04 11:38:07.107] (INFO) User "iqa5636" logged out.
[2015/11/04 11:38:07.107] (INFO) Network heartbeat check: All OK.
[2015/11/04 11:38:07.107] (ERROR) User "uqe3345" failed to log in 3 times. Disabling account.
[2015/11/04 11:38:07.107] (INFO) Your mother called. She says you never call her.
[2015/11/04 11:38:07.107] (INFO) Pinging watchdog timer process: Process is alive.
[2015/11/04 11:38:07.107] (INFO) Sending SIGTERM to 4 excess workers.
[2015/11/04 11:38:07.107] (INFO) Alien monitor (aliend): Detected no space aliens.
[2015/11/04 11:38:07.107] (INFO) .evian ylbirret si emehcs otpyrc ym neht ,siht daer nac uoy fI
[2015/11/04 11:38:07.107] (ERROR) "/var/data/woyZN81315.csv": No such file or directory (ENOENT)
[2015/11/04 11:38:07.107] (ERROR) Extra characters at end of line.
[2015/11/04 11:38:07.107] (INFO) Pinging watchdog timer process: Process is alive.
[2015/11/04 11:38:07.107] (INFO) Sending SIGTERM to 4 excess workers.
[2015/11/04 11:38:07.107] (INFO) Your mother called. She says you never call her.
[2015/11/04 11:38:07.107] (INFO) Backed up all server logs.
[2015/11/04 11:38:07.107] (INFO) Flushed 68 buffers to disk.
[2015/11/04 11:38:07.107] (INFO) Pinging watchdog timer process: Process is alive.
[2015/11/04 11:38:07.107] (INFO) Your mother called. She says you never call her.
[2015/11/04 11:38:07.107] (INFO) Pinging watchdog timer process: Process is alive.
[2015/11/04 11:38:07.107] (INFO) Network heartbeat check: All OK.
[2015/11/04 11:38:07.107] (INFO) Pinging watchdog timer process: Process is alive.
[2015/11/04 11:38:07.107] (INFO) Device 0xf03d is online.
[2015/11/04 11:38:07.107] (INFO) Rolling 3 log file(s)...
[2015/11/04 11:38:07.107] (INFO) Your mother called. She says you never call her.
[2015/11/04 11:38:07.107] (INFO) Pinging watchdog timer process: Process is alive.
[2015/11/04 11:38:07.107] (INFO) Rolling 8 log file(s)...
[2015/11/04 11:38:07.107] (INFO) Checked file systems for errors: All filesystems OK.
[2015/11/04 11:38:07.107] (INFO) Checked file systems for errors: All filesystems OK.
[2015/11/04 11:38:07.107] (INFO) Backed up all server logs.
[2015/11/04 11:38:07.107] (INFO) Sending SIGTERM to 4 excess workers.
[2015/11/04 11:38:07.107] (INFO) .evian ylbirret si emehcs otpyrc ym neht ,siht daer nac uoy fI
[2015/11/04 11:38:07.107] (INFO) Supervisor has entered WAITING state.
[2015/11/04 11:38:07.107] (INFO) User "xdh6718" logged out due to inactivity (timeout=30 minutes).
[2015/11/04 11:38:07.107] (WARN) CPU temperature exceeds 40º Celsius.
[2015/11/04 11:38:07.107] (INFO) Flushed 73 buffers to disk.
[2015/11/04 11:38:07.107] (INFO) User "saa9565" logged out due to inactivity (timeout=30 minutes).
[2015/11/04 11:38:07.107] (INFO) Waiting for master process (PID 9800) to die.
[2015/11/04 11:38:07.107] (INFO) Alien monitor (aliend): Detected no space aliens.
[2015/11/04 11:38:07.107] (INFO) Rolling 6 log file(s)...
[2015/11/04 11:38:07.107] (WARN) Dropped 8,953 corrupt data packets.
[2015/11/04 11:38:07.107] (INFO) Flushed 40 buffers to disk.
[2015/11/04 11:38:07.107] (INFO) Alien monitor (aliend): Detected no space aliens.
[2015/11/04 11:38:07.107] (WARN) Ignoring SIGTERM. It's not that easy to get rid of me.
[2015/11/04 11:38:07.107] (WARN) Backup server 192.168.64.217 is offline.
[2015/11/04 11:38:07.107] (WARN) Watchdog timer crashed. Restarting it.
[2015/11/04 11:38:07.107] (INFO) Backed up all server logs.
[2015/11/04 11:38:07.107] (INFO) Flushed 79 buffers to disk.
[2015/11/04 11:38:07.107] (INFO) Network heartbeat check: All OK.
[2015/11/04 11:38:07.107] (ERROR) Unable to authenticate user "nlu6420": LDAP server isn't responding.
[2015/11/04 11:38:07.107] (ERROR) Unable to authenticate user "ffl2691": LDAP server isn't responding.
[2015/11/04 11:38:07.107] (INFO) .evian ylbirret si emehcs otpyrc ym neht ,siht daer nac uoy fI
[2015/11/04 11:38:07.107] (INFO) Checked file systems for errors: All filesystems OK.
[2015/11/04 11:38:07.107] (INFO) Checkpointing off-heap server memory...
[2015/11/04 11:38:07.107] (INFO) Network heartbeat check: All OK.
[2015/11/04 11:38:07.107] (INFO) Supervisor has entered RESTARTING state.
[2015/11/04 11:38:07.107] (INFO) Network heartbeat check: All OK.
[2015/11/04 11:38:07.107] (INFO) Backed up all server logs.
[2015/11/04 11:38:07.107] (WARN) Backup server 172.16.82.196 is offline.
[2015/11/04 11:38:07.107] (WARN) Master took 585 ms to respond (threshold=500 ms)
[2015/11/04 11:38:07.107] (INFO) Alien monitor (aliend): Detected no space aliens.
[2015/11/04 11:38:07.107] (INFO) Your mother called. She says you never call her.
[2015/11/04 11:38:07.107] (INFO) Network heartbeat check: All OK.
[2015/11/04 11:38:07.107] (INFO) .evian ylbirret si emehcs otpyrc ym neht ,siht daer nac uoy fI
[2015/11/04 11:38:07.107] (ERROR) CPU temperature exceeds 50º Celsius. Shutting down.
[2015/11/04 11:38:07.107] (INFO) Device 0xd456 is online.
[2015/11/04 11:38:07.107] (INFO) Your mother called. She says you never call her.
[2015/11/04 11:38:07.107] (INFO) Alien monitor (aliend): Detected no space aliens.
[2015/11/04 11:38:07.107] (INFO) Device 0x83eb is online.
[2015/11/04 11:38:07.107] (INFO) Supervisor has entered RUNNING state.
[2015/11/04 11:38:07.107] (INFO) Device 0x20d1 is online.
[2015/11/04 11:38:07.107] (INFO) User "ltl2665" logged in from 10.102.208.69.
[2015/11/04 11:38:07.607] (INFO) User "jrb7917" logged out.
[2015/11/04 11:38:07.607] (INFO) Flushed 79 buffers to disk.
[2015/11/04 11:38:07.607] (INFO) Supervisor has entered SUSPENDED state.
[2015/11/04 11:38:07.607] (WARN) Ignoring SIGTERM. It's not that easy to get rid of me.
[2015/11/04 11:38:07.607] (INFO) .evian ylbirret si emehcs otpyrc ym neht ,siht daer nac uoy fI
[2015/11/04 11:38:07.607] (ERROR) EFOODFAIL (Waiter, there's a fly in my soup).
[2015/11/04 11:38:07.607] (INFO) Sending SIGTERM to 2 excess workers.
[2015/11/04 11:38:07.607] (INFO) Pinging watchdog timer process: Process is alive.
[2015/11/04 11:38:07.607] (INFO) Pinging watchdog timer process: Process is alive.
[2015/11/04 11:38:07.607] (INFO) User "nze4397" logged out.
[2015/11/04 11:38:07.607] (INFO) Supervisor has entered WAITING state.
[2015/11/04 11:38:07.607] (INFO) Device 0x66e5 is online.
[2015/11/04 11:38:07.607] (INFO) Network heartbeat check: All OK.
[2015/11/04 11:38:07.607] (INFO) Checked file systems for errors: All filesystems OK.
[2015/11/04 11:38:07.607] (INFO) User "lax3090" logged in from 192.168.41.134.
[2015/11/04 11:38:07.607] (INFO) User "zsj2412" logged out.
[2015/11/04 11:38:07.607] (INFO) Supervisor has entered WAITING state.
[2015/11/04 11:38:07.607] (INFO) Alien monitor (aliend): Detected no space aliens.
[2015/11/04 11:38:07.607] (INFO) Pinging watchdog timer process: Process is alive.
[2015/11/04 11:38:07.607] (INFO) Checkpointing off-heap server memory...
[2015/11/04 11:38:07.607] (INFO) Supervisor has entered RUNNING state.
[2015/11/04 11:38:07.607] (INFO) Checked file systems for errors: All filesystems OK.
[2015/11/04 11:38:07.607] (INFO) User "ffq7492" logged out.
[2015/11/04 11:38:07.607] (INFO) Network heartbeat check: All OK.
[2015/11/04 11:38:07.607] (INFO) Flushed 46 buffers to disk.
[2015/11/04 11:38:07.607] (INFO) Device 0xf928 is online.
[2015/11/04 11:38:07.607] (INFO) Flushed 28 buffers to disk.
[2015/11/04 11:38:07.607] (INFO) User "spt3090" logged in from 192.168.2.15.
[2015/11/04 11:38:07.607] (INFO) Pinging watchdog timer process: Process is alive.
[2015/11/04 11:38:07.607] (INFO) Supervisor has entered WAITING state.
[2015/11/04 11:38:07.607] (INFO) Alien monitor (aliend): Detected no space aliens.
[2015/11/04 11:38:07.607] (INFO) Waiting for supervisor process (PID 15014) to die.
[2015/11/04 11:38:07.607] (INFO) Pinging watchdog timer process: Process is alive.
[2015/11/04 11:38:07.607] (INFO) User "arr9598" logged in from 172.16.10.99.
[2015/11/04 11:38:07.607] (INFO) User "xup9895" logged out due to inactivity (timeout=30 minutes).
[2015/11/04 11:38:07.607] (INFO) Pinging watchdog timer process: Process is alive.
[2015/11/04 11:38:07.607] (INFO) User "yut6169" logged in from 192.168.78.246.
[2015/11/04 11:38:07.607] (INFO) Alien monitor (aliend): Detected no space aliens.
[2015/11/04 11:38:07.607] (INFO) User "kzq2971" logged out.
[2015/11/04 11:38:07.607] (INFO) .evian ylbirret si emehcs otpyrc ym neht ,siht daer nac uoy fI
[2015/11/04 11:38:07.607] (WARN) Backup server 172.16.59.20 is offline.
[2015/11/04 11:38:07.607] (INFO) Supervisor has entered RUNNING state.
[2015/11/04 11:38:07.607] (INFO) Supervisor has entered SUSPENDED state.
[2015/11/04 11:38:07.607] (INFO) Alien monitor (aliend): Detected no space aliens.
[2015/11/04 11:38:07.607] (INFO) Your mother called. She says you never call her.
[2015/11/04 11:38:07.607] (INFO) .evian ylbirret si emehcs otpyrc ym neht ,siht daer nac uoy fI
[2015/11/04 11:38:07.607] (WARN) Watchdog timer crashed. Restarting it.
[2015/11/04 11:38:07.607] (INFO) Network heartbeat check: All OK.
[2015/11/04 11:38:07.607] (INFO) Your mother called. She says you never call her.
[2015/11/04 11:38:07.607] (INFO) Device 0xdefe is online.
[2015/11/04 11:38:07.607] (INFO) Sending SIGTERM to 3 excess workers.
[2015/11/04 11:38:07.607] (INFO) Flushed 54 buffers to disk.
[2015/11/04 11:38:07.607] (WARN) Space on disk /dev/sda1 is low: Only 804 MB available.
[2015/11/04 11:38:07.607] (INFO) Supervisor has entered WAITING state.
[2015/11/04 11:38:07.607] (INFO) Checkpointing off-heap server memory...
[2015/11/04 11:38:07.607] (INFO) Checked file systems for errors: All filesystems OK.
[2015/11/04 11:38:07.607] (INFO) User "qio8496" logged out due to inactivity (timeout=30 minutes).
[2015/11/04 11:38:07.607] (ERROR) "/var/data/avGmY54598.zip": No such file or directory (ENOENT)
[2015/11/04 11:38:07.607] (INFO) Your mother called. She says you never call her.
[2015/11/04 11:38:07.607] (INFO) Your mother called. She says you never call her.
[2015/11/04 11:38:07.607] (INFO) Waiting for supervisor process (PID 60914) to die.
[2015/11/04 11:38:07.607] (INFO) Sending SIGTERM to 2 excess workers.
[2015/11/04 11:38:07.607] (INFO) Backed up all server logs.
[2015/11/04 11:38:07.607] (INFO) Sending SIGTERM to 3 excess workers.
[2015/11/04 11:38:07.607] (INFO) Sending SIGTERM to 2 excess workers.
[2015/11/04 11:38:07.607] (INFO) User "gss7508" logged out.
[2015/11/04 11:38:07.607] (INFO) Network heartbeat check: All OK.
[2015/11/04 11:38:07.607] (INFO) Alien monitor (aliend): Detected no space aliens.
[2015/11/04 11:38:07.607] (WARN) Dropped 5,104 corrupt data packets.
[2015/11/04 11:38:07.607] (INFO) Checked file systems for errors: All filesystems OK.
[2015/11/04 11:38:07.607] (INFO) Alien monitor (aliend): Detected no space aliens.
[2015/11/04 11:38:07.607] (WARN) Possible cyber-attack from China.
[2015/11/04 11:38:07.607] (INFO) Rolling 3 log file(s)...
[2015/11/04 11:38:07.607] (INFO) Pinging watchdog timer process: Process is alive.
[2015/11/04 11:38:07.607] (INFO) Alien monitor (aliend): Detected no space aliens.
[2015/11/04 11:38:07.607] (ERROR) Worker 4 died with SIGKILL. Restarting it.
[2015/11/04 11:38:07.607] (INFO) Supervisor has entered WAITING state.
[2015/11/04 11:38:07.607] (INFO) Alien monitor (aliend): Detected no space aliens.
[2015/11/04 11:38:07.607] (INFO) Flushed 93 buffers to disk.
[2015/11/04 11:38:07.607] (INFO) Network heartbeat check: All OK.
[2015/11/04 11:38:07.607] (ERROR) One of the flayrods has gone out askew on treadle.
[2015/11/04 11:38:07.607] (WARN) CPU temperature exceeds 40º Celsius.
[2015/11/04 11:38:07.607] (INFO) Checkpointing off-heap server memory...
[2015/11/04 11:38:07.607] (INFO) Flushed 73 buffers to disk.
[2015/11/04 11:38:07.607] (INFO) Pinging watchdog timer process: Process is alive.
[2015/11/04 11:38:07.607] (INFO) Checkpointing off-heap server memory...
[2015/11/04 11:38:07.607] (INFO) Rolling 8 log file(s)...
[2015/11/04 11:38:07.607] (WARN) Unable to ping supervisor at 172.16.142.174. Retrying.
[2015/11/04 11:38:07.607] (INFO) Supervisor has entered RESTARTING state.
[2015/11/04 11:38:07.607] (INFO) Backed up all server logs.
[2015/11/04 11:38:07.607] (INFO) Flushed 83 buffers to disk.
[2015/11/04 11:38:07.607] (WARN) Dropped 7,422 corrupt data packets.
[2015/11/04 11:38:07.607] (INFO) Checkpointing off-heap server memory...
[2015/11/04 11:38:07.607] (INFO) User "sjh3059" logged out.
[2015/11/04 11:38:07.607] (INFO) Alien monitor (aliend): Detected no space aliens.
[2015/11/04 11:38:07.607] (INFO) Sending SIGTERM to 3 excess workers.
[2015/11/04 11:38:07.607] (INFO) Checked file systems for errors: All filesystems OK.
[2015/11/04 11:38:07.607] (INFO) User "lwh3853" logged in from 192.168.86.218.
[2015/11/04 11:38:07.607] (ERROR) Blocked Little Bobby Tables attack (https://xkcd.com/327/) from 172.16.70.205.
[2015/11/04 11:38:07.607] (WARN) There is no such thing as a free lunch.
[2015/11/04 11:38:08.107] (INFO) Alien monitor (aliend): Detected no space aliens.
[2015/11/04 11:38:08.107] (INFO) Waiting for master process (PID 20943) to die.
[2015/11/04 11:38:08.107] (INFO) Checked file systems for errors: All filesystems OK.
[2015/11/04 11:38:08.107] (INFO) Alien monitor (aliend): Detected no space aliens.
[2015/11/04 11:38:08.107] (INFO) Your mother called. She says you never call her.
[2015/11/04 11:38:08.107] (INFO) User "xes5980" logged out.
[2015/11/04 11:38:08.107] (INFO) Waiting for supervisor process (PID 10151) to die.
[2015/11/04 11:38:08.107] (INFO) Checked file systems for errors: All filesystems OK.
[2015/11/04 11:38:08.107] (INFO) User "thn8546" logged out due to inactivity (timeout=30 minutes).
[2015/11/04 11:38:08.107] (INFO) Flushed 44 buffers to disk.
[2015/11/04 11:38:08.107] (INFO) Alien monitor (aliend): Detected no space aliens.
[2015/11/04 11:38:08.107] (INFO) Checked file systems for errors: All filesystems OK.
[2015/11/04 11:38:08.107] (INFO) User "fxx4926" logged out due to inactivity (timeout=30 minutes).
[2015/11/04 11:38:08.107] (INFO) Checkpointing off-heap server memory...
[2015/11/04 11:38:08.107] (INFO) Waiting for monitor process (PID 10975) to die.
[2015/11/04 11:38:08.107] (WARN) Master took 648 ms to respond (threshold=500 ms)
[2015/11/04 11:38:08.107] (ERROR) "/var/data/pmEBE94855.xslx": Permission denied (EACCES)
[2015/11/04 11:38:08.107] (INFO) Alien monitor (aliend): Detected no space aliens.
[2015/11/04 11:38:08.107] (INFO) Pinging watchdog timer process: Process is alive.
[2015/11/04 11:38:08.107] (INFO) Device 0x883f is online.
[2015/11/04 11:38:08.107] (INFO) User "kgp3324" logged out due to inactivity (timeout=30 minutes).
[2015/11/04 11:38:08.107] (INFO) Flushed 89 buffers to disk.
[2015/11/04 11:38:08.107] (INFO) Backed up all server logs.
[2015/11/04 11:38:08.107] (INFO) Pinging watchdog timer process: Process is alive.
[2015/11/04 11:38:08.107] (ERROR) Failed to open "/mnt/fileserver01/HBRSD50638.tar.gz": NFS timeout.
[2015/11/04 11:38:08.107] (INFO) Checkpointing off-heap server memory...
[2015/11/04 11:38:08.107] (INFO) Alien monitor (aliend): Detected no space aliens.
[2015/11/04 11:38:08.107] (ERROR) Unable to mount /dev/sdc2. (Time to run fsck?)
[2015/11/04 11:38:08.107] (WARN) CPU temperature exceeds 40º Celsius.
[2015/11/04 11:38:08.107] (INFO) Rolling 7 log file(s)...
[2015/11/04 11:38:08.107] (INFO) Sending SIGTERM to 3 excess workers.
[2015/11/04 11:38:08.107] (INFO) Flushed 79 buffers to disk.
[2015/11/04 11:38:08.107] (INFO) Alien monitor (aliend): Detected no space aliens.
[2015/11/04 11:38:08.107] (ERROR) Worker 5 died with SIGINT. Restarting it.
[2015/11/04 11:38:08.107] (INFO) User "ngc1411" logged in from 192.168.69.143.
[2015/11/04 11:38:08.107] (INFO) Flushed 86 buffers to disk.
[2015/11/04 11:38:08.107] (INFO) User "abr8650" logged out due to inactivity (timeout=30 minutes).
[2015/11/04 11:38:08.107] (INFO) Supervisor has entered WAITING state.
[2015/11/04 11:38:08.107] (WARN) Backup server 172.16.97.219 is offline.
[2015/11/04 11:38:08.107] (INFO) Flushed 29 buffers to disk.
[2015/11/04 11:38:08.107] (INFO) .evian ylbirret si emehcs otpyrc ym neht ,siht daer nac uoy fI
[2015/11/04 11:38:08.107] (INFO) Network heartbeat check: All OK.
[2015/11/04 11:38:08.107] (INFO) Pinging watchdog timer process: Process is alive.
[2015/11/04 11:38:08.107] (INFO) User "qxd5128" logged out due to inactivity (timeout=30 minutes).
[2015/11/04 11:38:08.107] (INFO) Rolling 2 log file(s)...
[2015/11/04 11:38:08.107] (INFO) Flushed 55 buffers to disk.
[2015/11/04 11:38:08.107] (INFO) .evian ylbirret si emehcs otpyrc ym neht ,siht daer nac uoy fI
[2015/11/04 11:38:08.107] (INFO) Checkpointing off-heap server memory...
[2015/11/04 11:38:08.107] (INFO) Pinging watchdog timer process: Process is alive.
[2015/11/04 11:38:08.107] (ERROR) Connection to 172.16.118.27 terminated unexpectedly. Reconnecting.
[2015/11/04 11:38:08.107] (WARN) Master took 657 ms to respond (threshold=500 ms)
[2015/11/04 11:38:08.107] (INFO) Sending SIGTERM to 4 excess workers.
[2015/11/04 11:38:08.107] (INFO) User "xkx6348" logged out.
[2015/11/04 11:38:08.107] (INFO) User "qbb8167" logged out.
[2015/11/04 11:38:08.107] (INFO) Backed up all server logs.
[2015/11/04 11:38:08.107] (INFO) Supervisor has entered RUNNING state.
[2015/11/04 11:38:08.107] (INFO) Alien monitor (aliend): Detected no space aliens.
[2015/11/04 11:38:08.107] (INFO) Checkpointing off-heap server memory...
[2015/11/04 11:38:08.107] (INFO) Network heartbeat check: All OK.
[2015/11/04 11:38:08.107] (INFO) Supervisor has entered RUNNING state.
[2015/11/04 11:38:08.107] (INFO) Checkpointing off-heap server memory...
[2015/11/04 11:38:08.107] (INFO) .evian ylbirret si emehcs otpyrc ym neht ,siht daer nac uoy fI
[2015/11/04 11:38:08.107] (INFO) User "vua4797" logged out due to inactivity (timeout=30 minutes).
[2015/11/04 11:38:08.107] (INFO) Alien monitor (aliend): Detected no space aliens.
[2015/11/04 11:38:08.107] (INFO) Your mother called. She says you never call her.
[2015/11/04 11:38:08.107] (INFO) Flushed 79 buffers to disk.
[2015/11/04 11:38:08.107] (INFO) Checked file systems for errors: All filesystems OK.
[2015/11/04 11:38:08.107] (INFO) Device 0x5859 is online.
[2015/11/04 11:38:08.107] (WARN) Unable to ping supervisor at 192.168.147.233. Retrying.
[2015/11/04 11:38:08.107] (INFO) Checked file systems for errors: All filesystems OK.
[2015/11/04 11:38:08.107] (INFO) User "ank5763" logged out.
[2015/11/04 11:38:08.107] (INFO) Checked file systems for errors: All filesystems OK.
[2015/11/04 11:38:08.107] (INFO) Sending SIGTERM to 2 excess workers.
[2015/11/04 11:38:08.107] (INFO) Network heartbeat check: All OK.
[2015/11/04 11:38:08.107] (INFO) Backed up all server logs.
[2015/11/04 11:38:08.107] (INFO) User "ypf9989" logged in from 192.168.146.174.
[2015/11/04 11:38:08.107] (INFO) Rolling 8 log file(s)...
[2015/11/04 11:38:08.107] (INFO) Checked file systems for errors: All filesystems OK.
[2015/11/04 11:38:08.107] (ERROR) Network heartbeat check FAILED: Master host down?
[2015/11/04 11:38:08.107] (ERROR) Extra characters at end of line.
[2015/11/04 11:38:08.107] (INFO) Backed up all server logs.
[2015/11/04 11:38:08.107] (WARN) Possible cyber-attack from Antarctica.
[2015/11/04 11:38:08.107] (INFO) Waiting for worker process (PID 13755) to die.
[2015/11/04 11:38:08.107] (INFO) Network heartbeat check: All OK.
[2015/11/04 11:38:08.107] (INFO) Backed up all server logs.
[2015/11/04 11:38:08.107] (INFO) Alien monitor (aliend): Detected no space aliens.
[2015/11/04 11:38:08.107] (INFO) Supervisor has entered WAITING state.
[2015/11/04 11:38:08.107] (INFO) Supervisor has entered WAITING state.
[2015/11/04 11:38:08.107] (INFO) Your mother called. She says you never call her.
[2015/11/04 11:38:08.107] (INFO) Pinging watchdog timer process: Process is alive.
[2015/11/04 11:38:08.107] (INFO) Rolling 4 log file(s)...
[2015/11/04 11:38:08.107] (WARN) Master took 988 ms to respond (threshold=500 ms)
[2015/11/04 11:38:08.107] (INFO) Flushed 57 buffers to disk.
[2015/11/04 11:38:08.107] (INFO) .evian ylbirret si emehcs otpyrc ym neht ,siht daer nac uoy fI
[2015/11/04 11:38:08.107] (INFO) Alien monitor (aliend): Detected no space aliens.
[2015/11/04 11:38:08.107] (WARN) Ignoring SIGTERM. It's not that easy to get rid of me.
[2015/11/04 11:38:08.107] (INFO) Supervisor has entered RESTARTING state.
[2015/11/04 11:38:08.107] (INFO) Device 0x4746 is online.
[2015/11/04 11:38:08.107] (INFO) Device 0xd3fc is online.
[2015/11/04 11:38:08.107] (INFO) Rolling 1 log file(s)...
[2015/11/04 11:38:08.608] (ERROR) Blocked Little Bobby Tables attack (https://xkcd.com/327/) from 10.241.236.76.
[2015/11/04 11:38:08.608] (INFO) Checkpointing off-heap server memory...
[2015/11/04 11:38:08.608] (INFO) Sending SIGTERM to 3 excess workers.
[2015/11/04 11:38:08.608] (INFO) Sending SIGTERM to 2 excess workers.
[2015/11/04 11:38:08.608] (INFO) Flushed 24 buffers to disk.
[2015/11/04 11:38:08.608] (INFO) .evian ylbirret si emehcs otpyrc ym neht ,siht daer nac uoy fI
[2015/11/04 11:38:08.608] (ERROR) Network heartbeat check FAILED: Master host down?
[2015/11/04 11:38:08.608] (INFO) User "qnp2670" logged out.
[2015/11/04 11:38:08.608] (WARN) Space on disk /dev/sdc4 is low: Only 440 MB available.
[2015/11/04 11:38:08.608] (INFO) User "uks7870" logged in from 192.168.140.176.
[2015/11/04 11:38:08.608] (ERROR) Blocked Little Bobby Tables attack (https://xkcd.com/327/) from 192.168.104.68.
[2015/11/04 11:38:08.608] (INFO) Waiting for supervisor process (PID 25932) to die.
[2015/11/04 11:38:08.608] (INFO) Pinging watchdog timer process: Process is alive.
[2015/11/04 11:38:08.608] (INFO) Sending SIGTERM to 4 excess workers.
[2015/11/04 11:38:08.608] (INFO) Device 0x5140 is online.
[2015/11/04 11:38:08.608] (INFO) Your mother called. She says you never call her.
[2015/11/04 11:38:08.608] (ERROR) Unable to mount /dev/sdf1. (Time to run fsck?)
[2015/11/04 11:38:08.608] (INFO) User "qhq9689" logged out.
[2015/11/04 11:38:08.608] (INFO) Device 0xc99f is online.
[2015/11/04 11:38:08.608] (INFO) Waiting for supervisor process (PID 46023) to die.
[2015/11/04 11:38:08.608] (WARN) There is no such thing as a free lunch.
[2015/11/04 11:38:08.608] (INFO) Checkpointing off-heap server memory...
[2015/11/04 11:38:08.608] (INFO) User "xev9741" logged out.
[2015/11/04 11:38:08.608] (WARN) CPU temperature exceeds 40º Celsius.
[2015/11/04 11:38:08.608] (INFO) .evian ylbirret si emehcs otpyrc ym neht ,siht daer nac uoy fI
[2015/11/04 11:38:08.608] (INFO) Pinging watchdog timer process: Process is alive.
[2015/11/04 11:38:08.608] (INFO) Device 0xe046 is online.
[2015/11/04 11:38:08.608] (INFO) .evian ylbirret si emehcs otpyrc ym neht ,siht daer nac uoy fI
[2015/11/04 11:38:08.608] (WARN) Retrying server log checkpoint.
[2015/11/04 11:38:08.608] (INFO) User "pwv8556" logged out.
[2015/11/04 11:38:08.608] (INFO) Sending SIGTERM to 4 excess workers.
[2015/11/04 11:38:08.608] (INFO) Backed up all server logs.
[2015/11/04 11:38:08.608] (INFO) User "dwl1079" logged in from 10.235.29.230.
[2015/11/04 11:38:08.608] (INFO) Supervisor has entered SUSPENDED state.
[2015/11/04 11:38:08.608] (INFO) Device 0xb2d1 is online.
[2015/11/04 11:38:08.608] (INFO) Rolling 5 log file(s)...
[2015/11/04 11:38:08.608] (INFO) Checked file systems for errors: All filesystems OK.
[2015/11/04 11:38:08.608] (ERROR) "/var/data/FVWPf89078.tsv": No such file or directory (ENOENT)
[2015/11/04 11:38:08.608] (INFO) Device 0x42dc is online.
[2015/11/04 11:38:08.608] (INFO) Checkpointing off-heap server memory...
[2015/11/04 11:38:08.608] (INFO) Backed up all server logs.
[2015/11/04 11:38:08.608] (INFO) Checkpointing off-heap server memory...
[2015/11/04 11:38:08.608] (INFO) Pinging watchdog timer process: Process is alive.
[2015/11/04 11:38:08.608] (INFO) Alien monitor (aliend): Detected no space aliens.
[2015/11/04 11:38:08.608] (ERROR) One of the flayrods has gone out askew on treadle.
[2015/11/04 11:38:08.608] (INFO) Device 0xa3bc is online.
[2015/11/04 11:38:08.608] (INFO) Sending SIGTERM to 3 excess workers.
[2015/11/04 11:38:08.608] (ERROR) Blocked Little Bobby Tables attack (https://xkcd.com/327/) from 10.111.194.54.
[2015/11/04 11:38:08.608] (ERROR) Extra characters at end of line.
[2015/11/04 11:38:08.608] (INFO) Your mother called. She says you never call her.
[2015/11/04 11:38:08.608] (INFO) User "aqo9412" logged out.
[2015/11/04 11:38:08.608] (INFO) User "cvl6571" logged in from 172.16.191.66.
[2015/11/04 11:38:08.608] (INFO) Checkpointing off-heap server memory...
[2015/11/04 11:38:08.608] (INFO) Sending SIGTERM to 2 excess workers.
[2015/11/04 11:38:08.608] (INFO) Alien monitor (aliend): Detected no space aliens.
[2015/11/04 11:38:08.608] (INFO) User "mhw6662" logged in from 172.16.135.218.
[2015/11/04 11:38:08.608] (INFO) Rolling 1 log file(s)...
[2015/11/04 11:38:08.608] (WARN) CPU temperature exceeds 40º Celsius.
[2015/11/04 11:38:08.608] (INFO) Network heartbeat check: All OK.
[2015/11/04 11:38:08.608] (INFO) .evian ylbirret si emehcs otpyrc ym neht ,siht daer nac uoy fI
[2015/11/04 11:38:08.608] (INFO) Device 0x6211 is online.
[2015/11/04 11:38:08.608] (INFO) Flushed 60 buffers to disk.
[2015/11/04 11:38:08.608] (INFO) Sending SIGTERM to 2 excess workers.
[2015/11/04 11:38:08.608] (INFO) Network heartbeat check: All OK.
[2015/11/04 11:38:08.608] (INFO) Flushed 44 buffers to disk.
[2015/11/04 11:38:08.608] (INFO) Pinging watchdog timer process: Process is alive.
[2015/11/04 11:38:08.608] (INFO) Sending SIGTERM to 4 excess workers.
[2015/11/04 11:38:08.608] (WARN) Network heartbeat check: 1 server(s) did not respond.
[2015/11/04 11:38:08.608] (ERROR) Failed to write checkpoint file "/var/checkpoint/GcmJh84487: No space left on device (ENOSPC)
[2015/11/04 11:38:08.608] (INFO) Backed up all server logs.
[2015/11/04 11:38:08.608] (INFO) Alien monitor (aliend): Detected no space aliens.
[2015/11/04 11:38:08.608] (ERROR) "/var/data/XrQrN52441.tar.gz": Permission denied (EACCES)
[2015/11/04 11:38:08.608] (INFO) Your mother called. She says you never call her.
[2015/11/04 11:38:08.608] (INFO) Flushed 27 buffers to disk.
[2015/11/04 11:38:08.608] (ERROR) Failed to write checkpoint file "/var/checkpoint/HjRxc95637: No space left on device (ENOSPC)
[2015/11/04 11:38:08.608] (WARN) Ignoring SIGTERM. It's not that easy to get rid of me.
[2015/11/04 11:38:08.608] (INFO) Flushed 34 buffers to disk.
[2015/11/04 11:38:08.608] (INFO) User "yjr3178" logged out due to inactivity (timeout=30 minutes).
[2015/11/04 11:38:08.608] (INFO) Supervisor has entered SUSPENDED state.
[2015/11/04 11:38:08.608] (INFO) Pinging watchdog timer process: Process is alive.
[2015/11/04 11:38:08.608] (INFO) Backed up all server logs.
[2015/11/04 11:38:08.608] (INFO) .evian ylbirret si emehcs otpyrc ym neht ,siht daer nac uoy fI
[2015/11/04 11:38:08.608] (INFO) Network heartbeat check: All OK.
[2015/11/04 11:38:08.608] (INFO) Flushed 84 buffers to disk.
[2015/11/04 11:38:08.608] (INFO) Checkpointing off-heap server memory...
[2015/11/04 11:38:08.608] (INFO) Checked file systems for errors: All filesystems OK.
[2015/11/04 11:38:08.608] (INFO) User "eit1323" logged out.
[2015/11/04 11:38:08.608] (INFO) User "hoi1503" logged out.
[2015/11/04 11:38:08.608] (INFO) Backed up all server logs.
[2015/11/04 11:38:08.608] (INFO) User "fry4527" logged out.
[2015/11/04 11:38:08.608] (INFO) Your mother called. She says you never call her.
[2015/11/04 11:38:08.608] (INFO) Alien monitor (aliend): Detected no space aliens.
[2015/11/04 11:38:08.608] (INFO) User "eqt9854" logged out due to inactivity (timeout=30 minutes).
[2015/11/04 11:38:08.608] (INFO) User "bjb3806" logged out.
[2015/11/04 11:38:08.608] (INFO) Sending SIGTERM to 3 excess workers.
[2015/11/04 11:38:08.608] (INFO) Rolling 6 log file(s)...
[2015/11/04 11:38:08.608] (INFO) Network heartbeat check: All OK.
[2015/11/04 11:38:08.608] (WARN) There is no such thing as a free lunch.
[2015/11/04 11:38:08.608] (INFO) User "jtp4461" logged out.
[2015/11/04 11:38:08.608] (INFO) Flushed 91 buffers to disk.
[2015/11/04 11:38:09.108] (INFO) User "gcs7300" logged out due to inactivity (timeout=30 minutes).
[2015/11/04 11:38:09.108] (INFO) Checkpointing off-heap server memory...
[2015/11/04 11:38:09.108] (INFO) Checked file systems for errors: All filesystems OK.
[2015/11/04 11:38:09.108] (ERROR) /dev/lp error: "PC LOAD LETTER"
[2015/11/04 11:38:09.108] (WARN) Space on disk /dev/sde2 is low: Only 702 MB available.
[2015/11/04 11:38:09.108] (ERROR) Alien monitor (aliend): 4 space aliens are fiddling with the hardware!
[2015/11/04 11:38:09.108] (INFO) Network heartbeat check: All OK.
[2015/11/04 11:38:09.108] (INFO) .evian ylbirret si emehcs otpyrc ym neht ,siht daer nac uoy fI
[2015/11/04 11:38:09.108] (INFO) Rolling 2 log file(s)...
[2015/11/04 11:38:09.108] (INFO) Supervisor has entered SUSPENDED state.
[2015/11/04 11:38:09.108] (INFO) User "cqf2461" logged out.
[2015/11/04 11:38:09.108] (INFO) Flushed 64 buffers to disk.
[2015/11/04 11:38:09.108] (INFO) Sending SIGTERM to 4 excess workers.
[2015/11/04 11:38:09.108] (INFO) Waiting for supervisor process (PID 36257) to die.
[2015/11/04 11:38:09.108] (INFO) Checked file systems for errors: All filesystems OK.
[2015/11/04 11:38:09.108] (WARN) Unable to ping supervisor at 172.16.124.80. Retrying.
[2015/11/04 11:38:09.108] (INFO) Rolling 8 log file(s)...
[2015/11/04 11:38:09.108] (INFO) Backed up all server logs.
[2015/11/04 11:38:09.108] (INFO) .evian ylbirret si emehcs otpyrc ym neht ,siht daer nac uoy fI
[2015/11/04 11:38:09.108] (WARN) Watchdog timer crashed. Restarting it.
[2015/11/04 11:38:09.108] (ERROR) Network heartbeat check FAILED: Master host down?
[2015/11/04 11:38:09.108] (INFO) User "byf9322" logged in from 10.57.221.41.
[2015/11/04 11:38:09.108] (INFO) .evian ylbirret si emehcs otpyrc ym neht ,siht daer nac uoy fI
[2015/11/04 11:38:09.108] (WARN) Space on disk /dev/sdd4 is low: Only 855 MB available.
[2015/11/04 11:38:09.108] (INFO) Pinging watchdog timer process: Process is alive.
[2015/11/04 11:38:09.108] (INFO) Waiting for monitor process (PID 36673) to die.
[2015/11/04 11:38:09.108] (INFO) User "eeq2917" logged out due to inactivity (timeout=30 minutes).
[2015/11/04 11:38:09.108] (WARN) Network heartbeat check: 7 server(s) did not respond.
[2015/11/04 11:38:09.108] (INFO) Network heartbeat check: All OK.
[2015/11/04 11:38:09.108] (INFO) Your mother called. She says you never call her.
[2015/11/04 11:38:09.108] (INFO) .evian ylbirret si emehcs otpyrc ym neht ,siht daer nac uoy fI
[2015/11/04 11:38:09.108] (INFO) User "jzb8689" logged out.
[2015/11/04 11:38:09.108] (WARN) Watchdog timer crashed. Restarting it.
[2015/11/04 11:38:09.108] (INFO) Network heartbeat check: All OK.
[2015/11/04 11:38:09.108] (INFO) Checked file systems for errors: All filesystems OK.
[2015/11/04 11:38:09.108] (INFO) Your mother called. She says you never call her.
[2015/11/04 11:38:09.108] (INFO) User "pwf7853" logged out due to inactivity (timeout=30 minutes).
[2015/11/04 11:38:09.108] (WARN) Ignoring SIGTERM. It's not that easy to get rid of me.
[2015/11/04 11:38:09.108] (INFO) Supervisor has entered RESTARTING state.
[2015/11/04 11:38:09.108] (INFO) Alien monitor (aliend): Detected no space aliens.
[2015/11/04 11:38:09.108] (INFO) Pinging watchdog timer process: Process is alive.
[2015/11/04 11:38:09.108] (INFO) Rolling 6 log file(s)...
[2015/11/04 11:38:09.108] (WARN) Possible cyber-attack from Antarctica.
[2015/11/04 11:38:09.108] (WARN) CPU temperature exceeds 40º Celsius.
[2015/11/04 11:38:09.108] (INFO) Sending SIGTERM to 2 excess workers.
[2015/11/04 11:38:09.108] (ERROR) Server log backup FAILED. See backup logs.
[2015/11/04 11:38:09.108] (INFO) Device 0x3b28 is online.
[2015/11/04 11:38:09.108] (INFO) User "akh9304" logged out.
[2015/11/04 11:38:09.108] (INFO) Flushed 31 buffers to disk.
[2015/11/04 11:38:09.108] (INFO) Sending SIGTERM to 3 excess workers.
[2015/11/04 11:38:09.108] (INFO) User "pjk6428" logged in from 172.16.100.136.
[2015/11/04 11:38:09.108] (INFO) Alien monitor (aliend): Detected no space aliens.
[2015/11/04 11:38:09.108] (INFO) Supervisor has entered RESTARTING state.
[2015/11/04 11:38:09.108] (INFO) Network heartbeat check: All OK.
[2015/11/04 11:38:09.108] (ERROR) "/var/data/ryNgK80708.parquet": No such file or directory (ENOENT)
[2015/11/04 11:38:09.108] (WARN) There is no such thing as a free lunch.
[2015/11/04 11:38:09.108] (INFO) Waiting for master process (PID 57129) to die.
[2015/11/04 11:38:09.108] (INFO) Your mother called. She says you never call her.
[2015/11/04 11:38:09.108] (INFO) Pinging watchdog timer process: Process is alive.
[2015/11/04 11:38:09.108] (INFO) Alien monitor (aliend): Detected no space aliens.
[2015/11/04 11:38:09.108] (INFO) User "uxa6834" logged out.
[2015/11/04 11:38:09.108] (WARN) Network heartbeat check: 14 server(s) did not respond.
[2015/11/04 11:38:09.108] (INFO) Checked file systems for errors: All filesystems OK.
[2015/11/04 11:38:09.108] (INFO) Alien monitor (aliend): Detected no space aliens.
[2015/11/04 11:38:09.108] (INFO) Rolling 7 log file(s)...
[2015/11/04 11:38:09.108] (INFO) Rolling 5 log file(s)...
[2015/11/04 11:38:09.108] (INFO) Your mother called. She says you never call her.
[2015/11/04 11:38:09.108] (INFO) Pinging watchdog timer process: Process is alive.
[2015/11/04 11:38:09.108] (WARN) Space on disk /dev/sdf4 is low: Only 187 MB available.
[2015/11/04 11:38:09.108] (INFO) Pinging watchdog timer process: Process is alive.
[2015/11/04 11:38:09.108] (ERROR) CPU temperature exceeds 50º Celsius. Shutting down.
[2015/11/04 11:38:09.108] (ERROR) Extra characters at end of line.
[2015/11/04 11:38:09.108] (INFO) Rolling 9 log file(s)...
[2015/11/04 11:38:09.108] (INFO) Checkpointing off-heap server memory...
[2015/11/04 11:38:09.108] (INFO) .evian ylbirret si emehcs otpyrc ym neht ,siht daer nac uoy fI
[2015/11/04 11:38:09.108] (ERROR) CPU temperature exceeds 50º Celsius. Shutting down.
[2015/11/04 11:38:09.108] (INFO) User "qjv2259" logged out.
[2015/11/04 11:38:09.108] (ERROR) "/var/data/nLlLN64273.parquet": No such file or directory (ENOENT)
[2015/11/04 11:38:09.108] (INFO) Supervisor has entered SUSPENDED state.
[2015/11/04 11:38:09.108] (INFO) Alien monitor (aliend): Detected no space aliens.
[2015/11/04 11:38:09.108] (INFO) Network heartbeat check: All OK.
[2015/11/04 11:38:09.108] (INFO) Checked file systems for errors: All filesystems OK.
[2015/11/04 11:38:09.108] (INFO) Alien monitor (aliend): Detected no space aliens.
[2015/11/04 11:38:09.108] (INFO) Device 0x8656 is online.
[2015/11/04 11:38:09.108] (INFO) Network heartbeat check: All OK.
[2015/11/04 11:38:09.108] (INFO) Waiting for worker process (PID 26341) to die.
[2015/11/04 11:38:09.108] (INFO) Checked file systems for errors: All filesystems OK.
[2015/11/04 11:38:09.108] (INFO) User "qxb6426" logged out.
[2015/11/04 11:38:09.108] (INFO) Flushed 46 buffers to disk.
[2015/11/04 11:38:09.108] (INFO) Network heartbeat check: All OK.
[2015/11/04 11:38:09.108] (INFO) Alien monitor (aliend): Detected no space aliens.
[2015/11/04 11:38:09.108] (WARN) There is no such thing as a free lunch.
[2015/11/04 11:38:09.108] (INFO) Checked file systems for errors: All filesystems OK.
[2015/11/04 11:38:09.108] (INFO) User "vzv5221" logged out due to inactivity (timeout=30 minutes).
[2015/11/04 11:38:09.108] (INFO) User "lpx5844" logged in from 192.168.85.223.
[2015/11/04 11:38:09.108] (INFO) Flushed 96 buffers to disk.
[2015/11/04 11:38:09.108] (INFO) Network heartbeat check: All OK.
[2015/11/04 11:38:09.108] (INFO) Sending SIGTERM to 4 excess workers.
[2015/11/04 11:38:09.108] (INFO) Rolling 4 log file(s)...
[2015/11/04 11:38:09.108] (ERROR) Detected incoming DDoS from 192.168.225.197.
[2015/11/04 11:38:09.608] (ERROR) Failed to write checkpoint file "/var/checkpoint/zsOye64604: No space left on device (ENOSPC)
[2015/11/04 11:38:09.608] (INFO) Supervisor has entered WAITING state.
[2015/11/04 11:38:09.608] (INFO) Checked file systems for errors: All filesystems OK.
[2015/11/04 11:38:09.608] (INFO) Sending SIGTERM to 4 excess workers.
[2015/11/04 11:38:09.608] (ERROR) Unable to write to "/var/data/FmhWp94891.parquet": Permission denied (EACCES)
[2015/11/04 11:38:09.608] (INFO) Pinging watchdog timer process: Process is alive.
[2015/11/04 11:38:09.608] (INFO) Backed up all server logs.
[2015/11/04 11:38:09.608] (WARN) Backup server 10.242.117.173 is offline.
[2015/11/04 11:38:09.608] (INFO) User "ftp1728" logged in from 192.168.58.227.
[2015/11/04 11:38:09.608] (INFO) User "mzv7531" logged out due to inactivity (timeout=30 minutes).
[2015/11/04 11:38:09.608] (INFO) Rolling 9 log file(s)...
[2015/11/04 11:38:09.608] (INFO) User "hxh1006" logged in from 172.16.239.98.
[2015/11/04 11:38:09.608] (INFO) Sending SIGTERM to 4 excess workers.
[2015/11/04 11:38:09.608] (INFO) Supervisor has entered SUSPENDED state.
[2015/11/04 11:38:09.608] (INFO) Rolling 5 log file(s)...
[2015/11/04 11:38:09.608] (ERROR) Connection to 192.168.228.251 terminated unexpectedly. Reconnecting.
[2015/11/04 11:38:09.608] (INFO) Rolling 2 log file(s)...
[2015/11/04 11:38:09.608] (ERROR) Device 0xd35f is offline
[2015/11/04 11:38:09.608] (INFO) Network heartbeat check: All OK.
[2015/11/04 11:38:09.608] (WARN) Dropped 9,644 corrupt data packets.
[2015/11/04 11:38:09.608] (INFO) Device 0xb0d2 is online.
[2015/11/04 11:38:09.608] (INFO) User "qwu2221" logged in from 10.238.35.209.
[2015/11/04 11:38:09.608] (WARN) Retrying server log checkpoint.
[2015/11/04 11:38:09.608] (WARN) Ignoring SIGTERM. It's not that easy to get rid of me.
[2015/11/04 11:38:09.608] (INFO) Checked file systems for errors: All filesystems OK.
[2015/11/04 11:38:09.608] (INFO) User "yjj9503" logged in from 10.246.22.236.
[2015/11/04 11:38:09.608] (INFO) User "jnp3606" logged out.
[2015/11/04 11:38:09.608] (INFO) Flushed 86 buffers to disk.
[2015/11/04 11:38:09.608] (INFO) Rolling 3 log file(s)...
[2015/11/04 11:38:09.608] (INFO) Checked file systems for errors: All filesystems OK.
[2015/11/04 11:38:09.608] (INFO) Waiting for worker process (PID 56339) to die.
[2015/11/04 11:38:09.608] (INFO) Sending SIGTERM to 2 excess workers.
[2015/11/04 11:38:09.608] (INFO) .evian ylbirret si emehcs otpyrc ym neht ,siht daer nac uoy fI
[2015/11/04 11:38:09.608] (INFO) User "ahq9535" logged out due to inactivity (timeout=30 minutes).
[2015/11/04 11:38:09.608] (INFO) Supervisor has entered WAITING state.
[2015/11/04 11:38:09.608] (ERROR) Unable to mount /dev/sdd1. (Time to run fsck?)
[2015/11/04 11:38:09.608] (INFO) Checked file systems for errors: All filesystems OK.
[2015/11/04 11:38:09.608] (INFO) Checked file systems for errors: All filesystems OK.
[2015/11/04 11:38:09.608] (INFO) Checkpointing off-heap server memory...
[2015/11/04 11:38:09.608] (WARN) Retrying server log checkpoint.
[2015/11/04 11:38:09.608] (INFO) Flushed 62 buffers to disk.
[2015/11/04 11:38:09.608] (INFO) Network heartbeat check: All OK.
[2015/11/04 11:38:09.608] (WARN) Ignoring SIGTERM. It's not that easy to get rid of me.
[2015/11/04 11:38:09.608] (INFO) Alien monitor (aliend): Detected no space aliens.
[2015/11/04 11:38:09.608] (INFO) Sending SIGTERM to 3 excess workers.
[2015/11/04 11:38:09.608] (INFO) Alien monitor (aliend): Detected no space aliens.
[2015/11/04 11:38:09.608] (INFO) Rolling 5 log file(s)...
[2015/11/04 11:38:09.608] (INFO) User "evi1387" logged out due to inactivity (timeout=30 minutes).
[2015/11/04 11:38:09.608] (ERROR) One of the flayrods has gone out askew on treadle.
[2015/11/04 11:38:09.608] (INFO) Network heartbeat check: All OK.
[2015/11/04 11:38:09.608] (INFO) Network heartbeat check: All OK.
[2015/11/04 11:38:09.608] (INFO) Device 0x4f2b is online.
[2015/11/04 11:38:09.608] (ERROR) Alien monitor (aliend): 4 space aliens are fiddling with the hardware!
[2015/11/04 11:38:09.608] (INFO) .evian ylbirret si emehcs otpyrc ym neht ,siht daer nac uoy fI
[2015/11/04 11:38:09.608] (INFO) User "kek4660" logged out due to inactivity (timeout=30 minutes).
[2015/11/04 11:38:09.608] (INFO) Alien monitor (aliend): Detected no space aliens.
[2015/11/04 11:38:09.608] (ERROR) Server log backup FAILED. See backup logs.
[2015/11/04 11:38:09.608] (ERROR) CPU temperature exceeds 50º Celsius. Shutting down.
[2015/11/04 11:38:09.608] (ERROR) Device 0x6c0b is offline
[2015/11/04 11:38:09.608] (WARN) There is no such thing as a free lunch.
[2015/11/04 11:38:09.608] (INFO) Device 0x8cef is online.
[2015/11/04 11:38:09.608] (INFO) Alien monitor (aliend): Detected no space aliens.
[2015/11/04 11:38:09.608] (INFO) Rolling 9 log file(s)...
[2015/11/04 11:38:09.608] (INFO) User "ymd9923" logged in from 192.168.91.47.
[2015/11/04 11:38:09.608] (INFO) Alien monitor (aliend): Detected no space aliens.
[2015/11/04 11:38:09.608] (INFO) Alien monitor (aliend): Detected no space aliens.
[2015/11/04 11:38:09.608] (INFO) User "pog8115" logged in from 10.38.63.156.
[2015/11/04 11:38:09.608] (WARN) Unable to ping worker at 192.168.100.43. Retrying.
[2015/11/04 11:38:09.608] (INFO) Device 0xecf6 is online.
[2015/11/04 11:38:09.608] (INFO) Device 0xf031 is online.
[2015/11/04 11:38:09.608] (INFO) Your mother called. She says you never call her.
[2015/11/04 11:38:09.608] (INFO) Supervisor has entered RUNNING state.
[2015/11/04 11:38:09.608] (INFO) .evian ylbirret si emehcs otpyrc ym neht ,siht daer nac uoy fI
[2015/11/04 11:38:09.608] (INFO) Supervisor has entered RUNNING state.
[2015/11/04 11:38:09.608] (INFO) Device 0xa15f is online.
[2015/11/04 11:38:09.608] (ERROR) Detected clock skew! Restarting NTP server.
[2015/11/04 11:38:09.608] (INFO) User "otv2766" logged in from 10.108.224.201.
[2015/11/04 11:38:09.608] (WARN) Backup server 172.16.122.221 is offline.
[2015/11/04 11:38:09.608] (INFO) Network heartbeat check: All OK.
[2015/11/04 11:38:09.608] (INFO) User "vtr8062" logged out.
[2015/11/04 11:38:09.608] (WARN) There is no such thing as a free lunch.
[2015/11/04 11:38:09.608] (INFO) Checkpointing off-heap server memory...
[2015/11/04 11:38:09.608] (ERROR) "/var/data/ZYrWl77160.txt": Permission denied (EACCES)
[2015/11/04 11:38:09.608] (INFO) Rolling 2 log file(s)...
[2015/11/04 11:38:09.608] (ERROR) Failed to open "/mnt/fileserver02/ZlsdM68662.xslx": NFS timeout.
[2015/11/04 11:38:09.608] (INFO) Backed up all server logs.
[2015/11/04 11:38:09.608] (INFO) Device 0xd860 is online.
[2015/11/04 11:38:09.608] (WARN) Unable to ping supervisor at 172.16.52.70. Retrying.
[2015/11/04 11:38:09.608] (INFO) Waiting for supervisor process (PID 62910) to die.
[2015/11/04 11:38:09.608] (INFO) Waiting for monitor process (PID 54583) to die.
[2015/11/04 11:38:09.608] (INFO) Checked file systems for errors: All filesystems OK.
[2015/11/04 11:38:09.608] (ERROR) Network heartbeat check FAILED: Master host down?
[2015/11/04 11:38:09.608] (INFO) Device 0x5310 is online.
[2015/11/04 11:38:09.608] (INFO) Pinging watchdog timer process: Process is alive.
[2015/11/04 11:38:09.608] (INFO) Pinging watchdog timer process: Process is alive.
[2015/11/04 11:38:09.608] (INFO) .evian ylbirret si emehcs otpyrc ym neht ,siht daer nac uoy fI
[2015/11/04 11:38:09.608] (INFO) Alien monitor (aliend): Detected no space aliens.
[2015/11/04 11:38:09.608] (WARN) Possible cyber-attack from China.
[2015/11/04 11:38:09.608] (ERROR) /dev/lp error: "PC LOAD LETTER"
[2015/11/04 11:38:09.608] (INFO) Checked file systems for errors: All filesystems OK.
[2015/11/04 11:38:10.108] (INFO) User "kqk2271" logged in from 172.16.103.164.
[2015/11/04 11:38:10.108] (INFO) Sending SIGTERM to 3 excess workers.
[2015/11/04 11:38:10.108] (INFO) Your mother called. She says you never call her.
[2015/11/04 11:38:10.108] (INFO) Rolling 1 log file(s)...
[2015/11/04 11:38:10.108] (INFO) Alien monitor (aliend): Detected no space aliens.
[2015/11/04 11:38:10.108] (INFO) .evian ylbirret si emehcs otpyrc ym neht ,siht daer nac uoy fI
[2015/11/04 11:38:10.108] (INFO) User "hys1623" logged out.
[2015/11/04 11:38:10.108] (ERROR) EFOODFAIL (Waiter, there's a fly in my soup).
[2015/11/04 11:38:10.108] (INFO) Supervisor has entered WAITING state.
[2015/11/04 11:38:10.108] (INFO) Rolling 1 log file(s)...
[2015/11/04 11:38:10.108] (INFO) Supervisor has entered RUNNING state.
[2015/11/04 11:38:10.108] (INFO) User "aty8363" logged out due to inactivity (timeout=30 minutes).
[2015/11/04 11:38:10.108] (INFO) Rolling 7 log file(s)...
[2015/11/04 11:38:10.108] (INFO) Supervisor has entered RESTARTING state.
[2015/11/04 11:38:10.108] (INFO) Rolling 8 log file(s)...
[2015/11/04 11:38:10.108] (WARN) Unable to ping supervisor at 172.16.139.190. Retrying.
[2015/11/04 11:38:10.108] (INFO) Your mother called. She says you never call her.
[2015/11/04 11:38:10.108] (INFO) Flushed 58 buffers to disk.
[2015/11/04 11:38:10.108] (INFO) Alien monitor (aliend): Detected no space aliens.
[2015/11/04 11:38:10.108] (INFO) Checkpointing off-heap server memory...
[2015/11/04 11:38:10.108] (INFO) Waiting for supervisor process (PID 37642) to die.
[2015/11/04 11:38:10.108] (INFO) Backed up all server logs.
[2015/11/04 11:38:10.108] (INFO) .evian ylbirret si emehcs otpyrc ym neht ,siht daer nac uoy fI
[2015/11/04 11:38:10.108] (INFO) Rolling 3 log file(s)...
[2015/11/04 11:38:10.108] (INFO) Rolling 1 log file(s)...
[2015/11/04 11:38:10.108] (INFO) Network heartbeat check: All OK.
[2015/11/04 11:38:10.108] (INFO) Alien monitor (aliend): Detected no space aliens.
[2015/11/04 11:38:10.108] (INFO) Device 0x3853 is online.
[2015/11/04 11:38:10.108] (INFO) Supervisor has entered RESTARTING state.
[2015/11/04 11:38:10.108] (INFO) .evian ylbirret si emehcs otpyrc ym neht ,siht daer nac uoy fI
[2015/11/04 11:38:10.108] (INFO) Your mother called. She says you never call her.
[2015/11/04 11:38:10.108] (ERROR) Failed to open "/mnt/fileserver01/yDKSe56633.tar.gz": NFS timeout.
[2015/11/04 11:38:10.108] (INFO) Backed up all server logs.
[2015/11/04 11:38:10.108] (WARN) Unable to ping master at 172.16.169.83. Retrying.
[2015/11/04 11:38:10.108] (INFO) .evian ylbirret si emehcs otpyrc ym neht ,siht daer nac uoy fI
[2015/11/04 11:38:10.108] (INFO) Pinging watchdog timer process: Process is alive.
[2015/11/04 11:38:10.108] (INFO) User "gpi6762" logged in from 172.16.136.234.
[2015/11/04 11:38:10.108] (INFO) Rolling 2 log file(s)...
[2015/11/04 11:38:10.108] (INFO) Network heartbeat check: All OK.
[2015/11/04 11:38:10.108] (INFO) Checked file systems for errors: All filesystems OK.
[2015/11/04 11:38:10.108] (WARN) There is no such thing as a free lunch.
[2015/11/04 11:38:10.108] (INFO) User "qmj4781" logged out due to inactivity (timeout=30 minutes).
[2015/11/04 11:38:10.108] (INFO) User "dtc5773" logged in from 192.168.36.11.
[2015/11/04 11:38:10.108] (ERROR) Worker 6 died with SIGABRT. Restarting it.
[2015/11/04 11:38:10.108] (ERROR) One of the flayrods has gone out askew on treadle.
[2015/11/04 11:38:10.108] (INFO) Rolling 9 log file(s)...
[2015/11/04 11:38:10.108] (INFO) Network heartbeat check: All OK.
[2015/11/04 11:38:10.108] (INFO) Your mother called. She says you never call her.
[2015/11/04 11:38:10.108] (INFO) Sending SIGTERM to 4 excess workers.
[2015/11/04 11:38:10.108] (WARN) Network heartbeat check: 16 server(s) did not respond.
[2015/11/04 11:38:10.108] (INFO) Alien monitor (aliend): Detected no space aliens.
[2015/11/04 11:38:10.108] (INFO) .evian ylbirret si emehcs otpyrc ym neht ,siht daer nac uoy fI
[2015/11/04 11:38:10.108] (INFO) User "ysw6766" logged out.
[2015/11/04 11:38:10.108] (INFO) User "eln9363" logged in from 172.16.34.103.
[2015/11/04 11:38:10.108] (INFO) Pinging watchdog timer process: Process is alive.
[2015/11/04 11:38:10.108] (INFO) Checkpointing off-heap server memory...
[2015/11/04 11:38:10.108] (INFO) .evian ylbirret si emehcs otpyrc ym neht ,siht daer nac uoy fI
[2015/11/04 11:38:10.108] (INFO) Waiting for master process (PID 62009) to die.
[2015/11/04 11:38:10.108] (INFO) .evian ylbirret si emehcs otpyrc ym neht ,siht daer nac uoy fI
[2015/11/04 11:38:10.108] (INFO) Supervisor has entered SUSPENDED state.
[2015/11/04 11:38:10.108] (ERROR) Detected incoming DDoS from 10.228.5.106.
[2015/11/04 11:38:10.108] (INFO) User "dte8487" logged in from 10.237.56.245.
[2015/11/04 11:38:10.108] (INFO) Checkpointing off-heap server memory...
[2015/11/04 11:38:10.108] (INFO) Flushed 67 buffers to disk.
[2015/11/04 11:38:10.108] (INFO) Supervisor has entered WAITING state.
[2015/11/04 11:38:10.108] (INFO) Sending SIGTERM to 3 excess workers.
[2015/11/04 11:38:10.108] (INFO) Checked file systems for errors: All filesystems OK.
[2015/11/04 11:38:10.108] (INFO) Sending SIGTERM to 3 excess workers.
[2015/11/04 11:38:10.108] (INFO) User "mrx1470" logged out.
[2015/11/04 11:38:10.108] (INFO) Supervisor has entered RUNNING state.
[2015/11/04 11:38:10.108] (INFO) Rolling 3 log file(s)...
[2015/11/04 11:38:10.108] (INFO) Waiting for worker process (PID 23610) to die.
[2015/11/04 11:38:10.108] (INFO) Flushed 91 buffers to disk.
[2015/11/04 11:38:10.108] (INFO) .evian ylbirret si emehcs otpyrc ym neht ,siht daer nac uoy fI
[2015/11/04 11:38:10.108] (INFO) User "fpe9170" logged in from 10.66.215.111.
[2015/11/04 11:38:10.108] (INFO) .evian ylbirret si emehcs otpyrc ym neht ,siht daer nac uoy fI
[2015/11/04 11:38:10.108] (INFO) Sending SIGTERM to 2 excess workers.
[2015/11/04 11:38:10.108] (INFO) Rolling 4 log file(s)...
[2015/11/04 11:38:10.108] (INFO) Supervisor has entered WAITING state.
[2015/11/04 11:38:10.108] (INFO) Your mother called. She says you never call her.
[2015/11/04 11:38:10.108] (INFO) .evian ylbirret si emehcs otpyrc ym neht ,siht daer nac uoy fI
[2015/11/04 11:38:10.108] (INFO) Device 0xd86e is online.
[2015/11/04 11:38:10.108] (INFO) User "dsi1048" logged in from 192.168.144.3.
[2015/11/04 11:38:10.108] (INFO) .evian ylbirret si emehcs otpyrc ym neht ,siht daer nac uoy fI
[2015/11/04 11:38:10.108] (INFO) Supervisor has entered WAITING state.
[2015/11/04 11:38:10.108] (INFO) Waiting for master process (PID 64542) to die.
[2015/11/04 11:38:10.108] (INFO) Supervisor has entered SUSPENDED state.
[2015/11/04 11:38:10.108] (INFO) Checkpointing off-heap server memory...
[2015/11/04 11:38:10.108] (INFO) User "slt2213" logged out due to inactivity (timeout=30 minutes).
[2015/11/04 11:38:10.108] (INFO) Flushed 74 buffers to disk.
[2015/11/04 11:38:10.108] (INFO) Alien monitor (aliend): Detected no space aliens.
[2015/11/04 11:38:10.108] (WARN) Unable to ping master at 172.16.23.63. Retrying.
[2015/11/04 11:38:10.108] (INFO) Backed up all server logs.
[2015/11/04 11:38:10.108] (INFO) Network heartbeat check: All OK.
[2015/11/04 11:38:10.108] (INFO) Device 0x73b5 is online.
[2015/11/04 11:38:10.108] (INFO) Device 0x33d6 is online.
[2015/11/04 11:38:10.108] (INFO) Waiting for supervisor process (PID 49528) to die.
[2015/11/04 11:38:10.108] (WARN) There is no such thing as a free lunch.
[2015/11/04 11:38:10.108] (INFO) Your mother called. She says you never call her.
[2015/11/04 11:38:10.108] (INFO) Checkpointing off-heap server memory...
[2015/11/04 11:38:10.608] (INFO) User "ahj2761" logged out.
[2015/11/04 11:38:10.608] (INFO) Sending SIGTERM to 2 excess workers.
[2015/11/04 11:38:10.608] (ERROR) Detected clock skew! Restarting NTP server.
[2015/11/04 11:38:10.608] (INFO) Backed up all server logs.
[2015/11/04 11:38:10.608] (INFO) .evian ylbirret si emehcs otpyrc ym neht ,siht daer nac uoy fI
[2015/11/04 11:38:10.608] (INFO) Pinging watchdog timer process: Process is alive.
[2015/11/04 11:38:10.608] (INFO) Supervisor has entered SUSPENDED state.
[2015/11/04 11:38:10.608] (INFO) Pinging watchdog timer process: Process is alive.
[2015/11/04 11:38:10.608] (INFO) Waiting for worker process (PID 37853) to die.
[2015/11/04 11:38:10.608] (INFO) Pinging watchdog timer process: Process is alive.
[2015/11/04 11:38:10.608] (INFO) Your mother called. She says you never call her.
[2015/11/04 11:38:10.608] (INFO) Device 0xd77d is online.
[2015/11/04 11:38:10.608] (INFO) User "eqe6493" logged out due to inactivity (timeout=30 minutes).
[2015/11/04 11:38:10.608] (INFO) Pinging watchdog timer process: Process is alive.
[2015/11/04 11:38:10.608] (INFO) User "ccm7820" logged out due to inactivity (timeout=30 minutes).
[2015/11/04 11:38:10.608] (WARN) CPU temperature exceeds 40º Celsius.
[2015/11/04 11:38:10.608] (INFO) Backed up all server logs.
[2015/11/04 11:38:10.608] (INFO) User "jta7641" logged out due to inactivity (timeout=30 minutes).
[2015/11/04 11:38:10.608] (INFO) Sending SIGTERM to 2 excess workers.
[2015/11/04 11:38:10.608] (INFO) Rolling 8 log file(s)...
[2015/11/04 11:38:10.608] (INFO) Backed up all server logs.
[2015/11/04 11:38:10.608] (INFO) .evian ylbirret si emehcs otpyrc ym neht ,siht daer nac uoy fI
[2015/11/04 11:38:10.608] (INFO) .evian ylbirret si emehcs otpyrc ym neht ,siht daer nac uoy fI
[2015/11/04 11:38:10.608] (INFO) User "zza3125" logged in from 10.200.170.211.
[2015/11/04 11:38:10.608] (INFO) .evian ylbirret si emehcs otpyrc ym neht ,siht daer nac uoy fI
[2015/11/04 11:38:10.608] (WARN) Ignoring SIGTERM. It's not that easy to get rid of me.
[2015/11/04 11:38:10.608] (INFO) Network heartbeat check: All OK.
[2015/11/04 11:38:10.608] (INFO) User "cra2069" logged out due to inactivity (timeout=30 minutes).
[2015/11/04 11:38:10.608] (INFO) Checked file systems for errors: All filesystems OK.
[2015/11/04 11:38:10.608] (WARN) There is no such thing as a free lunch.
[2015/11/04 11:38:10.608] (INFO) Flushed 64 buffers to disk.
[2015/11/04 11:38:10.608] (INFO) Your mother called. She says you never call her.
[2015/11/04 11:38:10.608] (INFO) Your mother called. She says you never call her.
[2015/11/04 11:38:10.608] (WARN) Watchdog timer crashed. Restarting it.
[2015/11/04 11:38:10.608] (WARN) Ignoring SIGTERM. It's not that easy to get rid of me.
[2015/11/04 11:38:10.608] (INFO) Pinging watchdog timer process: Process is alive.
[2015/11/04 11:38:10.608] (INFO) Alien monitor (aliend): Detected no space aliens.
[2015/11/04 11:38:10.608] (INFO) Checkpointing off-heap server memory...
[2015/11/04 11:38:10.608] (ERROR) One of the flayrods has gone out askew on treadle.
[2015/11/04 11:38:10.608] (INFO) Flushed 94 buffers to disk.
[2015/11/04 11:38:10.608] (INFO) Network heartbeat check: All OK.
[2015/11/04 11:38:10.608] (INFO) Rolling 8 log file(s)...
[2015/11/04 11:38:10.608] (INFO) Device 0x6f87 is online.
[2015/11/04 11:38:10.608] (INFO) Waiting for monitor process (PID 53499) to die.
[2015/11/04 11:38:10.608] (INFO) Checkpointing off-heap server memory...
[2015/11/04 11:38:10.608] (WARN) Ignoring SIGTERM. It's not that easy to get rid of me.
[2015/11/04 11:38:10.608] (INFO) Device 0x3df2 is online.
[2015/11/04 11:38:10.608] (WARN) Master took 987 ms to respond (threshold=500 ms)
[2015/11/04 11:38:10.608] (ERROR) Unable to mount /dev/sdf3. (Time to run fsck?)
[2015/11/04 11:38:10.608] (WARN) CPU temperature exceeds 40º Celsius.
[2015/11/04 11:38:10.608] (INFO) Checked file systems for errors: All filesystems OK.
[2015/11/04 11:38:10.608] (INFO) User "rne4509" logged out due to inactivity (timeout=30 minutes).
[2015/11/04 11:38:10.608] (INFO) .evian ylbirret si emehcs otpyrc ym neht ,siht daer nac uoy fI
[2015/11/04 11:38:10.608] (INFO) Your mother called. She says you never call her.
[2015/11/04 11:38:10.608] (INFO) Checkpointing off-heap server memory...
[2015/11/04 11:38:10.608] (INFO) Backed up all server logs.
[2015/11/04 11:38:10.608] (INFO) Network heartbeat check: All OK.
[2015/11/04 11:38:10.608] (INFO) Checked file systems for errors: All filesystems OK.
[2015/11/04 11:38:10.608] (INFO) Waiting for worker process (PID 50948) to die.
[2015/11/04 11:38:10.608] (WARN) Space on disk /dev/sda3 is low: Only 206 MB available.
[2015/11/04 11:38:10.608] (INFO) Rolling 7 log file(s)...
[2015/11/04 11:38:10.608] (INFO) Alien monitor (aliend): Detected no space aliens.
[2015/11/04 11:38:10.608] (WARN) CPU temperature exceeds 40º Celsius.
[2015/11/04 11:38:10.608] (INFO) Your mother called. She says you never call her.
[2015/11/04 11:38:10.608] (INFO) .evian ylbirret si emehcs otpyrc ym neht ,siht daer nac uoy fI
[2015/11/04 11:38:10.608] (INFO) Your mother called. She says you never call her.
[2015/11/04 11:38:10.608] (INFO) Network heartbeat check: All OK.
[2015/11/04 11:38:10.608] (WARN) Unable to ping supervisor at 192.168.198.224. Retrying.
[2015/11/04 11:38:10.608] (INFO) Supervisor has entered RESTARTING state.
[2015/11/04 11:38:10.608] (INFO) Waiting for monitor process (PID 15945) to die.
[2015/11/04 11:38:10.608] (INFO) Flushed 64 buffers to disk.
[2015/11/04 11:38:10.608] (INFO) Alien monitor (aliend): Detected no space aliens.
[2015/11/04 11:38:10.608] (INFO) Your mother called. She says you never call her.
[2015/11/04 11:38:10.608] (INFO) Sending SIGTERM to 4 excess workers.
[2015/11/04 11:38:10.608] (INFO) Rolling 9 log file(s)...
[2015/11/04 11:38:10.608] (INFO) Network heartbeat check: All OK.
[2015/11/04 11:38:10.608] (INFO) Checkpointing off-heap server memory...
[2015/11/04 11:38:10.608] (INFO) Alien monitor (aliend): Detected no space aliens.
[2015/11/04 11:38:10.608] (INFO) Checked file systems for errors: All filesystems OK.
[2015/11/04 11:38:10.608] (INFO) Checked file systems for errors: All filesystems OK.
[2015/11/04 11:38:10.608] (INFO) Device 0x004e is online.
[2015/11/04 11:38:10.608] (INFO) Checkpointing off-heap server memory...
[2015/11/04 11:38:10.608] (INFO) Device 0x7076 is online.
[2015/11/04 11:38:10.608] (INFO) Backed up all server logs.
[2015/11/04 11:38:10.608] (INFO) User "wvi3611" logged out due to inactivity (timeout=30 minutes).
[2015/11/04 11:38:10.608] (ERROR) Unable to mount /dev/sdd4. (Time to run fsck?)
[2015/11/04 11:38:10.608] (INFO) Alien monitor (aliend): Detected no space aliens.
[2015/11/04 11:38:10.608] (INFO) User "iiv2429" logged in from 10.205.50.47.
[2015/11/04 11:38:10.608] (INFO) Alien monitor (aliend): Detected no space aliens.
[2015/11/04 11:38:10.608] (INFO) Checkpointing off-heap server memory...
[2015/11/04 11:38:10.608] (INFO) Flushed 55 buffers to disk.
[2015/11/04 11:38:10.608] (INFO) Device 0xa838 is online.
[2015/11/04 11:38:10.608] (INFO) Checked file systems for errors: All filesystems OK.
[2015/11/04 11:38:10.608] (INFO) Network heartbeat check: All OK.
[2015/11/04 11:38:10.608] (INFO) Supervisor has entered RESTARTING state.
[2015/11/04 11:38:10.608] (INFO) .evian ylbirret si emehcs otpyrc ym neht ,siht daer nac uoy fI
[2015/11/04 11:38:10.608] (INFO) User "ecc7623" logged out.
[2015/11/04 11:38:10.608] (INFO) Rolling 1 log file(s)...
[2015/11/04 11:38:10.608] (INFO) Flushed 54 buffers to disk.
[2015/11/04 11:38:10.608] (INFO) .evian ylbirret si emehcs otpyrc ym neht ,siht daer nac uoy fI
[2015/11/04 11:38:11.108] (ERROR) Failed to write checkpoint file "/var/checkpoint/WyoTL78088: No space left on device (ENOSPC)
[2015/11/04 11:38:11.108] (INFO) Waiting for worker process (PID 20360) to die.
[2015/11/04 11:38:11.108] (INFO) Sending SIGTERM to 3 excess workers.
[2015/11/04 11:38:11.108] (INFO) Alien monitor (aliend): Detected no space aliens.
[2015/11/04 11:38:11.108] (INFO) .evian ylbirret si emehcs otpyrc ym neht ,siht daer nac uoy fI
[2015/11/04 11:38:11.108] (INFO) User "ssa8724" logged out.
[2015/11/04 11:38:11.108] (INFO) .evian ylbirret si emehcs otpyrc ym neht ,siht daer nac uoy fI
[2015/11/04 11:38:11.108] (INFO) Your mother called. She says you never call her.
[2015/11/04 11:38:11.108] (INFO) Flushed 44 buffers to disk.
[2015/11/04 11:38:11.108] (WARN) Retrying server log checkpoint.
[2015/11/04 11:38:11.108] (INFO) User "fzy7093" logged out due to inactivity (timeout=30 minutes).
[2015/11/04 11:38:11.108] (ERROR) Alien monitor (aliend): 3 space aliens are fiddling with the hardware!
[2015/11/04 11:38:11.108] (INFO) Your mother called. She says you never call her.
[2015/11/04 11:38:11.108] (ERROR) One of the flayrods has gone out askew on treadle.
[2015/11/04 11:38:11.108] (INFO) Sending SIGTERM to 4 excess workers.
[2015/11/04 11:38:11.108] (INFO) User "olt5148" logged in from 10.165.186.179.
[2015/11/04 11:38:11.108] (INFO) .evian ylbirret si emehcs otpyrc ym neht ,siht daer nac uoy fI
[2015/11/04 11:38:11.108] (INFO) Checked file systems for errors: All filesystems OK.
[2015/11/04 11:38:11.108] (WARN) Possible cyber-attack from Nebraska.
[2015/11/04 11:38:11.108] (INFO) Checked file systems for errors: All filesystems OK.
[2015/11/04 11:38:11.108] (INFO) Device 0x0f9e is online.
[2015/11/04 11:38:11.108] (INFO) Your mother called. She says you never call her.
[2015/11/04 11:38:11.108] (WARN) Retrying server log checkpoint.
[2015/11/04 11:38:11.108] (INFO) User "smf6624" logged out due to inactivity (timeout=30 minutes).
[2015/11/04 11:38:11.108] (INFO) .evian ylbirret si emehcs otpyrc ym neht ,siht daer nac uoy fI
[2015/11/04 11:38:11.108] (INFO) Checkpointing off-heap server memory...
[2015/11/04 11:38:11.108] (INFO) Sending SIGTERM to 2 excess workers.
[2015/11/04 11:38:11.108] (INFO) Waiting for supervisor process (PID 61991) to die.
[2015/11/04 11:38:11.108] (INFO) User "inn3543" logged out due to inactivity (timeout=30 minutes).
[2015/11/04 11:38:11.108] (WARN) Unable to ping master at 192.168.112.135. Retrying.
[2015/11/04 11:38:11.108] (INFO) Pinging watchdog timer process: Process is alive.
[2015/11/04 11:38:11.108] (INFO) Pinging watchdog timer process: Process is alive.
[2015/11/04 11:38:11.108] (INFO) .evian ylbirret si emehcs otpyrc ym neht ,siht daer nac uoy fI
[2015/11/04 11:38:11.108] (INFO) User "axg8948" logged out due to inactivity (timeout=30 minutes).
[2015/11/04 11:38:11.108] (WARN) CPU temperature exceeds 40º Celsius.
[2015/11/04 11:38:11.108] (INFO) Checkpointing off-heap server memory...
[2015/11/04 11:38:11.108] (INFO) Alien monitor (aliend): Detected no space aliens.
[2015/11/04 11:38:11.108] (INFO) Checked file systems for errors: All filesystems OK.
[2015/11/04 11:38:11.108] (INFO) Your mother called. She says you never call her.
[2015/11/04 11:38:11.108] (INFO) .evian ylbirret si emehcs otpyrc ym neht ,siht daer nac uoy fI
[2015/11/04 11:38:11.108] (ERROR) Detected incoming DDoS from 10.42.211.15.
[2015/11/04 11:38:11.108] (INFO) Pinging watchdog timer process: Process is alive.
[2015/11/04 11:38:11.108] (INFO) Rolling 2 log file(s)...
[2015/11/04 11:38:11.108] (INFO) Checked file systems for errors: All filesystems OK.
[2015/11/04 11:38:11.108] (INFO) Pinging watchdog timer process: Process is alive.
[2015/11/04 11:38:11.108] (INFO) Pinging watchdog timer process: Process is alive.
[2015/11/04 11:38:11.108] (INFO) User "gtz1504" logged out.
[2015/11/04 11:38:11.108] (INFO) .evian ylbirret si emehcs otpyrc ym neht ,siht daer nac uoy fI
[2015/11/04 11:38:11.108] (WARN) CPU temperature exceeds 40º Celsius.
[2015/11/04 11:38:11.108] (INFO) Supervisor has entered WAITING state.
[2015/11/04 11:38:11.108] (INFO) Checked file systems for errors: All filesystems OK.
[2015/11/04 11:38:11.108] (INFO) Supervisor has entered RUNNING state.
[2015/11/04 11:38:11.108] (INFO) .evian ylbirret si emehcs otpyrc ym neht ,siht daer nac uoy fI
[2015/11/04 11:38:11.108] (WARN) CPU temperature exceeds 40º Celsius.
[2015/11/04 11:38:11.108] (ERROR) /dev/lp error: "PC LOAD LETTER"
[2015/11/04 11:38:11.108] (WARN) Watchdog timer crashed. Restarting it.
[2015/11/04 11:38:11.108] (INFO) Device 0x9db7 is online.
[2015/11/04 11:38:11.108] (ERROR) One of the flayrods has gone out askew on treadle.
[2015/11/04 11:38:11.108] (INFO) Device 0xc8f0 is online.
[2015/11/04 11:38:11.108] (INFO) Device 0x3fff is online.
[2015/11/04 11:38:11.108] (INFO) Backed up all server logs.
[2015/11/04 11:38:11.108] (INFO) Flushed 79 buffers to disk.
[2015/11/04 11:38:11.108] (ERROR) Blocked Little Bobby Tables attack (https://xkcd.com/327/) from 172.16.198.142.
[2015/11/04 11:38:11.108] (INFO) Supervisor has entered SUSPENDED state.
[2015/11/04 11:38:11.108] (INFO) Waiting for worker process (PID 22468) to die.
[2015/11/04 11:38:11.108] (INFO) Sending SIGTERM to 2 excess workers.
[2015/11/04 11:38:11.108] (INFO) Pinging watchdog timer process: Process is alive.
[2015/11/04 11:38:11.108] (INFO) Checkpointing off-heap server memory...
[2015/11/04 11:38:11.108] (INFO) .evian ylbirret si emehcs otpyrc ym neht ,siht daer nac uoy fI
[2015/11/04 11:38:11.108] (INFO) User "vmz8262" logged out due to inactivity (timeout=30 minutes).
[2015/11/04 11:38:11.108] (INFO) Your mother called. She says you never call her.
[2015/11/04 11:38:11.108] (INFO) Backed up all server logs.
[2015/11/04 11:38:11.108] (INFO) Your mother called. She says you never call her.
[2015/11/04 11:38:11.108] (INFO) Your mother called. She says you never call her.
[2015/11/04 11:38:11.108] (INFO) Backed up all server logs.
[2015/11/04 11:38:11.108] (INFO) Alien monitor (aliend): Detected no space aliens.
[2015/11/04 11:38:11.108] (WARN) Retrying server log checkpoint.
[2015/11/04 11:38:11.108] (INFO) Sending SIGTERM to 2 excess workers.
[2015/11/04 11:38:11.108] (INFO) User "kly7347" logged out.
[2015/11/04 11:38:11.108] (INFO) Device 0xdde8 is online.
[2015/11/04 11:38:11.108] (WARN) Network heartbeat check: 2 server(s) did not respond.
[2015/11/04 11:38:11.108] (INFO) Your mother called. She says you never call her.
[2015/11/04 11:38:11.108] (INFO) User "hgs5372" logged out due to inactivity (timeout=30 minutes).
[2015/11/04 11:38:11.108] (INFO) Backed up all server logs.
[2015/11/04 11:38:11.108] (INFO) Alien monitor (aliend): Detected no space aliens.
[2015/11/04 11:38:11.108] (INFO) Alien monitor (aliend): Detected no space aliens.
[2015/11/04 11:38:11.108] (INFO) Backed up all server logs.
[2015/11/04 11:38:11.108] (ERROR) Blocked Little Bobby Tables attack (https://xkcd.com/327/) from 172.16.193.35.
[2015/11/04 11:38:11.108] (INFO) User "ovx7339" logged out due to inactivity (timeout=30 minutes).
[2015/11/04 11:38:11.108] (WARN) Master took 930 ms to respond (threshold=500 ms)
[2015/11/04 11:38:11.108] (INFO) Network heartbeat check: All OK.
[2015/11/04 11:38:11.108] (INFO) .evian ylbirret si emehcs otpyrc ym neht ,siht daer nac uoy fI
[2015/11/04 11:38:11.108] (INFO) Pinging watchdog timer process: Process is alive.
[2015/11/04 11:38:11.108] (INFO) Pinging watchdog timer process: Process is alive.
[2015/11/04 11:38:11.108] (INFO) Checkpointing off-heap server memory...
[2015/11/04 11:38:11.108] (INFO) Your mother called. She says you never call her.
[2015/11/04 11:38:11.108] (INFO) Pinging watchdog timer process: Process is alive.
[2015/11/04 11:38:11.108] (INFO) Alien monitor (aliend): Detected no space aliens.
[2015/11/04 11:38:11.108] (INFO) Device 0x1e06 is online.
[2015/11/04 11:38:11.108] (INFO) Rolling 1 log file(s)...
[2015/11/04 11:38:11.608] (WARN) CPU temperature exceeds 40º Celsius.
[2015/11/04 11:38:11.608] (INFO) Flushed 51 buffers to disk.
[2015/11/04 11:38:11.608] (INFO) Your mother called. She says you never call her.
[2015/11/04 11:38:11.608] (INFO) Checkpointing off-heap server memory...
[2015/11/04 11:38:11.608] (INFO) Alien monitor (aliend): Detected no space aliens.
[2015/11/04 11:38:11.608] (WARN) Space on disk /dev/sdf1 is low: Only 891 MB available.
[2015/11/04 11:38:11.608] (INFO) .evian ylbirret si emehcs otpyrc ym neht ,siht daer nac uoy fI
[2015/11/04 11:38:11.608] (INFO) Pinging watchdog timer process: Process is alive.
[2015/11/04 11:38:11.608] (INFO) Rolling 1 log file(s)...
[2015/11/04 11:38:11.608] (INFO) Pinging watchdog timer process: Process is alive.
[2015/11/04 11:38:11.608] (INFO) Flushed 80 buffers to disk.
[2015/11/04 11:38:11.608] (WARN) Network heartbeat check: 18 server(s) did not respond.
[2015/11/04 11:38:11.608] (ERROR) Extra characters at end of line.
[2015/11/04 11:38:11.608] (INFO) Supervisor has entered RESTARTING state.
[2015/11/04 11:38:11.608] (INFO) Sending SIGTERM to 2 excess workers.
[2015/11/04 11:38:11.608] (INFO) User "xlq2343" logged out due to inactivity (timeout=30 minutes).
[2015/11/04 11:38:11.608] (INFO) Pinging watchdog timer process: Process is alive.
[2015/11/04 11:38:11.608] (INFO) User "qvp3572" logged in from 192.168.146.8.
[2015/11/04 11:38:11.608] (INFO) Flushed 20 buffers to disk.
[2015/11/04 11:38:11.608] (INFO) Pinging watchdog timer process: Process is alive.
[2015/11/04 11:38:11.608] (INFO) Checkpointing off-heap server memory...
[2015/11/04 11:38:11.608] (INFO) Waiting for monitor process (PID 43340) to die.
[2015/11/04 11:38:11.608] (INFO) Network heartbeat check: All OK.
[2015/11/04 11:38:11.608] (INFO) Backed up all server logs.
[2015/11/04 11:38:11.608] (WARN) CPU temperature exceeds 40º Celsius.
[2015/11/04 11:38:11.608] (INFO) Sending SIGTERM to 3 excess workers.
[2015/11/04 11:38:11.608] (INFO) Rolling 1 log file(s)...
[2015/11/04 11:38:11.608] (INFO) Network heartbeat check: All OK.
[2015/11/04 11:38:11.608] (INFO) Device 0x5e4c is online.
[2015/11/04 11:38:11.608] (INFO) Sending SIGTERM to 2 excess workers.
[2015/11/04 11:38:11.608] (INFO) Sending SIGTERM to 2 excess workers.
[2015/11/04 11:38:11.608] (WARN) Master took 561 ms to respond (threshold=500 ms)
[2015/11/04 11:38:11.608] (INFO) Flushed 57 buffers to disk.
[2015/11/04 11:38:11.608] (WARN) Unable to ping monitor at 10.227.141.121. Retrying.
[2015/11/04 11:38:11.608] (WARN) Backup server 10.189.8.146 is offline.
[2015/11/04 11:38:11.608] (INFO) Device 0x9251 is online.
[2015/11/04 11:38:11.608] (ERROR) Blocked SSH traffic originating from 10.172.206.149.
[2015/11/04 11:38:11.608] (INFO) Rolling 7 log file(s)...
[2015/11/04 11:38:11.608] (INFO) .evian ylbirret si emehcs otpyrc ym neht ,siht daer nac uoy fI
[2015/11/04 11:38:11.608] (INFO) User "lsq9775" logged in from 172.16.207.51.
[2015/11/04 11:38:11.608] (INFO) Sending SIGTERM to 3 excess workers.
[2015/11/04 11:38:11.608] (ERROR) Unable to authenticate user "hxp4659": LDAP server isn't responding.
[2015/11/04 11:38:11.608] (INFO) Device 0xcd4e is online.
[2015/11/04 11:38:11.608] (INFO) Checked file systems for errors: All filesystems OK.
[2015/11/04 11:38:11.608] (INFO) User "xst5271" logged in from 192.168.139.18.
[2015/11/04 11:38:11.608] (INFO) Flushed 84 buffers to disk.
[2015/11/04 11:38:11.608] (INFO) Supervisor has entered WAITING state.
[2015/11/04 11:38:11.608] (INFO) Rolling 6 log file(s)...
[2015/11/04 11:38:11.608] (ERROR) Failed to write checkpoint file "/var/checkpoint/jLQbu74167: No space left on device (ENOSPC)
[2015/11/04 11:38:11.608] (INFO) Flushed 27 buffers to disk.
[2015/11/04 11:38:11.608] (INFO) Network heartbeat check: All OK.
[2015/11/04 11:38:11.608] (INFO) Waiting for supervisor process (PID 9009) to die.
[2015/11/04 11:38:11.608] (INFO) User "tqk9831" logged out due to inactivity (timeout=30 minutes).
[2015/11/04 11:38:11.608] (INFO) Supervisor has entered SUSPENDED state.
[2015/11/04 11:38:11.608] (INFO) User "wzo7005" logged out due to inactivity (timeout=30 minutes).
[2015/11/04 11:38:11.608] (INFO) Checkpointing off-heap server memory...
[2015/11/04 11:38:11.608] (INFO) Network heartbeat check: All OK.
[2015/11/04 11:38:11.608] (INFO) User "xzp3554" logged out.
[2015/11/04 11:38:11.608] (WARN) Watchdog timer crashed. Restarting it.
[2015/11/04 11:38:11.608] (INFO) Your mother called. She says you never call her.
[2015/11/04 11:38:11.608] (INFO) Sending SIGTERM to 2 excess workers.
[2015/11/04 11:38:11.608] (INFO) Flushed 46 buffers to disk.
[2015/11/04 11:38:11.608] (INFO) User "gjf7832" logged in from 10.63.228.70.
[2015/11/04 11:38:11.608] (INFO) Device 0xe984 is online.
[2015/11/04 11:38:11.608] (INFO) .evian ylbirret si emehcs otpyrc ym neht ,siht daer nac uoy fI
[2015/11/04 11:38:11.608] (INFO) Network heartbeat check: All OK.
[2015/11/04 11:38:11.608] (INFO) Waiting for supervisor process (PID 7112) to die.
[2015/11/04 11:38:11.608] (INFO) Flushed 30 buffers to disk.
[2015/11/04 11:38:11.608] (INFO) Backed up all server logs.
[2015/11/04 11:38:11.608] (INFO) Sending SIGTERM to 4 excess workers.
[2015/11/04 11:38:11.608] (ERROR) CPU temperature exceeds 50º Celsius. Shutting down.
[2015/11/04 11:38:11.608] (INFO) Flushed 45 buffers to disk.
[2015/11/04 11:38:11.608] (INFO) .evian ylbirret si emehcs otpyrc ym neht ,siht daer nac uoy fI
[2015/11/04 11:38:11.608] (INFO) User "ntx4285" logged out.
[2015/11/04 11:38:11.608] (INFO) Supervisor has entered RUNNING state.
[2015/11/04 11:38:11.608] (INFO) Backed up all server logs.
[2015/11/04 11:38:11.608] (INFO) Rolling 8 log file(s)...
[2015/11/04 11:38:11.608] (INFO) Backed up all server logs.
[2015/11/04 11:38:11.608] (INFO) Checkpointing off-heap server memory...
[2015/11/04 11:38:11.608] (INFO) Pinging watchdog timer process: Process is alive.
[2015/11/04 11:38:11.608] (WARN) Watchdog timer crashed. Restarting it.
[2015/11/04 11:38:11.608] (INFO) Device 0xf9bd is online.
[2015/11/04 11:38:11.608] (INFO) Sending SIGTERM to 2 excess workers.
[2015/11/04 11:38:11.608] (INFO) User "nmx5785" logged out.
[2015/11/04 11:38:11.608] (INFO) Waiting for monitor process (PID 28018) to die.
[2015/11/04 11:38:11.608] (INFO) Backed up all server logs.
[2015/11/04 11:38:11.608] (INFO) Network heartbeat check: All OK.
[2015/11/04 11:38:11.608] (ERROR) /dev/lp error: "PC LOAD LETTER"
[2015/11/04 11:38:11.608] (INFO) User "cij2408" logged out due to inactivity (timeout=30 minutes).
[2015/11/04 11:38:11.608] (INFO) Supervisor has entered SUSPENDED state.
[2015/11/04 11:38:11.608] (INFO) Network heartbeat check: All OK.
[2015/11/04 11:38:11.608] (INFO) Flushed 90 buffers to disk.
[2015/11/04 11:38:11.608] (INFO) Rolling 1 log file(s)...
[2015/11/04 11:38:11.608] (INFO) Checkpointing off-heap server memory...
[2015/11/04 11:38:11.608] (INFO) Sending SIGTERM to 2 excess workers.
[2015/11/04 11:38:11.608] (INFO) Waiting for worker process (PID 49207) to die.
[2015/11/04 11:38:11.608] (INFO) Flushed 72 buffers to disk.
[2015/11/04 11:38:11.608] (INFO) Flushed 84 buffers to disk.
[2015/11/04 11:38:11.608] (INFO) Rolling 6 log file(s)...
[2015/11/04 11:38:11.608] (ERROR) Worker 2 died with SIGABRT. Restarting it.
[2015/11/04 11:38:12.108] (INFO) Sending SIGTERM to 2 excess workers.
[2015/11/04 11:38:12.108] (INFO) Your mother called. She says you never call her.
[2015/11/04 11:38:12.108] (INFO) User "bze7153" logged in from 192.168.118.173.
[2015/11/04 11:38:12.108] (INFO) Supervisor has entered SUSPENDED state.
[2015/11/04 11:38:12.108] (INFO) User "hnv6462" logged out due to inactivity (timeout=30 minutes).
[2015/11/04 11:38:12.108] (INFO) Supervisor has entered RESTARTING state.
[2015/11/04 11:38:12.108] (INFO) User "gtk8804" logged out.
[2015/11/04 11:38:12.108] (INFO) Pinging watchdog timer process: Process is alive.
[2015/11/04 11:38:12.108] (INFO) Device 0x3b37 is online.
[2015/11/04 11:38:12.108] (INFO) Checked file systems for errors: All filesystems OK.
[2015/11/04 11:38:12.108] (INFO) Flushed 41 buffers to disk.
[2015/11/04 11:38:12.108] (INFO) Your mother called. She says you never call her.
[2015/11/04 11:38:12.108] (INFO) Flushed 87 buffers to disk.
[2015/11/04 11:38:12.108] (INFO) .evian ylbirret si emehcs otpyrc ym neht ,siht daer nac uoy fI
[2015/11/04 11:38:12.108] (INFO) Checked file systems for errors: All filesystems OK.
[2015/11/04 11:38:12.108] (INFO) Checkpointing off-heap server memory...
[2015/11/04 11:38:12.108] (ERROR) Detected clock skew! Restarting NTP server.
[2015/11/04 11:38:12.108] (INFO) .evian ylbirret si emehcs otpyrc ym neht ,siht daer nac uoy fI
[2015/11/04 11:38:12.108] (INFO) Alien monitor (aliend): Detected no space aliens.
[2015/11/04 11:38:12.108] (INFO) User "hvs7303" logged out.
[2015/11/04 11:38:12.108] (INFO) Network heartbeat check: All OK.
[2015/11/04 11:38:12.108] (INFO) Checked file systems for errors: All filesystems OK.
[2015/11/04 11:38:12.108] (INFO) Your mother called. She says you never call her.
[2015/11/04 11:38:12.108] (ERROR) Detected clock skew! Restarting NTP server.
[2015/11/04 11:38:12.108] (INFO) Alien monitor (aliend): Detected no space aliens.
[2015/11/04 11:38:12.108] (INFO) Backed up all server logs.
[2015/11/04 11:38:12.108] (INFO) Checked file systems for errors: All filesystems OK.
[2015/11/04 11:38:12.108] (WARN) Ignoring SIGTERM. It's not that easy to get rid of me.
[2015/11/04 11:38:12.108] (INFO) Network heartbeat check: All OK.
[2015/11/04 11:38:12.108] (INFO) Device 0x193f is online.
[2015/11/04 11:38:12.108] (INFO) Supervisor has entered WAITING state.
[2015/11/04 11:38:12.108] (INFO) User "lzn9940" logged out.
[2015/11/04 11:38:12.108] (INFO) Rolling 2 log file(s)...
[2015/11/04 11:38:12.108] (INFO) Flushed 43 buffers to disk.
[2015/11/04 11:38:12.108] (INFO) Flushed 82 buffers to disk.
[2015/11/04 11:38:12.108] (WARN) Watchdog timer crashed. Restarting it.
[2015/11/04 11:38:12.108] (INFO) .evian ylbirret si emehcs otpyrc ym neht ,siht daer nac uoy fI
[2015/11/04 11:38:12.108] (INFO) Supervisor has entered SUSPENDED state.
[2015/11/04 11:38:12.108] (ERROR) CPU temperature exceeds 50º Celsius. Shutting down.
[2015/11/04 11:38:12.108] (WARN) Watchdog timer crashed. Restarting it.
[2015/11/04 11:38:12.108] (INFO) Supervisor has entered WAITING state.
[2015/11/04 11:38:12.108] (INFO) Checked file systems for errors: All filesystems OK.
[2015/11/04 11:38:12.108] (ERROR) Extra characters at end of line.
[2015/11/04 11:38:12.108] (INFO) Device 0xe1df is online.
[2015/11/04 11:38:12.108] (INFO) Rolling 1 log file(s)...
[2015/11/04 11:38:12.108] (INFO) Waiting for monitor process (PID 7641) to die.
[2015/11/04 11:38:12.108] (INFO) Rolling 8 log file(s)...
[2015/11/04 11:38:12.108] (INFO) Your mother called. She says you never call her.
[2015/11/04 11:38:12.108] (INFO) Checkpointing off-heap server memory...
[2015/11/04 11:38:12.108] (INFO) Supervisor has entered RUNNING state.
[2015/11/04 11:38:12.108] (INFO) .evian ylbirret si emehcs otpyrc ym neht ,siht daer nac uoy fI
[2015/11/04 11:38:12.108] (INFO) User "xnh3132" logged in from 192.168.33.197.
[2015/11/04 11:38:12.108] (INFO) Waiting for worker process (PID 24093) to die.
[2015/11/04 11:38:12.108] (INFO) Flushed 21 buffers to disk.
[2015/11/04 11:38:12.108] (INFO) Device 0xa60a is online.
[2015/11/04 11:38:12.108] (INFO) Checked file systems for errors: All filesystems OK.
[2015/11/04 11:38:12.108] (INFO) Sending SIGTERM to 2 excess workers.
[2015/11/04 11:38:12.108] (INFO) Supervisor has entered SUSPENDED state.
[2015/11/04 11:38:12.108] (ERROR) User "kdo7037" failed to log in 3 times. Disabling account.
[2015/11/04 11:38:12.108] (INFO) User "iiq6043" logged in from 172.16.5.90.
[2015/11/04 11:38:12.108] (WARN) Ignoring SIGTERM. It's not that easy to get rid of me.
[2015/11/04 11:38:12.108] (INFO) Checked file systems for errors: All filesystems OK.
[2015/11/04 11:38:12.108] (INFO) Supervisor has entered SUSPENDED state.
[2015/11/04 11:38:12.108] (ERROR) CPU temperature exceeds 50º Celsius. Shutting down.
[2015/11/04 11:38:12.108] (INFO) Device 0xc5a6 is online.
[2015/11/04 11:38:12.108] (INFO) Supervisor has entered RESTARTING state.
[2015/11/04 11:38:12.108] (INFO) Flushed 68 buffers to disk.
[2015/11/04 11:38:12.108] (INFO) Supervisor has entered RUNNING state.
[2015/11/04 11:38:12.108] (INFO) Pinging watchdog timer process: Process is alive.
[2015/11/04 11:38:12.108] (INFO) User "qds3942" logged in from 10.112.103.232.
[2015/11/04 11:38:12.108] (INFO) Device 0x7d1d is online.
[2015/11/04 11:38:12.108] (ERROR) Directory index of "/var/data" is forbidden.
[2015/11/04 11:38:12.108] (INFO) Checked file systems for errors: All filesystems OK.
[2015/11/04 11:38:12.108] (ERROR) Directory index of "/var/data" is forbidden.
[2015/11/04 11:38:12.108] (WARN) Backup server 172.16.32.141 is offline.
[2015/11/04 11:38:12.108] (WARN) Space on disk /dev/sdb4 is low: Only 417 MB available.
[2015/11/04 11:38:12.108] (WARN) Space on disk /dev/sdd1 is low: Only 695 MB available.
[2015/11/04 11:38:12.108] (INFO) Checkpointing off-heap server memory...
[2015/11/04 11:38:12.108] (INFO) Device 0xf14a is online.
[2015/11/04 11:38:12.108] (WARN) There is no such thing as a free lunch.
[2015/11/04 11:38:12.108] (INFO) User "qnx5458" logged out due to inactivity (timeout=30 minutes).
[2015/11/04 11:38:12.108] (INFO) .evian ylbirret si emehcs otpyrc ym neht ,siht daer nac uoy fI
[2015/11/04 11:38:12.108] (INFO) Supervisor has entered SUSPENDED state.
[2015/11/04 11:38:12.108] (INFO) User "mfu7601" logged out.
[2015/11/04 11:38:12.108] (INFO) User "ypj9728" logged out.
[2015/11/04 11:38:12.108] (ERROR) Network heartbeat check FAILED: Master host down?
[2015/11/04 11:38:12.108] (INFO) Checkpointing off-heap server memory...
[2015/11/04 11:38:12.108] (INFO) Backed up all server logs.
[2015/11/04 11:38:12.108] (INFO) User "frf8759" logged out.
[2015/11/04 11:38:12.108] (INFO) Pinging watchdog timer process: Process is alive.
[2015/11/04 11:38:12.108] (INFO) Waiting for supervisor process (PID 5346) to die.
[2015/11/04 11:38:12.108] (WARN) Backup server 192.168.160.49 is offline.
[2015/11/04 11:38:12.108] (INFO) Waiting for worker process (PID 64828) to die.
[2015/11/04 11:38:12.108] (INFO) Network heartbeat check: All OK.
[2015/11/04 11:38:12.108] (INFO) .evian ylbirret si emehcs otpyrc ym neht ,siht daer nac uoy fI
[2015/11/04 11:38:12.108] (INFO) Pinging watchdog timer process: Process is alive.
[2015/11/04 11:38:12.108] (INFO) Sending SIGTERM to 3 excess workers.
[2015/11/04 11:38:12.108] (INFO) .evian ylbirret si emehcs otpyrc ym neht ,siht daer nac uoy fI
[2015/11/04 11:38:12.108] (INFO) Checkpointing off-heap server memory...
[2015/11/04 11:38:12.108] (INFO) Rolling 6 log file(s)...
[2015/11/04 11:38:12.608] (ERROR) /dev/lp error: "PC LOAD LETTER"
[2015/11/04 11:38:12.608] (INFO) User "geh3377" logged out.
[2015/11/04 11:38:12.608] (INFO) Alien monitor (aliend): Detected no space aliens.
[2015/11/04 11:38:12.608] (INFO) Network heartbeat check: All OK.
[2015/11/04 11:38:12.608] (INFO) Waiting for monitor process (PID 10344) to die.
[2015/11/04 11:38:12.608] (WARN) Space on disk /dev/sdc2 is low: Only 534 MB available.
[2015/11/04 11:38:12.608] (INFO) .evian ylbirret si emehcs otpyrc ym neht ,siht daer nac uoy fI
[2015/11/04 11:38:12.608] (INFO) Supervisor has entered WAITING state.
[2015/11/04 11:38:12.608] (WARN) There is no such thing as a free lunch.
[2015/11/04 11:38:12.608] (INFO) Flushed 20 buffers to disk.
[2015/11/04 11:38:12.608] (INFO) Pinging watchdog timer process: Process is alive.
[2015/11/04 11:38:12.608] (INFO) Rolling 3 log file(s)...
[2015/11/04 11:38:12.608] (INFO) Alien monitor (aliend): Detected no space aliens.
[2015/11/04 11:38:12.608] (INFO) .evian ylbirret si emehcs otpyrc ym neht ,siht daer nac uoy fI
[2015/11/04 11:38:12.608] (INFO) Network heartbeat check: All OK.
[2015/11/04 11:38:12.608] (INFO) User "gux8285" logged out.
[2015/11/04 11:38:12.608] (INFO) User "fpf9064" logged out due to inactivity (timeout=30 minutes).
[2015/11/04 11:38:12.608] (INFO) Alien monitor (aliend): Detected no space aliens.
[2015/11/04 11:38:12.608] (INFO) Alien monitor (aliend): Detected no space aliens.
[2015/11/04 11:38:12.608] (INFO) Alien monitor (aliend): Detected no space aliens.
[2015/11/04 11:38:12.608] (INFO) User "rqh1642" logged out.
[2015/11/04 11:38:12.608] (INFO) Supervisor has entered RUNNING state.
[2015/11/04 11:38:12.608] (INFO) User "aqj6719" logged out.
[2015/11/04 11:38:12.608] (INFO) .evian ylbirret si emehcs otpyrc ym neht ,siht daer nac uoy fI
[2015/11/04 11:38:12.608] (INFO) User "sxo6344" logged out due to inactivity (timeout=30 minutes).
[2015/11/04 11:38:12.608] (INFO) Supervisor has entered SUSPENDED state.
[2015/11/04 11:38:12.608] (ERROR) Blocked Little Bobby Tables attack (https://xkcd.com/327/) from 192.168.200.172.
[2015/11/04 11:38:12.608] (INFO) User "zaa2562" logged in from 172.16.175.185.
[2015/11/04 11:38:12.608] (INFO) User "yvb5836" logged out.
[2015/11/04 11:38:12.608] (WARN) There is no such thing as a free lunch.
[2015/11/04 11:38:12.608] (WARN) There is no such thing as a free lunch.
[2015/11/04 11:38:12.608] (INFO) Network heartbeat check: All OK.
[2015/11/04 11:38:12.608] (INFO) Checkpointing off-heap server memory...
[2015/11/04 11:38:12.608] (INFO) Alien monitor (aliend): Detected no space aliens.
[2015/11/04 11:38:12.608] (INFO) Supervisor has entered RESTARTING state.
[2015/11/04 11:38:12.608] (INFO) .evian ylbirret si emehcs otpyrc ym neht ,siht daer nac uoy fI
[2015/11/04 11:38:12.608] (INFO) User "ire1512" logged out due to inactivity (timeout=30 minutes).
[2015/11/04 11:38:12.608] (ERROR) Blocked nmap traffic originating from 172.16.83.234.
[2015/11/04 11:38:12.608] (INFO) Rolling 9 log file(s)...
[2015/11/04 11:38:12.608] (INFO) Flushed 56 buffers to disk.
[2015/11/04 11:38:12.608] (INFO) Checked file systems for errors: All filesystems OK.
[2015/11/04 11:38:12.608] (ERROR) Unable to write to "/var/data/vDgeg81878.parquet": Permission denied (EACCES)
[2015/11/04 11:38:12.608] (INFO) Sending SIGTERM to 4 excess workers.
[2015/11/04 11:38:12.608] (INFO) Device 0x2eec is online.
[2015/11/04 11:38:12.608] (INFO) Flushed 56 buffers to disk.
[2015/11/04 11:38:12.608] (INFO) Rolling 3 log file(s)...
[2015/11/04 11:38:12.608] (INFO) .evian ylbirret si emehcs otpyrc ym neht ,siht daer nac uoy fI
[2015/11/04 11:38:12.608] (ERROR) Unable to mount /dev/sdc1. (Time to run fsck?)
[2015/11/04 11:38:12.608] (INFO) Flushed 79 buffers to disk.
[2015/11/04 11:38:12.608] (INFO) Rolling 5 log file(s)...
[2015/11/04 11:38:12.608] (INFO) Flushed 53 buffers to disk.
[2015/11/04 11:38:12.608] (INFO) Rolling 9 log file(s)...
[2015/11/04 11:38:12.608] (INFO) Backed up all server logs.
[2015/11/04 11:38:12.608] (INFO) Checked file systems for errors: All filesystems OK.
[2015/11/04 11:38:12.608] (INFO) Waiting for supervisor process (PID 57700) to die.
[2015/11/04 11:38:12.608] (INFO) User "xhf2604" logged out due to inactivity (timeout=30 minutes).
[2015/11/04 11:38:12.608] (INFO) Checked file systems for errors: All filesystems OK.
[2015/11/04 11:38:12.608] (ERROR) Detected clock skew! Restarting NTP server.
[2015/11/04 11:38:12.608] (INFO) Waiting for master process (PID 42020) to die.
[2015/11/04 11:38:12.608] (WARN) Possible cyber-attack from Nebraska.
[2015/11/04 11:38:12.608] (WARN) There is no such thing as a free lunch.
[2015/11/04 11:38:12.608] (INFO) .evian ylbirret si emehcs otpyrc ym neht ,siht daer nac uoy fI
[2015/11/04 11:38:12.608] (INFO) Alien monitor (aliend): Detected no space aliens.
[2015/11/04 11:38:12.608] (INFO) Pinging watchdog timer process: Process is alive.
[2015/11/04 11:38:12.608] (INFO) Flushed 63 buffers to disk.
[2015/11/04 11:38:12.608] (INFO) Flushed 67 buffers to disk.
[2015/11/04 11:38:12.608] (ERROR) Extra characters at end of line.
[2015/11/04 11:38:12.608] (ERROR) Failed to open "/mnt/fileserver02/QKaYw62321.xml": NFS timeout.
[2015/11/04 11:38:12.608] (ERROR) Failed to write checkpoint file "/var/checkpoint/oyego88152: No space left on device (ENOSPC)
[2015/11/04 11:38:12.608] (INFO) Alien monitor (aliend): Detected no space aliens.
[2015/11/04 11:38:12.608] (INFO) Backed up all server logs.
[2015/11/04 11:38:12.608] (WARN) Retrying server log checkpoint.
[2015/11/04 11:38:12.608] (INFO) User "vcu3328" logged out.
[2015/11/04 11:38:12.608] (INFO) Checked file systems for errors: All filesystems OK.
[2015/11/04 11:38:12.608] (INFO) Waiting for worker process (PID 54654) to die.
[2015/11/04 11:38:12.608] (INFO) Checked file systems for errors: All filesystems OK.
[2015/11/04 11:38:12.608] (ERROR) Unable to mount /dev/sde4. (Time to run fsck?)
[2015/11/04 11:38:12.608] (INFO) User "jxs1124" logged in from 10.41.178.162.
[2015/11/04 11:38:12.608] (INFO) .evian ylbirret si emehcs otpyrc ym neht ,siht daer nac uoy fI
[2015/11/04 11:38:12.608] (INFO) Checked file systems for errors: All filesystems OK.
[2015/11/04 11:38:12.608] (INFO) Sending SIGTERM to 3 excess workers.
[2015/11/04 11:38:12.608] (INFO) Waiting for supervisor process (PID 7407) to die.
[2015/11/04 11:38:12.608] (INFO) Rolling 3 log file(s)...
[2015/11/04 11:38:12.608] (ERROR) Detected incoming DDoS from 10.253.94.25.
[2015/11/04 11:38:12.608] (INFO) Checked file systems for errors: All filesystems OK.
[2015/11/04 11:38:12.608] (INFO) User "ylm2939" logged out.
[2015/11/04 11:38:12.608] (INFO) Alien monitor (aliend): Detected no space aliens.
[2015/11/04 11:38:12.608] (INFO) Sending SIGTERM to 4 excess workers.
[2015/11/04 11:38:12.608] (INFO) Sending SIGTERM to 2 excess workers.
[2015/11/04 11:38:12.608] (INFO) Waiting for supervisor process (PID 62768) to die.
[2015/11/04 11:38:12.608] (ERROR) Detected incoming DDoS from 10.164.208.43.
[2015/11/04 11:38:12.608] (INFO) Backed up all server logs.
[2015/11/04 11:38:12.608] (ERROR) EFOODFAIL (Waiter, there's a fly in my soup).
[2015/11/04 11:38:12.608] (INFO) Rolling 6 log file(s)...
[2015/11/04 11:38:12.608] (INFO) Rolling 9 log file(s)...
[2015/11/04 11:38:12.608] (INFO) .evian ylbirret si emehcs otpyrc ym neht ,siht daer nac uoy fI
[2015/11/04 11:38:12.608] (WARN) Retrying server log checkpoint.
[2015/11/04 11:38:12.608] (ERROR) User "fka7839" failed to log in 3 times. Disabling account.
[2015/11/04 11:38:12.608] (INFO) Alien monitor (aliend): Detected no space aliens.
[2015/11/04 11:38:12.608] (INFO) Checkpointing off-heap server memory...
[2015/11/04 11:38:13.107] (INFO) Supervisor has entered WAITING state.
[2015/11/04 11:38:13.107] (INFO) Checkpointing off-heap server memory...
[2015/11/04 11:38:13.107] (ERROR) "/var/data/OiVys74583.tsv": No such file or directory (ENOENT)
[2015/11/04 11:38:13.107] (WARN) Network heartbeat check: 15 server(s) did not respond.
[2015/11/04 11:38:13.107] (INFO) Alien monitor (aliend): Detected no space aliens.
[2015/11/04 11:38:13.107] (INFO) Checked file systems for errors: All filesystems OK.
[2015/11/04 11:38:13.107] (INFO) Your mother called. She says you never call her.
[2015/11/04 11:38:13.107] (INFO) Checkpointing off-heap server memory...
[2015/11/04 11:38:13.107] (WARN) Unable to ping worker at 10.69.200.235. Retrying.
[2015/11/04 11:38:13.107] (INFO) User "ust8574" logged out.
[2015/11/04 11:38:13.107] (INFO) Your mother called. She says you never call her.
[2015/11/04 11:38:13.107] (WARN) Unable to ping master at 192.168.116.53. Retrying.
[2015/11/04 11:38:13.107] (WARN) Watchdog timer crashed. Restarting it.
[2015/11/04 11:38:13.107] (INFO) User "scv6825" logged out.
[2015/11/04 11:38:13.107] (INFO) Device 0x0f87 is online.
[2015/11/04 11:38:13.107] (ERROR) Unable to mount /dev/sdb2. (Time to run fsck?)
[2015/11/04 11:38:13.107] (INFO) Device 0x4dfa is online.
[2015/11/04 11:38:13.107] (INFO) Your mother called. She says you never call her.
[2015/11/04 11:38:13.107] (INFO) Network heartbeat check: All OK.
[2015/11/04 11:38:13.107] (INFO) Rolling 4 log file(s)...
[2015/11/04 11:38:13.107] (INFO) Checked file systems for errors: All filesystems OK.
[2015/11/04 11:38:13.107] (INFO) Supervisor has entered RUNNING state.
[2015/11/04 11:38:13.107] (INFO) Pinging watchdog timer process: Process is alive.
[2015/11/04 11:38:13.107] (INFO) Sending SIGTERM to 3 excess workers.
[2015/11/04 11:38:13.107] (INFO) Alien monitor (aliend): Detected no space aliens.
[2015/11/04 11:38:13.107] (INFO) Alien monitor (aliend): Detected no space aliens.
[2015/11/04 11:38:13.107] (INFO) Checkpointing off-heap server memory...
[2015/11/04 11:38:13.107] (INFO) Network heartbeat check: All OK.
[2015/11/04 11:38:13.107] (INFO) Checked file systems for errors: All filesystems OK.
[2015/11/04 11:38:13.107] (WARN) Watchdog timer crashed. Restarting it.
[2015/11/04 11:38:13.107] (INFO) Rolling 1 log file(s)...
[2015/11/04 11:38:13.107] (INFO) User "jwn6401" logged in from 10.129.9.36.
[2015/11/04 11:38:13.107] (WARN) Unable to ping master at 172.16.146.48. Retrying.
[2015/11/04 11:38:13.107] (INFO) User "exn2816" logged in from 172.16.222.191.
[2015/11/04 11:38:13.107] (INFO) Waiting for master process (PID 58894) to die.
[2015/11/04 11:38:13.107] (INFO) User "ctl7349" logged out due to inactivity (timeout=30 minutes).
[2015/11/04 11:38:13.107] (WARN) Retrying server log checkpoint.
[2015/11/04 11:38:13.107] (ERROR) Unable to authenticate user "ixl8492": LDAP server isn't responding.
[2015/11/04 11:38:13.107] (INFO) Rolling 3 log file(s)...
[2015/11/04 11:38:13.107] (WARN) Network heartbeat check: 7 server(s) did not respond.
[2015/11/04 11:38:13.107] (INFO) Network heartbeat check: All OK.
[2015/11/04 11:38:13.107] (INFO) Checkpointing off-heap server memory...
[2015/11/04 11:38:13.107] (WARN) Possible cyber-attack from Alpha Centauri.
[2015/11/04 11:38:13.107] (INFO) Waiting for worker process (PID 65246) to die.
[2015/11/04 11:38:13.107] (INFO) Network heartbeat check: All OK.
[2015/11/04 11:38:13.107] (INFO) .evian ylbirret si emehcs otpyrc ym neht ,siht daer nac uoy fI
[2015/11/04 11:38:13.107] (WARN) Dropped 18,288 corrupt data packets.
[2015/11/04 11:38:13.107] (INFO) Supervisor has entered SUSPENDED state.
[2015/11/04 11:38:13.107] (INFO) Supervisor has entered RUNNING state.
[2015/11/04 11:38:13.107] (INFO) Waiting for master process (PID 11256) to die.
[2015/11/04 11:38:13.107] (INFO) Your mother called. She says you never call her.
[2015/11/04 11:38:13.107] (INFO) Checkpointing off-heap server memory...
[2015/11/04 11:38:13.107] (INFO) Network heartbeat check: All OK.
[2015/11/04 11:38:13.107] (INFO) User "mto4533" logged out.
[2015/11/04 11:38:13.107] (INFO) Sending SIGTERM to 2 excess workers.
[2015/11/04 11:38:13.107] (ERROR) Server log backup FAILED. See backup logs.
[2015/11/04 11:38:13.107] (INFO) Alien monitor (aliend): Detected no space aliens.
[2015/11/04 11:38:13.107] (INFO) User "uch3915" logged in from 172.16.158.36.
[2015/11/04 11:38:13.107] (INFO) Network heartbeat check: All OK.
[2015/11/04 11:38:13.107] (INFO) .evian ylbirret si emehcs otpyrc ym neht ,siht daer nac uoy fI
[2015/11/04 11:38:13.107] (INFO) User "wag3203" logged out due to inactivity (timeout=30 minutes).
[2015/11/04 11:38:13.107] (INFO) Pinging watchdog timer process: Process is alive.
[2015/11/04 11:38:13.107] (INFO) .evian ylbirret si emehcs otpyrc ym neht ,siht daer nac uoy fI
[2015/11/04 11:38:13.107] (INFO) Backed up all server logs.
[2015/11/04 11:38:13.107] (WARN) There is no such thing as a free lunch.
[2015/11/04 11:38:13.107] (INFO) Checkpointing off-heap server memory...
[2015/11/04 11:38:13.107] (INFO) Backed up all server logs.
[2015/11/04 11:38:13.107] (INFO) Checkpointing off-heap server memory...
[2015/11/04 11:38:13.107] (WARN) Dropped 6,550 corrupt data packets.
[2015/11/04 11:38:13.107] (INFO) User "nqe5531" logged out.
[2015/11/04 11:38:13.107] (INFO) Your mother called. She says you never call her.
[2015/11/04 11:38:13.107] (INFO) Device 0xe3be is online.
[2015/11/04 11:38:13.107] (INFO) Pinging watchdog timer process: Process is alive.
[2015/11/04 11:38:13.107] (INFO) Device 0x72a1 is online.
[2015/11/04 11:38:13.107] (INFO) Rolling 2 log file(s)...
[2015/11/04 11:38:13.107] (INFO) Rolling 5 log file(s)...
[2015/11/04 11:38:13.107] (INFO) Checkpointing off-heap server memory...
[2015/11/04 11:38:13.107] (INFO) Checkpointing off-heap server memory...
[2015/11/04 11:38:13.107] (INFO) User "wxq8308" logged out due to inactivity (timeout=30 minutes).
[2015/11/04 11:38:13.107] (INFO) User "tpb3905" logged out.
[2015/11/04 11:38:13.107] (ERROR) /dev/lp error: "PC LOAD LETTER"
[2015/11/04 11:38:13.107] (ERROR) Extra characters at end of line.
[2015/11/04 11:38:13.107] (INFO) Device 0xfcd0 is online.
[2015/11/04 11:38:13.107] (INFO) Supervisor has entered SUSPENDED state.
[2015/11/04 11:38:13.107] (INFO) Sending SIGTERM to 3 excess workers.
[2015/11/04 11:38:13.107] (INFO) User "xag2717" logged out.
[2015/11/04 11:38:13.107] (ERROR) Detected clock skew! Restarting NTP server.
[2015/11/04 11:38:13.107] (INFO) Checkpointing off-heap server memory...
[2015/11/04 11:38:13.107] (INFO) Backed up all server logs.
[2015/11/04 11:38:13.107] (INFO) User "goa8145" logged out.
[2015/11/04 11:38:13.107] (WARN) CPU temperature exceeds 40º Celsius.
[2015/11/04 11:38:13.107] (INFO) Network heartbeat check: All OK.
[2015/11/04 11:38:13.107] (INFO) Backed up all server logs.
[2015/11/04 11:38:13.107] (INFO) Waiting for supervisor process (PID 44182) to die.
[2015/11/04 11:38:13.107] (INFO) Supervisor has entered RUNNING state.
[2015/11/04 11:38:13.107] (INFO) Rolling 1 log file(s)...
[2015/11/04 11:38:13.107] (INFO) Supervisor has entered RESTARTING state.
[2015/11/04 11:38:13.107] (INFO) Checkpointing off-heap server memory...
[2015/11/04 11:38:13.107] (INFO) Checked file systems for errors: All filesystems OK.
[2015/11/04 11:38:13.107] (INFO) Checked file systems for errors: All filesystems OK.
[2015/11/04 11:38:13.608] (WARN) Network heartbeat check: 10 server(s) did not respond.
[2015/11/04 11:38:13.608] (INFO) Checked file systems for errors: All filesystems OK.
[2015/11/04 11:38:13.608] (INFO) Device 0x28cb is online.
[2015/11/04 11:38:13.608] (INFO) User "rvk8151" logged out.
[2015/11/04 11:38:13.608] (ERROR) Directory index of "/var/data" is forbidden.
[2015/11/04 11:38:13.608] (INFO) User "bal3396" logged out.
[2015/11/04 11:38:13.608] (INFO) Device 0x699e is online.
[2015/11/04 11:38:13.608] (INFO) Alien monitor (aliend): Detected no space aliens.
[2015/11/04 11:38:13.608] (INFO) User "aer1142" logged in from 192.168.140.97.
[2015/11/04 11:38:13.608] (WARN) Possible cyber-attack from Antarctica.
[2015/11/04 11:38:13.608] (WARN) Network heartbeat check: 1 server(s) did not respond.
[2015/11/04 11:38:13.608] (INFO) Sending SIGTERM to 4 excess workers.
[2015/11/04 11:38:13.608] (INFO) Checkpointing off-heap server memory...
[2015/11/04 11:38:13.608] (WARN) There is no such thing as a free lunch.
[2015/11/04 11:38:13.608] (INFO) Network heartbeat check: All OK.
[2015/11/04 11:38:13.608] (INFO) Supervisor has entered WAITING state.
[2015/11/04 11:38:13.608] (INFO) Device 0xde68 is online.
[2015/11/04 11:38:13.608] (INFO) Rolling 7 log file(s)...
[2015/11/04 11:38:13.608] (INFO) User "xkd7826" logged in from 10.83.201.11.
[2015/11/04 11:38:13.608] (WARN) Watchdog timer crashed. Restarting it.
[2015/11/04 11:38:13.608] (INFO) Waiting for monitor process (PID 6430) to die.
[2015/11/04 11:38:13.608] (INFO) Alien monitor (aliend): Detected no space aliens.
[2015/11/04 11:38:13.608] (INFO) Supervisor has entered SUSPENDED state.
[2015/11/04 11:38:13.608] (INFO) Checkpointing off-heap server memory...
[2015/11/04 11:38:13.608] (INFO) Checkpointing off-heap server memory...
[2015/11/04 11:38:13.608] (INFO) Waiting for supervisor process (PID 15811) to die.
[2015/11/04 11:38:13.608] (INFO) Alien monitor (aliend): Detected no space aliens.
[2015/11/04 11:38:13.608] (INFO) Pinging watchdog timer process: Process is alive.
[2015/11/04 11:38:13.608] (INFO) Device 0x89b9 is online.
[2015/11/04 11:38:13.608] (INFO) Checked file systems for errors: All filesystems OK.
[2015/11/04 11:38:13.608] (ERROR) One of the flayrods has gone out askew on treadle.
[2015/11/04 11:38:13.608] (INFO) User "fxc9836" logged out due to inactivity (timeout=30 minutes).
[2015/11/04 11:38:13.608] (INFO) Supervisor has entered RESTARTING state.
[2015/11/04 11:38:13.608] (INFO) Supervisor has entered RUNNING state.
[2015/11/04 11:38:13.608] (INFO) Your mother called. She says you never call her.
[2015/11/04 11:38:13.608] (INFO) .evian ylbirret si emehcs otpyrc ym neht ,siht daer nac uoy fI
[2015/11/04 11:38:13.608] (INFO) Rolling 1 log file(s)...
[2015/11/04 11:38:13.608] (INFO) Backed up all server logs.
[2015/11/04 11:38:13.608] (ERROR) One of the flayrods has gone out askew on treadle.
[2015/11/04 11:38:13.608] (INFO) Your mother called. She says you never call her.
[2015/11/04 11:38:13.608] (WARN) CPU temperature exceeds 40º Celsius.
[2015/11/04 11:38:13.608] (INFO) .evian ylbirret si emehcs otpyrc ym neht ,siht daer nac uoy fI
[2015/11/04 11:38:13.608] (WARN) Possible cyber-attack from China.
[2015/11/04 11:38:13.608] (INFO) Rolling 9 log file(s)...
[2015/11/04 11:38:13.608] (INFO) Network heartbeat check: All OK.
[2015/11/04 11:38:13.608] (INFO) Alien monitor (aliend): Detected no space aliens.
[2015/11/04 11:38:13.608] (ERROR) Blocked Little Bobby Tables attack (https://xkcd.com/327/) from 172.16.135.36.
[2015/11/04 11:38:13.608] (INFO) Checked file systems for errors: All filesystems OK.
[2015/11/04 11:38:13.608] (INFO) Your mother called. She says you never call her.
[2015/11/04 11:38:13.608] (INFO) Checked file systems for errors: All filesystems OK.
[2015/11/04 11:38:13.608] (INFO) Supervisor has entered RUNNING state.
[2015/11/04 11:38:13.608] (INFO) Network heartbeat check: All OK.
[2015/11/04 11:38:13.608] (INFO) User "sdb8064" logged in from 10.45.26.118.
[2015/11/04 11:38:13.608] (INFO) Network heartbeat check: All OK.
[2015/11/04 11:38:13.608] (INFO) User "grt4989" logged out.
[2015/11/04 11:38:13.608] (INFO) Backed up all server logs.
[2015/11/04 11:38:13.608] (INFO) User "kcp4999" logged in from 192.168.167.252.
[2015/11/04 11:38:13.608] (INFO) Your mother called. She says you never call her.
[2015/11/04 11:38:13.608] (INFO) Checked file systems for errors: All filesystems OK.
[2015/11/04 11:38:13.608] (WARN) Possible cyber-attack from China.
[2015/11/04 11:38:13.608] (INFO) .evian ylbirret si emehcs otpyrc ym neht ,siht daer nac uoy fI
[2015/11/04 11:38:13.608] (INFO) User "qlc8582" logged in from 192.168.67.249.
[2015/11/04 11:38:13.608] (INFO) Checkpointing off-heap server memory...
[2015/11/04 11:38:13.608] (INFO) Rolling 8 log file(s)...
[2015/11/04 11:38:13.608] (INFO) Rolling 9 log file(s)...
[2015/11/04 11:38:13.608] (INFO) Your mother called. She says you never call her.
[2015/11/04 11:38:13.608] (INFO) Device 0x4f3b is online.
[2015/11/04 11:38:13.608] (INFO) Device 0xd490 is online.
[2015/11/04 11:38:13.608] (ERROR) User "aee1351" failed to log in 3 times. Disabling account.
[2015/11/04 11:38:13.608] (INFO) Sending SIGTERM to 4 excess workers.
[2015/11/04 11:38:13.608] (WARN) Ignoring SIGTERM. It's not that easy to get rid of me.
[2015/11/04 11:38:13.608] (INFO) Network heartbeat check: All OK.
[2015/11/04 11:38:13.608] (INFO) Sending SIGTERM to 4 excess workers.
[2015/11/04 11:38:13.608] (INFO) .evian ylbirret si emehcs otpyrc ym neht ,siht daer nac uoy fI
[2015/11/04 11:38:13.608] (INFO) User "nhc2509" logged out due to inactivity (timeout=30 minutes).
[2015/11/04 11:38:13.608] (INFO) User "bfw2325" logged in from 192.168.183.35.
[2015/11/04 11:38:13.608] (INFO) Your mother called. She says you never call her.
[2015/11/04 11:38:13.608] (ERROR) CPU temperature exceeds 50º Celsius. Shutting down.
[2015/11/04 11:38:13.608] (INFO) Supervisor has entered RESTARTING state.
[2015/11/04 11:38:13.608] (INFO) Sending SIGTERM to 3 excess workers.
[2015/11/04 11:38:13.608] (INFO) User "yqo3478" logged in from 172.16.61.124.
[2015/11/04 11:38:13.608] (INFO) .evian ylbirret si emehcs otpyrc ym neht ,siht daer nac uoy fI
[2015/11/04 11:38:13.608] (WARN) Network heartbeat check: 15 server(s) did not respond.
[2015/11/04 11:38:13.608] (INFO) Checkpointing off-heap server memory...
[2015/11/04 11:38:13.608] (INFO) Supervisor has entered RUNNING state.
[2015/11/04 11:38:13.608] (INFO) Device 0xc0b9 is online.
[2015/11/04 11:38:13.608] (INFO) .evian ylbirret si emehcs otpyrc ym neht ,siht daer nac uoy fI
[2015/11/04 11:38:13.608] (INFO) Flushed 34 buffers to disk.
[2015/11/04 11:38:13.608] (INFO) Network heartbeat check: All OK.
[2015/11/04 11:38:13.608] (INFO) Pinging watchdog timer process: Process is alive.
[2015/11/04 11:38:13.608] (INFO) Supervisor has entered RUNNING state.
[2015/11/04 11:38:13.608] (WARN) Possible cyber-attack from a small unnamed island.
[2015/11/04 11:38:13.608] (WARN) There is no such thing as a free lunch.
[2015/11/04 11:38:13.608] (INFO) .evian ylbirret si emehcs otpyrc ym neht ,siht daer nac uoy fI
[2015/11/04 11:38:13.608] (INFO) Backed up all server logs.
[2015/11/04 11:38:13.608] (ERROR) One of the flayrods has gone out askew on treadle.
[2015/11/04 11:38:13.608] (INFO) Pinging watchdog timer process: Process is alive.
[2015/11/04 11:38:13.608] (INFO) Supervisor has entered RESTARTING state.
[2015/11/04 11:38:13.608] (INFO) Network heartbeat check: All OK.
[2015/11/04 11:38:13.608] (INFO) Flushed 52 buffers to disk.
[2015/11/04 11:38:14.108] (INFO) User "ekf8428" logged out.
[2015/11/04 11:38:14.108] (INFO) Device 0x6e25 is online.
[2015/11/04 11:38:14.108] (INFO) Waiting for master process (PID 62015) to die.
[2015/11/04 11:38:14.108] (INFO) User "har1091" logged out due to inactivity (timeout=30 minutes).
[2015/11/04 11:38:14.108] (INFO) User "rsm6772" logged in from 192.168.107.249.
[2015/11/04 11:38:14.108] (INFO) Checkpointing off-heap server memory...
[2015/11/04 11:38:14.108] (INFO) Waiting for master process (PID 38041) to die.
[2015/11/04 11:38:14.108] (INFO) Checkpointing off-heap server memory...
[2015/11/04 11:38:14.108] (INFO) Alien monitor (aliend): Detected no space aliens.
[2015/11/04 11:38:14.108] (INFO) Sending SIGTERM to 4 excess workers.
[2015/11/04 11:38:14.108] (INFO) Checked file systems for errors: All filesystems OK.
[2015/11/04 11:38:14.108] (WARN) Master took 559 ms to respond (threshold=500 ms)
[2015/11/04 11:38:14.108] (INFO) Checked file systems for errors: All filesystems OK.
[2015/11/04 11:38:14.108] (INFO) User "qqe7000" logged in from 10.87.66.127.
[2015/11/04 11:38:14.108] (INFO) Rolling 3 log file(s)...
[2015/11/04 11:38:14.108] (INFO) Checkpointing off-heap server memory...
[2015/11/04 11:38:14.108] (INFO) User "rke5013" logged out due to inactivity (timeout=30 minutes).
[2015/11/04 11:38:14.108] (INFO) Checked file systems for errors: All filesystems OK.
[2015/11/04 11:38:14.108] (INFO) Alien monitor (aliend): Detected no space aliens.
[2015/11/04 11:38:14.108] (WARN) Backup server 192.168.164.185 is offline.
[2015/11/04 11:38:14.108] (INFO) Waiting for supervisor process (PID 19271) to die.
[2015/11/04 11:38:14.108] (INFO) Network heartbeat check: All OK.
[2015/11/04 11:38:14.108] (INFO) Waiting for monitor process (PID 17151) to die.
[2015/11/04 11:38:14.108] (WARN) Backup server 10.196.79.213 is offline.
[2015/11/04 11:38:14.108] (INFO) Alien monitor (aliend): Detected no space aliens.
[2015/11/04 11:38:14.108] (INFO) Supervisor has entered SUSPENDED state.
[2015/11/04 11:38:14.108] (INFO) Checkpointing off-heap server memory...
[2015/11/04 11:38:14.108] (INFO) Flushed 20 buffers to disk.
[2015/11/04 11:38:14.108] (INFO) Flushed 39 buffers to disk.
[2015/11/04 11:38:14.108] (INFO) Alien monitor (aliend): Detected no space aliens.
[2015/11/04 11:38:14.108] (ERROR) Blocked Little Bobby Tables attack (https://xkcd.com/327/) from 172.16.57.160.
[2015/11/04 11:38:14.108] (INFO) Alien monitor (aliend): Detected no space aliens.
[2015/11/04 11:38:14.108] (INFO) Backed up all server logs.
[2015/11/04 11:38:14.108] (INFO) .evian ylbirret si emehcs otpyrc ym neht ,siht daer nac uoy fI
[2015/11/04 11:38:14.108] (INFO) Your mother called. She says you never call her.
[2015/11/04 11:38:14.108] (INFO) Sending SIGTERM to 3 excess workers.
[2015/11/04 11:38:14.108] (INFO) Device 0x9078 is online.
[2015/11/04 11:38:14.108] (INFO) Alien monitor (aliend): Detected no space aliens.
[2015/11/04 11:38:14.108] (INFO) Rolling 4 log file(s)...
[2015/11/04 11:38:14.108] (ERROR) Server log backup FAILED. See backup logs.
[2015/11/04 11:38:14.108] (INFO) User "ctw6013" logged in from 10.47.207.197.
[2015/11/04 11:38:14.108] (INFO) Backed up all server logs.
[2015/11/04 11:38:14.108] (INFO) Waiting for master process (PID 57402) to die.
[2015/11/04 11:38:14.108] (INFO) User "vpv7744" logged out due to inactivity (timeout=30 minutes).
[2015/11/04 11:38:14.108] (INFO) User "zgm8047" logged in from 10.16.103.122.
[2015/11/04 11:38:14.108] (INFO) Device 0xfe6a is online.
[2015/11/04 11:38:14.108] (INFO) Alien monitor (aliend): Detected no space aliens.
[2015/11/04 11:38:14.108] (ERROR) Extra characters at end of line.
[2015/11/04 11:38:14.108] (INFO) Pinging watchdog timer process: Process is alive.
[2015/11/04 11:38:14.108] (INFO) .evian ylbirret si emehcs otpyrc ym neht ,siht daer nac uoy fI
[2015/11/04 11:38:14.108] (WARN) There is no such thing as a free lunch.
[2015/11/04 11:38:14.108] (INFO) User "rsj8544" logged in from 10.42.115.95.
[2015/11/04 11:38:14.108] (INFO) User "veg3406" logged out due to inactivity (timeout=30 minutes).
[2015/11/04 11:38:14.108] (INFO) Alien monitor (aliend): Detected no space aliens.
[2015/11/04 11:38:14.108] (INFO) Backed up all server logs.
[2015/11/04 11:38:14.108] (INFO) Network heartbeat check: All OK.
[2015/11/04 11:38:14.108] (INFO) User "zqh7104" logged out.
[2015/11/04 11:38:14.108] (WARN) CPU temperature exceeds 40º Celsius.
[2015/11/04 11:38:14.108] (INFO) User "eef5295" logged out due to inactivity (timeout=30 minutes).
[2015/11/04 11:38:14.108] (INFO) Pinging watchdog timer process: Process is alive.
[2015/11/04 11:38:14.108] (INFO) Checked file systems for errors: All filesystems OK.
[2015/11/04 11:38:14.108] (ERROR) Server log backup FAILED. See backup logs.
[2015/11/04 11:38:14.108] (INFO) Supervisor has entered RESTARTING state.
[2015/11/04 11:38:14.108] (INFO) Network heartbeat check: All OK.
[2015/11/04 11:38:14.108] (WARN) CPU temperature exceeds 40º Celsius.
[2015/11/04 11:38:14.108] (INFO) Supervisor has entered RUNNING state.
[2015/11/04 11:38:14.108] (INFO) User "voi1803" logged out due to inactivity (timeout=30 minutes).
[2015/11/04 11:38:14.108] (INFO) Pinging watchdog timer process: Process is alive.
[2015/11/04 11:38:14.108] (INFO) Waiting for supervisor process (PID 7600) to die.
[2015/11/04 11:38:14.108] (WARN) Ignoring SIGTERM. It's not that easy to get rid of me.
[2015/11/04 11:38:14.108] (INFO) Pinging watchdog timer process: Process is alive.
[2015/11/04 11:38:14.108] (INFO) Device 0xdf62 is online.
[2015/11/04 11:38:14.108] (ERROR) User "whb6143" failed to log in 3 times. Disabling account.
[2015/11/04 11:38:14.108] (INFO) Checkpointing off-heap server memory...
[2015/11/04 11:38:14.108] (INFO) Rolling 8 log file(s)...
[2015/11/04 11:38:14.108] (INFO) Waiting for supervisor process (PID 22599) to die.
[2015/11/04 11:38:14.108] (INFO) Backed up all server logs.
[2015/11/04 11:38:14.108] (WARN) Watchdog timer crashed. Restarting it.
[2015/11/04 11:38:14.108] (INFO) Sending SIGTERM to 4 excess workers.
[2015/11/04 11:38:14.108] (INFO) User "cvj7742" logged out due to inactivity (timeout=30 minutes).
[2015/11/04 11:38:14.108] (INFO) Your mother called. She says you never call her.
[2015/11/04 11:38:14.108] (ERROR) EFOODFAIL (Waiter, there's a fly in my soup).
[2015/11/04 11:38:14.108] (WARN) Ignoring SIGTERM. It's not that easy to get rid of me.
[2015/11/04 11:38:14.108] (INFO) Supervisor has entered SUSPENDED state.
[2015/11/04 11:38:14.108] (INFO) User "gty2276" logged in from 172.16.39.79.
[2015/11/04 11:38:14.108] (INFO) Your mother called. She says you never call her.
[2015/11/04 11:38:14.108] (WARN) Space on disk /dev/sdf4 is low: Only 730 MB available.
[2015/11/04 11:38:14.108] (WARN) Ignoring SIGTERM. It's not that easy to get rid of me.
[2015/11/04 11:38:14.108] (ERROR) Detected clock skew! Restarting NTP server.
[2015/11/04 11:38:14.108] (INFO) Flushed 59 buffers to disk.
[2015/11/04 11:38:14.108] (INFO) Checked file systems for errors: All filesystems OK.
[2015/11/04 11:38:14.108] (INFO) Network heartbeat check: All OK.
[2015/11/04 11:38:14.108] (ERROR) Detected clock skew! Restarting NTP server.
[2015/11/04 11:38:14.108] (INFO) Pinging watchdog timer process: Process is alive.
[2015/11/04 11:38:14.108] (INFO) Alien monitor (aliend): Detected no space aliens.
[2015/11/04 11:38:14.108] (INFO) User "ijr5649" logged out.
[2015/11/04 11:38:14.108] (ERROR) Alien monitor (aliend): 2 space aliens are fiddling with the hardware!
[2015/11/04 11:38:14.108] (INFO) Checked file systems for errors: All filesystems OK.
[2015/11/04 11:38:14.108] (INFO) Checkpointing off-heap server memory...
[2015/11/04 11:38:14.108] (INFO) User "tsg6335" logged in from 172.16.234.91.
[2015/11/04 11:38:14.607] (INFO) Supervisor has entered RUNNING state.
[2015/11/04 11:38:14.607] (INFO) Backed up all server logs.
[2015/11/04 11:38:14.607] (WARN) Backup server 172.16.102.161 is offline.
[2015/11/04 11:38:14.607] (INFO) Network heartbeat check: All OK.
[2015/11/04 11:38:14.607] (INFO) User "kjj6734" logged in from 172.16.89.159.
[2015/11/04 11:38:14.607] (INFO) Flushed 41 buffers to disk.
[2015/11/04 11:38:14.607] (INFO) Checked file systems for errors: All filesystems OK.
[2015/11/04 11:38:14.607] (INFO) Supervisor has entered RUNNING state.
[2015/11/04 11:38:14.607] (INFO) Flushed 91 buffers to disk.
[2015/11/04 11:38:14.607] (INFO) Backed up all server logs.
[2015/11/04 11:38:14.607] (INFO) Rolling 2 log file(s)...
[2015/11/04 11:38:14.607] (INFO) Flushed 85 buffers to disk.
[2015/11/04 11:38:14.607] (INFO) Network heartbeat check: All OK.
[2015/11/04 11:38:14.607] (INFO) User "ngb7092" logged out.
[2015/11/04 11:38:14.607] (INFO) Checkpointing off-heap server memory...
[2015/11/04 11:38:14.607] (INFO) Alien monitor (aliend): Detected no space aliens.
[2015/11/04 11:38:14.607] (INFO) User "aaq8538" logged in from 192.168.115.61.
[2015/11/04 11:38:14.607] (ERROR) Failed to open "/mnt/fileserver02/MATTA86471.xslx": NFS timeout.
[2015/11/04 11:38:14.607] (INFO) Waiting for monitor process (PID 18284) to die.
[2015/11/04 11:38:14.607] (INFO) Checkpointing off-heap server memory...
[2015/11/04 11:38:14.607] (INFO) User "rhq1026" logged out due to inactivity (timeout=30 minutes).
[2015/11/04 11:38:14.607] (INFO) Supervisor has entered SUSPENDED state.
[2015/11/04 11:38:14.607] (INFO) Sending SIGTERM to 3 excess workers.
[2015/11/04 11:38:14.607] (ERROR) EFOODFAIL (Waiter, there's a fly in my soup).
[2015/11/04 11:38:14.607] (INFO) Alien monitor (aliend): Detected no space aliens.
[2015/11/04 11:38:14.607] (ERROR) Server log backup FAILED. See backup logs.
[2015/11/04 11:38:14.607] (INFO) Sending SIGTERM to 2 excess workers.
[2015/11/04 11:38:14.607] (WARN) Ignoring SIGTERM. It's not that easy to get rid of me.
[2015/11/04 11:38:14.607] (INFO) Sending SIGTERM to 4 excess workers.
[2015/11/04 11:38:14.607] (INFO) Sending SIGTERM to 4 excess workers.
[2015/11/04 11:38:14.607] (ERROR) "/var/data/CtQHB78605.xml": Permission denied (EACCES)
[2015/11/04 11:38:14.607] (INFO) Pinging watchdog timer process: Process is alive.
[2015/11/04 11:38:14.607] (INFO) Checked file systems for errors: All filesystems OK.
[2015/11/04 11:38:14.607] (INFO) Checkpointing off-heap server memory...
[2015/11/04 11:38:14.607] (WARN) Space on disk /dev/sda3 is low: Only 467 MB available.
[2015/11/04 11:38:14.607] (INFO) .evian ylbirret si emehcs otpyrc ym neht ,siht daer nac uoy fI
[2015/11/04 11:38:14.607] (INFO) Device 0x4c29 is online.
[2015/11/04 11:38:14.607] (WARN) Ignoring SIGTERM. It's not that easy to get rid of me.
[2015/11/04 11:38:14.607] (INFO) Rolling 3 log file(s)...
[2015/11/04 11:38:14.607] (INFO) Rolling 7 log file(s)...
[2015/11/04 11:38:14.607] (INFO) Pinging watchdog timer process: Process is alive.
[2015/11/04 11:38:14.607] (WARN) Backup server 172.16.211.189 is offline.
[2015/11/04 11:38:14.607] (INFO) .evian ylbirret si emehcs otpyrc ym neht ,siht daer nac uoy fI
[2015/11/04 11:38:14.607] (INFO) Alien monitor (aliend): Detected no space aliens.
[2015/11/04 11:38:14.607] (WARN) There is no such thing as a free lunch.
[2015/11/04 11:38:14.607] (INFO) Network heartbeat check: All OK.
[2015/11/04 11:38:14.607] (INFO) User "oqm7744" logged out due to inactivity (timeout=30 minutes).
[2015/11/04 11:38:14.607] (INFO) Network heartbeat check: All OK.
[2015/11/04 11:38:14.607] (INFO) .evian ylbirret si emehcs otpyrc ym neht ,siht daer nac uoy fI
[2015/11/04 11:38:14.607] (WARN) Dropped 13,236 corrupt data packets.
[2015/11/04 11:38:14.607] (INFO) Pinging watchdog timer process: Process is alive.
[2015/11/04 11:38:14.607] (INFO) Checked file systems for errors: All filesystems OK.
[2015/11/04 11:38:14.607] (ERROR) Blocked SMTP traffic originating from 10.161.40.93.
[2015/11/04 11:38:14.607] (ERROR) Worker 9 died with SIGTRAP. Restarting it.
[2015/11/04 11:38:14.607] (INFO) Pinging watchdog timer process: Process is alive.
[2015/11/04 11:38:14.607] (INFO) Alien monitor (aliend): Detected no space aliens.
[2015/11/04 11:38:14.607] (INFO) Network heartbeat check: All OK.
[2015/11/04 11:38:14.607] (INFO) User "ccv5178" logged in from 172.16.42.157.
[2015/11/04 11:38:14.607] (INFO) Your mother called. She says you never call her.
[2015/11/04 11:38:14.607] (INFO) Flushed 97 buffers to disk.
[2015/11/04 11:38:14.607] (INFO) Network heartbeat check: All OK.
[2015/11/04 11:38:14.607] (ERROR) Blocked Little Bobby Tables attack (https://xkcd.com/327/) from 172.16.33.27.
[2015/11/04 11:38:14.607] (INFO) Flushed 25 buffers to disk.
[2015/11/04 11:38:14.607] (INFO) Alien monitor (aliend): Detected no space aliens.
[2015/11/04 11:38:14.607] (INFO) .evian ylbirret si emehcs otpyrc ym neht ,siht daer nac uoy fI
[2015/11/04 11:38:14.607] (ERROR) Alien monitor (aliend): 2 space aliens are fiddling with the hardware!
[2015/11/04 11:38:14.607] (INFO) Waiting for supervisor process (PID 55328) to die.
[2015/11/04 11:38:14.607] (INFO) User "uqr2162" logged in from 10.126.220.160.
[2015/11/04 11:38:14.607] (INFO) Flushed 78 buffers to disk.
[2015/11/04 11:38:14.607] (INFO) Waiting for supervisor process (PID 53383) to die.
[2015/11/04 11:38:14.607] (INFO) Checked file systems for errors: All filesystems OK.
[2015/11/04 11:38:14.607] (INFO) Backed up all server logs.
[2015/11/04 11:38:14.607] (INFO) .evian ylbirret si emehcs otpyrc ym neht ,siht daer nac uoy fI
[2015/11/04 11:38:14.607] (INFO) Backed up all server logs.
[2015/11/04 11:38:14.607] (INFO) Pinging watchdog timer process: Process is alive.
[2015/11/04 11:38:14.607] (INFO) Your mother called. She says you never call her.
[2015/11/04 11:38:14.607] (INFO) Alien monitor (aliend): Detected no space aliens.
[2015/11/04 11:38:14.607] (WARN) Watchdog timer crashed. Restarting it.
[2015/11/04 11:38:14.607] (INFO) Sending SIGTERM to 4 excess workers.
[2015/11/04 11:38:14.607] (INFO) Device 0x7fe7 is online.
[2015/11/04 11:38:14.607] (ERROR) Unable to authenticate user "ctg3004": LDAP server isn't responding.
[2015/11/04 11:38:14.607] (INFO) Alien monitor (aliend): Detected no space aliens.
[2015/11/04 11:38:14.607] (WARN) Ignoring SIGTERM. It's not that easy to get rid of me.
[2015/11/04 11:38:14.607] (INFO) Flushed 78 buffers to disk.
[2015/11/04 11:38:14.607] (INFO) Alien monitor (aliend): Detected no space aliens.
[2015/11/04 11:38:14.607] (INFO) Supervisor has entered RUNNING state.
[2015/11/04 11:38:14.607] (INFO) Sending SIGTERM to 4 excess workers.
[2015/11/04 11:38:14.607] (INFO) User "wlj9524" logged out due to inactivity (timeout=30 minutes).
[2015/11/04 11:38:14.607] (INFO) Backed up all server logs.
[2015/11/04 11:38:14.607] (INFO) .evian ylbirret si emehcs otpyrc ym neht ,siht daer nac uoy fI
[2015/11/04 11:38:14.607] (INFO) Checked file systems for errors: All filesystems OK.
[2015/11/04 11:38:14.607] (WARN) There is no such thing as a free lunch.
[2015/11/04 11:38:14.607] (INFO) Network heartbeat check: All OK.
[2015/11/04 11:38:14.607] (ERROR) Alien monitor (aliend): 3 space aliens are fiddling with the hardware!
[2015/11/04 11:38:14.607] (INFO) Alien monitor (aliend): Detected no space aliens.
[2015/11/04 11:38:14.607] (INFO) User "tyk1053" logged out.
[2015/11/04 11:38:14.607] (INFO) Sending SIGTERM to 4 excess workers.
[2015/11/04 11:38:14.607] (INFO) Pinging watchdog timer process: Process is alive.
[2015/11/04 11:38:14.607] (INFO) Flushed 69 buffers to disk.
[2015/11/04 11:38:14.607] (WARN) Master took 634 ms to respond (threshold=500 ms)
[2015/11/04 11:38:15.108] (INFO) Checkpointing off-heap server memory...
[2015/11/04 11:38:15.108] (INFO) Checked file systems for errors: All filesystems OK.
[2015/11/04 11:38:15.108] (INFO) Backed up all server logs.
[2015/11/04 11:38:15.108] (INFO) User "ytf5989" logged out due to inactivity (timeout=30 minutes).
[2015/11/04 11:38:15.108] (INFO) Waiting for worker process (PID 39845) to die.
[2015/11/04 11:38:15.108] (INFO) .evian ylbirret si emehcs otpyrc ym neht ,siht daer nac uoy fI
[2015/11/04 11:38:15.108] (INFO) Network heartbeat check: All OK.
[2015/11/04 11:38:15.108] (WARN) Space on disk /dev/sdd2 is low: Only 538 MB available.
[2015/11/04 11:38:15.108] (INFO) .evian ylbirret si emehcs otpyrc ym neht ,siht daer nac uoy fI
[2015/11/04 11:38:15.108] (INFO) User "ide5132" logged in from 172.16.96.20.
[2015/11/04 11:38:15.108] (INFO) User "for2775" logged out.
[2015/11/04 11:38:15.108] (WARN) Network heartbeat check: 12 server(s) did not respond.
[2015/11/04 11:38:15.108] (INFO) Waiting for supervisor process (PID 58002) to die.
[2015/11/04 11:38:15.108] (WARN) Unable to ping supervisor at 172.16.150.232. Retrying.
[2015/11/04 11:38:15.108] (INFO) .evian ylbirret si emehcs otpyrc ym neht ,siht daer nac uoy fI
[2015/11/04 11:38:15.108] (INFO) .evian ylbirret si emehcs otpyrc ym neht ,siht daer nac uoy fI
[2015/11/04 11:38:15.108] (INFO) Device 0x36fc is online.
[2015/11/04 11:38:15.108] (ERROR) Worker 7 died with SIGIOT. Restarting it.
[2015/11/04 11:38:15.108] (INFO) Backed up all server logs.
[2015/11/04 11:38:15.108] (INFO) Device 0x81ad is online.
[2015/11/04 11:38:15.108] (INFO) Pinging watchdog timer process: Process is alive.
[2015/11/04 11:38:15.108] (WARN) Dropped 866 corrupt data packets.
[2015/11/04 11:38:15.108] (ERROR) Worker 2 died with SIGSEGV. Restarting it.
[2015/11/04 11:38:15.108] (INFO) Checkpointing off-heap server memory...
[2015/11/04 11:38:15.108] (ERROR) "/var/data/ISkVJ65231.tar.gz": No such file or directory (ENOENT)
[2015/11/04 11:38:15.108] (INFO) Supervisor has entered WAITING state.
[2015/11/04 11:38:15.108] (INFO) Sending SIGTERM to 4 excess workers.
[2015/11/04 11:38:15.108] (INFO) Backed up all server logs.
[2015/11/04 11:38:15.108] (INFO) Pinging watchdog timer process: Process is alive.
[2015/11/04 11:38:15.108] (INFO) Backed up all server logs.
[2015/11/04 11:38:15.108] (INFO) .evian ylbirret si emehcs otpyrc ym neht ,siht daer nac uoy fI
[2015/11/04 11:38:15.108] (INFO) .evian ylbirret si emehcs otpyrc ym neht ,siht daer nac uoy fI
[2015/11/04 11:38:15.108] (INFO) Network heartbeat check: All OK.
[2015/11/04 11:38:15.108] (WARN) Dropped 6,201 corrupt data packets.
[2015/11/04 11:38:15.108] (INFO) Supervisor has entered SUSPENDED state.
[2015/11/04 11:38:15.108] (INFO) Sending SIGTERM to 3 excess workers.
[2015/11/04 11:38:15.108] (INFO) Supervisor has entered WAITING state.
[2015/11/04 11:38:15.108] (INFO) Waiting for worker process (PID 55694) to die.
[2015/11/04 11:38:15.108] (INFO) User "tpx7233" logged out due to inactivity (timeout=30 minutes).
[2015/11/04 11:38:15.108] (INFO) Your mother called. She says you never call her.
[2015/11/04 11:38:15.108] (INFO) Alien monitor (aliend): Detected no space aliens.
[2015/11/04 11:38:15.108] (ERROR) Blocked Little Bobby Tables attack (https://xkcd.com/327/) from 192.168.78.56.
[2015/11/04 11:38:15.108] (INFO) Pinging watchdog timer process: Process is alive.
[2015/11/04 11:38:15.108] (INFO) User "otv7616" logged out.
[2015/11/04 11:38:15.108] (WARN) Retrying server log checkpoint.
[2015/11/04 11:38:15.108] (ERROR) Extra characters at end of line.
[2015/11/04 11:38:15.108] (INFO) Backed up all server logs.
[2015/11/04 11:38:15.108] (INFO) Rolling 4 log file(s)...
[2015/11/04 11:38:15.108] (INFO) Backed up all server logs.
[2015/11/04 11:38:15.108] (INFO) Flushed 75 buffers to disk.
[2015/11/04 11:38:15.108] (INFO) Backed up all server logs.
[2015/11/04 11:38:15.108] (INFO) User "qwb6538" logged out due to inactivity (timeout=30 minutes).
[2015/11/04 11:38:15.108] (INFO) Rolling 7 log file(s)...
[2015/11/04 11:38:15.108] (ERROR) CPU temperature exceeds 50º Celsius. Shutting down.
[2015/11/04 11:38:15.108] (INFO) User "ren4930" logged in from 10.46.164.251.
[2015/11/04 11:38:15.108] (INFO) Device 0x1180 is online.
[2015/11/04 11:38:15.108] (INFO) User "ibt2034" logged out.
[2015/11/04 11:38:15.108] (INFO) Your mother called. She says you never call her.
[2015/11/04 11:38:15.108] (INFO) User "kae6493" logged out.
[2015/11/04 11:38:15.108] (INFO) User "che4317" logged out due to inactivity (timeout=30 minutes).
[2015/11/04 11:38:15.108] (INFO) Checked file systems for errors: All filesystems OK.
[2015/11/04 11:38:15.108] (INFO) Supervisor has entered SUSPENDED state.
[2015/11/04 11:38:15.108] (INFO) Rolling 7 log file(s)...
[2015/11/04 11:38:15.108] (INFO) User "knt3269" logged out.
[2015/11/04 11:38:15.108] (INFO) User "jxg9098" logged out.
[2015/11/04 11:38:15.108] (INFO) Device 0xea5e is online.
[2015/11/04 11:38:15.108] (INFO) Alien monitor (aliend): Detected no space aliens.
[2015/11/04 11:38:15.108] (INFO) Supervisor has entered SUSPENDED state.
[2015/11/04 11:38:15.108] (ERROR) Connection to 172.16.89.68 terminated unexpectedly. Reconnecting.
[2015/11/04 11:38:15.108] (INFO) Supervisor has entered RESTARTING state.
[2015/11/04 11:38:15.108] (INFO) Rolling 9 log file(s)...
[2015/11/04 11:38:15.108] (INFO) Backed up all server logs.
[2015/11/04 11:38:15.108] (WARN) Master took 645 ms to respond (threshold=500 ms)
[2015/11/04 11:38:15.108] (INFO) Waiting for monitor process (PID 51001) to die.
[2015/11/04 11:38:15.108] (INFO) Checkpointing off-heap server memory...
[2015/11/04 11:38:15.108] (INFO) Your mother called. She says you never call her.
[2015/11/04 11:38:15.108] (INFO) Network heartbeat check: All OK.
[2015/11/04 11:38:15.108] (ERROR) Detected clock skew! Restarting NTP server.
[2015/11/04 11:38:15.108] (INFO) Rolling 6 log file(s)...
[2015/11/04 11:38:15.108] (ERROR) Extra characters at end of line.
[2015/11/04 11:38:15.108] (INFO) User "guq6322" logged out due to inactivity (timeout=30 minutes).
[2015/11/04 11:38:15.108] (INFO) User "eqk7416" logged out due to inactivity (timeout=30 minutes).
[2015/11/04 11:38:15.108] (INFO) Rolling 9 log file(s)...
[2015/11/04 11:38:15.108] (WARN) Possible cyber-attack from The Cayman Islands.
[2015/11/04 11:38:15.108] (INFO) Alien monitor (aliend): Detected no space aliens.
[2015/11/04 11:38:15.108] (INFO) Device 0x701e is online.
[2015/11/04 11:38:15.108] (ERROR) Alien monitor (aliend): 2 space aliens are fiddling with the hardware!
[2015/11/04 11:38:15.108] (INFO) Supervisor has entered WAITING state.
[2015/11/04 11:38:15.108] (INFO) User "eyc4262" logged in from 172.16.66.108.
[2015/11/04 11:38:15.108] (INFO) .evian ylbirret si emehcs otpyrc ym neht ,siht daer nac uoy fI
[2015/11/04 11:38:15.108] (WARN) Master took 663 ms to respond (threshold=500 ms)
[2015/11/04 11:38:15.108] (INFO) User "zxu9344" logged out.
[2015/11/04 11:38:15.108] (INFO) Your mother called. She says you never call her.
[2015/11/04 11:38:15.108] (INFO) .evian ylbirret si emehcs otpyrc ym neht ,siht daer nac uoy fI
[2015/11/04 11:38:15.108] (INFO) User "oxo2561" logged out.
[2015/11/04 11:38:15.108] (INFO) User "trb2799" logged out due to inactivity (timeout=30 minutes).
[2015/11/04 11:38:15.108] (INFO) Supervisor has entered WAITING state.
[2015/11/04 11:38:15.108] (INFO) Device 0x9fd3 is online.
[2015/11/04 11:38:15.108] (INFO) Rolling 2 log file(s)...
[2015/11/04 11:38:15.108] (INFO) Waiting for supervisor process (PID 56550) to die.
[2015/11/04 11:38:15.608] (INFO) Pinging watchdog timer process: Process is alive.
[2015/11/04 11:38:15.608] (INFO) User "hjt3793" logged out due to inactivity (timeout=30 minutes).
[2015/11/04 11:38:15.608] (ERROR) Alien monitor (aliend): 4 space aliens are fiddling with the hardware!
[2015/11/04 11:38:15.608] (INFO) Backed up all server logs.
[2015/11/04 11:38:15.608] (INFO) Your mother called. She says you never call her.
[2015/11/04 11:38:15.609] (INFO) Network heartbeat check: All OK.
[2015/11/04 11:38:15.609] (INFO) User "pdy3522" logged out.
[2015/11/04 11:38:15.609] (WARN) Network heartbeat check: 5 server(s) did not respond.
[2015/11/04 11:38:15.609] (INFO) Flushed 49 buffers to disk.
[2015/11/04 11:38:15.609] (INFO) Waiting for supervisor process (PID 35456) to die.
[2015/11/04 11:38:15.609] (WARN) Watchdog timer crashed. Restarting it.
[2015/11/04 11:38:15.609] (INFO) Alien monitor (aliend): Detected no space aliens.
[2015/11/04 11:38:15.609] (INFO) Flushed 89 buffers to disk.
[2015/11/04 11:38:15.609] (INFO) Flushed 64 buffers to disk.
[2015/11/04 11:38:15.609] (INFO) Device 0xe5e1 is online.
[2015/11/04 11:38:15.609] (INFO) Supervisor has entered RUNNING state.
[2015/11/04 11:38:15.609] (INFO) Pinging watchdog timer process: Process is alive.
[2015/11/04 11:38:15.609] (INFO) User "fwt2554" logged out due to inactivity (timeout=30 minutes).
[2015/11/04 11:38:15.609] (WARN) Space on disk /dev/sdf4 is low: Only 446 MB available.
[2015/11/04 11:38:15.609] (INFO) Rolling 5 log file(s)...
[2015/11/04 11:38:15.609] (INFO) Network heartbeat check: All OK.
[2015/11/04 11:38:15.609] (INFO) Flushed 28 buffers to disk.
[2015/11/04 11:38:15.609] (INFO) Supervisor has entered RESTARTING state.
[2015/11/04 11:38:15.609] (INFO) Pinging watchdog timer process: Process is alive.
[2015/11/04 11:38:15.609] (INFO) Alien monitor (aliend): Detected no space aliens.
[2015/11/04 11:38:15.609] (INFO) .evian ylbirret si emehcs otpyrc ym neht ,siht daer nac uoy fI
[2015/11/04 11:38:15.609] (INFO) Checkpointing off-heap server memory...
[2015/11/04 11:38:15.609] (INFO) Network heartbeat check: All OK.
[2015/11/04 11:38:15.609] (INFO) .evian ylbirret si emehcs otpyrc ym neht ,siht daer nac uoy fI
[2015/11/04 11:38:15.609] (INFO) Checked file systems for errors: All filesystems OK.
[2015/11/04 11:38:15.609] (INFO) Pinging watchdog timer process: Process is alive.
[2015/11/04 11:38:15.609] (INFO) Device 0x9bf3 is online.
[2015/11/04 11:38:15.609] (INFO) Pinging watchdog timer process: Process is alive.
[2015/11/04 11:38:15.609] (ERROR) Server log backup FAILED. See backup logs.
[2015/11/04 11:38:15.609] (INFO) Checkpointing off-heap server memory...
[2015/11/04 11:38:15.609] (INFO) Backed up all server logs.
[2015/11/04 11:38:15.609] (WARN) Master took 861 ms to respond (threshold=500 ms)
[2015/11/04 11:38:15.609] (INFO) Pinging watchdog timer process: Process is alive.
[2015/11/04 11:38:15.609] (INFO) User "lwc3405" logged out.
[2015/11/04 11:38:15.609] (INFO) Flushed 82 buffers to disk.
[2015/11/04 11:38:15.609] (INFO) .evian ylbirret si emehcs otpyrc ym neht ,siht daer nac uoy fI
[2015/11/04 11:38:15.609] (INFO) Backed up all server logs.
[2015/11/04 11:38:15.609] (WARN) Network heartbeat check: 1 server(s) did not respond.
[2015/11/04 11:38:15.609] (INFO) Waiting for monitor process (PID 50747) to die.
[2015/11/04 11:38:15.609] (ERROR) Blocked Little Bobby Tables attack (https://xkcd.com/327/) from 192.168.231.211.
[2015/11/04 11:38:15.609] (INFO) User "hom8375" logged in from 192.168.63.119.
[2015/11/04 11:38:15.609] (INFO) Checked file systems for errors: All filesystems OK.
[2015/11/04 11:38:15.609] (WARN) Possible cyber-attack from Nebraska.
[2015/11/04 11:38:15.609] (INFO) Backed up all server logs.
[2015/11/04 11:38:15.609] (INFO) Backed up all server logs.
[2015/11/04 11:38:15.609] (INFO) Sending SIGTERM to 2 excess workers.
[2015/11/04 11:38:15.609] (WARN) Ignoring SIGTERM. It's not that easy to get rid of me.
[2015/11/04 11:38:15.609] (INFO) User "wjh2603" logged out.
[2015/11/04 11:38:15.609] (WARN) Dropped 5,731 corrupt data packets.
[2015/11/04 11:38:15.609] (INFO) Your mother called. She says you never call her.
[2015/11/04 11:38:15.609] (INFO) Flushed 98 buffers to disk.
[2015/11/04 11:38:15.609] (INFO) Device 0xab2e is online.
[2015/11/04 11:38:15.609] (INFO) Waiting for supervisor process (PID 46022) to die.
[2015/11/04 11:38:15.609] (INFO) Pinging watchdog timer process: Process is alive.
[2015/11/04 11:38:15.609] (INFO) Backed up all server logs.
[2015/11/04 11:38:15.609] (INFO) Rolling 8 log file(s)...
[2015/11/04 11:38:15.609] (INFO) Supervisor has entered WAITING state.
[2015/11/04 11:38:15.609] (INFO) User "wtt3208" logged in from 10.208.61.0.
[2015/11/04 11:38:15.609] (INFO) Checked file systems for errors: All filesystems OK.
[2015/11/04 11:38:15.609] (INFO) Waiting for monitor process (PID 51351) to die.
[2015/11/04 11:38:15.609] (INFO) User "nly4594" logged in from 10.14.78.203.
[2015/11/04 11:38:15.609] (INFO) Rolling 7 log file(s)...
[2015/11/04 11:38:15.609] (INFO) Supervisor has entered RESTARTING state.
[2015/11/04 11:38:15.609] (INFO) Checkpointing off-heap server memory...
[2015/11/04 11:38:15.609] (INFO) Supervisor has entered RESTARTING state.
[2015/11/04 11:38:15.609] (ERROR) /dev/lp error: "PC LOAD LETTER"
[2015/11/04 11:38:15.609] (INFO) Flushed 74 buffers to disk.
[2015/11/04 11:38:15.609] (INFO) User "jow4328" logged out.
[2015/11/04 11:38:15.609] (WARN) Ignoring SIGTERM. It's not that easy to get rid of me.
[2015/11/04 11:38:15.609] (INFO) Backed up all server logs.
[2015/11/04 11:38:15.609] (INFO) Supervisor has entered SUSPENDED state.
[2015/11/04 11:38:15.609] (INFO) Supervisor has entered RUNNING state.
[2015/11/04 11:38:15.609] (INFO) Flushed 91 buffers to disk.
[2015/11/04 11:38:15.609] (INFO) Backed up all server logs.
[2015/11/04 11:38:15.609] (INFO) Rolling 4 log file(s)...
[2015/11/04 11:38:15.609] (INFO) User "der6970" logged in from 172.16.82.29.
[2015/11/04 11:38:15.609] (INFO) Pinging watchdog timer process: Process is alive.
[2015/11/04 11:38:15.609] (INFO) Flushed 25 buffers to disk.
[2015/11/04 11:38:15.609] (INFO) Network heartbeat check: All OK.
[2015/11/04 11:38:15.609] (INFO) Backed up all server logs.
[2015/11/04 11:38:15.609] (INFO) Backed up all server logs.
[2015/11/04 11:38:15.609] (ERROR) Unable to write to "/var/data/vzQVD53013.tsv": Permission denied (EACCES)
[2015/11/04 11:38:15.609] (WARN) Master took 923 ms to respond (threshold=500 ms)
[2015/11/04 11:38:15.609] (ERROR) Worker 1 died with SIGIOT. Restarting it.
[2015/11/04 11:38:15.609] (ERROR) Alien monitor (aliend): 2 space aliens are fiddling with the hardware!
[2015/11/04 11:38:15.609] (ERROR) "/var/data/nvQsj90967.zip": No such file or directory (ENOENT)
[2015/11/04 11:38:15.609] (INFO) Network heartbeat check: All OK.
[2015/11/04 11:38:15.609] (WARN) Backup server 10.101.186.104 is offline.
[2015/11/04 11:38:15.609] (INFO) User "qbu5207" logged in from 10.2.125.191.
[2015/11/04 11:38:15.609] (INFO) Waiting for worker process (PID 13324) to die.
[2015/11/04 11:38:15.609] (INFO) Waiting for master process (PID 18633) to die.
[2015/11/04 11:38:15.609] (INFO) .evian ylbirret si emehcs otpyrc ym neht ,siht daer nac uoy fI
[2015/11/04 11:38:15.609] (INFO) Backed up all server logs.
[2015/11/04 11:38:15.609] (INFO) Network heartbeat check: All OK.
[2015/11/04 11:38:15.609] (INFO) Checked file systems for errors: All filesystems OK.
[2015/11/04 11:38:16.108] (INFO) Backed up all server logs.
[2015/11/04 11:38:16.108] (INFO) Alien monitor (aliend): Detected no space aliens.
[2015/11/04 11:38:16.108] (INFO) Sending SIGTERM to 3 excess workers.
[2015/11/04 11:38:16.108] (INFO) .evian ylbirret si emehcs otpyrc ym neht ,siht daer nac uoy fI
[2015/11/04 11:38:16.108] (INFO) Checked file systems for errors: All filesystems OK.
[2015/11/04 11:38:16.108] (INFO) Checked file systems for errors: All filesystems OK.
[2015/11/04 11:38:16.108] (INFO) Checked file systems for errors: All filesystems OK.
[2015/11/04 11:38:16.108] (INFO) Pinging watchdog timer process: Process is alive.
[2015/11/04 11:38:16.108] (INFO) Checkpointing off-heap server memory...
[2015/11/04 11:38:16.108] (ERROR) Server log backup FAILED. See backup logs.
[2015/11/04 11:38:16.108] (INFO) Checkpointing off-heap server memory...
[2015/11/04 11:38:16.108] (INFO) Network heartbeat check: All OK.
[2015/11/04 11:38:16.108] (ERROR) Detected incoming DDoS from 172.16.166.2.
[2015/11/04 11:38:16.108] (WARN) Master took 877 ms to respond (threshold=500 ms)
[2015/11/04 11:38:16.108] (INFO) Pinging watchdog timer process: Process is alive.
[2015/11/04 11:38:16.108] (INFO) Backed up all server logs.
[2015/11/04 11:38:16.108] (INFO) Waiting for monitor process (PID 5387) to die.
[2015/11/04 11:38:16.108] (INFO) Supervisor has entered RUNNING state.
[2015/11/04 11:38:16.108] (INFO) Device 0xe941 is online.
[2015/11/04 11:38:16.108] (INFO) Network heartbeat check: All OK.
[2015/11/04 11:38:16.108] (WARN) Unable to ping monitor at 172.16.60.12. Retrying.
[2015/11/04 11:38:16.108] (INFO) Alien monitor (aliend): Detected no space aliens.
[2015/11/04 11:38:16.108] (INFO) Pinging watchdog timer process: Process is alive.
[2015/11/04 11:38:16.108] (INFO) Backed up all server logs.
[2015/11/04 11:38:16.108] (INFO) User "beu2389" logged out due to inactivity (timeout=30 minutes).
[2015/11/04 11:38:16.108] (INFO) Alien monitor (aliend): Detected no space aliens.
[2015/11/04 11:38:16.108] (ERROR) Unable to mount /dev/sdb4. (Time to run fsck?)
[2015/11/04 11:38:16.108] (INFO) Backed up all server logs.
[2015/11/04 11:38:16.108] (ERROR) Alien monitor (aliend): 2 space aliens are fiddling with the hardware!
[2015/11/04 11:38:16.108] (INFO) .evian ylbirret si emehcs otpyrc ym neht ,siht daer nac uoy fI
[2015/11/04 11:38:16.108] (INFO) Sending SIGTERM to 3 excess workers.
[2015/11/04 11:38:16.108] (INFO) Backed up all server logs.
[2015/11/04 11:38:16.108] (INFO) Your mother called. She says you never call her.
[2015/11/04 11:38:16.108] (INFO) Pinging watchdog timer process: Process is alive.
[2015/11/04 11:38:16.108] (ERROR) Extra characters at end of line.
[2015/11/04 11:38:16.108] (INFO) Sending SIGTERM to 2 excess workers.
[2015/11/04 11:38:16.108] (INFO) Pinging watchdog timer process: Process is alive.
[2015/11/04 11:38:16.108] (INFO) Flushed 33 buffers to disk.
[2015/11/04 11:38:16.108] (INFO) Sending SIGTERM to 2 excess workers.
[2015/11/04 11:38:16.108] (INFO) Checkpointing off-heap server memory...
[2015/11/04 11:38:16.108] (INFO) User "dyv2391" logged out.
[2015/11/04 11:38:16.108] (WARN) Possible cyber-attack from a small unnamed island.
[2015/11/04 11:38:16.108] (INFO) Network heartbeat check: All OK.
[2015/11/04 11:38:16.108] (WARN) Dropped 12,287 corrupt data packets.
[2015/11/04 11:38:16.108] (WARN) Backup server 10.91.232.251 is offline.
[2015/11/04 11:38:16.108] (INFO) User "fnd7854" logged out due to inactivity (timeout=30 minutes).
[2015/11/04 11:38:16.108] (INFO) Waiting for worker process (PID 24416) to die.
[2015/11/04 11:38:16.108] (INFO) Pinging watchdog timer process: Process is alive.
[2015/11/04 11:38:16.108] (INFO) Checkpointing off-heap server memory...
[2015/11/04 11:38:16.108] (INFO) Network heartbeat check: All OK.
[2015/11/04 11:38:16.108] (ERROR) Unable to write to "/var/data/CAuNX52828.txt": Permission denied (EACCES)
[2015/11/04 11:38:16.108] (INFO) User "ifm4116" logged in from 192.168.202.111.
[2015/11/04 11:38:16.108] (WARN) Backup server 172.16.233.7 is offline.
[2015/11/04 11:38:16.108] (WARN) Dropped 8,984 corrupt data packets.
[2015/11/04 11:38:16.108] (INFO) Alien monitor (aliend): Detected no space aliens.
[2015/11/04 11:38:16.108] (INFO) Sending SIGTERM to 2 excess workers.
[2015/11/04 11:38:16.108] (ERROR) Failed to open "/mnt/fileserver02/jcHXA96753.csv": NFS timeout.
[2015/11/04 11:38:16.108] (INFO) Device 0xffbb is online.
[2015/11/04 11:38:16.108] (INFO) Rolling 1 log file(s)...
[2015/11/04 11:38:16.108] (INFO) Rolling 3 log file(s)...
[2015/11/04 11:38:16.108] (INFO) Alien monitor (aliend): Detected no space aliens.
[2015/11/04 11:38:16.108] (INFO) Flushed 47 buffers to disk.
[2015/11/04 11:38:16.108] (INFO) Waiting for master process (PID 28468) to die.
[2015/11/04 11:38:16.108] (INFO) Waiting for supervisor process (PID 6149) to die.
[2015/11/04 11:38:16.108] (ERROR) Network heartbeat check FAILED: Master host down?
[2015/11/04 11:38:16.108] (ERROR) Unable to write to "/var/data/gfOiU86237.xml": Permission denied (EACCES)
[2015/11/04 11:38:16.108] (INFO) Rolling 5 log file(s)...
[2015/11/04 11:38:16.108] (INFO) Flushed 46 buffers to disk.
[2015/11/04 11:38:16.108] (INFO) User "amn2089" logged in from 172.16.57.101.
[2015/11/04 11:38:16.108] (INFO) Flushed 47 buffers to disk.
[2015/11/04 11:38:16.108] (INFO) User "bop2888" logged out.
[2015/11/04 11:38:16.108] (INFO) Device 0x6816 is online.
[2015/11/04 11:38:16.108] (ERROR) User "kou1189" failed to log in 3 times. Disabling account.
[2015/11/04 11:38:16.108] (INFO) Checked file systems for errors: All filesystems OK.
[2015/11/04 11:38:16.108] (INFO) Sending SIGTERM to 3 excess workers.
[2015/11/04 11:38:16.108] (INFO) Device 0xdc1c is online.
[2015/11/04 11:38:16.108] (INFO) Alien monitor (aliend): Detected no space aliens.
[2015/11/04 11:38:16.108] (ERROR) Unable to mount /dev/sdc1. (Time to run fsck?)
[2015/11/04 11:38:16.108] (INFO) Backed up all server logs.
[2015/11/04 11:38:16.108] (INFO) Waiting for monitor process (PID 49952) to die.
[2015/11/04 11:38:16.108] (ERROR) One of the flayrods has gone out askew on treadle.
[2015/11/04 11:38:16.108] (INFO) Device 0xccea is online.
[2015/11/04 11:38:16.108] (INFO) Alien monitor (aliend): Detected no space aliens.
[2015/11/04 11:38:16.108] (INFO) .evian ylbirret si emehcs otpyrc ym neht ,siht daer nac uoy fI
[2015/11/04 11:38:16.108] (INFO) Checked file systems for errors: All filesystems OK.
[2015/11/04 11:38:16.108] (ERROR) Worker 6 died with SIGINT. Restarting it.
[2015/11/04 11:38:16.108] (INFO) Pinging watchdog timer process: Process is alive.
[2015/11/04 11:38:16.108] (INFO) User "cyi6276" logged out due to inactivity (timeout=30 minutes).
[2015/11/04 11:38:16.108] (INFO) Backed up all server logs.
[2015/11/04 11:38:16.108] (INFO) Sending SIGTERM to 4 excess workers.
[2015/11/04 11:38:16.108] (INFO) .evian ylbirret si emehcs otpyrc ym neht ,siht daer nac uoy fI
[2015/11/04 11:38:16.108] (INFO) User "bwn6989" logged out.
[2015/11/04 11:38:16.108] (ERROR) User "kue7698" failed to log in 3 times. Disabling account.
[2015/11/04 11:38:16.108] (INFO) Alien monitor (aliend): Detected no space aliens.
[2015/11/04 11:38:16.108] (INFO) Alien monitor (aliend): Detected no space aliens.
[2015/11/04 11:38:16.108] (INFO) Your mother called. She says you never call her.
[2015/11/04 11:38:16.108] (ERROR) User "tei7732" failed to log in 3 times. Disabling account.
[2015/11/04 11:38:16.108] (INFO) Device 0x5793 is online.
[2015/11/04 11:38:16.108] (INFO) User "lmk8075" logged in from 192.168.174.159.
[2015/11/04 11:38:16.108] (INFO) .evian ylbirret si emehcs otpyrc ym neht ,siht daer nac uoy fI
[2015/11/04 11:38:16.608] (INFO) User "rwu7717" logged in from 10.41.148.101.
[2015/11/04 11:38:16.608] (ERROR) Server log backup FAILED. See backup logs.
[2015/11/04 11:38:16.608] (INFO) .evian ylbirret si emehcs otpyrc ym neht ,siht daer nac uoy fI
[2015/11/04 11:38:16.608] (INFO) Rolling 5 log file(s)...
[2015/11/04 11:38:16.608] (ERROR) Directory index of "/var/data" is forbidden.
[2015/11/04 11:38:16.608] (WARN) There is no such thing as a free lunch.
[2015/11/04 11:38:16.608] (INFO) Alien monitor (aliend): Detected no space aliens.
[2015/11/04 11:38:16.608] (INFO) Flushed 83 buffers to disk.
[2015/11/04 11:38:16.608] (INFO) Rolling 8 log file(s)...
[2015/11/04 11:38:16.608] (WARN) Unable to ping worker at 192.168.72.100. Retrying.
[2015/11/04 11:38:16.608] (INFO) Waiting for master process (PID 64046) to die.
[2015/11/04 11:38:16.608] (ERROR) Blocked SSH traffic originating from 172.16.221.26.
[2015/11/04 11:38:16.608] (INFO) Sending SIGTERM to 2 excess workers.
[2015/11/04 11:38:16.608] (INFO) Network heartbeat check: All OK.
[2015/11/04 11:38:16.608] (INFO) Alien monitor (aliend): Detected no space aliens.
[2015/11/04 11:38:16.608] (INFO) Checked file systems for errors: All filesystems OK.
[2015/11/04 11:38:16.608] (INFO) Sending SIGTERM to 3 excess workers.
[2015/11/04 11:38:16.608] (INFO) Network heartbeat check: All OK.
[2015/11/04 11:38:16.608] (ERROR) Unable to authenticate user "psh7330": LDAP server isn't responding.
[2015/11/04 11:38:16.608] (INFO) Your mother called. She says you never call her.
[2015/11/04 11:38:16.608] (INFO) Your mother called. She says you never call her.
[2015/11/04 11:38:16.608] (ERROR) "/var/data/UVSbd71340.zip": Permission denied (EACCES)
[2015/11/04 11:38:16.608] (INFO) Your mother called. She says you never call her.
[2015/11/04 11:38:16.608] (INFO) Alien monitor (aliend): Detected no space aliens.
[2015/11/04 11:38:16.608] (INFO) Network heartbeat check: All OK.
[2015/11/04 11:38:16.608] (INFO) Checked file systems for errors: All filesystems OK.
[2015/11/04 11:38:16.608] (INFO) .evian ylbirret si emehcs otpyrc ym neht ,siht daer nac uoy fI
[2015/11/04 11:38:16.608] (INFO) User "ccm1156" logged in from 172.16.9.181.
[2015/11/04 11:38:16.608] (INFO) Device 0x286f is online.
[2015/11/04 11:38:16.608] (WARN) Possible cyber-attack from Nebraska.
[2015/11/04 11:38:16.608] (INFO) Supervisor has entered RUNNING state.
[2015/11/04 11:38:16.608] (INFO) Waiting for supervisor process (PID 1117) to die.
[2015/11/04 11:38:16.608] (INFO) Network heartbeat check: All OK.
[2015/11/04 11:38:16.608] (INFO) Flushed 47 buffers to disk.
[2015/11/04 11:38:16.608] (INFO) Checkpointing off-heap server memory...
[2015/11/04 11:38:16.608] (ERROR) Extra characters at end of line.
[2015/11/04 11:38:16.608] (INFO) Rolling 8 log file(s)...
[2015/11/04 11:38:16.608] (WARN) Watchdog timer crashed. Restarting it.
[2015/11/04 11:38:16.608] (ERROR) Extra characters at end of line.
[2015/11/04 11:38:16.608] (INFO) Your mother called. She says you never call her.
[2015/11/04 11:38:16.608] (INFO) User "ykv2554" logged out.
[2015/11/04 11:38:16.608] (INFO) .evian ylbirret si emehcs otpyrc ym neht ,siht daer nac uoy fI
[2015/11/04 11:38:16.608] (INFO) Supervisor has entered WAITING state.
[2015/11/04 11:38:16.608] (INFO) Flushed 90 buffers to disk.
[2015/11/04 11:38:16.608] (WARN) Possible cyber-attack from Nebraska.
[2015/11/04 11:38:16.608] (INFO) Network heartbeat check: All OK.
[2015/11/04 11:38:16.608] (INFO) Sending SIGTERM to 2 excess workers.
[2015/11/04 11:38:16.608] (INFO) Backed up all server logs.
[2015/11/04 11:38:16.608] (INFO) Backed up all server logs.
[2015/11/04 11:38:16.608] (INFO) User "ffw9056" logged in from 192.168.184.242.
[2015/11/04 11:38:16.608] (INFO) Supervisor has entered RESTARTING state.
[2015/11/04 11:38:16.608] (INFO) Backed up all server logs.
[2015/11/04 11:38:16.608] (INFO) Sending SIGTERM to 3 excess workers.
[2015/11/04 11:38:16.608] (INFO) Backed up all server logs.
[2015/11/04 11:38:16.608] (INFO) Supervisor has entered RESTARTING state.
[2015/11/04 11:38:16.608] (INFO) .evian ylbirret si emehcs otpyrc ym neht ,siht daer nac uoy fI
[2015/11/04 11:38:16.608] (WARN) Space on disk /dev/sdd3 is low: Only 196 MB available.
[2015/11/04 11:38:16.608] (INFO) .evian ylbirret si emehcs otpyrc ym neht ,siht daer nac uoy fI
[2015/11/04 11:38:16.608] (INFO) User "ukk1031" logged out due to inactivity (timeout=30 minutes).
[2015/11/04 11:38:16.608] (INFO) User "kqi2377" logged out.
[2015/11/04 11:38:16.608] (INFO) User "clx5960" logged in from 10.26.240.116.
[2015/11/04 11:38:16.608] (INFO) Pinging watchdog timer process: Process is alive.
[2015/11/04 11:38:16.608] (INFO) Pinging watchdog timer process: Process is alive.
[2015/11/04 11:38:16.608] (INFO) Rolling 2 log file(s)...
[2015/11/04 11:38:16.608] (INFO) User "afe2872" logged out.
[2015/11/04 11:38:16.608] (INFO) Device 0xdeaa is online.
[2015/11/04 11:38:16.608] (INFO) User "ujf8105" logged out.
[2015/11/04 11:38:16.608] (INFO) User "tex5370" logged out.
[2015/11/04 11:38:16.608] (INFO) Sending SIGTERM to 3 excess workers.
[2015/11/04 11:38:16.608] (INFO) Alien monitor (aliend): Detected no space aliens.
[2015/11/04 11:38:16.608] (INFO) Checkpointing off-heap server memory...
[2015/11/04 11:38:16.608] (INFO) Rolling 6 log file(s)...
[2015/11/04 11:38:16.608] (INFO) .evian ylbirret si emehcs otpyrc ym neht ,siht daer nac uoy fI
[2015/11/04 11:38:16.608] (WARN) Master took 708 ms to respond (threshold=500 ms)
[2015/11/04 11:38:16.608] (WARN) Space on disk /dev/sdd2 is low: Only 136 MB available.
[2015/11/04 11:38:16.608] (INFO) Waiting for master process (PID 27738) to die.
[2015/11/04 11:38:16.608] (WARN) Space on disk /dev/sdf4 is low: Only 605 MB available.
[2015/11/04 11:38:16.608] (ERROR) Connection to 192.168.55.234 terminated unexpectedly. Reconnecting.
[2015/11/04 11:38:16.608] (INFO) Device 0xf9f1 is online.
[2015/11/04 11:38:16.608] (INFO) .evian ylbirret si emehcs otpyrc ym neht ,siht daer nac uoy fI
[2015/11/04 11:38:16.608] (INFO) Alien monitor (aliend): Detected no space aliens.
[2015/11/04 11:38:16.608] (INFO) Network heartbeat check: All OK.
[2015/11/04 11:38:16.608] (INFO) Checkpointing off-heap server memory...
[2015/11/04 11:38:16.608] (INFO) Your mother called. She says you never call her.
[2015/11/04 11:38:16.608] (INFO) Pinging watchdog timer process: Process is alive.
[2015/11/04 11:38:16.608] (INFO) Backed up all server logs.
[2015/11/04 11:38:16.608] (INFO) User "uqs6055" logged out due to inactivity (timeout=30 minutes).
[2015/11/04 11:38:16.608] (INFO) Backed up all server logs.
[2015/11/04 11:38:16.608] (INFO) Rolling 8 log file(s)...
[2015/11/04 11:38:16.608] (INFO) .evian ylbirret si emehcs otpyrc ym neht ,siht daer nac uoy fI
[2015/11/04 11:38:16.608] (INFO) Rolling 4 log file(s)...
[2015/11/04 11:38:16.608] (INFO) Rolling 7 log file(s)...
[2015/11/04 11:38:16.608] (INFO) Checkpointing off-heap server memory...
[2015/11/04 11:38:16.608] (INFO) Sending SIGTERM to 2 excess workers.
[2015/11/04 11:38:16.608] (INFO) Waiting for master process (PID 12603) to die.
[2015/11/04 11:38:16.608] (INFO) User "iim8617" logged out due to inactivity (timeout=30 minutes).
[2015/11/04 11:38:16.608] (INFO) Your mother called. She says you never call her.
[2015/11/04 11:38:16.608] (INFO) Flushed 79 buffers to disk.
[2015/11/04 11:38:16.608] (WARN) Master took 547 ms to respond (threshold=500 ms)
[2015/11/04 11:38:16.608] (INFO) Device 0x9e9a is online.
[2015/11/04 11:38:17.108] (INFO) Sending SIGTERM to 4 excess workers.
[2015/11/04 11:38:17.108] (INFO) User "frp3503" logged out due to inactivity (timeout=30 minutes).
[2015/11/04 11:38:17.108] (ERROR) Device 0x7e3c is offline
[2015/11/04 11:38:17.108] (INFO) Flushed 45 buffers to disk.
[2015/11/04 11:38:17.108] (ERROR) "/var/data/wJjGB85677.parquet": Permission denied (EACCES)
[2015/11/04 11:38:17.108] (INFO) Supervisor has entered RESTARTING state.
[2015/11/04 11:38:17.108] (INFO) Device 0xd432 is online.
[2015/11/04 11:38:17.108] (INFO) Rolling 7 log file(s)...
[2015/11/04 11:38:17.108] (INFO) Flushed 45 buffers to disk.
[2015/11/04 11:38:17.108] (ERROR) Unable to authenticate user "vpr3465": LDAP server isn't responding.
[2015/11/04 11:38:17.108] (INFO) Checked file systems for errors: All filesystems OK.
[2015/11/04 11:38:17.108] (INFO) Your mother called. She says you never call her.
[2015/11/04 11:38:17.108] (INFO) Flushed 95 buffers to disk.
[2015/11/04 11:38:17.108] (INFO) Waiting for worker process (PID 6837) to die.
[2015/11/04 11:38:17.108] (ERROR) Detected clock skew! Restarting NTP server.
[2015/11/04 11:38:17.108] (INFO) Device 0xe0ef is online.
[2015/11/04 11:38:17.108] (INFO) Your mother called. She says you never call her.
[2015/11/04 11:38:17.108] (INFO) Network heartbeat check: All OK.
[2015/11/04 11:38:17.108] (INFO) User "svm8111" logged in from 172.16.178.124.
[2015/11/04 11:38:17.108] (INFO) Sending SIGTERM to 2 excess workers.
[2015/11/04 11:38:17.108] (WARN) Master took 725 ms to respond (threshold=500 ms)
[2015/11/04 11:38:17.108] (INFO) .evian ylbirret si emehcs otpyrc ym neht ,siht daer nac uoy fI
[2015/11/04 11:38:17.108] (INFO) Network heartbeat check: All OK.
[2015/11/04 11:38:17.108] (INFO) User "jiq7973" logged out due to inactivity (timeout=30 minutes).
[2015/11/04 11:38:17.108] (INFO) Alien monitor (aliend): Detected no space aliens.
[2015/11/04 11:38:17.108] (INFO) User "bop2297" logged out due to inactivity (timeout=30 minutes).
[2015/11/04 11:38:17.108] (INFO) Device 0x77fe is online.
[2015/11/04 11:38:17.108] (INFO) Alien monitor (aliend): Detected no space aliens.
[2015/11/04 11:38:17.108] (INFO) Network heartbeat check: All OK.
[2015/11/04 11:38:17.108] (INFO) Your mother called. She says you never call her.
[2015/11/04 11:38:17.108] (INFO) User "vzo9480" logged out.
[2015/11/04 11:38:17.108] (INFO) Waiting for supervisor process (PID 57728) to die.
[2015/11/04 11:38:17.108] (INFO) Waiting for master process (PID 61731) to die.
[2015/11/04 11:38:17.108] (ERROR) Unable to write to "/var/data/PAcom73319.xslx": Permission denied (EACCES)
[2015/11/04 11:38:17.108] (INFO) Checked file systems for errors: All filesystems OK.
[2015/11/04 11:38:17.108] (INFO) User "yhy8666" logged out.
[2015/11/04 11:38:17.108] (INFO) Pinging watchdog timer process: Process is alive.
[2015/11/04 11:38:17.108] (ERROR) Worker 2 died with SIGILL. Restarting it.
[2015/11/04 11:38:17.108] (INFO) Alien monitor (aliend): Detected no space aliens.
[2015/11/04 11:38:17.108] (INFO) User "jec9617" logged in from 10.129.136.49.
[2015/11/04 11:38:17.108] (INFO) Sending SIGTERM to 4 excess workers.
[2015/11/04 11:38:17.108] (INFO) Backed up all server logs.
[2015/11/04 11:38:17.108] (INFO) Your mother called. She says you never call her.
[2015/11/04 11:38:17.108] (INFO) Waiting for worker process (PID 18377) to die.
[2015/11/04 11:38:17.108] (INFO) Pinging watchdog timer process: Process is alive.
[2015/11/04 11:38:17.108] (INFO) Sending SIGTERM to 3 excess workers.
[2015/11/04 11:38:17.108] (ERROR) Unable to mount /dev/sdb4. (Time to run fsck?)
[2015/11/04 11:38:17.108] (INFO) Sending SIGTERM to 4 excess workers.
[2015/11/04 11:38:17.108] (INFO) Device 0x6a67 is online.
[2015/11/04 11:38:17.108] (INFO) Checkpointing off-heap server memory...
[2015/11/04 11:38:17.108] (ERROR) EFOODFAIL (Waiter, there's a fly in my soup).
[2015/11/04 11:38:17.108] (INFO) .evian ylbirret si emehcs otpyrc ym neht ,siht daer nac uoy fI
[2015/11/04 11:38:17.108] (INFO) Waiting for worker process (PID 55445) to die.
[2015/11/04 11:38:17.108] (INFO) Rolling 5 log file(s)...
[2015/11/04 11:38:17.108] (INFO) Flushed 67 buffers to disk.
[2015/11/04 11:38:17.108] (INFO) User "zrk9114" logged out.
[2015/11/04 11:38:17.108] (INFO) Waiting for supervisor process (PID 24833) to die.
[2015/11/04 11:38:17.108] (INFO) Flushed 21 buffers to disk.
[2015/11/04 11:38:17.108] (INFO) Checkpointing off-heap server memory...
[2015/11/04 11:38:17.108] (INFO) Checked file systems for errors: All filesystems OK.
[2015/11/04 11:38:17.108] (ERROR) Extra characters at end of line.
[2015/11/04 11:38:17.108] (INFO) Checked file systems for errors: All filesystems OK.
[2015/11/04 11:38:17.108] (INFO) Waiting for worker process (PID 18081) to die.
[2015/11/04 11:38:17.108] (INFO) Flushed 62 buffers to disk.
[2015/11/04 11:38:17.108] (INFO) Backed up all server logs.
[2015/11/04 11:38:17.108] (INFO) User "npf3219" logged in from 172.16.176.242.
[2015/11/04 11:38:17.108] (WARN) CPU temperature exceeds 40º Celsius.
[2015/11/04 11:38:17.108] (INFO) Supervisor has entered RESTARTING state.
[2015/11/04 11:38:17.108] (INFO) Checked file systems for errors: All filesystems OK.
[2015/11/04 11:38:17.108] (INFO) User "eqz9571" logged in from 192.168.91.0.
[2015/11/04 11:38:17.108] (INFO) Your mother called. She says you never call her.
[2015/11/04 11:38:17.108] (ERROR) Connection to 192.168.74.199 terminated unexpectedly. Reconnecting.
[2015/11/04 11:38:17.108] (ERROR) Failed to write checkpoint file "/var/checkpoint/ulwEI99590: No space left on device (ENOSPC)
[2015/11/04 11:38:17.108] (INFO) Pinging watchdog timer process: Process is alive.
[2015/11/04 11:38:17.108] (INFO) Device 0x9faf is online.
[2015/11/04 11:38:17.108] (ERROR) "/var/data/zPfLS63802.tar.gz": Permission denied (EACCES)
[2015/11/04 11:38:17.108] (WARN) Retrying server log checkpoint.
[2015/11/04 11:38:17.108] (INFO) User "ndw3033" logged out due to inactivity (timeout=30 minutes).
[2015/11/04 11:38:17.108] (INFO) Alien monitor (aliend): Detected no space aliens.
[2015/11/04 11:38:17.108] (INFO) .evian ylbirret si emehcs otpyrc ym neht ,siht daer nac uoy fI
[2015/11/04 11:38:17.108] (INFO) Alien monitor (aliend): Detected no space aliens.
[2015/11/04 11:38:17.108] (INFO) Sending SIGTERM to 4 excess workers.
[2015/11/04 11:38:17.108] (INFO) Waiting for worker process (PID 36144) to die.
[2015/11/04 11:38:17.108] (INFO) User "mqw1316" logged in from 192.168.94.201.
[2015/11/04 11:38:17.108] (INFO) Sending SIGTERM to 4 excess workers.
[2015/11/04 11:38:17.108] (WARN) Retrying server log checkpoint.
[2015/11/04 11:38:17.108] (INFO) Checked file systems for errors: All filesystems OK.
[2015/11/04 11:38:17.108] (INFO) Checked file systems for errors: All filesystems OK.
[2015/11/04 11:38:17.108] (INFO) Alien monitor (aliend): Detected no space aliens.
[2015/11/04 11:38:17.108] (INFO) Supervisor has entered RUNNING state.
[2015/11/04 11:38:17.108] (INFO) User "dyl4116" logged out.
[2015/11/04 11:38:17.108] (ERROR) Connection to 10.12.80.238 terminated unexpectedly. Reconnecting.
[2015/11/04 11:38:17.108] (INFO) Backed up all server logs.
[2015/11/04 11:38:17.108] (INFO) Rolling 8 log file(s)...
[2015/11/04 11:38:17.108] (ERROR) One of the flayrods has gone out askew on treadle.
[2015/11/04 11:38:17.108] (INFO) Rolling 9 log file(s)...
[2015/11/04 11:38:17.108] (INFO) Checkpointing off-heap server memory...
[2015/11/04 11:38:17.108] (INFO) Flushed 44 buffers to disk.
[2015/11/04 11:38:17.108] (ERROR) /dev/lp error: "PC LOAD LETTER"
[2015/11/04 11:38:17.108] (INFO) User "jcq1799" logged out due to inactivity (timeout=30 minutes).
[2015/11/04 11:38:17.607] (INFO) Backed up all server logs.
[2015/11/04 11:38:17.607] (INFO) Checked file systems for errors: All filesystems OK.
[2015/11/04 11:38:17.607] (INFO) Network heartbeat check: All OK.
[2015/11/04 11:38:17.607] (ERROR) User "iyo5886" failed to log in 3 times. Disabling account.
[2015/11/04 11:38:17.607] (INFO) .evian ylbirret si emehcs otpyrc ym neht ,siht daer nac uoy fI
[2015/11/04 11:38:17.607] (INFO) .evian ylbirret si emehcs otpyrc ym neht ,siht daer nac uoy fI
[2015/11/04 11:38:17.607] (INFO) Pinging watchdog timer process: Process is alive.
[2015/11/04 11:38:17.607] (INFO) Device 0xf13c is online.
[2015/11/04 11:38:17.607] (ERROR) Blocked BitTorrent traffic originating from 192.168.153.179.
[2015/11/04 11:38:17.607] (WARN) Space on disk /dev/sdd4 is low: Only 535 MB available.
[2015/11/04 11:38:17.607] (INFO) User "zgu1415" logged out due to inactivity (timeout=30 minutes).
[2015/11/04 11:38:17.607] (ERROR) Failed to write checkpoint file "/var/checkpoint/SBStG57018: No space left on device (ENOSPC)
[2015/11/04 11:38:17.607] (INFO) Backed up all server logs.
[2015/11/04 11:38:17.607] (ERROR) One of the flayrods has gone out askew on treadle.
[2015/11/04 11:38:17.607] (INFO) Alien monitor (aliend): Detected no space aliens.
[2015/11/04 11:38:17.607] (ERROR) Server log backup FAILED. See backup logs.
[2015/11/04 11:38:17.607] (WARN) Backup server 10.158.159.84 is offline.
[2015/11/04 11:38:17.607] (INFO) Rolling 1 log file(s)...
[2015/11/04 11:38:17.607] (ERROR) Server log backup FAILED. See backup logs.
[2015/11/04 11:38:17.607] (INFO) Your mother called. She says you never call her.
[2015/11/04 11:38:17.607] (INFO) Waiting for supervisor process (PID 37179) to die.
[2015/11/04 11:38:17.607] (WARN) Space on disk /dev/sde4 is low: Only 628 MB available.
[2015/11/04 11:38:17.607] (INFO) Backed up all server logs.
[2015/11/04 11:38:17.607] (INFO) Checkpointing off-heap server memory...
[2015/11/04 11:38:17.607] (INFO) User "bdm1048" logged out due to inactivity (timeout=30 minutes).
[2015/11/04 11:38:17.607] (INFO) Rolling 4 log file(s)...
[2015/11/04 11:38:17.607] (INFO) User "lsc6127" logged out due to inactivity (timeout=30 minutes).
[2015/11/04 11:38:17.607] (INFO) Network heartbeat check: All OK.
[2015/11/04 11:38:17.607] (WARN) CPU temperature exceeds 40º Celsius.
[2015/11/04 11:38:17.607] (INFO) User "ahy8030" logged out due to inactivity (timeout=30 minutes).
[2015/11/04 11:38:17.607] (INFO) Network heartbeat check: All OK.
[2015/11/04 11:38:17.607] (INFO) Waiting for monitor process (PID 31529) to die.
[2015/11/04 11:38:17.607] (WARN) Network heartbeat check: 9 server(s) did not respond.
[2015/11/04 11:38:17.607] (WARN) Unable to ping worker at 10.109.175.219. Retrying.
[2015/11/04 11:38:17.607] (WARN) Ignoring SIGTERM. It's not that easy to get rid of me.
[2015/11/04 11:38:17.607] (INFO) User "zxh8285" logged out.
[2015/11/04 11:38:17.607] (INFO) Flushed 97 buffers to disk.
[2015/11/04 11:38:17.607] (INFO) User "bqo1590" logged out due to inactivity (timeout=30 minutes).
[2015/11/04 11:38:17.607] (INFO) User "wxs5860" logged out due to inactivity (timeout=30 minutes).
[2015/11/04 11:38:17.607] (INFO) User "lxb6360" logged in from 192.168.185.213.
[2015/11/04 11:38:17.607] (INFO) Flushed 59 buffers to disk.
[2015/11/04 11:38:17.607] (INFO) Checked file systems for errors: All filesystems OK.
[2015/11/04 11:38:17.607] (ERROR) Directory index of "/var/data" is forbidden.
[2015/11/04 11:38:17.607] (INFO) Checkpointing off-heap server memory...
[2015/11/04 11:38:17.607] (INFO) Alien monitor (aliend): Detected no space aliens.
[2015/11/04 11:38:17.607] (INFO) Your mother called. She says you never call her.
[2015/11/04 11:38:17.607] (INFO) Rolling 9 log file(s)...
[2015/11/04 11:38:17.607] (INFO) Device 0xd4b9 is online.
[2015/11/04 11:38:17.607] (INFO) Alien monitor (aliend): Detected no space aliens.
[2015/11/04 11:38:17.607] (INFO) Supervisor has entered RESTARTING state.
[2015/11/04 11:38:17.607] (ERROR) Device 0x6399 is offline
[2015/11/04 11:38:17.607] (INFO) Rolling 6 log file(s)...
[2015/11/04 11:38:17.607] (INFO) Sending SIGTERM to 2 excess workers.
[2015/11/04 11:38:17.607] (INFO) Device 0xcf9a is online.
[2015/11/04 11:38:17.607] (INFO) User "lwl4269" logged in from 192.168.9.109.
[2015/11/04 11:38:17.607] (ERROR) "/var/data/pyNlf98450.tar.gz": Permission denied (EACCES)
[2015/11/04 11:38:17.607] (INFO) .evian ylbirret si emehcs otpyrc ym neht ,siht daer nac uoy fI
[2015/11/04 11:38:17.607] (INFO) Waiting for supervisor process (PID 32075) to die.
[2015/11/04 11:38:17.607] (INFO) User "apw5735" logged out.
[2015/11/04 11:38:17.607] (INFO) Pinging watchdog timer process: Process is alive.
[2015/11/04 11:38:17.607] (INFO) User "dgh1606" logged in from 172.16.88.239.
[2015/11/04 11:38:17.607] (INFO) Checkpointing off-heap server memory...
[2015/11/04 11:38:17.607] (WARN) There is no such thing as a free lunch.
[2015/11/04 11:38:17.607] (INFO) Your mother called. She says you never call her.
[2015/11/04 11:38:17.607] (INFO) User "xvd6975" logged in from 172.16.92.175.
[2015/11/04 11:38:17.607] (INFO) User "rku3060" logged out.
[2015/11/04 11:38:17.607] (INFO) Rolling 2 log file(s)...
[2015/11/04 11:38:17.607] (INFO) Device 0x2593 is online.
[2015/11/04 11:38:17.607] (ERROR) One of the flayrods has gone out askew on treadle.
[2015/11/04 11:38:17.607] (INFO) Backed up all server logs.
[2015/11/04 11:38:17.607] (INFO) Pinging watchdog timer process: Process is alive.
[2015/11/04 11:38:17.607] (INFO) User "gbj4014" logged out.
[2015/11/04 11:38:17.607] (INFO) Checkpointing off-heap server memory...
[2015/11/04 11:38:17.607] (INFO) Alien monitor (aliend): Detected no space aliens.
[2015/11/04 11:38:17.607] (ERROR) One of the flayrods has gone out askew on treadle.
[2015/11/04 11:38:17.607] (INFO) Pinging watchdog timer process: Process is alive.
[2015/11/04 11:38:17.607] (INFO) Checkpointing off-heap server memory...
[2015/11/04 11:38:17.607] (INFO) Your mother called. She says you never call her.
[2015/11/04 11:38:17.607] (INFO) Checked file systems for errors: All filesystems OK.
[2015/11/04 11:38:17.607] (INFO) User "uao5048" logged in from 172.16.73.228.
[2015/11/04 11:38:17.607] (INFO) Device 0xf437 is online.
[2015/11/04 11:38:17.607] (ERROR) Directory index of "/var/data" is forbidden.
[2015/11/04 11:38:17.607] (INFO) Checkpointing off-heap server memory...
[2015/11/04 11:38:17.607] (INFO) Backed up all server logs.
[2015/11/04 11:38:17.607] (WARN) Retrying server log checkpoint.
[2015/11/04 11:38:17.607] (INFO) Device 0x178f is online.
[2015/11/04 11:38:17.607] (INFO) User "mqw5314" logged in from 10.194.64.199.
[2015/11/04 11:38:17.607] (INFO) Sending SIGTERM to 3 excess workers.
[2015/11/04 11:38:17.607] (INFO) Sending SIGTERM to 3 excess workers.
[2015/11/04 11:38:17.607] (INFO) Device 0xdfac is online.
[2015/11/04 11:38:17.607] (WARN) Possible cyber-attack from Russia.
[2015/11/04 11:38:17.607] (INFO) Sending SIGTERM to 3 excess workers.
[2015/11/04 11:38:17.607] (INFO) Backed up all server logs.
[2015/11/04 11:38:17.607] (INFO) User "iwh4015" logged out due to inactivity (timeout=30 minutes).
[2015/11/04 11:38:17.607] (INFO) Flushed 48 buffers to disk.
[2015/11/04 11:38:17.607] (INFO) Waiting for monitor process (PID 15706) to die.
[2015/11/04 11:38:17.607] (INFO) Backed up all server logs.
[2015/11/04 11:38:17.607] (INFO) Flushed 49 buffers to disk.
[2015/11/04 11:38:17.607] (INFO) Checkpointing off-heap server memory...
[2015/11/04 11:38:17.607] (ERROR) Unable to write to "/var/data/bmaYj80263.zip": Permission denied (EACCES)
[2015/11/04 11:38:18.107] (INFO) Your mother called. She says you never call her.
[2015/11/04 11:38:18.108] (WARN) Unable to ping master at 10.71.131.103. Retrying.
[2015/11/04 11:38:18.108] (WARN) Dropped 18,734 corrupt data packets.
[2015/11/04 11:38:18.108] (ERROR) Blocked SSH traffic originating from 10.140.170.168.
[2015/11/04 11:38:18.108] (ERROR) Server log backup FAILED. See backup logs.
[2015/11/04 11:38:18.108] (INFO) Supervisor has entered RESTARTING state.
[2015/11/04 11:38:18.108] (INFO) User "zzq9410" logged out.
[2015/11/04 11:38:18.108] (INFO) User "fbs3724" logged in from 172.16.253.47.
[2015/11/04 11:38:18.108] (INFO) User "vpe7955" logged out due to inactivity (timeout=30 minutes).
[2015/11/04 11:38:18.108] (INFO) .evian ylbirret si emehcs otpyrc ym neht ,siht daer nac uoy fI
[2015/11/04 11:38:18.108] (INFO) Waiting for monitor process (PID 2823) to die.
[2015/11/04 11:38:18.108] (INFO) Rolling 4 log file(s)...
[2015/11/04 11:38:18.108] (INFO) Sending SIGTERM to 4 excess workers.
[2015/11/04 11:38:18.108] (INFO) User "abx1535" logged out.
[2015/11/04 11:38:18.108] (INFO) User "shl5881" logged in from 10.150.127.91.
[2015/11/04 11:38:18.108] (INFO) Sending SIGTERM to 4 excess workers.
[2015/11/04 11:38:18.108] (ERROR) Server log backup FAILED. See backup logs.
[2015/11/04 11:38:18.108] (INFO) Checkpointing off-heap server memory...
[2015/11/04 11:38:18.108] (INFO) Device 0x9477 is online.
[2015/11/04 11:38:18.108] (INFO) Backed up all server logs.
[2015/11/04 11:38:18.108] (WARN) Network heartbeat check: 2 server(s) did not respond.
[2015/11/04 11:38:18.108] (INFO) Checkpointing off-heap server memory...
[2015/11/04 11:38:18.108] (INFO) Sending SIGTERM to 4 excess workers.
[2015/11/04 11:38:18.108] (ERROR) "/var/data/yryiX71972.xslx": Permission denied (EACCES)
[2015/11/04 11:38:18.108] (INFO) Network heartbeat check: All OK.
[2015/11/04 11:38:18.108] (WARN) Unable to ping monitor at 10.182.138.51. Retrying.
[2015/11/04 11:38:18.108] (INFO) User "idb1483" logged out due to inactivity (timeout=30 minutes).
[2015/11/04 11:38:18.108] (INFO) Checked file systems for errors: All filesystems OK.
[2015/11/04 11:38:18.108] (ERROR) User "wdy2881" failed to log in 3 times. Disabling account.
[2015/11/04 11:38:18.108] (INFO) Supervisor has entered RESTARTING state.
[2015/11/04 11:38:18.108] (ERROR) Worker 3 died with SIGQUIT. Restarting it.
[2015/11/04 11:38:18.108] (INFO) User "euc5306" logged out due to inactivity (timeout=30 minutes).
[2015/11/04 11:38:18.108] (ERROR) Failed to open "/mnt/fileserver02/TRmcC57927.xml": NFS timeout.
[2015/11/04 11:38:18.108] (INFO) User "joy2482" logged out.
[2015/11/04 11:38:18.108] (INFO) Backed up all server logs.
[2015/11/04 11:38:18.108] (INFO) User "ztq6487" logged out.
[2015/11/04 11:38:18.108] (INFO) Alien monitor (aliend): Detected no space aliens.
[2015/11/04 11:38:18.108] (INFO) Rolling 7 log file(s)...
[2015/11/04 11:38:18.108] (INFO) Checkpointing off-heap server memory...
[2015/11/04 11:38:18.108] (INFO) Waiting for worker process (PID 37027) to die.
[2015/11/04 11:38:18.108] (INFO) Backed up all server logs.
[2015/11/04 11:38:18.108] (WARN) Ignoring SIGTERM. It's not that easy to get rid of me.
[2015/11/04 11:38:18.108] (INFO) Flushed 91 buffers to disk.
[2015/11/04 11:38:18.108] (INFO) Flushed 58 buffers to disk.
[2015/11/04 11:38:18.108] (INFO) Waiting for worker process (PID 45212) to die.
[2015/11/04 11:38:18.108] (INFO) User "inv8421" logged out.
[2015/11/04 11:38:18.108] (INFO) User "frt7987" logged out.
[2015/11/04 11:38:18.108] (INFO) Supervisor has entered RESTARTING state.
[2015/11/04 11:38:18.108] (WARN) Network heartbeat check: 8 server(s) did not respond.
[2015/11/04 11:38:18.108] (INFO) Sending SIGTERM to 4 excess workers.
[2015/11/04 11:38:18.108] (INFO) Pinging watchdog timer process: Process is alive.
[2015/11/04 11:38:18.108] (INFO) User "tcv2636" logged in from 10.180.217.9.
[2015/11/04 11:38:18.108] (WARN) CPU temperature exceeds 40º Celsius.
[2015/11/04 11:38:18.108] (INFO) Your mother called. She says you never call her.
[2015/11/04 11:38:18.108] (INFO) Device 0xf348 is online.
[2015/11/04 11:38:18.108] (WARN) Dropped 11,591 corrupt data packets.
[2015/11/04 11:38:18.108] (INFO) Sending SIGTERM to 2 excess workers.
[2015/11/04 11:38:18.108] (INFO) Alien monitor (aliend): Detected no space aliens.
[2015/11/04 11:38:18.108] (INFO) Your mother called. She says you never call her.
[2015/11/04 11:38:18.108] (WARN) Retrying server log checkpoint.
[2015/11/04 11:38:18.108] (INFO) User "wyj8918" logged in from 10.189.204.175.
[2015/11/04 11:38:18.108] (INFO) User "gna9904" logged out.
[2015/11/04 11:38:18.108] (INFO) Pinging watchdog timer process: Process is alive.
[2015/11/04 11:38:18.108] (ERROR) Extra characters at end of line.
[2015/11/04 11:38:18.108] (WARN) Watchdog timer crashed. Restarting it.
[2015/11/04 11:38:18.108] (INFO) Waiting for supervisor process (PID 56889) to die.
[2015/11/04 11:38:18.108] (INFO) Alien monitor (aliend): Detected no space aliens.
[2015/11/04 11:38:18.108] (INFO) User "kfn4757" logged out due to inactivity (timeout=30 minutes).
[2015/11/04 11:38:18.108] (INFO) Backed up all server logs.
[2015/11/04 11:38:18.108] (INFO) .evian ylbirret si emehcs otpyrc ym neht ,siht daer nac uoy fI
[2015/11/04 11:38:18.108] (INFO) User "fpm8257" logged out due to inactivity (timeout=30 minutes).
[2015/11/04 11:38:18.108] (INFO) Flushed 48 buffers to disk.
[2015/11/04 11:38:18.108] (INFO) Checkpointing off-heap server memory...
[2015/11/04 11:38:18.108] (WARN) Ignoring SIGTERM. It's not that easy to get rid of me.
[2015/11/04 11:38:18.108] (INFO) Supervisor has entered WAITING state.
[2015/11/04 11:38:18.108] (INFO) Pinging watchdog timer process: Process is alive.
[2015/11/04 11:38:18.108] (INFO) Checked file systems for errors: All filesystems OK.
[2015/11/04 11:38:18.108] (INFO) Network heartbeat check: All OK.
[2015/11/04 11:38:18.108] (INFO) Checked file systems for errors: All filesystems OK.
[2015/11/04 11:38:18.108] (INFO) .evian ylbirret si emehcs otpyrc ym neht ,siht daer nac uoy fI
[2015/11/04 11:38:18.108] (WARN) Ignoring SIGTERM. It's not that easy to get rid of me.
[2015/11/04 11:38:18.108] (INFO) User "mqa9184" logged out due to inactivity (timeout=30 minutes).
[2015/11/04 11:38:18.108] (INFO) .evian ylbirret si emehcs otpyrc ym neht ,siht daer nac uoy fI
[2015/11/04 11:38:18.108] (INFO) User "gks8744" logged in from 172.16.101.230.
[2015/11/04 11:38:18.108] (ERROR) Blocked Little Bobby Tables attack (https://xkcd.com/327/) from 172.16.120.8.
[2015/11/04 11:38:18.108] (INFO) .evian ylbirret si emehcs otpyrc ym neht ,siht daer nac uoy fI
[2015/11/04 11:38:18.108] (INFO) Device 0xb2a0 is online.
[2015/11/04 11:38:18.108] (INFO) Flushed 44 buffers to disk.
[2015/11/04 11:38:18.108] (INFO) User "rzk1337" logged in from 192.168.222.24.
[2015/11/04 11:38:18.108] (WARN) Watchdog timer crashed. Restarting it.
[2015/11/04 11:38:18.108] (INFO) Waiting for master process (PID 54631) to die.
[2015/11/04 11:38:18.108] (INFO) Flushed 64 buffers to disk.
[2015/11/04 11:38:18.108] (INFO) Alien monitor (aliend): Detected no space aliens.
[2015/11/04 11:38:18.108] (INFO) User "uyh6468" logged in from 172.16.155.52.
[2015/11/04 11:38:18.108] (INFO) User "hzu4571" logged out due to inactivity (timeout=30 minutes).
[2015/11/04 11:38:18.108] (INFO) Supervisor has entered RESTARTING state.
[2015/11/04 11:38:18.108] (ERROR) Device 0xaebd is offline
[2015/11/04 11:38:18.108] (INFO) Network heartbeat check: All OK.
[2015/11/04 11:38:18.108] (INFO) Your mother called. She says you never call her.
[2015/11/04 11:38:18.108] (INFO) Pinging watchdog timer process: Process is alive.
[2015/11/04 11:38:18.608] (INFO) User "zgm7879" logged out.
[2015/11/04 11:38:18.608] (INFO) Alien monitor (aliend): Detected no space aliens.
[2015/11/04 11:38:18.608] (ERROR) Detected clock skew! Restarting NTP server.
[2015/11/04 11:38:18.608] (INFO) Device 0xbf7c is online.
[2015/11/04 11:38:18.608] (INFO) Waiting for supervisor process (PID 35999) to die.
[2015/11/04 11:38:18.608] (INFO) Flushed 69 buffers to disk.
[2015/11/04 11:38:18.608] (INFO) User "vml8142" logged out.
[2015/11/04 11:38:18.608] (INFO) Waiting for monitor process (PID 55502) to die.
[2015/11/04 11:38:18.608] (WARN) Possible cyber-attack from a small unnamed island.
[2015/11/04 11:38:18.608] (INFO) Device 0x6fc1 is online.
[2015/11/04 11:38:18.608] (INFO) Checked file systems for errors: All filesystems OK.
[2015/11/04 11:38:18.608] (INFO) Device 0x97d1 is online.
[2015/11/04 11:38:18.608] (INFO) .evian ylbirret si emehcs otpyrc ym neht ,siht daer nac uoy fI
[2015/11/04 11:38:18.608] (INFO) Rolling 4 log file(s)...
[2015/11/04 11:38:18.608] (INFO) Network heartbeat check: All OK.
[2015/11/04 11:38:18.608] (INFO) Sending SIGTERM to 3 excess workers.
[2015/11/04 11:38:18.608] (INFO) User "mua9395" logged out due to inactivity (timeout=30 minutes).
[2015/11/04 11:38:18.608] (INFO) .evian ylbirret si emehcs otpyrc ym neht ,siht daer nac uoy fI
[2015/11/04 11:38:18.608] (INFO) Rolling 5 log file(s)...
[2015/11/04 11:38:18.608] (ERROR) Failed to write checkpoint file "/var/checkpoint/QguEz77945: No space left on device (ENOSPC)
[2015/11/04 11:38:18.608] (INFO) Device 0x7a18 is online.
[2015/11/04 11:38:18.608] (INFO) Checked file systems for errors: All filesystems OK.
[2015/11/04 11:38:18.608] (INFO) Pinging watchdog timer process: Process is alive.
[2015/11/04 11:38:18.608] (INFO) Alien monitor (aliend): Detected no space aliens.
[2015/11/04 11:38:18.608] (WARN) Master took 786 ms to respond (threshold=500 ms)
[2015/11/04 11:38:18.608] (INFO) Backed up all server logs.
[2015/11/04 11:38:18.608] (INFO) Checked file systems for errors: All filesystems OK.
[2015/11/04 11:38:18.608] (INFO) Network heartbeat check: All OK.
[2015/11/04 11:38:18.608] (WARN) Possible cyber-attack from Nebraska.
[2015/11/04 11:38:18.608] (INFO) Network heartbeat check: All OK.
[2015/11/04 11:38:18.608] (INFO) Device 0xf043 is online.
[2015/11/04 11:38:18.608] (INFO) Sending SIGTERM to 4 excess workers.
[2015/11/04 11:38:18.608] (INFO) User "pbn7765" logged out.
[2015/11/04 11:38:18.608] (INFO) Pinging watchdog timer process: Process is alive.
[2015/11/04 11:38:18.608] (INFO) User "jtj1161" logged out.
[2015/11/04 11:38:18.608] (INFO) Pinging watchdog timer process: Process is alive.
[2015/11/04 11:38:18.608] (INFO) User "wpb2921" logged in from 192.168.73.204.
[2015/11/04 11:38:18.608] (INFO) Rolling 2 log file(s)...
[2015/11/04 11:38:18.608] (INFO) .evian ylbirret si emehcs otpyrc ym neht ,siht daer nac uoy fI
[2015/11/04 11:38:18.608] (INFO) Sending SIGTERM to 3 excess workers.
[2015/11/04 11:38:18.608] (INFO) Pinging watchdog timer process: Process is alive.
[2015/11/04 11:38:18.608] (INFO) User "iin9656" logged out due to inactivity (timeout=30 minutes).
[2015/11/04 11:38:18.608] (INFO) Flushed 40 buffers to disk.
[2015/11/04 11:38:18.608] (INFO) Network heartbeat check: All OK.
[2015/11/04 11:38:18.608] (INFO) Backed up all server logs.
[2015/11/04 11:38:18.608] (INFO) Network heartbeat check: All OK.
[2015/11/04 11:38:18.608] (INFO) Device 0xf325 is online.
[2015/11/04 11:38:18.608] (INFO) Device 0x15cb is online.
[2015/11/04 11:38:18.608] (INFO) Alien monitor (aliend): Detected no space aliens.
[2015/11/04 11:38:18.608] (INFO) User "wau4105" logged in from 192.168.108.54.
[2015/11/04 11:38:18.608] (ERROR) Worker 4 died with SIGURG. Restarting it.
[2015/11/04 11:38:18.608] (INFO) Rolling 5 log file(s)...
[2015/11/04 11:38:18.608] (INFO) Sending SIGTERM to 2 excess workers.
[2015/11/04 11:38:18.608] (WARN) Space on disk /dev/sdd2 is low: Only 674 MB available.
[2015/11/04 11:38:18.608] (INFO) Rolling 1 log file(s)...
[2015/11/04 11:38:18.608] (INFO) Your mother called. She says you never call her.
[2015/11/04 11:38:18.608] (INFO) Backed up all server logs.
[2015/11/04 11:38:18.608] (INFO) Alien monitor (aliend): Detected no space aliens.
[2015/11/04 11:38:18.608] (INFO) Waiting for monitor process (PID 15332) to die.
[2015/11/04 11:38:18.608] (INFO) Checked file systems for errors: All filesystems OK.
[2015/11/04 11:38:18.608] (INFO) Your mother called. She says you never call her.
[2015/11/04 11:38:18.608] (INFO) Sending SIGTERM to 2 excess workers.
[2015/11/04 11:38:18.608] (INFO) User "icu4646" logged out.
[2015/11/04 11:38:18.608] (ERROR) /dev/lp error: "PC LOAD LETTER"
[2015/11/04 11:38:18.608] (WARN) Retrying server log checkpoint.
[2015/11/04 11:38:18.608] (ERROR) Blocked BitTorrent traffic originating from 10.158.216.32.
[2015/11/04 11:38:18.608] (INFO) Network heartbeat check: All OK.
[2015/11/04 11:38:18.608] (INFO) Supervisor has entered SUSPENDED state.
[2015/11/04 11:38:18.608] (INFO) User "nne7661" logged out due to inactivity (timeout=30 minutes).
[2015/11/04 11:38:18.608] (INFO) Sending SIGTERM to 3 excess workers.
[2015/11/04 11:38:18.608] (INFO) Waiting for master process (PID 26102) to die.
[2015/11/04 11:38:18.608] (INFO) User "jtm7893" logged in from 172.16.19.151.
[2015/11/04 11:38:18.608] (WARN) CPU temperature exceeds 40º Celsius.
[2015/11/04 11:38:18.608] (INFO) Checked file systems for errors: All filesystems OK.
[2015/11/04 11:38:18.608] (INFO) Pinging watchdog timer process: Process is alive.
[2015/11/04 11:38:18.608] (INFO) Alien monitor (aliend): Detected no space aliens.
[2015/11/04 11:38:18.608] (INFO) Device 0xe928 is online.
[2015/11/04 11:38:18.608] (INFO) Alien monitor (aliend): Detected no space aliens.
[2015/11/04 11:38:18.608] (INFO) Rolling 5 log file(s)...
[2015/11/04 11:38:18.608] (INFO) Backed up all server logs.
[2015/11/04 11:38:18.608] (INFO) Network heartbeat check: All OK.
[2015/11/04 11:38:18.608] (INFO) Sending SIGTERM to 4 excess workers.
[2015/11/04 11:38:18.608] (ERROR) Network heartbeat check FAILED: Master host down?
[2015/11/04 11:38:18.608] (INFO) Rolling 9 log file(s)...
[2015/11/04 11:38:18.608] (ERROR) Network heartbeat check FAILED: Master host down?
[2015/11/04 11:38:18.608] (INFO) Backed up all server logs.
[2015/11/04 11:38:18.608] (INFO) Flushed 83 buffers to disk.
[2015/11/04 11:38:18.608] (INFO) Sending SIGTERM to 2 excess workers.
[2015/11/04 11:38:18.608] (INFO) Alien monitor (aliend): Detected no space aliens.
[2015/11/04 11:38:18.608] (INFO) Waiting for master process (PID 37620) to die.
[2015/11/04 11:38:18.608] (INFO) Sending SIGTERM to 4 excess workers.
[2015/11/04 11:38:18.608] (WARN) Master took 631 ms to respond (threshold=500 ms)
[2015/11/04 11:38:18.608] (INFO) .evian ylbirret si emehcs otpyrc ym neht ,siht daer nac uoy fI
[2015/11/04 11:38:18.608] (INFO) User "ycn1945" logged in from 10.134.151.181.
[2015/11/04 11:38:18.608] (INFO) Device 0xdf93 is online.
[2015/11/04 11:38:18.608] (INFO) Sending SIGTERM to 4 excess workers.
[2015/11/04 11:38:18.608] (ERROR) /dev/lp error: "PC LOAD LETTER"
[2015/11/04 11:38:18.608] (WARN) Retrying server log checkpoint.
[2015/11/04 11:38:18.608] (ERROR) Unable to write to "/var/data/krKlv76418.tar.gz": Permission denied (EACCES)
[2015/11/04 11:38:18.608] (WARN) Ignoring SIGTERM. It's not that easy to get rid of me.
[2015/11/04 11:38:19.108] (INFO) Sending SIGTERM to 4 excess workers.
[2015/11/04 11:38:19.108] (INFO) Your mother called. She says you never call her.
[2015/11/04 11:38:19.108] (INFO) Flushed 49 buffers to disk.
[2015/11/04 11:38:19.108] (INFO) Flushed 68 buffers to disk.
[2015/11/04 11:38:19.108] (INFO) Checked file systems for errors: All filesystems OK.
[2015/11/04 11:38:19.108] (WARN) There is no such thing as a free lunch.
[2015/11/04 11:38:19.108] (ERROR) Blocked BitTorrent traffic originating from 172.16.26.130.
[2015/11/04 11:38:19.108] (INFO) Your mother called. She says you never call her.
[2015/11/04 11:38:19.108] (INFO) Rolling 3 log file(s)...
[2015/11/04 11:38:19.108] (INFO) Checked file systems for errors: All filesystems OK.
[2015/11/04 11:38:19.108] (INFO) Alien monitor (aliend): Detected no space aliens.
[2015/11/04 11:38:19.108] (INFO) Backed up all server logs.
[2015/11/04 11:38:19.108] (INFO) Pinging watchdog timer process: Process is alive.
[2015/11/04 11:38:19.108] (INFO) Sending SIGTERM to 4 excess workers.
[2015/11/04 11:38:19.108] (INFO) User "mfr4416" logged in from 10.240.239.232.
[2015/11/04 11:38:19.108] (ERROR) Failed to write checkpoint file "/var/checkpoint/ycjyl67353: No space left on device (ENOSPC)
[2015/11/04 11:38:19.108] (INFO) Your mother called. She says you never call her.
[2015/11/04 11:38:19.108] (INFO) Device 0x8945 is online.
[2015/11/04 11:38:19.108] (INFO) Pinging watchdog timer process: Process is alive.
[2015/11/04 11:38:19.108] (ERROR) EFOODFAIL (Waiter, there's a fly in my soup).
[2015/11/04 11:38:19.108] (ERROR) Unable to authenticate user "jrd3060": LDAP server isn't responding.
[2015/11/04 11:38:19.108] (INFO) Pinging watchdog timer process: Process is alive.
[2015/11/04 11:38:19.108] (INFO) User "ucj8547" logged out due to inactivity (timeout=30 minutes).
[2015/11/04 11:38:19.108] (INFO) Your mother called. She says you never call her.
[2015/11/04 11:38:19.108] (ERROR) Blocked SSH traffic originating from 192.168.176.11.
[2015/11/04 11:38:19.108] (INFO) Rolling 7 log file(s)...
[2015/11/04 11:38:19.108] (INFO) Alien monitor (aliend): Detected no space aliens.
[2015/11/04 11:38:19.108] (INFO) Device 0xbb51 is online.
[2015/11/04 11:38:19.108] (INFO) Flushed 94 buffers to disk.
[2015/11/04 11:38:19.108] (INFO) Supervisor has entered RUNNING state.
[2015/11/04 11:38:19.108] (ERROR) Directory index of "/var/data" is forbidden.
[2015/11/04 11:38:19.108] (ERROR) Alien monitor (aliend): 3 space aliens are fiddling with the hardware!
[2015/11/04 11:38:19.108] (INFO) Waiting for monitor process (PID 36471) to die.
[2015/11/04 11:38:19.108] (INFO) User "ppo4896" logged out.
[2015/11/04 11:38:19.108] (ERROR) Server log backup FAILED. See backup logs.
[2015/11/04 11:38:19.108] (INFO) Flushed 49 buffers to disk.
[2015/11/04 11:38:19.108] (INFO) User "mkz9687" logged out due to inactivity (timeout=30 minutes).
[2015/11/04 11:38:19.108] (INFO) Waiting for supervisor process (PID 18352) to die.
[2015/11/04 11:38:19.108] (INFO) Checked file systems for errors: All filesystems OK.
[2015/11/04 11:38:19.108] (INFO) Backed up all server logs.
[2015/11/04 11:38:19.108] (ERROR) Blocked SMTP traffic originating from 172.16.135.105.
[2015/11/04 11:38:19.108] (INFO) Device 0xb885 is online.
[2015/11/04 11:38:19.108] (INFO) Checked file systems for errors: All filesystems OK.
[2015/11/04 11:38:19.108] (ERROR) Blocked BitTorrent traffic originating from 172.16.51.230.
[2015/11/04 11:38:19.108] (INFO) User "tno6532" logged out due to inactivity (timeout=30 minutes).
[2015/11/04 11:38:19.108] (INFO) .evian ylbirret si emehcs otpyrc ym neht ,siht daer nac uoy fI
[2015/11/04 11:38:19.108] (INFO) Checkpointing off-heap server memory...
[2015/11/04 11:38:19.108] (ERROR) Extra characters at end of line.
[2015/11/04 11:38:19.108] (INFO) Checked file systems for errors: All filesystems OK.
[2015/11/04 11:38:19.108] (INFO) Sending SIGTERM to 2 excess workers.
[2015/11/04 11:38:19.108] (INFO) Network heartbeat check: All OK.
[2015/11/04 11:38:19.108] (INFO) User "ypi7186" logged out due to inactivity (timeout=30 minutes).
[2015/11/04 11:38:19.108] (INFO) Network heartbeat check: All OK.
[2015/11/04 11:38:19.108] (INFO) Flushed 85 buffers to disk.
[2015/11/04 11:38:19.108] (ERROR) Network heartbeat check FAILED: Master host down?
[2015/11/04 11:38:19.108] (INFO) Pinging watchdog timer process: Process is alive.
[2015/11/04 11:38:19.108] (INFO) Waiting for master process (PID 49894) to die.
[2015/11/04 11:38:19.108] (INFO) Checkpointing off-heap server memory...
[2015/11/04 11:38:19.108] (INFO) Pinging watchdog timer process: Process is alive.
[2015/11/04 11:38:19.108] (INFO) Backed up all server logs.
[2015/11/04 11:38:19.108] (INFO) Flushed 21 buffers to disk.
[2015/11/04 11:38:19.108] (WARN) Network heartbeat check: 10 server(s) did not respond.
[2015/11/04 11:38:19.108] (WARN) Ignoring SIGTERM. It's not that easy to get rid of me.
[2015/11/04 11:38:19.108] (INFO) Device 0xeb8f is online.
[2015/11/04 11:38:19.108] (INFO) Device 0x0c62 is online.
[2015/11/04 11:38:19.108] (INFO) User "fud8862" logged in from 10.78.187.150.
[2015/11/04 11:38:19.108] (INFO) Backed up all server logs.
[2015/11/04 11:38:19.108] (INFO) Rolling 6 log file(s)...
[2015/11/04 11:38:19.108] (INFO) User "vmk4457" logged out.
[2015/11/04 11:38:19.108] (INFO) Checkpointing off-heap server memory...
[2015/11/04 11:38:19.108] (ERROR) Network heartbeat check FAILED: Master host down?
[2015/11/04 11:38:19.108] (INFO) User "xzx3322" logged out.
[2015/11/04 11:38:19.108] (INFO) .evian ylbirret si emehcs otpyrc ym neht ,siht daer nac uoy fI
[2015/11/04 11:38:19.108] (INFO) Alien monitor (aliend): Detected no space aliens.
[2015/11/04 11:38:19.108] (INFO) .evian ylbirret si emehcs otpyrc ym neht ,siht daer nac uoy fI
[2015/11/04 11:38:19.108] (INFO) Pinging watchdog timer process: Process is alive.
[2015/11/04 11:38:19.108] (WARN) Retrying server log checkpoint.
[2015/11/04 11:38:19.108] (INFO) User "vio3952" logged out.
[2015/11/04 11:38:19.108] (INFO) User "lci2101" logged out due to inactivity (timeout=30 minutes).
[2015/11/04 11:38:19.108] (INFO) .evian ylbirret si emehcs otpyrc ym neht ,siht daer nac uoy fI
[2015/11/04 11:38:19.108] (INFO) Checkpointing off-heap server memory...
[2015/11/04 11:38:19.108] (INFO) Sending SIGTERM to 4 excess workers.
[2015/11/04 11:38:19.108] (INFO) Alien monitor (aliend): Detected no space aliens.
[2015/11/04 11:38:19.108] (INFO) Backed up all server logs.
[2015/11/04 11:38:19.108] (INFO) User "sub5458" logged out due to inactivity (timeout=30 minutes).
[2015/11/04 11:38:19.108] (INFO) Checkpointing off-heap server memory...
[2015/11/04 11:38:19.108] (INFO) Flushed 93 buffers to disk.
[2015/11/04 11:38:19.108] (ERROR) User "ckp9639" failed to log in 3 times. Disabling account.
[2015/11/04 11:38:19.108] (INFO) .evian ylbirret si emehcs otpyrc ym neht ,siht daer nac uoy fI
[2015/11/04 11:38:19.108] (INFO) .evian ylbirret si emehcs otpyrc ym neht ,siht daer nac uoy fI
[2015/11/04 11:38:19.108] (INFO) Alien monitor (aliend): Detected no space aliens.
[2015/11/04 11:38:19.108] (INFO) User "tvq7665" logged in from 172.16.69.126.
[2015/11/04 11:38:19.108] (INFO) User "saa8232" logged out.
[2015/11/04 11:38:19.108] (INFO) Network heartbeat check: All OK.
[2015/11/04 11:38:19.108] (INFO) Pinging watchdog timer process: Process is alive.
[2015/11/04 11:38:19.108] (INFO) Pinging watchdog timer process: Process is alive.
[2015/11/04 11:38:19.108] (ERROR) "/var/data/TiqQX97345.tsv": No such file or directory (ENOENT)
[2015/11/04 11:38:19.108] (ERROR) "/var/data/dDmDj75644.tar.gz": Permission denied (EACCES)
[2015/11/04 11:38:19.108] (INFO) .evian ylbirret si emehcs otpyrc ym neht ,siht daer nac uoy fI
[2015/11/04 11:38:19.108] (ERROR) CPU temperature exceeds 50º Celsius. Shutting down.
[2015/11/04 11:38:19.608] (INFO) Checkpointing off-heap server memory...
[2015/11/04 11:38:19.608] (INFO) Alien monitor (aliend): Detected no space aliens.
[2015/11/04 11:38:19.608] (WARN) Watchdog timer crashed. Restarting it.
[2015/11/04 11:38:19.608] (WARN) Master took 638 ms to respond (threshold=500 ms)
[2015/11/04 11:38:19.608] (INFO) Your mother called. She says you never call her.
[2015/11/04 11:38:19.608] (INFO) Supervisor has entered WAITING state.
[2015/11/04 11:38:19.608] (INFO) Backed up all server logs.
[2015/11/04 11:38:19.608] (INFO) Device 0xaf76 is online.
[2015/11/04 11:38:19.608] (INFO) Your mother called. She says you never call her.
[2015/11/04 11:38:19.608] (INFO) Checked file systems for errors: All filesystems OK.
[2015/11/04 11:38:19.608] (INFO) User "mfg9272" logged out.
[2015/11/04 11:38:19.608] (INFO) User "lum1147" logged in from 10.84.203.165.
[2015/11/04 11:38:19.608] (INFO) Checkpointing off-heap server memory...
[2015/11/04 11:38:19.608] (INFO) Network heartbeat check: All OK.
[2015/11/04 11:38:19.608] (INFO) Alien monitor (aliend): Detected no space aliens.
[2015/11/04 11:38:19.608] (INFO) User "ekh9088" logged out due to inactivity (timeout=30 minutes).
[2015/11/04 11:38:19.608] (WARN) Possible cyber-attack from The Cayman Islands.
[2015/11/04 11:38:19.608] (ERROR) Device 0x446e is offline
[2015/11/04 11:38:19.608] (INFO) Pinging watchdog timer process: Process is alive.
[2015/11/04 11:38:19.608] (INFO) Backed up all server logs.
[2015/11/04 11:38:19.608] (INFO) Your mother called. She says you never call her.
[2015/11/04 11:38:19.608] (INFO) Network heartbeat check: All OK.
[2015/11/04 11:38:19.608] (INFO) Backed up all server logs.
[2015/11/04 11:38:19.608] (INFO) Alien monitor (aliend): Detected no space aliens.
[2015/11/04 11:38:19.608] (INFO) Checked file systems for errors: All filesystems OK.
[2015/11/04 11:38:19.608] (INFO) Checked file systems for errors: All filesystems OK.
[2015/11/04 11:38:19.608] (INFO) Alien monitor (aliend): Detected no space aliens.
[2015/11/04 11:38:19.608] (INFO) Alien monitor (aliend): Detected no space aliens.
[2015/11/04 11:38:19.608] (INFO) Waiting for supervisor process (PID 32767) to die.
[2015/11/04 11:38:19.608] (INFO) Rolling 3 log file(s)...
[2015/11/04 11:38:19.608] (ERROR) Failed to open "/mnt/fileserver01/NAtUn60150.tar.gz": NFS timeout.
[2015/11/04 11:38:19.608] (INFO) Pinging watchdog timer process: Process is alive.
[2015/11/04 11:38:19.608] (INFO) User "syx5857" logged in from 192.168.116.53.
[2015/11/04 11:38:19.608] (INFO) Alien monitor (aliend): Detected no space aliens.
[2015/11/04 11:38:19.608] (INFO) User "eek9733" logged in from 192.168.239.15.
[2015/11/04 11:38:19.608] (INFO) Checkpointing off-heap server memory...
[2015/11/04 11:38:19.608] (WARN) Space on disk /dev/sdb2 is low: Only 526 MB available.
[2015/11/04 11:38:19.608] (WARN) Backup server 172.16.167.243 is offline.
[2015/11/04 11:38:19.608] (ERROR) Network heartbeat check FAILED: Master host down?
[2015/11/04 11:38:19.608] (ERROR) Blocked BitTorrent traffic originating from 172.16.15.82.
[2015/11/04 11:38:19.608] (INFO) Checkpointing off-heap server memory...
[2015/11/04 11:38:19.608] (INFO) Alien monitor (aliend): Detected no space aliens.
[2015/11/04 11:38:19.608] (INFO) Network heartbeat check: All OK.
[2015/11/04 11:38:19.608] (INFO) Pinging watchdog timer process: Process is alive.
[2015/11/04 11:38:19.608] (INFO) Supervisor has entered RUNNING state.
[2015/11/04 11:38:19.608] (INFO) Checkpointing off-heap server memory...
[2015/11/04 11:38:19.608] (INFO) Network heartbeat check: All OK.
[2015/11/04 11:38:19.608] (INFO) Sending SIGTERM to 2 excess workers.
[2015/11/04 11:38:19.608] (INFO) Rolling 1 log file(s)...
[2015/11/04 11:38:19.608] (INFO) Backed up all server logs.
[2015/11/04 11:38:19.608] (INFO) Network heartbeat check: All OK.
[2015/11/04 11:38:19.608] (INFO) Backed up all server logs.
[2015/11/04 11:38:19.608] (INFO) User "zna8458" logged in from 10.59.49.154.
[2015/11/04 11:38:19.608] (WARN) Master took 979 ms to respond (threshold=500 ms)
[2015/11/04 11:38:19.608] (INFO) Sending SIGTERM to 4 excess workers.
[2015/11/04 11:38:19.608] (INFO) Rolling 9 log file(s)...
[2015/11/04 11:38:19.608] (WARN) Network heartbeat check: 7 server(s) did not respond.
[2015/11/04 11:38:19.608] (INFO) Waiting for supervisor process (PID 42637) to die.
[2015/11/04 11:38:19.608] (INFO) Network heartbeat check: All OK.
[2015/11/04 11:38:19.608] (ERROR) Connection to 192.168.74.246 terminated unexpectedly. Reconnecting.
[2015/11/04 11:38:19.608] (INFO) Checked file systems for errors: All filesystems OK.
[2015/11/04 11:38:19.608] (INFO) Network heartbeat check: All OK.
[2015/11/04 11:38:19.608] (INFO) User "bgw9566" logged in from 192.168.29.91.
[2015/11/04 11:38:19.608] (INFO) Rolling 4 log file(s)...
[2015/11/04 11:38:19.608] (WARN) Ignoring SIGTERM. It's not that easy to get rid of me.
[2015/11/04 11:38:19.608] (INFO) Your mother called. She says you never call her.
[2015/11/04 11:38:19.608] (INFO) Alien monitor (aliend): Detected no space aliens.
[2015/11/04 11:38:19.608] (INFO) Flushed 29 buffers to disk.
[2015/11/04 11:38:19.608] (INFO) User "iyo9981" logged out.
[2015/11/04 11:38:19.608] (INFO) Pinging watchdog timer process: Process is alive.
[2015/11/04 11:38:19.608] (INFO) User "uhz1344" logged out due to inactivity (timeout=30 minutes).
[2015/11/04 11:38:19.608] (INFO) Network heartbeat check: All OK.
[2015/11/04 11:38:19.608] (INFO) Backed up all server logs.
[2015/11/04 11:38:19.608] (INFO) Network heartbeat check: All OK.
[2015/11/04 11:38:19.608] (INFO) Checked file systems for errors: All filesystems OK.
[2015/11/04 11:38:19.608] (INFO) Flushed 98 buffers to disk.
[2015/11/04 11:38:19.608] (INFO) User "lyu8579" logged out due to inactivity (timeout=30 minutes).
[2015/11/04 11:38:19.608] (ERROR) CPU temperature exceeds 50º Celsius. Shutting down.
[2015/11/04 11:38:19.608] (INFO) Device 0x019f is online.
[2015/11/04 11:38:19.608] (INFO) User "vdr6474" logged in from 172.16.5.184.
[2015/11/04 11:38:19.608] (INFO) User "iwo1890" logged out due to inactivity (timeout=30 minutes).
[2015/11/04 11:38:19.608] (INFO) Network heartbeat check: All OK.
[2015/11/04 11:38:19.608] (INFO) User "sdc1497" logged out due to inactivity (timeout=30 minutes).
[2015/11/04 11:38:19.608] (INFO) Backed up all server logs.
[2015/11/04 11:38:19.608] (INFO) Checked file systems for errors: All filesystems OK.
[2015/11/04 11:38:19.608] (INFO) User "cnz8325" logged out.
[2015/11/04 11:38:19.608] (ERROR) Blocked Little Bobby Tables attack (https://xkcd.com/327/) from 172.16.46.1.
[2015/11/04 11:38:19.608] (INFO) Pinging watchdog timer process: Process is alive.
[2015/11/04 11:38:19.608] (INFO) User "sgk3343" logged out.
[2015/11/04 11:38:19.608] (INFO) Flushed 60 buffers to disk.
[2015/11/04 11:38:19.608] (INFO) User "kmy2407" logged out due to inactivity (timeout=30 minutes).
[2015/11/04 11:38:19.608] (INFO) Network heartbeat check: All OK.
[2015/11/04 11:38:19.608] (INFO) User "udk1004" logged in from 192.168.93.66.
[2015/11/04 11:38:19.608] (INFO) User "hrh2967" logged out due to inactivity (timeout=30 minutes).
[2015/11/04 11:38:19.608] (INFO) Waiting for monitor process (PID 63759) to die.
[2015/11/04 11:38:19.608] (INFO) Device 0x4b64 is online.
[2015/11/04 11:38:19.608] (INFO) Backed up all server logs.
[2015/11/04 11:38:19.608] (INFO) Flushed 22 buffers to disk.
[2015/11/04 11:38:19.608] (INFO) Waiting for supervisor process (PID 63232) to die.
[2015/11/04 11:38:19.608] (INFO) Sending SIGTERM to 2 excess workers.
[2015/11/04 11:38:20.108] (INFO) Alien monitor (aliend): Detected no space aliens.
[2015/11/04 11:38:20.108] (INFO) Device 0x3bcf is online.
[2015/11/04 11:38:20.108] (INFO) Checked file systems for errors: All filesystems OK.
[2015/11/04 11:38:20.108] (INFO) Backed up all server logs.
[2015/11/04 11:38:20.108] (INFO) Waiting for master process (PID 30261) to die.
[2015/11/04 11:38:20.108] (ERROR) Connection to 172.16.161.34 terminated unexpectedly. Reconnecting.
[2015/11/04 11:38:20.108] (INFO) Network heartbeat check: All OK.
[2015/11/04 11:38:20.108] (INFO) Flushed 91 buffers to disk.
[2015/11/04 11:38:20.108] (INFO) Supervisor has entered RUNNING state.
[2015/11/04 11:38:20.108] (WARN) Space on disk /dev/sdb1 is low: Only 600 MB available.
[2015/11/04 11:38:20.108] (INFO) .evian ylbirret si emehcs otpyrc ym neht ,siht daer nac uoy fI
[2015/11/04 11:38:20.108] (INFO) Pinging watchdog timer process: Process is alive.
[2015/11/04 11:38:20.108] (WARN) Backup server 172.16.178.125 is offline.
[2015/11/04 11:38:20.108] (WARN) Space on disk /dev/sda1 is low: Only 482 MB available.
[2015/11/04 11:38:20.108] (INFO) Alien monitor (aliend): Detected no space aliens.
[2015/11/04 11:38:20.108] (INFO) Checked file systems for errors: All filesystems OK.
[2015/11/04 11:38:20.108] (INFO) Your mother called. She says you never call her.
[2015/11/04 11:38:20.108] (INFO) User "qie6067" logged out.
[2015/11/04 11:38:20.108] (INFO) .evian ylbirret si emehcs otpyrc ym neht ,siht daer nac uoy fI
[2015/11/04 11:38:20.108] (ERROR) Connection to 172.16.213.119 terminated unexpectedly. Reconnecting.
[2015/11/04 11:38:20.108] (ERROR) Failed to write checkpoint file "/var/checkpoint/OybWZ70108: No space left on device (ENOSPC)
[2015/11/04 11:38:20.108] (INFO) Network heartbeat check: All OK.
[2015/11/04 11:38:20.108] (INFO) .evian ylbirret si emehcs otpyrc ym neht ,siht daer nac uoy fI
[2015/11/04 11:38:20.108] (INFO) Network heartbeat check: All OK.
[2015/11/04 11:38:20.108] (INFO) User "tcp7380" logged out due to inactivity (timeout=30 minutes).
[2015/11/04 11:38:20.108] (ERROR) Detected clock skew! Restarting NTP server.
[2015/11/04 11:38:20.108] (ERROR) Unable to write to "/var/data/sJXAx97101.csv": Permission denied (EACCES)
[2015/11/04 11:38:20.108] (WARN) Retrying server log checkpoint.
[2015/11/04 11:38:20.108] (INFO) Alien monitor (aliend): Detected no space aliens.
[2015/11/04 11:38:20.108] (INFO) Backed up all server logs.
[2015/11/04 11:38:20.108] (INFO) Checked file systems for errors: All filesystems OK.
[2015/11/04 11:38:20.108] (INFO) User "ahg6588" logged out due to inactivity (timeout=30 minutes).
[2015/11/04 11:38:20.108] (INFO) Supervisor has entered RESTARTING state.
[2015/11/04 11:38:20.108] (WARN) Network heartbeat check: 10 server(s) did not respond.
[2015/11/04 11:38:20.108] (INFO) Backed up all server logs.
[2015/11/04 11:38:20.108] (INFO) Alien monitor (aliend): Detected no space aliens.
[2015/11/04 11:38:20.108] (ERROR) One of the flayrods has gone out askew on treadle.
[2015/11/04 11:38:20.108] (INFO) Checkpointing off-heap server memory...
[2015/11/04 11:38:20.108] (INFO) User "ivq6318" logged out.
[2015/11/04 11:38:20.108] (INFO) Alien monitor (aliend): Detected no space aliens.
[2015/11/04 11:38:20.108] (INFO) Network heartbeat check: All OK.
[2015/11/04 11:38:20.108] (INFO) Flushed 21 buffers to disk.
[2015/11/04 11:38:20.108] (INFO) Checkpointing off-heap server memory...
[2015/11/04 11:38:20.108] (INFO) Network heartbeat check: All OK.
[2015/11/04 11:38:20.108] (INFO) User "cly7569" logged in from 10.6.2.154.
[2015/11/04 11:38:20.108] (ERROR) Unable to authenticate user "gzk2484": LDAP server isn't responding.
[2015/11/04 11:38:20.108] (INFO) Network heartbeat check: All OK.
[2015/11/04 11:38:20.108] (INFO) Rolling 6 log file(s)...
[2015/11/04 11:38:20.108] (ERROR) One of the flayrods has gone out askew on treadle.
[2015/11/04 11:38:20.108] (INFO) Waiting for monitor process (PID 62744) to die.
[2015/11/04 11:38:20.108] (ERROR) CPU temperature exceeds 50º Celsius. Shutting down.
[2015/11/04 11:38:20.108] (INFO) Network heartbeat check: All OK.
[2015/11/04 11:38:20.108] (INFO) Rolling 7 log file(s)...
[2015/11/04 11:38:20.108] (INFO) Backed up all server logs.
[2015/11/04 11:38:20.108] (INFO) User "upx2086" logged out due to inactivity (timeout=30 minutes).
[2015/11/04 11:38:20.108] (INFO) Network heartbeat check: All OK.
[2015/11/04 11:38:20.108] (ERROR) "/var/data/oTIgI53933.tar.gz": Permission denied (EACCES)
[2015/11/04 11:38:20.108] (INFO) Checkpointing off-heap server memory...
[2015/11/04 11:38:20.108] (INFO) Device 0x9b4d is online.
[2015/11/04 11:38:20.108] (ERROR) Blocked Little Bobby Tables attack (https://xkcd.com/327/) from 10.97.89.144.
[2015/11/04 11:38:20.108] (INFO) User "smn2847" logged in from 192.168.119.30.
[2015/11/04 11:38:20.108] (INFO) User "rmi7741" logged in from 192.168.246.68.
[2015/11/04 11:38:20.108] (WARN) Unable to ping worker at 192.168.68.167. Retrying.
[2015/11/04 11:38:20.108] (INFO) Rolling 7 log file(s)...
[2015/11/04 11:38:20.108] (INFO) .evian ylbirret si emehcs otpyrc ym neht ,siht daer nac uoy fI
[2015/11/04 11:38:20.108] (INFO) Checkpointing off-heap server memory...
[2015/11/04 11:38:20.108] (WARN) CPU temperature exceeds 40º Celsius.
[2015/11/04 11:38:20.108] (INFO) Backed up all server logs.
[2015/11/04 11:38:20.108] (INFO) Backed up all server logs.
[2015/11/04 11:38:20.108] (INFO) .evian ylbirret si emehcs otpyrc ym neht ,siht daer nac uoy fI
[2015/11/04 11:38:20.108] (INFO) User "gmk6352" logged in from 172.16.19.52.
[2015/11/04 11:38:20.108] (INFO) Supervisor has entered RUNNING state.
[2015/11/04 11:38:20.108] (ERROR) One of the flayrods has gone out askew on treadle.
[2015/11/04 11:38:20.108] (INFO) Checked file systems for errors: All filesystems OK.
[2015/11/04 11:38:20.108] (INFO) Your mother called. She says you never call her.
[2015/11/04 11:38:20.108] (INFO) User "req2288" logged out due to inactivity (timeout=30 minutes).
[2015/11/04 11:38:20.108] (INFO) User "bff8093" logged in from 172.16.14.214.
[2015/11/04 11:38:20.108] (INFO) Supervisor has entered SUSPENDED state.
[2015/11/04 11:38:20.108] (WARN) Retrying server log checkpoint.
[2015/11/04 11:38:20.108] (INFO) User "vbh9676" logged out due to inactivity (timeout=30 minutes).
[2015/11/04 11:38:20.108] (ERROR) Unable to authenticate user "gzu1941": LDAP server isn't responding.
[2015/11/04 11:38:20.108] (INFO) Device 0x7af3 is online.
[2015/11/04 11:38:20.108] (INFO) Supervisor has entered RESTARTING state.
[2015/11/04 11:38:20.108] (INFO) Sending SIGTERM to 4 excess workers.
[2015/11/04 11:38:20.108] (WARN) Dropped 15,370 corrupt data packets.
[2015/11/04 11:38:20.108] (INFO) User "pqv5452" logged in from 172.16.5.86.
[2015/11/04 11:38:20.108] (INFO) Alien monitor (aliend): Detected no space aliens.
[2015/11/04 11:38:20.108] (INFO) Pinging watchdog timer process: Process is alive.
[2015/11/04 11:38:20.108] (INFO) Pinging watchdog timer process: Process is alive.
[2015/11/04 11:38:20.108] (INFO) Network heartbeat check: All OK.
[2015/11/04 11:38:20.108] (INFO) Network heartbeat check: All OK.
[2015/11/04 11:38:20.108] (INFO) Supervisor has entered SUSPENDED state.
[2015/11/04 11:38:20.108] (INFO) Network heartbeat check: All OK.
[2015/11/04 11:38:20.108] (ERROR) "/var/data/MJmDI54664.zip": Permission denied (EACCES)
[2015/11/04 11:38:20.108] (INFO) Waiting for supervisor process (PID 24730) to die.
[2015/11/04 11:38:20.108] (INFO) Pinging watchdog timer process: Process is alive.
[2015/11/04 11:38:20.108] (INFO) Supervisor has entered RESTARTING state.
[2015/11/04 11:38:20.108] (INFO) Checked file systems for errors: All filesystems OK.
[2015/11/04 11:38:20.108] (INFO) Your mother called. She says you never call her.
[2015/11/04 11:38:20.108] (ERROR) Network heartbeat check FAILED: Master host down?
[2015/11/04 11:38:20.607] (INFO) Sending SIGTERM to 4 excess workers.
[2015/11/04 11:38:20.607] (INFO) Your mother called. She says you never call her.
[2015/11/04 11:38:20.607] (INFO) Network heartbeat check: All OK.
[2015/11/04 11:38:20.607] (INFO) Device 0x735a is online.
[2015/11/04 11:38:20.607] (INFO) Alien monitor (aliend): Detected no space aliens.
[2015/11/04 11:38:20.607] (INFO) Waiting for supervisor process (PID 53700) to die.
[2015/11/04 11:38:20.607] (INFO) Your mother called. She says you never call her.
[2015/11/04 11:38:20.607] (INFO) Supervisor has entered RESTARTING state.
[2015/11/04 11:38:20.607] (INFO) Supervisor has entered WAITING state.
[2015/11/04 11:38:20.607] (INFO) Backed up all server logs.
[2015/11/04 11:38:20.607] (INFO) Sending SIGTERM to 2 excess workers.
[2015/11/04 11:38:20.607] (INFO) User "akx6935" logged out.
[2015/11/04 11:38:20.607] (INFO) Network heartbeat check: All OK.
[2015/11/04 11:38:20.607] (INFO) Checkpointing off-heap server memory...
[2015/11/04 11:38:20.607] (INFO) Flushed 87 buffers to disk.
[2015/11/04 11:38:20.607] (INFO) Pinging watchdog timer process: Process is alive.
[2015/11/04 11:38:20.607] (INFO) User "xeo3701" logged out due to inactivity (timeout=30 minutes).
[2015/11/04 11:38:20.607] (INFO) Waiting for supervisor process (PID 34850) to die.
[2015/11/04 11:38:20.607] (INFO) Rolling 7 log file(s)...
[2015/11/04 11:38:20.607] (INFO) User "lov3999" logged in from 192.168.34.176.
[2015/11/04 11:38:20.607] (INFO) User "cel1379" logged in from 172.16.191.141.
[2015/11/04 11:38:20.607] (INFO) Flushed 81 buffers to disk.
[2015/11/04 11:38:20.607] (INFO) Your mother called. She says you never call her.
[2015/11/04 11:38:20.607] (INFO) Backed up all server logs.
[2015/11/04 11:38:20.607] (INFO) Waiting for supervisor process (PID 13113) to die.
[2015/11/04 11:38:20.607] (INFO) .evian ylbirret si emehcs otpyrc ym neht ,siht daer nac uoy fI
[2015/11/04 11:38:20.607] (INFO) User "hpy5832" logged out due to inactivity (timeout=30 minutes).
[2015/11/04 11:38:20.607] (INFO) User "rtz3642" logged out.
[2015/11/04 11:38:20.607] (INFO) Checkpointing off-heap server memory...
[2015/11/04 11:38:20.607] (INFO) Supervisor has entered RESTARTING state.
[2015/11/04 11:38:20.607] (INFO) Your mother called. She says you never call her.
[2015/11/04 11:38:20.607] (INFO) Pinging watchdog timer process: Process is alive.
[2015/11/04 11:38:20.607] (INFO) Flushed 29 buffers to disk.
[2015/11/04 11:38:20.607] (INFO) User "tez2075" logged out due to inactivity (timeout=30 minutes).
[2015/11/04 11:38:20.607] (INFO) Network heartbeat check: All OK.
[2015/11/04 11:38:20.607] (INFO) Flushed 72 buffers to disk.
[2015/11/04 11:38:20.607] (INFO) Waiting for worker process (PID 60460) to die.
[2015/11/04 11:38:20.607] (INFO) Rolling 6 log file(s)...
[2015/11/04 11:38:20.607] (INFO) Network heartbeat check: All OK.
[2015/11/04 11:38:20.607] (INFO) Supervisor has entered RUNNING state.
[2015/11/04 11:38:20.607] (INFO) Backed up all server logs.
[2015/11/04 11:38:20.607] (INFO) User "xid5794" logged out due to inactivity (timeout=30 minutes).
[2015/11/04 11:38:20.607] (INFO) Alien monitor (aliend): Detected no space aliens.
[2015/11/04 11:38:20.607] (WARN) There is no such thing as a free lunch.
[2015/11/04 11:38:20.607] (INFO) User "wji7414" logged out.
[2015/11/04 11:38:20.607] (INFO) Network heartbeat check: All OK.
[2015/11/04 11:38:20.607] (ERROR) Unable to mount /dev/sde1. (Time to run fsck?)
[2015/11/04 11:38:20.607] (INFO) Alien monitor (aliend): Detected no space aliens.
[2015/11/04 11:38:20.607] (ERROR) Detected incoming DDoS from 192.168.227.143.
[2015/11/04 11:38:20.607] (INFO) User "wgc6749" logged out due to inactivity (timeout=30 minutes).
[2015/11/04 11:38:20.607] (INFO) Pinging watchdog timer process: Process is alive.
[2015/11/04 11:38:20.607] (ERROR) Connection to 10.32.192.119 terminated unexpectedly. Reconnecting.
[2015/11/04 11:38:20.607] (INFO) Waiting for master process (PID 2923) to die.
[2015/11/04 11:38:20.607] (INFO) Network heartbeat check: All OK.
[2015/11/04 11:38:20.607] (INFO) Rolling 6 log file(s)...
[2015/11/04 11:38:20.607] (ERROR) "/var/data/yWHbr98084.txt": No such file or directory (ENOENT)
[2015/11/04 11:38:20.607] (INFO) Sending SIGTERM to 4 excess workers.
[2015/11/04 11:38:20.607] (ERROR) Failed to write checkpoint file "/var/checkpoint/BaGoF53820: No space left on device (ENOSPC)
[2015/11/04 11:38:20.607] (INFO) Checked file systems for errors: All filesystems OK.
[2015/11/04 11:38:20.607] (INFO) Checked file systems for errors: All filesystems OK.
[2015/11/04 11:38:20.607] (INFO) Checked file systems for errors: All filesystems OK.
[2015/11/04 11:38:20.607] (WARN) CPU temperature exceeds 40º Celsius.
[2015/11/04 11:38:20.607] (INFO) User "qlq7672" logged in from 192.168.215.56.
[2015/11/04 11:38:20.607] (INFO) User "zau6009" logged in from 10.28.129.23.
[2015/11/04 11:38:20.608] (WARN) Retrying server log checkpoint.
[2015/11/04 11:38:20.608] (WARN) Dropped 3,095 corrupt data packets.
[2015/11/04 11:38:20.608] (WARN) Ignoring SIGTERM. It's not that easy to get rid of me.
[2015/11/04 11:38:20.608] (INFO) Network heartbeat check: All OK.
[2015/11/04 11:38:20.608] (INFO) Network heartbeat check: All OK.
[2015/11/04 11:38:20.608] (WARN) Ignoring SIGTERM. It's not that easy to get rid of me.
[2015/11/04 11:38:20.608] (INFO) Alien monitor (aliend): Detected no space aliens.
[2015/11/04 11:38:20.608] (WARN) Space on disk /dev/sda1 is low: Only 485 MB available.
[2015/11/04 11:38:20.608] (INFO) Rolling 4 log file(s)...
[2015/11/04 11:38:20.608] (INFO) Flushed 79 buffers to disk.
[2015/11/04 11:38:20.608] (INFO) User "chj7092" logged in from 10.241.10.16.
[2015/11/04 11:38:20.608] (INFO) .evian ylbirret si emehcs otpyrc ym neht ,siht daer nac uoy fI
[2015/11/04 11:38:20.608] (INFO) Rolling 9 log file(s)...
[2015/11/04 11:38:20.608] (INFO) Alien monitor (aliend): Detected no space aliens.
[2015/11/04 11:38:20.608] (INFO) Flushed 79 buffers to disk.
[2015/11/04 11:38:20.608] (INFO) User "aqk7432" logged in from 10.125.185.144.
[2015/11/04 11:38:20.608] (INFO) .evian ylbirret si emehcs otpyrc ym neht ,siht daer nac uoy fI
[2015/11/04 11:38:20.608] (INFO) Network heartbeat check: All OK.
[2015/11/04 11:38:20.608] (INFO) Pinging watchdog timer process: Process is alive.
[2015/11/04 11:38:20.608] (INFO) Checkpointing off-heap server memory...
[2015/11/04 11:38:20.608] (WARN) Space on disk /dev/sde4 is low: Only 383 MB available.
[2015/11/04 11:38:20.608] (INFO) User "sjs9040" logged in from 172.16.60.91.
[2015/11/04 11:38:20.608] (INFO) Your mother called. She says you never call her.
[2015/11/04 11:38:20.608] (WARN) Possible cyber-attack from China.
[2015/11/04 11:38:20.608] (INFO) Sending SIGTERM to 3 excess workers.
[2015/11/04 11:38:20.608] (INFO) User "kmx7988" logged out due to inactivity (timeout=30 minutes).
[2015/11/04 11:38:20.608] (INFO) User "spo3230" logged in from 172.16.151.76.
[2015/11/04 11:38:20.608] (INFO) Pinging watchdog timer process: Process is alive.
[2015/11/04 11:38:20.608] (INFO) Checkpointing off-heap server memory...
[2015/11/04 11:38:20.608] (INFO) Pinging watchdog timer process: Process is alive.
[2015/11/04 11:38:20.608] (WARN) Ignoring SIGTERM. It's not that easy to get rid of me.
[2015/11/04 11:38:20.608] (ERROR) Unable to authenticate user "bwj4499": LDAP server isn't responding.
[2015/11/04 11:38:20.608] (INFO) User "kzd3039" logged out due to inactivity (timeout=30 minutes).
[2015/11/04 11:38:20.608] (INFO) Rolling 1 log file(s)...
[2015/11/04 11:38:20.608] (INFO) Flushed 41 buffers to disk.
[2015/11/04 11:38:20.608] (WARN) There is no such thing as a free lunch.
[2015/11/04 11:38:21.107] (INFO) Flushed 96 buffers to disk.
[2015/11/04 11:38:21.107] (INFO) Alien monitor (aliend): Detected no space aliens.
[2015/11/04 11:38:21.107] (INFO) Checked file systems for errors: All filesystems OK.
[2015/11/04 11:38:21.107] (INFO) Pinging watchdog timer process: Process is alive.
[2015/11/04 11:38:21.107] (INFO) Supervisor has entered RESTARTING state.
[2015/11/04 11:38:21.107] (INFO) Alien monitor (aliend): Detected no space aliens.
[2015/11/04 11:38:21.108] (INFO) User "gfc7271" logged in from 172.16.130.125.
[2015/11/04 11:38:21.108] (INFO) User "aul8299" logged in from 10.152.8.65.
[2015/11/04 11:38:21.108] (INFO) Your mother called. She says you never call her.
[2015/11/04 11:38:21.108] (INFO) User "fou7416" logged out due to inactivity (timeout=30 minutes).
[2015/11/04 11:38:21.108] (ERROR) Unable to mount /dev/sdd4. (Time to run fsck?)
[2015/11/04 11:38:21.108] (INFO) Your mother called. She says you never call her.
[2015/11/04 11:38:21.108] (INFO) Checked file systems for errors: All filesystems OK.
[2015/11/04 11:38:21.108] (INFO) Your mother called. She says you never call her.
[2015/11/04 11:38:21.108] (ERROR) Alien monitor (aliend): 4 space aliens are fiddling with the hardware!
[2015/11/04 11:38:21.108] (INFO) Backed up all server logs.
[2015/11/04 11:38:21.108] (INFO) Pinging watchdog timer process: Process is alive.
[2015/11/04 11:38:21.108] (INFO) Alien monitor (aliend): Detected no space aliens.
[2015/11/04 11:38:21.108] (INFO) User "mwu4904" logged in from 172.16.17.76.
[2015/11/04 11:38:21.108] (INFO) User "qjx4038" logged in from 192.168.52.58.
[2015/11/04 11:38:21.108] (INFO) .evian ylbirret si emehcs otpyrc ym neht ,siht daer nac uoy fI
[2015/11/04 11:38:21.108] (INFO) Device 0xc42e is online.
[2015/11/04 11:38:21.108] (WARN) CPU temperature exceeds 40º Celsius.
[2015/11/04 11:38:21.108] (INFO) Flushed 85 buffers to disk.
[2015/11/04 11:38:21.108] (ERROR) Blocked Little Bobby Tables attack (https://xkcd.com/327/) from 10.8.61.222.
[2015/11/04 11:38:21.108] (INFO) User "fmg6629" logged out.
[2015/11/04 11:38:21.108] (INFO) .evian ylbirret si emehcs otpyrc ym neht ,siht daer nac uoy fI
[2015/11/04 11:38:21.108] (INFO) Rolling 7 log file(s)...
[2015/11/04 11:38:21.108] (INFO) Your mother called. She says you never call her.
[2015/11/04 11:38:21.108] (INFO) Waiting for supervisor process (PID 31224) to die.
[2015/11/04 11:38:21.108] (INFO) Sending SIGTERM to 4 excess workers.
[2015/11/04 11:38:21.108] (ERROR) Unable to write to "/var/data/eMwoR87416.xslx": Permission denied (EACCES)
[2015/11/04 11:38:21.108] (INFO) Alien monitor (aliend): Detected no space aliens.
[2015/11/04 11:38:21.108] (INFO) Checkpointing off-heap server memory...
[2015/11/04 11:38:21.108] (INFO) Your mother called. She says you never call her.
[2015/11/04 11:38:21.108] (INFO) User "omp8095" logged out due to inactivity (timeout=30 minutes).
[2015/11/04 11:38:21.108] (INFO) Network heartbeat check: All OK.
[2015/11/04 11:38:21.108] (INFO) Alien monitor (aliend): Detected no space aliens.
[2015/11/04 11:38:21.108] (WARN) Backup server 172.16.8.119 is offline.
[2015/11/04 11:38:21.108] (WARN) Ignoring SIGTERM. It's not that easy to get rid of me.
[2015/11/04 11:38:21.108] (INFO) Checkpointing off-heap server memory...
[2015/11/04 11:38:21.108] (INFO) User "iyh2789" logged in from 192.168.92.251.
[2015/11/04 11:38:21.108] (INFO) Checked file systems for errors: All filesystems OK.
[2015/11/04 11:38:21.108] (INFO) User "uiv9918" logged in from 10.233.208.173.
[2015/11/04 11:38:21.108] (WARN) Ignoring SIGTERM. It's not that easy to get rid of me.
[2015/11/04 11:38:21.108] (ERROR) Unable to mount /dev/sde4. (Time to run fsck?)
[2015/11/04 11:38:21.108] (INFO) Rolling 1 log file(s)...
[2015/11/04 11:38:21.108] (INFO) Checked file systems for errors: All filesystems OK.
[2015/11/04 11:38:21.108] (INFO) .evian ylbirret si emehcs otpyrc ym neht ,siht daer nac uoy fI
[2015/11/04 11:38:21.108] (INFO) Rolling 2 log file(s)...
[2015/11/04 11:38:21.108] (INFO) User "fxh5794" logged in from 10.176.167.61.
[2015/11/04 11:38:21.108] (INFO) Your mother called. She says you never call her.
[2015/11/04 11:38:21.108] (INFO) .evian ylbirret si emehcs otpyrc ym neht ,siht daer nac uoy fI
[2015/11/04 11:38:21.108] (INFO) Supervisor has entered SUSPENDED state.
[2015/11/04 11:38:21.108] (INFO) Your mother called. She says you never call her.
[2015/11/04 11:38:21.108] (INFO) Alien monitor (aliend): Detected no space aliens.
[2015/11/04 11:38:21.108] (INFO) Pinging watchdog timer process: Process is alive.
[2015/11/04 11:38:21.108] (INFO) Your mother called. She says you never call her.
[2015/11/04 11:38:21.108] (INFO) Checked file systems for errors: All filesystems OK.
[2015/11/04 11:38:21.108] (INFO) Flushed 65 buffers to disk.
[2015/11/04 11:38:21.108] (INFO) Waiting for master process (PID 34053) to die.
[2015/11/04 11:38:21.108] (INFO) User "rwi1209" logged out due to inactivity (timeout=30 minutes).
[2015/11/04 11:38:21.108] (WARN) Space on disk /dev/sdb4 is low: Only 724 MB available.
[2015/11/04 11:38:21.108] (INFO) Device 0x9d09 is online.
[2015/11/04 11:38:21.108] (INFO) Your mother called. She says you never call her.
[2015/11/04 11:38:21.108] (INFO) Network heartbeat check: All OK.
[2015/11/04 11:38:21.108] (INFO) Pinging watchdog timer process: Process is alive.
[2015/11/04 11:38:21.108] (INFO) Supervisor has entered RUNNING state.
[2015/11/04 11:38:21.108] (WARN) There is no such thing as a free lunch.
[2015/11/04 11:38:21.108] (INFO) Supervisor has entered RESTARTING state.
[2015/11/04 11:38:21.108] (INFO) Rolling 2 log file(s)...
[2015/11/04 11:38:21.108] (ERROR) Alien monitor (aliend): 2 space aliens are fiddling with the hardware!
[2015/11/04 11:38:21.108] (WARN) Unable to ping supervisor at 192.168.162.212. Retrying.
[2015/11/04 11:38:21.108] (INFO) Checkpointing off-heap server memory...
[2015/11/04 11:38:21.108] (INFO) .evian ylbirret si emehcs otpyrc ym neht ,siht daer nac uoy fI
[2015/11/04 11:38:21.108] (INFO) Device 0xf88b is online.
[2015/11/04 11:38:21.108] (INFO) Your mother called. She says you never call her.
[2015/11/04 11:38:21.108] (WARN) Dropped 2,563 corrupt data packets.
[2015/11/04 11:38:21.108] (INFO) User "zju9773" logged out.
[2015/11/04 11:38:21.108] (INFO) Network heartbeat check: All OK.
[2015/11/04 11:38:21.108] (INFO) Waiting for monitor process (PID 17500) to die.
[2015/11/04 11:38:21.108] (INFO) User "xgn8125" logged in from 10.145.219.51.
[2015/11/04 11:38:21.108] (INFO) Alien monitor (aliend): Detected no space aliens.
[2015/11/04 11:38:21.108] (INFO) Device 0xf2fd is online.
[2015/11/04 11:38:21.108] (INFO) User "ypp4760" logged out.
[2015/11/04 11:38:21.108] (INFO) Sending SIGTERM to 2 excess workers.
[2015/11/04 11:38:21.108] (WARN) Master took 530 ms to respond (threshold=500 ms)
[2015/11/04 11:38:21.108] (INFO) Alien monitor (aliend): Detected no space aliens.
[2015/11/04 11:38:21.108] (INFO) Network heartbeat check: All OK.
[2015/11/04 11:38:21.108] (INFO) Alien monitor (aliend): Detected no space aliens.
[2015/11/04 11:38:21.108] (ERROR) Server log backup FAILED. See backup logs.
[2015/11/04 11:38:21.108] (INFO) User "whu5011" logged out due to inactivity (timeout=30 minutes).
[2015/11/04 11:38:21.108] (INFO) Network heartbeat check: All OK.
[2015/11/04 11:38:21.108] (INFO) User "msx8399" logged in from 192.168.179.13.
[2015/11/04 11:38:21.108] (INFO) Checked file systems for errors: All filesystems OK.
[2015/11/04 11:38:21.108] (INFO) Alien monitor (aliend): Detected no space aliens.
[2015/11/04 11:38:21.108] (INFO) Network heartbeat check: All OK.
[2015/11/04 11:38:21.108] (INFO) .evian ylbirret si emehcs otpyrc ym neht ,siht daer nac uoy fI
[2015/11/04 11:38:21.108] (INFO) User "hns1221" logged out due to inactivity (timeout=30 minutes).
[2015/11/04 11:38:21.108] (INFO) Pinging watchdog timer process: Process is alive.
[2015/11/04 11:38:21.607] (INFO) Pinging watchdog timer process: Process is alive.
[2015/11/04 11:38:21.607] (ERROR) /dev/lp error: "PC LOAD LETTER"
[2015/11/04 11:38:21.607] (INFO) Pinging watchdog timer process: Process is alive.
[2015/11/04 11:38:21.607] (INFO) Flushed 79 buffers to disk.
[2015/11/04 11:38:21.607] (INFO) User "owt1484" logged out.
[2015/11/04 11:38:21.607] (ERROR) "/var/data/taApI71776.xslx": No such file or directory (ENOENT)
[2015/11/04 11:38:21.607] (INFO) User "zpl3121" logged out due to inactivity (timeout=30 minutes).
[2015/11/04 11:38:21.607] (INFO) Network heartbeat check: All OK.
[2015/11/04 11:38:21.607] (INFO) User "xfo3651" logged out.
[2015/11/04 11:38:21.607] (ERROR) One of the flayrods has gone out askew on treadle.
[2015/11/04 11:38:21.607] (INFO) Waiting for monitor process (PID 26923) to die.
[2015/11/04 11:38:21.607] (INFO) User "ijd1526" logged out.
[2015/11/04 11:38:21.607] (INFO) Checked file systems for errors: All filesystems OK.
[2015/11/04 11:38:21.607] (INFO) Your mother called. She says you never call her.
[2015/11/04 11:38:21.607] (INFO) Your mother called. She says you never call her.
[2015/11/04 11:38:21.607] (INFO) Pinging watchdog timer process: Process is alive.
[2015/11/04 11:38:21.607] (INFO) Pinging watchdog timer process: Process is alive.
[2015/11/04 11:38:21.607] (INFO) Sending SIGTERM to 4 excess workers.
[2015/11/04 11:38:21.607] (INFO) Alien monitor (aliend): Detected no space aliens.
[2015/11/04 11:38:21.607] (INFO) Rolling 9 log file(s)...
[2015/11/04 11:38:21.607] (INFO) Pinging watchdog timer process: Process is alive.
[2015/11/04 11:38:21.607] (INFO) Backed up all server logs.
[2015/11/04 11:38:21.607] (INFO) Alien monitor (aliend): Detected no space aliens.
[2015/11/04 11:38:21.607] (INFO) Checkpointing off-heap server memory...
[2015/11/04 11:38:21.607] (INFO) Pinging watchdog timer process: Process is alive.
[2015/11/04 11:38:21.607] (INFO) .evian ylbirret si emehcs otpyrc ym neht ,siht daer nac uoy fI
[2015/11/04 11:38:21.607] (INFO) Rolling 3 log file(s)...
[2015/11/04 11:38:21.607] (INFO) Checkpointing off-heap server memory...
[2015/11/04 11:38:21.607] (INFO) User "imp6065" logged out.
[2015/11/04 11:38:21.607] (INFO) Network heartbeat check: All OK.
[2015/11/04 11:38:21.607] (ERROR) /dev/lp error: "PC LOAD LETTER"
[2015/11/04 11:38:21.607] (INFO) Network heartbeat check: All OK.
[2015/11/04 11:38:21.607] (INFO) Checkpointing off-heap server memory...
[2015/11/04 11:38:21.607] (INFO) Device 0xdeb0 is online.
[2015/11/04 11:38:21.607] (INFO) Backed up all server logs.
[2015/11/04 11:38:21.607] (INFO) Checkpointing off-heap server memory...
[2015/11/04 11:38:21.607] (INFO) Network heartbeat check: All OK.
[2015/11/04 11:38:21.607] (INFO) Alien monitor (aliend): Detected no space aliens.
[2015/11/04 11:38:21.607] (INFO) Pinging watchdog timer process: Process is alive.
[2015/11/04 11:38:21.607] (ERROR) Unable to authenticate user "ycz1256": LDAP server isn't responding.
[2015/11/04 11:38:21.607] (INFO) Supervisor has entered RUNNING state.
[2015/11/04 11:38:21.607] (ERROR) Blocked BitTorrent traffic originating from 192.168.237.134.
[2015/11/04 11:38:21.607] (INFO) Your mother called. She says you never call her.
[2015/11/04 11:38:21.607] (INFO) Device 0xdc6a is online.
[2015/11/04 11:38:21.607] (INFO) Alien monitor (aliend): Detected no space aliens.
[2015/11/04 11:38:21.607] (INFO) Your mother called. She says you never call her.
[2015/11/04 11:38:21.607] (INFO) Network heartbeat check: All OK.
[2015/11/04 11:38:21.607] (ERROR) Detected incoming DDoS from 10.199.190.190.
[2015/11/04 11:38:21.607] (ERROR) Blocked Little Bobby Tables attack (https://xkcd.com/327/) from 192.168.48.25.
[2015/11/04 11:38:21.607] (INFO) Backed up all server logs.
[2015/11/04 11:38:21.607] (ERROR) Blocked FTP traffic originating from 172.16.223.128.
[2015/11/04 11:38:21.607] (INFO) Your mother called. She says you never call her.
[2015/11/04 11:38:21.607] (INFO) Network heartbeat check: All OK.
[2015/11/04 11:38:21.607] (INFO) Flushed 28 buffers to disk.
[2015/11/04 11:38:21.607] (ERROR) "/var/data/RNxLa55814.parquet": Permission denied (EACCES)
[2015/11/04 11:38:21.607] (INFO) Network heartbeat check: All OK.
[2015/11/04 11:38:21.607] (INFO) User "ueh6255" logged out due to inactivity (timeout=30 minutes).
[2015/11/04 11:38:21.607] (INFO) Flushed 29 buffers to disk.
[2015/11/04 11:38:21.607] (INFO) User "koz1163" logged in from 192.168.101.194.
[2015/11/04 11:38:21.607] (INFO) User "kuh1374" logged out.
[2015/11/04 11:38:21.607] (INFO) Pinging watchdog timer process: Process is alive.
[2015/11/04 11:38:21.607] (WARN) Ignoring SIGTERM. It's not that easy to get rid of me.
[2015/11/04 11:38:21.607] (INFO) Supervisor has entered WAITING state.
[2015/11/04 11:38:21.607] (INFO) User "jqy5136" logged out.
[2015/11/04 11:38:21.607] (INFO) User "dnq6718" logged in from 172.16.52.195.
[2015/11/04 11:38:21.607] (INFO) Alien monitor (aliend): Detected no space aliens.
[2015/11/04 11:38:21.607] (INFO) .evian ylbirret si emehcs otpyrc ym neht ,siht daer nac uoy fI
[2015/11/04 11:38:21.607] (INFO) User "qfq5921" logged out due to inactivity (timeout=30 minutes).
[2015/11/04 11:38:21.607] (INFO) Backed up all server logs.
[2015/11/04 11:38:21.607] (INFO) Network heartbeat check: All OK.
[2015/11/04 11:38:21.607] (INFO) User "skk5218" logged out due to inactivity (timeout=30 minutes).
[2015/11/04 11:38:21.607] (INFO) Your mother called. She says you never call her.
[2015/11/04 11:38:21.607] (INFO) Sending SIGTERM to 3 excess workers.
[2015/11/04 11:38:21.607] (INFO) User "uzl3503" logged out due to inactivity (timeout=30 minutes).
[2015/11/04 11:38:21.607] (INFO) Checkpointing off-heap server memory...
[2015/11/04 11:38:21.607] (INFO) Sending SIGTERM to 2 excess workers.
[2015/11/04 11:38:21.607] (INFO) Flushed 39 buffers to disk.
[2015/11/04 11:38:21.607] (ERROR) EFOODFAIL (Waiter, there's a fly in my soup).
[2015/11/04 11:38:21.607] (INFO) Waiting for monitor process (PID 13553) to die.
[2015/11/04 11:38:21.607] (INFO) Backed up all server logs.
[2015/11/04 11:38:21.607] (INFO) Backed up all server logs.
[2015/11/04 11:38:21.607] (INFO) Checkpointing off-heap server memory...
[2015/11/04 11:38:21.607] (INFO) Device 0xf9e6 is online.
[2015/11/04 11:38:21.607] (INFO) User "noo9916" logged out due to inactivity (timeout=30 minutes).
[2015/11/04 11:38:21.607] (ERROR) Unable to write to "/var/data/midLe99583.txt": Permission denied (EACCES)
[2015/11/04 11:38:21.607] (INFO) Network heartbeat check: All OK.
[2015/11/04 11:38:21.607] (WARN) Network heartbeat check: 15 server(s) did not respond.
[2015/11/04 11:38:21.607] (INFO) Checkpointing off-heap server memory...
[2015/11/04 11:38:21.607] (INFO) Device 0xfa61 is online.
[2015/11/04 11:38:21.607] (INFO) Device 0x37e3 is online.
[2015/11/04 11:38:21.607] (INFO) Backed up all server logs.
[2015/11/04 11:38:21.607] (INFO) Alien monitor (aliend): Detected no space aliens.
[2015/11/04 11:38:21.607] (INFO) Flushed 74 buffers to disk.
[2015/11/04 11:38:21.607] (INFO) Device 0xc210 is online.
[2015/11/04 11:38:21.607] (ERROR) CPU temperature exceeds 50º Celsius. Shutting down.
[2015/11/04 11:38:21.607] (INFO) Rolling 6 log file(s)...
[2015/11/04 11:38:21.607] (INFO) User "vpk9870" logged out due to inactivity (timeout=30 minutes).
[2015/11/04 11:38:21.607] (INFO) Rolling 9 log file(s)...
[2015/11/04 11:38:21.607] (WARN) Network heartbeat check: 7 server(s) did not respond.
[2015/11/04 11:38:21.607] (INFO) User "jut6177" logged out.
[2015/11/04 11:38:22.107] (INFO) .evian ylbirret si emehcs otpyrc ym neht ,siht daer nac uoy fI
[2015/11/04 11:38:22.107] (INFO) Your mother called. She says you never call her.
[2015/11/04 11:38:22.107] (ERROR) Unable to write to "/var/data/ZoQPL78944.tsv": Permission denied (EACCES)
[2015/11/04 11:38:22.107] (WARN) Dropped 9,161 corrupt data packets.
[2015/11/04 11:38:22.107] (INFO) Flushed 48 buffers to disk.
[2015/11/04 11:38:22.107] (INFO) Checked file systems for errors: All filesystems OK.
[2015/11/04 11:38:22.107] (INFO) Backed up all server logs.
[2015/11/04 11:38:22.107] (INFO) Supervisor has entered RESTARTING state.
[2015/11/04 11:38:22.107] (INFO) User "ubc8659" logged out.
[2015/11/04 11:38:22.107] (INFO) Supervisor has entered WAITING state.
[2015/11/04 11:38:22.107] (WARN) Retrying server log checkpoint.
[2015/11/04 11:38:22.107] (WARN) Backup server 172.16.242.232 is offline.
[2015/11/04 11:38:22.107] (INFO) Alien monitor (aliend): Detected no space aliens.
[2015/11/04 11:38:22.107] (INFO) Flushed 69 buffers to disk.
[2015/11/04 11:38:22.107] (INFO) Alien monitor (aliend): Detected no space aliens.
[2015/11/04 11:38:22.107] (INFO) User "veh4650" logged in from 10.26.117.108.
[2015/11/04 11:38:22.107] (WARN) Dropped 15,291 corrupt data packets.
[2015/11/04 11:38:22.107] (INFO) Sending SIGTERM to 3 excess workers.
[2015/11/04 11:38:22.107] (INFO) Checkpointing off-heap server memory...
[2015/11/04 11:38:22.107] (WARN) Space on disk /dev/sdd4 is low: Only 529 MB available.
[2015/11/04 11:38:22.107] (ERROR) /dev/lp error: "PC LOAD LETTER"
[2015/11/04 11:38:22.107] (INFO) Backed up all server logs.
[2015/11/04 11:38:22.107] (ERROR) User "ofw3659" failed to log in 3 times. Disabling account.
[2015/11/04 11:38:22.107] (INFO) Device 0x9651 is online.
[2015/11/04 11:38:22.107] (INFO) User "opj2721" logged in from 192.168.89.50.
[2015/11/04 11:38:22.107] (INFO) Your mother called. She says you never call her.
[2015/11/04 11:38:22.107] (INFO) .evian ylbirret si emehcs otpyrc ym neht ,siht daer nac uoy fI
[2015/11/04 11:38:22.107] (INFO) Waiting for supervisor process (PID 18692) to die.
[2015/11/04 11:38:22.107] (ERROR) Device 0xa487 is offline
[2015/11/04 11:38:22.107] (INFO) Device 0xcbde is online.
[2015/11/04 11:38:22.107] (INFO) Checkpointing off-heap server memory...
[2015/11/04 11:38:22.107] (INFO) Waiting for master process (PID 35550) to die.
[2015/11/04 11:38:22.107] (INFO) .evian ylbirret si emehcs otpyrc ym neht ,siht daer nac uoy fI
[2015/11/04 11:38:22.107] (INFO) Sending SIGTERM to 2 excess workers.
[2015/11/04 11:38:22.107] (INFO) User "sea2927" logged out.
[2015/11/04 11:38:22.107] (INFO) Sending SIGTERM to 3 excess workers.
[2015/11/04 11:38:22.107] (INFO) Rolling 8 log file(s)...
[2015/11/04 11:38:22.107] (WARN) Retrying server log checkpoint.
[2015/11/04 11:38:22.107] (WARN) Retrying server log checkpoint.
[2015/11/04 11:38:22.107] (ERROR) Detected incoming DDoS from 172.16.142.110.
[2015/11/04 11:38:22.107] (INFO) Checkpointing off-heap server memory...
[2015/11/04 11:38:22.107] (WARN) There is no such thing as a free lunch.
[2015/11/04 11:38:22.107] (WARN) Possible cyber-attack from Nebraska.
[2015/11/04 11:38:22.107] (INFO) Backed up all server logs.
[2015/11/04 11:38:22.107] (INFO) .evian ylbirret si emehcs otpyrc ym neht ,siht daer nac uoy fI
[2015/11/04 11:38:22.107] (INFO) Checkpointing off-heap server memory...
[2015/11/04 11:38:22.107] (WARN) Space on disk /dev/sdd4 is low: Only 262 MB available.
[2015/11/04 11:38:22.107] (WARN) Dropped 684 corrupt data packets.
[2015/11/04 11:38:22.107] (INFO) User "pbr9133" logged in from 172.16.53.161.
[2015/11/04 11:38:22.107] (INFO) Sending SIGTERM to 3 excess workers.
[2015/11/04 11:38:22.107] (INFO) Supervisor has entered SUSPENDED state.
[2015/11/04 11:38:22.107] (INFO) Sending SIGTERM to 2 excess workers.
[2015/11/04 11:38:22.107] (INFO) Rolling 6 log file(s)...
[2015/11/04 11:38:22.107] (INFO) .evian ylbirret si emehcs otpyrc ym neht ,siht daer nac uoy fI
[2015/11/04 11:38:22.107] (INFO) Checkpointing off-heap server memory...
[2015/11/04 11:38:22.107] (INFO) Rolling 2 log file(s)...
[2015/11/04 11:38:22.107] (INFO) Device 0xccb1 is online.
[2015/11/04 11:38:22.107] (INFO) Supervisor has entered RUNNING state.
[2015/11/04 11:38:22.107] (ERROR) Network heartbeat check FAILED: Master host down?
[2015/11/04 11:38:22.107] (WARN) Possible cyber-attack from Russia.
[2015/11/04 11:38:22.107] (INFO) Supervisor has entered RUNNING state.
[2015/11/04 11:38:22.107] (INFO) User "chw9465" logged out.
[2015/11/04 11:38:22.107] (INFO) Pinging watchdog timer process: Process is alive.
[2015/11/04 11:38:22.107] (INFO) Waiting for master process (PID 688) to die.
[2015/11/04 11:38:22.107] (INFO) Flushed 65 buffers to disk.
[2015/11/04 11:38:22.107] (INFO) Pinging watchdog timer process: Process is alive.
[2015/11/04 11:38:22.107] (INFO) Supervisor has entered RESTARTING state.
[2015/11/04 11:38:22.107] (INFO) Network heartbeat check: All OK.
[2015/11/04 11:38:22.107] (INFO) Sending SIGTERM to 2 excess workers.
[2015/11/04 11:38:22.107] (WARN) Retrying server log checkpoint.
[2015/11/04 11:38:22.107] (INFO) User "mpb1748" logged out due to inactivity (timeout=30 minutes).
[2015/11/04 11:38:22.107] (WARN) Retrying server log checkpoint.
[2015/11/04 11:38:22.107] (WARN) Retrying server log checkpoint.
[2015/11/04 11:38:22.107] (INFO) Pinging watchdog timer process: Process is alive.
[2015/11/04 11:38:22.107] (INFO) Rolling 1 log file(s)...
[2015/11/04 11:38:22.107] (INFO) Waiting for supervisor process (PID 49936) to die.
[2015/11/04 11:38:22.107] (INFO) Your mother called. She says you never call her.
[2015/11/04 11:38:22.107] (WARN) Space on disk /dev/sdb2 is low: Only 808 MB available.
[2015/11/04 11:38:22.107] (INFO) Sending SIGTERM to 4 excess workers.
[2015/11/04 11:38:22.107] (INFO) Checked file systems for errors: All filesystems OK.
[2015/11/04 11:38:22.107] (INFO) Alien monitor (aliend): Detected no space aliens.
[2015/11/04 11:38:22.107] (INFO) Flushed 72 buffers to disk.
[2015/11/04 11:38:22.107] (INFO) Checked file systems for errors: All filesystems OK.
[2015/11/04 11:38:22.107] (INFO) Pinging watchdog timer process: Process is alive.
[2015/11/04 11:38:22.107] (INFO) Sending SIGTERM to 2 excess workers.
[2015/11/04 11:38:22.107] (INFO) Network heartbeat check: All OK.
[2015/11/04 11:38:22.107] (INFO) Device 0x740e is online.
[2015/11/04 11:38:22.107] (INFO) Checkpointing off-heap server memory...
[2015/11/04 11:38:22.107] (INFO) Rolling 7 log file(s)...
[2015/11/04 11:38:22.107] (INFO) User "muk7974" logged in from 172.16.15.212.
[2015/11/04 11:38:22.107] (WARN) Possible cyber-attack from Russia.
[2015/11/04 11:38:22.107] (INFO) User "hfs1214" logged out due to inactivity (timeout=30 minutes).
[2015/11/04 11:38:22.107] (INFO) Sending SIGTERM to 3 excess workers.
[2015/11/04 11:38:22.107] (INFO) Pinging watchdog timer process: Process is alive.
[2015/11/04 11:38:22.107] (INFO) Checkpointing off-heap server memory...
[2015/11/04 11:38:22.107] (INFO) Network heartbeat check: All OK.
[2015/11/04 11:38:22.107] (INFO) Sending SIGTERM to 2 excess workers.
[2015/11/04 11:38:22.107] (INFO) Pinging watchdog timer process: Process is alive.
[2015/11/04 11:38:22.107] (INFO) Alien monitor (aliend): Detected no space aliens.
[2015/11/04 11:38:22.107] (WARN) Network heartbeat check: 15 server(s) did not respond.
[2015/11/04 11:38:22.607] (INFO) User "cqz4100" logged in from 10.89.168.45.
[2015/11/04 11:38:22.607] (INFO) Pinging watchdog timer process: Process is alive.
[2015/11/04 11:38:22.607] (INFO) User "eug4264" logged out due to inactivity (timeout=30 minutes).
[2015/11/04 11:38:22.607] (INFO) User "eqi5587" logged out due to inactivity (timeout=30 minutes).
[2015/11/04 11:38:22.607] (INFO) Alien monitor (aliend): Detected no space aliens.
[2015/11/04 11:38:22.607] (INFO) Device 0xe408 is online.
[2015/11/04 11:38:22.607] (ERROR) Failed to write checkpoint file "/var/checkpoint/AQcgn61435: No space left on device (ENOSPC)
[2015/11/04 11:38:22.607] (INFO) Rolling 9 log file(s)...
[2015/11/04 11:38:22.607] (INFO) Checkpointing off-heap server memory...
[2015/11/04 11:38:22.607] (INFO) User "djy3724" logged in from 192.168.237.107.
[2015/11/04 11:38:22.607] (INFO) Network heartbeat check: All OK.
[2015/11/04 11:38:22.607] (INFO) Alien monitor (aliend): Detected no space aliens.
[2015/11/04 11:38:22.607] (INFO) Supervisor has entered RUNNING state.
[2015/11/04 11:38:22.607] (INFO) Checkpointing off-heap server memory...
[2015/11/04 11:38:22.607] (INFO) .evian ylbirret si emehcs otpyrc ym neht ,siht daer nac uoy fI
[2015/11/04 11:38:22.607] (INFO) Pinging watchdog timer process: Process is alive.
[2015/11/04 11:38:22.607] (INFO) .evian ylbirret si emehcs otpyrc ym neht ,siht daer nac uoy fI
[2015/11/04 11:38:22.607] (INFO) User "dlo5407" logged in from 172.16.172.207.
[2015/11/04 11:38:22.607] (INFO) .evian ylbirret si emehcs otpyrc ym neht ,siht daer nac uoy fI
[2015/11/04 11:38:22.607] (INFO) Backed up all server logs.
[2015/11/04 11:38:22.607] (INFO) User "fxl8339" logged out due to inactivity (timeout=30 minutes).
[2015/11/04 11:38:22.607] (WARN) CPU temperature exceeds 40º Celsius.
[2015/11/04 11:38:22.607] (ERROR) Alien monitor (aliend): 2 space aliens are fiddling with the hardware!
[2015/11/04 11:38:22.607] (ERROR) Blocked Little Bobby Tables attack (https://xkcd.com/327/) from 10.109.17.39.
[2015/11/04 11:38:22.607] (INFO) Waiting for master process (PID 26558) to die.
[2015/11/04 11:38:22.607] (WARN) There is no such thing as a free lunch.
[2015/11/04 11:38:22.607] (INFO) Sending SIGTERM to 4 excess workers.
[2015/11/04 11:38:22.607] (INFO) User "woc5978" logged out due to inactivity (timeout=30 minutes).
[2015/11/04 11:38:22.607] (INFO) Rolling 7 log file(s)...
[2015/11/04 11:38:22.607] (INFO) User "ncx9549" logged out.
[2015/11/04 11:38:22.607] (INFO) Supervisor has entered RESTARTING state.
[2015/11/04 11:38:22.607] (INFO) User "nhr8126" logged in from 172.16.231.128.
[2015/11/04 11:38:22.607] (INFO) Flushed 77 buffers to disk.
[2015/11/04 11:38:22.607] (INFO) Device 0x34e6 is online.
[2015/11/04 11:38:22.607] (INFO) Your mother called. She says you never call her.
[2015/11/04 11:38:22.607] (ERROR) User "kiz6018" failed to log in 3 times. Disabling account.
[2015/11/04 11:38:22.607] (INFO) Network heartbeat check: All OK.
[2015/11/04 11:38:22.607] (WARN) There is no such thing as a free lunch.
[2015/11/04 11:38:22.607] (ERROR) Device 0x5360 is offline
[2015/11/04 11:38:22.607] (INFO) Checkpointing off-heap server memory...
[2015/11/04 11:38:22.607] (INFO) User "iet2818" logged in from 10.145.61.145.
[2015/11/04 11:38:22.607] (INFO) .evian ylbirret si emehcs otpyrc ym neht ,siht daer nac uoy fI
[2015/11/04 11:38:22.607] (INFO) Alien monitor (aliend): Detected no space aliens.
[2015/11/04 11:38:22.607] (WARN) Network heartbeat check: 6 server(s) did not respond.
[2015/11/04 11:38:22.607] (INFO) Flushed 78 buffers to disk.
[2015/11/04 11:38:22.607] (WARN) Network heartbeat check: 7 server(s) did not respond.
[2015/11/04 11:38:22.607] (INFO) .evian ylbirret si emehcs otpyrc ym neht ,siht daer nac uoy fI
[2015/11/04 11:38:22.607] (INFO) Your mother called. She says you never call her.
[2015/11/04 11:38:22.607] (ERROR) Detected incoming DDoS from 172.16.112.227.
[2015/11/04 11:38:22.607] (INFO) Pinging watchdog timer process: Process is alive.
[2015/11/04 11:38:22.607] (INFO) .evian ylbirret si emehcs otpyrc ym neht ,siht daer nac uoy fI
[2015/11/04 11:38:22.607] (INFO) .evian ylbirret si emehcs otpyrc ym neht ,siht daer nac uoy fI
[2015/11/04 11:38:22.607] (ERROR) /dev/lp error: "PC LOAD LETTER"
[2015/11/04 11:38:22.607] (INFO) Rolling 3 log file(s)...
[2015/11/04 11:38:22.607] (WARN) Retrying server log checkpoint.
[2015/11/04 11:38:22.607] (INFO) Sending SIGTERM to 4 excess workers.
[2015/11/04 11:38:22.607] (INFO) User "jxe3597" logged in from 192.168.225.131.
[2015/11/04 11:38:22.607] (INFO) Alien monitor (aliend): Detected no space aliens.
[2015/11/04 11:38:22.607] (INFO) Checked file systems for errors: All filesystems OK.
[2015/11/04 11:38:22.607] (INFO) Your mother called. She says you never call her.
[2015/11/04 11:38:22.607] (INFO) User "qhg8015" logged out.
[2015/11/04 11:38:22.607] (INFO) Checked file systems for errors: All filesystems OK.
[2015/11/04 11:38:22.607] (INFO) User "ydt4284" logged out due to inactivity (timeout=30 minutes).
[2015/11/04 11:38:22.607] (WARN) Space on disk /dev/sdb4 is low: Only 379 MB available.
[2015/11/04 11:38:22.607] (INFO) Flushed 82 buffers to disk.
[2015/11/04 11:38:22.607] (INFO) Network heartbeat check: All OK.
[2015/11/04 11:38:22.607] (INFO) Supervisor has entered WAITING state.
[2015/11/04 11:38:22.607] (INFO) Network heartbeat check: All OK.
[2015/11/04 11:38:22.607] (INFO) Pinging watchdog timer process: Process is alive.
[2015/11/04 11:38:22.607] (INFO) Sending SIGTERM to 4 excess workers.
[2015/11/04 11:38:22.607] (INFO) Alien monitor (aliend): Detected no space aliens.
[2015/11/04 11:38:22.607] (INFO) Checked file systems for errors: All filesystems OK.
[2015/11/04 11:38:22.607] (ERROR) Detected clock skew! Restarting NTP server.
[2015/11/04 11:38:22.608] (INFO) Checkpointing off-heap server memory...
[2015/11/04 11:38:22.608] (INFO) Your mother called. She says you never call her.
[2015/11/04 11:38:22.608] (ERROR) Alien monitor (aliend): 4 space aliens are fiddling with the hardware!
[2015/11/04 11:38:22.608] (INFO) Device 0x23e1 is online.
[2015/11/04 11:38:22.608] (ERROR) Blocked Little Bobby Tables attack (https://xkcd.com/327/) from 192.168.13.196.
[2015/11/04 11:38:22.608] (INFO) Supervisor has entered RESTARTING state.
[2015/11/04 11:38:22.608] (INFO) Rolling 5 log file(s)...
[2015/11/04 11:38:22.608] (INFO) Alien monitor (aliend): Detected no space aliens.
[2015/11/04 11:38:22.608] (INFO) Waiting for supervisor process (PID 17874) to die.
[2015/11/04 11:38:22.608] (INFO) User "vix5304" logged out.
[2015/11/04 11:38:22.608] (INFO) Alien monitor (aliend): Detected no space aliens.
[2015/11/04 11:38:22.608] (INFO) Supervisor has entered SUSPENDED state.
[2015/11/04 11:38:22.608] (INFO) User "mwe2317" logged out.
[2015/11/04 11:38:22.608] (WARN) Network heartbeat check: 1 server(s) did not respond.
[2015/11/04 11:38:22.608] (INFO) Rolling 9 log file(s)...
[2015/11/04 11:38:22.608] (INFO) User "ruz3440" logged out due to inactivity (timeout=30 minutes).
[2015/11/04 11:38:22.608] (INFO) .evian ylbirret si emehcs otpyrc ym neht ,siht daer nac uoy fI
[2015/11/04 11:38:22.608] (INFO) Checkpointing off-heap server memory...
[2015/11/04 11:38:22.608] (WARN) Ignoring SIGTERM. It's not that easy to get rid of me.
[2015/11/04 11:38:22.608] (INFO) Your mother called. She says you never call her.
[2015/11/04 11:38:22.608] (INFO) Your mother called. She says you never call her.
[2015/11/04 11:38:22.608] (ERROR) Unable to mount /dev/sdb2. (Time to run fsck?)
[2015/11/04 11:38:22.608] (INFO) Waiting for master process (PID 46669) to die.
[2015/11/04 11:38:22.608] (INFO) Pinging watchdog timer process: Process is alive.
[2015/11/04 11:38:22.608] (ERROR) EFOODFAIL (Waiter, there's a fly in my soup).
[2015/11/04 11:38:22.608] (INFO) Your mother called. She says you never call her.
[2015/11/04 11:38:22.608] (INFO) Flushed 80 buffers to disk.
[2015/11/04 11:38:23.107] (INFO) User "qjs1228" logged out due to inactivity (timeout=30 minutes).
[2015/11/04 11:38:23.107] (INFO) Backed up all server logs.
[2015/11/04 11:38:23.107] (INFO) Pinging watchdog timer process: Process is alive.
[2015/11/04 11:38:23.107] (INFO) User "fza4371" logged out.
[2015/11/04 11:38:23.107] (INFO) Rolling 6 log file(s)...
[2015/11/04 11:38:23.107] (WARN) Master took 603 ms to respond (threshold=500 ms)
[2015/11/04 11:38:23.107] (INFO) Device 0x33ab is online.
[2015/11/04 11:38:23.107] (INFO) Your mother called. She says you never call her.
[2015/11/04 11:38:23.107] (INFO) Rolling 3 log file(s)...
[2015/11/04 11:38:23.107] (WARN) Retrying server log checkpoint.
[2015/11/04 11:38:23.107] (INFO) Supervisor has entered RESTARTING state.
[2015/11/04 11:38:23.107] (INFO) Flushed 95 buffers to disk.
[2015/11/04 11:38:23.107] (INFO) Your mother called. She says you never call her.
[2015/11/04 11:38:23.107] (ERROR) Network heartbeat check FAILED: Master host down?
[2015/11/04 11:38:23.107] (WARN) Network heartbeat check: 17 server(s) did not respond.
[2015/11/04 11:38:23.107] (INFO) Network heartbeat check: All OK.
[2015/11/04 11:38:23.107] (INFO) User "qdd3393" logged in from 192.168.57.75.
[2015/11/04 11:38:23.107] (INFO) Your mother called. She says you never call her.
[2015/11/04 11:38:23.107] (ERROR) Directory index of "/var/data" is forbidden.
[2015/11/04 11:38:23.107] (INFO) Checkpointing off-heap server memory...
[2015/11/04 11:38:23.107] (INFO) Rolling 4 log file(s)...
[2015/11/04 11:38:23.107] (INFO) Network heartbeat check: All OK.
[2015/11/04 11:38:23.107] (ERROR) Worker 9 died with SIGURG. Restarting it.
[2015/11/04 11:38:23.107] (INFO) Checkpointing off-heap server memory...
[2015/11/04 11:38:23.107] (INFO) Your mother called. She says you never call her.
[2015/11/04 11:38:23.107] (INFO) Checked file systems for errors: All filesystems OK.
[2015/11/04 11:38:23.107] (INFO) User "asu9705" logged out due to inactivity (timeout=30 minutes).
[2015/11/04 11:38:23.107] (WARN) Network heartbeat check: 2 server(s) did not respond.
[2015/11/04 11:38:23.107] (ERROR) CPU temperature exceeds 50º Celsius. Shutting down.
[2015/11/04 11:38:23.107] (ERROR) Network heartbeat check FAILED: Master host down?
[2015/11/04 11:38:23.107] (INFO) Waiting for monitor process (PID 43981) to die.
[2015/11/04 11:38:23.107] (INFO) Alien monitor (aliend): Detected no space aliens.
[2015/11/04 11:38:23.107] (ERROR) Failed to write checkpoint file "/var/checkpoint/eQctf82799: No space left on device (ENOSPC)
[2015/11/04 11:38:23.107] (INFO) Rolling 3 log file(s)...
[2015/11/04 11:38:23.107] (INFO) Sending SIGTERM to 2 excess workers.
[2015/11/04 11:38:23.107] (INFO) Your mother called. She says you never call her.
[2015/11/04 11:38:23.107] (INFO) Checked file systems for errors: All filesystems OK.
[2015/11/04 11:38:23.107] (INFO) .evian ylbirret si emehcs otpyrc ym neht ,siht daer nac uoy fI
[2015/11/04 11:38:23.107] (INFO) Waiting for master process (PID 26727) to die.
[2015/11/04 11:38:23.107] (INFO) Device 0xe04c is online.
[2015/11/04 11:38:23.107] (INFO) Backed up all server logs.
[2015/11/04 11:38:23.107] (INFO) .evian ylbirret si emehcs otpyrc ym neht ,siht daer nac uoy fI
[2015/11/04 11:38:23.107] (INFO) Sending SIGTERM to 4 excess workers.
[2015/11/04 11:38:23.107] (INFO) Waiting for worker process (PID 33496) to die.
[2015/11/04 11:38:23.107] (WARN) Space on disk /dev/sde1 is low: Only 450 MB available.
[2015/11/04 11:38:23.107] (INFO) Waiting for master process (PID 41786) to die.
[2015/11/04 11:38:23.107] (INFO) Waiting for master process (PID 65187) to die.
[2015/11/04 11:38:23.107] (INFO) .evian ylbirret si emehcs otpyrc ym neht ,siht daer nac uoy fI
[2015/11/04 11:38:23.107] (INFO) Waiting for worker process (PID 16083) to die.
[2015/11/04 11:38:23.107] (INFO) User "mhr1431" logged out.
[2015/11/04 11:38:23.107] (INFO) User "mxa5377" logged out due to inactivity (timeout=30 minutes).
[2015/11/04 11:38:23.107] (INFO) Supervisor has entered WAITING state.
[2015/11/04 11:38:23.107] (INFO) Your mother called. She says you never call her.
[2015/11/04 11:38:23.107] (WARN) Space on disk /dev/sde3 is low: Only 788 MB available.
[2015/11/04 11:38:23.107] (INFO) Supervisor has entered SUSPENDED state.
[2015/11/04 11:38:23.107] (INFO) Waiting for worker process (PID 27613) to die.
[2015/11/04 11:38:23.107] (INFO) Your mother called. She says you never call her.
[2015/11/04 11:38:23.107] (INFO) User "mlx7365" logged out.
[2015/11/04 11:38:23.107] (INFO) User "uqj9164" logged in from 172.16.151.136.
[2015/11/04 11:38:23.107] (INFO) Backed up all server logs.
[2015/11/04 11:38:23.107] (INFO) Your mother called. She says you never call her.
[2015/11/04 11:38:23.107] (ERROR) User "nja9147" failed to log in 3 times. Disabling account.
[2015/11/04 11:38:23.107] (INFO) Backed up all server logs.
[2015/11/04 11:38:23.107] (INFO) Alien monitor (aliend): Detected no space aliens.
[2015/11/04 11:38:23.107] (INFO) User "axr5007" logged in from 10.65.89.235.
[2015/11/04 11:38:23.107] (INFO) Backed up all server logs.
[2015/11/04 11:38:23.107] (ERROR) Failed to open "/mnt/fileserver02/ILint68156.csv": NFS timeout.
[2015/11/04 11:38:23.107] (INFO) Flushed 68 buffers to disk.
[2015/11/04 11:38:23.107] (INFO) Waiting for monitor process (PID 45630) to die.
[2015/11/04 11:38:23.107] (INFO) Pinging watchdog timer process: Process is alive.
[2015/11/04 11:38:23.107] (INFO) User "ght2710" logged out.
[2015/11/04 11:38:23.107] (WARN) Unable to ping monitor at 10.89.42.164. Retrying.
[2015/11/04 11:38:23.107] (INFO) Your mother called. She says you never call her.
[2015/11/04 11:38:23.107] (INFO) Supervisor has entered RESTARTING state.
[2015/11/04 11:38:23.107] (ERROR) Alien monitor (aliend): 2 space aliens are fiddling with the hardware!
[2015/11/04 11:38:23.107] (INFO) User "dkk5230" logged out.
[2015/11/04 11:38:23.107] (INFO) Alien monitor (aliend): Detected no space aliens.
[2015/11/04 11:38:23.107] (INFO) .evian ylbirret si emehcs otpyrc ym neht ,siht daer nac uoy fI
[2015/11/04 11:38:23.107] (INFO) Flushed 80 buffers to disk.
[2015/11/04 11:38:23.107] (INFO) Backed up all server logs.
[2015/11/04 11:38:23.107] (INFO) User "cjm3451" logged in from 172.16.185.223.
[2015/11/04 11:38:23.107] (INFO) User "wjf7630" logged in from 192.168.9.103.
[2015/11/04 11:38:23.107] (INFO) Your mother called. She says you never call her.
[2015/11/04 11:38:23.107] (INFO) Checked file systems for errors: All filesystems OK.
[2015/11/04 11:38:23.107] (INFO) Backed up all server logs.
[2015/11/04 11:38:23.107] (INFO) Sending SIGTERM to 3 excess workers.
[2015/11/04 11:38:23.107] (INFO) Waiting for worker process (PID 32672) to die.
[2015/11/04 11:38:23.107] (INFO) .evian ylbirret si emehcs otpyrc ym neht ,siht daer nac uoy fI
[2015/11/04 11:38:23.107] (INFO) Alien monitor (aliend): Detected no space aliens.
[2015/11/04 11:38:23.107] (INFO) Waiting for master process (PID 2847) to die.
[2015/11/04 11:38:23.107] (INFO) Checkpointing off-heap server memory...
[2015/11/04 11:38:23.107] (INFO) User "vzt2321" logged out.
[2015/11/04 11:38:23.107] (INFO) User "mcn1163" logged in from 192.168.68.107.
[2015/11/04 11:38:23.107] (INFO) Sending SIGTERM to 4 excess workers.
[2015/11/04 11:38:23.107] (INFO) User "kcx7500" logged out.
[2015/11/04 11:38:23.107] (INFO) User "kyq9026" logged out due to inactivity (timeout=30 minutes).
[2015/11/04 11:38:23.107] (INFO) Device 0x1a60 is online.
[2015/11/04 11:38:23.107] (INFO) Sending SIGTERM to 4 excess workers.
[2015/11/04 11:38:23.107] (INFO) Sending SIGTERM to 2 excess workers.
[2015/11/04 11:38:23.107] (WARN) CPU temperature exceeds 40º Celsius.
[2015/11/04 11:38:23.607] (INFO) Pinging watchdog timer process: Process is alive.
[2015/11/04 11:38:23.607] (INFO) Your mother called. She says you never call her.
[2015/11/04 11:38:23.607] (INFO) Rolling 6 log file(s)...
[2015/11/04 11:38:23.607] (INFO) Device 0xca48 is online.
[2015/11/04 11:38:23.607] (INFO) Backed up all server logs.
[2015/11/04 11:38:23.607] (INFO) Sending SIGTERM to 2 excess workers.
[2015/11/04 11:38:23.607] (WARN) Retrying server log checkpoint.
[2015/11/04 11:38:23.607] (INFO) Pinging watchdog timer process: Process is alive.
[2015/11/04 11:38:23.607] (INFO) Checked file systems for errors: All filesystems OK.
[2015/11/04 11:38:23.607] (WARN) There is no such thing as a free lunch.
[2015/11/04 11:38:23.607] (INFO) Your mother called. She says you never call her.
[2015/11/04 11:38:23.607] (INFO) User "xms6726" logged out due to inactivity (timeout=30 minutes).
[2015/11/04 11:38:23.607] (INFO) User "wwg2326" logged out due to inactivity (timeout=30 minutes).
[2015/11/04 11:38:23.607] (INFO) Device 0x5fd1 is online.
[2015/11/04 11:38:23.607] (WARN) Watchdog timer crashed. Restarting it.
[2015/11/04 11:38:23.607] (INFO) User "gxr4876" logged out due to inactivity (timeout=30 minutes).
[2015/11/04 11:38:23.607] (WARN) Space on disk /dev/sdf2 is low: Only 737 MB available.
[2015/11/04 11:38:23.607] (INFO) Pinging watchdog timer process: Process is alive.
[2015/11/04 11:38:23.607] (ERROR) Connection to 172.16.8.18 terminated unexpectedly. Reconnecting.
[2015/11/04 11:38:23.607] (ERROR) Unable to authenticate user "nlg5787": LDAP server isn't responding.
[2015/11/04 11:38:23.607] (INFO) Your mother called. She says you never call her.
[2015/11/04 11:38:23.607] (INFO) .evian ylbirret si emehcs otpyrc ym neht ,siht daer nac uoy fI
[2015/11/04 11:38:23.607] (INFO) User "ecd4474" logged in from 192.168.201.22.
[2015/11/04 11:38:23.607] (INFO) Checked file systems for errors: All filesystems OK.
[2015/11/04 11:38:23.607] (ERROR) Worker 5 died with SIGURG. Restarting it.
[2015/11/04 11:38:23.607] (INFO) .evian ylbirret si emehcs otpyrc ym neht ,siht daer nac uoy fI
[2015/11/04 11:38:23.607] (INFO) Supervisor has entered RESTARTING state.
[2015/11/04 11:38:23.607] (INFO) Alien monitor (aliend): Detected no space aliens.
[2015/11/04 11:38:23.607] (INFO) Rolling 8 log file(s)...
[2015/11/04 11:38:23.607] (INFO) Checked file systems for errors: All filesystems OK.
[2015/11/04 11:38:23.607] (INFO) Device 0xbb47 is online.
[2015/11/04 11:38:23.607] (INFO) Network heartbeat check: All OK.
[2015/11/04 11:38:23.607] (INFO) Network heartbeat check: All OK.
[2015/11/04 11:38:23.607] (INFO) Alien monitor (aliend): Detected no space aliens.
[2015/11/04 11:38:23.607] (INFO) Checked file systems for errors: All filesystems OK.
[2015/11/04 11:38:23.607] (INFO) Pinging watchdog timer process: Process is alive.
[2015/11/04 11:38:23.607] (INFO) Your mother called. She says you never call her.
[2015/11/04 11:38:23.607] (INFO) Device 0x3cee is online.
[2015/11/04 11:38:23.607] (ERROR) Unable to authenticate user "sdx9089": LDAP server isn't responding.
[2015/11/04 11:38:23.607] (INFO) User "xbi4656" logged in from 192.168.238.51.
[2015/11/04 11:38:23.607] (INFO) User "lrj9028" logged in from 192.168.150.236.
[2015/11/04 11:38:23.607] (INFO) Checked file systems for errors: All filesystems OK.
[2015/11/04 11:38:23.607] (WARN) There is no such thing as a free lunch.
[2015/11/04 11:38:23.607] (INFO) Network heartbeat check: All OK.
[2015/11/04 11:38:23.607] (WARN) Backup server 192.168.41.248 is offline.
[2015/11/04 11:38:23.607] (WARN) Master took 646 ms to respond (threshold=500 ms)
[2015/11/04 11:38:23.607] (INFO) Waiting for worker process (PID 25342) to die.
[2015/11/04 11:38:23.607] (INFO) Waiting for monitor process (PID 47142) to die.
[2015/11/04 11:38:23.607] (INFO) User "hgw7147" logged in from 10.236.148.4.
[2015/11/04 11:38:23.607] (INFO) Device 0x1d3c is online.
[2015/11/04 11:38:23.607] (INFO) Pinging watchdog timer process: Process is alive.
[2015/11/04 11:38:23.607] (INFO) Flushed 48 buffers to disk.
[2015/11/04 11:38:23.607] (WARN) Watchdog timer crashed. Restarting it.
[2015/11/04 11:38:23.607] (INFO) Checked file systems for errors: All filesystems OK.
[2015/11/04 11:38:23.607] (INFO) Backed up all server logs.
[2015/11/04 11:38:23.607] (WARN) Network heartbeat check: 3 server(s) did not respond.
[2015/11/04 11:38:23.607] (INFO) User "ypo7860" logged in from 192.168.185.140.
[2015/11/04 11:38:23.607] (INFO) Flushed 59 buffers to disk.
[2015/11/04 11:38:23.607] (ERROR) Device 0x5164 is offline
[2015/11/04 11:38:23.607] (INFO) Checked file systems for errors: All filesystems OK.
[2015/11/04 11:38:23.607] (INFO) Checkpointing off-heap server memory...
[2015/11/04 11:38:23.607] (INFO) Alien monitor (aliend): Detected no space aliens.
[2015/11/04 11:38:23.607] (INFO) Checkpointing off-heap server memory...
[2015/11/04 11:38:23.607] (ERROR) Directory index of "/var/data" is forbidden.
[2015/11/04 11:38:23.607] (INFO) Backed up all server logs.
[2015/11/04 11:38:23.607] (WARN) Dropped 5,349 corrupt data packets.
[2015/11/04 11:38:23.607] (INFO) Device 0x5827 is online.
[2015/11/04 11:38:23.607] (INFO) User "dpn3514" logged out.
[2015/11/04 11:38:23.607] (INFO) Network heartbeat check: All OK.
[2015/11/04 11:38:23.607] (INFO) .evian ylbirret si emehcs otpyrc ym neht ,siht daer nac uoy fI
[2015/11/04 11:38:23.607] (ERROR) Connection to 192.168.66.215 terminated unexpectedly. Reconnecting.
[2015/11/04 11:38:23.607] (INFO) Your mother called. She says you never call her.
[2015/11/04 11:38:23.607] (INFO) Network heartbeat check: All OK.
[2015/11/04 11:38:23.607] (INFO) Pinging watchdog timer process: Process is alive.
[2015/11/04 11:38:23.607] (INFO) Checkpointing off-heap server memory...
[2015/11/04 11:38:23.607] (INFO) Network heartbeat check: All OK.
[2015/11/04 11:38:23.607] (INFO) Supervisor has entered RESTARTING state.
[2015/11/04 11:38:23.607] (INFO) Backed up all server logs.
[2015/11/04 11:38:23.607] (INFO) Pinging watchdog timer process: Process is alive.
[2015/11/04 11:38:23.607] (INFO) Flushed 62 buffers to disk.
[2015/11/04 11:38:23.607] (INFO) User "yna5199" logged in from 172.16.187.196.
[2015/11/04 11:38:23.607] (WARN) Retrying server log checkpoint.
[2015/11/04 11:38:23.607] (INFO) Pinging watchdog timer process: Process is alive.
[2015/11/04 11:38:23.607] (INFO) Backed up all server logs.
[2015/11/04 11:38:23.607] (INFO) Supervisor has entered RUNNING state.
[2015/11/04 11:38:23.607] (INFO) Backed up all server logs.
[2015/11/04 11:38:23.607] (WARN) Space on disk /dev/sdc4 is low: Only 601 MB available.
[2015/11/04 11:38:23.607] (INFO) Network heartbeat check: All OK.
[2015/11/04 11:38:23.607] (INFO) User "buz8266" logged in from 192.168.174.125.
[2015/11/04 11:38:23.607] (INFO) Checked file systems for errors: All filesystems OK.
[2015/11/04 11:38:23.607] (INFO) Sending SIGTERM to 2 excess workers.
[2015/11/04 11:38:23.607] (INFO) Device 0xb79d is online.
[2015/11/04 11:38:23.607] (ERROR) Server log backup FAILED. See backup logs.
[2015/11/04 11:38:23.607] (INFO) Rolling 6 log file(s)...
[2015/11/04 11:38:23.607] (INFO) User "okb5321" logged out due to inactivity (timeout=30 minutes).
[2015/11/04 11:38:23.607] (INFO) Rolling 3 log file(s)...
[2015/11/04 11:38:23.607] (INFO) Rolling 7 log file(s)...
[2015/11/04 11:38:23.607] (INFO) User "wrq3154" logged out.
[2015/11/04 11:38:23.607] (ERROR) User "lbd7145" failed to log in 3 times. Disabling account.
[2015/11/04 11:38:23.607] (ERROR) One of the flayrods has gone out askew on treadle.
[2015/11/04 11:38:24.108] (INFO) Backed up all server logs.
[2015/11/04 11:38:24.108] (INFO) Network heartbeat check: All OK.
[2015/11/04 11:38:24.108] (WARN) Backup server 192.168.181.122 is offline.
[2015/11/04 11:38:24.108] (INFO) User "gsr8467" logged in from 10.227.25.80.
[2015/11/04 11:38:24.108] (INFO) Your mother called. She says you never call her.
[2015/11/04 11:38:24.108] (INFO) Alien monitor (aliend): Detected no space aliens.
[2015/11/04 11:38:24.108] (INFO) Network heartbeat check: All OK.
[2015/11/04 11:38:24.108] (INFO) Waiting for monitor process (PID 44729) to die.
[2015/11/04 11:38:24.108] (INFO) Supervisor has entered WAITING state.
[2015/11/04 11:38:24.108] (INFO) Waiting for supervisor process (PID 28617) to die.
[2015/11/04 11:38:24.108] (INFO) Device 0x8eb5 is online.
[2015/11/04 11:38:24.108] (INFO) Device 0xee6e is online.
[2015/11/04 11:38:24.108] (INFO) .evian ylbirret si emehcs otpyrc ym neht ,siht daer nac uoy fI
[2015/11/04 11:38:24.108] (WARN) Retrying server log checkpoint.
[2015/11/04 11:38:24.108] (INFO) User "pqp7141" logged in from 172.16.234.84.
[2015/11/04 11:38:24.108] (INFO) Device 0x3b63 is online.
[2015/11/04 11:38:24.108] (INFO) Alien monitor (aliend): Detected no space aliens.
[2015/11/04 11:38:24.108] (ERROR) One of the flayrods has gone out askew on treadle.
[2015/11/04 11:38:24.108] (INFO) Device 0x02cb is online.
[2015/11/04 11:38:24.108] (WARN) Master took 753 ms to respond (threshold=500 ms)
[2015/11/04 11:38:24.108] (INFO) User "kug7496" logged in from 10.112.192.218.
[2015/11/04 11:38:24.108] (INFO) User "htz1177" logged out.
[2015/11/04 11:38:24.108] (INFO) .evian ylbirret si emehcs otpyrc ym neht ,siht daer nac uoy fI
[2015/11/04 11:38:24.108] (INFO) Flushed 25 buffers to disk.
[2015/11/04 11:38:24.108] (INFO) Supervisor has entered WAITING state.
[2015/11/04 11:38:24.108] (INFO) Supervisor has entered RUNNING state.
[2015/11/04 11:38:24.108] (WARN) Unable to ping monitor at 192.168.178.157. Retrying.
[2015/11/04 11:38:24.108] (INFO) Device 0xaf70 is online.
[2015/11/04 11:38:24.108] (INFO) Rolling 1 log file(s)...
[2015/11/04 11:38:24.108] (INFO) Sending SIGTERM to 3 excess workers.
[2015/11/04 11:38:24.108] (ERROR) Alien monitor (aliend): 4 space aliens are fiddling with the hardware!
[2015/11/04 11:38:24.108] (INFO) Backed up all server logs.
[2015/11/04 11:38:24.108] (INFO) Rolling 3 log file(s)...
[2015/11/04 11:38:24.108] (INFO) Flushed 62 buffers to disk.
[2015/11/04 11:38:24.108] (INFO) Supervisor has entered RUNNING state.
[2015/11/04 11:38:24.108] (INFO) User "awr7102" logged in from 192.168.30.155.
[2015/11/04 11:38:24.108] (INFO) Checkpointing off-heap server memory...
[2015/11/04 11:38:24.108] (INFO) Network heartbeat check: All OK.
[2015/11/04 11:38:24.108] (INFO) Flushed 99 buffers to disk.
[2015/11/04 11:38:24.108] (INFO) Flushed 55 buffers to disk.
[2015/11/04 11:38:24.108] (INFO) Checkpointing off-heap server memory...
[2015/11/04 11:38:24.108] (INFO) Checkpointing off-heap server memory...
[2015/11/04 11:38:24.108] (INFO) User "fuy8127" logged in from 192.168.105.237.
[2015/11/04 11:38:24.108] (INFO) Supervisor has entered SUSPENDED state.
[2015/11/04 11:38:24.108] (WARN) CPU temperature exceeds 40º Celsius.
[2015/11/04 11:38:24.108] (INFO) Backed up all server logs.
[2015/11/04 11:38:24.108] (INFO) Checked file systems for errors: All filesystems OK.
[2015/11/04 11:38:24.108] (INFO) .evian ylbirret si emehcs otpyrc ym neht ,siht daer nac uoy fI
[2015/11/04 11:38:24.108] (ERROR) Extra characters at end of line.
[2015/11/04 11:38:24.108] (INFO) Checkpointing off-heap server memory...
[2015/11/04 11:38:24.108] (INFO) User "gxn5642" logged out due to inactivity (timeout=30 minutes).
[2015/11/04 11:38:24.108] (ERROR) Failed to open "/mnt/fileserver02/gMxQL59995.xml": NFS timeout.
[2015/11/04 11:38:24.108] (INFO) Flushed 81 buffers to disk.
[2015/11/04 11:38:24.108] (INFO) User "hnm6909" logged out.
[2015/11/04 11:38:24.108] (INFO) Your mother called. She says you never call her.
[2015/11/04 11:38:24.108] (INFO) Pinging watchdog timer process: Process is alive.
[2015/11/04 11:38:24.108] (INFO) Rolling 5 log file(s)...
[2015/11/04 11:38:24.108] (INFO) User "gwe8031" logged out.
[2015/11/04 11:38:24.108] (ERROR) Server log backup FAILED. See backup logs.
[2015/11/04 11:38:24.108] (INFO) User "tsq9706" logged out due to inactivity (timeout=30 minutes).
[2015/11/04 11:38:24.108] (INFO) Sending SIGTERM to 3 excess workers.
[2015/11/04 11:38:24.108] (INFO) Waiting for master process (PID 16808) to die.
[2015/11/04 11:38:24.108] (INFO) .evian ylbirret si emehcs otpyrc ym neht ,siht daer nac uoy fI
[2015/11/04 11:38:24.108] (INFO) Backed up all server logs.
[2015/11/04 11:38:24.108] (INFO) Checkpointing off-heap server memory...
[2015/11/04 11:38:24.108] (INFO) Pinging watchdog timer process: Process is alive.
[2015/11/04 11:38:24.108] (ERROR) Failed to open "/mnt/fileserver02/Pclrq68781.parquet": NFS timeout.
[2015/11/04 11:38:24.108] (INFO) Checkpointing off-heap server memory...
[2015/11/04 11:38:24.108] (INFO) Your mother called. She says you never call her.
[2015/11/04 11:38:24.108] (INFO) Network heartbeat check: All OK.
[2015/11/04 11:38:24.108] (INFO) Rolling 2 log file(s)...
[2015/11/04 11:38:24.108] (INFO) User "yoj9477" logged in from 192.168.56.120.
[2015/11/04 11:38:24.108] (INFO) Checked file systems for errors: All filesystems OK.
[2015/11/04 11:38:24.108] (INFO) Backed up all server logs.
[2015/11/04 11:38:24.108] (INFO) Alien monitor (aliend): Detected no space aliens.
[2015/11/04 11:38:24.108] (WARN) CPU temperature exceeds 40º Celsius.
[2015/11/04 11:38:24.108] (ERROR) Blocked SSH traffic originating from 172.16.172.24.
[2015/11/04 11:38:24.108] (ERROR) Worker 5 died with SIGILL. Restarting it.
[2015/11/04 11:38:24.108] (ERROR) "/var/data/gtInO78442.tsv": No such file or directory (ENOENT)
[2015/11/04 11:38:24.108] (INFO) Device 0x06c8 is online.
[2015/11/04 11:38:24.108] (WARN) Unable to ping monitor at 10.49.164.250. Retrying.
[2015/11/04 11:38:24.108] (ERROR) Detected clock skew! Restarting NTP server.
[2015/11/04 11:38:24.108] (ERROR) Failed to open "/mnt/fileserver01/gOPft55854.xml": NFS timeout.
[2015/11/04 11:38:24.108] (INFO) Waiting for supervisor process (PID 42232) to die.
[2015/11/04 11:38:24.108] (WARN) Retrying server log checkpoint.
[2015/11/04 11:38:24.108] (WARN) Dropped 14,832 corrupt data packets.
[2015/11/04 11:38:24.108] (INFO) User "gig9524" logged out.
[2015/11/04 11:38:24.108] (WARN) CPU temperature exceeds 40º Celsius.
[2015/11/04 11:38:24.108] (INFO) Device 0x8c74 is online.
[2015/11/04 11:38:24.108] (INFO) .evian ylbirret si emehcs otpyrc ym neht ,siht daer nac uoy fI
[2015/11/04 11:38:24.108] (INFO) Pinging watchdog timer process: Process is alive.
[2015/11/04 11:38:24.108] (INFO) Backed up all server logs.
[2015/11/04 11:38:24.108] (INFO) Your mother called. She says you never call her.
[2015/11/04 11:38:24.108] (WARN) Possible cyber-attack from a small unnamed island.
[2015/11/04 11:38:24.108] (INFO) Your mother called. She says you never call her.
[2015/11/04 11:38:24.108] (WARN) Possible cyber-attack from a small unnamed island.
[2015/11/04 11:38:24.108] (INFO) Alien monitor (aliend): Detected no space aliens.
[2015/11/04 11:38:24.108] (INFO) Alien monitor (aliend): Detected no space aliens.
[2015/11/04 11:38:24.108] (INFO) Supervisor has entered WAITING state.
[2015/11/04 11:38:24.108] (INFO) Sending SIGTERM to 3 excess workers.
[2015/11/04 11:38:24.608] (INFO) Waiting for worker process (PID 32203) to die.
[2015/11/04 11:38:24.608] (INFO) Network heartbeat check: All OK.
[2015/11/04 11:38:24.608] (INFO) Supervisor has entered RUNNING state.
[2015/11/04 11:38:24.608] (ERROR) "/var/data/nVdOP96068.csv": No such file or directory (ENOENT)
[2015/11/04 11:38:24.608] (INFO) Alien monitor (aliend): Detected no space aliens.
[2015/11/04 11:38:24.608] (INFO) Pinging watchdog timer process: Process is alive.
[2015/11/04 11:38:24.608] (INFO) User "xtw4232" logged out due to inactivity (timeout=30 minutes).
[2015/11/04 11:38:24.608] (INFO) User "bnj5740" logged in from 192.168.48.21.
[2015/11/04 11:38:24.608] (ERROR) Unable to mount /dev/sdf3. (Time to run fsck?)
[2015/11/04 11:38:24.608] (INFO) User "owj6368" logged in from 192.168.3.53.
[2015/11/04 11:38:24.608] (INFO) Pinging watchdog timer process: Process is alive.
[2015/11/04 11:38:24.608] (INFO) Flushed 98 buffers to disk.
[2015/11/04 11:38:24.608] (INFO) Alien monitor (aliend): Detected no space aliens.
[2015/11/04 11:38:24.608] (INFO) Backed up all server logs.
[2015/11/04 11:38:24.608] (INFO) Supervisor has entered RUNNING state.
[2015/11/04 11:38:24.608] (INFO) Pinging watchdog timer process: Process is alive.
[2015/11/04 11:38:24.608] (INFO) Checked file systems for errors: All filesystems OK.
[2015/11/04 11:38:24.608] (INFO) Flushed 87 buffers to disk.
[2015/11/04 11:38:24.608] (INFO) Flushed 40 buffers to disk.
[2015/11/04 11:38:24.608] (INFO) Alien monitor (aliend): Detected no space aliens.
[2015/11/04 11:38:24.608] (INFO) User "kqt7600" logged out due to inactivity (timeout=30 minutes).
[2015/11/04 11:38:24.608] (INFO) Network heartbeat check: All OK.
[2015/11/04 11:38:24.608] (INFO) Pinging watchdog timer process: Process is alive.
[2015/11/04 11:38:24.608] (INFO) User "wue7321" logged out.
[2015/11/04 11:38:24.608] (INFO) .evian ylbirret si emehcs otpyrc ym neht ,siht daer nac uoy fI
[2015/11/04 11:38:24.608] (WARN) Backup server 192.168.185.130 is offline.
[2015/11/04 11:38:24.608] (INFO) Your mother called. She says you never call her.
[2015/11/04 11:38:24.608] (ERROR) Unable to mount /dev/sdf2. (Time to run fsck?)
[2015/11/04 11:38:24.608] (WARN) Retrying server log checkpoint.
[2015/11/04 11:38:24.608] (INFO) Checkpointing off-heap server memory...
[2015/11/04 11:38:24.608] (INFO) Rolling 3 log file(s)...
[2015/11/04 11:38:24.608] (ERROR) Unable to authenticate user "dzz5787": LDAP server isn't responding.
[2015/11/04 11:38:24.608] (INFO) Device 0xe12d is online.
[2015/11/04 11:38:24.608] (INFO) Checkpointing off-heap server memory...
[2015/11/04 11:38:24.608] (WARN) Possible cyber-attack from The Cayman Islands.
[2015/11/04 11:38:24.608] (INFO) Rolling 9 log file(s)...
[2015/11/04 11:38:24.608] (INFO) Flushed 33 buffers to disk.
[2015/11/04 11:38:24.608] (ERROR) Extra characters at end of line.
[2015/11/04 11:38:24.608] (INFO) User "hgo9637" logged out due to inactivity (timeout=30 minutes).
[2015/11/04 11:38:24.608] (INFO) Your mother called. She says you never call her.
[2015/11/04 11:38:24.608] (INFO) Rolling 7 log file(s)...
[2015/11/04 11:38:24.608] (INFO) Rolling 9 log file(s)...
[2015/11/04 11:38:24.608] (ERROR) User "suu4557" failed to log in 3 times. Disabling account.
[2015/11/04 11:38:24.608] (ERROR) CPU temperature exceeds 50º Celsius. Shutting down.
[2015/11/04 11:38:24.608] (INFO) Waiting for worker process (PID 18786) to die.
[2015/11/04 11:38:24.608] (INFO) Sending SIGTERM to 3 excess workers.
[2015/11/04 11:38:24.608] (ERROR) Blocked Little Bobby Tables attack (https://xkcd.com/327/) from 192.168.33.148.
[2015/11/04 11:38:24.608] (INFO) Checked file systems for errors: All filesystems OK.
[2015/11/04 11:38:24.608] (INFO) Checkpointing off-heap server memory...
[2015/11/04 11:38:24.608] (ERROR) Failed to write checkpoint file "/var/checkpoint/eVyBX74350: No space left on device (ENOSPC)
[2015/11/04 11:38:24.608] (ERROR) Failed to open "/mnt/fileserver01/iYzus67762.txt": NFS timeout.
[2015/11/04 11:38:24.608] (INFO) Checked file systems for errors: All filesystems OK.
[2015/11/04 11:38:24.608] (INFO) .evian ylbirret si emehcs otpyrc ym neht ,siht daer nac uoy fI
[2015/11/04 11:38:24.608] (INFO) User "bgr3344" logged out.
[2015/11/04 11:38:24.608] (INFO) Device 0x8458 is online.
[2015/11/04 11:38:24.608] (INFO) User "utq4428" logged out.
[2015/11/04 11:38:24.608] (INFO) Backed up all server logs.
[2015/11/04 11:38:24.608] (WARN) Master took 966 ms to respond (threshold=500 ms)
[2015/11/04 11:38:24.608] (ERROR) Server log backup FAILED. See backup logs.
[2015/11/04 11:38:24.608] (INFO) Alien monitor (aliend): Detected no space aliens.
[2015/11/04 11:38:24.608] (INFO) Sending SIGTERM to 3 excess workers.
[2015/11/04 11:38:24.608] (INFO) Your mother called. She says you never call her.
[2015/11/04 11:38:24.608] (WARN) Master took 682 ms to respond (threshold=500 ms)
[2015/11/04 11:38:24.608] (INFO) Flushed 70 buffers to disk.
[2015/11/04 11:38:24.608] (INFO) Backed up all server logs.
[2015/11/04 11:38:24.608] (INFO) User "gcp8056" logged in from 10.226.204.182.
[2015/11/04 11:38:24.608] (INFO) User "aot6008" logged in from 172.16.144.182.
[2015/11/04 11:38:24.608] (ERROR) Failed to write checkpoint file "/var/checkpoint/KUmgj92226: No space left on device (ENOSPC)
[2015/11/04 11:38:24.608] (INFO) Flushed 39 buffers to disk.
[2015/11/04 11:38:24.608] (INFO) Network heartbeat check: All OK.
[2015/11/04 11:38:24.608] (WARN) Retrying server log checkpoint.
[2015/11/04 11:38:24.608] (INFO) Rolling 1 log file(s)...
[2015/11/04 11:38:24.608] (INFO) Supervisor has entered RESTARTING state.
[2015/11/04 11:38:24.608] (INFO) Backed up all server logs.
[2015/11/04 11:38:24.608] (WARN) Master took 700 ms to respond (threshold=500 ms)
[2015/11/04 11:38:24.608] (INFO) Flushed 72 buffers to disk.
[2015/11/04 11:38:24.608] (INFO) Your mother called. She says you never call her.
[2015/11/04 11:38:24.608] (INFO) Supervisor has entered RESTARTING state.
[2015/11/04 11:38:24.608] (INFO) Sending SIGTERM to 4 excess workers.
[2015/11/04 11:38:24.608] (INFO) User "swq2556" logged out due to inactivity (timeout=30 minutes).
[2015/11/04 11:38:24.608] (WARN) CPU temperature exceeds 40º Celsius.
[2015/11/04 11:38:24.608] (WARN) Dropped 13,868 corrupt data packets.
[2015/11/04 11:38:24.608] (INFO) Waiting for master process (PID 37107) to die.
[2015/11/04 11:38:24.608] (ERROR) CPU temperature exceeds 50º Celsius. Shutting down.
[2015/11/04 11:38:24.608] (INFO) Checkpointing off-heap server memory...
[2015/11/04 11:38:24.608] (WARN) Possible cyber-attack from Russia.
[2015/11/04 11:38:24.608] (INFO) User "anf1498" logged out.
[2015/11/04 11:38:24.608] (INFO) Checked file systems for errors: All filesystems OK.
[2015/11/04 11:38:24.608] (INFO) Alien monitor (aliend): Detected no space aliens.
[2015/11/04 11:38:24.608] (INFO) Supervisor has entered SUSPENDED state.
[2015/11/04 11:38:24.608] (INFO) Network heartbeat check: All OK.
[2015/11/04 11:38:24.608] (INFO) Supervisor has entered SUSPENDED state.
[2015/11/04 11:38:24.608] (INFO) User "jpj6271" logged out.
[2015/11/04 11:38:24.608] (INFO) Device 0x40be is online.
[2015/11/04 11:38:24.608] (ERROR) Failed to open "/mnt/fileserver01/xdIsb83174.csv": NFS timeout.
[2015/11/04 11:38:24.608] (INFO) Network heartbeat check: All OK.
[2015/11/04 11:38:24.608] (INFO) Flushed 79 buffers to disk.
[2015/11/04 11:38:24.608] (INFO) Alien monitor (aliend): Detected no space aliens.
[2015/11/04 11:38:24.608] (INFO) Backed up all server logs.
[2015/11/04 11:38:24.608] (INFO) User "ubo1306" logged out due to inactivity (timeout=30 minutes).
[2015/11/04 11:38:25.108] (INFO) Rolling 8 log file(s)...
[2015/11/04 11:38:25.108] (INFO) Device 0x9c55 is online.
[2015/11/04 11:38:25.108] (INFO) Checked file systems for errors: All filesystems OK.
[2015/11/04 11:38:25.108] (INFO) User "efc6359" logged out.
[2015/11/04 11:38:25.108] (INFO) Network heartbeat check: All OK.
[2015/11/04 11:38:25.108] (WARN) Network heartbeat check: 16 server(s) did not respond.
[2015/11/04 11:38:25.108] (ERROR) "/var/data/njxXw69026.tar.gz": No such file or directory (ENOENT)
[2015/11/04 11:38:25.108] (INFO) Rolling 7 log file(s)...
[2015/11/04 11:38:25.108] (INFO) Waiting for monitor process (PID 39935) to die.
[2015/11/04 11:38:25.108] (ERROR) Alien monitor (aliend): 3 space aliens are fiddling with the hardware!
[2015/11/04 11:38:25.108] (INFO) Waiting for worker process (PID 27495) to die.
[2015/11/04 11:38:25.108] (INFO) Pinging watchdog timer process: Process is alive.
[2015/11/04 11:38:25.108] (INFO) Backed up all server logs.
[2015/11/04 11:38:25.108] (INFO) Flushed 37 buffers to disk.
[2015/11/04 11:38:25.108] (INFO) Checkpointing off-heap server memory...
[2015/11/04 11:38:25.108] (INFO) User "sun8128" logged out.
[2015/11/04 11:38:25.108] (INFO) .evian ylbirret si emehcs otpyrc ym neht ,siht daer nac uoy fI
[2015/11/04 11:38:25.108] (INFO) Checkpointing off-heap server memory...
[2015/11/04 11:38:25.108] (INFO) User "vbo1684" logged out.
[2015/11/04 11:38:25.108] (INFO) Backed up all server logs.
[2015/11/04 11:38:25.108] (INFO) Sending SIGTERM to 2 excess workers.
[2015/11/04 11:38:25.108] (INFO) Network heartbeat check: All OK.
[2015/11/04 11:38:25.108] (INFO) Waiting for supervisor process (PID 6070) to die.
[2015/11/04 11:38:25.108] (ERROR) Unable to authenticate user "jtu9572": LDAP server isn't responding.
[2015/11/04 11:38:25.108] (INFO) Device 0x8de1 is online.
[2015/11/04 11:38:25.108] (INFO) Alien monitor (aliend): Detected no space aliens.
[2015/11/04 11:38:25.108] (INFO) Network heartbeat check: All OK.
[2015/11/04 11:38:25.108] (INFO) User "kcd8654" logged out due to inactivity (timeout=30 minutes).
[2015/11/04 11:38:25.108] (INFO) User "tec8380" logged out.
[2015/11/04 11:38:25.108] (INFO) Supervisor has entered SUSPENDED state.
[2015/11/04 11:38:25.108] (ERROR) One of the flayrods has gone out askew on treadle.
[2015/11/04 11:38:25.108] (WARN) Dropped 19,915 corrupt data packets.
[2015/11/04 11:38:25.108] (WARN) Dropped 19,095 corrupt data packets.
[2015/11/04 11:38:25.108] (INFO) Device 0xf37f is online.
[2015/11/04 11:38:25.108] (INFO) Flushed 94 buffers to disk.
[2015/11/04 11:38:25.108] (INFO) Waiting for monitor process (PID 56108) to die.
[2015/11/04 11:38:25.108] (INFO) User "mro9435" logged out due to inactivity (timeout=30 minutes).
[2015/11/04 11:38:25.108] (INFO) Supervisor has entered RUNNING state.
[2015/11/04 11:38:25.108] (INFO) .evian ylbirret si emehcs otpyrc ym neht ,siht daer nac uoy fI
[2015/11/04 11:38:25.108] (INFO) Rolling 4 log file(s)...
[2015/11/04 11:38:25.108] (WARN) Backup server 192.168.101.173 is offline.
[2015/11/04 11:38:25.108] (ERROR) Device 0x073a is offline
[2015/11/04 11:38:25.108] (INFO) User "hib1350" logged out.
[2015/11/04 11:38:25.108] (ERROR) Failed to open "/mnt/fileserver01/fwnLW51507.xslx": NFS timeout.
[2015/11/04 11:38:25.108] (ERROR) User "uvi7251" failed to log in 3 times. Disabling account.
[2015/11/04 11:38:25.108] (INFO) User "ofh4668" logged in from 10.67.97.48.
[2015/11/04 11:38:25.108] (INFO) Your mother called. She says you never call her.
[2015/11/04 11:38:25.108] (WARN) Possible cyber-attack from Russia.
[2015/11/04 11:38:25.108] (INFO) Waiting for monitor process (PID 3845) to die.
[2015/11/04 11:38:25.108] (WARN) Network heartbeat check: 6 server(s) did not respond.
[2015/11/04 11:38:25.108] (WARN) CPU temperature exceeds 40º Celsius.
[2015/11/04 11:38:25.108] (INFO) User "uyj3596" logged out due to inactivity (timeout=30 minutes).
[2015/11/04 11:38:25.108] (INFO) User "fpa1722" logged out due to inactivity (timeout=30 minutes).
[2015/11/04 11:38:25.108] (INFO) Alien monitor (aliend): Detected no space aliens.
[2015/11/04 11:38:25.108] (WARN) Backup server 10.164.136.139 is offline.
[2015/11/04 11:38:25.108] (INFO) Checked file systems for errors: All filesystems OK.
[2015/11/04 11:38:25.108] (INFO) Flushed 40 buffers to disk.
[2015/11/04 11:38:25.108] (INFO) User "ejz6783" logged out.
[2015/11/04 11:38:25.108] (ERROR) Blocked Little Bobby Tables attack (https://xkcd.com/327/) from 192.168.200.130.
[2015/11/04 11:38:25.108] (WARN) Space on disk /dev/sdf3 is low: Only 230 MB available.
[2015/11/04 11:38:25.108] (INFO) .evian ylbirret si emehcs otpyrc ym neht ,siht daer nac uoy fI
[2015/11/04 11:38:25.108] (INFO) Rolling 5 log file(s)...
[2015/11/04 11:38:25.108] (INFO) Supervisor has entered RESTARTING state.
[2015/11/04 11:38:25.108] (INFO) Your mother called. She says you never call her.
[2015/11/04 11:38:25.108] (INFO) Alien monitor (aliend): Detected no space aliens.
[2015/11/04 11:38:25.108] (INFO) User "fxi1233" logged out.
[2015/11/04 11:38:25.108] (INFO) Rolling 6 log file(s)...
[2015/11/04 11:38:25.108] (INFO) Network heartbeat check: All OK.
[2015/11/04 11:38:25.108] (INFO) User "bvz8354" logged in from 172.16.8.55.
[2015/11/04 11:38:25.108] (INFO) Waiting for worker process (PID 47027) to die.
[2015/11/04 11:38:25.108] (INFO) Pinging watchdog timer process: Process is alive.
[2015/11/04 11:38:25.108] (WARN) Backup server 192.168.240.249 is offline.
[2015/11/04 11:38:25.108] (INFO) Checked file systems for errors: All filesystems OK.
[2015/11/04 11:38:25.108] (INFO) Rolling 1 log file(s)...
[2015/11/04 11:38:25.108] (ERROR) Unable to authenticate user "axg4443": LDAP server isn't responding.
[2015/11/04 11:38:25.108] (INFO) .evian ylbirret si emehcs otpyrc ym neht ,siht daer nac uoy fI
[2015/11/04 11:38:25.108] (INFO) Your mother called. She says you never call her.
[2015/11/04 11:38:25.108] (INFO) Rolling 1 log file(s)...
[2015/11/04 11:38:25.108] (INFO) Alien monitor (aliend): Detected no space aliens.
[2015/11/04 11:38:25.108] (WARN) Ignoring SIGTERM. It's not that easy to get rid of me.
[2015/11/04 11:38:25.108] (INFO) Supervisor has entered RUNNING state.
[2015/11/04 11:38:25.108] (INFO) Your mother called. She says you never call her.
[2015/11/04 11:38:25.108] (INFO) Backed up all server logs.
[2015/11/04 11:38:25.108] (INFO) Sending SIGTERM to 3 excess workers.
[2015/11/04 11:38:25.108] (INFO) Checkpointing off-heap server memory...
[2015/11/04 11:38:25.108] (INFO) Flushed 46 buffers to disk.
[2015/11/04 11:38:25.108] (INFO) Waiting for master process (PID 25973) to die.
[2015/11/04 11:38:25.108] (INFO) Checkpointing off-heap server memory...
[2015/11/04 11:38:25.108] (INFO) Backed up all server logs.
[2015/11/04 11:38:25.108] (INFO) Supervisor has entered SUSPENDED state.
[2015/11/04 11:38:25.108] (INFO) Checkpointing off-heap server memory...
[2015/11/04 11:38:25.108] (INFO) User "mdg3477" logged in from 10.174.145.103.
[2015/11/04 11:38:25.108] (INFO) Sending SIGTERM to 4 excess workers.
[2015/11/04 11:38:25.108] (INFO) Rolling 1 log file(s)...
[2015/11/04 11:38:25.108] (WARN) Master took 802 ms to respond (threshold=500 ms)
[2015/11/04 11:38:25.108] (INFO) User "sac1456" logged out.
[2015/11/04 11:38:25.108] (INFO) Checkpointing off-heap server memory...
[2015/11/04 11:38:25.108] (INFO) Waiting for monitor process (PID 59295) to die.
[2015/11/04 11:38:25.108] (INFO) User "bwe8544" logged out due to inactivity (timeout=30 minutes).
[2015/11/04 11:38:25.108] (INFO) Checked file systems for errors: All filesystems OK.
[2015/11/04 11:38:25.607] (INFO) Checked file systems for errors: All filesystems OK.
[2015/11/04 11:38:25.607] (INFO) Supervisor has entered RESTARTING state.
[2015/11/04 11:38:25.607] (ERROR) Failed to write checkpoint file "/var/checkpoint/bkhpr52588: No space left on device (ENOSPC)
[2015/11/04 11:38:25.607] (INFO) Device 0x726d is online.
[2015/11/04 11:38:25.607] (INFO) Network heartbeat check: All OK.
[2015/11/04 11:38:25.607] (WARN) Ignoring SIGTERM. It's not that easy to get rid of me.
[2015/11/04 11:38:25.607] (INFO) User "egk9262" logged in from 192.168.143.46.
[2015/11/04 11:38:25.607] (INFO) Pinging watchdog timer process: Process is alive.
[2015/11/04 11:38:25.607] (INFO) User "ken3788" logged in from 172.16.5.63.
[2015/11/04 11:38:25.607] (INFO) Alien monitor (aliend): Detected no space aliens.
[2015/11/04 11:38:25.607] (INFO) Device 0xe838 is online.
[2015/11/04 11:38:25.607] (INFO) Sending SIGTERM to 4 excess workers.
[2015/11/04 11:38:25.607] (INFO) Flushed 57 buffers to disk.
[2015/11/04 11:38:25.607] (WARN) Ignoring SIGTERM. It's not that easy to get rid of me.
[2015/11/04 11:38:25.607] (INFO) Waiting for master process (PID 60917) to die.
[2015/11/04 11:38:25.607] (INFO) Device 0x9777 is online.
[2015/11/04 11:38:25.607] (INFO) Flushed 91 buffers to disk.
[2015/11/04 11:38:25.607] (INFO) Your mother called. She says you never call her.
[2015/11/04 11:38:25.607] (INFO) User "qhz4667" logged in from 172.16.153.144.
[2015/11/04 11:38:25.607] (INFO) Alien monitor (aliend): Detected no space aliens.
[2015/11/04 11:38:25.607] (ERROR) Unable to mount /dev/sdf2. (Time to run fsck?)
[2015/11/04 11:38:25.607] (INFO) Your mother called. She says you never call her.
[2015/11/04 11:38:25.607] (INFO) Device 0x9d2d is online.
[2015/11/04 11:38:25.607] (INFO) Your mother called. She says you never call her.
[2015/11/04 11:38:25.607] (INFO) User "jdl8600" logged out due to inactivity (timeout=30 minutes).
[2015/11/04 11:38:25.607] (INFO) User "gfn9056" logged out.
[2015/11/04 11:38:25.607] (INFO) Alien monitor (aliend): Detected no space aliens.
[2015/11/04 11:38:25.607] (INFO) Rolling 7 log file(s)...
[2015/11/04 11:38:25.607] (INFO) Checkpointing off-heap server memory...
[2015/11/04 11:38:25.607] (ERROR) Failed to open "/mnt/fileserver02/UtwNK53077.xml": NFS timeout.
[2015/11/04 11:38:25.607] (INFO) Rolling 3 log file(s)...
[2015/11/04 11:38:25.607] (INFO) User "xrq1512" logged out due to inactivity (timeout=30 minutes).
[2015/11/04 11:38:25.607] (INFO) Waiting for monitor process (PID 47962) to die.
[2015/11/04 11:38:25.607] (INFO) User "lwx7174" logged in from 172.16.204.155.
[2015/11/04 11:38:25.607] (INFO) Checkpointing off-heap server memory...
[2015/11/04 11:38:25.608] (INFO) Pinging watchdog timer process: Process is alive.
[2015/11/04 11:38:25.608] (INFO) Network heartbeat check: All OK.
[2015/11/04 11:38:25.608] (INFO) Supervisor has entered WAITING state.
[2015/11/04 11:38:25.608] (INFO) Sending SIGTERM to 2 excess workers.
[2015/11/04 11:38:25.608] (INFO) Checked file systems for errors: All filesystems OK.
[2015/11/04 11:38:25.608] (INFO) .evian ylbirret si emehcs otpyrc ym neht ,siht daer nac uoy fI
[2015/11/04 11:38:25.608] (INFO) User "amy3315" logged in from 192.168.72.193.
[2015/11/04 11:38:25.608] (INFO) User "pwr3172" logged out.
[2015/11/04 11:38:25.608] (ERROR) CPU temperature exceeds 50º Celsius. Shutting down.
[2015/11/04 11:38:25.608] (WARN) Watchdog timer crashed. Restarting it.
[2015/11/04 11:38:25.608] (INFO) Checked file systems for errors: All filesystems OK.
[2015/11/04 11:38:25.608] (INFO) .evian ylbirret si emehcs otpyrc ym neht ,siht daer nac uoy fI
[2015/11/04 11:38:25.608] (INFO) Pinging watchdog timer process: Process is alive.
[2015/11/04 11:38:25.608] (INFO) User "jzz6423" logged out due to inactivity (timeout=30 minutes).
[2015/11/04 11:38:25.608] (INFO) Flushed 74 buffers to disk.
[2015/11/04 11:38:25.608] (WARN) Space on disk /dev/sdf4 is low: Only 823 MB available.
[2015/11/04 11:38:25.608] (INFO) User "rcw7540" logged out.
[2015/11/04 11:38:25.608] (INFO) Pinging watchdog timer process: Process is alive.
[2015/11/04 11:38:25.608] (ERROR) User "yel1001" failed to log in 3 times. Disabling account.
[2015/11/04 11:38:25.608] (INFO) Alien monitor (aliend): Detected no space aliens.
[2015/11/04 11:38:25.608] (INFO) .evian ylbirret si emehcs otpyrc ym neht ,siht daer nac uoy fI
[2015/11/04 11:38:25.608] (INFO) Network heartbeat check: All OK.
[2015/11/04 11:38:25.608] (INFO) Your mother called. She says you never call her.
[2015/11/04 11:38:25.608] (INFO) User "smi8648" logged in from 172.16.177.21.
[2015/11/04 11:38:25.608] (INFO) Sending SIGTERM to 2 excess workers.
[2015/11/04 11:38:25.608] (INFO) Waiting for worker process (PID 48756) to die.
[2015/11/04 11:38:25.608] (INFO) Checkpointing off-heap server memory...
[2015/11/04 11:38:25.608] (ERROR) Directory index of "/var/data" is forbidden.
[2015/11/04 11:38:25.608] (INFO) Device 0x3fb2 is online.
[2015/11/04 11:38:25.608] (INFO) Pinging watchdog timer process: Process is alive.
[2015/11/04 11:38:25.608] (INFO) .evian ylbirret si emehcs otpyrc ym neht ,siht daer nac uoy fI
[2015/11/04 11:38:25.608] (INFO) User "pwd9678" logged out.
[2015/11/04 11:38:25.608] (INFO) Supervisor has entered WAITING state.
[2015/11/04 11:38:25.608] (INFO) Checkpointing off-heap server memory...
[2015/11/04 11:38:25.608] (INFO) Supervisor has entered RUNNING state.
[2015/11/04 11:38:25.608] (INFO) Checkpointing off-heap server memory...
[2015/11/04 11:38:25.608] (WARN) Retrying server log checkpoint.
[2015/11/04 11:38:25.608] (INFO) Backed up all server logs.
[2015/11/04 11:38:25.608] (INFO) Rolling 3 log file(s)...
[2015/11/04 11:38:25.608] (INFO) Checked file systems for errors: All filesystems OK.
[2015/11/04 11:38:25.608] (INFO) Checkpointing off-heap server memory...
[2015/11/04 11:38:25.608] (INFO) User "tav1308" logged out due to inactivity (timeout=30 minutes).
[2015/11/04 11:38:25.608] (INFO) .evian ylbirret si emehcs otpyrc ym neht ,siht daer nac uoy fI
[2015/11/04 11:38:25.608] (INFO) Waiting for worker process (PID 56688) to die.
[2015/11/04 11:38:25.608] (ERROR) Detected clock skew! Restarting NTP server.
[2015/11/04 11:38:25.608] (INFO) Device 0x49e0 is online.
[2015/11/04 11:38:25.608] (ERROR) Unable to authenticate user "ljr9095": LDAP server isn't responding.
[2015/11/04 11:38:25.608] (INFO) Sending SIGTERM to 4 excess workers.
[2015/11/04 11:38:25.608] (INFO) Flushed 52 buffers to disk.
[2015/11/04 11:38:25.608] (INFO) Device 0x2ad6 is online.
[2015/11/04 11:38:25.608] (WARN) Ignoring SIGTERM. It's not that easy to get rid of me.
[2015/11/04 11:38:25.608] (INFO) User "tdj3703" logged out due to inactivity (timeout=30 minutes).
[2015/11/04 11:38:25.608] (INFO) Supervisor has entered RUNNING state.
[2015/11/04 11:38:25.608] (INFO) User "zft6779" logged in from 172.16.207.239.
[2015/11/04 11:38:25.608] (INFO) Device 0x76d7 is online.
[2015/11/04 11:38:25.608] (INFO) Pinging watchdog timer process: Process is alive.
[2015/11/04 11:38:25.608] (INFO) User "now8659" logged out due to inactivity (timeout=30 minutes).
[2015/11/04 11:38:25.608] (INFO) Rolling 6 log file(s)...
[2015/11/04 11:38:25.608] (INFO) User "tbr1709" logged out due to inactivity (timeout=30 minutes).
[2015/11/04 11:38:25.608] (INFO) Rolling 8 log file(s)...
[2015/11/04 11:38:25.608] (INFO) Waiting for supervisor process (PID 44320) to die.
[2015/11/04 11:38:25.608] (INFO) Alien monitor (aliend): Detected no space aliens.
[2015/11/04 11:38:25.608] (INFO) Network heartbeat check: All OK.
[2015/11/04 11:38:25.608] (INFO) Supervisor has entered SUSPENDED state.
[2015/11/04 11:38:25.608] (INFO) Checked file systems for errors: All filesystems OK.
[2015/11/04 11:38:26.107] (INFO) Waiting for monitor process (PID 17833) to die.
[2015/11/04 11:38:26.107] (ERROR) Detected incoming DDoS from 172.16.148.225.
[2015/11/04 11:38:26.107] (INFO) User "umn9565" logged in from 10.95.1.120.
[2015/11/04 11:38:26.107] (WARN) Possible cyber-attack from China.
[2015/11/04 11:38:26.107] (INFO) User "srn7768" logged in from 172.16.140.22.
[2015/11/04 11:38:26.107] (INFO) .evian ylbirret si emehcs otpyrc ym neht ,siht daer nac uoy fI
[2015/11/04 11:38:26.107] (INFO) Flushed 65 buffers to disk.
[2015/11/04 11:38:26.107] (WARN) Possible cyber-attack from Canada.
[2015/11/04 11:38:26.107] (ERROR) Blocked nmap traffic originating from 10.249.204.150.
[2015/11/04 11:38:26.107] (WARN) Retrying server log checkpoint.
[2015/11/04 11:38:26.107] (INFO) Flushed 63 buffers to disk.
[2015/11/04 11:38:26.107] (INFO) Checked file systems for errors: All filesystems OK.
[2015/11/04 11:38:26.107] (INFO) Waiting for worker process (PID 59863) to die.
[2015/11/04 11:38:26.107] (INFO) Network heartbeat check: All OK.
[2015/11/04 11:38:26.107] (INFO) Device 0x17e0 is online.
[2015/11/04 11:38:26.107] (WARN) Network heartbeat check: 19 server(s) did not respond.
[2015/11/04 11:38:26.107] (WARN) Dropped 10,563 corrupt data packets.
[2015/11/04 11:38:26.107] (INFO) User "ysj8770" logged out due to inactivity (timeout=30 minutes).
[2015/11/04 11:38:26.107] (INFO) Your mother called. She says you never call her.
[2015/11/04 11:38:26.107] (INFO) Network heartbeat check: All OK.
[2015/11/04 11:38:26.107] (WARN) Master took 858 ms to respond (threshold=500 ms)
[2015/11/04 11:38:26.107] (INFO) Flushed 94 buffers to disk.
[2015/11/04 11:38:26.107] (INFO) Your mother called. She says you never call her.
[2015/11/04 11:38:26.107] (INFO) Network heartbeat check: All OK.
[2015/11/04 11:38:26.107] (INFO) Backed up all server logs.
[2015/11/04 11:38:26.107] (INFO) Alien monitor (aliend): Detected no space aliens.
[2015/11/04 11:38:26.107] (INFO) Alien monitor (aliend): Detected no space aliens.
[2015/11/04 11:38:26.107] (INFO) Sending SIGTERM to 4 excess workers.
[2015/11/04 11:38:26.107] (INFO) User "eoz3211" logged out.
[2015/11/04 11:38:26.107] (WARN) Backup server 192.168.141.63 is offline.
[2015/11/04 11:38:26.107] (INFO) Waiting for supervisor process (PID 46922) to die.
[2015/11/04 11:38:26.107] (INFO) User "hrd6288" logged out due to inactivity (timeout=30 minutes).
[2015/11/04 11:38:26.107] (INFO) Pinging watchdog timer process: Process is alive.
[2015/11/04 11:38:26.107] (ERROR) Network heartbeat check FAILED: Master host down?
[2015/11/04 11:38:26.107] (INFO) Rolling 9 log file(s)...
[2015/11/04 11:38:26.107] (INFO) Checked file systems for errors: All filesystems OK.
[2015/11/04 11:38:26.107] (INFO) Supervisor has entered RUNNING state.
[2015/11/04 11:38:26.107] (INFO) .evian ylbirret si emehcs otpyrc ym neht ,siht daer nac uoy fI
[2015/11/04 11:38:26.107] (WARN) CPU temperature exceeds 40º Celsius.
[2015/11/04 11:38:26.107] (INFO) Rolling 5 log file(s)...
[2015/11/04 11:38:26.107] (ERROR) Extra characters at end of line.
[2015/11/04 11:38:26.107] (INFO) Supervisor has entered RUNNING state.
[2015/11/04 11:38:26.107] (INFO) Checked file systems for errors: All filesystems OK.
[2015/11/04 11:38:26.107] (INFO) Flushed 80 buffers to disk.
[2015/11/04 11:38:26.107] (ERROR) Worker 6 died with SIGTERM. Restarting it.
[2015/11/04 11:38:26.107] (INFO) .evian ylbirret si emehcs otpyrc ym neht ,siht daer nac uoy fI
[2015/11/04 11:38:26.107] (INFO) Your mother called. She says you never call her.
[2015/11/04 11:38:26.107] (INFO) .evian ylbirret si emehcs otpyrc ym neht ,siht daer nac uoy fI
[2015/11/04 11:38:26.107] (INFO) Checkpointing off-heap server memory...
[2015/11/04 11:38:26.107] (INFO) Checkpointing off-heap server memory...
[2015/11/04 11:38:26.107] (INFO) User "sdo8639" logged out.
[2015/11/04 11:38:26.107] (INFO) Alien monitor (aliend): Detected no space aliens.
[2015/11/04 11:38:26.107] (INFO) Waiting for monitor process (PID 21095) to die.
[2015/11/04 11:38:26.107] (ERROR) User "rpm3179" failed to log in 3 times. Disabling account.
[2015/11/04 11:38:26.107] (INFO) User "pzn3292" logged out.
[2015/11/04 11:38:26.107] (INFO) User "bow5301" logged out due to inactivity (timeout=30 minutes).
[2015/11/04 11:38:26.107] (ERROR) Failed to open "/mnt/fileserver01/DwYaZ70584.tar.gz": NFS timeout.
[2015/11/04 11:38:26.107] (WARN) Retrying server log checkpoint.
[2015/11/04 11:38:26.107] (INFO) Network heartbeat check: All OK.
[2015/11/04 11:38:26.107] (INFO) Backed up all server logs.
[2015/11/04 11:38:26.107] (INFO) .evian ylbirret si emehcs otpyrc ym neht ,siht daer nac uoy fI
[2015/11/04 11:38:26.107] (INFO) Sending SIGTERM to 4 excess workers.
[2015/11/04 11:38:26.107] (ERROR) Alien monitor (aliend): 3 space aliens are fiddling with the hardware!
[2015/11/04 11:38:26.107] (INFO) Checked file systems for errors: All filesystems OK.
[2015/11/04 11:38:26.107] (INFO) .evian ylbirret si emehcs otpyrc ym neht ,siht daer nac uoy fI
[2015/11/04 11:38:26.107] (INFO) Flushed 53 buffers to disk.
[2015/11/04 11:38:26.107] (ERROR) Connection to 192.168.250.215 terminated unexpectedly. Reconnecting.
[2015/11/04 11:38:26.107] (INFO) Backed up all server logs.
[2015/11/04 11:38:26.107] (INFO) Device 0x2e61 is online.
[2015/11/04 11:38:26.107] (WARN) Possible cyber-attack from Russia.
[2015/11/04 11:38:26.107] (INFO) .evian ylbirret si emehcs otpyrc ym neht ,siht daer nac uoy fI
[2015/11/04 11:38:26.107] (ERROR) Extra characters at end of line.
[2015/11/04 11:38:26.107] (INFO) Backed up all server logs.
[2015/11/04 11:38:26.107] (INFO) .evian ylbirret si emehcs otpyrc ym neht ,siht daer nac uoy fI
[2015/11/04 11:38:26.107] (INFO) Device 0xc936 is online.
[2015/11/04 11:38:26.107] (WARN) Ignoring SIGTERM. It's not that easy to get rid of me.
[2015/11/04 11:38:26.107] (INFO) User "bov6053" logged in from 192.168.181.164.
[2015/11/04 11:38:26.107] (INFO) Checkpointing off-heap server memory...
[2015/11/04 11:38:26.107] (WARN) Backup server 172.16.49.253 is offline.
[2015/11/04 11:38:26.107] (INFO) Sending SIGTERM to 4 excess workers.
[2015/11/04 11:38:26.107] (INFO) Sending SIGTERM to 3 excess workers.
[2015/11/04 11:38:26.107] (INFO) Backed up all server logs.
[2015/11/04 11:38:26.107] (INFO) Pinging watchdog timer process: Process is alive.
[2015/11/04 11:38:26.107] (ERROR) Worker 9 died with SIGBUS. Restarting it.
[2015/11/04 11:38:26.107] (INFO) Checkpointing off-heap server memory...
[2015/11/04 11:38:26.107] (INFO) Checked file systems for errors: All filesystems OK.
[2015/11/04 11:38:26.107] (INFO) User "rkc3884" logged out due to inactivity (timeout=30 minutes).
[2015/11/04 11:38:26.107] (INFO) Supervisor has entered SUSPENDED state.
[2015/11/04 11:38:26.107] (ERROR) Connection to 192.168.142.229 terminated unexpectedly. Reconnecting.
[2015/11/04 11:38:26.107] (ERROR) /dev/lp error: "PC LOAD LETTER"
[2015/11/04 11:38:26.107] (ERROR) Blocked Little Bobby Tables attack (https://xkcd.com/327/) from 192.168.34.153.
[2015/11/04 11:38:26.107] (WARN) There is no such thing as a free lunch.
[2015/11/04 11:38:26.107] (INFO) Your mother called. She says you never call her.
[2015/11/04 11:38:26.107] (INFO) User "opz5933" logged in from 172.16.100.178.
[2015/11/04 11:38:26.107] (INFO) Checked file systems for errors: All filesystems OK.
[2015/11/04 11:38:26.107] (INFO) Device 0x42a9 is online.
[2015/11/04 11:38:26.107] (INFO) Your mother called. She says you never call her.
[2015/11/04 11:38:26.107] (INFO) Alien monitor (aliend): Detected no space aliens.
[2015/11/04 11:38:26.107] (INFO) User "rzv6867" logged out.
[2015/11/04 11:38:26.107] (INFO) Supervisor has entered SUSPENDED state.
[2015/11/04 11:38:26.607] (WARN) Backup server 10.241.170.22 is offline.
[2015/11/04 11:38:26.607] (INFO) Network heartbeat check: All OK.
[2015/11/04 11:38:26.607] (INFO) Device 0x3f3b is online.
[2015/11/04 11:38:26.607] (INFO) Checked file systems for errors: All filesystems OK.
[2015/11/04 11:38:26.607] (INFO) Backed up all server logs.
[2015/11/04 11:38:26.607] (WARN) Master took 579 ms to respond (threshold=500 ms)
[2015/11/04 11:38:26.607] (INFO) Your mother called. She says you never call her.
[2015/11/04 11:38:26.607] (INFO) User "hci3967" logged out.
[2015/11/04 11:38:26.607] (INFO) Checkpointing off-heap server memory...
[2015/11/04 11:38:26.607] (INFO) Backed up all server logs.
[2015/11/04 11:38:26.607] (INFO) Rolling 6 log file(s)...
[2015/11/04 11:38:26.607] (INFO) Pinging watchdog timer process: Process is alive.
[2015/11/04 11:38:26.607] (WARN) Network heartbeat check: 7 server(s) did not respond.
[2015/11/04 11:38:26.607] (INFO) Backed up all server logs.
[2015/11/04 11:38:26.607] (INFO) Pinging watchdog timer process: Process is alive.
[2015/11/04 11:38:26.607] (INFO) User "uia9460" logged out due to inactivity (timeout=30 minutes).
[2015/11/04 11:38:26.607] (INFO) Your mother called. She says you never call her.
[2015/11/04 11:38:26.607] (INFO) Waiting for supervisor process (PID 64298) to die.
[2015/11/04 11:38:26.607] (INFO) Rolling 4 log file(s)...
[2015/11/04 11:38:26.607] (WARN) Backup server 192.168.128.54 is offline.
[2015/11/04 11:38:26.607] (INFO) User "hfq6755" logged out.
[2015/11/04 11:38:26.607] (INFO) Network heartbeat check: All OK.
[2015/11/04 11:38:26.608] (INFO) Your mother called. She says you never call her.
[2015/11/04 11:38:26.608] (INFO) Flushed 64 buffers to disk.
[2015/11/04 11:38:26.608] (ERROR) Blocked BitTorrent traffic originating from 172.16.66.162.
[2015/11/04 11:38:26.608] (WARN) Master took 720 ms to respond (threshold=500 ms)
[2015/11/04 11:38:26.608] (INFO) Waiting for monitor process (PID 10787) to die.
[2015/11/04 11:38:26.608] (INFO) .evian ylbirret si emehcs otpyrc ym neht ,siht daer nac uoy fI
[2015/11/04 11:38:26.608] (INFO) Your mother called. She says you never call her.
[2015/11/04 11:38:26.608] (INFO) Rolling 6 log file(s)...
[2015/11/04 11:38:26.608] (INFO) Pinging watchdog timer process: Process is alive.
[2015/11/04 11:38:26.608] (WARN) Unable to ping supervisor at 172.16.82.104. Retrying.
[2015/11/04 11:38:26.608] (ERROR) "/var/data/oQwQK56216.txt": No such file or directory (ENOENT)
[2015/11/04 11:38:26.608] (INFO) Your mother called. She says you never call her.
[2015/11/04 11:38:26.608] (INFO) Waiting for worker process (PID 44608) to die.
[2015/11/04 11:38:26.608] (INFO) User "wdp6150" logged in from 10.64.190.57.
[2015/11/04 11:38:26.608] (INFO) Checkpointing off-heap server memory...
[2015/11/04 11:38:26.608] (INFO) .evian ylbirret si emehcs otpyrc ym neht ,siht daer nac uoy fI
[2015/11/04 11:38:26.608] (ERROR) User "ave7028" failed to log in 3 times. Disabling account.
[2015/11/04 11:38:26.608] (INFO) Pinging watchdog timer process: Process is alive.
[2015/11/04 11:38:26.608] (INFO) Checkpointing off-heap server memory...
[2015/11/04 11:38:26.608] (INFO) User "kof3940" logged out.
[2015/11/04 11:38:26.608] (INFO) Rolling 9 log file(s)...
[2015/11/04 11:38:26.608] (INFO) Checked file systems for errors: All filesystems OK.
[2015/11/04 11:38:26.608] (INFO) Backed up all server logs.
[2015/11/04 11:38:26.608] (INFO) Rolling 3 log file(s)...
[2015/11/04 11:38:26.608] (INFO) Your mother called. She says you never call her.
[2015/11/04 11:38:26.608] (INFO) Pinging watchdog timer process: Process is alive.
[2015/11/04 11:38:26.608] (ERROR) Unable to mount /dev/sda1. (Time to run fsck?)
[2015/11/04 11:38:26.608] (INFO) Supervisor has entered WAITING state.
[2015/11/04 11:38:26.608] (INFO) User "vbf5974" logged out.
[2015/11/04 11:38:26.608] (INFO) Checkpointing off-heap server memory...
[2015/11/04 11:38:26.608] (INFO) User "est6991" logged out.
[2015/11/04 11:38:26.608] (INFO) Checked file systems for errors: All filesystems OK.
[2015/11/04 11:38:26.608] (INFO) Rolling 6 log file(s)...
[2015/11/04 11:38:26.608] (INFO) Supervisor has entered WAITING state.
[2015/11/04 11:38:26.608] (WARN) Ignoring SIGTERM. It's not that easy to get rid of me.
[2015/11/04 11:38:26.608] (INFO) Checkpointing off-heap server memory...
[2015/11/04 11:38:26.608] (INFO) Network heartbeat check: All OK.
[2015/11/04 11:38:26.608] (WARN) Network heartbeat check: 1 server(s) did not respond.
[2015/11/04 11:38:26.608] (INFO) Alien monitor (aliend): Detected no space aliens.
[2015/11/04 11:38:26.608] (INFO) Device 0xfc61 is online.
[2015/11/04 11:38:26.608] (INFO) Supervisor has entered WAITING state.
[2015/11/04 11:38:26.608] (INFO) Pinging watchdog timer process: Process is alive.
[2015/11/04 11:38:26.608] (INFO) Alien monitor (aliend): Detected no space aliens.
[2015/11/04 11:38:26.608] (INFO) User "mpy4501" logged out due to inactivity (timeout=30 minutes).
[2015/11/04 11:38:26.608] (INFO) Network heartbeat check: All OK.
[2015/11/04 11:38:26.608] (INFO) Waiting for supervisor process (PID 19350) to die.
[2015/11/04 11:38:26.608] (INFO) Sending SIGTERM to 2 excess workers.
[2015/11/04 11:38:26.608] (INFO) Your mother called. She says you never call her.
[2015/11/04 11:38:26.608] (INFO) Checked file systems for errors: All filesystems OK.
[2015/11/04 11:38:26.608] (INFO) Pinging watchdog timer process: Process is alive.
[2015/11/04 11:38:26.608] (INFO) Sending SIGTERM to 3 excess workers.
[2015/11/04 11:38:26.608] (WARN) Space on disk /dev/sde1 is low: Only 727 MB available.
[2015/11/04 11:38:26.608] (INFO) .evian ylbirret si emehcs otpyrc ym neht ,siht daer nac uoy fI
[2015/11/04 11:38:26.608] (INFO) Alien monitor (aliend): Detected no space aliens.
[2015/11/04 11:38:26.608] (ERROR) Network heartbeat check FAILED: Master host down?
[2015/11/04 11:38:26.608] (ERROR) Failed to write checkpoint file "/var/checkpoint/DCsDq67822: No space left on device (ENOSPC)
[2015/11/04 11:38:26.608] (INFO) Supervisor has entered RESTARTING state.
[2015/11/04 11:38:26.608] (INFO) Rolling 2 log file(s)...
[2015/11/04 11:38:26.608] (WARN) Dropped 5,703 corrupt data packets.
[2015/11/04 11:38:26.608] (INFO) Sending SIGTERM to 2 excess workers.
[2015/11/04 11:38:26.608] (INFO) Checkpointing off-heap server memory...
[2015/11/04 11:38:26.608] (INFO) .evian ylbirret si emehcs otpyrc ym neht ,siht daer nac uoy fI
[2015/11/04 11:38:26.608] (INFO) Backed up all server logs.
[2015/11/04 11:38:26.608] (INFO) Network heartbeat check: All OK.
[2015/11/04 11:38:26.608] (INFO) Flushed 22 buffers to disk.
[2015/11/04 11:38:26.608] (ERROR) User "equ6346" failed to log in 3 times. Disabling account.
[2015/11/04 11:38:26.608] (INFO) Sending SIGTERM to 3 excess workers.
[2015/11/04 11:38:26.608] (INFO) Sending SIGTERM to 3 excess workers.
[2015/11/04 11:38:26.608] (INFO) Your mother called. She says you never call her.
[2015/11/04 11:38:26.608] (INFO) User "wow9965" logged out due to inactivity (timeout=30 minutes).
[2015/11/04 11:38:26.608] (ERROR) Unable to write to "/var/data/OChTh58888.xml": Permission denied (EACCES)
[2015/11/04 11:38:26.608] (WARN) Ignoring SIGTERM. It's not that easy to get rid of me.
[2015/11/04 11:38:26.608] (INFO) Supervisor has entered RUNNING state.
[2015/11/04 11:38:26.608] (INFO) Flushed 75 buffers to disk.
[2015/11/04 11:38:26.608] (ERROR) Alien monitor (aliend): 4 space aliens are fiddling with the hardware!
[2015/11/04 11:38:26.608] (WARN) There is no such thing as a free lunch.
[2015/11/04 11:38:26.608] (WARN) Ignoring SIGTERM. It's not that easy to get rid of me.
[2015/11/04 11:38:26.608] (WARN) Possible cyber-attack from Antarctica.
[2015/11/04 11:38:27.107] (INFO) Rolling 3 log file(s)...
[2015/11/04 11:38:27.107] (WARN) Watchdog timer crashed. Restarting it.
[2015/11/04 11:38:27.107] (INFO) Sending SIGTERM to 2 excess workers.
[2015/11/04 11:38:27.107] (WARN) Space on disk /dev/sdd4 is low: Only 452 MB available.
[2015/11/04 11:38:27.107] (INFO) Alien monitor (aliend): Detected no space aliens.
[2015/11/04 11:38:27.107] (INFO) User "uis4547" logged in from 192.168.185.228.
[2015/11/04 11:38:27.107] (INFO) Your mother called. She says you never call her.
[2015/11/04 11:38:27.107] (INFO) Flushed 86 buffers to disk.
[2015/11/04 11:38:27.107] (INFO) Rolling 5 log file(s)...
[2015/11/04 11:38:27.107] (WARN) There is no such thing as a free lunch.
[2015/11/04 11:38:27.107] (WARN) Watchdog timer crashed. Restarting it.
[2015/11/04 11:38:27.107] (INFO) Flushed 38 buffers to disk.
[2015/11/04 11:38:27.107] (INFO) Device 0x7cf4 is online.
[2015/11/04 11:38:27.107] (INFO) Your mother called. She says you never call her.
[2015/11/04 11:38:27.107] (INFO) .evian ylbirret si emehcs otpyrc ym neht ,siht daer nac uoy fI
[2015/11/04 11:38:27.107] (INFO) Flushed 35 buffers to disk.
[2015/11/04 11:38:27.107] (INFO) Alien monitor (aliend): Detected no space aliens.
[2015/11/04 11:38:27.107] (INFO) Sending SIGTERM to 4 excess workers.
[2015/11/04 11:38:27.107] (INFO) Backed up all server logs.
[2015/11/04 11:38:27.107] (INFO) User "cyu1393" logged out.
[2015/11/04 11:38:27.107] (WARN) There is no such thing as a free lunch.
[2015/11/04 11:38:27.107] (INFO) Rolling 5 log file(s)...
[2015/11/04 11:38:27.107] (INFO) User "rtb2119" logged out due to inactivity (timeout=30 minutes).
[2015/11/04 11:38:27.107] (ERROR) Detected incoming DDoS from 172.16.167.230.
[2015/11/04 11:38:27.107] (INFO) Pinging watchdog timer process: Process is alive.
[2015/11/04 11:38:27.107] (INFO) Your mother called. She says you never call her.
[2015/11/04 11:38:27.107] (INFO) Backed up all server logs.
[2015/11/04 11:38:27.107] (INFO) Rolling 7 log file(s)...
[2015/11/04 11:38:27.107] (INFO) Rolling 2 log file(s)...
[2015/11/04 11:38:27.107] (WARN) Unable to ping master at 10.74.85.144. Retrying.
[2015/11/04 11:38:27.107] (INFO) Flushed 94 buffers to disk.
[2015/11/04 11:38:27.107] (INFO) Pinging watchdog timer process: Process is alive.
[2015/11/04 11:38:27.107] (INFO) .evian ylbirret si emehcs otpyrc ym neht ,siht daer nac uoy fI
[2015/11/04 11:38:27.107] (INFO) User "sen5820" logged out.
[2015/11/04 11:38:27.107] (INFO) User "ttu2532" logged out due to inactivity (timeout=30 minutes).
[2015/11/04 11:38:27.107] (INFO) Sending SIGTERM to 4 excess workers.
[2015/11/04 11:38:27.107] (ERROR) Extra characters at end of line.
[2015/11/04 11:38:27.107] (INFO) Waiting for worker process (PID 26812) to die.
[2015/11/04 11:38:27.107] (INFO) Alien monitor (aliend): Detected no space aliens.
[2015/11/04 11:38:27.107] (INFO) Sending SIGTERM to 3 excess workers.
[2015/11/04 11:38:27.107] (INFO) Flushed 78 buffers to disk.
[2015/11/04 11:38:27.107] (INFO) Network heartbeat check: All OK.
[2015/11/04 11:38:27.107] (INFO) User "jvh2295" logged in from 172.16.115.152.
[2015/11/04 11:38:27.107] (INFO) Device 0xd040 is online.
[2015/11/04 11:38:27.107] (INFO) Supervisor has entered WAITING state.
[2015/11/04 11:38:27.107] (INFO) Sending SIGTERM to 2 excess workers.
[2015/11/04 11:38:27.107] (INFO) Checked file systems for errors: All filesystems OK.
[2015/11/04 11:38:27.107] (WARN) Possible cyber-attack from a small unnamed island.
[2015/11/04 11:38:27.107] (INFO) Supervisor has entered WAITING state.
[2015/11/04 11:38:27.107] (INFO) Alien monitor (aliend): Detected no space aliens.
[2015/11/04 11:38:27.107] (INFO) Rolling 2 log file(s)...
[2015/11/04 11:38:27.107] (INFO) Device 0x1105 is online.
[2015/11/04 11:38:27.107] (WARN) Network heartbeat check: 8 server(s) did not respond.
[2015/11/04 11:38:27.107] (INFO) Waiting for master process (PID 43927) to die.
[2015/11/04 11:38:27.107] (WARN) Backup server 192.168.51.223 is offline.
[2015/11/04 11:38:27.107] (INFO) Alien monitor (aliend): Detected no space aliens.
[2015/11/04 11:38:27.107] (INFO) Alien monitor (aliend): Detected no space aliens.
[2015/11/04 11:38:27.107] (INFO) Waiting for worker process (PID 31600) to die.
[2015/11/04 11:38:27.107] (INFO) Supervisor has entered RESTARTING state.
[2015/11/04 11:38:27.107] (WARN) There is no such thing as a free lunch.
[2015/11/04 11:38:27.107] (INFO) User "ijf3849" logged out due to inactivity (timeout=30 minutes).
[2015/11/04 11:38:27.107] (INFO) Supervisor has entered RUNNING state.
[2015/11/04 11:38:27.107] (INFO) Sending SIGTERM to 4 excess workers.
[2015/11/04 11:38:27.107] (INFO) User "hwx5517" logged out.
[2015/11/04 11:38:27.107] (WARN) Unable to ping supervisor at 192.168.234.4. Retrying.
[2015/11/04 11:38:27.107] (INFO) Backed up all server logs.
[2015/11/04 11:38:27.107] (INFO) Waiting for master process (PID 9208) to die.
[2015/11/04 11:38:27.107] (ERROR) CPU temperature exceeds 50º Celsius. Shutting down.
[2015/11/04 11:38:27.107] (INFO) Device 0x7a4f is online.
[2015/11/04 11:38:27.107] (INFO) Checkpointing off-heap server memory...
[2015/11/04 11:38:27.107] (ERROR) Alien monitor (aliend): 4 space aliens are fiddling with the hardware!
[2015/11/04 11:38:27.107] (INFO) Rolling 2 log file(s)...
[2015/11/04 11:38:27.107] (INFO) Backed up all server logs.
[2015/11/04 11:38:27.107] (ERROR) Failed to write checkpoint file "/var/checkpoint/MuYAq75902: No space left on device (ENOSPC)
[2015/11/04 11:38:27.107] (ERROR) "/var/data/gWdnq63570.txt": Permission denied (EACCES)
[2015/11/04 11:38:27.107] (INFO) Pinging watchdog timer process: Process is alive.
[2015/11/04 11:38:27.107] (ERROR) One of the flayrods has gone out askew on treadle.
[2015/11/04 11:38:27.107] (INFO) User "nfu9843" logged out.
[2015/11/04 11:38:27.107] (INFO) User "hfy5270" logged out due to inactivity (timeout=30 minutes).
[2015/11/04 11:38:27.107] (INFO) Network heartbeat check: All OK.
[2015/11/04 11:38:27.107] (INFO) .evian ylbirret si emehcs otpyrc ym neht ,siht daer nac uoy fI
[2015/11/04 11:38:27.107] (WARN) Backup server 10.4.176.207 is offline.
[2015/11/04 11:38:27.107] (INFO) Device 0x3216 is online.
[2015/11/04 11:38:27.107] (INFO) Checkpointing off-heap server memory...
[2015/11/04 11:38:27.107] (INFO) Sending SIGTERM to 2 excess workers.
[2015/11/04 11:38:27.107] (INFO) Waiting for worker process (PID 11373) to die.
[2015/11/04 11:38:27.107] (INFO) User "yiv6018" logged out.
[2015/11/04 11:38:27.107] (INFO) Your mother called. She says you never call her.
[2015/11/04 11:38:27.107] (INFO) Checked file systems for errors: All filesystems OK.
[2015/11/04 11:38:27.107] (INFO) Waiting for worker process (PID 31003) to die.
[2015/11/04 11:38:27.107] (INFO) User "epw2763" logged out.
[2015/11/04 11:38:27.107] (WARN) Retrying server log checkpoint.
[2015/11/04 11:38:27.107] (INFO) .evian ylbirret si emehcs otpyrc ym neht ,siht daer nac uoy fI
[2015/11/04 11:38:27.107] (INFO) Your mother called. She says you never call her.
[2015/11/04 11:38:27.107] (INFO) Device 0x6650 is online.
[2015/11/04 11:38:27.107] (INFO) .evian ylbirret si emehcs otpyrc ym neht ,siht daer nac uoy fI
[2015/11/04 11:38:27.107] (INFO) User "pol1407" logged in from 192.168.44.193.
[2015/11/04 11:38:27.107] (ERROR) Blocked SSH traffic originating from 10.7.27.175.
[2015/11/04 11:38:27.107] (INFO) User "pel2080" logged in from 192.168.121.163.
[2015/11/04 11:38:27.107] (WARN) Watchdog timer crashed. Restarting it.
[2015/11/04 11:38:27.608] (WARN) Ignoring SIGTERM. It's not that easy to get rid of me.
[2015/11/04 11:38:27.608] (INFO) Rolling 7 log file(s)...
[2015/11/04 11:38:27.608] (INFO) .evian ylbirret si emehcs otpyrc ym neht ,siht daer nac uoy fI
[2015/11/04 11:38:27.608] (INFO) Supervisor has entered WAITING state.
[2015/11/04 11:38:27.608] (INFO) Backed up all server logs.
[2015/11/04 11:38:27.608] (WARN) Watchdog timer crashed. Restarting it.
[2015/11/04 11:38:27.608] (INFO) Waiting for supervisor process (PID 63887) to die.
[2015/11/04 11:38:27.608] (INFO) .evian ylbirret si emehcs otpyrc ym neht ,siht daer nac uoy fI
[2015/11/04 11:38:27.608] (WARN) Dropped 19,818 corrupt data packets.
[2015/11/04 11:38:27.608] (INFO) Flushed 86 buffers to disk.
[2015/11/04 11:38:27.608] (WARN) Possible cyber-attack from Alpha Centauri.
[2015/11/04 11:38:27.608] (INFO) Alien monitor (aliend): Detected no space aliens.
[2015/11/04 11:38:27.608] (INFO) Network heartbeat check: All OK.
[2015/11/04 11:38:27.608] (INFO) Sending SIGTERM to 4 excess workers.
[2015/11/04 11:38:27.608] (INFO) Backed up all server logs.
[2015/11/04 11:38:27.608] (INFO) Rolling 4 log file(s)...
[2015/11/04 11:38:27.608] (INFO) User "gll9633" logged in from 192.168.135.197.
[2015/11/04 11:38:27.608] (INFO) Checkpointing off-heap server memory...
[2015/11/04 11:38:27.608] (INFO) Rolling 4 log file(s)...
[2015/11/04 11:38:27.608] (INFO) .evian ylbirret si emehcs otpyrc ym neht ,siht daer nac uoy fI
[2015/11/04 11:38:27.608] (INFO) User "tnw5313" logged out due to inactivity (timeout=30 minutes).
[2015/11/04 11:38:27.608] (INFO) Device 0x6881 is online.
[2015/11/04 11:38:27.608] (ERROR) Failed to write checkpoint file "/var/checkpoint/LlcvT91116: No space left on device (ENOSPC)
[2015/11/04 11:38:27.608] (INFO) Sending SIGTERM to 3 excess workers.
[2015/11/04 11:38:27.608] (INFO) Pinging watchdog timer process: Process is alive.
[2015/11/04 11:38:27.608] (INFO) Rolling 9 log file(s)...
[2015/11/04 11:38:27.608] (INFO) Pinging watchdog timer process: Process is alive.
[2015/11/04 11:38:27.608] (INFO) Sending SIGTERM to 3 excess workers.
[2015/11/04 11:38:27.608] (INFO) User "ylg2424" logged in from 10.62.43.190.
[2015/11/04 11:38:27.608] (INFO) Flushed 36 buffers to disk.
[2015/11/04 11:38:27.608] (INFO) Backed up all server logs.
[2015/11/04 11:38:27.608] (INFO) Device 0x8796 is online.
[2015/11/04 11:38:27.608] (INFO) Your mother called. She says you never call her.
[2015/11/04 11:38:27.608] (ERROR) Worker 5 died with SIGSEGV. Restarting it.
[2015/11/04 11:38:27.608] (INFO) Backed up all server logs.
[2015/11/04 11:38:27.608] (INFO) Supervisor has entered WAITING state.
[2015/11/04 11:38:27.608] (WARN) Backup server 192.168.49.63 is offline.
[2015/11/04 11:38:27.608] (WARN) Backup server 172.16.54.168 is offline.
[2015/11/04 11:38:27.608] (INFO) Your mother called. She says you never call her.
[2015/11/04 11:38:27.608] (INFO) Flushed 57 buffers to disk.
[2015/11/04 11:38:27.608] (ERROR) Failed to write checkpoint file "/var/checkpoint/khcuk64472: No space left on device (ENOSPC)
[2015/11/04 11:38:27.608] (INFO) Checked file systems for errors: All filesystems OK.
[2015/11/04 11:38:27.608] (ERROR) Blocked BitTorrent traffic originating from 172.16.89.90.
[2015/11/04 11:38:27.608] (INFO) User "ynw7685" logged out due to inactivity (timeout=30 minutes).
[2015/11/04 11:38:27.608] (INFO) Sending SIGTERM to 4 excess workers.
[2015/11/04 11:38:27.608] (INFO) Rolling 3 log file(s)...
[2015/11/04 11:38:27.608] (INFO) User "kob8415" logged out due to inactivity (timeout=30 minutes).
[2015/11/04 11:38:27.608] (INFO) Checked file systems for errors: All filesystems OK.
[2015/11/04 11:38:27.608] (WARN) CPU temperature exceeds 40º Celsius.
[2015/11/04 11:38:27.608] (ERROR) Network heartbeat check FAILED: Master host down?
[2015/11/04 11:38:27.608] (INFO) Waiting for supervisor process (PID 7932) to die.
[2015/11/04 11:38:27.608] (INFO) Alien monitor (aliend): Detected no space aliens.
[2015/11/04 11:38:27.608] (INFO) .evian ylbirret si emehcs otpyrc ym neht ,siht daer nac uoy fI
[2015/11/04 11:38:27.608] (INFO) Your mother called. She says you never call her.
[2015/11/04 11:38:27.608] (ERROR) Blocked SSH traffic originating from 172.16.9.185.
[2015/11/04 11:38:27.608] (INFO) Flushed 22 buffers to disk.
[2015/11/04 11:38:27.608] (ERROR) Device 0xbd1b is offline
[2015/11/04 11:38:27.608] (INFO) Device 0xb3e6 is online.
[2015/11/04 11:38:27.608] (INFO) .evian ylbirret si emehcs otpyrc ym neht ,siht daer nac uoy fI
[2015/11/04 11:38:27.608] (WARN) Unable to ping supervisor at 172.16.54.58. Retrying.
[2015/11/04 11:38:27.608] (INFO) User "odu3678" logged in from 192.168.64.103.
[2015/11/04 11:38:27.608] (INFO) Supervisor has entered WAITING state.
[2015/11/04 11:38:27.608] (INFO) Supervisor has entered RUNNING state.
[2015/11/04 11:38:27.608] (INFO) Backed up all server logs.
[2015/11/04 11:38:27.608] (INFO) Checkpointing off-heap server memory...
[2015/11/04 11:38:27.608] (INFO) Supervisor has entered SUSPENDED state.
[2015/11/04 11:38:27.608] (INFO) Checkpointing off-heap server memory...
[2015/11/04 11:38:27.608] (ERROR) Failed to write checkpoint file "/var/checkpoint/bjRZV72690: No space left on device (ENOSPC)
[2015/11/04 11:38:27.608] (ERROR) Blocked SMTP traffic originating from 10.153.119.63.
[2015/11/04 11:38:27.608] (INFO) Flushed 78 buffers to disk.
[2015/11/04 11:38:27.608] (INFO) Pinging watchdog timer process: Process is alive.
[2015/11/04 11:38:27.608] (INFO) Checkpointing off-heap server memory...
[2015/11/04 11:38:27.608] (INFO) User "ogr1263" logged out due to inactivity (timeout=30 minutes).
[2015/11/04 11:38:27.608] (WARN) CPU temperature exceeds 40º Celsius.
[2015/11/04 11:38:27.608] (INFO) User "ikk6789" logged out.
[2015/11/04 11:38:27.608] (INFO) Alien monitor (aliend): Detected no space aliens.
[2015/11/04 11:38:27.608] (INFO) Sending SIGTERM to 2 excess workers.
[2015/11/04 11:38:27.608] (INFO) Supervisor has entered RESTARTING state.
[2015/11/04 11:38:27.608] (INFO) Alien monitor (aliend): Detected no space aliens.
[2015/11/04 11:38:27.608] (INFO) .evian ylbirret si emehcs otpyrc ym neht ,siht daer nac uoy fI
[2015/11/04 11:38:27.608] (ERROR) Unable to mount /dev/sdb3. (Time to run fsck?)
[2015/11/04 11:38:27.608] (INFO) Waiting for supervisor process (PID 59548) to die.
[2015/11/04 11:38:27.608] (INFO) Pinging watchdog timer process: Process is alive.
[2015/11/04 11:38:27.608] (INFO) Pinging watchdog timer process: Process is alive.
[2015/11/04 11:38:27.608] (WARN) Dropped 1,126 corrupt data packets.
[2015/11/04 11:38:27.608] (INFO) Alien monitor (aliend): Detected no space aliens.
[2015/11/04 11:38:27.608] (INFO) Supervisor has entered WAITING state.
[2015/11/04 11:38:27.608] (INFO) Flushed 79 buffers to disk.
[2015/11/04 11:38:27.608] (ERROR) Failed to open "/mnt/fileserver01/ddwRZ81381.parquet": NFS timeout.
[2015/11/04 11:38:27.608] (INFO) Checked file systems for errors: All filesystems OK.
[2015/11/04 11:38:27.608] (INFO) User "qkl6550" logged out.
[2015/11/04 11:38:27.608] (INFO) Alien monitor (aliend): Detected no space aliens.
[2015/11/04 11:38:27.608] (INFO) Sending SIGTERM to 2 excess workers.
[2015/11/04 11:38:27.608] (WARN) Backup server 192.168.66.100 is offline.
[2015/11/04 11:38:27.608] (INFO) Flushed 93 buffers to disk.
[2015/11/04 11:38:27.608] (INFO) Alien monitor (aliend): Detected no space aliens.
[2015/11/04 11:38:27.608] (INFO) Checked file systems for errors: All filesystems OK.
[2015/11/04 11:38:27.608] (INFO) Your mother called. She says you never call her.
[2015/11/04 11:38:27.608] (INFO) Backed up all server logs.
[2015/11/04 11:38:27.608] (INFO) Flushed 85 buffers to disk.
[2015/11/04 11:38:28.107] (INFO) .evian ylbirret si emehcs otpyrc ym neht ,siht daer nac uoy fI
[2015/11/04 11:38:28.107] (INFO) Alien monitor (aliend): Detected no space aliens.
[2015/11/04 11:38:28.107] (WARN) CPU temperature exceeds 40º Celsius.
[2015/11/04 11:38:28.107] (INFO) Flushed 37 buffers to disk.
[2015/11/04 11:38:28.107] (INFO) User "omb3986" logged out.
[2015/11/04 11:38:28.107] (INFO) Checked file systems for errors: All filesystems OK.
[2015/11/04 11:38:28.107] (INFO) User "hhd3702" logged out due to inactivity (timeout=30 minutes).
[2015/11/04 11:38:28.107] (INFO) Flushed 37 buffers to disk.
[2015/11/04 11:38:28.107] (INFO) Flushed 72 buffers to disk.
[2015/11/04 11:38:28.107] (INFO) Rolling 6 log file(s)...
[2015/11/04 11:38:28.107] (WARN) Dropped 17,848 corrupt data packets.
[2015/11/04 11:38:28.107] (INFO) Sending SIGTERM to 2 excess workers.
[2015/11/04 11:38:28.107] (INFO) Checkpointing off-heap server memory...
[2015/11/04 11:38:28.107] (WARN) Unable to ping monitor at 10.25.107.196. Retrying.
[2015/11/04 11:38:28.107] (INFO) Network heartbeat check: All OK.
[2015/11/04 11:38:28.107] (INFO) .evian ylbirret si emehcs otpyrc ym neht ,siht daer nac uoy fI
[2015/11/04 11:38:28.107] (INFO) Checkpointing off-heap server memory...
[2015/11/04 11:38:28.107] (ERROR) "/var/data/Bbsby56817.txt": Permission denied (EACCES)
[2015/11/04 11:38:28.107] (ERROR) EFOODFAIL (Waiter, there's a fly in my soup).
[2015/11/04 11:38:28.107] (INFO) Sending SIGTERM to 2 excess workers.
[2015/11/04 11:38:28.107] (INFO) User "wny9722" logged out.
[2015/11/04 11:38:28.107] (INFO) User "abi8101" logged out.
[2015/11/04 11:38:28.107] (ERROR) "/var/data/ESqly51503.csv": Permission denied (EACCES)
[2015/11/04 11:38:28.107] (ERROR) Blocked Little Bobby Tables attack (https://xkcd.com/327/) from 192.168.252.210.
[2015/11/04 11:38:28.107] (INFO) Checkpointing off-heap server memory...
[2015/11/04 11:38:28.107] (INFO) Alien monitor (aliend): Detected no space aliens.
[2015/11/04 11:38:28.107] (INFO) Your mother called. She says you never call her.
[2015/11/04 11:38:28.107] (INFO) Waiting for worker process (PID 2157) to die.
[2015/11/04 11:38:28.107] (INFO) Waiting for master process (PID 42425) to die.
[2015/11/04 11:38:28.107] (INFO) .evian ylbirret si emehcs otpyrc ym neht ,siht daer nac uoy fI
[2015/11/04 11:38:28.107] (INFO) Supervisor has entered RESTARTING state.
[2015/11/04 11:38:28.107] (INFO) Waiting for monitor process (PID 48100) to die.
[2015/11/04 11:38:28.107] (INFO) Flushed 86 buffers to disk.
[2015/11/04 11:38:28.107] (INFO) Checkpointing off-heap server memory...
[2015/11/04 11:38:28.107] (INFO) Waiting for monitor process (PID 37994) to die.
[2015/11/04 11:38:28.107] (INFO) Waiting for monitor process (PID 11815) to die.
[2015/11/04 11:38:28.107] (ERROR) "/var/data/uejEm55417.xml": Permission denied (EACCES)
[2015/11/04 11:38:28.107] (INFO) Backed up all server logs.
[2015/11/04 11:38:28.107] (INFO) Supervisor has entered RESTARTING state.
[2015/11/04 11:38:28.107] (INFO) Checkpointing off-heap server memory...
[2015/11/04 11:38:28.107] (INFO) Flushed 83 buffers to disk.
[2015/11/04 11:38:28.107] (INFO) Checked file systems for errors: All filesystems OK.
[2015/11/04 11:38:28.107] (INFO) Network heartbeat check: All OK.
[2015/11/04 11:38:28.107] (WARN) There is no such thing as a free lunch.
[2015/11/04 11:38:28.107] (WARN) Master took 892 ms to respond (threshold=500 ms)
[2015/11/04 11:38:28.107] (INFO) Rolling 3 log file(s)...
[2015/11/04 11:38:28.107] (INFO) User "aer9146" logged out due to inactivity (timeout=30 minutes).
[2015/11/04 11:38:28.107] (WARN) Master took 752 ms to respond (threshold=500 ms)
[2015/11/04 11:38:28.107] (INFO) Pinging watchdog timer process: Process is alive.
[2015/11/04 11:38:28.107] (INFO) User "veb2452" logged out due to inactivity (timeout=30 minutes).
[2015/11/04 11:38:28.107] (INFO) Alien monitor (aliend): Detected no space aliens.
[2015/11/04 11:38:28.107] (INFO) Your mother called. She says you never call her.
[2015/11/04 11:38:28.107] (INFO) Network heartbeat check: All OK.
[2015/11/04 11:38:28.107] (INFO) Sending SIGTERM to 4 excess workers.
[2015/11/04 11:38:28.107] (INFO) Flushed 41 buffers to disk.
[2015/11/04 11:38:28.107] (INFO) Checkpointing off-heap server memory...
[2015/11/04 11:38:28.107] (INFO) Your mother called. She says you never call her.
[2015/11/04 11:38:28.107] (INFO) Waiting for monitor process (PID 47651) to die.
[2015/11/04 11:38:28.107] (INFO) Waiting for monitor process (PID 52169) to die.
[2015/11/04 11:38:28.107] (INFO) Flushed 64 buffers to disk.
[2015/11/04 11:38:28.107] (INFO) Pinging watchdog timer process: Process is alive.
[2015/11/04 11:38:28.107] (INFO) Backed up all server logs.
[2015/11/04 11:38:28.107] (ERROR) Detected incoming DDoS from 10.22.9.2.
[2015/11/04 11:38:28.107] (INFO) Rolling 7 log file(s)...
[2015/11/04 11:38:28.107] (WARN) Retrying server log checkpoint.
[2015/11/04 11:38:28.107] (INFO) Network heartbeat check: All OK.
[2015/11/04 11:38:28.107] (INFO) Alien monitor (aliend): Detected no space aliens.
[2015/11/04 11:38:28.107] (INFO) Checkpointing off-heap server memory...
[2015/11/04 11:38:28.107] (INFO) Backed up all server logs.
[2015/11/04 11:38:28.107] (INFO) Checkpointing off-heap server memory...
[2015/11/04 11:38:28.107] (INFO) .evian ylbirret si emehcs otpyrc ym neht ,siht daer nac uoy fI
[2015/11/04 11:38:28.107] (INFO) User "nye2734" logged out.
[2015/11/04 11:38:28.107] (INFO) Supervisor has entered RUNNING state.
[2015/11/04 11:38:28.107] (INFO) Flushed 60 buffers to disk.
[2015/11/04 11:38:28.107] (INFO) Checked file systems for errors: All filesystems OK.
[2015/11/04 11:38:28.107] (INFO) Waiting for supervisor process (PID 46261) to die.
[2015/11/04 11:38:28.107] (INFO) Sending SIGTERM to 4 excess workers.
[2015/11/04 11:38:28.107] (ERROR) Blocked Little Bobby Tables attack (https://xkcd.com/327/) from 172.16.135.125.
[2015/11/04 11:38:28.107] (INFO) Sending SIGTERM to 2 excess workers.
[2015/11/04 11:38:28.107] (INFO) Checkpointing off-heap server memory...
[2015/11/04 11:38:28.107] (INFO) Your mother called. She says you never call her.
[2015/11/04 11:38:28.107] (INFO) User "vai1476" logged out.
[2015/11/04 11:38:28.107] (INFO) Rolling 6 log file(s)...
[2015/11/04 11:38:28.107] (INFO) Checkpointing off-heap server memory...
[2015/11/04 11:38:28.107] (INFO) Flushed 87 buffers to disk.
[2015/11/04 11:38:28.107] (INFO) Checkpointing off-heap server memory...
[2015/11/04 11:38:28.107] (INFO) Your mother called. She says you never call her.
[2015/11/04 11:38:28.107] (INFO) Your mother called. She says you never call her.
[2015/11/04 11:38:28.107] (INFO) Flushed 56 buffers to disk.
[2015/11/04 11:38:28.107] (ERROR) Server log backup FAILED. See backup logs.
[2015/11/04 11:38:28.107] (INFO) Network heartbeat check: All OK.
[2015/11/04 11:38:28.107] (INFO) Device 0x4ca8 is online.
[2015/11/04 11:38:28.107] (INFO) User "lcw7343" logged in from 172.16.101.203.
[2015/11/04 11:38:28.107] (INFO) Your mother called. She says you never call her.
[2015/11/04 11:38:28.107] (INFO) Device 0x5440 is online.
[2015/11/04 11:38:28.107] (WARN) Dropped 18,197 corrupt data packets.
[2015/11/04 11:38:28.107] (INFO) Waiting for master process (PID 9502) to die.
[2015/11/04 11:38:28.107] (INFO) Checked file systems for errors: All filesystems OK.
[2015/11/04 11:38:28.107] (INFO) Backed up all server logs.
[2015/11/04 11:38:28.107] (INFO) Backed up all server logs.
[2015/11/04 11:38:28.608] (INFO) Network heartbeat check: All OK.
[2015/11/04 11:38:28.608] (INFO) Supervisor has entered SUSPENDED state.
[2015/11/04 11:38:28.608] (INFO) User "xil2127" logged in from 172.16.101.25.
[2015/11/04 11:38:28.608] (INFO) Checkpointing off-heap server memory...
[2015/11/04 11:38:28.608] (INFO) Waiting for worker process (PID 59122) to die.
[2015/11/04 11:38:28.608] (INFO) Rolling 2 log file(s)...
[2015/11/04 11:38:28.608] (WARN) Ignoring SIGTERM. It's not that easy to get rid of me.
[2015/11/04 11:38:28.608] (ERROR) Connection to 172.16.100.158 terminated unexpectedly. Reconnecting.
[2015/11/04 11:38:28.608] (INFO) User "cjw1638" logged out due to inactivity (timeout=30 minutes).
[2015/11/04 11:38:28.608] (INFO) Your mother called. She says you never call her.
[2015/11/04 11:38:28.608] (INFO) User "dql5858" logged in from 192.168.198.202.
[2015/11/04 11:38:28.608] (INFO) Checkpointing off-heap server memory...
[2015/11/04 11:38:28.608] (INFO) User "jyo3520" logged out due to inactivity (timeout=30 minutes).
[2015/11/04 11:38:28.608] (INFO) Alien monitor (aliend): Detected no space aliens.
[2015/11/04 11:38:28.608] (WARN) Backup server 172.16.109.8 is offline.
[2015/11/04 11:38:28.608] (INFO) User "szy8297" logged out due to inactivity (timeout=30 minutes).
[2015/11/04 11:38:28.608] (ERROR) Blocked Little Bobby Tables attack (https://xkcd.com/327/) from 172.16.238.180.
[2015/11/04 11:38:28.608] (INFO) Waiting for worker process (PID 30241) to die.
[2015/11/04 11:38:28.608] (INFO) User "rgs5233" logged out.
[2015/11/04 11:38:28.608] (INFO) Pinging watchdog timer process: Process is alive.
[2015/11/04 11:38:28.608] (INFO) Alien monitor (aliend): Detected no space aliens.
[2015/11/04 11:38:28.608] (INFO) Alien monitor (aliend): Detected no space aliens.
[2015/11/04 11:38:28.608] (INFO) User "bzu3994" logged out.
[2015/11/04 11:38:28.608] (INFO) User "csp3400" logged in from 10.13.83.136.
[2015/11/04 11:38:28.608] (INFO) Flushed 41 buffers to disk.
[2015/11/04 11:38:28.608] (INFO) Sending SIGTERM to 4 excess workers.
[2015/11/04 11:38:28.608] (INFO) Pinging watchdog timer process: Process is alive.
[2015/11/04 11:38:28.608] (INFO) Network heartbeat check: All OK.
[2015/11/04 11:38:28.608] (INFO) Backed up all server logs.
[2015/11/04 11:38:28.608] (INFO) Waiting for worker process (PID 59804) to die.
[2015/11/04 11:38:28.608] (INFO) Pinging watchdog timer process: Process is alive.
[2015/11/04 11:38:28.608] (INFO) Waiting for worker process (PID 6762) to die.
[2015/11/04 11:38:28.608] (INFO) Supervisor has entered RESTARTING state.
[2015/11/04 11:38:28.608] (INFO) Rolling 5 log file(s)...
[2015/11/04 11:38:28.608] (INFO) Sending SIGTERM to 2 excess workers.
[2015/11/04 11:38:28.608] (INFO) Sending SIGTERM to 4 excess workers.
[2015/11/04 11:38:28.608] (INFO) Supervisor has entered WAITING state.
[2015/11/04 11:38:28.608] (INFO) Supervisor has entered RUNNING state.
[2015/11/04 11:38:28.608] (INFO) User "niy8095" logged out due to inactivity (timeout=30 minutes).
[2015/11/04 11:38:28.608] (INFO) Alien monitor (aliend): Detected no space aliens.
[2015/11/04 11:38:28.608] (INFO) Alien monitor (aliend): Detected no space aliens.
[2015/11/04 11:38:28.608] (WARN) Space on disk /dev/sdb2 is low: Only 834 MB available.
[2015/11/04 11:38:28.608] (INFO) User "wvv7327" logged in from 192.168.163.137.
[2015/11/04 11:38:28.608] (INFO) Alien monitor (aliend): Detected no space aliens.
[2015/11/04 11:38:28.608] (INFO) Backed up all server logs.
[2015/11/04 11:38:28.608] (ERROR) Device 0xec07 is offline
[2015/11/04 11:38:28.608] (INFO) Supervisor has entered WAITING state.
[2015/11/04 11:38:28.608] (WARN) Dropped 7,233 corrupt data packets.
[2015/11/04 11:38:28.608] (INFO) User "lrm9656" logged out due to inactivity (timeout=30 minutes).
[2015/11/04 11:38:28.608] (INFO) Supervisor has entered RESTARTING state.
[2015/11/04 11:38:28.608] (INFO) User "gah5262" logged out.
[2015/11/04 11:38:28.608] (INFO) Sending SIGTERM to 4 excess workers.
[2015/11/04 11:38:28.608] (INFO) User "qks5287" logged out due to inactivity (timeout=30 minutes).
[2015/11/04 11:38:28.608] (INFO) Sending SIGTERM to 4 excess workers.
[2015/11/04 11:38:28.608] (INFO) Supervisor has entered WAITING state.
[2015/11/04 11:38:28.608] (ERROR) EFOODFAIL (Waiter, there's a fly in my soup).
[2015/11/04 11:38:28.608] (INFO) Checkpointing off-heap server memory...
[2015/11/04 11:38:28.608] (INFO) .evian ylbirret si emehcs otpyrc ym neht ,siht daer nac uoy fI
[2015/11/04 11:38:28.608] (INFO) Checked file systems for errors: All filesystems OK.
[2015/11/04 11:38:28.608] (WARN) Network heartbeat check: 6 server(s) did not respond.
[2015/11/04 11:38:28.608] (INFO) Checked file systems for errors: All filesystems OK.
[2015/11/04 11:38:28.608] (INFO) Backed up all server logs.
[2015/11/04 11:38:28.608] (INFO) Alien monitor (aliend): Detected no space aliens.
[2015/11/04 11:38:28.608] (INFO) User "fib6661" logged in from 172.16.118.219.
[2015/11/04 11:38:28.608] (INFO) Checked file systems for errors: All filesystems OK.
[2015/11/04 11:38:28.608] (INFO) Supervisor has entered RESTARTING state.
[2015/11/04 11:38:28.608] (ERROR) Blocked FTP traffic originating from 10.240.12.97.
[2015/11/04 11:38:28.608] (INFO) Your mother called. She says you never call her.
[2015/11/04 11:38:28.608] (INFO) Rolling 9 log file(s)...
[2015/11/04 11:38:28.608] (INFO) User "kxi4543" logged out.
[2015/11/04 11:38:28.608] (INFO) Checked file systems for errors: All filesystems OK.
[2015/11/04 11:38:28.608] (INFO) Waiting for supervisor process (PID 22939) to die.
[2015/11/04 11:38:28.608] (INFO) .evian ylbirret si emehcs otpyrc ym neht ,siht daer nac uoy fI
[2015/11/04 11:38:28.608] (INFO) Waiting for master process (PID 62497) to die.
[2015/11/04 11:38:28.608] (INFO) Device 0x3465 is online.
[2015/11/04 11:38:28.608] (INFO) .evian ylbirret si emehcs otpyrc ym neht ,siht daer nac uoy fI
[2015/11/04 11:38:28.608] (WARN) Dropped 3,353 corrupt data packets.
[2015/11/04 11:38:28.608] (INFO) Your mother called. She says you never call her.
[2015/11/04 11:38:28.608] (INFO) Your mother called. She says you never call her.
[2015/11/04 11:38:28.608] (INFO) User "zci5773" logged out due to inactivity (timeout=30 minutes).
[2015/11/04 11:38:28.608] (INFO) Backed up all server logs.
[2015/11/04 11:38:28.608] (INFO) .evian ylbirret si emehcs otpyrc ym neht ,siht daer nac uoy fI
[2015/11/04 11:38:28.608] (INFO) Supervisor has entered WAITING state.
[2015/11/04 11:38:28.608] (INFO) Waiting for master process (PID 28178) to die.
[2015/11/04 11:38:28.608] (INFO) Backed up all server logs.
[2015/11/04 11:38:28.608] (INFO) Sending SIGTERM to 2 excess workers.
[2015/11/04 11:38:28.608] (INFO) Your mother called. She says you never call her.
[2015/11/04 11:38:28.608] (INFO) Rolling 7 log file(s)...
[2015/11/04 11:38:28.608] (INFO) Rolling 8 log file(s)...
[2015/11/04 11:38:28.608] (INFO) User "qqv8841" logged in from 10.100.147.9.
[2015/11/04 11:38:28.608] (INFO) Pinging watchdog timer process: Process is alive.
[2015/11/04 11:38:28.608] (INFO) Alien monitor (aliend): Detected no space aliens.
[2015/11/04 11:38:28.608] (INFO) Checked file systems for errors: All filesystems OK.
[2015/11/04 11:38:28.608] (INFO) Rolling 5 log file(s)...
[2015/11/04 11:38:28.608] (INFO) Pinging watchdog timer process: Process is alive.
[2015/11/04 11:38:28.608] (INFO) Device 0x356f is online.
[2015/11/04 11:38:28.608] (ERROR) Failed to open "/mnt/fileserver02/CJKcp93040.xslx": NFS timeout.
[2015/11/04 11:38:28.608] (INFO) Sending SIGTERM to 2 excess workers.
[2015/11/04 11:38:28.608] (INFO) Pinging watchdog timer process: Process is alive.
[2015/11/04 11:38:28.608] (INFO) Backed up all server logs.
[2015/11/04 11:38:29.107] (INFO) Rolling 4 log file(s)...
[2015/11/04 11:38:29.107] (INFO) Waiting for master process (PID 29978) to die.
[2015/11/04 11:38:29.107] (INFO) Rolling 6 log file(s)...
[2015/11/04 11:38:29.107] (INFO) Sending SIGTERM to 2 excess workers.
[2015/11/04 11:38:29.107] (INFO) Flushed 69 buffers to disk.
[2015/11/04 11:38:29.107] (INFO) Alien monitor (aliend): Detected no space aliens.
[2015/11/04 11:38:29.107] (INFO) Your mother called. She says you never call her.
[2015/11/04 11:38:29.107] (INFO) User "yzu8881" logged in from 10.136.76.123.
[2015/11/04 11:38:29.107] (INFO) .evian ylbirret si emehcs otpyrc ym neht ,siht daer nac uoy fI
[2015/11/04 11:38:29.107] (INFO) Flushed 55 buffers to disk.
[2015/11/04 11:38:29.107] (INFO) .evian ylbirret si emehcs otpyrc ym neht ,siht daer nac uoy fI
[2015/11/04 11:38:29.107] (INFO) .evian ylbirret si emehcs otpyrc ym neht ,siht daer nac uoy fI
[2015/11/04 11:38:29.107] (INFO) User "bdl8527" logged out.
[2015/11/04 11:38:29.107] (INFO) Checked file systems for errors: All filesystems OK.
[2015/11/04 11:38:29.107] (INFO) Flushed 66 buffers to disk.
[2015/11/04 11:38:29.107] (INFO) Device 0x1ed7 is online.
[2015/11/04 11:38:29.107] (INFO) Network heartbeat check: All OK.
[2015/11/04 11:38:29.107] (INFO) Network heartbeat check: All OK.
[2015/11/04 11:38:29.107] (INFO) Sending SIGTERM to 4 excess workers.
[2015/11/04 11:38:29.108] (INFO) Checkpointing off-heap server memory...
[2015/11/04 11:38:29.108] (INFO) Waiting for master process (PID 1899) to die.
[2015/11/04 11:38:29.108] (ERROR) /dev/lp error: "PC LOAD LETTER"
[2015/11/04 11:38:29.108] (INFO) Pinging watchdog timer process: Process is alive.
[2015/11/04 11:38:29.108] (INFO) Backed up all server logs.
[2015/11/04 11:38:29.108] (INFO) Flushed 81 buffers to disk.
[2015/11/04 11:38:29.108] (INFO) Sending SIGTERM to 2 excess workers.
[2015/11/04 11:38:29.108] (INFO) Network heartbeat check: All OK.
[2015/11/04 11:38:29.108] (INFO) Network heartbeat check: All OK.
[2015/11/04 11:38:29.108] (INFO) User "xgr2276" logged out due to inactivity (timeout=30 minutes).
[2015/11/04 11:38:29.108] (INFO) Sending SIGTERM to 3 excess workers.
[2015/11/04 11:38:29.108] (INFO) Your mother called. She says you never call her.
[2015/11/04 11:38:29.108] (INFO) Supervisor has entered RESTARTING state.
[2015/11/04 11:38:29.108] (INFO) Device 0xa342 is online.
[2015/11/04 11:38:29.108] (INFO) .evian ylbirret si emehcs otpyrc ym neht ,siht daer nac uoy fI
[2015/11/04 11:38:29.108] (WARN) Unable to ping supervisor at 192.168.243.122. Retrying.
[2015/11/04 11:38:29.108] (ERROR) Failed to write checkpoint file "/var/checkpoint/JnxoV98328: No space left on device (ENOSPC)
[2015/11/04 11:38:29.108] (INFO) Pinging watchdog timer process: Process is alive.
[2015/11/04 11:38:29.108] (ERROR) Unable to write to "/var/data/fiOZm63312.tar.gz": Permission denied (EACCES)
[2015/11/04 11:38:29.108] (INFO) User "fht3545" logged out.
[2015/11/04 11:38:29.108] (ERROR) Device 0x43e1 is offline
[2015/11/04 11:38:29.108] (INFO) User "bfw1826" logged in from 192.168.31.209.
[2015/11/04 11:38:29.108] (INFO) Waiting for master process (PID 58634) to die.
[2015/11/04 11:38:29.108] (INFO) .evian ylbirret si emehcs otpyrc ym neht ,siht daer nac uoy fI
[2015/11/04 11:38:29.108] (ERROR) Detected incoming DDoS from 192.168.112.237.
[2015/11/04 11:38:29.108] (INFO) Your mother called. She says you never call her.
[2015/11/04 11:38:29.108] (INFO) Sending SIGTERM to 3 excess workers.
[2015/11/04 11:38:29.108] (INFO) Checked file systems for errors: All filesystems OK.
[2015/11/04 11:38:29.108] (INFO) Checked file systems for errors: All filesystems OK.
[2015/11/04 11:38:29.108] (INFO) Checkpointing off-heap server memory...
[2015/11/04 11:38:29.108] (INFO) Checkpointing off-heap server memory...
[2015/11/04 11:38:29.108] (INFO) Supervisor has entered WAITING state.
[2015/11/04 11:38:29.108] (INFO) Alien monitor (aliend): Detected no space aliens.
[2015/11/04 11:38:29.108] (INFO) Pinging watchdog timer process: Process is alive.
[2015/11/04 11:38:29.108] (INFO) Pinging watchdog timer process: Process is alive.
[2015/11/04 11:38:29.108] (INFO) User "nqx7737" logged in from 172.16.100.64.
[2015/11/04 11:38:29.108] (WARN) There is no such thing as a free lunch.
[2015/11/04 11:38:29.108] (INFO) Your mother called. She says you never call her.
[2015/11/04 11:38:29.108] (ERROR) Connection to 192.168.56.116 terminated unexpectedly. Reconnecting.
[2015/11/04 11:38:29.108] (WARN) Unable to ping supervisor at 172.16.43.235. Retrying.
[2015/11/04 11:38:29.108] (INFO) Checked file systems for errors: All filesystems OK.
[2015/11/04 11:38:29.108] (ERROR) Alien monitor (aliend): 2 space aliens are fiddling with the hardware!
[2015/11/04 11:38:29.108] (INFO) User "vae1130" logged in from 192.168.236.12.
[2015/11/04 11:38:29.108] (WARN) Dropped 5,945 corrupt data packets.
[2015/11/04 11:38:29.108] (INFO) Checkpointing off-heap server memory...
[2015/11/04 11:38:29.108] (INFO) .evian ylbirret si emehcs otpyrc ym neht ,siht daer nac uoy fI
[2015/11/04 11:38:29.108] (INFO) Backed up all server logs.
[2015/11/04 11:38:29.108] (ERROR) Directory index of "/var/data" is forbidden.
[2015/11/04 11:38:29.108] (INFO) Backed up all server logs.
[2015/11/04 11:38:29.108] (WARN) Unable to ping master at 10.192.166.90. Retrying.
[2015/11/04 11:38:29.108] (INFO) Checked file systems for errors: All filesystems OK.
[2015/11/04 11:38:29.108] (INFO) Waiting for worker process (PID 60311) to die.
[2015/11/04 11:38:29.108] (INFO) Pinging watchdog timer process: Process is alive.
[2015/11/04 11:38:29.108] (INFO) Checkpointing off-heap server memory...
[2015/11/04 11:38:29.108] (INFO) Device 0xc109 is online.
[2015/11/04 11:38:29.108] (ERROR) Failed to open "/mnt/fileserver01/YhqIx72935.txt": NFS timeout.
[2015/11/04 11:38:29.108] (INFO) Alien monitor (aliend): Detected no space aliens.
[2015/11/04 11:38:29.108] (INFO) Rolling 5 log file(s)...
[2015/11/04 11:38:29.108] (INFO) Device 0x6598 is online.
[2015/11/04 11:38:29.108] (ERROR) Detected clock skew! Restarting NTP server.
[2015/11/04 11:38:29.108] (INFO) Supervisor has entered RUNNING state.
[2015/11/04 11:38:29.108] (INFO) Sending SIGTERM to 3 excess workers.
[2015/11/04 11:38:29.108] (ERROR) Blocked BitTorrent traffic originating from 10.11.137.9.
[2015/11/04 11:38:29.108] (INFO) .evian ylbirret si emehcs otpyrc ym neht ,siht daer nac uoy fI
[2015/11/04 11:38:29.108] (INFO) Supervisor has entered RESTARTING state.
[2015/11/04 11:38:29.108] (INFO) Pinging watchdog timer process: Process is alive.
[2015/11/04 11:38:29.108] (INFO) .evian ylbirret si emehcs otpyrc ym neht ,siht daer nac uoy fI
[2015/11/04 11:38:29.108] (WARN) CPU temperature exceeds 40º Celsius.
[2015/11/04 11:38:29.108] (INFO) Alien monitor (aliend): Detected no space aliens.
[2015/11/04 11:38:29.108] (INFO) User "csc2747" logged out.
[2015/11/04 11:38:29.108] (INFO) User "nhl4761" logged in from 10.166.89.194.
[2015/11/04 11:38:29.108] (INFO) Device 0x1309 is online.
[2015/11/04 11:38:29.108] (INFO) Supervisor has entered WAITING state.
[2015/11/04 11:38:29.108] (INFO) Checked file systems for errors: All filesystems OK.
[2015/11/04 11:38:29.108] (INFO) Checked file systems for errors: All filesystems OK.
[2015/11/04 11:38:29.108] (INFO) Your mother called. She says you never call her.
[2015/11/04 11:38:29.108] (ERROR) EFOODFAIL (Waiter, there's a fly in my soup).
[2015/11/04 11:38:29.108] (INFO) Flushed 78 buffers to disk.
[2015/11/04 11:38:29.108] (WARN) There is no such thing as a free lunch.
[2015/11/04 11:38:29.108] (INFO) Backed up all server logs.
[2015/11/04 11:38:29.108] (INFO) Alien monitor (aliend): Detected no space aliens.
[2015/11/04 11:38:29.608] (INFO) Device 0x1d8c is online.
[2015/11/04 11:38:29.608] (INFO) .evian ylbirret si emehcs otpyrc ym neht ,siht daer nac uoy fI
[2015/11/04 11:38:29.608] (INFO) Supervisor has entered SUSPENDED state.
[2015/11/04 11:38:29.608] (INFO) Pinging watchdog timer process: Process is alive.
[2015/11/04 11:38:29.608] (INFO) Your mother called. She says you never call her.
[2015/11/04 11:38:29.608] (WARN) Space on disk /dev/sdc2 is low: Only 444 MB available.
[2015/11/04 11:38:29.608] (INFO) Checkpointing off-heap server memory...
[2015/11/04 11:38:29.608] (INFO) User "cct4642" logged out.
[2015/11/04 11:38:29.608] (INFO) .evian ylbirret si emehcs otpyrc ym neht ,siht daer nac uoy fI
[2015/11/04 11:38:29.608] (INFO) .evian ylbirret si emehcs otpyrc ym neht ,siht daer nac uoy fI
[2015/11/04 11:38:29.608] (INFO) User "fnv8803" logged out due to inactivity (timeout=30 minutes).
[2015/11/04 11:38:29.608] (INFO) Supervisor has entered RUNNING state.
[2015/11/04 11:38:29.608] (INFO) .evian ylbirret si emehcs otpyrc ym neht ,siht daer nac uoy fI
[2015/11/04 11:38:29.608] (INFO) User "hnl4733" logged in from 172.16.216.239.
[2015/11/04 11:38:29.608] (INFO) Backed up all server logs.
[2015/11/04 11:38:29.608] (INFO) Checked file systems for errors: All filesystems OK.
[2015/11/04 11:38:29.608] (INFO) Alien monitor (aliend): Detected no space aliens.
[2015/11/04 11:38:29.608] (INFO) Waiting for supervisor process (PID 59568) to die.
[2015/11/04 11:38:29.608] (INFO) Waiting for supervisor process (PID 39903) to die.
[2015/11/04 11:38:29.608] (INFO) Backed up all server logs.
[2015/11/04 11:38:29.608] (INFO) Device 0xd885 is online.
[2015/11/04 11:38:29.608] (INFO) User "hvk9492" logged out due to inactivity (timeout=30 minutes).
[2015/11/04 11:38:29.608] (ERROR) /dev/lp error: "PC LOAD LETTER"
[2015/11/04 11:38:29.608] (INFO) User "oio1228" logged out due to inactivity (timeout=30 minutes).
[2015/11/04 11:38:29.608] (INFO) Supervisor has entered RUNNING state.
[2015/11/04 11:38:29.608] (INFO) Backed up all server logs.
[2015/11/04 11:38:29.608] (INFO) User "mnq2621" logged out due to inactivity (timeout=30 minutes).
[2015/11/04 11:38:29.608] (INFO) User "ikv9707" logged out.
[2015/11/04 11:38:29.608] (INFO) User "nxk4243" logged in from 10.220.11.95.
[2015/11/04 11:38:29.608] (INFO) Device 0xbb6d is online.
[2015/11/04 11:38:29.608] (ERROR) Blocked nmap traffic originating from 172.16.105.245.
[2015/11/04 11:38:29.608] (INFO) User "oum3733" logged out.
[2015/11/04 11:38:29.608] (INFO) Supervisor has entered RUNNING state.
[2015/11/04 11:38:29.608] (INFO) Sending SIGTERM to 3 excess workers.
[2015/11/04 11:38:29.608] (INFO) .evian ylbirret si emehcs otpyrc ym neht ,siht daer nac uoy fI
[2015/11/04 11:38:29.608] (INFO) Pinging watchdog timer process: Process is alive.
[2015/11/04 11:38:29.608] (INFO) Alien monitor (aliend): Detected no space aliens.
[2015/11/04 11:38:29.608] (ERROR) /dev/lp error: "PC LOAD LETTER"
[2015/11/04 11:38:29.608] (INFO) Network heartbeat check: All OK.
[2015/11/04 11:38:29.608] (INFO) User "cbc5441" logged out.
[2015/11/04 11:38:29.608] (INFO) User "mwv8759" logged out.
[2015/11/04 11:38:29.608] (INFO) User "ewx8858" logged out due to inactivity (timeout=30 minutes).
[2015/11/04 11:38:29.608] (INFO) User "shw2748" logged in from 10.37.70.44.
[2015/11/04 11:38:29.608] (ERROR) Directory index of "/var/data" is forbidden.
[2015/11/04 11:38:29.608] (INFO) Network heartbeat check: All OK.
[2015/11/04 11:38:29.608] (INFO) .evian ylbirret si emehcs otpyrc ym neht ,siht daer nac uoy fI
[2015/11/04 11:38:29.608] (ERROR) Failed to open "/mnt/fileserver02/egZsJ66451.parquet": NFS timeout.
[2015/11/04 11:38:29.608] (INFO) User "uyi9938" logged out due to inactivity (timeout=30 minutes).
[2015/11/04 11:38:29.608] (INFO) Rolling 3 log file(s)...
[2015/11/04 11:38:29.608] (INFO) Rolling 3 log file(s)...
[2015/11/04 11:38:29.608] (INFO) Checkpointing off-heap server memory...
[2015/11/04 11:38:29.608] (INFO) Waiting for worker process (PID 31543) to die.
[2015/11/04 11:38:29.608] (INFO) Flushed 93 buffers to disk.
[2015/11/04 11:38:29.608] (INFO) Device 0x9243 is online.
[2015/11/04 11:38:29.608] (INFO) Pinging watchdog timer process: Process is alive.
[2015/11/04 11:38:29.608] (INFO) User "hxi1598" logged out due to inactivity (timeout=30 minutes).
[2015/11/04 11:38:29.608] (INFO) Flushed 95 buffers to disk.
[2015/11/04 11:38:29.608] (INFO) Network heartbeat check: All OK.
[2015/11/04 11:38:29.608] (INFO) Pinging watchdog timer process: Process is alive.
[2015/11/04 11:38:29.608] (INFO) User "too2408" logged out due to inactivity (timeout=30 minutes).
[2015/11/04 11:38:29.608] (INFO) User "ryx4332" logged out.
[2015/11/04 11:38:29.608] (INFO) User "ywk7264" logged in from 192.168.211.124.
[2015/11/04 11:38:29.608] (INFO) Waiting for supervisor process (PID 28908) to die.
[2015/11/04 11:38:29.608] (INFO) Pinging watchdog timer process: Process is alive.
[2015/11/04 11:38:29.608] (ERROR) Worker 2 died with SIGILL. Restarting it.
[2015/11/04 11:38:29.608] (INFO) .evian ylbirret si emehcs otpyrc ym neht ,siht daer nac uoy fI
[2015/11/04 11:38:29.608] (INFO) Sending SIGTERM to 3 excess workers.
[2015/11/04 11:38:29.608] (INFO) User "dlc3557" logged out due to inactivity (timeout=30 minutes).
[2015/11/04 11:38:29.608] (INFO) Alien monitor (aliend): Detected no space aliens.
[2015/11/04 11:38:29.608] (INFO) Supervisor has entered RUNNING state.
[2015/11/04 11:38:29.608] (INFO) .evian ylbirret si emehcs otpyrc ym neht ,siht daer nac uoy fI
[2015/11/04 11:38:29.608] (INFO) Rolling 5 log file(s)...
[2015/11/04 11:38:29.608] (INFO) Checkpointing off-heap server memory...
[2015/11/04 11:38:29.608] (INFO) Checkpointing off-heap server memory...
[2015/11/04 11:38:29.608] (INFO) Checked file systems for errors: All filesystems OK.
[2015/11/04 11:38:29.608] (INFO) Checkpointing off-heap server memory...
[2015/11/04 11:38:29.608] (INFO) Network heartbeat check: All OK.
[2015/11/04 11:38:29.608] (INFO) User "dus2957" logged in from 172.16.11.170.
[2015/11/04 11:38:29.608] (INFO) Sending SIGTERM to 2 excess workers.
[2015/11/04 11:38:29.608] (INFO) Checked file systems for errors: All filesystems OK.
[2015/11/04 11:38:29.608] (INFO) Sending SIGTERM to 3 excess workers.
[2015/11/04 11:38:29.608] (INFO) Backed up all server logs.
[2015/11/04 11:38:29.608] (INFO) Backed up all server logs.
[2015/11/04 11:38:29.608] (INFO) Checked file systems for errors: All filesystems OK.
[2015/11/04 11:38:29.608] (INFO) Pinging watchdog timer process: Process is alive.
[2015/11/04 11:38:29.608] (INFO) Sending SIGTERM to 4 excess workers.
[2015/11/04 11:38:29.608] (INFO) Checkpointing off-heap server memory...
[2015/11/04 11:38:29.608] (INFO) Rolling 9 log file(s)...
[2015/11/04 11:38:29.608] (INFO) Device 0xfda4 is online.
[2015/11/04 11:38:29.608] (INFO) Pinging watchdog timer process: Process is alive.
[2015/11/04 11:38:29.608] (INFO) Device 0xb44a is online.
[2015/11/04 11:38:29.608] (INFO) User "bca2451" logged in from 192.168.122.205.
[2015/11/04 11:38:29.608] (INFO) Supervisor has entered SUSPENDED state.
[2015/11/04 11:38:29.608] (INFO) Alien monitor (aliend): Detected no space aliens.
[2015/11/04 11:38:29.608] (INFO) Waiting for monitor process (PID 26171) to die.
[2015/11/04 11:38:29.608] (INFO) Checkpointing off-heap server memory...
[2015/11/04 11:38:29.608] (ERROR) Directory index of "/var/data" is forbidden.
[2015/11/04 11:38:29.608] (INFO) Rolling 2 log file(s)...
[2015/11/04 11:38:29.608] (INFO) Pinging watchdog timer process: Process is alive.
[2015/11/04 11:38:29.608] (INFO) Pinging watchdog timer process: Process is alive.
[2015/11/04 11:38:30.107] (INFO) Checkpointing off-heap server memory...
[2015/11/04 11:38:30.107] (INFO) Alien monitor (aliend): Detected no space aliens.
[2015/11/04 11:38:30.107] (INFO) Device 0x4fb2 is online.
[2015/11/04 11:38:30.107] (ERROR) Blocked Little Bobby Tables attack (https://xkcd.com/327/) from 10.138.174.50.
[2015/11/04 11:38:30.107] (INFO) Backed up all server logs.
[2015/11/04 11:38:30.107] (INFO) Device 0x5658 is online.
[2015/11/04 11:38:30.107] (INFO) Your mother called. She says you never call her.
[2015/11/04 11:38:30.107] (INFO) Network heartbeat check: All OK.
[2015/11/04 11:38:30.107] (INFO) Supervisor has entered SUSPENDED state.
[2015/11/04 11:38:30.107] (WARN) Possible cyber-attack from Antarctica.
[2015/11/04 11:38:30.107] (WARN) CPU temperature exceeds 40º Celsius.
[2015/11/04 11:38:30.107] (WARN) Possible cyber-attack from a small unnamed island.
[2015/11/04 11:38:30.107] (INFO) User "jgf6235" logged in from 192.168.8.190.
[2015/11/04 11:38:30.107] (INFO) Backed up all server logs.
[2015/11/04 11:38:30.107] (WARN) Possible cyber-attack from Russia.
[2015/11/04 11:38:30.107] (ERROR) /dev/lp error: "PC LOAD LETTER"
[2015/11/04 11:38:30.107] (ERROR) Detected incoming DDoS from 172.16.94.14.
[2015/11/04 11:38:30.107] (INFO) Device 0x3a45 is online.
[2015/11/04 11:38:30.107] (WARN) Possible cyber-attack from Nebraska.
[2015/11/04 11:38:30.107] (INFO) Backed up all server logs.
[2015/11/04 11:38:30.107] (INFO) Rolling 5 log file(s)...
[2015/11/04 11:38:30.107] (INFO) Alien monitor (aliend): Detected no space aliens.
[2015/11/04 11:38:30.107] (ERROR) Server log backup FAILED. See backup logs.
[2015/11/04 11:38:30.107] (ERROR) Worker 6 died with SIGILL. Restarting it.
[2015/11/04 11:38:30.107] (INFO) Pinging watchdog timer process: Process is alive.
[2015/11/04 11:38:30.107] (INFO) .evian ylbirret si emehcs otpyrc ym neht ,siht daer nac uoy fI
[2015/11/04 11:38:30.107] (INFO) Supervisor has entered RUNNING state.
[2015/11/04 11:38:30.107] (INFO) Checkpointing off-heap server memory...
[2015/11/04 11:38:30.107] (WARN) Dropped 6,784 corrupt data packets.
[2015/11/04 11:38:30.107] (INFO) Device 0xe0c0 is online.
[2015/11/04 11:38:30.107] (INFO) Pinging watchdog timer process: Process is alive.
[2015/11/04 11:38:30.108] (WARN) Unable to ping worker at 10.67.43.150. Retrying.
[2015/11/04 11:38:30.108] (INFO) Supervisor has entered SUSPENDED state.
[2015/11/04 11:38:30.108] (INFO) Network heartbeat check: All OK.
[2015/11/04 11:38:30.108] (INFO) Alien monitor (aliend): Detected no space aliens.
[2015/11/04 11:38:30.108] (INFO) Checked file systems for errors: All filesystems OK.
[2015/11/04 11:38:30.108] (INFO) Checkpointing off-heap server memory...
[2015/11/04 11:38:30.108] (INFO) Checkpointing off-heap server memory...
[2015/11/04 11:38:30.108] (INFO) Backed up all server logs.
[2015/11/04 11:38:30.108] (ERROR) EFOODFAIL (Waiter, there's a fly in my soup).
[2015/11/04 11:38:30.108] (INFO) Waiting for worker process (PID 10750) to die.
[2015/11/04 11:38:30.108] (INFO) Checkpointing off-heap server memory...
[2015/11/04 11:38:30.108] (INFO) User "udx6774" logged in from 172.16.84.3.
[2015/11/04 11:38:30.108] (INFO) .evian ylbirret si emehcs otpyrc ym neht ,siht daer nac uoy fI
[2015/11/04 11:38:30.108] (INFO) Device 0x462e is online.
[2015/11/04 11:38:30.108] (INFO) Flushed 46 buffers to disk.
[2015/11/04 11:38:30.108] (INFO) Rolling 5 log file(s)...
[2015/11/04 11:38:30.108] (ERROR) Server log backup FAILED. See backup logs.
[2015/11/04 11:38:30.108] (INFO) Sending SIGTERM to 2 excess workers.
[2015/11/04 11:38:30.108] (ERROR) Blocked Little Bobby Tables attack (https://xkcd.com/327/) from 10.186.26.185.
[2015/11/04 11:38:30.108] (INFO) Flushed 66 buffers to disk.
[2015/11/04 11:38:30.108] (INFO) User "ods2057" logged in from 10.104.220.49.
[2015/11/04 11:38:30.108] (INFO) Backed up all server logs.
[2015/11/04 11:38:30.108] (INFO) Sending SIGTERM to 2 excess workers.
[2015/11/04 11:38:30.108] (INFO) .evian ylbirret si emehcs otpyrc ym neht ,siht daer nac uoy fI
[2015/11/04 11:38:30.108] (INFO) Device 0xcf4b is online.
[2015/11/04 11:38:30.108] (INFO) User "bga6185" logged in from 172.16.178.77.
[2015/11/04 11:38:30.108] (WARN) Possible cyber-attack from a small unnamed island.
[2015/11/04 11:38:30.108] (WARN) Watchdog timer crashed. Restarting it.
[2015/11/04 11:38:30.108] (INFO) User "dnt1564" logged in from 192.168.20.210.
[2015/11/04 11:38:30.108] (INFO) Sending SIGTERM to 4 excess workers.
[2015/11/04 11:38:30.108] (INFO) Waiting for monitor process (PID 16300) to die.
[2015/11/04 11:38:30.108] (INFO) .evian ylbirret si emehcs otpyrc ym neht ,siht daer nac uoy fI
[2015/11/04 11:38:30.108] (INFO) Checked file systems for errors: All filesystems OK.
[2015/11/04 11:38:30.108] (INFO) Checked file systems for errors: All filesystems OK.
[2015/11/04 11:38:30.108] (INFO) .evian ylbirret si emehcs otpyrc ym neht ,siht daer nac uoy fI
[2015/11/04 11:38:30.108] (INFO) Checkpointing off-heap server memory...
[2015/11/04 11:38:30.108] (INFO) Pinging watchdog timer process: Process is alive.
[2015/11/04 11:38:30.108] (INFO) Pinging watchdog timer process: Process is alive.
[2015/11/04 11:38:30.108] (INFO) User "sce1789" logged out.
[2015/11/04 11:38:30.108] (INFO) Backed up all server logs.
[2015/11/04 11:38:30.108] (INFO) Alien monitor (aliend): Detected no space aliens.
[2015/11/04 11:38:30.108] (INFO) Device 0x0b69 is online.
[2015/11/04 11:38:30.108] (INFO) Checked file systems for errors: All filesystems OK.
[2015/11/04 11:38:30.108] (INFO) Device 0xfee0 is online.
[2015/11/04 11:38:30.108] (WARN) Watchdog timer crashed. Restarting it.
[2015/11/04 11:38:30.108] (WARN) Master took 768 ms to respond (threshold=500 ms)
[2015/11/04 11:38:30.108] (INFO) Checkpointing off-heap server memory...
[2015/11/04 11:38:30.108] (INFO) Your mother called. She says you never call her.
[2015/11/04 11:38:30.108] (INFO) Alien monitor (aliend): Detected no space aliens.
[2015/11/04 11:38:30.108] (INFO) Alien monitor (aliend): Detected no space aliens.
[2015/11/04 11:38:30.108] (WARN) CPU temperature exceeds 40º Celsius.
[2015/11/04 11:38:30.108] (INFO) Pinging watchdog timer process: Process is alive.
[2015/11/04 11:38:30.108] (INFO) Network heartbeat check: All OK.
[2015/11/04 11:38:30.108] (INFO) .evian ylbirret si emehcs otpyrc ym neht ,siht daer nac uoy fI
[2015/11/04 11:38:30.108] (INFO) Your mother called. She says you never call her.
[2015/11/04 11:38:30.108] (INFO) User "zfc9132" logged out due to inactivity (timeout=30 minutes).
[2015/11/04 11:38:30.108] (INFO) Rolling 7 log file(s)...
[2015/11/04 11:38:30.108] (INFO) Your mother called. She says you never call her.
[2015/11/04 11:38:30.108] (WARN) Network heartbeat check: 13 server(s) did not respond.
[2015/11/04 11:38:30.108] (INFO) User "tcc4956" logged in from 172.16.80.99.
[2015/11/04 11:38:30.108] (INFO) Backed up all server logs.
[2015/11/04 11:38:30.108] (INFO) Device 0x6ab7 is online.
[2015/11/04 11:38:30.108] (ERROR) One of the flayrods has gone out askew on treadle.
[2015/11/04 11:38:30.108] (INFO) User "msi6716" logged out due to inactivity (timeout=30 minutes).
[2015/11/04 11:38:30.108] (INFO) Supervisor has entered RUNNING state.
[2015/11/04 11:38:30.108] (ERROR) Detected clock skew! Restarting NTP server.
[2015/11/04 11:38:30.108] (INFO) Supervisor has entered WAITING state.
[2015/11/04 11:38:30.108] (INFO) .evian ylbirret si emehcs otpyrc ym neht ,siht daer nac uoy fI
[2015/11/04 11:38:30.108] (INFO) Network heartbeat check: All OK.
[2015/11/04 11:38:30.608] (INFO) User "quw5214" logged in from 172.16.118.62.
[2015/11/04 11:38:30.608] (WARN) Watchdog timer crashed. Restarting it.
[2015/11/04 11:38:30.608] (WARN) Ignoring SIGTERM. It's not that easy to get rid of me.
[2015/11/04 11:38:30.608] (WARN) Ignoring SIGTERM. It's not that easy to get rid of me.
[2015/11/04 11:38:30.608] (WARN) Dropped 1,037 corrupt data packets.
[2015/11/04 11:38:30.608] (INFO) Supervisor has entered RESTARTING state.
[2015/11/04 11:38:30.608] (INFO) Flushed 74 buffers to disk.
[2015/11/04 11:38:30.608] (INFO) User "jeg4402" logged out due to inactivity (timeout=30 minutes).
[2015/11/04 11:38:30.608] (WARN) CPU temperature exceeds 40º Celsius.
[2015/11/04 11:38:30.608] (INFO) Pinging watchdog timer process: Process is alive.
[2015/11/04 11:38:30.608] (INFO) Your mother called. She says you never call her.
[2015/11/04 11:38:30.608] (INFO) Pinging watchdog timer process: Process is alive.
[2015/11/04 11:38:30.608] (INFO) Checkpointing off-heap server memory...
[2015/11/04 11:38:30.608] (INFO) Rolling 6 log file(s)...
[2015/11/04 11:38:30.608] (INFO) User "qet4995" logged out due to inactivity (timeout=30 minutes).
[2015/11/04 11:38:30.608] (INFO) Waiting for master process (PID 5924) to die.
[2015/11/04 11:38:30.608] (INFO) Supervisor has entered RESTARTING state.
[2015/11/04 11:38:30.608] (INFO) Supervisor has entered RESTARTING state.
[2015/11/04 11:38:30.608] (INFO) Flushed 93 buffers to disk.
[2015/11/04 11:38:30.608] (INFO) Supervisor has entered WAITING state.
[2015/11/04 11:38:30.608] (INFO) Waiting for worker process (PID 55652) to die.
[2015/11/04 11:38:30.608] (INFO) User "mrk2788" logged out due to inactivity (timeout=30 minutes).
[2015/11/04 11:38:30.608] (WARN) Network heartbeat check: 3 server(s) did not respond.
[2015/11/04 11:38:30.608] (INFO) Rolling 5 log file(s)...
[2015/11/04 11:38:30.608] (INFO) Checkpointing off-heap server memory...
[2015/11/04 11:38:30.608] (INFO) Sending SIGTERM to 3 excess workers.
[2015/11/04 11:38:30.608] (INFO) User "ykj3857" logged out.
[2015/11/04 11:38:30.608] (INFO) .evian ylbirret si emehcs otpyrc ym neht ,siht daer nac uoy fI
[2015/11/04 11:38:30.608] (INFO) Alien monitor (aliend): Detected no space aliens.
[2015/11/04 11:38:30.608] (INFO) User "zfb9579" logged in from 192.168.11.180.
[2015/11/04 11:38:30.608] (ERROR) Blocked Little Bobby Tables attack (https://xkcd.com/327/) from 10.37.73.246.
[2015/11/04 11:38:30.608] (WARN) CPU temperature exceeds 40º Celsius.
[2015/11/04 11:38:30.608] (INFO) User "ybc1877" logged out.
[2015/11/04 11:38:30.608] (INFO) User "nfx8288" logged out.
[2015/11/04 11:38:30.608] (INFO) Your mother called. She says you never call her.
[2015/11/04 11:38:30.608] (INFO) Flushed 59 buffers to disk.
[2015/11/04 11:38:30.608] (INFO) Network heartbeat check: All OK.
[2015/11/04 11:38:30.608] (WARN) Backup server 10.68.188.69 is offline.
[2015/11/04 11:38:30.608] (INFO) Checkpointing off-heap server memory...
[2015/11/04 11:38:30.608] (INFO) Device 0x44bc is online.
[2015/11/04 11:38:30.608] (INFO) Rolling 7 log file(s)...
[2015/11/04 11:38:30.608] (INFO) Pinging watchdog timer process: Process is alive.
[2015/11/04 11:38:30.608] (INFO) Checkpointing off-heap server memory...
[2015/11/04 11:38:30.608] (INFO) Device 0x2b92 is online.
[2015/11/04 11:38:30.608] (WARN) Unable to ping monitor at 192.168.98.147. Retrying.
[2015/11/04 11:38:30.608] (INFO) Waiting for master process (PID 44766) to die.
[2015/11/04 11:38:30.608] (INFO) Device 0x0296 is online.
[2015/11/04 11:38:30.608] (INFO) Supervisor has entered RUNNING state.
[2015/11/04 11:38:30.608] (INFO) Your mother called. She says you never call her.
[2015/11/04 11:38:30.608] (INFO) User "ydp6231" logged out due to inactivity (timeout=30 minutes).
[2015/11/04 11:38:30.608] (INFO) Checked file systems for errors: All filesystems OK.
[2015/11/04 11:38:30.608] (INFO) Supervisor has entered RUNNING state.
[2015/11/04 11:38:30.608] (INFO) User "zhi6319" logged out due to inactivity (timeout=30 minutes).
[2015/11/04 11:38:30.608] (INFO) Waiting for worker process (PID 2576) to die.
[2015/11/04 11:38:30.608] (ERROR) Connection to 192.168.24.156 terminated unexpectedly. Reconnecting.
[2015/11/04 11:38:30.608] (INFO) Checked file systems for errors: All filesystems OK.
[2015/11/04 11:38:30.608] (INFO) User "kuo1579" logged in from 10.197.209.91.
[2015/11/04 11:38:30.608] (INFO) User "kqg4847" logged in from 172.16.58.13.
[2015/11/04 11:38:30.608] (INFO) Checked file systems for errors: All filesystems OK.
[2015/11/04 11:38:30.608] (INFO) User "jyy1879" logged out due to inactivity (timeout=30 minutes).
[2015/11/04 11:38:30.608] (INFO) Sending SIGTERM to 3 excess workers.
[2015/11/04 11:38:30.608] (INFO) Alien monitor (aliend): Detected no space aliens.
[2015/11/04 11:38:30.608] (INFO) Network heartbeat check: All OK.
[2015/11/04 11:38:30.608] (INFO) User "agx8932" logged out due to inactivity (timeout=30 minutes).
[2015/11/04 11:38:30.608] (INFO) User "sbl9817" logged out due to inactivity (timeout=30 minutes).
[2015/11/04 11:38:30.608] (WARN) Space on disk /dev/sde2 is low: Only 839 MB available.
[2015/11/04 11:38:30.608] (INFO) User "vkh6976" logged in from 10.8.127.32.
[2015/11/04 11:38:30.608] (WARN) Retrying server log checkpoint.
[2015/11/04 11:38:30.608] (INFO) Rolling 8 log file(s)...
[2015/11/04 11:38:30.608] (INFO) Checkpointing off-heap server memory...
[2015/11/04 11:38:30.608] (ERROR) Alien monitor (aliend): 2 space aliens are fiddling with the hardware!
[2015/11/04 11:38:30.608] (INFO) Pinging watchdog timer process: Process is alive.
[2015/11/04 11:38:30.608] (INFO) Alien monitor (aliend): Detected no space aliens.
[2015/11/04 11:38:30.608] (INFO) User "ppf1192" logged out due to inactivity (timeout=30 minutes).
[2015/11/04 11:38:30.608] (INFO) Checked file systems for errors: All filesystems OK.
[2015/11/04 11:38:30.608] (INFO) Alien monitor (aliend): Detected no space aliens.
[2015/11/04 11:38:30.608] (INFO) Rolling 6 log file(s)...
[2015/11/04 11:38:30.608] (INFO) Sending SIGTERM to 3 excess workers.
[2015/11/04 11:38:30.608] (INFO) Supervisor has entered RUNNING state.
[2015/11/04 11:38:30.608] (INFO) Flushed 60 buffers to disk.
[2015/11/04 11:38:30.608] (INFO) Sending SIGTERM to 4 excess workers.
[2015/11/04 11:38:30.608] (INFO) Network heartbeat check: All OK.
[2015/11/04 11:38:30.608] (INFO) Waiting for monitor process (PID 58085) to die.
[2015/11/04 11:38:30.608] (INFO) Checked file systems for errors: All filesystems OK.
[2015/11/04 11:38:30.608] (INFO) Sending SIGTERM to 4 excess workers.
[2015/11/04 11:38:30.608] (INFO) Backed up all server logs.
[2015/11/04 11:38:30.608] (ERROR) Detected clock skew! Restarting NTP server.
[2015/11/04 11:38:30.608] (INFO) Network heartbeat check: All OK.
[2015/11/04 11:38:30.608] (INFO) Waiting for worker process (PID 35636) to die.
[2015/11/04 11:38:30.608] (INFO) Sending SIGTERM to 4 excess workers.
[2015/11/04 11:38:30.608] (INFO) User "rqz2451" logged in from 192.168.222.185.
[2015/11/04 11:38:30.608] (ERROR) Failed to write checkpoint file "/var/checkpoint/Uhbwx66996: No space left on device (ENOSPC)
[2015/11/04 11:38:30.608] (INFO) Flushed 29 buffers to disk.
[2015/11/04 11:38:30.608] (INFO) Alien monitor (aliend): Detected no space aliens.
[2015/11/04 11:38:30.608] (ERROR) Unable to mount /dev/sdc1. (Time to run fsck?)
[2015/11/04 11:38:30.608] (INFO) Your mother called. She says you never call her.
[2015/11/04 11:38:30.608] (WARN) Network heartbeat check: 9 server(s) did not respond.
[2015/11/04 11:38:30.608] (INFO) Waiting for monitor process (PID 10405) to die.
[2015/11/04 11:38:30.608] (ERROR) Blocked FTP traffic originating from 172.16.111.153.
[2015/11/04 11:38:30.608] (INFO) Backed up all server logs.
[2015/11/04 11:38:31.107] (WARN) Retrying server log checkpoint.
[2015/11/04 11:38:31.107] (INFO) User "xvc9815" logged in from 10.5.247.108.
[2015/11/04 11:38:31.107] (INFO) Checked file systems for errors: All filesystems OK.
[2015/11/04 11:38:31.107] (INFO) Waiting for monitor process (PID 63419) to die.
[2015/11/04 11:38:31.107] (INFO) User "nnx3518" logged out.
[2015/11/04 11:38:31.107] (INFO) Backed up all server logs.
[2015/11/04 11:38:31.107] (ERROR) EFOODFAIL (Waiter, there's a fly in my soup).
[2015/11/04 11:38:31.107] (WARN) There is no such thing as a free lunch.
[2015/11/04 11:38:31.107] (INFO) Sending SIGTERM to 2 excess workers.
[2015/11/04 11:38:31.107] (INFO) Sending SIGTERM to 3 excess workers.
[2015/11/04 11:38:31.107] (INFO) Sending SIGTERM to 4 excess workers.
[2015/11/04 11:38:31.107] (INFO) .evian ylbirret si emehcs otpyrc ym neht ,siht daer nac uoy fI
[2015/11/04 11:38:31.107] (INFO) Alien monitor (aliend): Detected no space aliens.
[2015/11/04 11:38:31.107] (INFO) Device 0x96a7 is online.
[2015/11/04 11:38:31.107] (INFO) Alien monitor (aliend): Detected no space aliens.
[2015/11/04 11:38:31.107] (INFO) Alien monitor (aliend): Detected no space aliens.
[2015/11/04 11:38:31.107] (WARN) Watchdog timer crashed. Restarting it.
[2015/11/04 11:38:31.107] (WARN) CPU temperature exceeds 40º Celsius.
[2015/11/04 11:38:31.107] (INFO) Checkpointing off-heap server memory...
[2015/11/04 11:38:31.107] (INFO) Waiting for master process (PID 53850) to die.
[2015/11/04 11:38:31.107] (ERROR) Blocked BitTorrent traffic originating from 10.239.110.97.
[2015/11/04 11:38:31.107] (INFO) User "bmp7707" logged in from 192.168.113.187.
[2015/11/04 11:38:31.107] (INFO) Flushed 92 buffers to disk.
[2015/11/04 11:38:31.107] (INFO) Your mother called. She says you never call her.
[2015/11/04 11:38:31.107] (INFO) Network heartbeat check: All OK.
[2015/11/04 11:38:31.107] (ERROR) Blocked Little Bobby Tables attack (https://xkcd.com/327/) from 192.168.226.193.
[2015/11/04 11:38:31.107] (INFO) Alien monitor (aliend): Detected no space aliens.
[2015/11/04 11:38:31.107] (INFO) User "piu3915" logged out.
[2015/11/04 11:38:31.107] (INFO) Flushed 96 buffers to disk.
[2015/11/04 11:38:31.107] (ERROR) Extra characters at end of line.
[2015/11/04 11:38:31.107] (INFO) User "ull3734" logged out due to inactivity (timeout=30 minutes).
[2015/11/04 11:38:31.107] (INFO) Waiting for worker process (PID 54068) to die.
[2015/11/04 11:38:31.107] (INFO) Alien monitor (aliend): Detected no space aliens.
[2015/11/04 11:38:31.107] (ERROR) Unable to authenticate user "uor1009": LDAP server isn't responding.
[2015/11/04 11:38:31.107] (ERROR) Server log backup FAILED. See backup logs.
[2015/11/04 11:38:31.107] (INFO) Rolling 3 log file(s)...
[2015/11/04 11:38:31.107] (INFO) Flushed 63 buffers to disk.
[2015/11/04 11:38:31.107] (INFO) Checked file systems for errors: All filesystems OK.
[2015/11/04 11:38:31.107] (INFO) Checkpointing off-heap server memory...
[2015/11/04 11:38:31.107] (ERROR) Unable to write to "/var/data/FmvrR72811.tsv": Permission denied (EACCES)
[2015/11/04 11:38:31.107] (INFO) Your mother called. She says you never call her.
[2015/11/04 11:38:31.107] (INFO) .evian ylbirret si emehcs otpyrc ym neht ,siht daer nac uoy fI
[2015/11/04 11:38:31.107] (INFO) Supervisor has entered RESTARTING state.
[2015/11/04 11:38:31.107] (INFO) User "gho7560" logged in from 192.168.224.121.
[2015/11/04 11:38:31.107] (INFO) Checked file systems for errors: All filesystems OK.
[2015/11/04 11:38:31.107] (INFO) Rolling 3 log file(s)...
[2015/11/04 11:38:31.107] (INFO) Checked file systems for errors: All filesystems OK.
[2015/11/04 11:38:31.107] (INFO) User "voa4662" logged out due to inactivity (timeout=30 minutes).
[2015/11/04 11:38:31.107] (INFO) Pinging watchdog timer process: Process is alive.
[2015/11/04 11:38:31.107] (INFO) Supervisor has entered SUSPENDED state.
[2015/11/04 11:38:31.107] (ERROR) Alien monitor (aliend): 4 space aliens are fiddling with the hardware!
[2015/11/04 11:38:31.107] (INFO) Supervisor has entered WAITING state.
[2015/11/04 11:38:31.107] (INFO) Backed up all server logs.
[2015/11/04 11:38:31.107] (INFO) Waiting for worker process (PID 1452) to die.
[2015/11/04 11:38:31.107] (INFO) Rolling 2 log file(s)...
[2015/11/04 11:38:31.107] (INFO) Network heartbeat check: All OK.
[2015/11/04 11:38:31.107] (INFO) Checked file systems for errors: All filesystems OK.
[2015/11/04 11:38:31.107] (INFO) Pinging watchdog timer process: Process is alive.
[2015/11/04 11:38:31.107] (INFO) Checked file systems for errors: All filesystems OK.
[2015/11/04 11:38:31.107] (INFO) User "wmn5357" logged in from 172.16.142.139.
[2015/11/04 11:38:31.107] (INFO) Network heartbeat check: All OK.
[2015/11/04 11:38:31.107] (INFO) Flushed 29 buffers to disk.
[2015/11/04 11:38:31.107] (INFO) Waiting for supervisor process (PID 18430) to die.
[2015/11/04 11:38:31.107] (INFO) Network heartbeat check: All OK.
[2015/11/04 11:38:31.107] (ERROR) EFOODFAIL (Waiter, there's a fly in my soup).
[2015/11/04 11:38:31.107] (INFO) Device 0x88cf is online.
[2015/11/04 11:38:31.107] (INFO) Backed up all server logs.
[2015/11/04 11:38:31.107] (INFO) Waiting for monitor process (PID 59013) to die.
[2015/11/04 11:38:31.107] (INFO) Pinging watchdog timer process: Process is alive.
[2015/11/04 11:38:31.107] (INFO) .evian ylbirret si emehcs otpyrc ym neht ,siht daer nac uoy fI
[2015/11/04 11:38:31.107] (INFO) Your mother called. She says you never call her.
[2015/11/04 11:38:31.107] (INFO) Device 0xef47 is online.
[2015/11/04 11:38:31.107] (INFO) Backed up all server logs.
[2015/11/04 11:38:31.107] (INFO) Sending SIGTERM to 4 excess workers.
[2015/11/04 11:38:31.107] (INFO) Your mother called. She says you never call her.
[2015/11/04 11:38:31.107] (INFO) Pinging watchdog timer process: Process is alive.
[2015/11/04 11:38:31.107] (ERROR) Blocked Little Bobby Tables attack (https://xkcd.com/327/) from 10.113.232.243.
[2015/11/04 11:38:31.107] (WARN) Watchdog timer crashed. Restarting it.
[2015/11/04 11:38:31.107] (INFO) Sending SIGTERM to 4 excess workers.
[2015/11/04 11:38:31.107] (WARN) Space on disk /dev/sde3 is low: Only 706 MB available.
[2015/11/04 11:38:31.107] (INFO) Waiting for supervisor process (PID 42687) to die.
[2015/11/04 11:38:31.107] (INFO) .evian ylbirret si emehcs otpyrc ym neht ,siht daer nac uoy fI
[2015/11/04 11:38:31.107] (INFO) Backed up all server logs.
[2015/11/04 11:38:31.107] (ERROR) Blocked Little Bobby Tables attack (https://xkcd.com/327/) from 172.16.226.25.
[2015/11/04 11:38:31.107] (INFO) Device 0x7083 is online.
[2015/11/04 11:38:31.107] (INFO) Rolling 9 log file(s)...
[2015/11/04 11:38:31.107] (INFO) Backed up all server logs.
[2015/11/04 11:38:31.107] (INFO) User "tqv4545" logged out due to inactivity (timeout=30 minutes).
[2015/11/04 11:38:31.107] (INFO) Rolling 7 log file(s)...
[2015/11/04 11:38:31.107] (ERROR) Network heartbeat check FAILED: Master host down?
[2015/11/04 11:38:31.107] (WARN) Ignoring SIGTERM. It's not that easy to get rid of me.
[2015/11/04 11:38:31.107] (INFO) Checkpointing off-heap server memory...
[2015/11/04 11:38:31.107] (INFO) Your mother called. She says you never call her.
[2015/11/04 11:38:31.107] (INFO) Backed up all server logs.
[2015/11/04 11:38:31.107] (INFO) User "otn4349" logged out.
[2015/11/04 11:38:31.107] (WARN) Dropped 754 corrupt data packets.
[2015/11/04 11:38:31.107] (INFO) .evian ylbirret si emehcs otpyrc ym neht ,siht daer nac uoy fI
[2015/11/04 11:38:31.107] (INFO) Sending SIGTERM to 3 excess workers.
[2015/11/04 11:38:31.107] (INFO) Alien monitor (aliend): Detected no space aliens.
[2015/11/04 11:38:31.107] (INFO) Device 0xf48e is online.
[2015/11/04 11:38:31.607] (INFO) Waiting for monitor process (PID 64566) to die.
[2015/11/04 11:38:31.607] (INFO) Your mother called. She says you never call her.
[2015/11/04 11:38:31.607] (ERROR) "/var/data/ZXHjX91351.tar.gz": Permission denied (EACCES)
[2015/11/04 11:38:31.607] (INFO) User "sgh2588" logged out due to inactivity (timeout=30 minutes).
[2015/11/04 11:38:31.607] (INFO) Pinging watchdog timer process: Process is alive.
[2015/11/04 11:38:31.607] (INFO) Pinging watchdog timer process: Process is alive.
[2015/11/04 11:38:31.607] (INFO) Pinging watchdog timer process: Process is alive.
[2015/11/04 11:38:31.607] (INFO) User "jga3595" logged out.
[2015/11/04 11:38:31.607] (INFO) Backed up all server logs.
[2015/11/04 11:38:31.607] (INFO) Device 0xea17 is online.
[2015/11/04 11:38:31.607] (INFO) Backed up all server logs.
[2015/11/04 11:38:31.607] (INFO) Device 0x2b23 is online.
[2015/11/04 11:38:31.607] (INFO) User "ekj5837" logged in from 172.16.17.176.
[2015/11/04 11:38:31.607] (WARN) Ignoring SIGTERM. It's not that easy to get rid of me.
[2015/11/04 11:38:31.607] (ERROR) Network heartbeat check FAILED: Master host down?
[2015/11/04 11:38:31.607] (INFO) User "otm9686" logged in from 172.16.245.198.
[2015/11/04 11:38:31.607] (INFO) User "beo9677" logged out due to inactivity (timeout=30 minutes).
[2015/11/04 11:38:31.607] (INFO) Checked file systems for errors: All filesystems OK.
[2015/11/04 11:38:31.607] (INFO) Checked file systems for errors: All filesystems OK.
[2015/11/04 11:38:31.607] (INFO) Alien monitor (aliend): Detected no space aliens.
[2015/11/04 11:38:31.607] (INFO) Backed up all server logs.
[2015/11/04 11:38:31.607] (WARN) Ignoring SIGTERM. It's not that easy to get rid of me.
[2015/11/04 11:38:31.607] (INFO) Waiting for master process (PID 19042) to die.
[2015/11/04 11:38:31.607] (ERROR) EFOODFAIL (Waiter, there's a fly in my soup).
[2015/11/04 11:38:31.607] (INFO) .evian ylbirret si emehcs otpyrc ym neht ,siht daer nac uoy fI
[2015/11/04 11:38:31.607] (INFO) Waiting for master process (PID 17105) to die.
[2015/11/04 11:38:31.607] (INFO) Flushed 84 buffers to disk.
[2015/11/04 11:38:31.607] (INFO) Sending SIGTERM to 4 excess workers.
[2015/11/04 11:38:31.607] (ERROR) "/var/data/ibdpW99218.parquet": Permission denied (EACCES)
[2015/11/04 11:38:31.607] (WARN) Network heartbeat check: 18 server(s) did not respond.
[2015/11/04 11:38:31.607] (INFO) Backed up all server logs.
[2015/11/04 11:38:31.607] (INFO) Backed up all server logs.
[2015/11/04 11:38:31.607] (INFO) Backed up all server logs.
[2015/11/04 11:38:31.607] (INFO) Checkpointing off-heap server memory...
[2015/11/04 11:38:31.607] (INFO) Your mother called. She says you never call her.
[2015/11/04 11:38:31.607] (WARN) Backup server 10.16.4.191 is offline.
[2015/11/04 11:38:31.607] (INFO) User "frl1545" logged out due to inactivity (timeout=30 minutes).
[2015/11/04 11:38:31.607] (INFO) Backed up all server logs.
[2015/11/04 11:38:31.607] (ERROR) Blocked nmap traffic originating from 172.16.127.244.
[2015/11/04 11:38:31.607] (INFO) Device 0x0a5f is online.
[2015/11/04 11:38:31.607] (INFO) Checked file systems for errors: All filesystems OK.
[2015/11/04 11:38:31.607] (INFO) Waiting for monitor process (PID 62975) to die.
[2015/11/04 11:38:31.607] (INFO) Alien monitor (aliend): Detected no space aliens.
[2015/11/04 11:38:31.607] (INFO) Checked file systems for errors: All filesystems OK.
[2015/11/04 11:38:31.607] (INFO) Backed up all server logs.
[2015/11/04 11:38:31.607] (ERROR) Failed to open "/mnt/fileserver01/AjmxX62478.xslx": NFS timeout.
[2015/11/04 11:38:31.607] (INFO) Flushed 21 buffers to disk.
[2015/11/04 11:38:31.607] (INFO) Sending SIGTERM to 2 excess workers.
[2015/11/04 11:38:31.607] (ERROR) Device 0x55b0 is offline
[2015/11/04 11:38:31.607] (INFO) Device 0x59ec is online.
[2015/11/04 11:38:31.607] (INFO) Supervisor has entered WAITING state.
[2015/11/04 11:38:31.607] (INFO) .evian ylbirret si emehcs otpyrc ym neht ,siht daer nac uoy fI
[2015/11/04 11:38:31.607] (INFO) User "kss9446" logged in from 172.16.4.243.
[2015/11/04 11:38:31.607] (WARN) Network heartbeat check: 3 server(s) did not respond.
[2015/11/04 11:38:31.607] (INFO) Network heartbeat check: All OK.
[2015/11/04 11:38:31.607] (INFO) Checked file systems for errors: All filesystems OK.
[2015/11/04 11:38:31.607] (INFO) User "njc2377" logged out.
[2015/11/04 11:38:31.607] (INFO) Flushed 68 buffers to disk.
[2015/11/04 11:38:31.607] (INFO) Pinging watchdog timer process: Process is alive.
[2015/11/04 11:38:31.607] (INFO) Supervisor has entered SUSPENDED state.
[2015/11/04 11:38:31.607] (INFO) Supervisor has entered SUSPENDED state.
[2015/11/04 11:38:31.607] (INFO) Waiting for supervisor process (PID 59269) to die.
[2015/11/04 11:38:31.607] (INFO) Flushed 75 buffers to disk.
[2015/11/04 11:38:31.607] (INFO) Pinging watchdog timer process: Process is alive.
[2015/11/04 11:38:31.607] (ERROR) Server log backup FAILED. See backup logs.
[2015/11/04 11:38:31.607] (INFO) Alien monitor (aliend): Detected no space aliens.
[2015/11/04 11:38:31.607] (ERROR) CPU temperature exceeds 50º Celsius. Shutting down.
[2015/11/04 11:38:31.607] (INFO) Device 0x84f9 is online.
[2015/11/04 11:38:31.607] (ERROR) Network heartbeat check FAILED: Master host down?
[2015/11/04 11:38:31.607] (WARN) Backup server 172.16.121.43 is offline.
[2015/11/04 11:38:31.607] (WARN) There is no such thing as a free lunch.
[2015/11/04 11:38:31.607] (INFO) Pinging watchdog timer process: Process is alive.
[2015/11/04 11:38:31.607] (INFO) Checked file systems for errors: All filesystems OK.
[2015/11/04 11:38:31.607] (INFO) Pinging watchdog timer process: Process is alive.
[2015/11/04 11:38:31.607] (INFO) Rolling 5 log file(s)...
[2015/11/04 11:38:31.607] (INFO) Waiting for supervisor process (PID 48727) to die.
[2015/11/04 11:38:31.607] (INFO) Checkpointing off-heap server memory...
[2015/11/04 11:38:31.607] (INFO) Checkpointing off-heap server memory...
[2015/11/04 11:38:31.607] (INFO) Alien monitor (aliend): Detected no space aliens.
[2015/11/04 11:38:31.607] (INFO) Waiting for worker process (PID 64595) to die.
[2015/11/04 11:38:31.607] (ERROR) Alien monitor (aliend): 2 space aliens are fiddling with the hardware!
[2015/11/04 11:38:31.607] (INFO) Pinging watchdog timer process: Process is alive.
[2015/11/04 11:38:31.607] (WARN) Dropped 15,432 corrupt data packets.
[2015/11/04 11:38:31.607] (INFO) .evian ylbirret si emehcs otpyrc ym neht ,siht daer nac uoy fI
[2015/11/04 11:38:31.607] (INFO) Your mother called. She says you never call her.
[2015/11/04 11:38:31.607] (INFO) Checkpointing off-heap server memory...
[2015/11/04 11:38:31.607] (ERROR) User "tml4242" failed to log in 3 times. Disabling account.
[2015/11/04 11:38:31.607] (ERROR) Unable to write to "/var/data/OLdeN74347.zip": Permission denied (EACCES)
[2015/11/04 11:38:31.607] (INFO) Checkpointing off-heap server memory...
[2015/11/04 11:38:31.607] (WARN) Master took 644 ms to respond (threshold=500 ms)
[2015/11/04 11:38:31.607] (INFO) User "jxb7433" logged out due to inactivity (timeout=30 minutes).
[2015/11/04 11:38:31.607] (INFO) .evian ylbirret si emehcs otpyrc ym neht ,siht daer nac uoy fI
[2015/11/04 11:38:31.607] (INFO) User "dgd6448" logged out due to inactivity (timeout=30 minutes).
[2015/11/04 11:38:31.607] (INFO) Network heartbeat check: All OK.
[2015/11/04 11:38:31.607] (INFO) Rolling 8 log file(s)...
[2015/11/04 11:38:31.607] (INFO) Waiting for worker process (PID 39011) to die.
[2015/11/04 11:38:31.607] (INFO) Waiting for worker process (PID 58325) to die.
[2015/11/04 11:38:31.607] (INFO) User "ywj1868" logged in from 10.154.25.64.
[2015/11/04 11:38:31.607] (INFO) User "rgw3578" logged out due to inactivity (timeout=30 minutes).
[2015/11/04 11:38:31.607] (INFO) Checkpointing off-heap server memory...
[2015/11/04 11:38:32.108] (INFO) Rolling 7 log file(s)...
[2015/11/04 11:38:32.108] (INFO) Flushed 56 buffers to disk.
[2015/11/04 11:38:32.108] (INFO) Checked file systems for errors: All filesystems OK.
[2015/11/04 11:38:32.108] (INFO) Your mother called. She says you never call her.
[2015/11/04 11:38:32.108] (INFO) Network heartbeat check: All OK.
[2015/11/04 11:38:32.108] (INFO) Checkpointing off-heap server memory...
[2015/11/04 11:38:32.108] (INFO) Backed up all server logs.
[2015/11/04 11:38:32.108] (INFO) Your mother called. She says you never call her.
[2015/11/04 11:38:32.108] (INFO) Your mother called. She says you never call her.
[2015/11/04 11:38:32.108] (INFO) Rolling 9 log file(s)...
[2015/11/04 11:38:32.108] (INFO) User "jnn7916" logged out.
[2015/11/04 11:38:32.108] (INFO) Network heartbeat check: All OK.
[2015/11/04 11:38:32.108] (INFO) Waiting for monitor process (PID 41004) to die.
[2015/11/04 11:38:32.108] (INFO) Checkpointing off-heap server memory...
[2015/11/04 11:38:32.108] (INFO) Rolling 2 log file(s)...
[2015/11/04 11:38:32.108] (INFO) Your mother called. She says you never call her.
[2015/11/04 11:38:32.108] (INFO) Your mother called. She says you never call her.
[2015/11/04 11:38:32.108] (INFO) Checked file systems for errors: All filesystems OK.
[2015/11/04 11:38:32.108] (INFO) Alien monitor (aliend): Detected no space aliens.
[2015/11/04 11:38:32.108] (INFO) User "xjh6289" logged out due to inactivity (timeout=30 minutes).
[2015/11/04 11:38:32.108] (INFO) Device 0x7e78 is online.
[2015/11/04 11:38:32.108] (INFO) Device 0xd620 is online.
[2015/11/04 11:38:32.108] (INFO) Rolling 4 log file(s)...
[2015/11/04 11:38:32.108] (INFO) User "xij2057" logged out.
[2015/11/04 11:38:32.108] (ERROR) CPU temperature exceeds 50º Celsius. Shutting down.
[2015/11/04 11:38:32.108] (INFO) Rolling 9 log file(s)...
[2015/11/04 11:38:32.108] (INFO) Supervisor has entered RUNNING state.
[2015/11/04 11:38:32.108] (INFO) Backed up all server logs.
[2015/11/04 11:38:32.108] (INFO) Sending SIGTERM to 4 excess workers.
[2015/11/04 11:38:32.108] (INFO) User "fjm7690" logged out due to inactivity (timeout=30 minutes).
[2015/11/04 11:38:32.108] (INFO) Checked file systems for errors: All filesystems OK.
[2015/11/04 11:38:32.108] (INFO) Rolling 6 log file(s)...
[2015/11/04 11:38:32.108] (ERROR) Extra characters at end of line.
[2015/11/04 11:38:32.108] (INFO) Backed up all server logs.
[2015/11/04 11:38:32.108] (INFO) Waiting for monitor process (PID 43204) to die.
[2015/11/04 11:38:32.108] (INFO) Network heartbeat check: All OK.
[2015/11/04 11:38:32.108] (ERROR) Server log backup FAILED. See backup logs.
[2015/11/04 11:38:32.108] (INFO) Network heartbeat check: All OK.
[2015/11/04 11:38:32.108] (INFO) Supervisor has entered RESTARTING state.
[2015/11/04 11:38:32.108] (INFO) Device 0xcd23 is online.
[2015/11/04 11:38:32.108] (INFO) Network heartbeat check: All OK.
[2015/11/04 11:38:32.108] (INFO) Flushed 55 buffers to disk.
[2015/11/04 11:38:32.108] (INFO) Pinging watchdog timer process: Process is alive.
[2015/11/04 11:38:32.108] (INFO) Rolling 6 log file(s)...
[2015/11/04 11:38:32.108] (INFO) Device 0x61a0 is online.
[2015/11/04 11:38:32.108] (INFO) User "zpo5074" logged in from 10.145.22.202.
[2015/11/04 11:38:32.108] (INFO) Sending SIGTERM to 3 excess workers.
[2015/11/04 11:38:32.108] (INFO) User "zgj1776" logged in from 172.16.132.107.
[2015/11/04 11:38:32.108] (INFO) Device 0xb5a2 is online.
[2015/11/04 11:38:32.108] (INFO) .evian ylbirret si emehcs otpyrc ym neht ,siht daer nac uoy fI
[2015/11/04 11:38:32.108] (INFO) Backed up all server logs.
[2015/11/04 11:38:32.108] (INFO) Your mother called. She says you never call her.
[2015/11/04 11:38:32.108] (ERROR) Worker 1 died with SIGPOLL. Restarting it.
[2015/11/04 11:38:32.108] (INFO) .evian ylbirret si emehcs otpyrc ym neht ,siht daer nac uoy fI
[2015/11/04 11:38:32.108] (INFO) Supervisor has entered WAITING state.
[2015/11/04 11:38:32.108] (WARN) Possible cyber-attack from Alpha Centauri.
[2015/11/04 11:38:32.108] (INFO) Waiting for supervisor process (PID 50218) to die.
[2015/11/04 11:38:32.108] (INFO) .evian ylbirret si emehcs otpyrc ym neht ,siht daer nac uoy fI
[2015/11/04 11:38:32.108] (INFO) Device 0x3885 is online.
[2015/11/04 11:38:32.108] (INFO) Checked file systems for errors: All filesystems OK.
[2015/11/04 11:38:32.108] (INFO) Network heartbeat check: All OK.
[2015/11/04 11:38:32.108] (INFO) Checkpointing off-heap server memory...
[2015/11/04 11:38:32.108] (WARN) Space on disk /dev/sdd4 is low: Only 289 MB available.
[2015/11/04 11:38:32.108] (INFO) User "bct2947" logged out.
[2015/11/04 11:38:32.108] (INFO) Waiting for worker process (PID 12528) to die.
[2015/11/04 11:38:32.108] (WARN) There is no such thing as a free lunch.
[2015/11/04 11:38:32.108] (INFO) Checked file systems for errors: All filesystems OK.
[2015/11/04 11:38:32.108] (INFO) Checkpointing off-heap server memory...
[2015/11/04 11:38:32.108] (INFO) Pinging watchdog timer process: Process is alive.
[2015/11/04 11:38:32.108] (ERROR) Network heartbeat check FAILED: Master host down?
[2015/11/04 11:38:32.108] (ERROR) "/var/data/nGXHC72348.xml": No such file or directory (ENOENT)
[2015/11/04 11:38:32.108] (ERROR) Worker 9 died with SIGILL. Restarting it.
[2015/11/04 11:38:32.108] (ERROR) Extra characters at end of line.
[2015/11/04 11:38:32.108] (INFO) .evian ylbirret si emehcs otpyrc ym neht ,siht daer nac uoy fI
[2015/11/04 11:38:32.108] (INFO) Device 0xea46 is online.
[2015/11/04 11:38:32.108] (ERROR) Failed to open "/mnt/fileserver01/ztAVR57799.csv": NFS timeout.
[2015/11/04 11:38:32.108] (INFO) Waiting for master process (PID 43825) to die.
[2015/11/04 11:38:32.108] (INFO) Sending SIGTERM to 2 excess workers.
[2015/11/04 11:38:32.108] (INFO) Checked file systems for errors: All filesystems OK.
[2015/11/04 11:38:32.108] (INFO) User "qmn8292" logged in from 192.168.104.136.
[2015/11/04 11:38:32.108] (INFO) Backed up all server logs.
[2015/11/04 11:38:32.108] (INFO) Supervisor has entered SUSPENDED state.
[2015/11/04 11:38:32.108] (INFO) Your mother called. She says you never call her.
[2015/11/04 11:38:32.108] (INFO) Flushed 21 buffers to disk.
[2015/11/04 11:38:32.108] (WARN) Ignoring SIGTERM. It's not that easy to get rid of me.
[2015/11/04 11:38:32.108] (INFO) Pinging watchdog timer process: Process is alive.
[2015/11/04 11:38:32.108] (INFO) Your mother called. She says you never call her.
[2015/11/04 11:38:32.108] (INFO) Your mother called. She says you never call her.
[2015/11/04 11:38:32.108] (INFO) Waiting for master process (PID 23668) to die.
[2015/11/04 11:38:32.108] (INFO) Network heartbeat check: All OK.
[2015/11/04 11:38:32.108] (INFO) Device 0x79c0 is online.
[2015/11/04 11:38:32.108] (INFO) Supervisor has entered RESTARTING state.
[2015/11/04 11:38:32.108] (WARN) Dropped 11,219 corrupt data packets.
[2015/11/04 11:38:32.108] (INFO) User "iab4681" logged out.
[2015/11/04 11:38:32.108] (INFO) Pinging watchdog timer process: Process is alive.
[2015/11/04 11:38:32.108] (INFO) Checkpointing off-heap server memory...
[2015/11/04 11:38:32.108] (ERROR) Connection to 172.16.218.241 terminated unexpectedly. Reconnecting.
[2015/11/04 11:38:32.108] (ERROR) Extra characters at end of line.
[2015/11/04 11:38:32.108] (WARN) Ignoring SIGTERM. It's not that easy to get rid of me.
[2015/11/04 11:38:32.108] (INFO) Supervisor has entered RESTARTING state.
[2015/11/04 11:38:32.608] (INFO) Flushed 75 buffers to disk.
[2015/11/04 11:38:32.608] (INFO) Rolling 3 log file(s)...
[2015/11/04 11:38:32.608] (INFO) Checkpointing off-heap server memory...
[2015/11/04 11:38:32.608] (WARN) Ignoring SIGTERM. It's not that easy to get rid of me.
[2015/11/04 11:38:32.608] (INFO) Rolling 9 log file(s)...
[2015/11/04 11:38:32.608] (INFO) User "xoz6421" logged out due to inactivity (timeout=30 minutes).
[2015/11/04 11:38:32.608] (INFO) Checked file systems for errors: All filesystems OK.
[2015/11/04 11:38:32.608] (ERROR) Extra characters at end of line.
[2015/11/04 11:38:32.608] (INFO) Checked file systems for errors: All filesystems OK.
[2015/11/04 11:38:32.608] (INFO) Checked file systems for errors: All filesystems OK.
[2015/11/04 11:38:32.608] (ERROR) Device 0xb89d is offline
[2015/11/04 11:38:32.608] (INFO) Flushed 26 buffers to disk.
[2015/11/04 11:38:32.608] (INFO) User "vwn2025" logged out.
[2015/11/04 11:38:32.608] (INFO) User "jlm1392" logged out due to inactivity (timeout=30 minutes).
[2015/11/04 11:38:32.608] (INFO) User "yog7504" logged out.
[2015/11/04 11:38:32.608] (ERROR) "/var/data/fjPDm95496.parquet": No such file or directory (ENOENT)
[2015/11/04 11:38:32.608] (INFO) User "zng2341" logged in from 192.168.132.102.
[2015/11/04 11:38:32.608] (INFO) Waiting for monitor process (PID 5889) to die.
[2015/11/04 11:38:32.608] (INFO) User "qxr3814" logged out due to inactivity (timeout=30 minutes).
[2015/11/04 11:38:32.608] (INFO) User "whw6586" logged in from 172.16.8.212.
[2015/11/04 11:38:32.608] (WARN) Network heartbeat check: 13 server(s) did not respond.
[2015/11/04 11:38:32.608] (INFO) Your mother called. She says you never call her.
[2015/11/04 11:38:32.608] (WARN) Space on disk /dev/sdf1 is low: Only 699 MB available.
[2015/11/04 11:38:32.608] (INFO) Flushed 49 buffers to disk.
[2015/11/04 11:38:32.608] (ERROR) Network heartbeat check FAILED: Master host down?
[2015/11/04 11:38:32.608] (INFO) Your mother called. She says you never call her.
[2015/11/04 11:38:32.608] (INFO) Checkpointing off-heap server memory...
[2015/11/04 11:38:32.608] (INFO) User "hlh9468" logged in from 10.192.25.58.
[2015/11/04 11:38:32.608] (ERROR) Failed to open "/mnt/fileserver02/nleTQ72670.csv": NFS timeout.
[2015/11/04 11:38:32.608] (INFO) User "xwx1666" logged out due to inactivity (timeout=30 minutes).
[2015/11/04 11:38:32.608] (INFO) Sending SIGTERM to 2 excess workers.
[2015/11/04 11:38:32.608] (INFO) .evian ylbirret si emehcs otpyrc ym neht ,siht daer nac uoy fI
[2015/11/04 11:38:32.608] (INFO) Checkpointing off-heap server memory...
[2015/11/04 11:38:32.608] (INFO) User "cpi4836" logged in from 10.6.187.138.
[2015/11/04 11:38:32.608] (INFO) Device 0xd1cf is online.
[2015/11/04 11:38:32.608] (INFO) Checkpointing off-heap server memory...
[2015/11/04 11:38:32.608] (INFO) Backed up all server logs.
[2015/11/04 11:38:32.608] (INFO) Your mother called. She says you never call her.
[2015/11/04 11:38:32.608] (INFO) Device 0xab03 is online.
[2015/11/04 11:38:32.608] (ERROR) Detected clock skew! Restarting NTP server.
[2015/11/04 11:38:32.608] (WARN) Unable to ping monitor at 172.16.220.112. Retrying.
[2015/11/04 11:38:32.608] (INFO) Alien monitor (aliend): Detected no space aliens.
[2015/11/04 11:38:32.608] (INFO) Your mother called. She says you never call her.
[2015/11/04 11:38:32.608] (INFO) Your mother called. She says you never call her.
[2015/11/04 11:38:32.608] (ERROR) Connection to 10.175.21.44 terminated unexpectedly. Reconnecting.
[2015/11/04 11:38:32.608] (INFO) Rolling 1 log file(s)...
[2015/11/04 11:38:32.608] (INFO) Backed up all server logs.
[2015/11/04 11:38:32.608] (INFO) User "hwz3228" logged in from 172.16.98.188.
[2015/11/04 11:38:32.608] (INFO) Supervisor has entered WAITING state.
[2015/11/04 11:38:32.608] (INFO) Your mother called. She says you never call her.
[2015/11/04 11:38:32.608] (INFO) Rolling 3 log file(s)...
[2015/11/04 11:38:32.608] (INFO) Checked file systems for errors: All filesystems OK.
[2015/11/04 11:38:32.608] (INFO) User "gtx5194" logged out.
[2015/11/04 11:38:32.608] (INFO) User "qwh2286" logged out.
[2015/11/04 11:38:32.608] (INFO) User "poe9219" logged in from 10.64.48.143.
[2015/11/04 11:38:32.608] (INFO) User "qrx6213" logged out due to inactivity (timeout=30 minutes).
[2015/11/04 11:38:32.608] (INFO) Checkpointing off-heap server memory...
[2015/11/04 11:38:32.608] (ERROR) Detected incoming DDoS from 10.200.3.128.
[2015/11/04 11:38:32.608] (ERROR) Blocked nmap traffic originating from 10.130.239.235.
[2015/11/04 11:38:32.608] (INFO) Sending SIGTERM to 2 excess workers.
[2015/11/04 11:38:32.608] (INFO) Checkpointing off-heap server memory...
[2015/11/04 11:38:32.608] (INFO) User "qbs1480" logged in from 172.16.175.64.
[2015/11/04 11:38:32.608] (INFO) Rolling 1 log file(s)...
[2015/11/04 11:38:32.608] (INFO) Checkpointing off-heap server memory...
[2015/11/04 11:38:32.608] (INFO) Backed up all server logs.
[2015/11/04 11:38:32.608] (INFO) Device 0x593d is online.
[2015/11/04 11:38:32.608] (WARN) There is no such thing as a free lunch.
[2015/11/04 11:38:32.608] (INFO) Sending SIGTERM to 2 excess workers.
[2015/11/04 11:38:32.608] (INFO) Waiting for supervisor process (PID 53835) to die.
[2015/11/04 11:38:32.608] (INFO) Waiting for monitor process (PID 23866) to die.
[2015/11/04 11:38:32.608] (INFO) Supervisor has entered RUNNING state.
[2015/11/04 11:38:32.608] (INFO) Your mother called. She says you never call her.
[2015/11/04 11:38:32.608] (INFO) User "cjj4236" logged out due to inactivity (timeout=30 minutes).
[2015/11/04 11:38:32.608] (INFO) User "rqt2629" logged out due to inactivity (timeout=30 minutes).
[2015/11/04 11:38:32.608] (INFO) User "pfo2739" logged in from 10.80.65.44.
[2015/11/04 11:38:32.608] (INFO) Checked file systems for errors: All filesystems OK.
[2015/11/04 11:38:32.608] (INFO) Your mother called. She says you never call her.
[2015/11/04 11:38:32.608] (INFO) Waiting for master process (PID 766) to die.
[2015/11/04 11:38:32.608] (INFO) Alien monitor (aliend): Detected no space aliens.
[2015/11/04 11:38:32.608] (INFO) Supervisor has entered RUNNING state.
[2015/11/04 11:38:32.608] (INFO) Device 0x1b3c is online.
[2015/11/04 11:38:32.608] (INFO) Your mother called. She says you never call her.
[2015/11/04 11:38:32.608] (INFO) Checked file systems for errors: All filesystems OK.
[2015/11/04 11:38:32.608] (INFO) Your mother called. She says you never call her.
[2015/11/04 11:38:32.608] (INFO) Supervisor has entered SUSPENDED state.
[2015/11/04 11:38:32.608] (WARN) There is no such thing as a free lunch.
[2015/11/04 11:38:32.608] (INFO) Alien monitor (aliend): Detected no space aliens.
[2015/11/04 11:38:32.608] (INFO) Your mother called. She says you never call her.
[2015/11/04 11:38:32.608] (INFO) Sending SIGTERM to 3 excess workers.
[2015/11/04 11:38:32.608] (INFO) Network heartbeat check: All OK.
[2015/11/04 11:38:32.608] (INFO) User "xas2513" logged out due to inactivity (timeout=30 minutes).
[2015/11/04 11:38:32.608] (INFO) Pinging watchdog timer process: Process is alive.
[2015/11/04 11:38:32.608] (INFO) Supervisor has entered RUNNING state.
[2015/11/04 11:38:32.608] (INFO) Device 0xd5a9 is online.
[2015/11/04 11:38:32.608] (INFO) Checked file systems for errors: All filesystems OK.
[2015/11/04 11:38:32.608] (INFO) Device 0xb392 is online.
[2015/11/04 11:38:32.608] (INFO) Alien monitor (aliend): Detected no space aliens.
[2015/11/04 11:38:32.608] (INFO) User "qbq4579" logged out due to inactivity (timeout=30 minutes).
[2015/11/04 11:38:32.608] (INFO) User "cnd9746" logged out.
[2015/11/04 11:38:32.608] (INFO) Your mother called. She says you never call her.
[2015/11/04 11:38:33.108] (ERROR) Unable to write to "/var/data/xEHzO59834.csv": Permission denied (EACCES)
[2015/11/04 11:38:33.108] (ERROR) Extra characters at end of line.
[2015/11/04 11:38:33.108] (INFO) Supervisor has entered RESTARTING state.
[2015/11/04 11:38:33.108] (INFO) Pinging watchdog timer process: Process is alive.
[2015/11/04 11:38:33.108] (INFO) Waiting for master process (PID 53303) to die.
[2015/11/04 11:38:33.108] (INFO) Alien monitor (aliend): Detected no space aliens.
[2015/11/04 11:38:33.108] (INFO) Supervisor has entered WAITING state.
[2015/11/04 11:38:33.108] (INFO) User "hjz8150" logged in from 172.16.150.227.
[2015/11/04 11:38:33.108] (INFO) Supervisor has entered WAITING state.
[2015/11/04 11:38:33.108] (INFO) User "glz1164" logged out due to inactivity (timeout=30 minutes).
[2015/11/04 11:38:33.108] (WARN) Possible cyber-attack from Mars.
[2015/11/04 11:38:33.108] (INFO) Your mother called. She says you never call her.
[2015/11/04 11:38:33.108] (INFO) Checkpointing off-heap server memory...
[2015/11/04 11:38:33.108] (ERROR) CPU temperature exceeds 50º Celsius. Shutting down.
[2015/11/04 11:38:33.108] (INFO) Your mother called. She says you never call her.
[2015/11/04 11:38:33.108] (INFO) User "sts6740" logged in from 10.154.196.11.
[2015/11/04 11:38:33.108] (INFO) Rolling 8 log file(s)...
[2015/11/04 11:38:33.108] (ERROR) Unable to write to "/var/data/VBkwf76875.tar.gz": Permission denied (EACCES)
[2015/11/04 11:38:33.108] (INFO) Device 0x10db is online.
[2015/11/04 11:38:33.108] (INFO) Alien monitor (aliend): Detected no space aliens.
[2015/11/04 11:38:33.108] (INFO) Flushed 51 buffers to disk.
[2015/11/04 11:38:33.108] (INFO) Waiting for master process (PID 9077) to die.
[2015/11/04 11:38:33.108] (INFO) Your mother called. She says you never call her.
[2015/11/04 11:38:33.108] (INFO) User "noy8002" logged out.
[2015/11/04 11:38:33.108] (ERROR) One of the flayrods has gone out askew on treadle.
[2015/11/04 11:38:33.108] (ERROR) Server log backup FAILED. See backup logs.
[2015/11/04 11:38:33.108] (INFO) Your mother called. She says you never call her.
[2015/11/04 11:38:33.108] (INFO) Device 0xac8a is online.
[2015/11/04 11:38:33.108] (INFO) User "yki7072" logged in from 10.4.151.42.
[2015/11/04 11:38:33.108] (INFO) User "bnd2749" logged in from 172.16.165.170.
[2015/11/04 11:38:33.108] (INFO) Backed up all server logs.
[2015/11/04 11:38:33.108] (INFO) Backed up all server logs.
[2015/11/04 11:38:33.108] (INFO) Waiting for monitor process (PID 3050) to die.
[2015/11/04 11:38:33.108] (INFO) Device 0x6eb9 is online.
[2015/11/04 11:38:33.108] (INFO) Checked file systems for errors: All filesystems OK.
[2015/11/04 11:38:33.108] (INFO) Device 0x2ca0 is online.
[2015/11/04 11:38:33.108] (WARN) CPU temperature exceeds 40º Celsius.
[2015/11/04 11:38:33.108] (ERROR) Detected clock skew! Restarting NTP server.
[2015/11/04 11:38:33.108] (WARN) Watchdog timer crashed. Restarting it.
[2015/11/04 11:38:33.108] (INFO) Checkpointing off-heap server memory...
[2015/11/04 11:38:33.108] (INFO) Checkpointing off-heap server memory...
[2015/11/04 11:38:33.108] (INFO) Flushed 93 buffers to disk.
[2015/11/04 11:38:33.108] (INFO) User "oml1941" logged out.
[2015/11/04 11:38:33.108] (INFO) Pinging watchdog timer process: Process is alive.
[2015/11/04 11:38:33.108] (WARN) CPU temperature exceeds 40º Celsius.
[2015/11/04 11:38:33.108] (ERROR) Connection to 192.168.48.155 terminated unexpectedly. Reconnecting.
[2015/11/04 11:38:33.108] (INFO) Network heartbeat check: All OK.
[2015/11/04 11:38:33.108] (INFO) Waiting for worker process (PID 63951) to die.
[2015/11/04 11:38:33.108] (INFO) Checked file systems for errors: All filesystems OK.
[2015/11/04 11:38:33.108] (INFO) User "yyd3660" logged out due to inactivity (timeout=30 minutes).
[2015/11/04 11:38:33.108] (INFO) Waiting for monitor process (PID 52338) to die.
[2015/11/04 11:38:33.108] (INFO) Alien monitor (aliend): Detected no space aliens.
[2015/11/04 11:38:33.108] (INFO) User "jik9574" logged in from 192.168.22.95.
[2015/11/04 11:38:33.108] (INFO) Rolling 6 log file(s)...
[2015/11/04 11:38:33.108] (INFO) Sending SIGTERM to 4 excess workers.
[2015/11/04 11:38:33.108] (WARN) Dropped 6,615 corrupt data packets.
[2015/11/04 11:38:33.108] (INFO) Sending SIGTERM to 3 excess workers.
[2015/11/04 11:38:33.108] (WARN) Unable to ping monitor at 172.16.40.15. Retrying.
[2015/11/04 11:38:33.108] (INFO) Checked file systems for errors: All filesystems OK.
[2015/11/04 11:38:33.108] (WARN) Master took 516 ms to respond (threshold=500 ms)
[2015/11/04 11:38:33.108] (WARN) Retrying server log checkpoint.
[2015/11/04 11:38:33.108] (INFO) Your mother called. She says you never call her.
[2015/11/04 11:38:33.108] (INFO) Network heartbeat check: All OK.
[2015/11/04 11:38:33.108] (WARN) Ignoring SIGTERM. It's not that easy to get rid of me.
[2015/11/04 11:38:33.108] (ERROR) CPU temperature exceeds 50º Celsius. Shutting down.
[2015/11/04 11:38:33.108] (INFO) .evian ylbirret si emehcs otpyrc ym neht ,siht daer nac uoy fI
[2015/11/04 11:38:33.108] (WARN) Retrying server log checkpoint.
[2015/11/04 11:38:33.108] (INFO) Device 0xc913 is online.
[2015/11/04 11:38:33.108] (INFO) User "sol8019" logged out due to inactivity (timeout=30 minutes).
[2015/11/04 11:38:33.108] (INFO) Device 0xeef5 is online.
[2015/11/04 11:38:33.108] (INFO) Device 0x3cc8 is online.
[2015/11/04 11:38:33.108] (INFO) User "wei7258" logged out.
[2015/11/04 11:38:33.108] (INFO) User "cvf1433" logged out due to inactivity (timeout=30 minutes).
[2015/11/04 11:38:33.108] (INFO) .evian ylbirret si emehcs otpyrc ym neht ,siht daer nac uoy fI
[2015/11/04 11:38:33.108] (INFO) User "zry5007" logged out due to inactivity (timeout=30 minutes).
[2015/11/04 11:38:33.108] (INFO) Pinging watchdog timer process: Process is alive.
[2015/11/04 11:38:33.108] (INFO) Rolling 1 log file(s)...
[2015/11/04 11:38:33.108] (INFO) Backed up all server logs.
[2015/11/04 11:38:33.108] (INFO) Flushed 84 buffers to disk.
[2015/11/04 11:38:33.108] (INFO) Alien monitor (aliend): Detected no space aliens.
[2015/11/04 11:38:33.108] (INFO) Network heartbeat check: All OK.
[2015/11/04 11:38:33.108] (INFO) Waiting for master process (PID 49005) to die.
[2015/11/04 11:38:33.108] (INFO) Your mother called. She says you never call her.
[2015/11/04 11:38:33.108] (INFO) Pinging watchdog timer process: Process is alive.
[2015/11/04 11:38:33.108] (INFO) Your mother called. She says you never call her.
[2015/11/04 11:38:33.108] (INFO) Supervisor has entered SUSPENDED state.
[2015/11/04 11:38:33.108] (WARN) Possible cyber-attack from China.
[2015/11/04 11:38:33.108] (INFO) Device 0x92f9 is online.
[2015/11/04 11:38:33.108] (INFO) User "uad2538" logged in from 192.168.168.185.
[2015/11/04 11:38:33.108] (INFO) User "jpo1771" logged out.
[2015/11/04 11:38:33.108] (INFO) User "dyy9652" logged out due to inactivity (timeout=30 minutes).
[2015/11/04 11:38:33.108] (INFO) Checked file systems for errors: All filesystems OK.
[2015/11/04 11:38:33.108] (WARN) Ignoring SIGTERM. It's not that easy to get rid of me.
[2015/11/04 11:38:33.108] (INFO) Network heartbeat check: All OK.
[2015/11/04 11:38:33.108] (INFO) Checkpointing off-heap server memory...
[2015/11/04 11:38:33.108] (INFO) Network heartbeat check: All OK.
[2015/11/04 11:38:33.108] (WARN) Possible cyber-attack from Mars.
[2015/11/04 11:38:33.108] (INFO) User "gle1256" logged in from 172.16.54.157.
[2015/11/04 11:38:33.108] (INFO) Alien monitor (aliend): Detected no space aliens.
[2015/11/04 11:38:33.108] (INFO) Checked file systems for errors: All filesystems OK.
[2015/11/04 11:38:33.608] (INFO) Supervisor has entered RUNNING state.
[2015/11/04 11:38:33.608] (INFO) Device 0x2fad is online.
[2015/11/04 11:38:33.608] (INFO) Backed up all server logs.
[2015/11/04 11:38:33.608] (INFO) Supervisor has entered RUNNING state.
[2015/11/04 11:38:33.608] (INFO) Waiting for worker process (PID 11459) to die.
[2015/11/04 11:38:33.608] (INFO) User "kye1415" logged out due to inactivity (timeout=30 minutes).
[2015/11/04 11:38:33.608] (INFO) Alien monitor (aliend): Detected no space aliens.
[2015/11/04 11:38:33.608] (INFO) Alien monitor (aliend): Detected no space aliens.
[2015/11/04 11:38:33.608] (INFO) .evian ylbirret si emehcs otpyrc ym neht ,siht daer nac uoy fI
[2015/11/04 11:38:33.608] (INFO) User "iae7731" logged out.
[2015/11/04 11:38:33.608] (INFO) Sending SIGTERM to 3 excess workers.
[2015/11/04 11:38:33.608] (INFO) Your mother called. She says you never call her.
[2015/11/04 11:38:33.608] (WARN) Space on disk /dev/sdf2 is low: Only 723 MB available.
[2015/11/04 11:38:33.608] (INFO) Pinging watchdog timer process: Process is alive.
[2015/11/04 11:38:33.608] (INFO) Checkpointing off-heap server memory...
[2015/11/04 11:38:33.608] (INFO) Rolling 3 log file(s)...
[2015/11/04 11:38:33.608] (WARN) CPU temperature exceeds 40º Celsius.
[2015/11/04 11:38:33.608] (INFO) Sending SIGTERM to 2 excess workers.
[2015/11/04 11:38:33.608] (INFO) Network heartbeat check: All OK.
[2015/11/04 11:38:33.608] (INFO) User "hen7975" logged out.
[2015/11/04 11:38:33.608] (INFO) Device 0x671a is online.
[2015/11/04 11:38:33.608] (INFO) Pinging watchdog timer process: Process is alive.
[2015/11/04 11:38:33.608] (WARN) There is no such thing as a free lunch.
[2015/11/04 11:38:33.608] (INFO) Sending SIGTERM to 3 excess workers.
[2015/11/04 11:38:33.608] (INFO) Flushed 92 buffers to disk.
[2015/11/04 11:38:33.608] (INFO) Rolling 3 log file(s)...
[2015/11/04 11:38:33.608] (INFO) Rolling 3 log file(s)...
[2015/11/04 11:38:33.608] (INFO) Network heartbeat check: All OK.
[2015/11/04 11:38:33.608] (INFO) .evian ylbirret si emehcs otpyrc ym neht ,siht daer nac uoy fI
[2015/11/04 11:38:33.608] (INFO) Sending SIGTERM to 4 excess workers.
[2015/11/04 11:38:33.608] (ERROR) Unable to write to "/var/data/puucR62890.xslx": Permission denied (EACCES)
[2015/11/04 11:38:33.608] (INFO) Waiting for worker process (PID 55636) to die.
[2015/11/04 11:38:33.608] (INFO) Sending SIGTERM to 4 excess workers.
[2015/11/04 11:38:33.608] (INFO) Rolling 8 log file(s)...
[2015/11/04 11:38:33.608] (INFO) Checked file systems for errors: All filesystems OK.
[2015/11/04 11:38:33.608] (INFO) Flushed 20 buffers to disk.
[2015/11/04 11:38:33.608] (INFO) Sending SIGTERM to 4 excess workers.
[2015/11/04 11:38:33.608] (INFO) Flushed 45 buffers to disk.
[2015/11/04 11:38:33.608] (INFO) Pinging watchdog timer process: Process is alive.
[2015/11/04 11:38:33.608] (INFO) Supervisor has entered SUSPENDED state.
[2015/11/04 11:38:33.608] (INFO) Checked file systems for errors: All filesystems OK.
[2015/11/04 11:38:33.608] (INFO) User "iql2852" logged in from 10.21.185.224.
[2015/11/04 11:38:33.608] (INFO) Rolling 4 log file(s)...
[2015/11/04 11:38:33.608] (INFO) Checked file systems for errors: All filesystems OK.
[2015/11/04 11:38:33.608] (INFO) Your mother called. She says you never call her.
[2015/11/04 11:38:33.608] (INFO) Your mother called. She says you never call her.
[2015/11/04 11:38:33.608] (INFO) Rolling 3 log file(s)...
[2015/11/04 11:38:33.608] (INFO) .evian ylbirret si emehcs otpyrc ym neht ,siht daer nac uoy fI
[2015/11/04 11:38:33.608] (INFO) Device 0xf608 is online.
[2015/11/04 11:38:33.608] (WARN) Retrying server log checkpoint.
[2015/11/04 11:38:33.608] (INFO) User "mwh9256" logged out due to inactivity (timeout=30 minutes).
[2015/11/04 11:38:33.608] (INFO) User "jno5439" logged in from 10.89.125.6.
[2015/11/04 11:38:33.608] (INFO) User "ber4771" logged out.
[2015/11/04 11:38:33.608] (ERROR) Device 0x91b8 is offline
[2015/11/04 11:38:33.608] (INFO) Supervisor has entered RESTARTING state.
[2015/11/04 11:38:33.608] (INFO) Your mother called. She says you never call her.
[2015/11/04 11:38:33.608] (INFO) Alien monitor (aliend): Detected no space aliens.
[2015/11/04 11:38:33.608] (INFO) Alien monitor (aliend): Detected no space aliens.
[2015/11/04 11:38:33.608] (INFO) Pinging watchdog timer process: Process is alive.
[2015/11/04 11:38:33.608] (INFO) Checked file systems for errors: All filesystems OK.
[2015/11/04 11:38:33.608] (INFO) Flushed 74 buffers to disk.
[2015/11/04 11:38:33.608] (INFO) Supervisor has entered RUNNING state.
[2015/11/04 11:38:33.608] (INFO) Checkpointing off-heap server memory...
[2015/11/04 11:38:33.608] (INFO) Sending SIGTERM to 3 excess workers.
[2015/11/04 11:38:33.608] (INFO) Device 0x0799 is online.
[2015/11/04 11:38:33.608] (INFO) Supervisor has entered WAITING state.
[2015/11/04 11:38:33.608] (WARN) CPU temperature exceeds 40º Celsius.
[2015/11/04 11:38:33.608] (INFO) Pinging watchdog timer process: Process is alive.
[2015/11/04 11:38:33.608] (INFO) Backed up all server logs.
[2015/11/04 11:38:33.608] (INFO) User "wqt3756" logged out.
[2015/11/04 11:38:33.608] (WARN) There is no such thing as a free lunch.
[2015/11/04 11:38:33.608] (INFO) Device 0x4c89 is online.
[2015/11/04 11:38:33.608] (INFO) Checkpointing off-heap server memory...
[2015/11/04 11:38:33.608] (ERROR) Device 0x2a3e is offline
[2015/11/04 11:38:33.608] (INFO) Your mother called. She says you never call her.
[2015/11/04 11:38:33.608] (INFO) Backed up all server logs.
[2015/11/04 11:38:33.608] (WARN) Network heartbeat check: 3 server(s) did not respond.
[2015/11/04 11:38:33.608] (INFO) Pinging watchdog timer process: Process is alive.
[2015/11/04 11:38:33.608] (INFO) Checkpointing off-heap server memory...
[2015/11/04 11:38:33.608] (ERROR) /dev/lp error: "PC LOAD LETTER"
[2015/11/04 11:38:33.608] (ERROR) Directory index of "/var/data" is forbidden.
[2015/11/04 11:38:33.608] (INFO) Flushed 92 buffers to disk.
[2015/11/04 11:38:33.608] (INFO) User "dlo9775" logged out due to inactivity (timeout=30 minutes).
[2015/11/04 11:38:33.608] (INFO) Backed up all server logs.
[2015/11/04 11:38:33.608] (INFO) Waiting for master process (PID 13554) to die.
[2015/11/04 11:38:33.608] (INFO) Checked file systems for errors: All filesystems OK.
[2015/11/04 11:38:33.608] (INFO) Flushed 98 buffers to disk.
[2015/11/04 11:38:33.608] (WARN) There is no such thing as a free lunch.
[2015/11/04 11:38:33.608] (ERROR) Extra characters at end of line.
[2015/11/04 11:38:33.608] (INFO) Network heartbeat check: All OK.
[2015/11/04 11:38:33.608] (INFO) Pinging watchdog timer process: Process is alive.
[2015/11/04 11:38:33.608] (INFO) User "ptq6720" logged out.
[2015/11/04 11:38:33.608] (INFO) .evian ylbirret si emehcs otpyrc ym neht ,siht daer nac uoy fI
[2015/11/04 11:38:33.608] (INFO) User "ued3487" logged out.
[2015/11/04 11:38:33.608] (INFO) Rolling 5 log file(s)...
[2015/11/04 11:38:33.608] (INFO) Flushed 68 buffers to disk.
[2015/11/04 11:38:33.608] (INFO) Backed up all server logs.
[2015/11/04 11:38:33.608] (INFO) Network heartbeat check: All OK.
[2015/11/04 11:38:33.608] (WARN) Retrying server log checkpoint.
[2015/11/04 11:38:33.608] (INFO) Sending SIGTERM to 4 excess workers.
[2015/11/04 11:38:34.108] (INFO) Checkpointing off-heap server memory...
[2015/11/04 11:38:34.108] (INFO) Alien monitor (aliend): Detected no space aliens.
[2015/11/04 11:38:34.108] (INFO) Device 0xde12 is online.
[2015/11/04 11:38:34.108] (WARN) Ignoring SIGTERM. It's not that easy to get rid of me.
[2015/11/04 11:38:34.108] (INFO) User "gsf4678" logged out.
[2015/11/04 11:38:34.108] (ERROR) Failed to write checkpoint file "/var/checkpoint/DjXbz84253: No space left on device (ENOSPC)
[2015/11/04 11:38:34.108] (INFO) Flushed 69 buffers to disk.
[2015/11/04 11:38:34.108] (WARN) Possible cyber-attack from Russia.
[2015/11/04 11:38:34.108] (WARN) Possible cyber-attack from The Cayman Islands.
[2015/11/04 11:38:34.108] (INFO) Alien monitor (aliend): Detected no space aliens.
[2015/11/04 11:38:34.108] (INFO) Sending SIGTERM to 4 excess workers.
[2015/11/04 11:38:34.108] (WARN) Network heartbeat check: 8 server(s) did not respond.
[2015/11/04 11:38:34.108] (ERROR) Directory index of "/var/data" is forbidden.
[2015/11/04 11:38:34.108] (WARN) Network heartbeat check: 9 server(s) did not respond.
[2015/11/04 11:38:34.108] (INFO) Backed up all server logs.
[2015/11/04 11:38:34.108] (INFO) Backed up all server logs.
[2015/11/04 11:38:34.108] (INFO) Alien monitor (aliend): Detected no space aliens.
[2015/11/04 11:38:34.108] (INFO) Checked file systems for errors: All filesystems OK.
[2015/11/04 11:38:34.108] (INFO) .evian ylbirret si emehcs otpyrc ym neht ,siht daer nac uoy fI
[2015/11/04 11:38:34.108] (INFO) Pinging watchdog timer process: Process is alive.
[2015/11/04 11:38:34.108] (WARN) Network heartbeat check: 12 server(s) did not respond.
[2015/11/04 11:38:34.108] (INFO) User "uas2688" logged in from 192.168.147.107.
[2015/11/04 11:38:34.108] (INFO) Checkpointing off-heap server memory...
[2015/11/04 11:38:34.108] (ERROR) Network heartbeat check FAILED: Master host down?
[2015/11/04 11:38:34.108] (INFO) Device 0xa9db is online.
[2015/11/04 11:38:34.108] (INFO) .evian ylbirret si emehcs otpyrc ym neht ,siht daer nac uoy fI
[2015/11/04 11:38:34.108] (ERROR) Worker 9 died with SIGABRT. Restarting it.
[2015/11/04 11:38:34.108] (INFO) Your mother called. She says you never call her.
[2015/11/04 11:38:34.108] (ERROR) Connection to 192.168.20.178 terminated unexpectedly. Reconnecting.
[2015/11/04 11:38:34.108] (INFO) Your mother called. She says you never call her.
[2015/11/04 11:38:34.108] (INFO) Flushed 70 buffers to disk.
[2015/11/04 11:38:34.108] (INFO) Backed up all server logs.
[2015/11/04 11:38:34.108] (WARN) Watchdog timer crashed. Restarting it.
[2015/11/04 11:38:34.108] (INFO) Rolling 4 log file(s)...
[2015/11/04 11:38:34.108] (INFO) Rolling 7 log file(s)...
[2015/11/04 11:38:34.108] (INFO) User "qwu6673" logged out.
[2015/11/04 11:38:34.108] (INFO) Pinging watchdog timer process: Process is alive.
[2015/11/04 11:38:34.108] (INFO) User "vwv6561" logged out.
[2015/11/04 11:38:34.108] (INFO) Waiting for monitor process (PID 28262) to die.
[2015/11/04 11:38:34.108] (INFO) Supervisor has entered WAITING state.
[2015/11/04 11:38:34.108] (INFO) Your mother called. She says you never call her.
[2015/11/04 11:38:34.108] (INFO) Rolling 1 log file(s)...
[2015/11/04 11:38:34.108] (INFO) Alien monitor (aliend): Detected no space aliens.
[2015/11/04 11:38:34.108] (INFO) Backed up all server logs.
[2015/11/04 11:38:34.108] (INFO) Checkpointing off-heap server memory...
[2015/11/04 11:38:34.108] (INFO) Backed up all server logs.
[2015/11/04 11:38:34.108] (ERROR) One of the flayrods has gone out askew on treadle.
[2015/11/04 11:38:34.108] (INFO) Rolling 7 log file(s)...
[2015/11/04 11:38:34.108] (INFO) User "msh6379" logged out due to inactivity (timeout=30 minutes).
[2015/11/04 11:38:34.108] (INFO) Network heartbeat check: All OK.
[2015/11/04 11:38:34.108] (INFO) Supervisor has entered RESTARTING state.
[2015/11/04 11:38:34.108] (INFO) Supervisor has entered SUSPENDED state.
[2015/11/04 11:38:34.108] (INFO) Device 0x8436 is online.
[2015/11/04 11:38:34.108] (INFO) Pinging watchdog timer process: Process is alive.
[2015/11/04 11:38:34.108] (INFO) Supervisor has entered WAITING state.
[2015/11/04 11:38:34.108] (WARN) Watchdog timer crashed. Restarting it.
[2015/11/04 11:38:34.108] (INFO) .evian ylbirret si emehcs otpyrc ym neht ,siht daer nac uoy fI
[2015/11/04 11:38:34.108] (INFO) Flushed 86 buffers to disk.
[2015/11/04 11:38:34.108] (INFO) Checkpointing off-heap server memory...
[2015/11/04 11:38:34.108] (INFO) Backed up all server logs.
[2015/11/04 11:38:34.108] (INFO) Pinging watchdog timer process: Process is alive.
[2015/11/04 11:38:34.108] (INFO) Supervisor has entered RESTARTING state.
[2015/11/04 11:38:34.108] (WARN) Possible cyber-attack from Antarctica.
[2015/11/04 11:38:34.108] (INFO) Pinging watchdog timer process: Process is alive.
[2015/11/04 11:38:34.108] (INFO) User "ehs6558" logged out due to inactivity (timeout=30 minutes).
[2015/11/04 11:38:34.108] (INFO) User "ecy4440" logged out due to inactivity (timeout=30 minutes).
[2015/11/04 11:38:34.108] (INFO) Device 0x768d is online.
[2015/11/04 11:38:34.108] (WARN) There is no such thing as a free lunch.
[2015/11/04 11:38:34.108] (INFO) Sending SIGTERM to 4 excess workers.
[2015/11/04 11:38:34.108] (INFO) Your mother called. She says you never call her.
[2015/11/04 11:38:34.108] (ERROR) Blocked Little Bobby Tables attack (https://xkcd.com/327/) from 172.16.17.177.
[2015/11/04 11:38:34.108] (INFO) Network heartbeat check: All OK.
[2015/11/04 11:38:34.108] (INFO) Alien monitor (aliend): Detected no space aliens.
[2015/11/04 11:38:34.108] (INFO) Supervisor has entered WAITING state.
[2015/11/04 11:38:34.108] (INFO) Network heartbeat check: All OK.
[2015/11/04 11:38:34.108] (WARN) CPU temperature exceeds 40º Celsius.
[2015/11/04 11:38:34.108] (INFO) Waiting for master process (PID 17090) to die.
[2015/11/04 11:38:34.108] (INFO) Waiting for worker process (PID 18380) to die.
[2015/11/04 11:38:34.108] (WARN) Space on disk /dev/sdf3 is low: Only 252 MB available.
[2015/11/04 11:38:34.108] (INFO) Device 0x63f1 is online.
[2015/11/04 11:38:34.108] (INFO) Checked file systems for errors: All filesystems OK.
[2015/11/04 11:38:34.108] (INFO) Network heartbeat check: All OK.
[2015/11/04 11:38:34.108] (INFO) User "nki3940" logged out.
[2015/11/04 11:38:34.108] (INFO) Your mother called. She says you never call her.
[2015/11/04 11:38:34.108] (INFO) Pinging watchdog timer process: Process is alive.
[2015/11/04 11:38:34.108] (INFO) Network heartbeat check: All OK.
[2015/11/04 11:38:34.108] (INFO) User "tup4654" logged out due to inactivity (timeout=30 minutes).
[2015/11/04 11:38:34.108] (WARN) Unable to ping monitor at 10.21.14.41. Retrying.
[2015/11/04 11:38:34.108] (INFO) Waiting for monitor process (PID 39708) to die.
[2015/11/04 11:38:34.108] (INFO) Device 0x1f12 is online.
[2015/11/04 11:38:34.108] (INFO) Flushed 75 buffers to disk.
[2015/11/04 11:38:34.108] (INFO) Flushed 38 buffers to disk.
[2015/11/04 11:38:34.108] (ERROR) Failed to open "/mnt/fileserver01/ueprl82854.parquet": NFS timeout.
[2015/11/04 11:38:34.108] (INFO) Your mother called. She says you never call her.
[2015/11/04 11:38:34.108] (INFO) Checkpointing off-heap server memory...
[2015/11/04 11:38:34.108] (INFO) Checked file systems for errors: All filesystems OK.
[2015/11/04 11:38:34.108] (INFO) User "vkw7313" logged in from 10.253.44.188.
[2015/11/04 11:38:34.108] (WARN) There is no such thing as a free lunch.
[2015/11/04 11:38:34.108] (INFO) Flushed 52 buffers to disk.
[2015/11/04 11:38:34.108] (ERROR) Connection to 10.79.102.146 terminated unexpectedly. Reconnecting.
[2015/11/04 11:38:34.608] (WARN) Watchdog timer crashed. Restarting it.
[2015/11/04 11:38:34.608] (INFO) Device 0x6f46 is online.
[2015/11/04 11:38:34.608] (INFO) Waiting for worker process (PID 9943) to die.
[2015/11/04 11:38:34.608] (INFO) User "mow8379" logged in from 192.168.82.137.
[2015/11/04 11:38:34.608] (INFO) User "fly9335" logged out due to inactivity (timeout=30 minutes).
[2015/11/04 11:38:34.608] (INFO) User "oih2004" logged in from 192.168.158.191.
[2015/11/04 11:38:34.608] (INFO) Backed up all server logs.
[2015/11/04 11:38:34.608] (INFO) Backed up all server logs.
[2015/11/04 11:38:34.608] (INFO) Network heartbeat check: All OK.
[2015/11/04 11:38:34.608] (INFO) Rolling 9 log file(s)...
[2015/11/04 11:38:34.608] (INFO) Supervisor has entered SUSPENDED state.
[2015/11/04 11:38:34.608] (INFO) Pinging watchdog timer process: Process is alive.
[2015/11/04 11:38:34.608] (INFO) Alien monitor (aliend): Detected no space aliens.
[2015/11/04 11:38:34.608] (INFO) Device 0x82a6 is online.
[2015/11/04 11:38:34.608] (INFO) User "gax3652" logged out due to inactivity (timeout=30 minutes).
[2015/11/04 11:38:34.608] (INFO) Checked file systems for errors: All filesystems OK.
[2015/11/04 11:38:34.608] (INFO) Pinging watchdog timer process: Process is alive.
[2015/11/04 11:38:34.608] (INFO) Pinging watchdog timer process: Process is alive.
[2015/11/04 11:38:34.608] (INFO) .evian ylbirret si emehcs otpyrc ym neht ,siht daer nac uoy fI
[2015/11/04 11:38:34.608] (WARN) Retrying server log checkpoint.
[2015/11/04 11:38:34.608] (INFO) Checked file systems for errors: All filesystems OK.
[2015/11/04 11:38:34.608] (INFO) Your mother called. She says you never call her.
[2015/11/04 11:38:34.608] (INFO) .evian ylbirret si emehcs otpyrc ym neht ,siht daer nac uoy fI
[2015/11/04 11:38:34.608] (INFO) Checkpointing off-heap server memory...
[2015/11/04 11:38:34.608] (INFO) Backed up all server logs.
[2015/11/04 11:38:34.608] (INFO) User "tia8728" logged out due to inactivity (timeout=30 minutes).
[2015/11/04 11:38:34.608] (INFO) Waiting for supervisor process (PID 18045) to die.
[2015/11/04 11:38:34.608] (INFO) Waiting for worker process (PID 22093) to die.
[2015/11/04 11:38:34.608] (INFO) Rolling 4 log file(s)...
[2015/11/04 11:38:34.608] (INFO) Waiting for worker process (PID 37237) to die.
[2015/11/04 11:38:34.608] (INFO) Waiting for master process (PID 46214) to die.
[2015/11/04 11:38:34.608] (INFO) Backed up all server logs.
[2015/11/04 11:38:34.608] (ERROR) "/var/data/xHLjW73320.parquet": Permission denied (EACCES)
[2015/11/04 11:38:34.608] (ERROR) Connection to 172.16.203.172 terminated unexpectedly. Reconnecting.
[2015/11/04 11:38:34.608] (INFO) Your mother called. She says you never call her.
[2015/11/04 11:38:34.608] (INFO) User "sbt6305" logged in from 192.168.28.96.
[2015/11/04 11:38:34.608] (INFO) Supervisor has entered SUSPENDED state.
[2015/11/04 11:38:34.608] (INFO) Waiting for supervisor process (PID 48399) to die.
[2015/11/04 11:38:34.608] (INFO) .evian ylbirret si emehcs otpyrc ym neht ,siht daer nac uoy fI
[2015/11/04 11:38:34.608] (INFO) Waiting for monitor process (PID 13578) to die.
[2015/11/04 11:38:34.608] (WARN) Backup server 10.242.201.198 is offline.
[2015/11/04 11:38:34.608] (INFO) Flushed 64 buffers to disk.
[2015/11/04 11:38:34.608] (INFO) Backed up all server logs.
[2015/11/04 11:38:34.608] (INFO) Your mother called. She says you never call her.
[2015/11/04 11:38:34.608] (INFO) Device 0x5144 is online.
[2015/11/04 11:38:34.608] (INFO) User "hwq3399" logged out.
[2015/11/04 11:38:34.608] (INFO) Checked file systems for errors: All filesystems OK.
[2015/11/04 11:38:34.608] (INFO) Checkpointing off-heap server memory...
[2015/11/04 11:38:34.608] (INFO) Flushed 69 buffers to disk.
[2015/11/04 11:38:34.608] (ERROR) "/var/data/nwZJq73697.tar.gz": Permission denied (EACCES)
[2015/11/04 11:38:34.608] (INFO) User "ltj3431" logged out due to inactivity (timeout=30 minutes).
[2015/11/04 11:38:34.608] (INFO) Sending SIGTERM to 3 excess workers.
[2015/11/04 11:38:34.608] (INFO) Backed up all server logs.
[2015/11/04 11:38:34.608] (INFO) Network heartbeat check: All OK.
[2015/11/04 11:38:34.608] (INFO) Device 0xade0 is online.
[2015/11/04 11:38:34.608] (INFO) Alien monitor (aliend): Detected no space aliens.
[2015/11/04 11:38:34.608] (INFO) Rolling 1 log file(s)...
[2015/11/04 11:38:34.608] (ERROR) Blocked Little Bobby Tables attack (https://xkcd.com/327/) from 10.102.177.142.
[2015/11/04 11:38:34.608] (INFO) Your mother called. She says you never call her.
[2015/11/04 11:38:34.608] (INFO) Network heartbeat check: All OK.
[2015/11/04 11:38:34.608] (INFO) User "tmk6610" logged out due to inactivity (timeout=30 minutes).
[2015/11/04 11:38:34.608] (INFO) Device 0xc349 is online.
[2015/11/04 11:38:34.608] (WARN) Watchdog timer crashed. Restarting it.
[2015/11/04 11:38:34.608] (INFO) User "hdm7593" logged out due to inactivity (timeout=30 minutes).
[2015/11/04 11:38:34.608] (INFO) Network heartbeat check: All OK.
[2015/11/04 11:38:34.608] (INFO) Flushed 27 buffers to disk.
[2015/11/04 11:38:34.608] (INFO) User "hrc8394" logged in from 10.89.73.29.
[2015/11/04 11:38:34.608] (INFO) Checkpointing off-heap server memory...
[2015/11/04 11:38:34.608] (INFO) Flushed 42 buffers to disk.
[2015/11/04 11:38:34.608] (INFO) Network heartbeat check: All OK.
[2015/11/04 11:38:34.608] (ERROR) Detected incoming DDoS from 192.168.189.216.
[2015/11/04 11:38:34.608] (INFO) Alien monitor (aliend): Detected no space aliens.
[2015/11/04 11:38:34.608] (INFO) Pinging watchdog timer process: Process is alive.
[2015/11/04 11:38:34.608] (INFO) Flushed 61 buffers to disk.
[2015/11/04 11:38:34.608] (INFO) Device 0x60f8 is online.
[2015/11/04 11:38:34.608] (INFO) Pinging watchdog timer process: Process is alive.
[2015/11/04 11:38:34.608] (INFO) Pinging watchdog timer process: Process is alive.
[2015/11/04 11:38:34.608] (INFO) Rolling 3 log file(s)...
[2015/11/04 11:38:34.608] (WARN) Unable to ping supervisor at 10.186.177.210. Retrying.
[2015/11/04 11:38:34.608] (INFO) Backed up all server logs.
[2015/11/04 11:38:34.608] (INFO) Device 0x8c2c is online.
[2015/11/04 11:38:34.608] (INFO) Your mother called. She says you never call her.
[2015/11/04 11:38:34.608] (INFO) Alien monitor (aliend): Detected no space aliens.
[2015/11/04 11:38:34.608] (INFO) Checked file systems for errors: All filesystems OK.
[2015/11/04 11:38:34.608] (INFO) Checkpointing off-heap server memory...
[2015/11/04 11:38:34.608] (INFO) User "ame1908" logged out due to inactivity (timeout=30 minutes).
[2015/11/04 11:38:34.608] (INFO) Flushed 73 buffers to disk.
[2015/11/04 11:38:34.608] (WARN) CPU temperature exceeds 40º Celsius.
[2015/11/04 11:38:34.608] (ERROR) Server log backup FAILED. See backup logs.
[2015/11/04 11:38:34.608] (INFO) Checkpointing off-heap server memory...
[2015/11/04 11:38:34.608] (INFO) Rolling 4 log file(s)...
[2015/11/04 11:38:34.608] (INFO) Supervisor has entered SUSPENDED state.
[2015/11/04 11:38:34.608] (INFO) Waiting for worker process (PID 33436) to die.
[2015/11/04 11:38:34.608] (INFO) Alien monitor (aliend): Detected no space aliens.
[2015/11/04 11:38:34.608] (INFO) User "zmn4261" logged in from 172.16.236.72.
[2015/11/04 11:38:34.608] (INFO) Rolling 7 log file(s)...
[2015/11/04 11:38:34.608] (INFO) Sending SIGTERM to 2 excess workers.
[2015/11/04 11:38:34.608] (WARN) Ignoring SIGTERM. It's not that easy to get rid of me.
[2015/11/04 11:38:34.608] (INFO) Checkpointing off-heap server memory...
[2015/11/04 11:38:34.608] (INFO) Backed up all server logs.
[2015/11/04 11:38:35.107] (INFO) Backed up all server logs.
[2015/11/04 11:38:35.107] (WARN) Ignoring SIGTERM. It's not that easy to get rid of me.
[2015/11/04 11:38:35.107] (ERROR) "/var/data/nRHhO76445.tsv": No such file or directory (ENOENT)
[2015/11/04 11:38:35.107] (INFO) Alien monitor (aliend): Detected no space aliens.
[2015/11/04 11:38:35.107] (ERROR) One of the flayrods has gone out askew on treadle.
[2015/11/04 11:38:35.107] (ERROR) One of the flayrods has gone out askew on treadle.
[2015/11/04 11:38:35.107] (INFO) Flushed 30 buffers to disk.
[2015/11/04 11:38:35.107] (INFO) Checkpointing off-heap server memory...
[2015/11/04 11:38:35.107] (INFO) User "lyc6834" logged in from 172.16.174.74.
[2015/11/04 11:38:35.107] (INFO) Alien monitor (aliend): Detected no space aliens.
[2015/11/04 11:38:35.107] (INFO) Checkpointing off-heap server memory...
[2015/11/04 11:38:35.107] (INFO) Waiting for master process (PID 52532) to die.
[2015/11/04 11:38:35.107] (INFO) .evian ylbirret si emehcs otpyrc ym neht ,siht daer nac uoy fI
[2015/11/04 11:38:35.107] (ERROR) Device 0x2757 is offline
[2015/11/04 11:38:35.107] (INFO) Sending SIGTERM to 3 excess workers.
[2015/11/04 11:38:35.107] (WARN) Possible cyber-attack from Russia.
[2015/11/04 11:38:35.107] (INFO) Alien monitor (aliend): Detected no space aliens.
[2015/11/04 11:38:35.107] (INFO) Checkpointing off-heap server memory...
[2015/11/04 11:38:35.107] (INFO) Pinging watchdog timer process: Process is alive.
[2015/11/04 11:38:35.107] (INFO) Waiting for worker process (PID 33597) to die.
[2015/11/04 11:38:35.107] (INFO) .evian ylbirret si emehcs otpyrc ym neht ,siht daer nac uoy fI
[2015/11/04 11:38:35.107] (INFO) .evian ylbirret si emehcs otpyrc ym neht ,siht daer nac uoy fI
[2015/11/04 11:38:35.107] (ERROR) Directory index of "/var/data" is forbidden.
[2015/11/04 11:38:35.107] (INFO) Device 0x9207 is online.
[2015/11/04 11:38:35.107] (INFO) Flushed 86 buffers to disk.
[2015/11/04 11:38:35.107] (INFO) Alien monitor (aliend): Detected no space aliens.
[2015/11/04 11:38:35.107] (INFO) Flushed 76 buffers to disk.
[2015/11/04 11:38:35.107] (WARN) Ignoring SIGTERM. It's not that easy to get rid of me.
[2015/11/04 11:38:35.107] (INFO) User "gtw6296" logged out due to inactivity (timeout=30 minutes).
[2015/11/04 11:38:35.107] (INFO) Your mother called. She says you never call her.
[2015/11/04 11:38:35.107] (INFO) .evian ylbirret si emehcs otpyrc ym neht ,siht daer nac uoy fI
[2015/11/04 11:38:35.107] (INFO) Rolling 4 log file(s)...
[2015/11/04 11:38:35.107] (INFO) Rolling 5 log file(s)...
[2015/11/04 11:38:35.107] (WARN) Backup server 10.49.120.25 is offline.
[2015/11/04 11:38:35.107] (INFO) Flushed 28 buffers to disk.
[2015/11/04 11:38:35.107] (INFO) Pinging watchdog timer process: Process is alive.
[2015/11/04 11:38:35.107] (ERROR) Worker 5 died with SIGIOT. Restarting it.
[2015/11/04 11:38:35.107] (INFO) Supervisor has entered RESTARTING state.
[2015/11/04 11:38:35.107] (INFO) Your mother called. She says you never call her.
[2015/11/04 11:38:35.107] (INFO) Your mother called. She says you never call her.
[2015/11/04 11:38:35.107] (INFO) User "kgb3849" logged in from 192.168.62.247.
[2015/11/04 11:38:35.107] (INFO) Device 0x863c is online.
[2015/11/04 11:38:35.107] (WARN) Retrying server log checkpoint.
[2015/11/04 11:38:35.107] (WARN) Possible cyber-attack from China.
[2015/11/04 11:38:35.107] (INFO) Your mother called. She says you never call her.
[2015/11/04 11:38:35.107] (ERROR) Extra characters at end of line.
[2015/11/04 11:38:35.107] (WARN) Network heartbeat check: 18 server(s) did not respond.
[2015/11/04 11:38:35.107] (WARN) Retrying server log checkpoint.
[2015/11/04 11:38:35.107] (ERROR) Unable to mount /dev/sdc1. (Time to run fsck?)
[2015/11/04 11:38:35.107] (INFO) Network heartbeat check: All OK.
[2015/11/04 11:38:35.107] (ERROR) Unable to mount /dev/sda2. (Time to run fsck?)
[2015/11/04 11:38:35.107] (INFO) .evian ylbirret si emehcs otpyrc ym neht ,siht daer nac uoy fI
[2015/11/04 11:38:35.107] (WARN) There is no such thing as a free lunch.
[2015/11/04 11:38:35.107] (INFO) Device 0x14b0 is online.
[2015/11/04 11:38:35.107] (INFO) Rolling 2 log file(s)...
[2015/11/04 11:38:35.107] (INFO) Network heartbeat check: All OK.
[2015/11/04 11:38:35.107] (WARN) Possible cyber-attack from Russia.
[2015/11/04 11:38:35.107] (INFO) .evian ylbirret si emehcs otpyrc ym neht ,siht daer nac uoy fI
[2015/11/04 11:38:35.107] (ERROR) Server log backup FAILED. See backup logs.
[2015/11/04 11:38:35.107] (INFO) Checked file systems for errors: All filesystems OK.
[2015/11/04 11:38:35.107] (INFO) Sending SIGTERM to 2 excess workers.
[2015/11/04 11:38:35.107] (INFO) Flushed 98 buffers to disk.
[2015/11/04 11:38:35.107] (INFO) Backed up all server logs.
[2015/11/04 11:38:35.107] (INFO) User "bzz7055" logged out due to inactivity (timeout=30 minutes).
[2015/11/04 11:38:35.107] (INFO) Flushed 58 buffers to disk.
[2015/11/04 11:38:35.107] (INFO) Pinging watchdog timer process: Process is alive.
[2015/11/04 11:38:35.107] (INFO) Pinging watchdog timer process: Process is alive.
[2015/11/04 11:38:35.107] (INFO) Flushed 86 buffers to disk.
[2015/11/04 11:38:35.107] (INFO) Pinging watchdog timer process: Process is alive.
[2015/11/04 11:38:35.107] (INFO) Checkpointing off-heap server memory...
[2015/11/04 11:38:35.107] (INFO) User "ulu3659" logged out due to inactivity (timeout=30 minutes).
[2015/11/04 11:38:35.107] (INFO) Sending SIGTERM to 4 excess workers.
[2015/11/04 11:38:35.107] (INFO) Rolling 5 log file(s)...
[2015/11/04 11:38:35.107] (INFO) Alien monitor (aliend): Detected no space aliens.
[2015/11/04 11:38:35.107] (INFO) .evian ylbirret si emehcs otpyrc ym neht ,siht daer nac uoy fI
[2015/11/04 11:38:35.107] (INFO) Pinging watchdog timer process: Process is alive.
[2015/11/04 11:38:35.107] (WARN) Space on disk /dev/sdc4 is low: Only 769 MB available.
[2015/11/04 11:38:35.107] (INFO) Backed up all server logs.
[2015/11/04 11:38:35.107] (ERROR) User "jev4351" failed to log in 3 times. Disabling account.
[2015/11/04 11:38:35.107] (INFO) Alien monitor (aliend): Detected no space aliens.
[2015/11/04 11:38:35.107] (INFO) Your mother called. She says you never call her.
[2015/11/04 11:38:35.107] (INFO) User "mti9897" logged in from 10.208.33.203.
[2015/11/04 11:38:35.107] (INFO) Device 0xbffa is online.
[2015/11/04 11:38:35.107] (INFO) Rolling 5 log file(s)...
[2015/11/04 11:38:35.107] (INFO) Flushed 44 buffers to disk.
[2015/11/04 11:38:35.107] (INFO) .evian ylbirret si emehcs otpyrc ym neht ,siht daer nac uoy fI
[2015/11/04 11:38:35.107] (INFO) Alien monitor (aliend): Detected no space aliens.
[2015/11/04 11:38:35.107] (INFO) .evian ylbirret si emehcs otpyrc ym neht ,siht daer nac uoy fI
[2015/11/04 11:38:35.107] (INFO) Your mother called. She says you never call her.
[2015/11/04 11:38:35.107] (INFO) Flushed 36 buffers to disk.
[2015/11/04 11:38:35.107] (INFO) Rolling 5 log file(s)...
[2015/11/04 11:38:35.107] (INFO) User "woo6706" logged out.
[2015/11/04 11:38:35.107] (INFO) Flushed 68 buffers to disk.
[2015/11/04 11:38:35.107] (INFO) Waiting for master process (PID 28234) to die.
[2015/11/04 11:38:35.107] (ERROR) /dev/lp error: "PC LOAD LETTER"
[2015/11/04 11:38:35.107] (INFO) Device 0x0dfe is online.
[2015/11/04 11:38:35.107] (INFO) User "qsa1946" logged in from 172.16.7.23.
[2015/11/04 11:38:35.107] (ERROR) Connection to 172.16.2.193 terminated unexpectedly. Reconnecting.
[2015/11/04 11:38:35.107] (INFO) Checked file systems for errors: All filesystems OK.
[2015/11/04 11:38:35.107] (INFO) Sending SIGTERM to 2 excess workers.
[2015/11/04 11:38:35.607] (ERROR) One of the flayrods has gone out askew on treadle.
[2015/11/04 11:38:35.607] (WARN) Network heartbeat check: 19 server(s) did not respond.
[2015/11/04 11:38:35.607] (INFO) Pinging watchdog timer process: Process is alive.
[2015/11/04 11:38:35.607] (ERROR) Directory index of "/var/data" is forbidden.
[2015/11/04 11:38:35.607] (WARN) There is no such thing as a free lunch.
[2015/11/04 11:38:35.607] (INFO) Sending SIGTERM to 3 excess workers.
[2015/11/04 11:38:35.607] (INFO) User "zbn6323" logged out.
[2015/11/04 11:38:35.607] (ERROR) Extra characters at end of line.
[2015/11/04 11:38:35.607] (INFO) Rolling 4 log file(s)...
[2015/11/04 11:38:35.607] (INFO) Device 0x0dd2 is online.
[2015/11/04 11:38:35.607] (INFO) Network heartbeat check: All OK.
[2015/11/04 11:38:35.607] (INFO) Waiting for worker process (PID 38786) to die.
[2015/11/04 11:38:35.607] (INFO) Pinging watchdog timer process: Process is alive.
[2015/11/04 11:38:35.607] (INFO) Sending SIGTERM to 2 excess workers.
[2015/11/04 11:38:35.607] (WARN) Unable to ping supervisor at 192.168.51.150. Retrying.
[2015/11/04 11:38:35.607] (INFO) Rolling 7 log file(s)...
[2015/11/04 11:38:35.607] (INFO) Backed up all server logs.
[2015/11/04 11:38:35.607] (INFO) User "cdz8868" logged out due to inactivity (timeout=30 minutes).
[2015/11/04 11:38:35.607] (INFO) Checked file systems for errors: All filesystems OK.
[2015/11/04 11:38:35.607] (INFO) Device 0xd91f is online.
[2015/11/04 11:38:35.607] (ERROR) Device 0xd574 is offline
[2015/11/04 11:38:35.607] (INFO) Sending SIGTERM to 2 excess workers.
[2015/11/04 11:38:35.607] (ERROR) User "ppi1816" failed to log in 3 times. Disabling account.
[2015/11/04 11:38:35.607] (INFO) Device 0xd77a is online.
[2015/11/04 11:38:35.607] (INFO) .evian ylbirret si emehcs otpyrc ym neht ,siht daer nac uoy fI
[2015/11/04 11:38:35.607] (INFO) Rolling 4 log file(s)...
[2015/11/04 11:38:35.607] (INFO) Network heartbeat check: All OK.
[2015/11/04 11:38:35.607] (INFO) Sending SIGTERM to 3 excess workers.
[2015/11/04 11:38:35.607] (INFO) Pinging watchdog timer process: Process is alive.
[2015/11/04 11:38:35.607] (INFO) Alien monitor (aliend): Detected no space aliens.
[2015/11/04 11:38:35.607] (INFO) Backed up all server logs.
[2015/11/04 11:38:35.607] (WARN) Possible cyber-attack from China.
[2015/11/04 11:38:35.607] (INFO) Flushed 23 buffers to disk.
[2015/11/04 11:38:35.607] (INFO) Flushed 60 buffers to disk.
[2015/11/04 11:38:35.607] (INFO) Pinging watchdog timer process: Process is alive.
[2015/11/04 11:38:35.607] (INFO) User "ppc9386" logged out.
[2015/11/04 11:38:35.607] (INFO) Supervisor has entered WAITING state.
[2015/11/04 11:38:35.607] (INFO) Network heartbeat check: All OK.
[2015/11/04 11:38:35.607] (INFO) Device 0x28b6 is online.
[2015/11/04 11:38:35.607] (INFO) User "ujm2411" logged out.
[2015/11/04 11:38:35.607] (INFO) Checkpointing off-heap server memory...
[2015/11/04 11:38:35.607] (INFO) Flushed 48 buffers to disk.
[2015/11/04 11:38:35.607] (INFO) Alien monitor (aliend): Detected no space aliens.
[2015/11/04 11:38:35.607] (INFO) Checked file systems for errors: All filesystems OK.
[2015/11/04 11:38:35.607] (INFO) User "ake9732" logged out.
[2015/11/04 11:38:35.607] (WARN) There is no such thing as a free lunch.
[2015/11/04 11:38:35.607] (INFO) User "feq2907" logged out.
[2015/11/04 11:38:35.607] (INFO) Flushed 70 buffers to disk.
[2015/11/04 11:38:35.607] (INFO) .evian ylbirret si emehcs otpyrc ym neht ,siht daer nac uoy fI
[2015/11/04 11:38:35.607] (INFO) .evian ylbirret si emehcs otpyrc ym neht ,siht daer nac uoy fI
[2015/11/04 11:38:35.607] (INFO) Pinging watchdog timer process: Process is alive.
[2015/11/04 11:38:35.607] (ERROR) One of the flayrods has gone out askew on treadle.
[2015/11/04 11:38:35.607] (INFO) Pinging watchdog timer process: Process is alive.
[2015/11/04 11:38:35.607] (INFO) User "srd7964" logged out due to inactivity (timeout=30 minutes).
[2015/11/04 11:38:35.607] (INFO) Device 0x8287 is online.
[2015/11/04 11:38:35.607] (INFO) Checkpointing off-heap server memory...
[2015/11/04 11:38:35.607] (INFO) Waiting for master process (PID 52421) to die.
[2015/11/04 11:38:35.607] (INFO) .evian ylbirret si emehcs otpyrc ym neht ,siht daer nac uoy fI
[2015/11/04 11:38:35.607] (WARN) Dropped 16,842 corrupt data packets.
[2015/11/04 11:38:35.607] (INFO) User "mli1586" logged out.
[2015/11/04 11:38:35.607] (INFO) Waiting for master process (PID 28192) to die.
[2015/11/04 11:38:35.607] (WARN) Master took 623 ms to respond (threshold=500 ms)
[2015/11/04 11:38:35.607] (INFO) User "kmx1209" logged out.
[2015/11/04 11:38:35.607] (ERROR) User "jxm4856" failed to log in 3 times. Disabling account.
[2015/11/04 11:38:35.607] (WARN) Space on disk /dev/sdc2 is low: Only 560 MB available.
[2015/11/04 11:38:35.607] (INFO) Backed up all server logs.
[2015/11/04 11:38:35.607] (INFO) Flushed 56 buffers to disk.
[2015/11/04 11:38:35.607] (ERROR) Worker 7 died with SIGTERM. Restarting it.
[2015/11/04 11:38:35.607] (INFO) User "ytd8151" logged out due to inactivity (timeout=30 minutes).
[2015/11/04 11:38:35.607] (WARN) CPU temperature exceeds 40º Celsius.
[2015/11/04 11:38:35.607] (ERROR) Extra characters at end of line.
[2015/11/04 11:38:35.607] (INFO) Sending SIGTERM to 2 excess workers.
[2015/11/04 11:38:35.607] (INFO) Checkpointing off-heap server memory...
[2015/11/04 11:38:35.607] (INFO) Supervisor has entered SUSPENDED state.
[2015/11/04 11:38:35.607] (INFO) User "trz1801" logged out due to inactivity (timeout=30 minutes).
[2015/11/04 11:38:35.607] (INFO) Pinging watchdog timer process: Process is alive.
[2015/11/04 11:38:35.607] (WARN) Dropped 11,608 corrupt data packets.
[2015/11/04 11:38:35.607] (INFO) Supervisor has entered SUSPENDED state.
[2015/11/04 11:38:35.607] (INFO) Flushed 25 buffers to disk.
[2015/11/04 11:38:35.607] (WARN) There is no such thing as a free lunch.
[2015/11/04 11:38:35.607] (WARN) Dropped 19,135 corrupt data packets.
[2015/11/04 11:38:35.607] (INFO) Pinging watchdog timer process: Process is alive.
[2015/11/04 11:38:35.607] (INFO) Pinging watchdog timer process: Process is alive.
[2015/11/04 11:38:35.607] (INFO) Waiting for master process (PID 25890) to die.
[2015/11/04 11:38:35.607] (INFO) User "pik3851" logged out due to inactivity (timeout=30 minutes).
[2015/11/04 11:38:35.607] (INFO) Rolling 1 log file(s)...
[2015/11/04 11:38:35.607] (INFO) Flushed 48 buffers to disk.
[2015/11/04 11:38:35.607] (WARN) Ignoring SIGTERM. It's not that easy to get rid of me.
[2015/11/04 11:38:35.607] (INFO) Network heartbeat check: All OK.
[2015/11/04 11:38:35.607] (INFO) Device 0x5241 is online.
[2015/11/04 11:38:35.607] (INFO) Sending SIGTERM to 4 excess workers.
[2015/11/04 11:38:35.607] (INFO) Sending SIGTERM to 2 excess workers.
[2015/11/04 11:38:35.607] (INFO) Pinging watchdog timer process: Process is alive.
[2015/11/04 11:38:35.607] (INFO) User "zhl4376" logged in from 172.16.206.175.
[2015/11/04 11:38:35.607] (INFO) Checked file systems for errors: All filesystems OK.
[2015/11/04 11:38:35.607] (INFO) User "zca1171" logged out due to inactivity (timeout=30 minutes).
[2015/11/04 11:38:35.607] (INFO) Backed up all server logs.
[2015/11/04 11:38:35.607] (INFO) Pinging watchdog timer process: Process is alive.
[2015/11/04 11:38:35.607] (WARN) Master took 509 ms to respond (threshold=500 ms)
[2015/11/04 11:38:35.607] (INFO) Checkpointing off-heap server memory...
[2015/11/04 11:38:36.108] (INFO) Rolling 9 log file(s)...
[2015/11/04 11:38:36.108] (INFO) Alien monitor (aliend): Detected no space aliens.
[2015/11/04 11:38:36.108] (INFO) Alien monitor (aliend): Detected no space aliens.
[2015/11/04 11:38:36.108] (INFO) Device 0x3a8a is online.
[2015/11/04 11:38:36.108] (ERROR) Blocked SMTP traffic originating from 192.168.49.93.
[2015/11/04 11:38:36.108] (INFO) Your mother called. She says you never call her.
[2015/11/04 11:38:36.108] (INFO) Backed up all server logs.
[2015/11/04 11:38:36.108] (WARN) Space on disk /dev/sdb2 is low: Only 760 MB available.
[2015/11/04 11:38:36.108] (ERROR) Unable to mount /dev/sdb1. (Time to run fsck?)
[2015/11/04 11:38:36.108] (INFO) Backed up all server logs.
[2015/11/04 11:38:36.108] (INFO) Flushed 31 buffers to disk.
[2015/11/04 11:38:36.108] (INFO) Alien monitor (aliend): Detected no space aliens.
[2015/11/04 11:38:36.108] (INFO) Flushed 78 buffers to disk.
[2015/11/04 11:38:36.108] (INFO) Your mother called. She says you never call her.
[2015/11/04 11:38:36.108] (ERROR) Failed to open "/mnt/fileserver02/Ycckb68823.tsv": NFS timeout.
[2015/11/04 11:38:36.108] (INFO) Supervisor has entered RESTARTING state.
[2015/11/04 11:38:36.108] (WARN) CPU temperature exceeds 40º Celsius.
[2015/11/04 11:38:36.108] (INFO) Checked file systems for errors: All filesystems OK.
[2015/11/04 11:38:36.108] (INFO) User "klc5494" logged in from 172.16.88.191.
[2015/11/04 11:38:36.108] (INFO) Checkpointing off-heap server memory...
[2015/11/04 11:38:36.108] (INFO) User "nvh4464" logged out.
[2015/11/04 11:38:36.108] (INFO) Flushed 24 buffers to disk.
[2015/11/04 11:38:36.108] (INFO) User "mpw4195" logged out.
[2015/11/04 11:38:36.108] (INFO) Alien monitor (aliend): Detected no space aliens.
[2015/11/04 11:38:36.108] (INFO) Sending SIGTERM to 3 excess workers.
[2015/11/04 11:38:36.108] (INFO) Checkpointing off-heap server memory...
[2015/11/04 11:38:36.108] (INFO) Network heartbeat check: All OK.
[2015/11/04 11:38:36.108] (INFO) User "lpj9452" logged in from 10.146.10.228.
[2015/11/04 11:38:36.108] (INFO) User "qxi2740" logged in from 172.16.205.48.
[2015/11/04 11:38:36.108] (INFO) .evian ylbirret si emehcs otpyrc ym neht ,siht daer nac uoy fI
[2015/11/04 11:38:36.108] (INFO) Supervisor has entered WAITING state.
[2015/11/04 11:38:36.108] (INFO) Your mother called. She says you never call her.
[2015/11/04 11:38:36.108] (INFO) Checkpointing off-heap server memory...
[2015/11/04 11:38:36.108] (ERROR) Server log backup FAILED. See backup logs.
[2015/11/04 11:38:36.108] (INFO) Your mother called. She says you never call her.
[2015/11/04 11:38:36.108] (INFO) Pinging watchdog timer process: Process is alive.
[2015/11/04 11:38:36.108] (INFO) Alien monitor (aliend): Detected no space aliens.
[2015/11/04 11:38:36.108] (INFO) Backed up all server logs.
[2015/11/04 11:38:36.108] (INFO) Backed up all server logs.
[2015/11/04 11:38:36.108] (INFO) User "iou1586" logged out due to inactivity (timeout=30 minutes).
[2015/11/04 11:38:36.108] (INFO) Pinging watchdog timer process: Process is alive.
[2015/11/04 11:38:36.108] (INFO) User "pxq1168" logged out due to inactivity (timeout=30 minutes).
[2015/11/04 11:38:36.108] (WARN) Retrying server log checkpoint.
[2015/11/04 11:38:36.108] (INFO) Checkpointing off-heap server memory...
[2015/11/04 11:38:36.108] (INFO) Checkpointing off-heap server memory...
[2015/11/04 11:38:36.108] (INFO) Network heartbeat check: All OK.
[2015/11/04 11:38:36.108] (ERROR) Connection to 192.168.253.195 terminated unexpectedly. Reconnecting.
[2015/11/04 11:38:36.108] (INFO) Alien monitor (aliend): Detected no space aliens.
[2015/11/04 11:38:36.108] (INFO) User "vhk5129" logged out.
[2015/11/04 11:38:36.108] (INFO) User "cum3110" logged out due to inactivity (timeout=30 minutes).
[2015/11/04 11:38:36.108] (INFO) User "exo3924" logged in from 192.168.41.243.
[2015/11/04 11:38:36.108] (INFO) Device 0x8f95 is online.
[2015/11/04 11:38:36.108] (INFO) Backed up all server logs.
[2015/11/04 11:38:36.108] (INFO) Rolling 3 log file(s)...
[2015/11/04 11:38:36.108] (INFO) Pinging watchdog timer process: Process is alive.
[2015/11/04 11:38:36.108] (INFO) Your mother called. She says you never call her.
[2015/11/04 11:38:36.108] (INFO) Supervisor has entered SUSPENDED state.
[2015/11/04 11:38:36.108] (INFO) Supervisor has entered RESTARTING state.
[2015/11/04 11:38:36.108] (INFO) Flushed 28 buffers to disk.
[2015/11/04 11:38:36.108] (ERROR) Network heartbeat check FAILED: Master host down?
[2015/11/04 11:38:36.108] (WARN) Backup server 192.168.139.34 is offline.
[2015/11/04 11:38:36.108] (INFO) Supervisor has entered WAITING state.
[2015/11/04 11:38:36.108] (INFO) Rolling 6 log file(s)...
[2015/11/04 11:38:36.108] (INFO) Waiting for monitor process (PID 26075) to die.
[2015/11/04 11:38:36.108] (INFO) Pinging watchdog timer process: Process is alive.
[2015/11/04 11:38:36.108] (INFO) Supervisor has entered WAITING state.
[2015/11/04 11:38:36.108] (INFO) Waiting for master process (PID 34736) to die.
[2015/11/04 11:38:36.108] (INFO) Your mother called. She says you never call her.
[2015/11/04 11:38:36.108] (INFO) User "llf5565" logged in from 10.249.200.44.
[2015/11/04 11:38:36.108] (INFO) Alien monitor (aliend): Detected no space aliens.
[2015/11/04 11:38:36.108] (INFO) Backed up all server logs.
[2015/11/04 11:38:36.108] (WARN) Possible cyber-attack from a small unnamed island.
[2015/11/04 11:38:36.108] (INFO) Waiting for monitor process (PID 30254) to die.
[2015/11/04 11:38:36.108] (ERROR) Detected clock skew! Restarting NTP server.
[2015/11/04 11:38:36.108] (INFO) Network heartbeat check: All OK.
[2015/11/04 11:38:36.108] (INFO) Supervisor has entered WAITING state.
[2015/11/04 11:38:36.108] (WARN) Ignoring SIGTERM. It's not that easy to get rid of me.
[2015/11/04 11:38:36.108] (INFO) .evian ylbirret si emehcs otpyrc ym neht ,siht daer nac uoy fI
[2015/11/04 11:38:36.108] (ERROR) Blocked nmap traffic originating from 172.16.36.11.
[2015/11/04 11:38:36.108] (INFO) Flushed 54 buffers to disk.
[2015/11/04 11:38:36.108] (INFO) User "mck8694" logged in from 10.236.157.186.
[2015/11/04 11:38:36.108] (INFO) Rolling 9 log file(s)...
[2015/11/04 11:38:36.108] (INFO) Supervisor has entered RUNNING state.
[2015/11/04 11:38:36.108] (INFO) Backed up all server logs.
[2015/11/04 11:38:36.108] (ERROR) "/var/data/ZsOdB91603.zip": Permission denied (EACCES)
[2015/11/04 11:38:36.108] (INFO) Network heartbeat check: All OK.
[2015/11/04 11:38:36.108] (INFO) Device 0x0161 is online.
[2015/11/04 11:38:36.108] (INFO) Checkpointing off-heap server memory...
[2015/11/04 11:38:36.108] (INFO) .evian ylbirret si emehcs otpyrc ym neht ,siht daer nac uoy fI
[2015/11/04 11:38:36.108] (WARN) Retrying server log checkpoint.
[2015/11/04 11:38:36.108] (ERROR) Connection to 192.168.17.35 terminated unexpectedly. Reconnecting.
[2015/11/04 11:38:36.108] (ERROR) Detected incoming DDoS from 192.168.61.45.
[2015/11/04 11:38:36.108] (WARN) Retrying server log checkpoint.
[2015/11/04 11:38:36.108] (INFO) Rolling 7 log file(s)...
[2015/11/04 11:38:36.108] (WARN) Ignoring SIGTERM. It's not that easy to get rid of me.
[2015/11/04 11:38:36.108] (INFO) User "yml7923" logged out due to inactivity (timeout=30 minutes).
[2015/11/04 11:38:36.108] (INFO) .evian ylbirret si emehcs otpyrc ym neht ,siht daer nac uoy fI
[2015/11/04 11:38:36.108] (INFO) Checkpointing off-heap server memory...
[2015/11/04 11:38:36.108] (INFO) Supervisor has entered RESTARTING state.
[2015/11/04 11:38:36.108] (INFO) Rolling 3 log file(s)...
[2015/11/04 11:38:36.607] (ERROR) Server log backup FAILED. See backup logs.
[2015/11/04 11:38:36.608] (INFO) Rolling 8 log file(s)...
[2015/11/04 11:38:36.608] (INFO) Checkpointing off-heap server memory...
[2015/11/04 11:38:36.608] (INFO) Pinging watchdog timer process: Process is alive.
[2015/11/04 11:38:36.608] (WARN) Retrying server log checkpoint.
[2015/11/04 11:38:36.608] (INFO) Network heartbeat check: All OK.
[2015/11/04 11:38:36.608] (INFO) User "isd4422" logged out due to inactivity (timeout=30 minutes).
[2015/11/04 11:38:36.608] (INFO) Backed up all server logs.
[2015/11/04 11:38:36.608] (INFO) Sending SIGTERM to 3 excess workers.
[2015/11/04 11:38:36.608] (INFO) Backed up all server logs.
[2015/11/04 11:38:36.608] (WARN) Ignoring SIGTERM. It's not that easy to get rid of me.
[2015/11/04 11:38:36.608] (INFO) Alien monitor (aliend): Detected no space aliens.
[2015/11/04 11:38:36.608] (INFO) User "yxi2672" logged out due to inactivity (timeout=30 minutes).
[2015/11/04 11:38:36.608] (ERROR) Extra characters at end of line.
[2015/11/04 11:38:36.608] (INFO) Your mother called. She says you never call her.
[2015/11/04 11:38:36.608] (INFO) Backed up all server logs.
[2015/11/04 11:38:36.608] (INFO) User "xck6160" logged out.
[2015/11/04 11:38:36.608] (INFO) Network heartbeat check: All OK.
[2015/11/04 11:38:36.608] (INFO) Network heartbeat check: All OK.
[2015/11/04 11:38:36.608] (INFO) Your mother called. She says you never call her.
[2015/11/04 11:38:36.608] (INFO) Pinging watchdog timer process: Process is alive.
[2015/11/04 11:38:36.608] (INFO) Checkpointing off-heap server memory...
[2015/11/04 11:38:36.608] (INFO) Pinging watchdog timer process: Process is alive.
[2015/11/04 11:38:36.608] (INFO) User "nqp8217" logged out due to inactivity (timeout=30 minutes).
[2015/11/04 11:38:36.608] (INFO) Device 0x1142 is online.
[2015/11/04 11:38:36.608] (ERROR) EFOODFAIL (Waiter, there's a fly in my soup).
[2015/11/04 11:38:36.608] (WARN) Ignoring SIGTERM. It's not that easy to get rid of me.
[2015/11/04 11:38:36.608] (INFO) Alien monitor (aliend): Detected no space aliens.
[2015/11/04 11:38:36.608] (INFO) Rolling 6 log file(s)...
[2015/11/04 11:38:36.608] (INFO) User "jsy8107" logged out.
[2015/11/04 11:38:36.608] (INFO) Network heartbeat check: All OK.
[2015/11/04 11:38:36.608] (INFO) Flushed 45 buffers to disk.
[2015/11/04 11:38:36.608] (ERROR) Failed to write checkpoint file "/var/checkpoint/qwBWM50780: No space left on device (ENOSPC)
[2015/11/04 11:38:36.608] (WARN) Watchdog timer crashed. Restarting it.
[2015/11/04 11:38:36.608] (INFO) User "xsz8939" logged out due to inactivity (timeout=30 minutes).
[2015/11/04 11:38:36.608] (WARN) Dropped 5,630 corrupt data packets.
[2015/11/04 11:38:36.608] (INFO) User "gov1977" logged out due to inactivity (timeout=30 minutes).
[2015/11/04 11:38:36.608] (INFO) Sending SIGTERM to 2 excess workers.
[2015/11/04 11:38:36.608] (INFO) Alien monitor (aliend): Detected no space aliens.
[2015/11/04 11:38:36.608] (INFO) Flushed 27 buffers to disk.
[2015/11/04 11:38:36.608] (INFO) Flushed 64 buffers to disk.
[2015/11/04 11:38:36.608] (INFO) Checkpointing off-heap server memory...
[2015/11/04 11:38:36.608] (INFO) Alien monitor (aliend): Detected no space aliens.
[2015/11/04 11:38:36.608] (INFO) User "zwo2332" logged out.
[2015/11/04 11:38:36.608] (INFO) .evian ylbirret si emehcs otpyrc ym neht ,siht daer nac uoy fI
[2015/11/04 11:38:36.608] (WARN) Master took 511 ms to respond (threshold=500 ms)
[2015/11/04 11:38:36.608] (INFO) User "vmf9960" logged out.
[2015/11/04 11:38:36.608] (INFO) Device 0x5f0b is online.
[2015/11/04 11:38:36.608] (INFO) .evian ylbirret si emehcs otpyrc ym neht ,siht daer nac uoy fI
[2015/11/04 11:38:36.608] (INFO) Waiting for master process (PID 2749) to die.
[2015/11/04 11:38:36.608] (INFO) Sending SIGTERM to 4 excess workers.
[2015/11/04 11:38:36.608] (INFO) User "qnk7790" logged out.
[2015/11/04 11:38:36.608] (ERROR) "/var/data/WlgBC72456.parquet": Permission denied (EACCES)
[2015/11/04 11:38:36.608] (INFO) Checkpointing off-heap server memory...
[2015/11/04 11:38:36.608] (INFO) Checked file systems for errors: All filesystems OK.
[2015/11/04 11:38:36.608] (INFO) Supervisor has entered WAITING state.
[2015/11/04 11:38:36.608] (INFO) User "ffg9457" logged out.
[2015/11/04 11:38:36.608] (INFO) User "hok1126" logged in from 10.56.156.242.
[2015/11/04 11:38:36.608] (INFO) User "tku8280" logged in from 172.16.161.21.
[2015/11/04 11:38:36.608] (INFO) Checked file systems for errors: All filesystems OK.
[2015/11/04 11:38:36.608] (INFO) Flushed 70 buffers to disk.
[2015/11/04 11:38:36.608] (INFO) User "ure5638" logged out due to inactivity (timeout=30 minutes).
[2015/11/04 11:38:36.608] (INFO) Supervisor has entered WAITING state.
[2015/11/04 11:38:36.608] (INFO) Checked file systems for errors: All filesystems OK.
[2015/11/04 11:38:36.608] (INFO) Sending SIGTERM to 4 excess workers.
[2015/11/04 11:38:36.608] (ERROR) "/var/data/diOAZ62537.parquet": No such file or directory (ENOENT)
[2015/11/04 11:38:36.608] (INFO) Network heartbeat check: All OK.
[2015/11/04 11:38:36.608] (WARN) Possible cyber-attack from Alpha Centauri.
[2015/11/04 11:38:36.608] (INFO) User "gqh3937" logged in from 172.16.105.0.
[2015/11/04 11:38:36.608] (INFO) Pinging watchdog timer process: Process is alive.
[2015/11/04 11:38:36.608] (INFO) Pinging watchdog timer process: Process is alive.
[2015/11/04 11:38:36.608] (INFO) Backed up all server logs.
[2015/11/04 11:38:36.608] (INFO) Device 0xa14b is online.
[2015/11/04 11:38:36.608] (INFO) Flushed 36 buffers to disk.
[2015/11/04 11:38:36.608] (INFO) Network heartbeat check: All OK.
[2015/11/04 11:38:36.608] (INFO) Sending SIGTERM to 2 excess workers.
[2015/11/04 11:38:36.608] (ERROR) Unable to write to "/var/data/DfYmR98387.xslx": Permission denied (EACCES)
[2015/11/04 11:38:36.608] (INFO) Pinging watchdog timer process: Process is alive.
[2015/11/04 11:38:36.608] (INFO) Waiting for master process (PID 8576) to die.
[2015/11/04 11:38:36.608] (INFO) User "lib3040" logged in from 192.168.127.167.
[2015/11/04 11:38:36.608] (WARN) Space on disk /dev/sdf1 is low: Only 788 MB available.
[2015/11/04 11:38:36.608] (INFO) Your mother called. She says you never call her.
[2015/11/04 11:38:36.608] (INFO) Supervisor has entered RESTARTING state.
[2015/11/04 11:38:36.608] (INFO) Your mother called. She says you never call her.
[2015/11/04 11:38:36.608] (INFO) Waiting for worker process (PID 5742) to die.
[2015/11/04 11:38:36.608] (INFO) Alien monitor (aliend): Detected no space aliens.
[2015/11/04 11:38:36.608] (ERROR) Blocked Little Bobby Tables attack (https://xkcd.com/327/) from 10.62.130.244.
[2015/11/04 11:38:36.608] (INFO) .evian ylbirret si emehcs otpyrc ym neht ,siht daer nac uoy fI
[2015/11/04 11:38:36.608] (INFO) Pinging watchdog timer process: Process is alive.
[2015/11/04 11:38:36.608] (INFO) Checked file systems for errors: All filesystems OK.
[2015/11/04 11:38:36.608] (INFO) Supervisor has entered SUSPENDED state.
[2015/11/04 11:38:36.608] (INFO) Checked file systems for errors: All filesystems OK.
[2015/11/04 11:38:36.608] (INFO) User "tuc5213" logged in from 192.168.229.110.
[2015/11/04 11:38:36.608] (INFO) User "yjy1022" logged out.
[2015/11/04 11:38:36.608] (ERROR) Failed to open "/mnt/fileserver01/BlFYJ76451.parquet": NFS timeout.
[2015/11/04 11:38:36.608] (WARN) Dropped 18,832 corrupt data packets.
[2015/11/04 11:38:36.608] (INFO) Your mother called. She says you never call her.
[2015/11/04 11:38:36.608] (INFO) Sending SIGTERM to 3 excess workers.
[2015/11/04 11:38:36.608] (INFO) Device 0x009f is online.
[2015/11/04 11:38:36.608] (INFO) .evian ylbirret si emehcs otpyrc ym neht ,siht daer nac uoy fI
[2015/11/04 11:38:37.107] (INFO) Rolling 5 log file(s)...
[2015/11/04 11:38:37.107] (INFO) Your mother called. She says you never call her.
[2015/11/04 11:38:37.107] (INFO) User "ggc2309" logged out due to inactivity (timeout=30 minutes).
[2015/11/04 11:38:37.107] (INFO) Checked file systems for errors: All filesystems OK.
[2015/11/04 11:38:37.107] (INFO) User "sdz2121" logged in from 10.46.245.188.
[2015/11/04 11:38:37.107] (INFO) Backed up all server logs.
[2015/11/04 11:38:37.107] (INFO) Network heartbeat check: All OK.
[2015/11/04 11:38:37.107] (INFO) Checkpointing off-heap server memory...
[2015/11/04 11:38:37.107] (INFO) Flushed 73 buffers to disk.
[2015/11/04 11:38:37.107] (INFO) Rolling 2 log file(s)...
[2015/11/04 11:38:37.107] (INFO) Backed up all server logs.
[2015/11/04 11:38:37.107] (INFO) Your mother called. She says you never call her.
[2015/11/04 11:38:37.107] (ERROR) Unable to authenticate user "iik5522": LDAP server isn't responding.
[2015/11/04 11:38:37.107] (INFO) User "rem5179" logged out.
[2015/11/04 11:38:37.107] (INFO) Checkpointing off-heap server memory...
[2015/11/04 11:38:37.107] (INFO) Checkpointing off-heap server memory...
[2015/11/04 11:38:37.107] (INFO) Waiting for worker process (PID 23564) to die.
[2015/11/04 11:38:37.107] (ERROR) One of the flayrods has gone out askew on treadle.
[2015/11/04 11:38:37.107] (ERROR) Extra characters at end of line.
[2015/11/04 11:38:37.107] (ERROR) Server log backup FAILED. See backup logs.
[2015/11/04 11:38:37.107] (INFO) Your mother called. She says you never call her.
[2015/11/04 11:38:37.107] (INFO) Network heartbeat check: All OK.
[2015/11/04 11:38:37.107] (INFO) User "upj2947" logged in from 10.231.249.219.
[2015/11/04 11:38:37.107] (WARN) Network heartbeat check: 12 server(s) did not respond.
[2015/11/04 11:38:37.107] (INFO) Sending SIGTERM to 3 excess workers.
[2015/11/04 11:38:37.107] (INFO) Backed up all server logs.
[2015/11/04 11:38:37.107] (INFO) Supervisor has entered WAITING state.
[2015/11/04 11:38:37.107] (WARN) Network heartbeat check: 7 server(s) did not respond.
[2015/11/04 11:38:37.107] (INFO) Alien monitor (aliend): Detected no space aliens.
[2015/11/04 11:38:37.107] (INFO) Your mother called. She says you never call her.
[2015/11/04 11:38:37.107] (INFO) .evian ylbirret si emehcs otpyrc ym neht ,siht daer nac uoy fI
[2015/11/04 11:38:37.107] (INFO) Waiting for monitor process (PID 27026) to die.
[2015/11/04 11:38:37.107] (WARN) Watchdog timer crashed. Restarting it.
[2015/11/04 11:38:37.107] (INFO) Alien monitor (aliend): Detected no space aliens.
[2015/11/04 11:38:37.107] (INFO) Pinging watchdog timer process: Process is alive.
[2015/11/04 11:38:37.107] (INFO) Network heartbeat check: All OK.
[2015/11/04 11:38:37.107] (INFO) User "quj6703" logged in from 172.16.34.214.
[2015/11/04 11:38:37.107] (INFO) Checked file systems for errors: All filesystems OK.
[2015/11/04 11:38:37.107] (INFO) Pinging watchdog timer process: Process is alive.
[2015/11/04 11:38:37.107] (INFO) .evian ylbirret si emehcs otpyrc ym neht ,siht daer nac uoy fI
[2015/11/04 11:38:37.107] (INFO) User "cau5859" logged in from 10.36.19.9.
[2015/11/04 11:38:37.107] (INFO) Waiting for monitor process (PID 15641) to die.
[2015/11/04 11:38:37.107] (INFO) Checked file systems for errors: All filesystems OK.
[2015/11/04 11:38:37.107] (INFO) User "nuw4900" logged out.
[2015/11/04 11:38:37.107] (WARN) Ignoring SIGTERM. It's not that easy to get rid of me.
[2015/11/04 11:38:37.107] (INFO) Device 0xea28 is online.
[2015/11/04 11:38:37.107] (WARN) Retrying server log checkpoint.
[2015/11/04 11:38:37.107] (INFO) Checked file systems for errors: All filesystems OK.
[2015/11/04 11:38:37.107] (ERROR) Unable to mount /dev/sdf4. (Time to run fsck?)
[2015/11/04 11:38:37.107] (INFO) Checked file systems for errors: All filesystems OK.
[2015/11/04 11:38:37.107] (WARN) Space on disk /dev/sdd1 is low: Only 681 MB available.
[2015/11/04 11:38:37.107] (INFO) User "kae5701" logged out due to inactivity (timeout=30 minutes).
[2015/11/04 11:38:37.107] (ERROR) /dev/lp error: "PC LOAD LETTER"
[2015/11/04 11:38:37.107] (INFO) Checked file systems for errors: All filesystems OK.
[2015/11/04 11:38:37.107] (INFO) .evian ylbirret si emehcs otpyrc ym neht ,siht daer nac uoy fI
[2015/11/04 11:38:37.107] (INFO) Pinging watchdog timer process: Process is alive.
[2015/11/04 11:38:37.107] (INFO) User "uxa3674" logged out due to inactivity (timeout=30 minutes).
[2015/11/04 11:38:37.107] (INFO) Your mother called. She says you never call her.
[2015/11/04 11:38:37.107] (ERROR) Extra characters at end of line.
[2015/11/04 11:38:37.107] (INFO) Device 0x4e8c is online.
[2015/11/04 11:38:37.107] (INFO) Rolling 6 log file(s)...
[2015/11/04 11:38:37.107] (INFO) Sending SIGTERM to 3 excess workers.
[2015/11/04 11:38:37.107] (INFO) User "doa9810" logged in from 192.168.54.185.
[2015/11/04 11:38:37.107] (ERROR) Unable to mount /dev/sde4. (Time to run fsck?)
[2015/11/04 11:38:37.107] (INFO) Waiting for worker process (PID 47319) to die.
[2015/11/04 11:38:37.107] (INFO) Backed up all server logs.
[2015/11/04 11:38:37.107] (INFO) Checkpointing off-heap server memory...
[2015/11/04 11:38:37.107] (ERROR) "/var/data/ipMfv85940.tsv": Permission denied (EACCES)
[2015/11/04 11:38:37.107] (INFO) Waiting for supervisor process (PID 16992) to die.
[2015/11/04 11:38:37.107] (INFO) Backed up all server logs.
[2015/11/04 11:38:37.107] (INFO) Waiting for supervisor process (PID 13662) to die.
[2015/11/04 11:38:37.107] (INFO) Network heartbeat check: All OK.
[2015/11/04 11:38:37.107] (INFO) Alien monitor (aliend): Detected no space aliens.
[2015/11/04 11:38:37.107] (INFO) User "kse9500" logged in from 192.168.46.89.
[2015/11/04 11:38:37.107] (INFO) User "oju1158" logged in from 192.168.8.45.
[2015/11/04 11:38:37.107] (INFO) User "ipy8428" logged out.
[2015/11/04 11:38:37.107] (INFO) Flushed 94 buffers to disk.
[2015/11/04 11:38:37.107] (INFO) Alien monitor (aliend): Detected no space aliens.
[2015/11/04 11:38:37.107] (INFO) Backed up all server logs.
[2015/11/04 11:38:37.107] (INFO) User "jht3609" logged in from 192.168.222.94.
[2015/11/04 11:38:37.107] (INFO) Alien monitor (aliend): Detected no space aliens.
[2015/11/04 11:38:37.107] (ERROR) Worker 7 died with SIGTRAP. Restarting it.
[2015/11/04 11:38:37.107] (INFO) Flushed 51 buffers to disk.
[2015/11/04 11:38:37.107] (INFO) Waiting for supervisor process (PID 62521) to die.
[2015/11/04 11:38:37.107] (INFO) .evian ylbirret si emehcs otpyrc ym neht ,siht daer nac uoy fI
[2015/11/04 11:38:37.107] (INFO) Waiting for master process (PID 372) to die.
[2015/11/04 11:38:37.107] (WARN) Watchdog timer crashed. Restarting it.
[2015/11/04 11:38:37.107] (ERROR) Device 0x165b is offline
[2015/11/04 11:38:37.107] (INFO) Backed up all server logs.
[2015/11/04 11:38:37.107] (INFO) Sending SIGTERM to 4 excess workers.
[2015/11/04 11:38:37.107] (INFO) Flushed 89 buffers to disk.
[2015/11/04 11:38:37.107] (WARN) Space on disk /dev/sda2 is low: Only 188 MB available.
[2015/11/04 11:38:37.107] (INFO) Device 0x1c33 is online.
[2015/11/04 11:38:37.107] (INFO) Checked file systems for errors: All filesystems OK.
[2015/11/04 11:38:37.107] (INFO) Rolling 3 log file(s)...
[2015/11/04 11:38:37.107] (WARN) Watchdog timer crashed. Restarting it.
[2015/11/04 11:38:37.107] (INFO) User "jsa3493" logged out due to inactivity (timeout=30 minutes).
[2015/11/04 11:38:37.107] (INFO) Supervisor has entered RUNNING state.
[2015/11/04 11:38:37.107] (WARN) Dropped 5,674 corrupt data packets.
[2015/11/04 11:38:37.107] (WARN) Retrying server log checkpoint.
[2015/11/04 11:38:37.607] (INFO) Network heartbeat check: All OK.
[2015/11/04 11:38:37.607] (INFO) User "vsf7340" logged out due to inactivity (timeout=30 minutes).
[2015/11/04 11:38:37.607] (WARN) Space on disk /dev/sda3 is low: Only 706 MB available.
[2015/11/04 11:38:37.607] (INFO) User "ffc5268" logged in from 172.16.183.137.
[2015/11/04 11:38:37.607] (INFO) Alien monitor (aliend): Detected no space aliens.
[2015/11/04 11:38:37.607] (INFO) .evian ylbirret si emehcs otpyrc ym neht ,siht daer nac uoy fI
[2015/11/04 11:38:37.607] (INFO) Alien monitor (aliend): Detected no space aliens.
[2015/11/04 11:38:37.607] (INFO) .evian ylbirret si emehcs otpyrc ym neht ,siht daer nac uoy fI
[2015/11/04 11:38:37.607] (INFO) Supervisor has entered RUNNING state.
[2015/11/04 11:38:37.607] (WARN) Network heartbeat check: 12 server(s) did not respond.
[2015/11/04 11:38:37.607] (INFO) Flushed 98 buffers to disk.
[2015/11/04 11:38:37.607] (INFO) Flushed 90 buffers to disk.
[2015/11/04 11:38:37.607] (INFO) Network heartbeat check: All OK.
[2015/11/04 11:38:37.607] (INFO) Device 0x5282 is online.
[2015/11/04 11:38:37.607] (INFO) Flushed 90 buffers to disk.
[2015/11/04 11:38:37.607] (INFO) User "jao5770" logged out.
[2015/11/04 11:38:37.607] (INFO) Your mother called. She says you never call her.
[2015/11/04 11:38:37.607] (INFO) User "cnx2402" logged out due to inactivity (timeout=30 minutes).
[2015/11/04 11:38:37.607] (INFO) Flushed 27 buffers to disk.
[2015/11/04 11:38:37.607] (INFO) User "ewy1802" logged out.
[2015/11/04 11:38:37.607] (INFO) Supervisor has entered SUSPENDED state.
[2015/11/04 11:38:37.607] (INFO) Supervisor has entered SUSPENDED state.
[2015/11/04 11:38:37.607] (INFO) Your mother called. She says you never call her.
[2015/11/04 11:38:37.607] (WARN) Possible cyber-attack from Canada.
[2015/11/04 11:38:37.607] (INFO) Checked file systems for errors: All filesystems OK.
[2015/11/04 11:38:37.607] (ERROR) Detected clock skew! Restarting NTP server.
[2015/11/04 11:38:37.607] (INFO) User "oap6932" logged in from 192.168.29.83.
[2015/11/04 11:38:37.607] (INFO) Sending SIGTERM to 3 excess workers.
[2015/11/04 11:38:37.607] (INFO) Flushed 63 buffers to disk.
[2015/11/04 11:38:37.607] (INFO) Pinging watchdog timer process: Process is alive.
[2015/11/04 11:38:37.607] (ERROR) Blocked Little Bobby Tables attack (https://xkcd.com/327/) from 192.168.131.214.
[2015/11/04 11:38:37.607] (INFO) Your mother called. She says you never call her.
[2015/11/04 11:38:37.607] (INFO) Flushed 65 buffers to disk.
[2015/11/04 11:38:37.607] (INFO) Supervisor has entered SUSPENDED state.
[2015/11/04 11:38:37.607] (ERROR) Unable to write to "/var/data/YAjzc55320.zip": Permission denied (EACCES)
[2015/11/04 11:38:37.607] (ERROR) "/var/data/YeQJs85062.txt": Permission denied (EACCES)
[2015/11/04 11:38:37.607] (INFO) Checkpointing off-heap server memory...
[2015/11/04 11:38:37.607] (INFO) Waiting for monitor process (PID 57983) to die.
[2015/11/04 11:38:37.607] (INFO) Device 0x3868 is online.
[2015/11/04 11:38:37.607] (INFO) User "zjj3058" logged out due to inactivity (timeout=30 minutes).
[2015/11/04 11:38:37.607] (INFO) Device 0x54ef is online.
[2015/11/04 11:38:37.607] (INFO) Checked file systems for errors: All filesystems OK.
[2015/11/04 11:38:37.607] (INFO) Alien monitor (aliend): Detected no space aliens.
[2015/11/04 11:38:37.607] (INFO) Sending SIGTERM to 4 excess workers.
[2015/11/04 11:38:37.607] (INFO) Rolling 3 log file(s)...
[2015/11/04 11:38:37.607] (INFO) User "ger3442" logged out.
[2015/11/04 11:38:37.607] (INFO) User "qrt1930" logged in from 172.16.221.139.
[2015/11/04 11:38:37.607] (INFO) Backed up all server logs.
[2015/11/04 11:38:37.607] (INFO) .evian ylbirret si emehcs otpyrc ym neht ,siht daer nac uoy fI
[2015/11/04 11:38:37.607] (INFO) Network heartbeat check: All OK.
[2015/11/04 11:38:37.607] (INFO) Checkpointing off-heap server memory...
[2015/11/04 11:38:37.607] (WARN) Space on disk /dev/sdf1 is low: Only 530 MB available.
[2015/11/04 11:38:37.607] (INFO) Network heartbeat check: All OK.
[2015/11/04 11:38:37.607] (INFO) Flushed 40 buffers to disk.
[2015/11/04 11:38:37.607] (INFO) Network heartbeat check: All OK.
[2015/11/04 11:38:37.607] (INFO) User "wct8199" logged in from 10.185.28.49.
[2015/11/04 11:38:37.607] (INFO) Sending SIGTERM to 4 excess workers.
[2015/11/04 11:38:37.607] (ERROR) Failed to write checkpoint file "/var/checkpoint/vwxJI79380: No space left on device (ENOSPC)
[2015/11/04 11:38:37.607] (INFO) Your mother called. She says you never call her.
[2015/11/04 11:38:37.607] (INFO) Your mother called. She says you never call her.
[2015/11/04 11:38:37.607] (INFO) Your mother called. She says you never call her.
[2015/11/04 11:38:37.607] (INFO) Device 0xea10 is online.
[2015/11/04 11:38:37.607] (INFO) Pinging watchdog timer process: Process is alive.
[2015/11/04 11:38:37.607] (ERROR) Failed to write checkpoint file "/var/checkpoint/wessE62685: No space left on device (ENOSPC)
[2015/11/04 11:38:37.607] (INFO) Flushed 45 buffers to disk.
[2015/11/04 11:38:37.607] (INFO) Checked file systems for errors: All filesystems OK.
[2015/11/04 11:38:37.607] (INFO) Network heartbeat check: All OK.
[2015/11/04 11:38:37.607] (WARN) Network heartbeat check: 7 server(s) did not respond.
[2015/11/04 11:38:37.607] (WARN) Possible cyber-attack from The Cayman Islands.
[2015/11/04 11:38:37.607] (ERROR) "/var/data/QURkU61120.csv": Permission denied (EACCES)
[2015/11/04 11:38:37.607] (WARN) Unable to ping supervisor at 172.16.34.70. Retrying.
[2015/11/04 11:38:37.607] (INFO) User "wbr3546" logged out.
[2015/11/04 11:38:37.607] (INFO) Alien monitor (aliend): Detected no space aliens.
[2015/11/04 11:38:37.607] (INFO) Network heartbeat check: All OK.
[2015/11/04 11:38:37.607] (INFO) Device 0xe8b6 is online.
[2015/11/04 11:38:37.607] (INFO) Network heartbeat check: All OK.
[2015/11/04 11:38:37.607] (INFO) Checked file systems for errors: All filesystems OK.
[2015/11/04 11:38:37.607] (INFO) Checked file systems for errors: All filesystems OK.
[2015/11/04 11:38:37.607] (ERROR) Connection to 10.95.216.76 terminated unexpectedly. Reconnecting.
[2015/11/04 11:38:37.607] (INFO) User "oby2763" logged out due to inactivity (timeout=30 minutes).
[2015/11/04 11:38:37.607] (INFO) Rolling 7 log file(s)...
[2015/11/04 11:38:37.607] (INFO) Flushed 95 buffers to disk.
[2015/11/04 11:38:37.607] (INFO) Flushed 80 buffers to disk.
[2015/11/04 11:38:37.607] (ERROR) Failed to open "/mnt/fileserver02/Yuqeu81822.csv": NFS timeout.
[2015/11/04 11:38:37.607] (INFO) Checkpointing off-heap server memory...
[2015/11/04 11:38:37.607] (INFO) Supervisor has entered SUSPENDED state.
[2015/11/04 11:38:37.607] (INFO) Device 0xc444 is online.
[2015/11/04 11:38:37.607] (INFO) Your mother called. She says you never call her.
[2015/11/04 11:38:37.607] (INFO) Backed up all server logs.
[2015/11/04 11:38:37.607] (ERROR) One of the flayrods has gone out askew on treadle.
[2015/11/04 11:38:37.607] (INFO) Backed up all server logs.
[2015/11/04 11:38:37.607] (INFO) Flushed 64 buffers to disk.
[2015/11/04 11:38:37.607] (INFO) Alien monitor (aliend): Detected no space aliens.
[2015/11/04 11:38:37.607] (INFO) Flushed 98 buffers to disk.
[2015/11/04 11:38:37.607] (INFO) User "lcr9791" logged out due to inactivity (timeout=30 minutes).
[2015/11/04 11:38:37.607] (INFO) Sending SIGTERM to 3 excess workers.
[2015/11/04 11:38:37.607] (INFO) Network heartbeat check: All OK.
[2015/11/04 11:38:37.607] (INFO) Sending SIGTERM to 3 excess workers.
[2015/11/04 11:38:37.607] (INFO) User "dzm3244" logged out.
[2015/11/04 11:38:37.607] (INFO) User "jin4030" logged in from 10.20.46.223.
[2015/11/04 11:38:38.108] (INFO) Sending SIGTERM to 3 excess workers.
[2015/11/04 11:38:38.108] (INFO) Waiting for monitor process (PID 44502) to die.
[2015/11/04 11:38:38.108] (INFO) Your mother called. She says you never call her.
[2015/11/04 11:38:38.108] (INFO) Supervisor has entered WAITING state.
[2015/11/04 11:38:38.108] (INFO) User "qhg6820" logged out.
[2015/11/04 11:38:38.108] (INFO) Sending SIGTERM to 3 excess workers.
[2015/11/04 11:38:38.108] (INFO) User "gea7967" logged in from 10.19.159.94.
[2015/11/04 11:38:38.108] (INFO) Waiting for monitor process (PID 42263) to die.
[2015/11/04 11:38:38.108] (ERROR) Unable to authenticate user "nkn9509": LDAP server isn't responding.
[2015/11/04 11:38:38.108] (ERROR) Unable to write to "/var/data/SPqQy94619.xml": Permission denied (EACCES)
[2015/11/04 11:38:38.108] (INFO) Backed up all server logs.
[2015/11/04 11:38:38.108] (INFO) Checkpointing off-heap server memory...
[2015/11/04 11:38:38.108] (ERROR) Directory index of "/var/data" is forbidden.
[2015/11/04 11:38:38.108] (INFO) Checked file systems for errors: All filesystems OK.
[2015/11/04 11:38:38.108] (ERROR) Failed to open "/mnt/fileserver02/feHqh54774.csv": NFS timeout.
[2015/11/04 11:38:38.108] (INFO) Your mother called. She says you never call her.
[2015/11/04 11:38:38.108] (INFO) Checkpointing off-heap server memory...
[2015/11/04 11:38:38.108] (INFO) Your mother called. She says you never call her.
[2015/11/04 11:38:38.108] (INFO) User "xse3033" logged in from 172.16.0.3.
[2015/11/04 11:38:38.108] (INFO) Waiting for monitor process (PID 60183) to die.
[2015/11/04 11:38:38.108] (INFO) Device 0x9525 is online.
[2015/11/04 11:38:38.108] (WARN) Ignoring SIGTERM. It's not that easy to get rid of me.
[2015/11/04 11:38:38.108] (INFO) Backed up all server logs.
[2015/11/04 11:38:38.108] (WARN) CPU temperature exceeds 40º Celsius.
[2015/11/04 11:38:38.108] (INFO) User "avi8855" logged in from 10.198.102.243.
[2015/11/04 11:38:38.108] (ERROR) /dev/lp error: "PC LOAD LETTER"
[2015/11/04 11:38:38.108] (INFO) Checkpointing off-heap server memory...
[2015/11/04 11:38:38.108] (INFO) User "pvc6193" logged out.
[2015/11/04 11:38:38.108] (INFO) Checked file systems for errors: All filesystems OK.
[2015/11/04 11:38:38.108] (ERROR) Extra characters at end of line.
[2015/11/04 11:38:38.108] (WARN) There is no such thing as a free lunch.
[2015/11/04 11:38:38.108] (INFO) User "fhi5712" logged in from 172.16.70.71.
[2015/11/04 11:38:38.108] (ERROR) One of the flayrods has gone out askew on treadle.
[2015/11/04 11:38:38.108] (INFO) Supervisor has entered WAITING state.
[2015/11/04 11:38:38.108] (INFO) Sending SIGTERM to 2 excess workers.
[2015/11/04 11:38:38.108] (INFO) User "wec5468" logged in from 10.131.247.153.
[2015/11/04 11:38:38.108] (INFO) Your mother called. She says you never call her.
[2015/11/04 11:38:38.108] (INFO) Checkpointing off-heap server memory...
[2015/11/04 11:38:38.108] (INFO) Checkpointing off-heap server memory...
[2015/11/04 11:38:38.108] (INFO) User "iuw1892" logged in from 172.16.230.41.
[2015/11/04 11:38:38.108] (ERROR) One of the flayrods has gone out askew on treadle.
[2015/11/04 11:38:38.108] (INFO) User "rqu4083" logged in from 172.16.67.229.
[2015/11/04 11:38:38.108] (INFO) Backed up all server logs.
[2015/11/04 11:38:38.108] (INFO) User "hce7927" logged out.
[2015/11/04 11:38:38.108] (INFO) Device 0xb8be is online.
[2015/11/04 11:38:38.108] (INFO) Network heartbeat check: All OK.
[2015/11/04 11:38:38.108] (INFO) Checkpointing off-heap server memory...
[2015/11/04 11:38:38.108] (INFO) Pinging watchdog timer process: Process is alive.
[2015/11/04 11:38:38.108] (WARN) Network heartbeat check: 3 server(s) did not respond.
[2015/11/04 11:38:38.108] (INFO) Your mother called. She says you never call her.
[2015/11/04 11:38:38.108] (INFO) Backed up all server logs.
[2015/11/04 11:38:38.108] (INFO) Flushed 87 buffers to disk.
[2015/11/04 11:38:38.108] (INFO) Checkpointing off-heap server memory...
[2015/11/04 11:38:38.108] (INFO) Checkpointing off-heap server memory...
[2015/11/04 11:38:38.108] (INFO) Alien monitor (aliend): Detected no space aliens.
[2015/11/04 11:38:38.108] (WARN) Possible cyber-attack from Alpha Centauri.
[2015/11/04 11:38:38.108] (INFO) Your mother called. She says you never call her.
[2015/11/04 11:38:38.108] (INFO) Alien monitor (aliend): Detected no space aliens.
[2015/11/04 11:38:38.108] (INFO) Rolling 3 log file(s)...
[2015/11/04 11:38:38.108] (INFO) .evian ylbirret si emehcs otpyrc ym neht ,siht daer nac uoy fI
[2015/11/04 11:38:38.108] (INFO) Checked file systems for errors: All filesystems OK.
[2015/11/04 11:38:38.108] (INFO) Device 0xff85 is online.
[2015/11/04 11:38:38.108] (WARN) There is no such thing as a free lunch.
[2015/11/04 11:38:38.108] (INFO) Pinging watchdog timer process: Process is alive.
[2015/11/04 11:38:38.108] (INFO) Pinging watchdog timer process: Process is alive.
[2015/11/04 11:38:38.108] (ERROR) One of the flayrods has gone out askew on treadle.
[2015/11/04 11:38:38.108] (INFO) User "jut2413" logged out due to inactivity (timeout=30 minutes).
[2015/11/04 11:38:38.108] (INFO) Supervisor has entered SUSPENDED state.
[2015/11/04 11:38:38.108] (INFO) .evian ylbirret si emehcs otpyrc ym neht ,siht daer nac uoy fI
[2015/11/04 11:38:38.108] (INFO) Sending SIGTERM to 3 excess workers.
[2015/11/04 11:38:38.108] (INFO) Sending SIGTERM to 3 excess workers.
[2015/11/04 11:38:38.108] (INFO) Waiting for worker process (PID 23776) to die.
[2015/11/04 11:38:38.108] (INFO) Supervisor has entered RUNNING state.
[2015/11/04 11:38:38.108] (INFO) Your mother called. She says you never call her.
[2015/11/04 11:38:38.108] (ERROR) Blocked Little Bobby Tables attack (https://xkcd.com/327/) from 172.16.203.119.
[2015/11/04 11:38:38.108] (INFO) User "cza7847" logged out.
[2015/11/04 11:38:38.108] (INFO) Device 0xfe00 is online.
[2015/11/04 11:38:38.108] (INFO) Waiting for master process (PID 30926) to die.
[2015/11/04 11:38:38.108] (INFO) Alien monitor (aliend): Detected no space aliens.
[2015/11/04 11:38:38.108] (INFO) Waiting for master process (PID 39925) to die.
[2015/11/04 11:38:38.108] (WARN) Space on disk /dev/sda3 is low: Only 706 MB available.
[2015/11/04 11:38:38.108] (INFO) User "cnl3481" logged in from 192.168.72.239.
[2015/11/04 11:38:38.108] (INFO) .evian ylbirret si emehcs otpyrc ym neht ,siht daer nac uoy fI
[2015/11/04 11:38:38.108] (WARN) Network heartbeat check: 17 server(s) did not respond.
[2015/11/04 11:38:38.108] (INFO) Checkpointing off-heap server memory...
[2015/11/04 11:38:38.108] (INFO) Network heartbeat check: All OK.
[2015/11/04 11:38:38.108] (WARN) Master took 670 ms to respond (threshold=500 ms)
[2015/11/04 11:38:38.108] (INFO) Backed up all server logs.
[2015/11/04 11:38:38.108] (ERROR) "/var/data/Naiwg88521.xml": No such file or directory (ENOENT)
[2015/11/04 11:38:38.108] (INFO) Pinging watchdog timer process: Process is alive.
[2015/11/04 11:38:38.108] (INFO) Checkpointing off-heap server memory...
[2015/11/04 11:38:38.108] (WARN) Ignoring SIGTERM. It's not that easy to get rid of me.
[2015/11/04 11:38:38.108] (INFO) Supervisor has entered SUSPENDED state.
[2015/11/04 11:38:38.108] (INFO) Checked file systems for errors: All filesystems OK.
[2015/11/04 11:38:38.108] (INFO) Your mother called. She says you never call her.
[2015/11/04 11:38:38.108] (INFO) Network heartbeat check: All OK.
[2015/11/04 11:38:38.108] (INFO) Supervisor has entered WAITING state.
[2015/11/04 11:38:38.108] (INFO) Flushed 49 buffers to disk.
[2015/11/04 11:38:38.108] (INFO) Network heartbeat check: All OK.
[2015/11/04 11:38:38.108] (INFO) User "wbw7216" logged out due to inactivity (timeout=30 minutes).
[2015/11/04 11:38:38.607] (WARN) Space on disk /dev/sdb1 is low: Only 273 MB available.
[2015/11/04 11:38:38.607] (INFO) Network heartbeat check: All OK.
[2015/11/04 11:38:38.607] (INFO) Sending SIGTERM to 3 excess workers.
[2015/11/04 11:38:38.607] (INFO) Network heartbeat check: All OK.
[2015/11/04 11:38:38.607] (INFO) Alien monitor (aliend): Detected no space aliens.
[2015/11/04 11:38:38.607] (INFO) Your mother called. She says you never call her.
[2015/11/04 11:38:38.607] (INFO) Your mother called. She says you never call her.
[2015/11/04 11:38:38.607] (INFO) Network heartbeat check: All OK.
[2015/11/04 11:38:38.607] (WARN) CPU temperature exceeds 40º Celsius.
[2015/11/04 11:38:38.607] (INFO) Supervisor has entered RUNNING state.
[2015/11/04 11:38:38.607] (INFO) Alien monitor (aliend): Detected no space aliens.
[2015/11/04 11:38:38.607] (INFO) Sending SIGTERM to 4 excess workers.
[2015/11/04 11:38:38.607] (ERROR) /dev/lp error: "PC LOAD LETTER"
[2015/11/04 11:38:38.607] (INFO) Checked file systems for errors: All filesystems OK.
[2015/11/04 11:38:38.607] (INFO) Flushed 74 buffers to disk.
[2015/11/04 11:38:38.607] (INFO) User "efh4962" logged out due to inactivity (timeout=30 minutes).
[2015/11/04 11:38:38.607] (INFO) Your mother called. She says you never call her.
[2015/11/04 11:38:38.607] (INFO) Your mother called. She says you never call her.
[2015/11/04 11:38:38.607] (INFO) Pinging watchdog timer process: Process is alive.
[2015/11/04 11:38:38.607] (WARN) Backup server 172.16.103.243 is offline.
[2015/11/04 11:38:38.607] (INFO) Your mother called. She says you never call her.
[2015/11/04 11:38:38.607] (INFO) Your mother called. She says you never call her.
[2015/11/04 11:38:38.607] (INFO) Network heartbeat check: All OK.
[2015/11/04 11:38:38.607] (ERROR) Failed to write checkpoint file "/var/checkpoint/ZIbVF57202: No space left on device (ENOSPC)
[2015/11/04 11:38:38.607] (INFO) Supervisor has entered RUNNING state.
[2015/11/04 11:38:38.607] (INFO) Supervisor has entered SUSPENDED state.
[2015/11/04 11:38:38.607] (INFO) Your mother called. She says you never call her.
[2015/11/04 11:38:38.607] (INFO) Flushed 96 buffers to disk.
[2015/11/04 11:38:38.607] (INFO) Alien monitor (aliend): Detected no space aliens.
[2015/11/04 11:38:38.607] (INFO) Alien monitor (aliend): Detected no space aliens.
[2015/11/04 11:38:38.607] (INFO) Backed up all server logs.
[2015/11/04 11:38:38.607] (INFO) Sending SIGTERM to 4 excess workers.
[2015/11/04 11:38:38.607] (INFO) Sending SIGTERM to 3 excess workers.
[2015/11/04 11:38:38.607] (INFO) Rolling 2 log file(s)...
[2015/11/04 11:38:38.607] (INFO) Pinging watchdog timer process: Process is alive.
[2015/11/04 11:38:38.607] (INFO) Flushed 68 buffers to disk.
[2015/11/04 11:38:38.607] (INFO) .evian ylbirret si emehcs otpyrc ym neht ,siht daer nac uoy fI
[2015/11/04 11:38:38.607] (INFO) Checked file systems for errors: All filesystems OK.
[2015/11/04 11:38:38.607] (WARN) Dropped 15,641 corrupt data packets.
[2015/11/04 11:38:38.607] (INFO) Alien monitor (aliend): Detected no space aliens.
[2015/11/04 11:38:38.607] (INFO) Flushed 39 buffers to disk.
[2015/11/04 11:38:38.607] (INFO) .evian ylbirret si emehcs otpyrc ym neht ,siht daer nac uoy fI
[2015/11/04 11:38:38.607] (WARN) Watchdog timer crashed. Restarting it.
[2015/11/04 11:38:38.607] (ERROR) Extra characters at end of line.
[2015/11/04 11:38:38.607] (WARN) Watchdog timer crashed. Restarting it.
[2015/11/04 11:38:38.607] (INFO) .evian ylbirret si emehcs otpyrc ym neht ,siht daer nac uoy fI
[2015/11/04 11:38:38.607] (ERROR) Connection to 192.168.137.104 terminated unexpectedly. Reconnecting.
[2015/11/04 11:38:38.607] (INFO) Sending SIGTERM to 4 excess workers.
[2015/11/04 11:38:38.607] (WARN) Unable to ping monitor at 172.16.28.208. Retrying.
[2015/11/04 11:38:38.607] (INFO) Flushed 51 buffers to disk.
[2015/11/04 11:38:38.607] (INFO) Checked file systems for errors: All filesystems OK.
[2015/11/04 11:38:38.607] (INFO) User "mot1469" logged out.
[2015/11/04 11:38:38.607] (INFO) Your mother called. She says you never call her.
[2015/11/04 11:38:38.607] (INFO) User "dvw1793" logged out due to inactivity (timeout=30 minutes).
[2015/11/04 11:38:38.607] (WARN) Ignoring SIGTERM. It's not that easy to get rid of me.
[2015/11/04 11:38:38.607] (INFO) Backed up all server logs.
[2015/11/04 11:38:38.607] (INFO) Backed up all server logs.
[2015/11/04 11:38:38.607] (INFO) Device 0x58f0 is online.
[2015/11/04 11:38:38.607] (INFO) Device 0x9616 is online.
[2015/11/04 11:38:38.607] (INFO) Pinging watchdog timer process: Process is alive.
[2015/11/04 11:38:38.607] (INFO) Checkpointing off-heap server memory...
[2015/11/04 11:38:38.607] (INFO) Supervisor has entered SUSPENDED state.
[2015/11/04 11:38:38.607] (INFO) Rolling 8 log file(s)...
[2015/11/04 11:38:38.607] (WARN) Watchdog timer crashed. Restarting it.
[2015/11/04 11:38:38.607] (INFO) User "iic5319" logged out.
[2015/11/04 11:38:38.607] (INFO) Checkpointing off-heap server memory...
[2015/11/04 11:38:38.607] (ERROR) CPU temperature exceeds 50º Celsius. Shutting down.
[2015/11/04 11:38:38.607] (INFO) User "ovz3584" logged in from 192.168.143.9.
[2015/11/04 11:38:38.607] (INFO) Device 0xc7e0 is online.
[2015/11/04 11:38:38.607] (INFO) Network heartbeat check: All OK.
[2015/11/04 11:38:38.607] (INFO) Waiting for monitor process (PID 60267) to die.
[2015/11/04 11:38:38.607] (WARN) CPU temperature exceeds 40º Celsius.
[2015/11/04 11:38:38.607] (ERROR) Server log backup FAILED. See backup logs.
[2015/11/04 11:38:38.607] (WARN) Retrying server log checkpoint.
[2015/11/04 11:38:38.607] (ERROR) Network heartbeat check FAILED: Master host down?
[2015/11/04 11:38:38.607] (INFO) Rolling 2 log file(s)...
[2015/11/04 11:38:38.607] (INFO) Your mother called. She says you never call her.
[2015/11/04 11:38:38.607] (WARN) Ignoring SIGTERM. It's not that easy to get rid of me.
[2015/11/04 11:38:38.607] (INFO) Flushed 25 buffers to disk.
[2015/11/04 11:38:38.607] (INFO) User "ptu8659" logged out.
[2015/11/04 11:38:38.607] (WARN) Master took 502 ms to respond (threshold=500 ms)
[2015/11/04 11:38:38.607] (INFO) Alien monitor (aliend): Detected no space aliens.
[2015/11/04 11:38:38.607] (INFO) Network heartbeat check: All OK.
[2015/11/04 11:38:38.607] (INFO) Alien monitor (aliend): Detected no space aliens.
[2015/11/04 11:38:38.607] (INFO) Pinging watchdog timer process: Process is alive.
[2015/11/04 11:38:38.607] (INFO) User "jic9634" logged in from 172.16.76.31.
[2015/11/04 11:38:38.607] (ERROR) Server log backup FAILED. See backup logs.
[2015/11/04 11:38:38.607] (INFO) User "feo1166" logged in from 192.168.34.230.
[2015/11/04 11:38:38.607] (WARN) Backup server 10.248.6.11 is offline.
[2015/11/04 11:38:38.607] (INFO) Rolling 9 log file(s)...
[2015/11/04 11:38:38.607] (INFO) User "yza3423" logged in from 10.175.253.110.
[2015/11/04 11:38:38.607] (INFO) Checkpointing off-heap server memory...
[2015/11/04 11:38:38.607] (WARN) Ignoring SIGTERM. It's not that easy to get rid of me.
[2015/11/04 11:38:38.607] (INFO) Rolling 6 log file(s)...
[2015/11/04 11:38:38.607] (INFO) Rolling 4 log file(s)...
[2015/11/04 11:38:38.607] (INFO) Sending SIGTERM to 2 excess workers.
[2015/11/04 11:38:38.607] (INFO) Alien monitor (aliend): Detected no space aliens.
[2015/11/04 11:38:38.607] (INFO) Checked file systems for errors: All filesystems OK.
[2015/11/04 11:38:38.607] (INFO) Checkpointing off-heap server memory...
[2015/11/04 11:38:38.607] (INFO) User "iuq8248" logged out.
[2015/11/04 11:38:39.107] (INFO) Device 0x60c9 is online.
[2015/11/04 11:38:39.107] (INFO) Checkpointing off-heap server memory...
[2015/11/04 11:38:39.107] (INFO) Checkpointing off-heap server memory...
[2015/11/04 11:38:39.107] (WARN) There is no such thing as a free lunch.
[2015/11/04 11:38:39.107] (INFO) Backed up all server logs.
[2015/11/04 11:38:39.107] (INFO) Pinging watchdog timer process: Process is alive.
[2015/11/04 11:38:39.107] (INFO) Device 0x2bf6 is online.
[2015/11/04 11:38:39.107] (WARN) Backup server 172.16.148.163 is offline.
[2015/11/04 11:38:39.107] (INFO) Rolling 6 log file(s)...
[2015/11/04 11:38:39.107] (INFO) Your mother called. She says you never call her.
[2015/11/04 11:38:39.107] (INFO) Alien monitor (aliend): Detected no space aliens.
[2015/11/04 11:38:39.107] (INFO) Rolling 8 log file(s)...
[2015/11/04 11:38:39.107] (INFO) User "zhx1106" logged in from 192.168.101.202.
[2015/11/04 11:38:39.107] (INFO) Device 0x9333 is online.
[2015/11/04 11:38:39.107] (INFO) Flushed 95 buffers to disk.
[2015/11/04 11:38:39.107] (INFO) User "pmq6378" logged out due to inactivity (timeout=30 minutes).
[2015/11/04 11:38:39.107] (INFO) Alien monitor (aliend): Detected no space aliens.
[2015/11/04 11:38:39.107] (INFO) Supervisor has entered SUSPENDED state.
[2015/11/04 11:38:39.107] (INFO) Waiting for master process (PID 58090) to die.
[2015/11/04 11:38:39.107] (ERROR) Unable to mount /dev/sda1. (Time to run fsck?)
[2015/11/04 11:38:39.107] (INFO) Pinging watchdog timer process: Process is alive.
[2015/11/04 11:38:39.107] (INFO) Checkpointing off-heap server memory...
[2015/11/04 11:38:39.107] (INFO) Your mother called. She says you never call her.
[2015/11/04 11:38:39.107] (ERROR) Unable to mount /dev/sdc2. (Time to run fsck?)
[2015/11/04 11:38:39.107] (INFO) Backed up all server logs.
[2015/11/04 11:38:39.107] (INFO) Sending SIGTERM to 2 excess workers.
[2015/11/04 11:38:39.107] (INFO) Device 0x0cc3 is online.
[2015/11/04 11:38:39.107] (INFO) Device 0x89d2 is online.
[2015/11/04 11:38:39.107] (INFO) Rolling 1 log file(s)...
[2015/11/04 11:38:39.107] (INFO) User "ssh1214" logged out.
[2015/11/04 11:38:39.107] (ERROR) Alien monitor (aliend): 2 space aliens are fiddling with the hardware!
[2015/11/04 11:38:39.107] (WARN) Retrying server log checkpoint.
[2015/11/04 11:38:39.107] (INFO) Checkpointing off-heap server memory...
[2015/11/04 11:38:39.107] (INFO) Network heartbeat check: All OK.
[2015/11/04 11:38:39.107] (INFO) Waiting for monitor process (PID 51416) to die.
[2015/11/04 11:38:39.107] (INFO) Your mother called. She says you never call her.
[2015/11/04 11:38:39.107] (WARN) Dropped 8,296 corrupt data packets.
[2015/11/04 11:38:39.107] (INFO) Checked file systems for errors: All filesystems OK.
[2015/11/04 11:38:39.107] (INFO) Checkpointing off-heap server memory...
[2015/11/04 11:38:39.107] (ERROR) Unable to mount /dev/sda2. (Time to run fsck?)
[2015/11/04 11:38:39.107] (INFO) User "nfm4002" logged in from 172.16.95.196.
[2015/11/04 11:38:39.107] (INFO) User "nmu7106" logged out due to inactivity (timeout=30 minutes).
[2015/11/04 11:38:39.107] (INFO) Flushed 41 buffers to disk.
[2015/11/04 11:38:39.107] (ERROR) /dev/lp error: "PC LOAD LETTER"
[2015/11/04 11:38:39.107] (INFO) Checked file systems for errors: All filesystems OK.
[2015/11/04 11:38:39.107] (INFO) User "blb3571" logged out.
[2015/11/04 11:38:39.107] (INFO) .evian ylbirret si emehcs otpyrc ym neht ,siht daer nac uoy fI
[2015/11/04 11:38:39.107] (ERROR) Alien monitor (aliend): 2 space aliens are fiddling with the hardware!
[2015/11/04 11:38:39.107] (WARN) Space on disk /dev/sdd3 is low: Only 873 MB available.
[2015/11/04 11:38:39.107] (INFO) Checkpointing off-heap server memory...
[2015/11/04 11:38:39.107] (WARN) CPU temperature exceeds 40º Celsius.
[2015/11/04 11:38:39.107] (INFO) Checkpointing off-heap server memory...
[2015/11/04 11:38:39.107] (INFO) Device 0xf65e is online.
[2015/11/04 11:38:39.107] (INFO) User "uiw8910" logged out.
[2015/11/04 11:38:39.107] (INFO) User "kni3885" logged out due to inactivity (timeout=30 minutes).
[2015/11/04 11:38:39.107] (INFO) Device 0x01e6 is online.
[2015/11/04 11:38:39.107] (INFO) Your mother called. She says you never call her.
[2015/11/04 11:38:39.107] (INFO) Supervisor has entered RUNNING state.
[2015/11/04 11:38:39.107] (WARN) Ignoring SIGTERM. It's not that easy to get rid of me.
[2015/11/04 11:38:39.107] (INFO) Alien monitor (aliend): Detected no space aliens.
[2015/11/04 11:38:39.107] (INFO) User "mey9382" logged out.
[2015/11/04 11:38:39.107] (INFO) Network heartbeat check: All OK.
[2015/11/04 11:38:39.107] (WARN) Space on disk /dev/sde3 is low: Only 680 MB available.
[2015/11/04 11:38:39.107] (INFO) .evian ylbirret si emehcs otpyrc ym neht ,siht daer nac uoy fI
[2015/11/04 11:38:39.107] (INFO) User "odm9519" logged out.
[2015/11/04 11:38:39.107] (INFO) Network heartbeat check: All OK.
[2015/11/04 11:38:39.107] (INFO) .evian ylbirret si emehcs otpyrc ym neht ,siht daer nac uoy fI
[2015/11/04 11:38:39.107] (INFO) Network heartbeat check: All OK.
[2015/11/04 11:38:39.107] (INFO) Alien monitor (aliend): Detected no space aliens.
[2015/11/04 11:38:39.107] (INFO) Checkpointing off-heap server memory...
[2015/11/04 11:38:39.107] (INFO) Network heartbeat check: All OK.
[2015/11/04 11:38:39.107] (INFO) Checked file systems for errors: All filesystems OK.
[2015/11/04 11:38:39.107] (INFO) Flushed 98 buffers to disk.
[2015/11/04 11:38:39.107] (INFO) Sending SIGTERM to 2 excess workers.
[2015/11/04 11:38:39.107] (WARN) Space on disk /dev/sdf1 is low: Only 380 MB available.
[2015/11/04 11:38:39.107] (INFO) Sending SIGTERM to 4 excess workers.
[2015/11/04 11:38:39.107] (INFO) Sending SIGTERM to 3 excess workers.
[2015/11/04 11:38:39.107] (INFO) Your mother called. She says you never call her.
[2015/11/04 11:38:39.107] (INFO) Backed up all server logs.
[2015/11/04 11:38:39.107] (INFO) Your mother called. She says you never call her.
[2015/11/04 11:38:39.107] (INFO) Rolling 9 log file(s)...
[2015/11/04 11:38:39.107] (ERROR) Unable to write to "/var/data/nbeCA55382.tar.gz": Permission denied (EACCES)
[2015/11/04 11:38:39.107] (INFO) Rolling 3 log file(s)...
[2015/11/04 11:38:39.107] (INFO) Sending SIGTERM to 2 excess workers.
[2015/11/04 11:38:39.107] (INFO) Alien monitor (aliend): Detected no space aliens.
[2015/11/04 11:38:39.107] (INFO) User "azf2279" logged out due to inactivity (timeout=30 minutes).
[2015/11/04 11:38:39.107] (INFO) Pinging watchdog timer process: Process is alive.
[2015/11/04 11:38:39.107] (INFO) Your mother called. She says you never call her.
[2015/11/04 11:38:39.107] (INFO) Your mother called. She says you never call her.
[2015/11/04 11:38:39.107] (INFO) Rolling 1 log file(s)...
[2015/11/04 11:38:39.107] (ERROR) Directory index of "/var/data" is forbidden.
[2015/11/04 11:38:39.107] (INFO) User "xsx2604" logged out due to inactivity (timeout=30 minutes).
[2015/11/04 11:38:39.107] (INFO) .evian ylbirret si emehcs otpyrc ym neht ,siht daer nac uoy fI
[2015/11/04 11:38:39.107] (INFO) Sending SIGTERM to 3 excess workers.
[2015/11/04 11:38:39.107] (ERROR) Alien monitor (aliend): 3 space aliens are fiddling with the hardware!
[2015/11/04 11:38:39.107] (INFO) Checkpointing off-heap server memory...
[2015/11/04 11:38:39.107] (INFO) Waiting for monitor process (PID 55651) to die.
[2015/11/04 11:38:39.107] (INFO) Checked file systems for errors: All filesystems OK.
[2015/11/04 11:38:39.107] (WARN) Backup server 172.16.86.250 is offline.
[2015/11/04 11:38:39.107] (WARN) Ignoring SIGTERM. It's not that easy to get rid of me.
[2015/11/04 11:38:39.607] (INFO) User "nwl6974" logged out due to inactivity (timeout=30 minutes).
[2015/11/04 11:38:39.607] (ERROR) Device 0x9b90 is offline
[2015/11/04 11:38:39.607] (INFO) Supervisor has entered RUNNING state.
[2015/11/04 11:38:39.607] (WARN) Possible cyber-attack from Nebraska.
[2015/11/04 11:38:39.607] (INFO) Sending SIGTERM to 3 excess workers.
[2015/11/04 11:38:39.607] (INFO) Backed up all server logs.
[2015/11/04 11:38:39.607] (INFO) Waiting for worker process (PID 1286) to die.
[2015/11/04 11:38:39.607] (INFO) User "hie7352" logged out.
[2015/11/04 11:38:39.607] (INFO) Supervisor has entered WAITING state.
[2015/11/04 11:38:39.607] (INFO) Sending SIGTERM to 3 excess workers.
[2015/11/04 11:38:39.607] (ERROR) One of the flayrods has gone out askew on treadle.
[2015/11/04 11:38:39.607] (INFO) User "fqi9947" logged in from 10.127.53.183.
[2015/11/04 11:38:39.607] (INFO) Waiting for monitor process (PID 34083) to die.
[2015/11/04 11:38:39.607] (INFO) Checked file systems for errors: All filesystems OK.
[2015/11/04 11:38:39.607] (INFO) Sending SIGTERM to 2 excess workers.
[2015/11/04 11:38:39.607] (INFO) Checked file systems for errors: All filesystems OK.
[2015/11/04 11:38:39.607] (INFO) Alien monitor (aliend): Detected no space aliens.
[2015/11/04 11:38:39.607] (INFO) User "jnj5366" logged in from 172.16.44.193.
[2015/11/04 11:38:39.607] (WARN) CPU temperature exceeds 40º Celsius.
[2015/11/04 11:38:39.607] (INFO) Checked file systems for errors: All filesystems OK.
[2015/11/04 11:38:39.607] (INFO) Supervisor has entered WAITING state.
[2015/11/04 11:38:39.607] (WARN) Ignoring SIGTERM. It's not that easy to get rid of me.
[2015/11/04 11:38:39.607] (INFO) .evian ylbirret si emehcs otpyrc ym neht ,siht daer nac uoy fI
[2015/11/04 11:38:39.607] (INFO) Flushed 68 buffers to disk.
[2015/11/04 11:38:39.607] (ERROR) Detected clock skew! Restarting NTP server.
[2015/11/04 11:38:39.607] (INFO) Checked file systems for errors: All filesystems OK.
[2015/11/04 11:38:39.607] (INFO) Flushed 85 buffers to disk.
[2015/11/04 11:38:39.607] (ERROR) User "srx6359" failed to log in 3 times. Disabling account.
[2015/11/04 11:38:39.607] (INFO) Flushed 73 buffers to disk.
[2015/11/04 11:38:39.607] (INFO) Your mother called. She says you never call her.
[2015/11/04 11:38:39.607] (INFO) Network heartbeat check: All OK.
[2015/11/04 11:38:39.607] (INFO) Waiting for monitor process (PID 34398) to die.
[2015/11/04 11:38:39.607] (WARN) Ignoring SIGTERM. It's not that easy to get rid of me.
[2015/11/04 11:38:39.607] (INFO) Pinging watchdog timer process: Process is alive.
[2015/11/04 11:38:39.607] (INFO) Waiting for monitor process (PID 551) to die.
[2015/11/04 11:38:39.607] (INFO) Network heartbeat check: All OK.
[2015/11/04 11:38:39.607] (ERROR) /dev/lp error: "PC LOAD LETTER"
[2015/11/04 11:38:39.607] (INFO) Device 0x3b40 is online.
[2015/11/04 11:38:39.607] (INFO) Rolling 4 log file(s)...
[2015/11/04 11:38:39.607] (INFO) Flushed 22 buffers to disk.
[2015/11/04 11:38:39.607] (ERROR) Detected clock skew! Restarting NTP server.
[2015/11/04 11:38:39.607] (INFO) Checkpointing off-heap server memory...
[2015/11/04 11:38:39.607] (INFO) Backed up all server logs.
[2015/11/04 11:38:39.607] (INFO) Checked file systems for errors: All filesystems OK.
[2015/11/04 11:38:39.607] (INFO) User "bdr1027" logged in from 172.16.14.111.
[2015/11/04 11:38:39.607] (INFO) Device 0x0406 is online.
[2015/11/04 11:38:39.608] (ERROR) Directory index of "/var/data" is forbidden.
[2015/11/04 11:38:39.608] (INFO) Your mother called. She says you never call her.
[2015/11/04 11:38:39.608] (ERROR) User "cdt8665" failed to log in 3 times. Disabling account.
[2015/11/04 11:38:39.608] (INFO) Flushed 99 buffers to disk.
[2015/11/04 11:38:39.608] (INFO) Sending SIGTERM to 4 excess workers.
[2015/11/04 11:38:39.608] (INFO) Pinging watchdog timer process: Process is alive.
[2015/11/04 11:38:39.608] (ERROR) One of the flayrods has gone out askew on treadle.
[2015/11/04 11:38:39.608] (INFO) Network heartbeat check: All OK.
[2015/11/04 11:38:39.608] (INFO) Flushed 82 buffers to disk.
[2015/11/04 11:38:39.608] (INFO) Network heartbeat check: All OK.
[2015/11/04 11:38:39.608] (INFO) Your mother called. She says you never call her.
[2015/11/04 11:38:39.608] (WARN) Master took 720 ms to respond (threshold=500 ms)
[2015/11/04 11:38:39.608] (INFO) Supervisor has entered RESTARTING state.
[2015/11/04 11:38:39.608] (INFO) Checkpointing off-heap server memory...
[2015/11/04 11:38:39.608] (INFO) Your mother called. She says you never call her.
[2015/11/04 11:38:39.608] (INFO) Network heartbeat check: All OK.
[2015/11/04 11:38:39.608] (INFO) Checkpointing off-heap server memory...
[2015/11/04 11:38:39.608] (INFO) Rolling 9 log file(s)...
[2015/11/04 11:38:39.608] (INFO) Checked file systems for errors: All filesystems OK.
[2015/11/04 11:38:39.608] (INFO) Checkpointing off-heap server memory...
[2015/11/04 11:38:39.608] (INFO) Checked file systems for errors: All filesystems OK.
[2015/11/04 11:38:39.608] (INFO) User "fjo1259" logged out due to inactivity (timeout=30 minutes).
[2015/11/04 11:38:39.608] (INFO) Rolling 7 log file(s)...
[2015/11/04 11:38:39.608] (INFO) Supervisor has entered WAITING state.
[2015/11/04 11:38:39.608] (INFO) Checked file systems for errors: All filesystems OK.
[2015/11/04 11:38:39.608] (INFO) Waiting for worker process (PID 34810) to die.
[2015/11/04 11:38:39.608] (INFO) User "van2826" logged out.
[2015/11/04 11:38:39.608] (WARN) Unable to ping supervisor at 172.16.41.142. Retrying.
[2015/11/04 11:38:39.608] (WARN) Ignoring SIGTERM. It's not that easy to get rid of me.
[2015/11/04 11:38:39.608] (INFO) Checkpointing off-heap server memory...
[2015/11/04 11:38:39.608] (WARN) There is no such thing as a free lunch.
[2015/11/04 11:38:39.608] (INFO) User "haq8254" logged out.
[2015/11/04 11:38:39.608] (ERROR) Failed to write checkpoint file "/var/checkpoint/oYTmM87647: No space left on device (ENOSPC)
[2015/11/04 11:38:39.608] (INFO) Sending SIGTERM to 3 excess workers.
[2015/11/04 11:38:39.608] (INFO) User "zlj8259" logged in from 192.168.147.114.
[2015/11/04 11:38:39.608] (INFO) Device 0x2925 is online.
[2015/11/04 11:38:39.608] (WARN) Unable to ping supervisor at 192.168.164.161. Retrying.
[2015/11/04 11:38:39.608] (INFO) Backed up all server logs.
[2015/11/04 11:38:39.608] (INFO) Pinging watchdog timer process: Process is alive.
[2015/11/04 11:38:39.608] (INFO) Rolling 3 log file(s)...
[2015/11/04 11:38:39.608] (INFO) Device 0x7d1b is online.
[2015/11/04 11:38:39.608] (INFO) Checkpointing off-heap server memory...
[2015/11/04 11:38:39.608] (INFO) Sending SIGTERM to 2 excess workers.
[2015/11/04 11:38:39.608] (INFO) User "myr7057" logged in from 172.16.197.103.
[2015/11/04 11:38:39.608] (INFO) Pinging watchdog timer process: Process is alive.
[2015/11/04 11:38:39.608] (INFO) Flushed 46 buffers to disk.
[2015/11/04 11:38:39.608] (INFO) Checkpointing off-heap server memory...
[2015/11/04 11:38:39.608] (INFO) User "glc6398" logged in from 10.217.238.195.
[2015/11/04 11:38:39.608] (INFO) Device 0x0618 is online.
[2015/11/04 11:38:39.608] (INFO) Checkpointing off-heap server memory...
[2015/11/04 11:38:39.608] (ERROR) User "pwq9645" failed to log in 3 times. Disabling account.
[2015/11/04 11:38:39.608] (ERROR) CPU temperature exceeds 50º Celsius. Shutting down.
[2015/11/04 11:38:39.608] (WARN) Ignoring SIGTERM. It's not that easy to get rid of me.
[2015/11/04 11:38:39.608] (INFO) Network heartbeat check: All OK.
[2015/11/04 11:38:40.107] (INFO) Backed up all server logs.
[2015/11/04 11:38:40.107] (INFO) Rolling 4 log file(s)...
[2015/11/04 11:38:40.107] (INFO) User "ruw4725" logged in from 172.16.200.181.
[2015/11/04 11:38:40.107] (WARN) Possible cyber-attack from Nebraska.
[2015/11/04 11:38:40.107] (INFO) User "qnu3886" logged out.
[2015/11/04 11:38:40.107] (ERROR) Detected clock skew! Restarting NTP server.
[2015/11/04 11:38:40.107] (INFO) User "utq7901" logged out due to inactivity (timeout=30 minutes).
[2015/11/04 11:38:40.107] (INFO) Flushed 94 buffers to disk.
[2015/11/04 11:38:40.107] (WARN) Network heartbeat check: 16 server(s) did not respond.
[2015/11/04 11:38:40.107] (INFO) Device 0x5f51 is online.
[2015/11/04 11:38:40.107] (INFO) Pinging watchdog timer process: Process is alive.
[2015/11/04 11:38:40.107] (INFO) Your mother called. She says you never call her.
[2015/11/04 11:38:40.107] (INFO) Checked file systems for errors: All filesystems OK.
[2015/11/04 11:38:40.107] (ERROR) Network heartbeat check FAILED: Master host down?
[2015/11/04 11:38:40.107] (INFO) .evian ylbirret si emehcs otpyrc ym neht ,siht daer nac uoy fI
[2015/11/04 11:38:40.107] (INFO) Flushed 28 buffers to disk.
[2015/11/04 11:38:40.107] (INFO) Your mother called. She says you never call her.
[2015/11/04 11:38:40.107] (INFO) User "vfy8712" logged in from 192.168.187.24.
[2015/11/04 11:38:40.107] (INFO) Backed up all server logs.
[2015/11/04 11:38:40.107] (INFO) Checked file systems for errors: All filesystems OK.
[2015/11/04 11:38:40.107] (INFO) User "kku9959" logged in from 192.168.160.123.
[2015/11/04 11:38:40.107] (INFO) Backed up all server logs.
[2015/11/04 11:38:40.107] (ERROR) Server log backup FAILED. See backup logs.
[2015/11/04 11:38:40.107] (INFO) Flushed 81 buffers to disk.
[2015/11/04 11:38:40.107] (INFO) Supervisor has entered RUNNING state.
[2015/11/04 11:38:40.107] (INFO) User "ocx3269" logged out due to inactivity (timeout=30 minutes).
[2015/11/04 11:38:40.107] (INFO) Flushed 73 buffers to disk.
[2015/11/04 11:38:40.107] (INFO) Your mother called. She says you never call her.
[2015/11/04 11:38:40.107] (INFO) Pinging watchdog timer process: Process is alive.
[2015/11/04 11:38:40.107] (INFO) Rolling 5 log file(s)...
[2015/11/04 11:38:40.107] (INFO) User "aka5996" logged out due to inactivity (timeout=30 minutes).
[2015/11/04 11:38:40.107] (INFO) Checked file systems for errors: All filesystems OK.
[2015/11/04 11:38:40.107] (INFO) Backed up all server logs.
[2015/11/04 11:38:40.107] (INFO) Your mother called. She says you never call her.
[2015/11/04 11:38:40.107] (INFO) Sending SIGTERM to 4 excess workers.
[2015/11/04 11:38:40.107] (INFO) Device 0x7ab5 is online.
[2015/11/04 11:38:40.107] (INFO) Alien monitor (aliend): Detected no space aliens.
[2015/11/04 11:38:40.107] (INFO) User "cwu4634" logged in from 192.168.78.53.
[2015/11/04 11:38:40.107] (ERROR) Connection to 10.178.97.17 terminated unexpectedly. Reconnecting.
[2015/11/04 11:38:40.107] (ERROR) User "mwr6628" failed to log in 3 times. Disabling account.
[2015/11/04 11:38:40.107] (INFO) .evian ylbirret si emehcs otpyrc ym neht ,siht daer nac uoy fI
[2015/11/04 11:38:40.107] (INFO) User "nzf6608" logged out.
[2015/11/04 11:38:40.107] (INFO) Rolling 5 log file(s)...
[2015/11/04 11:38:40.107] (INFO) Flushed 62 buffers to disk.
[2015/11/04 11:38:40.107] (WARN) Ignoring SIGTERM. It's not that easy to get rid of me.
[2015/11/04 11:38:40.107] (INFO) Flushed 81 buffers to disk.
[2015/11/04 11:38:40.107] (INFO) User "bcs3947" logged in from 172.16.154.79.
[2015/11/04 11:38:40.107] (INFO) User "wby8396" logged out due to inactivity (timeout=30 minutes).
[2015/11/04 11:38:40.107] (INFO) User "uhy6419" logged out due to inactivity (timeout=30 minutes).
[2015/11/04 11:38:40.107] (INFO) Your mother called. She says you never call her.
[2015/11/04 11:38:40.107] (INFO) Sending SIGTERM to 4 excess workers.
[2015/11/04 11:38:40.107] (INFO) User "opd7296" logged out due to inactivity (timeout=30 minutes).
[2015/11/04 11:38:40.107] (ERROR) Unable to write to "/var/data/tNPdQ74432.xslx": Permission denied (EACCES)
[2015/11/04 11:38:40.107] (INFO) Alien monitor (aliend): Detected no space aliens.
[2015/11/04 11:38:40.107] (INFO) Your mother called. She says you never call her.
[2015/11/04 11:38:40.107] (INFO) Backed up all server logs.
[2015/11/04 11:38:40.107] (INFO) Pinging watchdog timer process: Process is alive.
[2015/11/04 11:38:40.107] (INFO) Network heartbeat check: All OK.
[2015/11/04 11:38:40.107] (INFO) Waiting for monitor process (PID 40671) to die.
[2015/11/04 11:38:40.107] (ERROR) Unable to mount /dev/sdf3. (Time to run fsck?)
[2015/11/04 11:38:40.107] (INFO) Waiting for worker process (PID 2490) to die.
[2015/11/04 11:38:40.107] (INFO) User "qna5270" logged out due to inactivity (timeout=30 minutes).
[2015/11/04 11:38:40.107] (INFO) User "nlc1681" logged out.
[2015/11/04 11:38:40.107] (INFO) Sending SIGTERM to 4 excess workers.
[2015/11/04 11:38:40.107] (INFO) Your mother called. She says you never call her.
[2015/11/04 11:38:40.107] (INFO) Pinging watchdog timer process: Process is alive.
[2015/11/04 11:38:40.107] (INFO) User "wfn3016" logged out.
[2015/11/04 11:38:40.107] (INFO) User "diq5344" logged out.
[2015/11/04 11:38:40.107] (INFO) .evian ylbirret si emehcs otpyrc ym neht ,siht daer nac uoy fI
[2015/11/04 11:38:40.107] (INFO) Pinging watchdog timer process: Process is alive.
[2015/11/04 11:38:40.107] (INFO) Network heartbeat check: All OK.
[2015/11/04 11:38:40.107] (WARN) Network heartbeat check: 4 server(s) did not respond.
[2015/11/04 11:38:40.107] (INFO) Sending SIGTERM to 3 excess workers.
[2015/11/04 11:38:40.107] (INFO) Flushed 94 buffers to disk.
[2015/11/04 11:38:40.107] (INFO) Supervisor has entered RUNNING state.
[2015/11/04 11:38:40.107] (INFO) User "bpf5904" logged out due to inactivity (timeout=30 minutes).
[2015/11/04 11:38:40.107] (INFO) Flushed 67 buffers to disk.
[2015/11/04 11:38:40.107] (INFO) Backed up all server logs.
[2015/11/04 11:38:40.107] (INFO) Sending SIGTERM to 4 excess workers.
[2015/11/04 11:38:40.107] (INFO) Your mother called. She says you never call her.
[2015/11/04 11:38:40.107] (INFO) Backed up all server logs.
[2015/11/04 11:38:40.107] (INFO) Flushed 54 buffers to disk.
[2015/11/04 11:38:40.107] (INFO) Supervisor has entered RUNNING state.
[2015/11/04 11:38:40.107] (INFO) Supervisor has entered RESTARTING state.
[2015/11/04 11:38:40.107] (ERROR) Worker 7 died with SIGTRAP. Restarting it.
[2015/11/04 11:38:40.107] (ERROR) Worker 6 died with SIGINT. Restarting it.
[2015/11/04 11:38:40.107] (WARN) Ignoring SIGTERM. It's not that easy to get rid of me.
[2015/11/04 11:38:40.107] (INFO) Device 0xde60 is online.
[2015/11/04 11:38:40.107] (INFO) User "nmr2315" logged out due to inactivity (timeout=30 minutes).
[2015/11/04 11:38:40.107] (INFO) Waiting for worker process (PID 10729) to die.
[2015/11/04 11:38:40.107] (INFO) Checkpointing off-heap server memory...
[2015/11/04 11:38:40.107] (INFO) Waiting for worker process (PID 47687) to die.
[2015/11/04 11:38:40.107] (INFO) Alien monitor (aliend): Detected no space aliens.
[2015/11/04 11:38:40.107] (INFO) Backed up all server logs.
[2015/11/04 11:38:40.107] (INFO) Waiting for supervisor process (PID 20277) to die.
[2015/11/04 11:38:40.107] (INFO) Sending SIGTERM to 2 excess workers.
[2015/11/04 11:38:40.107] (INFO) User "mik4837" logged out.
[2015/11/04 11:38:40.107] (INFO) Sending SIGTERM to 4 excess workers.
[2015/11/04 11:38:40.107] (INFO) Flushed 96 buffers to disk.
[2015/11/04 11:38:40.107] (INFO) Sending SIGTERM to 3 excess workers.
[2015/11/04 11:38:40.607] (INFO) Alien monitor (aliend): Detected no space aliens.
[2015/11/04 11:38:40.607] (INFO) Pinging watchdog timer process: Process is alive.
[2015/11/04 11:38:40.607] (WARN) Backup server 172.16.7.47 is offline.
[2015/11/04 11:38:40.607] (INFO) User "nqa8222" logged in from 10.250.88.121.
[2015/11/04 11:38:40.607] (INFO) Backed up all server logs.
[2015/11/04 11:38:40.607] (INFO) User "pev7760" logged in from 172.16.49.212.
[2015/11/04 11:38:40.607] (INFO) Your mother called. She says you never call her.
[2015/11/04 11:38:40.607] (ERROR) Worker 6 died with SIGFPE. Restarting it.
[2015/11/04 11:38:40.607] (ERROR) EFOODFAIL (Waiter, there's a fly in my soup).
[2015/11/04 11:38:40.607] (INFO) User "cqb7780" logged out due to inactivity (timeout=30 minutes).
[2015/11/04 11:38:40.607] (INFO) .evian ylbirret si emehcs otpyrc ym neht ,siht daer nac uoy fI
[2015/11/04 11:38:40.607] (INFO) Checked file systems for errors: All filesystems OK.
[2015/11/04 11:38:40.607] (INFO) Alien monitor (aliend): Detected no space aliens.
[2015/11/04 11:38:40.607] (INFO) Sending SIGTERM to 2 excess workers.
[2015/11/04 11:38:40.607] (ERROR) CPU temperature exceeds 50º Celsius. Shutting down.
[2015/11/04 11:38:40.607] (INFO) Supervisor has entered WAITING state.
[2015/11/04 11:38:40.607] (INFO) User "gtk6814" logged out.
[2015/11/04 11:38:40.607] (INFO) Device 0x3242 is online.
[2015/11/04 11:38:40.607] (INFO) Your mother called. She says you never call her.
[2015/11/04 11:38:40.607] (INFO) Checkpointing off-heap server memory...
[2015/11/04 11:38:40.607] (INFO) Checkpointing off-heap server memory...
[2015/11/04 11:38:40.607] (INFO) User "bti9157" logged out.
[2015/11/04 11:38:40.607] (INFO) Your mother called. She says you never call her.
[2015/11/04 11:38:40.607] (INFO) Flushed 87 buffers to disk.
[2015/11/04 11:38:40.607] (INFO) Network heartbeat check: All OK.
[2015/11/04 11:38:40.607] (INFO) Pinging watchdog timer process: Process is alive.
[2015/11/04 11:38:40.607] (INFO) Checkpointing off-heap server memory...
[2015/11/04 11:38:40.607] (ERROR) "/var/data/SrohV66086.zip": Permission denied (EACCES)
[2015/11/04 11:38:40.607] (INFO) Your mother called. She says you never call her.
[2015/11/04 11:38:40.607] (INFO) Backed up all server logs.
[2015/11/04 11:38:40.607] (INFO) Alien monitor (aliend): Detected no space aliens.
[2015/11/04 11:38:40.607] (INFO) Your mother called. She says you never call her.
[2015/11/04 11:38:40.607] (INFO) Flushed 87 buffers to disk.
[2015/11/04 11:38:40.607] (INFO) Alien monitor (aliend): Detected no space aliens.
[2015/11/04 11:38:40.607] (WARN) Network heartbeat check: 16 server(s) did not respond.
[2015/11/04 11:38:40.607] (WARN) Ignoring SIGTERM. It's not that easy to get rid of me.
[2015/11/04 11:38:40.607] (INFO) Your mother called. She says you never call her.
[2015/11/04 11:38:40.607] (INFO) User "syc1879" logged out.
[2015/11/04 11:38:40.607] (INFO) Waiting for supervisor process (PID 43060) to die.
[2015/11/04 11:38:40.607] (INFO) Supervisor has entered SUSPENDED state.
[2015/11/04 11:38:40.607] (INFO) User "nap7205" logged in from 192.168.0.79.
[2015/11/04 11:38:40.607] (INFO) Checked file systems for errors: All filesystems OK.
[2015/11/04 11:38:40.607] (INFO) Supervisor has entered WAITING state.
[2015/11/04 11:38:40.607] (INFO) Your mother called. She says you never call her.
[2015/11/04 11:38:40.607] (INFO) Rolling 8 log file(s)...
[2015/11/04 11:38:40.607] (ERROR) Blocked Little Bobby Tables attack (https://xkcd.com/327/) from 192.168.226.107.
[2015/11/04 11:38:40.607] (ERROR) Extra characters at end of line.
[2015/11/04 11:38:40.607] (INFO) Backed up all server logs.
[2015/11/04 11:38:40.607] (INFO) Pinging watchdog timer process: Process is alive.
[2015/11/04 11:38:40.607] (INFO) Waiting for monitor process (PID 58161) to die.
[2015/11/04 11:38:40.607] (INFO) Alien monitor (aliend): Detected no space aliens.
[2015/11/04 11:38:40.607] (WARN) There is no such thing as a free lunch.
[2015/11/04 11:38:40.607] (INFO) User "itx1073" logged in from 192.168.54.99.
[2015/11/04 11:38:40.607] (INFO) Device 0x54ed is online.
[2015/11/04 11:38:40.607] (WARN) Space on disk /dev/sda1 is low: Only 287 MB available.
[2015/11/04 11:38:40.607] (INFO) Alien monitor (aliend): Detected no space aliens.
[2015/11/04 11:38:40.607] (WARN) Dropped 12,175 corrupt data packets.
[2015/11/04 11:38:40.607] (INFO) Network heartbeat check: All OK.
[2015/11/04 11:38:40.607] (INFO) Device 0x7d09 is online.
[2015/11/04 11:38:40.607] (INFO) Device 0x3915 is online.
[2015/11/04 11:38:40.607] (INFO) Flushed 93 buffers to disk.
[2015/11/04 11:38:40.607] (INFO) Rolling 5 log file(s)...
[2015/11/04 11:38:40.607] (INFO) Rolling 5 log file(s)...
[2015/11/04 11:38:40.607] (ERROR) Failed to open "/mnt/fileserver02/IghKo52882.tsv": NFS timeout.
[2015/11/04 11:38:40.607] (INFO) Network heartbeat check: All OK.
[2015/11/04 11:38:40.607] (WARN) There is no such thing as a free lunch.
[2015/11/04 11:38:40.607] (INFO) Rolling 2 log file(s)...
[2015/11/04 11:38:40.607] (INFO) .evian ylbirret si emehcs otpyrc ym neht ,siht daer nac uoy fI
[2015/11/04 11:38:40.607] (INFO) Waiting for master process (PID 50400) to die.
[2015/11/04 11:38:40.607] (INFO) Waiting for monitor process (PID 14135) to die.
[2015/11/04 11:38:40.607] (INFO) Alien monitor (aliend): Detected no space aliens.
[2015/11/04 11:38:40.607] (INFO) Flushed 33 buffers to disk.
[2015/11/04 11:38:40.607] (WARN) Space on disk /dev/sde1 is low: Only 208 MB available.
[2015/11/04 11:38:40.607] (INFO) Sending SIGTERM to 2 excess workers.
[2015/11/04 11:38:40.607] (INFO) Pinging watchdog timer process: Process is alive.
[2015/11/04 11:38:40.607] (INFO) Pinging watchdog timer process: Process is alive.
[2015/11/04 11:38:40.607] (INFO) Flushed 41 buffers to disk.
[2015/11/04 11:38:40.607] (WARN) Unable to ping worker at 10.227.224.78. Retrying.
[2015/11/04 11:38:40.607] (INFO) Backed up all server logs.
[2015/11/04 11:38:40.607] (INFO) Checkpointing off-heap server memory...
[2015/11/04 11:38:40.607] (INFO) Rolling 3 log file(s)...
[2015/11/04 11:38:40.607] (WARN) CPU temperature exceeds 40º Celsius.
[2015/11/04 11:38:40.607] (INFO) Backed up all server logs.
[2015/11/04 11:38:40.607] (WARN) Dropped 18,367 corrupt data packets.
[2015/11/04 11:38:40.607] (INFO) User "vdh7343" logged out.
[2015/11/04 11:38:40.607] (INFO) Alien monitor (aliend): Detected no space aliens.
[2015/11/04 11:38:40.607] (WARN) Backup server 192.168.160.116 is offline.
[2015/11/04 11:38:40.607] (WARN) Dropped 10,866 corrupt data packets.
[2015/11/04 11:38:40.607] (ERROR) /dev/lp error: "PC LOAD LETTER"
[2015/11/04 11:38:40.607] (INFO) Waiting for master process (PID 50737) to die.
[2015/11/04 11:38:40.607] (ERROR) User "eua2274" failed to log in 3 times. Disabling account.
[2015/11/04 11:38:40.607] (INFO) .evian ylbirret si emehcs otpyrc ym neht ,siht daer nac uoy fI
[2015/11/04 11:38:40.607] (INFO) User "huc9338" logged out due to inactivity (timeout=30 minutes).
[2015/11/04 11:38:40.607] (INFO) User "sso1346" logged in from 192.168.28.237.
[2015/11/04 11:38:40.607] (INFO) Checked file systems for errors: All filesystems OK.
[2015/11/04 11:38:40.607] (INFO) User "szd5971" logged in from 192.168.139.93.
[2015/11/04 11:38:40.607] (INFO) User "emn7836" logged out due to inactivity (timeout=30 minutes).
[2015/11/04 11:38:40.607] (INFO) User "ibi7813" logged out.
[2015/11/04 11:38:40.607] (INFO) Backed up all server logs.
[2015/11/04 11:38:40.607] (INFO) User "utx1508" logged out.
[2015/11/04 11:38:41.108] (INFO) Rolling 6 log file(s)...
[2015/11/04 11:38:41.108] (ERROR) Blocked Little Bobby Tables attack (https://xkcd.com/327/) from 192.168.18.160.
[2015/11/04 11:38:41.108] (INFO) Rolling 1 log file(s)...
[2015/11/04 11:38:41.108] (INFO) Waiting for supervisor process (PID 58412) to die.
[2015/11/04 11:38:41.108] (INFO) Pinging watchdog timer process: Process is alive.
[2015/11/04 11:38:41.108] (INFO) User "agh8539" logged out.
[2015/11/04 11:38:41.108] (INFO) Rolling 4 log file(s)...
[2015/11/04 11:38:41.108] (ERROR) Network heartbeat check FAILED: Master host down?
[2015/11/04 11:38:41.108] (ERROR) Failed to open "/mnt/fileserver01/OYuOo86031.csv": NFS timeout.
[2015/11/04 11:38:41.108] (INFO) Backed up all server logs.
[2015/11/04 11:38:41.108] (INFO) Checkpointing off-heap server memory...
[2015/11/04 11:38:41.108] (WARN) Ignoring SIGTERM. It's not that easy to get rid of me.
[2015/11/04 11:38:41.108] (INFO) User "wkp6971" logged out.
[2015/11/04 11:38:41.108] (INFO) User "bgs6323" logged out.
[2015/11/04 11:38:41.108] (INFO) Pinging watchdog timer process: Process is alive.
[2015/11/04 11:38:41.108] (INFO) Pinging watchdog timer process: Process is alive.
[2015/11/04 11:38:41.108] (INFO) Backed up all server logs.
[2015/11/04 11:38:41.108] (INFO) Pinging watchdog timer process: Process is alive.
[2015/11/04 11:38:41.108] (INFO) User "dmn5323" logged out.
[2015/11/04 11:38:41.108] (INFO) Your mother called. She says you never call her.
[2015/11/04 11:38:41.108] (INFO) Backed up all server logs.
[2015/11/04 11:38:41.108] (INFO) Network heartbeat check: All OK.
[2015/11/04 11:38:41.108] (INFO) Flushed 37 buffers to disk.
[2015/11/04 11:38:41.108] (INFO) Your mother called. She says you never call her.
[2015/11/04 11:38:41.108] (INFO) Alien monitor (aliend): Detected no space aliens.
[2015/11/04 11:38:41.108] (INFO) Waiting for master process (PID 1655) to die.
[2015/11/04 11:38:41.108] (INFO) Checkpointing off-heap server memory...
[2015/11/04 11:38:41.108] (INFO) Your mother called. She says you never call her.
[2015/11/04 11:38:41.108] (INFO) User "ssu4671" logged out due to inactivity (timeout=30 minutes).
[2015/11/04 11:38:41.108] (INFO) Supervisor has entered RESTARTING state.
[2015/11/04 11:38:41.108] (INFO) Your mother called. She says you never call her.
[2015/11/04 11:38:41.108] (INFO) Checkpointing off-heap server memory...
[2015/11/04 11:38:41.108] (INFO) Your mother called. She says you never call her.
[2015/11/04 11:38:41.108] (WARN) Ignoring SIGTERM. It's not that easy to get rid of me.
[2015/11/04 11:38:41.108] (ERROR) Detected clock skew! Restarting NTP server.
[2015/11/04 11:38:41.108] (INFO) Alien monitor (aliend): Detected no space aliens.
[2015/11/04 11:38:41.108] (WARN) Master took 601 ms to respond (threshold=500 ms)
[2015/11/04 11:38:41.108] (INFO) Supervisor has entered RESTARTING state.
[2015/11/04 11:38:41.108] (INFO) Checkpointing off-heap server memory...
[2015/11/04 11:38:41.108] (WARN) Unable to ping supervisor at 192.168.229.6. Retrying.
[2015/11/04 11:38:41.108] (INFO) Backed up all server logs.
[2015/11/04 11:38:41.108] (INFO) Alien monitor (aliend): Detected no space aliens.
[2015/11/04 11:38:41.108] (INFO) Alien monitor (aliend): Detected no space aliens.
[2015/11/04 11:38:41.108] (WARN) There is no such thing as a free lunch.
[2015/11/04 11:38:41.108] (INFO) Sending SIGTERM to 4 excess workers.
[2015/11/04 11:38:41.108] (INFO) Supervisor has entered RUNNING state.
[2015/11/04 11:38:41.108] (INFO) User "ayz8740" logged out due to inactivity (timeout=30 minutes).
[2015/11/04 11:38:41.108] (INFO) Sending SIGTERM to 3 excess workers.
[2015/11/04 11:38:41.108] (WARN) Network heartbeat check: 5 server(s) did not respond.
[2015/11/04 11:38:41.108] (INFO) Waiting for supervisor process (PID 6313) to die.
[2015/11/04 11:38:41.108] (INFO) Supervisor has entered RUNNING state.
[2015/11/04 11:38:41.108] (INFO) User "fwv5075" logged out.
[2015/11/04 11:38:41.108] (INFO) Rolling 1 log file(s)...
[2015/11/04 11:38:41.108] (INFO) Supervisor has entered RUNNING state.
[2015/11/04 11:38:41.108] (INFO) User "fge7825" logged out.
[2015/11/04 11:38:41.108] (WARN) There is no such thing as a free lunch.
[2015/11/04 11:38:41.108] (INFO) Backed up all server logs.
[2015/11/04 11:38:41.108] (INFO) Checkpointing off-heap server memory...
[2015/11/04 11:38:41.108] (INFO) User "fkr7226" logged out due to inactivity (timeout=30 minutes).
[2015/11/04 11:38:41.108] (INFO) .evian ylbirret si emehcs otpyrc ym neht ,siht daer nac uoy fI
[2015/11/04 11:38:41.108] (INFO) Flushed 82 buffers to disk.
[2015/11/04 11:38:41.108] (INFO) Your mother called. She says you never call her.
[2015/11/04 11:38:41.108] (INFO) Network heartbeat check: All OK.
[2015/11/04 11:38:41.108] (INFO) Your mother called. She says you never call her.
[2015/11/04 11:38:41.108] (INFO) Rolling 7 log file(s)...
[2015/11/04 11:38:41.108] (INFO) Alien monitor (aliend): Detected no space aliens.
[2015/11/04 11:38:41.108] (INFO) Device 0x0e8c is online.
[2015/11/04 11:38:41.108] (INFO) Your mother called. She says you never call her.
[2015/11/04 11:38:41.108] (WARN) Space on disk /dev/sdb2 is low: Only 251 MB available.
[2015/11/04 11:38:41.108] (ERROR) "/var/data/LmGcv98176.zip": Permission denied (EACCES)
[2015/11/04 11:38:41.108] (WARN) Watchdog timer crashed. Restarting it.
[2015/11/04 11:38:41.108] (ERROR) Unable to write to "/var/data/ewJDc86487.xslx": Permission denied (EACCES)
[2015/11/04 11:38:41.108] (INFO) Backed up all server logs.
[2015/11/04 11:38:41.108] (INFO) Waiting for master process (PID 58757) to die.
[2015/11/04 11:38:41.108] (INFO) Checkpointing off-heap server memory...
[2015/11/04 11:38:41.108] (ERROR) CPU temperature exceeds 50º Celsius. Shutting down.
[2015/11/04 11:38:41.108] (INFO) Network heartbeat check: All OK.
[2015/11/04 11:38:41.108] (INFO) Network heartbeat check: All OK.
[2015/11/04 11:38:41.108] (INFO) Checked file systems for errors: All filesystems OK.
[2015/11/04 11:38:41.108] (INFO) User "aoi4632" logged out.
[2015/11/04 11:38:41.108] (INFO) .evian ylbirret si emehcs otpyrc ym neht ,siht daer nac uoy fI
[2015/11/04 11:38:41.108] (INFO) Alien monitor (aliend): Detected no space aliens.
[2015/11/04 11:38:41.108] (INFO) Network heartbeat check: All OK.
[2015/11/04 11:38:41.108] (INFO) User "bfx3315" logged out due to inactivity (timeout=30 minutes).
[2015/11/04 11:38:41.108] (INFO) Your mother called. She says you never call her.
[2015/11/04 11:38:41.108] (INFO) User "ubz5562" logged in from 10.93.137.16.
[2015/11/04 11:38:41.108] (INFO) Waiting for master process (PID 63704) to die.
[2015/11/04 11:38:41.108] (INFO) Network heartbeat check: All OK.
[2015/11/04 11:38:41.108] (INFO) Waiting for worker process (PID 45247) to die.
[2015/11/04 11:38:41.108] (ERROR) Unable to write to "/var/data/SsxEa98782.txt": Permission denied (EACCES)
[2015/11/04 11:38:41.108] (INFO) Supervisor has entered WAITING state.
[2015/11/04 11:38:41.108] (INFO) Sending SIGTERM to 4 excess workers.
[2015/11/04 11:38:41.108] (INFO) User "vqm8969" logged out due to inactivity (timeout=30 minutes).
[2015/11/04 11:38:41.108] (INFO) Device 0x6d56 is online.
[2015/11/04 11:38:41.108] (INFO) Network heartbeat check: All OK.
[2015/11/04 11:38:41.108] (INFO) User "ups6073" logged out.
[2015/11/04 11:38:41.108] (INFO) Rolling 2 log file(s)...
[2015/11/04 11:38:41.108] (INFO) Waiting for worker process (PID 45356) to die.
[2015/11/04 11:38:41.108] (INFO) Flushed 33 buffers to disk.
[2015/11/04 11:38:41.108] (INFO) Checked file systems for errors: All filesystems OK.
[2015/11/04 11:38:41.609] (WARN) Backup server 10.168.23.50 is offline.
[2015/11/04 11:38:41.609] (ERROR) Connection to 192.168.78.140 terminated unexpectedly. Reconnecting.
[2015/11/04 11:38:41.609] (ERROR) Directory index of "/var/data" is forbidden.
[2015/11/04 11:38:41.609] (INFO) Waiting for worker process (PID 2072) to die.
[2015/11/04 11:38:41.609] (INFO) Waiting for master process (PID 65107) to die.
[2015/11/04 11:38:41.609] (INFO) Sending SIGTERM to 3 excess workers.
[2015/11/04 11:38:41.609] (INFO) Sending SIGTERM to 3 excess workers.
[2015/11/04 11:38:41.609] (ERROR) Detected clock skew! Restarting NTP server.
[2015/11/04 11:38:41.609] (INFO) Checked file systems for errors: All filesystems OK.
[2015/11/04 11:38:41.609] (INFO) Network heartbeat check: All OK.
[2015/11/04 11:38:41.609] (INFO) Network heartbeat check: All OK.
[2015/11/04 11:38:41.609] (INFO) User "mjl2323" logged out.
[2015/11/04 11:38:41.609] (WARN) CPU temperature exceeds 40º Celsius.
[2015/11/04 11:38:41.609] (INFO) Checkpointing off-heap server memory...
[2015/11/04 11:38:41.609] (INFO) Device 0x467f is online.
[2015/11/04 11:38:41.609] (INFO) Flushed 55 buffers to disk.
[2015/11/04 11:38:41.609] (INFO) Alien monitor (aliend): Detected no space aliens.
[2015/11/04 11:38:41.609] (ERROR) Unable to write to "/var/data/CMNYE92759.zip": Permission denied (EACCES)
[2015/11/04 11:38:41.609] (INFO) Your mother called. She says you never call her.
[2015/11/04 11:38:41.609] (INFO) .evian ylbirret si emehcs otpyrc ym neht ,siht daer nac uoy fI
[2015/11/04 11:38:41.609] (INFO) Flushed 54 buffers to disk.
[2015/11/04 11:38:41.609] (WARN) Watchdog timer crashed. Restarting it.
[2015/11/04 11:38:41.609] (INFO) Pinging watchdog timer process: Process is alive.
[2015/11/04 11:38:41.609] (INFO) Device 0xc541 is online.
[2015/11/04 11:38:41.609] (INFO) Flushed 52 buffers to disk.
[2015/11/04 11:38:41.609] (INFO) Checked file systems for errors: All filesystems OK.
[2015/11/04 11:38:41.609] (INFO) Rolling 3 log file(s)...
[2015/11/04 11:38:41.609] (INFO) .evian ylbirret si emehcs otpyrc ym neht ,siht daer nac uoy fI
[2015/11/04 11:38:41.609] (INFO) Pinging watchdog timer process: Process is alive.
[2015/11/04 11:38:41.609] (WARN) Backup server 172.16.113.8 is offline.
[2015/11/04 11:38:41.609] (INFO) Backed up all server logs.
[2015/11/04 11:38:41.609] (INFO) Network heartbeat check: All OK.
[2015/11/04 11:38:41.609] (INFO) Device 0xdf26 is online.
[2015/11/04 11:38:41.609] (ERROR) "/var/data/sLiLm80984.xml": Permission denied (EACCES)
[2015/11/04 11:38:41.609] (INFO) Alien monitor (aliend): Detected no space aliens.
[2015/11/04 11:38:41.609] (INFO) .evian ylbirret si emehcs otpyrc ym neht ,siht daer nac uoy fI
[2015/11/04 11:38:41.609] (INFO) Device 0x09fa is online.
[2015/11/04 11:38:41.609] (INFO) Checked file systems for errors: All filesystems OK.
[2015/11/04 11:38:41.609] (INFO) Supervisor has entered WAITING state.
[2015/11/04 11:38:41.609] (INFO) Rolling 3 log file(s)...
[2015/11/04 11:38:41.609] (ERROR) Blocked SSH traffic originating from 172.16.140.97.
[2015/11/04 11:38:41.609] (INFO) Pinging watchdog timer process: Process is alive.
[2015/11/04 11:38:41.609] (WARN) Space on disk /dev/sdd2 is low: Only 563 MB available.
[2015/11/04 11:38:41.609] (INFO) Pinging watchdog timer process: Process is alive.
[2015/11/04 11:38:41.609] (INFO) Sending SIGTERM to 4 excess workers.
[2015/11/04 11:38:41.609] (INFO) Sending SIGTERM to 3 excess workers.
[2015/11/04 11:38:41.609] (ERROR) Extra characters at end of line.
[2015/11/04 11:38:41.609] (INFO) User "yop4306" logged in from 10.31.104.28.
[2015/11/04 11:38:41.609] (INFO) Checkpointing off-heap server memory...
[2015/11/04 11:38:41.609] (INFO) User "xbt3380" logged out due to inactivity (timeout=30 minutes).
[2015/11/04 11:38:41.609] (WARN) Possible cyber-attack from Antarctica.
[2015/11/04 11:38:41.609] (INFO) User "jji7565" logged in from 192.168.207.155.
[2015/11/04 11:38:41.609] (ERROR) Blocked FTP traffic originating from 192.168.88.251.
[2015/11/04 11:38:41.609] (WARN) Backup server 192.168.177.32 is offline.
[2015/11/04 11:38:41.609] (INFO) Checked file systems for errors: All filesystems OK.
[2015/11/04 11:38:41.609] (INFO) Waiting for worker process (PID 32204) to die.
[2015/11/04 11:38:41.609] (INFO) Your mother called. She says you never call her.
[2015/11/04 11:38:41.609] (INFO) Pinging watchdog timer process: Process is alive.
[2015/11/04 11:38:41.609] (WARN) Dropped 12,272 corrupt data packets.
[2015/11/04 11:38:41.609] (INFO) .evian ylbirret si emehcs otpyrc ym neht ,siht daer nac uoy fI
[2015/11/04 11:38:41.609] (ERROR) One of the flayrods has gone out askew on treadle.
[2015/11/04 11:38:41.609] (INFO) Waiting for monitor process (PID 8149) to die.
[2015/11/04 11:38:41.609] (INFO) Backed up all server logs.
[2015/11/04 11:38:41.609] (INFO) Supervisor has entered RESTARTING state.
[2015/11/04 11:38:41.609] (INFO) Backed up all server logs.
[2015/11/04 11:38:41.609] (INFO) Network heartbeat check: All OK.
[2015/11/04 11:38:41.609] (INFO) User "jau9789" logged out.
[2015/11/04 11:38:41.609] (WARN) Watchdog timer crashed. Restarting it.
[2015/11/04 11:38:41.609] (ERROR) Network heartbeat check FAILED: Master host down?
[2015/11/04 11:38:41.609] (INFO) Checked file systems for errors: All filesystems OK.
[2015/11/04 11:38:41.609] (INFO) Sending SIGTERM to 3 excess workers.
[2015/11/04 11:38:41.609] (INFO) Your mother called. She says you never call her.
[2015/11/04 11:38:41.609] (INFO) Alien monitor (aliend): Detected no space aliens.
[2015/11/04 11:38:41.609] (INFO) .evian ylbirret si emehcs otpyrc ym neht ,siht daer nac uoy fI
[2015/11/04 11:38:41.609] (INFO) Alien monitor (aliend): Detected no space aliens.
[2015/11/04 11:38:41.609] (INFO) Pinging watchdog timer process: Process is alive.
[2015/11/04 11:38:41.609] (WARN) Unable to ping supervisor at 192.168.181.131. Retrying.
[2015/11/04 11:38:41.609] (INFO) Alien monitor (aliend): Detected no space aliens.
[2015/11/04 11:38:41.609] (WARN) Ignoring SIGTERM. It's not that easy to get rid of me.
[2015/11/04 11:38:41.609] (INFO) Supervisor has entered RUNNING state.
[2015/11/04 11:38:41.609] (INFO) Rolling 4 log file(s)...
[2015/11/04 11:38:41.609] (INFO) User "sve1491" logged out due to inactivity (timeout=30 minutes).
[2015/11/04 11:38:41.609] (INFO) Checked file systems for errors: All filesystems OK.
[2015/11/04 11:38:41.609] (WARN) Ignoring SIGTERM. It's not that easy to get rid of me.
[2015/11/04 11:38:41.609] (INFO) Rolling 8 log file(s)...
[2015/11/04 11:38:41.609] (WARN) Possible cyber-attack from Nebraska.
[2015/11/04 11:38:41.609] (INFO) Your mother called. She says you never call her.
[2015/11/04 11:38:41.609] (INFO) Checked file systems for errors: All filesystems OK.
[2015/11/04 11:38:41.609] (INFO) Sending SIGTERM to 3 excess workers.
[2015/11/04 11:38:41.609] (INFO) Network heartbeat check: All OK.
[2015/11/04 11:38:41.609] (INFO) Sending SIGTERM to 4 excess workers.
[2015/11/04 11:38:41.609] (INFO) Device 0x45a0 is online.
[2015/11/04 11:38:41.609] (INFO) Sending SIGTERM to 2 excess workers.
[2015/11/04 11:38:41.609] (ERROR) Detected incoming DDoS from 172.16.158.234.
[2015/11/04 11:38:41.609] (INFO) Flushed 27 buffers to disk.
[2015/11/04 11:38:41.609] (INFO) Rolling 6 log file(s)...
[2015/11/04 11:38:41.609] (INFO) Waiting for worker process (PID 51859) to die.
[2015/11/04 11:38:41.609] (INFO) .evian ylbirret si emehcs otpyrc ym neht ,siht daer nac uoy fI
[2015/11/04 11:38:41.609] (INFO) User "wvz7400" logged in from 172.16.91.58.
[2015/11/04 11:38:41.609] (INFO) Device 0xbeed is online.
[2015/11/04 11:38:42.108] (WARN) Dropped 7,964 corrupt data packets.
[2015/11/04 11:38:42.108] (INFO) Waiting for worker process (PID 17465) to die.
[2015/11/04 11:38:42.108] (INFO) Waiting for worker process (PID 11428) to die.
[2015/11/04 11:38:42.108] (INFO) Your mother called. She says you never call her.
[2015/11/04 11:38:42.108] (INFO) User "ukj5794" logged out.
[2015/11/04 11:38:42.108] (ERROR) User "irv8183" failed to log in 3 times. Disabling account.
[2015/11/04 11:38:42.108] (INFO) Device 0x030d is online.
[2015/11/04 11:38:42.108] (ERROR) /dev/lp error: "PC LOAD LETTER"
[2015/11/04 11:38:42.108] (INFO) Waiting for supervisor process (PID 24351) to die.
[2015/11/04 11:38:42.108] (INFO) Supervisor has entered WAITING state.
[2015/11/04 11:38:42.108] (WARN) CPU temperature exceeds 40º Celsius.
[2015/11/04 11:38:42.108] (INFO) User "abc5912" logged out.
[2015/11/04 11:38:42.108] (INFO) Pinging watchdog timer process: Process is alive.
[2015/11/04 11:38:42.108] (INFO) Checkpointing off-heap server memory...
[2015/11/04 11:38:42.108] (INFO) User "btx9113" logged out.
[2015/11/04 11:38:42.108] (INFO) Checkpointing off-heap server memory...
[2015/11/04 11:38:42.108] (INFO) Device 0x3762 is online.
[2015/11/04 11:38:42.108] (INFO) .evian ylbirret si emehcs otpyrc ym neht ,siht daer nac uoy fI
[2015/11/04 11:38:42.108] (INFO) User "sob9762" logged in from 192.168.152.161.
[2015/11/04 11:38:42.108] (INFO) Your mother called. She says you never call her.
[2015/11/04 11:38:42.108] (INFO) Your mother called. She says you never call her.
[2015/11/04 11:38:42.108] (INFO) Rolling 3 log file(s)...
[2015/11/04 11:38:42.108] (INFO) Your mother called. She says you never call her.
[2015/11/04 11:38:42.108] (INFO) Sending SIGTERM to 2 excess workers.
[2015/11/04 11:38:42.108] (INFO) .evian ylbirret si emehcs otpyrc ym neht ,siht daer nac uoy fI
[2015/11/04 11:38:42.108] (INFO) Rolling 7 log file(s)...
[2015/11/04 11:38:42.108] (INFO) Checkpointing off-heap server memory...
[2015/11/04 11:38:42.108] (INFO) Checked file systems for errors: All filesystems OK.
[2015/11/04 11:38:42.108] (INFO) Your mother called. She says you never call her.
[2015/11/04 11:38:42.108] (INFO) Your mother called. She says you never call her.
[2015/11/04 11:38:42.108] (INFO) Waiting for supervisor process (PID 59459) to die.
[2015/11/04 11:38:42.108] (INFO) User "gwk6188" logged in from 192.168.61.168.
[2015/11/04 11:38:42.108] (ERROR) Unable to authenticate user "fcx5642": LDAP server isn't responding.
[2015/11/04 11:38:42.108] (INFO) Checkpointing off-heap server memory...
[2015/11/04 11:38:42.108] (INFO) Flushed 59 buffers to disk.
[2015/11/04 11:38:42.108] (WARN) There is no such thing as a free lunch.
[2015/11/04 11:38:42.108] (INFO) Checked file systems for errors: All filesystems OK.
[2015/11/04 11:38:42.108] (WARN) Backup server 192.168.21.177 is offline.
[2015/11/04 11:38:42.108] (INFO) Waiting for worker process (PID 45982) to die.
[2015/11/04 11:38:42.108] (WARN) Dropped 6,549 corrupt data packets.
[2015/11/04 11:38:42.108] (INFO) Backed up all server logs.
[2015/11/04 11:38:42.108] (INFO) User "dao6082" logged out.
[2015/11/04 11:38:42.108] (INFO) Rolling 1 log file(s)...
[2015/11/04 11:38:42.108] (ERROR) "/var/data/IWnxu80125.tsv": Permission denied (EACCES)
[2015/11/04 11:38:42.108] (WARN) Master took 971 ms to respond (threshold=500 ms)
[2015/11/04 11:38:42.108] (WARN) Dropped 4,413 corrupt data packets.
[2015/11/04 11:38:42.108] (WARN) CPU temperature exceeds 40º Celsius.
[2015/11/04 11:38:42.108] (INFO) Checked file systems for errors: All filesystems OK.
[2015/11/04 11:38:42.108] (INFO) Waiting for monitor process (PID 5909) to die.
[2015/11/04 11:38:42.108] (INFO) Network heartbeat check: All OK.
[2015/11/04 11:38:42.108] (INFO) Network heartbeat check: All OK.
[2015/11/04 11:38:42.108] (INFO) User "npb3020" logged in from 10.89.236.2.
[2015/11/04 11:38:42.108] (WARN) Watchdog timer crashed. Restarting it.
[2015/11/04 11:38:42.108] (WARN) Master took 744 ms to respond (threshold=500 ms)
[2015/11/04 11:38:42.108] (ERROR) User "rtq4095" failed to log in 3 times. Disabling account.
[2015/11/04 11:38:42.108] (INFO) Device 0xaff5 is online.
[2015/11/04 11:38:42.108] (INFO) User "uoe2395" logged out due to inactivity (timeout=30 minutes).
[2015/11/04 11:38:42.108] (INFO) Alien monitor (aliend): Detected no space aliens.
[2015/11/04 11:38:42.108] (WARN) Retrying server log checkpoint.
[2015/11/04 11:38:42.108] (INFO) Alien monitor (aliend): Detected no space aliens.
[2015/11/04 11:38:42.108] (INFO) Your mother called. She says you never call her.
[2015/11/04 11:38:42.108] (INFO) Sending SIGTERM to 4 excess workers.
[2015/11/04 11:38:42.108] (INFO) User "msc8506" logged out.
[2015/11/04 11:38:42.108] (INFO) Checkpointing off-heap server memory...
[2015/11/04 11:38:42.108] (INFO) Network heartbeat check: All OK.
[2015/11/04 11:38:42.108] (INFO) User "cpi7640" logged out.
[2015/11/04 11:38:42.108] (INFO) Device 0xeb94 is online.
[2015/11/04 11:38:42.108] (INFO) Rolling 3 log file(s)...
[2015/11/04 11:38:42.108] (INFO) User "utk7395" logged out.
[2015/11/04 11:38:42.108] (ERROR) Directory index of "/var/data" is forbidden.
[2015/11/04 11:38:42.108] (INFO) Device 0x581f is online.
[2015/11/04 11:38:42.108] (INFO) Rolling 4 log file(s)...
[2015/11/04 11:38:42.108] (INFO) Checkpointing off-heap server memory...
[2015/11/04 11:38:42.108] (INFO) Supervisor has entered SUSPENDED state.
[2015/11/04 11:38:42.108] (INFO) Checkpointing off-heap server memory...
[2015/11/04 11:38:42.108] (INFO) User "hlm4705" logged out.
[2015/11/04 11:38:42.108] (INFO) User "pso3092" logged out.
[2015/11/04 11:38:42.108] (INFO) Flushed 62 buffers to disk.
[2015/11/04 11:38:42.108] (INFO) Network heartbeat check: All OK.
[2015/11/04 11:38:42.108] (INFO) User "mcs9519" logged in from 192.168.39.77.
[2015/11/04 11:38:42.108] (INFO) Device 0x5fa5 is online.
[2015/11/04 11:38:42.108] (WARN) Space on disk /dev/sda4 is low: Only 500 MB available.
[2015/11/04 11:38:42.108] (INFO) Rolling 2 log file(s)...
[2015/11/04 11:38:42.108] (INFO) Checked file systems for errors: All filesystems OK.
[2015/11/04 11:38:42.108] (INFO) Network heartbeat check: All OK.
[2015/11/04 11:38:42.108] (INFO) Checkpointing off-heap server memory...
[2015/11/04 11:38:42.108] (INFO) Alien monitor (aliend): Detected no space aliens.
[2015/11/04 11:38:42.108] (INFO) Your mother called. She says you never call her.
[2015/11/04 11:38:42.108] (INFO) User "smq5984" logged out due to inactivity (timeout=30 minutes).
[2015/11/04 11:38:42.108] (INFO) Your mother called. She says you never call her.
[2015/11/04 11:38:42.108] (INFO) User "omr1651" logged out.
[2015/11/04 11:38:42.108] (WARN) CPU temperature exceeds 40º Celsius.
[2015/11/04 11:38:42.108] (INFO) Alien monitor (aliend): Detected no space aliens.
[2015/11/04 11:38:42.108] (INFO) Sending SIGTERM to 4 excess workers.
[2015/11/04 11:38:42.108] (INFO) Rolling 8 log file(s)...
[2015/11/04 11:38:42.108] (WARN) Retrying server log checkpoint.
[2015/11/04 11:38:42.108] (INFO) Checkpointing off-heap server memory...
[2015/11/04 11:38:42.108] (WARN) CPU temperature exceeds 40º Celsius.
[2015/11/04 11:38:42.108] (INFO) Checkpointing off-heap server memory...
[2015/11/04 11:38:42.108] (INFO) User "hyq1008" logged out due to inactivity (timeout=30 minutes).
[2015/11/04 11:38:42.608] (INFO) User "rdq8863" logged in from 192.168.215.241.
[2015/11/04 11:38:42.608] (INFO) User "rsw3738" logged out.
[2015/11/04 11:38:42.608] (ERROR) Blocked Little Bobby Tables attack (https://xkcd.com/327/) from 10.226.203.127.
[2015/11/04 11:38:42.608] (ERROR) Device 0x0e79 is offline
[2015/11/04 11:38:42.608] (INFO) Rolling 7 log file(s)...
[2015/11/04 11:38:42.608] (WARN) Watchdog timer crashed. Restarting it.
[2015/11/04 11:38:42.608] (INFO) User "dyk6093" logged out due to inactivity (timeout=30 minutes).
[2015/11/04 11:38:42.608] (INFO) Pinging watchdog timer process: Process is alive.
[2015/11/04 11:38:42.608] (INFO) User "kad6384" logged out due to inactivity (timeout=30 minutes).
[2015/11/04 11:38:42.608] (INFO) Your mother called. She says you never call her.
[2015/11/04 11:38:42.608] (INFO) Your mother called. She says you never call her.
[2015/11/04 11:38:42.608] (INFO) Supervisor has entered WAITING state.
[2015/11/04 11:38:42.608] (INFO) User "xyd7176" logged in from 192.168.137.114.
[2015/11/04 11:38:42.608] (WARN) Backup server 192.168.155.207 is offline.
[2015/11/04 11:38:42.608] (INFO) Pinging watchdog timer process: Process is alive.
[2015/11/04 11:38:42.608] (INFO) Device 0xf6de is online.
[2015/11/04 11:38:42.608] (INFO) Sending SIGTERM to 4 excess workers.
[2015/11/04 11:38:42.608] (INFO) Sending SIGTERM to 3 excess workers.
[2015/11/04 11:38:42.608] (INFO) Network heartbeat check: All OK.
[2015/11/04 11:38:42.608] (INFO) Pinging watchdog timer process: Process is alive.
[2015/11/04 11:38:42.608] (INFO) Sending SIGTERM to 3 excess workers.
[2015/11/04 11:38:42.608] (INFO) Backed up all server logs.
[2015/11/04 11:38:42.608] (INFO) Flushed 84 buffers to disk.
[2015/11/04 11:38:42.608] (WARN) Dropped 8,931 corrupt data packets.
[2015/11/04 11:38:42.608] (INFO) Device 0x40c0 is online.
[2015/11/04 11:38:42.608] (INFO) Pinging watchdog timer process: Process is alive.
[2015/11/04 11:38:42.608] (INFO) User "xbq2783" logged out due to inactivity (timeout=30 minutes).
[2015/11/04 11:38:42.608] (INFO) Checkpointing off-heap server memory...
[2015/11/04 11:38:42.608] (INFO) Waiting for monitor process (PID 21541) to die.
[2015/11/04 11:38:42.608] (WARN) Space on disk /dev/sdc1 is low: Only 763 MB available.
[2015/11/04 11:38:42.608] (WARN) Network heartbeat check: 10 server(s) did not respond.
[2015/11/04 11:38:42.608] (WARN) Retrying server log checkpoint.
[2015/11/04 11:38:42.608] (INFO) Flushed 59 buffers to disk.
[2015/11/04 11:38:42.608] (WARN) Space on disk /dev/sdf1 is low: Only 504 MB available.
[2015/11/04 11:38:42.608] (ERROR) Detected clock skew! Restarting NTP server.
[2015/11/04 11:38:42.608] (INFO) Flushed 93 buffers to disk.
[2015/11/04 11:38:42.608] (INFO) Checkpointing off-heap server memory...
[2015/11/04 11:38:42.608] (INFO) User "nbc9353" logged out due to inactivity (timeout=30 minutes).
[2015/11/04 11:38:42.608] (INFO) User "aah1176" logged in from 10.15.10.225.
[2015/11/04 11:38:42.608] (INFO) Sending SIGTERM to 3 excess workers.
[2015/11/04 11:38:42.608] (INFO) Device 0xae87 is online.
[2015/11/04 11:38:42.608] (INFO) Checkpointing off-heap server memory...
[2015/11/04 11:38:42.608] (WARN) Watchdog timer crashed. Restarting it.
[2015/11/04 11:38:42.608] (INFO) Sending SIGTERM to 3 excess workers.
[2015/11/04 11:38:42.608] (INFO) Pinging watchdog timer process: Process is alive.
[2015/11/04 11:38:42.608] (INFO) User "xpl9157" logged in from 10.4.253.251.
[2015/11/04 11:38:42.608] (WARN) Master took 977 ms to respond (threshold=500 ms)
[2015/11/04 11:38:42.608] (INFO) User "bbb5472" logged in from 172.16.7.231.
[2015/11/04 11:38:42.608] (ERROR) Detected incoming DDoS from 10.42.226.22.
[2015/11/04 11:38:42.608] (ERROR) Device 0x6534 is offline
[2015/11/04 11:38:42.608] (INFO) .evian ylbirret si emehcs otpyrc ym neht ,siht daer nac uoy fI
[2015/11/04 11:38:42.608] (INFO) Backed up all server logs.
[2015/11/04 11:38:42.608] (INFO) Pinging watchdog timer process: Process is alive.
[2015/11/04 11:38:42.608] (INFO) Flushed 99 buffers to disk.
[2015/11/04 11:38:42.608] (INFO) User "pyq4987" logged out.
[2015/11/04 11:38:42.608] (INFO) User "lgf5077" logged out due to inactivity (timeout=30 minutes).
[2015/11/04 11:38:42.608] (INFO) Sending SIGTERM to 3 excess workers.
[2015/11/04 11:38:42.608] (INFO) Supervisor has entered RUNNING state.
[2015/11/04 11:38:42.608] (INFO) Supervisor has entered RESTARTING state.
[2015/11/04 11:38:42.608] (INFO) Rolling 5 log file(s)...
[2015/11/04 11:38:42.608] (INFO) User "yzo6316" logged out due to inactivity (timeout=30 minutes).
[2015/11/04 11:38:42.608] (WARN) CPU temperature exceeds 40º Celsius.
[2015/11/04 11:38:42.608] (INFO) Alien monitor (aliend): Detected no space aliens.
[2015/11/04 11:38:42.608] (INFO) Alien monitor (aliend): Detected no space aliens.
[2015/11/04 11:38:42.608] (INFO) Supervisor has entered RESTARTING state.
[2015/11/04 11:38:42.608] (INFO) Supervisor has entered SUSPENDED state.
[2015/11/04 11:38:42.608] (INFO) Supervisor has entered SUSPENDED state.
[2015/11/04 11:38:42.608] (INFO) Device 0xa5c2 is online.
[2015/11/04 11:38:42.608] (ERROR) Network heartbeat check FAILED: Master host down?
[2015/11/04 11:38:42.608] (INFO) Sending SIGTERM to 2 excess workers.
[2015/11/04 11:38:42.608] (ERROR) /dev/lp error: "PC LOAD LETTER"
[2015/11/04 11:38:42.608] (INFO) Checkpointing off-heap server memory...
[2015/11/04 11:38:42.608] (WARN) Retrying server log checkpoint.
[2015/11/04 11:38:42.608] (INFO) .evian ylbirret si emehcs otpyrc ym neht ,siht daer nac uoy fI
[2015/11/04 11:38:42.608] (INFO) Network heartbeat check: All OK.
[2015/11/04 11:38:42.608] (INFO) Backed up all server logs.
[2015/11/04 11:38:42.608] (WARN) Retrying server log checkpoint.
[2015/11/04 11:38:42.608] (INFO) User "tsq5639" logged in from 192.168.93.139.
[2015/11/04 11:38:42.608] (ERROR) Extra characters at end of line.
[2015/11/04 11:38:42.608] (WARN) Unable to ping master at 192.168.151.43. Retrying.
[2015/11/04 11:38:42.608] (WARN) Unable to ping master at 10.112.21.210. Retrying.
[2015/11/04 11:38:42.608] (ERROR) Connection to 10.46.148.89 terminated unexpectedly. Reconnecting.
[2015/11/04 11:38:42.608] (WARN) Space on disk /dev/sdc3 is low: Only 322 MB available.
[2015/11/04 11:38:42.608] (INFO) Checked file systems for errors: All filesystems OK.
[2015/11/04 11:38:42.608] (INFO) Checkpointing off-heap server memory...
[2015/11/04 11:38:42.608] (INFO) Your mother called. She says you never call her.
[2015/11/04 11:38:42.608] (INFO) User "ibj9606" logged in from 172.16.190.158.
[2015/11/04 11:38:42.608] (INFO) Device 0xfe0f is online.
[2015/11/04 11:38:42.608] (INFO) User "doc3592" logged out.
[2015/11/04 11:38:42.608] (INFO) Device 0x56bd is online.
[2015/11/04 11:38:42.608] (ERROR) Unable to write to "/var/data/YdDGH55082.tsv": Permission denied (EACCES)
[2015/11/04 11:38:42.608] (INFO) Alien monitor (aliend): Detected no space aliens.
[2015/11/04 11:38:42.608] (INFO) Backed up all server logs.
[2015/11/04 11:38:42.608] (INFO) Device 0x4f85 is online.
[2015/11/04 11:38:42.608] (WARN) Master took 696 ms to respond (threshold=500 ms)
[2015/11/04 11:38:42.608] (WARN) Watchdog timer crashed. Restarting it.
[2015/11/04 11:38:42.608] (INFO) Flushed 97 buffers to disk.
[2015/11/04 11:38:42.608] (INFO) Checkpointing off-heap server memory...
[2015/11/04 11:38:42.608] (WARN) Master took 720 ms to respond (threshold=500 ms)
[2015/11/04 11:38:42.608] (INFO) Backed up all server logs.
[2015/11/04 11:38:43.108] (INFO) Device 0xd850 is online.
[2015/11/04 11:38:43.108] (INFO) Backed up all server logs.
[2015/11/04 11:38:43.108] (INFO) Backed up all server logs.
[2015/11/04 11:38:43.108] (INFO) Checkpointing off-heap server memory...
[2015/11/04 11:38:43.108] (INFO) Checked file systems for errors: All filesystems OK.
[2015/11/04 11:38:43.108] (INFO) Checked file systems for errors: All filesystems OK.
[2015/11/04 11:38:43.108] (INFO) Waiting for monitor process (PID 14843) to die.
[2015/11/04 11:38:43.108] (WARN) Backup server 10.134.10.188 is offline.
[2015/11/04 11:38:43.108] (INFO) User "scw8449" logged out due to inactivity (timeout=30 minutes).
[2015/11/04 11:38:43.108] (INFO) Alien monitor (aliend): Detected no space aliens.
[2015/11/04 11:38:43.108] (INFO) User "wxc5537" logged out due to inactivity (timeout=30 minutes).
[2015/11/04 11:38:43.108] (INFO) Supervisor has entered RUNNING state.
[2015/11/04 11:38:43.108] (ERROR) Alien monitor (aliend): 2 space aliens are fiddling with the hardware!
[2015/11/04 11:38:43.108] (INFO) Checkpointing off-heap server memory...
[2015/11/04 11:38:43.108] (INFO) Sending SIGTERM to 4 excess workers.
[2015/11/04 11:38:43.108] (INFO) .evian ylbirret si emehcs otpyrc ym neht ,siht daer nac uoy fI
[2015/11/04 11:38:43.108] (ERROR) Worker 9 died with SIGQUIT. Restarting it.
[2015/11/04 11:38:43.108] (WARN) Backup server 192.168.59.47 is offline.
[2015/11/04 11:38:43.108] (INFO) User "daz5113" logged out due to inactivity (timeout=30 minutes).
[2015/11/04 11:38:43.108] (INFO) Network heartbeat check: All OK.
[2015/11/04 11:38:43.108] (INFO) Waiting for monitor process (PID 10126) to die.
[2015/11/04 11:38:43.108] (INFO) User "wcz3489" logged in from 192.168.42.238.
[2015/11/04 11:38:43.108] (INFO) Rolling 5 log file(s)...
[2015/11/04 11:38:43.108] (WARN) Retrying server log checkpoint.
[2015/11/04 11:38:43.108] (INFO) Network heartbeat check: All OK.
[2015/11/04 11:38:43.108] (WARN) CPU temperature exceeds 40º Celsius.
[2015/11/04 11:38:43.108] (INFO) Checked file systems for errors: All filesystems OK.
[2015/11/04 11:38:43.108] (INFO) Supervisor has entered RESTARTING state.
[2015/11/04 11:38:43.108] (ERROR) Network heartbeat check FAILED: Master host down?
[2015/11/04 11:38:43.108] (INFO) Sending SIGTERM to 4 excess workers.
[2015/11/04 11:38:43.108] (INFO) Waiting for worker process (PID 29538) to die.
[2015/11/04 11:38:43.108] (INFO) Your mother called. She says you never call her.
[2015/11/04 11:38:43.108] (INFO) Alien monitor (aliend): Detected no space aliens.
[2015/11/04 11:38:43.108] (INFO) Your mother called. She says you never call her.
[2015/11/04 11:38:43.108] (INFO) Alien monitor (aliend): Detected no space aliens.
[2015/11/04 11:38:43.108] (INFO) User "phk5192" logged out due to inactivity (timeout=30 minutes).
[2015/11/04 11:38:43.108] (INFO) Waiting for master process (PID 12862) to die.
[2015/11/04 11:38:43.108] (INFO) User "tkd8409" logged in from 192.168.113.103.
[2015/11/04 11:38:43.108] (INFO) Pinging watchdog timer process: Process is alive.
[2015/11/04 11:38:43.108] (INFO) Checked file systems for errors: All filesystems OK.
[2015/11/04 11:38:43.108] (INFO) Rolling 4 log file(s)...
[2015/11/04 11:38:43.108] (INFO) Checkpointing off-heap server memory...
[2015/11/04 11:38:43.108] (INFO) Alien monitor (aliend): Detected no space aliens.
[2015/11/04 11:38:43.108] (INFO) Flushed 93 buffers to disk.
[2015/11/04 11:38:43.108] (INFO) Alien monitor (aliend): Detected no space aliens.
[2015/11/04 11:38:43.108] (INFO) Rolling 4 log file(s)...
[2015/11/04 11:38:43.108] (INFO) Sending SIGTERM to 2 excess workers.
[2015/11/04 11:38:43.108] (INFO) Pinging watchdog timer process: Process is alive.
[2015/11/04 11:38:43.108] (INFO) Network heartbeat check: All OK.
[2015/11/04 11:38:43.108] (INFO) User "cka1580" logged in from 172.16.223.14.
[2015/11/04 11:38:43.108] (ERROR) Failed to write checkpoint file "/var/checkpoint/zcoqf68049: No space left on device (ENOSPC)
[2015/11/04 11:38:43.108] (INFO) .evian ylbirret si emehcs otpyrc ym neht ,siht daer nac uoy fI
[2015/11/04 11:38:43.108] (INFO) User "azt7805" logged in from 192.168.246.22.
[2015/11/04 11:38:43.108] (INFO) Backed up all server logs.
[2015/11/04 11:38:43.108] (INFO) User "mxe6711" logged in from 172.16.167.4.
[2015/11/04 11:38:43.108] (INFO) Checkpointing off-heap server memory...
[2015/11/04 11:38:43.108] (INFO) Checked file systems for errors: All filesystems OK.
[2015/11/04 11:38:43.108] (ERROR) /dev/lp error: "PC LOAD LETTER"
[2015/11/04 11:38:43.108] (INFO) User "bon5331" logged out due to inactivity (timeout=30 minutes).
[2015/11/04 11:38:43.108] (INFO) Your mother called. She says you never call her.
[2015/11/04 11:38:43.108] (ERROR) Unable to authenticate user "pme1635": LDAP server isn't responding.
[2015/11/04 11:38:43.108] (INFO) .evian ylbirret si emehcs otpyrc ym neht ,siht daer nac uoy fI
[2015/11/04 11:38:43.108] (INFO) Supervisor has entered SUSPENDED state.
[2015/11/04 11:38:43.108] (WARN) Ignoring SIGTERM. It's not that easy to get rid of me.
[2015/11/04 11:38:43.108] (INFO) Alien monitor (aliend): Detected no space aliens.
[2015/11/04 11:38:43.108] (INFO) Sending SIGTERM to 3 excess workers.
[2015/11/04 11:38:43.108] (INFO) Rolling 7 log file(s)...
[2015/11/04 11:38:43.108] (INFO) Device 0x49fd is online.
[2015/11/04 11:38:43.108] (INFO) Alien monitor (aliend): Detected no space aliens.
[2015/11/04 11:38:43.108] (INFO) User "sik5335" logged out.
[2015/11/04 11:38:43.108] (INFO) Waiting for worker process (PID 31459) to die.
[2015/11/04 11:38:43.108] (INFO) Backed up all server logs.
[2015/11/04 11:38:43.108] (INFO) .evian ylbirret si emehcs otpyrc ym neht ,siht daer nac uoy fI
[2015/11/04 11:38:43.108] (INFO) Device 0xf594 is online.
[2015/11/04 11:38:43.108] (INFO) Your mother called. She says you never call her.
[2015/11/04 11:38:43.108] (INFO) User "rmd7026" logged in from 10.20.83.216.
[2015/11/04 11:38:43.108] (INFO) Rolling 6 log file(s)...
[2015/11/04 11:38:43.108] (WARN) Backup server 192.168.205.38 is offline.
[2015/11/04 11:38:43.108] (INFO) Device 0x7c33 is online.
[2015/11/04 11:38:43.108] (INFO) Pinging watchdog timer process: Process is alive.
[2015/11/04 11:38:43.108] (INFO) Sending SIGTERM to 4 excess workers.
[2015/11/04 11:38:43.108] (INFO) Waiting for worker process (PID 13343) to die.
[2015/11/04 11:38:43.108] (INFO) Alien monitor (aliend): Detected no space aliens.
[2015/11/04 11:38:43.108] (INFO) Your mother called. She says you never call her.
[2015/11/04 11:38:43.108] (INFO) Rolling 9 log file(s)...
[2015/11/04 11:38:43.108] (INFO) Checked file systems for errors: All filesystems OK.
[2015/11/04 11:38:43.108] (INFO) Device 0xb932 is online.
[2015/11/04 11:38:43.108] (INFO) User "uap3030" logged in from 172.16.207.23.
[2015/11/04 11:38:43.108] (INFO) User "jye8584" logged out.
[2015/11/04 11:38:43.108] (INFO) Flushed 75 buffers to disk.
[2015/11/04 11:38:43.108] (INFO) Sending SIGTERM to 4 excess workers.
[2015/11/04 11:38:43.108] (INFO) User "lwe5916" logged in from 172.16.22.72.
[2015/11/04 11:38:43.108] (INFO) Alien monitor (aliend): Detected no space aliens.
[2015/11/04 11:38:43.108] (INFO) Network heartbeat check: All OK.
[2015/11/04 11:38:43.108] (INFO) User "klt9006" logged out.
[2015/11/04 11:38:43.108] (ERROR) Unable to authenticate user "qdk9747": LDAP server isn't responding.
[2015/11/04 11:38:43.108] (INFO) Rolling 6 log file(s)...
[2015/11/04 11:38:43.108] (INFO) Pinging watchdog timer process: Process is alive.
[2015/11/04 11:38:43.108] (INFO) User "buy6614" logged out.
[2015/11/04 11:38:43.108] (INFO) Checked file systems for errors: All filesystems OK.
[2015/11/04 11:38:43.607] (INFO) Sending SIGTERM to 3 excess workers.
[2015/11/04 11:38:43.607] (ERROR) Failed to write checkpoint file "/var/checkpoint/tseCJ83826: No space left on device (ENOSPC)
[2015/11/04 11:38:43.607] (INFO) User "xxu5016" logged out.
[2015/11/04 11:38:43.607] (ERROR) Blocked nmap traffic originating from 192.168.214.187.
[2015/11/04 11:38:43.607] (INFO) User "eeu4888" logged out due to inactivity (timeout=30 minutes).
[2015/11/04 11:38:43.607] (INFO) Your mother called. She says you never call her.
[2015/11/04 11:38:43.607] (INFO) User "lhp8911" logged in from 192.168.4.41.
[2015/11/04 11:38:43.607] (INFO) Checked file systems for errors: All filesystems OK.
[2015/11/04 11:38:43.607] (INFO) Device 0x4932 is online.
[2015/11/04 11:38:43.607] (INFO) Alien monitor (aliend): Detected no space aliens.
[2015/11/04 11:38:43.607] (INFO) User "xkz8452" logged in from 172.16.104.64.
[2015/11/04 11:38:43.607] (INFO) Rolling 3 log file(s)...
[2015/11/04 11:38:43.607] (WARN) Space on disk /dev/sdc2 is low: Only 475 MB available.
[2015/11/04 11:38:43.607] (INFO) Supervisor has entered SUSPENDED state.
[2015/11/04 11:38:43.607] (INFO) Sending SIGTERM to 2 excess workers.
[2015/11/04 11:38:43.607] (INFO) Sending SIGTERM to 2 excess workers.
[2015/11/04 11:38:43.607] (INFO) Checked file systems for errors: All filesystems OK.
[2015/11/04 11:38:43.607] (INFO) Pinging watchdog timer process: Process is alive.
[2015/11/04 11:38:43.607] (ERROR) /dev/lp error: "PC LOAD LETTER"
[2015/11/04 11:38:43.607] (INFO) Supervisor has entered RUNNING state.
[2015/11/04 11:38:43.607] (INFO) .evian ylbirret si emehcs otpyrc ym neht ,siht daer nac uoy fI
[2015/11/04 11:38:43.607] (INFO) Backed up all server logs.
[2015/11/04 11:38:43.607] (INFO) User "urd8206" logged out.
[2015/11/04 11:38:43.607] (INFO) Alien monitor (aliend): Detected no space aliens.
[2015/11/04 11:38:43.607] (INFO) Alien monitor (aliend): Detected no space aliens.
[2015/11/04 11:38:43.607] (INFO) User "xyj5879" logged out.
[2015/11/04 11:38:43.607] (INFO) Pinging watchdog timer process: Process is alive.
[2015/11/04 11:38:43.607] (INFO) Flushed 69 buffers to disk.
[2015/11/04 11:38:43.607] (INFO) Device 0xa1ee is online.
[2015/11/04 11:38:43.607] (INFO) Pinging watchdog timer process: Process is alive.
[2015/11/04 11:38:43.607] (INFO) Checkpointing off-heap server memory...
[2015/11/04 11:38:43.607] (INFO) .evian ylbirret si emehcs otpyrc ym neht ,siht daer nac uoy fI
[2015/11/04 11:38:43.607] (INFO) Alien monitor (aliend): Detected no space aliens.
[2015/11/04 11:38:43.608] (INFO) Checkpointing off-heap server memory...
[2015/11/04 11:38:43.608] (INFO) Sending SIGTERM to 4 excess workers.
[2015/11/04 11:38:43.608] (ERROR) Unable to mount /dev/sda4. (Time to run fsck?)
[2015/11/04 11:38:43.608] (INFO) Checkpointing off-heap server memory...
[2015/11/04 11:38:43.608] (INFO) Checked file systems for errors: All filesystems OK.
[2015/11/04 11:38:43.608] (INFO) User "xcy7370" logged out.
[2015/11/04 11:38:43.608] (WARN) Dropped 5,820 corrupt data packets.
[2015/11/04 11:38:43.608] (ERROR) Network heartbeat check FAILED: Master host down?
[2015/11/04 11:38:43.608] (INFO) Alien monitor (aliend): Detected no space aliens.
[2015/11/04 11:38:43.608] (INFO) Your mother called. She says you never call her.
[2015/11/04 11:38:43.608] (INFO) Your mother called. She says you never call her.
[2015/11/04 11:38:43.608] (INFO) Sending SIGTERM to 3 excess workers.
[2015/11/04 11:38:43.608] (INFO) Waiting for monitor process (PID 34630) to die.
[2015/11/04 11:38:43.608] (INFO) Network heartbeat check: All OK.
[2015/11/04 11:38:43.608] (INFO) Network heartbeat check: All OK.
[2015/11/04 11:38:43.608] (ERROR) Unable to authenticate user "ifw4959": LDAP server isn't responding.
[2015/11/04 11:38:43.608] (INFO) Device 0x6e5b is online.
[2015/11/04 11:38:43.608] (INFO) Alien monitor (aliend): Detected no space aliens.
[2015/11/04 11:38:43.608] (INFO) User "ocd2576" logged in from 172.16.184.3.
[2015/11/04 11:38:43.608] (INFO) Backed up all server logs.
[2015/11/04 11:38:43.608] (INFO) .evian ylbirret si emehcs otpyrc ym neht ,siht daer nac uoy fI
[2015/11/04 11:38:43.608] (WARN) Space on disk /dev/sde1 is low: Only 103 MB available.
[2015/11/04 11:38:43.608] (WARN) Network heartbeat check: 9 server(s) did not respond.
[2015/11/04 11:38:43.608] (INFO) Checkpointing off-heap server memory...
[2015/11/04 11:38:43.608] (INFO) Checkpointing off-heap server memory...
[2015/11/04 11:38:43.608] (INFO) Checkpointing off-heap server memory...
[2015/11/04 11:38:43.608] (INFO) Your mother called. She says you never call her.
[2015/11/04 11:38:43.608] (INFO) Your mother called. She says you never call her.
[2015/11/04 11:38:43.608] (INFO) Flushed 69 buffers to disk.
[2015/11/04 11:38:43.608] (ERROR) Device 0x340f is offline
[2015/11/04 11:38:43.608] (ERROR) Directory index of "/var/data" is forbidden.
[2015/11/04 11:38:43.608] (WARN) Watchdog timer crashed. Restarting it.
[2015/11/04 11:38:43.608] (INFO) Network heartbeat check: All OK.
[2015/11/04 11:38:43.608] (WARN) Space on disk /dev/sda1 is low: Only 497 MB available.
[2015/11/04 11:38:43.608] (INFO) Checkpointing off-heap server memory...
[2015/11/04 11:38:43.608] (INFO) Checkpointing off-heap server memory...
[2015/11/04 11:38:43.608] (INFO) User "pcb8227" logged in from 10.177.24.146.
[2015/11/04 11:38:43.608] (INFO) Pinging watchdog timer process: Process is alive.
[2015/11/04 11:38:43.608] (INFO) .evian ylbirret si emehcs otpyrc ym neht ,siht daer nac uoy fI
[2015/11/04 11:38:43.608] (INFO) Supervisor has entered RESTARTING state.
[2015/11/04 11:38:43.608] (INFO) Backed up all server logs.
[2015/11/04 11:38:43.608] (INFO) Pinging watchdog timer process: Process is alive.
[2015/11/04 11:38:43.608] (INFO) Alien monitor (aliend): Detected no space aliens.
[2015/11/04 11:38:43.608] (INFO) Checkpointing off-heap server memory...
[2015/11/04 11:38:43.608] (WARN) Backup server 10.43.35.167 is offline.
[2015/11/04 11:38:43.608] (INFO) Waiting for worker process (PID 2120) to die.
[2015/11/04 11:38:43.608] (INFO) Flushed 99 buffers to disk.
[2015/11/04 11:38:43.608] (INFO) User "sdn6708" logged in from 192.168.148.236.
[2015/11/04 11:38:43.608] (INFO) .evian ylbirret si emehcs otpyrc ym neht ,siht daer nac uoy fI
[2015/11/04 11:38:43.608] (INFO) Alien monitor (aliend): Detected no space aliens.
[2015/11/04 11:38:43.608] (INFO) Device 0x7d5c is online.
[2015/11/04 11:38:43.608] (INFO) User "bwu6455" logged in from 192.168.151.128.
[2015/11/04 11:38:43.608] (INFO) Alien monitor (aliend): Detected no space aliens.
[2015/11/04 11:38:43.608] (INFO) Rolling 9 log file(s)...
[2015/11/04 11:38:43.608] (INFO) .evian ylbirret si emehcs otpyrc ym neht ,siht daer nac uoy fI
[2015/11/04 11:38:43.608] (INFO) Supervisor has entered SUSPENDED state.
[2015/11/04 11:38:43.608] (INFO) User "ptu3162" logged out.
[2015/11/04 11:38:43.608] (INFO) User "ead6463" logged out.
[2015/11/04 11:38:43.608] (WARN) Network heartbeat check: 5 server(s) did not respond.
[2015/11/04 11:38:43.608] (INFO) .evian ylbirret si emehcs otpyrc ym neht ,siht daer nac uoy fI
[2015/11/04 11:38:43.608] (INFO) Checked file systems for errors: All filesystems OK.
[2015/11/04 11:38:43.608] (ERROR) Unable to authenticate user "rvf9090": LDAP server isn't responding.
[2015/11/04 11:38:43.608] (INFO) Waiting for monitor process (PID 11106) to die.
[2015/11/04 11:38:43.608] (WARN) Watchdog timer crashed. Restarting it.
[2015/11/04 11:38:43.608] (INFO) Alien monitor (aliend): Detected no space aliens.
[2015/11/04 11:38:43.608] (INFO) User "cxi5282" logged out due to inactivity (timeout=30 minutes).
[2015/11/04 11:38:43.608] (INFO) User "lps8219" logged in from 10.231.114.223.
[2015/11/04 11:38:44.107] (INFO) Supervisor has entered RESTARTING state.
[2015/11/04 11:38:44.107] (INFO) Network heartbeat check: All OK.
[2015/11/04 11:38:44.107] (INFO) Alien monitor (aliend): Detected no space aliens.
[2015/11/04 11:38:44.107] (INFO) Alien monitor (aliend): Detected no space aliens.
[2015/11/04 11:38:44.107] (INFO) Network heartbeat check: All OK.
[2015/11/04 11:38:44.107] (INFO) Alien monitor (aliend): Detected no space aliens.
[2015/11/04 11:38:44.107] (INFO) Rolling 6 log file(s)...
[2015/11/04 11:38:44.107] (INFO) User "pdv5568" logged in from 172.16.188.197.
[2015/11/04 11:38:44.107] (INFO) Backed up all server logs.
[2015/11/04 11:38:44.107] (INFO) User "bxb1858" logged out due to inactivity (timeout=30 minutes).
[2015/11/04 11:38:44.107] (INFO) Alien monitor (aliend): Detected no space aliens.
[2015/11/04 11:38:44.107] (INFO) Backed up all server logs.
[2015/11/04 11:38:44.107] (ERROR) Network heartbeat check FAILED: Master host down?
[2015/11/04 11:38:44.107] (WARN) Dropped 2,811 corrupt data packets.
[2015/11/04 11:38:44.107] (INFO) Supervisor has entered SUSPENDED state.
[2015/11/04 11:38:44.107] (ERROR) Worker 7 died with SIGURG. Restarting it.
[2015/11/04 11:38:44.107] (INFO) Flushed 59 buffers to disk.
[2015/11/04 11:38:44.107] (INFO) Pinging watchdog timer process: Process is alive.
[2015/11/04 11:38:44.107] (INFO) Pinging watchdog timer process: Process is alive.
[2015/11/04 11:38:44.107] (WARN) Possible cyber-attack from a small unnamed island.
[2015/11/04 11:38:44.107] (INFO) Sending SIGTERM to 3 excess workers.
[2015/11/04 11:38:44.107] (INFO) Sending SIGTERM to 2 excess workers.
[2015/11/04 11:38:44.107] (INFO) User "hxl1851" logged out.
[2015/11/04 11:38:44.107] (INFO) User "opq8460" logged in from 192.168.126.57.
[2015/11/04 11:38:44.107] (INFO) Alien monitor (aliend): Detected no space aliens.
[2015/11/04 11:38:44.107] (INFO) Device 0xb225 is online.
[2015/11/04 11:38:44.107] (INFO) Rolling 8 log file(s)...
[2015/11/04 11:38:44.107] (WARN) Master took 551 ms to respond (threshold=500 ms)
[2015/11/04 11:38:44.107] (WARN) Watchdog timer crashed. Restarting it.
[2015/11/04 11:38:44.107] (INFO) Supervisor has entered SUSPENDED state.
[2015/11/04 11:38:44.107] (INFO) Sending SIGTERM to 2 excess workers.
[2015/11/04 11:38:44.107] (INFO) Your mother called. She says you never call her.
[2015/11/04 11:38:44.107] (INFO) Backed up all server logs.
[2015/11/04 11:38:44.107] (INFO) User "ird7912" logged in from 172.16.141.212.
[2015/11/04 11:38:44.107] (INFO) .evian ylbirret si emehcs otpyrc ym neht ,siht daer nac uoy fI
[2015/11/04 11:38:44.107] (INFO) User "xkw9902" logged out.
[2015/11/04 11:38:44.107] (WARN) Possible cyber-attack from a small unnamed island.
[2015/11/04 11:38:44.107] (WARN) Dropped 16,730 corrupt data packets.
[2015/11/04 11:38:44.107] (INFO) User "sao2470" logged out due to inactivity (timeout=30 minutes).
[2015/11/04 11:38:44.107] (INFO) Device 0xd8f8 is online.
[2015/11/04 11:38:44.107] (INFO) Waiting for supervisor process (PID 14474) to die.
[2015/11/04 11:38:44.107] (INFO) Waiting for worker process (PID 55871) to die.
[2015/11/04 11:38:44.107] (INFO) Waiting for monitor process (PID 64497) to die.
[2015/11/04 11:38:44.107] (INFO) Rolling 7 log file(s)...
[2015/11/04 11:38:44.107] (INFO) Checked file systems for errors: All filesystems OK.
[2015/11/04 11:38:44.107] (INFO) Your mother called. She says you never call her.
[2015/11/04 11:38:44.107] (INFO) Checkpointing off-heap server memory...
[2015/11/04 11:38:44.107] (INFO) Flushed 67 buffers to disk.
[2015/11/04 11:38:44.107] (INFO) Flushed 20 buffers to disk.
[2015/11/04 11:38:44.107] (INFO) Your mother called. She says you never call her.
[2015/11/04 11:38:44.107] (INFO) .evian ylbirret si emehcs otpyrc ym neht ,siht daer nac uoy fI
[2015/11/04 11:38:44.107] (ERROR) Unable to write to "/var/data/FbuFk95042.xml": Permission denied (EACCES)
[2015/11/04 11:38:44.107] (ERROR) "/var/data/eWMIB62947.txt": Permission denied (EACCES)
[2015/11/04 11:38:44.107] (WARN) Network heartbeat check: 14 server(s) did not respond.
[2015/11/04 11:38:44.107] (INFO) Your mother called. She says you never call her.
[2015/11/04 11:38:44.107] (WARN) Retrying server log checkpoint.
[2015/11/04 11:38:44.107] (INFO) User "jgn9264" logged out due to inactivity (timeout=30 minutes).
[2015/11/04 11:38:44.107] (INFO) Network heartbeat check: All OK.
[2015/11/04 11:38:44.107] (INFO) Sending SIGTERM to 2 excess workers.
[2015/11/04 11:38:44.107] (INFO) Device 0xea74 is online.
[2015/11/04 11:38:44.107] (WARN) Backup server 172.16.190.50 is offline.
[2015/11/04 11:38:44.107] (INFO) Checked file systems for errors: All filesystems OK.
[2015/11/04 11:38:44.107] (INFO) .evian ylbirret si emehcs otpyrc ym neht ,siht daer nac uoy fI
[2015/11/04 11:38:44.107] (INFO) Waiting for supervisor process (PID 4498) to die.
[2015/11/04 11:38:44.107] (INFO) Alien monitor (aliend): Detected no space aliens.
[2015/11/04 11:38:44.107] (ERROR) Alien monitor (aliend): 2 space aliens are fiddling with the hardware!
[2015/11/04 11:38:44.107] (ERROR) CPU temperature exceeds 50º Celsius. Shutting down.
[2015/11/04 11:38:44.107] (INFO) .evian ylbirret si emehcs otpyrc ym neht ,siht daer nac uoy fI
[2015/11/04 11:38:44.107] (INFO) Checked file systems for errors: All filesystems OK.
[2015/11/04 11:38:44.107] (INFO) Flushed 32 buffers to disk.
[2015/11/04 11:38:44.107] (INFO) .evian ylbirret si emehcs otpyrc ym neht ,siht daer nac uoy fI
[2015/11/04 11:38:44.107] (INFO) Alien monitor (aliend): Detected no space aliens.
[2015/11/04 11:38:44.107] (INFO) Checkpointing off-heap server memory...
[2015/11/04 11:38:44.107] (INFO) Supervisor has entered WAITING state.
[2015/11/04 11:38:44.107] (INFO) Sending SIGTERM to 3 excess workers.
[2015/11/04 11:38:44.107] (WARN) Dropped 6,032 corrupt data packets.
[2015/11/04 11:38:44.107] (ERROR) Unable to mount /dev/sdb1. (Time to run fsck?)
[2015/11/04 11:38:44.107] (ERROR) Failed to open "/mnt/fileserver01/IMalk74825.xml": NFS timeout.
[2015/11/04 11:38:44.107] (WARN) There is no such thing as a free lunch.
[2015/11/04 11:38:44.107] (INFO) Network heartbeat check: All OK.
[2015/11/04 11:38:44.107] (INFO) Supervisor has entered SUSPENDED state.
[2015/11/04 11:38:44.107] (ERROR) EFOODFAIL (Waiter, there's a fly in my soup).
[2015/11/04 11:38:44.107] (INFO) Network heartbeat check: All OK.
[2015/11/04 11:38:44.107] (INFO) Rolling 9 log file(s)...
[2015/11/04 11:38:44.107] (INFO) Network heartbeat check: All OK.
[2015/11/04 11:38:44.107] (INFO) Pinging watchdog timer process: Process is alive.
[2015/11/04 11:38:44.107] (INFO) Checked file systems for errors: All filesystems OK.
[2015/11/04 11:38:44.107] (INFO) User "jof7983" logged out.
[2015/11/04 11:38:44.107] (INFO) .evian ylbirret si emehcs otpyrc ym neht ,siht daer nac uoy fI
[2015/11/04 11:38:44.107] (INFO) Checkpointing off-heap server memory...
[2015/11/04 11:38:44.107] (INFO) User "brt6994" logged out.
[2015/11/04 11:38:44.107] (WARN) There is no such thing as a free lunch.
[2015/11/04 11:38:44.107] (INFO) .evian ylbirret si emehcs otpyrc ym neht ,siht daer nac uoy fI
[2015/11/04 11:38:44.107] (ERROR) Blocked Little Bobby Tables attack (https://xkcd.com/327/) from 10.28.253.187.
[2015/11/04 11:38:44.107] (INFO) Supervisor has entered RUNNING state.
[2015/11/04 11:38:44.107] (INFO) Sending SIGTERM to 2 excess workers.
[2015/11/04 11:38:44.107] (INFO) User "tlq5539" logged out.
[2015/11/04 11:38:44.107] (ERROR) Blocked SSH traffic originating from 172.16.57.190.
[2015/11/04 11:38:44.107] (INFO) Supervisor has entered WAITING state.
[2015/11/04 11:38:44.107] (INFO) Supervisor has entered SUSPENDED state.
[2015/11/04 11:38:44.606] (INFO) Checkpointing off-heap server memory...
[2015/11/04 11:38:44.606] (WARN) Network heartbeat check: 17 server(s) did not respond.
[2015/11/04 11:38:44.606] (INFO) Rolling 9 log file(s)...
[2015/11/04 11:38:44.606] (INFO) Checked file systems for errors: All filesystems OK.
[2015/11/04 11:38:44.606] (INFO) Supervisor has entered RUNNING state.
[2015/11/04 11:38:44.606] (ERROR) User "zjr5009" failed to log in 3 times. Disabling account.
[2015/11/04 11:38:44.606] (ERROR) One of the flayrods has gone out askew on treadle.
[2015/11/04 11:38:44.606] (INFO) Checked file systems for errors: All filesystems OK.
[2015/11/04 11:38:44.606] (INFO) .evian ylbirret si emehcs otpyrc ym neht ,siht daer nac uoy fI
[2015/11/04 11:38:44.606] (INFO) .evian ylbirret si emehcs otpyrc ym neht ,siht daer nac uoy fI
[2015/11/04 11:38:44.606] (INFO) Sending SIGTERM to 2 excess workers.
[2015/11/04 11:38:44.606] (INFO) Supervisor has entered WAITING state.
[2015/11/04 11:38:44.606] (INFO) Flushed 64 buffers to disk.
[2015/11/04 11:38:44.606] (WARN) Ignoring SIGTERM. It's not that easy to get rid of me.
[2015/11/04 11:38:44.606] (INFO) Backed up all server logs.
[2015/11/04 11:38:44.606] (ERROR) EFOODFAIL (Waiter, there's a fly in my soup).
[2015/11/04 11:38:44.606] (INFO) Device 0x6983 is online.
[2015/11/04 11:38:44.606] (INFO) Rolling 5 log file(s)...
[2015/11/04 11:38:44.606] (INFO) Rolling 5 log file(s)...
[2015/11/04 11:38:44.606] (INFO) Rolling 3 log file(s)...
[2015/11/04 11:38:44.606] (INFO) Waiting for master process (PID 37237) to die.
[2015/11/04 11:38:44.606] (INFO) Checkpointing off-heap server memory...
[2015/11/04 11:38:44.606] (ERROR) Network heartbeat check FAILED: Master host down?
[2015/11/04 11:38:44.606] (INFO) .evian ylbirret si emehcs otpyrc ym neht ,siht daer nac uoy fI
[2015/11/04 11:38:44.606] (INFO) Backed up all server logs.
[2015/11/04 11:38:44.606] (WARN) Master took 542 ms to respond (threshold=500 ms)
[2015/11/04 11:38:44.606] (INFO) Pinging watchdog timer process: Process is alive.
[2015/11/04 11:38:44.606] (INFO) Pinging watchdog timer process: Process is alive.
[2015/11/04 11:38:44.606] (INFO) Sending SIGTERM to 2 excess workers.
[2015/11/04 11:38:44.606] (INFO) Backed up all server logs.
[2015/11/04 11:38:44.606] (INFO) Flushed 50 buffers to disk.
[2015/11/04 11:38:44.606] (INFO) User "hht5884" logged out due to inactivity (timeout=30 minutes).
[2015/11/04 11:38:44.606] (INFO) Checked file systems for errors: All filesystems OK.
[2015/11/04 11:38:44.606] (INFO) Pinging watchdog timer process: Process is alive.
[2015/11/04 11:38:44.606] (WARN) There is no such thing as a free lunch.
[2015/11/04 11:38:44.606] (INFO) User "mnj7161" logged out.
[2015/11/04 11:38:44.606] (INFO) .evian ylbirret si emehcs otpyrc ym neht ,siht daer nac uoy fI
[2015/11/04 11:38:44.606] (INFO) .evian ylbirret si emehcs otpyrc ym neht ,siht daer nac uoy fI
[2015/11/04 11:38:44.606] (ERROR) Detected incoming DDoS from 192.168.128.105.
[2015/11/04 11:38:44.606] (INFO) Your mother called. She says you never call her.
[2015/11/04 11:38:44.606] (INFO) Alien monitor (aliend): Detected no space aliens.
[2015/11/04 11:38:44.606] (INFO) Checkpointing off-heap server memory...
[2015/11/04 11:38:44.606] (INFO) Backed up all server logs.
[2015/11/04 11:38:44.606] (INFO) Network heartbeat check: All OK.
[2015/11/04 11:38:44.606] (INFO) Waiting for supervisor process (PID 51229) to die.
[2015/11/04 11:38:44.606] (INFO) User "afn8898" logged out due to inactivity (timeout=30 minutes).
[2015/11/04 11:38:44.606] (INFO) Your mother called. She says you never call her.
[2015/11/04 11:38:44.606] (INFO) User "csh4138" logged out.
[2015/11/04 11:38:44.606] (INFO) Pinging watchdog timer process: Process is alive.
[2015/11/04 11:38:44.606] (INFO) Your mother called. She says you never call her.
[2015/11/04 11:38:44.606] (INFO) User "fml3757" logged out.
[2015/11/04 11:38:44.606] (INFO) User "izq8731" logged out due to inactivity (timeout=30 minutes).
[2015/11/04 11:38:44.606] (WARN) Master took 696 ms to respond (threshold=500 ms)
[2015/11/04 11:38:44.606] (INFO) Supervisor has entered RUNNING state.
[2015/11/04 11:38:44.606] (WARN) Network heartbeat check: 13 server(s) did not respond.
[2015/11/04 11:38:44.606] (ERROR) CPU temperature exceeds 50º Celsius. Shutting down.
[2015/11/04 11:38:44.606] (INFO) Alien monitor (aliend): Detected no space aliens.
[2015/11/04 11:38:44.606] (INFO) Sending SIGTERM to 4 excess workers.
[2015/11/04 11:38:44.606] (INFO) Supervisor has entered RUNNING state.
[2015/11/04 11:38:44.606] (WARN) Dropped 18,267 corrupt data packets.
[2015/11/04 11:38:44.606] (INFO) Supervisor has entered RUNNING state.
[2015/11/04 11:38:44.606] (INFO) Device 0xa46a is online.
[2015/11/04 11:38:44.606] (INFO) Backed up all server logs.
[2015/11/04 11:38:44.606] (INFO) .evian ylbirret si emehcs otpyrc ym neht ,siht daer nac uoy fI
[2015/11/04 11:38:44.606] (INFO) Device 0x1b8b is online.
[2015/11/04 11:38:44.606] (INFO) Backed up all server logs.
[2015/11/04 11:38:44.606] (ERROR) One of the flayrods has gone out askew on treadle.
[2015/11/04 11:38:44.606] (INFO) Rolling 3 log file(s)...
[2015/11/04 11:38:44.606] (WARN) Unable to ping monitor at 192.168.123.171. Retrying.
[2015/11/04 11:38:44.606] (ERROR) Failed to write checkpoint file "/var/checkpoint/wDAEG97296: No space left on device (ENOSPC)
[2015/11/04 11:38:44.606] (INFO) Sending SIGTERM to 4 excess workers.
[2015/11/04 11:38:44.606] (INFO) Waiting for supervisor process (PID 14709) to die.
[2015/11/04 11:38:44.606] (INFO) Your mother called. She says you never call her.
[2015/11/04 11:38:44.606] (INFO) Your mother called. She says you never call her.
[2015/11/04 11:38:44.606] (INFO) Checked file systems for errors: All filesystems OK.
[2015/11/04 11:38:44.606] (INFO) Checked file systems for errors: All filesystems OK.
[2015/11/04 11:38:44.606] (INFO) Pinging watchdog timer process: Process is alive.
[2015/11/04 11:38:44.606] (INFO) Backed up all server logs.
[2015/11/04 11:38:44.606] (INFO) Checkpointing off-heap server memory...
[2015/11/04 11:38:44.607] (INFO) Alien monitor (aliend): Detected no space aliens.
[2015/11/04 11:38:44.607] (WARN) Network heartbeat check: 16 server(s) did not respond.
[2015/11/04 11:38:44.607] (INFO) Pinging watchdog timer process: Process is alive.
[2015/11/04 11:38:44.607] (ERROR) Detected incoming DDoS from 192.168.61.18.
[2015/11/04 11:38:44.607] (INFO) .evian ylbirret si emehcs otpyrc ym neht ,siht daer nac uoy fI
[2015/11/04 11:38:44.607] (ERROR) CPU temperature exceeds 50º Celsius. Shutting down.
[2015/11/04 11:38:44.607] (INFO) User "pjq5574" logged out.
[2015/11/04 11:38:44.607] (INFO) Waiting for master process (PID 28781) to die.
[2015/11/04 11:38:44.607] (INFO) Pinging watchdog timer process: Process is alive.
[2015/11/04 11:38:44.607] (INFO) .evian ylbirret si emehcs otpyrc ym neht ,siht daer nac uoy fI
[2015/11/04 11:38:44.607] (WARN) CPU temperature exceeds 40º Celsius.
[2015/11/04 11:38:44.607] (INFO) Backed up all server logs.
[2015/11/04 11:38:44.607] (INFO) Checked file systems for errors: All filesystems OK.
[2015/11/04 11:38:44.607] (ERROR) Network heartbeat check FAILED: Master host down?
[2015/11/04 11:38:44.607] (INFO) Backed up all server logs.
[2015/11/04 11:38:44.607] (INFO) User "exd1266" logged in from 172.16.243.176.
[2015/11/04 11:38:44.607] (INFO) Pinging watchdog timer process: Process is alive.
[2015/11/04 11:38:44.607] (INFO) Your mother called. She says you never call her.
[2015/11/04 11:38:44.607] (WARN) There is no such thing as a free lunch.
[2015/11/04 11:38:44.607] (INFO) User "nfw7576" logged out due to inactivity (timeout=30 minutes).
[2015/11/04 11:38:44.607] (INFO) Alien monitor (aliend): Detected no space aliens.
[2015/11/04 11:38:45.107] (INFO) Alien monitor (aliend): Detected no space aliens.
[2015/11/04 11:38:45.107] (INFO) User "paf6043" logged out.
[2015/11/04 11:38:45.107] (INFO) Backed up all server logs.
[2015/11/04 11:38:45.107] (INFO) Pinging watchdog timer process: Process is alive.
[2015/11/04 11:38:45.107] (INFO) Rolling 6 log file(s)...
[2015/11/04 11:38:45.107] (ERROR) Unable to write to "/var/data/jIBge71141.parquet": Permission denied (EACCES)
[2015/11/04 11:38:45.107] (INFO) .evian ylbirret si emehcs otpyrc ym neht ,siht daer nac uoy fI
[2015/11/04 11:38:45.107] (INFO) Rolling 9 log file(s)...
[2015/11/04 11:38:45.107] (INFO) Backed up all server logs.
[2015/11/04 11:38:45.107] (WARN) Backup server 172.16.163.62 is offline.
[2015/11/04 11:38:45.107] (INFO) Supervisor has entered RESTARTING state.
[2015/11/04 11:38:45.107] (INFO) Supervisor has entered RUNNING state.
[2015/11/04 11:38:45.107] (INFO) Flushed 41 buffers to disk.
[2015/11/04 11:38:45.107] (INFO) Alien monitor (aliend): Detected no space aliens.
[2015/11/04 11:38:45.107] (WARN) Ignoring SIGTERM. It's not that easy to get rid of me.
[2015/11/04 11:38:45.107] (INFO) Rolling 3 log file(s)...
[2015/11/04 11:38:45.107] (INFO) Checkpointing off-heap server memory...
[2015/11/04 11:38:45.107] (INFO) Waiting for master process (PID 32386) to die.
[2015/11/04 11:38:45.107] (INFO) Checked file systems for errors: All filesystems OK.
[2015/11/04 11:38:45.107] (INFO) .evian ylbirret si emehcs otpyrc ym neht ,siht daer nac uoy fI
[2015/11/04 11:38:45.107] (INFO) Checked file systems for errors: All filesystems OK.
[2015/11/04 11:38:45.107] (INFO) Device 0x9e87 is online.
[2015/11/04 11:38:45.107] (ERROR) Failed to write checkpoint file "/var/checkpoint/RHvWu57508: No space left on device (ENOSPC)
[2015/11/04 11:38:45.107] (WARN) Unable to ping worker at 192.168.230.120. Retrying.
[2015/11/04 11:38:45.107] (INFO) User "dgf4185" logged out.
[2015/11/04 11:38:45.107] (ERROR) User "wju2516" failed to log in 3 times. Disabling account.
[2015/11/04 11:38:45.107] (INFO) Checkpointing off-heap server memory...
[2015/11/04 11:38:45.107] (ERROR) Worker 1 died with SIGHUP. Restarting it.
[2015/11/04 11:38:45.107] (INFO) User "wjg6430" logged out.
[2015/11/04 11:38:45.107] (INFO) .evian ylbirret si emehcs otpyrc ym neht ,siht daer nac uoy fI
[2015/11/04 11:38:45.107] (INFO) Checked file systems for errors: All filesystems OK.
[2015/11/04 11:38:45.107] (INFO) Checkpointing off-heap server memory...
[2015/11/04 11:38:45.107] (INFO) Device 0x92ea is online.
[2015/11/04 11:38:45.107] (INFO) Pinging watchdog timer process: Process is alive.
[2015/11/04 11:38:45.107] (INFO) Sending SIGTERM to 4 excess workers.
[2015/11/04 11:38:45.107] (INFO) Supervisor has entered RESTARTING state.
[2015/11/04 11:38:45.107] (INFO) Your mother called. She says you never call her.
[2015/11/04 11:38:45.107] (INFO) Backed up all server logs.
[2015/11/04 11:38:45.107] (INFO) Rolling 4 log file(s)...
[2015/11/04 11:38:45.107] (INFO) Your mother called. She says you never call her.
[2015/11/04 11:38:45.107] (INFO) Supervisor has entered RESTARTING state.
[2015/11/04 11:38:45.107] (WARN) Unable to ping worker at 172.16.191.198. Retrying.
[2015/11/04 11:38:45.107] (INFO) Waiting for worker process (PID 25740) to die.
[2015/11/04 11:38:45.107] (INFO) User "fvx8710" logged out.
[2015/11/04 11:38:45.107] (INFO) Checkpointing off-heap server memory...
[2015/11/04 11:38:45.107] (INFO) Flushed 95 buffers to disk.
[2015/11/04 11:38:45.107] (INFO) Device 0xab4f is online.
[2015/11/04 11:38:45.107] (ERROR) Failed to write checkpoint file "/var/checkpoint/mjjoZ79873: No space left on device (ENOSPC)
[2015/11/04 11:38:45.107] (WARN) Network heartbeat check: 12 server(s) did not respond.
[2015/11/04 11:38:45.107] (INFO) Waiting for master process (PID 15245) to die.
[2015/11/04 11:38:45.107] (ERROR) Connection to 172.16.243.104 terminated unexpectedly. Reconnecting.
[2015/11/04 11:38:45.107] (INFO) Network heartbeat check: All OK.
[2015/11/04 11:38:45.107] (INFO) Sending SIGTERM to 3 excess workers.
[2015/11/04 11:38:45.107] (INFO) Sending SIGTERM to 3 excess workers.
[2015/11/04 11:38:45.107] (INFO) Backed up all server logs.
[2015/11/04 11:38:45.107] (INFO) User "esf3112" logged in from 10.167.219.40.
[2015/11/04 11:38:45.107] (INFO) Network heartbeat check: All OK.
[2015/11/04 11:38:45.107] (INFO) Pinging watchdog timer process: Process is alive.
[2015/11/04 11:38:45.107] (INFO) User "tls4984" logged in from 10.114.159.240.
[2015/11/04 11:38:45.107] (INFO) Network heartbeat check: All OK.
[2015/11/04 11:38:45.107] (INFO) Backed up all server logs.
[2015/11/04 11:38:45.107] (ERROR) Alien monitor (aliend): 4 space aliens are fiddling with the hardware!
[2015/11/04 11:38:45.107] (INFO) Your mother called. She says you never call her.
[2015/11/04 11:38:45.107] (WARN) There is no such thing as a free lunch.
[2015/11/04 11:38:45.107] (INFO) User "jpr6453" logged out.
[2015/11/04 11:38:45.107] (INFO) Alien monitor (aliend): Detected no space aliens.
[2015/11/04 11:38:45.107] (INFO) User "acq4391" logged in from 192.168.68.116.
[2015/11/04 11:38:45.107] (INFO) .evian ylbirret si emehcs otpyrc ym neht ,siht daer nac uoy fI
[2015/11/04 11:38:45.107] (INFO) Device 0x73f1 is online.
[2015/11/04 11:38:45.107] (INFO) User "adq7816" logged out.
[2015/11/04 11:38:45.107] (INFO) Checkpointing off-heap server memory...
[2015/11/04 11:38:45.107] (WARN) Master took 581 ms to respond (threshold=500 ms)
[2015/11/04 11:38:45.107] (INFO) Pinging watchdog timer process: Process is alive.
[2015/11/04 11:38:45.107] (INFO) Flushed 48 buffers to disk.
[2015/11/04 11:38:45.107] (INFO) Your mother called. She says you never call her.
[2015/11/04 11:38:45.107] (INFO) Network heartbeat check: All OK.
[2015/11/04 11:38:45.107] (INFO) Supervisor has entered WAITING state.
[2015/11/04 11:38:45.107] (INFO) Supervisor has entered SUSPENDED state.
[2015/11/04 11:38:45.107] (WARN) Unable to ping master at 172.16.151.249. Retrying.
[2015/11/04 11:38:45.107] (INFO) Waiting for monitor process (PID 28083) to die.
[2015/11/04 11:38:45.107] (INFO) .evian ylbirret si emehcs otpyrc ym neht ,siht daer nac uoy fI
[2015/11/04 11:38:45.107] (INFO) Rolling 6 log file(s)...
[2015/11/04 11:38:45.107] (INFO) Alien monitor (aliend): Detected no space aliens.
[2015/11/04 11:38:45.107] (ERROR) One of the flayrods has gone out askew on treadle.
[2015/11/04 11:38:45.107] (WARN) Possible cyber-attack from Alpha Centauri.
[2015/11/04 11:38:45.107] (INFO) User "esx8939" logged out.
[2015/11/04 11:38:45.107] (WARN) Dropped 5,382 corrupt data packets.
[2015/11/04 11:38:45.107] (INFO) User "odb8296" logged in from 192.168.191.181.
[2015/11/04 11:38:45.107] (INFO) Supervisor has entered RUNNING state.
[2015/11/04 11:38:45.107] (INFO) Network heartbeat check: All OK.
[2015/11/04 11:38:45.107] (WARN) Unable to ping monitor at 10.175.203.139. Retrying.
[2015/11/04 11:38:45.107] (ERROR) Unable to write to "/var/data/slHTB51759.xml": Permission denied (EACCES)
[2015/11/04 11:38:45.107] (INFO) Network heartbeat check: All OK.
[2015/11/04 11:38:45.107] (INFO) Checked file systems for errors: All filesystems OK.
[2015/11/04 11:38:45.107] (INFO) Your mother called. She says you never call her.
[2015/11/04 11:38:45.107] (INFO) .evian ylbirret si emehcs otpyrc ym neht ,siht daer nac uoy fI
[2015/11/04 11:38:45.107] (INFO) Device 0x0a78 is online.
[2015/11/04 11:38:45.107] (INFO) Your mother called. She says you never call her.
[2015/11/04 11:38:45.107] (INFO) Device 0x19e7 is online.
[2015/11/04 11:38:45.107] (INFO) Alien monitor (aliend): Detected no space aliens.
[2015/11/04 11:38:45.607] (INFO) User "kds1106" logged out due to inactivity (timeout=30 minutes).
[2015/11/04 11:38:45.607] (INFO) Supervisor has entered SUSPENDED state.
[2015/11/04 11:38:45.607] (INFO) Device 0x3943 is online.
[2015/11/04 11:38:45.607] (INFO) Flushed 47 buffers to disk.
[2015/11/04 11:38:45.607] (INFO) User "tjz6603" logged out due to inactivity (timeout=30 minutes).
[2015/11/04 11:38:45.607] (INFO) User "eta2158" logged out due to inactivity (timeout=30 minutes).
[2015/11/04 11:38:45.607] (INFO) Supervisor has entered SUSPENDED state.
[2015/11/04 11:38:45.607] (INFO) Waiting for worker process (PID 51431) to die.
[2015/11/04 11:38:45.607] (INFO) Flushed 60 buffers to disk.
[2015/11/04 11:38:45.607] (INFO) Flushed 34 buffers to disk.
[2015/11/04 11:38:45.607] (INFO) Network heartbeat check: All OK.
[2015/11/04 11:38:45.607] (INFO) Supervisor has entered RUNNING state.
[2015/11/04 11:38:45.607] (INFO) Rolling 1 log file(s)...
[2015/11/04 11:38:45.607] (INFO) Supervisor has entered RESTARTING state.
[2015/11/04 11:38:45.607] (INFO) Sending SIGTERM to 3 excess workers.
[2015/11/04 11:38:45.607] (WARN) Watchdog timer crashed. Restarting it.
[2015/11/04 11:38:45.607] (INFO) Checkpointing off-heap server memory...
[2015/11/04 11:38:45.607] (INFO) Waiting for monitor process (PID 35700) to die.
[2015/11/04 11:38:45.607] (ERROR) Device 0x38c2 is offline
[2015/11/04 11:38:45.607] (INFO) Waiting for worker process (PID 49154) to die.
[2015/11/04 11:38:45.607] (ERROR) One of the flayrods has gone out askew on treadle.
[2015/11/04 11:38:45.607] (INFO) Pinging watchdog timer process: Process is alive.
[2015/11/04 11:38:45.607] (INFO) Device 0x5576 is online.
[2015/11/04 11:38:45.607] (INFO) Rolling 7 log file(s)...
[2015/11/04 11:38:45.607] (INFO) Sending SIGTERM to 4 excess workers.
[2015/11/04 11:38:45.607] (INFO) Supervisor has entered SUSPENDED state.
[2015/11/04 11:38:45.607] (WARN) Space on disk /dev/sdd3 is low: Only 278 MB available.
[2015/11/04 11:38:45.607] (INFO) User "som1695" logged out due to inactivity (timeout=30 minutes).
[2015/11/04 11:38:45.607] (INFO) User "vxm8595" logged out due to inactivity (timeout=30 minutes).
[2015/11/04 11:38:45.607] (INFO) Your mother called. She says you never call her.
[2015/11/04 11:38:45.607] (INFO) Checked file systems for errors: All filesystems OK.
[2015/11/04 11:38:45.607] (INFO) Checkpointing off-heap server memory...
[2015/11/04 11:38:45.607] (INFO) Sending SIGTERM to 3 excess workers.
[2015/11/04 11:38:45.607] (INFO) User "ubd2833" logged out.
[2015/11/04 11:38:45.607] (INFO) Alien monitor (aliend): Detected no space aliens.
[2015/11/04 11:38:45.607] (WARN) CPU temperature exceeds 40º Celsius.
[2015/11/04 11:38:45.607] (ERROR) Server log backup FAILED. See backup logs.
[2015/11/04 11:38:45.607] (INFO) Pinging watchdog timer process: Process is alive.
[2015/11/04 11:38:45.607] (ERROR) Device 0x4c11 is offline
[2015/11/04 11:38:45.607] (INFO) Checked file systems for errors: All filesystems OK.
[2015/11/04 11:38:45.607] (INFO) Backed up all server logs.
[2015/11/04 11:38:45.607] (INFO) User "dtw3256" logged out.
[2015/11/04 11:38:45.607] (INFO) User "zec8538" logged out.
[2015/11/04 11:38:45.607] (INFO) User "jes7022" logged out.
[2015/11/04 11:38:45.607] (INFO) User "lyr4815" logged in from 10.7.94.206.
[2015/11/04 11:38:45.607] (INFO) Checkpointing off-heap server memory...
[2015/11/04 11:38:45.607] (INFO) .evian ylbirret si emehcs otpyrc ym neht ,siht daer nac uoy fI
[2015/11/04 11:38:45.607] (INFO) Backed up all server logs.
[2015/11/04 11:38:45.607] (INFO) User "xmd7225" logged out due to inactivity (timeout=30 minutes).
[2015/11/04 11:38:45.607] (WARN) Network heartbeat check: 9 server(s) did not respond.
[2015/11/04 11:38:45.607] (INFO) Supervisor has entered SUSPENDED state.
[2015/11/04 11:38:45.607] (INFO) Supervisor has entered WAITING state.
[2015/11/04 11:38:45.607] (INFO) Sending SIGTERM to 4 excess workers.
[2015/11/04 11:38:45.607] (INFO) Your mother called. She says you never call her.
[2015/11/04 11:38:45.607] (INFO) Network heartbeat check: All OK.
[2015/11/04 11:38:45.607] (INFO) Supervisor has entered WAITING state.
[2015/11/04 11:38:45.607] (ERROR) CPU temperature exceeds 50º Celsius. Shutting down.
[2015/11/04 11:38:45.607] (INFO) Device 0x1c3f is online.
[2015/11/04 11:38:45.607] (INFO) Checkpointing off-heap server memory...
[2015/11/04 11:38:45.607] (INFO) Sending SIGTERM to 4 excess workers.
[2015/11/04 11:38:45.607] (INFO) Supervisor has entered WAITING state.
[2015/11/04 11:38:45.607] (INFO) Pinging watchdog timer process: Process is alive.
[2015/11/04 11:38:45.607] (INFO) Your mother called. She says you never call her.
[2015/11/04 11:38:45.607] (ERROR) Server log backup FAILED. See backup logs.
[2015/11/04 11:38:45.607] (WARN) Ignoring SIGTERM. It's not that easy to get rid of me.
[2015/11/04 11:38:45.607] (INFO) Pinging watchdog timer process: Process is alive.
[2015/11/04 11:38:45.607] (ERROR) Detected incoming DDoS from 172.16.194.5.
[2015/11/04 11:38:45.607] (INFO) User "ezq5998" logged out.
[2015/11/04 11:38:45.607] (INFO) Rolling 7 log file(s)...
[2015/11/04 11:38:45.607] (INFO) Rolling 8 log file(s)...
[2015/11/04 11:38:45.607] (INFO) Backed up all server logs.
[2015/11/04 11:38:45.607] (INFO) Device 0x0868 is online.
[2015/11/04 11:38:45.607] (INFO) Supervisor has entered SUSPENDED state.
[2015/11/04 11:38:45.607] (INFO) Backed up all server logs.
[2015/11/04 11:38:45.607] (INFO) User "zpp4067" logged in from 172.16.105.196.
[2015/11/04 11:38:45.607] (ERROR) Failed to open "/mnt/fileserver02/YoqDn98602.parquet": NFS timeout.
[2015/11/04 11:38:45.607] (INFO) Alien monitor (aliend): Detected no space aliens.
[2015/11/04 11:38:45.607] (INFO) Your mother called. She says you never call her.
[2015/11/04 11:38:45.607] (INFO) Alien monitor (aliend): Detected no space aliens.
[2015/11/04 11:38:45.607] (WARN) Space on disk /dev/sdb3 is low: Only 280 MB available.
[2015/11/04 11:38:45.607] (WARN) CPU temperature exceeds 40º Celsius.
[2015/11/04 11:38:45.607] (WARN) Retrying server log checkpoint.
[2015/11/04 11:38:45.607] (INFO) Rolling 3 log file(s)...
[2015/11/04 11:38:45.607] (ERROR) Unable to mount /dev/sdc3. (Time to run fsck?)
[2015/11/04 11:38:45.607] (INFO) Device 0xaf63 is online.
[2015/11/04 11:38:45.607] (INFO) Your mother called. She says you never call her.
[2015/11/04 11:38:45.607] (ERROR) Network heartbeat check FAILED: Master host down?
[2015/11/04 11:38:45.607] (INFO) Alien monitor (aliend): Detected no space aliens.
[2015/11/04 11:38:45.607] (INFO) Supervisor has entered SUSPENDED state.
[2015/11/04 11:38:45.607] (INFO) Pinging watchdog timer process: Process is alive.
[2015/11/04 11:38:45.607] (INFO) User "err2339" logged out due to inactivity (timeout=30 minutes).
[2015/11/04 11:38:45.607] (ERROR) Connection to 10.38.61.33 terminated unexpectedly. Reconnecting.
[2015/11/04 11:38:45.607] (WARN) Dropped 5,523 corrupt data packets.
[2015/11/04 11:38:45.607] (INFO) Backed up all server logs.
[2015/11/04 11:38:45.607] (INFO) Alien monitor (aliend): Detected no space aliens.
[2015/11/04 11:38:45.607] (INFO) Backed up all server logs.
[2015/11/04 11:38:45.607] (WARN) Space on disk /dev/sdb4 is low: Only 173 MB available.
[2015/11/04 11:38:45.607] (INFO) Waiting for monitor process (PID 30263) to die.
[2015/11/04 11:38:45.607] (INFO) User "sjv2341" logged out due to inactivity (timeout=30 minutes).
[2015/11/04 11:38:45.607] (WARN) Ignoring SIGTERM. It's not that easy to get rid of me.
[2015/11/04 11:38:46.108] (INFO) Waiting for master process (PID 49685) to die.
[2015/11/04 11:38:46.108] (INFO) Supervisor has entered WAITING state.
[2015/11/04 11:38:46.108] (INFO) Device 0x54aa is online.
[2015/11/04 11:38:46.108] (INFO) Alien monitor (aliend): Detected no space aliens.
[2015/11/04 11:38:46.108] (WARN) Retrying server log checkpoint.
[2015/11/04 11:38:46.108] (INFO) .evian ylbirret si emehcs otpyrc ym neht ,siht daer nac uoy fI
[2015/11/04 11:38:46.108] (WARN) Retrying server log checkpoint.
[2015/11/04 11:38:46.108] (INFO) Network heartbeat check: All OK.
[2015/11/04 11:38:46.108] (INFO) Sending SIGTERM to 4 excess workers.
[2015/11/04 11:38:46.108] (INFO) Your mother called. She says you never call her.
[2015/11/04 11:38:46.108] (INFO) Sending SIGTERM to 3 excess workers.
[2015/11/04 11:38:46.108] (WARN) Space on disk /dev/sdd3 is low: Only 317 MB available.
[2015/11/04 11:38:46.108] (INFO) Flushed 37 buffers to disk.
[2015/11/04 11:38:46.108] (INFO) Device 0xef04 is online.
[2015/11/04 11:38:46.108] (INFO) Waiting for worker process (PID 11130) to die.
[2015/11/04 11:38:46.108] (INFO) Pinging watchdog timer process: Process is alive.
[2015/11/04 11:38:46.108] (INFO) Backed up all server logs.
[2015/11/04 11:38:46.108] (INFO) Checkpointing off-heap server memory...
[2015/11/04 11:38:46.108] (INFO) Flushed 73 buffers to disk.
[2015/11/04 11:38:46.108] (INFO) Backed up all server logs.
[2015/11/04 11:38:46.108] (INFO) Pinging watchdog timer process: Process is alive.
[2015/11/04 11:38:46.108] (INFO) Checked file systems for errors: All filesystems OK.
[2015/11/04 11:38:46.108] (INFO) Sending SIGTERM to 3 excess workers.
[2015/11/04 11:38:46.108] (WARN) CPU temperature exceeds 40º Celsius.
[2015/11/04 11:38:46.108] (INFO) Supervisor has entered RUNNING state.
[2015/11/04 11:38:46.108] (INFO) Checked file systems for errors: All filesystems OK.
[2015/11/04 11:38:46.108] (INFO) Device 0x7bf1 is online.
[2015/11/04 11:38:46.108] (INFO) Backed up all server logs.
[2015/11/04 11:38:46.108] (WARN) Possible cyber-attack from Canada.
[2015/11/04 11:38:46.108] (INFO) User "gkh4809" logged out due to inactivity (timeout=30 minutes).
[2015/11/04 11:38:46.108] (INFO) Network heartbeat check: All OK.
[2015/11/04 11:38:46.108] (INFO) Alien monitor (aliend): Detected no space aliens.
[2015/11/04 11:38:46.108] (INFO) Your mother called. She says you never call her.
[2015/11/04 11:38:46.108] (INFO) Flushed 30 buffers to disk.
[2015/11/04 11:38:46.108] (WARN) Backup server 192.168.11.26 is offline.
[2015/11/04 11:38:46.108] (INFO) Network heartbeat check: All OK.
[2015/11/04 11:38:46.108] (INFO) User "pmv9575" logged out due to inactivity (timeout=30 minutes).
[2015/11/04 11:38:46.108] (INFO) Sending SIGTERM to 3 excess workers.
[2015/11/04 11:38:46.108] (INFO) Rolling 8 log file(s)...
[2015/11/04 11:38:46.108] (ERROR) Directory index of "/var/data" is forbidden.
[2015/11/04 11:38:46.108] (ERROR) Extra characters at end of line.
[2015/11/04 11:38:46.108] (WARN) Backup server 192.168.174.64 is offline.
[2015/11/04 11:38:46.108] (WARN) Space on disk /dev/sdb1 is low: Only 181 MB available.
[2015/11/04 11:38:46.108] (INFO) Alien monitor (aliend): Detected no space aliens.
[2015/11/04 11:38:46.108] (INFO) Supervisor has entered SUSPENDED state.
[2015/11/04 11:38:46.108] (INFO) Network heartbeat check: All OK.
[2015/11/04 11:38:46.108] (INFO) Supervisor has entered WAITING state.
[2015/11/04 11:38:46.108] (ERROR) "/var/data/zxofX99665.tsv": No such file or directory (ENOENT)
[2015/11/04 11:38:46.108] (ERROR) Detected clock skew! Restarting NTP server.
[2015/11/04 11:38:46.108] (INFO) Your mother called. She says you never call her.
[2015/11/04 11:38:46.108] (INFO) Pinging watchdog timer process: Process is alive.
[2015/11/04 11:38:46.108] (WARN) Backup server 172.16.219.24 is offline.
[2015/11/04 11:38:46.108] (INFO) Flushed 91 buffers to disk.
[2015/11/04 11:38:46.108] (INFO) User "xmv7283" logged in from 172.16.169.101.
[2015/11/04 11:38:46.108] (INFO) Rolling 6 log file(s)...
[2015/11/04 11:38:46.108] (INFO) User "ycp8827" logged out due to inactivity (timeout=30 minutes).
[2015/11/04 11:38:46.108] (ERROR) "/var/data/vGVsO66030.zip": No such file or directory (ENOENT)
[2015/11/04 11:38:46.108] (INFO) Alien monitor (aliend): Detected no space aliens.
[2015/11/04 11:38:46.108] (INFO) Device 0x1135 is online.
[2015/11/04 11:38:46.108] (INFO) Device 0x7518 is online.
[2015/11/04 11:38:46.108] (INFO) Waiting for master process (PID 21789) to die.
[2015/11/04 11:38:46.108] (ERROR) "/var/data/LKPYU85566.parquet": No such file or directory (ENOENT)
[2015/11/04 11:38:46.108] (INFO) Rolling 3 log file(s)...
[2015/11/04 11:38:46.108] (WARN) Master took 523 ms to respond (threshold=500 ms)
[2015/11/04 11:38:46.108] (WARN) Unable to ping supervisor at 10.190.36.126. Retrying.
[2015/11/04 11:38:46.108] (INFO) .evian ylbirret si emehcs otpyrc ym neht ,siht daer nac uoy fI
[2015/11/04 11:38:46.108] (INFO) User "pwd8097" logged in from 192.168.95.149.
[2015/11/04 11:38:46.108] (ERROR) Detected clock skew! Restarting NTP server.
[2015/11/04 11:38:46.108] (WARN) Backup server 192.168.192.128 is offline.
[2015/11/04 11:38:46.108] (ERROR) Detected clock skew! Restarting NTP server.
[2015/11/04 11:38:46.108] (INFO) Rolling 1 log file(s)...
[2015/11/04 11:38:46.108] (INFO) Checkpointing off-heap server memory...
[2015/11/04 11:38:46.108] (INFO) Alien monitor (aliend): Detected no space aliens.
[2015/11/04 11:38:46.108] (WARN) Space on disk /dev/sde1 is low: Only 467 MB available.
[2015/11/04 11:38:46.108] (ERROR) Blocked nmap traffic originating from 172.16.30.82.
[2015/11/04 11:38:46.108] (INFO) Supervisor has entered RESTARTING state.
[2015/11/04 11:38:46.108] (INFO) Your mother called. She says you never call her.
[2015/11/04 11:38:46.108] (INFO) Supervisor has entered WAITING state.
[2015/11/04 11:38:46.108] (INFO) .evian ylbirret si emehcs otpyrc ym neht ,siht daer nac uoy fI
[2015/11/04 11:38:46.108] (INFO) Pinging watchdog timer process: Process is alive.
[2015/11/04 11:38:46.108] (INFO) Alien monitor (aliend): Detected no space aliens.
[2015/11/04 11:38:46.108] (INFO) Alien monitor (aliend): Detected no space aliens.
[2015/11/04 11:38:46.108] (INFO) Your mother called. She says you never call her.
[2015/11/04 11:38:46.108] (ERROR) Blocked Little Bobby Tables attack (https://xkcd.com/327/) from 192.168.68.218.
[2015/11/04 11:38:46.108] (INFO) Sending SIGTERM to 4 excess workers.
[2015/11/04 11:38:46.108] (INFO) Supervisor has entered RESTARTING state.
[2015/11/04 11:38:46.108] (INFO) User "kbq3580" logged out.
[2015/11/04 11:38:46.108] (INFO) Waiting for supervisor process (PID 8995) to die.
[2015/11/04 11:38:46.108] (INFO) Device 0x5964 is online.
[2015/11/04 11:38:46.108] (INFO) Checkpointing off-heap server memory...
[2015/11/04 11:38:46.108] (INFO) Supervisor has entered RESTARTING state.
[2015/11/04 11:38:46.108] (INFO) User "mzy2464" logged out.
[2015/11/04 11:38:46.108] (INFO) User "nle7999" logged in from 172.16.50.134.
[2015/11/04 11:38:46.108] (INFO) Flushed 28 buffers to disk.
[2015/11/04 11:38:46.108] (INFO) User "kdi1302" logged in from 172.16.163.208.
[2015/11/04 11:38:46.108] (INFO) Pinging watchdog timer process: Process is alive.
[2015/11/04 11:38:46.108] (INFO) Pinging watchdog timer process: Process is alive.
[2015/11/04 11:38:46.108] (ERROR) Blocked FTP traffic originating from 192.168.17.119.
[2015/11/04 11:38:46.108] (INFO) Pinging watchdog timer process: Process is alive.
[2015/11/04 11:38:46.108] (INFO) Checked file systems for errors: All filesystems OK.
[2015/11/04 11:38:46.608] (INFO) User "bxu3449" logged out.
[2015/11/04 11:38:46.608] (INFO) Checked file systems for errors: All filesystems OK.
[2015/11/04 11:38:46.608] (INFO) Backed up all server logs.
[2015/11/04 11:38:46.608] (INFO) Pinging watchdog timer process: Process is alive.
[2015/11/04 11:38:46.608] (INFO) Your mother called. She says you never call her.
[2015/11/04 11:38:46.608] (INFO) Supervisor has entered RUNNING state.
[2015/11/04 11:38:46.608] (ERROR) Server log backup FAILED. See backup logs.
[2015/11/04 11:38:46.608] (INFO) User "tpl8818" logged out due to inactivity (timeout=30 minutes).
[2015/11/04 11:38:46.608] (INFO) Waiting for supervisor process (PID 45488) to die.
[2015/11/04 11:38:46.608] (WARN) Dropped 6,413 corrupt data packets.
[2015/11/04 11:38:46.608] (INFO) Sending SIGTERM to 4 excess workers.
[2015/11/04 11:38:46.608] (INFO) .evian ylbirret si emehcs otpyrc ym neht ,siht daer nac uoy fI
[2015/11/04 11:38:46.608] (WARN) Unable to ping monitor at 172.16.32.95. Retrying.
[2015/11/04 11:38:46.608] (INFO) Backed up all server logs.
[2015/11/04 11:38:46.608] (INFO) User "gzm4492" logged out.
[2015/11/04 11:38:46.608] (INFO) .evian ylbirret si emehcs otpyrc ym neht ,siht daer nac uoy fI
[2015/11/04 11:38:46.608] (INFO) Supervisor has entered RUNNING state.
[2015/11/04 11:38:46.608] (WARN) Possible cyber-attack from Mars.
[2015/11/04 11:38:46.608] (INFO) Sending SIGTERM to 3 excess workers.
[2015/11/04 11:38:46.608] (WARN) Ignoring SIGTERM. It's not that easy to get rid of me.
[2015/11/04 11:38:46.608] (INFO) User "agb8711" logged in from 192.168.195.10.
[2015/11/04 11:38:46.608] (INFO) Pinging watchdog timer process: Process is alive.
[2015/11/04 11:38:46.608] (INFO) Alien monitor (aliend): Detected no space aliens.
[2015/11/04 11:38:46.608] (INFO) Rolling 2 log file(s)...
[2015/11/04 11:38:46.608] (INFO) Checked file systems for errors: All filesystems OK.
[2015/11/04 11:38:46.608] (INFO) Your mother called. She says you never call her.
[2015/11/04 11:38:46.608] (INFO) Supervisor has entered RESTARTING state.
[2015/11/04 11:38:46.608] (INFO) Network heartbeat check: All OK.
[2015/11/04 11:38:46.608] (INFO) Sending SIGTERM to 4 excess workers.
[2015/11/04 11:38:46.608] (INFO) Rolling 9 log file(s)...
[2015/11/04 11:38:46.608] (INFO) Network heartbeat check: All OK.
[2015/11/04 11:38:46.608] (INFO) User "yzp7667" logged out.
[2015/11/04 11:38:46.608] (INFO) Network heartbeat check: All OK.
[2015/11/04 11:38:46.608] (INFO) Backed up all server logs.
[2015/11/04 11:38:46.608] (WARN) Unable to ping worker at 192.168.121.146. Retrying.
[2015/11/04 11:38:46.608] (ERROR) One of the flayrods has gone out askew on treadle.
[2015/11/04 11:38:46.608] (INFO) Pinging watchdog timer process: Process is alive.
[2015/11/04 11:38:46.608] (INFO) User "tel6676" logged out due to inactivity (timeout=30 minutes).
[2015/11/04 11:38:46.608] (INFO) Checkpointing off-heap server memory...
[2015/11/04 11:38:46.608] (ERROR) Failed to write checkpoint file "/var/checkpoint/qtuGA82534: No space left on device (ENOSPC)
[2015/11/04 11:38:46.608] (WARN) Watchdog timer crashed. Restarting it.
[2015/11/04 11:38:46.608] (INFO) Pinging watchdog timer process: Process is alive.
[2015/11/04 11:38:46.608] (INFO) Pinging watchdog timer process: Process is alive.
[2015/11/04 11:38:46.608] (ERROR) Unable to write to "/var/data/kMJLa53258.parquet": Permission denied (EACCES)
[2015/11/04 11:38:46.608] (ERROR) Detected incoming DDoS from 172.16.204.92.
[2015/11/04 11:38:46.608] (INFO) Rolling 4 log file(s)...
[2015/11/04 11:38:46.608] (INFO) User "ntd8883" logged out.
[2015/11/04 11:38:46.608] (INFO) Backed up all server logs.
[2015/11/04 11:38:46.608] (INFO) Waiting for supervisor process (PID 43222) to die.
[2015/11/04 11:38:46.608] (INFO) Alien monitor (aliend): Detected no space aliens.
[2015/11/04 11:38:46.608] (INFO) Device 0x980c is online.
[2015/11/04 11:38:46.608] (WARN) There is no such thing as a free lunch.
[2015/11/04 11:38:46.608] (WARN) Unable to ping master at 172.16.109.64. Retrying.
[2015/11/04 11:38:46.608] (INFO) Your mother called. She says you never call her.
[2015/11/04 11:38:46.608] (INFO) User "drv7577" logged in from 192.168.199.91.
[2015/11/04 11:38:46.608] (INFO) User "dfu5085" logged out.
[2015/11/04 11:38:46.608] (INFO) Checked file systems for errors: All filesystems OK.
[2015/11/04 11:38:46.608] (ERROR) "/var/data/MLdKp69043.tsv": No such file or directory (ENOENT)
[2015/11/04 11:38:46.608] (INFO) Checked file systems for errors: All filesystems OK.
[2015/11/04 11:38:46.608] (ERROR) Device 0x23a2 is offline
[2015/11/04 11:38:46.608] (INFO) Checkpointing off-heap server memory...
[2015/11/04 11:38:46.608] (INFO) Device 0xdf93 is online.
[2015/11/04 11:38:46.608] (WARN) Network heartbeat check: 17 server(s) did not respond.
[2015/11/04 11:38:46.608] (INFO) Sending SIGTERM to 2 excess workers.
[2015/11/04 11:38:46.608] (INFO) User "sxg4823" logged out.
[2015/11/04 11:38:46.608] (INFO) User "hfd3314" logged out due to inactivity (timeout=30 minutes).
[2015/11/04 11:38:46.608] (INFO) Checked file systems for errors: All filesystems OK.
[2015/11/04 11:38:46.608] (INFO) Device 0x12eb is online.
[2015/11/04 11:38:46.608] (INFO) Flushed 53 buffers to disk.
[2015/11/04 11:38:46.608] (INFO) User "dyg1543" logged out due to inactivity (timeout=30 minutes).
[2015/11/04 11:38:46.608] (WARN) CPU temperature exceeds 40º Celsius.
[2015/11/04 11:38:46.608] (INFO) User "hls9632" logged out.
[2015/11/04 11:38:46.608] (ERROR) "/var/data/afGkj91918.zip": Permission denied (EACCES)
[2015/11/04 11:38:46.608] (INFO) Checkpointing off-heap server memory...
[2015/11/04 11:38:46.608] (INFO) User "hkc6759" logged out due to inactivity (timeout=30 minutes).
[2015/11/04 11:38:46.608] (INFO) User "yed8441" logged out due to inactivity (timeout=30 minutes).
[2015/11/04 11:38:46.608] (INFO) Backed up all server logs.
[2015/11/04 11:38:46.608] (INFO) Your mother called. She says you never call her.
[2015/11/04 11:38:46.608] (INFO) Pinging watchdog timer process: Process is alive.
[2015/11/04 11:38:46.608] (INFO) User "bfh8534" logged out.
[2015/11/04 11:38:46.608] (INFO) Supervisor has entered RESTARTING state.
[2015/11/04 11:38:46.608] (INFO) User "gpc3519" logged in from 10.242.122.11.
[2015/11/04 11:38:46.608] (INFO) User "xws7362" logged in from 10.84.200.57.
[2015/11/04 11:38:46.608] (INFO) User "aan9798" logged out.
[2015/11/04 11:38:46.608] (WARN) Master took 853 ms to respond (threshold=500 ms)
[2015/11/04 11:38:46.608] (INFO) Backed up all server logs.
[2015/11/04 11:38:46.608] (INFO) Alien monitor (aliend): Detected no space aliens.
[2015/11/04 11:38:46.608] (WARN) Ignoring SIGTERM. It's not that easy to get rid of me.
[2015/11/04 11:38:46.608] (INFO) Pinging watchdog timer process: Process is alive.
[2015/11/04 11:38:46.608] (INFO) Network heartbeat check: All OK.
[2015/11/04 11:38:46.608] (WARN) Possible cyber-attack from a small unnamed island.
[2015/11/04 11:38:46.608] (INFO) Sending SIGTERM to 2 excess workers.
[2015/11/04 11:38:46.608] (INFO) Device 0x7e0e is online.
[2015/11/04 11:38:46.608] (INFO) Checked file systems for errors: All filesystems OK.
[2015/11/04 11:38:46.608] (INFO) Checkpointing off-heap server memory...
[2015/11/04 11:38:46.608] (INFO) User "jyh7141" logged out due to inactivity (timeout=30 minutes).
[2015/11/04 11:38:46.608] (INFO) Checkpointing off-heap server memory...
[2015/11/04 11:38:46.608] (INFO) User "xsk8549" logged out due to inactivity (timeout=30 minutes).
[2015/11/04 11:38:46.608] (INFO) Supervisor has entered SUSPENDED state.
[2015/11/04 11:38:46.608] (ERROR) Blocked nmap traffic originating from 172.16.169.138.
[2015/11/04 11:38:47.107] (INFO) User "yel3772" logged out due to inactivity (timeout=30 minutes).
[2015/11/04 11:38:47.107] (ERROR) Failed to write checkpoint file "/var/checkpoint/NixqG79214: No space left on device (ENOSPC)
[2015/11/04 11:38:47.107] (INFO) Your mother called. She says you never call her.
[2015/11/04 11:38:47.107] (INFO) Backed up all server logs.
[2015/11/04 11:38:47.107] (INFO) Checkpointing off-heap server memory...
[2015/11/04 11:38:47.107] (WARN) Master took 729 ms to respond (threshold=500 ms)
[2015/11/04 11:38:47.107] (INFO) Rolling 1 log file(s)...
[2015/11/04 11:38:47.107] (INFO) Waiting for worker process (PID 45883) to die.
[2015/11/04 11:38:47.107] (INFO) Device 0xc30f is online.
[2015/11/04 11:38:47.107] (INFO) Alien monitor (aliend): Detected no space aliens.
[2015/11/04 11:38:47.107] (INFO) Pinging watchdog timer process: Process is alive.
[2015/11/04 11:38:47.107] (WARN) Unable to ping supervisor at 192.168.30.227. Retrying.
[2015/11/04 11:38:47.107] (INFO) Alien monitor (aliend): Detected no space aliens.
[2015/11/04 11:38:47.107] (INFO) User "eji6628" logged in from 192.168.140.110.
[2015/11/04 11:38:47.107] (INFO) Rolling 4 log file(s)...
[2015/11/04 11:38:47.107] (INFO) Your mother called. She says you never call her.
[2015/11/04 11:38:47.107] (INFO) User "hem8705" logged in from 10.58.41.205.
[2015/11/04 11:38:47.107] (INFO) Device 0xc44a is online.
[2015/11/04 11:38:47.107] (INFO) User "sxx3070" logged in from 10.208.144.251.
[2015/11/04 11:38:47.107] (WARN) CPU temperature exceeds 40º Celsius.
[2015/11/04 11:38:47.107] (INFO) Alien monitor (aliend): Detected no space aliens.
[2015/11/04 11:38:47.107] (INFO) Rolling 8 log file(s)...
[2015/11/04 11:38:47.107] (ERROR) Extra characters at end of line.
[2015/11/04 11:38:47.107] (INFO) User "cjg5758" logged out due to inactivity (timeout=30 minutes).
[2015/11/04 11:38:47.107] (INFO) Pinging watchdog timer process: Process is alive.
[2015/11/04 11:38:47.107] (INFO) Checked file systems for errors: All filesystems OK.
[2015/11/04 11:38:47.107] (INFO) .evian ylbirret si emehcs otpyrc ym neht ,siht daer nac uoy fI
[2015/11/04 11:38:47.107] (INFO) .evian ylbirret si emehcs otpyrc ym neht ,siht daer nac uoy fI
[2015/11/04 11:38:47.107] (INFO) User "bya1774" logged in from 192.168.202.193.
[2015/11/04 11:38:47.107] (INFO) Pinging watchdog timer process: Process is alive.
[2015/11/04 11:38:47.107] (ERROR) Directory index of "/var/data" is forbidden.
[2015/11/04 11:38:47.107] (INFO) Your mother called. She says you never call her.
[2015/11/04 11:38:47.107] (ERROR) One of the flayrods has gone out askew on treadle.
[2015/11/04 11:38:47.107] (INFO) Sending SIGTERM to 4 excess workers.
[2015/11/04 11:38:47.107] (INFO) .evian ylbirret si emehcs otpyrc ym neht ,siht daer nac uoy fI
[2015/11/04 11:38:47.107] (INFO) Checked file systems for errors: All filesystems OK.
[2015/11/04 11:38:47.107] (INFO) Waiting for master process (PID 57724) to die.
[2015/11/04 11:38:47.107] (INFO) Checked file systems for errors: All filesystems OK.
[2015/11/04 11:38:47.107] (WARN) Possible cyber-attack from Alpha Centauri.
[2015/11/04 11:38:47.107] (INFO) Checked file systems for errors: All filesystems OK.
[2015/11/04 11:38:47.107] (ERROR) Connection to 192.168.5.49 terminated unexpectedly. Reconnecting.
[2015/11/04 11:38:47.107] (INFO) Rolling 1 log file(s)...
[2015/11/04 11:38:47.107] (INFO) Checked file systems for errors: All filesystems OK.
[2015/11/04 11:38:47.107] (INFO) Checked file systems for errors: All filesystems OK.
[2015/11/04 11:38:47.107] (ERROR) /dev/lp error: "PC LOAD LETTER"
[2015/11/04 11:38:47.107] (INFO) Your mother called. She says you never call her.
[2015/11/04 11:38:47.107] (WARN) Ignoring SIGTERM. It's not that easy to get rid of me.
[2015/11/04 11:38:47.107] (WARN) Master took 709 ms to respond (threshold=500 ms)
[2015/11/04 11:38:47.107] (WARN) Network heartbeat check: 9 server(s) did not respond.
[2015/11/04 11:38:47.107] (INFO) Checkpointing off-heap server memory...
[2015/11/04 11:38:47.107] (WARN) There is no such thing as a free lunch.
[2015/11/04 11:38:47.107] (INFO) Backed up all server logs.
[2015/11/04 11:38:47.107] (WARN) Backup server 10.235.218.64 is offline.
[2015/11/04 11:38:47.107] (INFO) Backed up all server logs.
[2015/11/04 11:38:47.107] (INFO) User "msw9436" logged out due to inactivity (timeout=30 minutes).
[2015/11/04 11:38:47.107] (INFO) Device 0xa68e is online.
[2015/11/04 11:38:47.107] (INFO) User "hdh9447" logged out.
[2015/11/04 11:38:47.107] (INFO) User "olw4432" logged out.
[2015/11/04 11:38:47.107] (INFO) Backed up all server logs.
[2015/11/04 11:38:47.107] (ERROR) Network heartbeat check FAILED: Master host down?
[2015/11/04 11:38:47.107] (INFO) Sending SIGTERM to 2 excess workers.
[2015/11/04 11:38:47.107] (INFO) User "kmh5573" logged in from 10.89.30.237.
[2015/11/04 11:38:47.107] (INFO) User "esg3675" logged out due to inactivity (timeout=30 minutes).
[2015/11/04 11:38:47.107] (INFO) Network heartbeat check: All OK.
[2015/11/04 11:38:47.107] (ERROR) Blocked Little Bobby Tables attack (https://xkcd.com/327/) from 172.16.248.19.
[2015/11/04 11:38:47.107] (INFO) Checkpointing off-heap server memory...
[2015/11/04 11:38:47.107] (INFO) Backed up all server logs.
[2015/11/04 11:38:47.107] (WARN) CPU temperature exceeds 40º Celsius.
[2015/11/04 11:38:47.107] (INFO) Sending SIGTERM to 4 excess workers.
[2015/11/04 11:38:47.107] (ERROR) Unable to authenticate user "pvu2788": LDAP server isn't responding.
[2015/11/04 11:38:47.107] (INFO) Rolling 2 log file(s)...
[2015/11/04 11:38:47.107] (INFO) User "nnv2699" logged in from 192.168.167.24.
[2015/11/04 11:38:47.107] (INFO) .evian ylbirret si emehcs otpyrc ym neht ,siht daer nac uoy fI
[2015/11/04 11:38:47.107] (INFO) User "ige1102" logged out due to inactivity (timeout=30 minutes).
[2015/11/04 11:38:47.107] (INFO) Waiting for supervisor process (PID 21392) to die.
[2015/11/04 11:38:47.107] (WARN) Space on disk /dev/sdb3 is low: Only 703 MB available.
[2015/11/04 11:38:47.107] (INFO) Pinging watchdog timer process: Process is alive.
[2015/11/04 11:38:47.107] (INFO) Checkpointing off-heap server memory...
[2015/11/04 11:38:47.107] (INFO) Rolling 9 log file(s)...
[2015/11/04 11:38:47.107] (INFO) Your mother called. She says you never call her.
[2015/11/04 11:38:47.107] (INFO) Checkpointing off-heap server memory...
[2015/11/04 11:38:47.107] (INFO) .evian ylbirret si emehcs otpyrc ym neht ,siht daer nac uoy fI
[2015/11/04 11:38:47.107] (INFO) Pinging watchdog timer process: Process is alive.
[2015/11/04 11:38:47.107] (INFO) Pinging watchdog timer process: Process is alive.
[2015/11/04 11:38:47.107] (ERROR) One of the flayrods has gone out askew on treadle.
[2015/11/04 11:38:47.107] (INFO) Sending SIGTERM to 3 excess workers.
[2015/11/04 11:38:47.107] (INFO) Device 0xe54e is online.
[2015/11/04 11:38:47.107] (ERROR) CPU temperature exceeds 50º Celsius. Shutting down.
[2015/11/04 11:38:47.107] (INFO) Rolling 3 log file(s)...
[2015/11/04 11:38:47.107] (INFO) Sending SIGTERM to 2 excess workers.
[2015/11/04 11:38:47.107] (INFO) Pinging watchdog timer process: Process is alive.
[2015/11/04 11:38:47.107] (INFO) Alien monitor (aliend): Detected no space aliens.
[2015/11/04 11:38:47.107] (INFO) Sending SIGTERM to 2 excess workers.
[2015/11/04 11:38:47.107] (INFO) User "ikp8545" logged out due to inactivity (timeout=30 minutes).
[2015/11/04 11:38:47.107] (INFO) .evian ylbirret si emehcs otpyrc ym neht ,siht daer nac uoy fI
[2015/11/04 11:38:47.107] (INFO) User "vuh4512" logged in from 172.16.161.225.
[2015/11/04 11:38:47.107] (INFO) Checked file systems for errors: All filesystems OK.
[2015/11/04 11:38:47.107] (WARN) Master took 556 ms to respond (threshold=500 ms)
[2015/11/04 11:38:47.107] (INFO) Alien monitor (aliend): Detected no space aliens.
[2015/11/04 11:38:47.107] (INFO) Device 0x2512 is online.
[2015/11/04 11:38:47.607] (INFO) Checked file systems for errors: All filesystems OK.
[2015/11/04 11:38:47.607] (INFO) Flushed 50 buffers to disk.
[2015/11/04 11:38:47.607] (INFO) Checkpointing off-heap server memory...
[2015/11/04 11:38:47.607] (INFO) Backed up all server logs.
[2015/11/04 11:38:47.607] (INFO) User "pht4685" logged out due to inactivity (timeout=30 minutes).
[2015/11/04 11:38:47.607] (INFO) Checked file systems for errors: All filesystems OK.
[2015/11/04 11:38:47.607] (INFO) User "lpo1728" logged in from 172.16.184.187.
[2015/11/04 11:38:47.607] (INFO) Waiting for worker process (PID 21329) to die.
[2015/11/04 11:38:47.607] (INFO) User "ypg9389" logged in from 192.168.18.239.
[2015/11/04 11:38:47.607] (INFO) Sending SIGTERM to 4 excess workers.
[2015/11/04 11:38:47.607] (INFO) Network heartbeat check: All OK.
[2015/11/04 11:38:47.607] (INFO) Backed up all server logs.
[2015/11/04 11:38:47.607] (INFO) Alien monitor (aliend): Detected no space aliens.
[2015/11/04 11:38:47.607] (INFO) Pinging watchdog timer process: Process is alive.
[2015/11/04 11:38:47.607] (INFO) User "cgt2425" logged out.
[2015/11/04 11:38:47.607] (INFO) .evian ylbirret si emehcs otpyrc ym neht ,siht daer nac uoy fI
[2015/11/04 11:38:47.607] (INFO) Flushed 42 buffers to disk.
[2015/11/04 11:38:47.607] (INFO) Checkpointing off-heap server memory...
[2015/11/04 11:38:47.607] (INFO) Sending SIGTERM to 2 excess workers.
[2015/11/04 11:38:47.607] (ERROR) Directory index of "/var/data" is forbidden.
[2015/11/04 11:38:47.607] (INFO) Backed up all server logs.
[2015/11/04 11:38:47.607] (INFO) Pinging watchdog timer process: Process is alive.
[2015/11/04 11:38:47.607] (INFO) User "iur5803" logged out due to inactivity (timeout=30 minutes).
[2015/11/04 11:38:47.607] (INFO) Checkpointing off-heap server memory...
[2015/11/04 11:38:47.607] (INFO) User "ijt8959" logged in from 10.50.16.151.
[2015/11/04 11:38:47.607] (WARN) Ignoring SIGTERM. It's not that easy to get rid of me.
[2015/11/04 11:38:47.607] (INFO) Rolling 4 log file(s)...
[2015/11/04 11:38:47.607] (INFO) Pinging watchdog timer process: Process is alive.
[2015/11/04 11:38:47.607] (ERROR) Unable to mount /dev/sde3. (Time to run fsck?)
[2015/11/04 11:38:47.607] (WARN) Master took 788 ms to respond (threshold=500 ms)
[2015/11/04 11:38:47.607] (INFO) Your mother called. She says you never call her.
[2015/11/04 11:38:47.607] (INFO) Backed up all server logs.
[2015/11/04 11:38:47.607] (INFO) Pinging watchdog timer process: Process is alive.
[2015/11/04 11:38:47.607] (INFO) Checkpointing off-heap server memory...
[2015/11/04 11:38:47.607] (INFO) Device 0x9b27 is online.
[2015/11/04 11:38:47.607] (INFO) Your mother called. She says you never call her.
[2015/11/04 11:38:47.607] (INFO) Backed up all server logs.
[2015/11/04 11:38:47.607] (ERROR) Failed to open "/mnt/fileserver02/pdhiF75823.tsv": NFS timeout.
[2015/11/04 11:38:47.607] (INFO) User "zpr6274" logged out due to inactivity (timeout=30 minutes).
[2015/11/04 11:38:47.607] (INFO) Device 0x50e9 is online.
[2015/11/04 11:38:47.607] (ERROR) Directory index of "/var/data" is forbidden.
[2015/11/04 11:38:47.607] (ERROR) Directory index of "/var/data" is forbidden.
[2015/11/04 11:38:47.607] (INFO) Network heartbeat check: All OK.
[2015/11/04 11:38:47.607] (INFO) .evian ylbirret si emehcs otpyrc ym neht ,siht daer nac uoy fI
[2015/11/04 11:38:47.607] (INFO) User "fff7494" logged in from 172.16.195.25.
[2015/11/04 11:38:47.607] (INFO) User "zht2725" logged out due to inactivity (timeout=30 minutes).
[2015/11/04 11:38:47.607] (INFO) Network heartbeat check: All OK.
[2015/11/04 11:38:47.607] (INFO) Alien monitor (aliend): Detected no space aliens.
[2015/11/04 11:38:47.607] (INFO) Network heartbeat check: All OK.
[2015/11/04 11:38:47.607] (INFO) Supervisor has entered RESTARTING state.
[2015/11/04 11:38:47.607] (INFO) Pinging watchdog timer process: Process is alive.
[2015/11/04 11:38:47.607] (INFO) Waiting for supervisor process (PID 53767) to die.
[2015/11/04 11:38:47.607] (WARN) Watchdog timer crashed. Restarting it.
[2015/11/04 11:38:47.607] (ERROR) Unable to mount /dev/sda1. (Time to run fsck?)
[2015/11/04 11:38:47.607] (INFO) Pinging watchdog timer process: Process is alive.
[2015/11/04 11:38:47.607] (INFO) Pinging watchdog timer process: Process is alive.
[2015/11/04 11:38:47.607] (INFO) User "qlb9645" logged in from 10.8.181.253.
[2015/11/04 11:38:47.607] (INFO) Backed up all server logs.
[2015/11/04 11:38:47.607] (INFO) Sending SIGTERM to 4 excess workers.
[2015/11/04 11:38:47.607] (INFO) Alien monitor (aliend): Detected no space aliens.
[2015/11/04 11:38:47.607] (WARN) Network heartbeat check: 14 server(s) did not respond.
[2015/11/04 11:38:47.607] (INFO) User "yml7869" logged out.
[2015/11/04 11:38:47.607] (INFO) Network heartbeat check: All OK.
[2015/11/04 11:38:47.607] (INFO) Backed up all server logs.
[2015/11/04 11:38:47.607] (INFO) Sending SIGTERM to 3 excess workers.
[2015/11/04 11:38:47.607] (ERROR) Unable to authenticate user "qao4306": LDAP server isn't responding.
[2015/11/04 11:38:47.607] (INFO) Checkpointing off-heap server memory...
[2015/11/04 11:38:47.607] (INFO) Sending SIGTERM to 2 excess workers.
[2015/11/04 11:38:47.607] (INFO) Device 0xe3ee is online.
[2015/11/04 11:38:47.607] (INFO) Pinging watchdog timer process: Process is alive.
[2015/11/04 11:38:47.607] (INFO) Pinging watchdog timer process: Process is alive.
[2015/11/04 11:38:47.607] (INFO) Your mother called. She says you never call her.
[2015/11/04 11:38:47.607] (INFO) Checkpointing off-heap server memory...
[2015/11/04 11:38:47.607] (INFO) Flushed 65 buffers to disk.
[2015/11/04 11:38:47.607] (INFO) Rolling 1 log file(s)...
[2015/11/04 11:38:47.607] (WARN) Dropped 10,821 corrupt data packets.
[2015/11/04 11:38:47.607] (INFO) .evian ylbirret si emehcs otpyrc ym neht ,siht daer nac uoy fI
[2015/11/04 11:38:47.607] (INFO) User "tns3154" logged in from 172.16.171.43.
[2015/11/04 11:38:47.607] (INFO) Pinging watchdog timer process: Process is alive.
[2015/11/04 11:38:47.607] (INFO) Device 0x721e is online.
[2015/11/04 11:38:47.607] (ERROR) Server log backup FAILED. See backup logs.
[2015/11/04 11:38:47.607] (INFO) User "nzb4725" logged out.
[2015/11/04 11:38:47.607] (INFO) Pinging watchdog timer process: Process is alive.
[2015/11/04 11:38:47.607] (INFO) Waiting for worker process (PID 3923) to die.
[2015/11/04 11:38:47.607] (INFO) User "fno4557" logged in from 172.16.126.119.
[2015/11/04 11:38:47.607] (INFO) Flushed 22 buffers to disk.
[2015/11/04 11:38:47.607] (INFO) Your mother called. She says you never call her.
[2015/11/04 11:38:47.607] (INFO) Flushed 78 buffers to disk.
[2015/11/04 11:38:47.607] (INFO) Checked file systems for errors: All filesystems OK.
[2015/11/04 11:38:47.607] (ERROR) "/var/data/QOqLw88272.xslx": No such file or directory (ENOENT)
[2015/11/04 11:38:47.607] (INFO) User "gys9222" logged out.
[2015/11/04 11:38:47.607] (INFO) User "azo9887" logged out.
[2015/11/04 11:38:47.607] (INFO) User "ycf2690" logged in from 10.203.19.138.
[2015/11/04 11:38:47.607] (INFO) Device 0x453c is online.
[2015/11/04 11:38:47.607] (INFO) Waiting for master process (PID 18054) to die.
[2015/11/04 11:38:47.607] (INFO) Flushed 25 buffers to disk.
[2015/11/04 11:38:47.607] (INFO) Supervisor has entered RESTARTING state.
[2015/11/04 11:38:47.607] (WARN) CPU temperature exceeds 40º Celsius.
[2015/11/04 11:38:47.607] (INFO) Supervisor has entered SUSPENDED state.
[2015/11/04 11:38:47.607] (INFO) Pinging watchdog timer process: Process is alive.
[2015/11/04 11:38:48.108] (ERROR) Alien monitor (aliend): 3 space aliens are fiddling with the hardware!
[2015/11/04 11:38:48.108] (INFO) Waiting for monitor process (PID 15114) to die.
[2015/11/04 11:38:48.108] (INFO) Device 0xfe99 is online.
[2015/11/04 11:38:48.108] (INFO) Supervisor has entered WAITING state.
[2015/11/04 11:38:48.108] (INFO) Sending SIGTERM to 2 excess workers.
[2015/11/04 11:38:48.108] (INFO) Your mother called. She says you never call her.
[2015/11/04 11:38:48.108] (WARN) Unable to ping supervisor at 10.43.152.113. Retrying.
[2015/11/04 11:38:48.108] (INFO) Supervisor has entered RUNNING state.
[2015/11/04 11:38:48.108] (INFO) .evian ylbirret si emehcs otpyrc ym neht ,siht daer nac uoy fI
[2015/11/04 11:38:48.108] (INFO) Pinging watchdog timer process: Process is alive.
[2015/11/04 11:38:48.108] (INFO) Network heartbeat check: All OK.
[2015/11/04 11:38:48.108] (INFO) .evian ylbirret si emehcs otpyrc ym neht ,siht daer nac uoy fI
[2015/11/04 11:38:48.108] (INFO) User "tyi2205" logged in from 192.168.71.231.
[2015/11/04 11:38:48.108] (INFO) Your mother called. She says you never call her.
[2015/11/04 11:38:48.108] (ERROR) "/var/data/vJdOF89370.zip": Permission denied (EACCES)
[2015/11/04 11:38:48.108] (INFO) User "ksv3105" logged out.
[2015/11/04 11:38:48.108] (INFO) Waiting for master process (PID 53930) to die.
[2015/11/04 11:38:48.108] (WARN) Dropped 13,948 corrupt data packets.
[2015/11/04 11:38:48.108] (INFO) Checkpointing off-heap server memory...
[2015/11/04 11:38:48.108] (INFO) .evian ylbirret si emehcs otpyrc ym neht ,siht daer nac uoy fI
[2015/11/04 11:38:48.108] (WARN) Backup server 192.168.176.164 is offline.
[2015/11/04 11:38:48.108] (INFO) User "aun4834" logged out due to inactivity (timeout=30 minutes).
[2015/11/04 11:38:48.108] (INFO) Your mother called. She says you never call her.
[2015/11/04 11:38:48.108] (INFO) Backed up all server logs.
[2015/11/04 11:38:48.108] (INFO) Rolling 5 log file(s)...
[2015/11/04 11:38:48.108] (INFO) Checkpointing off-heap server memory...
[2015/11/04 11:38:48.108] (INFO) Pinging watchdog timer process: Process is alive.
[2015/11/04 11:38:48.108] (INFO) User "gtl2061" logged in from 10.129.143.14.
[2015/11/04 11:38:48.108] (INFO) User "ulp9029" logged out due to inactivity (timeout=30 minutes).
[2015/11/04 11:38:48.108] (INFO) User "rgn1493" logged in from 192.168.47.221.
[2015/11/04 11:38:48.108] (INFO) User "zcl5643" logged out due to inactivity (timeout=30 minutes).
[2015/11/04 11:38:48.108] (ERROR) Device 0x7dc6 is offline
[2015/11/04 11:38:48.108] (WARN) Dropped 9,028 corrupt data packets.
[2015/11/04 11:38:48.108] (INFO) Alien monitor (aliend): Detected no space aliens.
[2015/11/04 11:38:48.108] (ERROR) User "ede3655" failed to log in 3 times. Disabling account.
[2015/11/04 11:38:48.108] (INFO) Alien monitor (aliend): Detected no space aliens.
[2015/11/04 11:38:48.108] (INFO) Backed up all server logs.
[2015/11/04 11:38:48.108] (INFO) .evian ylbirret si emehcs otpyrc ym neht ,siht daer nac uoy fI
[2015/11/04 11:38:48.108] (INFO) Your mother called. She says you never call her.
[2015/11/04 11:38:48.108] (INFO) User "dfz2607" logged out.
[2015/11/04 11:38:48.108] (INFO) Flushed 68 buffers to disk.
[2015/11/04 11:38:48.108] (INFO) Checkpointing off-heap server memory...
[2015/11/04 11:38:48.108] (INFO) User "ssj9619" logged out due to inactivity (timeout=30 minutes).
[2015/11/04 11:38:48.108] (INFO) Checked file systems for errors: All filesystems OK.
[2015/11/04 11:38:48.108] (INFO) Network heartbeat check: All OK.
[2015/11/04 11:38:48.108] (INFO) User "kso8301" logged in from 10.93.204.181.
[2015/11/04 11:38:48.108] (INFO) Rolling 2 log file(s)...
[2015/11/04 11:38:48.108] (INFO) Your mother called. She says you never call her.
[2015/11/04 11:38:48.108] (INFO) Checked file systems for errors: All filesystems OK.
[2015/11/04 11:38:48.108] (INFO) Backed up all server logs.
[2015/11/04 11:38:48.108] (WARN) Dropped 15,567 corrupt data packets.
[2015/11/04 11:38:48.108] (ERROR) "/var/data/UZKuD85512.xml": No such file or directory (ENOENT)
[2015/11/04 11:38:48.108] (INFO) User "gxf4191" logged out due to inactivity (timeout=30 minutes).
[2015/11/04 11:38:48.108] (INFO) Backed up all server logs.
[2015/11/04 11:38:48.108] (INFO) Device 0x295b is online.
[2015/11/04 11:38:48.108] (INFO) Your mother called. She says you never call her.
[2015/11/04 11:38:48.108] (INFO) Checked file systems for errors: All filesystems OK.
[2015/11/04 11:38:48.108] (WARN) Master took 552 ms to respond (threshold=500 ms)
[2015/11/04 11:38:48.108] (INFO) Checked file systems for errors: All filesystems OK.
[2015/11/04 11:38:48.108] (INFO) Your mother called. She says you never call her.
[2015/11/04 11:38:48.108] (WARN) Possible cyber-attack from Alpha Centauri.
[2015/11/04 11:38:48.108] (INFO) Device 0x9bed is online.
[2015/11/04 11:38:48.108] (INFO) User "otl2915" logged in from 10.12.25.151.
[2015/11/04 11:38:48.108] (INFO) User "ost1099" logged out due to inactivity (timeout=30 minutes).
[2015/11/04 11:38:48.108] (INFO) Network heartbeat check: All OK.
[2015/11/04 11:38:48.108] (INFO) User "vaq5149" logged in from 192.168.252.45.
[2015/11/04 11:38:48.108] (INFO) Your mother called. She says you never call her.
[2015/11/04 11:38:48.108] (WARN) Retrying server log checkpoint.
[2015/11/04 11:38:48.108] (ERROR) Failed to open "/mnt/fileserver02/undJB99238.zip": NFS timeout.
[2015/11/04 11:38:48.108] (INFO) Rolling 6 log file(s)...
[2015/11/04 11:38:48.108] (WARN) Space on disk /dev/sdb1 is low: Only 745 MB available.
[2015/11/04 11:38:48.108] (INFO) Sending SIGTERM to 4 excess workers.
[2015/11/04 11:38:48.108] (INFO) Flushed 96 buffers to disk.
[2015/11/04 11:38:48.108] (ERROR) Blocked Little Bobby Tables attack (https://xkcd.com/327/) from 192.168.93.226.
[2015/11/04 11:38:48.108] (INFO) User "dpp9774" logged in from 192.168.182.223.
[2015/11/04 11:38:48.108] (INFO) Supervisor has entered RESTARTING state.
[2015/11/04 11:38:48.108] (INFO) Sending SIGTERM to 3 excess workers.
[2015/11/04 11:38:48.108] (INFO) Supervisor has entered WAITING state.
[2015/11/04 11:38:48.108] (INFO) Supervisor has entered RESTARTING state.
[2015/11/04 11:38:48.108] (INFO) Rolling 9 log file(s)...
[2015/11/04 11:38:48.108] (INFO) Your mother called. She says you never call her.
[2015/11/04 11:38:48.108] (INFO) Your mother called. She says you never call her.
[2015/11/04 11:38:48.108] (WARN) Master took 547 ms to respond (threshold=500 ms)
[2015/11/04 11:38:48.108] (INFO) User "hex7579" logged in from 192.168.127.107.
[2015/11/04 11:38:48.108] (INFO) Device 0x94bc is online.
[2015/11/04 11:38:48.108] (INFO) Network heartbeat check: All OK.
[2015/11/04 11:38:48.108] (INFO) User "quc3403" logged out.
[2015/11/04 11:38:48.108] (INFO) User "hti7818" logged out.
[2015/11/04 11:38:48.108] (WARN) Unable to ping master at 172.16.237.124. Retrying.
[2015/11/04 11:38:48.108] (INFO) Checked file systems for errors: All filesystems OK.
[2015/11/04 11:38:48.108] (INFO) Your mother called. She says you never call her.
[2015/11/04 11:38:48.108] (INFO) Sending SIGTERM to 3 excess workers.
[2015/11/04 11:38:48.108] (INFO) Pinging watchdog timer process: Process is alive.
[2015/11/04 11:38:48.108] (INFO) Sending SIGTERM to 4 excess workers.
[2015/11/04 11:38:48.108] (INFO) Flushed 69 buffers to disk.
[2015/11/04 11:38:48.108] (ERROR) Server log backup FAILED. See backup logs.
[2015/11/04 11:38:48.108] (INFO) User "ixv6610" logged in from 192.168.39.118.
[2015/11/04 11:38:48.108] (INFO) Your mother called. She says you never call her.
[2015/11/04 11:38:48.108] (WARN) Dropped 12,720 corrupt data packets.
[2015/11/04 11:38:48.108] (INFO) Rolling 3 log file(s)...
[2015/11/04 11:38:48.608] (INFO) Checked file systems for errors: All filesystems OK.
[2015/11/04 11:38:48.608] (INFO) User "oub3340" logged out.
[2015/11/04 11:38:48.608] (WARN) Dropped 12,331 corrupt data packets.
[2015/11/04 11:38:48.608] (ERROR) One of the flayrods has gone out askew on treadle.
[2015/11/04 11:38:48.608] (WARN) Possible cyber-attack from China.
[2015/11/04 11:38:48.608] (WARN) Dropped 19,772 corrupt data packets.
[2015/11/04 11:38:48.608] (INFO) Device 0x736d is online.
[2015/11/04 11:38:48.608] (INFO) .evian ylbirret si emehcs otpyrc ym neht ,siht daer nac uoy fI
[2015/11/04 11:38:48.608] (INFO) Checkpointing off-heap server memory...
[2015/11/04 11:38:48.608] (INFO) Checkpointing off-heap server memory...
[2015/11/04 11:38:48.608] (INFO) Waiting for worker process (PID 34616) to die.
[2015/11/04 11:38:48.608] (INFO) Rolling 8 log file(s)...
[2015/11/04 11:38:48.608] (INFO) Network heartbeat check: All OK.
[2015/11/04 11:38:48.608] (INFO) User "wzx1789" logged in from 10.138.222.58.
[2015/11/04 11:38:48.608] (INFO) User "ixb7573" logged out.
[2015/11/04 11:38:48.608] (ERROR) Worker 9 died with SIGIOT. Restarting it.
[2015/11/04 11:38:48.608] (INFO) .evian ylbirret si emehcs otpyrc ym neht ,siht daer nac uoy fI
[2015/11/04 11:38:48.608] (INFO) Checked file systems for errors: All filesystems OK.
[2015/11/04 11:38:48.608] (INFO) Pinging watchdog timer process: Process is alive.
[2015/11/04 11:38:48.608] (ERROR) Network heartbeat check FAILED: Master host down?
[2015/11/04 11:38:48.608] (INFO) Your mother called. She says you never call her.
[2015/11/04 11:38:48.608] (INFO) Supervisor has entered WAITING state.
[2015/11/04 11:38:48.608] (INFO) User "hhh9969" logged in from 172.16.59.196.
[2015/11/04 11:38:48.608] (ERROR) User "pxe4176" failed to log in 3 times. Disabling account.
[2015/11/04 11:38:48.608] (INFO) Sending SIGTERM to 4 excess workers.
[2015/11/04 11:38:48.608] (INFO) Checked file systems for errors: All filesystems OK.
[2015/11/04 11:38:48.608] (ERROR) Alien monitor (aliend): 4 space aliens are fiddling with the hardware!
[2015/11/04 11:38:48.608] (INFO) Supervisor has entered SUSPENDED state.
[2015/11/04 11:38:48.608] (WARN) Ignoring SIGTERM. It's not that easy to get rid of me.
[2015/11/04 11:38:48.608] (INFO) Alien monitor (aliend): Detected no space aliens.
[2015/11/04 11:38:48.608] (INFO) Sending SIGTERM to 4 excess workers.
[2015/11/04 11:38:48.608] (INFO) Supervisor has entered RUNNING state.
[2015/11/04 11:38:48.608] (INFO) Pinging watchdog timer process: Process is alive.
[2015/11/04 11:38:48.608] (INFO) User "lob3573" logged out.
[2015/11/04 11:38:48.608] (INFO) Device 0xd4b0 is online.
[2015/11/04 11:38:48.608] (INFO) Your mother called. She says you never call her.
[2015/11/04 11:38:48.608] (ERROR) Unable to write to "/var/data/HfCyc80871.tar.gz": Permission denied (EACCES)
[2015/11/04 11:38:48.608] (INFO) Backed up all server logs.
[2015/11/04 11:38:48.608] (INFO) Sending SIGTERM to 4 excess workers.
[2015/11/04 11:38:48.608] (INFO) Rolling 1 log file(s)...
[2015/11/04 11:38:48.608] (INFO) Alien monitor (aliend): Detected no space aliens.
[2015/11/04 11:38:48.608] (INFO) User "ulf8141" logged in from 172.16.108.113.
[2015/11/04 11:38:48.608] (INFO) Rolling 8 log file(s)...
[2015/11/04 11:38:48.608] (INFO) Checkpointing off-heap server memory...
[2015/11/04 11:38:48.608] (INFO) Your mother called. She says you never call her.
[2015/11/04 11:38:48.608] (WARN) Unable to ping master at 172.16.141.235. Retrying.
[2015/11/04 11:38:48.608] (INFO) Flushed 76 buffers to disk.
[2015/11/04 11:38:48.608] (INFO) Flushed 40 buffers to disk.
[2015/11/04 11:38:48.608] (INFO) Supervisor has entered WAITING state.
[2015/11/04 11:38:48.608] (INFO) Device 0x9a77 is online.
[2015/11/04 11:38:48.608] (INFO) Supervisor has entered RUNNING state.
[2015/11/04 11:38:48.608] (INFO) Waiting for worker process (PID 35452) to die.
[2015/11/04 11:38:48.608] (INFO) Backed up all server logs.
[2015/11/04 11:38:48.608] (INFO) Supervisor has entered RUNNING state.
[2015/11/04 11:38:48.608] (INFO) Network heartbeat check: All OK.
[2015/11/04 11:38:48.608] (INFO) Alien monitor (aliend): Detected no space aliens.
[2015/11/04 11:38:48.608] (INFO) Backed up all server logs.
[2015/11/04 11:38:48.608] (WARN) Unable to ping monitor at 192.168.168.232. Retrying.
[2015/11/04 11:38:48.608] (INFO) Checked file systems for errors: All filesystems OK.
[2015/11/04 11:38:48.608] (INFO) .evian ylbirret si emehcs otpyrc ym neht ,siht daer nac uoy fI
[2015/11/04 11:38:48.608] (INFO) Rolling 6 log file(s)...
[2015/11/04 11:38:48.608] (INFO) Flushed 69 buffers to disk.
[2015/11/04 11:38:48.608] (INFO) Backed up all server logs.
[2015/11/04 11:38:48.608] (INFO) Network heartbeat check: All OK.
[2015/11/04 11:38:48.608] (INFO) Supervisor has entered RESTARTING state.
[2015/11/04 11:38:48.608] (ERROR) Device 0x0bd9 is offline
[2015/11/04 11:38:48.608] (INFO) Waiting for master process (PID 4334) to die.
[2015/11/04 11:38:48.608] (WARN) Backup server 10.18.244.39 is offline.
[2015/11/04 11:38:48.608] (INFO) Rolling 4 log file(s)...
[2015/11/04 11:38:48.608] (INFO) Waiting for worker process (PID 43738) to die.
[2015/11/04 11:38:48.608] (INFO) .evian ylbirret si emehcs otpyrc ym neht ,siht daer nac uoy fI
[2015/11/04 11:38:48.608] (INFO) .evian ylbirret si emehcs otpyrc ym neht ,siht daer nac uoy fI
[2015/11/04 11:38:48.608] (INFO) Flushed 65 buffers to disk.
[2015/11/04 11:38:48.608] (INFO) Checkpointing off-heap server memory...
[2015/11/04 11:38:48.608] (ERROR) Unable to mount /dev/sdf3. (Time to run fsck?)
[2015/11/04 11:38:48.608] (ERROR) Detected incoming DDoS from 172.16.4.159.
[2015/11/04 11:38:48.608] (WARN) Network heartbeat check: 8 server(s) did not respond.
[2015/11/04 11:38:48.608] (INFO) Sending SIGTERM to 3 excess workers.
[2015/11/04 11:38:48.608] (INFO) .evian ylbirret si emehcs otpyrc ym neht ,siht daer nac uoy fI
[2015/11/04 11:38:48.608] (INFO) Waiting for master process (PID 27291) to die.
[2015/11/04 11:38:48.608] (INFO) Backed up all server logs.
[2015/11/04 11:38:48.608] (INFO) Rolling 6 log file(s)...
[2015/11/04 11:38:48.608] (INFO) Backed up all server logs.
[2015/11/04 11:38:48.608] (INFO) .evian ylbirret si emehcs otpyrc ym neht ,siht daer nac uoy fI
[2015/11/04 11:38:48.608] (INFO) User "oaw4616" logged in from 10.112.68.87.
[2015/11/04 11:38:48.608] (INFO) Checked file systems for errors: All filesystems OK.
[2015/11/04 11:38:48.608] (INFO) .evian ylbirret si emehcs otpyrc ym neht ,siht daer nac uoy fI
[2015/11/04 11:38:48.608] (INFO) Pinging watchdog timer process: Process is alive.
[2015/11/04 11:38:48.608] (WARN) Unable to ping master at 10.208.208.62. Retrying.
[2015/11/04 11:38:48.608] (WARN) Master took 508 ms to respond (threshold=500 ms)
[2015/11/04 11:38:48.608] (ERROR) Alien monitor (aliend): 3 space aliens are fiddling with the hardware!
[2015/11/04 11:38:48.608] (INFO) Checked file systems for errors: All filesystems OK.
[2015/11/04 11:38:48.608] (INFO) Alien monitor (aliend): Detected no space aliens.
[2015/11/04 11:38:48.608] (INFO) Pinging watchdog timer process: Process is alive.
[2015/11/04 11:38:48.608] (INFO) Supervisor has entered WAITING state.
[2015/11/04 11:38:48.608] (INFO) User "wne1067" logged out.
[2015/11/04 11:38:48.608] (INFO) User "lpz6814" logged out.
[2015/11/04 11:38:48.608] (WARN) Ignoring SIGTERM. It's not that easy to get rid of me.
[2015/11/04 11:38:48.608] (INFO) Sending SIGTERM to 3 excess workers.
[2015/11/04 11:38:48.608] (INFO) Flushed 89 buffers to disk.
[2015/11/04 11:38:49.108] (INFO) Checkpointing off-heap server memory...
[2015/11/04 11:38:49.108] (INFO) Backed up all server logs.
[2015/11/04 11:38:49.108] (INFO) Alien monitor (aliend): Detected no space aliens.
[2015/11/04 11:38:49.108] (INFO) Supervisor has entered RUNNING state.
[2015/11/04 11:38:49.108] (INFO) Device 0x53f9 is online.
[2015/11/04 11:38:49.108] (WARN) Retrying server log checkpoint.
[2015/11/04 11:38:49.108] (ERROR) CPU temperature exceeds 50º Celsius. Shutting down.
[2015/11/04 11:38:49.108] (INFO) Your mother called. She says you never call her.
[2015/11/04 11:38:49.108] (INFO) Your mother called. She says you never call her.
[2015/11/04 11:38:49.108] (INFO) Backed up all server logs.
[2015/11/04 11:38:49.108] (INFO) Checkpointing off-heap server memory...
[2015/11/04 11:38:49.108] (INFO) User "zac9605" logged in from 10.52.226.215.
[2015/11/04 11:38:49.108] (INFO) Checkpointing off-heap server memory...
[2015/11/04 11:38:49.108] (INFO) Checked file systems for errors: All filesystems OK.
[2015/11/04 11:38:49.108] (INFO) Supervisor has entered SUSPENDED state.
[2015/11/04 11:38:49.108] (INFO) Sending SIGTERM to 2 excess workers.
[2015/11/04 11:38:49.108] (INFO) Waiting for worker process (PID 61549) to die.
[2015/11/04 11:38:49.108] (INFO) Supervisor has entered WAITING state.
[2015/11/04 11:38:49.108] (INFO) Checked file systems for errors: All filesystems OK.
[2015/11/04 11:38:49.108] (WARN) Watchdog timer crashed. Restarting it.
[2015/11/04 11:38:49.108] (INFO) Flushed 43 buffers to disk.
[2015/11/04 11:38:49.108] (INFO) Network heartbeat check: All OK.
[2015/11/04 11:38:49.108] (INFO) Supervisor has entered RESTARTING state.
[2015/11/04 11:38:49.108] (INFO) Rolling 9 log file(s)...
[2015/11/04 11:38:49.108] (INFO) Supervisor has entered RUNNING state.
[2015/11/04 11:38:49.108] (WARN) Dropped 18,233 corrupt data packets.
[2015/11/04 11:38:49.108] (INFO) Device 0x0556 is online.
[2015/11/04 11:38:49.108] (INFO) User "tel8091" logged out.
[2015/11/04 11:38:49.108] (INFO) Pinging watchdog timer process: Process is alive.
[2015/11/04 11:38:49.108] (INFO) .evian ylbirret si emehcs otpyrc ym neht ,siht daer nac uoy fI
[2015/11/04 11:38:49.108] (INFO) Flushed 66 buffers to disk.
[2015/11/04 11:38:49.108] (INFO) Supervisor has entered WAITING state.
[2015/11/04 11:38:49.108] (INFO) User "yzd6618" logged in from 172.16.17.55.
[2015/11/04 11:38:49.108] (INFO) Alien monitor (aliend): Detected no space aliens.
[2015/11/04 11:38:49.108] (INFO) User "ehj8504" logged out due to inactivity (timeout=30 minutes).
[2015/11/04 11:38:49.108] (INFO) Network heartbeat check: All OK.
[2015/11/04 11:38:49.108] (INFO) Your mother called. She says you never call her.
[2015/11/04 11:38:49.108] (INFO) Network heartbeat check: All OK.
[2015/11/04 11:38:49.108] (ERROR) Failed to open "/mnt/fileserver02/lagNw81283.zip": NFS timeout.
[2015/11/04 11:38:49.108] (INFO) Sending SIGTERM to 2 excess workers.
[2015/11/04 11:38:49.108] (INFO) User "ffj5772" logged out due to inactivity (timeout=30 minutes).
[2015/11/04 11:38:49.108] (INFO) Device 0xcac9 is online.
[2015/11/04 11:38:49.108] (INFO) Waiting for supervisor process (PID 46870) to die.
[2015/11/04 11:38:49.108] (INFO) User "idn1810" logged out due to inactivity (timeout=30 minutes).
[2015/11/04 11:38:49.108] (INFO) Sending SIGTERM to 2 excess workers.
[2015/11/04 11:38:49.108] (INFO) Rolling 6 log file(s)...
[2015/11/04 11:38:49.108] (INFO) User "bjl6511" logged in from 10.83.95.176.
[2015/11/04 11:38:49.108] (WARN) Watchdog timer crashed. Restarting it.
[2015/11/04 11:38:49.108] (INFO) Checkpointing off-heap server memory...
[2015/11/04 11:38:49.108] (INFO) Your mother called. She says you never call her.
[2015/11/04 11:38:49.108] (INFO) Sending SIGTERM to 4 excess workers.
[2015/11/04 11:38:49.108] (ERROR) Server log backup FAILED. See backup logs.
[2015/11/04 11:38:49.108] (INFO) Alien monitor (aliend): Detected no space aliens.
[2015/11/04 11:38:49.108] (INFO) Waiting for monitor process (PID 34694) to die.
[2015/11/04 11:38:49.108] (INFO) Backed up all server logs.
[2015/11/04 11:38:49.108] (INFO) Flushed 66 buffers to disk.
[2015/11/04 11:38:49.108] (INFO) Flushed 68 buffers to disk.
[2015/11/04 11:38:49.108] (WARN) Network heartbeat check: 5 server(s) did not respond.
[2015/11/04 11:38:49.108] (INFO) Checkpointing off-heap server memory...
[2015/11/04 11:38:49.108] (INFO) Waiting for worker process (PID 42228) to die.
[2015/11/04 11:38:49.108] (INFO) Waiting for monitor process (PID 61311) to die.
[2015/11/04 11:38:49.108] (INFO) Pinging watchdog timer process: Process is alive.
[2015/11/04 11:38:49.108] (INFO) User "yxd7810" logged out due to inactivity (timeout=30 minutes).
[2015/11/04 11:38:49.108] (INFO) Pinging watchdog timer process: Process is alive.
[2015/11/04 11:38:49.108] (INFO) User "bzd7999" logged in from 172.16.24.193.
[2015/11/04 11:38:49.108] (INFO) Checked file systems for errors: All filesystems OK.
[2015/11/04 11:38:49.108] (INFO) User "wka1498" logged in from 10.132.212.55.
[2015/11/04 11:38:49.108] (INFO) Backed up all server logs.
[2015/11/04 11:38:49.108] (INFO) Backed up all server logs.
[2015/11/04 11:38:49.108] (ERROR) Unable to write to "/var/data/CJyul54057.csv": Permission denied (EACCES)
[2015/11/04 11:38:49.108] (INFO) Network heartbeat check: All OK.
[2015/11/04 11:38:49.108] (WARN) Master took 963 ms to respond (threshold=500 ms)
[2015/11/04 11:38:49.108] (INFO) Device 0x9ea9 is online.
[2015/11/04 11:38:49.108] (INFO) Supervisor has entered SUSPENDED state.
[2015/11/04 11:38:49.108] (INFO) Device 0xae6e is online.
[2015/11/04 11:38:49.108] (INFO) Supervisor has entered SUSPENDED state.
[2015/11/04 11:38:49.108] (ERROR) Detected incoming DDoS from 10.245.193.99.
[2015/11/04 11:38:49.108] (INFO) User "zht1770" logged in from 10.106.113.216.
[2015/11/04 11:38:49.108] (INFO) Backed up all server logs.
[2015/11/04 11:38:49.108] (INFO) Supervisor has entered WAITING state.
[2015/11/04 11:38:49.108] (INFO) Pinging watchdog timer process: Process is alive.
[2015/11/04 11:38:49.108] (INFO) Supervisor has entered RUNNING state.
[2015/11/04 11:38:49.108] (INFO) Pinging watchdog timer process: Process is alive.
[2015/11/04 11:38:49.108] (INFO) User "edy2756" logged out.
[2015/11/04 11:38:49.108] (INFO) Pinging watchdog timer process: Process is alive.
[2015/11/04 11:38:49.108] (INFO) Backed up all server logs.
[2015/11/04 11:38:49.108] (INFO) Your mother called. She says you never call her.
[2015/11/04 11:38:49.108] (WARN) There is no such thing as a free lunch.
[2015/11/04 11:38:49.108] (INFO) User "irb9112" logged in from 172.16.77.242.
[2015/11/04 11:38:49.108] (INFO) Rolling 4 log file(s)...
[2015/11/04 11:38:49.108] (INFO) Alien monitor (aliend): Detected no space aliens.
[2015/11/04 11:38:49.108] (ERROR) Server log backup FAILED. See backup logs.
[2015/11/04 11:38:49.108] (INFO) Network heartbeat check: All OK.
[2015/11/04 11:38:49.108] (INFO) User "fza3327" logged out due to inactivity (timeout=30 minutes).
[2015/11/04 11:38:49.108] (INFO) Alien monitor (aliend): Detected no space aliens.
[2015/11/04 11:38:49.108] (ERROR) CPU temperature exceeds 50º Celsius. Shutting down.
[2015/11/04 11:38:49.108] (INFO) Checked file systems for errors: All filesystems OK.
[2015/11/04 11:38:49.108] (WARN) Watchdog timer crashed. Restarting it.
[2015/11/04 11:38:49.108] (INFO) User "kmv8821" logged in from 192.168.181.20.
[2015/11/04 11:38:49.108] (INFO) Your mother called. She says you never call her.
[2015/11/04 11:38:49.608] (INFO) Flushed 94 buffers to disk.
[2015/11/04 11:38:49.608] (INFO) User "sws8826" logged in from 172.16.8.182.
[2015/11/04 11:38:49.608] (INFO) Pinging watchdog timer process: Process is alive.
[2015/11/04 11:38:49.608] (INFO) Network heartbeat check: All OK.
[2015/11/04 11:38:49.608] (INFO) Rolling 1 log file(s)...
[2015/11/04 11:38:49.608] (INFO) Pinging watchdog timer process: Process is alive.
[2015/11/04 11:38:49.608] (INFO) User "odm7790" logged out due to inactivity (timeout=30 minutes).
[2015/11/04 11:38:49.608] (INFO) User "zvx9404" logged in from 192.168.188.41.
[2015/11/04 11:38:49.608] (ERROR) User "fcy8714" failed to log in 3 times. Disabling account.
[2015/11/04 11:38:49.608] (WARN) Possible cyber-attack from Canada.
[2015/11/04 11:38:49.608] (INFO) .evian ylbirret si emehcs otpyrc ym neht ,siht daer nac uoy fI
[2015/11/04 11:38:49.608] (INFO) User "nqp5748" logged in from 192.168.25.72.
[2015/11/04 11:38:49.608] (INFO) Flushed 73 buffers to disk.
[2015/11/04 11:38:49.608] (INFO) Backed up all server logs.
[2015/11/04 11:38:49.608] (ERROR) Alien monitor (aliend): 4 space aliens are fiddling with the hardware!
[2015/11/04 11:38:49.608] (INFO) Pinging watchdog timer process: Process is alive.
[2015/11/04 11:38:49.608] (INFO) Alien monitor (aliend): Detected no space aliens.
[2015/11/04 11:38:49.608] (INFO) Waiting for master process (PID 25615) to die.
[2015/11/04 11:38:49.608] (WARN) Dropped 4,992 corrupt data packets.
[2015/11/04 11:38:49.608] (INFO) Flushed 28 buffers to disk.
[2015/11/04 11:38:49.608] (INFO) Network heartbeat check: All OK.
[2015/11/04 11:38:49.608] (INFO) Waiting for master process (PID 57283) to die.
[2015/11/04 11:38:49.608] (INFO) Checkpointing off-heap server memory...
[2015/11/04 11:38:49.608] (INFO) .evian ylbirret si emehcs otpyrc ym neht ,siht daer nac uoy fI
[2015/11/04 11:38:49.608] (INFO) Checked file systems for errors: All filesystems OK.
[2015/11/04 11:38:49.608] (INFO) User "uhm5735" logged out due to inactivity (timeout=30 minutes).
[2015/11/04 11:38:49.608] (INFO) User "pdk8953" logged in from 172.16.143.166.
[2015/11/04 11:38:49.608] (INFO) Checked file systems for errors: All filesystems OK.
[2015/11/04 11:38:49.608] (ERROR) EFOODFAIL (Waiter, there's a fly in my soup).
[2015/11/04 11:38:49.608] (INFO) Waiting for worker process (PID 59492) to die.
[2015/11/04 11:38:49.608] (ERROR) Alien monitor (aliend): 2 space aliens are fiddling with the hardware!
[2015/11/04 11:38:49.608] (ERROR) CPU temperature exceeds 50º Celsius. Shutting down.
[2015/11/04 11:38:49.608] (ERROR) User "ozk1108" failed to log in 3 times. Disabling account.
[2015/11/04 11:38:49.608] (INFO) Backed up all server logs.
[2015/11/04 11:38:49.608] (ERROR) Unable to authenticate user "jyt2666": LDAP server isn't responding.
[2015/11/04 11:38:49.608] (INFO) User "pfw7034" logged out.
[2015/11/04 11:38:49.608] (INFO) Supervisor has entered RUNNING state.
[2015/11/04 11:38:49.608] (INFO) Flushed 85 buffers to disk.
[2015/11/04 11:38:49.608] (ERROR) "/var/data/Quzsb69749.xml": No such file or directory (ENOENT)
[2015/11/04 11:38:49.608] (INFO) Backed up all server logs.
[2015/11/04 11:38:49.608] (INFO) Sending SIGTERM to 3 excess workers.
[2015/11/04 11:38:49.608] (INFO) Sending SIGTERM to 4 excess workers.
[2015/11/04 11:38:49.608] (INFO) Waiting for worker process (PID 10711) to die.
[2015/11/04 11:38:49.608] (INFO) Alien monitor (aliend): Detected no space aliens.
[2015/11/04 11:38:49.608] (INFO) User "ekp7571" logged out due to inactivity (timeout=30 minutes).
[2015/11/04 11:38:49.608] (INFO) Rolling 5 log file(s)...
[2015/11/04 11:38:49.608] (INFO) Checked file systems for errors: All filesystems OK.
[2015/11/04 11:38:49.608] (INFO) Alien monitor (aliend): Detected no space aliens.
[2015/11/04 11:38:49.608] (INFO) .evian ylbirret si emehcs otpyrc ym neht ,siht daer nac uoy fI
[2015/11/04 11:38:49.608] (INFO) Supervisor has entered RESTARTING state.
[2015/11/04 11:38:49.608] (INFO) Your mother called. She says you never call her.
[2015/11/04 11:38:49.608] (INFO) User "bza6724" logged out due to inactivity (timeout=30 minutes).
[2015/11/04 11:38:49.608] (INFO) Alien monitor (aliend): Detected no space aliens.
[2015/11/04 11:38:49.608] (ERROR) Unable to write to "/var/data/qwFft85671.tsv": Permission denied (EACCES)
[2015/11/04 11:38:49.608] (WARN) CPU temperature exceeds 40º Celsius.
[2015/11/04 11:38:49.608] (INFO) .evian ylbirret si emehcs otpyrc ym neht ,siht daer nac uoy fI
[2015/11/04 11:38:49.608] (INFO) Pinging watchdog timer process: Process is alive.
[2015/11/04 11:38:49.608] (INFO) User "dlx4517" logged out due to inactivity (timeout=30 minutes).
[2015/11/04 11:38:49.608] (INFO) User "kzn8214" logged out.
[2015/11/04 11:38:49.608] (INFO) User "dxo8475" logged out.
[2015/11/04 11:38:49.608] (INFO) Checked file systems for errors: All filesystems OK.
[2015/11/04 11:38:49.608] (WARN) Unable to ping worker at 172.16.56.132. Retrying.
[2015/11/04 11:38:49.608] (INFO) Checkpointing off-heap server memory...
[2015/11/04 11:38:49.608] (INFO) Supervisor has entered RUNNING state.
[2015/11/04 11:38:49.608] (INFO) .evian ylbirret si emehcs otpyrc ym neht ,siht daer nac uoy fI
[2015/11/04 11:38:49.608] (WARN) Backup server 192.168.75.145 is offline.
[2015/11/04 11:38:49.608] (INFO) Sending SIGTERM to 4 excess workers.
[2015/11/04 11:38:49.608] (INFO) Waiting for worker process (PID 26800) to die.
[2015/11/04 11:38:49.608] (INFO) Alien monitor (aliend): Detected no space aliens.
[2015/11/04 11:38:49.608] (ERROR) Detected clock skew! Restarting NTP server.
[2015/11/04 11:38:49.608] (INFO) Backed up all server logs.
[2015/11/04 11:38:49.608] (INFO) Waiting for master process (PID 11242) to die.
[2015/11/04 11:38:49.608] (INFO) Checkpointing off-heap server memory...
[2015/11/04 11:38:49.608] (INFO) Supervisor has entered SUSPENDED state.
[2015/11/04 11:38:49.608] (INFO) Backed up all server logs.
[2015/11/04 11:38:49.608] (INFO) Sending SIGTERM to 3 excess workers.
[2015/11/04 11:38:49.608] (INFO) Network heartbeat check: All OK.
[2015/11/04 11:38:49.608] (INFO) Pinging watchdog timer process: Process is alive.
[2015/11/04 11:38:49.608] (INFO) Supervisor has entered WAITING state.
[2015/11/04 11:38:49.608] (ERROR) /dev/lp error: "PC LOAD LETTER"
[2015/11/04 11:38:49.608] (INFO) Checkpointing off-heap server memory...
[2015/11/04 11:38:49.608] (INFO) Pinging watchdog timer process: Process is alive.
[2015/11/04 11:38:49.608] (INFO) Pinging watchdog timer process: Process is alive.
[2015/11/04 11:38:49.608] (INFO) Device 0xc6c5 is online.
[2015/11/04 11:38:49.608] (INFO) User "jsx8395" logged out due to inactivity (timeout=30 minutes).
[2015/11/04 11:38:49.608] (WARN) Master took 666 ms to respond (threshold=500 ms)
[2015/11/04 11:38:49.608] (INFO) Your mother called. She says you never call her.
[2015/11/04 11:38:49.608] (INFO) User "fxy2228" logged out.
[2015/11/04 11:38:49.608] (ERROR) Detected incoming DDoS from 192.168.146.247.
[2015/11/04 11:38:49.608] (INFO) Rolling 5 log file(s)...
[2015/11/04 11:38:49.608] (INFO) Backed up all server logs.
[2015/11/04 11:38:49.608] (INFO) Sending SIGTERM to 4 excess workers.
[2015/11/04 11:38:49.608] (INFO) Device 0xb599 is online.
[2015/11/04 11:38:49.608] (WARN) Unable to ping worker at 192.168.148.183. Retrying.
[2015/11/04 11:38:49.608] (INFO) User "iwz7166" logged in from 10.43.118.61.
[2015/11/04 11:38:49.608] (INFO) User "zep3471" logged out due to inactivity (timeout=30 minutes).
[2015/11/04 11:38:49.608] (ERROR) Unable to authenticate user "kqr9540": LDAP server isn't responding.
[2015/11/04 11:38:49.608] (INFO) Device 0x47f8 is online.
[2015/11/04 11:38:49.608] (INFO) User "wgc8797" logged in from 172.16.65.225.
[2015/11/04 11:38:49.608] (INFO) Backed up all server logs.
[2015/11/04 11:38:50.107] (INFO) User "meq4204" logged out due to inactivity (timeout=30 minutes).
[2015/11/04 11:38:50.107] (WARN) Retrying server log checkpoint.
[2015/11/04 11:38:50.107] (INFO) Checkpointing off-heap server memory...
[2015/11/04 11:38:50.107] (INFO) Checkpointing off-heap server memory...
[2015/11/04 11:38:50.107] (INFO) Your mother called. She says you never call her.
[2015/11/04 11:38:50.107] (INFO) User "nrd1072" logged out.
[2015/11/04 11:38:50.107] (ERROR) Blocked Little Bobby Tables attack (https://xkcd.com/327/) from 192.168.231.135.
[2015/11/04 11:38:50.107] (ERROR) Detected clock skew! Restarting NTP server.
[2015/11/04 11:38:50.107] (INFO) Sending SIGTERM to 2 excess workers.
[2015/11/04 11:38:50.107] (ERROR) Detected clock skew! Restarting NTP server.
[2015/11/04 11:38:50.107] (INFO) User "rfr9603" logged out due to inactivity (timeout=30 minutes).
[2015/11/04 11:38:50.107] (INFO) Flushed 70 buffers to disk.
[2015/11/04 11:38:50.107] (INFO) Rolling 1 log file(s)...
[2015/11/04 11:38:50.107] (INFO) Pinging watchdog timer process: Process is alive.
[2015/11/04 11:38:50.107] (INFO) Alien monitor (aliend): Detected no space aliens.
[2015/11/04 11:38:50.107] (INFO) Alien monitor (aliend): Detected no space aliens.
[2015/11/04 11:38:50.107] (ERROR) /dev/lp error: "PC LOAD LETTER"
[2015/11/04 11:38:50.107] (WARN) There is no such thing as a free lunch.
[2015/11/04 11:38:50.107] (INFO) Device 0xad34 is online.
[2015/11/04 11:38:50.107] (INFO) Pinging watchdog timer process: Process is alive.
[2015/11/04 11:38:50.107] (INFO) Checked file systems for errors: All filesystems OK.
[2015/11/04 11:38:50.107] (INFO) User "hci2298" logged out.
[2015/11/04 11:38:50.107] (INFO) Backed up all server logs.
[2015/11/04 11:38:50.107] (WARN) There is no such thing as a free lunch.
[2015/11/04 11:38:50.107] (ERROR) Extra characters at end of line.
[2015/11/04 11:38:50.107] (INFO) Waiting for supervisor process (PID 22679) to die.
[2015/11/04 11:38:50.107] (INFO) Pinging watchdog timer process: Process is alive.
[2015/11/04 11:38:50.107] (INFO) Alien monitor (aliend): Detected no space aliens.
[2015/11/04 11:38:50.107] (INFO) User "lyy8450" logged out.
[2015/11/04 11:38:50.107] (INFO) Checkpointing off-heap server memory...
[2015/11/04 11:38:50.107] (INFO) Sending SIGTERM to 2 excess workers.
[2015/11/04 11:38:50.107] (INFO) Checkpointing off-heap server memory...
[2015/11/04 11:38:50.107] (INFO) Your mother called. She says you never call her.
[2015/11/04 11:38:50.107] (INFO) Checkpointing off-heap server memory...
[2015/11/04 11:38:50.107] (INFO) Flushed 67 buffers to disk.
[2015/11/04 11:38:50.107] (ERROR) Failed to open "/mnt/fileserver02/tqSBR89759.csv": NFS timeout.
[2015/11/04 11:38:50.107] (INFO) Your mother called. She says you never call her.
[2015/11/04 11:38:50.107] (ERROR) CPU temperature exceeds 50º Celsius. Shutting down.
[2015/11/04 11:38:50.107] (WARN) There is no such thing as a free lunch.
[2015/11/04 11:38:50.107] (INFO) Pinging watchdog timer process: Process is alive.
[2015/11/04 11:38:50.107] (ERROR) One of the flayrods has gone out askew on treadle.
[2015/11/04 11:38:50.107] (INFO) Your mother called. She says you never call her.
[2015/11/04 11:38:50.107] (INFO) User "ika7748" logged in from 172.16.187.157.
[2015/11/04 11:38:50.107] (INFO) Checked file systems for errors: All filesystems OK.
[2015/11/04 11:38:50.107] (INFO) Checked file systems for errors: All filesystems OK.
[2015/11/04 11:38:50.107] (ERROR) One of the flayrods has gone out askew on treadle.
[2015/11/04 11:38:50.107] (INFO) User "zwz4240" logged out due to inactivity (timeout=30 minutes).
[2015/11/04 11:38:50.107] (ERROR) Alien monitor (aliend): 3 space aliens are fiddling with the hardware!
[2015/11/04 11:38:50.107] (INFO) Sending SIGTERM to 3 excess workers.
[2015/11/04 11:38:50.107] (INFO) Network heartbeat check: All OK.
[2015/11/04 11:38:50.107] (ERROR) Extra characters at end of line.
[2015/11/04 11:38:50.107] (INFO) Alien monitor (aliend): Detected no space aliens.
[2015/11/04 11:38:50.107] (INFO) User "gmc3756" logged out.
[2015/11/04 11:38:50.107] (INFO) Supervisor has entered RESTARTING state.
[2015/11/04 11:38:50.107] (ERROR) Network heartbeat check FAILED: Master host down?
[2015/11/04 11:38:50.107] (ERROR) "/var/data/gKcvu77338.csv": No such file or directory (ENOENT)
[2015/11/04 11:38:50.107] (WARN) Space on disk /dev/sdf1 is low: Only 463 MB available.
[2015/11/04 11:38:50.107] (INFO) Pinging watchdog timer process: Process is alive.
[2015/11/04 11:38:50.107] (INFO) Device 0xe08b is online.
[2015/11/04 11:38:50.107] (INFO) Backed up all server logs.
[2015/11/04 11:38:50.107] (INFO) User "tnc5238" logged out.
[2015/11/04 11:38:50.107] (ERROR) One of the flayrods has gone out askew on treadle.
[2015/11/04 11:38:50.107] (INFO) Flushed 95 buffers to disk.
[2015/11/04 11:38:50.107] (INFO) Network heartbeat check: All OK.
[2015/11/04 11:38:50.107] (INFO) Sending SIGTERM to 3 excess workers.
[2015/11/04 11:38:50.107] (INFO) User "tqj3400" logged out.
[2015/11/04 11:38:50.107] (INFO) Rolling 8 log file(s)...
[2015/11/04 11:38:50.107] (INFO) Backed up all server logs.
[2015/11/04 11:38:50.107] (ERROR) Directory index of "/var/data" is forbidden.
[2015/11/04 11:38:50.107] (INFO) Rolling 7 log file(s)...
[2015/11/04 11:38:50.107] (ERROR) EFOODFAIL (Waiter, there's a fly in my soup).
[2015/11/04 11:38:50.107] (WARN) There is no such thing as a free lunch.
[2015/11/04 11:38:50.107] (INFO) Pinging watchdog timer process: Process is alive.
[2015/11/04 11:38:50.107] (ERROR) Alien monitor (aliend): 2 space aliens are fiddling with the hardware!
[2015/11/04 11:38:50.107] (ERROR) Network heartbeat check FAILED: Master host down?
[2015/11/04 11:38:50.107] (INFO) Backed up all server logs.
[2015/11/04 11:38:50.107] (INFO) Network heartbeat check: All OK.
[2015/11/04 11:38:50.107] (ERROR) CPU temperature exceeds 50º Celsius. Shutting down.
[2015/11/04 11:38:50.107] (INFO) Device 0x5556 is online.
[2015/11/04 11:38:50.107] (ERROR) Server log backup FAILED. See backup logs.
[2015/11/04 11:38:50.107] (INFO) .evian ylbirret si emehcs otpyrc ym neht ,siht daer nac uoy fI
[2015/11/04 11:38:50.107] (INFO) Your mother called. She says you never call her.
[2015/11/04 11:38:50.107] (INFO) Rolling 6 log file(s)...
[2015/11/04 11:38:50.107] (ERROR) "/var/data/iZwxh63477.csv": No such file or directory (ENOENT)
[2015/11/04 11:38:50.107] (INFO) Checked file systems for errors: All filesystems OK.
[2015/11/04 11:38:50.107] (INFO) Network heartbeat check: All OK.
[2015/11/04 11:38:50.107] (INFO) Sending SIGTERM to 3 excess workers.
[2015/11/04 11:38:50.107] (INFO) User "skw2723" logged in from 10.138.113.252.
[2015/11/04 11:38:50.107] (WARN) Space on disk /dev/sde3 is low: Only 253 MB available.
[2015/11/04 11:38:50.107] (INFO) Checkpointing off-heap server memory...
[2015/11/04 11:38:50.107] (INFO) Device 0x1776 is online.
[2015/11/04 11:38:50.107] (ERROR) One of the flayrods has gone out askew on treadle.
[2015/11/04 11:38:50.107] (INFO) Rolling 6 log file(s)...
[2015/11/04 11:38:50.107] (INFO) Backed up all server logs.
[2015/11/04 11:38:50.107] (INFO) Backed up all server logs.
[2015/11/04 11:38:50.107] (INFO) Network heartbeat check: All OK.
[2015/11/04 11:38:50.107] (ERROR) "/var/data/dIKpU87302.tsv": No such file or directory (ENOENT)
[2015/11/04 11:38:50.107] (INFO) .evian ylbirret si emehcs otpyrc ym neht ,siht daer nac uoy fI
[2015/11/04 11:38:50.107] (INFO) Checked file systems for errors: All filesystems OK.
[2015/11/04 11:38:50.107] (INFO) Backed up all server logs.
[2015/11/04 11:38:50.608] (INFO) User "tyf2346" logged out due to inactivity (timeout=30 minutes).
[2015/11/04 11:38:50.608] (INFO) User "ehk4692" logged out.
[2015/11/04 11:38:50.608] (ERROR) /dev/lp error: "PC LOAD LETTER"
[2015/11/04 11:38:50.608] (INFO) Rolling 9 log file(s)...
[2015/11/04 11:38:50.608] (INFO) Device 0xd25f is online.
[2015/11/04 11:38:50.608] (INFO) Waiting for worker process (PID 29701) to die.
[2015/11/04 11:38:50.608] (INFO) Rolling 6 log file(s)...
[2015/11/04 11:38:50.608] (WARN) Possible cyber-attack from Mars.
[2015/11/04 11:38:50.608] (INFO) User "ipa5040" logged in from 10.49.68.189.
[2015/11/04 11:38:50.608] (INFO) Your mother called. She says you never call her.
[2015/11/04 11:38:50.608] (INFO) Pinging watchdog timer process: Process is alive.
[2015/11/04 11:38:50.608] (WARN) Space on disk /dev/sdb3 is low: Only 503 MB available.
[2015/11/04 11:38:50.608] (INFO) Flushed 71 buffers to disk.
[2015/11/04 11:38:50.608] (INFO) User "rfd4564" logged in from 192.168.114.62.
[2015/11/04 11:38:50.608] (INFO) .evian ylbirret si emehcs otpyrc ym neht ,siht daer nac uoy fI
[2015/11/04 11:38:50.608] (INFO) Your mother called. She says you never call her.
[2015/11/04 11:38:50.608] (WARN) Retrying server log checkpoint.
[2015/11/04 11:38:50.608] (INFO) Rolling 4 log file(s)...
[2015/11/04 11:38:50.608] (INFO) Pinging watchdog timer process: Process is alive.
[2015/11/04 11:38:50.608] (INFO) Supervisor has entered RESTARTING state.
[2015/11/04 11:38:50.608] (INFO) Your mother called. She says you never call her.
[2015/11/04 11:38:50.608] (INFO) Device 0xbe28 is online.
[2015/11/04 11:38:50.608] (INFO) Alien monitor (aliend): Detected no space aliens.
[2015/11/04 11:38:50.608] (WARN) There is no such thing as a free lunch.
[2015/11/04 11:38:50.608] (WARN) Space on disk /dev/sdf4 is low: Only 658 MB available.
[2015/11/04 11:38:50.608] (INFO) Pinging watchdog timer process: Process is alive.
[2015/11/04 11:38:50.608] (INFO) Waiting for supervisor process (PID 54023) to die.
[2015/11/04 11:38:50.608] (INFO) Flushed 90 buffers to disk.
[2015/11/04 11:38:50.608] (ERROR) "/var/data/dBkWT91355.zip": No such file or directory (ENOENT)
[2015/11/04 11:38:50.608] (WARN) Watchdog timer crashed. Restarting it.
[2015/11/04 11:38:50.608] (INFO) Pinging watchdog timer process: Process is alive.
[2015/11/04 11:38:50.608] (ERROR) Extra characters at end of line.
[2015/11/04 11:38:50.608] (INFO) .evian ylbirret si emehcs otpyrc ym neht ,siht daer nac uoy fI
[2015/11/04 11:38:50.608] (ERROR) Failed to open "/mnt/fileserver01/bOVUD64879.xslx": NFS timeout.
[2015/11/04 11:38:50.608] (ERROR) "/var/data/rWyJI75372.tsv": Permission denied (EACCES)
[2015/11/04 11:38:50.608] (INFO) Sending SIGTERM to 3 excess workers.
[2015/11/04 11:38:50.608] (INFO) .evian ylbirret si emehcs otpyrc ym neht ,siht daer nac uoy fI
[2015/11/04 11:38:50.608] (INFO) Checked file systems for errors: All filesystems OK.
[2015/11/04 11:38:50.608] (INFO) Sending SIGTERM to 2 excess workers.
[2015/11/04 11:38:50.608] (INFO) Device 0xf202 is online.
[2015/11/04 11:38:50.608] (INFO) Flushed 28 buffers to disk.
[2015/11/04 11:38:50.608] (ERROR) Detected incoming DDoS from 10.150.129.253.
[2015/11/04 11:38:50.608] (ERROR) "/var/data/hhsLa69903.tar.gz": Permission denied (EACCES)
[2015/11/04 11:38:50.608] (ERROR) Blocked Little Bobby Tables attack (https://xkcd.com/327/) from 10.210.27.204.
[2015/11/04 11:38:50.608] (INFO) Device 0xcdd9 is online.
[2015/11/04 11:38:50.608] (INFO) Flushed 72 buffers to disk.
[2015/11/04 11:38:50.608] (INFO) Backed up all server logs.
[2015/11/04 11:38:50.608] (INFO) Device 0xf89e is online.
[2015/11/04 11:38:50.608] (INFO) Device 0xf38a is online.
[2015/11/04 11:38:50.608] (INFO) Waiting for supervisor process (PID 34340) to die.
[2015/11/04 11:38:50.608] (INFO) User "gbv7162" logged in from 192.168.149.145.
[2015/11/04 11:38:50.608] (INFO) User "ajj1777" logged out.
[2015/11/04 11:38:50.608] (INFO) Checked file systems for errors: All filesystems OK.
[2015/11/04 11:38:50.608] (INFO) Network heartbeat check: All OK.
[2015/11/04 11:38:50.608] (INFO) Checked file systems for errors: All filesystems OK.
[2015/11/04 11:38:50.608] (INFO) Checkpointing off-heap server memory...
[2015/11/04 11:38:50.608] (ERROR) Unable to write to "/var/data/aUCEx92709.tsv": Permission denied (EACCES)
[2015/11/04 11:38:50.608] (INFO) User "usu2755" logged out.
[2015/11/04 11:38:50.608] (WARN) Watchdog timer crashed. Restarting it.
[2015/11/04 11:38:50.608] (INFO) Sending SIGTERM to 3 excess workers.
[2015/11/04 11:38:50.608] (WARN) Backup server 192.168.215.170 is offline.
[2015/11/04 11:38:50.608] (INFO) Flushed 74 buffers to disk.
[2015/11/04 11:38:50.608] (INFO) User "wzr1139" logged out.
[2015/11/04 11:38:50.608] (INFO) Flushed 22 buffers to disk.
[2015/11/04 11:38:50.608] (WARN) Master took 537 ms to respond (threshold=500 ms)
[2015/11/04 11:38:50.608] (INFO) Your mother called. She says you never call her.
[2015/11/04 11:38:50.608] (INFO) User "ybo1223" logged out due to inactivity (timeout=30 minutes).
[2015/11/04 11:38:50.608] (INFO) Backed up all server logs.
[2015/11/04 11:38:50.608] (INFO) User "rqm1561" logged out due to inactivity (timeout=30 minutes).
[2015/11/04 11:38:50.608] (INFO) Pinging watchdog timer process: Process is alive.
[2015/11/04 11:38:50.608] (INFO) Backed up all server logs.
[2015/11/04 11:38:50.608] (INFO) Supervisor has entered RESTARTING state.
[2015/11/04 11:38:50.608] (INFO) User "sjm9799" logged out.
[2015/11/04 11:38:50.608] (INFO) Supervisor has entered WAITING state.
[2015/11/04 11:38:50.608] (WARN) Space on disk /dev/sdb1 is low: Only 807 MB available.
[2015/11/04 11:38:50.608] (INFO) Backed up all server logs.
[2015/11/04 11:38:50.608] (INFO) Pinging watchdog timer process: Process is alive.
[2015/11/04 11:38:50.608] (INFO) User "cpp4763" logged out.
[2015/11/04 11:38:50.608] (INFO) Rolling 1 log file(s)...
[2015/11/04 11:38:50.608] (INFO) Pinging watchdog timer process: Process is alive.
[2015/11/04 11:38:50.608] (INFO) Network heartbeat check: All OK.
[2015/11/04 11:38:50.608] (WARN) Network heartbeat check: 4 server(s) did not respond.
[2015/11/04 11:38:50.608] (ERROR) One of the flayrods has gone out askew on treadle.
[2015/11/04 11:38:50.608] (INFO) User "pfh3862" logged out.
[2015/11/04 11:38:50.608] (INFO) Alien monitor (aliend): Detected no space aliens.
[2015/11/04 11:38:50.608] (INFO) Checkpointing off-heap server memory...
[2015/11/04 11:38:50.608] (INFO) Backed up all server logs.
[2015/11/04 11:38:50.608] (INFO) Backed up all server logs.
[2015/11/04 11:38:50.608] (INFO) Your mother called. She says you never call her.
[2015/11/04 11:38:50.608] (ERROR) Unable to write to "/var/data/xtaYt59403.xml": Permission denied (EACCES)
[2015/11/04 11:38:50.608] (ERROR) Extra characters at end of line.
[2015/11/04 11:38:50.608] (WARN) Ignoring SIGTERM. It's not that easy to get rid of me.
[2015/11/04 11:38:50.608] (INFO) Device 0xe815 is online.
[2015/11/04 11:38:50.608] (ERROR) Blocked FTP traffic originating from 172.16.98.94.
[2015/11/04 11:38:50.608] (INFO) Alien monitor (aliend): Detected no space aliens.
[2015/11/04 11:38:50.608] (INFO) Device 0x6a7d is online.
[2015/11/04 11:38:50.608] (INFO) Waiting for supervisor process (PID 37097) to die.
[2015/11/04 11:38:50.608] (INFO) .evian ylbirret si emehcs otpyrc ym neht ,siht daer nac uoy fI
[2015/11/04 11:38:50.608] (INFO) Checkpointing off-heap server memory...
[2015/11/04 11:38:50.608] (INFO) Your mother called. She says you never call her.
[2015/11/04 11:38:51.107] (ERROR) Detected clock skew! Restarting NTP server.
[2015/11/04 11:38:51.107] (WARN) Backup server 10.220.57.93 is offline.
[2015/11/04 11:38:51.107] (INFO) .evian ylbirret si emehcs otpyrc ym neht ,siht daer nac uoy fI
[2015/11/04 11:38:51.107] (INFO) Supervisor has entered SUSPENDED state.
[2015/11/04 11:38:51.107] (INFO) Backed up all server logs.
[2015/11/04 11:38:51.107] (INFO) Supervisor has entered WAITING state.
[2015/11/04 11:38:51.107] (WARN) Backup server 10.184.122.161 is offline.
[2015/11/04 11:38:51.107] (INFO) Network heartbeat check: All OK.
[2015/11/04 11:38:51.107] (INFO) Sending SIGTERM to 2 excess workers.
[2015/11/04 11:38:51.107] (INFO) Alien monitor (aliend): Detected no space aliens.
[2015/11/04 11:38:51.107] (INFO) User "dbx6705" logged out due to inactivity (timeout=30 minutes).
[2015/11/04 11:38:51.107] (INFO) Sending SIGTERM to 3 excess workers.
[2015/11/04 11:38:51.107] (ERROR) One of the flayrods has gone out askew on treadle.
[2015/11/04 11:38:51.107] (INFO) Device 0xbe02 is online.
[2015/11/04 11:38:51.107] (INFO) Your mother called. She says you never call her.
[2015/11/04 11:38:51.107] (INFO) User "cde7030" logged out.
[2015/11/04 11:38:51.107] (INFO) Your mother called. She says you never call her.
[2015/11/04 11:38:51.107] (INFO) Flushed 66 buffers to disk.
[2015/11/04 11:38:51.107] (INFO) Checkpointing off-heap server memory...
[2015/11/04 11:38:51.107] (INFO) Checked file systems for errors: All filesystems OK.
[2015/11/04 11:38:51.107] (INFO) Rolling 2 log file(s)...
[2015/11/04 11:38:51.107] (INFO) Pinging watchdog timer process: Process is alive.
[2015/11/04 11:38:51.107] (INFO) Your mother called. She says you never call her.
[2015/11/04 11:38:51.107] (INFO) Checkpointing off-heap server memory...
[2015/11/04 11:38:51.107] (INFO) Waiting for monitor process (PID 45608) to die.
[2015/11/04 11:38:51.107] (WARN) Unable to ping master at 10.111.0.136. Retrying.
[2015/11/04 11:38:51.107] (INFO) Device 0xadcc is online.
[2015/11/04 11:38:51.107] (ERROR) Failed to write checkpoint file "/var/checkpoint/dBEnh60736: No space left on device (ENOSPC)
[2015/11/04 11:38:51.107] (INFO) Your mother called. She says you never call her.
[2015/11/04 11:38:51.107] (INFO) Checked file systems for errors: All filesystems OK.
[2015/11/04 11:38:51.107] (INFO) Network heartbeat check: All OK.
[2015/11/04 11:38:51.107] (INFO) Checkpointing off-heap server memory...
[2015/11/04 11:38:51.107] (INFO) User "jcw4666" logged out.
[2015/11/04 11:38:51.107] (INFO) User "onw1066" logged in from 10.50.49.176.
[2015/11/04 11:38:51.107] (INFO) Checked file systems for errors: All filesystems OK.
[2015/11/04 11:38:51.107] (INFO) Network heartbeat check: All OK.
[2015/11/04 11:38:51.107] (WARN) Retrying server log checkpoint.
[2015/11/04 11:38:51.107] (INFO) Alien monitor (aliend): Detected no space aliens.
[2015/11/04 11:38:51.107] (INFO) User "yae2991" logged out.
[2015/11/04 11:38:51.107] (INFO) Checkpointing off-heap server memory...
[2015/11/04 11:38:51.107] (INFO) Flushed 62 buffers to disk.
[2015/11/04 11:38:51.107] (WARN) Possible cyber-attack from Nebraska.
[2015/11/04 11:38:51.107] (INFO) Your mother called. She says you never call her.
[2015/11/04 11:38:51.107] (ERROR) User "qjy7674" failed to log in 3 times. Disabling account.
[2015/11/04 11:38:51.107] (INFO) User "utw6716" logged out due to inactivity (timeout=30 minutes).
[2015/11/04 11:38:51.107] (INFO) Supervisor has entered RUNNING state.
[2015/11/04 11:38:51.107] (INFO) Pinging watchdog timer process: Process is alive.
[2015/11/04 11:38:51.107] (INFO) Alien monitor (aliend): Detected no space aliens.
[2015/11/04 11:38:51.107] (INFO) Pinging watchdog timer process: Process is alive.
[2015/11/04 11:38:51.107] (INFO) Network heartbeat check: All OK.
[2015/11/04 11:38:51.107] (ERROR) Server log backup FAILED. See backup logs.
[2015/11/04 11:38:51.107] (INFO) Rolling 7 log file(s)...
[2015/11/04 11:38:51.107] (INFO) User "qdn4018" logged out.
[2015/11/04 11:38:51.107] (WARN) Backup server 172.16.122.18 is offline.
[2015/11/04 11:38:51.107] (INFO) Checked file systems for errors: All filesystems OK.
[2015/11/04 11:38:51.107] (INFO) Waiting for supervisor process (PID 25162) to die.
[2015/11/04 11:38:51.107] (INFO) Supervisor has entered SUSPENDED state.
[2015/11/04 11:38:51.107] (INFO) Checkpointing off-heap server memory...
[2015/11/04 11:38:51.107] (WARN) Watchdog timer crashed. Restarting it.
[2015/11/04 11:38:51.107] (INFO) Rolling 5 log file(s)...
[2015/11/04 11:38:51.107] (INFO) Backed up all server logs.
[2015/11/04 11:38:51.107] (INFO) Flushed 23 buffers to disk.
[2015/11/04 11:38:51.107] (INFO) Supervisor has entered RUNNING state.
[2015/11/04 11:38:51.107] (INFO) Waiting for supervisor process (PID 33625) to die.
[2015/11/04 11:38:51.107] (INFO) Waiting for supervisor process (PID 24633) to die.
[2015/11/04 11:38:51.107] (INFO) Your mother called. She says you never call her.
[2015/11/04 11:38:51.107] (INFO) Checked file systems for errors: All filesystems OK.
[2015/11/04 11:38:51.107] (INFO) Flushed 48 buffers to disk.
[2015/11/04 11:38:51.107] (INFO) .evian ylbirret si emehcs otpyrc ym neht ,siht daer nac uoy fI
[2015/11/04 11:38:51.107] (INFO) Network heartbeat check: All OK.
[2015/11/04 11:38:51.107] (INFO) Supervisor has entered WAITING state.
[2015/11/04 11:38:51.107] (INFO) Alien monitor (aliend): Detected no space aliens.
[2015/11/04 11:38:51.107] (INFO) Your mother called. She says you never call her.
[2015/11/04 11:38:51.107] (ERROR) Blocked Little Bobby Tables attack (https://xkcd.com/327/) from 10.159.33.2.
[2015/11/04 11:38:51.107] (INFO) Alien monitor (aliend): Detected no space aliens.
[2015/11/04 11:38:51.107] (INFO) Waiting for supervisor process (PID 30407) to die.
[2015/11/04 11:38:51.107] (INFO) Checkpointing off-heap server memory...
[2015/11/04 11:38:51.107] (INFO) Supervisor has entered RUNNING state.
[2015/11/04 11:38:51.107] (INFO) .evian ylbirret si emehcs otpyrc ym neht ,siht daer nac uoy fI
[2015/11/04 11:38:51.107] (WARN) Network heartbeat check: 12 server(s) did not respond.
[2015/11/04 11:38:51.107] (ERROR) Device 0x00bd is offline
[2015/11/04 11:38:51.107] (ERROR) Device 0x202a is offline
[2015/11/04 11:38:51.107] (INFO) Sending SIGTERM to 4 excess workers.
[2015/11/04 11:38:51.107] (INFO) Pinging watchdog timer process: Process is alive.
[2015/11/04 11:38:51.107] (INFO) Device 0x1837 is online.
[2015/11/04 11:38:51.107] (INFO) Device 0x948e is online.
[2015/11/04 11:38:51.107] (WARN) Network heartbeat check: 3 server(s) did not respond.
[2015/11/04 11:38:51.107] (INFO) Your mother called. She says you never call her.
[2015/11/04 11:38:51.107] (INFO) Checked file systems for errors: All filesystems OK.
[2015/11/04 11:38:51.107] (INFO) Pinging watchdog timer process: Process is alive.
[2015/11/04 11:38:51.107] (INFO) Rolling 3 log file(s)...
[2015/11/04 11:38:51.107] (INFO) Backed up all server logs.
[2015/11/04 11:38:51.107] (INFO) User "wzu3433" logged out due to inactivity (timeout=30 minutes).
[2015/11/04 11:38:51.107] (INFO) Checked file systems for errors: All filesystems OK.
[2015/11/04 11:38:51.107] (INFO) User "hzl6981" logged out.
[2015/11/04 11:38:51.107] (WARN) Backup server 10.217.88.50 is offline.
[2015/11/04 11:38:51.107] (INFO) Alien monitor (aliend): Detected no space aliens.
[2015/11/04 11:38:51.107] (INFO) Network heartbeat check: All OK.
[2015/11/04 11:38:51.107] (INFO) Backed up all server logs.
[2015/11/04 11:38:51.107] (INFO) Backed up all server logs.
[2015/11/04 11:38:51.607] (INFO) User "vnz9046" logged out.
[2015/11/04 11:38:51.607] (INFO) User "byg8520" logged out.
[2015/11/04 11:38:51.607] (INFO) .evian ylbirret si emehcs otpyrc ym neht ,siht daer nac uoy fI
[2015/11/04 11:38:51.607] (INFO) User "xwl4206" logged out.
[2015/11/04 11:38:51.607] (INFO) Your mother called. She says you never call her.
[2015/11/04 11:38:51.607] (INFO) Device 0x949e is online.
[2015/11/04 11:38:51.607] (WARN) There is no such thing as a free lunch.
[2015/11/04 11:38:51.607] (WARN) Ignoring SIGTERM. It's not that easy to get rid of me.
[2015/11/04 11:38:51.607] (ERROR) Unable to authenticate user "kmm4727": LDAP server isn't responding.
[2015/11/04 11:38:51.607] (WARN) Unable to ping monitor at 10.118.192.186. Retrying.
[2015/11/04 11:38:51.607] (INFO) Waiting for supervisor process (PID 42256) to die.
[2015/11/04 11:38:51.607] (INFO) Supervisor has entered RUNNING state.
[2015/11/04 11:38:51.607] (INFO) Pinging watchdog timer process: Process is alive.
[2015/11/04 11:38:51.607] (INFO) Waiting for supervisor process (PID 9978) to die.
[2015/11/04 11:38:51.607] (INFO) .evian ylbirret si emehcs otpyrc ym neht ,siht daer nac uoy fI
[2015/11/04 11:38:51.607] (INFO) Backed up all server logs.
[2015/11/04 11:38:51.607] (INFO) Checked file systems for errors: All filesystems OK.
[2015/11/04 11:38:51.607] (INFO) Pinging watchdog timer process: Process is alive.
[2015/11/04 11:38:51.607] (INFO) Backed up all server logs.
[2015/11/04 11:38:51.607] (INFO) Supervisor has entered RUNNING state.
[2015/11/04 11:38:51.607] (INFO) Checked file systems for errors: All filesystems OK.
[2015/11/04 11:38:51.607] (INFO) Alien monitor (aliend): Detected no space aliens.
[2015/11/04 11:38:51.607] (INFO) Pinging watchdog timer process: Process is alive.
[2015/11/04 11:38:51.607] (INFO) Checked file systems for errors: All filesystems OK.
[2015/11/04 11:38:51.607] (INFO) .evian ylbirret si emehcs otpyrc ym neht ,siht daer nac uoy fI
[2015/11/04 11:38:51.607] (ERROR) Blocked Little Bobby Tables attack (https://xkcd.com/327/) from 172.16.252.150.
[2015/11/04 11:38:51.607] (WARN) Retrying server log checkpoint.
[2015/11/04 11:38:51.607] (INFO) Pinging watchdog timer process: Process is alive.
[2015/11/04 11:38:51.607] (INFO) Rolling 5 log file(s)...
[2015/11/04 11:38:51.607] (INFO) Sending SIGTERM to 2 excess workers.
[2015/11/04 11:38:51.607] (INFO) .evian ylbirret si emehcs otpyrc ym neht ,siht daer nac uoy fI
[2015/11/04 11:38:51.607] (INFO) Device 0xfc03 is online.
[2015/11/04 11:38:51.607] (INFO) Backed up all server logs.
[2015/11/04 11:38:51.607] (INFO) Alien monitor (aliend): Detected no space aliens.
[2015/11/04 11:38:51.607] (INFO) Waiting for master process (PID 45123) to die.
[2015/11/04 11:38:51.607] (INFO) Supervisor has entered RESTARTING state.
[2015/11/04 11:38:51.607] (INFO) User "jvi3653" logged in from 192.168.246.126.
[2015/11/04 11:38:51.607] (WARN) Watchdog timer crashed. Restarting it.
[2015/11/04 11:38:51.607] (INFO) Checked file systems for errors: All filesystems OK.
[2015/11/04 11:38:51.607] (INFO) Backed up all server logs.
[2015/11/04 11:38:51.607] (ERROR) User "mgn5572" failed to log in 3 times. Disabling account.
[2015/11/04 11:38:51.607] (INFO) User "lmu9916" logged in from 172.16.32.38.
[2015/11/04 11:38:51.607] (INFO) Alien monitor (aliend): Detected no space aliens.
[2015/11/04 11:38:51.607] (INFO) Rolling 7 log file(s)...
[2015/11/04 11:38:51.607] (INFO) Backed up all server logs.
[2015/11/04 11:38:51.607] (INFO) Checked file systems for errors: All filesystems OK.
[2015/11/04 11:38:51.607] (WARN) Retrying server log checkpoint.
[2015/11/04 11:38:51.607] (INFO) Alien monitor (aliend): Detected no space aliens.
[2015/11/04 11:38:51.607] (INFO) Flushed 96 buffers to disk.
[2015/11/04 11:38:51.607] (INFO) Waiting for master process (PID 433) to die.
[2015/11/04 11:38:51.607] (WARN) Network heartbeat check: 16 server(s) did not respond.
[2015/11/04 11:38:51.607] (INFO) Alien monitor (aliend): Detected no space aliens.
[2015/11/04 11:38:51.607] (INFO) Supervisor has entered WAITING state.
[2015/11/04 11:38:51.607] (INFO) Checked file systems for errors: All filesystems OK.
[2015/11/04 11:38:51.607] (INFO) Checked file systems for errors: All filesystems OK.
[2015/11/04 11:38:51.607] (INFO) Your mother called. She says you never call her.
[2015/11/04 11:38:51.607] (INFO) User "bzx1859" logged out due to inactivity (timeout=30 minutes).
[2015/11/04 11:38:51.607] (INFO) .evian ylbirret si emehcs otpyrc ym neht ,siht daer nac uoy fI
[2015/11/04 11:38:51.607] (INFO) Network heartbeat check: All OK.
[2015/11/04 11:38:51.607] (INFO) Backed up all server logs.
[2015/11/04 11:38:51.607] (INFO) Supervisor has entered WAITING state.
[2015/11/04 11:38:51.607] (INFO) Sending SIGTERM to 3 excess workers.
[2015/11/04 11:38:51.607] (INFO) Your mother called. She says you never call her.
[2015/11/04 11:38:51.607] (ERROR) Unable to write to "/var/data/fIpwO55086.xml": Permission denied (EACCES)
[2015/11/04 11:38:51.607] (INFO) Checked file systems for errors: All filesystems OK.
[2015/11/04 11:38:51.607] (INFO) Sending SIGTERM to 4 excess workers.
[2015/11/04 11:38:51.607] (INFO) Alien monitor (aliend): Detected no space aliens.
[2015/11/04 11:38:51.607] (INFO) Device 0x2a21 is online.
[2015/11/04 11:38:51.607] (INFO) Rolling 8 log file(s)...
[2015/11/04 11:38:51.607] (INFO) .evian ylbirret si emehcs otpyrc ym neht ,siht daer nac uoy fI
[2015/11/04 11:38:51.607] (WARN) Network heartbeat check: 6 server(s) did not respond.
[2015/11/04 11:38:51.607] (INFO) Flushed 35 buffers to disk.
[2015/11/04 11:38:51.607] (INFO) .evian ylbirret si emehcs otpyrc ym neht ,siht daer nac uoy fI
[2015/11/04 11:38:51.607] (INFO) User "sxf5097" logged in from 192.168.66.1.
[2015/11/04 11:38:51.607] (WARN) CPU temperature exceeds 40º Celsius.
[2015/11/04 11:38:51.607] (INFO) Checked file systems for errors: All filesystems OK.
[2015/11/04 11:38:51.607] (INFO) Device 0xd985 is online.
[2015/11/04 11:38:51.607] (ERROR) Detected incoming DDoS from 172.16.217.92.
[2015/11/04 11:38:51.607] (INFO) Backed up all server logs.
[2015/11/04 11:38:51.607] (ERROR) /dev/lp error: "PC LOAD LETTER"
[2015/11/04 11:38:51.607] (INFO) Your mother called. She says you never call her.
[2015/11/04 11:38:51.607] (INFO) Flushed 23 buffers to disk.
[2015/11/04 11:38:51.607] (INFO) Checked file systems for errors: All filesystems OK.
[2015/11/04 11:38:51.607] (INFO) Pinging watchdog timer process: Process is alive.
[2015/11/04 11:38:51.607] (INFO) Supervisor has entered RUNNING state.
[2015/11/04 11:38:51.607] (INFO) Checkpointing off-heap server memory...
[2015/11/04 11:38:51.607] (INFO) Supervisor has entered RESTARTING state.
[2015/11/04 11:38:51.607] (ERROR) Failed to write checkpoint file "/var/checkpoint/ILHST51277: No space left on device (ENOSPC)
[2015/11/04 11:38:51.607] (INFO) Checked file systems for errors: All filesystems OK.
[2015/11/04 11:38:51.607] (INFO) Waiting for monitor process (PID 48011) to die.
[2015/11/04 11:38:51.607] (INFO) User "sny3574" logged in from 192.168.165.132.
[2015/11/04 11:38:51.607] (INFO) Rolling 4 log file(s)...
[2015/11/04 11:38:51.607] (INFO) Pinging watchdog timer process: Process is alive.
[2015/11/04 11:38:51.607] (INFO) Sending SIGTERM to 2 excess workers.
[2015/11/04 11:38:51.607] (INFO) Alien monitor (aliend): Detected no space aliens.
[2015/11/04 11:38:51.607] (INFO) Backed up all server logs.
[2015/11/04 11:38:51.607] (INFO) Alien monitor (aliend): Detected no space aliens.
[2015/11/04 11:38:51.607] (INFO) User "zak8375" logged in from 192.168.201.42.
[2015/11/04 11:38:51.607] (INFO) .evian ylbirret si emehcs otpyrc ym neht ,siht daer nac uoy fI
[2015/11/04 11:38:51.607] (INFO) Alien monitor (aliend): Detected no space aliens.
[2015/11/04 11:38:52.107] (ERROR) Blocked nmap traffic originating from 172.16.231.23.
[2015/11/04 11:38:52.107] (ERROR) Network heartbeat check FAILED: Master host down?
[2015/11/04 11:38:52.107] (INFO) Rolling 4 log file(s)...
[2015/11/04 11:38:52.107] (INFO) Device 0xd551 is online.
[2015/11/04 11:38:52.107] (INFO) Pinging watchdog timer process: Process is alive.
[2015/11/04 11:38:52.107] (INFO) Supervisor has entered WAITING state.
[2015/11/04 11:38:52.107] (WARN) Watchdog timer crashed. Restarting it.
[2015/11/04 11:38:52.107] (INFO) Flushed 88 buffers to disk.
[2015/11/04 11:38:52.107] (INFO) Device 0x83e1 is online.
[2015/11/04 11:38:52.107] (WARN) CPU temperature exceeds 40º Celsius.
[2015/11/04 11:38:52.107] (INFO) Supervisor has entered RUNNING state.
[2015/11/04 11:38:52.107] (INFO) Alien monitor (aliend): Detected no space aliens.
[2015/11/04 11:38:52.107] (ERROR) EFOODFAIL (Waiter, there's a fly in my soup).
[2015/11/04 11:38:52.107] (ERROR) Alien monitor (aliend): 3 space aliens are fiddling with the hardware!
[2015/11/04 11:38:52.107] (INFO) User "kbj6839" logged out due to inactivity (timeout=30 minutes).
[2015/11/04 11:38:52.107] (WARN) There is no such thing as a free lunch.
[2015/11/04 11:38:52.107] (INFO) Supervisor has entered RUNNING state.
[2015/11/04 11:38:52.107] (WARN) Possible cyber-attack from a small unnamed island.
[2015/11/04 11:38:52.107] (INFO) .evian ylbirret si emehcs otpyrc ym neht ,siht daer nac uoy fI
[2015/11/04 11:38:52.107] (INFO) Your mother called. She says you never call her.
[2015/11/04 11:38:52.107] (INFO) Device 0xa52c is online.
[2015/11/04 11:38:52.107] (INFO) Waiting for worker process (PID 8282) to die.
[2015/11/04 11:38:52.107] (ERROR) Server log backup FAILED. See backup logs.
[2015/11/04 11:38:52.107] (INFO) User "umf2590" logged out.
[2015/11/04 11:38:52.107] (WARN) Network heartbeat check: 13 server(s) did not respond.
[2015/11/04 11:38:52.107] (INFO) Rolling 4 log file(s)...
[2015/11/04 11:38:52.107] (INFO) User "cup7478" logged in from 172.16.240.238.
[2015/11/04 11:38:52.107] (INFO) Checkpointing off-heap server memory...
[2015/11/04 11:38:52.107] (INFO) Pinging watchdog timer process: Process is alive.
[2015/11/04 11:38:52.107] (INFO) Rolling 5 log file(s)...
[2015/11/04 11:38:52.107] (ERROR) Unable to write to "/var/data/WbcRZ74132.parquet": Permission denied (EACCES)
[2015/11/04 11:38:52.107] (INFO) Flushed 35 buffers to disk.
[2015/11/04 11:38:52.107] (WARN) Unable to ping supervisor at 192.168.173.109. Retrying.
[2015/11/04 11:38:52.107] (WARN) Ignoring SIGTERM. It's not that easy to get rid of me.
[2015/11/04 11:38:52.107] (INFO) Checkpointing off-heap server memory...
[2015/11/04 11:38:52.107] (INFO) Flushed 25 buffers to disk.
[2015/11/04 11:38:52.107] (INFO) Waiting for supervisor process (PID 46062) to die.
[2015/11/04 11:38:52.107] (INFO) Checked file systems for errors: All filesystems OK.
[2015/11/04 11:38:52.108] (INFO) Rolling 4 log file(s)...
[2015/11/04 11:38:52.108] (INFO) User "eit3544" logged out.
[2015/11/04 11:38:52.108] (INFO) Device 0xd597 is online.
[2015/11/04 11:38:52.108] (WARN) Master took 837 ms to respond (threshold=500 ms)
[2015/11/04 11:38:52.108] (INFO) User "qon1268" logged out due to inactivity (timeout=30 minutes).
[2015/11/04 11:38:52.108] (INFO) .evian ylbirret si emehcs otpyrc ym neht ,siht daer nac uoy fI
[2015/11/04 11:38:52.108] (INFO) Network heartbeat check: All OK.
[2015/11/04 11:38:52.108] (INFO) User "svw9856" logged out.
[2015/11/04 11:38:52.108] (INFO) Backed up all server logs.
[2015/11/04 11:38:52.108] (ERROR) Detected clock skew! Restarting NTP server.
[2015/11/04 11:38:52.108] (INFO) Supervisor has entered SUSPENDED state.
[2015/11/04 11:38:52.108] (INFO) Alien monitor (aliend): Detected no space aliens.
[2015/11/04 11:38:52.108] (INFO) User "flv3571" logged out due to inactivity (timeout=30 minutes).
[2015/11/04 11:38:52.108] (WARN) There is no such thing as a free lunch.
[2015/11/04 11:38:52.108] (WARN) Unable to ping monitor at 10.29.52.122. Retrying.
[2015/11/04 11:38:52.108] (ERROR) EFOODFAIL (Waiter, there's a fly in my soup).
[2015/11/04 11:38:52.108] (ERROR) Extra characters at end of line.
[2015/11/04 11:38:52.108] (ERROR) Worker 8 died with SIGABRT. Restarting it.
[2015/11/04 11:38:52.108] (ERROR) Failed to open "/mnt/fileserver02/NEcgl71181.xslx": NFS timeout.
[2015/11/04 11:38:52.108] (INFO) Network heartbeat check: All OK.
[2015/11/04 11:38:52.108] (INFO) Pinging watchdog timer process: Process is alive.
[2015/11/04 11:38:52.108] (INFO) Checkpointing off-heap server memory...
[2015/11/04 11:38:52.108] (INFO) Network heartbeat check: All OK.
[2015/11/04 11:38:52.108] (WARN) Unable to ping worker at 172.16.83.249. Retrying.
[2015/11/04 11:38:52.108] (INFO) Alien monitor (aliend): Detected no space aliens.
[2015/11/04 11:38:52.108] (INFO) Network heartbeat check: All OK.
[2015/11/04 11:38:52.108] (INFO) Backed up all server logs.
[2015/11/04 11:38:52.108] (INFO) Backed up all server logs.
[2015/11/04 11:38:52.108] (INFO) Checked file systems for errors: All filesystems OK.
[2015/11/04 11:38:52.108] (INFO) Backed up all server logs.
[2015/11/04 11:38:52.108] (INFO) User "vse8308" logged out due to inactivity (timeout=30 minutes).
[2015/11/04 11:38:52.108] (INFO) Supervisor has entered WAITING state.
[2015/11/04 11:38:52.108] (INFO) Your mother called. She says you never call her.
[2015/11/04 11:38:52.108] (INFO) Rolling 1 log file(s)...
[2015/11/04 11:38:52.108] (INFO) Rolling 8 log file(s)...
[2015/11/04 11:38:52.108] (INFO) User "oll3415" logged in from 192.168.192.137.
[2015/11/04 11:38:52.108] (WARN) Backup server 172.16.153.182 is offline.
[2015/11/04 11:38:52.108] (INFO) .evian ylbirret si emehcs otpyrc ym neht ,siht daer nac uoy fI
[2015/11/04 11:38:52.108] (INFO) .evian ylbirret si emehcs otpyrc ym neht ,siht daer nac uoy fI
[2015/11/04 11:38:52.108] (INFO) Supervisor has entered RUNNING state.
[2015/11/04 11:38:52.108] (WARN) Space on disk /dev/sdf2 is low: Only 822 MB available.
[2015/11/04 11:38:52.108] (INFO) User "sea3953" logged in from 10.100.45.11.
[2015/11/04 11:38:52.108] (INFO) Network heartbeat check: All OK.
[2015/11/04 11:38:52.108] (INFO) Device 0x4fb5 is online.
[2015/11/04 11:38:52.108] (INFO) User "svl1031" logged out.
[2015/11/04 11:38:52.108] (ERROR) /dev/lp error: "PC LOAD LETTER"
[2015/11/04 11:38:52.108] (INFO) Network heartbeat check: All OK.
[2015/11/04 11:38:52.108] (INFO) Pinging watchdog timer process: Process is alive.
[2015/11/04 11:38:52.108] (WARN) Dropped 11,323 corrupt data packets.
[2015/11/04 11:38:52.108] (INFO) Supervisor has entered SUSPENDED state.
[2015/11/04 11:38:52.108] (INFO) Supervisor has entered WAITING state.
[2015/11/04 11:38:52.108] (INFO) Device 0xfb24 is online.
[2015/11/04 11:38:52.108] (INFO) Rolling 9 log file(s)...
[2015/11/04 11:38:52.108] (INFO) Alien monitor (aliend): Detected no space aliens.
[2015/11/04 11:38:52.108] (INFO) Checkpointing off-heap server memory...
[2015/11/04 11:38:52.108] (INFO) Rolling 7 log file(s)...
[2015/11/04 11:38:52.108] (INFO) User "wds6631" logged out due to inactivity (timeout=30 minutes).
[2015/11/04 11:38:52.108] (INFO) Your mother called. She says you never call her.
[2015/11/04 11:38:52.108] (INFO) User "bzt7076" logged in from 10.147.4.55.
[2015/11/04 11:38:52.108] (INFO) Network heartbeat check: All OK.
[2015/11/04 11:38:52.108] (INFO) Backed up all server logs.
[2015/11/04 11:38:52.108] (INFO) Supervisor has entered RUNNING state.
[2015/11/04 11:38:52.608] (WARN) Backup server 192.168.14.83 is offline.
[2015/11/04 11:38:52.608] (INFO) Checked file systems for errors: All filesystems OK.
[2015/11/04 11:38:52.608] (ERROR) Detected incoming DDoS from 192.168.57.55.
[2015/11/04 11:38:52.608] (INFO) Network heartbeat check: All OK.
[2015/11/04 11:38:52.608] (INFO) Checked file systems for errors: All filesystems OK.
[2015/11/04 11:38:52.608] (INFO) User "zxk5636" logged in from 172.16.35.205.
[2015/11/04 11:38:52.608] (INFO) Backed up all server logs.
[2015/11/04 11:38:52.608] (INFO) .evian ylbirret si emehcs otpyrc ym neht ,siht daer nac uoy fI
[2015/11/04 11:38:52.608] (WARN) Network heartbeat check: 2 server(s) did not respond.
[2015/11/04 11:38:52.608] (INFO) Flushed 41 buffers to disk.
[2015/11/04 11:38:52.608] (INFO) Alien monitor (aliend): Detected no space aliens.
[2015/11/04 11:38:52.608] (INFO) Device 0x7901 is online.
[2015/11/04 11:38:52.608] (WARN) CPU temperature exceeds 40º Celsius.
[2015/11/04 11:38:52.608] (INFO) Supervisor has entered SUSPENDED state.
[2015/11/04 11:38:52.608] (ERROR) Unable to write to "/var/data/Cqtak64373.xml": Permission denied (EACCES)
[2015/11/04 11:38:52.608] (INFO) Checkpointing off-heap server memory...
[2015/11/04 11:38:52.608] (INFO) User "fki8105" logged out due to inactivity (timeout=30 minutes).
[2015/11/04 11:38:52.608] (INFO) User "qeu9362" logged in from 192.168.121.236.
[2015/11/04 11:38:52.608] (INFO) .evian ylbirret si emehcs otpyrc ym neht ,siht daer nac uoy fI
[2015/11/04 11:38:52.608] (INFO) User "fto1407" logged in from 192.168.206.152.
[2015/11/04 11:38:52.608] (INFO) Waiting for worker process (PID 60784) to die.
[2015/11/04 11:38:52.608] (INFO) User "eqb3389" logged out due to inactivity (timeout=30 minutes).
[2015/11/04 11:38:52.608] (ERROR) Server log backup FAILED. See backup logs.
[2015/11/04 11:38:52.608] (INFO) Network heartbeat check: All OK.
[2015/11/04 11:38:52.608] (INFO) Sending SIGTERM to 4 excess workers.
[2015/11/04 11:38:52.608] (INFO) User "znk4959" logged in from 10.29.37.115.
[2015/11/04 11:38:52.608] (WARN) Possible cyber-attack from Russia.
[2015/11/04 11:38:52.608] (INFO) Checkpointing off-heap server memory...
[2015/11/04 11:38:52.608] (INFO) Supervisor has entered RESTARTING state.
[2015/11/04 11:38:52.608] (INFO) .evian ylbirret si emehcs otpyrc ym neht ,siht daer nac uoy fI
[2015/11/04 11:38:52.608] (INFO) Network heartbeat check: All OK.
[2015/11/04 11:38:52.608] (INFO) Flushed 73 buffers to disk.
[2015/11/04 11:38:52.608] (INFO) Your mother called. She says you never call her.
[2015/11/04 11:38:52.608] (INFO) Checked file systems for errors: All filesystems OK.
[2015/11/04 11:38:52.608] (WARN) Network heartbeat check: 6 server(s) did not respond.
[2015/11/04 11:38:52.608] (INFO) Backed up all server logs.
[2015/11/04 11:38:52.608] (INFO) Pinging watchdog timer process: Process is alive.
[2015/11/04 11:38:52.608] (ERROR) "/var/data/fvxQJ75103.parquet": No such file or directory (ENOENT)
[2015/11/04 11:38:52.608] (INFO) Supervisor has entered RUNNING state.
[2015/11/04 11:38:52.608] (INFO) Backed up all server logs.
[2015/11/04 11:38:52.608] (INFO) Checkpointing off-heap server memory...
[2015/11/04 11:38:52.608] (INFO) Checked file systems for errors: All filesystems OK.
[2015/11/04 11:38:52.608] (INFO) Flushed 92 buffers to disk.
[2015/11/04 11:38:52.608] (WARN) Possible cyber-attack from Nebraska.
[2015/11/04 11:38:52.608] (INFO) Alien monitor (aliend): Detected no space aliens.
[2015/11/04 11:38:52.608] (ERROR) CPU temperature exceeds 50º Celsius. Shutting down.
[2015/11/04 11:38:52.608] (INFO) Pinging watchdog timer process: Process is alive.
[2015/11/04 11:38:52.608] (INFO) Waiting for master process (PID 54921) to die.
[2015/11/04 11:38:52.608] (INFO) User "ejd1645" logged in from 10.162.243.224.
[2015/11/04 11:38:52.608] (WARN) Unable to ping worker at 10.69.229.24. Retrying.
[2015/11/04 11:38:52.608] (INFO) .evian ylbirret si emehcs otpyrc ym neht ,siht daer nac uoy fI
[2015/11/04 11:38:52.608] (INFO) Waiting for master process (PID 6048) to die.
[2015/11/04 11:38:52.608] (INFO) Device 0x65c7 is online.
[2015/11/04 11:38:52.608] (INFO) Checked file systems for errors: All filesystems OK.
[2015/11/04 11:38:52.608] (INFO) User "pqi6137" logged out.
[2015/11/04 11:38:52.608] (INFO) Sending SIGTERM to 3 excess workers.
[2015/11/04 11:38:52.608] (INFO) Waiting for worker process (PID 51692) to die.
[2015/11/04 11:38:52.608] (INFO) User "zwr5005" logged in from 10.68.13.23.
[2015/11/04 11:38:52.608] (INFO) Checked file systems for errors: All filesystems OK.
[2015/11/04 11:38:52.608] (INFO) Device 0x0495 is online.
[2015/11/04 11:38:52.608] (INFO) Flushed 33 buffers to disk.
[2015/11/04 11:38:52.608] (INFO) Device 0x7f57 is online.
[2015/11/04 11:38:52.608] (INFO) Flushed 32 buffers to disk.
[2015/11/04 11:38:52.608] (INFO) User "jqj9369" logged out.
[2015/11/04 11:38:52.608] (INFO) Device 0x5805 is online.
[2015/11/04 11:38:52.608] (INFO) Waiting for master process (PID 55247) to die.
[2015/11/04 11:38:52.608] (INFO) Backed up all server logs.
[2015/11/04 11:38:52.608] (INFO) Checkpointing off-heap server memory...
[2015/11/04 11:38:52.608] (WARN) Network heartbeat check: 17 server(s) did not respond.
[2015/11/04 11:38:52.608] (INFO) Checked file systems for errors: All filesystems OK.
[2015/11/04 11:38:52.608] (INFO) Your mother called. She says you never call her.
[2015/11/04 11:38:52.608] (INFO) Device 0x5a0d is online.
[2015/11/04 11:38:52.608] (INFO) Flushed 53 buffers to disk.
[2015/11/04 11:38:52.608] (INFO) User "ljy1850" logged out due to inactivity (timeout=30 minutes).
[2015/11/04 11:38:52.608] (INFO) Device 0x85eb is online.
[2015/11/04 11:38:52.608] (INFO) User "afi5345" logged out.
[2015/11/04 11:38:52.608] (INFO) Rolling 6 log file(s)...
[2015/11/04 11:38:52.608] (WARN) Master took 676 ms to respond (threshold=500 ms)
[2015/11/04 11:38:52.608] (INFO) User "uvb2909" logged out due to inactivity (timeout=30 minutes).
[2015/11/04 11:38:52.608] (INFO) Checked file systems for errors: All filesystems OK.
[2015/11/04 11:38:52.608] (INFO) Sending SIGTERM to 3 excess workers.
[2015/11/04 11:38:52.608] (INFO) User "trz1961" logged out.
[2015/11/04 11:38:52.608] (WARN) CPU temperature exceeds 40º Celsius.
[2015/11/04 11:38:52.608] (INFO) Supervisor has entered SUSPENDED state.
[2015/11/04 11:38:52.608] (INFO) Network heartbeat check: All OK.
[2015/11/04 11:38:52.608] (WARN) CPU temperature exceeds 40º Celsius.
[2015/11/04 11:38:52.608] (INFO) User "aor2077" logged in from 172.16.122.242.
[2015/11/04 11:38:52.608] (INFO) Sending SIGTERM to 3 excess workers.
[2015/11/04 11:38:52.608] (INFO) Checkpointing off-heap server memory...
[2015/11/04 11:38:52.608] (INFO) User "elz6771" logged in from 10.37.100.1.
[2015/11/04 11:38:52.608] (ERROR) Directory index of "/var/data" is forbidden.
[2015/11/04 11:38:52.608] (INFO) User "qjm5458" logged out.
[2015/11/04 11:38:52.608] (WARN) Master took 628 ms to respond (threshold=500 ms)
[2015/11/04 11:38:52.608] (INFO) Flushed 82 buffers to disk.
[2015/11/04 11:38:52.608] (INFO) Flushed 29 buffers to disk.
[2015/11/04 11:38:52.608] (WARN) Unable to ping master at 192.168.209.76. Retrying.
[2015/11/04 11:38:52.608] (INFO) .evian ylbirret si emehcs otpyrc ym neht ,siht daer nac uoy fI
[2015/11/04 11:38:52.608] (INFO) User "cnx5627" logged in from 172.16.9.72.
[2015/11/04 11:38:52.608] (INFO) Alien monitor (aliend): Detected no space aliens.
[2015/11/04 11:38:52.608] (INFO) Rolling 3 log file(s)...
[2015/11/04 11:38:53.108] (INFO) User "dzk6922" logged out.
[2015/11/04 11:38:53.108] (WARN) Retrying server log checkpoint.
[2015/11/04 11:38:53.108] (INFO) User "uwd7302" logged out.
[2015/11/04 11:38:53.108] (INFO) Backed up all server logs.
[2015/11/04 11:38:53.108] (INFO) User "tnh4488" logged out.
[2015/11/04 11:38:53.108] (INFO) Flushed 76 buffers to disk.
[2015/11/04 11:38:53.108] (ERROR) User "edc3560" failed to log in 3 times. Disabling account.
[2015/11/04 11:38:53.108] (INFO) User "uae2282" logged out.
[2015/11/04 11:38:53.108] (INFO) Rolling 5 log file(s)...
[2015/11/04 11:38:53.108] (INFO) Waiting for monitor process (PID 59215) to die.
[2015/11/04 11:38:53.108] (ERROR) Failed to open "/mnt/fileserver02/KIqUO76327.tsv": NFS timeout.
[2015/11/04 11:38:53.108] (WARN) Dropped 2,708 corrupt data packets.
[2015/11/04 11:38:53.108] (INFO) Flushed 88 buffers to disk.
[2015/11/04 11:38:53.108] (WARN) Unable to ping master at 192.168.111.209. Retrying.
[2015/11/04 11:38:53.108] (INFO) Supervisor has entered WAITING state.
[2015/11/04 11:38:53.108] (ERROR) Extra characters at end of line.
[2015/11/04 11:38:53.108] (INFO) User "gzr4091" logged out.
[2015/11/04 11:38:53.108] (INFO) Pinging watchdog timer process: Process is alive.
[2015/11/04 11:38:53.108] (INFO) Rolling 1 log file(s)...
[2015/11/04 11:38:53.108] (ERROR) Device 0xed9a is offline
[2015/11/04 11:38:53.108] (INFO) Checked file systems for errors: All filesystems OK.
[2015/11/04 11:38:53.108] (INFO) User "slu2011" logged out due to inactivity (timeout=30 minutes).
[2015/11/04 11:38:53.108] (INFO) Alien monitor (aliend): Detected no space aliens.
[2015/11/04 11:38:53.108] (INFO) Alien monitor (aliend): Detected no space aliens.
[2015/11/04 11:38:53.108] (INFO) User "mak1973" logged out due to inactivity (timeout=30 minutes).
[2015/11/04 11:38:53.108] (INFO) Sending SIGTERM to 3 excess workers.
[2015/11/04 11:38:53.108] (INFO) .evian ylbirret si emehcs otpyrc ym neht ,siht daer nac uoy fI
[2015/11/04 11:38:53.108] (WARN) Ignoring SIGTERM. It's not that easy to get rid of me.
[2015/11/04 11:38:53.108] (INFO) User "vfr6001" logged out.
[2015/11/04 11:38:53.108] (INFO) User "fuz4188" logged in from 192.168.151.90.
[2015/11/04 11:38:53.108] (INFO) Your mother called. She says you never call her.
[2015/11/04 11:38:53.108] (INFO) Device 0xd6ab is online.
[2015/11/04 11:38:53.108] (INFO) Checkpointing off-heap server memory...
[2015/11/04 11:38:53.108] (ERROR) Alien monitor (aliend): 4 space aliens are fiddling with the hardware!
[2015/11/04 11:38:53.108] (INFO) Pinging watchdog timer process: Process is alive.
[2015/11/04 11:38:53.108] (INFO) Backed up all server logs.
[2015/11/04 11:38:53.108] (INFO) User "xwc6135" logged in from 172.16.59.210.
[2015/11/04 11:38:53.108] (INFO) User "skq3017" logged out.
[2015/11/04 11:38:53.108] (INFO) User "jee6339" logged out.
[2015/11/04 11:38:53.108] (INFO) Network heartbeat check: All OK.
[2015/11/04 11:38:53.108] (INFO) Checkpointing off-heap server memory...
[2015/11/04 11:38:53.108] (INFO) .evian ylbirret si emehcs otpyrc ym neht ,siht daer nac uoy fI
[2015/11/04 11:38:53.108] (INFO) Network heartbeat check: All OK.
[2015/11/04 11:38:53.108] (INFO) Network heartbeat check: All OK.
[2015/11/04 11:38:53.108] (INFO) Waiting for supervisor process (PID 60881) to die.
[2015/11/04 11:38:53.108] (ERROR) User "hqg1037" failed to log in 3 times. Disabling account.
[2015/11/04 11:38:53.108] (WARN) Watchdog timer crashed. Restarting it.
[2015/11/04 11:38:53.108] (INFO) User "vog4300" logged in from 192.168.96.208.
[2015/11/04 11:38:53.108] (INFO) Checkpointing off-heap server memory...
[2015/11/04 11:38:53.108] (ERROR) User "zdq4646" failed to log in 3 times. Disabling account.
[2015/11/04 11:38:53.108] (INFO) User "hpq6720" logged out.
[2015/11/04 11:38:53.108] (INFO) User "srh9287" logged out.
[2015/11/04 11:38:53.108] (INFO) Pinging watchdog timer process: Process is alive.
[2015/11/04 11:38:53.108] (WARN) There is no such thing as a free lunch.
[2015/11/04 11:38:53.108] (INFO) .evian ylbirret si emehcs otpyrc ym neht ,siht daer nac uoy fI
[2015/11/04 11:38:53.108] (WARN) There is no such thing as a free lunch.
[2015/11/04 11:38:53.108] (INFO) Rolling 7 log file(s)...
[2015/11/04 11:38:53.108] (WARN) CPU temperature exceeds 40º Celsius.
[2015/11/04 11:38:53.108] (INFO) User "muy4727" logged out.
[2015/11/04 11:38:53.108] (ERROR) Detected incoming DDoS from 192.168.63.42.
[2015/11/04 11:38:53.108] (INFO) Alien monitor (aliend): Detected no space aliens.
[2015/11/04 11:38:53.108] (INFO) Network heartbeat check: All OK.
[2015/11/04 11:38:53.108] (ERROR) Alien monitor (aliend): 3 space aliens are fiddling with the hardware!
[2015/11/04 11:38:53.108] (WARN) Possible cyber-attack from China.
[2015/11/04 11:38:53.108] (INFO) Checkpointing off-heap server memory...
[2015/11/04 11:38:53.108] (INFO) Flushed 45 buffers to disk.
[2015/11/04 11:38:53.108] (INFO) Sending SIGTERM to 3 excess workers.
[2015/11/04 11:38:53.108] (INFO) Waiting for monitor process (PID 7998) to die.
[2015/11/04 11:38:53.108] (INFO) .evian ylbirret si emehcs otpyrc ym neht ,siht daer nac uoy fI
[2015/11/04 11:38:53.108] (INFO) Rolling 6 log file(s)...
[2015/11/04 11:38:53.108] (INFO) Sending SIGTERM to 4 excess workers.
[2015/11/04 11:38:53.108] (INFO) Supervisor has entered WAITING state.
[2015/11/04 11:38:53.108] (INFO) Waiting for worker process (PID 47189) to die.
[2015/11/04 11:38:53.108] (INFO) Device 0x0035 is online.
[2015/11/04 11:38:53.108] (INFO) .evian ylbirret si emehcs otpyrc ym neht ,siht daer nac uoy fI
[2015/11/04 11:38:53.108] (INFO) Backed up all server logs.
[2015/11/04 11:38:53.108] (INFO) Device 0x2f0c is online.
[2015/11/04 11:38:53.108] (INFO) Your mother called. She says you never call her.
[2015/11/04 11:38:53.108] (INFO) Rolling 2 log file(s)...
[2015/11/04 11:38:53.108] (INFO) Alien monitor (aliend): Detected no space aliens.
[2015/11/04 11:38:53.108] (INFO) Waiting for monitor process (PID 5196) to die.
[2015/11/04 11:38:53.108] (INFO) .evian ylbirret si emehcs otpyrc ym neht ,siht daer nac uoy fI
[2015/11/04 11:38:53.108] (INFO) Alien monitor (aliend): Detected no space aliens.
[2015/11/04 11:38:53.108] (WARN) Ignoring SIGTERM. It's not that easy to get rid of me.
[2015/11/04 11:38:53.108] (INFO) User "lej3316" logged in from 172.16.221.195.
[2015/11/04 11:38:53.108] (ERROR) EFOODFAIL (Waiter, there's a fly in my soup).
[2015/11/04 11:38:53.108] (INFO) Backed up all server logs.
[2015/11/04 11:38:53.108] (INFO) Supervisor has entered WAITING state.
[2015/11/04 11:38:53.108] (INFO) Rolling 6 log file(s)...
[2015/11/04 11:38:53.108] (INFO) .evian ylbirret si emehcs otpyrc ym neht ,siht daer nac uoy fI
[2015/11/04 11:38:53.108] (WARN) Watchdog timer crashed. Restarting it.
[2015/11/04 11:38:53.108] (INFO) Your mother called. She says you never call her.
[2015/11/04 11:38:53.108] (INFO) Backed up all server logs.
[2015/11/04 11:38:53.108] (INFO) User "pdg2430" logged in from 192.168.145.27.
[2015/11/04 11:38:53.108] (WARN) Watchdog timer crashed. Restarting it.
[2015/11/04 11:38:53.108] (WARN) Master took 856 ms to respond (threshold=500 ms)
[2015/11/04 11:38:53.108] (INFO) User "hgh2266" logged in from 172.16.197.216.
[2015/11/04 11:38:53.108] (INFO) Waiting for monitor process (PID 11345) to die.
[2015/11/04 11:38:53.108] (INFO) Pinging watchdog timer process: Process is alive.
[2015/11/04 11:38:53.108] (INFO) Your mother called. She says you never call her.
[2015/11/04 11:38:53.608] (INFO) .evian ylbirret si emehcs otpyrc ym neht ,siht daer nac uoy fI
[2015/11/04 11:38:53.608] (WARN) Watchdog timer crashed. Restarting it.
[2015/11/04 11:38:53.608] (INFO) Flushed 49 buffers to disk.
[2015/11/04 11:38:53.608] (INFO) User "bqn6827" logged out.
[2015/11/04 11:38:53.608] (INFO) Checkpointing off-heap server memory...
[2015/11/04 11:38:53.608] (INFO) User "jnu6342" logged out.
[2015/11/04 11:38:53.608] (INFO) Device 0x1ab9 is online.
[2015/11/04 11:38:53.608] (WARN) Master took 896 ms to respond (threshold=500 ms)
[2015/11/04 11:38:53.608] (INFO) Alien monitor (aliend): Detected no space aliens.
[2015/11/04 11:38:53.608] (INFO) Supervisor has entered SUSPENDED state.
[2015/11/04 11:38:53.608] (INFO) User "dnh5792" logged out.
[2015/11/04 11:38:53.608] (ERROR) Connection to 10.188.92.187 terminated unexpectedly. Reconnecting.
[2015/11/04 11:38:53.608] (INFO) Backed up all server logs.
[2015/11/04 11:38:53.608] (INFO) User "rgh2803" logged out due to inactivity (timeout=30 minutes).
[2015/11/04 11:38:53.608] (WARN) Ignoring SIGTERM. It's not that easy to get rid of me.
[2015/11/04 11:38:53.608] (INFO) Network heartbeat check: All OK.
[2015/11/04 11:38:53.608] (INFO) User "yhj7917" logged in from 10.233.30.102.
[2015/11/04 11:38:53.608] (INFO) Device 0xfdb0 is online.
[2015/11/04 11:38:53.608] (INFO) Alien monitor (aliend): Detected no space aliens.
[2015/11/04 11:38:53.608] (ERROR) Unable to write to "/var/data/sxTbC81607.tar.gz": Permission denied (EACCES)
[2015/11/04 11:38:53.608] (ERROR) Detected incoming DDoS from 192.168.76.153.
[2015/11/04 11:38:53.608] (ERROR) Unable to write to "/var/data/oeots59313.tsv": Permission denied (EACCES)
[2015/11/04 11:38:53.608] (ERROR) Directory index of "/var/data" is forbidden.
[2015/11/04 11:38:53.608] (ERROR) "/var/data/kfVFf93654.csv": No such file or directory (ENOENT)
[2015/11/04 11:38:53.608] (WARN) Watchdog timer crashed. Restarting it.
[2015/11/04 11:38:53.608] (INFO) User "viy4856" logged out.
[2015/11/04 11:38:53.608] (INFO) Your mother called. She says you never call her.
[2015/11/04 11:38:53.608] (ERROR) Extra characters at end of line.
[2015/11/04 11:38:53.608] (INFO) Supervisor has entered SUSPENDED state.
[2015/11/04 11:38:53.608] (INFO) Alien monitor (aliend): Detected no space aliens.
[2015/11/04 11:38:53.608] (ERROR) Failed to write checkpoint file "/var/checkpoint/fGDVj54150: No space left on device (ENOSPC)
[2015/11/04 11:38:53.608] (WARN) Unable to ping monitor at 10.65.165.67. Retrying.
[2015/11/04 11:38:53.608] (INFO) Backed up all server logs.
[2015/11/04 11:38:53.608] (ERROR) Detected clock skew! Restarting NTP server.
[2015/11/04 11:38:53.608] (INFO) User "lkz4797" logged in from 10.95.170.121.
[2015/11/04 11:38:53.608] (INFO) User "kxj8271" logged out due to inactivity (timeout=30 minutes).
[2015/11/04 11:38:53.608] (INFO) Waiting for monitor process (PID 19222) to die.
[2015/11/04 11:38:53.608] (INFO) Alien monitor (aliend): Detected no space aliens.
[2015/11/04 11:38:53.608] (INFO) Device 0x2507 is online.
[2015/11/04 11:38:53.608] (INFO) User "rny4204" logged in from 10.149.141.176.
[2015/11/04 11:38:53.608] (INFO) Checkpointing off-heap server memory...
[2015/11/04 11:38:53.608] (ERROR) Connection to 10.168.230.14 terminated unexpectedly. Reconnecting.
[2015/11/04 11:38:53.608] (INFO) User "hty8386" logged in from 10.41.148.94.
[2015/11/04 11:38:53.608] (INFO) Rolling 5 log file(s)...
[2015/11/04 11:38:53.608] (ERROR) Connection to 192.168.230.30 terminated unexpectedly. Reconnecting.
[2015/11/04 11:38:53.608] (WARN) Retrying server log checkpoint.
[2015/11/04 11:38:53.608] (INFO) Network heartbeat check: All OK.
[2015/11/04 11:38:53.608] (INFO) Checked file systems for errors: All filesystems OK.
[2015/11/04 11:38:53.608] (ERROR) Network heartbeat check FAILED: Master host down?
[2015/11/04 11:38:53.608] (INFO) Alien monitor (aliend): Detected no space aliens.
[2015/11/04 11:38:53.608] (INFO) Supervisor has entered SUSPENDED state.
[2015/11/04 11:38:53.608] (INFO) Device 0xbfb6 is online.
[2015/11/04 11:38:53.608] (INFO) Supervisor has entered WAITING state.
[2015/11/04 11:38:53.608] (ERROR) Unable to authenticate user "vor2054": LDAP server isn't responding.
[2015/11/04 11:38:53.608] (WARN) Ignoring SIGTERM. It's not that easy to get rid of me.
[2015/11/04 11:38:53.608] (WARN) Unable to ping worker at 172.16.192.157. Retrying.
[2015/11/04 11:38:53.608] (INFO) User "uxm5779" logged out.
[2015/11/04 11:38:53.608] (INFO) Your mother called. She says you never call her.
[2015/11/04 11:38:53.608] (INFO) User "dfe3148" logged in from 172.16.169.200.
[2015/11/04 11:38:53.608] (INFO) User "bzi2343" logged in from 172.16.54.74.
[2015/11/04 11:38:53.608] (INFO) User "utz5700" logged out due to inactivity (timeout=30 minutes).
[2015/11/04 11:38:53.608] (INFO) User "yxc6901" logged in from 172.16.97.52.
[2015/11/04 11:38:53.608] (INFO) Device 0x1df3 is online.
[2015/11/04 11:38:53.608] (WARN) Backup server 192.168.159.170 is offline.
[2015/11/04 11:38:53.608] (INFO) Sending SIGTERM to 3 excess workers.
[2015/11/04 11:38:53.608] (INFO) User "kym8943" logged out due to inactivity (timeout=30 minutes).
[2015/11/04 11:38:53.608] (WARN) Watchdog timer crashed. Restarting it.
[2015/11/04 11:38:53.608] (INFO) User "xvk3419" logged out.
[2015/11/04 11:38:53.608] (INFO) Sending SIGTERM to 4 excess workers.
[2015/11/04 11:38:53.608] (INFO) Flushed 76 buffers to disk.
[2015/11/04 11:38:53.608] (INFO) Pinging watchdog timer process: Process is alive.
[2015/11/04 11:38:53.608] (INFO) Network heartbeat check: All OK.
[2015/11/04 11:38:53.608] (ERROR) Directory index of "/var/data" is forbidden.
[2015/11/04 11:38:53.608] (INFO) User "rqi1168" logged in from 192.168.4.134.
[2015/11/04 11:38:53.608] (WARN) Possible cyber-attack from Mars.
[2015/11/04 11:38:53.608] (INFO) Checked file systems for errors: All filesystems OK.
[2015/11/04 11:38:53.608] (INFO) User "ifm2065" logged in from 10.146.173.230.
[2015/11/04 11:38:53.608] (ERROR) Worker 9 died with SIGSTOP. Restarting it.
[2015/11/04 11:38:53.608] (INFO) Flushed 52 buffers to disk.
[2015/11/04 11:38:53.608] (INFO) User "vjw2865" logged out.
[2015/11/04 11:38:53.608] (INFO) Sending SIGTERM to 4 excess workers.
[2015/11/04 11:38:53.608] (INFO) Checkpointing off-heap server memory...
[2015/11/04 11:38:53.608] (INFO) Supervisor has entered SUSPENDED state.
[2015/11/04 11:38:53.608] (WARN) Retrying server log checkpoint.
[2015/11/04 11:38:53.608] (INFO) User "coi4628" logged out.
[2015/11/04 11:38:53.608] (INFO) Checkpointing off-heap server memory...
[2015/11/04 11:38:53.608] (ERROR) Server log backup FAILED. See backup logs.
[2015/11/04 11:38:53.608] (INFO) Checkpointing off-heap server memory...
[2015/11/04 11:38:53.608] (INFO) Device 0x8ad5 is online.
[2015/11/04 11:38:53.608] (INFO) Waiting for monitor process (PID 9184) to die.
[2015/11/04 11:38:53.608] (INFO) Alien monitor (aliend): Detected no space aliens.
[2015/11/04 11:38:53.608] (INFO) Checkpointing off-heap server memory...
[2015/11/04 11:38:53.608] (ERROR) Device 0x66c5 is offline
[2015/11/04 11:38:53.608] (INFO) Checked file systems for errors: All filesystems OK.
[2015/11/04 11:38:53.608] (INFO) Sending SIGTERM to 2 excess workers.
[2015/11/04 11:38:53.608] (ERROR) "/var/data/ayqot50891.csv": Permission denied (EACCES)
[2015/11/04 11:38:53.608] (INFO) Rolling 8 log file(s)...
[2015/11/04 11:38:53.608] (INFO) Backed up all server logs.
[2015/11/04 11:38:53.608] (INFO) Supervisor has entered SUSPENDED state.
[2015/11/04 11:38:53.608] (WARN) Master took 569 ms to respond (threshold=500 ms)
[2015/11/04 11:38:54.107] (ERROR) Extra characters at end of line.
[2015/11/04 11:38:54.107] (INFO) Sending SIGTERM to 2 excess workers.
[2015/11/04 11:38:54.107] (INFO) Your mother called. She says you never call her.
[2015/11/04 11:38:54.107] (INFO) Flushed 70 buffers to disk.
[2015/11/04 11:38:54.107] (INFO) Backed up all server logs.
[2015/11/04 11:38:54.107] (INFO) Supervisor has entered SUSPENDED state.
[2015/11/04 11:38:54.107] (INFO) Network heartbeat check: All OK.
[2015/11/04 11:38:54.107] (INFO) User "dzr3297" logged in from 172.16.62.190.
[2015/11/04 11:38:54.107] (INFO) Your mother called. She says you never call her.
[2015/11/04 11:38:54.107] (INFO) Your mother called. She says you never call her.
[2015/11/04 11:38:54.107] (INFO) Waiting for worker process (PID 5228) to die.
[2015/11/04 11:38:54.107] (ERROR) Unable to mount /dev/sdc3. (Time to run fsck?)
[2015/11/04 11:38:54.107] (ERROR) /dev/lp error: "PC LOAD LETTER"
[2015/11/04 11:38:54.107] (INFO) User "fmq2346" logged out.
[2015/11/04 11:38:54.107] (WARN) CPU temperature exceeds 40º Celsius.
[2015/11/04 11:38:54.107] (INFO) Backed up all server logs.
[2015/11/04 11:38:54.107] (WARN) Space on disk /dev/sde1 is low: Only 349 MB available.
[2015/11/04 11:38:54.107] (INFO) Device 0x79ab is online.
[2015/11/04 11:38:54.107] (INFO) User "sjh1462" logged out due to inactivity (timeout=30 minutes).
[2015/11/04 11:38:54.107] (INFO) User "ahv7814" logged in from 192.168.65.57.
[2015/11/04 11:38:54.107] (INFO) Supervisor has entered WAITING state.
[2015/11/04 11:38:54.107] (INFO) Device 0x0342 is online.
[2015/11/04 11:38:54.107] (INFO) Checkpointing off-heap server memory...
[2015/11/04 11:38:54.107] (INFO) Waiting for supervisor process (PID 15180) to die.
[2015/11/04 11:38:54.107] (INFO) Device 0x66bd is online.
[2015/11/04 11:38:54.107] (INFO) Your mother called. She says you never call her.
[2015/11/04 11:38:54.107] (INFO) Pinging watchdog timer process: Process is alive.
[2015/11/04 11:38:54.107] (INFO) Checked file systems for errors: All filesystems OK.
[2015/11/04 11:38:54.107] (INFO) User "tku4134" logged out.
[2015/11/04 11:38:54.107] (INFO) Checked file systems for errors: All filesystems OK.
[2015/11/04 11:38:54.107] (ERROR) Server log backup FAILED. See backup logs.
[2015/11/04 11:38:54.107] (ERROR) Worker 8 died with SIGABRT. Restarting it.
[2015/11/04 11:38:54.107] (INFO) Pinging watchdog timer process: Process is alive.
[2015/11/04 11:38:54.107] (INFO) Flushed 87 buffers to disk.
[2015/11/04 11:38:54.107] (INFO) Supervisor has entered WAITING state.
[2015/11/04 11:38:54.107] (ERROR) Worker 5 died with SIGPOLL. Restarting it.
[2015/11/04 11:38:54.107] (WARN) Master took 837 ms to respond (threshold=500 ms)
[2015/11/04 11:38:54.107] (INFO) Device 0x7661 is online.
[2015/11/04 11:38:54.107] (INFO) User "eat6525" logged out.
[2015/11/04 11:38:54.107] (INFO) Checkpointing off-heap server memory...
[2015/11/04 11:38:54.107] (INFO) User "pbh4128" logged in from 172.16.16.21.
[2015/11/04 11:38:54.107] (INFO) Your mother called. She says you never call her.
[2015/11/04 11:38:54.107] (ERROR) Connection to 172.16.177.122 terminated unexpectedly. Reconnecting.
[2015/11/04 11:38:54.107] (WARN) Space on disk /dev/sda2 is low: Only 613 MB available.
[2015/11/04 11:38:54.107] (INFO) User "nsj1497" logged out due to inactivity (timeout=30 minutes).
[2015/11/04 11:38:54.107] (ERROR) CPU temperature exceeds 50º Celsius. Shutting down.
[2015/11/04 11:38:54.107] (ERROR) User "xir6687" failed to log in 3 times. Disabling account.
[2015/11/04 11:38:54.107] (INFO) Your mother called. She says you never call her.
[2015/11/04 11:38:54.107] (INFO) User "hpt2904" logged in from 192.168.167.232.
[2015/11/04 11:38:54.107] (INFO) Flushed 40 buffers to disk.
[2015/11/04 11:38:54.107] (INFO) Flushed 57 buffers to disk.
[2015/11/04 11:38:54.107] (INFO) Your mother called. She says you never call her.
[2015/11/04 11:38:54.107] (INFO) Checked file systems for errors: All filesystems OK.
[2015/11/04 11:38:54.107] (INFO) User "yyz9019" logged in from 172.16.11.83.
[2015/11/04 11:38:54.107] (INFO) Your mother called. She says you never call her.
[2015/11/04 11:38:54.107] (INFO) Pinging watchdog timer process: Process is alive.
[2015/11/04 11:38:54.107] (INFO) Checkpointing off-heap server memory...
[2015/11/04 11:38:54.107] (WARN) Network heartbeat check: 11 server(s) did not respond.
[2015/11/04 11:38:54.107] (INFO) Waiting for master process (PID 3193) to die.
[2015/11/04 11:38:54.107] (INFO) Backed up all server logs.
[2015/11/04 11:38:54.107] (INFO) User "ggk3820" logged in from 192.168.205.91.
[2015/11/04 11:38:54.107] (ERROR) Blocked Little Bobby Tables attack (https://xkcd.com/327/) from 10.46.178.84.
[2015/11/04 11:38:54.107] (INFO) Checked file systems for errors: All filesystems OK.
[2015/11/04 11:38:54.107] (INFO) Pinging watchdog timer process: Process is alive.
[2015/11/04 11:38:54.107] (INFO) Rolling 7 log file(s)...
[2015/11/04 11:38:54.107] (INFO) User "zal2866" logged out.
[2015/11/04 11:38:54.107] (WARN) Master took 783 ms to respond (threshold=500 ms)
[2015/11/04 11:38:54.107] (INFO) Your mother called. She says you never call her.
[2015/11/04 11:38:54.107] (INFO) Sending SIGTERM to 2 excess workers.
[2015/11/04 11:38:54.107] (INFO) Your mother called. She says you never call her.
[2015/11/04 11:38:54.107] (INFO) Network heartbeat check: All OK.
[2015/11/04 11:38:54.107] (INFO) .evian ylbirret si emehcs otpyrc ym neht ,siht daer nac uoy fI
[2015/11/04 11:38:54.107] (INFO) Network heartbeat check: All OK.
[2015/11/04 11:38:54.107] (ERROR) Failed to write checkpoint file "/var/checkpoint/YDjsJ83610: No space left on device (ENOSPC)
[2015/11/04 11:38:54.107] (INFO) Network heartbeat check: All OK.
[2015/11/04 11:38:54.107] (INFO) User "aic3545" logged in from 192.168.123.116.
[2015/11/04 11:38:54.107] (INFO) .evian ylbirret si emehcs otpyrc ym neht ,siht daer nac uoy fI
[2015/11/04 11:38:54.107] (INFO) .evian ylbirret si emehcs otpyrc ym neht ,siht daer nac uoy fI
[2015/11/04 11:38:54.107] (INFO) Device 0x492d is online.
[2015/11/04 11:38:54.107] (ERROR) CPU temperature exceeds 50º Celsius. Shutting down.
[2015/11/04 11:38:54.107] (INFO) Network heartbeat check: All OK.
[2015/11/04 11:38:54.107] (WARN) Dropped 1,270 corrupt data packets.
[2015/11/04 11:38:54.107] (INFO) Device 0xfc57 is online.
[2015/11/04 11:38:54.108] (INFO) Checkpointing off-heap server memory...
[2015/11/04 11:38:54.108] (WARN) Retrying server log checkpoint.
[2015/11/04 11:38:54.108] (WARN) Unable to ping monitor at 10.183.121.197. Retrying.
[2015/11/04 11:38:54.108] (INFO) Backed up all server logs.
[2015/11/04 11:38:54.108] (INFO) Rolling 7 log file(s)...
[2015/11/04 11:38:54.108] (INFO) Backed up all server logs.
[2015/11/04 11:38:54.108] (INFO) Network heartbeat check: All OK.
[2015/11/04 11:38:54.108] (INFO) Your mother called. She says you never call her.
[2015/11/04 11:38:54.108] (INFO) Checkpointing off-heap server memory...
[2015/11/04 11:38:54.108] (INFO) Device 0x3f39 is online.
[2015/11/04 11:38:54.108] (INFO) Flushed 56 buffers to disk.
[2015/11/04 11:38:54.108] (INFO) .evian ylbirret si emehcs otpyrc ym neht ,siht daer nac uoy fI
[2015/11/04 11:38:54.108] (INFO) Checkpointing off-heap server memory...
[2015/11/04 11:38:54.108] (INFO) Sending SIGTERM to 4 excess workers.
[2015/11/04 11:38:54.108] (INFO) Backed up all server logs.
[2015/11/04 11:38:54.108] (WARN) Space on disk /dev/sde3 is low: Only 822 MB available.
[2015/11/04 11:38:54.108] (ERROR) Alien monitor (aliend): 3 space aliens are fiddling with the hardware!
[2015/11/04 11:38:54.608] (INFO) Pinging watchdog timer process: Process is alive.
[2015/11/04 11:38:54.608] (WARN) Watchdog timer crashed. Restarting it.
[2015/11/04 11:38:54.608] (WARN) Network heartbeat check: 4 server(s) did not respond.
[2015/11/04 11:38:54.608] (INFO) Alien monitor (aliend): Detected no space aliens.
[2015/11/04 11:38:54.608] (WARN) Retrying server log checkpoint.
[2015/11/04 11:38:54.608] (INFO) Backed up all server logs.
[2015/11/04 11:38:54.608] (WARN) There is no such thing as a free lunch.
[2015/11/04 11:38:54.608] (INFO) User "eyl3893" logged out.
[2015/11/04 11:38:54.608] (INFO) Checkpointing off-heap server memory...
[2015/11/04 11:38:54.608] (INFO) User "aar4413" logged out.
[2015/11/04 11:38:54.608] (INFO) Checked file systems for errors: All filesystems OK.
[2015/11/04 11:38:54.608] (INFO) Checkpointing off-heap server memory...
[2015/11/04 11:38:54.608] (INFO) Flushed 78 buffers to disk.
[2015/11/04 11:38:54.608] (INFO) .evian ylbirret si emehcs otpyrc ym neht ,siht daer nac uoy fI
[2015/11/04 11:38:54.608] (INFO) Checked file systems for errors: All filesystems OK.
[2015/11/04 11:38:54.608] (INFO) User "jgc2159" logged out.
[2015/11/04 11:38:54.608] (ERROR) CPU temperature exceeds 50º Celsius. Shutting down.
[2015/11/04 11:38:54.608] (INFO) .evian ylbirret si emehcs otpyrc ym neht ,siht daer nac uoy fI
[2015/11/04 11:38:54.608] (INFO) .evian ylbirret si emehcs otpyrc ym neht ,siht daer nac uoy fI
[2015/11/04 11:38:54.608] (INFO) Alien monitor (aliend): Detected no space aliens.
[2015/11/04 11:38:54.608] (ERROR) CPU temperature exceeds 50º Celsius. Shutting down.
[2015/11/04 11:38:54.608] (INFO) Supervisor has entered RESTARTING state.
[2015/11/04 11:38:54.608] (INFO) Backed up all server logs.
[2015/11/04 11:38:54.608] (INFO) .evian ylbirret si emehcs otpyrc ym neht ,siht daer nac uoy fI
[2015/11/04 11:38:54.608] (INFO) Checked file systems for errors: All filesystems OK.
[2015/11/04 11:38:54.608] (INFO) .evian ylbirret si emehcs otpyrc ym neht ,siht daer nac uoy fI
[2015/11/04 11:38:54.608] (INFO) Your mother called. She says you never call her.
[2015/11/04 11:38:54.608] (INFO) Supervisor has entered RESTARTING state.
[2015/11/04 11:38:54.608] (INFO) User "xop7981" logged out due to inactivity (timeout=30 minutes).
[2015/11/04 11:38:54.608] (INFO) Backed up all server logs.
[2015/11/04 11:38:54.608] (WARN) Network heartbeat check: 17 server(s) did not respond.
[2015/11/04 11:38:54.608] (WARN) Ignoring SIGTERM. It's not that easy to get rid of me.
[2015/11/04 11:38:54.608] (INFO) Sending SIGTERM to 2 excess workers.
[2015/11/04 11:38:54.608] (INFO) Flushed 26 buffers to disk.
[2015/11/04 11:38:54.608] (INFO) User "cue7376" logged out.
[2015/11/04 11:38:54.608] (INFO) Checkpointing off-heap server memory...
[2015/11/04 11:38:54.608] (WARN) There is no such thing as a free lunch.
[2015/11/04 11:38:54.608] (WARN) Possible cyber-attack from Antarctica.
[2015/11/04 11:38:54.608] (INFO) Rolling 8 log file(s)...
[2015/11/04 11:38:54.608] (INFO) User "ryh7184" logged out due to inactivity (timeout=30 minutes).
[2015/11/04 11:38:54.608] (INFO) Alien monitor (aliend): Detected no space aliens.
[2015/11/04 11:38:54.608] (INFO) Waiting for worker process (PID 51583) to die.
[2015/11/04 11:38:54.608] (INFO) Pinging watchdog timer process: Process is alive.
[2015/11/04 11:38:54.608] (INFO) Alien monitor (aliend): Detected no space aliens.
[2015/11/04 11:38:54.608] (INFO) Waiting for worker process (PID 11042) to die.
[2015/11/04 11:38:54.608] (INFO) Alien monitor (aliend): Detected no space aliens.
[2015/11/04 11:38:54.608] (INFO) User "iyl9754" logged in from 172.16.50.103.
[2015/11/04 11:38:54.608] (INFO) Your mother called. She says you never call her.
[2015/11/04 11:38:54.608] (WARN) CPU temperature exceeds 40º Celsius.
[2015/11/04 11:38:54.608] (INFO) Alien monitor (aliend): Detected no space aliens.
[2015/11/04 11:38:54.608] (INFO) User "nms9328" logged in from 10.21.40.15.
[2015/11/04 11:38:54.608] (INFO) Supervisor has entered RUNNING state.
[2015/11/04 11:38:54.608] (INFO) User "cqh4166" logged out due to inactivity (timeout=30 minutes).
[2015/11/04 11:38:54.608] (INFO) Pinging watchdog timer process: Process is alive.
[2015/11/04 11:38:54.608] (INFO) User "mab6018" logged out due to inactivity (timeout=30 minutes).
[2015/11/04 11:38:54.608] (INFO) Supervisor has entered RESTARTING state.
[2015/11/04 11:38:54.608] (INFO) User "zmf4624" logged in from 10.179.125.250.
[2015/11/04 11:38:54.608] (WARN) Dropped 8,534 corrupt data packets.
[2015/11/04 11:38:54.608] (INFO) Backed up all server logs.
[2015/11/04 11:38:54.608] (INFO) Rolling 1 log file(s)...
[2015/11/04 11:38:54.608] (INFO) Network heartbeat check: All OK.
[2015/11/04 11:38:54.608] (INFO) Checked file systems for errors: All filesystems OK.
[2015/11/04 11:38:54.608] (INFO) Supervisor has entered RUNNING state.
[2015/11/04 11:38:54.608] (INFO) Sending SIGTERM to 2 excess workers.
[2015/11/04 11:38:54.608] (ERROR) Directory index of "/var/data" is forbidden.
[2015/11/04 11:38:54.608] (INFO) Waiting for monitor process (PID 1046) to die.
[2015/11/04 11:38:54.608] (WARN) There is no such thing as a free lunch.
[2015/11/04 11:38:54.608] (WARN) CPU temperature exceeds 40º Celsius.
[2015/11/04 11:38:54.608] (INFO) Network heartbeat check: All OK.
[2015/11/04 11:38:54.608] (INFO) Checked file systems for errors: All filesystems OK.
[2015/11/04 11:38:54.608] (INFO) Your mother called. She says you never call her.
[2015/11/04 11:38:54.608] (INFO) Alien monitor (aliend): Detected no space aliens.
[2015/11/04 11:38:54.608] (INFO) Supervisor has entered RESTARTING state.
[2015/11/04 11:38:54.608] (INFO) .evian ylbirret si emehcs otpyrc ym neht ,siht daer nac uoy fI
[2015/11/04 11:38:54.608] (INFO) Checkpointing off-heap server memory...
[2015/11/04 11:38:54.608] (WARN) Watchdog timer crashed. Restarting it.
[2015/11/04 11:38:54.608] (INFO) Flushed 73 buffers to disk.
[2015/11/04 11:38:54.608] (ERROR) Connection to 172.16.93.178 terminated unexpectedly. Reconnecting.
[2015/11/04 11:38:54.608] (INFO) User "ltn5213" logged out.
[2015/11/04 11:38:54.608] (INFO) Network heartbeat check: All OK.
[2015/11/04 11:38:54.608] (INFO) Network heartbeat check: All OK.
[2015/11/04 11:38:54.608] (INFO) Checkpointing off-heap server memory...
[2015/11/04 11:38:54.608] (INFO) Supervisor has entered SUSPENDED state.
[2015/11/04 11:38:54.608] (INFO) Your mother called. She says you never call her.
[2015/11/04 11:38:54.608] (INFO) Your mother called. She says you never call her.
[2015/11/04 11:38:54.608] (INFO) Checkpointing off-heap server memory...
[2015/11/04 11:38:54.608] (ERROR) "/var/data/yOlqW56866.xslx": No such file or directory (ENOENT)
[2015/11/04 11:38:54.608] (INFO) User "wrv4801" logged out due to inactivity (timeout=30 minutes).
[2015/11/04 11:38:54.608] (INFO) Backed up all server logs.
[2015/11/04 11:38:54.608] (INFO) Checked file systems for errors: All filesystems OK.
[2015/11/04 11:38:54.608] (INFO) Sending SIGTERM to 3 excess workers.
[2015/11/04 11:38:54.608] (INFO) Checkpointing off-heap server memory...
[2015/11/04 11:38:54.608] (ERROR) User "qia7131" failed to log in 3 times. Disabling account.
[2015/11/04 11:38:54.608] (WARN) Watchdog timer crashed. Restarting it.
[2015/11/04 11:38:54.608] (ERROR) Directory index of "/var/data" is forbidden.
[2015/11/04 11:38:54.608] (INFO) Checkpointing off-heap server memory...
[2015/11/04 11:38:54.608] (INFO) Flushed 47 buffers to disk.
[2015/11/04 11:38:54.608] (INFO) Device 0x1e4c is online.
[2015/11/04 11:38:54.608] (INFO) Rolling 3 log file(s)...
[2015/11/04 11:38:54.608] (INFO) User "nrj8045" logged in from 10.24.157.166.
[2015/11/04 11:38:55.108] (INFO) Rolling 7 log file(s)...
[2015/11/04 11:38:55.108] (INFO) .evian ylbirret si emehcs otpyrc ym neht ,siht daer nac uoy fI
[2015/11/04 11:38:55.108] (ERROR) Extra characters at end of line.
[2015/11/04 11:38:55.108] (INFO) Backed up all server logs.
[2015/11/04 11:38:55.108] (INFO) Checked file systems for errors: All filesystems OK.
[2015/11/04 11:38:55.108] (INFO) .evian ylbirret si emehcs otpyrc ym neht ,siht daer nac uoy fI
[2015/11/04 11:38:55.108] (INFO) Network heartbeat check: All OK.
[2015/11/04 11:38:55.108] (INFO) Rolling 2 log file(s)...
[2015/11/04 11:38:55.108] (INFO) User "lna9289" logged out due to inactivity (timeout=30 minutes).
[2015/11/04 11:38:55.108] (INFO) Checkpointing off-heap server memory...
[2015/11/04 11:38:55.108] (INFO) Checked file systems for errors: All filesystems OK.
[2015/11/04 11:38:55.108] (INFO) Alien monitor (aliend): Detected no space aliens.
[2015/11/04 11:38:55.108] (INFO) Waiting for monitor process (PID 14866) to die.
[2015/11/04 11:38:55.108] (INFO) Rolling 6 log file(s)...
[2015/11/04 11:38:55.108] (INFO) Checkpointing off-heap server memory...
[2015/11/04 11:38:55.108] (INFO) Pinging watchdog timer process: Process is alive.
[2015/11/04 11:38:55.108] (ERROR) Device 0x50ed is offline
[2015/11/04 11:38:55.108] (INFO) Sending SIGTERM to 2 excess workers.
[2015/11/04 11:38:55.108] (INFO) User "nbm9125" logged in from 172.16.80.109.
[2015/11/04 11:38:55.108] (INFO) Checkpointing off-heap server memory...
[2015/11/04 11:38:55.108] (INFO) Pinging watchdog timer process: Process is alive.
[2015/11/04 11:38:55.108] (INFO) Network heartbeat check: All OK.
[2015/11/04 11:38:55.108] (INFO) Supervisor has entered SUSPENDED state.
[2015/11/04 11:38:55.108] (INFO) Device 0x3fb4 is online.
[2015/11/04 11:38:55.108] (INFO) Checkpointing off-heap server memory...
[2015/11/04 11:38:55.108] (INFO) Pinging watchdog timer process: Process is alive.
[2015/11/04 11:38:55.108] (INFO) Supervisor has entered WAITING state.
[2015/11/04 11:38:55.108] (INFO) Device 0xa940 is online.
[2015/11/04 11:38:55.108] (INFO) Checked file systems for errors: All filesystems OK.
[2015/11/04 11:38:55.108] (INFO) User "pjl1923" logged out.
[2015/11/04 11:38:55.108] (INFO) Network heartbeat check: All OK.
[2015/11/04 11:38:55.108] (INFO) Pinging watchdog timer process: Process is alive.
[2015/11/04 11:38:55.108] (INFO) Checkpointing off-heap server memory...
[2015/11/04 11:38:55.108] (ERROR) Unable to authenticate user "jah6398": LDAP server isn't responding.
[2015/11/04 11:38:55.108] (INFO) Rolling 3 log file(s)...
[2015/11/04 11:38:55.108] (INFO) Your mother called. She says you never call her.
[2015/11/04 11:38:55.108] (INFO) Alien monitor (aliend): Detected no space aliens.
[2015/11/04 11:38:55.108] (INFO) User "bwz5335" logged in from 10.69.124.9.
[2015/11/04 11:38:55.108] (INFO) Backed up all server logs.
[2015/11/04 11:38:55.108] (INFO) Pinging watchdog timer process: Process is alive.
[2015/11/04 11:38:55.108] (INFO) Network heartbeat check: All OK.
[2015/11/04 11:38:55.108] (INFO) Device 0xcb91 is online.
[2015/11/04 11:38:55.108] (INFO) .evian ylbirret si emehcs otpyrc ym neht ,siht daer nac uoy fI
[2015/11/04 11:38:55.108] (INFO) Device 0x49f9 is online.
[2015/11/04 11:38:55.108] (INFO) User "uql6717" logged in from 192.168.86.249.
[2015/11/04 11:38:55.108] (INFO) Device 0xd524 is online.
[2015/11/04 11:38:55.108] (INFO) Rolling 7 log file(s)...
[2015/11/04 11:38:55.108] (INFO) Rolling 5 log file(s)...
[2015/11/04 11:38:55.108] (INFO) Supervisor has entered WAITING state.
[2015/11/04 11:38:55.108] (ERROR) CPU temperature exceeds 50º Celsius. Shutting down.
[2015/11/04 11:38:55.108] (INFO) Checkpointing off-heap server memory...
[2015/11/04 11:38:55.108] (INFO) Supervisor has entered SUSPENDED state.
[2015/11/04 11:38:55.108] (INFO) Network heartbeat check: All OK.
[2015/11/04 11:38:55.108] (INFO) User "swh1689" logged out.
[2015/11/04 11:38:55.108] (INFO) Supervisor has entered SUSPENDED state.
[2015/11/04 11:38:55.108] (INFO) Waiting for monitor process (PID 48542) to die.
[2015/11/04 11:38:55.108] (INFO) Waiting for master process (PID 57686) to die.
[2015/11/04 11:38:55.108] (INFO) Waiting for supervisor process (PID 7037) to die.
[2015/11/04 11:38:55.108] (INFO) Sending SIGTERM to 2 excess workers.
[2015/11/04 11:38:55.108] (INFO) Waiting for worker process (PID 10575) to die.
[2015/11/04 11:38:55.108] (INFO) Waiting for master process (PID 23469) to die.
[2015/11/04 11:38:55.108] (INFO) Supervisor has entered RESTARTING state.
[2015/11/04 11:38:55.108] (INFO) Flushed 76 buffers to disk.
[2015/11/04 11:38:55.108] (INFO) Waiting for monitor process (PID 3238) to die.
[2015/11/04 11:38:55.108] (INFO) Network heartbeat check: All OK.
[2015/11/04 11:38:55.108] (INFO) Rolling 8 log file(s)...
[2015/11/04 11:38:55.108] (WARN) Possible cyber-attack from China.
[2015/11/04 11:38:55.108] (INFO) Flushed 53 buffers to disk.
[2015/11/04 11:38:55.108] (INFO) Device 0xea40 is online.
[2015/11/04 11:38:55.108] (INFO) Checked file systems for errors: All filesystems OK.
[2015/11/04 11:38:55.108] (INFO) Your mother called. She says you never call her.
[2015/11/04 11:38:55.108] (INFO) User "bfe2324" logged out due to inactivity (timeout=30 minutes).
[2015/11/04 11:38:55.108] (INFO) User "puq7977" logged out due to inactivity (timeout=30 minutes).
[2015/11/04 11:38:55.108] (INFO) Alien monitor (aliend): Detected no space aliens.
[2015/11/04 11:38:55.108] (WARN) Dropped 2,085 corrupt data packets.
[2015/11/04 11:38:55.108] (INFO) Sending SIGTERM to 4 excess workers.
[2015/11/04 11:38:55.108] (INFO) Checked file systems for errors: All filesystems OK.
[2015/11/04 11:38:55.108] (WARN) CPU temperature exceeds 40º Celsius.
[2015/11/04 11:38:55.108] (INFO) Checked file systems for errors: All filesystems OK.
[2015/11/04 11:38:55.108] (ERROR) Unable to mount /dev/sdb1. (Time to run fsck?)
[2015/11/04 11:38:55.108] (INFO) User "zgc6938" logged in from 10.240.144.191.
[2015/11/04 11:38:55.108] (INFO) User "wia6489" logged in from 172.16.195.98.
[2015/11/04 11:38:55.108] (INFO) Flushed 62 buffers to disk.
[2015/11/04 11:38:55.108] (INFO) Rolling 7 log file(s)...
[2015/11/04 11:38:55.108] (INFO) Supervisor has entered RESTARTING state.
[2015/11/04 11:38:55.108] (INFO) User "cmw5279" logged in from 172.16.218.99.
[2015/11/04 11:38:55.108] (ERROR) Detected clock skew! Restarting NTP server.
[2015/11/04 11:38:55.108] (INFO) User "xxe2009" logged out due to inactivity (timeout=30 minutes).
[2015/11/04 11:38:55.108] (INFO) Flushed 72 buffers to disk.
[2015/11/04 11:38:55.108] (INFO) Checked file systems for errors: All filesystems OK.
[2015/11/04 11:38:55.108] (INFO) Alien monitor (aliend): Detected no space aliens.
[2015/11/04 11:38:55.108] (INFO) Rolling 7 log file(s)...
[2015/11/04 11:38:55.108] (INFO) User "iwn2435" logged in from 172.16.45.46.
[2015/11/04 11:38:55.108] (INFO) Backed up all server logs.
[2015/11/04 11:38:55.108] (INFO) Waiting for worker process (PID 39652) to die.
[2015/11/04 11:38:55.108] (INFO) Device 0x3a16 is online.
[2015/11/04 11:38:55.108] (INFO) Sending SIGTERM to 4 excess workers.
[2015/11/04 11:38:55.108] (INFO) User "wca8001" logged out due to inactivity (timeout=30 minutes).
[2015/11/04 11:38:55.108] (INFO) User "nps6392" logged in from 10.137.138.248.
[2015/11/04 11:38:55.108] (INFO) User "bmp7098" logged in from 192.168.176.232.
[2015/11/04 11:38:55.608] (INFO) Pinging watchdog timer process: Process is alive.
[2015/11/04 11:38:55.608] (WARN) There is no such thing as a free lunch.
[2015/11/04 11:38:55.608] (INFO) Network heartbeat check: All OK.
[2015/11/04 11:38:55.608] (INFO) Your mother called. She says you never call her.
[2015/11/04 11:38:55.608] (INFO) Your mother called. She says you never call her.
[2015/11/04 11:38:55.608] (INFO) Supervisor has entered SUSPENDED state.
[2015/11/04 11:38:55.608] (INFO) Network heartbeat check: All OK.
[2015/11/04 11:38:55.608] (INFO) Backed up all server logs.
[2015/11/04 11:38:55.608] (INFO) Alien monitor (aliend): Detected no space aliens.
[2015/11/04 11:38:55.608] (INFO) .evian ylbirret si emehcs otpyrc ym neht ,siht daer nac uoy fI
[2015/11/04 11:38:55.608] (ERROR) User "scu3880" failed to log in 3 times. Disabling account.
[2015/11/04 11:38:55.608] (INFO) Rolling 7 log file(s)...
[2015/11/04 11:38:55.608] (INFO) Flushed 41 buffers to disk.
[2015/11/04 11:38:55.608] (INFO) Backed up all server logs.
[2015/11/04 11:38:55.608] (INFO) Flushed 71 buffers to disk.
[2015/11/04 11:38:55.608] (INFO) Rolling 8 log file(s)...
[2015/11/04 11:38:55.608] (WARN) Possible cyber-attack from a small unnamed island.
[2015/11/04 11:38:55.608] (WARN) Master took 550 ms to respond (threshold=500 ms)
[2015/11/04 11:38:55.608] (ERROR) /dev/lp error: "PC LOAD LETTER"
[2015/11/04 11:38:55.608] (INFO) User "vat2546" logged out due to inactivity (timeout=30 minutes).
[2015/11/04 11:38:55.608] (INFO) Alien monitor (aliend): Detected no space aliens.
[2015/11/04 11:38:55.608] (INFO) Device 0xd805 is online.
[2015/11/04 11:38:55.608] (WARN) Possible cyber-attack from China.
[2015/11/04 11:38:55.608] (INFO) Device 0x5e71 is online.
[2015/11/04 11:38:55.608] (INFO) Flushed 91 buffers to disk.
[2015/11/04 11:38:55.608] (INFO) User "xhb2776" logged out due to inactivity (timeout=30 minutes).
[2015/11/04 11:38:55.608] (INFO) Checked file systems for errors: All filesystems OK.
[2015/11/04 11:38:55.608] (INFO) .evian ylbirret si emehcs otpyrc ym neht ,siht daer nac uoy fI
[2015/11/04 11:38:55.608] (INFO) Device 0x007d is online.
[2015/11/04 11:38:55.608] (INFO) .evian ylbirret si emehcs otpyrc ym neht ,siht daer nac uoy fI
[2015/11/04 11:38:55.608] (INFO) Checked file systems for errors: All filesystems OK.
[2015/11/04 11:38:55.608] (INFO) Checkpointing off-heap server memory...
[2015/11/04 11:38:55.608] (ERROR) Unable to authenticate user "luo5623": LDAP server isn't responding.
[2015/11/04 11:38:55.608] (ERROR) Unable to mount /dev/sdb1. (Time to run fsck?)
[2015/11/04 11:38:55.608] (INFO) Supervisor has entered RESTARTING state.
[2015/11/04 11:38:55.608] (INFO) Sending SIGTERM to 2 excess workers.
[2015/11/04 11:38:55.608] (INFO) Network heartbeat check: All OK.
[2015/11/04 11:38:55.608] (INFO) Checkpointing off-heap server memory...
[2015/11/04 11:38:55.608] (INFO) Supervisor has entered SUSPENDED state.
[2015/11/04 11:38:55.608] (INFO) User "kqq2668" logged out.
[2015/11/04 11:38:55.608] (INFO) Waiting for master process (PID 38889) to die.
[2015/11/04 11:38:55.608] (INFO) Device 0x31a8 is online.
[2015/11/04 11:38:55.608] (INFO) User "hqf5623" logged out due to inactivity (timeout=30 minutes).
[2015/11/04 11:38:55.608] (ERROR) Worker 1 died with SIGILL. Restarting it.
[2015/11/04 11:38:55.608] (INFO) Network heartbeat check: All OK.
[2015/11/04 11:38:55.608] (INFO) User "jgz7395" logged in from 192.168.11.129.
[2015/11/04 11:38:55.608] (INFO) .evian ylbirret si emehcs otpyrc ym neht ,siht daer nac uoy fI
[2015/11/04 11:38:55.608] (INFO) User "awy4842" logged out due to inactivity (timeout=30 minutes).
[2015/11/04 11:38:55.608] (INFO) Pinging watchdog timer process: Process is alive.
[2015/11/04 11:38:55.608] (ERROR) Blocked nmap traffic originating from 172.16.218.26.
[2015/11/04 11:38:55.608] (INFO) Supervisor has entered RUNNING state.
[2015/11/04 11:38:55.608] (ERROR) Network heartbeat check FAILED: Master host down?
[2015/11/04 11:38:55.608] (INFO) Rolling 8 log file(s)...
[2015/11/04 11:38:55.608] (INFO) Supervisor has entered SUSPENDED state.
[2015/11/04 11:38:55.608] (INFO) Device 0x9aac is online.
[2015/11/04 11:38:55.608] (INFO) Supervisor has entered SUSPENDED state.
[2015/11/04 11:38:55.608] (INFO) User "zzx1261" logged out due to inactivity (timeout=30 minutes).
[2015/11/04 11:38:55.608] (WARN) Watchdog timer crashed. Restarting it.
[2015/11/04 11:38:55.608] (WARN) Ignoring SIGTERM. It's not that easy to get rid of me.
[2015/11/04 11:38:55.608] (INFO) Device 0xe0fd is online.
[2015/11/04 11:38:55.608] (INFO) .evian ylbirret si emehcs otpyrc ym neht ,siht daer nac uoy fI
[2015/11/04 11:38:55.608] (INFO) User "btt8222" logged out due to inactivity (timeout=30 minutes).
[2015/11/04 11:38:55.608] (INFO) Rolling 7 log file(s)...
[2015/11/04 11:38:55.608] (INFO) Checked file systems for errors: All filesystems OK.
[2015/11/04 11:38:55.608] (INFO) Your mother called. She says you never call her.
[2015/11/04 11:38:55.608] (INFO) User "ytc2134" logged out.
[2015/11/04 11:38:55.608] (INFO) Sending SIGTERM to 2 excess workers.
[2015/11/04 11:38:55.608] (INFO) Checked file systems for errors: All filesystems OK.
[2015/11/04 11:38:55.608] (ERROR) "/var/data/MpCue91832.csv": Permission denied (EACCES)
[2015/11/04 11:38:55.608] (INFO) Device 0x79e7 is online.
[2015/11/04 11:38:55.608] (WARN) Space on disk /dev/sda2 is low: Only 877 MB available.
[2015/11/04 11:38:55.608] (WARN) There is no such thing as a free lunch.
[2015/11/04 11:38:55.608] (INFO) Pinging watchdog timer process: Process is alive.
[2015/11/04 11:38:55.608] (INFO) User "iff9657" logged out.
[2015/11/04 11:38:55.608] (INFO) .evian ylbirret si emehcs otpyrc ym neht ,siht daer nac uoy fI
[2015/11/04 11:38:55.608] (ERROR) "/var/data/NuUEK91045.parquet": No such file or directory (ENOENT)
[2015/11/04 11:38:55.608] (WARN) Retrying server log checkpoint.
[2015/11/04 11:38:55.608] (WARN) Watchdog timer crashed. Restarting it.
[2015/11/04 11:38:55.608] (INFO) Your mother called. She says you never call her.
[2015/11/04 11:38:55.608] (INFO) Pinging watchdog timer process: Process is alive.
[2015/11/04 11:38:55.608] (WARN) Ignoring SIGTERM. It's not that easy to get rid of me.
[2015/11/04 11:38:55.608] (INFO) User "lxj5255" logged out due to inactivity (timeout=30 minutes).
[2015/11/04 11:38:55.608] (INFO) User "tuu7165" logged out due to inactivity (timeout=30 minutes).
[2015/11/04 11:38:55.608] (INFO) Your mother called. She says you never call her.
[2015/11/04 11:38:55.608] (ERROR) Alien monitor (aliend): 2 space aliens are fiddling with the hardware!
[2015/11/04 11:38:55.608] (INFO) Checkpointing off-heap server memory...
[2015/11/04 11:38:55.608] (INFO) Device 0x9b99 is online.
[2015/11/04 11:38:55.608] (INFO) Alien monitor (aliend): Detected no space aliens.
[2015/11/04 11:38:55.608] (INFO) User "tqr6163" logged out due to inactivity (timeout=30 minutes).
[2015/11/04 11:38:55.608] (INFO) Alien monitor (aliend): Detected no space aliens.
[2015/11/04 11:38:55.608] (INFO) Supervisor has entered SUSPENDED state.
[2015/11/04 11:38:55.608] (INFO) Rolling 8 log file(s)...
[2015/11/04 11:38:55.608] (ERROR) CPU temperature exceeds 50º Celsius. Shutting down.
[2015/11/04 11:38:55.608] (INFO) Your mother called. She says you never call her.
[2015/11/04 11:38:55.608] (INFO) Checkpointing off-heap server memory...
[2015/11/04 11:38:55.608] (INFO) Your mother called. She says you never call her.
[2015/11/04 11:38:55.608] (INFO) Sending SIGTERM to 4 excess workers.
[2015/11/04 11:38:55.608] (INFO) Rolling 2 log file(s)...
[2015/11/04 11:38:55.608] (INFO) Sending SIGTERM to 2 excess workers.
[2015/11/04 11:38:55.608] (ERROR) Blocked Little Bobby Tables attack (https://xkcd.com/327/) from 172.16.52.127.
[2015/11/04 11:38:56.108] (INFO) Device 0x8ce7 is online.
[2015/11/04 11:38:56.108] (INFO) Waiting for monitor process (PID 47372) to die.
[2015/11/04 11:38:56.108] (INFO) User "yhg2707" logged in from 10.113.182.83.
[2015/11/04 11:38:56.108] (INFO) Device 0xda11 is online.
[2015/11/04 11:38:56.108] (INFO) User "uij3836" logged out due to inactivity (timeout=30 minutes).
[2015/11/04 11:38:56.108] (INFO) User "eii5814" logged in from 192.168.224.50.
[2015/11/04 11:38:56.108] (INFO) Alien monitor (aliend): Detected no space aliens.
[2015/11/04 11:38:56.108] (ERROR) Blocked Little Bobby Tables attack (https://xkcd.com/327/) from 192.168.92.169.
[2015/11/04 11:38:56.108] (INFO) Your mother called. She says you never call her.
[2015/11/04 11:38:56.108] (INFO) Checkpointing off-heap server memory...
[2015/11/04 11:38:56.108] (INFO) Your mother called. She says you never call her.
[2015/11/04 11:38:56.108] (INFO) .evian ylbirret si emehcs otpyrc ym neht ,siht daer nac uoy fI
[2015/11/04 11:38:56.108] (INFO) Checked file systems for errors: All filesystems OK.
[2015/11/04 11:38:56.108] (INFO) Checkpointing off-heap server memory...
[2015/11/04 11:38:56.108] (INFO) Network heartbeat check: All OK.
[2015/11/04 11:38:56.108] (INFO) Checked file systems for errors: All filesystems OK.
[2015/11/04 11:38:56.108] (INFO) User "iai6226" logged out due to inactivity (timeout=30 minutes).
[2015/11/04 11:38:56.108] (ERROR) Blocked Little Bobby Tables attack (https://xkcd.com/327/) from 192.168.229.251.
[2015/11/04 11:38:56.108] (INFO) User "oov5643" logged out due to inactivity (timeout=30 minutes).
[2015/11/04 11:38:56.108] (INFO) Your mother called. She says you never call her.
[2015/11/04 11:38:56.108] (INFO) .evian ylbirret si emehcs otpyrc ym neht ,siht daer nac uoy fI
[2015/11/04 11:38:56.108] (INFO) Network heartbeat check: All OK.
[2015/11/04 11:38:56.108] (INFO) Your mother called. She says you never call her.
[2015/11/04 11:38:56.108] (INFO) User "lbt5578" logged in from 192.168.246.4.
[2015/11/04 11:38:56.108] (INFO) Device 0x42d5 is online.
[2015/11/04 11:38:56.108] (INFO) .evian ylbirret si emehcs otpyrc ym neht ,siht daer nac uoy fI
[2015/11/04 11:38:56.108] (INFO) User "chg6316" logged out.
[2015/11/04 11:38:56.108] (INFO) Rolling 8 log file(s)...
[2015/11/04 11:38:56.108] (INFO) .evian ylbirret si emehcs otpyrc ym neht ,siht daer nac uoy fI
[2015/11/04 11:38:56.108] (INFO) Supervisor has entered SUSPENDED state.
[2015/11/04 11:38:56.108] (INFO) Device 0x2989 is online.
[2015/11/04 11:38:56.108] (INFO) Waiting for master process (PID 55568) to die.
[2015/11/04 11:38:56.108] (WARN) There is no such thing as a free lunch.
[2015/11/04 11:38:56.108] (INFO) User "tdj1244" logged out.
[2015/11/04 11:38:56.108] (INFO) Network heartbeat check: All OK.
[2015/11/04 11:38:56.108] (INFO) Waiting for supervisor process (PID 6412) to die.
[2015/11/04 11:38:56.108] (WARN) There is no such thing as a free lunch.
[2015/11/04 11:38:56.108] (INFO) Checked file systems for errors: All filesystems OK.
[2015/11/04 11:38:56.108] (INFO) Checked file systems for errors: All filesystems OK.
[2015/11/04 11:38:56.108] (INFO) User "qla3175" logged out.
[2015/11/04 11:38:56.108] (INFO) Supervisor has entered SUSPENDED state.
[2015/11/04 11:38:56.108] (INFO) Checked file systems for errors: All filesystems OK.
[2015/11/04 11:38:56.108] (INFO) Checkpointing off-heap server memory...
[2015/11/04 11:38:56.108] (WARN) Backup server 172.16.204.25 is offline.
[2015/11/04 11:38:56.108] (INFO) Pinging watchdog timer process: Process is alive.
[2015/11/04 11:38:56.108] (INFO) Alien monitor (aliend): Detected no space aliens.
[2015/11/04 11:38:56.108] (INFO) Checked file systems for errors: All filesystems OK.
[2015/11/04 11:38:56.108] (INFO) Device 0xf526 is online.
[2015/11/04 11:38:56.108] (INFO) Checked file systems for errors: All filesystems OK.
[2015/11/04 11:38:56.108] (INFO) Waiting for supervisor process (PID 31374) to die.
[2015/11/04 11:38:56.108] (ERROR) Extra characters at end of line.
[2015/11/04 11:38:56.108] (INFO) User "shf8128" logged out due to inactivity (timeout=30 minutes).
[2015/11/04 11:38:56.108] (INFO) Device 0x84aa is online.
[2015/11/04 11:38:56.108] (INFO) Device 0xa1e6 is online.
[2015/11/04 11:38:56.108] (INFO) Rolling 9 log file(s)...
[2015/11/04 11:38:56.108] (WARN) There is no such thing as a free lunch.
[2015/11/04 11:38:56.108] (INFO) Backed up all server logs.
[2015/11/04 11:38:56.108] (INFO) Alien monitor (aliend): Detected no space aliens.
[2015/11/04 11:38:56.108] (INFO) Pinging watchdog timer process: Process is alive.
[2015/11/04 11:38:56.108] (INFO) User "tfk3113" logged in from 10.236.96.190.
[2015/11/04 11:38:56.108] (INFO) Device 0xf69a is online.
[2015/11/04 11:38:56.108] (INFO) Waiting for worker process (PID 15728) to die.
[2015/11/04 11:38:56.108] (INFO) User "tzu7318" logged in from 192.168.208.110.
[2015/11/04 11:38:56.108] (INFO) .evian ylbirret si emehcs otpyrc ym neht ,siht daer nac uoy fI
[2015/11/04 11:38:56.108] (INFO) Flushed 95 buffers to disk.
[2015/11/04 11:38:56.108] (INFO) Checked file systems for errors: All filesystems OK.
[2015/11/04 11:38:56.108] (INFO) Pinging watchdog timer process: Process is alive.
[2015/11/04 11:38:56.108] (INFO) Alien monitor (aliend): Detected no space aliens.
[2015/11/04 11:38:56.108] (INFO) User "gdi4248" logged out due to inactivity (timeout=30 minutes).
[2015/11/04 11:38:56.108] (INFO) User "dfs8659" logged out.
[2015/11/04 11:38:56.108] (INFO) Waiting for monitor process (PID 43780) to die.
[2015/11/04 11:38:56.108] (INFO) Device 0x98f7 is online.
[2015/11/04 11:38:56.108] (INFO) Network heartbeat check: All OK.
[2015/11/04 11:38:56.108] (WARN) Watchdog timer crashed. Restarting it.
[2015/11/04 11:38:56.108] (INFO) Checked file systems for errors: All filesystems OK.
[2015/11/04 11:38:56.108] (INFO) Flushed 37 buffers to disk.
[2015/11/04 11:38:56.108] (WARN) CPU temperature exceeds 40º Celsius.
[2015/11/04 11:38:56.108] (INFO) Flushed 58 buffers to disk.
[2015/11/04 11:38:56.108] (INFO) Network heartbeat check: All OK.
[2015/11/04 11:38:56.108] (INFO) Pinging watchdog timer process: Process is alive.
[2015/11/04 11:38:56.108] (WARN) Possible cyber-attack from Alpha Centauri.
[2015/11/04 11:38:56.108] (INFO) User "svn2606" logged out.
[2015/11/04 11:38:56.108] (INFO) User "txb5408" logged in from 192.168.230.193.
[2015/11/04 11:38:56.108] (WARN) Network heartbeat check: 10 server(s) did not respond.
[2015/11/04 11:38:56.108] (INFO) Waiting for worker process (PID 63980) to die.
[2015/11/04 11:38:56.108] (WARN) CPU temperature exceeds 40º Celsius.
[2015/11/04 11:38:56.108] (INFO) Supervisor has entered RUNNING state.
[2015/11/04 11:38:56.108] (INFO) Waiting for supervisor process (PID 14407) to die.
[2015/11/04 11:38:56.108] (ERROR) EFOODFAIL (Waiter, there's a fly in my soup).
[2015/11/04 11:38:56.108] (INFO) Backed up all server logs.
[2015/11/04 11:38:56.108] (INFO) Backed up all server logs.
[2015/11/04 11:38:56.108] (INFO) Sending SIGTERM to 2 excess workers.
[2015/11/04 11:38:56.108] (INFO) Device 0xe4c3 is online.
[2015/11/04 11:38:56.108] (INFO) User "dmz4853" logged in from 172.16.130.38.
[2015/11/04 11:38:56.108] (INFO) Device 0xf53a is online.
[2015/11/04 11:38:56.108] (INFO) Checked file systems for errors: All filesystems OK.
[2015/11/04 11:38:56.108] (INFO) Waiting for master process (PID 22912) to die.
[2015/11/04 11:38:56.108] (ERROR) "/var/data/OxboK80465.xml": No such file or directory (ENOENT)
[2015/11/04 11:38:56.108] (INFO) Alien monitor (aliend): Detected no space aliens.
[2015/11/04 11:38:56.108] (INFO) Your mother called. She says you never call her.
[2015/11/04 11:38:56.608] (INFO) Sending SIGTERM to 3 excess workers.
[2015/11/04 11:38:56.608] (INFO) Checkpointing off-heap server memory...
[2015/11/04 11:38:56.608] (INFO) Supervisor has entered SUSPENDED state.
[2015/11/04 11:38:56.608] (INFO) .evian ylbirret si emehcs otpyrc ym neht ,siht daer nac uoy fI
[2015/11/04 11:38:56.608] (INFO) Waiting for monitor process (PID 3481) to die.
[2015/11/04 11:38:56.608] (ERROR) Detected clock skew! Restarting NTP server.
[2015/11/04 11:38:56.608] (ERROR) Unable to mount /dev/sdf1. (Time to run fsck?)
[2015/11/04 11:38:56.608] (INFO) Alien monitor (aliend): Detected no space aliens.
[2015/11/04 11:38:56.608] (INFO) Backed up all server logs.
[2015/11/04 11:38:56.608] (INFO) Flushed 77 buffers to disk.
[2015/11/04 11:38:56.608] (INFO) Flushed 70 buffers to disk.
[2015/11/04 11:38:56.608] (INFO) User "vpc7328" logged out.
[2015/11/04 11:38:56.608] (INFO) .evian ylbirret si emehcs otpyrc ym neht ,siht daer nac uoy fI
[2015/11/04 11:38:56.608] (INFO) Sending SIGTERM to 3 excess workers.
[2015/11/04 11:38:56.608] (INFO) Sending SIGTERM to 4 excess workers.
[2015/11/04 11:38:56.608] (INFO) Alien monitor (aliend): Detected no space aliens.
[2015/11/04 11:38:56.608] (ERROR) Failed to open "/mnt/fileserver02/dhgci57028.tar.gz": NFS timeout.
[2015/11/04 11:38:56.608] (INFO) Supervisor has entered SUSPENDED state.
[2015/11/04 11:38:56.608] (INFO) Supervisor has entered RUNNING state.
[2015/11/04 11:38:56.608] (INFO) Backed up all server logs.
[2015/11/04 11:38:56.608] (INFO) Supervisor has entered RESTARTING state.
[2015/11/04 11:38:56.608] (INFO) Alien monitor (aliend): Detected no space aliens.
[2015/11/04 11:38:56.608] (INFO) Sending SIGTERM to 3 excess workers.
[2015/11/04 11:38:56.608] (INFO) Your mother called. She says you never call her.
[2015/11/04 11:38:56.608] (INFO) Network heartbeat check: All OK.
[2015/11/04 11:38:56.608] (INFO) Flushed 59 buffers to disk.
[2015/11/04 11:38:56.608] (INFO) Checked file systems for errors: All filesystems OK.
[2015/11/04 11:38:56.608] (INFO) Your mother called. She says you never call her.
[2015/11/04 11:38:56.608] (INFO) .evian ylbirret si emehcs otpyrc ym neht ,siht daer nac uoy fI
[2015/11/04 11:38:56.608] (INFO) Rolling 3 log file(s)...
[2015/11/04 11:38:56.608] (INFO) Sending SIGTERM to 3 excess workers.
[2015/11/04 11:38:56.608] (INFO) Backed up all server logs.
[2015/11/04 11:38:56.608] (INFO) Device 0xee9a is online.
[2015/11/04 11:38:56.608] (INFO) .evian ylbirret si emehcs otpyrc ym neht ,siht daer nac uoy fI
[2015/11/04 11:38:56.608] (INFO) Backed up all server logs.
[2015/11/04 11:38:56.608] (WARN) CPU temperature exceeds 40º Celsius.
[2015/11/04 11:38:56.608] (INFO) User "mih7464" logged out.
[2015/11/04 11:38:56.608] (INFO) Pinging watchdog timer process: Process is alive.
[2015/11/04 11:38:56.608] (INFO) .evian ylbirret si emehcs otpyrc ym neht ,siht daer nac uoy fI
[2015/11/04 11:38:56.608] (INFO) Your mother called. She says you never call her.
[2015/11/04 11:38:56.608] (INFO) Supervisor has entered RUNNING state.
[2015/11/04 11:38:56.608] (INFO) User "lub3313" logged out.
[2015/11/04 11:38:56.608] (INFO) Backed up all server logs.
[2015/11/04 11:38:56.608] (INFO) User "arf8071" logged out due to inactivity (timeout=30 minutes).
[2015/11/04 11:38:56.608] (INFO) User "usc3444" logged out due to inactivity (timeout=30 minutes).
[2015/11/04 11:38:56.608] (INFO) Checked file systems for errors: All filesystems OK.
[2015/11/04 11:38:56.608] (INFO) .evian ylbirret si emehcs otpyrc ym neht ,siht daer nac uoy fI
[2015/11/04 11:38:56.608] (INFO) Alien monitor (aliend): Detected no space aliens.
[2015/11/04 11:38:56.608] (INFO) Backed up all server logs.
[2015/11/04 11:38:56.608] (INFO) Pinging watchdog timer process: Process is alive.
[2015/11/04 11:38:56.608] (INFO) Your mother called. She says you never call her.
[2015/11/04 11:38:56.608] (INFO) User "fit8687" logged in from 172.16.191.176.
[2015/11/04 11:38:56.608] (INFO) .evian ylbirret si emehcs otpyrc ym neht ,siht daer nac uoy fI
[2015/11/04 11:38:56.608] (INFO) Pinging watchdog timer process: Process is alive.
[2015/11/04 11:38:56.608] (INFO) Checked file systems for errors: All filesystems OK.
[2015/11/04 11:38:56.608] (INFO) Device 0x2226 is online.
[2015/11/04 11:38:56.608] (INFO) Supervisor has entered RUNNING state.
[2015/11/04 11:38:56.608] (INFO) Pinging watchdog timer process: Process is alive.
[2015/11/04 11:38:56.608] (ERROR) Extra characters at end of line.
[2015/11/04 11:38:56.608] (INFO) Pinging watchdog timer process: Process is alive.
[2015/11/04 11:38:56.608] (INFO) Rolling 5 log file(s)...
[2015/11/04 11:38:56.608] (INFO) User "wdm2240" logged in from 10.120.130.166.
[2015/11/04 11:38:56.608] (INFO) User "dxx1940" logged out.
[2015/11/04 11:38:56.608] (WARN) Backup server 10.69.194.117 is offline.
[2015/11/04 11:38:56.608] (INFO) Device 0xbf4a is online.
[2015/11/04 11:38:56.608] (INFO) Checkpointing off-heap server memory...
[2015/11/04 11:38:56.608] (INFO) Rolling 4 log file(s)...
[2015/11/04 11:38:56.608] (INFO) User "wcp7895" logged in from 172.16.49.119.
[2015/11/04 11:38:56.608] (INFO) .evian ylbirret si emehcs otpyrc ym neht ,siht daer nac uoy fI
[2015/11/04 11:38:56.608] (INFO) Flushed 40 buffers to disk.
[2015/11/04 11:38:56.608] (WARN) Retrying server log checkpoint.
[2015/11/04 11:38:56.608] (INFO) Sending SIGTERM to 2 excess workers.
[2015/11/04 11:38:56.608] (ERROR) Blocked FTP traffic originating from 172.16.192.157.
[2015/11/04 11:38:56.608] (ERROR) Server log backup FAILED. See backup logs.
[2015/11/04 11:38:56.608] (ERROR) Worker 2 died with SIGABRT. Restarting it.
[2015/11/04 11:38:56.608] (INFO) Device 0xa89a is online.
[2015/11/04 11:38:56.608] (INFO) Checked file systems for errors: All filesystems OK.
[2015/11/04 11:38:56.608] (INFO) Pinging watchdog timer process: Process is alive.
[2015/11/04 11:38:56.608] (INFO) Device 0x7953 is online.
[2015/11/04 11:38:56.608] (INFO) User "fjg6635" logged out due to inactivity (timeout=30 minutes).
[2015/11/04 11:38:56.608] (WARN) Ignoring SIGTERM. It's not that easy to get rid of me.
[2015/11/04 11:38:56.608] (WARN) Space on disk /dev/sdf3 is low: Only 829 MB available.
[2015/11/04 11:38:56.608] (INFO) Alien monitor (aliend): Detected no space aliens.
[2015/11/04 11:38:56.608] (INFO) Pinging watchdog timer process: Process is alive.
[2015/11/04 11:38:56.608] (INFO) User "xuu5136" logged out.
[2015/11/04 11:38:56.608] (INFO) Flushed 95 buffers to disk.
[2015/11/04 11:38:56.608] (INFO) Network heartbeat check: All OK.
[2015/11/04 11:38:56.608] (WARN) Space on disk /dev/sdb2 is low: Only 340 MB available.
[2015/11/04 11:38:56.608] (INFO) .evian ylbirret si emehcs otpyrc ym neht ,siht daer nac uoy fI
[2015/11/04 11:38:56.608] (INFO) Supervisor has entered RUNNING state.
[2015/11/04 11:38:56.608] (INFO) Network heartbeat check: All OK.
[2015/11/04 11:38:56.608] (WARN) Network heartbeat check: 19 server(s) did not respond.
[2015/11/04 11:38:56.608] (INFO) Supervisor has entered RESTARTING state.
[2015/11/04 11:38:56.608] (INFO) Checked file systems for errors: All filesystems OK.
[2015/11/04 11:38:56.608] (INFO) Device 0x2697 is online.
[2015/11/04 11:38:56.608] (ERROR) Unable to write to "/var/data/iwIvi82232.parquet": Permission denied (EACCES)
[2015/11/04 11:38:56.608] (ERROR) Blocked BitTorrent traffic originating from 172.16.39.126.
[2015/11/04 11:38:56.608] (INFO) Your mother called. She says you never call her.
[2015/11/04 11:38:56.608] (WARN) Dropped 8,306 corrupt data packets.
[2015/11/04 11:38:56.608] (INFO) Sending SIGTERM to 2 excess workers.
[2015/11/04 11:38:57.107] (INFO) .evian ylbirret si emehcs otpyrc ym neht ,siht daer nac uoy fI
[2015/11/04 11:38:57.107] (INFO) User "bah3799" logged out.
[2015/11/04 11:38:57.107] (ERROR) Detected clock skew! Restarting NTP server.
[2015/11/04 11:38:57.107] (INFO) User "nes3158" logged out.
[2015/11/04 11:38:57.107] (INFO) Waiting for worker process (PID 54931) to die.
[2015/11/04 11:38:57.107] (INFO) Alien monitor (aliend): Detected no space aliens.
[2015/11/04 11:38:57.107] (INFO) Alien monitor (aliend): Detected no space aliens.
[2015/11/04 11:38:57.107] (INFO) User "vyl4361" logged in from 192.168.57.157.
[2015/11/04 11:38:57.107] (ERROR) Failed to write checkpoint file "/var/checkpoint/NUQpD69196: No space left on device (ENOSPC)
[2015/11/04 11:38:57.107] (INFO) Supervisor has entered RESTARTING state.
[2015/11/04 11:38:57.107] (INFO) Pinging watchdog timer process: Process is alive.
[2015/11/04 11:38:57.107] (INFO) Backed up all server logs.
[2015/11/04 11:38:57.107] (INFO) Pinging watchdog timer process: Process is alive.
[2015/11/04 11:38:57.107] (INFO) User "iqq2506" logged in from 10.233.141.122.
[2015/11/04 11:38:57.107] (INFO) Network heartbeat check: All OK.
[2015/11/04 11:38:57.107] (INFO) Your mother called. She says you never call her.
[2015/11/04 11:38:57.107] (INFO) Supervisor has entered WAITING state.
[2015/11/04 11:38:57.107] (WARN) Backup server 10.114.157.125 is offline.
[2015/11/04 11:38:57.107] (INFO) Flushed 94 buffers to disk.
[2015/11/04 11:38:57.107] (ERROR) Unable to mount /dev/sdf1. (Time to run fsck?)
[2015/11/04 11:38:57.107] (WARN) Retrying server log checkpoint.
[2015/11/04 11:38:57.107] (INFO) Device 0x553a is online.
[2015/11/04 11:38:57.107] (INFO) Backed up all server logs.
[2015/11/04 11:38:57.107] (INFO) Flushed 97 buffers to disk.
[2015/11/04 11:38:57.107] (INFO) User "mey6426" logged out.
[2015/11/04 11:38:57.107] (INFO) Network heartbeat check: All OK.
[2015/11/04 11:38:57.107] (INFO) User "ozl1376" logged out due to inactivity (timeout=30 minutes).
[2015/11/04 11:38:57.107] (INFO) Alien monitor (aliend): Detected no space aliens.
[2015/11/04 11:38:57.107] (INFO) Device 0x21d4 is online.
[2015/11/04 11:38:57.107] (INFO) User "pvr7555" logged in from 192.168.220.58.
[2015/11/04 11:38:57.107] (INFO) Pinging watchdog timer process: Process is alive.
[2015/11/04 11:38:57.107] (INFO) Flushed 31 buffers to disk.
[2015/11/04 11:38:57.107] (INFO) Sending SIGTERM to 3 excess workers.
[2015/11/04 11:38:57.107] (INFO) Network heartbeat check: All OK.
[2015/11/04 11:38:57.107] (INFO) Sending SIGTERM to 3 excess workers.
[2015/11/04 11:38:57.107] (INFO) User "jlw5996" logged out due to inactivity (timeout=30 minutes).
[2015/11/04 11:38:57.107] (INFO) User "fao3830" logged out.
[2015/11/04 11:38:57.107] (INFO) Checked file systems for errors: All filesystems OK.
[2015/11/04 11:38:57.107] (INFO) Your mother called. She says you never call her.
[2015/11/04 11:38:57.107] (INFO) Waiting for supervisor process (PID 890) to die.
[2015/11/04 11:38:57.107] (INFO) Rolling 3 log file(s)...
[2015/11/04 11:38:57.107] (WARN) Network heartbeat check: 16 server(s) did not respond.
[2015/11/04 11:38:57.107] (WARN) Unable to ping supervisor at 172.16.132.121. Retrying.
[2015/11/04 11:38:57.107] (ERROR) Alien monitor (aliend): 4 space aliens are fiddling with the hardware!
[2015/11/04 11:38:57.107] (ERROR) Connection to 10.31.147.168 terminated unexpectedly. Reconnecting.
[2015/11/04 11:38:57.107] (INFO) User "fbp9545" logged out due to inactivity (timeout=30 minutes).
[2015/11/04 11:38:57.107] (INFO) Checkpointing off-heap server memory...
[2015/11/04 11:38:57.107] (INFO) Waiting for supervisor process (PID 9499) to die.
[2015/11/04 11:38:57.107] (INFO) Checked file systems for errors: All filesystems OK.
[2015/11/04 11:38:57.107] (INFO) User "vym8694" logged out.
[2015/11/04 11:38:57.107] (INFO) Backed up all server logs.
[2015/11/04 11:38:57.107] (INFO) Waiting for monitor process (PID 56127) to die.
[2015/11/04 11:38:57.107] (INFO) .evian ylbirret si emehcs otpyrc ym neht ,siht daer nac uoy fI
[2015/11/04 11:38:57.107] (INFO) Sending SIGTERM to 3 excess workers.
[2015/11/04 11:38:57.107] (INFO) Your mother called. She says you never call her.
[2015/11/04 11:38:57.107] (INFO) Network heartbeat check: All OK.
[2015/11/04 11:38:57.107] (INFO) Pinging watchdog timer process: Process is alive.
[2015/11/04 11:38:57.107] (INFO) User "ntz4276" logged in from 10.151.24.133.
[2015/11/04 11:38:57.107] (INFO) Your mother called. She says you never call her.
[2015/11/04 11:38:57.107] (INFO) Your mother called. She says you never call her.
[2015/11/04 11:38:57.107] (WARN) Backup server 192.168.12.209 is offline.
[2015/11/04 11:38:57.107] (ERROR) EFOODFAIL (Waiter, there's a fly in my soup).
[2015/11/04 11:38:57.107] (INFO) Backed up all server logs.
[2015/11/04 11:38:57.107] (INFO) Supervisor has entered RUNNING state.
[2015/11/04 11:38:57.107] (INFO) Pinging watchdog timer process: Process is alive.
[2015/11/04 11:38:57.107] (INFO) Pinging watchdog timer process: Process is alive.
[2015/11/04 11:38:57.107] (INFO) Rolling 4 log file(s)...
[2015/11/04 11:38:57.107] (INFO) .evian ylbirret si emehcs otpyrc ym neht ,siht daer nac uoy fI
[2015/11/04 11:38:57.107] (INFO) Flushed 43 buffers to disk.
[2015/11/04 11:38:57.107] (INFO) Backed up all server logs.
[2015/11/04 11:38:57.107] (INFO) Checked file systems for errors: All filesystems OK.
[2015/11/04 11:38:57.107] (INFO) Flushed 98 buffers to disk.
[2015/11/04 11:38:57.107] (INFO) Flushed 69 buffers to disk.
[2015/11/04 11:38:57.107] (INFO) Rolling 9 log file(s)...
[2015/11/04 11:38:57.107] (INFO) Sending SIGTERM to 2 excess workers.
[2015/11/04 11:38:57.107] (INFO) Sending SIGTERM to 2 excess workers.
[2015/11/04 11:38:57.107] (INFO) Checkpointing off-heap server memory...
[2015/11/04 11:38:57.107] (INFO) User "wmo6923" logged out due to inactivity (timeout=30 minutes).
[2015/11/04 11:38:57.107] (INFO) Checked file systems for errors: All filesystems OK.
[2015/11/04 11:38:57.107] (INFO) Supervisor has entered SUSPENDED state.
[2015/11/04 11:38:57.107] (INFO) Waiting for worker process (PID 41134) to die.
[2015/11/04 11:38:57.107] (INFO) Checked file systems for errors: All filesystems OK.
[2015/11/04 11:38:57.107] (INFO) User "plq7665" logged out due to inactivity (timeout=30 minutes).
[2015/11/04 11:38:57.107] (WARN) Master took 680 ms to respond (threshold=500 ms)
[2015/11/04 11:38:57.107] (INFO) Sending SIGTERM to 4 excess workers.
[2015/11/04 11:38:57.107] (INFO) Supervisor has entered RESTARTING state.
[2015/11/04 11:38:57.107] (INFO) Pinging watchdog timer process: Process is alive.
[2015/11/04 11:38:57.107] (INFO) Flushed 92 buffers to disk.
[2015/11/04 11:38:57.107] (INFO) Waiting for worker process (PID 22106) to die.
[2015/11/04 11:38:57.107] (INFO) User "qzv9637" logged out due to inactivity (timeout=30 minutes).
[2015/11/04 11:38:57.107] (INFO) Flushed 65 buffers to disk.
[2015/11/04 11:38:57.107] (INFO) Device 0x1348 is online.
[2015/11/04 11:38:57.107] (INFO) Your mother called. She says you never call her.
[2015/11/04 11:38:57.107] (INFO) User "bfu6050" logged in from 10.21.97.104.
[2015/11/04 11:38:57.107] (ERROR) Directory index of "/var/data" is forbidden.
[2015/11/04 11:38:57.107] (WARN) Retrying server log checkpoint.
[2015/11/04 11:38:57.107] (INFO) User "mtv3104" logged in from 10.219.245.86.
[2015/11/04 11:38:57.107] (INFO) Checked file systems for errors: All filesystems OK.
[2015/11/04 11:38:57.107] (INFO) Network heartbeat check: All OK.
[2015/11/04 11:38:57.107] (ERROR) Failed to open "/mnt/fileserver01/QluKd75008.xslx": NFS timeout.
[2015/11/04 11:38:57.607] (INFO) Backed up all server logs.
[2015/11/04 11:38:57.607] (INFO) Network heartbeat check: All OK.
[2015/11/04 11:38:57.607] (INFO) Network heartbeat check: All OK.
[2015/11/04 11:38:57.607] (INFO) Rolling 1 log file(s)...
[2015/11/04 11:38:57.607] (INFO) Rolling 4 log file(s)...
[2015/11/04 11:38:57.607] (ERROR) Blocked Little Bobby Tables attack (https://xkcd.com/327/) from 192.168.169.142.
[2015/11/04 11:38:57.607] (ERROR) Failed to open "/mnt/fileserver02/TMtIq99993.tsv": NFS timeout.
[2015/11/04 11:38:57.607] (WARN) Space on disk /dev/sde1 is low: Only 149 MB available.
[2015/11/04 11:38:57.607] (WARN) Space on disk /dev/sda4 is low: Only 197 MB available.
[2015/11/04 11:38:57.607] (INFO) Device 0xa13d is online.
[2015/11/04 11:38:57.607] (INFO) Backed up all server logs.
[2015/11/04 11:38:57.607] (INFO) Your mother called. She says you never call her.
[2015/11/04 11:38:57.607] (INFO) User "kyt7098" logged out due to inactivity (timeout=30 minutes).
[2015/11/04 11:38:57.607] (INFO) Checkpointing off-heap server memory...
[2015/11/04 11:38:57.607] (ERROR) Server log backup FAILED. See backup logs.
[2015/11/04 11:38:57.607] (INFO) Network heartbeat check: All OK.
[2015/11/04 11:38:57.607] (ERROR) Connection to 172.16.96.3 terminated unexpectedly. Reconnecting.
[2015/11/04 11:38:57.607] (INFO) Device 0x2f88 is online.
[2015/11/04 11:38:57.607] (INFO) Supervisor has entered WAITING state.
[2015/11/04 11:38:57.607] (INFO) Supervisor has entered SUSPENDED state.
[2015/11/04 11:38:57.607] (WARN) Space on disk /dev/sdf4 is low: Only 304 MB available.
[2015/11/04 11:38:57.607] (INFO) Backed up all server logs.
[2015/11/04 11:38:57.607] (INFO) Flushed 25 buffers to disk.
[2015/11/04 11:38:57.607] (INFO) Waiting for worker process (PID 19001) to die.
[2015/11/04 11:38:57.607] (INFO) Checkpointing off-heap server memory...
[2015/11/04 11:38:57.607] (INFO) Flushed 87 buffers to disk.
[2015/11/04 11:38:57.607] (ERROR) Unable to authenticate user "ldx7336": LDAP server isn't responding.
[2015/11/04 11:38:57.607] (INFO) Network heartbeat check: All OK.
[2015/11/04 11:38:57.607] (ERROR) Blocked Little Bobby Tables attack (https://xkcd.com/327/) from 192.168.19.144.
[2015/11/04 11:38:57.607] (INFO) Checked file systems for errors: All filesystems OK.
[2015/11/04 11:38:57.607] (INFO) Supervisor has entered RUNNING state.
[2015/11/04 11:38:57.607] (INFO) Sending SIGTERM to 4 excess workers.
[2015/11/04 11:38:57.607] (INFO) Alien monitor (aliend): Detected no space aliens.
[2015/11/04 11:38:57.607] (INFO) User "rtk4984" logged out.
[2015/11/04 11:38:57.607] (INFO) Supervisor has entered RUNNING state.
[2015/11/04 11:38:57.607] (INFO) .evian ylbirret si emehcs otpyrc ym neht ,siht daer nac uoy fI
[2015/11/04 11:38:57.607] (WARN) Dropped 6,198 corrupt data packets.
[2015/11/04 11:38:57.607] (WARN) Watchdog timer crashed. Restarting it.
[2015/11/04 11:38:57.607] (INFO) User "tax4248" logged out.
[2015/11/04 11:38:57.607] (INFO) Checked file systems for errors: All filesystems OK.
[2015/11/04 11:38:57.607] (INFO) User "gow6534" logged out.
[2015/11/04 11:38:57.607] (WARN) Master took 723 ms to respond (threshold=500 ms)
[2015/11/04 11:38:57.607] (INFO) Device 0x9424 is online.
[2015/11/04 11:38:57.607] (ERROR) Unable to mount /dev/sdf1. (Time to run fsck?)
[2015/11/04 11:38:57.607] (INFO) Waiting for supervisor process (PID 18410) to die.
[2015/11/04 11:38:57.607] (INFO) User "ker4743" logged out due to inactivity (timeout=30 minutes).
[2015/11/04 11:38:57.607] (INFO) Network heartbeat check: All OK.
[2015/11/04 11:38:57.607] (WARN) Ignoring SIGTERM. It's not that easy to get rid of me.
[2015/11/04 11:38:57.607] (ERROR) "/var/data/xZZMg96455.csv": Permission denied (EACCES)
[2015/11/04 11:38:57.607] (INFO) User "rrk4253" logged out due to inactivity (timeout=30 minutes).
[2015/11/04 11:38:57.607] (INFO) Your mother called. She says you never call her.
[2015/11/04 11:38:57.607] (INFO) Flushed 86 buffers to disk.
[2015/11/04 11:38:57.607] (WARN) Watchdog timer crashed. Restarting it.
[2015/11/04 11:38:57.607] (INFO) User "dtl8595" logged out due to inactivity (timeout=30 minutes).
[2015/11/04 11:38:57.607] (INFO) Backed up all server logs.
[2015/11/04 11:38:57.607] (INFO) Backed up all server logs.
[2015/11/04 11:38:57.607] (ERROR) /dev/lp error: "PC LOAD LETTER"
[2015/11/04 11:38:57.607] (INFO) Backed up all server logs.
[2015/11/04 11:38:57.607] (INFO) User "spk7298" logged out.
[2015/11/04 11:38:57.607] (ERROR) EFOODFAIL (Waiter, there's a fly in my soup).
[2015/11/04 11:38:57.607] (INFO) Device 0x4efb is online.
[2015/11/04 11:38:57.607] (INFO) Pinging watchdog timer process: Process is alive.
[2015/11/04 11:38:57.607] (ERROR) /dev/lp error: "PC LOAD LETTER"
[2015/11/04 11:38:57.607] (INFO) Checkpointing off-heap server memory...
[2015/11/04 11:38:57.607] (WARN) Dropped 8,610 corrupt data packets.
[2015/11/04 11:38:57.607] (INFO) User "rxy6628" logged out.
[2015/11/04 11:38:57.607] (ERROR) Failed to open "/mnt/fileserver02/iNLPv56166.xslx": NFS timeout.
[2015/11/04 11:38:57.607] (INFO) Rolling 7 log file(s)...
[2015/11/04 11:38:57.607] (INFO) User "izd8744" logged out.
[2015/11/04 11:38:57.607] (ERROR) Blocked SSH traffic originating from 172.16.31.163.
[2015/11/04 11:38:57.607] (INFO) .evian ylbirret si emehcs otpyrc ym neht ,siht daer nac uoy fI
[2015/11/04 11:38:57.607] (INFO) Checkpointing off-heap server memory...
[2015/11/04 11:38:57.607] (INFO) Supervisor has entered SUSPENDED state.
[2015/11/04 11:38:57.607] (ERROR) Device 0x09bc is offline
[2015/11/04 11:38:57.607] (INFO) Checkpointing off-heap server memory...
[2015/11/04 11:38:57.607] (INFO) User "nzq5084" logged out.
[2015/11/04 11:38:57.607] (INFO) User "skk7480" logged out due to inactivity (timeout=30 minutes).
[2015/11/04 11:38:57.607] (INFO) Checked file systems for errors: All filesystems OK.
[2015/11/04 11:38:57.607] (INFO) Sending SIGTERM to 2 excess workers.
[2015/11/04 11:38:57.607] (INFO) Waiting for worker process (PID 18115) to die.
[2015/11/04 11:38:57.607] (INFO) Checked file systems for errors: All filesystems OK.
[2015/11/04 11:38:57.607] (INFO) Supervisor has entered SUSPENDED state.
[2015/11/04 11:38:57.607] (INFO) Waiting for monitor process (PID 55286) to die.
[2015/11/04 11:38:57.607] (INFO) User "ohj8026" logged out.
[2015/11/04 11:38:57.607] (WARN) Master took 652 ms to respond (threshold=500 ms)
[2015/11/04 11:38:57.607] (INFO) Flushed 65 buffers to disk.
[2015/11/04 11:38:57.607] (INFO) Pinging watchdog timer process: Process is alive.
[2015/11/04 11:38:57.607] (INFO) Sending SIGTERM to 2 excess workers.
[2015/11/04 11:38:57.607] (INFO) Sending SIGTERM to 2 excess workers.
[2015/11/04 11:38:57.607] (INFO) Backed up all server logs.
[2015/11/04 11:38:57.607] (INFO) Alien monitor (aliend): Detected no space aliens.
[2015/11/04 11:38:57.607] (INFO) Pinging watchdog timer process: Process is alive.
[2015/11/04 11:38:57.607] (INFO) Pinging watchdog timer process: Process is alive.
[2015/11/04 11:38:57.607] (WARN) CPU temperature exceeds 40º Celsius.
[2015/11/04 11:38:57.607] (INFO) Supervisor has entered SUSPENDED state.
[2015/11/04 11:38:57.607] (INFO) Checkpointing off-heap server memory...
[2015/11/04 11:38:57.607] (INFO) User "akm1038" logged out due to inactivity (timeout=30 minutes).
[2015/11/04 11:38:57.607] (ERROR) Server log backup FAILED. See backup logs.
[2015/11/04 11:38:57.607] (INFO) User "wks4542" logged out.
[2015/11/04 11:38:57.607] (INFO) Checked file systems for errors: All filesystems OK.
[2015/11/04 11:38:58.107] (INFO) Network heartbeat check: All OK.
[2015/11/04 11:38:58.107] (ERROR) CPU temperature exceeds 50º Celsius. Shutting down.
[2015/11/04 11:38:58.107] (ERROR) Unable to authenticate user "mds1974": LDAP server isn't responding.
[2015/11/04 11:38:58.107] (INFO) Waiting for master process (PID 6859) to die.
[2015/11/04 11:38:58.107] (ERROR) Unable to authenticate user "crk5217": LDAP server isn't responding.
[2015/11/04 11:38:58.107] (INFO) Supervisor has entered SUSPENDED state.
[2015/11/04 11:38:58.107] (ERROR) "/var/data/JAAHe92804.csv": Permission denied (EACCES)
[2015/11/04 11:38:58.107] (INFO) .evian ylbirret si emehcs otpyrc ym neht ,siht daer nac uoy fI
[2015/11/04 11:38:58.107] (INFO) Pinging watchdog timer process: Process is alive.
[2015/11/04 11:38:58.107] (INFO) Sending SIGTERM to 4 excess workers.
[2015/11/04 11:38:58.107] (INFO) Flushed 83 buffers to disk.
[2015/11/04 11:38:58.107] (INFO) Device 0x10fa is online.
[2015/11/04 11:38:58.107] (INFO) Your mother called. She says you never call her.
[2015/11/04 11:38:58.107] (INFO) Sending SIGTERM to 3 excess workers.
[2015/11/04 11:38:58.107] (INFO) Pinging watchdog timer process: Process is alive.
[2015/11/04 11:38:58.107] (INFO) Checked file systems for errors: All filesystems OK.
[2015/11/04 11:38:58.107] (ERROR) Worker 3 died with SIGPOLL. Restarting it.
[2015/11/04 11:38:58.107] (INFO) Backed up all server logs.
[2015/11/04 11:38:58.107] (INFO) Pinging watchdog timer process: Process is alive.
[2015/11/04 11:38:58.107] (ERROR) Blocked nmap traffic originating from 192.168.71.63.
[2015/11/04 11:38:58.107] (INFO) Supervisor has entered SUSPENDED state.
[2015/11/04 11:38:58.107] (INFO) Alien monitor (aliend): Detected no space aliens.
[2015/11/04 11:38:58.107] (INFO) Rolling 9 log file(s)...
[2015/11/04 11:38:58.107] (INFO) Device 0x1439 is online.
[2015/11/04 11:38:58.107] (WARN) Retrying server log checkpoint.
[2015/11/04 11:38:58.107] (INFO) User "tjz1653" logged out.
[2015/11/04 11:38:58.107] (INFO) Your mother called. She says you never call her.
[2015/11/04 11:38:58.107] (INFO) Pinging watchdog timer process: Process is alive.
[2015/11/04 11:38:58.107] (INFO) .evian ylbirret si emehcs otpyrc ym neht ,siht daer nac uoy fI
[2015/11/04 11:38:58.107] (INFO) User "kse7166" logged out due to inactivity (timeout=30 minutes).
[2015/11/04 11:38:58.107] (INFO) .evian ylbirret si emehcs otpyrc ym neht ,siht daer nac uoy fI
[2015/11/04 11:38:58.107] (INFO) Device 0x7552 is online.
[2015/11/04 11:38:58.107] (INFO) Checked file systems for errors: All filesystems OK.
[2015/11/04 11:38:58.107] (INFO) User "qxz4371" logged in from 172.16.141.50.
[2015/11/04 11:38:58.107] (INFO) .evian ylbirret si emehcs otpyrc ym neht ,siht daer nac uoy fI
[2015/11/04 11:38:58.107] (INFO) Network heartbeat check: All OK.
[2015/11/04 11:38:58.107] (INFO) Network heartbeat check: All OK.
[2015/11/04 11:38:58.107] (INFO) Network heartbeat check: All OK.
[2015/11/04 11:38:58.107] (INFO) User "ixw7996" logged out.
[2015/11/04 11:38:58.107] (INFO) Flushed 28 buffers to disk.
[2015/11/04 11:38:58.107] (ERROR) Unable to write to "/var/data/cMLCK58257.parquet": Permission denied (EACCES)
[2015/11/04 11:38:58.107] (INFO) Alien monitor (aliend): Detected no space aliens.
[2015/11/04 11:38:58.107] (INFO) Device 0xa9b5 is online.
[2015/11/04 11:38:58.107] (INFO) Sending SIGTERM to 3 excess workers.
[2015/11/04 11:38:58.107] (INFO) Checkpointing off-heap server memory...
[2015/11/04 11:38:58.107] (INFO) User "nbu2382" logged out.
[2015/11/04 11:38:58.107] (INFO) User "zmy3497" logged in from 192.168.73.66.
[2015/11/04 11:38:58.107] (INFO) Waiting for supervisor process (PID 30582) to die.
[2015/11/04 11:38:58.107] (INFO) Rolling 2 log file(s)...
[2015/11/04 11:38:58.107] (INFO) Backed up all server logs.
[2015/11/04 11:38:58.107] (INFO) Your mother called. She says you never call her.
[2015/11/04 11:38:58.107] (INFO) User "ymu1973" logged out.
[2015/11/04 11:38:58.107] (INFO) .evian ylbirret si emehcs otpyrc ym neht ,siht daer nac uoy fI
[2015/11/04 11:38:58.107] (INFO) Rolling 8 log file(s)...
[2015/11/04 11:38:58.107] (INFO) Checked file systems for errors: All filesystems OK.
[2015/11/04 11:38:58.107] (INFO) User "ddn1253" logged out.
[2015/11/04 11:38:58.107] (INFO) Waiting for monitor process (PID 58479) to die.
[2015/11/04 11:38:58.107] (INFO) .evian ylbirret si emehcs otpyrc ym neht ,siht daer nac uoy fI
[2015/11/04 11:38:58.107] (WARN) Network heartbeat check: 2 server(s) did not respond.
[2015/11/04 11:38:58.107] (INFO) Network heartbeat check: All OK.
[2015/11/04 11:38:58.107] (INFO) Flushed 44 buffers to disk.
[2015/11/04 11:38:58.107] (INFO) Rolling 3 log file(s)...
[2015/11/04 11:38:58.107] (INFO) .evian ylbirret si emehcs otpyrc ym neht ,siht daer nac uoy fI
[2015/11/04 11:38:58.107] (INFO) Waiting for worker process (PID 49953) to die.
[2015/11/04 11:38:58.107] (WARN) CPU temperature exceeds 40º Celsius.
[2015/11/04 11:38:58.107] (INFO) Flushed 44 buffers to disk.
[2015/11/04 11:38:58.107] (INFO) User "bru5158" logged in from 10.108.61.205.
[2015/11/04 11:38:58.107] (INFO) Waiting for supervisor process (PID 40508) to die.
[2015/11/04 11:38:58.107] (INFO) Alien monitor (aliend): Detected no space aliens.
[2015/11/04 11:38:58.107] (INFO) Device 0x88f5 is online.
[2015/11/04 11:38:58.107] (ERROR) Detected incoming DDoS from 192.168.167.207.
[2015/11/04 11:38:58.107] (INFO) Network heartbeat check: All OK.
[2015/11/04 11:38:58.107] (INFO) .evian ylbirret si emehcs otpyrc ym neht ,siht daer nac uoy fI
[2015/11/04 11:38:58.107] (INFO) Network heartbeat check: All OK.
[2015/11/04 11:38:58.107] (INFO) .evian ylbirret si emehcs otpyrc ym neht ,siht daer nac uoy fI
[2015/11/04 11:38:58.107] (INFO) Pinging watchdog timer process: Process is alive.
[2015/11/04 11:38:58.107] (INFO) Backed up all server logs.
[2015/11/04 11:38:58.107] (INFO) User "wdg4344" logged out due to inactivity (timeout=30 minutes).
[2015/11/04 11:38:58.107] (INFO) User "dju5952" logged in from 10.177.153.138.
[2015/11/04 11:38:58.107] (ERROR) Device 0xcfa4 is offline
[2015/11/04 11:38:58.107] (INFO) Checked file systems for errors: All filesystems OK.
[2015/11/04 11:38:58.107] (INFO) Pinging watchdog timer process: Process is alive.
[2015/11/04 11:38:58.107] (INFO) Device 0x59ae is online.
[2015/11/04 11:38:58.107] (INFO) Network heartbeat check: All OK.
[2015/11/04 11:38:58.107] (INFO) Backed up all server logs.
[2015/11/04 11:38:58.107] (INFO) Sending SIGTERM to 2 excess workers.
[2015/11/04 11:38:58.107] (INFO) Device 0x5ac0 is online.
[2015/11/04 11:38:58.107] (INFO) User "ase1144" logged out.
[2015/11/04 11:38:58.107] (INFO) Alien monitor (aliend): Detected no space aliens.
[2015/11/04 11:38:58.107] (WARN) Backup server 172.16.228.53 is offline.
[2015/11/04 11:38:58.107] (INFO) Your mother called. She says you never call her.
[2015/11/04 11:38:58.107] (INFO) Alien monitor (aliend): Detected no space aliens.
[2015/11/04 11:38:58.107] (INFO) Your mother called. She says you never call her.
[2015/11/04 11:38:58.107] (INFO) User "fgc3465" logged out.
[2015/11/04 11:38:58.107] (INFO) Rolling 6 log file(s)...
[2015/11/04 11:38:58.107] (INFO) User "aye3720" logged out.
[2015/11/04 11:38:58.107] (INFO) Backed up all server logs.
[2015/11/04 11:38:58.107] (INFO) Backed up all server logs.
[2015/11/04 11:38:58.107] (INFO) Checkpointing off-heap server memory...
[2015/11/04 11:38:58.107] (WARN) Backup server 172.16.48.234 is offline.
[2015/11/04 11:38:58.607] (INFO) Checkpointing off-heap server memory...
[2015/11/04 11:38:58.607] (INFO) User "hee2356" logged out due to inactivity (timeout=30 minutes).
[2015/11/04 11:38:58.607] (INFO) Pinging watchdog timer process: Process is alive.
[2015/11/04 11:38:58.607] (INFO) Checkpointing off-heap server memory...
[2015/11/04 11:38:58.607] (INFO) Rolling 9 log file(s)...
[2015/11/04 11:38:58.607] (INFO) Supervisor has entered RESTARTING state.
[2015/11/04 11:38:58.607] (WARN) There is no such thing as a free lunch.
[2015/11/04 11:38:58.607] (INFO) Checked file systems for errors: All filesystems OK.
[2015/11/04 11:38:58.607] (INFO) Alien monitor (aliend): Detected no space aliens.
[2015/11/04 11:38:58.607] (INFO) Network heartbeat check: All OK.
[2015/11/04 11:38:58.607] (WARN) Ignoring SIGTERM. It's not that easy to get rid of me.
[2015/11/04 11:38:58.607] (INFO) User "dmp8012" logged in from 172.16.47.4.
[2015/11/04 11:38:58.607] (INFO) Flushed 93 buffers to disk.
[2015/11/04 11:38:58.607] (INFO) Supervisor has entered RUNNING state.
[2015/11/04 11:38:58.607] (ERROR) Network heartbeat check FAILED: Master host down?
[2015/11/04 11:38:58.607] (INFO) Rolling 9 log file(s)...
[2015/11/04 11:38:58.607] (WARN) Unable to ping master at 172.16.162.43. Retrying.
[2015/11/04 11:38:58.607] (WARN) Unable to ping worker at 192.168.173.141. Retrying.
[2015/11/04 11:38:58.607] (INFO) Backed up all server logs.
[2015/11/04 11:38:58.607] (INFO) Alien monitor (aliend): Detected no space aliens.
[2015/11/04 11:38:58.607] (INFO) Checkpointing off-heap server memory...
[2015/11/04 11:38:58.607] (INFO) Checked file systems for errors: All filesystems OK.
[2015/11/04 11:38:58.607] (INFO) Network heartbeat check: All OK.
[2015/11/04 11:38:58.607] (INFO) Network heartbeat check: All OK.
[2015/11/04 11:38:58.607] (INFO) Supervisor has entered RUNNING state.
[2015/11/04 11:38:58.607] (INFO) User "ghv9280" logged in from 172.16.145.11.
[2015/11/04 11:38:58.607] (INFO) Checkpointing off-heap server memory...
[2015/11/04 11:38:58.607] (INFO) Rolling 1 log file(s)...
[2015/11/04 11:38:58.607] (INFO) Network heartbeat check: All OK.
[2015/11/04 11:38:58.607] (WARN) Ignoring SIGTERM. It's not that easy to get rid of me.
[2015/11/04 11:38:58.607] (INFO) Rolling 9 log file(s)...
[2015/11/04 11:38:58.607] (INFO) Checked file systems for errors: All filesystems OK.
[2015/11/04 11:38:58.607] (ERROR) Unable to write to "/var/data/QXkam80486.txt": Permission denied (EACCES)
[2015/11/04 11:38:58.607] (INFO) Sending SIGTERM to 3 excess workers.
[2015/11/04 11:38:58.607] (INFO) Your mother called. She says you never call her.
[2015/11/04 11:38:58.607] (INFO) User "vqv9030" logged in from 172.16.143.182.
[2015/11/04 11:38:58.607] (WARN) Backup server 172.16.55.181 is offline.
[2015/11/04 11:38:58.607] (INFO) Waiting for monitor process (PID 6634) to die.
[2015/11/04 11:38:58.607] (INFO) Rolling 6 log file(s)...
[2015/11/04 11:38:58.607] (INFO) Checked file systems for errors: All filesystems OK.
[2015/11/04 11:38:58.607] (INFO) Sending SIGTERM to 4 excess workers.
[2015/11/04 11:38:58.607] (ERROR) Alien monitor (aliend): 2 space aliens are fiddling with the hardware!
[2015/11/04 11:38:58.607] (INFO) Supervisor has entered RUNNING state.
[2015/11/04 11:38:58.607] (INFO) Device 0xacd8 is online.
[2015/11/04 11:38:58.607] (INFO) Checkpointing off-heap server memory...
[2015/11/04 11:38:58.607] (INFO) Checked file systems for errors: All filesystems OK.
[2015/11/04 11:38:58.607] (INFO) User "aux6461" logged out.
[2015/11/04 11:38:58.607] (INFO) Waiting for monitor process (PID 33366) to die.
[2015/11/04 11:38:58.607] (INFO) Network heartbeat check: All OK.
[2015/11/04 11:38:58.607] (WARN) Dropped 294 corrupt data packets.
[2015/11/04 11:38:58.607] (INFO) Pinging watchdog timer process: Process is alive.
[2015/11/04 11:38:58.607] (INFO) Checkpointing off-heap server memory...
[2015/11/04 11:38:58.607] (INFO) User "rhe2098" logged out due to inactivity (timeout=30 minutes).
[2015/11/04 11:38:58.607] (INFO) Alien monitor (aliend): Detected no space aliens.
[2015/11/04 11:38:58.607] (INFO) User "eyq2541" logged out due to inactivity (timeout=30 minutes).
[2015/11/04 11:38:58.607] (INFO) Sending SIGTERM to 3 excess workers.
[2015/11/04 11:38:58.607] (INFO) Checkpointing off-heap server memory...
[2015/11/04 11:38:58.607] (INFO) Sending SIGTERM to 4 excess workers.
[2015/11/04 11:38:58.607] (INFO) Flushed 75 buffers to disk.
[2015/11/04 11:38:58.607] (INFO) Alien monitor (aliend): Detected no space aliens.
[2015/11/04 11:38:58.607] (INFO) Supervisor has entered SUSPENDED state.
[2015/11/04 11:38:58.607] (INFO) Device 0x3650 is online.
[2015/11/04 11:38:58.607] (INFO) Checked file systems for errors: All filesystems OK.
[2015/11/04 11:38:58.607] (INFO) Supervisor has entered WAITING state.
[2015/11/04 11:38:58.607] (INFO) .evian ylbirret si emehcs otpyrc ym neht ,siht daer nac uoy fI
[2015/11/04 11:38:58.607] (ERROR) Connection to 10.180.234.236 terminated unexpectedly. Reconnecting.
[2015/11/04 11:38:58.607] (INFO) Rolling 5 log file(s)...
[2015/11/04 11:38:58.607] (INFO) Network heartbeat check: All OK.
[2015/11/04 11:38:58.607] (INFO) Rolling 2 log file(s)...
[2015/11/04 11:38:58.607] (INFO) .evian ylbirret si emehcs otpyrc ym neht ,siht daer nac uoy fI
[2015/11/04 11:38:58.607] (INFO) Waiting for master process (PID 36382) to die.
[2015/11/04 11:38:58.607] (WARN) Unable to ping master at 192.168.151.241. Retrying.
[2015/11/04 11:38:58.607] (INFO) Pinging watchdog timer process: Process is alive.
[2015/11/04 11:38:58.607] (INFO) Rolling 6 log file(s)...
[2015/11/04 11:38:58.607] (ERROR) EFOODFAIL (Waiter, there's a fly in my soup).
[2015/11/04 11:38:58.607] (INFO) Supervisor has entered SUSPENDED state.
[2015/11/04 11:38:58.607] (INFO) Flushed 22 buffers to disk.
[2015/11/04 11:38:58.607] (INFO) Sending SIGTERM to 4 excess workers.
[2015/11/04 11:38:58.607] (INFO) .evian ylbirret si emehcs otpyrc ym neht ,siht daer nac uoy fI
[2015/11/04 11:38:58.607] (INFO) Sending SIGTERM to 4 excess workers.
[2015/11/04 11:38:58.607] (INFO) User "wnr7683" logged out due to inactivity (timeout=30 minutes).
[2015/11/04 11:38:58.607] (INFO) .evian ylbirret si emehcs otpyrc ym neht ,siht daer nac uoy fI
[2015/11/04 11:38:58.607] (INFO) Pinging watchdog timer process: Process is alive.
[2015/11/04 11:38:58.607] (INFO) Alien monitor (aliend): Detected no space aliens.
[2015/11/04 11:38:58.607] (INFO) Waiting for supervisor process (PID 52304) to die.
[2015/11/04 11:38:58.607] (INFO) Flushed 74 buffers to disk.
[2015/11/04 11:38:58.607] (INFO) User "jak5758" logged out due to inactivity (timeout=30 minutes).
[2015/11/04 11:38:58.607] (INFO) Checkpointing off-heap server memory...
[2015/11/04 11:38:58.607] (INFO) Waiting for worker process (PID 19174) to die.
[2015/11/04 11:38:58.607] (INFO) Network heartbeat check: All OK.
[2015/11/04 11:38:58.607] (INFO) Flushed 54 buffers to disk.
[2015/11/04 11:38:58.607] (INFO) Alien monitor (aliend): Detected no space aliens.
[2015/11/04 11:38:58.607] (INFO) Network heartbeat check: All OK.
[2015/11/04 11:38:58.607] (INFO) Checked file systems for errors: All filesystems OK.
[2015/11/04 11:38:58.607] (INFO) Device 0xc261 is online.
[2015/11/04 11:38:58.607] (ERROR) EFOODFAIL (Waiter, there's a fly in my soup).
[2015/11/04 11:38:58.607] (INFO) Alien monitor (aliend): Detected no space aliens.
[2015/11/04 11:38:58.607] (INFO) Alien monitor (aliend): Detected no space aliens.
[2015/11/04 11:38:58.607] (INFO) Backed up all server logs.
[2015/11/04 11:38:58.607] (WARN) Unable to ping supervisor at 10.89.128.2. Retrying.
[2015/11/04 11:38:59.107] (INFO) Checkpointing off-heap server memory...
[2015/11/04 11:38:59.107] (INFO) Alien monitor (aliend): Detected no space aliens.
[2015/11/04 11:38:59.107] (ERROR) /dev/lp error: "PC LOAD LETTER"
[2015/11/04 11:38:59.107] (INFO) User "tph5241" logged in from 192.168.204.150.
[2015/11/04 11:38:59.107] (ERROR) Detected clock skew! Restarting NTP server.
[2015/11/04 11:38:59.107] (INFO) User "abb2106" logged out due to inactivity (timeout=30 minutes).
[2015/11/04 11:38:59.107] (INFO) User "frv6587" logged in from 172.16.9.8.
[2015/11/04 11:38:59.107] (INFO) Checked file systems for errors: All filesystems OK.
[2015/11/04 11:38:59.107] (INFO) Sending SIGTERM to 4 excess workers.
[2015/11/04 11:38:59.107] (INFO) Alien monitor (aliend): Detected no space aliens.
[2015/11/04 11:38:59.107] (INFO) Your mother called. She says you never call her.
[2015/11/04 11:38:59.107] (INFO) User "jhj4443" logged out.
[2015/11/04 11:38:59.107] (INFO) Device 0x22bf is online.
[2015/11/04 11:38:59.107] (INFO) .evian ylbirret si emehcs otpyrc ym neht ,siht daer nac uoy fI
[2015/11/04 11:38:59.107] (INFO) Flushed 57 buffers to disk.
[2015/11/04 11:38:59.107] (INFO) User "vwp6802" logged out due to inactivity (timeout=30 minutes).
[2015/11/04 11:38:59.107] (ERROR) Unable to authenticate user "fpq6245": LDAP server isn't responding.
[2015/11/04 11:38:59.107] (INFO) Sending SIGTERM to 2 excess workers.
[2015/11/04 11:38:59.107] (INFO) User "wbl1923" logged out due to inactivity (timeout=30 minutes).
[2015/11/04 11:38:59.107] (INFO) Rolling 8 log file(s)...
[2015/11/04 11:38:59.107] (INFO) Supervisor has entered RUNNING state.
[2015/11/04 11:38:59.107] (INFO) Sending SIGTERM to 4 excess workers.
[2015/11/04 11:38:59.107] (INFO) Sending SIGTERM to 3 excess workers.
[2015/11/04 11:38:59.107] (INFO) .evian ylbirret si emehcs otpyrc ym neht ,siht daer nac uoy fI
[2015/11/04 11:38:59.107] (INFO) Checkpointing off-heap server memory...
[2015/11/04 11:38:59.107] (INFO) Flushed 76 buffers to disk.
[2015/11/04 11:38:59.107] (INFO) Sending SIGTERM to 2 excess workers.
[2015/11/04 11:38:59.107] (INFO) Sending SIGTERM to 2 excess workers.
[2015/11/04 11:38:59.107] (INFO) User "hgs5706" logged in from 172.16.212.201.
[2015/11/04 11:38:59.107] (ERROR) Unable to authenticate user "wfd6103": LDAP server isn't responding.
[2015/11/04 11:38:59.107] (INFO) Your mother called. She says you never call her.
[2015/11/04 11:38:59.107] (WARN) Network heartbeat check: 17 server(s) did not respond.
[2015/11/04 11:38:59.107] (INFO) .evian ylbirret si emehcs otpyrc ym neht ,siht daer nac uoy fI
[2015/11/04 11:38:59.107] (INFO) User "oky1563" logged in from 10.4.43.112.
[2015/11/04 11:38:59.107] (INFO) Your mother called. She says you never call her.
[2015/11/04 11:38:59.107] (INFO) Your mother called. She says you never call her.
[2015/11/04 11:38:59.107] (ERROR) Worker 9 died with SIGILL. Restarting it.
[2015/11/04 11:38:59.107] (ERROR) Connection to 10.243.3.168 terminated unexpectedly. Reconnecting.
[2015/11/04 11:38:59.107] (ERROR) Detected incoming DDoS from 172.16.78.83.
[2015/11/04 11:38:59.107] (INFO) Rolling 8 log file(s)...
[2015/11/04 11:38:59.107] (INFO) User "fad2010" logged in from 10.37.176.8.
[2015/11/04 11:38:59.107] (INFO) User "wsc3014" logged in from 10.175.164.236.
[2015/11/04 11:38:59.107] (INFO) Waiting for monitor process (PID 53335) to die.
[2015/11/04 11:38:59.107] (INFO) Device 0xce82 is online.
[2015/11/04 11:38:59.107] (INFO) Device 0xa955 is online.
[2015/11/04 11:38:59.107] (INFO) Rolling 8 log file(s)...
[2015/11/04 11:38:59.107] (INFO) Device 0x238d is online.
[2015/11/04 11:38:59.107] (INFO) Device 0x0761 is online.
[2015/11/04 11:38:59.107] (INFO) Checkpointing off-heap server memory...
[2015/11/04 11:38:59.107] (INFO) Network heartbeat check: All OK.
[2015/11/04 11:38:59.107] (INFO) Checkpointing off-heap server memory...
[2015/11/04 11:38:59.107] (INFO) Sending SIGTERM to 2 excess workers.
[2015/11/04 11:38:59.107] (ERROR) Detected incoming DDoS from 172.16.75.189.
[2015/11/04 11:38:59.107] (ERROR) Connection to 172.16.195.133 terminated unexpectedly. Reconnecting.
[2015/11/04 11:38:59.107] (INFO) User "mat7591" logged out due to inactivity (timeout=30 minutes).
[2015/11/04 11:38:59.107] (WARN) Master took 572 ms to respond (threshold=500 ms)
[2015/11/04 11:38:59.107] (INFO) Rolling 1 log file(s)...
[2015/11/04 11:38:59.107] (ERROR) One of the flayrods has gone out askew on treadle.
[2015/11/04 11:38:59.107] (INFO) Network heartbeat check: All OK.
[2015/11/04 11:38:59.107] (INFO) Backed up all server logs.
[2015/11/04 11:38:59.107] (INFO) User "lzr7943" logged out due to inactivity (timeout=30 minutes).
[2015/11/04 11:38:59.107] (INFO) Backed up all server logs.
[2015/11/04 11:38:59.107] (INFO) Alien monitor (aliend): Detected no space aliens.
[2015/11/04 11:38:59.107] (INFO) Flushed 93 buffers to disk.
[2015/11/04 11:38:59.107] (INFO) Waiting for monitor process (PID 42385) to die.
[2015/11/04 11:38:59.107] (WARN) Ignoring SIGTERM. It's not that easy to get rid of me.
[2015/11/04 11:38:59.107] (INFO) Pinging watchdog timer process: Process is alive.
[2015/11/04 11:38:59.107] (INFO) Alien monitor (aliend): Detected no space aliens.
[2015/11/04 11:38:59.107] (INFO) Backed up all server logs.
[2015/11/04 11:38:59.107] (INFO) User "tyh2874" logged out due to inactivity (timeout=30 minutes).
[2015/11/04 11:38:59.107] (WARN) CPU temperature exceeds 40º Celsius.
[2015/11/04 11:38:59.107] (INFO) Flushed 55 buffers to disk.
[2015/11/04 11:38:59.107] (INFO) Checked file systems for errors: All filesystems OK.
[2015/11/04 11:38:59.107] (INFO) Your mother called. She says you never call her.
[2015/11/04 11:38:59.107] (INFO) User "usq8518" logged out due to inactivity (timeout=30 minutes).
[2015/11/04 11:38:59.107] (INFO) Alien monitor (aliend): Detected no space aliens.
[2015/11/04 11:38:59.107] (INFO) Pinging watchdog timer process: Process is alive.
[2015/11/04 11:38:59.107] (INFO) Checkpointing off-heap server memory...
[2015/11/04 11:38:59.107] (INFO) Flushed 89 buffers to disk.
[2015/11/04 11:38:59.107] (INFO) User "jsd9617" logged out due to inactivity (timeout=30 minutes).
[2015/11/04 11:38:59.107] (INFO) User "gdk9628" logged out due to inactivity (timeout=30 minutes).
[2015/11/04 11:38:59.107] (INFO) Supervisor has entered WAITING state.
[2015/11/04 11:38:59.107] (INFO) Checkpointing off-heap server memory...
[2015/11/04 11:38:59.107] (INFO) Backed up all server logs.
[2015/11/04 11:38:59.107] (INFO) Supervisor has entered WAITING state.
[2015/11/04 11:38:59.107] (INFO) Alien monitor (aliend): Detected no space aliens.
[2015/11/04 11:38:59.107] (INFO) Backed up all server logs.
[2015/11/04 11:38:59.107] (INFO) Network heartbeat check: All OK.
[2015/11/04 11:38:59.107] (INFO) Supervisor has entered WAITING state.
[2015/11/04 11:38:59.107] (INFO) Your mother called. She says you never call her.
[2015/11/04 11:38:59.107] (INFO) Sending SIGTERM to 4 excess workers.
[2015/11/04 11:38:59.107] (INFO) Checkpointing off-heap server memory...
[2015/11/04 11:38:59.107] (INFO) User "xtk9475" logged out.
[2015/11/04 11:38:59.107] (INFO) Supervisor has entered SUSPENDED state.
[2015/11/04 11:38:59.107] (ERROR) Failed to open "/mnt/fileserver02/zyCMh78375.tsv": NFS timeout.
[2015/11/04 11:38:59.107] (INFO) Alien monitor (aliend): Detected no space aliens.
[2015/11/04 11:38:59.107] (INFO) Supervisor has entered RESTARTING state.
[2015/11/04 11:38:59.107] (INFO) Checkpointing off-heap server memory...
[2015/11/04 11:38:59.107] (INFO) Checked file systems for errors: All filesystems OK.
[2015/11/04 11:38:59.107] (INFO) User "yzk9696" logged out due to inactivity (timeout=30 minutes).
[2015/11/04 11:38:59.608] (INFO) Backed up all server logs.
[2015/11/04 11:38:59.608] (INFO) User "dba5523" logged out due to inactivity (timeout=30 minutes).
[2015/11/04 11:38:59.608] (INFO) Checked file systems for errors: All filesystems OK.
[2015/11/04 11:38:59.608] (INFO) Pinging watchdog timer process: Process is alive.
[2015/11/04 11:38:59.608] (INFO) Device 0xff36 is online.
[2015/11/04 11:38:59.608] (WARN) Ignoring SIGTERM. It's not that easy to get rid of me.
[2015/11/04 11:38:59.608] (INFO) User "ljy3270" logged in from 172.16.98.119.
[2015/11/04 11:38:59.608] (INFO) Supervisor has entered WAITING state.
[2015/11/04 11:38:59.608] (ERROR) Detected clock skew! Restarting NTP server.
[2015/11/04 11:38:59.608] (INFO) Your mother called. She says you never call her.
[2015/11/04 11:38:59.608] (WARN) Ignoring SIGTERM. It's not that easy to get rid of me.
[2015/11/04 11:38:59.608] (INFO) Supervisor has entered RESTARTING state.
[2015/11/04 11:38:59.608] (INFO) .evian ylbirret si emehcs otpyrc ym neht ,siht daer nac uoy fI
[2015/11/04 11:38:59.608] (ERROR) Failed to write checkpoint file "/var/checkpoint/Wmloq56390: No space left on device (ENOSPC)
[2015/11/04 11:38:59.608] (INFO) User "dvv5756" logged out.
[2015/11/04 11:38:59.608] (INFO) .evian ylbirret si emehcs otpyrc ym neht ,siht daer nac uoy fI
[2015/11/04 11:38:59.608] (INFO) Checked file systems for errors: All filesystems OK.
[2015/11/04 11:38:59.608] (INFO) Checked file systems for errors: All filesystems OK.
[2015/11/04 11:38:59.608] (INFO) Your mother called. She says you never call her.
[2015/11/04 11:38:59.608] (INFO) Alien monitor (aliend): Detected no space aliens.
[2015/11/04 11:38:59.608] (INFO) Checked file systems for errors: All filesystems OK.
[2015/11/04 11:38:59.608] (WARN) There is no such thing as a free lunch.
[2015/11/04 11:38:59.608] (INFO) Rolling 1 log file(s)...
[2015/11/04 11:38:59.608] (INFO) Alien monitor (aliend): Detected no space aliens.
[2015/11/04 11:38:59.608] (INFO) Checked file systems for errors: All filesystems OK.
[2015/11/04 11:38:59.608] (INFO) User "adc5034" logged out.
[2015/11/04 11:38:59.608] (INFO) Supervisor has entered RESTARTING state.
[2015/11/04 11:38:59.608] (ERROR) /dev/lp error: "PC LOAD LETTER"
[2015/11/04 11:38:59.608] (WARN) Dropped 13,488 corrupt data packets.
[2015/11/04 11:38:59.608] (INFO) Supervisor has entered RUNNING state.
[2015/11/04 11:38:59.608] (INFO) User "phg3273" logged out due to inactivity (timeout=30 minutes).
[2015/11/04 11:38:59.608] (INFO) Supervisor has entered SUSPENDED state.
[2015/11/04 11:38:59.608] (INFO) Waiting for master process (PID 25544) to die.
[2015/11/04 11:38:59.608] (INFO) Alien monitor (aliend): Detected no space aliens.
[2015/11/04 11:38:59.608] (INFO) User "mor7057" logged out due to inactivity (timeout=30 minutes).
[2015/11/04 11:38:59.608] (WARN) CPU temperature exceeds 40º Celsius.
[2015/11/04 11:38:59.608] (INFO) .evian ylbirret si emehcs otpyrc ym neht ,siht daer nac uoy fI
[2015/11/04 11:38:59.608] (WARN) Unable to ping supervisor at 10.51.4.23. Retrying.
[2015/11/04 11:38:59.608] (INFO) Checkpointing off-heap server memory...
[2015/11/04 11:38:59.608] (ERROR) Directory index of "/var/data" is forbidden.
[2015/11/04 11:38:59.608] (INFO) User "vel1606" logged in from 192.168.85.182.
[2015/11/04 11:38:59.608] (INFO) Alien monitor (aliend): Detected no space aliens.
[2015/11/04 11:38:59.608] (INFO) Supervisor has entered RESTARTING state.
[2015/11/04 11:38:59.608] (INFO) User "eiv1643" logged out due to inactivity (timeout=30 minutes).
[2015/11/04 11:38:59.608] (INFO) Backed up all server logs.
[2015/11/04 11:38:59.608] (INFO) User "woe1286" logged in from 10.172.82.192.
[2015/11/04 11:38:59.608] (INFO) Alien monitor (aliend): Detected no space aliens.
[2015/11/04 11:38:59.608] (INFO) User "gol8376" logged out.
[2015/11/04 11:38:59.608] (INFO) Backed up all server logs.
[2015/11/04 11:38:59.608] (INFO) User "ssb5869" logged out due to inactivity (timeout=30 minutes).
[2015/11/04 11:38:59.608] (INFO) User "zqx4635" logged out.
[2015/11/04 11:38:59.608] (INFO) Rolling 6 log file(s)...
[2015/11/04 11:38:59.608] (INFO) Sending SIGTERM to 2 excess workers.
[2015/11/04 11:38:59.608] (WARN) CPU temperature exceeds 40º Celsius.
[2015/11/04 11:38:59.608] (INFO) Checked file systems for errors: All filesystems OK.
[2015/11/04 11:38:59.608] (INFO) Pinging watchdog timer process: Process is alive.
[2015/11/04 11:38:59.608] (INFO) User "avx1705" logged out due to inactivity (timeout=30 minutes).
[2015/11/04 11:38:59.608] (INFO) User "cxx9913" logged out.
[2015/11/04 11:38:59.608] (ERROR) "/var/data/iQacR71595.xslx": No such file or directory (ENOENT)
[2015/11/04 11:38:59.608] (INFO) Alien monitor (aliend): Detected no space aliens.
[2015/11/04 11:38:59.608] (INFO) Network heartbeat check: All OK.
[2015/11/04 11:38:59.608] (INFO) Your mother called. She says you never call her.
[2015/11/04 11:38:59.608] (INFO) Alien monitor (aliend): Detected no space aliens.
[2015/11/04 11:38:59.608] (INFO) Waiting for master process (PID 28616) to die.
[2015/11/04 11:38:59.608] (INFO) .evian ylbirret si emehcs otpyrc ym neht ,siht daer nac uoy fI
[2015/11/04 11:38:59.608] (INFO) Network heartbeat check: All OK.
[2015/11/04 11:38:59.608] (INFO) Network heartbeat check: All OK.
[2015/11/04 11:38:59.608] (INFO) Backed up all server logs.
[2015/11/04 11:38:59.608] (INFO) .evian ylbirret si emehcs otpyrc ym neht ,siht daer nac uoy fI
[2015/11/04 11:38:59.608] (INFO) Checkpointing off-heap server memory...
[2015/11/04 11:38:59.608] (INFO) Alien monitor (aliend): Detected no space aliens.
[2015/11/04 11:38:59.608] (INFO) Device 0x4065 is online.
[2015/11/04 11:38:59.608] (INFO) Supervisor has entered SUSPENDED state.
[2015/11/04 11:38:59.608] (INFO) Network heartbeat check: All OK.
[2015/11/04 11:38:59.608] (INFO) Sending SIGTERM to 2 excess workers.
[2015/11/04 11:38:59.608] (INFO) Device 0xdc78 is online.
[2015/11/04 11:38:59.608] (INFO) Checked file systems for errors: All filesystems OK.
[2015/11/04 11:38:59.608] (ERROR) Detected incoming DDoS from 192.168.8.10.
[2015/11/04 11:38:59.608] (ERROR) "/var/data/rasaM84219.txt": No such file or directory (ENOENT)
[2015/11/04 11:38:59.608] (INFO) Rolling 3 log file(s)...
[2015/11/04 11:38:59.608] (INFO) Device 0x3b74 is online.
[2015/11/04 11:38:59.608] (INFO) Sending SIGTERM to 2 excess workers.
[2015/11/04 11:38:59.608] (INFO) Supervisor has entered RESTARTING state.
[2015/11/04 11:38:59.608] (INFO) Flushed 56 buffers to disk.
[2015/11/04 11:38:59.608] (INFO) Supervisor has entered SUSPENDED state.
[2015/11/04 11:38:59.608] (ERROR) Server log backup FAILED. See backup logs.
[2015/11/04 11:38:59.608] (INFO) Alien monitor (aliend): Detected no space aliens.
[2015/11/04 11:38:59.608] (INFO) Sending SIGTERM to 3 excess workers.
[2015/11/04 11:38:59.608] (INFO) Sending SIGTERM to 4 excess workers.
[2015/11/04 11:38:59.608] (WARN) Ignoring SIGTERM. It's not that easy to get rid of me.
[2015/11/04 11:38:59.608] (WARN) Master took 569 ms to respond (threshold=500 ms)
[2015/11/04 11:38:59.608] (INFO) Your mother called. She says you never call her.
[2015/11/04 11:38:59.608] (INFO) User "hpx2355" logged out.
[2015/11/04 11:38:59.608] (INFO) Supervisor has entered SUSPENDED state.
[2015/11/04 11:38:59.608] (INFO) Alien monitor (aliend): Detected no space aliens.
[2015/11/04 11:38:59.608] (INFO) Alien monitor (aliend): Detected no space aliens.
[2015/11/04 11:38:59.608] (INFO) Checkpointing off-heap server memory...
[2015/11/04 11:38:59.608] (WARN) Backup server 192.168.195.69 is offline.
[2015/11/04 11:38:59.608] (INFO) User "fzb9912" logged out due to inactivity (timeout=30 minutes).
[2015/11/04 11:38:59.608] (INFO) Waiting for worker process (PID 53790) to die.
[2015/11/04 11:39:00.107] (INFO) Pinging watchdog timer process: Process is alive.
[2015/11/04 11:39:00.107] (INFO) User "nwx1907" logged out.
[2015/11/04 11:39:00.107] (INFO) User "fus8959" logged out due to inactivity (timeout=30 minutes).
[2015/11/04 11:39:00.107] (INFO) Sending SIGTERM to 4 excess workers.
[2015/11/04 11:39:00.107] (INFO) User "sjc1378" logged out.
[2015/11/04 11:39:00.107] (INFO) Your mother called. She says you never call her.
[2015/11/04 11:39:00.107] (INFO) Device 0x8df0 is online.
[2015/11/04 11:39:00.107] (INFO) .evian ylbirret si emehcs otpyrc ym neht ,siht daer nac uoy fI
[2015/11/04 11:39:00.107] (INFO) User "hzj3809" logged out due to inactivity (timeout=30 minutes).
[2015/11/04 11:39:00.107] (WARN) Space on disk /dev/sdf1 is low: Only 336 MB available.
[2015/11/04 11:39:00.107] (INFO) Waiting for master process (PID 38878) to die.
[2015/11/04 11:39:00.107] (INFO) Supervisor has entered WAITING state.
[2015/11/04 11:39:00.107] (INFO) Checkpointing off-heap server memory...
[2015/11/04 11:39:00.107] (INFO) Device 0x8f6f is online.
[2015/11/04 11:39:00.107] (INFO) Pinging watchdog timer process: Process is alive.
[2015/11/04 11:39:00.107] (INFO) Supervisor has entered RUNNING state.
[2015/11/04 11:39:00.107] (INFO) Your mother called. She says you never call her.
[2015/11/04 11:39:00.107] (INFO) .evian ylbirret si emehcs otpyrc ym neht ,siht daer nac uoy fI
[2015/11/04 11:39:00.107] (INFO) Rolling 7 log file(s)...
[2015/11/04 11:39:00.107] (INFO) Pinging watchdog timer process: Process is alive.
[2015/11/04 11:39:00.107] (INFO) User "mrm5276" logged out.
[2015/11/04 11:39:00.108] (INFO) Rolling 3 log file(s)...
[2015/11/04 11:39:00.108] (INFO) User "gyx8229" logged out.
[2015/11/04 11:39:00.108] (INFO) Checked file systems for errors: All filesystems OK.
[2015/11/04 11:39:00.108] (INFO) Pinging watchdog timer process: Process is alive.
[2015/11/04 11:39:00.108] (INFO) Sending SIGTERM to 2 excess workers.
[2015/11/04 11:39:00.108] (WARN) Ignoring SIGTERM. It's not that easy to get rid of me.
[2015/11/04 11:39:00.108] (INFO) Checked file systems for errors: All filesystems OK.
[2015/11/04 11:39:00.108] (INFO) Rolling 4 log file(s)...
[2015/11/04 11:39:00.108] (INFO) Sending SIGTERM to 2 excess workers.
[2015/11/04 11:39:00.108] (INFO) Pinging watchdog timer process: Process is alive.
[2015/11/04 11:39:00.108] (INFO) Flushed 28 buffers to disk.
[2015/11/04 11:39:00.108] (INFO) Network heartbeat check: All OK.
[2015/11/04 11:39:00.108] (INFO) Checked file systems for errors: All filesystems OK.
[2015/11/04 11:39:00.108] (INFO) Alien monitor (aliend): Detected no space aliens.
[2015/11/04 11:39:00.108] (ERROR) CPU temperature exceeds 50º Celsius. Shutting down.
[2015/11/04 11:39:00.108] (INFO) Pinging watchdog timer process: Process is alive.
[2015/11/04 11:39:00.108] (INFO) Backed up all server logs.
[2015/11/04 11:39:00.108] (ERROR) EFOODFAIL (Waiter, there's a fly in my soup).
[2015/11/04 11:39:00.108] (INFO) Waiting for worker process (PID 26311) to die.
[2015/11/04 11:39:00.108] (INFO) User "wkw4166" logged in from 172.16.224.5.
[2015/11/04 11:39:00.108] (INFO) User "kov1170" logged in from 172.16.64.248.
[2015/11/04 11:39:00.108] (INFO) Checked file systems for errors: All filesystems OK.
[2015/11/04 11:39:00.108] (INFO) Rolling 6 log file(s)...
[2015/11/04 11:39:00.108] (ERROR) Connection to 192.168.182.184 terminated unexpectedly. Reconnecting.
[2015/11/04 11:39:00.108] (INFO) User "ekz2132" logged out.
[2015/11/04 11:39:00.108] (INFO) Your mother called. She says you never call her.
[2015/11/04 11:39:00.108] (WARN) Ignoring SIGTERM. It's not that easy to get rid of me.
[2015/11/04 11:39:00.108] (INFO) Sending SIGTERM to 4 excess workers.
[2015/11/04 11:39:00.108] (INFO) .evian ylbirret si emehcs otpyrc ym neht ,siht daer nac uoy fI
[2015/11/04 11:39:00.108] (ERROR) "/var/data/RTEXJ96813.xml": Permission denied (EACCES)
[2015/11/04 11:39:00.108] (WARN) Possible cyber-attack from Nebraska.
[2015/11/04 11:39:00.108] (INFO) Sending SIGTERM to 3 excess workers.
[2015/11/04 11:39:00.108] (INFO) Alien monitor (aliend): Detected no space aliens.
[2015/11/04 11:39:00.108] (WARN) Backup server 192.168.0.91 is offline.
[2015/11/04 11:39:00.108] (INFO) Network heartbeat check: All OK.
[2015/11/04 11:39:00.108] (INFO) Flushed 48 buffers to disk.
[2015/11/04 11:39:00.108] (ERROR) Directory index of "/var/data" is forbidden.
[2015/11/04 11:39:00.108] (INFO) .evian ylbirret si emehcs otpyrc ym neht ,siht daer nac uoy fI
[2015/11/04 11:39:00.108] (ERROR) Unable to authenticate user "kpi9598": LDAP server isn't responding.
[2015/11/04 11:39:00.108] (WARN) Possible cyber-attack from The Cayman Islands.
[2015/11/04 11:39:00.108] (INFO) Checkpointing off-heap server memory...
[2015/11/04 11:39:00.108] (INFO) Backed up all server logs.
[2015/11/04 11:39:00.108] (INFO) Rolling 9 log file(s)...
[2015/11/04 11:39:00.108] (INFO) Flushed 56 buffers to disk.
[2015/11/04 11:39:00.108] (INFO) Pinging watchdog timer process: Process is alive.
[2015/11/04 11:39:00.108] (INFO) Flushed 93 buffers to disk.
[2015/11/04 11:39:00.108] (INFO) Backed up all server logs.
[2015/11/04 11:39:00.108] (ERROR) Blocked nmap traffic originating from 192.168.17.143.
[2015/11/04 11:39:00.108] (INFO) Sending SIGTERM to 3 excess workers.
[2015/11/04 11:39:00.108] (INFO) User "qme6173" logged out due to inactivity (timeout=30 minutes).
[2015/11/04 11:39:00.108] (INFO) Device 0xab9a is online.
[2015/11/04 11:39:00.108] (INFO) Your mother called. She says you never call her.
[2015/11/04 11:39:00.108] (INFO) Device 0x3bce is online.
[2015/11/04 11:39:00.108] (ERROR) EFOODFAIL (Waiter, there's a fly in my soup).
[2015/11/04 11:39:00.108] (INFO) Checkpointing off-heap server memory...
[2015/11/04 11:39:00.108] (INFO) Your mother called. She says you never call her.
[2015/11/04 11:39:00.108] (INFO) Sending SIGTERM to 4 excess workers.
[2015/11/04 11:39:00.108] (INFO) Device 0x3cc3 is online.
[2015/11/04 11:39:00.108] (INFO) .evian ylbirret si emehcs otpyrc ym neht ,siht daer nac uoy fI
[2015/11/04 11:39:00.108] (INFO) Supervisor has entered RUNNING state.
[2015/11/04 11:39:00.108] (WARN) Possible cyber-attack from Antarctica.
[2015/11/04 11:39:00.108] (INFO) Flushed 85 buffers to disk.
[2015/11/04 11:39:00.108] (INFO) Flushed 27 buffers to disk.
[2015/11/04 11:39:00.108] (INFO) Rolling 2 log file(s)...
[2015/11/04 11:39:00.108] (ERROR) EFOODFAIL (Waiter, there's a fly in my soup).
[2015/11/04 11:39:00.108] (INFO) Your mother called. She says you never call her.
[2015/11/04 11:39:00.108] (ERROR) Server log backup FAILED. See backup logs.
[2015/11/04 11:39:00.108] (ERROR) CPU temperature exceeds 50º Celsius. Shutting down.
[2015/11/04 11:39:00.108] (INFO) Checkpointing off-heap server memory...
[2015/11/04 11:39:00.108] (INFO) Waiting for supervisor process (PID 42083) to die.
[2015/11/04 11:39:00.108] (ERROR) Directory index of "/var/data" is forbidden.
[2015/11/04 11:39:00.108] (INFO) .evian ylbirret si emehcs otpyrc ym neht ,siht daer nac uoy fI
[2015/11/04 11:39:00.108] (INFO) Rolling 7 log file(s)...
[2015/11/04 11:39:00.108] (INFO) User "plu5512" logged out.
[2015/11/04 11:39:00.108] (WARN) Possible cyber-attack from a small unnamed island.
[2015/11/04 11:39:00.108] (INFO) .evian ylbirret si emehcs otpyrc ym neht ,siht daer nac uoy fI
[2015/11/04 11:39:00.108] (INFO) Supervisor has entered RUNNING state.
[2015/11/04 11:39:00.108] (INFO) Checked file systems for errors: All filesystems OK.
[2015/11/04 11:39:00.108] (ERROR) User "ahy4917" failed to log in 3 times. Disabling account.
[2015/11/04 11:39:00.607] (INFO) Device 0x8218 is online.
[2015/11/04 11:39:00.607] (INFO) User "oof1738" logged out due to inactivity (timeout=30 minutes).
[2015/11/04 11:39:00.607] (INFO) Your mother called. She says you never call her.
[2015/11/04 11:39:00.607] (INFO) Backed up all server logs.
[2015/11/04 11:39:00.607] (INFO) Waiting for monitor process (PID 14187) to die.
[2015/11/04 11:39:00.607] (INFO) Network heartbeat check: All OK.
[2015/11/04 11:39:00.607] (INFO) User "iop8340" logged in from 172.16.182.31.
[2015/11/04 11:39:00.607] (INFO) Flushed 98 buffers to disk.
[2015/11/04 11:39:00.607] (INFO) Sending SIGTERM to 3 excess workers.
[2015/11/04 11:39:00.608] (ERROR) EFOODFAIL (Waiter, there's a fly in my soup).
[2015/11/04 11:39:00.608] (INFO) Network heartbeat check: All OK.
[2015/11/04 11:39:00.608] (INFO) Flushed 30 buffers to disk.
[2015/11/04 11:39:00.608] (ERROR) Extra characters at end of line.
[2015/11/04 11:39:00.608] (ERROR) Device 0x44a2 is offline
[2015/11/04 11:39:00.608] (INFO) Sending SIGTERM to 3 excess workers.
[2015/11/04 11:39:00.608] (INFO) Network heartbeat check: All OK.
[2015/11/04 11:39:00.608] (ERROR) Device 0x6891 is offline
[2015/11/04 11:39:00.608] (WARN) Master took 887 ms to respond (threshold=500 ms)
[2015/11/04 11:39:00.608] (INFO) User "bti4491" logged out due to inactivity (timeout=30 minutes).
[2015/11/04 11:39:00.608] (INFO) User "dfn2624" logged in from 172.16.149.72.
[2015/11/04 11:39:00.608] (ERROR) CPU temperature exceeds 50º Celsius. Shutting down.
[2015/11/04 11:39:00.608] (ERROR) Unable to mount /dev/sdb3. (Time to run fsck?)
[2015/11/04 11:39:00.608] (ERROR) Connection to 172.16.208.83 terminated unexpectedly. Reconnecting.
[2015/11/04 11:39:00.608] (INFO) Checkpointing off-heap server memory...
[2015/11/04 11:39:00.608] (INFO) User "ucl3391" logged out due to inactivity (timeout=30 minutes).
[2015/11/04 11:39:00.608] (WARN) Unable to ping supervisor at 192.168.243.250. Retrying.
[2015/11/04 11:39:00.608] (INFO) User "pev3986" logged out.
[2015/11/04 11:39:00.608] (INFO) Backed up all server logs.
[2015/11/04 11:39:00.608] (ERROR) Failed to write checkpoint file "/var/checkpoint/AJpbR56784: No space left on device (ENOSPC)
[2015/11/04 11:39:00.608] (INFO) Your mother called. She says you never call her.
[2015/11/04 11:39:00.608] (INFO) Network heartbeat check: All OK.
[2015/11/04 11:39:00.608] (INFO) Rolling 7 log file(s)...
[2015/11/04 11:39:00.608] (INFO) User "rac4940" logged in from 172.16.103.217.
[2015/11/04 11:39:00.608] (INFO) User "ltx4700" logged out due to inactivity (timeout=30 minutes).
[2015/11/04 11:39:00.608] (INFO) User "eec4062" logged out.
[2015/11/04 11:39:00.608] (INFO) .evian ylbirret si emehcs otpyrc ym neht ,siht daer nac uoy fI
[2015/11/04 11:39:00.608] (INFO) Checked file systems for errors: All filesystems OK.
[2015/11/04 11:39:00.608] (INFO) Supervisor has entered WAITING state.
[2015/11/04 11:39:00.608] (INFO) Rolling 8 log file(s)...
[2015/11/04 11:39:00.608] (INFO) Your mother called. She says you never call her.
[2015/11/04 11:39:00.608] (ERROR) Network heartbeat check FAILED: Master host down?
[2015/11/04 11:39:00.608] (WARN) Network heartbeat check: 2 server(s) did not respond.
[2015/11/04 11:39:00.608] (INFO) Backed up all server logs.
[2015/11/04 11:39:00.608] (INFO) Pinging watchdog timer process: Process is alive.
[2015/11/04 11:39:00.608] (INFO) Rolling 7 log file(s)...
[2015/11/04 11:39:00.608] (INFO) User "ylm4353" logged in from 10.164.117.46.
[2015/11/04 11:39:00.608] (INFO) Flushed 93 buffers to disk.
[2015/11/04 11:39:00.608] (INFO) Your mother called. She says you never call her.
[2015/11/04 11:39:00.608] (WARN) CPU temperature exceeds 40º Celsius.
[2015/11/04 11:39:00.608] (INFO) Pinging watchdog timer process: Process is alive.
[2015/11/04 11:39:00.608] (INFO) Pinging watchdog timer process: Process is alive.
[2015/11/04 11:39:00.608] (INFO) Checkpointing off-heap server memory...
[2015/11/04 11:39:00.608] (INFO) .evian ylbirret si emehcs otpyrc ym neht ,siht daer nac uoy fI
[2015/11/04 11:39:00.608] (INFO) Device 0x4f38 is online.
[2015/11/04 11:39:00.608] (INFO) Your mother called. She says you never call her.
[2015/11/04 11:39:00.608] (WARN) Watchdog timer crashed. Restarting it.
[2015/11/04 11:39:00.608] (INFO) Backed up all server logs.
[2015/11/04 11:39:00.608] (INFO) Pinging watchdog timer process: Process is alive.
[2015/11/04 11:39:00.608] (ERROR) Blocked FTP traffic originating from 192.168.47.119.
[2015/11/04 11:39:00.608] (INFO) Device 0xfd85 is online.
[2015/11/04 11:39:00.608] (INFO) Alien monitor (aliend): Detected no space aliens.
[2015/11/04 11:39:00.608] (INFO) User "fww1937" logged out.
[2015/11/04 11:39:00.608] (INFO) Supervisor has entered SUSPENDED state.
[2015/11/04 11:39:00.608] (INFO) Your mother called. She says you never call her.
[2015/11/04 11:39:00.608] (ERROR) One of the flayrods has gone out askew on treadle.
[2015/11/04 11:39:00.608] (WARN) Possible cyber-attack from a small unnamed island.
[2015/11/04 11:39:00.608] (WARN) Dropped 16,762 corrupt data packets.
[2015/11/04 11:39:00.608] (INFO) Waiting for master process (PID 452) to die.
[2015/11/04 11:39:00.608] (INFO) Checkpointing off-heap server memory...
[2015/11/04 11:39:00.608] (INFO) Alien monitor (aliend): Detected no space aliens.
[2015/11/04 11:39:00.608] (WARN) Network heartbeat check: 1 server(s) did not respond.
[2015/11/04 11:39:00.608] (INFO) User "qms1181" logged out.
[2015/11/04 11:39:00.608] (INFO) Checked file systems for errors: All filesystems OK.
[2015/11/04 11:39:00.608] (INFO) Your mother called. She says you never call her.
[2015/11/04 11:39:00.608] (INFO) .evian ylbirret si emehcs otpyrc ym neht ,siht daer nac uoy fI
[2015/11/04 11:39:00.608] (INFO) Pinging watchdog timer process: Process is alive.
[2015/11/04 11:39:00.608] (ERROR) User "cdn5813" failed to log in 3 times. Disabling account.
[2015/11/04 11:39:00.608] (INFO) Waiting for worker process (PID 27632) to die.
[2015/11/04 11:39:00.608] (INFO) Pinging watchdog timer process: Process is alive.
[2015/11/04 11:39:00.608] (INFO) User "mdc2077" logged out due to inactivity (timeout=30 minutes).
[2015/11/04 11:39:00.608] (INFO) User "kde5973" logged out.
[2015/11/04 11:39:00.608] (INFO) User "jne9151" logged out.
[2015/11/04 11:39:00.608] (INFO) Your mother called. She says you never call her.
[2015/11/04 11:39:00.608] (WARN) Unable to ping worker at 10.174.91.134. Retrying.
[2015/11/04 11:39:00.608] (INFO) User "iza5747" logged out.
[2015/11/04 11:39:00.608] (INFO) Supervisor has entered WAITING state.
[2015/11/04 11:39:00.608] (INFO) Pinging watchdog timer process: Process is alive.
[2015/11/04 11:39:00.608] (INFO) Your mother called. She says you never call her.
[2015/11/04 11:39:00.608] (ERROR) "/var/data/xEFUu75782.txt": Permission denied (EACCES)
[2015/11/04 11:39:00.608] (INFO) Sending SIGTERM to 4 excess workers.
[2015/11/04 11:39:00.608] (INFO) .evian ylbirret si emehcs otpyrc ym neht ,siht daer nac uoy fI
[2015/11/04 11:39:00.608] (ERROR) EFOODFAIL (Waiter, there's a fly in my soup).
[2015/11/04 11:39:00.608] (INFO) Device 0x7c43 is online.
[2015/11/04 11:39:00.608] (INFO) Flushed 40 buffers to disk.
[2015/11/04 11:39:00.608] (INFO) Waiting for monitor process (PID 43966) to die.
[2015/11/04 11:39:00.608] (INFO) Flushed 36 buffers to disk.
[2015/11/04 11:39:00.608] (INFO) Network heartbeat check: All OK.
[2015/11/04 11:39:00.608] (INFO) Rolling 1 log file(s)...
[2015/11/04 11:39:00.608] (INFO) Your mother called. She says you never call her.
[2015/11/04 11:39:00.608] (INFO) Flushed 31 buffers to disk.
[2015/11/04 11:39:01.108] (INFO) Pinging watchdog timer process: Process is alive.
[2015/11/04 11:39:01.108] (INFO) Waiting for monitor process (PID 14795) to die.
[2015/11/04 11:39:01.108] (INFO) User "vxc8731" logged out due to inactivity (timeout=30 minutes).
[2015/11/04 11:39:01.108] (INFO) User "azy6402" logged out due to inactivity (timeout=30 minutes).
[2015/11/04 11:39:01.108] (INFO) Flushed 20 buffers to disk.
[2015/11/04 11:39:01.108] (INFO) Checkpointing off-heap server memory...
[2015/11/04 11:39:01.108] (INFO) Your mother called. She says you never call her.
[2015/11/04 11:39:01.108] (ERROR) Unable to write to "/var/data/mcHvY70613.parquet": Permission denied (EACCES)
[2015/11/04 11:39:01.108] (INFO) .evian ylbirret si emehcs otpyrc ym neht ,siht daer nac uoy fI
[2015/11/04 11:39:01.108] (INFO) Waiting for master process (PID 12615) to die.
[2015/11/04 11:39:01.108] (INFO) Network heartbeat check: All OK.
[2015/11/04 11:39:01.108] (INFO) User "hza1477" logged out due to inactivity (timeout=30 minutes).
[2015/11/04 11:39:01.108] (ERROR) Alien monitor (aliend): 3 space aliens are fiddling with the hardware!
[2015/11/04 11:39:01.108] (INFO) Alien monitor (aliend): Detected no space aliens.
[2015/11/04 11:39:01.108] (ERROR) Alien monitor (aliend): 4 space aliens are fiddling with the hardware!
[2015/11/04 11:39:01.108] (INFO) Device 0x70eb is online.
[2015/11/04 11:39:01.108] (INFO) User "ztc9786" logged in from 10.214.186.171.
[2015/11/04 11:39:01.108] (INFO) Sending SIGTERM to 3 excess workers.
[2015/11/04 11:39:01.108] (INFO) Rolling 6 log file(s)...
[2015/11/04 11:39:01.108] (INFO) Alien monitor (aliend): Detected no space aliens.
[2015/11/04 11:39:01.108] (INFO) Flushed 94 buffers to disk.
[2015/11/04 11:39:01.108] (INFO) User "wvx6739" logged out due to inactivity (timeout=30 minutes).
[2015/11/04 11:39:01.108] (ERROR) Directory index of "/var/data" is forbidden.
[2015/11/04 11:39:01.108] (INFO) Sending SIGTERM to 3 excess workers.
[2015/11/04 11:39:01.108] (INFO) Rolling 9 log file(s)...
[2015/11/04 11:39:01.108] (INFO) Backed up all server logs.
[2015/11/04 11:39:01.108] (INFO) Alien monitor (aliend): Detected no space aliens.
[2015/11/04 11:39:01.108] (INFO) Your mother called. She says you never call her.
[2015/11/04 11:39:01.108] (INFO) Rolling 4 log file(s)...
[2015/11/04 11:39:01.108] (WARN) Ignoring SIGTERM. It's not that easy to get rid of me.
[2015/11/04 11:39:01.108] (INFO) Network heartbeat check: All OK.
[2015/11/04 11:39:01.108] (INFO) Checked file systems for errors: All filesystems OK.
[2015/11/04 11:39:01.108] (WARN) Retrying server log checkpoint.
[2015/11/04 11:39:01.108] (INFO) Sending SIGTERM to 4 excess workers.
[2015/11/04 11:39:01.108] (INFO) Flushed 43 buffers to disk.
[2015/11/04 11:39:01.108] (INFO) Checked file systems for errors: All filesystems OK.
[2015/11/04 11:39:01.108] (INFO) Your mother called. She says you never call her.
[2015/11/04 11:39:01.108] (INFO) User "qrf6045" logged in from 192.168.37.227.
[2015/11/04 11:39:01.108] (INFO) Device 0xac7f is online.
[2015/11/04 11:39:01.108] (INFO) Network heartbeat check: All OK.
[2015/11/04 11:39:01.108] (ERROR) EFOODFAIL (Waiter, there's a fly in my soup).
[2015/11/04 11:39:01.108] (INFO) Sending SIGTERM to 4 excess workers.
[2015/11/04 11:39:01.108] (WARN) Possible cyber-attack from Nebraska.
[2015/11/04 11:39:01.108] (ERROR) Worker 7 died with SIGILL. Restarting it.
[2015/11/04 11:39:01.108] (ERROR) Extra characters at end of line.
[2015/11/04 11:39:01.108] (INFO) User "trw5616" logged out.
[2015/11/04 11:39:01.108] (WARN) Space on disk /dev/sdb4 is low: Only 857 MB available.
[2015/11/04 11:39:01.108] (INFO) User "xtz2847" logged out.
[2015/11/04 11:39:01.108] (INFO) User "pbd5768" logged out.
[2015/11/04 11:39:01.108] (WARN) Network heartbeat check: 14 server(s) did not respond.
[2015/11/04 11:39:01.108] (INFO) Flushed 84 buffers to disk.
[2015/11/04 11:39:01.108] (INFO) Sending SIGTERM to 4 excess workers.
[2015/11/04 11:39:01.108] (INFO) Your mother called. She says you never call her.
[2015/11/04 11:39:01.108] (INFO) Flushed 57 buffers to disk.
[2015/11/04 11:39:01.108] (INFO) Your mother called. She says you never call her.
[2015/11/04 11:39:01.108] (INFO) Device 0x21fd is online.
[2015/11/04 11:39:01.108] (INFO) Flushed 45 buffers to disk.
[2015/11/04 11:39:01.108] (INFO) Alien monitor (aliend): Detected no space aliens.
[2015/11/04 11:39:01.108] (INFO) Device 0x8105 is online.
[2015/11/04 11:39:01.108] (INFO) Waiting for worker process (PID 63624) to die.
[2015/11/04 11:39:01.108] (ERROR) "/var/data/gahUA99773.zip": No such file or directory (ENOENT)
[2015/11/04 11:39:01.108] (INFO) Flushed 26 buffers to disk.
[2015/11/04 11:39:01.108] (INFO) .evian ylbirret si emehcs otpyrc ym neht ,siht daer nac uoy fI
[2015/11/04 11:39:01.108] (INFO) Network heartbeat check: All OK.
[2015/11/04 11:39:01.108] (WARN) Ignoring SIGTERM. It's not that easy to get rid of me.
[2015/11/04 11:39:01.108] (INFO) Device 0x91c9 is online.
[2015/11/04 11:39:01.108] (INFO) Flushed 22 buffers to disk.
[2015/11/04 11:39:01.108] (INFO) User "cep4987" logged in from 192.168.65.86.
[2015/11/04 11:39:01.108] (INFO) User "ugl3204" logged out due to inactivity (timeout=30 minutes).
[2015/11/04 11:39:01.108] (INFO) Waiting for supervisor process (PID 36098) to die.
[2015/11/04 11:39:01.108] (INFO) User "kau3983" logged out due to inactivity (timeout=30 minutes).
[2015/11/04 11:39:01.108] (INFO) Alien monitor (aliend): Detected no space aliens.
[2015/11/04 11:39:01.108] (INFO) Rolling 7 log file(s)...
[2015/11/04 11:39:01.108] (INFO) Checked file systems for errors: All filesystems OK.
[2015/11/04 11:39:01.108] (INFO) Sending SIGTERM to 4 excess workers.
[2015/11/04 11:39:01.108] (INFO) Flushed 52 buffers to disk.
[2015/11/04 11:39:01.108] (INFO) Pinging watchdog timer process: Process is alive.
[2015/11/04 11:39:01.108] (INFO) Sending SIGTERM to 4 excess workers.
[2015/11/04 11:39:01.108] (INFO) Network heartbeat check: All OK.
[2015/11/04 11:39:01.108] (INFO) Backed up all server logs.
[2015/11/04 11:39:01.108] (INFO) Sending SIGTERM to 2 excess workers.
[2015/11/04 11:39:01.108] (INFO) Supervisor has entered RESTARTING state.
[2015/11/04 11:39:01.108] (INFO) Flushed 61 buffers to disk.
[2015/11/04 11:39:01.108] (INFO) Checkpointing off-heap server memory...
[2015/11/04 11:39:01.108] (INFO) Checked file systems for errors: All filesystems OK.
[2015/11/04 11:39:01.108] (INFO) Rolling 4 log file(s)...
[2015/11/04 11:39:01.108] (INFO) Supervisor has entered SUSPENDED state.
[2015/11/04 11:39:01.108] (INFO) .evian ylbirret si emehcs otpyrc ym neht ,siht daer nac uoy fI
[2015/11/04 11:39:01.108] (INFO) Alien monitor (aliend): Detected no space aliens.
[2015/11/04 11:39:01.108] (INFO) User "qto8797" logged in from 192.168.118.141.
[2015/11/04 11:39:01.108] (INFO) User "aml7526" logged out due to inactivity (timeout=30 minutes).
[2015/11/04 11:39:01.108] (INFO) User "sno2033" logged out.
[2015/11/04 11:39:01.108] (INFO) User "ehd5782" logged out.
[2015/11/04 11:39:01.108] (INFO) User "mjz9841" logged out due to inactivity (timeout=30 minutes).
[2015/11/04 11:39:01.108] (INFO) Sending SIGTERM to 2 excess workers.
[2015/11/04 11:39:01.108] (INFO) Rolling 1 log file(s)...
[2015/11/04 11:39:01.108] (INFO) Pinging watchdog timer process: Process is alive.
[2015/11/04 11:39:01.108] (INFO) Waiting for master process (PID 60179) to die.
[2015/11/04 11:39:01.108] (ERROR) Blocked Little Bobby Tables attack (https://xkcd.com/327/) from 10.106.100.178.
[2015/11/04 11:39:01.108] (INFO) Supervisor has entered RUNNING state.
[2015/11/04 11:39:01.607] (INFO) Your mother called. She says you never call her.
[2015/11/04 11:39:01.607] (ERROR) Blocked Little Bobby Tables attack (https://xkcd.com/327/) from 192.168.4.116.
[2015/11/04 11:39:01.607] (WARN) Unable to ping supervisor at 192.168.122.89. Retrying.
[2015/11/04 11:39:01.607] (INFO) Waiting for supervisor process (PID 63131) to die.
[2015/11/04 11:39:01.607] (INFO) Rolling 5 log file(s)...
[2015/11/04 11:39:01.607] (INFO) Backed up all server logs.
[2015/11/04 11:39:01.607] (WARN) CPU temperature exceeds 40º Celsius.
[2015/11/04 11:39:01.607] (INFO) Backed up all server logs.
[2015/11/04 11:39:01.607] (INFO) Device 0x4614 is online.
[2015/11/04 11:39:01.607] (INFO) Pinging watchdog timer process: Process is alive.
[2015/11/04 11:39:01.607] (INFO) .evian ylbirret si emehcs otpyrc ym neht ,siht daer nac uoy fI
[2015/11/04 11:39:01.607] (INFO) Your mother called. She says you never call her.
[2015/11/04 11:39:01.607] (ERROR) User "yqi5393" failed to log in 3 times. Disabling account.
[2015/11/04 11:39:01.607] (INFO) Pinging watchdog timer process: Process is alive.
[2015/11/04 11:39:01.607] (INFO) Waiting for supervisor process (PID 47790) to die.
[2015/11/04 11:39:01.607] (INFO) Supervisor has entered WAITING state.
[2015/11/04 11:39:01.607] (INFO) Your mother called. She says you never call her.
[2015/11/04 11:39:01.607] (INFO) Device 0x466e is online.
[2015/11/04 11:39:01.607] (INFO) Supervisor has entered WAITING state.
[2015/11/04 11:39:01.607] (WARN) Space on disk /dev/sdf1 is low: Only 265 MB available.
[2015/11/04 11:39:01.607] (INFO) User "ruz7057" logged in from 172.16.1.92.
[2015/11/04 11:39:01.607] (INFO) Pinging watchdog timer process: Process is alive.
[2015/11/04 11:39:01.607] (INFO) Sending SIGTERM to 2 excess workers.
[2015/11/04 11:39:01.607] (INFO) Pinging watchdog timer process: Process is alive.
[2015/11/04 11:39:01.607] (INFO) User "iok2980" logged in from 10.74.98.44.
[2015/11/04 11:39:01.607] (INFO) Rolling 8 log file(s)...
[2015/11/04 11:39:01.607] (ERROR) EFOODFAIL (Waiter, there's a fly in my soup).
[2015/11/04 11:39:01.607] (INFO) User "wre7619" logged out.
[2015/11/04 11:39:01.607] (WARN) Unable to ping monitor at 192.168.11.21. Retrying.
[2015/11/04 11:39:01.607] (INFO) Device 0x89ea is online.
[2015/11/04 11:39:01.607] (INFO) .evian ylbirret si emehcs otpyrc ym neht ,siht daer nac uoy fI
[2015/11/04 11:39:01.607] (INFO) Sending SIGTERM to 4 excess workers.
[2015/11/04 11:39:01.607] (INFO) User "dwb1653" logged out.
[2015/11/04 11:39:01.607] (INFO) Waiting for supervisor process (PID 742) to die.
[2015/11/04 11:39:01.607] (INFO) Checkpointing off-heap server memory...
[2015/11/04 11:39:01.607] (INFO) Rolling 6 log file(s)...
[2015/11/04 11:39:01.607] (INFO) Network heartbeat check: All OK.
[2015/11/04 11:39:01.607] (WARN) There is no such thing as a free lunch.
[2015/11/04 11:39:01.607] (INFO) .evian ylbirret si emehcs otpyrc ym neht ,siht daer nac uoy fI
[2015/11/04 11:39:01.607] (INFO) Supervisor has entered SUSPENDED state.
[2015/11/04 11:39:01.607] (INFO) Network heartbeat check: All OK.
[2015/11/04 11:39:01.607] (INFO) Backed up all server logs.
[2015/11/04 11:39:01.607] (INFO) Backed up all server logs.
[2015/11/04 11:39:01.607] (INFO) Checkpointing off-heap server memory...
[2015/11/04 11:39:01.607] (WARN) Watchdog timer crashed. Restarting it.
[2015/11/04 11:39:01.607] (INFO) Sending SIGTERM to 4 excess workers.
[2015/11/04 11:39:01.607] (INFO) Backed up all server logs.
[2015/11/04 11:39:01.607] (INFO) User "cim4697" logged out due to inactivity (timeout=30 minutes).
[2015/11/04 11:39:01.607] (INFO) Checked file systems for errors: All filesystems OK.
[2015/11/04 11:39:01.607] (INFO) Flushed 71 buffers to disk.
[2015/11/04 11:39:01.607] (INFO) Supervisor has entered WAITING state.
[2015/11/04 11:39:01.608] (ERROR) /dev/lp error: "PC LOAD LETTER"
[2015/11/04 11:39:01.608] (INFO) .evian ylbirret si emehcs otpyrc ym neht ,siht daer nac uoy fI
[2015/11/04 11:39:01.608] (ERROR) Unable to write to "/var/data/CNtHQ83562.tsv": Permission denied (EACCES)
[2015/11/04 11:39:01.608] (INFO) Flushed 98 buffers to disk.
[2015/11/04 11:39:01.608] (INFO) Backed up all server logs.
[2015/11/04 11:39:01.608] (INFO) Alien monitor (aliend): Detected no space aliens.
[2015/11/04 11:39:01.608] (INFO) User "qhp8375" logged in from 192.168.206.50.
[2015/11/04 11:39:01.608] (INFO) Checkpointing off-heap server memory...
[2015/11/04 11:39:01.608] (ERROR) Network heartbeat check FAILED: Master host down?
[2015/11/04 11:39:01.608] (INFO) User "ojz3563" logged out due to inactivity (timeout=30 minutes).
[2015/11/04 11:39:01.608] (WARN) There is no such thing as a free lunch.
[2015/11/04 11:39:01.608] (INFO) Alien monitor (aliend): Detected no space aliens.
[2015/11/04 11:39:01.608] (INFO) Checkpointing off-heap server memory...
[2015/11/04 11:39:01.608] (INFO) User "tak1499" logged out due to inactivity (timeout=30 minutes).
[2015/11/04 11:39:01.608] (INFO) Checkpointing off-heap server memory...
[2015/11/04 11:39:01.608] (WARN) Retrying server log checkpoint.
[2015/11/04 11:39:01.608] (INFO) Sending SIGTERM to 2 excess workers.
[2015/11/04 11:39:01.608] (INFO) Flushed 37 buffers to disk.
[2015/11/04 11:39:01.608] (INFO) User "fbf1370" logged in from 192.168.155.122.
[2015/11/04 11:39:01.608] (INFO) Rolling 2 log file(s)...
[2015/11/04 11:39:01.608] (INFO) Sending SIGTERM to 3 excess workers.
[2015/11/04 11:39:01.608] (INFO) Alien monitor (aliend): Detected no space aliens.
[2015/11/04 11:39:01.608] (WARN) Space on disk /dev/sdd3 is low: Only 154 MB available.
[2015/11/04 11:39:01.608] (WARN) Network heartbeat check: 5 server(s) did not respond.
[2015/11/04 11:39:01.608] (INFO) User "ywi1459" logged out due to inactivity (timeout=30 minutes).
[2015/11/04 11:39:01.608] (INFO) .evian ylbirret si emehcs otpyrc ym neht ,siht daer nac uoy fI
[2015/11/04 11:39:01.608] (WARN) Backup server 172.16.161.154 is offline.
[2015/11/04 11:39:01.608] (WARN) CPU temperature exceeds 40º Celsius.
[2015/11/04 11:39:01.608] (ERROR) Worker 2 died with SIGKILL. Restarting it.
[2015/11/04 11:39:01.608] (ERROR) EFOODFAIL (Waiter, there's a fly in my soup).
[2015/11/04 11:39:01.608] (INFO) User "xji4688" logged out due to inactivity (timeout=30 minutes).
[2015/11/04 11:39:01.608] (INFO) Alien monitor (aliend): Detected no space aliens.
[2015/11/04 11:39:01.608] (INFO) Pinging watchdog timer process: Process is alive.
[2015/11/04 11:39:01.608] (INFO) User "xat4327" logged out due to inactivity (timeout=30 minutes).
[2015/11/04 11:39:01.608] (INFO) Waiting for supervisor process (PID 50863) to die.
[2015/11/04 11:39:01.608] (INFO) Sending SIGTERM to 4 excess workers.
[2015/11/04 11:39:01.608] (INFO) Checkpointing off-heap server memory...
[2015/11/04 11:39:01.608] (WARN) Space on disk /dev/sdb2 is low: Only 319 MB available.
[2015/11/04 11:39:01.608] (INFO) Pinging watchdog timer process: Process is alive.
[2015/11/04 11:39:01.608] (INFO) Network heartbeat check: All OK.
[2015/11/04 11:39:01.608] (WARN) Master took 755 ms to respond (threshold=500 ms)
[2015/11/04 11:39:01.608] (WARN) Space on disk /dev/sdf3 is low: Only 319 MB available.
[2015/11/04 11:39:01.608] (INFO) Supervisor has entered RUNNING state.
[2015/11/04 11:39:01.608] (INFO) Backed up all server logs.
[2015/11/04 11:39:01.608] (INFO) Checkpointing off-heap server memory...
[2015/11/04 11:39:01.608] (INFO) Waiting for monitor process (PID 2800) to die.
[2015/11/04 11:39:01.608] (INFO) Backed up all server logs.
[2015/11/04 11:39:01.608] (WARN) Unable to ping supervisor at 10.34.100.116. Retrying.
[2015/11/04 11:39:01.608] (INFO) Rolling 3 log file(s)...
[2015/11/04 11:39:02.107] (INFO) Supervisor has entered SUSPENDED state.
[2015/11/04 11:39:02.107] (INFO) Network heartbeat check: All OK.
[2015/11/04 11:39:02.107] (INFO) Checkpointing off-heap server memory...
[2015/11/04 11:39:02.107] (INFO) Checkpointing off-heap server memory...
[2015/11/04 11:39:02.107] (ERROR) Unable to mount /dev/sdb1. (Time to run fsck?)
[2015/11/04 11:39:02.107] (INFO) Sending SIGTERM to 3 excess workers.
[2015/11/04 11:39:02.107] (INFO) Supervisor has entered SUSPENDED state.
[2015/11/04 11:39:02.107] (INFO) Device 0x7420 is online.
[2015/11/04 11:39:02.107] (INFO) Checked file systems for errors: All filesystems OK.
[2015/11/04 11:39:02.107] (INFO) Sending SIGTERM to 4 excess workers.
[2015/11/04 11:39:02.107] (INFO) Rolling 9 log file(s)...
[2015/11/04 11:39:02.107] (WARN) Ignoring SIGTERM. It's not that easy to get rid of me.
[2015/11/04 11:39:02.107] (INFO) Supervisor has entered SUSPENDED state.
[2015/11/04 11:39:02.107] (INFO) Waiting for supervisor process (PID 20962) to die.
[2015/11/04 11:39:02.107] (INFO) Device 0x9f66 is online.
[2015/11/04 11:39:02.107] (INFO) Rolling 8 log file(s)...
[2015/11/04 11:39:02.107] (INFO) Alien monitor (aliend): Detected no space aliens.
[2015/11/04 11:39:02.107] (ERROR) Server log backup FAILED. See backup logs.
[2015/11/04 11:39:02.107] (INFO) Network heartbeat check: All OK.
[2015/11/04 11:39:02.107] (INFO) Sending SIGTERM to 3 excess workers.
[2015/11/04 11:39:02.107] (ERROR) "/var/data/HnbJe98184.parquet": No such file or directory (ENOENT)
[2015/11/04 11:39:02.107] (INFO) User "qqc2392" logged in from 192.168.120.233.
[2015/11/04 11:39:02.107] (WARN) Ignoring SIGTERM. It's not that easy to get rid of me.
[2015/11/04 11:39:02.107] (INFO) User "xaw2518" logged in from 10.215.164.63.
[2015/11/04 11:39:02.107] (INFO) Rolling 7 log file(s)...
[2015/11/04 11:39:02.107] (INFO) Alien monitor (aliend): Detected no space aliens.
[2015/11/04 11:39:02.107] (INFO) Waiting for monitor process (PID 30772) to die.
[2015/11/04 11:39:02.107] (INFO) Flushed 81 buffers to disk.
[2015/11/04 11:39:02.107] (INFO) Your mother called. She says you never call her.
[2015/11/04 11:39:02.107] (INFO) Alien monitor (aliend): Detected no space aliens.
[2015/11/04 11:39:02.107] (INFO) User "lzv3524" logged out due to inactivity (timeout=30 minutes).
[2015/11/04 11:39:02.107] (WARN) Ignoring SIGTERM. It's not that easy to get rid of me.
[2015/11/04 11:39:02.107] (INFO) .evian ylbirret si emehcs otpyrc ym neht ,siht daer nac uoy fI
[2015/11/04 11:39:02.107] (INFO) Pinging watchdog timer process: Process is alive.
[2015/11/04 11:39:02.107] (INFO) Waiting for worker process (PID 34207) to die.
[2015/11/04 11:39:02.107] (INFO) Pinging watchdog timer process: Process is alive.
[2015/11/04 11:39:02.107] (INFO) Alien monitor (aliend): Detected no space aliens.
[2015/11/04 11:39:02.107] (INFO) Rolling 8 log file(s)...
[2015/11/04 11:39:02.107] (INFO) Checkpointing off-heap server memory...
[2015/11/04 11:39:02.107] (ERROR) Connection to 172.16.60.231 terminated unexpectedly. Reconnecting.
[2015/11/04 11:39:02.107] (INFO) User "vdf2677" logged out due to inactivity (timeout=30 minutes).
[2015/11/04 11:39:02.107] (INFO) .evian ylbirret si emehcs otpyrc ym neht ,siht daer nac uoy fI
[2015/11/04 11:39:02.107] (INFO) Rolling 6 log file(s)...
[2015/11/04 11:39:02.107] (INFO) Device 0x6dd4 is online.
[2015/11/04 11:39:02.107] (ERROR) Device 0xd563 is offline
[2015/11/04 11:39:02.107] (INFO) Rolling 2 log file(s)...
[2015/11/04 11:39:02.107] (ERROR) CPU temperature exceeds 50º Celsius. Shutting down.
[2015/11/04 11:39:02.108] (INFO) User "xki4940" logged in from 172.16.180.172.
[2015/11/04 11:39:02.108] (WARN) Dropped 5,644 corrupt data packets.
[2015/11/04 11:39:02.108] (INFO) User "drd7525" logged out due to inactivity (timeout=30 minutes).
[2015/11/04 11:39:02.108] (WARN) Backup server 192.168.22.26 is offline.
[2015/11/04 11:39:02.108] (INFO) Waiting for master process (PID 52297) to die.
[2015/11/04 11:39:02.108] (INFO) Network heartbeat check: All OK.
[2015/11/04 11:39:02.108] (INFO) Alien monitor (aliend): Detected no space aliens.
[2015/11/04 11:39:02.108] (ERROR) Unable to mount /dev/sdd4. (Time to run fsck?)
[2015/11/04 11:39:02.108] (INFO) Sending SIGTERM to 3 excess workers.
[2015/11/04 11:39:02.108] (INFO) Checkpointing off-heap server memory...
[2015/11/04 11:39:02.108] (INFO) User "smt7520" logged in from 10.5.110.180.
[2015/11/04 11:39:02.108] (INFO) Your mother called. She says you never call her.
[2015/11/04 11:39:02.108] (INFO) User "wgq5771" logged out due to inactivity (timeout=30 minutes).
[2015/11/04 11:39:02.108] (INFO) Your mother called. She says you never call her.
[2015/11/04 11:39:02.108] (INFO) .evian ylbirret si emehcs otpyrc ym neht ,siht daer nac uoy fI
[2015/11/04 11:39:02.108] (INFO) Network heartbeat check: All OK.
[2015/11/04 11:39:02.108] (INFO) Waiting for worker process (PID 59983) to die.
[2015/11/04 11:39:02.108] (INFO) Waiting for worker process (PID 10563) to die.
[2015/11/04 11:39:02.108] (ERROR) Detected incoming DDoS from 172.16.137.25.
[2015/11/04 11:39:02.108] (INFO) Checked file systems for errors: All filesystems OK.
[2015/11/04 11:39:02.108] (INFO) Network heartbeat check: All OK.
[2015/11/04 11:39:02.108] (INFO) Waiting for monitor process (PID 34998) to die.
[2015/11/04 11:39:02.108] (WARN) Unable to ping monitor at 192.168.21.54. Retrying.
[2015/11/04 11:39:02.108] (INFO) Backed up all server logs.
[2015/11/04 11:39:02.108] (INFO) Network heartbeat check: All OK.
[2015/11/04 11:39:02.108] (INFO) .evian ylbirret si emehcs otpyrc ym neht ,siht daer nac uoy fI
[2015/11/04 11:39:02.108] (INFO) Your mother called. She says you never call her.
[2015/11/04 11:39:02.108] (INFO) Supervisor has entered SUSPENDED state.
[2015/11/04 11:39:02.108] (INFO) Waiting for master process (PID 17358) to die.
[2015/11/04 11:39:02.108] (INFO) Pinging watchdog timer process: Process is alive.
[2015/11/04 11:39:02.108] (INFO) Device 0xb320 is online.
[2015/11/04 11:39:02.108] (INFO) Sending SIGTERM to 4 excess workers.
[2015/11/04 11:39:02.108] (INFO) Network heartbeat check: All OK.
[2015/11/04 11:39:02.108] (INFO) Device 0x8d8b is online.
[2015/11/04 11:39:02.108] (WARN) Unable to ping worker at 10.42.5.88. Retrying.
[2015/11/04 11:39:02.108] (INFO) .evian ylbirret si emehcs otpyrc ym neht ,siht daer nac uoy fI
[2015/11/04 11:39:02.108] (INFO) Flushed 70 buffers to disk.
[2015/11/04 11:39:02.108] (INFO) Pinging watchdog timer process: Process is alive.
[2015/11/04 11:39:02.108] (INFO) Your mother called. She says you never call her.
[2015/11/04 11:39:02.108] (INFO) User "xvm9963" logged out due to inactivity (timeout=30 minutes).
[2015/11/04 11:39:02.108] (INFO) Network heartbeat check: All OK.
[2015/11/04 11:39:02.108] (INFO) Sending SIGTERM to 2 excess workers.
[2015/11/04 11:39:02.108] (INFO) Rolling 5 log file(s)...
[2015/11/04 11:39:02.108] (INFO) Supervisor has entered RUNNING state.
[2015/11/04 11:39:02.108] (WARN) Master took 900 ms to respond (threshold=500 ms)
[2015/11/04 11:39:02.108] (INFO) User "jub4916" logged in from 192.168.215.10.
[2015/11/04 11:39:02.108] (INFO) Waiting for supervisor process (PID 52301) to die.
[2015/11/04 11:39:02.108] (INFO) Alien monitor (aliend): Detected no space aliens.
[2015/11/04 11:39:02.108] (INFO) Flushed 67 buffers to disk.
[2015/11/04 11:39:02.108] (INFO) Checked file systems for errors: All filesystems OK.
[2015/11/04 11:39:02.108] (INFO) Flushed 47 buffers to disk.
[2015/11/04 11:39:02.108] (INFO) Network heartbeat check: All OK.
[2015/11/04 11:39:02.108] (INFO) Your mother called. She says you never call her.
[2015/11/04 11:39:02.607] (INFO) Network heartbeat check: All OK.
[2015/11/04 11:39:02.607] (INFO) User "eet9059" logged out.
[2015/11/04 11:39:02.607] (INFO) User "mvq3591" logged out due to inactivity (timeout=30 minutes).
[2015/11/04 11:39:02.607] (INFO) Your mother called. She says you never call her.
[2015/11/04 11:39:02.607] (INFO) Rolling 5 log file(s)...
[2015/11/04 11:39:02.607] (INFO) User "jxk2415" logged in from 10.161.150.116.
[2015/11/04 11:39:02.607] (INFO) .evian ylbirret si emehcs otpyrc ym neht ,siht daer nac uoy fI
[2015/11/04 11:39:02.607] (ERROR) "/var/data/cFuyB73088.xml": Permission denied (EACCES)
[2015/11/04 11:39:02.607] (INFO) Flushed 71 buffers to disk.
[2015/11/04 11:39:02.607] (WARN) Master took 669 ms to respond (threshold=500 ms)
[2015/11/04 11:39:02.607] (INFO) User "ugi5545" logged out.
[2015/11/04 11:39:02.607] (INFO) Flushed 74 buffers to disk.
[2015/11/04 11:39:02.607] (INFO) Flushed 21 buffers to disk.
[2015/11/04 11:39:02.607] (INFO) Pinging watchdog timer process: Process is alive.
[2015/11/04 11:39:02.607] (INFO) .evian ylbirret si emehcs otpyrc ym neht ,siht daer nac uoy fI
[2015/11/04 11:39:02.607] (WARN) Space on disk /dev/sda1 is low: Only 202 MB available.
[2015/11/04 11:39:02.607] (WARN) Network heartbeat check: 17 server(s) did not respond.
[2015/11/04 11:39:02.607] (ERROR) Worker 9 died with SIGSEGV. Restarting it.
[2015/11/04 11:39:02.607] (ERROR) Directory index of "/var/data" is forbidden.
[2015/11/04 11:39:02.607] (INFO) Pinging watchdog timer process: Process is alive.
[2015/11/04 11:39:02.607] (INFO) User "lza2742" logged in from 192.168.16.142.
[2015/11/04 11:39:02.607] (INFO) Rolling 5 log file(s)...
[2015/11/04 11:39:02.607] (INFO) Backed up all server logs.
[2015/11/04 11:39:02.607] (INFO) Sending SIGTERM to 2 excess workers.
[2015/11/04 11:39:02.607] (INFO) Network heartbeat check: All OK.
[2015/11/04 11:39:02.607] (INFO) Alien monitor (aliend): Detected no space aliens.
[2015/11/04 11:39:02.607] (INFO) Checkpointing off-heap server memory...
[2015/11/04 11:39:02.607] (INFO) Your mother called. She says you never call her.
[2015/11/04 11:39:02.607] (INFO) Pinging watchdog timer process: Process is alive.
[2015/11/04 11:39:02.607] (INFO) Supervisor has entered WAITING state.
[2015/11/04 11:39:02.607] (ERROR) Connection to 192.168.175.251 terminated unexpectedly. Reconnecting.
[2015/11/04 11:39:02.607] (INFO) Device 0xefcb is online.
[2015/11/04 11:39:02.607] (INFO) Checkpointing off-heap server memory...
[2015/11/04 11:39:02.607] (INFO) Alien monitor (aliend): Detected no space aliens.
[2015/11/04 11:39:02.607] (INFO) Rolling 3 log file(s)...
[2015/11/04 11:39:02.607] (INFO) Device 0x9288 is online.
[2015/11/04 11:39:02.607] (ERROR) Detected incoming DDoS from 172.16.56.244.
[2015/11/04 11:39:02.607] (INFO) User "hav8822" logged in from 10.132.204.237.
[2015/11/04 11:39:02.607] (INFO) Pinging watchdog timer process: Process is alive.
[2015/11/04 11:39:02.607] (INFO) Alien monitor (aliend): Detected no space aliens.
[2015/11/04 11:39:02.607] (INFO) Flushed 59 buffers to disk.
[2015/11/04 11:39:02.607] (INFO) Supervisor has entered WAITING state.
[2015/11/04 11:39:02.607] (INFO) Rolling 8 log file(s)...
[2015/11/04 11:39:02.607] (INFO) Sending SIGTERM to 4 excess workers.
[2015/11/04 11:39:02.607] (INFO) Backed up all server logs.
[2015/11/04 11:39:02.607] (INFO) Your mother called. She says you never call her.
[2015/11/04 11:39:02.607] (INFO) Sending SIGTERM to 4 excess workers.
[2015/11/04 11:39:02.607] (INFO) User "wvc7197" logged in from 10.140.73.226.
[2015/11/04 11:39:02.607] (INFO) Backed up all server logs.
[2015/11/04 11:39:02.607] (INFO) Pinging watchdog timer process: Process is alive.
[2015/11/04 11:39:02.607] (INFO) Alien monitor (aliend): Detected no space aliens.
[2015/11/04 11:39:02.607] (INFO) Checkpointing off-heap server memory...
[2015/11/04 11:39:02.607] (INFO) Alien monitor (aliend): Detected no space aliens.
[2015/11/04 11:39:02.607] (INFO) Waiting for worker process (PID 1424) to die.
[2015/11/04 11:39:02.607] (INFO) Flushed 66 buffers to disk.
[2015/11/04 11:39:02.607] (ERROR) /dev/lp error: "PC LOAD LETTER"
[2015/11/04 11:39:02.607] (INFO) User "nmx2401" logged in from 172.16.22.41.
[2015/11/04 11:39:02.607] (INFO) User "gaz6482" logged out.
[2015/11/04 11:39:02.607] (INFO) .evian ylbirret si emehcs otpyrc ym neht ,siht daer nac uoy fI
[2015/11/04 11:39:02.607] (INFO) User "xby1768" logged out.
[2015/11/04 11:39:02.607] (INFO) Sending SIGTERM to 2 excess workers.
[2015/11/04 11:39:02.607] (INFO) Sending SIGTERM to 2 excess workers.
[2015/11/04 11:39:02.607] (INFO) Alien monitor (aliend): Detected no space aliens.
[2015/11/04 11:39:02.607] (INFO) Your mother called. She says you never call her.
[2015/11/04 11:39:02.607] (WARN) Master took 957 ms to respond (threshold=500 ms)
[2015/11/04 11:39:02.607] (ERROR) Unable to authenticate user "xvm3674": LDAP server isn't responding.
[2015/11/04 11:39:02.607] (INFO) Your mother called. She says you never call her.
[2015/11/04 11:39:02.607] (INFO) Device 0x0168 is online.
[2015/11/04 11:39:02.607] (INFO) Alien monitor (aliend): Detected no space aliens.
[2015/11/04 11:39:02.607] (ERROR) Unable to authenticate user "oyx1631": LDAP server isn't responding.
[2015/11/04 11:39:02.607] (INFO) .evian ylbirret si emehcs otpyrc ym neht ,siht daer nac uoy fI
[2015/11/04 11:39:02.607] (INFO) User "qph9005" logged out due to inactivity (timeout=30 minutes).
[2015/11/04 11:39:02.607] (INFO) Rolling 2 log file(s)...
[2015/11/04 11:39:02.607] (INFO) Flushed 79 buffers to disk.
[2015/11/04 11:39:02.607] (INFO) Sending SIGTERM to 2 excess workers.
[2015/11/04 11:39:02.607] (INFO) .evian ylbirret si emehcs otpyrc ym neht ,siht daer nac uoy fI
[2015/11/04 11:39:02.607] (INFO) Checkpointing off-heap server memory...
[2015/11/04 11:39:02.607] (INFO) Checked file systems for errors: All filesystems OK.
[2015/11/04 11:39:02.607] (INFO) User "cqz1318" logged out due to inactivity (timeout=30 minutes).
[2015/11/04 11:39:02.607] (INFO) Flushed 24 buffers to disk.
[2015/11/04 11:39:02.607] (ERROR) Detected incoming DDoS from 10.0.155.1.
[2015/11/04 11:39:02.607] (INFO) User "suo4926" logged out.
[2015/11/04 11:39:02.607] (INFO) Network heartbeat check: All OK.
[2015/11/04 11:39:02.607] (INFO) Checkpointing off-heap server memory...
[2015/11/04 11:39:02.607] (WARN) Retrying server log checkpoint.
[2015/11/04 11:39:02.607] (INFO) Checked file systems for errors: All filesystems OK.
[2015/11/04 11:39:02.607] (INFO) Pinging watchdog timer process: Process is alive.
[2015/11/04 11:39:02.607] (INFO) User "ije5176" logged in from 192.168.57.175.
[2015/11/04 11:39:02.607] (INFO) Flushed 36 buffers to disk.
[2015/11/04 11:39:02.607] (INFO) Device 0x31c1 is online.
[2015/11/04 11:39:02.607] (INFO) Sending SIGTERM to 4 excess workers.
[2015/11/04 11:39:02.607] (INFO) Device 0x097d is online.
[2015/11/04 11:39:02.607] (INFO) User "qww5675" logged in from 172.16.131.251.
[2015/11/04 11:39:02.607] (INFO) Alien monitor (aliend): Detected no space aliens.
[2015/11/04 11:39:02.607] (INFO) User "tgq9046" logged out.
[2015/11/04 11:39:02.607] (ERROR) CPU temperature exceeds 50º Celsius. Shutting down.
[2015/11/04 11:39:02.607] (INFO) Alien monitor (aliend): Detected no space aliens.
[2015/11/04 11:39:02.607] (INFO) Network heartbeat check: All OK.
[2015/11/04 11:39:02.607] (ERROR) "/var/data/hrjFs88895.tar.gz": Permission denied (EACCES)
[2015/11/04 11:39:02.607] (INFO) Alien monitor (aliend): Detected no space aliens.
[2015/11/04 11:39:03.107] (INFO) Checkpointing off-heap server memory...
[2015/11/04 11:39:03.107] (INFO) User "wkn2566" logged out.
[2015/11/04 11:39:03.107] (INFO) User "tqg7156" logged out due to inactivity (timeout=30 minutes).
[2015/11/04 11:39:03.107] (INFO) Device 0x894a is online.
[2015/11/04 11:39:03.107] (INFO) Checked file systems for errors: All filesystems OK.
[2015/11/04 11:39:03.107] (INFO) Flushed 51 buffers to disk.
[2015/11/04 11:39:03.107] (INFO) Checked file systems for errors: All filesystems OK.
[2015/11/04 11:39:03.107] (INFO) Sending SIGTERM to 3 excess workers.
[2015/11/04 11:39:03.107] (ERROR) /dev/lp error: "PC LOAD LETTER"
[2015/11/04 11:39:03.107] (WARN) Possible cyber-attack from Nebraska.
[2015/11/04 11:39:03.107] (INFO) Rolling 1 log file(s)...
[2015/11/04 11:39:03.107] (ERROR) /dev/lp error: "PC LOAD LETTER"
[2015/11/04 11:39:03.107] (WARN) Possible cyber-attack from The Cayman Islands.
[2015/11/04 11:39:03.107] (INFO) User "ilb8922" logged out due to inactivity (timeout=30 minutes).
[2015/11/04 11:39:03.107] (INFO) User "pry1342" logged out due to inactivity (timeout=30 minutes).
[2015/11/04 11:39:03.107] (INFO) Your mother called. She says you never call her.
[2015/11/04 11:39:03.107] (INFO) Checkpointing off-heap server memory...
[2015/11/04 11:39:03.107] (WARN) Unable to ping monitor at 10.68.227.114. Retrying.
[2015/11/04 11:39:03.107] (INFO) Flushed 93 buffers to disk.
[2015/11/04 11:39:03.107] (INFO) Sending SIGTERM to 2 excess workers.
[2015/11/04 11:39:03.107] (INFO) Pinging watchdog timer process: Process is alive.
[2015/11/04 11:39:03.107] (INFO) Supervisor has entered RUNNING state.
[2015/11/04 11:39:03.107] (INFO) User "jlv5812" logged in from 192.168.204.221.
[2015/11/04 11:39:03.107] (INFO) Waiting for supervisor process (PID 30862) to die.
[2015/11/04 11:39:03.107] (INFO) User "ydh4435" logged out due to inactivity (timeout=30 minutes).
[2015/11/04 11:39:03.107] (INFO) Waiting for supervisor process (PID 17910) to die.
[2015/11/04 11:39:03.107] (ERROR) Blocked SSH traffic originating from 172.16.249.156.
[2015/11/04 11:39:03.107] (INFO) Backed up all server logs.
[2015/11/04 11:39:03.107] (INFO) User "wkc3247" logged out due to inactivity (timeout=30 minutes).
[2015/11/04 11:39:03.107] (INFO) Waiting for worker process (PID 22920) to die.
[2015/11/04 11:39:03.107] (INFO) Checked file systems for errors: All filesystems OK.
[2015/11/04 11:39:03.107] (INFO) Network heartbeat check: All OK.
[2015/11/04 11:39:03.107] (INFO) Supervisor has entered RUNNING state.
[2015/11/04 11:39:03.107] (INFO) Checked file systems for errors: All filesystems OK.
[2015/11/04 11:39:03.107] (INFO) Checked file systems for errors: All filesystems OK.
[2015/11/04 11:39:03.107] (INFO) Checkpointing off-heap server memory...
[2015/11/04 11:39:03.107] (INFO) Alien monitor (aliend): Detected no space aliens.
[2015/11/04 11:39:03.107] (INFO) Device 0x4b21 is online.
[2015/11/04 11:39:03.107] (INFO) Checkpointing off-heap server memory...
[2015/11/04 11:39:03.107] (ERROR) Failed to open "/mnt/fileserver01/WAYNr81097.csv": NFS timeout.
[2015/11/04 11:39:03.107] (INFO) Sending SIGTERM to 3 excess workers.
[2015/11/04 11:39:03.107] (INFO) Waiting for worker process (PID 54564) to die.
[2015/11/04 11:39:03.107] (INFO) Supervisor has entered WAITING state.
[2015/11/04 11:39:03.107] (INFO) .evian ylbirret si emehcs otpyrc ym neht ,siht daer nac uoy fI
[2015/11/04 11:39:03.107] (INFO) User "nia1135" logged in from 172.16.125.21.
[2015/11/04 11:39:03.107] (INFO) Alien monitor (aliend): Detected no space aliens.
[2015/11/04 11:39:03.107] (INFO) Sending SIGTERM to 4 excess workers.
[2015/11/04 11:39:03.107] (INFO) Flushed 64 buffers to disk.
[2015/11/04 11:39:03.107] (INFO) User "pfg6736" logged in from 10.82.63.143.
[2015/11/04 11:39:03.107] (INFO) Network heartbeat check: All OK.
[2015/11/04 11:39:03.107] (INFO) User "hml9100" logged in from 10.190.4.38.
[2015/11/04 11:39:03.107] (INFO) Your mother called. She says you never call her.
[2015/11/04 11:39:03.107] (INFO) Device 0x1d01 is online.
[2015/11/04 11:39:03.107] (INFO) Network heartbeat check: All OK.
[2015/11/04 11:39:03.107] (WARN) Retrying server log checkpoint.
[2015/11/04 11:39:03.107] (INFO) Alien monitor (aliend): Detected no space aliens.
[2015/11/04 11:39:03.107] (INFO) Alien monitor (aliend): Detected no space aliens.
[2015/11/04 11:39:03.107] (INFO) User "pum9928" logged in from 192.168.76.150.
[2015/11/04 11:39:03.107] (INFO) Rolling 3 log file(s)...
[2015/11/04 11:39:03.107] (INFO) Supervisor has entered SUSPENDED state.
[2015/11/04 11:39:03.107] (INFO) Supervisor has entered RUNNING state.
[2015/11/04 11:39:03.107] (INFO) Pinging watchdog timer process: Process is alive.
[2015/11/04 11:39:03.107] (INFO) Checked file systems for errors: All filesystems OK.
[2015/11/04 11:39:03.107] (INFO) Device 0xbe7c is online.
[2015/11/04 11:39:03.107] (INFO) Network heartbeat check: All OK.
[2015/11/04 11:39:03.107] (INFO) Checkpointing off-heap server memory...
[2015/11/04 11:39:03.107] (INFO) Supervisor has entered RUNNING state.
[2015/11/04 11:39:03.107] (INFO) Checked file systems for errors: All filesystems OK.
[2015/11/04 11:39:03.107] (INFO) Checked file systems for errors: All filesystems OK.
[2015/11/04 11:39:03.107] (INFO) Alien monitor (aliend): Detected no space aliens.
[2015/11/04 11:39:03.107] (INFO) Backed up all server logs.
[2015/11/04 11:39:03.107] (ERROR) Connection to 10.164.178.45 terminated unexpectedly. Reconnecting.
[2015/11/04 11:39:03.107] (INFO) Rolling 1 log file(s)...
[2015/11/04 11:39:03.107] (INFO) Pinging watchdog timer process: Process is alive.
[2015/11/04 11:39:03.107] (INFO) Alien monitor (aliend): Detected no space aliens.
[2015/11/04 11:39:03.107] (INFO) Your mother called. She says you never call her.
[2015/11/04 11:39:03.107] (INFO) Waiting for supervisor process (PID 29475) to die.
[2015/11/04 11:39:03.107] (WARN) Network heartbeat check: 2 server(s) did not respond.
[2015/11/04 11:39:03.107] (INFO) Backed up all server logs.
[2015/11/04 11:39:03.107] (INFO) User "hkm6876" logged in from 10.201.2.132.
[2015/11/04 11:39:03.107] (INFO) Network heartbeat check: All OK.
[2015/11/04 11:39:03.107] (INFO) Your mother called. She says you never call her.
[2015/11/04 11:39:03.107] (INFO) Network heartbeat check: All OK.
[2015/11/04 11:39:03.107] (ERROR) Blocked Little Bobby Tables attack (https://xkcd.com/327/) from 172.16.216.192.
[2015/11/04 11:39:03.107] (INFO) Device 0x77ba is online.
[2015/11/04 11:39:03.107] (ERROR) Worker 3 died with SIGILL. Restarting it.
[2015/11/04 11:39:03.107] (INFO) Your mother called. She says you never call her.
[2015/11/04 11:39:03.107] (INFO) Backed up all server logs.
[2015/11/04 11:39:03.107] (INFO) Checkpointing off-heap server memory...
[2015/11/04 11:39:03.107] (INFO) Flushed 50 buffers to disk.
[2015/11/04 11:39:03.107] (INFO) Alien monitor (aliend): Detected no space aliens.
[2015/11/04 11:39:03.107] (INFO) Checked file systems for errors: All filesystems OK.
[2015/11/04 11:39:03.107] (INFO) .evian ylbirret si emehcs otpyrc ym neht ,siht daer nac uoy fI
[2015/11/04 11:39:03.107] (INFO) Waiting for monitor process (PID 45247) to die.
[2015/11/04 11:39:03.107] (INFO) Device 0xf1e7 is online.
[2015/11/04 11:39:03.107] (INFO) Rolling 3 log file(s)...
[2015/11/04 11:39:03.107] (INFO) Your mother called. She says you never call her.
[2015/11/04 11:39:03.107] (WARN) Watchdog timer crashed. Restarting it.
[2015/11/04 11:39:03.107] (WARN) Watchdog timer crashed. Restarting it.
[2015/11/04 11:39:03.107] (ERROR) Detected clock skew! Restarting NTP server.
[2015/11/04 11:39:03.607] (INFO) User "rkq5389" logged out due to inactivity (timeout=30 minutes).
[2015/11/04 11:39:03.607] (WARN) Network heartbeat check: 2 server(s) did not respond.
[2015/11/04 11:39:03.607] (INFO) Checkpointing off-heap server memory...
[2015/11/04 11:39:03.607] (INFO) Your mother called. She says you never call her.
[2015/11/04 11:39:03.607] (INFO) .evian ylbirret si emehcs otpyrc ym neht ,siht daer nac uoy fI
[2015/11/04 11:39:03.607] (INFO) Backed up all server logs.
[2015/11/04 11:39:03.607] (INFO) Network heartbeat check: All OK.
[2015/11/04 11:39:03.607] (ERROR) Unable to write to "/var/data/oLkpJ77725.txt": Permission denied (EACCES)
[2015/11/04 11:39:03.607] (WARN) Master took 738 ms to respond (threshold=500 ms)
[2015/11/04 11:39:03.607] (INFO) User "xmw5383" logged out.
[2015/11/04 11:39:03.607] (INFO) .evian ylbirret si emehcs otpyrc ym neht ,siht daer nac uoy fI
[2015/11/04 11:39:03.607] (INFO) Waiting for supervisor process (PID 49805) to die.
[2015/11/04 11:39:03.607] (INFO) Checked file systems for errors: All filesystems OK.
[2015/11/04 11:39:03.607] (WARN) Space on disk /dev/sde2 is low: Only 529 MB available.
[2015/11/04 11:39:03.607] (WARN) Space on disk /dev/sda4 is low: Only 341 MB available.
[2015/11/04 11:39:03.607] (INFO) Network heartbeat check: All OK.
[2015/11/04 11:39:03.607] (INFO) Your mother called. She says you never call her.
[2015/11/04 11:39:03.607] (INFO) User "mcm3297" logged out.
[2015/11/04 11:39:03.607] (WARN) Space on disk /dev/sdf1 is low: Only 542 MB available.
[2015/11/04 11:39:03.607] (INFO) User "nho3828" logged out due to inactivity (timeout=30 minutes).
[2015/11/04 11:39:03.607] (INFO) User "qtb5757" logged out due to inactivity (timeout=30 minutes).
[2015/11/04 11:39:03.607] (INFO) Checkpointing off-heap server memory...
[2015/11/04 11:39:03.607] (INFO) Waiting for monitor process (PID 58627) to die.
[2015/11/04 11:39:03.607] (INFO) Alien monitor (aliend): Detected no space aliens.
[2015/11/04 11:39:03.607] (INFO) User "djw1922" logged out.
[2015/11/04 11:39:03.607] (INFO) Backed up all server logs.
[2015/11/04 11:39:03.607] (ERROR) Server log backup FAILED. See backup logs.
[2015/11/04 11:39:03.607] (INFO) Pinging watchdog timer process: Process is alive.
[2015/11/04 11:39:03.607] (INFO) Alien monitor (aliend): Detected no space aliens.
[2015/11/04 11:39:03.607] (INFO) Your mother called. She says you never call her.
[2015/11/04 11:39:03.607] (INFO) Network heartbeat check: All OK.
[2015/11/04 11:39:03.607] (INFO) Rolling 7 log file(s)...
[2015/11/04 11:39:03.607] (INFO) Rolling 2 log file(s)...
[2015/11/04 11:39:03.607] (ERROR) Network heartbeat check FAILED: Master host down?
[2015/11/04 11:39:03.607] (INFO) Checkpointing off-heap server memory...
[2015/11/04 11:39:03.607] (INFO) User "ebx2015" logged out.
[2015/11/04 11:39:03.607] (ERROR) Network heartbeat check FAILED: Master host down?
[2015/11/04 11:39:03.607] (INFO) User "zuo5180" logged out.
[2015/11/04 11:39:03.607] (INFO) Supervisor has entered WAITING state.
[2015/11/04 11:39:03.607] (INFO) Supervisor has entered SUSPENDED state.
[2015/11/04 11:39:03.607] (INFO) Flushed 79 buffers to disk.
[2015/11/04 11:39:03.607] (INFO) Backed up all server logs.
[2015/11/04 11:39:03.607] (INFO) Flushed 42 buffers to disk.
[2015/11/04 11:39:03.607] (INFO) Sending SIGTERM to 2 excess workers.
[2015/11/04 11:39:03.607] (INFO) Pinging watchdog timer process: Process is alive.
[2015/11/04 11:39:03.607] (INFO) Checked file systems for errors: All filesystems OK.
[2015/11/04 11:39:03.607] (INFO) Checkpointing off-heap server memory...
[2015/11/04 11:39:03.607] (ERROR) "/var/data/vLaIB76872.tsv": Permission denied (EACCES)
[2015/11/04 11:39:03.607] (INFO) Pinging watchdog timer process: Process is alive.
[2015/11/04 11:39:03.607] (INFO) .evian ylbirret si emehcs otpyrc ym neht ,siht daer nac uoy fI
[2015/11/04 11:39:03.607] (INFO) Network heartbeat check: All OK.
[2015/11/04 11:39:03.607] (INFO) .evian ylbirret si emehcs otpyrc ym neht ,siht daer nac uoy fI
[2015/11/04 11:39:03.607] (INFO) Alien monitor (aliend): Detected no space aliens.
[2015/11/04 11:39:03.607] (INFO) Supervisor has entered SUSPENDED state.
[2015/11/04 11:39:03.607] (INFO) Pinging watchdog timer process: Process is alive.
[2015/11/04 11:39:03.607] (INFO) Supervisor has entered RUNNING state.
[2015/11/04 11:39:03.607] (INFO) User "ipg7996" logged out.
[2015/11/04 11:39:03.607] (INFO) Device 0x1e7f is online.
[2015/11/04 11:39:03.607] (INFO) Backed up all server logs.
[2015/11/04 11:39:03.607] (INFO) Checkpointing off-heap server memory...
[2015/11/04 11:39:03.607] (INFO) Backed up all server logs.
[2015/11/04 11:39:03.607] (INFO) Checkpointing off-heap server memory...
[2015/11/04 11:39:03.607] (INFO) Your mother called. She says you never call her.
[2015/11/04 11:39:03.607] (INFO) Checked file systems for errors: All filesystems OK.
[2015/11/04 11:39:03.607] (ERROR) Worker 3 died with SIGILL. Restarting it.
[2015/11/04 11:39:03.607] (INFO) Rolling 7 log file(s)...
[2015/11/04 11:39:03.607] (ERROR) EFOODFAIL (Waiter, there's a fly in my soup).
[2015/11/04 11:39:03.607] (INFO) Checked file systems for errors: All filesystems OK.
[2015/11/04 11:39:03.607] (INFO) Your mother called. She says you never call her.
[2015/11/04 11:39:03.607] (WARN) Dropped 7,489 corrupt data packets.
[2015/11/04 11:39:03.607] (INFO) Alien monitor (aliend): Detected no space aliens.
[2015/11/04 11:39:03.607] (INFO) Waiting for master process (PID 43014) to die.
[2015/11/04 11:39:03.607] (INFO) Backed up all server logs.
[2015/11/04 11:39:03.607] (INFO) User "wvn4710" logged in from 10.99.98.210.
[2015/11/04 11:39:03.607] (INFO) Network heartbeat check: All OK.
[2015/11/04 11:39:03.607] (INFO) Waiting for master process (PID 39832) to die.
[2015/11/04 11:39:03.607] (INFO) Pinging watchdog timer process: Process is alive.
[2015/11/04 11:39:03.607] (INFO) User "qcc1198" logged out due to inactivity (timeout=30 minutes).
[2015/11/04 11:39:03.607] (INFO) Waiting for worker process (PID 10760) to die.
[2015/11/04 11:39:03.607] (ERROR) Unable to authenticate user "hto5250": LDAP server isn't responding.
[2015/11/04 11:39:03.607] (INFO) .evian ylbirret si emehcs otpyrc ym neht ,siht daer nac uoy fI
[2015/11/04 11:39:03.607] (INFO) Supervisor has entered SUSPENDED state.
[2015/11/04 11:39:03.607] (INFO) Supervisor has entered RESTARTING state.
[2015/11/04 11:39:03.607] (INFO) Checked file systems for errors: All filesystems OK.
[2015/11/04 11:39:03.607] (INFO) Device 0x7129 is online.
[2015/11/04 11:39:03.607] (ERROR) One of the flayrods has gone out askew on treadle.
[2015/11/04 11:39:03.607] (INFO) Your mother called. She says you never call her.
[2015/11/04 11:39:03.607] (ERROR) Network heartbeat check FAILED: Master host down?
[2015/11/04 11:39:03.607] (INFO) Device 0xa5b7 is online.
[2015/11/04 11:39:03.607] (INFO) Checked file systems for errors: All filesystems OK.
[2015/11/04 11:39:03.607] (INFO) User "hpb5380" logged out due to inactivity (timeout=30 minutes).
[2015/11/04 11:39:03.607] (INFO) Device 0x6f71 is online.
[2015/11/04 11:39:03.607] (INFO) Device 0x6b7a is online.
[2015/11/04 11:39:03.607] (ERROR) Blocked Little Bobby Tables attack (https://xkcd.com/327/) from 172.16.163.111.
[2015/11/04 11:39:03.607] (INFO) Checkpointing off-heap server memory...
[2015/11/04 11:39:03.607] (INFO) User "tes2568" logged out due to inactivity (timeout=30 minutes).
[2015/11/04 11:39:03.607] (INFO) Flushed 46 buffers to disk.
[2015/11/04 11:39:03.607] (INFO) Sending SIGTERM to 3 excess workers.
[2015/11/04 11:39:03.607] (INFO) Device 0x9fa8 is online.
[2015/11/04 11:39:03.607] (INFO) Checkpointing off-heap server memory...
[2015/11/04 11:39:04.107] (INFO) Sending SIGTERM to 3 excess workers.
[2015/11/04 11:39:04.107] (INFO) .evian ylbirret si emehcs otpyrc ym neht ,siht daer nac uoy fI
[2015/11/04 11:39:04.107] (INFO) Device 0x6ac5 is online.
[2015/11/04 11:39:04.107] (INFO) Checked file systems for errors: All filesystems OK.
[2015/11/04 11:39:04.107] (INFO) Flushed 89 buffers to disk.
[2015/11/04 11:39:04.107] (WARN) Possible cyber-attack from Antarctica.
[2015/11/04 11:39:04.107] (ERROR) "/var/data/ThgEp62143.parquet": Permission denied (EACCES)
[2015/11/04 11:39:04.107] (INFO) Sending SIGTERM to 4 excess workers.
[2015/11/04 11:39:04.107] (INFO) Sending SIGTERM to 3 excess workers.
[2015/11/04 11:39:04.107] (INFO) Waiting for master process (PID 23917) to die.
[2015/11/04 11:39:04.107] (INFO) Alien monitor (aliend): Detected no space aliens.
[2015/11/04 11:39:04.107] (INFO) Supervisor has entered WAITING state.
[2015/11/04 11:39:04.107] (INFO) User "uyl7166" logged out due to inactivity (timeout=30 minutes).
[2015/11/04 11:39:04.107] (ERROR) User "eeb5089" failed to log in 3 times. Disabling account.
[2015/11/04 11:39:04.107] (INFO) Backed up all server logs.
[2015/11/04 11:39:04.107] (WARN) Possible cyber-attack from The Cayman Islands.
[2015/11/04 11:39:04.107] (INFO) Checked file systems for errors: All filesystems OK.
[2015/11/04 11:39:04.107] (INFO) Sending SIGTERM to 4 excess workers.
[2015/11/04 11:39:04.107] (INFO) Your mother called. She says you never call her.
[2015/11/04 11:39:04.107] (INFO) Checked file systems for errors: All filesystems OK.
[2015/11/04 11:39:04.107] (INFO) Network heartbeat check: All OK.
[2015/11/04 11:39:04.107] (INFO) Waiting for monitor process (PID 36240) to die.
[2015/11/04 11:39:04.107] (INFO) Rolling 7 log file(s)...
[2015/11/04 11:39:04.107] (INFO) Checked file systems for errors: All filesystems OK.
[2015/11/04 11:39:04.107] (INFO) Rolling 6 log file(s)...
[2015/11/04 11:39:04.107] (INFO) User "yxm8439" logged in from 10.2.241.144.
[2015/11/04 11:39:04.107] (WARN) Dropped 6,897 corrupt data packets.
[2015/11/04 11:39:04.107] (INFO) Checked file systems for errors: All filesystems OK.
[2015/11/04 11:39:04.107] (INFO) Checked file systems for errors: All filesystems OK.
[2015/11/04 11:39:04.107] (INFO) Your mother called. She says you never call her.
[2015/11/04 11:39:04.107] (INFO) Device 0xae90 is online.
[2015/11/04 11:39:04.107] (ERROR) Unable to authenticate user "sok7915": LDAP server isn't responding.
[2015/11/04 11:39:04.107] (INFO) Sending SIGTERM to 3 excess workers.
[2015/11/04 11:39:04.107] (ERROR) "/var/data/jPFBk87392.xslx": No such file or directory (ENOENT)
[2015/11/04 11:39:04.107] (INFO) Network heartbeat check: All OK.
[2015/11/04 11:39:04.107] (INFO) User "qqf2084" logged in from 172.16.45.177.
[2015/11/04 11:39:04.107] (ERROR) Unable to mount /dev/sda2. (Time to run fsck?)
[2015/11/04 11:39:04.107] (INFO) Device 0x8f3b is online.
[2015/11/04 11:39:04.107] (WARN) Master took 872 ms to respond (threshold=500 ms)
[2015/11/04 11:39:04.107] (INFO) .evian ylbirret si emehcs otpyrc ym neht ,siht daer nac uoy fI
[2015/11/04 11:39:04.107] (INFO) Sending SIGTERM to 4 excess workers.
[2015/11/04 11:39:04.107] (INFO) Your mother called. She says you never call her.
[2015/11/04 11:39:04.107] (INFO) Rolling 1 log file(s)...
[2015/11/04 11:39:04.107] (INFO) Backed up all server logs.
[2015/11/04 11:39:04.107] (INFO) .evian ylbirret si emehcs otpyrc ym neht ,siht daer nac uoy fI
[2015/11/04 11:39:04.107] (WARN) There is no such thing as a free lunch.
[2015/11/04 11:39:04.107] (ERROR) EFOODFAIL (Waiter, there's a fly in my soup).
[2015/11/04 11:39:04.107] (INFO) Checkpointing off-heap server memory...
[2015/11/04 11:39:04.107] (INFO) Waiting for worker process (PID 3897) to die.
[2015/11/04 11:39:04.107] (INFO) Device 0x6ac3 is online.
[2015/11/04 11:39:04.107] (INFO) Waiting for worker process (PID 56994) to die.
[2015/11/04 11:39:04.107] (INFO) Supervisor has entered SUSPENDED state.
[2015/11/04 11:39:04.107] (INFO) Checked file systems for errors: All filesystems OK.
[2015/11/04 11:39:04.107] (INFO) Checked file systems for errors: All filesystems OK.
[2015/11/04 11:39:04.107] (INFO) Waiting for worker process (PID 44639) to die.
[2015/11/04 11:39:04.107] (INFO) User "aox7260" logged out due to inactivity (timeout=30 minutes).
[2015/11/04 11:39:04.107] (INFO) Checkpointing off-heap server memory...
[2015/11/04 11:39:04.107] (INFO) User "sqe6890" logged in from 172.16.79.8.
[2015/11/04 11:39:04.107] (INFO) Checked file systems for errors: All filesystems OK.
[2015/11/04 11:39:04.107] (INFO) Supervisor has entered WAITING state.
[2015/11/04 11:39:04.107] (WARN) Watchdog timer crashed. Restarting it.
[2015/11/04 11:39:04.107] (INFO) User "smq3643" logged out due to inactivity (timeout=30 minutes).
[2015/11/04 11:39:04.107] (INFO) Checkpointing off-heap server memory...
[2015/11/04 11:39:04.107] (INFO) Pinging watchdog timer process: Process is alive.
[2015/11/04 11:39:04.107] (INFO) Your mother called. She says you never call her.
[2015/11/04 11:39:04.107] (INFO) User "zka5335" logged in from 172.16.160.36.
[2015/11/04 11:39:04.107] (INFO) Checkpointing off-heap server memory...
[2015/11/04 11:39:04.107] (INFO) User "paj7395" logged in from 172.16.16.206.
[2015/11/04 11:39:04.107] (ERROR) "/var/data/ldkds93657.xslx": No such file or directory (ENOENT)
[2015/11/04 11:39:04.107] (INFO) .evian ylbirret si emehcs otpyrc ym neht ,siht daer nac uoy fI
[2015/11/04 11:39:04.107] (INFO) Waiting for master process (PID 2224) to die.
[2015/11/04 11:39:04.107] (INFO) Sending SIGTERM to 4 excess workers.
[2015/11/04 11:39:04.107] (INFO) Supervisor has entered SUSPENDED state.
[2015/11/04 11:39:04.107] (ERROR) /dev/lp error: "PC LOAD LETTER"
[2015/11/04 11:39:04.107] (WARN) Master took 928 ms to respond (threshold=500 ms)
[2015/11/04 11:39:04.107] (INFO) .evian ylbirret si emehcs otpyrc ym neht ,siht daer nac uoy fI
[2015/11/04 11:39:04.107] (INFO) Checked file systems for errors: All filesystems OK.
[2015/11/04 11:39:04.107] (INFO) Backed up all server logs.
[2015/11/04 11:39:04.107] (INFO) Checked file systems for errors: All filesystems OK.
[2015/11/04 11:39:04.107] (INFO) Sending SIGTERM to 4 excess workers.
[2015/11/04 11:39:04.107] (WARN) Backup server 10.221.89.250 is offline.
[2015/11/04 11:39:04.107] (INFO) Checkpointing off-heap server memory...
[2015/11/04 11:39:04.107] (ERROR) Detected incoming DDoS from 192.168.166.161.
[2015/11/04 11:39:04.107] (ERROR) Detected clock skew! Restarting NTP server.
[2015/11/04 11:39:04.107] (INFO) Sending SIGTERM to 4 excess workers.
[2015/11/04 11:39:04.107] (INFO) Pinging watchdog timer process: Process is alive.
[2015/11/04 11:39:04.107] (WARN) Network heartbeat check: 1 server(s) did not respond.
[2015/11/04 11:39:04.107] (INFO) Checkpointing off-heap server memory...
[2015/11/04 11:39:04.107] (INFO) Your mother called. She says you never call her.
[2015/11/04 11:39:04.107] (INFO) Network heartbeat check: All OK.
[2015/11/04 11:39:04.107] (WARN) CPU temperature exceeds 40º Celsius.
[2015/11/04 11:39:04.107] (INFO) Rolling 9 log file(s)...
[2015/11/04 11:39:04.107] (INFO) User "wga5223" logged in from 192.168.250.94.
[2015/11/04 11:39:04.107] (INFO) Backed up all server logs.
[2015/11/04 11:39:04.107] (INFO) User "qfc4297" logged out.
[2015/11/04 11:39:04.107] (INFO) Checkpointing off-heap server memory...
[2015/11/04 11:39:04.107] (WARN) Master took 963 ms to respond (threshold=500 ms)
[2015/11/04 11:39:04.107] (INFO) Alien monitor (aliend): Detected no space aliens.
[2015/11/04 11:39:04.107] (INFO) Alien monitor (aliend): Detected no space aliens.
[2015/11/04 11:39:04.107] (INFO) Rolling 3 log file(s)...
[2015/11/04 11:39:04.607] (ERROR) Network heartbeat check FAILED: Master host down?
[2015/11/04 11:39:04.607] (INFO) .evian ylbirret si emehcs otpyrc ym neht ,siht daer nac uoy fI
[2015/11/04 11:39:04.607] (INFO) Flushed 21 buffers to disk.
[2015/11/04 11:39:04.607] (INFO) Sending SIGTERM to 2 excess workers.
[2015/11/04 11:39:04.607] (INFO) Backed up all server logs.
[2015/11/04 11:39:04.607] (INFO) Checked file systems for errors: All filesystems OK.
[2015/11/04 11:39:04.607] (INFO) User "llo4854" logged in from 172.16.148.69.
[2015/11/04 11:39:04.607] (INFO) Alien monitor (aliend): Detected no space aliens.
[2015/11/04 11:39:04.607] (INFO) Device 0x8a76 is online.
[2015/11/04 11:39:04.607] (INFO) Supervisor has entered RESTARTING state.
[2015/11/04 11:39:04.607] (INFO) User "hbm5051" logged in from 192.168.147.68.
[2015/11/04 11:39:04.607] (INFO) Waiting for supervisor process (PID 26098) to die.
[2015/11/04 11:39:04.607] (INFO) User "ucq9763" logged out due to inactivity (timeout=30 minutes).
[2015/11/04 11:39:04.607] (INFO) User "itl9639" logged in from 10.118.62.209.
[2015/11/04 11:39:04.607] (INFO) .evian ylbirret si emehcs otpyrc ym neht ,siht daer nac uoy fI
[2015/11/04 11:39:04.607] (INFO) Checked file systems for errors: All filesystems OK.
[2015/11/04 11:39:04.607] (INFO) Waiting for supervisor process (PID 40775) to die.
[2015/11/04 11:39:04.607] (INFO) Rolling 1 log file(s)...
[2015/11/04 11:39:04.607] (WARN) Unable to ping worker at 10.242.7.227. Retrying.
[2015/11/04 11:39:04.607] (INFO) Backed up all server logs.
[2015/11/04 11:39:04.607] (INFO) Device 0x1bd7 is online.
[2015/11/04 11:39:04.607] (INFO) Waiting for supervisor process (PID 50273) to die.
[2015/11/04 11:39:04.607] (INFO) User "izl8117" logged out due to inactivity (timeout=30 minutes).
[2015/11/04 11:39:04.607] (INFO) Pinging watchdog timer process: Process is alive.
[2015/11/04 11:39:04.607] (INFO) Network heartbeat check: All OK.
[2015/11/04 11:39:04.607] (INFO) User "afu1220" logged out.
[2015/11/04 11:39:04.607] (INFO) Flushed 71 buffers to disk.
[2015/11/04 11:39:04.607] (WARN) Space on disk /dev/sdf2 is low: Only 133 MB available.
[2015/11/04 11:39:04.607] (ERROR) Network heartbeat check FAILED: Master host down?
[2015/11/04 11:39:04.607] (INFO) Backed up all server logs.
[2015/11/04 11:39:04.607] (INFO) Pinging watchdog timer process: Process is alive.
[2015/11/04 11:39:04.607] (INFO) Alien monitor (aliend): Detected no space aliens.
[2015/11/04 11:39:04.607] (INFO) Backed up all server logs.
[2015/11/04 11:39:04.607] (INFO) User "inn9442" logged out due to inactivity (timeout=30 minutes).
[2015/11/04 11:39:04.607] (INFO) Supervisor has entered RESTARTING state.
[2015/11/04 11:39:04.607] (INFO) Checked file systems for errors: All filesystems OK.
[2015/11/04 11:39:04.607] (INFO) Supervisor has entered RESTARTING state.
[2015/11/04 11:39:04.607] (INFO) Waiting for monitor process (PID 54054) to die.
[2015/11/04 11:39:04.607] (INFO) Device 0x1674 is online.
[2015/11/04 11:39:04.607] (INFO) Checked file systems for errors: All filesystems OK.
[2015/11/04 11:39:04.607] (INFO) Flushed 40 buffers to disk.
[2015/11/04 11:39:04.607] (INFO) Pinging watchdog timer process: Process is alive.
[2015/11/04 11:39:04.607] (INFO) Your mother called. She says you never call her.
[2015/11/04 11:39:04.607] (INFO) Checked file systems for errors: All filesystems OK.
[2015/11/04 11:39:04.607] (WARN) Unable to ping worker at 10.72.9.248. Retrying.
[2015/11/04 11:39:04.607] (WARN) Possible cyber-attack from China.
[2015/11/04 11:39:04.607] (INFO) Pinging watchdog timer process: Process is alive.
[2015/11/04 11:39:04.607] (INFO) Supervisor has entered SUSPENDED state.
[2015/11/04 11:39:04.607] (INFO) Supervisor has entered RESTARTING state.
[2015/11/04 11:39:04.607] (ERROR) Unable to mount /dev/sdf3. (Time to run fsck?)
[2015/11/04 11:39:04.607] (ERROR) Alien monitor (aliend): 2 space aliens are fiddling with the hardware!
[2015/11/04 11:39:04.607] (INFO) Backed up all server logs.
[2015/11/04 11:39:04.607] (INFO) Rolling 2 log file(s)...
[2015/11/04 11:39:04.607] (INFO) Checked file systems for errors: All filesystems OK.
[2015/11/04 11:39:04.607] (INFO) User "wvs1881" logged out.
[2015/11/04 11:39:04.607] (INFO) Alien monitor (aliend): Detected no space aliens.
[2015/11/04 11:39:04.607] (INFO) User "ayx7480" logged in from 10.133.85.7.
[2015/11/04 11:39:04.607] (INFO) Checkpointing off-heap server memory...
[2015/11/04 11:39:04.607] (WARN) Possible cyber-attack from Antarctica.
[2015/11/04 11:39:04.607] (INFO) Your mother called. She says you never call her.
[2015/11/04 11:39:04.607] (INFO) .evian ylbirret si emehcs otpyrc ym neht ,siht daer nac uoy fI
[2015/11/04 11:39:04.607] (INFO) Supervisor has entered RESTARTING state.
[2015/11/04 11:39:04.607] (INFO) User "cwa2400" logged out due to inactivity (timeout=30 minutes).
[2015/11/04 11:39:04.607] (WARN) Unable to ping supervisor at 172.16.167.135. Retrying.
[2015/11/04 11:39:04.607] (INFO) Network heartbeat check: All OK.
[2015/11/04 11:39:04.607] (WARN) Network heartbeat check: 8 server(s) did not respond.
[2015/11/04 11:39:04.607] (WARN) CPU temperature exceeds 40º Celsius.
[2015/11/04 11:39:04.607] (INFO) User "ext2287" logged in from 192.168.9.18.
[2015/11/04 11:39:04.607] (ERROR) "/var/data/CHSaU51753.tsv": Permission denied (EACCES)
[2015/11/04 11:39:04.607] (ERROR) "/var/data/mlBXH63947.zip": No such file or directory (ENOENT)
[2015/11/04 11:39:04.607] (INFO) Rolling 6 log file(s)...
[2015/11/04 11:39:04.607] (INFO) User "xgg8038" logged out.
[2015/11/04 11:39:04.607] (INFO) .evian ylbirret si emehcs otpyrc ym neht ,siht daer nac uoy fI
[2015/11/04 11:39:04.607] (INFO) Waiting for monitor process (PID 37033) to die.
[2015/11/04 11:39:04.607] (INFO) Sending SIGTERM to 4 excess workers.
[2015/11/04 11:39:04.607] (INFO) Network heartbeat check: All OK.
[2015/11/04 11:39:04.607] (INFO) Supervisor has entered WAITING state.
[2015/11/04 11:39:04.607] (ERROR) Unable to authenticate user "jdf4779": LDAP server isn't responding.
[2015/11/04 11:39:04.607] (ERROR) Worker 1 died with SIGFPE. Restarting it.
[2015/11/04 11:39:04.607] (INFO) Network heartbeat check: All OK.
[2015/11/04 11:39:04.607] (INFO) User "ery7404" logged out due to inactivity (timeout=30 minutes).
[2015/11/04 11:39:04.607] (INFO) Checked file systems for errors: All filesystems OK.
[2015/11/04 11:39:04.607] (INFO) Device 0xba9a is online.
[2015/11/04 11:39:04.607] (ERROR) Extra characters at end of line.
[2015/11/04 11:39:04.607] (INFO) User "jzg9877" logged out due to inactivity (timeout=30 minutes).
[2015/11/04 11:39:04.607] (INFO) Checkpointing off-heap server memory...
[2015/11/04 11:39:04.607] (INFO) Checkpointing off-heap server memory...
[2015/11/04 11:39:04.607] (INFO) User "isz3659" logged in from 192.168.221.163.
[2015/11/04 11:39:04.607] (INFO) User "adc4764" logged in from 10.55.138.93.
[2015/11/04 11:39:04.607] (ERROR) "/var/data/NSEcC57161.tsv": No such file or directory (ENOENT)
[2015/11/04 11:39:04.607] (INFO) Pinging watchdog timer process: Process is alive.
[2015/11/04 11:39:04.607] (ERROR) Network heartbeat check FAILED: Master host down?
[2015/11/04 11:39:04.607] (INFO) User "yne5590" logged out due to inactivity (timeout=30 minutes).
[2015/11/04 11:39:04.607] (ERROR) Extra characters at end of line.
[2015/11/04 11:39:04.607] (INFO) Rolling 9 log file(s)...
[2015/11/04 11:39:04.607] (INFO) Pinging watchdog timer process: Process is alive.
[2015/11/04 11:39:04.607] (WARN) Possible cyber-attack from The Cayman Islands.
[2015/11/04 11:39:04.607] (INFO) Pinging watchdog timer process: Process is alive.
[2015/11/04 11:39:04.607] (WARN) Ignoring SIGTERM. It's not that easy to get rid of me.
[2015/11/04 11:39:04.607] (INFO) Checkpointing off-heap server memory...
[2015/11/04 11:39:05.107] (INFO) Checkpointing off-heap server memory...
[2015/11/04 11:39:05.107] (ERROR) EFOODFAIL (Waiter, there's a fly in my soup).
[2015/11/04 11:39:05.107] (INFO) Supervisor has entered SUSPENDED state.
[2015/11/04 11:39:05.107] (INFO) Rolling 6 log file(s)...
[2015/11/04 11:39:05.107] (WARN) Dropped 14,292 corrupt data packets.
[2015/11/04 11:39:05.107] (WARN) Master took 799 ms to respond (threshold=500 ms)
[2015/11/04 11:39:05.107] (INFO) Your mother called. She says you never call her.
[2015/11/04 11:39:05.107] (WARN) Retrying server log checkpoint.
[2015/11/04 11:39:05.107] (INFO) .evian ylbirret si emehcs otpyrc ym neht ,siht daer nac uoy fI
[2015/11/04 11:39:05.107] (WARN) There is no such thing as a free lunch.
[2015/11/04 11:39:05.107] (WARN) Retrying server log checkpoint.
[2015/11/04 11:39:05.107] (INFO) Backed up all server logs.
[2015/11/04 11:39:05.107] (INFO) Waiting for monitor process (PID 40444) to die.
[2015/11/04 11:39:05.107] (WARN) Possible cyber-attack from Nebraska.
[2015/11/04 11:39:05.107] (INFO) Supervisor has entered SUSPENDED state.
[2015/11/04 11:39:05.107] (INFO) Checked file systems for errors: All filesystems OK.
[2015/11/04 11:39:05.107] (INFO) Sending SIGTERM to 4 excess workers.
[2015/11/04 11:39:05.107] (INFO) Your mother called. She says you never call her.
[2015/11/04 11:39:05.107] (INFO) Waiting for monitor process (PID 18423) to die.
[2015/11/04 11:39:05.107] (INFO) User "owh2447" logged in from 10.85.43.91.
[2015/11/04 11:39:05.107] (INFO) Checkpointing off-heap server memory...
[2015/11/04 11:39:05.107] (ERROR) Connection to 10.68.190.108 terminated unexpectedly. Reconnecting.
[2015/11/04 11:39:05.107] (INFO) Network heartbeat check: All OK.
[2015/11/04 11:39:05.107] (INFO) Flushed 97 buffers to disk.
[2015/11/04 11:39:05.107] (INFO) Sending SIGTERM to 3 excess workers.
[2015/11/04 11:39:05.107] (INFO) Flushed 43 buffers to disk.
[2015/11/04 11:39:05.107] (INFO) Device 0x67cc is online.
[2015/11/04 11:39:05.107] (INFO) User "xvj6809" logged out due to inactivity (timeout=30 minutes).
[2015/11/04 11:39:05.107] (INFO) Alien monitor (aliend): Detected no space aliens.
[2015/11/04 11:39:05.107] (INFO) Supervisor has entered RUNNING state.
[2015/11/04 11:39:05.107] (WARN) Ignoring SIGTERM. It's not that easy to get rid of me.
[2015/11/04 11:39:05.107] (INFO) .evian ylbirret si emehcs otpyrc ym neht ,siht daer nac uoy fI
[2015/11/04 11:39:05.107] (ERROR) Unable to write to "/var/data/afEkj52723.xml": Permission denied (EACCES)
[2015/11/04 11:39:05.107] (INFO) Checkpointing off-heap server memory...
[2015/11/04 11:39:05.107] (INFO) Device 0x243d is online.
[2015/11/04 11:39:05.107] (WARN) Network heartbeat check: 7 server(s) did not respond.
[2015/11/04 11:39:05.107] (INFO) .evian ylbirret si emehcs otpyrc ym neht ,siht daer nac uoy fI
[2015/11/04 11:39:05.107] (INFO) Your mother called. She says you never call her.
[2015/11/04 11:39:05.107] (INFO) Checkpointing off-heap server memory...
[2015/11/04 11:39:05.107] (INFO) Supervisor has entered SUSPENDED state.
[2015/11/04 11:39:05.107] (INFO) User "exp2976" logged out.
[2015/11/04 11:39:05.107] (INFO) Waiting for master process (PID 21632) to die.
[2015/11/04 11:39:05.107] (INFO) Your mother called. She says you never call her.
[2015/11/04 11:39:05.107] (INFO) Waiting for worker process (PID 1971) to die.
[2015/11/04 11:39:05.107] (INFO) Network heartbeat check: All OK.
[2015/11/04 11:39:05.107] (INFO) Supervisor has entered SUSPENDED state.
[2015/11/04 11:39:05.107] (INFO) Pinging watchdog timer process: Process is alive.
[2015/11/04 11:39:05.107] (INFO) Checked file systems for errors: All filesystems OK.
[2015/11/04 11:39:05.107] (INFO) Waiting for supervisor process (PID 5149) to die.
[2015/11/04 11:39:05.107] (INFO) Checked file systems for errors: All filesystems OK.
[2015/11/04 11:39:05.107] (INFO) Checkpointing off-heap server memory...
[2015/11/04 11:39:05.107] (INFO) Checked file systems for errors: All filesystems OK.
[2015/11/04 11:39:05.107] (WARN) Watchdog timer crashed. Restarting it.
[2015/11/04 11:39:05.107] (WARN) Ignoring SIGTERM. It's not that easy to get rid of me.
[2015/11/04 11:39:05.107] (INFO) User "fhm5732" logged out.
[2015/11/04 11:39:05.107] (INFO) Alien monitor (aliend): Detected no space aliens.
[2015/11/04 11:39:05.107] (ERROR) Worker 8 died with SIGTRAP. Restarting it.
[2015/11/04 11:39:05.107] (INFO) Checked file systems for errors: All filesystems OK.
[2015/11/04 11:39:05.107] (INFO) Sending SIGTERM to 3 excess workers.
[2015/11/04 11:39:05.107] (INFO) Device 0x475f is online.
[2015/11/04 11:39:05.107] (INFO) Rolling 3 log file(s)...
[2015/11/04 11:39:05.107] (INFO) User "tjp2740" logged out.
[2015/11/04 11:39:05.107] (INFO) Pinging watchdog timer process: Process is alive.
[2015/11/04 11:39:05.107] (INFO) Pinging watchdog timer process: Process is alive.
[2015/11/04 11:39:05.107] (INFO) Alien monitor (aliend): Detected no space aliens.
[2015/11/04 11:39:05.107] (INFO) Checked file systems for errors: All filesystems OK.
[2015/11/04 11:39:05.107] (INFO) Flushed 22 buffers to disk.
[2015/11/04 11:39:05.107] (ERROR) Blocked BitTorrent traffic originating from 172.16.80.249.
[2015/11/04 11:39:05.107] (INFO) Device 0x8c09 is online.
[2015/11/04 11:39:05.107] (INFO) Pinging watchdog timer process: Process is alive.
[2015/11/04 11:39:05.107] (INFO) Pinging watchdog timer process: Process is alive.
[2015/11/04 11:39:05.107] (INFO) Pinging watchdog timer process: Process is alive.
[2015/11/04 11:39:05.107] (INFO) Sending SIGTERM to 4 excess workers.
[2015/11/04 11:39:05.107] (WARN) Watchdog timer crashed. Restarting it.
[2015/11/04 11:39:05.107] (INFO) Sending SIGTERM to 2 excess workers.
[2015/11/04 11:39:05.107] (INFO) Network heartbeat check: All OK.
[2015/11/04 11:39:05.107] (INFO) Flushed 31 buffers to disk.
[2015/11/04 11:39:05.107] (WARN) Possible cyber-attack from The Cayman Islands.
[2015/11/04 11:39:05.107] (INFO) Checkpointing off-heap server memory...
[2015/11/04 11:39:05.107] (INFO) User "aod1109" logged out.
[2015/11/04 11:39:05.107] (INFO) Backed up all server logs.
[2015/11/04 11:39:05.107] (INFO) Network heartbeat check: All OK.
[2015/11/04 11:39:05.107] (INFO) Checkpointing off-heap server memory...
[2015/11/04 11:39:05.107] (INFO) User "afy1099" logged out.
[2015/11/04 11:39:05.107] (INFO) Supervisor has entered WAITING state.
[2015/11/04 11:39:05.107] (INFO) Flushed 21 buffers to disk.
[2015/11/04 11:39:05.107] (INFO) Rolling 5 log file(s)...
[2015/11/04 11:39:05.107] (INFO) Alien monitor (aliend): Detected no space aliens.
[2015/11/04 11:39:05.107] (INFO) Device 0xcf7f is online.
[2015/11/04 11:39:05.107] (INFO) Rolling 7 log file(s)...
[2015/11/04 11:39:05.107] (INFO) Pinging watchdog timer process: Process is alive.
[2015/11/04 11:39:05.107] (INFO) User "bvl4125" logged in from 172.16.81.250.
[2015/11/04 11:39:05.107] (INFO) Sending SIGTERM to 3 excess workers.
[2015/11/04 11:39:05.107] (INFO) User "jbu6180" logged in from 10.111.113.26.
[2015/11/04 11:39:05.107] (ERROR) Directory index of "/var/data" is forbidden.
[2015/11/04 11:39:05.107] (INFO) Checkpointing off-heap server memory...
[2015/11/04 11:39:05.107] (INFO) Network heartbeat check: All OK.
[2015/11/04 11:39:05.107] (INFO) Pinging watchdog timer process: Process is alive.
[2015/11/04 11:39:05.107] (INFO) User "aby1875" logged out.
[2015/11/04 11:39:05.107] (ERROR) Network heartbeat check FAILED: Master host down?
[2015/11/04 11:39:05.607] (INFO) Device 0x8c8b is online.
[2015/11/04 11:39:05.607] (INFO) User "yny4906" logged out due to inactivity (timeout=30 minutes).
[2015/11/04 11:39:05.607] (INFO) User "awu3392" logged out due to inactivity (timeout=30 minutes).
[2015/11/04 11:39:05.607] (WARN) Possible cyber-attack from a small unnamed island.
[2015/11/04 11:39:05.607] (ERROR) Worker 8 died with SIGPOLL. Restarting it.
[2015/11/04 11:39:05.607] (INFO) Pinging watchdog timer process: Process is alive.
[2015/11/04 11:39:05.607] (INFO) Your mother called. She says you never call her.
[2015/11/04 11:39:05.607] (WARN) Space on disk /dev/sdb2 is low: Only 598 MB available.
[2015/11/04 11:39:05.607] (INFO) Device 0xf8b2 is online.
[2015/11/04 11:39:05.607] (ERROR) /dev/lp error: "PC LOAD LETTER"
[2015/11/04 11:39:05.607] (INFO) User "pxr3339" logged in from 192.168.113.146.
[2015/11/04 11:39:05.607] (INFO) User "pui1511" logged out.
[2015/11/04 11:39:05.607] (INFO) Checked file systems for errors: All filesystems OK.
[2015/11/04 11:39:05.607] (INFO) Rolling 8 log file(s)...
[2015/11/04 11:39:05.607] (INFO) User "ggj6122" logged out due to inactivity (timeout=30 minutes).
[2015/11/04 11:39:05.607] (ERROR) Network heartbeat check FAILED: Master host down?
[2015/11/04 11:39:05.607] (INFO) Supervisor has entered WAITING state.
[2015/11/04 11:39:05.607] (WARN) Space on disk /dev/sdd2 is low: Only 682 MB available.
[2015/11/04 11:39:05.607] (INFO) Backed up all server logs.
[2015/11/04 11:39:05.607] (INFO) Backed up all server logs.
[2015/11/04 11:39:05.607] (INFO) Sending SIGTERM to 2 excess workers.
[2015/11/04 11:39:05.607] (INFO) Pinging watchdog timer process: Process is alive.
[2015/11/04 11:39:05.607] (INFO) User "kxf6560" logged in from 172.16.103.102.
[2015/11/04 11:39:05.607] (INFO) Backed up all server logs.
[2015/11/04 11:39:05.607] (INFO) Alien monitor (aliend): Detected no space aliens.
[2015/11/04 11:39:05.607] (INFO) User "sly4733" logged out.
[2015/11/04 11:39:05.607] (INFO) Checked file systems for errors: All filesystems OK.
[2015/11/04 11:39:05.607] (INFO) Device 0x43bc is online.
[2015/11/04 11:39:05.607] (INFO) Network heartbeat check: All OK.
[2015/11/04 11:39:05.607] (INFO) User "zvw6913" logged in from 172.16.19.26.
[2015/11/04 11:39:05.607] (INFO) Supervisor has entered SUSPENDED state.
[2015/11/04 11:39:05.607] (INFO) User "dwe6220" logged out due to inactivity (timeout=30 minutes).
[2015/11/04 11:39:05.607] (INFO) .evian ylbirret si emehcs otpyrc ym neht ,siht daer nac uoy fI
[2015/11/04 11:39:05.607] (WARN) Space on disk /dev/sda2 is low: Only 168 MB available.
[2015/11/04 11:39:05.607] (INFO) Rolling 6 log file(s)...
[2015/11/04 11:39:05.607] (INFO) Flushed 64 buffers to disk.
[2015/11/04 11:39:05.607] (INFO) User "tza3196" logged in from 172.16.171.205.
[2015/11/04 11:39:05.607] (ERROR) "/var/data/csfVW82233.xslx": Permission denied (EACCES)
[2015/11/04 11:39:05.607] (INFO) User "wjf1835" logged out.
[2015/11/04 11:39:05.607] (INFO) Your mother called. She says you never call her.
[2015/11/04 11:39:05.607] (INFO) Network heartbeat check: All OK.
[2015/11/04 11:39:05.607] (INFO) Checked file systems for errors: All filesystems OK.
[2015/11/04 11:39:05.607] (INFO) Your mother called. She says you never call her.
[2015/11/04 11:39:05.607] (INFO) Backed up all server logs.
[2015/11/04 11:39:05.607] (INFO) User "eqt3430" logged in from 10.67.108.45.
[2015/11/04 11:39:05.607] (ERROR) EFOODFAIL (Waiter, there's a fly in my soup).
[2015/11/04 11:39:05.607] (INFO) Alien monitor (aliend): Detected no space aliens.
[2015/11/04 11:39:05.607] (INFO) Checked file systems for errors: All filesystems OK.
[2015/11/04 11:39:05.607] (INFO) Flushed 67 buffers to disk.
[2015/11/04 11:39:05.607] (INFO) Alien monitor (aliend): Detected no space aliens.
[2015/11/04 11:39:05.607] (INFO) Flushed 73 buffers to disk.
[2015/11/04 11:39:05.607] (INFO) Backed up all server logs.
[2015/11/04 11:39:05.607] (INFO) User "has9965" logged in from 172.16.68.67.
[2015/11/04 11:39:05.607] (INFO) Pinging watchdog timer process: Process is alive.
[2015/11/04 11:39:05.607] (ERROR) EFOODFAIL (Waiter, there's a fly in my soup).
[2015/11/04 11:39:05.607] (INFO) Network heartbeat check: All OK.
[2015/11/04 11:39:05.607] (INFO) Checked file systems for errors: All filesystems OK.
[2015/11/04 11:39:05.607] (INFO) Pinging watchdog timer process: Process is alive.
[2015/11/04 11:39:05.607] (WARN) Unable to ping master at 172.16.122.176. Retrying.
[2015/11/04 11:39:05.607] (INFO) Supervisor has entered WAITING state.
[2015/11/04 11:39:05.607] (INFO) Checkpointing off-heap server memory...
[2015/11/04 11:39:05.607] (WARN) Space on disk /dev/sdf2 is low: Only 589 MB available.
[2015/11/04 11:39:05.607] (INFO) Checked file systems for errors: All filesystems OK.
[2015/11/04 11:39:05.607] (INFO) User "ocm5785" logged out due to inactivity (timeout=30 minutes).
[2015/11/04 11:39:05.607] (INFO) Alien monitor (aliend): Detected no space aliens.
[2015/11/04 11:39:05.607] (INFO) Sending SIGTERM to 3 excess workers.
[2015/11/04 11:39:05.607] (ERROR) One of the flayrods has gone out askew on treadle.
[2015/11/04 11:39:05.607] (ERROR) Blocked Little Bobby Tables attack (https://xkcd.com/327/) from 10.189.224.47.
[2015/11/04 11:39:05.607] (INFO) Rolling 6 log file(s)...
[2015/11/04 11:39:05.607] (WARN) Unable to ping master at 10.20.216.161. Retrying.
[2015/11/04 11:39:05.607] (ERROR) Extra characters at end of line.
[2015/11/04 11:39:05.607] (INFO) Flushed 39 buffers to disk.
[2015/11/04 11:39:05.607] (INFO) Alien monitor (aliend): Detected no space aliens.
[2015/11/04 11:39:05.607] (INFO) Waiting for monitor process (PID 62532) to die.
[2015/11/04 11:39:05.607] (WARN) Possible cyber-attack from Canada.
[2015/11/04 11:39:05.607] (WARN) Space on disk /dev/sdb1 is low: Only 262 MB available.
[2015/11/04 11:39:05.607] (INFO) User "erw6169" logged in from 172.16.119.180.
[2015/11/04 11:39:05.607] (INFO) User "ejt5002" logged out.
[2015/11/04 11:39:05.607] (INFO) Checked file systems for errors: All filesystems OK.
[2015/11/04 11:39:05.607] (ERROR) Worker 5 died with SIGKILL. Restarting it.
[2015/11/04 11:39:05.607] (INFO) User "mjv2584" logged in from 172.16.248.39.
[2015/11/04 11:39:05.607] (INFO) Supervisor has entered WAITING state.
[2015/11/04 11:39:05.607] (INFO) Flushed 79 buffers to disk.
[2015/11/04 11:39:05.607] (INFO) .evian ylbirret si emehcs otpyrc ym neht ,siht daer nac uoy fI
[2015/11/04 11:39:05.607] (ERROR) Unable to authenticate user "lpc4392": LDAP server isn't responding.
[2015/11/04 11:39:05.607] (INFO) Supervisor has entered WAITING state.
[2015/11/04 11:39:05.607] (INFO) Checkpointing off-heap server memory...
[2015/11/04 11:39:05.607] (INFO) Waiting for master process (PID 42649) to die.
[2015/11/04 11:39:05.607] (ERROR) Device 0xa789 is offline
[2015/11/04 11:39:05.607] (INFO) Network heartbeat check: All OK.
[2015/11/04 11:39:05.607] (INFO) Network heartbeat check: All OK.
[2015/11/04 11:39:05.607] (WARN) Unable to ping monitor at 10.217.97.2. Retrying.
[2015/11/04 11:39:05.607] (INFO) User "cxq6883" logged in from 172.16.122.118.
[2015/11/04 11:39:05.607] (INFO) User "syf8975" logged out.
[2015/11/04 11:39:05.607] (INFO) Your mother called. She says you never call her.
[2015/11/04 11:39:05.607] (ERROR) /dev/lp error: "PC LOAD LETTER"
[2015/11/04 11:39:05.607] (INFO) Checked file systems for errors: All filesystems OK.
[2015/11/04 11:39:05.607] (INFO) Pinging watchdog timer process: Process is alive.
[2015/11/04 11:39:05.607] (INFO) Alien monitor (aliend): Detected no space aliens.
[2015/11/04 11:39:05.607] (INFO) Checked file systems for errors: All filesystems OK.
[2015/11/04 11:39:06.107] (INFO) User "cum4802" logged out due to inactivity (timeout=30 minutes).
[2015/11/04 11:39:06.107] (ERROR) Failed to write checkpoint file "/var/checkpoint/DSTPs60487: No space left on device (ENOSPC)
[2015/11/04 11:39:06.107] (INFO) Alien monitor (aliend): Detected no space aliens.
[2015/11/04 11:39:06.107] (INFO) User "cdn5876" logged in from 172.16.128.158.
[2015/11/04 11:39:06.107] (ERROR) Failed to write checkpoint file "/var/checkpoint/rBvSy54455: No space left on device (ENOSPC)
[2015/11/04 11:39:06.107] (INFO) Sending SIGTERM to 3 excess workers.
[2015/11/04 11:39:06.107] (INFO) Checkpointing off-heap server memory...
[2015/11/04 11:39:06.107] (INFO) Checked file systems for errors: All filesystems OK.
[2015/11/04 11:39:06.107] (INFO) Alien monitor (aliend): Detected no space aliens.
[2015/11/04 11:39:06.107] (INFO) Checked file systems for errors: All filesystems OK.
[2015/11/04 11:39:06.107] (INFO) User "bvk5779" logged in from 192.168.95.175.
[2015/11/04 11:39:06.107] (INFO) Network heartbeat check: All OK.
[2015/11/04 11:39:06.107] (ERROR) Failed to open "/mnt/fileserver01/nOYfn97370.tsv": NFS timeout.
[2015/11/04 11:39:06.107] (INFO) User "jya4208" logged in from 10.244.50.112.
[2015/11/04 11:39:06.107] (INFO) Flushed 46 buffers to disk.
[2015/11/04 11:39:06.107] (ERROR) CPU temperature exceeds 50º Celsius. Shutting down.
[2015/11/04 11:39:06.107] (INFO) Flushed 48 buffers to disk.
[2015/11/04 11:39:06.107] (INFO) User "dri3084" logged out.
[2015/11/04 11:39:06.107] (INFO) Pinging watchdog timer process: Process is alive.
[2015/11/04 11:39:06.107] (INFO) Checked file systems for errors: All filesystems OK.
[2015/11/04 11:39:06.107] (INFO) Rolling 1 log file(s)...
[2015/11/04 11:39:06.107] (ERROR) Unable to write to "/var/data/mAVPF91519.xslx": Permission denied (EACCES)
[2015/11/04 11:39:06.107] (INFO) Backed up all server logs.
[2015/11/04 11:39:06.107] (INFO) Pinging watchdog timer process: Process is alive.
[2015/11/04 11:39:06.107] (INFO) Backed up all server logs.
[2015/11/04 11:39:06.107] (WARN) Possible cyber-attack from Antarctica.
[2015/11/04 11:39:06.107] (INFO) Sending SIGTERM to 2 excess workers.
[2015/11/04 11:39:06.107] (INFO) User "rdx4282" logged in from 172.16.129.207.
[2015/11/04 11:39:06.107] (INFO) Device 0x1f1d is online.
[2015/11/04 11:39:06.107] (ERROR) Directory index of "/var/data" is forbidden.
[2015/11/04 11:39:06.107] (INFO) Supervisor has entered RESTARTING state.
[2015/11/04 11:39:06.107] (INFO) User "svb1120" logged out due to inactivity (timeout=30 minutes).
[2015/11/04 11:39:06.107] (INFO) Alien monitor (aliend): Detected no space aliens.
[2015/11/04 11:39:06.107] (INFO) User "pbi8046" logged in from 172.16.107.128.
[2015/11/04 11:39:06.107] (WARN) Space on disk /dev/sdb2 is low: Only 461 MB available.
[2015/11/04 11:39:06.107] (INFO) Flushed 33 buffers to disk.
[2015/11/04 11:39:06.107] (INFO) Checkpointing off-heap server memory...
[2015/11/04 11:39:06.107] (INFO) User "edh8469" logged out due to inactivity (timeout=30 minutes).
[2015/11/04 11:39:06.107] (INFO) Flushed 34 buffers to disk.
[2015/11/04 11:39:06.107] (INFO) Device 0xf3b6 is online.
[2015/11/04 11:39:06.107] (INFO) Sending SIGTERM to 3 excess workers.
[2015/11/04 11:39:06.107] (INFO) Rolling 5 log file(s)...
[2015/11/04 11:39:06.107] (INFO) Device 0x1294 is online.
[2015/11/04 11:39:06.107] (INFO) Your mother called. She says you never call her.
[2015/11/04 11:39:06.107] (WARN) Dropped 9,896 corrupt data packets.
[2015/11/04 11:39:06.107] (INFO) Device 0x802f is online.
[2015/11/04 11:39:06.107] (ERROR) "/var/data/IURlb66667.csv": No such file or directory (ENOENT)
[2015/11/04 11:39:06.107] (INFO) Checked file systems for errors: All filesystems OK.
[2015/11/04 11:39:06.107] (INFO) Alien monitor (aliend): Detected no space aliens.
[2015/11/04 11:39:06.107] (INFO) Flushed 21 buffers to disk.
[2015/11/04 11:39:06.107] (WARN) Ignoring SIGTERM. It's not that easy to get rid of me.
[2015/11/04 11:39:06.107] (INFO) User "wqg3524" logged out due to inactivity (timeout=30 minutes).
[2015/11/04 11:39:06.107] (INFO) Sending SIGTERM to 4 excess workers.
[2015/11/04 11:39:06.107] (INFO) Your mother called. She says you never call her.
[2015/11/04 11:39:06.107] (INFO) Your mother called. She says you never call her.
[2015/11/04 11:39:06.107] (ERROR) "/var/data/wHoRj85461.parquet": Permission denied (EACCES)
[2015/11/04 11:39:06.107] (INFO) User "nfv3441" logged out due to inactivity (timeout=30 minutes).
[2015/11/04 11:39:06.107] (INFO) Rolling 4 log file(s)...
[2015/11/04 11:39:06.107] (WARN) There is no such thing as a free lunch.
[2015/11/04 11:39:06.107] (INFO) Supervisor has entered SUSPENDED state.
[2015/11/04 11:39:06.107] (INFO) Sending SIGTERM to 4 excess workers.
[2015/11/04 11:39:06.107] (WARN) Ignoring SIGTERM. It's not that easy to get rid of me.
[2015/11/04 11:39:06.107] (INFO) Checked file systems for errors: All filesystems OK.
[2015/11/04 11:39:06.107] (INFO) Pinging watchdog timer process: Process is alive.
[2015/11/04 11:39:06.107] (ERROR) Directory index of "/var/data" is forbidden.
[2015/11/04 11:39:06.107] (INFO) Checkpointing off-heap server memory...
[2015/11/04 11:39:06.107] (INFO) Supervisor has entered WAITING state.
[2015/11/04 11:39:06.107] (INFO) Alien monitor (aliend): Detected no space aliens.
[2015/11/04 11:39:06.107] (WARN) Possible cyber-attack from Canada.
[2015/11/04 11:39:06.107] (INFO) .evian ylbirret si emehcs otpyrc ym neht ,siht daer nac uoy fI
[2015/11/04 11:39:06.107] (INFO) Device 0xd077 is online.
[2015/11/04 11:39:06.107] (INFO) Checkpointing off-heap server memory...
[2015/11/04 11:39:06.107] (ERROR) Network heartbeat check FAILED: Master host down?
[2015/11/04 11:39:06.107] (INFO) Your mother called. She says you never call her.
[2015/11/04 11:39:06.107] (INFO) Supervisor has entered SUSPENDED state.
[2015/11/04 11:39:06.107] (INFO) Checkpointing off-heap server memory...
[2015/11/04 11:39:06.107] (INFO) User "bqt5806" logged out due to inactivity (timeout=30 minutes).
[2015/11/04 11:39:06.107] (INFO) Pinging watchdog timer process: Process is alive.
[2015/11/04 11:39:06.107] (INFO) Alien monitor (aliend): Detected no space aliens.
[2015/11/04 11:39:06.107] (INFO) Your mother called. She says you never call her.
[2015/11/04 11:39:06.107] (INFO) Waiting for master process (PID 21523) to die.
[2015/11/04 11:39:06.107] (WARN) Ignoring SIGTERM. It's not that easy to get rid of me.
[2015/11/04 11:39:06.107] (INFO) Flushed 79 buffers to disk.
[2015/11/04 11:39:06.107] (INFO) Pinging watchdog timer process: Process is alive.
[2015/11/04 11:39:06.107] (INFO) Checkpointing off-heap server memory...
[2015/11/04 11:39:06.107] (INFO) User "ptx1102" logged out.
[2015/11/04 11:39:06.107] (WARN) CPU temperature exceeds 40º Celsius.
[2015/11/04 11:39:06.107] (ERROR) Failed to write checkpoint file "/var/checkpoint/UGmds90870: No space left on device (ENOSPC)
[2015/11/04 11:39:06.107] (INFO) Pinging watchdog timer process: Process is alive.
[2015/11/04 11:39:06.107] (INFO) User "gfh2884" logged out due to inactivity (timeout=30 minutes).
[2015/11/04 11:39:06.107] (WARN) Watchdog timer crashed. Restarting it.
[2015/11/04 11:39:06.107] (INFO) User "tfv5796" logged out due to inactivity (timeout=30 minutes).
[2015/11/04 11:39:06.107] (WARN) Possible cyber-attack from The Cayman Islands.
[2015/11/04 11:39:06.107] (INFO) User "qbs3656" logged in from 172.16.3.154.
[2015/11/04 11:39:06.107] (INFO) Network heartbeat check: All OK.
[2015/11/04 11:39:06.107] (INFO) Alien monitor (aliend): Detected no space aliens.
[2015/11/04 11:39:06.107] (INFO) .evian ylbirret si emehcs otpyrc ym neht ,siht daer nac uoy fI
[2015/11/04 11:39:06.107] (INFO) Sending SIGTERM to 3 excess workers.
[2015/11/04 11:39:06.107] (WARN) Space on disk /dev/sda1 is low: Only 321 MB available.
[2015/11/04 11:39:06.107] (WARN) Ignoring SIGTERM. It's not that easy to get rid of me.
[2015/11/04 11:39:06.607] (INFO) Supervisor has entered RESTARTING state.
[2015/11/04 11:39:06.607] (INFO) Waiting for monitor process (PID 4555) to die.
[2015/11/04 11:39:06.607] (INFO) Device 0x2bbd is online.
[2015/11/04 11:39:06.607] (WARN) There is no such thing as a free lunch.
[2015/11/04 11:39:06.607] (INFO) User "gzr4605" logged out.
[2015/11/04 11:39:06.607] (INFO) User "rws1888" logged out due to inactivity (timeout=30 minutes).
[2015/11/04 11:39:06.607] (WARN) Possible cyber-attack from The Cayman Islands.
[2015/11/04 11:39:06.607] (INFO) .evian ylbirret si emehcs otpyrc ym neht ,siht daer nac uoy fI
[2015/11/04 11:39:06.607] (WARN) Master took 601 ms to respond (threshold=500 ms)
[2015/11/04 11:39:06.607] (INFO) Checkpointing off-heap server memory...
[2015/11/04 11:39:06.607] (INFO) Waiting for supervisor process (PID 7759) to die.
[2015/11/04 11:39:06.607] (INFO) User "fqu9455" logged out.
[2015/11/04 11:39:06.607] (INFO) Pinging watchdog timer process: Process is alive.
[2015/11/04 11:39:06.607] (WARN) Retrying server log checkpoint.
[2015/11/04 11:39:06.607] (INFO) Your mother called. She says you never call her.
[2015/11/04 11:39:06.607] (INFO) User "egy7937" logged in from 172.16.136.67.
[2015/11/04 11:39:06.607] (INFO) .evian ylbirret si emehcs otpyrc ym neht ,siht daer nac uoy fI
[2015/11/04 11:39:06.607] (WARN) Network heartbeat check: 14 server(s) did not respond.
[2015/11/04 11:39:06.607] (WARN) Space on disk /dev/sdd2 is low: Only 882 MB available.
[2015/11/04 11:39:06.607] (INFO) Device 0xb827 is online.
[2015/11/04 11:39:06.607] (INFO) Checkpointing off-heap server memory...
[2015/11/04 11:39:06.607] (INFO) Checkpointing off-heap server memory...
[2015/11/04 11:39:06.607] (WARN) Dropped 12,706 corrupt data packets.
[2015/11/04 11:39:06.607] (WARN) Unable to ping supervisor at 192.168.123.226. Retrying.
[2015/11/04 11:39:06.607] (INFO) Flushed 51 buffers to disk.
[2015/11/04 11:39:06.607] (INFO) Backed up all server logs.
[2015/11/04 11:39:06.607] (INFO) User "xij8704" logged out.
[2015/11/04 11:39:06.607] (INFO) Flushed 28 buffers to disk.
[2015/11/04 11:39:06.607] (INFO) Your mother called. She says you never call her.
[2015/11/04 11:39:06.607] (INFO) User "wjt6414" logged in from 10.125.240.236.
[2015/11/04 11:39:06.607] (WARN) Master took 673 ms to respond (threshold=500 ms)
[2015/11/04 11:39:06.607] (INFO) User "zwf2644" logged out.
[2015/11/04 11:39:06.607] (ERROR) /dev/lp error: "PC LOAD LETTER"
[2015/11/04 11:39:06.607] (INFO) Pinging watchdog timer process: Process is alive.
[2015/11/04 11:39:06.607] (WARN) Backup server 192.168.130.182 is offline.
[2015/11/04 11:39:06.607] (INFO) .evian ylbirret si emehcs otpyrc ym neht ,siht daer nac uoy fI
[2015/11/04 11:39:06.607] (INFO) Device 0x6722 is online.
[2015/11/04 11:39:06.607] (INFO) Sending SIGTERM to 2 excess workers.
[2015/11/04 11:39:06.607] (INFO) Waiting for monitor process (PID 63156) to die.
[2015/11/04 11:39:06.607] (ERROR) Blocked nmap traffic originating from 10.212.1.151.
[2015/11/04 11:39:06.607] (WARN) CPU temperature exceeds 40º Celsius.
[2015/11/04 11:39:06.607] (INFO) Flushed 38 buffers to disk.
[2015/11/04 11:39:06.607] (INFO) Sending SIGTERM to 2 excess workers.
[2015/11/04 11:39:06.607] (INFO) Checked file systems for errors: All filesystems OK.
[2015/11/04 11:39:06.607] (INFO) Pinging watchdog timer process: Process is alive.
[2015/11/04 11:39:06.607] (INFO) Device 0xcd29 is online.
[2015/11/04 11:39:06.607] (INFO) User "smx6244" logged out.
[2015/11/04 11:39:06.607] (INFO) Your mother called. She says you never call her.
[2015/11/04 11:39:06.607] (ERROR) CPU temperature exceeds 50º Celsius. Shutting down.
[2015/11/04 11:39:06.607] (WARN) Possible cyber-attack from Mars.
[2015/11/04 11:39:06.607] (INFO) Pinging watchdog timer process: Process is alive.
[2015/11/04 11:39:06.607] (INFO) User "ihl5215" logged in from 192.168.23.97.
[2015/11/04 11:39:06.607] (INFO) Sending SIGTERM to 4 excess workers.
[2015/11/04 11:39:06.607] (ERROR) Connection to 172.16.35.23 terminated unexpectedly. Reconnecting.
[2015/11/04 11:39:06.607] (INFO) .evian ylbirret si emehcs otpyrc ym neht ,siht daer nac uoy fI
[2015/11/04 11:39:06.607] (ERROR) Unable to write to "/var/data/jWCcq67403.parquet": Permission denied (EACCES)
[2015/11/04 11:39:06.607] (INFO) Network heartbeat check: All OK.
[2015/11/04 11:39:06.607] (ERROR) CPU temperature exceeds 50º Celsius. Shutting down.
[2015/11/04 11:39:06.607] (INFO) Sending SIGTERM to 3 excess workers.
[2015/11/04 11:39:06.607] (INFO) User "aui4562" logged out due to inactivity (timeout=30 minutes).
[2015/11/04 11:39:06.607] (ERROR) CPU temperature exceeds 50º Celsius. Shutting down.
[2015/11/04 11:39:06.607] (INFO) Checkpointing off-heap server memory...
[2015/11/04 11:39:06.607] (INFO) Pinging watchdog timer process: Process is alive.
[2015/11/04 11:39:06.607] (INFO) .evian ylbirret si emehcs otpyrc ym neht ,siht daer nac uoy fI
[2015/11/04 11:39:06.607] (INFO) User "uux1635" logged out.
[2015/11/04 11:39:06.607] (INFO) Checked file systems for errors: All filesystems OK.
[2015/11/04 11:39:06.607] (INFO) Supervisor has entered SUSPENDED state.
[2015/11/04 11:39:06.607] (INFO) Rolling 2 log file(s)...
[2015/11/04 11:39:06.607] (INFO) Checkpointing off-heap server memory...
[2015/11/04 11:39:06.607] (INFO) Checked file systems for errors: All filesystems OK.
[2015/11/04 11:39:06.607] (ERROR) Alien monitor (aliend): 4 space aliens are fiddling with the hardware!
[2015/11/04 11:39:06.607] (INFO) User "onw5981" logged in from 172.16.41.97.
[2015/11/04 11:39:06.607] (INFO) Pinging watchdog timer process: Process is alive.
[2015/11/04 11:39:06.607] (INFO) Backed up all server logs.
[2015/11/04 11:39:06.607] (INFO) Waiting for master process (PID 54126) to die.
[2015/11/04 11:39:06.607] (INFO) Rolling 9 log file(s)...
[2015/11/04 11:39:06.607] (INFO) User "qxo3764" logged out due to inactivity (timeout=30 minutes).
[2015/11/04 11:39:06.607] (ERROR) Network heartbeat check FAILED: Master host down?
[2015/11/04 11:39:06.607] (ERROR) Failed to write checkpoint file "/var/checkpoint/rZzuQ80654: No space left on device (ENOSPC)
[2015/11/04 11:39:06.607] (INFO) Flushed 91 buffers to disk.
[2015/11/04 11:39:06.607] (INFO) Checked file systems for errors: All filesystems OK.
[2015/11/04 11:39:06.607] (INFO) Checkpointing off-heap server memory...
[2015/11/04 11:39:06.607] (INFO) User "pnl7900" logged out.
[2015/11/04 11:39:06.607] (INFO) Alien monitor (aliend): Detected no space aliens.
[2015/11/04 11:39:06.607] (ERROR) Directory index of "/var/data" is forbidden.
[2015/11/04 11:39:06.607] (INFO) Backed up all server logs.
[2015/11/04 11:39:06.607] (WARN) Watchdog timer crashed. Restarting it.
[2015/11/04 11:39:06.607] (INFO) Your mother called. She says you never call her.
[2015/11/04 11:39:06.607] (INFO) Device 0xd190 is online.
[2015/11/04 11:39:06.607] (WARN) There is no such thing as a free lunch.
[2015/11/04 11:39:06.607] (INFO) Alien monitor (aliend): Detected no space aliens.
[2015/11/04 11:39:06.607] (INFO) User "ydz1887" logged out.
[2015/11/04 11:39:06.607] (WARN) Ignoring SIGTERM. It's not that easy to get rid of me.
[2015/11/04 11:39:06.607] (INFO) Waiting for supervisor process (PID 48623) to die.
[2015/11/04 11:39:06.607] (INFO) Backed up all server logs.
[2015/11/04 11:39:06.607] (INFO) Checkpointing off-heap server memory...
[2015/11/04 11:39:06.607] (ERROR) "/var/data/uvQjx82486.tsv": No such file or directory (ENOENT)
[2015/11/04 11:39:06.607] (INFO) Rolling 6 log file(s)...
[2015/11/04 11:39:06.607] (INFO) Waiting for master process (PID 27647) to die.
[2015/11/04 11:39:06.607] (INFO) Device 0x3ee5 is online.
[2015/11/04 11:39:07.108] (ERROR) Device 0x6632 is offline
[2015/11/04 11:39:07.108] (INFO) Checked file systems for errors: All filesystems OK.
[2015/11/04 11:39:07.108] (INFO) Alien monitor (aliend): Detected no space aliens.
[2015/11/04 11:39:07.108] (INFO) Pinging watchdog timer process: Process is alive.
[2015/11/04 11:39:07.108] (INFO) User "ttf4813" logged in from 172.16.13.138.
[2015/11/04 11:39:07.108] (INFO) User "qvd4448" logged out due to inactivity (timeout=30 minutes).
[2015/11/04 11:39:07.108] (WARN) Space on disk /dev/sdb2 is low: Only 648 MB available.
[2015/11/04 11:39:07.108] (WARN) Possible cyber-attack from Nebraska.
[2015/11/04 11:39:07.108] (ERROR) Worker 3 died with SIGKILL. Restarting it.
[2015/11/04 11:39:07.108] (ERROR) Worker 9 died with SIGHUP. Restarting it.
[2015/11/04 11:39:07.108] (WARN) Possible cyber-attack from Alpha Centauri.
[2015/11/04 11:39:07.108] (INFO) User "qlf4314" logged in from 192.168.18.28.
[2015/11/04 11:39:07.108] (ERROR) Blocked Little Bobby Tables attack (https://xkcd.com/327/) from 172.16.211.185.
[2015/11/04 11:39:07.108] (INFO) Flushed 49 buffers to disk.
[2015/11/04 11:39:07.108] (ERROR) "/var/data/MKomr71048.txt": No such file or directory (ENOENT)
[2015/11/04 11:39:07.108] (INFO) Sending SIGTERM to 2 excess workers.
[2015/11/04 11:39:07.108] (WARN) Ignoring SIGTERM. It's not that easy to get rid of me.
[2015/11/04 11:39:07.108] (ERROR) Blocked BitTorrent traffic originating from 192.168.250.136.
[2015/11/04 11:39:07.108] (INFO) Checked file systems for errors: All filesystems OK.
[2015/11/04 11:39:07.108] (INFO) Sending SIGTERM to 2 excess workers.
[2015/11/04 11:39:07.108] (INFO) Sending SIGTERM to 2 excess workers.
[2015/11/04 11:39:07.108] (INFO) Flushed 92 buffers to disk.
[2015/11/04 11:39:07.108] (WARN) Space on disk /dev/sdf3 is low: Only 507 MB available.
[2015/11/04 11:39:07.108] (INFO) Waiting for monitor process (PID 39556) to die.
[2015/11/04 11:39:07.108] (WARN) CPU temperature exceeds 40º Celsius.
[2015/11/04 11:39:07.108] (WARN) Dropped 11,153 corrupt data packets.
[2015/11/04 11:39:07.108] (INFO) User "wio9783" logged out due to inactivity (timeout=30 minutes).
[2015/11/04 11:39:07.108] (INFO) User "jyt8657" logged out due to inactivity (timeout=30 minutes).
[2015/11/04 11:39:07.108] (INFO) Device 0x3aa5 is online.
[2015/11/04 11:39:07.108] (INFO) User "kja6918" logged out.
[2015/11/04 11:39:07.108] (INFO) User "eng3908" logged out.
[2015/11/04 11:39:07.108] (INFO) Alien monitor (aliend): Detected no space aliens.
[2015/11/04 11:39:07.108] (WARN) Unable to ping master at 172.16.195.85. Retrying.
[2015/11/04 11:39:07.108] (INFO) Backed up all server logs.
[2015/11/04 11:39:07.108] (INFO) Checkpointing off-heap server memory...
[2015/11/04 11:39:07.108] (INFO) Device 0xf378 is online.
[2015/11/04 11:39:07.108] (INFO) Checkpointing off-heap server memory...
[2015/11/04 11:39:07.108] (INFO) Device 0xb81b is online.
[2015/11/04 11:39:07.108] (WARN) Ignoring SIGTERM. It's not that easy to get rid of me.
[2015/11/04 11:39:07.108] (INFO) Flushed 36 buffers to disk.
[2015/11/04 11:39:07.108] (INFO) Checkpointing off-heap server memory...
[2015/11/04 11:39:07.108] (INFO) User "ylj9235" logged out.
[2015/11/04 11:39:07.108] (WARN) Master took 778 ms to respond (threshold=500 ms)
[2015/11/04 11:39:07.108] (INFO) User "wle7577" logged out.
[2015/11/04 11:39:07.108] (INFO) User "kxo6624" logged in from 192.168.27.123.
[2015/11/04 11:39:07.108] (INFO) Flushed 40 buffers to disk.
[2015/11/04 11:39:07.108] (INFO) User "sns1824" logged in from 172.16.97.184.
[2015/11/04 11:39:07.108] (INFO) Alien monitor (aliend): Detected no space aliens.
[2015/11/04 11:39:07.108] (INFO) Backed up all server logs.
[2015/11/04 11:39:07.108] (ERROR) Unable to mount /dev/sda2. (Time to run fsck?)
[2015/11/04 11:39:07.108] (WARN) Network heartbeat check: 8 server(s) did not respond.
[2015/11/04 11:39:07.108] (INFO) Waiting for master process (PID 56013) to die.
[2015/11/04 11:39:07.108] (INFO) Sending SIGTERM to 3 excess workers.
[2015/11/04 11:39:07.108] (INFO) Network heartbeat check: All OK.
[2015/11/04 11:39:07.108] (WARN) Master took 884 ms to respond (threshold=500 ms)
[2015/11/04 11:39:07.108] (INFO) User "tiu5024" logged out due to inactivity (timeout=30 minutes).
[2015/11/04 11:39:07.108] (INFO) .evian ylbirret si emehcs otpyrc ym neht ,siht daer nac uoy fI
[2015/11/04 11:39:07.108] (WARN) Space on disk /dev/sde2 is low: Only 597 MB available.
[2015/11/04 11:39:07.108] (INFO) Sending SIGTERM to 3 excess workers.
[2015/11/04 11:39:07.108] (INFO) Your mother called. She says you never call her.
[2015/11/04 11:39:07.108] (INFO) Supervisor has entered WAITING state.
[2015/11/04 11:39:07.108] (INFO) Sending SIGTERM to 2 excess workers.
[2015/11/04 11:39:07.108] (INFO) User "lus6843" logged in from 172.16.0.206.
[2015/11/04 11:39:07.108] (INFO) User "wtn1507" logged out due to inactivity (timeout=30 minutes).
[2015/11/04 11:39:07.108] (WARN) Unable to ping monitor at 192.168.143.220. Retrying.
[2015/11/04 11:39:07.108] (INFO) User "opk4957" logged in from 172.16.28.173.
[2015/11/04 11:39:07.108] (INFO) Pinging watchdog timer process: Process is alive.
[2015/11/04 11:39:07.108] (INFO) Sending SIGTERM to 4 excess workers.
[2015/11/04 11:39:07.108] (WARN) Possible cyber-attack from Russia.
[2015/11/04 11:39:07.108] (INFO) Device 0x668a is online.
[2015/11/04 11:39:07.108] (ERROR) /dev/lp error: "PC LOAD LETTER"
[2015/11/04 11:39:07.108] (INFO) Sending SIGTERM to 3 excess workers.
[2015/11/04 11:39:07.108] (INFO) Sending SIGTERM to 3 excess workers.
[2015/11/04 11:39:07.108] (INFO) Alien monitor (aliend): Detected no space aliens.
[2015/11/04 11:39:07.108] (INFO) Backed up all server logs.
[2015/11/04 11:39:07.108] (ERROR) Server log backup FAILED. See backup logs.
[2015/11/04 11:39:07.108] (INFO) Device 0xd4a6 is online.
[2015/11/04 11:39:07.108] (INFO) Device 0xacd9 is online.
[2015/11/04 11:39:07.108] (INFO) Supervisor has entered RESTARTING state.
[2015/11/04 11:39:07.108] (INFO) Pinging watchdog timer process: Process is alive.
[2015/11/04 11:39:07.108] (ERROR) Blocked nmap traffic originating from 192.168.165.40.
[2015/11/04 11:39:07.108] (INFO) Pinging watchdog timer process: Process is alive.
[2015/11/04 11:39:07.108] (WARN) Dropped 1,133 corrupt data packets.
[2015/11/04 11:39:07.108] (INFO) Backed up all server logs.
[2015/11/04 11:39:07.108] (INFO) Supervisor has entered WAITING state.
[2015/11/04 11:39:07.108] (INFO) User "mof3901" logged out.
[2015/11/04 11:39:07.108] (INFO) .evian ylbirret si emehcs otpyrc ym neht ,siht daer nac uoy fI
[2015/11/04 11:39:07.108] (INFO) User "ysl7687" logged out.
[2015/11/04 11:39:07.108] (INFO) Device 0xde4f is online.
[2015/11/04 11:39:07.108] (INFO) Waiting for master process (PID 20221) to die.
[2015/11/04 11:39:07.108] (INFO) Device 0xb33f is online.
[2015/11/04 11:39:07.108] (INFO) Supervisor has entered RUNNING state.
[2015/11/04 11:39:07.108] (INFO) Device 0x1843 is online.
[2015/11/04 11:39:07.108] (INFO) Rolling 4 log file(s)...
[2015/11/04 11:39:07.108] (INFO) Waiting for master process (PID 13491) to die.
[2015/11/04 11:39:07.108] (INFO) Waiting for monitor process (PID 56355) to die.
[2015/11/04 11:39:07.108] (WARN) Retrying server log checkpoint.
[2015/11/04 11:39:07.108] (INFO) Checkpointing off-heap server memory...
[2015/11/04 11:39:07.108] (INFO) Supervisor has entered RUNNING state.
[2015/11/04 11:39:07.108] (INFO) Pinging watchdog timer process: Process is alive.
[2015/11/04 11:39:07.608] (INFO) Device 0xd1eb is online.
[2015/11/04 11:39:07.609] (INFO) Pinging watchdog timer process: Process is alive.
[2015/11/04 11:39:07.609] (ERROR) One of the flayrods has gone out askew on treadle.
[2015/11/04 11:39:07.609] (INFO) Supervisor has entered RESTARTING state.
[2015/11/04 11:39:07.609] (INFO) Alien monitor (aliend): Detected no space aliens.
[2015/11/04 11:39:07.609] (INFO) User "hqm4598" logged out due to inactivity (timeout=30 minutes).
[2015/11/04 11:39:07.609] (INFO) Supervisor has entered SUSPENDED state.
[2015/11/04 11:39:07.609] (INFO) Backed up all server logs.
[2015/11/04 11:39:07.609] (INFO) Waiting for supervisor process (PID 44532) to die.
[2015/11/04 11:39:07.609] (INFO) Supervisor has entered WAITING state.
[2015/11/04 11:39:07.609] (INFO) Supervisor has entered RUNNING state.
[2015/11/04 11:39:07.609] (INFO) Pinging watchdog timer process: Process is alive.
[2015/11/04 11:39:07.609] (INFO) User "ahq5610" logged in from 192.168.45.122.
[2015/11/04 11:39:07.609] (INFO) Checkpointing off-heap server memory...
[2015/11/04 11:39:07.609] (WARN) Retrying server log checkpoint.
[2015/11/04 11:39:07.609] (INFO) Network heartbeat check: All OK.
[2015/11/04 11:39:07.609] (INFO) Rolling 8 log file(s)...
[2015/11/04 11:39:07.609] (INFO) Rolling 5 log file(s)...
[2015/11/04 11:39:07.609] (INFO) User "rot8535" logged in from 192.168.89.220.
[2015/11/04 11:39:07.609] (ERROR) Worker 8 died with SIGILL. Restarting it.
[2015/11/04 11:39:07.609] (INFO) .evian ylbirret si emehcs otpyrc ym neht ,siht daer nac uoy fI
[2015/11/04 11:39:07.609] (ERROR) /dev/lp error: "PC LOAD LETTER"
[2015/11/04 11:39:07.609] (INFO) Alien monitor (aliend): Detected no space aliens.
[2015/11/04 11:39:07.609] (INFO) User "kdl8996" logged in from 10.220.150.158.
[2015/11/04 11:39:07.609] (ERROR) Worker 4 died with SIGURG. Restarting it.
[2015/11/04 11:39:07.609] (WARN) Watchdog timer crashed. Restarting it.
[2015/11/04 11:39:07.609] (INFO) User "azh8179" logged out due to inactivity (timeout=30 minutes).
[2015/11/04 11:39:07.609] (INFO) User "tqb8691" logged out.
[2015/11/04 11:39:07.609] (INFO) Sending SIGTERM to 4 excess workers.
[2015/11/04 11:39:07.609] (WARN) Retrying server log checkpoint.
[2015/11/04 11:39:07.609] (INFO) Supervisor has entered SUSPENDED state.
[2015/11/04 11:39:07.609] (INFO) Checked file systems for errors: All filesystems OK.
[2015/11/04 11:39:07.609] (INFO) User "fuc8638" logged out.
[2015/11/04 11:39:07.609] (INFO) Supervisor has entered SUSPENDED state.
[2015/11/04 11:39:07.609] (INFO) Pinging watchdog timer process: Process is alive.
[2015/11/04 11:39:07.609] (WARN) Unable to ping master at 10.158.105.16. Retrying.
[2015/11/04 11:39:07.609] (INFO) Alien monitor (aliend): Detected no space aliens.
[2015/11/04 11:39:07.609] (INFO) Pinging watchdog timer process: Process is alive.
[2015/11/04 11:39:07.609] (INFO) Waiting for worker process (PID 35697) to die.
[2015/11/04 11:39:07.609] (INFO) User "hsu7508" logged out.
[2015/11/04 11:39:07.609] (INFO) Backed up all server logs.
[2015/11/04 11:39:07.609] (INFO) Network heartbeat check: All OK.
[2015/11/04 11:39:07.609] (INFO) Flushed 99 buffers to disk.
[2015/11/04 11:39:07.609] (INFO) Rolling 7 log file(s)...
[2015/11/04 11:39:07.609] (INFO) Alien monitor (aliend): Detected no space aliens.
[2015/11/04 11:39:07.609] (INFO) .evian ylbirret si emehcs otpyrc ym neht ,siht daer nac uoy fI
[2015/11/04 11:39:07.609] (INFO) .evian ylbirret si emehcs otpyrc ym neht ,siht daer nac uoy fI
[2015/11/04 11:39:07.609] (INFO) Rolling 9 log file(s)...
[2015/11/04 11:39:07.609] (INFO) Sending SIGTERM to 4 excess workers.
[2015/11/04 11:39:07.609] (INFO) Flushed 58 buffers to disk.
[2015/11/04 11:39:07.609] (WARN) CPU temperature exceeds 40º Celsius.
[2015/11/04 11:39:07.609] (INFO) Alien monitor (aliend): Detected no space aliens.
[2015/11/04 11:39:07.609] (INFO) User "wik4931" logged out due to inactivity (timeout=30 minutes).
[2015/11/04 11:39:07.609] (INFO) Device 0x46ef is online.
[2015/11/04 11:39:07.609] (INFO) Checked file systems for errors: All filesystems OK.
[2015/11/04 11:39:07.609] (INFO) Pinging watchdog timer process: Process is alive.
[2015/11/04 11:39:07.609] (INFO) Waiting for monitor process (PID 58065) to die.
[2015/11/04 11:39:07.609] (INFO) Sending SIGTERM to 2 excess workers.
[2015/11/04 11:39:07.609] (INFO) User "bvd7180" logged in from 172.16.17.24.
[2015/11/04 11:39:07.609] (INFO) User "spy3442" logged in from 172.16.113.9.
[2015/11/04 11:39:07.609] (ERROR) Failed to open "/mnt/fileserver02/frgmZ55776.csv": NFS timeout.
[2015/11/04 11:39:07.609] (INFO) Device 0xd761 is online.
[2015/11/04 11:39:07.609] (WARN) Dropped 1,561 corrupt data packets.
[2015/11/04 11:39:07.609] (INFO) Backed up all server logs.
[2015/11/04 11:39:07.609] (INFO) Network heartbeat check: All OK.
[2015/11/04 11:39:07.609] (INFO) Checkpointing off-heap server memory...
[2015/11/04 11:39:07.609] (INFO) Alien monitor (aliend): Detected no space aliens.
[2015/11/04 11:39:07.609] (INFO) Backed up all server logs.
[2015/11/04 11:39:07.609] (INFO) User "amq7280" logged out.
[2015/11/04 11:39:07.609] (INFO) Checked file systems for errors: All filesystems OK.
[2015/11/04 11:39:07.609] (INFO) Checkpointing off-heap server memory...
[2015/11/04 11:39:07.609] (INFO) Backed up all server logs.
[2015/11/04 11:39:07.609] (INFO) Flushed 36 buffers to disk.
[2015/11/04 11:39:07.609] (INFO) User "jfd6592" logged out due to inactivity (timeout=30 minutes).
[2015/11/04 11:39:07.609] (INFO) Network heartbeat check: All OK.
[2015/11/04 11:39:07.609] (INFO) Waiting for supervisor process (PID 10935) to die.
[2015/11/04 11:39:07.609] (INFO) Flushed 71 buffers to disk.
[2015/11/04 11:39:07.609] (INFO) Backed up all server logs.
[2015/11/04 11:39:07.609] (INFO) User "mpw5913" logged out.
[2015/11/04 11:39:07.609] (INFO) Pinging watchdog timer process: Process is alive.
[2015/11/04 11:39:07.609] (INFO) Alien monitor (aliend): Detected no space aliens.
[2015/11/04 11:39:07.609] (INFO) Network heartbeat check: All OK.
[2015/11/04 11:39:07.609] (INFO) Alien monitor (aliend): Detected no space aliens.
[2015/11/04 11:39:07.609] (INFO) Network heartbeat check: All OK.
[2015/11/04 11:39:07.609] (INFO) Rolling 7 log file(s)...
[2015/11/04 11:39:07.609] (INFO) Pinging watchdog timer process: Process is alive.
[2015/11/04 11:39:07.609] (INFO) Network heartbeat check: All OK.
[2015/11/04 11:39:07.609] (INFO) Flushed 57 buffers to disk.
[2015/11/04 11:39:07.609] (INFO) Rolling 6 log file(s)...
[2015/11/04 11:39:07.609] (INFO) Backed up all server logs.
[2015/11/04 11:39:07.609] (INFO) Rolling 2 log file(s)...
[2015/11/04 11:39:07.609] (INFO) Your mother called. She says you never call her.
[2015/11/04 11:39:07.609] (WARN) Unable to ping monitor at 172.16.163.184. Retrying.
[2015/11/04 11:39:07.609] (INFO) User "ydn4805" logged in from 172.16.10.27.
[2015/11/04 11:39:07.609] (INFO) Backed up all server logs.
[2015/11/04 11:39:07.609] (INFO) Supervisor has entered SUSPENDED state.
[2015/11/04 11:39:07.609] (INFO) Sending SIGTERM to 4 excess workers.
[2015/11/04 11:39:07.609] (INFO) User "cvn1272" logged out due to inactivity (timeout=30 minutes).
[2015/11/04 11:39:07.609] (INFO) Flushed 61 buffers to disk.
[2015/11/04 11:39:07.609] (INFO) Checkpointing off-heap server memory...
[2015/11/04 11:39:08.107] (INFO) Your mother called. She says you never call her.
[2015/11/04 11:39:08.107] (INFO) Rolling 2 log file(s)...
[2015/11/04 11:39:08.107] (INFO) Your mother called. She says you never call her.
[2015/11/04 11:39:08.107] (ERROR) Alien monitor (aliend): 3 space aliens are fiddling with the hardware!
[2015/11/04 11:39:08.107] (ERROR) Blocked nmap traffic originating from 192.168.155.217.
[2015/11/04 11:39:08.107] (INFO) User "okr3556" logged out due to inactivity (timeout=30 minutes).
[2015/11/04 11:39:08.107] (INFO) Waiting for master process (PID 5352) to die.
[2015/11/04 11:39:08.107] (INFO) Backed up all server logs.
[2015/11/04 11:39:08.107] (INFO) Pinging watchdog timer process: Process is alive.
[2015/11/04 11:39:08.107] (INFO) Checked file systems for errors: All filesystems OK.
[2015/11/04 11:39:08.107] (INFO) User "oqq5444" logged out due to inactivity (timeout=30 minutes).
[2015/11/04 11:39:08.107] (INFO) User "aen1222" logged out.
[2015/11/04 11:39:08.107] (INFO) User "spe4289" logged out.
[2015/11/04 11:39:08.107] (INFO) User "gtg1186" logged out due to inactivity (timeout=30 minutes).
[2015/11/04 11:39:08.107] (INFO) Your mother called. She says you never call her.
[2015/11/04 11:39:08.107] (INFO) .evian ylbirret si emehcs otpyrc ym neht ,siht daer nac uoy fI
[2015/11/04 11:39:08.107] (INFO) Device 0x6fe4 is online.
[2015/11/04 11:39:08.107] (INFO) Checkpointing off-heap server memory...
[2015/11/04 11:39:08.107] (INFO) Sending SIGTERM to 4 excess workers.
[2015/11/04 11:39:08.107] (INFO) Rolling 9 log file(s)...
[2015/11/04 11:39:08.107] (INFO) Pinging watchdog timer process: Process is alive.
[2015/11/04 11:39:08.107] (INFO) Alien monitor (aliend): Detected no space aliens.
[2015/11/04 11:39:08.107] (ERROR) Server log backup FAILED. See backup logs.
[2015/11/04 11:39:08.107] (INFO) Backed up all server logs.
[2015/11/04 11:39:08.107] (INFO) Waiting for monitor process (PID 52269) to die.
[2015/11/04 11:39:08.107] (INFO) Waiting for supervisor process (PID 54040) to die.
[2015/11/04 11:39:08.107] (INFO) Pinging watchdog timer process: Process is alive.
[2015/11/04 11:39:08.107] (INFO) Checkpointing off-heap server memory...
[2015/11/04 11:39:08.107] (INFO) User "fjq7658" logged out.
[2015/11/04 11:39:08.107] (INFO) Checked file systems for errors: All filesystems OK.
[2015/11/04 11:39:08.107] (INFO) User "sgx4375" logged in from 10.194.102.120.
[2015/11/04 11:39:08.107] (ERROR) Unable to authenticate user "pbw2492": LDAP server isn't responding.
[2015/11/04 11:39:08.107] (INFO) .evian ylbirret si emehcs otpyrc ym neht ,siht daer nac uoy fI
[2015/11/04 11:39:08.107] (INFO) User "mro5589" logged in from 10.185.240.29.
[2015/11/04 11:39:08.107] (INFO) User "oph9506" logged out.
[2015/11/04 11:39:08.107] (INFO) Pinging watchdog timer process: Process is alive.
[2015/11/04 11:39:08.107] (ERROR) Directory index of "/var/data" is forbidden.
[2015/11/04 11:39:08.107] (WARN) Possible cyber-attack from China.
[2015/11/04 11:39:08.107] (INFO) Supervisor has entered RUNNING state.
[2015/11/04 11:39:08.107] (WARN) Unable to ping worker at 192.168.77.86. Retrying.
[2015/11/04 11:39:08.107] (INFO) Supervisor has entered RUNNING state.
[2015/11/04 11:39:08.107] (INFO) Rolling 5 log file(s)...
[2015/11/04 11:39:08.107] (INFO) Rolling 4 log file(s)...
[2015/11/04 11:39:08.107] (INFO) Supervisor has entered WAITING state.
[2015/11/04 11:39:08.107] (WARN) Master took 611 ms to respond (threshold=500 ms)
[2015/11/04 11:39:08.107] (ERROR) "/var/data/fMwAb85152.csv": No such file or directory (ENOENT)
[2015/11/04 11:39:08.107] (INFO) Network heartbeat check: All OK.
[2015/11/04 11:39:08.107] (ERROR) User "hig6799" failed to log in 3 times. Disabling account.
[2015/11/04 11:39:08.107] (INFO) Device 0xba10 is online.
[2015/11/04 11:39:08.107] (INFO) .evian ylbirret si emehcs otpyrc ym neht ,siht daer nac uoy fI
[2015/11/04 11:39:08.107] (INFO) Device 0x2f27 is online.
[2015/11/04 11:39:08.107] (INFO) Rolling 3 log file(s)...
[2015/11/04 11:39:08.107] (INFO) Rolling 4 log file(s)...
[2015/11/04 11:39:08.107] (INFO) Pinging watchdog timer process: Process is alive.
[2015/11/04 11:39:08.107] (INFO) Alien monitor (aliend): Detected no space aliens.
[2015/11/04 11:39:08.107] (INFO) Flushed 73 buffers to disk.
[2015/11/04 11:39:08.107] (INFO) Supervisor has entered WAITING state.
[2015/11/04 11:39:08.107] (INFO) Your mother called. She says you never call her.
[2015/11/04 11:39:08.107] (WARN) Dropped 11,096 corrupt data packets.
[2015/11/04 11:39:08.107] (INFO) User "pwg2443" logged in from 192.168.51.235.
[2015/11/04 11:39:08.107] (ERROR) Network heartbeat check FAILED: Master host down?
[2015/11/04 11:39:08.107] (WARN) Ignoring SIGTERM. It's not that easy to get rid of me.
[2015/11/04 11:39:08.107] (INFO) Backed up all server logs.
[2015/11/04 11:39:08.107] (WARN) CPU temperature exceeds 40º Celsius.
[2015/11/04 11:39:08.107] (INFO) Alien monitor (aliend): Detected no space aliens.
[2015/11/04 11:39:08.107] (INFO) Checkpointing off-heap server memory...
[2015/11/04 11:39:08.107] (INFO) Checkpointing off-heap server memory...
[2015/11/04 11:39:08.107] (INFO) Alien monitor (aliend): Detected no space aliens.
[2015/11/04 11:39:08.107] (INFO) Checkpointing off-heap server memory...
[2015/11/04 11:39:08.107] (INFO) Backed up all server logs.
[2015/11/04 11:39:08.107] (INFO) User "fjj4793" logged out due to inactivity (timeout=30 minutes).
[2015/11/04 11:39:08.107] (INFO) Checked file systems for errors: All filesystems OK.
[2015/11/04 11:39:08.107] (INFO) .evian ylbirret si emehcs otpyrc ym neht ,siht daer nac uoy fI
[2015/11/04 11:39:08.107] (INFO) Flushed 94 buffers to disk.
[2015/11/04 11:39:08.107] (WARN) Retrying server log checkpoint.
[2015/11/04 11:39:08.107] (INFO) Supervisor has entered RUNNING state.
[2015/11/04 11:39:08.107] (INFO) Device 0xb8f3 is online.
[2015/11/04 11:39:08.107] (WARN) Retrying server log checkpoint.
[2015/11/04 11:39:08.107] (INFO) Your mother called. She says you never call her.
[2015/11/04 11:39:08.107] (INFO) Device 0xeb78 is online.
[2015/11/04 11:39:08.107] (ERROR) Worker 1 died with SIGTERM. Restarting it.
[2015/11/04 11:39:08.107] (INFO) Your mother called. She says you never call her.
[2015/11/04 11:39:08.107] (INFO) Rolling 5 log file(s)...
[2015/11/04 11:39:08.107] (INFO) Waiting for monitor process (PID 28000) to die.
[2015/11/04 11:39:08.107] (INFO) Alien monitor (aliend): Detected no space aliens.
[2015/11/04 11:39:08.107] (INFO) Supervisor has entered WAITING state.
[2015/11/04 11:39:08.107] (INFO) Flushed 94 buffers to disk.
[2015/11/04 11:39:08.107] (INFO) User "swh8262" logged in from 172.16.14.233.
[2015/11/04 11:39:08.107] (INFO) Network heartbeat check: All OK.
[2015/11/04 11:39:08.107] (INFO) Alien monitor (aliend): Detected no space aliens.
[2015/11/04 11:39:08.107] (INFO) Flushed 86 buffers to disk.
[2015/11/04 11:39:08.107] (WARN) Ignoring SIGTERM. It's not that easy to get rid of me.
[2015/11/04 11:39:08.107] (ERROR) CPU temperature exceeds 50º Celsius. Shutting down.
[2015/11/04 11:39:08.107] (INFO) Device 0xd12a is online.
[2015/11/04 11:39:08.107] (INFO) User "ror4141" logged out due to inactivity (timeout=30 minutes).
[2015/11/04 11:39:08.107] (INFO) Pinging watchdog timer process: Process is alive.
[2015/11/04 11:39:08.107] (INFO) .evian ylbirret si emehcs otpyrc ym neht ,siht daer nac uoy fI
[2015/11/04 11:39:08.107] (INFO) Network heartbeat check: All OK.
[2015/11/04 11:39:08.107] (INFO) Checked file systems for errors: All filesystems OK.
[2015/11/04 11:39:08.107] (INFO) Checked file systems for errors: All filesystems OK.
[2015/11/04 11:39:08.607] (INFO) User "jpx2190" logged out.
[2015/11/04 11:39:08.607] (WARN) Master took 716 ms to respond (threshold=500 ms)
[2015/11/04 11:39:08.607] (INFO) User "xpj1862" logged out due to inactivity (timeout=30 minutes).
[2015/11/04 11:39:08.607] (INFO) Checked file systems for errors: All filesystems OK.
[2015/11/04 11:39:08.607] (INFO) Your mother called. She says you never call her.
[2015/11/04 11:39:08.607] (INFO) Your mother called. She says you never call her.
[2015/11/04 11:39:08.607] (INFO) Pinging watchdog timer process: Process is alive.
[2015/11/04 11:39:08.607] (INFO) Rolling 8 log file(s)...
[2015/11/04 11:39:08.607] (INFO) User "axq7672" logged in from 10.78.69.159.
[2015/11/04 11:39:08.607] (WARN) Dropped 7,796 corrupt data packets.
[2015/11/04 11:39:08.607] (WARN) Master took 678 ms to respond (threshold=500 ms)
[2015/11/04 11:39:08.607] (INFO) Your mother called. She says you never call her.
[2015/11/04 11:39:08.607] (INFO) Alien monitor (aliend): Detected no space aliens.
[2015/11/04 11:39:08.607] (WARN) Retrying server log checkpoint.
[2015/11/04 11:39:08.607] (INFO) Pinging watchdog timer process: Process is alive.
[2015/11/04 11:39:08.607] (ERROR) Unable to mount /dev/sdd1. (Time to run fsck?)
[2015/11/04 11:39:08.607] (INFO) .evian ylbirret si emehcs otpyrc ym neht ,siht daer nac uoy fI
[2015/11/04 11:39:08.607] (INFO) Checked file systems for errors: All filesystems OK.
[2015/11/04 11:39:08.607] (INFO) Network heartbeat check: All OK.
[2015/11/04 11:39:08.607] (INFO) Alien monitor (aliend): Detected no space aliens.
[2015/11/04 11:39:08.607] (INFO) User "ojx6776" logged in from 10.205.37.140.
[2015/11/04 11:39:08.607] (ERROR) Worker 7 died with SIGIOT. Restarting it.
[2015/11/04 11:39:08.607] (ERROR) Unable to authenticate user "znl5696": LDAP server isn't responding.
[2015/11/04 11:39:08.607] (WARN) Dropped 6,073 corrupt data packets.
[2015/11/04 11:39:08.607] (INFO) Waiting for worker process (PID 35763) to die.
[2015/11/04 11:39:08.607] (INFO) Checkpointing off-heap server memory...
[2015/11/04 11:39:08.607] (INFO) User "hvj3183" logged in from 10.48.169.100.
[2015/11/04 11:39:08.607] (INFO) Pinging watchdog timer process: Process is alive.
[2015/11/04 11:39:08.607] (WARN) Dropped 8,829 corrupt data packets.
[2015/11/04 11:39:08.607] (INFO) Network heartbeat check: All OK.
[2015/11/04 11:39:08.607] (INFO) Flushed 88 buffers to disk.
[2015/11/04 11:39:08.607] (INFO) Backed up all server logs.
[2015/11/04 11:39:08.607] (INFO) Backed up all server logs.
[2015/11/04 11:39:08.607] (WARN) Retrying server log checkpoint.
[2015/11/04 11:39:08.607] (INFO) Flushed 83 buffers to disk.
[2015/11/04 11:39:08.607] (INFO) User "lfv3253" logged out.
[2015/11/04 11:39:08.607] (INFO) Flushed 83 buffers to disk.
[2015/11/04 11:39:08.607] (INFO) Device 0xf8d6 is online.
[2015/11/04 11:39:08.607] (INFO) User "ody7680" logged in from 192.168.246.23.
[2015/11/04 11:39:08.608] (INFO) Rolling 7 log file(s)...
[2015/11/04 11:39:08.608] (INFO) User "bds5930" logged out.
[2015/11/04 11:39:08.608] (INFO) Device 0x791f is online.
[2015/11/04 11:39:08.608] (ERROR) One of the flayrods has gone out askew on treadle.
[2015/11/04 11:39:08.608] (ERROR) Blocked Little Bobby Tables attack (https://xkcd.com/327/) from 192.168.71.78.
[2015/11/04 11:39:08.608] (INFO) User "hzv4941" logged out due to inactivity (timeout=30 minutes).
[2015/11/04 11:39:08.608] (ERROR) Unable to write to "/var/data/OIVfH55102.parquet": Permission denied (EACCES)
[2015/11/04 11:39:08.608] (INFO) Device 0x392e is online.
[2015/11/04 11:39:08.608] (INFO) Waiting for master process (PID 36062) to die.
[2015/11/04 11:39:08.608] (INFO) Checkpointing off-heap server memory...
[2015/11/04 11:39:08.608] (INFO) Backed up all server logs.
[2015/11/04 11:39:08.608] (INFO) Waiting for monitor process (PID 34133) to die.
[2015/11/04 11:39:08.608] (WARN) Unable to ping master at 172.16.240.239. Retrying.
[2015/11/04 11:39:08.608] (INFO) User "nlo3500" logged in from 192.168.133.127.
[2015/11/04 11:39:08.608] (INFO) Backed up all server logs.
[2015/11/04 11:39:08.608] (INFO) User "abv1659" logged out.
[2015/11/04 11:39:08.608] (INFO) Pinging watchdog timer process: Process is alive.
[2015/11/04 11:39:08.608] (INFO) Checked file systems for errors: All filesystems OK.
[2015/11/04 11:39:08.608] (INFO) Waiting for monitor process (PID 11638) to die.
[2015/11/04 11:39:08.608] (ERROR) Device 0x0b8f is offline
[2015/11/04 11:39:08.608] (INFO) Sending SIGTERM to 2 excess workers.
[2015/11/04 11:39:08.608] (INFO) Checkpointing off-heap server memory...
[2015/11/04 11:39:08.608] (WARN) Space on disk /dev/sdf3 is low: Only 530 MB available.
[2015/11/04 11:39:08.608] (INFO) Pinging watchdog timer process: Process is alive.
[2015/11/04 11:39:08.608] (INFO) Backed up all server logs.
[2015/11/04 11:39:08.608] (INFO) Supervisor has entered WAITING state.
[2015/11/04 11:39:08.608] (INFO) Checkpointing off-heap server memory...
[2015/11/04 11:39:08.608] (INFO) User "lbr7958" logged in from 10.49.164.151.
[2015/11/04 11:39:08.608] (INFO) User "cgk3889" logged out.
[2015/11/04 11:39:08.608] (INFO) Supervisor has entered RESTARTING state.
[2015/11/04 11:39:08.608] (INFO) User "xmr4608" logged in from 10.217.99.130.
[2015/11/04 11:39:08.608] (INFO) Rolling 6 log file(s)...
[2015/11/04 11:39:08.608] (INFO) Supervisor has entered RUNNING state.
[2015/11/04 11:39:08.608] (INFO) Supervisor has entered WAITING state.
[2015/11/04 11:39:08.608] (INFO) Network heartbeat check: All OK.
[2015/11/04 11:39:08.608] (WARN) Space on disk /dev/sdc4 is low: Only 183 MB available.
[2015/11/04 11:39:08.608] (INFO) Supervisor has entered RESTARTING state.
[2015/11/04 11:39:08.608] (INFO) Pinging watchdog timer process: Process is alive.
[2015/11/04 11:39:08.608] (INFO) Rolling 7 log file(s)...
[2015/11/04 11:39:08.608] (INFO) Sending SIGTERM to 3 excess workers.
[2015/11/04 11:39:08.608] (INFO) User "jey2291" logged out due to inactivity (timeout=30 minutes).
[2015/11/04 11:39:08.608] (INFO) Your mother called. She says you never call her.
[2015/11/04 11:39:08.608] (INFO) .evian ylbirret si emehcs otpyrc ym neht ,siht daer nac uoy fI
[2015/11/04 11:39:08.608] (INFO) User "syq8492" logged in from 172.16.128.122.
[2015/11/04 11:39:08.608] (ERROR) Unable to write to "/var/data/upzSp74420.xslx": Permission denied (EACCES)
[2015/11/04 11:39:08.608] (INFO) .evian ylbirret si emehcs otpyrc ym neht ,siht daer nac uoy fI
[2015/11/04 11:39:08.608] (ERROR) Device 0xb1f4 is offline
[2015/11/04 11:39:08.608] (INFO) Supervisor has entered SUSPENDED state.
[2015/11/04 11:39:08.608] (INFO) .evian ylbirret si emehcs otpyrc ym neht ,siht daer nac uoy fI
[2015/11/04 11:39:08.608] (WARN) CPU temperature exceeds 40º Celsius.
[2015/11/04 11:39:08.608] (INFO) Checked file systems for errors: All filesystems OK.
[2015/11/04 11:39:08.608] (INFO) Pinging watchdog timer process: Process is alive.
[2015/11/04 11:39:08.608] (INFO) Supervisor has entered WAITING state.
[2015/11/04 11:39:08.608] (INFO) Checkpointing off-heap server memory...
[2015/11/04 11:39:08.608] (INFO) .evian ylbirret si emehcs otpyrc ym neht ,siht daer nac uoy fI
[2015/11/04 11:39:08.608] (INFO) Network heartbeat check: All OK.
[2015/11/04 11:39:08.608] (ERROR) "/var/data/ZBilJ69945.tar.gz": Permission denied (EACCES)
[2015/11/04 11:39:08.608] (INFO) Device 0x898a is online.
[2015/11/04 11:39:08.608] (INFO) Network heartbeat check: All OK.
[2015/11/04 11:39:08.608] (INFO) Checked file systems for errors: All filesystems OK.
[2015/11/04 11:39:08.608] (INFO) .evian ylbirret si emehcs otpyrc ym neht ,siht daer nac uoy fI
[2015/11/04 11:39:09.107] (INFO) User "mrj3226" logged in from 10.244.252.229.
[2015/11/04 11:39:09.107] (INFO) Sending SIGTERM to 4 excess workers.
[2015/11/04 11:39:09.107] (INFO) Sending SIGTERM to 2 excess workers.
[2015/11/04 11:39:09.107] (INFO) Sending SIGTERM to 2 excess workers.
[2015/11/04 11:39:09.107] (INFO) Rolling 9 log file(s)...
[2015/11/04 11:39:09.107] (INFO) Your mother called. She says you never call her.
[2015/11/04 11:39:09.107] (INFO) Network heartbeat check: All OK.
[2015/11/04 11:39:09.107] (INFO) Alien monitor (aliend): Detected no space aliens.
[2015/11/04 11:39:09.107] (INFO) Rolling 3 log file(s)...
[2015/11/04 11:39:09.107] (WARN) Dropped 10,008 corrupt data packets.
[2015/11/04 11:39:09.107] (INFO) Rolling 5 log file(s)...
[2015/11/04 11:39:09.107] (INFO) Backed up all server logs.
[2015/11/04 11:39:09.107] (INFO) Your mother called. She says you never call her.
[2015/11/04 11:39:09.107] (ERROR) Worker 8 died with SIGTERM. Restarting it.
[2015/11/04 11:39:09.107] (INFO) Checkpointing off-heap server memory...
[2015/11/04 11:39:09.107] (INFO) Checkpointing off-heap server memory...
[2015/11/04 11:39:09.107] (INFO) Sending SIGTERM to 3 excess workers.
[2015/11/04 11:39:09.107] (WARN) Ignoring SIGTERM. It's not that easy to get rid of me.
[2015/11/04 11:39:09.107] (INFO) Supervisor has entered SUSPENDED state.
[2015/11/04 11:39:09.107] (INFO) .evian ylbirret si emehcs otpyrc ym neht ,siht daer nac uoy fI
[2015/11/04 11:39:09.107] (INFO) Waiting for monitor process (PID 12192) to die.
[2015/11/04 11:39:09.107] (INFO) Rolling 3 log file(s)...
[2015/11/04 11:39:09.107] (INFO) Network heartbeat check: All OK.
[2015/11/04 11:39:09.107] (INFO) Checked file systems for errors: All filesystems OK.
[2015/11/04 11:39:09.107] (WARN) Backup server 172.16.110.121 is offline.
[2015/11/04 11:39:09.107] (INFO) Pinging watchdog timer process: Process is alive.
[2015/11/04 11:39:09.107] (INFO) Backed up all server logs.
[2015/11/04 11:39:09.107] (INFO) Flushed 47 buffers to disk.
[2015/11/04 11:39:09.107] (WARN) Watchdog timer crashed. Restarting it.
[2015/11/04 11:39:09.107] (INFO) Supervisor has entered SUSPENDED state.
[2015/11/04 11:39:09.107] (INFO) User "hqk9395" logged in from 10.102.176.75.
[2015/11/04 11:39:09.107] (INFO) Backed up all server logs.
[2015/11/04 11:39:09.107] (WARN) Watchdog timer crashed. Restarting it.
[2015/11/04 11:39:09.107] (INFO) User "hmz5226" logged out due to inactivity (timeout=30 minutes).
[2015/11/04 11:39:09.107] (INFO) .evian ylbirret si emehcs otpyrc ym neht ,siht daer nac uoy fI
[2015/11/04 11:39:09.107] (INFO) Device 0x8d61 is online.
[2015/11/04 11:39:09.107] (ERROR) One of the flayrods has gone out askew on treadle.
[2015/11/04 11:39:09.107] (INFO) Pinging watchdog timer process: Process is alive.
[2015/11/04 11:39:09.107] (INFO) Supervisor has entered SUSPENDED state.
[2015/11/04 11:39:09.107] (INFO) User "sxb5200" logged in from 10.224.144.4.
[2015/11/04 11:39:09.107] (ERROR) Failed to open "/mnt/fileserver02/rAUiC67890.parquet": NFS timeout.
[2015/11/04 11:39:09.107] (INFO) .evian ylbirret si emehcs otpyrc ym neht ,siht daer nac uoy fI
[2015/11/04 11:39:09.107] (INFO) Device 0xcb78 is online.
[2015/11/04 11:39:09.107] (INFO) Network heartbeat check: All OK.
[2015/11/04 11:39:09.107] (INFO) Your mother called. She says you never call her.
[2015/11/04 11:39:09.107] (INFO) Flushed 72 buffers to disk.
[2015/11/04 11:39:09.107] (INFO) User "crp8062" logged out.
[2015/11/04 11:39:09.107] (ERROR) CPU temperature exceeds 50º Celsius. Shutting down.
[2015/11/04 11:39:09.107] (INFO) Supervisor has entered SUSPENDED state.
[2015/11/04 11:39:09.107] (WARN) There is no such thing as a free lunch.
[2015/11/04 11:39:09.107] (INFO) Supervisor has entered SUSPENDED state.
[2015/11/04 11:39:09.107] (INFO) Supervisor has entered RESTARTING state.
[2015/11/04 11:39:09.107] (WARN) There is no such thing as a free lunch.
[2015/11/04 11:39:09.107] (INFO) Flushed 29 buffers to disk.
[2015/11/04 11:39:09.107] (INFO) User "naq6755" logged out due to inactivity (timeout=30 minutes).
[2015/11/04 11:39:09.107] (INFO) Network heartbeat check: All OK.
[2015/11/04 11:39:09.107] (ERROR) Server log backup FAILED. See backup logs.
[2015/11/04 11:39:09.107] (INFO) Sending SIGTERM to 2 excess workers.
[2015/11/04 11:39:09.107] (INFO) Checkpointing off-heap server memory...
[2015/11/04 11:39:09.107] (INFO) Supervisor has entered RESTARTING state.
[2015/11/04 11:39:09.107] (INFO) Pinging watchdog timer process: Process is alive.
[2015/11/04 11:39:09.107] (WARN) Master took 687 ms to respond (threshold=500 ms)
[2015/11/04 11:39:09.107] (WARN) There is no such thing as a free lunch.
[2015/11/04 11:39:09.107] (ERROR) Failed to open "/mnt/fileserver01/JFMyv87394.xslx": NFS timeout.
[2015/11/04 11:39:09.107] (ERROR) Unable to authenticate user "huq2712": LDAP server isn't responding.
[2015/11/04 11:39:09.107] (WARN) Watchdog timer crashed. Restarting it.
[2015/11/04 11:39:09.107] (WARN) Dropped 13,889 corrupt data packets.
[2015/11/04 11:39:09.107] (INFO) .evian ylbirret si emehcs otpyrc ym neht ,siht daer nac uoy fI
[2015/11/04 11:39:09.107] (WARN) Backup server 172.16.53.70 is offline.
[2015/11/04 11:39:09.107] (INFO) Alien monitor (aliend): Detected no space aliens.
[2015/11/04 11:39:09.107] (INFO) Waiting for supervisor process (PID 15916) to die.
[2015/11/04 11:39:09.107] (ERROR) Detected clock skew! Restarting NTP server.
[2015/11/04 11:39:09.107] (ERROR) User "nkt9960" failed to log in 3 times. Disabling account.
[2015/11/04 11:39:09.107] (WARN) Retrying server log checkpoint.
[2015/11/04 11:39:09.107] (WARN) Backup server 192.168.31.11 is offline.
[2015/11/04 11:39:09.107] (INFO) .evian ylbirret si emehcs otpyrc ym neht ,siht daer nac uoy fI
[2015/11/04 11:39:09.107] (INFO) .evian ylbirret si emehcs otpyrc ym neht ,siht daer nac uoy fI
[2015/11/04 11:39:09.107] (INFO) Checkpointing off-heap server memory...
[2015/11/04 11:39:09.107] (INFO) Checked file systems for errors: All filesystems OK.
[2015/11/04 11:39:09.108] (WARN) Space on disk /dev/sde4 is low: Only 111 MB available.
[2015/11/04 11:39:09.108] (INFO) .evian ylbirret si emehcs otpyrc ym neht ,siht daer nac uoy fI
[2015/11/04 11:39:09.108] (INFO) Rolling 2 log file(s)...
[2015/11/04 11:39:09.108] (INFO) Backed up all server logs.
[2015/11/04 11:39:09.108] (INFO) Network heartbeat check: All OK.
[2015/11/04 11:39:09.108] (INFO) Checked file systems for errors: All filesystems OK.
[2015/11/04 11:39:09.108] (INFO) Supervisor has entered RESTARTING state.
[2015/11/04 11:39:09.108] (INFO) User "rlx9120" logged out due to inactivity (timeout=30 minutes).
[2015/11/04 11:39:09.108] (INFO) Checked file systems for errors: All filesystems OK.
[2015/11/04 11:39:09.108] (INFO) Pinging watchdog timer process: Process is alive.
[2015/11/04 11:39:09.108] (INFO) Your mother called. She says you never call her.
[2015/11/04 11:39:09.108] (INFO) Backed up all server logs.
[2015/11/04 11:39:09.108] (INFO) Checkpointing off-heap server memory...
[2015/11/04 11:39:09.108] (ERROR) Device 0xf5a8 is offline
[2015/11/04 11:39:09.108] (ERROR) Unable to mount /dev/sdf4. (Time to run fsck?)
[2015/11/04 11:39:09.108] (INFO) User "luw5439" logged out due to inactivity (timeout=30 minutes).
[2015/11/04 11:39:09.108] (INFO) Waiting for monitor process (PID 12398) to die.
[2015/11/04 11:39:09.108] (INFO) Sending SIGTERM to 4 excess workers.
[2015/11/04 11:39:09.108] (INFO) Supervisor has entered RUNNING state.
[2015/11/04 11:39:09.108] (INFO) Alien monitor (aliend): Detected no space aliens.
[2015/11/04 11:39:09.108] (INFO) Flushed 41 buffers to disk.
[2015/11/04 11:39:09.608] (INFO) Sending SIGTERM to 3 excess workers.
[2015/11/04 11:39:09.608] (INFO) Checked file systems for errors: All filesystems OK.
[2015/11/04 11:39:09.608] (INFO) Checkpointing off-heap server memory...
[2015/11/04 11:39:09.608] (INFO) User "hsh8211" logged out.
[2015/11/04 11:39:09.608] (INFO) User "ilh8515" logged out.
[2015/11/04 11:39:09.608] (INFO) Alien monitor (aliend): Detected no space aliens.
[2015/11/04 11:39:09.608] (INFO) Your mother called. She says you never call her.
[2015/11/04 11:39:09.608] (INFO) Device 0xa9af is online.
[2015/11/04 11:39:09.608] (INFO) Sending SIGTERM to 3 excess workers.
[2015/11/04 11:39:09.608] (INFO) User "npk8387" logged out.
[2015/11/04 11:39:09.608] (WARN) Space on disk /dev/sdc3 is low: Only 494 MB available.
[2015/11/04 11:39:09.608] (INFO) Rolling 4 log file(s)...
[2015/11/04 11:39:09.608] (INFO) Network heartbeat check: All OK.
[2015/11/04 11:39:09.608] (INFO) Sending SIGTERM to 4 excess workers.
[2015/11/04 11:39:09.608] (INFO) Network heartbeat check: All OK.
[2015/11/04 11:39:09.608] (INFO) Pinging watchdog timer process: Process is alive.
[2015/11/04 11:39:09.608] (INFO) Checked file systems for errors: All filesystems OK.
[2015/11/04 11:39:09.608] (INFO) .evian ylbirret si emehcs otpyrc ym neht ,siht daer nac uoy fI
[2015/11/04 11:39:09.608] (INFO) Flushed 83 buffers to disk.
[2015/11/04 11:39:09.608] (INFO) Device 0x43af is online.
[2015/11/04 11:39:09.608] (INFO) Alien monitor (aliend): Detected no space aliens.
[2015/11/04 11:39:09.608] (INFO) User "kiq1985" logged in from 10.224.121.143.
[2015/11/04 11:39:09.608] (INFO) Device 0x4472 is online.
[2015/11/04 11:39:09.608] (INFO) Flushed 21 buffers to disk.
[2015/11/04 11:39:09.608] (INFO) Backed up all server logs.
[2015/11/04 11:39:09.608] (INFO) User "gbm4126" logged out.
[2015/11/04 11:39:09.608] (INFO) Sending SIGTERM to 4 excess workers.
[2015/11/04 11:39:09.608] (INFO) Alien monitor (aliend): Detected no space aliens.
[2015/11/04 11:39:09.608] (WARN) CPU temperature exceeds 40º Celsius.
[2015/11/04 11:39:09.608] (INFO) Waiting for worker process (PID 26790) to die.
[2015/11/04 11:39:09.608] (INFO) User "jpy2357" logged out due to inactivity (timeout=30 minutes).
[2015/11/04 11:39:09.608] (INFO) Network heartbeat check: All OK.
[2015/11/04 11:39:09.608] (INFO) User "bnd6046" logged out due to inactivity (timeout=30 minutes).
[2015/11/04 11:39:09.608] (INFO) User "tvq7450" logged out.
[2015/11/04 11:39:09.608] (INFO) User "tsy9946" logged out due to inactivity (timeout=30 minutes).
[2015/11/04 11:39:09.608] (ERROR) Detected clock skew! Restarting NTP server.
[2015/11/04 11:39:09.608] (INFO) Checkpointing off-heap server memory...
[2015/11/04 11:39:09.608] (INFO) Checkpointing off-heap server memory...
[2015/11/04 11:39:09.608] (INFO) Waiting for worker process (PID 49248) to die.
[2015/11/04 11:39:09.608] (INFO) Device 0x2fbb is online.
[2015/11/04 11:39:09.608] (INFO) User "lna2623" logged in from 172.16.103.139.
[2015/11/04 11:39:09.608] (INFO) User "vpg3220" logged out.
[2015/11/04 11:39:09.608] (INFO) Flushed 75 buffers to disk.
[2015/11/04 11:39:09.608] (ERROR) Unable to mount /dev/sdf4. (Time to run fsck?)
[2015/11/04 11:39:09.608] (ERROR) /dev/lp error: "PC LOAD LETTER"
[2015/11/04 11:39:09.608] (INFO) Waiting for monitor process (PID 21267) to die.
[2015/11/04 11:39:09.608] (INFO) Rolling 8 log file(s)...
[2015/11/04 11:39:09.608] (ERROR) "/var/data/EiPNA75650.csv": No such file or directory (ENOENT)
[2015/11/04 11:39:09.608] (INFO) Your mother called. She says you never call her.
[2015/11/04 11:39:09.608] (WARN) Dropped 5,980 corrupt data packets.
[2015/11/04 11:39:09.608] (INFO) Backed up all server logs.
[2015/11/04 11:39:09.608] (INFO) Network heartbeat check: All OK.
[2015/11/04 11:39:09.608] (INFO) Your mother called. She says you never call her.
[2015/11/04 11:39:09.608] (INFO) Sending SIGTERM to 2 excess workers.
[2015/11/04 11:39:09.608] (INFO) Device 0x919a is online.
[2015/11/04 11:39:09.608] (INFO) Network heartbeat check: All OK.
[2015/11/04 11:39:09.608] (ERROR) Alien monitor (aliend): 3 space aliens are fiddling with the hardware!
[2015/11/04 11:39:09.608] (INFO) User "afl5579" logged in from 172.16.32.66.
[2015/11/04 11:39:09.608] (INFO) .evian ylbirret si emehcs otpyrc ym neht ,siht daer nac uoy fI
[2015/11/04 11:39:09.608] (INFO) Waiting for worker process (PID 51995) to die.
[2015/11/04 11:39:09.608] (ERROR) One of the flayrods has gone out askew on treadle.
[2015/11/04 11:39:09.608] (WARN) There is no such thing as a free lunch.
[2015/11/04 11:39:09.608] (INFO) Flushed 30 buffers to disk.
[2015/11/04 11:39:09.608] (INFO) User "asp8810" logged in from 192.168.244.119.
[2015/11/04 11:39:09.608] (WARN) Watchdog timer crashed. Restarting it.
[2015/11/04 11:39:09.608] (INFO) Waiting for worker process (PID 52521) to die.
[2015/11/04 11:39:09.608] (INFO) Waiting for monitor process (PID 12501) to die.
[2015/11/04 11:39:09.608] (INFO) Supervisor has entered RESTARTING state.
[2015/11/04 11:39:09.608] (INFO) User "app8138" logged out due to inactivity (timeout=30 minutes).
[2015/11/04 11:39:09.608] (INFO) Alien monitor (aliend): Detected no space aliens.
[2015/11/04 11:39:09.608] (INFO) User "ilo8126" logged out.
[2015/11/04 11:39:09.608] (INFO) Network heartbeat check: All OK.
[2015/11/04 11:39:09.608] (INFO) Backed up all server logs.
[2015/11/04 11:39:09.608] (INFO) Your mother called. She says you never call her.
[2015/11/04 11:39:09.608] (INFO) Pinging watchdog timer process: Process is alive.
[2015/11/04 11:39:09.608] (INFO) Pinging watchdog timer process: Process is alive.
[2015/11/04 11:39:09.608] (INFO) Supervisor has entered RUNNING state.
[2015/11/04 11:39:09.608] (INFO) Rolling 1 log file(s)...
[2015/11/04 11:39:09.608] (INFO) Backed up all server logs.
[2015/11/04 11:39:09.608] (INFO) Alien monitor (aliend): Detected no space aliens.
[2015/11/04 11:39:09.608] (INFO) User "plq9446" logged out.
[2015/11/04 11:39:09.608] (WARN) There is no such thing as a free lunch.
[2015/11/04 11:39:09.608] (INFO) Flushed 28 buffers to disk.
[2015/11/04 11:39:09.608] (INFO) Sending SIGTERM to 2 excess workers.
[2015/11/04 11:39:09.608] (INFO) Alien monitor (aliend): Detected no space aliens.
[2015/11/04 11:39:09.608] (INFO) User "ugk3331" logged in from 10.192.31.97.
[2015/11/04 11:39:09.608] (INFO) User "fha8895" logged out.
[2015/11/04 11:39:09.608] (INFO) Device 0x0097 is online.
[2015/11/04 11:39:09.608] (INFO) Sending SIGTERM to 4 excess workers.
[2015/11/04 11:39:09.608] (WARN) Backup server 192.168.105.165 is offline.
[2015/11/04 11:39:09.608] (INFO) Network heartbeat check: All OK.
[2015/11/04 11:39:09.608] (INFO) Checkpointing off-heap server memory...
[2015/11/04 11:39:09.608] (INFO) Supervisor has entered SUSPENDED state.
[2015/11/04 11:39:09.608] (INFO) Checked file systems for errors: All filesystems OK.
[2015/11/04 11:39:09.608] (WARN) Possible cyber-attack from Nebraska.
[2015/11/04 11:39:09.608] (INFO) Flushed 85 buffers to disk.
[2015/11/04 11:39:09.608] (INFO) Alien monitor (aliend): Detected no space aliens.
[2015/11/04 11:39:09.608] (INFO) Alien monitor (aliend): Detected no space aliens.
[2015/11/04 11:39:09.608] (INFO) Alien monitor (aliend): Detected no space aliens.
[2015/11/04 11:39:09.608] (INFO) Alien monitor (aliend): Detected no space aliens.
[2015/11/04 11:39:10.107] (INFO) Sending SIGTERM to 4 excess workers.
[2015/11/04 11:39:10.107] (ERROR) EFOODFAIL (Waiter, there's a fly in my soup).
[2015/11/04 11:39:10.107] (ERROR) "/var/data/CaeVl89697.parquet": No such file or directory (ENOENT)
[2015/11/04 11:39:10.107] (INFO) Checkpointing off-heap server memory...
[2015/11/04 11:39:10.107] (INFO) Sending SIGTERM to 4 excess workers.
[2015/11/04 11:39:10.107] (INFO) Checked file systems for errors: All filesystems OK.
[2015/11/04 11:39:10.107] (INFO) User "gza1148" logged out.
[2015/11/04 11:39:10.107] (INFO) Pinging watchdog timer process: Process is alive.
[2015/11/04 11:39:10.107] (INFO) Supervisor has entered SUSPENDED state.
[2015/11/04 11:39:10.107] (INFO) Checked file systems for errors: All filesystems OK.
[2015/11/04 11:39:10.107] (INFO) Device 0x5f86 is online.
[2015/11/04 11:39:10.107] (ERROR) Unable to write to "/var/data/ybYKb95920.parquet": Permission denied (EACCES)
[2015/11/04 11:39:10.107] (INFO) Your mother called. She says you never call her.
[2015/11/04 11:39:10.107] (WARN) Possible cyber-attack from Antarctica.
[2015/11/04 11:39:10.107] (INFO) Checkpointing off-heap server memory...
[2015/11/04 11:39:10.107] (INFO) Backed up all server logs.
[2015/11/04 11:39:10.107] (INFO) Your mother called. She says you never call her.
[2015/11/04 11:39:10.107] (INFO) Checked file systems for errors: All filesystems OK.
[2015/11/04 11:39:10.107] (INFO) Backed up all server logs.
[2015/11/04 11:39:10.107] (ERROR) Extra characters at end of line.
[2015/11/04 11:39:10.107] (ERROR) Unable to write to "/var/data/btibZ81914.tar.gz": Permission denied (EACCES)
[2015/11/04 11:39:10.107] (INFO) Supervisor has entered RUNNING state.
[2015/11/04 11:39:10.107] (INFO) User "pdk7374" logged out due to inactivity (timeout=30 minutes).
[2015/11/04 11:39:10.107] (INFO) Waiting for master process (PID 49498) to die.
[2015/11/04 11:39:10.107] (INFO) Alien monitor (aliend): Detected no space aliens.
[2015/11/04 11:39:10.107] (INFO) Backed up all server logs.
[2015/11/04 11:39:10.107] (INFO) Your mother called. She says you never call her.
[2015/11/04 11:39:10.107] (INFO) User "nwu1584" logged in from 192.168.47.140.
[2015/11/04 11:39:10.107] (INFO) Checked file systems for errors: All filesystems OK.
[2015/11/04 11:39:10.107] (INFO) Network heartbeat check: All OK.
[2015/11/04 11:39:10.107] (WARN) Watchdog timer crashed. Restarting it.
[2015/11/04 11:39:10.107] (INFO) Device 0x3347 is online.
[2015/11/04 11:39:10.107] (INFO) User "kwx2545" logged out due to inactivity (timeout=30 minutes).
[2015/11/04 11:39:10.107] (INFO) Rolling 2 log file(s)...
[2015/11/04 11:39:10.107] (INFO) User "led9399" logged out due to inactivity (timeout=30 minutes).
[2015/11/04 11:39:10.107] (WARN) Watchdog timer crashed. Restarting it.
[2015/11/04 11:39:10.107] (ERROR) Device 0x995b is offline
[2015/11/04 11:39:10.107] (ERROR) One of the flayrods has gone out askew on treadle.
[2015/11/04 11:39:10.107] (INFO) Flushed 41 buffers to disk.
[2015/11/04 11:39:10.107] (INFO) User "vmo7502" logged in from 172.16.16.196.
[2015/11/04 11:39:10.107] (INFO) Sending SIGTERM to 3 excess workers.
[2015/11/04 11:39:10.107] (WARN) Watchdog timer crashed. Restarting it.
[2015/11/04 11:39:10.107] (INFO) User "hxy6808" logged out due to inactivity (timeout=30 minutes).
[2015/11/04 11:39:10.107] (INFO) Checked file systems for errors: All filesystems OK.
[2015/11/04 11:39:10.107] (ERROR) Detected clock skew! Restarting NTP server.
[2015/11/04 11:39:10.107] (INFO) Network heartbeat check: All OK.
[2015/11/04 11:39:10.107] (INFO) Backed up all server logs.
[2015/11/04 11:39:10.107] (INFO) Device 0x3ffa is online.
[2015/11/04 11:39:10.107] (ERROR) Unable to write to "/var/data/NaGGC74289.tar.gz": Permission denied (EACCES)
[2015/11/04 11:39:10.107] (INFO) Checkpointing off-heap server memory...
[2015/11/04 11:39:10.107] (INFO) Backed up all server logs.
[2015/11/04 11:39:10.107] (INFO) Rolling 1 log file(s)...
[2015/11/04 11:39:10.107] (INFO) Device 0xc303 is online.
[2015/11/04 11:39:10.107] (ERROR) "/var/data/yRDTB51997.zip": No such file or directory (ENOENT)
[2015/11/04 11:39:10.107] (INFO) Checked file systems for errors: All filesystems OK.
[2015/11/04 11:39:10.107] (INFO) Network heartbeat check: All OK.
[2015/11/04 11:39:10.107] (INFO) User "jfd4757" logged in from 172.16.20.250.
[2015/11/04 11:39:10.107] (ERROR) Detected clock skew! Restarting NTP server.
[2015/11/04 11:39:10.107] (INFO) Your mother called. She says you never call her.
[2015/11/04 11:39:10.107] (WARN) There is no such thing as a free lunch.
[2015/11/04 11:39:10.107] (INFO) User "hsu8986" logged in from 10.113.17.5.
[2015/11/04 11:39:10.107] (ERROR) EFOODFAIL (Waiter, there's a fly in my soup).
[2015/11/04 11:39:10.107] (INFO) Checked file systems for errors: All filesystems OK.
[2015/11/04 11:39:10.107] (INFO) Flushed 83 buffers to disk.
[2015/11/04 11:39:10.107] (INFO) User "mkb7885" logged out.
[2015/11/04 11:39:10.107] (INFO) Waiting for supervisor process (PID 33625) to die.
[2015/11/04 11:39:10.107] (INFO) Checked file systems for errors: All filesystems OK.
[2015/11/04 11:39:10.107] (INFO) Checkpointing off-heap server memory...
[2015/11/04 11:39:10.107] (INFO) Your mother called. She says you never call her.
[2015/11/04 11:39:10.107] (INFO) Rolling 7 log file(s)...
[2015/11/04 11:39:10.107] (WARN) Dropped 8,278 corrupt data packets.
[2015/11/04 11:39:10.107] (INFO) Pinging watchdog timer process: Process is alive.
[2015/11/04 11:39:10.107] (WARN) Watchdog timer crashed. Restarting it.
[2015/11/04 11:39:10.107] (ERROR) Blocked BitTorrent traffic originating from 172.16.214.123.
[2015/11/04 11:39:10.107] (INFO) Network heartbeat check: All OK.
[2015/11/04 11:39:10.107] (INFO) Waiting for worker process (PID 33624) to die.
[2015/11/04 11:39:10.107] (INFO) User "mkq5056" logged out.
[2015/11/04 11:39:10.107] (WARN) Network heartbeat check: 15 server(s) did not respond.
[2015/11/04 11:39:10.107] (INFO) Network heartbeat check: All OK.
[2015/11/04 11:39:10.107] (WARN) Space on disk /dev/sdc1 is low: Only 637 MB available.
[2015/11/04 11:39:10.107] (INFO) Checked file systems for errors: All filesystems OK.
[2015/11/04 11:39:10.107] (INFO) Rolling 1 log file(s)...
[2015/11/04 11:39:10.107] (INFO) Checked file systems for errors: All filesystems OK.
[2015/11/04 11:39:10.107] (INFO) Checked file systems for errors: All filesystems OK.
[2015/11/04 11:39:10.107] (ERROR) "/var/data/UDlpy91661.zip": No such file or directory (ENOENT)
[2015/11/04 11:39:10.107] (INFO) User "hgp6425" logged out due to inactivity (timeout=30 minutes).
[2015/11/04 11:39:10.107] (INFO) User "yul6631" logged out due to inactivity (timeout=30 minutes).
[2015/11/04 11:39:10.107] (ERROR) Detected incoming DDoS from 192.168.84.158.
[2015/11/04 11:39:10.107] (INFO) Network heartbeat check: All OK.
[2015/11/04 11:39:10.107] (INFO) Alien monitor (aliend): Detected no space aliens.
[2015/11/04 11:39:10.107] (INFO) User "oop5905" logged in from 10.17.177.156.
[2015/11/04 11:39:10.107] (INFO) Alien monitor (aliend): Detected no space aliens.
[2015/11/04 11:39:10.107] (INFO) User "hoi1809" logged out.
[2015/11/04 11:39:10.107] (WARN) Retrying server log checkpoint.
[2015/11/04 11:39:10.107] (INFO) Pinging watchdog timer process: Process is alive.
[2015/11/04 11:39:10.107] (WARN) Retrying server log checkpoint.
[2015/11/04 11:39:10.107] (INFO) Network heartbeat check: All OK.
[2015/11/04 11:39:10.107] (ERROR) User "agg6919" failed to log in 3 times. Disabling account.
[2015/11/04 11:39:10.107] (INFO) Backed up all server logs.
[2015/11/04 11:39:10.107] (INFO) Waiting for monitor process (PID 17345) to die.
[2015/11/04 11:39:10.607] (INFO) Rolling 6 log file(s)...
[2015/11/04 11:39:10.607] (WARN) Network heartbeat check: 11 server(s) did not respond.
[2015/11/04 11:39:10.607] (ERROR) One of the flayrods has gone out askew on treadle.
[2015/11/04 11:39:10.607] (INFO) Pinging watchdog timer process: Process is alive.
[2015/11/04 11:39:10.607] (INFO) Device 0x2bfc is online.
[2015/11/04 11:39:10.607] (INFO) Pinging watchdog timer process: Process is alive.
[2015/11/04 11:39:10.607] (INFO) User "tto9051" logged out.
[2015/11/04 11:39:10.607] (INFO) User "wum8469" logged out.
[2015/11/04 11:39:10.607] (INFO) Alien monitor (aliend): Detected no space aliens.
[2015/11/04 11:39:10.607] (INFO) Device 0x0011 is online.
[2015/11/04 11:39:10.607] (INFO) Waiting for supervisor process (PID 3416) to die.
[2015/11/04 11:39:10.607] (INFO) Waiting for worker process (PID 8926) to die.
[2015/11/04 11:39:10.607] (INFO) User "hfm8013" logged out due to inactivity (timeout=30 minutes).
[2015/11/04 11:39:10.607] (INFO) Your mother called. She says you never call her.
[2015/11/04 11:39:10.607] (INFO) User "fpk4683" logged out due to inactivity (timeout=30 minutes).
[2015/11/04 11:39:10.607] (INFO) Device 0xfbd6 is online.
[2015/11/04 11:39:10.607] (INFO) Pinging watchdog timer process: Process is alive.
[2015/11/04 11:39:10.607] (INFO) User "lhk4518" logged in from 172.16.223.6.
[2015/11/04 11:39:10.607] (INFO) User "bmn5485" logged out.
[2015/11/04 11:39:10.607] (WARN) There is no such thing as a free lunch.
[2015/11/04 11:39:10.607] (INFO) Sending SIGTERM to 4 excess workers.
[2015/11/04 11:39:10.607] (INFO) Alien monitor (aliend): Detected no space aliens.
[2015/11/04 11:39:10.607] (INFO) .evian ylbirret si emehcs otpyrc ym neht ,siht daer nac uoy fI
[2015/11/04 11:39:10.607] (WARN) There is no such thing as a free lunch.
[2015/11/04 11:39:10.607] (INFO) Pinging watchdog timer process: Process is alive.
[2015/11/04 11:39:10.607] (INFO) Device 0x2163 is online.
[2015/11/04 11:39:10.607] (INFO) Backed up all server logs.
[2015/11/04 11:39:10.607] (INFO) User "pic5988" logged out due to inactivity (timeout=30 minutes).
[2015/11/04 11:39:10.607] (INFO) Alien monitor (aliend): Detected no space aliens.
[2015/11/04 11:39:10.607] (INFO) Alien monitor (aliend): Detected no space aliens.
[2015/11/04 11:39:10.607] (INFO) Flushed 32 buffers to disk.
[2015/11/04 11:39:10.607] (INFO) Alien monitor (aliend): Detected no space aliens.
[2015/11/04 11:39:10.607] (INFO) Alien monitor (aliend): Detected no space aliens.
[2015/11/04 11:39:10.607] (INFO) Device 0x2d9f is online.
[2015/11/04 11:39:10.607] (INFO) Waiting for master process (PID 33633) to die.
[2015/11/04 11:39:10.607] (INFO) Pinging watchdog timer process: Process is alive.
[2015/11/04 11:39:10.607] (INFO) User "qst8051" logged in from 10.67.134.87.
[2015/11/04 11:39:10.607] (INFO) Waiting for monitor process (PID 3166) to die.
[2015/11/04 11:39:10.607] (ERROR) Server log backup FAILED. See backup logs.
[2015/11/04 11:39:10.607] (INFO) User "kri6870" logged out.
[2015/11/04 11:39:10.607] (INFO) User "ftf1060" logged in from 192.168.41.76.
[2015/11/04 11:39:10.607] (INFO) Flushed 78 buffers to disk.
[2015/11/04 11:39:10.607] (INFO) .evian ylbirret si emehcs otpyrc ym neht ,siht daer nac uoy fI
[2015/11/04 11:39:10.607] (INFO) Waiting for monitor process (PID 30665) to die.
[2015/11/04 11:39:10.607] (INFO) Flushed 96 buffers to disk.
[2015/11/04 11:39:10.607] (INFO) Flushed 84 buffers to disk.
[2015/11/04 11:39:10.607] (INFO) Flushed 43 buffers to disk.
[2015/11/04 11:39:10.607] (INFO) Waiting for monitor process (PID 59104) to die.
[2015/11/04 11:39:10.607] (INFO) Backed up all server logs.
[2015/11/04 11:39:10.607] (INFO) Alien monitor (aliend): Detected no space aliens.
[2015/11/04 11:39:10.607] (INFO) Network heartbeat check: All OK.
[2015/11/04 11:39:10.607] (INFO) Network heartbeat check: All OK.
[2015/11/04 11:39:10.607] (WARN) Master took 867 ms to respond (threshold=500 ms)
[2015/11/04 11:39:10.607] (ERROR) Worker 1 died with SIGQUIT. Restarting it.
[2015/11/04 11:39:10.607] (INFO) User "tcj6320" logged in from 10.69.137.65.
[2015/11/04 11:39:10.607] (INFO) Your mother called. She says you never call her.
[2015/11/04 11:39:10.607] (INFO) Flushed 78 buffers to disk.
[2015/11/04 11:39:10.607] (INFO) Network heartbeat check: All OK.
[2015/11/04 11:39:10.607] (INFO) Sending SIGTERM to 4 excess workers.
[2015/11/04 11:39:10.607] (INFO) Alien monitor (aliend): Detected no space aliens.
[2015/11/04 11:39:10.607] (ERROR) Unable to write to "/var/data/zsHDD97019.tsv": Permission denied (EACCES)
[2015/11/04 11:39:10.607] (INFO) User "fuw2494" logged out due to inactivity (timeout=30 minutes).
[2015/11/04 11:39:10.607] (ERROR) "/var/data/sFmut65369.txt": Permission denied (EACCES)
[2015/11/04 11:39:10.607] (INFO) Your mother called. She says you never call her.
[2015/11/04 11:39:10.607] (INFO) Your mother called. She says you never call her.
[2015/11/04 11:39:10.607] (ERROR) Unable to authenticate user "qzo6142": LDAP server isn't responding.
[2015/11/04 11:39:10.607] (INFO) Device 0x9a81 is online.
[2015/11/04 11:39:10.607] (WARN) Backup server 192.168.209.102 is offline.
[2015/11/04 11:39:10.607] (INFO) Sending SIGTERM to 2 excess workers.
[2015/11/04 11:39:10.607] (INFO) Checkpointing off-heap server memory...
[2015/11/04 11:39:10.607] (INFO) Supervisor has entered SUSPENDED state.
[2015/11/04 11:39:10.607] (ERROR) "/var/data/uhMRU52968.txt": No such file or directory (ENOENT)
[2015/11/04 11:39:10.607] (INFO) Rolling 9 log file(s)...
[2015/11/04 11:39:10.607] (INFO) User "cqj3229" logged out.
[2015/11/04 11:39:10.607] (INFO) Rolling 7 log file(s)...
[2015/11/04 11:39:10.607] (INFO) Device 0x4ff8 is online.
[2015/11/04 11:39:10.607] (INFO) Waiting for master process (PID 43715) to die.
[2015/11/04 11:39:10.607] (ERROR) "/var/data/PegxY98827.txt": Permission denied (EACCES)
[2015/11/04 11:39:10.607] (INFO) Supervisor has entered RESTARTING state.
[2015/11/04 11:39:10.607] (INFO) Your mother called. She says you never call her.
[2015/11/04 11:39:10.607] (WARN) CPU temperature exceeds 40º Celsius.
[2015/11/04 11:39:10.607] (ERROR) Extra characters at end of line.
[2015/11/04 11:39:10.607] (INFO) Your mother called. She says you never call her.
[2015/11/04 11:39:10.607] (INFO) Flushed 79 buffers to disk.
[2015/11/04 11:39:10.607] (INFO) User "uqy5250" logged in from 172.16.145.208.
[2015/11/04 11:39:10.607] (INFO) User "qlg5436" logged in from 192.168.211.60.
[2015/11/04 11:39:10.607] (INFO) User "kee6925" logged out.
[2015/11/04 11:39:10.607] (ERROR) Connection to 192.168.109.91 terminated unexpectedly. Reconnecting.
[2015/11/04 11:39:10.607] (INFO) Checked file systems for errors: All filesystems OK.
[2015/11/04 11:39:10.607] (ERROR) Alien monitor (aliend): 2 space aliens are fiddling with the hardware!
[2015/11/04 11:39:10.607] (WARN) Retrying server log checkpoint.
[2015/11/04 11:39:10.607] (INFO) Rolling 8 log file(s)...
[2015/11/04 11:39:10.607] (INFO) Network heartbeat check: All OK.
[2015/11/04 11:39:10.607] (ERROR) Device 0x2f85 is offline
[2015/11/04 11:39:10.607] (INFO) Supervisor has entered RESTARTING state.
[2015/11/04 11:39:10.607] (INFO) Network heartbeat check: All OK.
[2015/11/04 11:39:10.607] (INFO) Pinging watchdog timer process: Process is alive.
[2015/11/04 11:39:10.607] (WARN) Dropped 17,332 corrupt data packets.
[2015/11/04 11:39:10.607] (WARN) Unable to ping supervisor at 10.67.174.144. Retrying.
[2015/11/04 11:39:10.607] (INFO) Network heartbeat check: All OK.
[2015/11/04 11:39:11.107] (INFO) Pinging watchdog timer process: Process is alive.
[2015/11/04 11:39:11.107] (INFO) Rolling 7 log file(s)...
[2015/11/04 11:39:11.107] (ERROR) /dev/lp error: "PC LOAD LETTER"
[2015/11/04 11:39:11.107] (INFO) Rolling 5 log file(s)...
[2015/11/04 11:39:11.107] (INFO) .evian ylbirret si emehcs otpyrc ym neht ,siht daer nac uoy fI
[2015/11/04 11:39:11.107] (INFO) Backed up all server logs.
[2015/11/04 11:39:11.107] (INFO) User "ive8833" logged out.
[2015/11/04 11:39:11.107] (INFO) Waiting for worker process (PID 61721) to die.
[2015/11/04 11:39:11.107] (INFO) Alien monitor (aliend): Detected no space aliens.
[2015/11/04 11:39:11.107] (INFO) Checked file systems for errors: All filesystems OK.
[2015/11/04 11:39:11.107] (INFO) Supervisor has entered RUNNING state.
[2015/11/04 11:39:11.107] (INFO) User "vgw3910" logged out.
[2015/11/04 11:39:11.107] (INFO) Supervisor has entered SUSPENDED state.
[2015/11/04 11:39:11.107] (INFO) User "omo2237" logged out.
[2015/11/04 11:39:11.107] (INFO) User "mne1738" logged out due to inactivity (timeout=30 minutes).
[2015/11/04 11:39:11.107] (INFO) Checked file systems for errors: All filesystems OK.
[2015/11/04 11:39:11.107] (INFO) Checkpointing off-heap server memory...
[2015/11/04 11:39:11.107] (INFO) Supervisor has entered RESTARTING state.
[2015/11/04 11:39:11.107] (INFO) Sending SIGTERM to 4 excess workers.
[2015/11/04 11:39:11.107] (INFO) .evian ylbirret si emehcs otpyrc ym neht ,siht daer nac uoy fI
[2015/11/04 11:39:11.107] (WARN) There is no such thing as a free lunch.
[2015/11/04 11:39:11.107] (INFO) Alien monitor (aliend): Detected no space aliens.
[2015/11/04 11:39:11.107] (INFO) Network heartbeat check: All OK.
[2015/11/04 11:39:11.107] (INFO) Waiting for supervisor process (PID 19160) to die.
[2015/11/04 11:39:11.107] (INFO) User "mfr3498" logged out.
[2015/11/04 11:39:11.107] (INFO) Device 0x8b51 is online.
[2015/11/04 11:39:11.107] (WARN) Watchdog timer crashed. Restarting it.
[2015/11/04 11:39:11.107] (INFO) Checked file systems for errors: All filesystems OK.
[2015/11/04 11:39:11.107] (INFO) Checked file systems for errors: All filesystems OK.
[2015/11/04 11:39:11.107] (INFO) Waiting for master process (PID 55170) to die.
[2015/11/04 11:39:11.107] (INFO) Supervisor has entered RUNNING state.
[2015/11/04 11:39:11.107] (INFO) .evian ylbirret si emehcs otpyrc ym neht ,siht daer nac uoy fI
[2015/11/04 11:39:11.107] (INFO) User "zvf9324" logged out due to inactivity (timeout=30 minutes).
[2015/11/04 11:39:11.107] (INFO) Checked file systems for errors: All filesystems OK.
[2015/11/04 11:39:11.107] (ERROR) Worker 5 died with SIGINT. Restarting it.
[2015/11/04 11:39:11.107] (INFO) .evian ylbirret si emehcs otpyrc ym neht ,siht daer nac uoy fI
[2015/11/04 11:39:11.107] (INFO) Pinging watchdog timer process: Process is alive.
[2015/11/04 11:39:11.107] (INFO) Rolling 7 log file(s)...
[2015/11/04 11:39:11.107] (INFO) Pinging watchdog timer process: Process is alive.
[2015/11/04 11:39:11.107] (INFO) Waiting for monitor process (PID 47749) to die.
[2015/11/04 11:39:11.107] (INFO) Sending SIGTERM to 3 excess workers.
[2015/11/04 11:39:11.107] (INFO) Rolling 6 log file(s)...
[2015/11/04 11:39:11.107] (INFO) Checkpointing off-heap server memory...
[2015/11/04 11:39:11.107] (INFO) Backed up all server logs.
[2015/11/04 11:39:11.107] (ERROR) Worker 2 died with SIGSTOP. Restarting it.
[2015/11/04 11:39:11.107] (INFO) .evian ylbirret si emehcs otpyrc ym neht ,siht daer nac uoy fI
[2015/11/04 11:39:11.107] (INFO) Flushed 27 buffers to disk.
[2015/11/04 11:39:11.107] (INFO) Pinging watchdog timer process: Process is alive.
[2015/11/04 11:39:11.107] (INFO) Checked file systems for errors: All filesystems OK.
[2015/11/04 11:39:11.107] (INFO) Rolling 9 log file(s)...
[2015/11/04 11:39:11.107] (WARN) CPU temperature exceeds 40º Celsius.
[2015/11/04 11:39:11.107] (INFO) Flushed 45 buffers to disk.
[2015/11/04 11:39:11.107] (INFO) Your mother called. She says you never call her.
[2015/11/04 11:39:11.107] (INFO) User "ltd3055" logged in from 192.168.189.163.
[2015/11/04 11:39:11.107] (ERROR) Directory index of "/var/data" is forbidden.
[2015/11/04 11:39:11.107] (INFO) Sending SIGTERM to 3 excess workers.
[2015/11/04 11:39:11.107] (WARN) Ignoring SIGTERM. It's not that easy to get rid of me.
[2015/11/04 11:39:11.107] (INFO) User "iyd8746" logged out.
[2015/11/04 11:39:11.107] (WARN) Possible cyber-attack from Canada.
[2015/11/04 11:39:11.107] (INFO) Rolling 1 log file(s)...
[2015/11/04 11:39:11.107] (INFO) Rolling 4 log file(s)...
[2015/11/04 11:39:11.107] (WARN) Possible cyber-attack from Alpha Centauri.
[2015/11/04 11:39:11.107] (INFO) Sending SIGTERM to 4 excess workers.
[2015/11/04 11:39:11.107] (INFO) User "sjz2713" logged in from 172.16.21.12.
[2015/11/04 11:39:11.107] (INFO) Network heartbeat check: All OK.
[2015/11/04 11:39:11.107] (INFO) .evian ylbirret si emehcs otpyrc ym neht ,siht daer nac uoy fI
[2015/11/04 11:39:11.107] (INFO) User "pgq1972" logged out due to inactivity (timeout=30 minutes).
[2015/11/04 11:39:11.107] (INFO) Flushed 39 buffers to disk.
[2015/11/04 11:39:11.107] (INFO) User "pog7335" logged in from 192.168.127.13.
[2015/11/04 11:39:11.107] (INFO) Supervisor has entered RUNNING state.
[2015/11/04 11:39:11.107] (INFO) User "jle6788" logged out.
[2015/11/04 11:39:11.107] (INFO) .evian ylbirret si emehcs otpyrc ym neht ,siht daer nac uoy fI
[2015/11/04 11:39:11.107] (INFO) Checked file systems for errors: All filesystems OK.
[2015/11/04 11:39:11.107] (INFO) Backed up all server logs.
[2015/11/04 11:39:11.107] (INFO) Checked file systems for errors: All filesystems OK.
[2015/11/04 11:39:11.107] (INFO) User "vny7131" logged in from 10.170.114.140.
[2015/11/04 11:39:11.107] (INFO) Rolling 6 log file(s)...
[2015/11/04 11:39:11.107] (INFO) Supervisor has entered WAITING state.
[2015/11/04 11:39:11.107] (INFO) Your mother called. She says you never call her.
[2015/11/04 11:39:11.107] (INFO) User "wcb1228" logged out due to inactivity (timeout=30 minutes).
[2015/11/04 11:39:11.107] (INFO) Waiting for worker process (PID 24450) to die.
[2015/11/04 11:39:11.107] (INFO) User "vup6004" logged in from 10.111.46.152.
[2015/11/04 11:39:11.107] (WARN) Network heartbeat check: 10 server(s) did not respond.
[2015/11/04 11:39:11.107] (INFO) Device 0x0171 is online.
[2015/11/04 11:39:11.107] (INFO) Rolling 5 log file(s)...
[2015/11/04 11:39:11.107] (INFO) Sending SIGTERM to 4 excess workers.
[2015/11/04 11:39:11.107] (INFO) User "pkl4356" logged in from 192.168.52.88.
[2015/11/04 11:39:11.107] (WARN) Watchdog timer crashed. Restarting it.
[2015/11/04 11:39:11.107] (INFO) Backed up all server logs.
[2015/11/04 11:39:11.107] (INFO) Alien monitor (aliend): Detected no space aliens.
[2015/11/04 11:39:11.107] (INFO) .evian ylbirret si emehcs otpyrc ym neht ,siht daer nac uoy fI
[2015/11/04 11:39:11.107] (INFO) Supervisor has entered RUNNING state.
[2015/11/04 11:39:11.107] (INFO) Rolling 8 log file(s)...
[2015/11/04 11:39:11.107] (INFO) Alien monitor (aliend): Detected no space aliens.
[2015/11/04 11:39:11.107] (INFO) User "ssu3977" logged out due to inactivity (timeout=30 minutes).
[2015/11/04 11:39:11.107] (ERROR) Failed to write checkpoint file "/var/checkpoint/mlqfM89356: No space left on device (ENOSPC)
[2015/11/04 11:39:11.107] (ERROR) CPU temperature exceeds 50º Celsius. Shutting down.
[2015/11/04 11:39:11.107] (INFO) User "foq5926" logged in from 172.16.60.96.
[2015/11/04 11:39:11.107] (INFO) Checkpointing off-heap server memory...
[2015/11/04 11:39:11.107] (INFO) Network heartbeat check: All OK.
[2015/11/04 11:39:11.607] (INFO) User "goo2492" logged out.
[2015/11/04 11:39:11.607] (WARN) CPU temperature exceeds 40º Celsius.
[2015/11/04 11:39:11.607] (INFO) Pinging watchdog timer process: Process is alive.
[2015/11/04 11:39:11.607] (INFO) Alien monitor (aliend): Detected no space aliens.
[2015/11/04 11:39:11.607] (INFO) Alien monitor (aliend): Detected no space aliens.
[2015/11/04 11:39:11.607] (ERROR) "/var/data/RQojg53033.txt": Permission denied (EACCES)
[2015/11/04 11:39:11.607] (INFO) Rolling 1 log file(s)...
[2015/11/04 11:39:11.607] (INFO) Supervisor has entered RESTARTING state.
[2015/11/04 11:39:11.607] (ERROR) Worker 9 died with SIGTERM. Restarting it.
[2015/11/04 11:39:11.607] (ERROR) Unable to authenticate user "tzf9298": LDAP server isn't responding.
[2015/11/04 11:39:11.607] (WARN) Watchdog timer crashed. Restarting it.
[2015/11/04 11:39:11.607] (INFO) Pinging watchdog timer process: Process is alive.
[2015/11/04 11:39:11.607] (INFO) Network heartbeat check: All OK.
[2015/11/04 11:39:11.607] (INFO) Supervisor has entered WAITING state.
[2015/11/04 11:39:11.607] (INFO) User "egf3072" logged out.
[2015/11/04 11:39:11.607] (INFO) .evian ylbirret si emehcs otpyrc ym neht ,siht daer nac uoy fI
[2015/11/04 11:39:11.607] (INFO) Flushed 53 buffers to disk.
[2015/11/04 11:39:11.607] (INFO) Pinging watchdog timer process: Process is alive.
[2015/11/04 11:39:11.607] (INFO) Device 0x6258 is online.
[2015/11/04 11:39:11.607] (INFO) Alien monitor (aliend): Detected no space aliens.
[2015/11/04 11:39:11.607] (INFO) Supervisor has entered WAITING state.
[2015/11/04 11:39:11.607] (ERROR) Network heartbeat check FAILED: Master host down?
[2015/11/04 11:39:11.607] (INFO) .evian ylbirret si emehcs otpyrc ym neht ,siht daer nac uoy fI
[2015/11/04 11:39:11.607] (WARN) Watchdog timer crashed. Restarting it.
[2015/11/04 11:39:11.607] (INFO) Supervisor has entered RUNNING state.
[2015/11/04 11:39:11.607] (INFO) Device 0x7c29 is online.
[2015/11/04 11:39:11.607] (INFO) Device 0x4879 is online.
[2015/11/04 11:39:11.607] (INFO) Pinging watchdog timer process: Process is alive.
[2015/11/04 11:39:11.607] (WARN) Unable to ping master at 10.217.155.246. Retrying.
[2015/11/04 11:39:11.607] (INFO) Supervisor has entered RUNNING state.
[2015/11/04 11:39:11.607] (WARN) Space on disk /dev/sda2 is low: Only 772 MB available.
[2015/11/04 11:39:11.607] (ERROR) Server log backup FAILED. See backup logs.
[2015/11/04 11:39:11.607] (ERROR) Network heartbeat check FAILED: Master host down?
[2015/11/04 11:39:11.607] (WARN) Ignoring SIGTERM. It's not that easy to get rid of me.
[2015/11/04 11:39:11.607] (INFO) Rolling 5 log file(s)...
[2015/11/04 11:39:11.607] (INFO) Sending SIGTERM to 2 excess workers.
[2015/11/04 11:39:11.607] (INFO) Device 0xecdc is online.
[2015/11/04 11:39:11.607] (INFO) User "yxm6196" logged out.
[2015/11/04 11:39:11.607] (INFO) Backed up all server logs.
[2015/11/04 11:39:11.607] (INFO) .evian ylbirret si emehcs otpyrc ym neht ,siht daer nac uoy fI
[2015/11/04 11:39:11.607] (INFO) Backed up all server logs.
[2015/11/04 11:39:11.607] (INFO) Sending SIGTERM to 2 excess workers.
[2015/11/04 11:39:11.607] (INFO) User "psg7408" logged out due to inactivity (timeout=30 minutes).
[2015/11/04 11:39:11.607] (INFO) Device 0x712f is online.
[2015/11/04 11:39:11.607] (INFO) User "dbt2125" logged in from 10.185.90.139.
[2015/11/04 11:39:11.607] (INFO) Your mother called. She says you never call her.
[2015/11/04 11:39:11.607] (INFO) Backed up all server logs.
[2015/11/04 11:39:11.607] (INFO) Waiting for supervisor process (PID 40274) to die.
[2015/11/04 11:39:11.607] (INFO) Rolling 7 log file(s)...
[2015/11/04 11:39:11.607] (INFO) Checkpointing off-heap server memory...
[2015/11/04 11:39:11.607] (INFO) Alien monitor (aliend): Detected no space aliens.
[2015/11/04 11:39:11.607] (ERROR) /dev/lp error: "PC LOAD LETTER"
[2015/11/04 11:39:11.607] (INFO) Checked file systems for errors: All filesystems OK.
[2015/11/04 11:39:11.607] (INFO) Your mother called. She says you never call her.
[2015/11/04 11:39:11.607] (INFO) User "pcb6481" logged out.
[2015/11/04 11:39:11.607] (INFO) Pinging watchdog timer process: Process is alive.
[2015/11/04 11:39:11.607] (INFO) Checked file systems for errors: All filesystems OK.
[2015/11/04 11:39:11.607] (INFO) Rolling 1 log file(s)...
[2015/11/04 11:39:11.607] (INFO) .evian ylbirret si emehcs otpyrc ym neht ,siht daer nac uoy fI
[2015/11/04 11:39:11.607] (INFO) Network heartbeat check: All OK.
[2015/11/04 11:39:11.607] (INFO) Pinging watchdog timer process: Process is alive.
[2015/11/04 11:39:11.607] (INFO) Rolling 7 log file(s)...
[2015/11/04 11:39:11.607] (INFO) Your mother called. She says you never call her.
[2015/11/04 11:39:11.607] (INFO) Checked file systems for errors: All filesystems OK.
[2015/11/04 11:39:11.607] (INFO) Device 0x47c4 is online.
[2015/11/04 11:39:11.607] (WARN) Ignoring SIGTERM. It's not that easy to get rid of me.
[2015/11/04 11:39:11.607] (WARN) Network heartbeat check: 16 server(s) did not respond.
[2015/11/04 11:39:11.607] (INFO) Pinging watchdog timer process: Process is alive.
[2015/11/04 11:39:11.607] (INFO) Flushed 70 buffers to disk.
[2015/11/04 11:39:11.607] (INFO) Sending SIGTERM to 3 excess workers.
[2015/11/04 11:39:11.607] (INFO) User "mzs4228" logged in from 192.168.134.77.
[2015/11/04 11:39:11.607] (INFO) User "tcz7194" logged out.
[2015/11/04 11:39:11.607] (INFO) Checkpointing off-heap server memory...
[2015/11/04 11:39:11.607] (INFO) Waiting for worker process (PID 42813) to die.
[2015/11/04 11:39:11.607] (INFO) Flushed 69 buffers to disk.
[2015/11/04 11:39:11.607] (INFO) Device 0xf3da is online.
[2015/11/04 11:39:11.607] (INFO) Waiting for monitor process (PID 13168) to die.
[2015/11/04 11:39:11.607] (INFO) Pinging watchdog timer process: Process is alive.
[2015/11/04 11:39:11.607] (INFO) Your mother called. She says you never call her.
[2015/11/04 11:39:11.607] (INFO) Device 0x5578 is online.
[2015/11/04 11:39:11.607] (INFO) Supervisor has entered WAITING state.
[2015/11/04 11:39:11.607] (INFO) Supervisor has entered RUNNING state.
[2015/11/04 11:39:11.607] (ERROR) Failed to write checkpoint file "/var/checkpoint/zvNxj99291: No space left on device (ENOSPC)
[2015/11/04 11:39:11.607] (INFO) Supervisor has entered WAITING state.
[2015/11/04 11:39:11.607] (INFO) Checked file systems for errors: All filesystems OK.
[2015/11/04 11:39:11.607] (INFO) Checkpointing off-heap server memory...
[2015/11/04 11:39:11.607] (INFO) Checkpointing off-heap server memory...
[2015/11/04 11:39:11.607] (INFO) Flushed 20 buffers to disk.
[2015/11/04 11:39:11.607] (INFO) Flushed 58 buffers to disk.
[2015/11/04 11:39:11.607] (INFO) Flushed 59 buffers to disk.
[2015/11/04 11:39:11.607] (INFO) Your mother called. She says you never call her.
[2015/11/04 11:39:11.607] (WARN) Watchdog timer crashed. Restarting it.
[2015/11/04 11:39:11.607] (ERROR) "/var/data/sWqMx56565.txt": No such file or directory (ENOENT)
[2015/11/04 11:39:11.607] (INFO) Supervisor has entered WAITING state.
[2015/11/04 11:39:11.607] (INFO) Your mother called. She says you never call her.
[2015/11/04 11:39:11.607] (INFO) Backed up all server logs.
[2015/11/04 11:39:11.607] (INFO) Backed up all server logs.
[2015/11/04 11:39:11.607] (WARN) Dropped 5,451 corrupt data packets.
[2015/11/04 11:39:11.607] (INFO) Rolling 4 log file(s)...
[2015/11/04 11:39:11.607] (INFO) Your mother called. She says you never call her.
[2015/11/04 11:39:12.107] (INFO) Checkpointing off-heap server memory...
[2015/11/04 11:39:12.107] (INFO) .evian ylbirret si emehcs otpyrc ym neht ,siht daer nac uoy fI
[2015/11/04 11:39:12.107] (INFO) Network heartbeat check: All OK.
[2015/11/04 11:39:12.107] (WARN) Unable to ping supervisor at 192.168.218.230. Retrying.
[2015/11/04 11:39:12.107] (INFO) Backed up all server logs.
[2015/11/04 11:39:12.107] (WARN) Watchdog timer crashed. Restarting it.
[2015/11/04 11:39:12.107] (INFO) User "wgg3874" logged in from 192.168.80.30.
[2015/11/04 11:39:12.107] (INFO) Backed up all server logs.
[2015/11/04 11:39:12.107] (INFO) Device 0xa5c7 is online.
[2015/11/04 11:39:12.107] (INFO) Supervisor has entered SUSPENDED state.
[2015/11/04 11:39:12.107] (INFO) Sending SIGTERM to 4 excess workers.
[2015/11/04 11:39:12.107] (WARN) There is no such thing as a free lunch.
[2015/11/04 11:39:12.107] (WARN) Unable to ping supervisor at 172.16.102.204. Retrying.
[2015/11/04 11:39:12.107] (INFO) Rolling 3 log file(s)...
[2015/11/04 11:39:12.107] (ERROR) One of the flayrods has gone out askew on treadle.
[2015/11/04 11:39:12.107] (INFO) Device 0xf125 is online.
[2015/11/04 11:39:12.107] (INFO) Checked file systems for errors: All filesystems OK.
[2015/11/04 11:39:12.107] (INFO) Supervisor has entered WAITING state.
[2015/11/04 11:39:12.107] (INFO) Flushed 67 buffers to disk.
[2015/11/04 11:39:12.107] (INFO) User "lhe4892" logged in from 10.250.172.111.
[2015/11/04 11:39:12.107] (INFO) Backed up all server logs.
[2015/11/04 11:39:12.107] (WARN) Space on disk /dev/sdc4 is low: Only 343 MB available.
[2015/11/04 11:39:12.107] (WARN) Unable to ping worker at 10.0.150.178. Retrying.
[2015/11/04 11:39:12.107] (INFO) .evian ylbirret si emehcs otpyrc ym neht ,siht daer nac uoy fI
[2015/11/04 11:39:12.107] (INFO) User "cld4518" logged out.
[2015/11/04 11:39:12.107] (INFO) User "idv2615" logged out.
[2015/11/04 11:39:12.107] (INFO) User "bia5920" logged out.
[2015/11/04 11:39:12.107] (INFO) Checkpointing off-heap server memory...
[2015/11/04 11:39:12.107] (INFO) .evian ylbirret si emehcs otpyrc ym neht ,siht daer nac uoy fI
[2015/11/04 11:39:12.107] (INFO) Pinging watchdog timer process: Process is alive.
[2015/11/04 11:39:12.107] (INFO) User "dgz9889" logged out.
[2015/11/04 11:39:12.107] (INFO) User "ixc6449" logged out due to inactivity (timeout=30 minutes).
[2015/11/04 11:39:12.107] (INFO) Network heartbeat check: All OK.
[2015/11/04 11:39:12.107] (INFO) User "fwc1870" logged in from 192.168.55.218.
[2015/11/04 11:39:12.107] (INFO) Supervisor has entered WAITING state.
[2015/11/04 11:39:12.107] (INFO) .evian ylbirret si emehcs otpyrc ym neht ,siht daer nac uoy fI
[2015/11/04 11:39:12.107] (INFO) Device 0x440a is online.
[2015/11/04 11:39:12.107] (INFO) Pinging watchdog timer process: Process is alive.
[2015/11/04 11:39:12.107] (INFO) Rolling 5 log file(s)...
[2015/11/04 11:39:12.107] (INFO) Sending SIGTERM to 4 excess workers.
[2015/11/04 11:39:12.107] (INFO) Flushed 93 buffers to disk.
[2015/11/04 11:39:12.107] (INFO) Device 0x41bb is online.
[2015/11/04 11:39:12.107] (INFO) Network heartbeat check: All OK.
[2015/11/04 11:39:12.107] (INFO) Sending SIGTERM to 2 excess workers.
[2015/11/04 11:39:12.107] (INFO) User "mbu4146" logged out due to inactivity (timeout=30 minutes).
[2015/11/04 11:39:12.107] (INFO) Checked file systems for errors: All filesystems OK.
[2015/11/04 11:39:12.107] (INFO) Pinging watchdog timer process: Process is alive.
[2015/11/04 11:39:12.107] (INFO) Network heartbeat check: All OK.
[2015/11/04 11:39:12.107] (WARN) Possible cyber-attack from The Cayman Islands.
[2015/11/04 11:39:12.107] (WARN) Possible cyber-attack from a small unnamed island.
[2015/11/04 11:39:12.107] (INFO) Backed up all server logs.
[2015/11/04 11:39:12.107] (INFO) User "jes3162" logged in from 172.16.208.25.
[2015/11/04 11:39:12.107] (INFO) Checkpointing off-heap server memory...
[2015/11/04 11:39:12.107] (INFO) Alien monitor (aliend): Detected no space aliens.
[2015/11/04 11:39:12.107] (INFO) Alien monitor (aliend): Detected no space aliens.
[2015/11/04 11:39:12.107] (INFO) User "kwl4140" logged out due to inactivity (timeout=30 minutes).
[2015/11/04 11:39:12.107] (INFO) User "mjo7325" logged out.
[2015/11/04 11:39:12.107] (INFO) Supervisor has entered RESTARTING state.
[2015/11/04 11:39:12.107] (INFO) .evian ylbirret si emehcs otpyrc ym neht ,siht daer nac uoy fI
[2015/11/04 11:39:12.107] (INFO) Supervisor has entered RESTARTING state.
[2015/11/04 11:39:12.107] (WARN) Possible cyber-attack from Canada.
[2015/11/04 11:39:12.107] (INFO) Pinging watchdog timer process: Process is alive.
[2015/11/04 11:39:12.107] (INFO) User "mcz4699" logged out.
[2015/11/04 11:39:12.107] (INFO) Backed up all server logs.
[2015/11/04 11:39:12.107] (INFO) Pinging watchdog timer process: Process is alive.
[2015/11/04 11:39:12.107] (INFO) Supervisor has entered RUNNING state.
[2015/11/04 11:39:12.107] (INFO) Alien monitor (aliend): Detected no space aliens.
[2015/11/04 11:39:12.107] (INFO) Rolling 5 log file(s)...
[2015/11/04 11:39:12.107] (INFO) Your mother called. She says you never call her.
[2015/11/04 11:39:12.107] (INFO) Rolling 2 log file(s)...
[2015/11/04 11:39:12.107] (INFO) Network heartbeat check: All OK.
[2015/11/04 11:39:12.107] (INFO) User "xan2817" logged in from 172.16.79.16.
[2015/11/04 11:39:12.107] (INFO) Supervisor has entered WAITING state.
[2015/11/04 11:39:12.107] (INFO) User "bnr5266" logged in from 10.54.31.11.
[2015/11/04 11:39:12.107] (WARN) Space on disk /dev/sdb2 is low: Only 419 MB available.
[2015/11/04 11:39:12.107] (INFO) User "ysq6944" logged out.
[2015/11/04 11:39:12.107] (INFO) Supervisor has entered RUNNING state.
[2015/11/04 11:39:12.107] (INFO) Alien monitor (aliend): Detected no space aliens.
[2015/11/04 11:39:12.107] (ERROR) User "beq4652" failed to log in 3 times. Disabling account.
[2015/11/04 11:39:12.107] (ERROR) Unable to mount /dev/sde4. (Time to run fsck?)
[2015/11/04 11:39:12.107] (INFO) User "xfl5236" logged in from 172.16.206.209.
[2015/11/04 11:39:12.107] (INFO) Your mother called. She says you never call her.
[2015/11/04 11:39:12.107] (ERROR) Unable to authenticate user "zor1023": LDAP server isn't responding.
[2015/11/04 11:39:12.107] (INFO) .evian ylbirret si emehcs otpyrc ym neht ,siht daer nac uoy fI
[2015/11/04 11:39:12.107] (INFO) Alien monitor (aliend): Detected no space aliens.
[2015/11/04 11:39:12.107] (INFO) Checkpointing off-heap server memory...
[2015/11/04 11:39:12.107] (INFO) Checked file systems for errors: All filesystems OK.
[2015/11/04 11:39:12.107] (INFO) Alien monitor (aliend): Detected no space aliens.
[2015/11/04 11:39:12.107] (ERROR) One of the flayrods has gone out askew on treadle.
[2015/11/04 11:39:12.107] (INFO) Flushed 98 buffers to disk.
[2015/11/04 11:39:12.107] (ERROR) One of the flayrods has gone out askew on treadle.
[2015/11/04 11:39:12.107] (INFO) Backed up all server logs.
[2015/11/04 11:39:12.107] (INFO) Waiting for supervisor process (PID 33655) to die.
[2015/11/04 11:39:12.107] (INFO) Rolling 2 log file(s)...
[2015/11/04 11:39:12.107] (WARN) Backup server 172.16.170.118 is offline.
[2015/11/04 11:39:12.107] (INFO) Flushed 87 buffers to disk.
[2015/11/04 11:39:12.107] (INFO) Flushed 70 buffers to disk.
[2015/11/04 11:39:12.107] (INFO) User "rjb3487" logged in from 192.168.247.145.
[2015/11/04 11:39:12.107] (INFO) Network heartbeat check: All OK.
[2015/11/04 11:39:12.107] (INFO) Checked file systems for errors: All filesystems OK.
[2015/11/04 11:39:12.607] (INFO) Device 0x3259 is online.
[2015/11/04 11:39:12.607] (INFO) Network heartbeat check: All OK.
[2015/11/04 11:39:12.607] (INFO) Backed up all server logs.
[2015/11/04 11:39:12.607] (INFO) Device 0x5785 is online.
[2015/11/04 11:39:12.607] (INFO) Sending SIGTERM to 3 excess workers.
[2015/11/04 11:39:12.607] (INFO) Alien monitor (aliend): Detected no space aliens.
[2015/11/04 11:39:12.607] (INFO) Network heartbeat check: All OK.
[2015/11/04 11:39:12.607] (INFO) Device 0x6855 is online.
[2015/11/04 11:39:12.607] (INFO) Sending SIGTERM to 2 excess workers.
[2015/11/04 11:39:12.607] (WARN) Retrying server log checkpoint.
[2015/11/04 11:39:12.607] (INFO) Backed up all server logs.
[2015/11/04 11:39:12.607] (INFO) .evian ylbirret si emehcs otpyrc ym neht ,siht daer nac uoy fI
[2015/11/04 11:39:12.607] (INFO) Checkpointing off-heap server memory...
[2015/11/04 11:39:12.607] (INFO) Checkpointing off-heap server memory...
[2015/11/04 11:39:12.607] (INFO) .evian ylbirret si emehcs otpyrc ym neht ,siht daer nac uoy fI
[2015/11/04 11:39:12.607] (INFO) Checkpointing off-heap server memory...
[2015/11/04 11:39:12.607] (INFO) Supervisor has entered WAITING state.
[2015/11/04 11:39:12.607] (INFO) Pinging watchdog timer process: Process is alive.
[2015/11/04 11:39:12.607] (INFO) Rolling 9 log file(s)...
[2015/11/04 11:39:12.607] (INFO) Network heartbeat check: All OK.
[2015/11/04 11:39:12.607] (INFO) Checked file systems for errors: All filesystems OK.
[2015/11/04 11:39:12.607] (INFO) Supervisor has entered WAITING state.
[2015/11/04 11:39:12.607] (INFO) User "ust1269" logged in from 172.16.9.193.
[2015/11/04 11:39:12.607] (INFO) Alien monitor (aliend): Detected no space aliens.
[2015/11/04 11:39:12.607] (INFO) Your mother called. She says you never call her.
[2015/11/04 11:39:12.607] (INFO) Backed up all server logs.
[2015/11/04 11:39:12.607] (INFO) Alien monitor (aliend): Detected no space aliens.
[2015/11/04 11:39:12.607] (INFO) Rolling 6 log file(s)...
[2015/11/04 11:39:12.607] (INFO) Supervisor has entered SUSPENDED state.
[2015/11/04 11:39:12.607] (INFO) Your mother called. She says you never call her.
[2015/11/04 11:39:12.607] (WARN) Master took 979 ms to respond (threshold=500 ms)
[2015/11/04 11:39:12.607] (INFO) .evian ylbirret si emehcs otpyrc ym neht ,siht daer nac uoy fI
[2015/11/04 11:39:12.607] (INFO) Sending SIGTERM to 4 excess workers.
[2015/11/04 11:39:12.607] (INFO) Your mother called. She says you never call her.
[2015/11/04 11:39:12.607] (INFO) User "jgd7758" logged in from 192.168.182.215.
[2015/11/04 11:39:12.607] (WARN) Ignoring SIGTERM. It's not that easy to get rid of me.
[2015/11/04 11:39:12.607] (INFO) Network heartbeat check: All OK.
[2015/11/04 11:39:12.607] (ERROR) Connection to 192.168.53.241 terminated unexpectedly. Reconnecting.
[2015/11/04 11:39:12.607] (INFO) User "loe5122" logged out.
[2015/11/04 11:39:12.607] (WARN) There is no such thing as a free lunch.
[2015/11/04 11:39:12.607] (INFO) Alien monitor (aliend): Detected no space aliens.
[2015/11/04 11:39:12.607] (INFO) Checkpointing off-heap server memory...
[2015/11/04 11:39:12.607] (INFO) Flushed 46 buffers to disk.
[2015/11/04 11:39:12.607] (WARN) Network heartbeat check: 2 server(s) did not respond.
[2015/11/04 11:39:12.607] (WARN) Space on disk /dev/sdc3 is low: Only 285 MB available.
[2015/11/04 11:39:12.607] (INFO) Supervisor has entered WAITING state.
[2015/11/04 11:39:12.607] (INFO) Waiting for master process (PID 19828) to die.
[2015/11/04 11:39:12.607] (WARN) There is no such thing as a free lunch.
[2015/11/04 11:39:12.607] (WARN) Retrying server log checkpoint.
[2015/11/04 11:39:12.607] (INFO) Supervisor has entered WAITING state.
[2015/11/04 11:39:12.607] (INFO) Alien monitor (aliend): Detected no space aliens.
[2015/11/04 11:39:12.607] (INFO) Checked file systems for errors: All filesystems OK.
[2015/11/04 11:39:12.607] (INFO) Waiting for monitor process (PID 6972) to die.
[2015/11/04 11:39:12.607] (INFO) Pinging watchdog timer process: Process is alive.
[2015/11/04 11:39:12.607] (WARN) Retrying server log checkpoint.
[2015/11/04 11:39:12.607] (INFO) Checked file systems for errors: All filesystems OK.
[2015/11/04 11:39:12.607] (ERROR) Failed to write checkpoint file "/var/checkpoint/GaeEy91430: No space left on device (ENOSPC)
[2015/11/04 11:39:12.607] (INFO) Rolling 9 log file(s)...
[2015/11/04 11:39:12.607] (INFO) Pinging watchdog timer process: Process is alive.
[2015/11/04 11:39:12.607] (INFO) Flushed 74 buffers to disk.
[2015/11/04 11:39:12.607] (INFO) Checkpointing off-heap server memory...
[2015/11/04 11:39:12.607] (ERROR) Server log backup FAILED. See backup logs.
[2015/11/04 11:39:12.607] (INFO) Your mother called. She says you never call her.
[2015/11/04 11:39:12.607] (INFO) Checkpointing off-heap server memory...
[2015/11/04 11:39:12.607] (INFO) Flushed 78 buffers to disk.
[2015/11/04 11:39:12.607] (ERROR) One of the flayrods has gone out askew on treadle.
[2015/11/04 11:39:12.607] (INFO) Waiting for supervisor process (PID 13588) to die.
[2015/11/04 11:39:12.607] (INFO) Network heartbeat check: All OK.
[2015/11/04 11:39:12.607] (WARN) Network heartbeat check: 11 server(s) did not respond.
[2015/11/04 11:39:12.607] (INFO) Network heartbeat check: All OK.
[2015/11/04 11:39:12.607] (INFO) Device 0x8cbc is online.
[2015/11/04 11:39:12.607] (ERROR) Detected incoming DDoS from 10.17.134.211.
[2015/11/04 11:39:12.607] (INFO) Network heartbeat check: All OK.
[2015/11/04 11:39:12.607] (ERROR) Worker 4 died with SIGHUP. Restarting it.
[2015/11/04 11:39:12.607] (INFO) User "kus4021" logged in from 10.203.183.198.
[2015/11/04 11:39:12.607] (INFO) Device 0xc363 is online.
[2015/11/04 11:39:12.607] (INFO) User "jbg2218" logged out due to inactivity (timeout=30 minutes).
[2015/11/04 11:39:12.607] (ERROR) Blocked Little Bobby Tables attack (https://xkcd.com/327/) from 10.143.223.178.
[2015/11/04 11:39:12.607] (INFO) Waiting for supervisor process (PID 1505) to die.
[2015/11/04 11:39:12.607] (ERROR) Network heartbeat check FAILED: Master host down?
[2015/11/04 11:39:12.607] (INFO) Checkpointing off-heap server memory...
[2015/11/04 11:39:12.607] (INFO) Pinging watchdog timer process: Process is alive.
[2015/11/04 11:39:12.607] (INFO) Device 0x5b37 is online.
[2015/11/04 11:39:12.607] (INFO) Sending SIGTERM to 3 excess workers.
[2015/11/04 11:39:12.607] (INFO) Rolling 4 log file(s)...
[2015/11/04 11:39:12.607] (INFO) Checked file systems for errors: All filesystems OK.
[2015/11/04 11:39:12.607] (WARN) Network heartbeat check: 19 server(s) did not respond.
[2015/11/04 11:39:12.607] (INFO) .evian ylbirret si emehcs otpyrc ym neht ,siht daer nac uoy fI
[2015/11/04 11:39:12.607] (INFO) Your mother called. She says you never call her.
[2015/11/04 11:39:12.607] (ERROR) Detected incoming DDoS from 10.9.89.194.
[2015/11/04 11:39:12.607] (INFO) Network heartbeat check: All OK.
[2015/11/04 11:39:12.607] (INFO) User "qms6609" logged out.
[2015/11/04 11:39:12.607] (INFO) Network heartbeat check: All OK.
[2015/11/04 11:39:12.607] (INFO) Backed up all server logs.
[2015/11/04 11:39:12.607] (INFO) Waiting for master process (PID 37847) to die.
[2015/11/04 11:39:12.607] (INFO) Checked file systems for errors: All filesystems OK.
[2015/11/04 11:39:12.607] (INFO) User "dey7204" logged out.
[2015/11/04 11:39:12.607] (WARN) CPU temperature exceeds 40º Celsius.
[2015/11/04 11:39:12.607] (WARN) Unable to ping master at 172.16.3.182. Retrying.
[2015/11/04 11:39:12.607] (INFO) Your mother called. She says you never call her.
[2015/11/04 11:39:13.107] (INFO) Alien monitor (aliend): Detected no space aliens.
[2015/11/04 11:39:13.107] (INFO) Checked file systems for errors: All filesystems OK.
[2015/11/04 11:39:13.107] (WARN) Unable to ping master at 192.168.23.178. Retrying.
[2015/11/04 11:39:13.107] (WARN) Watchdog timer crashed. Restarting it.
[2015/11/04 11:39:13.107] (INFO) Pinging watchdog timer process: Process is alive.
[2015/11/04 11:39:13.107] (INFO) Network heartbeat check: All OK.
[2015/11/04 11:39:13.107] (INFO) Rolling 2 log file(s)...
[2015/11/04 11:39:13.107] (INFO) Network heartbeat check: All OK.
[2015/11/04 11:39:13.107] (ERROR) Unable to mount /dev/sdc2. (Time to run fsck?)
[2015/11/04 11:39:13.107] (ERROR) Detected clock skew! Restarting NTP server.
[2015/11/04 11:39:13.107] (INFO) Checkpointing off-heap server memory...
[2015/11/04 11:39:13.107] (INFO) Waiting for master process (PID 10696) to die.
[2015/11/04 11:39:13.107] (INFO) User "adm3090" logged in from 192.168.154.33.
[2015/11/04 11:39:13.107] (WARN) Unable to ping monitor at 172.16.140.107. Retrying.
[2015/11/04 11:39:13.107] (INFO) Supervisor has entered SUSPENDED state.
[2015/11/04 11:39:13.107] (INFO) Device 0x7dac is online.
[2015/11/04 11:39:13.107] (INFO) Waiting for master process (PID 53686) to die.
[2015/11/04 11:39:13.107] (INFO) Backed up all server logs.
[2015/11/04 11:39:13.107] (INFO) Pinging watchdog timer process: Process is alive.
[2015/11/04 11:39:13.107] (INFO) Your mother called. She says you never call her.
[2015/11/04 11:39:13.107] (INFO) Network heartbeat check: All OK.
[2015/11/04 11:39:13.107] (INFO) Alien monitor (aliend): Detected no space aliens.
[2015/11/04 11:39:13.107] (INFO) Sending SIGTERM to 2 excess workers.
[2015/11/04 11:39:13.107] (INFO) Flushed 62 buffers to disk.
[2015/11/04 11:39:13.107] (INFO) Checked file systems for errors: All filesystems OK.
[2015/11/04 11:39:13.107] (INFO) User "mza3471" logged in from 192.168.98.112.
[2015/11/04 11:39:13.107] (INFO) User "tzn6756" logged out.
[2015/11/04 11:39:13.107] (WARN) Ignoring SIGTERM. It's not that easy to get rid of me.
[2015/11/04 11:39:13.107] (INFO) User "wnr8955" logged out due to inactivity (timeout=30 minutes).
[2015/11/04 11:39:13.107] (INFO) Device 0x62cf is online.
[2015/11/04 11:39:13.107] (ERROR) CPU temperature exceeds 50º Celsius. Shutting down.
[2015/11/04 11:39:13.107] (INFO) .evian ylbirret si emehcs otpyrc ym neht ,siht daer nac uoy fI
[2015/11/04 11:39:13.107] (INFO) Supervisor has entered SUSPENDED state.
[2015/11/04 11:39:13.107] (INFO) Checked file systems for errors: All filesystems OK.
[2015/11/04 11:39:13.107] (INFO) User "izw2583" logged out due to inactivity (timeout=30 minutes).
[2015/11/04 11:39:13.107] (WARN) Space on disk /dev/sdb1 is low: Only 226 MB available.
[2015/11/04 11:39:13.107] (INFO) User "gms8029" logged out due to inactivity (timeout=30 minutes).
[2015/11/04 11:39:13.107] (INFO) User "qlp9466" logged out due to inactivity (timeout=30 minutes).
[2015/11/04 11:39:13.107] (INFO) Alien monitor (aliend): Detected no space aliens.
[2015/11/04 11:39:13.107] (INFO) Waiting for master process (PID 1120) to die.
[2015/11/04 11:39:13.107] (WARN) CPU temperature exceeds 40º Celsius.
[2015/11/04 11:39:13.107] (INFO) User "xfh3563" logged in from 172.16.123.44.
[2015/11/04 11:39:13.107] (INFO) .evian ylbirret si emehcs otpyrc ym neht ,siht daer nac uoy fI
[2015/11/04 11:39:13.107] (INFO) .evian ylbirret si emehcs otpyrc ym neht ,siht daer nac uoy fI
[2015/11/04 11:39:13.107] (INFO) Supervisor has entered SUSPENDED state.
[2015/11/04 11:39:13.107] (WARN) Space on disk /dev/sdb3 is low: Only 529 MB available.
[2015/11/04 11:39:13.107] (INFO) Rolling 5 log file(s)...
[2015/11/04 11:39:13.107] (INFO) User "izq1953" logged in from 192.168.102.40.
[2015/11/04 11:39:13.107] (INFO) User "prn2757" logged out due to inactivity (timeout=30 minutes).
[2015/11/04 11:39:13.107] (INFO) Device 0x0ac9 is online.
[2015/11/04 11:39:13.107] (WARN) CPU temperature exceeds 40º Celsius.
[2015/11/04 11:39:13.107] (INFO) Checked file systems for errors: All filesystems OK.
[2015/11/04 11:39:13.107] (INFO) Supervisor has entered RUNNING state.
[2015/11/04 11:39:13.107] (WARN) Unable to ping supervisor at 10.62.201.118. Retrying.
[2015/11/04 11:39:13.107] (INFO) Checked file systems for errors: All filesystems OK.
[2015/11/04 11:39:13.107] (WARN) Unable to ping master at 192.168.175.8. Retrying.
[2015/11/04 11:39:13.107] (INFO) Checkpointing off-heap server memory...
[2015/11/04 11:39:13.107] (INFO) Supervisor has entered SUSPENDED state.
[2015/11/04 11:39:13.107] (INFO) .evian ylbirret si emehcs otpyrc ym neht ,siht daer nac uoy fI
[2015/11/04 11:39:13.107] (INFO) Alien monitor (aliend): Detected no space aliens.
[2015/11/04 11:39:13.107] (INFO) Checked file systems for errors: All filesystems OK.
[2015/11/04 11:39:13.107] (INFO) User "hpk2351" logged out due to inactivity (timeout=30 minutes).
[2015/11/04 11:39:13.107] (INFO) User "icz9121" logged out.
[2015/11/04 11:39:13.107] (WARN) Backup server 172.16.89.147 is offline.
[2015/11/04 11:39:13.107] (INFO) Checkpointing off-heap server memory...
[2015/11/04 11:39:13.107] (INFO) Checkpointing off-heap server memory...
[2015/11/04 11:39:13.107] (INFO) Device 0xcaba is online.
[2015/11/04 11:39:13.107] (INFO) Flushed 40 buffers to disk.
[2015/11/04 11:39:13.107] (ERROR) User "qss9087" failed to log in 3 times. Disabling account.
[2015/11/04 11:39:13.107] (INFO) Your mother called. She says you never call her.
[2015/11/04 11:39:13.107] (INFO) Pinging watchdog timer process: Process is alive.
[2015/11/04 11:39:13.107] (ERROR) "/var/data/hUqNZ89443.xslx": Permission denied (EACCES)
[2015/11/04 11:39:13.107] (INFO) Checked file systems for errors: All filesystems OK.
[2015/11/04 11:39:13.107] (INFO) Pinging watchdog timer process: Process is alive.
[2015/11/04 11:39:13.107] (INFO) Network heartbeat check: All OK.
[2015/11/04 11:39:13.107] (INFO) Pinging watchdog timer process: Process is alive.
[2015/11/04 11:39:13.107] (INFO) User "rfx1103" logged in from 10.176.51.25.
[2015/11/04 11:39:13.107] (INFO) Waiting for monitor process (PID 29856) to die.
[2015/11/04 11:39:13.107] (INFO) User "erf4456" logged in from 10.128.238.219.
[2015/11/04 11:39:13.107] (ERROR) Failed to write checkpoint file "/var/checkpoint/hLCUs56325: No space left on device (ENOSPC)
[2015/11/04 11:39:13.107] (INFO) Rolling 4 log file(s)...
[2015/11/04 11:39:13.107] (INFO) User "ujs8680" logged out due to inactivity (timeout=30 minutes).
[2015/11/04 11:39:13.107] (INFO) Network heartbeat check: All OK.
[2015/11/04 11:39:13.107] (INFO) Sending SIGTERM to 4 excess workers.
[2015/11/04 11:39:13.107] (WARN) Watchdog timer crashed. Restarting it.
[2015/11/04 11:39:13.107] (INFO) Network heartbeat check: All OK.
[2015/11/04 11:39:13.107] (INFO) Sending SIGTERM to 3 excess workers.
[2015/11/04 11:39:13.107] (ERROR) Blocked Little Bobby Tables attack (https://xkcd.com/327/) from 192.168.148.167.
[2015/11/04 11:39:13.107] (INFO) .evian ylbirret si emehcs otpyrc ym neht ,siht daer nac uoy fI
[2015/11/04 11:39:13.107] (INFO) Supervisor has entered RESTARTING state.
[2015/11/04 11:39:13.107] (INFO) Alien monitor (aliend): Detected no space aliens.
[2015/11/04 11:39:13.107] (INFO) Flushed 91 buffers to disk.
[2015/11/04 11:39:13.107] (INFO) Supervisor has entered RUNNING state.
[2015/11/04 11:39:13.107] (INFO) Your mother called. She says you never call her.
[2015/11/04 11:39:13.107] (ERROR) Unable to mount /dev/sdf1. (Time to run fsck?)
[2015/11/04 11:39:13.107] (INFO) Your mother called. She says you never call her.
[2015/11/04 11:39:13.107] (INFO) Sending SIGTERM to 2 excess workers.
[2015/11/04 11:39:13.107] (WARN) CPU temperature exceeds 40º Celsius.
[2015/11/04 11:39:13.107] (INFO) Your mother called. She says you never call her.
[2015/11/04 11:39:13.107] (INFO) Checkpointing off-heap server memory...
[2015/11/04 11:39:13.607] (INFO) Flushed 61 buffers to disk.
[2015/11/04 11:39:13.607] (WARN) Network heartbeat check: 18 server(s) did not respond.
[2015/11/04 11:39:13.607] (INFO) Waiting for master process (PID 60383) to die.
[2015/11/04 11:39:13.607] (INFO) Backed up all server logs.
[2015/11/04 11:39:13.607] (INFO) Your mother called. She says you never call her.
[2015/11/04 11:39:13.607] (WARN) Master took 969 ms to respond (threshold=500 ms)
[2015/11/04 11:39:13.607] (INFO) Alien monitor (aliend): Detected no space aliens.
[2015/11/04 11:39:13.607] (INFO) Checkpointing off-heap server memory...
[2015/11/04 11:39:13.607] (INFO) Waiting for monitor process (PID 33928) to die.
[2015/11/04 11:39:13.607] (INFO) Supervisor has entered RUNNING state.
[2015/11/04 11:39:13.607] (INFO) Rolling 7 log file(s)...
[2015/11/04 11:39:13.607] (INFO) Network heartbeat check: All OK.
[2015/11/04 11:39:13.607] (INFO) Checked file systems for errors: All filesystems OK.
[2015/11/04 11:39:13.607] (INFO) Device 0xe7ec is online.
[2015/11/04 11:39:13.607] (INFO) User "ltn5381" logged out due to inactivity (timeout=30 minutes).
[2015/11/04 11:39:13.607] (INFO) .evian ylbirret si emehcs otpyrc ym neht ,siht daer nac uoy fI
[2015/11/04 11:39:13.607] (WARN) Retrying server log checkpoint.
[2015/11/04 11:39:13.607] (INFO) Alien monitor (aliend): Detected no space aliens.
[2015/11/04 11:39:13.607] (INFO) Supervisor has entered SUSPENDED state.
[2015/11/04 11:39:13.607] (INFO) Pinging watchdog timer process: Process is alive.
[2015/11/04 11:39:13.607] (ERROR) Blocked FTP traffic originating from 192.168.156.117.
[2015/11/04 11:39:13.607] (INFO) Checkpointing off-heap server memory...
[2015/11/04 11:39:13.607] (INFO) Flushed 82 buffers to disk.
[2015/11/04 11:39:13.607] (INFO) Checkpointing off-heap server memory...
[2015/11/04 11:39:13.607] (INFO) Flushed 81 buffers to disk.
[2015/11/04 11:39:13.607] (INFO) Alien monitor (aliend): Detected no space aliens.
[2015/11/04 11:39:13.607] (INFO) Network heartbeat check: All OK.
[2015/11/04 11:39:13.607] (ERROR) Alien monitor (aliend): 2 space aliens are fiddling with the hardware!
[2015/11/04 11:39:13.607] (INFO) Network heartbeat check: All OK.
[2015/11/04 11:39:13.607] (INFO) Pinging watchdog timer process: Process is alive.
[2015/11/04 11:39:13.607] (INFO) .evian ylbirret si emehcs otpyrc ym neht ,siht daer nac uoy fI
[2015/11/04 11:39:13.607] (INFO) Rolling 1 log file(s)...
[2015/11/04 11:39:13.607] (INFO) Backed up all server logs.
[2015/11/04 11:39:13.607] (INFO) Backed up all server logs.
[2015/11/04 11:39:13.607] (INFO) Waiting for supervisor process (PID 54778) to die.
[2015/11/04 11:39:13.607] (INFO) Your mother called. She says you never call her.
[2015/11/04 11:39:13.607] (WARN) Unable to ping monitor at 10.202.59.162. Retrying.
[2015/11/04 11:39:13.607] (INFO) Your mother called. She says you never call her.
[2015/11/04 11:39:13.607] (INFO) Pinging watchdog timer process: Process is alive.
[2015/11/04 11:39:13.607] (INFO) Your mother called. She says you never call her.
[2015/11/04 11:39:13.607] (ERROR) Detected incoming DDoS from 192.168.27.80.
[2015/11/04 11:39:13.607] (INFO) Backed up all server logs.
[2015/11/04 11:39:13.607] (INFO) Checkpointing off-heap server memory...
[2015/11/04 11:39:13.607] (INFO) User "lem3504" logged out.
[2015/11/04 11:39:13.607] (INFO) Backed up all server logs.
[2015/11/04 11:39:13.607] (INFO) Checkpointing off-heap server memory...
[2015/11/04 11:39:13.607] (INFO) Checked file systems for errors: All filesystems OK.
[2015/11/04 11:39:13.607] (INFO) Checked file systems for errors: All filesystems OK.
[2015/11/04 11:39:13.607] (INFO) User "ibi5012" logged in from 10.185.116.89.
[2015/11/04 11:39:13.607] (INFO) Device 0xfc2f is online.
[2015/11/04 11:39:13.607] (INFO) Pinging watchdog timer process: Process is alive.
[2015/11/04 11:39:13.607] (INFO) Supervisor has entered RUNNING state.
[2015/11/04 11:39:13.607] (INFO) Alien monitor (aliend): Detected no space aliens.
[2015/11/04 11:39:13.607] (WARN) Possible cyber-attack from The Cayman Islands.
[2015/11/04 11:39:13.607] (INFO) User "srb8599" logged out.
[2015/11/04 11:39:13.607] (WARN) Backup server 172.16.148.56 is offline.
[2015/11/04 11:39:13.607] (WARN) Unable to ping monitor at 172.16.249.2. Retrying.
[2015/11/04 11:39:13.607] (INFO) Pinging watchdog timer process: Process is alive.
[2015/11/04 11:39:13.607] (INFO) User "iqu2826" logged out.
[2015/11/04 11:39:13.607] (ERROR) Failed to open "/mnt/fileserver01/FOvst86187.csv": NFS timeout.
[2015/11/04 11:39:13.607] (INFO) User "svl2567" logged out due to inactivity (timeout=30 minutes).
[2015/11/04 11:39:13.607] (INFO) User "sjs4117" logged in from 192.168.155.8.
[2015/11/04 11:39:13.607] (INFO) Backed up all server logs.
[2015/11/04 11:39:13.607] (INFO) User "qnl7722" logged out due to inactivity (timeout=30 minutes).
[2015/11/04 11:39:13.607] (INFO) Device 0x2919 is online.
[2015/11/04 11:39:13.607] (INFO) Network heartbeat check: All OK.
[2015/11/04 11:39:13.607] (INFO) User "gqs3613" logged in from 192.168.228.249.
[2015/11/04 11:39:13.607] (INFO) User "bjb7014" logged out.
[2015/11/04 11:39:13.607] (INFO) Waiting for master process (PID 16589) to die.
[2015/11/04 11:39:13.607] (INFO) Waiting for monitor process (PID 26784) to die.
[2015/11/04 11:39:13.607] (INFO) Supervisor has entered RESTARTING state.
[2015/11/04 11:39:13.607] (INFO) Pinging watchdog timer process: Process is alive.
[2015/11/04 11:39:13.607] (INFO) Checked file systems for errors: All filesystems OK.
[2015/11/04 11:39:13.607] (INFO) Waiting for worker process (PID 9938) to die.
[2015/11/04 11:39:13.607] (INFO) Device 0xc5e5 is online.
[2015/11/04 11:39:13.607] (INFO) User "eht6704" logged out due to inactivity (timeout=30 minutes).
[2015/11/04 11:39:13.607] (WARN) Backup server 10.133.202.23 is offline.
[2015/11/04 11:39:13.607] (ERROR) Detected clock skew! Restarting NTP server.
[2015/11/04 11:39:13.607] (INFO) Pinging watchdog timer process: Process is alive.
[2015/11/04 11:39:13.607] (ERROR) Alien monitor (aliend): 2 space aliens are fiddling with the hardware!
[2015/11/04 11:39:13.607] (INFO) Supervisor has entered WAITING state.
[2015/11/04 11:39:13.607] (WARN) Network heartbeat check: 13 server(s) did not respond.
[2015/11/04 11:39:13.607] (INFO) Checked file systems for errors: All filesystems OK.
[2015/11/04 11:39:13.607] (WARN) Retrying server log checkpoint.
[2015/11/04 11:39:13.607] (INFO) Alien monitor (aliend): Detected no space aliens.
[2015/11/04 11:39:13.607] (INFO) Pinging watchdog timer process: Process is alive.
[2015/11/04 11:39:13.607] (INFO) User "zyj4572" logged out.
[2015/11/04 11:39:13.607] (INFO) Sending SIGTERM to 3 excess workers.
[2015/11/04 11:39:13.607] (WARN) Unable to ping worker at 172.16.133.134. Retrying.
[2015/11/04 11:39:13.607] (INFO) Flushed 30 buffers to disk.
[2015/11/04 11:39:13.607] (INFO) User "njj5169" logged in from 172.16.41.158.
[2015/11/04 11:39:13.607] (INFO) User "fah8704" logged out.
[2015/11/04 11:39:13.607] (ERROR) "/var/data/cZcMd87738.parquet": Permission denied (EACCES)
[2015/11/04 11:39:13.607] (INFO) Device 0x60be is online.
[2015/11/04 11:39:13.607] (INFO) Supervisor has entered RESTARTING state.
[2015/11/04 11:39:13.607] (INFO) Sending SIGTERM to 2 excess workers.
[2015/11/04 11:39:13.607] (INFO) Backed up all server logs.
[2015/11/04 11:39:13.607] (INFO) Alien monitor (aliend): Detected no space aliens.
[2015/11/04 11:39:13.607] (INFO) Rolling 6 log file(s)...
[2015/11/04 11:39:13.607] (INFO) Network heartbeat check: All OK.
[2015/11/04 11:39:14.107] (INFO) User "msd5722" logged in from 192.168.90.192.
[2015/11/04 11:39:14.107] (INFO) Pinging watchdog timer process: Process is alive.
[2015/11/04 11:39:14.107] (INFO) Device 0x70c6 is online.
[2015/11/04 11:39:14.107] (INFO) Device 0x3c7c is online.
[2015/11/04 11:39:14.107] (INFO) Rolling 5 log file(s)...
[2015/11/04 11:39:14.107] (INFO) Alien monitor (aliend): Detected no space aliens.
[2015/11/04 11:39:14.107] (WARN) Backup server 192.168.224.2 is offline.
[2015/11/04 11:39:14.107] (ERROR) Alien monitor (aliend): 2 space aliens are fiddling with the hardware!
[2015/11/04 11:39:14.107] (INFO) Rolling 9 log file(s)...
[2015/11/04 11:39:14.107] (INFO) Backed up all server logs.
[2015/11/04 11:39:14.107] (INFO) Checked file systems for errors: All filesystems OK.
[2015/11/04 11:39:14.107] (INFO) Sending SIGTERM to 4 excess workers.
[2015/11/04 11:39:14.107] (INFO) Pinging watchdog timer process: Process is alive.
[2015/11/04 11:39:14.107] (WARN) Network heartbeat check: 18 server(s) did not respond.
[2015/11/04 11:39:14.107] (INFO) Supervisor has entered RESTARTING state.
[2015/11/04 11:39:14.107] (INFO) User "rso8996" logged out.
[2015/11/04 11:39:14.107] (INFO) Supervisor has entered RESTARTING state.
[2015/11/04 11:39:14.107] (INFO) Sending SIGTERM to 3 excess workers.
[2015/11/04 11:39:14.107] (INFO) .evian ylbirret si emehcs otpyrc ym neht ,siht daer nac uoy fI
[2015/11/04 11:39:14.107] (INFO) Sending SIGTERM to 4 excess workers.
[2015/11/04 11:39:14.107] (INFO) Waiting for monitor process (PID 34697) to die.
[2015/11/04 11:39:14.107] (ERROR) EFOODFAIL (Waiter, there's a fly in my soup).
[2015/11/04 11:39:14.107] (INFO) User "qww4148" logged out due to inactivity (timeout=30 minutes).
[2015/11/04 11:39:14.107] (INFO) Sending SIGTERM to 3 excess workers.
[2015/11/04 11:39:14.107] (WARN) CPU temperature exceeds 40º Celsius.
[2015/11/04 11:39:14.107] (INFO) User "cln6635" logged out due to inactivity (timeout=30 minutes).
[2015/11/04 11:39:14.107] (INFO) Rolling 9 log file(s)...
[2015/11/04 11:39:14.107] (INFO) Sending SIGTERM to 3 excess workers.
[2015/11/04 11:39:14.107] (ERROR) Detected clock skew! Restarting NTP server.
[2015/11/04 11:39:14.107] (INFO) User "lsz6461" logged out due to inactivity (timeout=30 minutes).
[2015/11/04 11:39:14.107] (INFO) .evian ylbirret si emehcs otpyrc ym neht ,siht daer nac uoy fI
[2015/11/04 11:39:14.107] (INFO) Backed up all server logs.
[2015/11/04 11:39:14.107] (INFO) Flushed 88 buffers to disk.
[2015/11/04 11:39:14.107] (ERROR) Blocked FTP traffic originating from 172.16.204.68.
[2015/11/04 11:39:14.107] (INFO) Checked file systems for errors: All filesystems OK.
[2015/11/04 11:39:14.107] (INFO) .evian ylbirret si emehcs otpyrc ym neht ,siht daer nac uoy fI
[2015/11/04 11:39:14.107] (ERROR) One of the flayrods has gone out askew on treadle.
[2015/11/04 11:39:14.107] (ERROR) One of the flayrods has gone out askew on treadle.
[2015/11/04 11:39:14.107] (INFO) Alien monitor (aliend): Detected no space aliens.
[2015/11/04 11:39:14.107] (INFO) User "nzf4412" logged in from 192.168.226.208.
[2015/11/04 11:39:14.107] (ERROR) "/var/data/mQHMY72401.csv": No such file or directory (ENOENT)
[2015/11/04 11:39:14.107] (INFO) User "cdy3585" logged out due to inactivity (timeout=30 minutes).
[2015/11/04 11:39:14.107] (INFO) Supervisor has entered RESTARTING state.
[2015/11/04 11:39:14.107] (INFO) Supervisor has entered SUSPENDED state.
[2015/11/04 11:39:14.107] (INFO) Alien monitor (aliend): Detected no space aliens.
[2015/11/04 11:39:14.107] (INFO) Your mother called. She says you never call her.
[2015/11/04 11:39:14.107] (INFO) Alien monitor (aliend): Detected no space aliens.
[2015/11/04 11:39:14.107] (INFO) Network heartbeat check: All OK.
[2015/11/04 11:39:14.107] (INFO) Checked file systems for errors: All filesystems OK.
[2015/11/04 11:39:14.107] (ERROR) Unable to mount /dev/sdd4. (Time to run fsck?)
[2015/11/04 11:39:14.107] (INFO) .evian ylbirret si emehcs otpyrc ym neht ,siht daer nac uoy fI
[2015/11/04 11:39:14.107] (INFO) Flushed 37 buffers to disk.
[2015/11/04 11:39:14.107] (INFO) Alien monitor (aliend): Detected no space aliens.
[2015/11/04 11:39:14.107] (WARN) Unable to ping monitor at 172.16.5.68. Retrying.
[2015/11/04 11:39:14.107] (INFO) User "xjh7124" logged out.
[2015/11/04 11:39:14.107] (INFO) Pinging watchdog timer process: Process is alive.
[2015/11/04 11:39:14.107] (INFO) Checkpointing off-heap server memory...
[2015/11/04 11:39:14.107] (INFO) Checkpointing off-heap server memory...
[2015/11/04 11:39:14.107] (INFO) Network heartbeat check: All OK.
[2015/11/04 11:39:14.107] (INFO) Alien monitor (aliend): Detected no space aliens.
[2015/11/04 11:39:14.107] (INFO) Device 0x1495 is online.
[2015/11/04 11:39:14.107] (INFO) Backed up all server logs.
[2015/11/04 11:39:14.107] (INFO) Your mother called. She says you never call her.
[2015/11/04 11:39:14.107] (INFO) Supervisor has entered WAITING state.
[2015/11/04 11:39:14.107] (INFO) Sending SIGTERM to 2 excess workers.
[2015/11/04 11:39:14.107] (WARN) Possible cyber-attack from a small unnamed island.
[2015/11/04 11:39:14.107] (INFO) Device 0x2527 is online.
[2015/11/04 11:39:14.107] (INFO) Alien monitor (aliend): Detected no space aliens.
[2015/11/04 11:39:14.107] (INFO) Checkpointing off-heap server memory...
[2015/11/04 11:39:14.107] (WARN) Watchdog timer crashed. Restarting it.
[2015/11/04 11:39:14.107] (INFO) Network heartbeat check: All OK.
[2015/11/04 11:39:14.107] (INFO) User "gjh9008" logged out due to inactivity (timeout=30 minutes).
[2015/11/04 11:39:14.107] (INFO) Network heartbeat check: All OK.
[2015/11/04 11:39:14.107] (ERROR) Unable to mount /dev/sdd4. (Time to run fsck?)
[2015/11/04 11:39:14.107] (INFO) Flushed 28 buffers to disk.
[2015/11/04 11:39:14.107] (WARN) Unable to ping monitor at 192.168.203.185. Retrying.
[2015/11/04 11:39:14.107] (INFO) .evian ylbirret si emehcs otpyrc ym neht ,siht daer nac uoy fI
[2015/11/04 11:39:14.107] (ERROR) "/var/data/APIqB55833.csv": No such file or directory (ENOENT)
[2015/11/04 11:39:14.107] (INFO) Supervisor has entered RUNNING state.
[2015/11/04 11:39:14.107] (INFO) Checked file systems for errors: All filesystems OK.
[2015/11/04 11:39:14.107] (ERROR) Unable to mount /dev/sde2. (Time to run fsck?)
[2015/11/04 11:39:14.107] (INFO) Alien monitor (aliend): Detected no space aliens.
[2015/11/04 11:39:14.107] (INFO) Flushed 90 buffers to disk.
[2015/11/04 11:39:14.107] (INFO) .evian ylbirret si emehcs otpyrc ym neht ,siht daer nac uoy fI
[2015/11/04 11:39:14.107] (INFO) Your mother called. She says you never call her.
[2015/11/04 11:39:14.107] (INFO) Sending SIGTERM to 2 excess workers.
[2015/11/04 11:39:14.107] (ERROR) One of the flayrods has gone out askew on treadle.
[2015/11/04 11:39:14.107] (INFO) Backed up all server logs.
[2015/11/04 11:39:14.107] (ERROR) Blocked BitTorrent traffic originating from 192.168.185.77.
[2015/11/04 11:39:14.107] (WARN) Network heartbeat check: 1 server(s) did not respond.
[2015/11/04 11:39:14.107] (INFO) Rolling 2 log file(s)...
[2015/11/04 11:39:14.107] (INFO) Checkpointing off-heap server memory...
[2015/11/04 11:39:14.107] (INFO) .evian ylbirret si emehcs otpyrc ym neht ,siht daer nac uoy fI
[2015/11/04 11:39:14.107] (INFO) Rolling 1 log file(s)...
[2015/11/04 11:39:14.107] (INFO) Supervisor has entered SUSPENDED state.
[2015/11/04 11:39:14.107] (INFO) Device 0x79a4 is online.
[2015/11/04 11:39:14.107] (INFO) User "rzi6369" logged in from 10.35.222.236.
[2015/11/04 11:39:14.107] (WARN) Retrying server log checkpoint.
[2015/11/04 11:39:14.107] (ERROR) Unable to mount /dev/sdc3. (Time to run fsck?)
[2015/11/04 11:39:14.107] (INFO) Pinging watchdog timer process: Process is alive.
[2015/11/04 11:39:14.607] (INFO) .evian ylbirret si emehcs otpyrc ym neht ,siht daer nac uoy fI
[2015/11/04 11:39:14.607] (INFO) Checked file systems for errors: All filesystems OK.
[2015/11/04 11:39:14.607] (INFO) Backed up all server logs.
[2015/11/04 11:39:14.607] (INFO) Your mother called. She says you never call her.
[2015/11/04 11:39:14.607] (INFO) Backed up all server logs.
[2015/11/04 11:39:14.607] (INFO) Rolling 2 log file(s)...
[2015/11/04 11:39:14.607] (INFO) User "kel3398" logged out.
[2015/11/04 11:39:14.607] (ERROR) User "wqp2567" failed to log in 3 times. Disabling account.
[2015/11/04 11:39:14.607] (INFO) User "eeg6271" logged out.
[2015/11/04 11:39:14.607] (INFO) Flushed 48 buffers to disk.
[2015/11/04 11:39:14.607] (INFO) Pinging watchdog timer process: Process is alive.
[2015/11/04 11:39:14.607] (INFO) .evian ylbirret si emehcs otpyrc ym neht ,siht daer nac uoy fI
[2015/11/04 11:39:14.607] (INFO) Backed up all server logs.
[2015/11/04 11:39:14.607] (INFO) Sending SIGTERM to 2 excess workers.
[2015/11/04 11:39:14.607] (INFO) User "qlr5628" logged out due to inactivity (timeout=30 minutes).
[2015/11/04 11:39:14.607] (INFO) Backed up all server logs.
[2015/11/04 11:39:14.607] (INFO) Rolling 6 log file(s)...
[2015/11/04 11:39:14.607] (INFO) Sending SIGTERM to 2 excess workers.
[2015/11/04 11:39:14.607] (INFO) Your mother called. She says you never call her.
[2015/11/04 11:39:14.607] (WARN) Unable to ping worker at 192.168.80.177. Retrying.
[2015/11/04 11:39:14.607] (INFO) Rolling 9 log file(s)...
[2015/11/04 11:39:14.607] (INFO) Pinging watchdog timer process: Process is alive.
[2015/11/04 11:39:14.607] (INFO) Sending SIGTERM to 2 excess workers.
[2015/11/04 11:39:14.607] (INFO) Network heartbeat check: All OK.
[2015/11/04 11:39:14.607] (INFO) Device 0xc748 is online.
[2015/11/04 11:39:14.607] (WARN) Space on disk /dev/sdd2 is low: Only 829 MB available.
[2015/11/04 11:39:14.607] (INFO) Pinging watchdog timer process: Process is alive.
[2015/11/04 11:39:14.607] (ERROR) Alien monitor (aliend): 4 space aliens are fiddling with the hardware!
[2015/11/04 11:39:14.607] (WARN) Dropped 3,785 corrupt data packets.
[2015/11/04 11:39:14.607] (INFO) Rolling 9 log file(s)...
[2015/11/04 11:39:14.607] (INFO) Flushed 73 buffers to disk.
[2015/11/04 11:39:14.607] (ERROR) Unable to mount /dev/sdc2. (Time to run fsck?)
[2015/11/04 11:39:14.607] (INFO) User "uxh5571" logged out.
[2015/11/04 11:39:14.607] (ERROR) Device 0x8af7 is offline
[2015/11/04 11:39:14.607] (INFO) User "dsz7953" logged out due to inactivity (timeout=30 minutes).
[2015/11/04 11:39:14.607] (ERROR) Detected clock skew! Restarting NTP server.
[2015/11/04 11:39:14.607] (INFO) User "fym2016" logged out due to inactivity (timeout=30 minutes).
[2015/11/04 11:39:14.607] (INFO) Flushed 55 buffers to disk.
[2015/11/04 11:39:14.607] (ERROR) Network heartbeat check FAILED: Master host down?
[2015/11/04 11:39:14.607] (ERROR) /dev/lp error: "PC LOAD LETTER"
[2015/11/04 11:39:14.607] (INFO) Pinging watchdog timer process: Process is alive.
[2015/11/04 11:39:14.607] (WARN) Possible cyber-attack from Canada.
[2015/11/04 11:39:14.607] (INFO) Backed up all server logs.
[2015/11/04 11:39:14.607] (INFO) Device 0xa871 is online.
[2015/11/04 11:39:14.607] (INFO) Device 0x41e7 is online.
[2015/11/04 11:39:14.607] (INFO) Sending SIGTERM to 2 excess workers.
[2015/11/04 11:39:14.607] (ERROR) /dev/lp error: "PC LOAD LETTER"
[2015/11/04 11:39:14.607] (INFO) Device 0x9e66 is online.
[2015/11/04 11:39:14.607] (INFO) Rolling 8 log file(s)...
[2015/11/04 11:39:14.607] (INFO) .evian ylbirret si emehcs otpyrc ym neht ,siht daer nac uoy fI
[2015/11/04 11:39:14.607] (WARN) Unable to ping supervisor at 10.155.27.72. Retrying.
[2015/11/04 11:39:14.607] (INFO) Sending SIGTERM to 2 excess workers.
[2015/11/04 11:39:14.607] (ERROR) Unable to mount /dev/sde1. (Time to run fsck?)
[2015/11/04 11:39:14.607] (INFO) Flushed 70 buffers to disk.
[2015/11/04 11:39:14.607] (INFO) Checked file systems for errors: All filesystems OK.
[2015/11/04 11:39:14.607] (INFO) User "cdu6556" logged out due to inactivity (timeout=30 minutes).
[2015/11/04 11:39:14.607] (INFO) Supervisor has entered SUSPENDED state.
[2015/11/04 11:39:14.607] (INFO) Checked file systems for errors: All filesystems OK.
[2015/11/04 11:39:14.607] (INFO) Sending SIGTERM to 4 excess workers.
[2015/11/04 11:39:14.607] (INFO) Device 0x0982 is online.
[2015/11/04 11:39:14.607] (ERROR) Alien monitor (aliend): 2 space aliens are fiddling with the hardware!
[2015/11/04 11:39:14.607] (INFO) Alien monitor (aliend): Detected no space aliens.
[2015/11/04 11:39:14.607] (INFO) Your mother called. She says you never call her.
[2015/11/04 11:39:14.607] (INFO) Flushed 58 buffers to disk.
[2015/11/04 11:39:14.607] (ERROR) Extra characters at end of line.
[2015/11/04 11:39:14.607] (INFO) Pinging watchdog timer process: Process is alive.
[2015/11/04 11:39:14.607] (ERROR) Detected incoming DDoS from 10.207.123.93.
[2015/11/04 11:39:14.607] (INFO) Pinging watchdog timer process: Process is alive.
[2015/11/04 11:39:14.607] (INFO) User "bwx5286" logged in from 10.159.185.89.
[2015/11/04 11:39:14.607] (INFO) Your mother called. She says you never call her.
[2015/11/04 11:39:14.607] (ERROR) EFOODFAIL (Waiter, there's a fly in my soup).
[2015/11/04 11:39:14.607] (INFO) Checked file systems for errors: All filesystems OK.
[2015/11/04 11:39:14.607] (INFO) User "ytw7092" logged out due to inactivity (timeout=30 minutes).
[2015/11/04 11:39:14.607] (INFO) Pinging watchdog timer process: Process is alive.
[2015/11/04 11:39:14.607] (INFO) Sending SIGTERM to 2 excess workers.
[2015/11/04 11:39:14.607] (WARN) Ignoring SIGTERM. It's not that easy to get rid of me.
[2015/11/04 11:39:14.607] (INFO) User "dfc9858" logged out.
[2015/11/04 11:39:14.607] (WARN) CPU temperature exceeds 40º Celsius.
[2015/11/04 11:39:14.607] (INFO) Rolling 3 log file(s)...
[2015/11/04 11:39:14.607] (ERROR) Unable to authenticate user "txn6632": LDAP server isn't responding.
[2015/11/04 11:39:14.607] (INFO) Rolling 2 log file(s)...
[2015/11/04 11:39:14.607] (WARN) Network heartbeat check: 12 server(s) did not respond.
[2015/11/04 11:39:14.607] (INFO) Your mother called. She says you never call her.
[2015/11/04 11:39:14.607] (INFO) Supervisor has entered RUNNING state.
[2015/11/04 11:39:14.607] (INFO) Alien monitor (aliend): Detected no space aliens.
[2015/11/04 11:39:14.607] (INFO) Alien monitor (aliend): Detected no space aliens.
[2015/11/04 11:39:14.607] (INFO) Checked file systems for errors: All filesystems OK.
[2015/11/04 11:39:14.607] (INFO) User "dqc4827" logged in from 192.168.240.119.
[2015/11/04 11:39:14.607] (INFO) User "sjx1440" logged out due to inactivity (timeout=30 minutes).
[2015/11/04 11:39:14.607] (INFO) Checkpointing off-heap server memory...
[2015/11/04 11:39:14.607] (INFO) User "zfa6831" logged out due to inactivity (timeout=30 minutes).
[2015/11/04 11:39:14.607] (INFO) Flushed 73 buffers to disk.
[2015/11/04 11:39:14.607] (INFO) User "hzy2796" logged out due to inactivity (timeout=30 minutes).
[2015/11/04 11:39:14.607] (INFO) Rolling 4 log file(s)...
[2015/11/04 11:39:14.607] (INFO) Your mother called. She says you never call her.
[2015/11/04 11:39:14.607] (ERROR) Server log backup FAILED. See backup logs.
[2015/11/04 11:39:14.607] (INFO) Waiting for monitor process (PID 63603) to die.
[2015/11/04 11:39:14.607] (INFO) User "aat7637" logged in from 10.75.36.54.
[2015/11/04 11:39:14.607] (INFO) User "mxb2353" logged out.
[2015/11/04 11:39:14.607] (INFO) User "sjr6556" logged out.
[2015/11/04 11:39:15.107] (INFO) User "uey7083" logged out.
[2015/11/04 11:39:15.107] (INFO) Checked file systems for errors: All filesystems OK.
[2015/11/04 11:39:15.107] (WARN) Unable to ping supervisor at 192.168.38.233. Retrying.
[2015/11/04 11:39:15.107] (INFO) Waiting for master process (PID 25801) to die.
[2015/11/04 11:39:15.107] (INFO) Your mother called. She says you never call her.
[2015/11/04 11:39:15.107] (INFO) Device 0x7bb6 is online.
[2015/11/04 11:39:15.107] (WARN) Possible cyber-attack from Canada.
[2015/11/04 11:39:15.107] (WARN) Master took 586 ms to respond (threshold=500 ms)
[2015/11/04 11:39:15.107] (INFO) Checkpointing off-heap server memory...
[2015/11/04 11:39:15.107] (INFO) Device 0xc10d is online.
[2015/11/04 11:39:15.107] (INFO) Checked file systems for errors: All filesystems OK.
[2015/11/04 11:39:15.107] (INFO) Checked file systems for errors: All filesystems OK.
[2015/11/04 11:39:15.107] (INFO) Checkpointing off-heap server memory...
[2015/11/04 11:39:15.107] (WARN) Backup server 172.16.180.6 is offline.
[2015/11/04 11:39:15.107] (ERROR) Device 0x35a6 is offline
[2015/11/04 11:39:15.107] (INFO) Pinging watchdog timer process: Process is alive.
[2015/11/04 11:39:15.107] (INFO) User "utx1098" logged out due to inactivity (timeout=30 minutes).
[2015/11/04 11:39:15.107] (WARN) Ignoring SIGTERM. It's not that easy to get rid of me.
[2015/11/04 11:39:15.107] (INFO) Waiting for worker process (PID 51576) to die.
[2015/11/04 11:39:15.107] (INFO) Network heartbeat check: All OK.
[2015/11/04 11:39:15.107] (INFO) Sending SIGTERM to 2 excess workers.
[2015/11/04 11:39:15.107] (INFO) Sending SIGTERM to 4 excess workers.
[2015/11/04 11:39:15.107] (INFO) .evian ylbirret si emehcs otpyrc ym neht ,siht daer nac uoy fI
[2015/11/04 11:39:15.107] (INFO) Waiting for master process (PID 36452) to die.
[2015/11/04 11:39:15.107] (INFO) User "qlw1315" logged out due to inactivity (timeout=30 minutes).
[2015/11/04 11:39:15.107] (WARN) There is no such thing as a free lunch.
[2015/11/04 11:39:15.107] (INFO) Flushed 33 buffers to disk.
[2015/11/04 11:39:15.107] (INFO) Your mother called. She says you never call her.
[2015/11/04 11:39:15.107] (ERROR) User "wpx1641" failed to log in 3 times. Disabling account.
[2015/11/04 11:39:15.107] (WARN) Network heartbeat check: 10 server(s) did not respond.
[2015/11/04 11:39:15.107] (INFO) User "hjc1358" logged out due to inactivity (timeout=30 minutes).
[2015/11/04 11:39:15.107] (INFO) .evian ylbirret si emehcs otpyrc ym neht ,siht daer nac uoy fI
[2015/11/04 11:39:15.107] (INFO) Supervisor has entered WAITING state.
[2015/11/04 11:39:15.107] (INFO) Flushed 24 buffers to disk.
[2015/11/04 11:39:15.107] (INFO) Checked file systems for errors: All filesystems OK.
[2015/11/04 11:39:15.107] (INFO) User "jgq2315" logged out due to inactivity (timeout=30 minutes).
[2015/11/04 11:39:15.107] (ERROR) Extra characters at end of line.
[2015/11/04 11:39:15.107] (INFO) Sending SIGTERM to 3 excess workers.
[2015/11/04 11:39:15.107] (INFO) Checked file systems for errors: All filesystems OK.
[2015/11/04 11:39:15.107] (INFO) Rolling 3 log file(s)...
[2015/11/04 11:39:15.107] (INFO) User "ptg1830" logged in from 192.168.87.131.
[2015/11/04 11:39:15.107] (INFO) Network heartbeat check: All OK.
[2015/11/04 11:39:15.107] (INFO) Flushed 30 buffers to disk.
[2015/11/04 11:39:15.107] (INFO) Network heartbeat check: All OK.
[2015/11/04 11:39:15.107] (INFO) Waiting for supervisor process (PID 49456) to die.
[2015/11/04 11:39:15.107] (INFO) .evian ylbirret si emehcs otpyrc ym neht ,siht daer nac uoy fI
[2015/11/04 11:39:15.107] (INFO) .evian ylbirret si emehcs otpyrc ym neht ,siht daer nac uoy fI
[2015/11/04 11:39:15.107] (INFO) User "mrx3846" logged in from 172.16.74.127.
[2015/11/04 11:39:15.107] (INFO) Rolling 6 log file(s)...
[2015/11/04 11:39:15.107] (INFO) Waiting for worker process (PID 36664) to die.
[2015/11/04 11:39:15.107] (INFO) User "yts9463" logged out.
[2015/11/04 11:39:15.107] (INFO) Network heartbeat check: All OK.
[2015/11/04 11:39:15.107] (WARN) CPU temperature exceeds 40º Celsius.
[2015/11/04 11:39:15.107] (INFO) Supervisor has entered RUNNING state.
[2015/11/04 11:39:15.107] (INFO) Sending SIGTERM to 3 excess workers.
[2015/11/04 11:39:15.107] (INFO) Backed up all server logs.
[2015/11/04 11:39:15.107] (INFO) User "dnh8866" logged in from 10.144.224.2.
[2015/11/04 11:39:15.107] (INFO) Sending SIGTERM to 2 excess workers.
[2015/11/04 11:39:15.107] (INFO) Flushed 60 buffers to disk.
[2015/11/04 11:39:15.107] (WARN) Master took 951 ms to respond (threshold=500 ms)
[2015/11/04 11:39:15.107] (INFO) Pinging watchdog timer process: Process is alive.
[2015/11/04 11:39:15.107] (INFO) Backed up all server logs.
[2015/11/04 11:39:15.107] (INFO) Flushed 28 buffers to disk.
[2015/11/04 11:39:15.107] (INFO) Checkpointing off-heap server memory...
[2015/11/04 11:39:15.107] (INFO) .evian ylbirret si emehcs otpyrc ym neht ,siht daer nac uoy fI
[2015/11/04 11:39:15.107] (WARN) Watchdog timer crashed. Restarting it.
[2015/11/04 11:39:15.107] (WARN) Backup server 172.16.228.95 is offline.
[2015/11/04 11:39:15.107] (INFO) User "oxb1893" logged out.
[2015/11/04 11:39:15.107] (WARN) Network heartbeat check: 16 server(s) did not respond.
[2015/11/04 11:39:15.107] (INFO) Waiting for worker process (PID 12399) to die.
[2015/11/04 11:39:15.107] (INFO) Supervisor has entered RESTARTING state.
[2015/11/04 11:39:15.108] (INFO) Supervisor has entered RESTARTING state.
[2015/11/04 11:39:15.108] (INFO) .evian ylbirret si emehcs otpyrc ym neht ,siht daer nac uoy fI
[2015/11/04 11:39:15.108] (ERROR) Network heartbeat check FAILED: Master host down?
[2015/11/04 11:39:15.108] (INFO) Sending SIGTERM to 3 excess workers.
[2015/11/04 11:39:15.108] (INFO) Rolling 2 log file(s)...
[2015/11/04 11:39:15.108] (INFO) Device 0xde00 is online.
[2015/11/04 11:39:15.108] (INFO) .evian ylbirret si emehcs otpyrc ym neht ,siht daer nac uoy fI
[2015/11/04 11:39:15.108] (INFO) Sending SIGTERM to 3 excess workers.
[2015/11/04 11:39:15.108] (INFO) Flushed 62 buffers to disk.
[2015/11/04 11:39:15.108] (INFO) Sending SIGTERM to 2 excess workers.
[2015/11/04 11:39:15.108] (ERROR) User "pgg5829" failed to log in 3 times. Disabling account.
[2015/11/04 11:39:15.108] (INFO) Your mother called. She says you never call her.
[2015/11/04 11:39:15.108] (INFO) .evian ylbirret si emehcs otpyrc ym neht ,siht daer nac uoy fI
[2015/11/04 11:39:15.108] (WARN) CPU temperature exceeds 40º Celsius.
[2015/11/04 11:39:15.108] (WARN) Backup server 192.168.202.101 is offline.
[2015/11/04 11:39:15.108] (INFO) Alien monitor (aliend): Detected no space aliens.
[2015/11/04 11:39:15.108] (INFO) Backed up all server logs.
[2015/11/04 11:39:15.108] (INFO) User "zre3910" logged in from 192.168.190.78.
[2015/11/04 11:39:15.108] (ERROR) CPU temperature exceeds 50º Celsius. Shutting down.
[2015/11/04 11:39:15.108] (INFO) Your mother called. She says you never call her.
[2015/11/04 11:39:15.108] (WARN) Dropped 1,486 corrupt data packets.
[2015/11/04 11:39:15.108] (ERROR) Unable to mount /dev/sdb3. (Time to run fsck?)
[2015/11/04 11:39:15.108] (INFO) Your mother called. She says you never call her.
[2015/11/04 11:39:15.108] (INFO) Pinging watchdog timer process: Process is alive.
[2015/11/04 11:39:15.108] (WARN) Watchdog timer crashed. Restarting it.
[2015/11/04 11:39:15.108] (ERROR) "/var/data/Oacwx64817.tar.gz": Permission denied (EACCES)
[2015/11/04 11:39:15.108] (INFO) Checked file systems for errors: All filesystems OK.
[2015/11/04 11:39:15.108] (INFO) Rolling 5 log file(s)...
[2015/11/04 11:39:15.108] (INFO) User "tmr3444" logged in from 192.168.4.95.
[2015/11/04 11:39:15.607] (INFO) User "rex6522" logged in from 10.45.3.106.
[2015/11/04 11:39:15.607] (INFO) User "dvq6049" logged in from 172.16.157.162.
[2015/11/04 11:39:15.607] (INFO) Waiting for master process (PID 22956) to die.
[2015/11/04 11:39:15.607] (WARN) There is no such thing as a free lunch.
[2015/11/04 11:39:15.607] (INFO) Pinging watchdog timer process: Process is alive.
[2015/11/04 11:39:15.607] (INFO) Checkpointing off-heap server memory...
[2015/11/04 11:39:15.607] (INFO) Sending SIGTERM to 3 excess workers.
[2015/11/04 11:39:15.607] (INFO) User "pbc2604" logged in from 172.16.128.111.
[2015/11/04 11:39:15.607] (ERROR) Extra characters at end of line.
[2015/11/04 11:39:15.607] (INFO) Checkpointing off-heap server memory...
[2015/11/04 11:39:15.607] (INFO) Checkpointing off-heap server memory...
[2015/11/04 11:39:15.607] (WARN) Watchdog timer crashed. Restarting it.
[2015/11/04 11:39:15.607] (INFO) User "wte6251" logged in from 192.168.98.203.
[2015/11/04 11:39:15.607] (ERROR) Unable to mount /dev/sdc1. (Time to run fsck?)
[2015/11/04 11:39:15.607] (INFO) Network heartbeat check: All OK.
[2015/11/04 11:39:15.607] (INFO) Backed up all server logs.
[2015/11/04 11:39:15.607] (INFO) Supervisor has entered SUSPENDED state.
[2015/11/04 11:39:15.607] (ERROR) CPU temperature exceeds 50º Celsius. Shutting down.
[2015/11/04 11:39:15.607] (INFO) Rolling 7 log file(s)...
[2015/11/04 11:39:15.607] (INFO) .evian ylbirret si emehcs otpyrc ym neht ,siht daer nac uoy fI
[2015/11/04 11:39:15.607] (INFO) Supervisor has entered WAITING state.
[2015/11/04 11:39:15.607] (INFO) User "xql5158" logged out due to inactivity (timeout=30 minutes).
[2015/11/04 11:39:15.607] (INFO) Network heartbeat check: All OK.
[2015/11/04 11:39:15.607] (INFO) Waiting for worker process (PID 62516) to die.
[2015/11/04 11:39:15.607] (WARN) Retrying server log checkpoint.
[2015/11/04 11:39:15.607] (INFO) Pinging watchdog timer process: Process is alive.
[2015/11/04 11:39:15.607] (INFO) Supervisor has entered WAITING state.
[2015/11/04 11:39:15.607] (INFO) Rolling 6 log file(s)...
[2015/11/04 11:39:15.607] (INFO) Network heartbeat check: All OK.
[2015/11/04 11:39:15.607] (INFO) User "oht8148" logged in from 172.16.113.1.
[2015/11/04 11:39:15.607] (INFO) Your mother called. She says you never call her.
[2015/11/04 11:39:15.607] (INFO) Network heartbeat check: All OK.
[2015/11/04 11:39:15.607] (INFO) User "iof8812" logged out due to inactivity (timeout=30 minutes).
[2015/11/04 11:39:15.607] (INFO) Flushed 69 buffers to disk.
[2015/11/04 11:39:15.607] (INFO) Network heartbeat check: All OK.
[2015/11/04 11:39:15.607] (INFO) Backed up all server logs.
[2015/11/04 11:39:15.607] (INFO) User "pkh1510" logged out due to inactivity (timeout=30 minutes).
[2015/11/04 11:39:15.607] (INFO) Rolling 4 log file(s)...
[2015/11/04 11:39:15.607] (INFO) Rolling 3 log file(s)...
[2015/11/04 11:39:15.607] (INFO) Network heartbeat check: All OK.
[2015/11/04 11:39:15.607] (INFO) Rolling 7 log file(s)...
[2015/11/04 11:39:15.607] (INFO) Alien monitor (aliend): Detected no space aliens.
[2015/11/04 11:39:15.607] (INFO) Your mother called. She says you never call her.
[2015/11/04 11:39:15.607] (INFO) Supervisor has entered RESTARTING state.
[2015/11/04 11:39:15.607] (INFO) Supervisor has entered SUSPENDED state.
[2015/11/04 11:39:15.607] (WARN) Space on disk /dev/sde2 is low: Only 592 MB available.
[2015/11/04 11:39:15.607] (INFO) Your mother called. She says you never call her.
[2015/11/04 11:39:15.607] (INFO) User "mnx8358" logged out.
[2015/11/04 11:39:15.607] (WARN) Ignoring SIGTERM. It's not that easy to get rid of me.
[2015/11/04 11:39:15.607] (INFO) Device 0x6c57 is online.
[2015/11/04 11:39:15.607] (INFO) Backed up all server logs.
[2015/11/04 11:39:15.607] (WARN) Dropped 3,821 corrupt data packets.
[2015/11/04 11:39:15.607] (INFO) Device 0xca2a is online.
[2015/11/04 11:39:15.607] (INFO) Network heartbeat check: All OK.
[2015/11/04 11:39:15.607] (INFO) Network heartbeat check: All OK.
[2015/11/04 11:39:15.607] (INFO) Alien monitor (aliend): Detected no space aliens.
[2015/11/04 11:39:15.607] (INFO) User "ldm1661" logged out.
[2015/11/04 11:39:15.607] (INFO) .evian ylbirret si emehcs otpyrc ym neht ,siht daer nac uoy fI
[2015/11/04 11:39:15.607] (INFO) Backed up all server logs.
[2015/11/04 11:39:15.607] (INFO) User "xit5965" logged in from 172.16.51.115.
[2015/11/04 11:39:15.607] (INFO) Network heartbeat check: All OK.
[2015/11/04 11:39:15.607] (INFO) Flushed 59 buffers to disk.
[2015/11/04 11:39:15.607] (INFO) Backed up all server logs.
[2015/11/04 11:39:15.607] (ERROR) Blocked FTP traffic originating from 192.168.174.51.
[2015/11/04 11:39:15.607] (INFO) User "tbu1939" logged out.
[2015/11/04 11:39:15.607] (INFO) .evian ylbirret si emehcs otpyrc ym neht ,siht daer nac uoy fI
[2015/11/04 11:39:15.607] (INFO) Rolling 6 log file(s)...
[2015/11/04 11:39:15.607] (INFO) .evian ylbirret si emehcs otpyrc ym neht ,siht daer nac uoy fI
[2015/11/04 11:39:15.607] (INFO) Alien monitor (aliend): Detected no space aliens.
[2015/11/04 11:39:15.607] (INFO) Rolling 1 log file(s)...
[2015/11/04 11:39:15.607] (INFO) Supervisor has entered WAITING state.
[2015/11/04 11:39:15.607] (INFO) Backed up all server logs.
[2015/11/04 11:39:15.607] (INFO) User "ycb4927" logged out.
[2015/11/04 11:39:15.607] (INFO) User "ptg4580" logged out due to inactivity (timeout=30 minutes).
[2015/11/04 11:39:15.607] (INFO) .evian ylbirret si emehcs otpyrc ym neht ,siht daer nac uoy fI
[2015/11/04 11:39:15.607] (INFO) Flushed 27 buffers to disk.
[2015/11/04 11:39:15.607] (INFO) Checked file systems for errors: All filesystems OK.
[2015/11/04 11:39:15.607] (INFO) Supervisor has entered RUNNING state.
[2015/11/04 11:39:15.607] (INFO) Flushed 97 buffers to disk.
[2015/11/04 11:39:15.607] (INFO) User "cys4620" logged out.
[2015/11/04 11:39:15.607] (ERROR) Extra characters at end of line.
[2015/11/04 11:39:15.607] (WARN) Unable to ping monitor at 192.168.144.63. Retrying.
[2015/11/04 11:39:15.607] (INFO) Pinging watchdog timer process: Process is alive.
[2015/11/04 11:39:15.607] (INFO) Waiting for supervisor process (PID 19812) to die.
[2015/11/04 11:39:15.607] (INFO) Supervisor has entered WAITING state.
[2015/11/04 11:39:15.607] (INFO) Network heartbeat check: All OK.
[2015/11/04 11:39:15.607] (INFO) User "ydz3809" logged out due to inactivity (timeout=30 minutes).
[2015/11/04 11:39:15.607] (INFO) Backed up all server logs.
[2015/11/04 11:39:15.607] (INFO) Sending SIGTERM to 2 excess workers.
[2015/11/04 11:39:15.607] (ERROR) Device 0x36ee is offline
[2015/11/04 11:39:15.607] (INFO) .evian ylbirret si emehcs otpyrc ym neht ,siht daer nac uoy fI
[2015/11/04 11:39:15.607] (INFO) Network heartbeat check: All OK.
[2015/11/04 11:39:15.608] (INFO) Pinging watchdog timer process: Process is alive.
[2015/11/04 11:39:15.608] (INFO) User "dhl4454" logged out due to inactivity (timeout=30 minutes).
[2015/11/04 11:39:15.608] (WARN) There is no such thing as a free lunch.
[2015/11/04 11:39:15.608] (WARN) There is no such thing as a free lunch.
[2015/11/04 11:39:15.608] (INFO) Sending SIGTERM to 3 excess workers.
[2015/11/04 11:39:15.608] (INFO) Your mother called. She says you never call her.
[2015/11/04 11:39:15.608] (INFO) Waiting for monitor process (PID 14930) to die.
[2015/11/04 11:39:15.608] (ERROR) CPU temperature exceeds 50º Celsius. Shutting down.
[2015/11/04 11:39:16.106] (INFO) User "tgf9179" logged out.
[2015/11/04 11:39:16.107] (INFO) Flushed 99 buffers to disk.
[2015/11/04 11:39:16.107] (WARN) Space on disk /dev/sdf4 is low: Only 569 MB available.
[2015/11/04 11:39:16.107] (INFO) Your mother called. She says you never call her.
[2015/11/04 11:39:16.107] (WARN) Master took 637 ms to respond (threshold=500 ms)
[2015/11/04 11:39:16.107] (INFO) Flushed 86 buffers to disk.
[2015/11/04 11:39:16.107] (INFO) Pinging watchdog timer process: Process is alive.
[2015/11/04 11:39:16.107] (WARN) Network heartbeat check: 1 server(s) did not respond.
[2015/11/04 11:39:16.107] (WARN) Watchdog timer crashed. Restarting it.
[2015/11/04 11:39:16.107] (INFO) Backed up all server logs.
[2015/11/04 11:39:16.107] (INFO) Checkpointing off-heap server memory...
[2015/11/04 11:39:16.107] (INFO) Pinging watchdog timer process: Process is alive.
[2015/11/04 11:39:16.107] (INFO) Your mother called. She says you never call her.
[2015/11/04 11:39:16.107] (INFO) Flushed 84 buffers to disk.
[2015/11/04 11:39:16.107] (ERROR) Detected clock skew! Restarting NTP server.
[2015/11/04 11:39:16.107] (INFO) Waiting for worker process (PID 51718) to die.
[2015/11/04 11:39:16.107] (INFO) .evian ylbirret si emehcs otpyrc ym neht ,siht daer nac uoy fI
[2015/11/04 11:39:16.107] (INFO) Waiting for worker process (PID 958) to die.
[2015/11/04 11:39:16.107] (INFO) Your mother called. She says you never call her.
[2015/11/04 11:39:16.107] (INFO) Backed up all server logs.
[2015/11/04 11:39:16.107] (INFO) Backed up all server logs.
[2015/11/04 11:39:16.107] (INFO) User "afl1582" logged out.
[2015/11/04 11:39:16.107] (INFO) Alien monitor (aliend): Detected no space aliens.
[2015/11/04 11:39:16.107] (INFO) Waiting for supervisor process (PID 40793) to die.
[2015/11/04 11:39:16.107] (INFO) Flushed 33 buffers to disk.
[2015/11/04 11:39:16.107] (ERROR) Worker 6 died with SIGBUS. Restarting it.
[2015/11/04 11:39:16.107] (WARN) Retrying server log checkpoint.
[2015/11/04 11:39:16.107] (INFO) .evian ylbirret si emehcs otpyrc ym neht ,siht daer nac uoy fI
[2015/11/04 11:39:16.107] (INFO) Rolling 4 log file(s)...
[2015/11/04 11:39:16.107] (INFO) Backed up all server logs.
[2015/11/04 11:39:16.107] (INFO) Flushed 32 buffers to disk.
[2015/11/04 11:39:16.107] (INFO) Checkpointing off-heap server memory...
[2015/11/04 11:39:16.107] (INFO) Checked file systems for errors: All filesystems OK.
[2015/11/04 11:39:16.107] (WARN) Network heartbeat check: 19 server(s) did not respond.
[2015/11/04 11:39:16.107] (INFO) Waiting for master process (PID 26445) to die.
[2015/11/04 11:39:16.107] (INFO) Your mother called. She says you never call her.
[2015/11/04 11:39:16.107] (INFO) Backed up all server logs.
[2015/11/04 11:39:16.107] (INFO) Backed up all server logs.
[2015/11/04 11:39:16.107] (INFO) User "pju1221" logged out.
[2015/11/04 11:39:16.107] (INFO) Waiting for worker process (PID 26816) to die.
[2015/11/04 11:39:16.107] (INFO) Pinging watchdog timer process: Process is alive.
[2015/11/04 11:39:16.107] (INFO) Rolling 6 log file(s)...
[2015/11/04 11:39:16.107] (INFO) User "tzf9941" logged out due to inactivity (timeout=30 minutes).
[2015/11/04 11:39:16.107] (WARN) Dropped 9,146 corrupt data packets.
[2015/11/04 11:39:16.107] (INFO) Alien monitor (aliend): Detected no space aliens.
[2015/11/04 11:39:16.107] (INFO) Supervisor has entered RESTARTING state.
[2015/11/04 11:39:16.107] (INFO) Backed up all server logs.
[2015/11/04 11:39:16.107] (INFO) Waiting for supervisor process (PID 38583) to die.
[2015/11/04 11:39:16.107] (WARN) Dropped 5,187 corrupt data packets.
[2015/11/04 11:39:16.107] (INFO) Network heartbeat check: All OK.
[2015/11/04 11:39:16.107] (INFO) Backed up all server logs.
[2015/11/04 11:39:16.107] (INFO) Your mother called. She says you never call her.
[2015/11/04 11:39:16.107] (WARN) Space on disk /dev/sdb2 is low: Only 655 MB available.
[2015/11/04 11:39:16.107] (INFO) Supervisor has entered WAITING state.
[2015/11/04 11:39:16.107] (INFO) Checkpointing off-heap server memory...
[2015/11/04 11:39:16.107] (ERROR) One of the flayrods has gone out askew on treadle.
[2015/11/04 11:39:16.107] (ERROR) Unable to authenticate user "uyb6242": LDAP server isn't responding.
[2015/11/04 11:39:16.107] (INFO) User "hmm1144" logged out.
[2015/11/04 11:39:16.107] (INFO) Backed up all server logs.
[2015/11/04 11:39:16.107] (INFO) Flushed 41 buffers to disk.
[2015/11/04 11:39:16.107] (INFO) User "hfp8637" logged in from 172.16.192.46.
[2015/11/04 11:39:16.107] (INFO) Waiting for master process (PID 20456) to die.
[2015/11/04 11:39:16.107] (ERROR) Failed to write checkpoint file "/var/checkpoint/NVsUN99948: No space left on device (ENOSPC)
[2015/11/04 11:39:16.107] (INFO) Backed up all server logs.
[2015/11/04 11:39:16.107] (INFO) Rolling 7 log file(s)...
[2015/11/04 11:39:16.107] (INFO) Rolling 1 log file(s)...
[2015/11/04 11:39:16.107] (ERROR) User "uev7260" failed to log in 3 times. Disabling account.
[2015/11/04 11:39:16.107] (WARN) There is no such thing as a free lunch.
[2015/11/04 11:39:16.107] (INFO) Device 0x10f9 is online.
[2015/11/04 11:39:16.107] (INFO) User "qdq7115" logged out due to inactivity (timeout=30 minutes).
[2015/11/04 11:39:16.107] (INFO) Checkpointing off-heap server memory...
[2015/11/04 11:39:16.107] (INFO) User "led6954" logged in from 10.230.212.165.
[2015/11/04 11:39:16.107] (INFO) Supervisor has entered WAITING state.
[2015/11/04 11:39:16.107] (INFO) Backed up all server logs.
[2015/11/04 11:39:16.107] (WARN) Backup server 192.168.77.50 is offline.
[2015/11/04 11:39:16.107] (INFO) Your mother called. She says you never call her.
[2015/11/04 11:39:16.107] (WARN) There is no such thing as a free lunch.
[2015/11/04 11:39:16.107] (WARN) Backup server 172.16.97.232 is offline.
[2015/11/04 11:39:16.107] (INFO) Waiting for master process (PID 2795) to die.
[2015/11/04 11:39:16.107] (INFO) Pinging watchdog timer process: Process is alive.
[2015/11/04 11:39:16.107] (INFO) Backed up all server logs.
[2015/11/04 11:39:16.107] (INFO) Sending SIGTERM to 4 excess workers.
[2015/11/04 11:39:16.107] (WARN) Dropped 5,371 corrupt data packets.
[2015/11/04 11:39:16.107] (ERROR) Unable to mount /dev/sdf3. (Time to run fsck?)
[2015/11/04 11:39:16.107] (WARN) There is no such thing as a free lunch.
[2015/11/04 11:39:16.107] (INFO) Rolling 6 log file(s)...
[2015/11/04 11:39:16.107] (INFO) Checkpointing off-heap server memory...
[2015/11/04 11:39:16.107] (INFO) Checkpointing off-heap server memory...
[2015/11/04 11:39:16.107] (INFO) Backed up all server logs.
[2015/11/04 11:39:16.107] (INFO) Flushed 50 buffers to disk.
[2015/11/04 11:39:16.107] (INFO) User "sdt8198" logged out due to inactivity (timeout=30 minutes).
[2015/11/04 11:39:16.107] (INFO) Waiting for monitor process (PID 20879) to die.
[2015/11/04 11:39:16.107] (ERROR) Directory index of "/var/data" is forbidden.
[2015/11/04 11:39:16.107] (INFO) .evian ylbirret si emehcs otpyrc ym neht ,siht daer nac uoy fI
[2015/11/04 11:39:16.107] (INFO) Network heartbeat check: All OK.
[2015/11/04 11:39:16.107] (INFO) Your mother called. She says you never call her.
[2015/11/04 11:39:16.107] (INFO) User "qmj6436" logged out due to inactivity (timeout=30 minutes).
[2015/11/04 11:39:16.107] (INFO) Checkpointing off-heap server memory...
[2015/11/04 11:39:16.107] (INFO) Network heartbeat check: All OK.
[2015/11/04 11:39:16.107] (INFO) Flushed 84 buffers to disk.
[2015/11/04 11:39:16.607] (ERROR) Unable to mount /dev/sdd3. (Time to run fsck?)
[2015/11/04 11:39:16.607] (WARN) Retrying server log checkpoint.
[2015/11/04 11:39:16.607] (WARN) Watchdog timer crashed. Restarting it.
[2015/11/04 11:39:16.607] (WARN) Ignoring SIGTERM. It's not that easy to get rid of me.
[2015/11/04 11:39:16.607] (INFO) User "zhi7796" logged in from 10.224.56.80.
[2015/11/04 11:39:16.607] (INFO) Your mother called. She says you never call her.
[2015/11/04 11:39:16.607] (WARN) Ignoring SIGTERM. It's not that easy to get rid of me.
[2015/11/04 11:39:16.607] (INFO) User "sml5008" logged out.
[2015/11/04 11:39:16.607] (INFO) Pinging watchdog timer process: Process is alive.
[2015/11/04 11:39:16.607] (INFO) .evian ylbirret si emehcs otpyrc ym neht ,siht daer nac uoy fI
[2015/11/04 11:39:16.607] (INFO) Backed up all server logs.
[2015/11/04 11:39:16.607] (INFO) Waiting for worker process (PID 30307) to die.
[2015/11/04 11:39:16.608] (INFO) Flushed 71 buffers to disk.
[2015/11/04 11:39:16.608] (INFO) Flushed 32 buffers to disk.
[2015/11/04 11:39:16.608] (INFO) Rolling 1 log file(s)...
[2015/11/04 11:39:16.608] (INFO) Checked file systems for errors: All filesystems OK.
[2015/11/04 11:39:16.608] (INFO) Pinging watchdog timer process: Process is alive.
[2015/11/04 11:39:16.608] (INFO) Rolling 2 log file(s)...
[2015/11/04 11:39:16.608] (ERROR) Failed to open "/mnt/fileserver01/wQNUR90600.tar.gz": NFS timeout.
[2015/11/04 11:39:16.608] (INFO) Sending SIGTERM to 4 excess workers.
[2015/11/04 11:39:16.608] (INFO) User "fle5006" logged out.
[2015/11/04 11:39:16.608] (INFO) Waiting for supervisor process (PID 60971) to die.
[2015/11/04 11:39:16.608] (INFO) Alien monitor (aliend): Detected no space aliens.
[2015/11/04 11:39:16.608] (INFO) User "aug6244" logged in from 10.101.227.206.
[2015/11/04 11:39:16.608] (INFO) Sending SIGTERM to 2 excess workers.
[2015/11/04 11:39:16.608] (INFO) Alien monitor (aliend): Detected no space aliens.
[2015/11/04 11:39:16.608] (INFO) Waiting for master process (PID 37335) to die.
[2015/11/04 11:39:16.608] (INFO) Waiting for worker process (PID 25301) to die.
[2015/11/04 11:39:16.608] (INFO) Flushed 77 buffers to disk.
[2015/11/04 11:39:16.608] (INFO) Checkpointing off-heap server memory...
[2015/11/04 11:39:16.608] (INFO) Your mother called. She says you never call her.
[2015/11/04 11:39:16.608] (WARN) Unable to ping supervisor at 10.23.116.164. Retrying.
[2015/11/04 11:39:16.608] (INFO) Rolling 9 log file(s)...
[2015/11/04 11:39:16.608] (ERROR) Unable to write to "/var/data/kDvqW54420.txt": Permission denied (EACCES)
[2015/11/04 11:39:16.608] (INFO) Device 0x8a9d is online.
[2015/11/04 11:39:16.608] (INFO) Waiting for monitor process (PID 47358) to die.
[2015/11/04 11:39:16.608] (INFO) .evian ylbirret si emehcs otpyrc ym neht ,siht daer nac uoy fI
[2015/11/04 11:39:16.608] (INFO) Sending SIGTERM to 4 excess workers.
[2015/11/04 11:39:16.608] (INFO) Rolling 1 log file(s)...
[2015/11/04 11:39:16.608] (INFO) User "asw6047" logged in from 10.230.105.118.
[2015/11/04 11:39:16.608] (INFO) Pinging watchdog timer process: Process is alive.
[2015/11/04 11:39:16.608] (INFO) Alien monitor (aliend): Detected no space aliens.
[2015/11/04 11:39:16.608] (INFO) User "ley9956" logged in from 10.209.49.102.
[2015/11/04 11:39:16.608] (INFO) Waiting for master process (PID 62630) to die.
[2015/11/04 11:39:16.608] (INFO) Waiting for worker process (PID 14176) to die.
[2015/11/04 11:39:16.608] (INFO) User "dvg2974" logged in from 192.168.62.221.
[2015/11/04 11:39:16.608] (ERROR) Server log backup FAILED. See backup logs.
[2015/11/04 11:39:16.608] (INFO) .evian ylbirret si emehcs otpyrc ym neht ,siht daer nac uoy fI
[2015/11/04 11:39:16.608] (INFO) Checkpointing off-heap server memory...
[2015/11/04 11:39:16.608] (INFO) Backed up all server logs.
[2015/11/04 11:39:16.608] (INFO) User "bkn3378" logged out.
[2015/11/04 11:39:16.608] (ERROR) Server log backup FAILED. See backup logs.
[2015/11/04 11:39:16.608] (INFO) User "dfs3925" logged in from 172.16.95.138.
[2015/11/04 11:39:16.608] (ERROR) Failed to open "/mnt/fileserver02/WPsgZ79887.csv": NFS timeout.
[2015/11/04 11:39:16.608] (WARN) Master took 947 ms to respond (threshold=500 ms)
[2015/11/04 11:39:16.608] (INFO) Device 0x603c is online.
[2015/11/04 11:39:16.608] (INFO) Checkpointing off-heap server memory...
[2015/11/04 11:39:16.608] (ERROR) "/var/data/IfXVQ87176.tar.gz": Permission denied (EACCES)
[2015/11/04 11:39:16.608] (INFO) Your mother called. She says you never call her.
[2015/11/04 11:39:16.608] (INFO) Your mother called. She says you never call her.
[2015/11/04 11:39:16.608] (INFO) Waiting for monitor process (PID 26542) to die.
[2015/11/04 11:39:16.608] (INFO) User "aho4619" logged out.
[2015/11/04 11:39:16.608] (INFO) User "bbp6226" logged out.
[2015/11/04 11:39:16.608] (INFO) Pinging watchdog timer process: Process is alive.
[2015/11/04 11:39:16.608] (INFO) User "hxr4941" logged in from 10.159.184.167.
[2015/11/04 11:39:16.608] (INFO) Waiting for worker process (PID 12601) to die.
[2015/11/04 11:39:16.608] (INFO) Checked file systems for errors: All filesystems OK.
[2015/11/04 11:39:16.608] (ERROR) Unable to authenticate user "xke2431": LDAP server isn't responding.
[2015/11/04 11:39:16.608] (INFO) Sending SIGTERM to 4 excess workers.
[2015/11/04 11:39:16.608] (INFO) Flushed 55 buffers to disk.
[2015/11/04 11:39:16.608] (INFO) Waiting for supervisor process (PID 16882) to die.
[2015/11/04 11:39:16.608] (ERROR) "/var/data/IhWHN53457.zip": No such file or directory (ENOENT)
[2015/11/04 11:39:16.608] (INFO) User "cbz8099" logged out due to inactivity (timeout=30 minutes).
[2015/11/04 11:39:16.608] (INFO) Backed up all server logs.
[2015/11/04 11:39:16.608] (INFO) Supervisor has entered SUSPENDED state.
[2015/11/04 11:39:16.608] (INFO) Device 0xfd7d is online.
[2015/11/04 11:39:16.608] (INFO) User "pam7182" logged out due to inactivity (timeout=30 minutes).
[2015/11/04 11:39:16.608] (INFO) Pinging watchdog timer process: Process is alive.
[2015/11/04 11:39:16.608] (INFO) Supervisor has entered RUNNING state.
[2015/11/04 11:39:16.608] (WARN) Network heartbeat check: 18 server(s) did not respond.
[2015/11/04 11:39:16.608] (INFO) .evian ylbirret si emehcs otpyrc ym neht ,siht daer nac uoy fI
[2015/11/04 11:39:16.608] (INFO) Your mother called. She says you never call her.
[2015/11/04 11:39:16.608] (INFO) Device 0xd444 is online.
[2015/11/04 11:39:16.608] (WARN) CPU temperature exceeds 40º Celsius.
[2015/11/04 11:39:16.608] (INFO) User "jmx6510" logged in from 192.168.153.70.
[2015/11/04 11:39:16.608] (INFO) User "deg9426" logged in from 172.16.32.244.
[2015/11/04 11:39:16.608] (WARN) Backup server 172.16.186.72 is offline.
[2015/11/04 11:39:16.608] (INFO) Backed up all server logs.
[2015/11/04 11:39:16.608] (INFO) Alien monitor (aliend): Detected no space aliens.
[2015/11/04 11:39:16.608] (INFO) Checked file systems for errors: All filesystems OK.
[2015/11/04 11:39:16.608] (INFO) Device 0xf99d is online.
[2015/11/04 11:39:16.608] (WARN) Dropped 17,544 corrupt data packets.
[2015/11/04 11:39:16.608] (INFO) Checked file systems for errors: All filesystems OK.
[2015/11/04 11:39:16.608] (INFO) Device 0x3adc is online.
[2015/11/04 11:39:16.608] (INFO) User "arc4251" logged out.
[2015/11/04 11:39:16.608] (INFO) Flushed 70 buffers to disk.
[2015/11/04 11:39:16.608] (WARN) Backup server 192.168.82.85 is offline.
[2015/11/04 11:39:16.608] (ERROR) Device 0x5b90 is offline
[2015/11/04 11:39:16.608] (WARN) Unable to ping worker at 10.138.83.242. Retrying.
[2015/11/04 11:39:16.608] (INFO) Waiting for monitor process (PID 29491) to die.
[2015/11/04 11:39:17.108] (INFO) Device 0xeb62 is online.
[2015/11/04 11:39:17.108] (INFO) Your mother called. She says you never call her.
[2015/11/04 11:39:17.108] (WARN) Backup server 192.168.157.121 is offline.
[2015/11/04 11:39:17.108] (WARN) CPU temperature exceeds 40º Celsius.
[2015/11/04 11:39:17.108] (ERROR) Alien monitor (aliend): 4 space aliens are fiddling with the hardware!
[2015/11/04 11:39:17.108] (INFO) Flushed 73 buffers to disk.
[2015/11/04 11:39:17.108] (INFO) Rolling 8 log file(s)...
[2015/11/04 11:39:17.108] (INFO) Rolling 7 log file(s)...
[2015/11/04 11:39:17.108] (INFO) User "lbh3501" logged out due to inactivity (timeout=30 minutes).
[2015/11/04 11:39:17.108] (INFO) Supervisor has entered RUNNING state.
[2015/11/04 11:39:17.108] (INFO) Your mother called. She says you never call her.
[2015/11/04 11:39:17.108] (INFO) Backed up all server logs.
[2015/11/04 11:39:17.108] (WARN) Ignoring SIGTERM. It's not that easy to get rid of me.
[2015/11/04 11:39:17.108] (INFO) Your mother called. She says you never call her.
[2015/11/04 11:39:17.108] (INFO) .evian ylbirret si emehcs otpyrc ym neht ,siht daer nac uoy fI
[2015/11/04 11:39:17.108] (WARN) Ignoring SIGTERM. It's not that easy to get rid of me.
[2015/11/04 11:39:17.108] (INFO) Supervisor has entered WAITING state.
[2015/11/04 11:39:17.108] (ERROR) EFOODFAIL (Waiter, there's a fly in my soup).
[2015/11/04 11:39:17.108] (INFO) Sending SIGTERM to 2 excess workers.
[2015/11/04 11:39:17.108] (INFO) Rolling 3 log file(s)...
[2015/11/04 11:39:17.108] (INFO) .evian ylbirret si emehcs otpyrc ym neht ,siht daer nac uoy fI
[2015/11/04 11:39:17.108] (INFO) Waiting for monitor process (PID 22979) to die.
[2015/11/04 11:39:17.108] (INFO) Network heartbeat check: All OK.
[2015/11/04 11:39:17.108] (INFO) .evian ylbirret si emehcs otpyrc ym neht ,siht daer nac uoy fI
[2015/11/04 11:39:17.108] (INFO) Rolling 5 log file(s)...
[2015/11/04 11:39:17.108] (INFO) Rolling 7 log file(s)...
[2015/11/04 11:39:17.108] (WARN) Unable to ping monitor at 192.168.79.236. Retrying.
[2015/11/04 11:39:17.108] (INFO) Waiting for monitor process (PID 44113) to die.
[2015/11/04 11:39:17.108] (ERROR) EFOODFAIL (Waiter, there's a fly in my soup).
[2015/11/04 11:39:17.108] (INFO) User "kxz6980" logged in from 192.168.91.193.
[2015/11/04 11:39:17.108] (INFO) User "tfc5441" logged out.
[2015/11/04 11:39:17.108] (INFO) Sending SIGTERM to 2 excess workers.
[2015/11/04 11:39:17.108] (ERROR) Unable to write to "/var/data/bhhsq72109.xml": Permission denied (EACCES)
[2015/11/04 11:39:17.108] (INFO) Device 0x154a is online.
[2015/11/04 11:39:17.108] (INFO) Sending SIGTERM to 3 excess workers.
[2015/11/04 11:39:17.108] (INFO) Flushed 22 buffers to disk.
[2015/11/04 11:39:17.108] (INFO) Supervisor has entered RUNNING state.
[2015/11/04 11:39:17.108] (INFO) Device 0x548d is online.
[2015/11/04 11:39:17.108] (INFO) Waiting for master process (PID 50830) to die.
[2015/11/04 11:39:17.108] (INFO) Supervisor has entered SUSPENDED state.
[2015/11/04 11:39:17.108] (WARN) Unable to ping supervisor at 192.168.113.208. Retrying.
[2015/11/04 11:39:17.108] (INFO) Sending SIGTERM to 2 excess workers.
[2015/11/04 11:39:17.108] (INFO) User "ald5509" logged out.
[2015/11/04 11:39:17.108] (INFO) Pinging watchdog timer process: Process is alive.
[2015/11/04 11:39:17.108] (INFO) Network heartbeat check: All OK.
[2015/11/04 11:39:17.108] (INFO) .evian ylbirret si emehcs otpyrc ym neht ,siht daer nac uoy fI
[2015/11/04 11:39:17.108] (INFO) Your mother called. She says you never call her.
[2015/11/04 11:39:17.108] (INFO) User "zbv9507" logged out.
[2015/11/04 11:39:17.108] (INFO) Flushed 53 buffers to disk.
[2015/11/04 11:39:17.108] (WARN) Retrying server log checkpoint.
[2015/11/04 11:39:17.108] (INFO) Waiting for supervisor process (PID 55752) to die.
[2015/11/04 11:39:17.108] (WARN) CPU temperature exceeds 40º Celsius.
[2015/11/04 11:39:17.108] (WARN) Ignoring SIGTERM. It's not that easy to get rid of me.
[2015/11/04 11:39:17.108] (INFO) Alien monitor (aliend): Detected no space aliens.
[2015/11/04 11:39:17.108] (INFO) Flushed 94 buffers to disk.
[2015/11/04 11:39:17.108] (INFO) Device 0xab39 is online.
[2015/11/04 11:39:17.108] (INFO) Checked file systems for errors: All filesystems OK.
[2015/11/04 11:39:17.108] (INFO) Backed up all server logs.
[2015/11/04 11:39:17.108] (INFO) Device 0x5faf is online.
[2015/11/04 11:39:17.108] (INFO) Backed up all server logs.
[2015/11/04 11:39:17.108] (INFO) Checkpointing off-heap server memory...
[2015/11/04 11:39:17.108] (INFO) User "bts1163" logged out due to inactivity (timeout=30 minutes).
[2015/11/04 11:39:17.108] (INFO) User "iya2868" logged out.
[2015/11/04 11:39:17.108] (ERROR) Server log backup FAILED. See backup logs.
[2015/11/04 11:39:17.108] (INFO) Pinging watchdog timer process: Process is alive.
[2015/11/04 11:39:17.108] (INFO) Supervisor has entered SUSPENDED state.
[2015/11/04 11:39:17.108] (INFO) Device 0x8da0 is online.
[2015/11/04 11:39:17.108] (INFO) Your mother called. She says you never call her.
[2015/11/04 11:39:17.108] (ERROR) "/var/data/kyYLQ54285.tsv": Permission denied (EACCES)
[2015/11/04 11:39:17.108] (WARN) Retrying server log checkpoint.
[2015/11/04 11:39:17.108] (INFO) Waiting for supervisor process (PID 48288) to die.
[2015/11/04 11:39:17.108] (WARN) There is no such thing as a free lunch.
[2015/11/04 11:39:17.108] (INFO) Rolling 4 log file(s)...
[2015/11/04 11:39:17.108] (INFO) Sending SIGTERM to 4 excess workers.
[2015/11/04 11:39:17.108] (INFO) Sending SIGTERM to 2 excess workers.
[2015/11/04 11:39:17.108] (INFO) Supervisor has entered RESTARTING state.
[2015/11/04 11:39:17.108] (INFO) Flushed 79 buffers to disk.
[2015/11/04 11:39:17.108] (WARN) Ignoring SIGTERM. It's not that easy to get rid of me.
[2015/11/04 11:39:17.108] (INFO) .evian ylbirret si emehcs otpyrc ym neht ,siht daer nac uoy fI
[2015/11/04 11:39:17.108] (INFO) Supervisor has entered WAITING state.
[2015/11/04 11:39:17.108] (INFO) Alien monitor (aliend): Detected no space aliens.
[2015/11/04 11:39:17.108] (INFO) Alien monitor (aliend): Detected no space aliens.
[2015/11/04 11:39:17.108] (INFO) User "zwv5948" logged in from 10.106.130.130.
[2015/11/04 11:39:17.108] (INFO) Backed up all server logs.
[2015/11/04 11:39:17.108] (INFO) Supervisor has entered WAITING state.
[2015/11/04 11:39:17.108] (INFO) Network heartbeat check: All OK.
[2015/11/04 11:39:17.108] (WARN) Ignoring SIGTERM. It's not that easy to get rid of me.
[2015/11/04 11:39:17.108] (INFO) Checked file systems for errors: All filesystems OK.
[2015/11/04 11:39:17.108] (INFO) Backed up all server logs.
[2015/11/04 11:39:17.108] (INFO) Flushed 93 buffers to disk.
[2015/11/04 11:39:17.108] (INFO) Device 0xafab is online.
[2015/11/04 11:39:17.108] (INFO) Checkpointing off-heap server memory...
[2015/11/04 11:39:17.108] (INFO) Pinging watchdog timer process: Process is alive.
[2015/11/04 11:39:17.108] (INFO) User "igr9935" logged out.
[2015/11/04 11:39:17.108] (INFO) Rolling 6 log file(s)...
[2015/11/04 11:39:17.108] (INFO) User "ajo2437" logged out.
[2015/11/04 11:39:17.108] (INFO) Checkpointing off-heap server memory...
[2015/11/04 11:39:17.108] (INFO) Device 0xb467 is online.
[2015/11/04 11:39:17.108] (INFO) Backed up all server logs.
[2015/11/04 11:39:17.108] (INFO) Pinging watchdog timer process: Process is alive.
[2015/11/04 11:39:17.608] (INFO) Alien monitor (aliend): Detected no space aliens.
[2015/11/04 11:39:17.608] (INFO) Flushed 66 buffers to disk.
[2015/11/04 11:39:17.608] (WARN) Dropped 16,524 corrupt data packets.
[2015/11/04 11:39:17.608] (INFO) Waiting for worker process (PID 30919) to die.
[2015/11/04 11:39:17.608] (INFO) User "vus7782" logged out due to inactivity (timeout=30 minutes).
[2015/11/04 11:39:17.608] (INFO) User "uin3469" logged in from 172.16.24.118.
[2015/11/04 11:39:17.608] (ERROR) CPU temperature exceeds 50º Celsius. Shutting down.
[2015/11/04 11:39:17.608] (INFO) Device 0xb489 is online.
[2015/11/04 11:39:17.608] (INFO) Waiting for worker process (PID 61086) to die.
[2015/11/04 11:39:17.608] (INFO) Flushed 98 buffers to disk.
[2015/11/04 11:39:17.608] (INFO) .evian ylbirret si emehcs otpyrc ym neht ,siht daer nac uoy fI
[2015/11/04 11:39:17.608] (INFO) User "dvz9471" logged out due to inactivity (timeout=30 minutes).
[2015/11/04 11:39:17.608] (WARN) CPU temperature exceeds 40º Celsius.
[2015/11/04 11:39:17.608] (INFO) Device 0xced1 is online.
[2015/11/04 11:39:17.608] (INFO) Checkpointing off-heap server memory...
[2015/11/04 11:39:17.608] (INFO) User "rfa2350" logged out.
[2015/11/04 11:39:17.608] (WARN) Unable to ping worker at 192.168.68.209. Retrying.
[2015/11/04 11:39:17.608] (INFO) Rolling 9 log file(s)...
[2015/11/04 11:39:17.608] (INFO) Flushed 63 buffers to disk.
[2015/11/04 11:39:17.608] (INFO) Your mother called. She says you never call her.
[2015/11/04 11:39:17.608] (INFO) Pinging watchdog timer process: Process is alive.
[2015/11/04 11:39:17.608] (INFO) Your mother called. She says you never call her.
[2015/11/04 11:39:17.608] (INFO) .evian ylbirret si emehcs otpyrc ym neht ,siht daer nac uoy fI
[2015/11/04 11:39:17.608] (INFO) Device 0x171f is online.
[2015/11/04 11:39:17.608] (ERROR) Blocked nmap traffic originating from 172.16.203.76.
[2015/11/04 11:39:17.608] (INFO) Supervisor has entered RESTARTING state.
[2015/11/04 11:39:17.608] (INFO) Sending SIGTERM to 4 excess workers.
[2015/11/04 11:39:17.608] (INFO) .evian ylbirret si emehcs otpyrc ym neht ,siht daer nac uoy fI
[2015/11/04 11:39:17.608] (ERROR) Failed to write checkpoint file "/var/checkpoint/dbNDf84887: No space left on device (ENOSPC)
[2015/11/04 11:39:17.608] (INFO) Supervisor has entered WAITING state.
[2015/11/04 11:39:17.608] (INFO) Your mother called. She says you never call her.
[2015/11/04 11:39:17.608] (WARN) Backup server 172.16.9.176 is offline.
[2015/11/04 11:39:17.608] (WARN) Network heartbeat check: 10 server(s) did not respond.
[2015/11/04 11:39:17.608] (INFO) Rolling 3 log file(s)...
[2015/11/04 11:39:17.608] (INFO) Network heartbeat check: All OK.
[2015/11/04 11:39:17.608] (ERROR) Worker 1 died with SIGKILL. Restarting it.
[2015/11/04 11:39:17.608] (INFO) Supervisor has entered SUSPENDED state.
[2015/11/04 11:39:17.608] (ERROR) Extra characters at end of line.
[2015/11/04 11:39:17.608] (INFO) Checkpointing off-heap server memory...
[2015/11/04 11:39:17.608] (INFO) Checked file systems for errors: All filesystems OK.
[2015/11/04 11:39:17.608] (INFO) Rolling 7 log file(s)...
[2015/11/04 11:39:17.608] (INFO) .evian ylbirret si emehcs otpyrc ym neht ,siht daer nac uoy fI
[2015/11/04 11:39:17.608] (INFO) Your mother called. She says you never call her.
[2015/11/04 11:39:17.608] (INFO) Flushed 57 buffers to disk.
[2015/11/04 11:39:17.608] (INFO) Network heartbeat check: All OK.
[2015/11/04 11:39:17.608] (INFO) Waiting for master process (PID 44628) to die.
[2015/11/04 11:39:17.608] (INFO) Flushed 26 buffers to disk.
[2015/11/04 11:39:17.608] (INFO) Flushed 46 buffers to disk.
[2015/11/04 11:39:17.608] (WARN) There is no such thing as a free lunch.
[2015/11/04 11:39:17.608] (INFO) Backed up all server logs.
[2015/11/04 11:39:17.608] (INFO) Flushed 38 buffers to disk.
[2015/11/04 11:39:17.608] (INFO) Waiting for monitor process (PID 61708) to die.
[2015/11/04 11:39:17.608] (INFO) User "eib8534" logged out.
[2015/11/04 11:39:17.608] (INFO) Network heartbeat check: All OK.
[2015/11/04 11:39:17.608] (INFO) Checked file systems for errors: All filesystems OK.
[2015/11/04 11:39:17.608] (INFO) Waiting for supervisor process (PID 47889) to die.
[2015/11/04 11:39:17.608] (ERROR) Extra characters at end of line.
[2015/11/04 11:39:17.608] (INFO) Pinging watchdog timer process: Process is alive.
[2015/11/04 11:39:17.608] (ERROR) Detected incoming DDoS from 172.16.151.38.
[2015/11/04 11:39:17.608] (INFO) Network heartbeat check: All OK.
[2015/11/04 11:39:17.608] (INFO) User "brr9729" logged in from 192.168.247.108.
[2015/11/04 11:39:17.608] (ERROR) Network heartbeat check FAILED: Master host down?
[2015/11/04 11:39:17.608] (INFO) Checked file systems for errors: All filesystems OK.
[2015/11/04 11:39:17.608] (INFO) Flushed 80 buffers to disk.
[2015/11/04 11:39:17.608] (INFO) Checked file systems for errors: All filesystems OK.
[2015/11/04 11:39:17.608] (INFO) Sending SIGTERM to 2 excess workers.
[2015/11/04 11:39:17.608] (INFO) User "sfj1302" logged in from 192.168.27.115.
[2015/11/04 11:39:17.608] (INFO) Waiting for worker process (PID 8924) to die.
[2015/11/04 11:39:17.608] (INFO) Device 0xf0cf is online.
[2015/11/04 11:39:17.608] (INFO) Supervisor has entered SUSPENDED state.
[2015/11/04 11:39:17.608] (INFO) Alien monitor (aliend): Detected no space aliens.
[2015/11/04 11:39:17.608] (INFO) Network heartbeat check: All OK.
[2015/11/04 11:39:17.608] (INFO) Flushed 57 buffers to disk.
[2015/11/04 11:39:17.608] (INFO) Sending SIGTERM to 4 excess workers.
[2015/11/04 11:39:17.608] (WARN) CPU temperature exceeds 40º Celsius.
[2015/11/04 11:39:17.608] (ERROR) "/var/data/lmjKm56764.tar.gz": No such file or directory (ENOENT)
[2015/11/04 11:39:17.608] (INFO) Network heartbeat check: All OK.
[2015/11/04 11:39:17.608] (INFO) Network heartbeat check: All OK.
[2015/11/04 11:39:17.608] (INFO) Backed up all server logs.
[2015/11/04 11:39:17.608] (INFO) Your mother called. She says you never call her.
[2015/11/04 11:39:17.608] (INFO) User "ykg4106" logged out due to inactivity (timeout=30 minutes).
[2015/11/04 11:39:17.608] (INFO) Alien monitor (aliend): Detected no space aliens.
[2015/11/04 11:39:17.608] (INFO) User "six3066" logged out due to inactivity (timeout=30 minutes).
[2015/11/04 11:39:17.608] (INFO) Your mother called. She says you never call her.
[2015/11/04 11:39:17.608] (INFO) Your mother called. She says you never call her.
[2015/11/04 11:39:17.608] (INFO) Checked file systems for errors: All filesystems OK.
[2015/11/04 11:39:17.608] (INFO) Flushed 94 buffers to disk.
[2015/11/04 11:39:17.608] (INFO) User "dsm6944" logged in from 172.16.99.117.
[2015/11/04 11:39:17.608] (INFO) Sending SIGTERM to 2 excess workers.
[2015/11/04 11:39:17.608] (INFO) Network heartbeat check: All OK.
[2015/11/04 11:39:17.608] (INFO) Device 0x7138 is online.
[2015/11/04 11:39:17.608] (INFO) Device 0x4e19 is online.
[2015/11/04 11:39:17.608] (INFO) Flushed 75 buffers to disk.
[2015/11/04 11:39:17.608] (ERROR) Unable to authenticate user "sju7113": LDAP server isn't responding.
[2015/11/04 11:39:17.608] (INFO) Your mother called. She says you never call her.
[2015/11/04 11:39:17.608] (INFO) Your mother called. She says you never call her.
[2015/11/04 11:39:17.608] (ERROR) CPU temperature exceeds 50º Celsius. Shutting down.
[2015/11/04 11:39:17.608] (INFO) Backed up all server logs.
[2015/11/04 11:39:17.608] (WARN) Possible cyber-attack from Antarctica.
[2015/11/04 11:39:17.608] (INFO) Pinging watchdog timer process: Process is alive.
[2015/11/04 11:39:18.108] (INFO) Flushed 78 buffers to disk.
[2015/11/04 11:39:18.108] (INFO) Pinging watchdog timer process: Process is alive.
[2015/11/04 11:39:18.108] (INFO) Network heartbeat check: All OK.
[2015/11/04 11:39:18.108] (INFO) Rolling 1 log file(s)...
[2015/11/04 11:39:18.108] (INFO) Device 0x9852 is online.
[2015/11/04 11:39:18.108] (INFO) User "upb2869" logged in from 192.168.159.149.
[2015/11/04 11:39:18.108] (ERROR) Server log backup FAILED. See backup logs.
[2015/11/04 11:39:18.108] (INFO) Checkpointing off-heap server memory...
[2015/11/04 11:39:18.108] (INFO) Alien monitor (aliend): Detected no space aliens.
[2015/11/04 11:39:18.108] (INFO) User "ssd6807" logged in from 172.16.91.82.
[2015/11/04 11:39:18.108] (INFO) Sending SIGTERM to 4 excess workers.
[2015/11/04 11:39:18.108] (INFO) User "fdv4244" logged in from 172.16.120.69.
[2015/11/04 11:39:18.108] (INFO) Backed up all server logs.
[2015/11/04 11:39:18.108] (WARN) Backup server 192.168.119.56 is offline.
[2015/11/04 11:39:18.108] (INFO) .evian ylbirret si emehcs otpyrc ym neht ,siht daer nac uoy fI
[2015/11/04 11:39:18.108] (INFO) User "myt9039" logged out due to inactivity (timeout=30 minutes).
[2015/11/04 11:39:18.108] (INFO) Rolling 8 log file(s)...
[2015/11/04 11:39:18.108] (INFO) .evian ylbirret si emehcs otpyrc ym neht ,siht daer nac uoy fI
[2015/11/04 11:39:18.108] (ERROR) Connection to 172.16.14.200 terminated unexpectedly. Reconnecting.
[2015/11/04 11:39:18.108] (INFO) Device 0xc2ff is online.
[2015/11/04 11:39:18.108] (WARN) Backup server 192.168.48.50 is offline.
[2015/11/04 11:39:18.108] (INFO) Supervisor has entered SUSPENDED state.
[2015/11/04 11:39:18.108] (INFO) Supervisor has entered RUNNING state.
[2015/11/04 11:39:18.108] (ERROR) "/var/data/EthIB93291.xslx": Permission denied (EACCES)
[2015/11/04 11:39:18.108] (INFO) Sending SIGTERM to 4 excess workers.
[2015/11/04 11:39:18.108] (WARN) Retrying server log checkpoint.
[2015/11/04 11:39:18.108] (INFO) Supervisor has entered RUNNING state.
[2015/11/04 11:39:18.108] (INFO) Backed up all server logs.
[2015/11/04 11:39:18.108] (INFO) Waiting for monitor process (PID 15994) to die.
[2015/11/04 11:39:18.108] (INFO) Network heartbeat check: All OK.
[2015/11/04 11:39:18.108] (INFO) User "zat7778" logged out.
[2015/11/04 11:39:18.108] (INFO) Sending SIGTERM to 4 excess workers.
[2015/11/04 11:39:18.108] (INFO) Flushed 72 buffers to disk.
[2015/11/04 11:39:18.108] (INFO) User "lpp3354" logged in from 192.168.206.142.
[2015/11/04 11:39:18.108] (INFO) .evian ylbirret si emehcs otpyrc ym neht ,siht daer nac uoy fI
[2015/11/04 11:39:18.108] (INFO) Pinging watchdog timer process: Process is alive.
[2015/11/04 11:39:18.108] (INFO) User "mpo6452" logged out.
[2015/11/04 11:39:18.108] (INFO) Alien monitor (aliend): Detected no space aliens.
[2015/11/04 11:39:18.108] (INFO) Backed up all server logs.
[2015/11/04 11:39:18.108] (INFO) User "axf1272" logged out.
[2015/11/04 11:39:18.108] (ERROR) CPU temperature exceeds 50º Celsius. Shutting down.
[2015/11/04 11:39:18.108] (INFO) Checked file systems for errors: All filesystems OK.
[2015/11/04 11:39:18.108] (WARN) Retrying server log checkpoint.
[2015/11/04 11:39:18.108] (INFO) Backed up all server logs.
[2015/11/04 11:39:18.108] (INFO) Checked file systems for errors: All filesystems OK.
[2015/11/04 11:39:18.108] (INFO) Device 0xcc94 is online.
[2015/11/04 11:39:18.108] (INFO) User "wer9910" logged out.
[2015/11/04 11:39:18.108] (WARN) Space on disk /dev/sdf2 is low: Only 623 MB available.
[2015/11/04 11:39:18.108] (INFO) Pinging watchdog timer process: Process is alive.
[2015/11/04 11:39:18.108] (WARN) CPU temperature exceeds 40º Celsius.
[2015/11/04 11:39:18.108] (ERROR) Alien monitor (aliend): 4 space aliens are fiddling with the hardware!
[2015/11/04 11:39:18.108] (ERROR) EFOODFAIL (Waiter, there's a fly in my soup).
[2015/11/04 11:39:18.108] (INFO) Waiting for master process (PID 22747) to die.
[2015/11/04 11:39:18.108] (INFO) Pinging watchdog timer process: Process is alive.
[2015/11/04 11:39:18.108] (INFO) Sending SIGTERM to 3 excess workers.
[2015/11/04 11:39:18.108] (INFO) Pinging watchdog timer process: Process is alive.
[2015/11/04 11:39:18.108] (INFO) .evian ylbirret si emehcs otpyrc ym neht ,siht daer nac uoy fI
[2015/11/04 11:39:18.108] (WARN) There is no such thing as a free lunch.
[2015/11/04 11:39:18.108] (INFO) Checked file systems for errors: All filesystems OK.
[2015/11/04 11:39:18.108] (WARN) Possible cyber-attack from The Cayman Islands.
[2015/11/04 11:39:18.108] (INFO) Your mother called. She says you never call her.
[2015/11/04 11:39:18.108] (INFO) Checked file systems for errors: All filesystems OK.
[2015/11/04 11:39:18.108] (INFO) Device 0x300f is online.
[2015/11/04 11:39:18.108] (INFO) .evian ylbirret si emehcs otpyrc ym neht ,siht daer nac uoy fI
[2015/11/04 11:39:18.108] (INFO) Pinging watchdog timer process: Process is alive.
[2015/11/04 11:39:18.108] (INFO) Rolling 5 log file(s)...
[2015/11/04 11:39:18.108] (ERROR) "/var/data/loqAy99393.tar.gz": Permission denied (EACCES)
[2015/11/04 11:39:18.108] (ERROR) Worker 4 died with SIGILL. Restarting it.
[2015/11/04 11:39:18.108] (INFO) Waiting for monitor process (PID 4848) to die.
[2015/11/04 11:39:18.108] (INFO) User "vua2789" logged out due to inactivity (timeout=30 minutes).
[2015/11/04 11:39:18.108] (INFO) Supervisor has entered RUNNING state.
[2015/11/04 11:39:18.108] (INFO) Network heartbeat check: All OK.
[2015/11/04 11:39:18.108] (INFO) Waiting for master process (PID 28474) to die.
[2015/11/04 11:39:18.108] (INFO) User "nox6569" logged out due to inactivity (timeout=30 minutes).
[2015/11/04 11:39:18.108] (INFO) Checkpointing off-heap server memory...
[2015/11/04 11:39:18.108] (INFO) .evian ylbirret si emehcs otpyrc ym neht ,siht daer nac uoy fI
[2015/11/04 11:39:18.108] (INFO) Alien monitor (aliend): Detected no space aliens.
[2015/11/04 11:39:18.108] (INFO) User "hum4306" logged out.
[2015/11/04 11:39:18.108] (INFO) User "xoc6181" logged out.
[2015/11/04 11:39:18.108] (INFO) Waiting for supervisor process (PID 11439) to die.
[2015/11/04 11:39:18.108] (INFO) Sending SIGTERM to 4 excess workers.
[2015/11/04 11:39:18.108] (INFO) Rolling 2 log file(s)...
[2015/11/04 11:39:18.108] (INFO) Your mother called. She says you never call her.
[2015/11/04 11:39:18.108] (WARN) Dropped 17,581 corrupt data packets.
[2015/11/04 11:39:18.108] (INFO) Pinging watchdog timer process: Process is alive.
[2015/11/04 11:39:18.108] (INFO) User "uuh3993" logged in from 192.168.241.72.
[2015/11/04 11:39:18.108] (INFO) Flushed 85 buffers to disk.
[2015/11/04 11:39:18.108] (INFO) Your mother called. She says you never call her.
[2015/11/04 11:39:18.108] (WARN) Unable to ping master at 172.16.158.251. Retrying.
[2015/11/04 11:39:18.108] (INFO) User "aie2105" logged out.
[2015/11/04 11:39:18.108] (INFO) Your mother called. She says you never call her.
[2015/11/04 11:39:18.108] (INFO) Alien monitor (aliend): Detected no space aliens.
[2015/11/04 11:39:18.108] (INFO) User "tkm8357" logged out due to inactivity (timeout=30 minutes).
[2015/11/04 11:39:18.108] (INFO) User "fqv5973" logged in from 172.16.153.123.
[2015/11/04 11:39:18.108] (INFO) Rolling 5 log file(s)...
[2015/11/04 11:39:18.108] (INFO) User "kts5295" logged in from 10.15.147.67.
[2015/11/04 11:39:18.108] (INFO) Flushed 79 buffers to disk.
[2015/11/04 11:39:18.108] (ERROR) "/var/data/SqCgp67540.zip": No such file or directory (ENOENT)
[2015/11/04 11:39:18.108] (INFO) .evian ylbirret si emehcs otpyrc ym neht ,siht daer nac uoy fI
[2015/11/04 11:39:18.108] (INFO) Device 0x8b4b is online.
[2015/11/04 11:39:18.607] (INFO) Alien monitor (aliend): Detected no space aliens.
[2015/11/04 11:39:18.607] (INFO) Pinging watchdog timer process: Process is alive.
[2015/11/04 11:39:18.607] (INFO) Network heartbeat check: All OK.
[2015/11/04 11:39:18.607] (INFO) Device 0xf09e is online.
[2015/11/04 11:39:18.607] (INFO) .evian ylbirret si emehcs otpyrc ym neht ,siht daer nac uoy fI
[2015/11/04 11:39:18.607] (INFO) Rolling 8 log file(s)...
[2015/11/04 11:39:18.607] (ERROR) Failed to open "/mnt/fileserver01/UIhid63861.xml": NFS timeout.
[2015/11/04 11:39:18.607] (INFO) User "unt2343" logged out.
[2015/11/04 11:39:18.607] (INFO) Network heartbeat check: All OK.
[2015/11/04 11:39:18.607] (INFO) Supervisor has entered SUSPENDED state.
[2015/11/04 11:39:18.607] (INFO) Your mother called. She says you never call her.
[2015/11/04 11:39:18.607] (INFO) Backed up all server logs.
[2015/11/04 11:39:18.607] (INFO) Your mother called. She says you never call her.
[2015/11/04 11:39:18.607] (INFO) Sending SIGTERM to 2 excess workers.
[2015/11/04 11:39:18.607] (INFO) Device 0x443b is online.
[2015/11/04 11:39:18.607] (WARN) Space on disk /dev/sdc1 is low: Only 107 MB available.
[2015/11/04 11:39:18.607] (WARN) Network heartbeat check: 11 server(s) did not respond.
[2015/11/04 11:39:18.607] (INFO) Your mother called. She says you never call her.
[2015/11/04 11:39:18.607] (INFO) Sending SIGTERM to 4 excess workers.
[2015/11/04 11:39:18.607] (INFO) Flushed 95 buffers to disk.
[2015/11/04 11:39:18.607] (INFO) Supervisor has entered RESTARTING state.
[2015/11/04 11:39:18.607] (WARN) Network heartbeat check: 12 server(s) did not respond.
[2015/11/04 11:39:18.607] (INFO) Pinging watchdog timer process: Process is alive.
[2015/11/04 11:39:18.607] (INFO) Supervisor has entered RESTARTING state.
[2015/11/04 11:39:18.607] (INFO) .evian ylbirret si emehcs otpyrc ym neht ,siht daer nac uoy fI
[2015/11/04 11:39:18.607] (ERROR) Detected clock skew! Restarting NTP server.
[2015/11/04 11:39:18.607] (WARN) Watchdog timer crashed. Restarting it.
[2015/11/04 11:39:18.607] (INFO) User "iby1154" logged in from 172.16.87.54.
[2015/11/04 11:39:18.607] (INFO) Waiting for worker process (PID 10976) to die.
[2015/11/04 11:39:18.607] (INFO) .evian ylbirret si emehcs otpyrc ym neht ,siht daer nac uoy fI
[2015/11/04 11:39:18.607] (INFO) User "nvb9559" logged out.
[2015/11/04 11:39:18.607] (INFO) Waiting for master process (PID 15420) to die.
[2015/11/04 11:39:18.607] (INFO) User "oja1751" logged out due to inactivity (timeout=30 minutes).
[2015/11/04 11:39:18.607] (INFO) Backed up all server logs.
[2015/11/04 11:39:18.607] (INFO) Checked file systems for errors: All filesystems OK.
[2015/11/04 11:39:18.607] (INFO) Rolling 4 log file(s)...
[2015/11/04 11:39:18.607] (INFO) Backed up all server logs.
[2015/11/04 11:39:18.607] (INFO) Waiting for master process (PID 47941) to die.
[2015/11/04 11:39:18.607] (INFO) Alien monitor (aliend): Detected no space aliens.
[2015/11/04 11:39:18.607] (INFO) Flushed 41 buffers to disk.
[2015/11/04 11:39:18.607] (INFO) Pinging watchdog timer process: Process is alive.
[2015/11/04 11:39:18.607] (ERROR) /dev/lp error: "PC LOAD LETTER"
[2015/11/04 11:39:18.607] (ERROR) Blocked FTP traffic originating from 10.74.170.122.
[2015/11/04 11:39:18.607] (INFO) Waiting for worker process (PID 33338) to die.
[2015/11/04 11:39:18.607] (INFO) Rolling 5 log file(s)...
[2015/11/04 11:39:18.607] (INFO) Your mother called. She says you never call her.
[2015/11/04 11:39:18.607] (INFO) User "jdh5400" logged out.
[2015/11/04 11:39:18.607] (INFO) Rolling 1 log file(s)...
[2015/11/04 11:39:18.607] (INFO) Pinging watchdog timer process: Process is alive.
[2015/11/04 11:39:18.607] (INFO) Checked file systems for errors: All filesystems OK.
[2015/11/04 11:39:18.607] (ERROR) Directory index of "/var/data" is forbidden.
[2015/11/04 11:39:18.607] (INFO) Network heartbeat check: All OK.
[2015/11/04 11:39:18.607] (INFO) Sending SIGTERM to 3 excess workers.
[2015/11/04 11:39:18.607] (INFO) Network heartbeat check: All OK.
[2015/11/04 11:39:18.607] (INFO) User "jdr5706" logged in from 192.168.213.133.
[2015/11/04 11:39:18.607] (INFO) User "bec5414" logged out.
[2015/11/04 11:39:18.607] (INFO) Backed up all server logs.
[2015/11/04 11:39:18.607] (INFO) User "nkh2743" logged out.
[2015/11/04 11:39:18.607] (ERROR) Extra characters at end of line.
[2015/11/04 11:39:18.607] (INFO) User "qul8421" logged out due to inactivity (timeout=30 minutes).
[2015/11/04 11:39:18.607] (INFO) User "ecb9293" logged out due to inactivity (timeout=30 minutes).
[2015/11/04 11:39:18.607] (INFO) Checked file systems for errors: All filesystems OK.
[2015/11/04 11:39:18.607] (ERROR) Detected clock skew! Restarting NTP server.
[2015/11/04 11:39:18.607] (INFO) Checked file systems for errors: All filesystems OK.
[2015/11/04 11:39:18.607] (INFO) Supervisor has entered SUSPENDED state.
[2015/11/04 11:39:18.607] (INFO) Alien monitor (aliend): Detected no space aliens.
[2015/11/04 11:39:18.607] (INFO) Network heartbeat check: All OK.
[2015/11/04 11:39:18.607] (WARN) Retrying server log checkpoint.
[2015/11/04 11:39:18.607] (INFO) Sending SIGTERM to 3 excess workers.
[2015/11/04 11:39:18.607] (WARN) Network heartbeat check: 11 server(s) did not respond.
[2015/11/04 11:39:18.607] (INFO) Rolling 8 log file(s)...
[2015/11/04 11:39:18.607] (INFO) Flushed 28 buffers to disk.
[2015/11/04 11:39:18.607] (INFO) User "csh7771" logged out due to inactivity (timeout=30 minutes).
[2015/11/04 11:39:18.607] (INFO) Pinging watchdog timer process: Process is alive.
[2015/11/04 11:39:18.607] (INFO) Supervisor has entered RESTARTING state.
[2015/11/04 11:39:18.607] (INFO) Pinging watchdog timer process: Process is alive.
[2015/11/04 11:39:18.607] (INFO) Rolling 7 log file(s)...
[2015/11/04 11:39:18.607] (INFO) User "fns7816" logged out.
[2015/11/04 11:39:18.607] (INFO) Alien monitor (aliend): Detected no space aliens.
[2015/11/04 11:39:18.607] (INFO) Rolling 4 log file(s)...
[2015/11/04 11:39:18.607] (INFO) Backed up all server logs.
[2015/11/04 11:39:18.607] (INFO) Network heartbeat check: All OK.
[2015/11/04 11:39:18.607] (INFO) Backed up all server logs.
[2015/11/04 11:39:18.607] (INFO) Supervisor has entered WAITING state.
[2015/11/04 11:39:18.607] (INFO) Sending SIGTERM to 3 excess workers.
[2015/11/04 11:39:18.607] (ERROR) Extra characters at end of line.
[2015/11/04 11:39:18.607] (INFO) Device 0xa588 is online.
[2015/11/04 11:39:18.607] (INFO) User "bvr9651" logged out due to inactivity (timeout=30 minutes).
[2015/11/04 11:39:18.607] (INFO) Device 0x8e10 is online.
[2015/11/04 11:39:18.607] (INFO) Flushed 69 buffers to disk.
[2015/11/04 11:39:18.607] (ERROR) Network heartbeat check FAILED: Master host down?
[2015/11/04 11:39:18.607] (INFO) Supervisor has entered RESTARTING state.
[2015/11/04 11:39:18.607] (INFO) Alien monitor (aliend): Detected no space aliens.
[2015/11/04 11:39:18.607] (INFO) Device 0x52eb is online.
[2015/11/04 11:39:18.607] (INFO) Waiting for master process (PID 21047) to die.
[2015/11/04 11:39:18.607] (INFO) Network heartbeat check: All OK.
[2015/11/04 11:39:18.607] (WARN) Ignoring SIGTERM. It's not that easy to get rid of me.
[2015/11/04 11:39:18.607] (ERROR) Detected clock skew! Restarting NTP server.
[2015/11/04 11:39:18.607] (WARN) Network heartbeat check: 18 server(s) did not respond.
[2015/11/04 11:39:18.607] (INFO) Device 0x022f is online.
[2015/11/04 11:39:19.108] (INFO) User "txe9033" logged out due to inactivity (timeout=30 minutes).
[2015/11/04 11:39:19.108] (INFO) Backed up all server logs.
[2015/11/04 11:39:19.108] (INFO) Backed up all server logs.
[2015/11/04 11:39:19.108] (INFO) Checkpointing off-heap server memory...
[2015/11/04 11:39:19.108] (INFO) Backed up all server logs.
[2015/11/04 11:39:19.108] (INFO) Your mother called. She says you never call her.
[2015/11/04 11:39:19.108] (WARN) There is no such thing as a free lunch.
[2015/11/04 11:39:19.108] (INFO) Pinging watchdog timer process: Process is alive.
[2015/11/04 11:39:19.108] (INFO) Alien monitor (aliend): Detected no space aliens.
[2015/11/04 11:39:19.108] (INFO) .evian ylbirret si emehcs otpyrc ym neht ,siht daer nac uoy fI
[2015/11/04 11:39:19.108] (INFO) Flushed 99 buffers to disk.
[2015/11/04 11:39:19.108] (INFO) Your mother called. She says you never call her.
[2015/11/04 11:39:19.108] (INFO) Checked file systems for errors: All filesystems OK.
[2015/11/04 11:39:19.108] (ERROR) Worker 2 died with SIGPOLL. Restarting it.
[2015/11/04 11:39:19.108] (INFO) Flushed 79 buffers to disk.
[2015/11/04 11:39:19.108] (INFO) Waiting for supervisor process (PID 26783) to die.
[2015/11/04 11:39:19.108] (INFO) Waiting for master process (PID 40174) to die.
[2015/11/04 11:39:19.108] (INFO) Your mother called. She says you never call her.
[2015/11/04 11:39:19.108] (INFO) User "pzc1412" logged in from 172.16.156.159.
[2015/11/04 11:39:19.108] (INFO) Sending SIGTERM to 2 excess workers.
[2015/11/04 11:39:19.108] (INFO) Pinging watchdog timer process: Process is alive.
[2015/11/04 11:39:19.108] (INFO) Rolling 7 log file(s)...
[2015/11/04 11:39:19.108] (INFO) Supervisor has entered WAITING state.
[2015/11/04 11:39:19.108] (INFO) Flushed 52 buffers to disk.
[2015/11/04 11:39:19.108] (INFO) Flushed 84 buffers to disk.
[2015/11/04 11:39:19.108] (INFO) Network heartbeat check: All OK.
[2015/11/04 11:39:19.108] (INFO) Device 0xe42f is online.
[2015/11/04 11:39:19.108] (ERROR) Failed to open "/mnt/fileserver02/yMYrY68754.parquet": NFS timeout.
[2015/11/04 11:39:19.108] (INFO) .evian ylbirret si emehcs otpyrc ym neht ,siht daer nac uoy fI
[2015/11/04 11:39:19.108] (INFO) Sending SIGTERM to 2 excess workers.
[2015/11/04 11:39:19.108] (INFO) Alien monitor (aliend): Detected no space aliens.
[2015/11/04 11:39:19.108] (INFO) Checkpointing off-heap server memory...
[2015/11/04 11:39:19.108] (INFO) Checked file systems for errors: All filesystems OK.
[2015/11/04 11:39:19.108] (INFO) Sending SIGTERM to 4 excess workers.
[2015/11/04 11:39:19.108] (INFO) Rolling 8 log file(s)...
[2015/11/04 11:39:19.108] (WARN) There is no such thing as a free lunch.
[2015/11/04 11:39:19.108] (INFO) Backed up all server logs.
[2015/11/04 11:39:19.108] (INFO) User "swr9148" logged in from 10.60.117.168.
[2015/11/04 11:39:19.108] (INFO) Sending SIGTERM to 4 excess workers.
[2015/11/04 11:39:19.108] (INFO) User "sbo4631" logged in from 10.176.19.155.
[2015/11/04 11:39:19.108] (ERROR) Server log backup FAILED. See backup logs.
[2015/11/04 11:39:19.108] (INFO) Network heartbeat check: All OK.
[2015/11/04 11:39:19.108] (INFO) Alien monitor (aliend): Detected no space aliens.
[2015/11/04 11:39:19.108] (INFO) Supervisor has entered RESTARTING state.
[2015/11/04 11:39:19.108] (INFO) Your mother called. She says you never call her.
[2015/11/04 11:39:19.108] (INFO) .evian ylbirret si emehcs otpyrc ym neht ,siht daer nac uoy fI
[2015/11/04 11:39:19.108] (INFO) .evian ylbirret si emehcs otpyrc ym neht ,siht daer nac uoy fI
[2015/11/04 11:39:19.108] (ERROR) Unable to write to "/var/data/HqMZK59716.tar.gz": Permission denied (EACCES)
[2015/11/04 11:39:19.108] (WARN) There is no such thing as a free lunch.
[2015/11/04 11:39:19.108] (INFO) Supervisor has entered SUSPENDED state.
[2015/11/04 11:39:19.108] (INFO) Sending SIGTERM to 4 excess workers.
[2015/11/04 11:39:19.108] (INFO) User "zkp5565" logged out.
[2015/11/04 11:39:19.108] (INFO) Device 0x998e is online.
[2015/11/04 11:39:19.108] (ERROR) "/var/data/oIjNZ68317.txt": No such file or directory (ENOENT)
[2015/11/04 11:39:19.108] (INFO) Your mother called. She says you never call her.
[2015/11/04 11:39:19.108] (INFO) Pinging watchdog timer process: Process is alive.
[2015/11/04 11:39:19.108] (INFO) Device 0x7978 is online.
[2015/11/04 11:39:19.108] (ERROR) EFOODFAIL (Waiter, there's a fly in my soup).
[2015/11/04 11:39:19.108] (ERROR) "/var/data/CZgnX69114.csv": No such file or directory (ENOENT)
[2015/11/04 11:39:19.108] (INFO) Alien monitor (aliend): Detected no space aliens.
[2015/11/04 11:39:19.108] (INFO) .evian ylbirret si emehcs otpyrc ym neht ,siht daer nac uoy fI
[2015/11/04 11:39:19.108] (WARN) Space on disk /dev/sda2 is low: Only 165 MB available.
[2015/11/04 11:39:19.108] (INFO) Checked file systems for errors: All filesystems OK.
[2015/11/04 11:39:19.108] (INFO) Alien monitor (aliend): Detected no space aliens.
[2015/11/04 11:39:19.108] (INFO) Waiting for monitor process (PID 36575) to die.
[2015/11/04 11:39:19.108] (ERROR) Server log backup FAILED. See backup logs.
[2015/11/04 11:39:19.108] (WARN) Backup server 10.95.85.107 is offline.
[2015/11/04 11:39:19.108] (WARN) Unable to ping supervisor at 172.16.188.44. Retrying.
[2015/11/04 11:39:19.108] (INFO) Your mother called. She says you never call her.
[2015/11/04 11:39:19.108] (INFO) Pinging watchdog timer process: Process is alive.
[2015/11/04 11:39:19.108] (INFO) Backed up all server logs.
[2015/11/04 11:39:19.108] (INFO) Flushed 28 buffers to disk.
[2015/11/04 11:39:19.108] (INFO) Flushed 89 buffers to disk.
[2015/11/04 11:39:19.108] (WARN) Possible cyber-attack from Alpha Centauri.
[2015/11/04 11:39:19.108] (INFO) Checked file systems for errors: All filesystems OK.
[2015/11/04 11:39:19.108] (INFO) .evian ylbirret si emehcs otpyrc ym neht ,siht daer nac uoy fI
[2015/11/04 11:39:19.108] (INFO) Waiting for supervisor process (PID 36957) to die.
[2015/11/04 11:39:19.108] (INFO) Pinging watchdog timer process: Process is alive.
[2015/11/04 11:39:19.108] (INFO) User "suq7672" logged out due to inactivity (timeout=30 minutes).
[2015/11/04 11:39:19.108] (INFO) User "bgt7092" logged out.
[2015/11/04 11:39:19.108] (INFO) Flushed 42 buffers to disk.
[2015/11/04 11:39:19.108] (INFO) User "uyz2827" logged in from 192.168.32.222.
[2015/11/04 11:39:19.108] (INFO) Rolling 9 log file(s)...
[2015/11/04 11:39:19.108] (INFO) Checkpointing off-heap server memory...
[2015/11/04 11:39:19.108] (INFO) Your mother called. She says you never call her.
[2015/11/04 11:39:19.108] (INFO) Pinging watchdog timer process: Process is alive.
[2015/11/04 11:39:19.108] (INFO) Waiting for worker process (PID 1156) to die.
[2015/11/04 11:39:19.108] (INFO) Checkpointing off-heap server memory...
[2015/11/04 11:39:19.108] (INFO) Checkpointing off-heap server memory...
[2015/11/04 11:39:19.108] (INFO) .evian ylbirret si emehcs otpyrc ym neht ,siht daer nac uoy fI
[2015/11/04 11:39:19.108] (INFO) Network heartbeat check: All OK.
[2015/11/04 11:39:19.108] (WARN) There is no such thing as a free lunch.
[2015/11/04 11:39:19.108] (ERROR) Unable to write to "/var/data/oHuxB92061.tar.gz": Permission denied (EACCES)
[2015/11/04 11:39:19.108] (INFO) Supervisor has entered RESTARTING state.
[2015/11/04 11:39:19.108] (INFO) Sending SIGTERM to 2 excess workers.
[2015/11/04 11:39:19.108] (INFO) Rolling 8 log file(s)...
[2015/11/04 11:39:19.108] (INFO) User "igg1723" logged out.
[2015/11/04 11:39:19.108] (INFO) Network heartbeat check: All OK.
[2015/11/04 11:39:19.108] (INFO) Supervisor has entered WAITING state.
[2015/11/04 11:39:19.108] (INFO) User "oha8407" logged in from 10.167.6.121.
[2015/11/04 11:39:19.608] (ERROR) Failed to open "/mnt/fileserver02/hVMIy81269.xslx": NFS timeout.
[2015/11/04 11:39:19.608] (INFO) User "tog1457" logged out due to inactivity (timeout=30 minutes).
[2015/11/04 11:39:19.608] (INFO) Supervisor has entered RUNNING state.
[2015/11/04 11:39:19.608] (INFO) Checked file systems for errors: All filesystems OK.
[2015/11/04 11:39:19.608] (INFO) .evian ylbirret si emehcs otpyrc ym neht ,siht daer nac uoy fI
[2015/11/04 11:39:19.608] (WARN) Master took 715 ms to respond (threshold=500 ms)
[2015/11/04 11:39:19.608] (INFO) Alien monitor (aliend): Detected no space aliens.
[2015/11/04 11:39:19.608] (INFO) Alien monitor (aliend): Detected no space aliens.
[2015/11/04 11:39:19.608] (INFO) Backed up all server logs.
[2015/11/04 11:39:19.608] (INFO) User "gad1548" logged in from 172.16.213.155.
[2015/11/04 11:39:19.608] (INFO) Waiting for supervisor process (PID 11604) to die.
[2015/11/04 11:39:19.608] (INFO) User "exv6242" logged in from 192.168.242.97.
[2015/11/04 11:39:19.608] (ERROR) Device 0xda8a is offline
[2015/11/04 11:39:19.608] (ERROR) "/var/data/FCsHP51277.tsv": Permission denied (EACCES)
[2015/11/04 11:39:19.608] (ERROR) "/var/data/EBJXE67382.xml": No such file or directory (ENOENT)
[2015/11/04 11:39:19.608] (INFO) Checked file systems for errors: All filesystems OK.
[2015/11/04 11:39:19.608] (INFO) Checked file systems for errors: All filesystems OK.
[2015/11/04 11:39:19.608] (INFO) Waiting for worker process (PID 56059) to die.
[2015/11/04 11:39:19.608] (WARN) Master took 581 ms to respond (threshold=500 ms)
[2015/11/04 11:39:19.608] (INFO) Alien monitor (aliend): Detected no space aliens.
[2015/11/04 11:39:19.608] (WARN) Watchdog timer crashed. Restarting it.
[2015/11/04 11:39:19.608] (INFO) Flushed 54 buffers to disk.
[2015/11/04 11:39:19.608] (INFO) Device 0xc218 is online.
[2015/11/04 11:39:19.608] (INFO) Waiting for monitor process (PID 39353) to die.
[2015/11/04 11:39:19.608] (INFO) User "psr3812" logged in from 192.168.9.125.
[2015/11/04 11:39:19.608] (ERROR) Directory index of "/var/data" is forbidden.
[2015/11/04 11:39:19.608] (INFO) Alien monitor (aliend): Detected no space aliens.
[2015/11/04 11:39:19.608] (WARN) Unable to ping monitor at 10.134.133.13. Retrying.
[2015/11/04 11:39:19.608] (INFO) Checkpointing off-heap server memory...
[2015/11/04 11:39:19.608] (INFO) Your mother called. She says you never call her.
[2015/11/04 11:39:19.608] (INFO) User "mnj3198" logged out.
[2015/11/04 11:39:19.608] (INFO) Device 0x90b2 is online.
[2015/11/04 11:39:19.608] (INFO) Checked file systems for errors: All filesystems OK.
[2015/11/04 11:39:19.608] (INFO) Checked file systems for errors: All filesystems OK.
[2015/11/04 11:39:19.608] (INFO) Waiting for monitor process (PID 57056) to die.
[2015/11/04 11:39:19.608] (INFO) Flushed 61 buffers to disk.
[2015/11/04 11:39:19.608] (WARN) Possible cyber-attack from China.
[2015/11/04 11:39:19.608] (WARN) Backup server 192.168.224.202 is offline.
[2015/11/04 11:39:19.608] (INFO) User "ejn1014" logged out.
[2015/11/04 11:39:19.608] (INFO) Supervisor has entered RUNNING state.
[2015/11/04 11:39:19.608] (INFO) Alien monitor (aliend): Detected no space aliens.
[2015/11/04 11:39:19.608] (WARN) CPU temperature exceeds 40º Celsius.
[2015/11/04 11:39:19.608] (WARN) Backup server 192.168.154.138 is offline.
[2015/11/04 11:39:19.608] (INFO) Rolling 6 log file(s)...
[2015/11/04 11:39:19.608] (WARN) There is no such thing as a free lunch.
[2015/11/04 11:39:19.608] (WARN) Network heartbeat check: 8 server(s) did not respond.
[2015/11/04 11:39:19.608] (INFO) Pinging watchdog timer process: Process is alive.
[2015/11/04 11:39:19.608] (INFO) Supervisor has entered SUSPENDED state.
[2015/11/04 11:39:19.608] (INFO) User "dqe4826" logged in from 192.168.103.116.
[2015/11/04 11:39:19.608] (WARN) Retrying server log checkpoint.
[2015/11/04 11:39:19.608] (INFO) Network heartbeat check: All OK.
[2015/11/04 11:39:19.608] (ERROR) Extra characters at end of line.
[2015/11/04 11:39:19.608] (INFO) Flushed 48 buffers to disk.
[2015/11/04 11:39:19.608] (INFO) Waiting for monitor process (PID 45161) to die.
[2015/11/04 11:39:19.608] (INFO) Supervisor has entered RUNNING state.
[2015/11/04 11:39:19.608] (INFO) Sending SIGTERM to 3 excess workers.
[2015/11/04 11:39:19.608] (INFO) Pinging watchdog timer process: Process is alive.
[2015/11/04 11:39:19.608] (ERROR) Connection to 192.168.230.163 terminated unexpectedly. Reconnecting.
[2015/11/04 11:39:19.608] (INFO) Alien monitor (aliend): Detected no space aliens.
[2015/11/04 11:39:19.608] (INFO) Waiting for worker process (PID 65006) to die.
[2015/11/04 11:39:19.608] (INFO) .evian ylbirret si emehcs otpyrc ym neht ,siht daer nac uoy fI
[2015/11/04 11:39:19.608] (INFO) User "luw2676" logged out due to inactivity (timeout=30 minutes).
[2015/11/04 11:39:19.608] (WARN) Master took 826 ms to respond (threshold=500 ms)
[2015/11/04 11:39:19.608] (WARN) Network heartbeat check: 13 server(s) did not respond.
[2015/11/04 11:39:19.608] (INFO) Flushed 82 buffers to disk.
[2015/11/04 11:39:19.608] (INFO) Flushed 50 buffers to disk.
[2015/11/04 11:39:19.608] (INFO) Pinging watchdog timer process: Process is alive.
[2015/11/04 11:39:19.608] (INFO) Flushed 85 buffers to disk.
[2015/11/04 11:39:19.608] (INFO) User "ral7432" logged out due to inactivity (timeout=30 minutes).
[2015/11/04 11:39:19.608] (ERROR) Connection to 192.168.5.13 terminated unexpectedly. Reconnecting.
[2015/11/04 11:39:19.608] (INFO) Alien monitor (aliend): Detected no space aliens.
[2015/11/04 11:39:19.608] (INFO) Sending SIGTERM to 2 excess workers.
[2015/11/04 11:39:19.608] (INFO) User "cki4232" logged in from 192.168.10.49.
[2015/11/04 11:39:19.608] (INFO) Checked file systems for errors: All filesystems OK.
[2015/11/04 11:39:19.608] (INFO) User "nxk1976" logged out due to inactivity (timeout=30 minutes).
[2015/11/04 11:39:19.608] (INFO) Checkpointing off-heap server memory...
[2015/11/04 11:39:19.608] (INFO) .evian ylbirret si emehcs otpyrc ym neht ,siht daer nac uoy fI
[2015/11/04 11:39:19.608] (INFO) Device 0x565d is online.
[2015/11/04 11:39:19.608] (ERROR) Failed to write checkpoint file "/var/checkpoint/eAoKE90288: No space left on device (ENOSPC)
[2015/11/04 11:39:19.608] (INFO) Checked file systems for errors: All filesystems OK.
[2015/11/04 11:39:19.608] (INFO) Waiting for worker process (PID 41264) to die.
[2015/11/04 11:39:19.608] (INFO) .evian ylbirret si emehcs otpyrc ym neht ,siht daer nac uoy fI
[2015/11/04 11:39:19.608] (INFO) Sending SIGTERM to 2 excess workers.
[2015/11/04 11:39:19.608] (INFO) Flushed 38 buffers to disk.
[2015/11/04 11:39:19.608] (INFO) Checkpointing off-heap server memory...
[2015/11/04 11:39:19.608] (WARN) Possible cyber-attack from Canada.
[2015/11/04 11:39:19.608] (INFO) Backed up all server logs.
[2015/11/04 11:39:19.608] (INFO) Checkpointing off-heap server memory...
[2015/11/04 11:39:19.608] (ERROR) Device 0x5dba is offline
[2015/11/04 11:39:19.608] (INFO) Rolling 5 log file(s)...
[2015/11/04 11:39:19.608] (ERROR) Unable to mount /dev/sdd3. (Time to run fsck?)
[2015/11/04 11:39:19.608] (INFO) Alien monitor (aliend): Detected no space aliens.
[2015/11/04 11:39:19.608] (ERROR) Detected incoming DDoS from 192.168.110.20.
[2015/11/04 11:39:19.608] (INFO) Flushed 36 buffers to disk.
[2015/11/04 11:39:19.608] (INFO) Backed up all server logs.
[2015/11/04 11:39:19.608] (INFO) Supervisor has entered RUNNING state.
[2015/11/04 11:39:19.608] (INFO) Waiting for master process (PID 15511) to die.
[2015/11/04 11:39:19.608] (INFO) Device 0x4ac0 is online.
[2015/11/04 11:39:19.608] (WARN) There is no such thing as a free lunch.
[2015/11/04 11:39:19.608] (INFO) Waiting for master process (PID 43282) to die.
[2015/11/04 11:39:20.108] (INFO) Device 0xfabe is online.
[2015/11/04 11:39:20.108] (INFO) User "aye2160" logged in from 10.18.16.54.
[2015/11/04 11:39:20.108] (INFO) User "dik2905" logged out due to inactivity (timeout=30 minutes).
[2015/11/04 11:39:20.108] (INFO) Sending SIGTERM to 2 excess workers.
[2015/11/04 11:39:20.108] (INFO) Checkpointing off-heap server memory...
[2015/11/04 11:39:20.108] (INFO) Pinging watchdog timer process: Process is alive.
[2015/11/04 11:39:20.108] (INFO) Waiting for master process (PID 3807) to die.
[2015/11/04 11:39:20.108] (INFO) Your mother called. She says you never call her.
[2015/11/04 11:39:20.108] (INFO) Alien monitor (aliend): Detected no space aliens.
[2015/11/04 11:39:20.108] (ERROR) Detected incoming DDoS from 10.243.230.175.
[2015/11/04 11:39:20.108] (INFO) .evian ylbirret si emehcs otpyrc ym neht ,siht daer nac uoy fI
[2015/11/04 11:39:20.108] (INFO) Rolling 2 log file(s)...
[2015/11/04 11:39:20.108] (WARN) Master took 857 ms to respond (threshold=500 ms)
[2015/11/04 11:39:20.108] (INFO) Flushed 35 buffers to disk.
[2015/11/04 11:39:20.108] (INFO) Supervisor has entered RUNNING state.
[2015/11/04 11:39:20.108] (INFO) User "wwt4012" logged in from 192.168.124.71.
[2015/11/04 11:39:20.108] (INFO) User "kvx2892" logged in from 172.16.126.1.
[2015/11/04 11:39:20.108] (INFO) User "ebh4670" logged in from 172.16.181.132.
[2015/11/04 11:39:20.108] (INFO) Alien monitor (aliend): Detected no space aliens.
[2015/11/04 11:39:20.108] (INFO) Alien monitor (aliend): Detected no space aliens.
[2015/11/04 11:39:20.108] (ERROR) EFOODFAIL (Waiter, there's a fly in my soup).
[2015/11/04 11:39:20.108] (INFO) Network heartbeat check: All OK.
[2015/11/04 11:39:20.108] (INFO) Your mother called. She says you never call her.
[2015/11/04 11:39:20.108] (INFO) User "hji4201" logged out.
[2015/11/04 11:39:20.108] (INFO) Alien monitor (aliend): Detected no space aliens.
[2015/11/04 11:39:20.108] (INFO) Waiting for monitor process (PID 38372) to die.
[2015/11/04 11:39:20.108] (INFO) Supervisor has entered RUNNING state.
[2015/11/04 11:39:20.108] (INFO) .evian ylbirret si emehcs otpyrc ym neht ,siht daer nac uoy fI
[2015/11/04 11:39:20.108] (INFO) Sending SIGTERM to 2 excess workers.
[2015/11/04 11:39:20.108] (INFO) Waiting for monitor process (PID 45845) to die.
[2015/11/04 11:39:20.108] (INFO) Checked file systems for errors: All filesystems OK.
[2015/11/04 11:39:20.108] (INFO) Rolling 7 log file(s)...
[2015/11/04 11:39:20.108] (INFO) Checkpointing off-heap server memory...
[2015/11/04 11:39:20.108] (INFO) Checkpointing off-heap server memory...
[2015/11/04 11:39:20.108] (INFO) Backed up all server logs.
[2015/11/04 11:39:20.108] (INFO) Supervisor has entered WAITING state.
[2015/11/04 11:39:20.108] (INFO) User "zho2823" logged in from 172.16.10.27.
[2015/11/04 11:39:20.108] (INFO) User "thb5324" logged out due to inactivity (timeout=30 minutes).
[2015/11/04 11:39:20.108] (INFO) Checkpointing off-heap server memory...
[2015/11/04 11:39:20.108] (INFO) Device 0xd2ba is online.
[2015/11/04 11:39:20.108] (INFO) Sending SIGTERM to 2 excess workers.
[2015/11/04 11:39:20.108] (INFO) Network heartbeat check: All OK.
[2015/11/04 11:39:20.108] (INFO) Rolling 8 log file(s)...
[2015/11/04 11:39:20.108] (ERROR) Network heartbeat check FAILED: Master host down?
[2015/11/04 11:39:20.108] (INFO) User "fpo1396" logged out due to inactivity (timeout=30 minutes).
[2015/11/04 11:39:20.108] (WARN) Backup server 192.168.98.188 is offline.
[2015/11/04 11:39:20.108] (INFO) Sending SIGTERM to 3 excess workers.
[2015/11/04 11:39:20.108] (INFO) User "owc4898" logged out due to inactivity (timeout=30 minutes).
[2015/11/04 11:39:20.108] (INFO) User "urp1811" logged out due to inactivity (timeout=30 minutes).
[2015/11/04 11:39:20.108] (INFO) User "ipw4500" logged out.
[2015/11/04 11:39:20.108] (INFO) Supervisor has entered RUNNING state.
[2015/11/04 11:39:20.108] (WARN) Unable to ping monitor at 172.16.58.150. Retrying.
[2015/11/04 11:39:20.108] (INFO) Alien monitor (aliend): Detected no space aliens.
[2015/11/04 11:39:20.108] (INFO) Pinging watchdog timer process: Process is alive.
[2015/11/04 11:39:20.108] (INFO) User "tas4426" logged in from 172.16.58.168.
[2015/11/04 11:39:20.108] (INFO) User "ypq5440" logged in from 192.168.248.3.
[2015/11/04 11:39:20.108] (INFO) User "ejc2772" logged out.
[2015/11/04 11:39:20.108] (INFO) .evian ylbirret si emehcs otpyrc ym neht ,siht daer nac uoy fI
[2015/11/04 11:39:20.108] (INFO) Backed up all server logs.
[2015/11/04 11:39:20.108] (INFO) User "jfd6062" logged in from 192.168.233.224.
[2015/11/04 11:39:20.108] (INFO) Alien monitor (aliend): Detected no space aliens.
[2015/11/04 11:39:20.108] (INFO) Flushed 65 buffers to disk.
[2015/11/04 11:39:20.108] (INFO) Pinging watchdog timer process: Process is alive.
[2015/11/04 11:39:20.108] (INFO) Your mother called. She says you never call her.
[2015/11/04 11:39:20.108] (ERROR) Blocked BitTorrent traffic originating from 10.229.138.20.
[2015/11/04 11:39:20.108] (INFO) Network heartbeat check: All OK.
[2015/11/04 11:39:20.108] (INFO) Alien monitor (aliend): Detected no space aliens.
[2015/11/04 11:39:20.108] (INFO) Rolling 5 log file(s)...
[2015/11/04 11:39:20.108] (INFO) Rolling 3 log file(s)...
[2015/11/04 11:39:20.108] (INFO) Device 0xbc75 is online.
[2015/11/04 11:39:20.108] (WARN) Dropped 11,830 corrupt data packets.
[2015/11/04 11:39:20.108] (INFO) Device 0x5d1a is online.
[2015/11/04 11:39:20.108] (INFO) Alien monitor (aliend): Detected no space aliens.
[2015/11/04 11:39:20.108] (INFO) Your mother called. She says you never call her.
[2015/11/04 11:39:20.108] (INFO) User "vaz8022" logged out.
[2015/11/04 11:39:20.108] (INFO) Flushed 51 buffers to disk.
[2015/11/04 11:39:20.108] (INFO) Pinging watchdog timer process: Process is alive.
[2015/11/04 11:39:20.108] (ERROR) Device 0xd9b2 is offline
[2015/11/04 11:39:20.108] (INFO) User "nbk3558" logged in from 10.196.244.155.
[2015/11/04 11:39:20.108] (INFO) Rolling 5 log file(s)...
[2015/11/04 11:39:20.108] (INFO) Waiting for worker process (PID 5261) to die.
[2015/11/04 11:39:20.108] (INFO) Sending SIGTERM to 4 excess workers.
[2015/11/04 11:39:20.108] (INFO) Rolling 9 log file(s)...
[2015/11/04 11:39:20.108] (INFO) Your mother called. She says you never call her.
[2015/11/04 11:39:20.108] (INFO) Alien monitor (aliend): Detected no space aliens.
[2015/11/04 11:39:20.108] (INFO) Flushed 73 buffers to disk.
[2015/11/04 11:39:20.108] (INFO) Backed up all server logs.
[2015/11/04 11:39:20.108] (ERROR) Detected incoming DDoS from 10.252.32.225.
[2015/11/04 11:39:20.108] (INFO) Network heartbeat check: All OK.
[2015/11/04 11:39:20.108] (INFO) User "hpr2284" logged out due to inactivity (timeout=30 minutes).
[2015/11/04 11:39:20.108] (INFO) Backed up all server logs.
[2015/11/04 11:39:20.108] (ERROR) /dev/lp error: "PC LOAD LETTER"
[2015/11/04 11:39:20.108] (INFO) User "ctr1153" logged out due to inactivity (timeout=30 minutes).
[2015/11/04 11:39:20.108] (WARN) Master took 535 ms to respond (threshold=500 ms)
[2015/11/04 11:39:20.108] (INFO) Alien monitor (aliend): Detected no space aliens.
[2015/11/04 11:39:20.108] (INFO) Your mother called. She says you never call her.
[2015/11/04 11:39:20.108] (INFO) Flushed 58 buffers to disk.
[2015/11/04 11:39:20.108] (WARN) Unable to ping supervisor at 172.16.41.222. Retrying.
[2015/11/04 11:39:20.108] (INFO) Waiting for monitor process (PID 44573) to die.
[2015/11/04 11:39:20.108] (INFO) Network heartbeat check: All OK.
[2015/11/04 11:39:20.607] (INFO) User "zpp9079" logged in from 10.32.67.4.
[2015/11/04 11:39:20.607] (INFO) Backed up all server logs.
[2015/11/04 11:39:20.607] (INFO) Device 0xb345 is online.
[2015/11/04 11:39:20.607] (WARN) Space on disk /dev/sdf4 is low: Only 378 MB available.
[2015/11/04 11:39:20.607] (INFO) Waiting for monitor process (PID 53610) to die.
[2015/11/04 11:39:20.607] (INFO) Device 0x722c is online.
[2015/11/04 11:39:20.607] (INFO) Flushed 66 buffers to disk.
[2015/11/04 11:39:20.607] (INFO) User "mtj8755" logged out.
[2015/11/04 11:39:20.607] (INFO) Waiting for monitor process (PID 10094) to die.
[2015/11/04 11:39:20.607] (ERROR) Worker 7 died with SIGPOLL. Restarting it.
[2015/11/04 11:39:20.607] (INFO) .evian ylbirret si emehcs otpyrc ym neht ,siht daer nac uoy fI
[2015/11/04 11:39:20.607] (INFO) Device 0x87e2 is online.
[2015/11/04 11:39:20.607] (INFO) Sending SIGTERM to 3 excess workers.
[2015/11/04 11:39:20.607] (INFO) .evian ylbirret si emehcs otpyrc ym neht ,siht daer nac uoy fI
[2015/11/04 11:39:20.607] (INFO) Backed up all server logs.
[2015/11/04 11:39:20.607] (INFO) Your mother called. She says you never call her.
[2015/11/04 11:39:20.607] (INFO) Rolling 8 log file(s)...
[2015/11/04 11:39:20.607] (ERROR) Extra characters at end of line.
[2015/11/04 11:39:20.607] (INFO) Your mother called. She says you never call her.
[2015/11/04 11:39:20.607] (INFO) User "nxs2002" logged in from 192.168.164.245.
[2015/11/04 11:39:20.607] (INFO) Pinging watchdog timer process: Process is alive.
[2015/11/04 11:39:20.607] (INFO) User "phy6320" logged out.
[2015/11/04 11:39:20.607] (INFO) Backed up all server logs.
[2015/11/04 11:39:20.607] (INFO) Backed up all server logs.
[2015/11/04 11:39:20.607] (INFO) Checked file systems for errors: All filesystems OK.
[2015/11/04 11:39:20.607] (INFO) Sending SIGTERM to 4 excess workers.
[2015/11/04 11:39:20.607] (INFO) Supervisor has entered WAITING state.
[2015/11/04 11:39:20.607] (INFO) User "vgm3717" logged out due to inactivity (timeout=30 minutes).
[2015/11/04 11:39:20.607] (ERROR) Failed to open "/mnt/fileserver01/mMOZy61234.zip": NFS timeout.
[2015/11/04 11:39:20.607] (INFO) Device 0x764b is online.
[2015/11/04 11:39:20.607] (INFO) User "psz4268" logged out due to inactivity (timeout=30 minutes).
[2015/11/04 11:39:20.607] (INFO) User "fmq5289" logged in from 192.168.104.226.
[2015/11/04 11:39:20.607] (INFO) Your mother called. She says you never call her.
[2015/11/04 11:39:20.607] (INFO) User "erc4375" logged out due to inactivity (timeout=30 minutes).
[2015/11/04 11:39:20.607] (ERROR) Failed to open "/mnt/fileserver02/KcXsX82689.xslx": NFS timeout.
[2015/11/04 11:39:20.607] (INFO) User "dsj9563" logged out due to inactivity (timeout=30 minutes).
[2015/11/04 11:39:20.607] (INFO) Waiting for worker process (PID 12140) to die.
[2015/11/04 11:39:20.607] (INFO) User "jgm8233" logged out due to inactivity (timeout=30 minutes).
[2015/11/04 11:39:20.607] (ERROR) Failed to write checkpoint file "/var/checkpoint/idEjl95664: No space left on device (ENOSPC)
[2015/11/04 11:39:20.607] (INFO) User "wei7140" logged out due to inactivity (timeout=30 minutes).
[2015/11/04 11:39:20.607] (INFO) Rolling 3 log file(s)...
[2015/11/04 11:39:20.607] (INFO) Sending SIGTERM to 2 excess workers.
[2015/11/04 11:39:20.607] (INFO) Supervisor has entered RESTARTING state.
[2015/11/04 11:39:20.607] (WARN) Possible cyber-attack from Mars.
[2015/11/04 11:39:20.607] (INFO) Your mother called. She says you never call her.
[2015/11/04 11:39:20.607] (ERROR) Extra characters at end of line.
[2015/11/04 11:39:20.607] (ERROR) Extra characters at end of line.
[2015/11/04 11:39:20.607] (INFO) Network heartbeat check: All OK.
[2015/11/04 11:39:20.607] (INFO) .evian ylbirret si emehcs otpyrc ym neht ,siht daer nac uoy fI
[2015/11/04 11:39:20.607] (INFO) Supervisor has entered SUSPENDED state.
[2015/11/04 11:39:20.607] (WARN) Network heartbeat check: 1 server(s) did not respond.
[2015/11/04 11:39:20.607] (INFO) Device 0xcd39 is online.
[2015/11/04 11:39:20.607] (INFO) Device 0x8001 is online.
[2015/11/04 11:39:20.607] (INFO) Rolling 1 log file(s)...
[2015/11/04 11:39:20.607] (INFO) Device 0xd71c is online.
[2015/11/04 11:39:20.607] (INFO) Checkpointing off-heap server memory...
[2015/11/04 11:39:20.607] (INFO) .evian ylbirret si emehcs otpyrc ym neht ,siht daer nac uoy fI
[2015/11/04 11:39:20.607] (INFO) Flushed 27 buffers to disk.
[2015/11/04 11:39:20.607] (WARN) CPU temperature exceeds 40º Celsius.
[2015/11/04 11:39:20.607] (INFO) Waiting for monitor process (PID 33509) to die.
[2015/11/04 11:39:20.607] (INFO) User "jpt3350" logged out due to inactivity (timeout=30 minutes).
[2015/11/04 11:39:20.607] (INFO) Waiting for worker process (PID 677) to die.
[2015/11/04 11:39:20.607] (INFO) Checkpointing off-heap server memory...
[2015/11/04 11:39:20.607] (INFO) Alien monitor (aliend): Detected no space aliens.
[2015/11/04 11:39:20.607] (INFO) Pinging watchdog timer process: Process is alive.
[2015/11/04 11:39:20.607] (INFO) Pinging watchdog timer process: Process is alive.
[2015/11/04 11:39:20.607] (WARN) Master took 824 ms to respond (threshold=500 ms)
[2015/11/04 11:39:20.607] (INFO) Network heartbeat check: All OK.
[2015/11/04 11:39:20.607] (WARN) Backup server 10.244.47.8 is offline.
[2015/11/04 11:39:20.607] (INFO) Rolling 3 log file(s)...
[2015/11/04 11:39:20.607] (INFO) Your mother called. She says you never call her.
[2015/11/04 11:39:20.607] (INFO) Network heartbeat check: All OK.
[2015/11/04 11:39:20.607] (INFO) Your mother called. She says you never call her.
[2015/11/04 11:39:20.607] (INFO) Device 0xa1e9 is online.
[2015/11/04 11:39:20.607] (INFO) User "xkn8800" logged out due to inactivity (timeout=30 minutes).
[2015/11/04 11:39:20.607] (INFO) Rolling 4 log file(s)...
[2015/11/04 11:39:20.607] (INFO) Checked file systems for errors: All filesystems OK.
[2015/11/04 11:39:20.607] (ERROR) Unable to mount /dev/sda3. (Time to run fsck?)
[2015/11/04 11:39:20.607] (INFO) Backed up all server logs.
[2015/11/04 11:39:20.607] (INFO) Network heartbeat check: All OK.
[2015/11/04 11:39:20.607] (INFO) .evian ylbirret si emehcs otpyrc ym neht ,siht daer nac uoy fI
[2015/11/04 11:39:20.607] (ERROR) Unable to mount /dev/sda4. (Time to run fsck?)
[2015/11/04 11:39:20.607] (INFO) User "tjf4309" logged out due to inactivity (timeout=30 minutes).
[2015/11/04 11:39:20.607] (INFO) Rolling 4 log file(s)...
[2015/11/04 11:39:20.607] (INFO) Checked file systems for errors: All filesystems OK.
[2015/11/04 11:39:20.607] (WARN) There is no such thing as a free lunch.
[2015/11/04 11:39:20.607] (INFO) Checkpointing off-heap server memory...
[2015/11/04 11:39:20.607] (INFO) Supervisor has entered RESTARTING state.
[2015/11/04 11:39:20.607] (INFO) Checkpointing off-heap server memory...
[2015/11/04 11:39:20.607] (WARN) Unable to ping master at 10.177.222.135. Retrying.
[2015/11/04 11:39:20.607] (INFO) User "oeb2303" logged out.
[2015/11/04 11:39:20.607] (INFO) Checkpointing off-heap server memory...
[2015/11/04 11:39:20.607] (WARN) Unable to ping worker at 172.16.223.82. Retrying.
[2015/11/04 11:39:20.607] (ERROR) EFOODFAIL (Waiter, there's a fly in my soup).
[2015/11/04 11:39:20.607] (INFO) .evian ylbirret si emehcs otpyrc ym neht ,siht daer nac uoy fI
[2015/11/04 11:39:20.607] (INFO) Flushed 77 buffers to disk.
[2015/11/04 11:39:20.607] (INFO) .evian ylbirret si emehcs otpyrc ym neht ,siht daer nac uoy fI
[2015/11/04 11:39:20.607] (WARN) Space on disk /dev/sde2 is low: Only 191 MB available.
[2015/11/04 11:39:20.607] (INFO) Waiting for worker process (PID 46415) to die.
[2015/11/04 11:39:20.607] (INFO) Your mother called. She says you never call her.
[2015/11/04 11:39:21.107] (WARN) Watchdog timer crashed. Restarting it.
[2015/11/04 11:39:21.107] (INFO) Sending SIGTERM to 4 excess workers.
[2015/11/04 11:39:21.107] (WARN) Master took 980 ms to respond (threshold=500 ms)
[2015/11/04 11:39:21.107] (INFO) Backed up all server logs.
[2015/11/04 11:39:21.107] (WARN) Network heartbeat check: 2 server(s) did not respond.
[2015/11/04 11:39:21.107] (INFO) User "sya4021" logged out due to inactivity (timeout=30 minutes).
[2015/11/04 11:39:21.107] (INFO) Supervisor has entered RUNNING state.
[2015/11/04 11:39:21.107] (INFO) Flushed 52 buffers to disk.
[2015/11/04 11:39:21.107] (INFO) Supervisor has entered WAITING state.
[2015/11/04 11:39:21.107] (INFO) Supervisor has entered WAITING state.
[2015/11/04 11:39:21.107] (INFO) Your mother called. She says you never call her.
[2015/11/04 11:39:21.107] (INFO) User "rrp4256" logged out.
[2015/11/04 11:39:21.107] (INFO) User "jlf8163" logged out.
[2015/11/04 11:39:21.107] (INFO) Network heartbeat check: All OK.
[2015/11/04 11:39:21.107] (ERROR) Unable to authenticate user "iuh1063": LDAP server isn't responding.
[2015/11/04 11:39:21.107] (INFO) User "awc8317" logged out.
[2015/11/04 11:39:21.107] (INFO) Backed up all server logs.
[2015/11/04 11:39:21.107] (INFO) Checkpointing off-heap server memory...
[2015/11/04 11:39:21.107] (INFO) Network heartbeat check: All OK.
[2015/11/04 11:39:21.107] (INFO) Checkpointing off-heap server memory...
[2015/11/04 11:39:21.107] (INFO) Alien monitor (aliend): Detected no space aliens.
[2015/11/04 11:39:21.107] (WARN) Watchdog timer crashed. Restarting it.
[2015/11/04 11:39:21.107] (INFO) Checked file systems for errors: All filesystems OK.
[2015/11/04 11:39:21.107] (INFO) Rolling 1 log file(s)...
[2015/11/04 11:39:21.107] (INFO) Flushed 26 buffers to disk.
[2015/11/04 11:39:21.107] (WARN) Possible cyber-attack from Mars.
[2015/11/04 11:39:21.107] (INFO) User "wxz7813" logged in from 172.16.253.218.
[2015/11/04 11:39:21.107] (ERROR) "/var/data/KaLuf54704.xml": No such file or directory (ENOENT)
[2015/11/04 11:39:21.107] (ERROR) Blocked Little Bobby Tables attack (https://xkcd.com/327/) from 10.46.187.215.
[2015/11/04 11:39:21.107] (INFO) Rolling 3 log file(s)...
[2015/11/04 11:39:21.107] (WARN) Watchdog timer crashed. Restarting it.
[2015/11/04 11:39:21.107] (ERROR) Blocked nmap traffic originating from 172.16.241.82.
[2015/11/04 11:39:21.107] (WARN) Master took 712 ms to respond (threshold=500 ms)
[2015/11/04 11:39:21.107] (INFO) Device 0x3bdb is online.
[2015/11/04 11:39:21.107] (INFO) Flushed 26 buffers to disk.
[2015/11/04 11:39:21.107] (ERROR) Device 0x8429 is offline
[2015/11/04 11:39:21.107] (INFO) User "dqo4693" logged in from 172.16.251.33.
[2015/11/04 11:39:21.107] (INFO) Alien monitor (aliend): Detected no space aliens.
[2015/11/04 11:39:21.107] (INFO) Backed up all server logs.
[2015/11/04 11:39:21.107] (INFO) Network heartbeat check: All OK.
[2015/11/04 11:39:21.107] (INFO) Checkpointing off-heap server memory...
[2015/11/04 11:39:21.107] (INFO) User "ipy2158" logged out due to inactivity (timeout=30 minutes).
[2015/11/04 11:39:21.107] (ERROR) "/var/data/cCnXl68787.csv": Permission denied (EACCES)
[2015/11/04 11:39:21.107] (INFO) Your mother called. She says you never call her.
[2015/11/04 11:39:21.107] (INFO) Checkpointing off-heap server memory...
[2015/11/04 11:39:21.107] (WARN) There is no such thing as a free lunch.
[2015/11/04 11:39:21.107] (WARN) Network heartbeat check: 9 server(s) did not respond.
[2015/11/04 11:39:21.107] (INFO) Supervisor has entered RESTARTING state.
[2015/11/04 11:39:21.107] (INFO) Network heartbeat check: All OK.
[2015/11/04 11:39:21.107] (INFO) User "xgb5906" logged out due to inactivity (timeout=30 minutes).
[2015/11/04 11:39:21.107] (INFO) Supervisor has entered SUSPENDED state.
[2015/11/04 11:39:21.107] (INFO) Checkpointing off-heap server memory...
[2015/11/04 11:39:21.107] (INFO) Your mother called. She says you never call her.
[2015/11/04 11:39:21.107] (INFO) Alien monitor (aliend): Detected no space aliens.
[2015/11/04 11:39:21.107] (WARN) Backup server 192.168.81.61 is offline.
[2015/11/04 11:39:21.107] (INFO) User "blw6761" logged out due to inactivity (timeout=30 minutes).
[2015/11/04 11:39:21.107] (INFO) Flushed 39 buffers to disk.
[2015/11/04 11:39:21.107] (INFO) Device 0xefef is online.
[2015/11/04 11:39:21.107] (ERROR) "/var/data/NVxjK54132.csv": Permission denied (EACCES)
[2015/11/04 11:39:21.107] (INFO) Checkpointing off-heap server memory...
[2015/11/04 11:39:21.107] (INFO) .evian ylbirret si emehcs otpyrc ym neht ,siht daer nac uoy fI
[2015/11/04 11:39:21.107] (INFO) Checked file systems for errors: All filesystems OK.
[2015/11/04 11:39:21.107] (INFO) User "pgk9811" logged out due to inactivity (timeout=30 minutes).
[2015/11/04 11:39:21.107] (WARN) Ignoring SIGTERM. It's not that easy to get rid of me.
[2015/11/04 11:39:21.107] (INFO) Pinging watchdog timer process: Process is alive.
[2015/11/04 11:39:21.107] (INFO) Backed up all server logs.
[2015/11/04 11:39:21.107] (INFO) User "byx5191" logged out.
[2015/11/04 11:39:21.107] (WARN) Retrying server log checkpoint.
[2015/11/04 11:39:21.107] (INFO) Rolling 5 log file(s)...
[2015/11/04 11:39:21.107] (INFO) User "xxk8953" logged out.
[2015/11/04 11:39:21.107] (WARN) Master took 506 ms to respond (threshold=500 ms)
[2015/11/04 11:39:21.107] (WARN) Unable to ping supervisor at 172.16.19.77. Retrying.
[2015/11/04 11:39:21.107] (INFO) Flushed 98 buffers to disk.
[2015/11/04 11:39:21.107] (INFO) User "vvr7859" logged out due to inactivity (timeout=30 minutes).
[2015/11/04 11:39:21.107] (INFO) Pinging watchdog timer process: Process is alive.
[2015/11/04 11:39:21.107] (WARN) Retrying server log checkpoint.
[2015/11/04 11:39:21.107] (ERROR) Blocked nmap traffic originating from 172.16.108.248.
[2015/11/04 11:39:21.107] (INFO) .evian ylbirret si emehcs otpyrc ym neht ,siht daer nac uoy fI
[2015/11/04 11:39:21.107] (ERROR) Unable to authenticate user "kci5770": LDAP server isn't responding.
[2015/11/04 11:39:21.107] (INFO) Pinging watchdog timer process: Process is alive.
[2015/11/04 11:39:21.107] (INFO) User "zbe7596" logged out due to inactivity (timeout=30 minutes).
[2015/11/04 11:39:21.107] (INFO) User "yiw9550" logged out due to inactivity (timeout=30 minutes).
[2015/11/04 11:39:21.107] (WARN) Watchdog timer crashed. Restarting it.
[2015/11/04 11:39:21.107] (INFO) Supervisor has entered RUNNING state.
[2015/11/04 11:39:21.107] (INFO) Network heartbeat check: All OK.
[2015/11/04 11:39:21.107] (INFO) Device 0x6663 is online.
[2015/11/04 11:39:21.107] (INFO) Sending SIGTERM to 3 excess workers.
[2015/11/04 11:39:21.107] (INFO) Supervisor has entered RESTARTING state.
[2015/11/04 11:39:21.107] (WARN) Backup server 172.16.1.19 is offline.
[2015/11/04 11:39:21.107] (WARN) Ignoring SIGTERM. It's not that easy to get rid of me.
[2015/11/04 11:39:21.107] (WARN) Dropped 15,034 corrupt data packets.
[2015/11/04 11:39:21.107] (INFO) Sending SIGTERM to 2 excess workers.
[2015/11/04 11:39:21.107] (INFO) Flushed 54 buffers to disk.
[2015/11/04 11:39:21.107] (WARN) Master took 560 ms to respond (threshold=500 ms)
[2015/11/04 11:39:21.107] (INFO) Backed up all server logs.
[2015/11/04 11:39:21.107] (INFO) User "uvq2480" logged out due to inactivity (timeout=30 minutes).
[2015/11/04 11:39:21.107] (ERROR) Detected clock skew! Restarting NTP server.
[2015/11/04 11:39:21.107] (INFO) Your mother called. She says you never call her.
[2015/11/04 11:39:21.107] (INFO) Your mother called. She says you never call her.
[2015/11/04 11:39:21.107] (INFO) Flushed 21 buffers to disk.
[2015/11/04 11:39:21.607] (WARN) Space on disk /dev/sde1 is low: Only 870 MB available.
[2015/11/04 11:39:21.607] (ERROR) User "mld4090" failed to log in 3 times. Disabling account.
[2015/11/04 11:39:21.607] (INFO) User "etq7122" logged out.
[2015/11/04 11:39:21.607] (INFO) Checked file systems for errors: All filesystems OK.
[2015/11/04 11:39:21.607] (INFO) .evian ylbirret si emehcs otpyrc ym neht ,siht daer nac uoy fI
[2015/11/04 11:39:21.607] (INFO) User "ckh2287" logged out due to inactivity (timeout=30 minutes).
[2015/11/04 11:39:21.607] (INFO) Your mother called. She says you never call her.
[2015/11/04 11:39:21.607] (INFO) Backed up all server logs.
[2015/11/04 11:39:21.607] (INFO) Supervisor has entered RESTARTING state.
[2015/11/04 11:39:21.607] (INFO) Checked file systems for errors: All filesystems OK.
[2015/11/04 11:39:21.607] (INFO) Your mother called. She says you never call her.
[2015/11/04 11:39:21.607] (WARN) There is no such thing as a free lunch.
[2015/11/04 11:39:21.607] (WARN) There is no such thing as a free lunch.
[2015/11/04 11:39:21.607] (INFO) Pinging watchdog timer process: Process is alive.
[2015/11/04 11:39:21.607] (INFO) Your mother called. She says you never call her.
[2015/11/04 11:39:21.607] (WARN) Watchdog timer crashed. Restarting it.
[2015/11/04 11:39:21.607] (INFO) Your mother called. She says you never call her.
[2015/11/04 11:39:21.607] (WARN) Space on disk /dev/sde1 is low: Only 349 MB available.
[2015/11/04 11:39:21.607] (INFO) Device 0xfeb3 is online.
[2015/11/04 11:39:21.607] (INFO) Backed up all server logs.
[2015/11/04 11:39:21.607] (ERROR) /dev/lp error: "PC LOAD LETTER"
[2015/11/04 11:39:21.607] (INFO) Flushed 72 buffers to disk.
[2015/11/04 11:39:21.607] (INFO) User "gyv7734" logged in from 10.138.121.23.
[2015/11/04 11:39:21.607] (WARN) Possible cyber-attack from The Cayman Islands.
[2015/11/04 11:39:21.607] (INFO) User "ygb8438" logged out.
[2015/11/04 11:39:21.607] (INFO) Your mother called. She says you never call her.
[2015/11/04 11:39:21.607] (INFO) Waiting for worker process (PID 7405) to die.
[2015/11/04 11:39:21.607] (INFO) User "mcs2494" logged in from 172.16.59.53.
[2015/11/04 11:39:21.607] (INFO) Your mother called. She says you never call her.
[2015/11/04 11:39:21.607] (INFO) Network heartbeat check: All OK.
[2015/11/04 11:39:21.607] (ERROR) Unable to mount /dev/sdc4. (Time to run fsck?)
[2015/11/04 11:39:21.607] (INFO) Flushed 51 buffers to disk.
[2015/11/04 11:39:21.607] (INFO) .evian ylbirret si emehcs otpyrc ym neht ,siht daer nac uoy fI
[2015/11/04 11:39:21.607] (INFO) Checkpointing off-heap server memory...
[2015/11/04 11:39:21.607] (INFO) Supervisor has entered SUSPENDED state.
[2015/11/04 11:39:21.607] (INFO) Checked file systems for errors: All filesystems OK.
[2015/11/04 11:39:21.607] (INFO) Your mother called. She says you never call her.
[2015/11/04 11:39:21.607] (INFO) Rolling 9 log file(s)...
[2015/11/04 11:39:21.607] (INFO) Checked file systems for errors: All filesystems OK.
[2015/11/04 11:39:21.607] (INFO) Device 0x9aa0 is online.
[2015/11/04 11:39:21.607] (INFO) Supervisor has entered WAITING state.
[2015/11/04 11:39:21.607] (INFO) User "unq2886" logged out due to inactivity (timeout=30 minutes).
[2015/11/04 11:39:21.607] (ERROR) User "tnp8463" failed to log in 3 times. Disabling account.
[2015/11/04 11:39:21.607] (WARN) Network heartbeat check: 16 server(s) did not respond.
[2015/11/04 11:39:21.607] (INFO) .evian ylbirret si emehcs otpyrc ym neht ,siht daer nac uoy fI
[2015/11/04 11:39:21.607] (INFO) Alien monitor (aliend): Detected no space aliens.
[2015/11/04 11:39:21.607] (INFO) Network heartbeat check: All OK.
[2015/11/04 11:39:21.607] (INFO) User "qrd5729" logged out due to inactivity (timeout=30 minutes).
[2015/11/04 11:39:21.607] (ERROR) Alien monitor (aliend): 4 space aliens are fiddling with the hardware!
[2015/11/04 11:39:21.607] (INFO) Sending SIGTERM to 3 excess workers.
[2015/11/04 11:39:21.607] (INFO) User "umi2107" logged out due to inactivity (timeout=30 minutes).
[2015/11/04 11:39:21.607] (INFO) Waiting for monitor process (PID 59818) to die.
[2015/11/04 11:39:21.607] (INFO) Rolling 4 log file(s)...
[2015/11/04 11:39:21.607] (INFO) Checkpointing off-heap server memory...
[2015/11/04 11:39:21.607] (INFO) Supervisor has entered RUNNING state.
[2015/11/04 11:39:21.607] (INFO) Rolling 2 log file(s)...
[2015/11/04 11:39:21.607] (INFO) Checkpointing off-heap server memory...
[2015/11/04 11:39:21.607] (INFO) Supervisor has entered WAITING state.
[2015/11/04 11:39:21.607] (INFO) Supervisor has entered WAITING state.
[2015/11/04 11:39:21.607] (ERROR) Detected incoming DDoS from 172.16.206.3.
[2015/11/04 11:39:21.607] (WARN) Backup server 192.168.46.166 is offline.
[2015/11/04 11:39:21.607] (INFO) Rolling 2 log file(s)...
[2015/11/04 11:39:21.607] (INFO) Supervisor has entered WAITING state.
[2015/11/04 11:39:21.607] (INFO) .evian ylbirret si emehcs otpyrc ym neht ,siht daer nac uoy fI
[2015/11/04 11:39:21.607] (ERROR) Worker 2 died with SIGFPE. Restarting it.
[2015/11/04 11:39:21.607] (INFO) Network heartbeat check: All OK.
[2015/11/04 11:39:21.607] (WARN) Space on disk /dev/sde2 is low: Only 737 MB available.
[2015/11/04 11:39:21.607] (ERROR) Unable to write to "/var/data/giqnm51989.tsv": Permission denied (EACCES)
[2015/11/04 11:39:21.607] (ERROR) Unable to mount /dev/sdb4. (Time to run fsck?)
[2015/11/04 11:39:21.607] (INFO) Rolling 1 log file(s)...
[2015/11/04 11:39:21.607] (INFO) Flushed 31 buffers to disk.
[2015/11/04 11:39:21.607] (INFO) Supervisor has entered RUNNING state.
[2015/11/04 11:39:21.607] (INFO) Your mother called. She says you never call her.
[2015/11/04 11:39:21.607] (INFO) Backed up all server logs.
[2015/11/04 11:39:21.607] (INFO) User "etq1064" logged in from 172.16.129.248.
[2015/11/04 11:39:21.607] (ERROR) Server log backup FAILED. See backup logs.
[2015/11/04 11:39:21.607] (INFO) Rolling 8 log file(s)...
[2015/11/04 11:39:21.607] (INFO) .evian ylbirret si emehcs otpyrc ym neht ,siht daer nac uoy fI
[2015/11/04 11:39:21.607] (INFO) Device 0xca32 is online.
[2015/11/04 11:39:21.607] (INFO) .evian ylbirret si emehcs otpyrc ym neht ,siht daer nac uoy fI
[2015/11/04 11:39:21.607] (INFO) Checkpointing off-heap server memory...
[2015/11/04 11:39:21.607] (WARN) Unable to ping master at 10.10.129.51. Retrying.
[2015/11/04 11:39:21.607] (INFO) Checked file systems for errors: All filesystems OK.
[2015/11/04 11:39:21.607] (INFO) Your mother called. She says you never call her.
[2015/11/04 11:39:21.607] (WARN) Backup server 172.16.72.168 is offline.
[2015/11/04 11:39:21.607] (INFO) Device 0xb6bb is online.
[2015/11/04 11:39:21.607] (INFO) Checked file systems for errors: All filesystems OK.
[2015/11/04 11:39:21.607] (INFO) User "oec2381" logged out.
[2015/11/04 11:39:21.607] (INFO) Checked file systems for errors: All filesystems OK.
[2015/11/04 11:39:21.607] (INFO) User "osg8022" logged out.
[2015/11/04 11:39:21.607] (INFO) Your mother called. She says you never call her.
[2015/11/04 11:39:21.607] (WARN) Possible cyber-attack from Russia.
[2015/11/04 11:39:21.607] (INFO) Rolling 4 log file(s)...
[2015/11/04 11:39:21.607] (INFO) Network heartbeat check: All OK.
[2015/11/04 11:39:21.607] (ERROR) "/var/data/KXkxE97219.tsv": Permission denied (EACCES)
[2015/11/04 11:39:21.607] (INFO) Checkpointing off-heap server memory...
[2015/11/04 11:39:21.607] (INFO) User "lmq7266" logged in from 192.168.134.158.
[2015/11/04 11:39:21.607] (INFO) Pinging watchdog timer process: Process is alive.
[2015/11/04 11:39:21.607] (ERROR) Directory index of "/var/data" is forbidden.
[2015/11/04 11:39:21.607] (INFO) Waiting for monitor process (PID 41248) to die.
[2015/11/04 11:39:22.107] (ERROR) "/var/data/RUXkI71160.tsv": Permission denied (EACCES)
[2015/11/04 11:39:22.107] (INFO) Checkpointing off-heap server memory...
[2015/11/04 11:39:22.107] (INFO) User "zuj1247" logged out.
[2015/11/04 11:39:22.107] (INFO) Your mother called. She says you never call her.
[2015/11/04 11:39:22.107] (INFO) User "jvp9041" logged out.
[2015/11/04 11:39:22.107] (WARN) Retrying server log checkpoint.
[2015/11/04 11:39:22.107] (INFO) Your mother called. She says you never call her.
[2015/11/04 11:39:22.107] (ERROR) "/var/data/yQHQS55162.xml": No such file or directory (ENOENT)
[2015/11/04 11:39:22.107] (INFO) Alien monitor (aliend): Detected no space aliens.
[2015/11/04 11:39:22.107] (INFO) Sending SIGTERM to 3 excess workers.
[2015/11/04 11:39:22.107] (ERROR) Connection to 192.168.240.135 terminated unexpectedly. Reconnecting.
[2015/11/04 11:39:22.107] (INFO) Your mother called. She says you never call her.
[2015/11/04 11:39:22.107] (INFO) Device 0x3591 is online.
[2015/11/04 11:39:22.107] (INFO) Waiting for worker process (PID 3090) to die.
[2015/11/04 11:39:22.107] (ERROR) Unable to write to "/var/data/DvVVG53227.tsv": Permission denied (EACCES)
[2015/11/04 11:39:22.107] (INFO) Flushed 93 buffers to disk.
[2015/11/04 11:39:22.107] (INFO) Network heartbeat check: All OK.
[2015/11/04 11:39:22.107] (WARN) Master took 657 ms to respond (threshold=500 ms)
[2015/11/04 11:39:22.107] (INFO) Waiting for supervisor process (PID 34029) to die.
[2015/11/04 11:39:22.107] (INFO) Pinging watchdog timer process: Process is alive.
[2015/11/04 11:39:22.107] (INFO) Your mother called. She says you never call her.
[2015/11/04 11:39:22.107] (INFO) Checkpointing off-heap server memory...
[2015/11/04 11:39:22.107] (INFO) Your mother called. She says you never call her.
[2015/11/04 11:39:22.107] (WARN) Master took 754 ms to respond (threshold=500 ms)
[2015/11/04 11:39:22.107] (INFO) Device 0x0c54 is online.
[2015/11/04 11:39:22.107] (INFO) Waiting for worker process (PID 62979) to die.
[2015/11/04 11:39:22.107] (INFO) Checkpointing off-heap server memory...
[2015/11/04 11:39:22.107] (INFO) Network heartbeat check: All OK.
[2015/11/04 11:39:22.107] (WARN) Network heartbeat check: 16 server(s) did not respond.
[2015/11/04 11:39:22.107] (INFO) Network heartbeat check: All OK.
[2015/11/04 11:39:22.107] (ERROR) Unable to authenticate user "zsc8978": LDAP server isn't responding.
[2015/11/04 11:39:22.107] (INFO) Backed up all server logs.
[2015/11/04 11:39:22.107] (INFO) User "mdr1819" logged out due to inactivity (timeout=30 minutes).
[2015/11/04 11:39:22.107] (INFO) Network heartbeat check: All OK.
[2015/11/04 11:39:22.107] (INFO) Checked file systems for errors: All filesystems OK.
[2015/11/04 11:39:22.107] (INFO) Pinging watchdog timer process: Process is alive.
[2015/11/04 11:39:22.107] (INFO) Your mother called. She says you never call her.
[2015/11/04 11:39:22.107] (WARN) Unable to ping master at 10.67.154.252. Retrying.
[2015/11/04 11:39:22.107] (INFO) Checked file systems for errors: All filesystems OK.
[2015/11/04 11:39:22.107] (ERROR) Extra characters at end of line.
[2015/11/04 11:39:22.107] (ERROR) Device 0x697d is offline
[2015/11/04 11:39:22.107] (WARN) Retrying server log checkpoint.
[2015/11/04 11:39:22.107] (ERROR) Alien monitor (aliend): 4 space aliens are fiddling with the hardware!
[2015/11/04 11:39:22.107] (INFO) Pinging watchdog timer process: Process is alive.
[2015/11/04 11:39:22.107] (INFO) Pinging watchdog timer process: Process is alive.
[2015/11/04 11:39:22.107] (INFO) Rolling 3 log file(s)...
[2015/11/04 11:39:22.107] (INFO) Sending SIGTERM to 4 excess workers.
[2015/11/04 11:39:22.107] (INFO) User "kjb9973" logged in from 172.16.47.152.
[2015/11/04 11:39:22.107] (INFO) Rolling 2 log file(s)...
[2015/11/04 11:39:22.107] (ERROR) Unable to authenticate user "lza1143": LDAP server isn't responding.
[2015/11/04 11:39:22.107] (INFO) Checkpointing off-heap server memory...
[2015/11/04 11:39:22.107] (INFO) Network heartbeat check: All OK.
[2015/11/04 11:39:22.107] (WARN) Retrying server log checkpoint.
[2015/11/04 11:39:22.107] (INFO) Alien monitor (aliend): Detected no space aliens.
[2015/11/04 11:39:22.107] (INFO) Backed up all server logs.
[2015/11/04 11:39:22.107] (INFO) User "phn8669" logged in from 172.16.130.231.
[2015/11/04 11:39:22.107] (INFO) User "rka9915" logged in from 172.16.78.13.
[2015/11/04 11:39:22.107] (INFO) .evian ylbirret si emehcs otpyrc ym neht ,siht daer nac uoy fI
[2015/11/04 11:39:22.107] (INFO) .evian ylbirret si emehcs otpyrc ym neht ,siht daer nac uoy fI
[2015/11/04 11:39:22.107] (INFO) Backed up all server logs.
[2015/11/04 11:39:22.107] (INFO) Checked file systems for errors: All filesystems OK.
[2015/11/04 11:39:22.107] (INFO) Flushed 20 buffers to disk.
[2015/11/04 11:39:22.107] (ERROR) Blocked BitTorrent traffic originating from 192.168.116.98.
[2015/11/04 11:39:22.107] (WARN) Space on disk /dev/sdd4 is low: Only 468 MB available.
[2015/11/04 11:39:22.107] (INFO) Your mother called. She says you never call her.
[2015/11/04 11:39:22.107] (INFO) Device 0x4935 is online.
[2015/11/04 11:39:22.107] (INFO) Checkpointing off-heap server memory...
[2015/11/04 11:39:22.107] (INFO) Checkpointing off-heap server memory...
[2015/11/04 11:39:22.107] (INFO) .evian ylbirret si emehcs otpyrc ym neht ,siht daer nac uoy fI
[2015/11/04 11:39:22.107] (WARN) CPU temperature exceeds 40º Celsius.
[2015/11/04 11:39:22.107] (INFO) User "ffv2375" logged in from 192.168.85.124.
[2015/11/04 11:39:22.107] (WARN) Ignoring SIGTERM. It's not that easy to get rid of me.
[2015/11/04 11:39:22.107] (INFO) Rolling 8 log file(s)...
[2015/11/04 11:39:22.107] (INFO) Alien monitor (aliend): Detected no space aliens.
[2015/11/04 11:39:22.107] (INFO) User "kxr8546" logged in from 172.16.54.161.
[2015/11/04 11:39:22.107] (WARN) Possible cyber-attack from China.
[2015/11/04 11:39:22.107] (ERROR) Extra characters at end of line.
[2015/11/04 11:39:22.107] (INFO) User "khi2695" logged in from 172.16.136.231.
[2015/11/04 11:39:22.107] (INFO) Device 0x3498 is online.
[2015/11/04 11:39:22.107] (INFO) User "kpr7415" logged in from 192.168.132.116.
[2015/11/04 11:39:22.107] (INFO) Waiting for worker process (PID 65297) to die.
[2015/11/04 11:39:22.107] (WARN) Ignoring SIGTERM. It's not that easy to get rid of me.
[2015/11/04 11:39:22.107] (INFO) Alien monitor (aliend): Detected no space aliens.
[2015/11/04 11:39:22.107] (WARN) Ignoring SIGTERM. It's not that easy to get rid of me.
[2015/11/04 11:39:22.107] (INFO) Network heartbeat check: All OK.
[2015/11/04 11:39:22.107] (INFO) Waiting for monitor process (PID 61520) to die.
[2015/11/04 11:39:22.107] (INFO) Network heartbeat check: All OK.
[2015/11/04 11:39:22.107] (INFO) Network heartbeat check: All OK.
[2015/11/04 11:39:22.107] (INFO) Network heartbeat check: All OK.
[2015/11/04 11:39:22.107] (INFO) Device 0x81dc is online.
[2015/11/04 11:39:22.107] (WARN) Retrying server log checkpoint.
[2015/11/04 11:39:22.107] (INFO) User "yyd1721" logged out.
[2015/11/04 11:39:22.107] (ERROR) Worker 9 died with SIGKILL. Restarting it.
[2015/11/04 11:39:22.107] (INFO) Rolling 3 log file(s)...
[2015/11/04 11:39:22.107] (INFO) Alien monitor (aliend): Detected no space aliens.
[2015/11/04 11:39:22.107] (INFO) User "mep2497" logged in from 172.16.93.211.
[2015/11/04 11:39:22.107] (ERROR) Unable to write to "/var/data/tXTqS51696.xslx": Permission denied (EACCES)
[2015/11/04 11:39:22.107] (INFO) Checkpointing off-heap server memory...
[2015/11/04 11:39:22.107] (WARN) Watchdog timer crashed. Restarting it.
[2015/11/04 11:39:22.107] (INFO) Waiting for worker process (PID 43555) to die.
[2015/11/04 11:39:22.607] (INFO) Supervisor has entered RESTARTING state.
[2015/11/04 11:39:22.607] (INFO) Pinging watchdog timer process: Process is alive.
[2015/11/04 11:39:22.607] (INFO) Checked file systems for errors: All filesystems OK.
[2015/11/04 11:39:22.607] (INFO) Device 0x44da is online.
[2015/11/04 11:39:22.607] (INFO) User "srq3343" logged out due to inactivity (timeout=30 minutes).
[2015/11/04 11:39:22.607] (INFO) Backed up all server logs.
[2015/11/04 11:39:22.607] (INFO) Checked file systems for errors: All filesystems OK.
[2015/11/04 11:39:22.607] (WARN) Space on disk /dev/sda4 is low: Only 148 MB available.
[2015/11/04 11:39:22.607] (INFO) Waiting for master process (PID 2666) to die.
[2015/11/04 11:39:22.607] (ERROR) Unable to mount /dev/sde3. (Time to run fsck?)
[2015/11/04 11:39:22.607] (INFO) Rolling 2 log file(s)...
[2015/11/04 11:39:22.607] (ERROR) Server log backup FAILED. See backup logs.
[2015/11/04 11:39:22.607] (INFO) Checkpointing off-heap server memory...
[2015/11/04 11:39:22.607] (INFO) Pinging watchdog timer process: Process is alive.
[2015/11/04 11:39:22.607] (WARN) Retrying server log checkpoint.
[2015/11/04 11:39:22.607] (INFO) .evian ylbirret si emehcs otpyrc ym neht ,siht daer nac uoy fI
[2015/11/04 11:39:22.607] (INFO) Backed up all server logs.
[2015/11/04 11:39:22.607] (WARN) Possible cyber-attack from Antarctica.
[2015/11/04 11:39:22.607] (INFO) Network heartbeat check: All OK.
[2015/11/04 11:39:22.607] (ERROR) Network heartbeat check FAILED: Master host down?
[2015/11/04 11:39:22.607] (WARN) Dropped 7,016 corrupt data packets.
[2015/11/04 11:39:22.607] (INFO) Pinging watchdog timer process: Process is alive.
[2015/11/04 11:39:22.607] (INFO) Backed up all server logs.
[2015/11/04 11:39:22.607] (INFO) Checked file systems for errors: All filesystems OK.
[2015/11/04 11:39:22.607] (INFO) Network heartbeat check: All OK.
[2015/11/04 11:39:22.607] (INFO) Alien monitor (aliend): Detected no space aliens.
[2015/11/04 11:39:22.607] (WARN) Dropped 14,174 corrupt data packets.
[2015/11/04 11:39:22.607] (INFO) Supervisor has entered SUSPENDED state.
[2015/11/04 11:39:22.607] (INFO) Flushed 48 buffers to disk.
[2015/11/04 11:39:22.607] (INFO) Network heartbeat check: All OK.
[2015/11/04 11:39:22.607] (WARN) There is no such thing as a free lunch.
[2015/11/04 11:39:22.607] (INFO) Supervisor has entered RUNNING state.
[2015/11/04 11:39:22.607] (INFO) User "xve8423" logged out due to inactivity (timeout=30 minutes).
[2015/11/04 11:39:22.607] (INFO) User "jdm5416" logged out.
[2015/11/04 11:39:22.607] (INFO) Sending SIGTERM to 3 excess workers.
[2015/11/04 11:39:22.607] (INFO) Supervisor has entered SUSPENDED state.
[2015/11/04 11:39:22.607] (INFO) .evian ylbirret si emehcs otpyrc ym neht ,siht daer nac uoy fI
[2015/11/04 11:39:22.607] (INFO) Waiting for master process (PID 326) to die.
[2015/11/04 11:39:22.607] (WARN) Dropped 11,555 corrupt data packets.
[2015/11/04 11:39:22.607] (INFO) Sending SIGTERM to 2 excess workers.
[2015/11/04 11:39:22.607] (INFO) Device 0xc8ab is online.
[2015/11/04 11:39:22.607] (INFO) Checked file systems for errors: All filesystems OK.
[2015/11/04 11:39:22.607] (INFO) User "nhf5555" logged out due to inactivity (timeout=30 minutes).
[2015/11/04 11:39:22.607] (INFO) Alien monitor (aliend): Detected no space aliens.
[2015/11/04 11:39:22.607] (INFO) Supervisor has entered RESTARTING state.
[2015/11/04 11:39:22.607] (INFO) .evian ylbirret si emehcs otpyrc ym neht ,siht daer nac uoy fI
[2015/11/04 11:39:22.607] (INFO) User "bmv6233" logged out due to inactivity (timeout=30 minutes).
[2015/11/04 11:39:22.607] (ERROR) Failed to write checkpoint file "/var/checkpoint/tNHev76502: No space left on device (ENOSPC)
[2015/11/04 11:39:22.607] (INFO) Supervisor has entered RESTARTING state.
[2015/11/04 11:39:22.607] (INFO) Rolling 8 log file(s)...
[2015/11/04 11:39:22.607] (INFO) Sending SIGTERM to 2 excess workers.
[2015/11/04 11:39:22.607] (INFO) Backed up all server logs.
[2015/11/04 11:39:22.607] (INFO) .evian ylbirret si emehcs otpyrc ym neht ,siht daer nac uoy fI
[2015/11/04 11:39:22.607] (ERROR) "/var/data/QahVH89139.tsv": Permission denied (EACCES)
[2015/11/04 11:39:22.607] (INFO) Supervisor has entered RESTARTING state.
[2015/11/04 11:39:22.607] (INFO) Waiting for monitor process (PID 14999) to die.
[2015/11/04 11:39:22.607] (INFO) User "gcz8896" logged out.
[2015/11/04 11:39:22.607] (INFO) Alien monitor (aliend): Detected no space aliens.
[2015/11/04 11:39:22.607] (INFO) Rolling 3 log file(s)...
[2015/11/04 11:39:22.607] (INFO) Pinging watchdog timer process: Process is alive.
[2015/11/04 11:39:22.607] (WARN) Backup server 192.168.17.183 is offline.
[2015/11/04 11:39:22.607] (INFO) Alien monitor (aliend): Detected no space aliens.
[2015/11/04 11:39:22.607] (INFO) Flushed 54 buffers to disk.
[2015/11/04 11:39:22.607] (INFO) Pinging watchdog timer process: Process is alive.
[2015/11/04 11:39:22.607] (INFO) Rolling 5 log file(s)...
[2015/11/04 11:39:22.607] (INFO) Checked file systems for errors: All filesystems OK.
[2015/11/04 11:39:22.607] (INFO) Alien monitor (aliend): Detected no space aliens.
[2015/11/04 11:39:22.607] (INFO) Pinging watchdog timer process: Process is alive.
[2015/11/04 11:39:22.607] (INFO) .evian ylbirret si emehcs otpyrc ym neht ,siht daer nac uoy fI
[2015/11/04 11:39:22.607] (INFO) Sending SIGTERM to 2 excess workers.
[2015/11/04 11:39:22.607] (WARN) There is no such thing as a free lunch.
[2015/11/04 11:39:22.607] (WARN) Network heartbeat check: 12 server(s) did not respond.
[2015/11/04 11:39:22.607] (INFO) User "yyr1168" logged out due to inactivity (timeout=30 minutes).
[2015/11/04 11:39:22.607] (INFO) User "gpa2410" logged out due to inactivity (timeout=30 minutes).
[2015/11/04 11:39:22.607] (INFO) Flushed 99 buffers to disk.
[2015/11/04 11:39:22.607] (ERROR) Unable to authenticate user "qyr8923": LDAP server isn't responding.
[2015/11/04 11:39:22.607] (ERROR) EFOODFAIL (Waiter, there's a fly in my soup).
[2015/11/04 11:39:22.607] (ERROR) /dev/lp error: "PC LOAD LETTER"
[2015/11/04 11:39:22.607] (INFO) User "wof3702" logged in from 172.16.232.15.
[2015/11/04 11:39:22.607] (INFO) Device 0x25a6 is online.
[2015/11/04 11:39:22.607] (INFO) User "vxr9064" logged in from 172.16.7.164.
[2015/11/04 11:39:22.607] (INFO) Device 0x4619 is online.
[2015/11/04 11:39:22.607] (INFO) User "vjo1339" logged out.
[2015/11/04 11:39:22.607] (INFO) Checkpointing off-heap server memory...
[2015/11/04 11:39:22.607] (WARN) Watchdog timer crashed. Restarting it.
[2015/11/04 11:39:22.607] (INFO) Sending SIGTERM to 2 excess workers.
[2015/11/04 11:39:22.607] (INFO) Supervisor has entered WAITING state.
[2015/11/04 11:39:22.607] (INFO) User "lze3479" logged out due to inactivity (timeout=30 minutes).
[2015/11/04 11:39:22.607] (INFO) User "svy2287" logged in from 172.16.132.186.
[2015/11/04 11:39:22.607] (INFO) Flushed 46 buffers to disk.
[2015/11/04 11:39:22.607] (INFO) Pinging watchdog timer process: Process is alive.
[2015/11/04 11:39:22.607] (ERROR) CPU temperature exceeds 50º Celsius. Shutting down.
[2015/11/04 11:39:22.607] (INFO) Device 0x8bc2 is online.
[2015/11/04 11:39:22.607] (INFO) Device 0xd0bc is online.
[2015/11/04 11:39:22.607] (INFO) Pinging watchdog timer process: Process is alive.
[2015/11/04 11:39:22.607] (WARN) CPU temperature exceeds 40º Celsius.
[2015/11/04 11:39:22.607] (INFO) Checked file systems for errors: All filesystems OK.
[2015/11/04 11:39:22.607] (INFO) Flushed 74 buffers to disk.
[2015/11/04 11:39:22.607] (WARN) Ignoring SIGTERM. It's not that easy to get rid of me.
[2015/11/04 11:39:22.607] (INFO) Backed up all server logs.
[2015/11/04 11:39:23.107] (INFO) Sending SIGTERM to 3 excess workers.
[2015/11/04 11:39:23.107] (INFO) Sending SIGTERM to 4 excess workers.
[2015/11/04 11:39:23.107] (WARN) Unable to ping supervisor at 10.226.161.218. Retrying.
[2015/11/04 11:39:23.107] (INFO) Sending SIGTERM to 2 excess workers.
[2015/11/04 11:39:23.107] (INFO) Sending SIGTERM to 3 excess workers.
[2015/11/04 11:39:23.107] (INFO) Checkpointing off-heap server memory...
[2015/11/04 11:39:23.107] (INFO) Waiting for monitor process (PID 37202) to die.
[2015/11/04 11:39:23.107] (INFO) Device 0xae4c is online.
[2015/11/04 11:39:23.107] (ERROR) Device 0xbf47 is offline
[2015/11/04 11:39:23.107] (INFO) Alien monitor (aliend): Detected no space aliens.
[2015/11/04 11:39:23.107] (INFO) Waiting for supervisor process (PID 22353) to die.
[2015/11/04 11:39:23.107] (INFO) .evian ylbirret si emehcs otpyrc ym neht ,siht daer nac uoy fI
[2015/11/04 11:39:23.107] (WARN) Possible cyber-attack from Alpha Centauri.
[2015/11/04 11:39:23.107] (INFO) Rolling 1 log file(s)...
[2015/11/04 11:39:23.107] (WARN) CPU temperature exceeds 40º Celsius.
[2015/11/04 11:39:23.107] (INFO) Rolling 2 log file(s)...
[2015/11/04 11:39:23.107] (INFO) Checkpointing off-heap server memory...
[2015/11/04 11:39:23.107] (ERROR) Failed to write checkpoint file "/var/checkpoint/jyhNj61830: No space left on device (ENOSPC)
[2015/11/04 11:39:23.107] (INFO) User "isq9946" logged in from 10.117.72.220.
[2015/11/04 11:39:23.107] (WARN) Network heartbeat check: 17 server(s) did not respond.
[2015/11/04 11:39:23.107] (WARN) Network heartbeat check: 19 server(s) did not respond.
[2015/11/04 11:39:23.107] (ERROR) "/var/data/mensJ83739.zip": No such file or directory (ENOENT)
[2015/11/04 11:39:23.107] (INFO) Pinging watchdog timer process: Process is alive.
[2015/11/04 11:39:23.107] (INFO) Alien monitor (aliend): Detected no space aliens.
[2015/11/04 11:39:23.107] (INFO) Sending SIGTERM to 4 excess workers.
[2015/11/04 11:39:23.107] (INFO) User "eyz2333" logged in from 10.228.1.230.
[2015/11/04 11:39:23.107] (INFO) Network heartbeat check: All OK.
[2015/11/04 11:39:23.107] (INFO) User "wgx7402" logged in from 192.168.122.106.
[2015/11/04 11:39:23.107] (INFO) Checkpointing off-heap server memory...
[2015/11/04 11:39:23.107] (INFO) Device 0x61fd is online.
[2015/11/04 11:39:23.107] (INFO) Sending SIGTERM to 4 excess workers.
[2015/11/04 11:39:23.107] (INFO) Alien monitor (aliend): Detected no space aliens.
[2015/11/04 11:39:23.107] (WARN) Watchdog timer crashed. Restarting it.
[2015/11/04 11:39:23.107] (INFO) Alien monitor (aliend): Detected no space aliens.
[2015/11/04 11:39:23.107] (WARN) CPU temperature exceeds 40º Celsius.
[2015/11/04 11:39:23.107] (INFO) Flushed 86 buffers to disk.
[2015/11/04 11:39:23.107] (INFO) Device 0x68a1 is online.
[2015/11/04 11:39:23.107] (WARN) Unable to ping monitor at 10.165.124.70. Retrying.
[2015/11/04 11:39:23.107] (INFO) Checked file systems for errors: All filesystems OK.
[2015/11/04 11:39:23.107] (INFO) Supervisor has entered WAITING state.
[2015/11/04 11:39:23.107] (WARN) Ignoring SIGTERM. It's not that easy to get rid of me.
[2015/11/04 11:39:23.107] (INFO) Pinging watchdog timer process: Process is alive.
[2015/11/04 11:39:23.107] (INFO) Alien monitor (aliend): Detected no space aliens.
[2015/11/04 11:39:23.107] (INFO) Alien monitor (aliend): Detected no space aliens.
[2015/11/04 11:39:23.107] (INFO) User "elz4555" logged out due to inactivity (timeout=30 minutes).
[2015/11/04 11:39:23.107] (INFO) Flushed 31 buffers to disk.
[2015/11/04 11:39:23.107] (INFO) User "nar6475" logged in from 172.16.6.8.
[2015/11/04 11:39:23.107] (INFO) Checkpointing off-heap server memory...
[2015/11/04 11:39:23.107] (INFO) Alien monitor (aliend): Detected no space aliens.
[2015/11/04 11:39:23.107] (INFO) Device 0xe516 is online.
[2015/11/04 11:39:23.107] (INFO) Network heartbeat check: All OK.
[2015/11/04 11:39:23.107] (INFO) .evian ylbirret si emehcs otpyrc ym neht ,siht daer nac uoy fI
[2015/11/04 11:39:23.107] (WARN) Retrying server log checkpoint.
[2015/11/04 11:39:23.107] (INFO) Alien monitor (aliend): Detected no space aliens.
[2015/11/04 11:39:23.107] (INFO) Backed up all server logs.
[2015/11/04 11:39:23.107] (ERROR) Detected clock skew! Restarting NTP server.
[2015/11/04 11:39:23.107] (WARN) Backup server 172.16.194.43 is offline.
[2015/11/04 11:39:23.107] (INFO) Checkpointing off-heap server memory...
[2015/11/04 11:39:23.107] (INFO) Supervisor has entered SUSPENDED state.
[2015/11/04 11:39:23.107] (INFO) Backed up all server logs.
[2015/11/04 11:39:23.107] (INFO) User "wos3457" logged out.
[2015/11/04 11:39:23.107] (INFO) User "pcb2552" logged in from 172.16.117.148.
[2015/11/04 11:39:23.107] (INFO) Device 0x267e is online.
[2015/11/04 11:39:23.107] (INFO) Checkpointing off-heap server memory...
[2015/11/04 11:39:23.107] (INFO) Device 0xf858 is online.
[2015/11/04 11:39:23.107] (INFO) Backed up all server logs.
[2015/11/04 11:39:23.107] (INFO) Your mother called. She says you never call her.
[2015/11/04 11:39:23.107] (ERROR) One of the flayrods has gone out askew on treadle.
[2015/11/04 11:39:23.107] (INFO) Checked file systems for errors: All filesystems OK.
[2015/11/04 11:39:23.107] (INFO) User "qkt3727" logged out.
[2015/11/04 11:39:23.107] (INFO) Rolling 3 log file(s)...
[2015/11/04 11:39:23.107] (INFO) Flushed 36 buffers to disk.
[2015/11/04 11:39:23.107] (INFO) .evian ylbirret si emehcs otpyrc ym neht ,siht daer nac uoy fI
[2015/11/04 11:39:23.107] (INFO) Backed up all server logs.
[2015/11/04 11:39:23.107] (ERROR) Network heartbeat check FAILED: Master host down?
[2015/11/04 11:39:23.107] (INFO) Alien monitor (aliend): Detected no space aliens.
[2015/11/04 11:39:23.107] (INFO) Checked file systems for errors: All filesystems OK.
[2015/11/04 11:39:23.107] (WARN) Unable to ping master at 10.33.32.124. Retrying.
[2015/11/04 11:39:23.107] (INFO) Sending SIGTERM to 2 excess workers.
[2015/11/04 11:39:23.107] (INFO) Pinging watchdog timer process: Process is alive.
[2015/11/04 11:39:23.107] (INFO) Rolling 7 log file(s)...
[2015/11/04 11:39:23.107] (INFO) Your mother called. She says you never call her.
[2015/11/04 11:39:23.107] (INFO) Backed up all server logs.
[2015/11/04 11:39:23.107] (ERROR) Worker 9 died with SIGFPE. Restarting it.
[2015/11/04 11:39:23.107] (ERROR) Blocked Little Bobby Tables attack (https://xkcd.com/327/) from 10.77.142.98.
[2015/11/04 11:39:23.107] (INFO) Waiting for worker process (PID 13454) to die.
[2015/11/04 11:39:23.107] (INFO) User "ybd8273" logged in from 10.118.82.128.
[2015/11/04 11:39:23.107] (INFO) User "owd1156" logged out due to inactivity (timeout=30 minutes).
[2015/11/04 11:39:23.107] (INFO) Supervisor has entered RUNNING state.
[2015/11/04 11:39:23.108] (INFO) Flushed 98 buffers to disk.
[2015/11/04 11:39:23.108] (WARN) Network heartbeat check: 19 server(s) did not respond.
[2015/11/04 11:39:23.108] (INFO) Rolling 1 log file(s)...
[2015/11/04 11:39:23.108] (INFO) Network heartbeat check: All OK.
[2015/11/04 11:39:23.108] (INFO) Sending SIGTERM to 4 excess workers.
[2015/11/04 11:39:23.108] (INFO) Rolling 2 log file(s)...
[2015/11/04 11:39:23.108] (INFO) .evian ylbirret si emehcs otpyrc ym neht ,siht daer nac uoy fI
[2015/11/04 11:39:23.108] (INFO) User "fgq3335" logged out.
[2015/11/04 11:39:23.108] (ERROR) Failed to open "/mnt/fileserver01/gKFlg88485.xml": NFS timeout.
[2015/11/04 11:39:23.108] (INFO) Flushed 25 buffers to disk.
[2015/11/04 11:39:23.108] (WARN) There is no such thing as a free lunch.
[2015/11/04 11:39:23.608] (INFO) User "ibv5460" logged out.
[2015/11/04 11:39:23.608] (WARN) Watchdog timer crashed. Restarting it.
[2015/11/04 11:39:23.608] (INFO) Network heartbeat check: All OK.
[2015/11/04 11:39:23.608] (INFO) Rolling 5 log file(s)...
[2015/11/04 11:39:23.608] (INFO) Your mother called. She says you never call her.
[2015/11/04 11:39:23.608] (INFO) Alien monitor (aliend): Detected no space aliens.
[2015/11/04 11:39:23.608] (INFO) Pinging watchdog timer process: Process is alive.
[2015/11/04 11:39:23.608] (INFO) Sending SIGTERM to 3 excess workers.
[2015/11/04 11:39:23.608] (INFO) User "qiz5134" logged in from 172.16.146.113.
[2015/11/04 11:39:23.608] (WARN) Space on disk /dev/sdc3 is low: Only 201 MB available.
[2015/11/04 11:39:23.608] (INFO) Waiting for master process (PID 34086) to die.
[2015/11/04 11:39:23.608] (INFO) User "vjk8623" logged out.
[2015/11/04 11:39:23.608] (INFO) Pinging watchdog timer process: Process is alive.
[2015/11/04 11:39:23.608] (WARN) Possible cyber-attack from Mars.
[2015/11/04 11:39:23.608] (WARN) Unable to ping master at 192.168.188.51. Retrying.
[2015/11/04 11:39:23.608] (WARN) Possible cyber-attack from Russia.
[2015/11/04 11:39:23.608] (INFO) User "reo6789" logged out due to inactivity (timeout=30 minutes).
[2015/11/04 11:39:23.608] (INFO) Waiting for master process (PID 22515) to die.
[2015/11/04 11:39:23.608] (INFO) Waiting for monitor process (PID 23160) to die.
[2015/11/04 11:39:23.608] (INFO) Your mother called. She says you never call her.
[2015/11/04 11:39:23.608] (INFO) Sending SIGTERM to 4 excess workers.
[2015/11/04 11:39:23.608] (INFO) Flushed 90 buffers to disk.
[2015/11/04 11:39:23.608] (INFO) Your mother called. She says you never call her.
[2015/11/04 11:39:23.608] (INFO) User "oee5027" logged in from 172.16.47.145.
[2015/11/04 11:39:23.608] (ERROR) Connection to 10.41.109.139 terminated unexpectedly. Reconnecting.
[2015/11/04 11:39:23.608] (INFO) Backed up all server logs.
[2015/11/04 11:39:23.608] (INFO) .evian ylbirret si emehcs otpyrc ym neht ,siht daer nac uoy fI
[2015/11/04 11:39:23.608] (INFO) Waiting for worker process (PID 49088) to die.
[2015/11/04 11:39:23.608] (INFO) User "vte1241" logged out due to inactivity (timeout=30 minutes).
[2015/11/04 11:39:23.608] (INFO) Device 0xf479 is online.
[2015/11/04 11:39:23.608] (INFO) Backed up all server logs.
[2015/11/04 11:39:23.608] (INFO) Your mother called. She says you never call her.
[2015/11/04 11:39:23.608] (INFO) Pinging watchdog timer process: Process is alive.
[2015/11/04 11:39:23.608] (INFO) User "vvq8086" logged out.
[2015/11/04 11:39:23.608] (INFO) Pinging watchdog timer process: Process is alive.
[2015/11/04 11:39:23.608] (ERROR) One of the flayrods has gone out askew on treadle.
[2015/11/04 11:39:23.608] (INFO) Rolling 4 log file(s)...
[2015/11/04 11:39:23.608] (INFO) .evian ylbirret si emehcs otpyrc ym neht ,siht daer nac uoy fI
[2015/11/04 11:39:23.608] (INFO) Checkpointing off-heap server memory...
[2015/11/04 11:39:23.608] (INFO) Checkpointing off-heap server memory...
[2015/11/04 11:39:23.608] (INFO) Flushed 70 buffers to disk.
[2015/11/04 11:39:23.608] (INFO) Waiting for supervisor process (PID 13435) to die.
[2015/11/04 11:39:23.608] (INFO) Waiting for worker process (PID 39403) to die.
[2015/11/04 11:39:23.608] (INFO) Sending SIGTERM to 2 excess workers.
[2015/11/04 11:39:23.608] (INFO) Checkpointing off-heap server memory...
[2015/11/04 11:39:23.608] (INFO) Rolling 3 log file(s)...
[2015/11/04 11:39:23.608] (INFO) User "fno1238" logged out.
[2015/11/04 11:39:23.608] (INFO) Checked file systems for errors: All filesystems OK.
[2015/11/04 11:39:23.608] (INFO) User "zml5947" logged out due to inactivity (timeout=30 minutes).
[2015/11/04 11:39:23.608] (INFO) Sending SIGTERM to 2 excess workers.
[2015/11/04 11:39:23.608] (INFO) Alien monitor (aliend): Detected no space aliens.
[2015/11/04 11:39:23.608] (INFO) User "ffx8669" logged out.
[2015/11/04 11:39:23.608] (INFO) Alien monitor (aliend): Detected no space aliens.
[2015/11/04 11:39:23.608] (INFO) Rolling 3 log file(s)...
[2015/11/04 11:39:23.608] (INFO) .evian ylbirret si emehcs otpyrc ym neht ,siht daer nac uoy fI
[2015/11/04 11:39:23.608] (INFO) User "ieo1265" logged out due to inactivity (timeout=30 minutes).
[2015/11/04 11:39:23.608] (INFO) Rolling 6 log file(s)...
[2015/11/04 11:39:23.608] (INFO) Pinging watchdog timer process: Process is alive.
[2015/11/04 11:39:23.608] (INFO) Waiting for worker process (PID 38306) to die.
[2015/11/04 11:39:23.608] (WARN) CPU temperature exceeds 40º Celsius.
[2015/11/04 11:39:23.608] (WARN) CPU temperature exceeds 40º Celsius.
[2015/11/04 11:39:23.608] (INFO) Device 0xa4a3 is online.
[2015/11/04 11:39:23.608] (INFO) .evian ylbirret si emehcs otpyrc ym neht ,siht daer nac uoy fI
[2015/11/04 11:39:23.608] (INFO) Network heartbeat check: All OK.
[2015/11/04 11:39:23.608] (WARN) Master took 848 ms to respond (threshold=500 ms)
[2015/11/04 11:39:23.608] (INFO) Rolling 1 log file(s)...
[2015/11/04 11:39:23.608] (INFO) Network heartbeat check: All OK.
[2015/11/04 11:39:23.608] (INFO) Backed up all server logs.
[2015/11/04 11:39:23.608] (INFO) Backed up all server logs.
[2015/11/04 11:39:23.608] (INFO) User "lkz9315" logged out due to inactivity (timeout=30 minutes).
[2015/11/04 11:39:23.608] (INFO) User "srz6880" logged out due to inactivity (timeout=30 minutes).
[2015/11/04 11:39:23.608] (INFO) User "xnh9515" logged out due to inactivity (timeout=30 minutes).
[2015/11/04 11:39:23.608] (INFO) User "iza4131" logged in from 172.16.59.158.
[2015/11/04 11:39:23.608] (WARN) Unable to ping supervisor at 192.168.125.162. Retrying.
[2015/11/04 11:39:23.608] (ERROR) "/var/data/OmxIZ56550.txt": No such file or directory (ENOENT)
[2015/11/04 11:39:23.608] (INFO) User "sio9401" logged out due to inactivity (timeout=30 minutes).
[2015/11/04 11:39:23.608] (INFO) Supervisor has entered SUSPENDED state.
[2015/11/04 11:39:23.608] (INFO) Waiting for monitor process (PID 62677) to die.
[2015/11/04 11:39:23.608] (WARN) CPU temperature exceeds 40º Celsius.
[2015/11/04 11:39:23.608] (WARN) There is no such thing as a free lunch.
[2015/11/04 11:39:23.608] (INFO) Checkpointing off-heap server memory...
[2015/11/04 11:39:23.608] (INFO) User "ezx4608" logged in from 172.16.157.46.
[2015/11/04 11:39:23.608] (INFO) Device 0x4a18 is online.
[2015/11/04 11:39:23.608] (INFO) User "tez4116" logged out.
[2015/11/04 11:39:23.608] (INFO) .evian ylbirret si emehcs otpyrc ym neht ,siht daer nac uoy fI
[2015/11/04 11:39:23.608] (INFO) Checked file systems for errors: All filesystems OK.
[2015/11/04 11:39:23.608] (WARN) CPU temperature exceeds 40º Celsius.
[2015/11/04 11:39:23.608] (INFO) Pinging watchdog timer process: Process is alive.
[2015/11/04 11:39:23.608] (INFO) Supervisor has entered SUSPENDED state.
[2015/11/04 11:39:23.608] (INFO) Supervisor has entered RUNNING state.
[2015/11/04 11:39:23.608] (WARN) Retrying server log checkpoint.
[2015/11/04 11:39:23.608] (INFO) Supervisor has entered RUNNING state.
[2015/11/04 11:39:23.608] (WARN) Retrying server log checkpoint.
[2015/11/04 11:39:23.608] (INFO) User "iyf1961" logged in from 172.16.169.92.
[2015/11/04 11:39:23.608] (INFO) User "rqu2153" logged out due to inactivity (timeout=30 minutes).
[2015/11/04 11:39:23.608] (INFO) Rolling 3 log file(s)...
[2015/11/04 11:39:23.608] (INFO) Rolling 2 log file(s)...
[2015/11/04 11:39:23.608] (INFO) Your mother called. She says you never call her.
[2015/11/04 11:39:23.608] (WARN) Master took 845 ms to respond (threshold=500 ms)
[2015/11/04 11:39:23.608] (ERROR) CPU temperature exceeds 50º Celsius. Shutting down.
[2015/11/04 11:39:24.108] (INFO) Checkpointing off-heap server memory...
[2015/11/04 11:39:24.108] (INFO) User "qbq2369" logged out.
[2015/11/04 11:39:24.108] (INFO) User "ooq3343" logged in from 172.16.87.36.
[2015/11/04 11:39:24.108] (INFO) Waiting for monitor process (PID 36069) to die.
[2015/11/04 11:39:24.108] (INFO) Supervisor has entered WAITING state.
[2015/11/04 11:39:24.108] (INFO) Checked file systems for errors: All filesystems OK.
[2015/11/04 11:39:24.108] (ERROR) Unable to authenticate user "scm5370": LDAP server isn't responding.
[2015/11/04 11:39:24.108] (INFO) .evian ylbirret si emehcs otpyrc ym neht ,siht daer nac uoy fI
[2015/11/04 11:39:24.108] (INFO) Checkpointing off-heap server memory...
[2015/11/04 11:39:24.108] (INFO) Your mother called. She says you never call her.
[2015/11/04 11:39:24.108] (WARN) Space on disk /dev/sdb2 is low: Only 700 MB available.
[2015/11/04 11:39:24.108] (INFO) Backed up all server logs.
[2015/11/04 11:39:24.108] (INFO) Backed up all server logs.
[2015/11/04 11:39:24.108] (INFO) Backed up all server logs.
[2015/11/04 11:39:24.108] (WARN) Network heartbeat check: 15 server(s) did not respond.
[2015/11/04 11:39:24.108] (INFO) Checked file systems for errors: All filesystems OK.
[2015/11/04 11:39:24.108] (INFO) Your mother called. She says you never call her.
[2015/11/04 11:39:24.108] (INFO) Sending SIGTERM to 3 excess workers.
[2015/11/04 11:39:24.108] (ERROR) Detected incoming DDoS from 172.16.36.163.
[2015/11/04 11:39:24.108] (INFO) Network heartbeat check: All OK.
[2015/11/04 11:39:24.108] (WARN) Backup server 192.168.194.80 is offline.
[2015/11/04 11:39:24.108] (WARN) Space on disk /dev/sdf1 is low: Only 697 MB available.
[2015/11/04 11:39:24.108] (WARN) Backup server 192.168.161.229 is offline.
[2015/11/04 11:39:24.108] (INFO) User "yln8953" logged out due to inactivity (timeout=30 minutes).
[2015/11/04 11:39:24.108] (INFO) Device 0x29bc is online.
[2015/11/04 11:39:24.108] (INFO) Pinging watchdog timer process: Process is alive.
[2015/11/04 11:39:24.108] (INFO) Waiting for supervisor process (PID 60832) to die.
[2015/11/04 11:39:24.108] (INFO) Flushed 33 buffers to disk.
[2015/11/04 11:39:24.108] (INFO) Checked file systems for errors: All filesystems OK.
[2015/11/04 11:39:24.108] (INFO) Flushed 97 buffers to disk.
[2015/11/04 11:39:24.108] (INFO) Checkpointing off-heap server memory...
[2015/11/04 11:39:24.108] (INFO) Backed up all server logs.
[2015/11/04 11:39:24.108] (INFO) Backed up all server logs.
[2015/11/04 11:39:24.108] (WARN) Backup server 192.168.116.247 is offline.
[2015/11/04 11:39:24.108] (INFO) Checkpointing off-heap server memory...
[2015/11/04 11:39:24.108] (WARN) Backup server 192.168.86.248 is offline.
[2015/11/04 11:39:24.108] (ERROR) Unable to mount /dev/sdc2. (Time to run fsck?)
[2015/11/04 11:39:24.108] (INFO) Supervisor has entered WAITING state.
[2015/11/04 11:39:24.108] (INFO) User "das8316" logged out.
[2015/11/04 11:39:24.108] (INFO) Waiting for supervisor process (PID 40799) to die.
[2015/11/04 11:39:24.108] (INFO) Pinging watchdog timer process: Process is alive.
[2015/11/04 11:39:24.108] (INFO) Waiting for supervisor process (PID 24252) to die.
[2015/11/04 11:39:24.108] (INFO) User "mbd6481" logged out.
[2015/11/04 11:39:24.108] (INFO) User "vqx1015" logged out.
[2015/11/04 11:39:24.108] (INFO) User "ofj8343" logged out.
[2015/11/04 11:39:24.108] (INFO) Rolling 7 log file(s)...
[2015/11/04 11:39:24.108] (INFO) User "gqf8983" logged out due to inactivity (timeout=30 minutes).
[2015/11/04 11:39:24.108] (INFO) User "rgi9513" logged out due to inactivity (timeout=30 minutes).
[2015/11/04 11:39:24.108] (INFO) Sending SIGTERM to 2 excess workers.
[2015/11/04 11:39:24.108] (INFO) Waiting for monitor process (PID 10309) to die.
[2015/11/04 11:39:24.108] (INFO) Pinging watchdog timer process: Process is alive.
[2015/11/04 11:39:24.108] (INFO) Rolling 7 log file(s)...
[2015/11/04 11:39:24.108] (INFO) Rolling 6 log file(s)...
[2015/11/04 11:39:24.108] (ERROR) Blocked nmap traffic originating from 10.146.15.213.
[2015/11/04 11:39:24.108] (INFO) User "qzd7770" logged out.
[2015/11/04 11:39:24.108] (INFO) Checkpointing off-heap server memory...
[2015/11/04 11:39:24.108] (ERROR) Failed to open "/mnt/fileserver02/gXKHy69688.csv": NFS timeout.
[2015/11/04 11:39:24.108] (ERROR) Worker 4 died with SIGPOLL. Restarting it.
[2015/11/04 11:39:24.108] (INFO) Your mother called. She says you never call her.
[2015/11/04 11:39:24.108] (INFO) Backed up all server logs.
[2015/11/04 11:39:24.108] (INFO) Network heartbeat check: All OK.
[2015/11/04 11:39:24.108] (ERROR) Device 0xc69f is offline
[2015/11/04 11:39:24.108] (INFO) Alien monitor (aliend): Detected no space aliens.
[2015/11/04 11:39:24.108] (INFO) Supervisor has entered WAITING state.
[2015/11/04 11:39:24.108] (INFO) Device 0x930d is online.
[2015/11/04 11:39:24.108] (INFO) Network heartbeat check: All OK.
[2015/11/04 11:39:24.108] (INFO) Alien monitor (aliend): Detected no space aliens.
[2015/11/04 11:39:24.108] (INFO) .evian ylbirret si emehcs otpyrc ym neht ,siht daer nac uoy fI
[2015/11/04 11:39:24.108] (INFO) Pinging watchdog timer process: Process is alive.
[2015/11/04 11:39:24.108] (INFO) Checked file systems for errors: All filesystems OK.
[2015/11/04 11:39:24.108] (INFO) Device 0xaf5a is online.
[2015/11/04 11:39:24.108] (ERROR) "/var/data/RTkzY88939.xml": Permission denied (EACCES)
[2015/11/04 11:39:24.108] (INFO) Checked file systems for errors: All filesystems OK.
[2015/11/04 11:39:24.108] (INFO) Device 0x3708 is online.
[2015/11/04 11:39:24.108] (WARN) Network heartbeat check: 13 server(s) did not respond.
[2015/11/04 11:39:24.108] (INFO) User "tcq5680" logged out.
[2015/11/04 11:39:24.108] (INFO) Checked file systems for errors: All filesystems OK.
[2015/11/04 11:39:24.108] (WARN) There is no such thing as a free lunch.
[2015/11/04 11:39:24.108] (ERROR) Detected clock skew! Restarting NTP server.
[2015/11/04 11:39:24.108] (WARN) Dropped 10,858 corrupt data packets.
[2015/11/04 11:39:24.108] (WARN) Dropped 11,781 corrupt data packets.
[2015/11/04 11:39:24.108] (INFO) Pinging watchdog timer process: Process is alive.
[2015/11/04 11:39:24.108] (INFO) User "gkx3340" logged out due to inactivity (timeout=30 minutes).
[2015/11/04 11:39:24.108] (INFO) Your mother called. She says you never call her.
[2015/11/04 11:39:24.108] (ERROR) Detected incoming DDoS from 172.16.115.148.
[2015/11/04 11:39:24.108] (INFO) Network heartbeat check: All OK.
[2015/11/04 11:39:24.108] (INFO) Device 0xde06 is online.
[2015/11/04 11:39:24.108] (INFO) Sending SIGTERM to 2 excess workers.
[2015/11/04 11:39:24.108] (INFO) Checkpointing off-heap server memory...
[2015/11/04 11:39:24.108] (ERROR) CPU temperature exceeds 50º Celsius. Shutting down.
[2015/11/04 11:39:24.108] (INFO) Alien monitor (aliend): Detected no space aliens.
[2015/11/04 11:39:24.108] (INFO) User "udv3776" logged out due to inactivity (timeout=30 minutes).
[2015/11/04 11:39:24.108] (INFO) User "zys3630" logged out.
[2015/11/04 11:39:24.108] (INFO) User "gxs3640" logged out due to inactivity (timeout=30 minutes).
[2015/11/04 11:39:24.108] (INFO) Backed up all server logs.
[2015/11/04 11:39:24.108] (INFO) Checked file systems for errors: All filesystems OK.
[2015/11/04 11:39:24.108] (INFO) Pinging watchdog timer process: Process is alive.
[2015/11/04 11:39:24.108] (INFO) Checkpointing off-heap server memory...
[2015/11/04 11:39:24.108] (INFO) Alien monitor (aliend): Detected no space aliens.
[2015/11/04 11:39:24.108] (INFO) Supervisor has entered WAITING state.
[2015/11/04 11:39:24.607] (ERROR) Failed to open "/mnt/fileserver01/jXMjy74837.xslx": NFS timeout.
[2015/11/04 11:39:24.607] (INFO) Waiting for supervisor process (PID 15070) to die.
[2015/11/04 11:39:24.607] (INFO) Alien monitor (aliend): Detected no space aliens.
[2015/11/04 11:39:24.607] (INFO) Alien monitor (aliend): Detected no space aliens.
[2015/11/04 11:39:24.607] (INFO) Your mother called. She says you never call her.
[2015/11/04 11:39:24.607] (INFO) Supervisor has entered SUSPENDED state.
[2015/11/04 11:39:24.607] (INFO) User "vrl6404" logged out.
[2015/11/04 11:39:24.607] (INFO) Checkpointing off-heap server memory...
[2015/11/04 11:39:24.607] (INFO) Checkpointing off-heap server memory...
[2015/11/04 11:39:24.607] (INFO) Alien monitor (aliend): Detected no space aliens.
[2015/11/04 11:39:24.607] (INFO) Device 0x0533 is online.
[2015/11/04 11:39:24.607] (INFO) User "fyc2591" logged out due to inactivity (timeout=30 minutes).
[2015/11/04 11:39:24.607] (INFO) Alien monitor (aliend): Detected no space aliens.
[2015/11/04 11:39:24.607] (INFO) Sending SIGTERM to 3 excess workers.
[2015/11/04 11:39:24.607] (INFO) Rolling 6 log file(s)...
[2015/11/04 11:39:24.607] (INFO) Flushed 59 buffers to disk.
[2015/11/04 11:39:24.607] (INFO) .evian ylbirret si emehcs otpyrc ym neht ,siht daer nac uoy fI
[2015/11/04 11:39:24.607] (INFO) User "sdm3798" logged out.
[2015/11/04 11:39:24.607] (INFO) Network heartbeat check: All OK.
[2015/11/04 11:39:24.607] (INFO) User "qja9534" logged out due to inactivity (timeout=30 minutes).
[2015/11/04 11:39:24.607] (INFO) User "gth1195" logged in from 10.91.95.170.
[2015/11/04 11:39:24.607] (INFO) User "kok2638" logged out.
[2015/11/04 11:39:24.607] (INFO) Your mother called. She says you never call her.
[2015/11/04 11:39:24.607] (INFO) Pinging watchdog timer process: Process is alive.
[2015/11/04 11:39:24.607] (INFO) Device 0xafcf is online.
[2015/11/04 11:39:24.607] (INFO) .evian ylbirret si emehcs otpyrc ym neht ,siht daer nac uoy fI
[2015/11/04 11:39:24.607] (INFO) User "afb5865" logged in from 10.199.92.23.
[2015/11/04 11:39:24.607] (INFO) User "jod8799" logged out.
[2015/11/04 11:39:24.607] (INFO) Device 0xe543 is online.
[2015/11/04 11:39:24.607] (ERROR) Blocked Little Bobby Tables attack (https://xkcd.com/327/) from 172.16.215.112.
[2015/11/04 11:39:24.607] (INFO) Sending SIGTERM to 3 excess workers.
[2015/11/04 11:39:24.607] (INFO) Sending SIGTERM to 3 excess workers.
[2015/11/04 11:39:24.607] (INFO) Rolling 7 log file(s)...
[2015/11/04 11:39:24.607] (INFO) Backed up all server logs.
[2015/11/04 11:39:24.607] (INFO) Waiting for supervisor process (PID 30047) to die.
[2015/11/04 11:39:24.607] (INFO) Pinging watchdog timer process: Process is alive.
[2015/11/04 11:39:24.607] (INFO) User "eew8852" logged out.
[2015/11/04 11:39:24.607] (WARN) Backup server 10.9.139.44 is offline.
[2015/11/04 11:39:24.607] (INFO) Pinging watchdog timer process: Process is alive.
[2015/11/04 11:39:24.607] (INFO) Backed up all server logs.
[2015/11/04 11:39:24.607] (INFO) User "tkq6228" logged out due to inactivity (timeout=30 minutes).
[2015/11/04 11:39:24.607] (INFO) Pinging watchdog timer process: Process is alive.
[2015/11/04 11:39:24.607] (WARN) There is no such thing as a free lunch.
[2015/11/04 11:39:24.607] (INFO) Checked file systems for errors: All filesystems OK.
[2015/11/04 11:39:24.607] (ERROR) "/var/data/CyFxh89753.zip": No such file or directory (ENOENT)
[2015/11/04 11:39:24.607] (INFO) Pinging watchdog timer process: Process is alive.
[2015/11/04 11:39:24.607] (INFO) Pinging watchdog timer process: Process is alive.
[2015/11/04 11:39:24.607] (INFO) .evian ylbirret si emehcs otpyrc ym neht ,siht daer nac uoy fI
[2015/11/04 11:39:24.607] (ERROR) Alien monitor (aliend): 3 space aliens are fiddling with the hardware!
[2015/11/04 11:39:24.607] (INFO) Rolling 7 log file(s)...
[2015/11/04 11:39:24.607] (ERROR) Unable to mount /dev/sdb2. (Time to run fsck?)
[2015/11/04 11:39:24.607] (INFO) Sending SIGTERM to 3 excess workers.
[2015/11/04 11:39:24.607] (INFO) Pinging watchdog timer process: Process is alive.
[2015/11/04 11:39:24.607] (INFO) Backed up all server logs.
[2015/11/04 11:39:24.607] (INFO) User "hfd3196" logged out due to inactivity (timeout=30 minutes).
[2015/11/04 11:39:24.607] (INFO) User "wfe3412" logged out.
[2015/11/04 11:39:24.607] (INFO) Checkpointing off-heap server memory...
[2015/11/04 11:39:24.607] (INFO) Checkpointing off-heap server memory...
[2015/11/04 11:39:24.607] (INFO) Supervisor has entered SUSPENDED state.
[2015/11/04 11:39:24.607] (INFO) Rolling 8 log file(s)...
[2015/11/04 11:39:24.607] (INFO) User "dxj6464" logged in from 192.168.154.113.
[2015/11/04 11:39:24.607] (INFO) Sending SIGTERM to 3 excess workers.
[2015/11/04 11:39:24.607] (INFO) Flushed 69 buffers to disk.
[2015/11/04 11:39:24.607] (INFO) Checkpointing off-heap server memory...
[2015/11/04 11:39:24.607] (INFO) User "kuq6677" logged out.
[2015/11/04 11:39:24.607] (INFO) .evian ylbirret si emehcs otpyrc ym neht ,siht daer nac uoy fI
[2015/11/04 11:39:24.607] (ERROR) User "sky5100" failed to log in 3 times. Disabling account.
[2015/11/04 11:39:24.607] (WARN) Network heartbeat check: 1 server(s) did not respond.
[2015/11/04 11:39:24.607] (WARN) There is no such thing as a free lunch.
[2015/11/04 11:39:24.607] (INFO) Pinging watchdog timer process: Process is alive.
[2015/11/04 11:39:24.607] (WARN) Unable to ping master at 172.16.99.225. Retrying.
[2015/11/04 11:39:24.607] (INFO) Sending SIGTERM to 4 excess workers.
[2015/11/04 11:39:24.607] (INFO) Rolling 8 log file(s)...
[2015/11/04 11:39:24.607] (WARN) Possible cyber-attack from The Cayman Islands.
[2015/11/04 11:39:24.607] (INFO) Waiting for worker process (PID 34997) to die.
[2015/11/04 11:39:24.607] (INFO) Alien monitor (aliend): Detected no space aliens.
[2015/11/04 11:39:24.607] (INFO) .evian ylbirret si emehcs otpyrc ym neht ,siht daer nac uoy fI
[2015/11/04 11:39:24.607] (INFO) Checkpointing off-heap server memory...
[2015/11/04 11:39:24.607] (INFO) Your mother called. She says you never call her.
[2015/11/04 11:39:24.607] (INFO) Backed up all server logs.
[2015/11/04 11:39:24.607] (INFO) Network heartbeat check: All OK.
[2015/11/04 11:39:24.607] (INFO) Backed up all server logs.
[2015/11/04 11:39:24.607] (INFO) User "ifo8729" logged in from 172.16.208.175.
[2015/11/04 11:39:24.607] (INFO) Supervisor has entered SUSPENDED state.
[2015/11/04 11:39:24.607] (INFO) .evian ylbirret si emehcs otpyrc ym neht ,siht daer nac uoy fI
[2015/11/04 11:39:24.607] (INFO) Rolling 4 log file(s)...
[2015/11/04 11:39:24.607] (INFO) Supervisor has entered SUSPENDED state.
[2015/11/04 11:39:24.607] (INFO) .evian ylbirret si emehcs otpyrc ym neht ,siht daer nac uoy fI
[2015/11/04 11:39:24.607] (INFO) Flushed 57 buffers to disk.
[2015/11/04 11:39:24.607] (INFO) Your mother called. She says you never call her.
[2015/11/04 11:39:24.607] (INFO) Backed up all server logs.
[2015/11/04 11:39:24.607] (WARN) Retrying server log checkpoint.
[2015/11/04 11:39:24.607] (INFO) Checked file systems for errors: All filesystems OK.
[2015/11/04 11:39:24.607] (INFO) Rolling 6 log file(s)...
[2015/11/04 11:39:24.607] (WARN) Retrying server log checkpoint.
[2015/11/04 11:39:24.607] (INFO) Checkpointing off-heap server memory...
[2015/11/04 11:39:24.607] (ERROR) Worker 6 died with SIGTRAP. Restarting it.
[2015/11/04 11:39:24.607] (WARN) Space on disk /dev/sdd2 is low: Only 810 MB available.
[2015/11/04 11:39:24.607] (INFO) Network heartbeat check: All OK.
[2015/11/04 11:39:24.607] (INFO) Device 0x87f1 is online.
[2015/11/04 11:39:25.108] (ERROR) "/var/data/FVdzT75264.tsv": No such file or directory (ENOENT)
[2015/11/04 11:39:25.108] (INFO) Sending SIGTERM to 2 excess workers.
[2015/11/04 11:39:25.108] (INFO) Flushed 22 buffers to disk.
[2015/11/04 11:39:25.108] (INFO) Network heartbeat check: All OK.
[2015/11/04 11:39:25.108] (INFO) Network heartbeat check: All OK.
[2015/11/04 11:39:25.108] (INFO) Flushed 53 buffers to disk.
[2015/11/04 11:39:25.108] (INFO) Checkpointing off-heap server memory...
[2015/11/04 11:39:25.108] (ERROR) Unable to write to "/var/data/oRRDI56146.xml": Permission denied (EACCES)
[2015/11/04 11:39:25.108] (INFO) User "plj5463" logged out due to inactivity (timeout=30 minutes).
[2015/11/04 11:39:25.108] (INFO) .evian ylbirret si emehcs otpyrc ym neht ,siht daer nac uoy fI
[2015/11/04 11:39:25.108] (INFO) Network heartbeat check: All OK.
[2015/11/04 11:39:25.108] (INFO) Backed up all server logs.
[2015/11/04 11:39:25.108] (INFO) Device 0x2d33 is online.
[2015/11/04 11:39:25.108] (INFO) Checked file systems for errors: All filesystems OK.
[2015/11/04 11:39:25.108] (INFO) Supervisor has entered RUNNING state.
[2015/11/04 11:39:25.108] (INFO) Alien monitor (aliend): Detected no space aliens.
[2015/11/04 11:39:25.108] (INFO) Checked file systems for errors: All filesystems OK.
[2015/11/04 11:39:25.108] (INFO) Network heartbeat check: All OK.
[2015/11/04 11:39:25.108] (INFO) Supervisor has entered WAITING state.
[2015/11/04 11:39:25.108] (ERROR) Worker 6 died with SIGQUIT. Restarting it.
[2015/11/04 11:39:25.108] (INFO) Waiting for monitor process (PID 44055) to die.
[2015/11/04 11:39:25.108] (INFO) Network heartbeat check: All OK.
[2015/11/04 11:39:25.108] (INFO) Flushed 51 buffers to disk.
[2015/11/04 11:39:25.108] (INFO) Pinging watchdog timer process: Process is alive.
[2015/11/04 11:39:25.108] (INFO) Pinging watchdog timer process: Process is alive.
[2015/11/04 11:39:25.108] (WARN) Space on disk /dev/sdf2 is low: Only 771 MB available.
[2015/11/04 11:39:25.108] (INFO) .evian ylbirret si emehcs otpyrc ym neht ,siht daer nac uoy fI
[2015/11/04 11:39:25.108] (INFO) Checkpointing off-heap server memory...
[2015/11/04 11:39:25.108] (INFO) .evian ylbirret si emehcs otpyrc ym neht ,siht daer nac uoy fI
[2015/11/04 11:39:25.108] (INFO) Sending SIGTERM to 4 excess workers.
[2015/11/04 11:39:25.108] (INFO) Checked file systems for errors: All filesystems OK.
[2015/11/04 11:39:25.108] (INFO) User "job7881" logged in from 192.168.67.151.
[2015/11/04 11:39:25.108] (WARN) Ignoring SIGTERM. It's not that easy to get rid of me.
[2015/11/04 11:39:25.108] (INFO) .evian ylbirret si emehcs otpyrc ym neht ,siht daer nac uoy fI
[2015/11/04 11:39:25.108] (INFO) Checkpointing off-heap server memory...
[2015/11/04 11:39:25.108] (WARN) Network heartbeat check: 6 server(s) did not respond.
[2015/11/04 11:39:25.108] (INFO) Checkpointing off-heap server memory...
[2015/11/04 11:39:25.108] (INFO) Supervisor has entered SUSPENDED state.
[2015/11/04 11:39:25.108] (WARN) Dropped 9,163 corrupt data packets.
[2015/11/04 11:39:25.108] (INFO) Backed up all server logs.
[2015/11/04 11:39:25.108] (INFO) Device 0x6940 is online.
[2015/11/04 11:39:25.108] (INFO) .evian ylbirret si emehcs otpyrc ym neht ,siht daer nac uoy fI
[2015/11/04 11:39:25.108] (INFO) Flushed 71 buffers to disk.
[2015/11/04 11:39:25.108] (INFO) Device 0xd44d is online.
[2015/11/04 11:39:25.108] (INFO) User "rmt2969" logged in from 172.16.180.7.
[2015/11/04 11:39:25.108] (INFO) Rolling 6 log file(s)...
[2015/11/04 11:39:25.108] (INFO) Checked file systems for errors: All filesystems OK.
[2015/11/04 11:39:25.108] (INFO) Waiting for master process (PID 42566) to die.
[2015/11/04 11:39:25.108] (ERROR) /dev/lp error: "PC LOAD LETTER"
[2015/11/04 11:39:25.108] (INFO) Rolling 9 log file(s)...
[2015/11/04 11:39:25.108] (INFO) Supervisor has entered RUNNING state.
[2015/11/04 11:39:25.108] (INFO) User "qpw6460" logged in from 172.16.165.1.
[2015/11/04 11:39:25.108] (INFO) Checkpointing off-heap server memory...
[2015/11/04 11:39:25.108] (INFO) Backed up all server logs.
[2015/11/04 11:39:25.108] (INFO) Alien monitor (aliend): Detected no space aliens.
[2015/11/04 11:39:25.108] (ERROR) CPU temperature exceeds 50º Celsius. Shutting down.
[2015/11/04 11:39:25.108] (INFO) Backed up all server logs.
[2015/11/04 11:39:25.108] (INFO) Sending SIGTERM to 3 excess workers.
[2015/11/04 11:39:25.108] (INFO) Sending SIGTERM to 4 excess workers.
[2015/11/04 11:39:25.108] (INFO) Checkpointing off-heap server memory...
[2015/11/04 11:39:25.108] (INFO) User "rju1188" logged in from 10.182.6.207.
[2015/11/04 11:39:25.108] (INFO) Network heartbeat check: All OK.
[2015/11/04 11:39:25.108] (INFO) Sending SIGTERM to 2 excess workers.
[2015/11/04 11:39:25.108] (INFO) Flushed 35 buffers to disk.
[2015/11/04 11:39:25.108] (INFO) Network heartbeat check: All OK.
[2015/11/04 11:39:25.108] (WARN) Master took 794 ms to respond (threshold=500 ms)
[2015/11/04 11:39:25.108] (INFO) .evian ylbirret si emehcs otpyrc ym neht ,siht daer nac uoy fI
[2015/11/04 11:39:25.108] (WARN) Possible cyber-attack from a small unnamed island.
[2015/11/04 11:39:25.108] (INFO) Backed up all server logs.
[2015/11/04 11:39:25.108] (INFO) Alien monitor (aliend): Detected no space aliens.
[2015/11/04 11:39:25.108] (ERROR) Device 0x6d80 is offline
[2015/11/04 11:39:25.108] (ERROR) Alien monitor (aliend): 3 space aliens are fiddling with the hardware!
[2015/11/04 11:39:25.108] (INFO) Network heartbeat check: All OK.
[2015/11/04 11:39:25.108] (INFO) Backed up all server logs.
[2015/11/04 11:39:25.108] (INFO) Checkpointing off-heap server memory...
[2015/11/04 11:39:25.108] (INFO) Backed up all server logs.
[2015/11/04 11:39:25.108] (INFO) Network heartbeat check: All OK.
[2015/11/04 11:39:25.108] (WARN) Ignoring SIGTERM. It's not that easy to get rid of me.
[2015/11/04 11:39:25.108] (INFO) User "mjg4689" logged out due to inactivity (timeout=30 minutes).
[2015/11/04 11:39:25.108] (INFO) Backed up all server logs.
[2015/11/04 11:39:25.108] (INFO) Supervisor has entered WAITING state.
[2015/11/04 11:39:25.108] (INFO) Pinging watchdog timer process: Process is alive.
[2015/11/04 11:39:25.108] (INFO) Network heartbeat check: All OK.
[2015/11/04 11:39:25.108] (INFO) Device 0x51a8 is online.
[2015/11/04 11:39:25.108] (INFO) Device 0xe326 is online.
[2015/11/04 11:39:25.108] (INFO) Checkpointing off-heap server memory...
[2015/11/04 11:39:25.108] (INFO) Supervisor has entered RESTARTING state.
[2015/11/04 11:39:25.108] (INFO) User "upm4947" logged in from 172.16.209.221.
[2015/11/04 11:39:25.108] (ERROR) EFOODFAIL (Waiter, there's a fly in my soup).
[2015/11/04 11:39:25.108] (INFO) Your mother called. She says you never call her.
[2015/11/04 11:39:25.108] (INFO) Flushed 54 buffers to disk.
[2015/11/04 11:39:25.108] (INFO) Device 0x528f is online.
[2015/11/04 11:39:25.108] (INFO) Device 0x82b5 is online.
[2015/11/04 11:39:25.108] (INFO) Alien monitor (aliend): Detected no space aliens.
[2015/11/04 11:39:25.108] (INFO) Pinging watchdog timer process: Process is alive.
[2015/11/04 11:39:25.108] (INFO) Alien monitor (aliend): Detected no space aliens.
[2015/11/04 11:39:25.108] (INFO) Supervisor has entered SUSPENDED state.
[2015/11/04 11:39:25.108] (INFO) Checked file systems for errors: All filesystems OK.
[2015/11/04 11:39:25.108] (INFO) User "xni1635" logged out due to inactivity (timeout=30 minutes).
[2015/11/04 11:39:25.108] (INFO) Pinging watchdog timer process: Process is alive.
[2015/11/04 11:39:25.607] (INFO) Alien monitor (aliend): Detected no space aliens.
[2015/11/04 11:39:25.607] (INFO) User "nlz4636" logged out due to inactivity (timeout=30 minutes).
[2015/11/04 11:39:25.607] (INFO) Network heartbeat check: All OK.
[2015/11/04 11:39:25.607] (WARN) There is no such thing as a free lunch.
[2015/11/04 11:39:25.607] (INFO) .evian ylbirret si emehcs otpyrc ym neht ,siht daer nac uoy fI
[2015/11/04 11:39:25.607] (INFO) Your mother called. She says you never call her.
[2015/11/04 11:39:25.607] (ERROR) Detected clock skew! Restarting NTP server.
[2015/11/04 11:39:25.607] (ERROR) Server log backup FAILED. See backup logs.
[2015/11/04 11:39:25.607] (INFO) Waiting for supervisor process (PID 5896) to die.
[2015/11/04 11:39:25.607] (WARN) There is no such thing as a free lunch.
[2015/11/04 11:39:25.607] (WARN) Space on disk /dev/sdd4 is low: Only 316 MB available.
[2015/11/04 11:39:25.607] (INFO) Network heartbeat check: All OK.
[2015/11/04 11:39:25.607] (INFO) Device 0xbfcc is online.
[2015/11/04 11:39:25.607] (INFO) Device 0xc3a7 is online.
[2015/11/04 11:39:25.607] (ERROR) CPU temperature exceeds 50º Celsius. Shutting down.
[2015/11/04 11:39:25.607] (INFO) Rolling 3 log file(s)...
[2015/11/04 11:39:25.607] (INFO) Alien monitor (aliend): Detected no space aliens.
[2015/11/04 11:39:25.607] (INFO) Alien monitor (aliend): Detected no space aliens.
[2015/11/04 11:39:25.607] (INFO) Alien monitor (aliend): Detected no space aliens.
[2015/11/04 11:39:25.607] (INFO) Network heartbeat check: All OK.
[2015/11/04 11:39:25.607] (INFO) Backed up all server logs.
[2015/11/04 11:39:25.607] (ERROR) One of the flayrods has gone out askew on treadle.
[2015/11/04 11:39:25.607] (INFO) Supervisor has entered WAITING state.
[2015/11/04 11:39:25.607] (INFO) Device 0x1370 is online.
[2015/11/04 11:39:25.607] (ERROR) Worker 6 died with SIGTRAP. Restarting it.
[2015/11/04 11:39:25.607] (WARN) There is no such thing as a free lunch.
[2015/11/04 11:39:25.607] (INFO) Checked file systems for errors: All filesystems OK.
[2015/11/04 11:39:25.607] (ERROR) Failed to open "/mnt/fileserver02/ypkiB65374.tar.gz": NFS timeout.
[2015/11/04 11:39:25.607] (INFO) Sending SIGTERM to 3 excess workers.
[2015/11/04 11:39:25.607] (WARN) Dropped 2,267 corrupt data packets.
[2015/11/04 11:39:25.607] (INFO) Sending SIGTERM to 2 excess workers.
[2015/11/04 11:39:25.607] (INFO) Alien monitor (aliend): Detected no space aliens.
[2015/11/04 11:39:25.607] (INFO) Waiting for monitor process (PID 49634) to die.
[2015/11/04 11:39:25.607] (INFO) Supervisor has entered RESTARTING state.
[2015/11/04 11:39:25.607] (INFO) Waiting for worker process (PID 37079) to die.
[2015/11/04 11:39:25.607] (INFO) User "jix2880" logged out.
[2015/11/04 11:39:25.607] (INFO) Checked file systems for errors: All filesystems OK.
[2015/11/04 11:39:25.607] (WARN) CPU temperature exceeds 40º Celsius.
[2015/11/04 11:39:25.607] (INFO) Supervisor has entered WAITING state.
[2015/11/04 11:39:25.607] (INFO) Alien monitor (aliend): Detected no space aliens.
[2015/11/04 11:39:25.607] (INFO) User "nna4261" logged in from 192.168.208.30.
[2015/11/04 11:39:25.607] (INFO) Network heartbeat check: All OK.
[2015/11/04 11:39:25.607] (INFO) Alien monitor (aliend): Detected no space aliens.
[2015/11/04 11:39:25.607] (INFO) User "vte4179" logged in from 10.47.120.85.
[2015/11/04 11:39:25.607] (WARN) Possible cyber-attack from Alpha Centauri.
[2015/11/04 11:39:25.607] (INFO) Checkpointing off-heap server memory...
[2015/11/04 11:39:25.607] (INFO) Waiting for worker process (PID 27942) to die.
[2015/11/04 11:39:25.607] (INFO) Checked file systems for errors: All filesystems OK.
[2015/11/04 11:39:25.607] (INFO) Rolling 9 log file(s)...
[2015/11/04 11:39:25.607] (INFO) User "vyb2699" logged out.
[2015/11/04 11:39:25.607] (INFO) Pinging watchdog timer process: Process is alive.
[2015/11/04 11:39:25.607] (INFO) Backed up all server logs.
[2015/11/04 11:39:25.607] (INFO) Rolling 4 log file(s)...
[2015/11/04 11:39:25.607] (INFO) Device 0x3117 is online.
[2015/11/04 11:39:25.607] (INFO) User "twm2948" logged out.
[2015/11/04 11:39:25.607] (WARN) CPU temperature exceeds 40º Celsius.
[2015/11/04 11:39:25.607] (INFO) Backed up all server logs.
[2015/11/04 11:39:25.607] (INFO) Supervisor has entered RUNNING state.
[2015/11/04 11:39:25.607] (ERROR) User "vbf4440" failed to log in 3 times. Disabling account.
[2015/11/04 11:39:25.607] (INFO) Waiting for worker process (PID 32083) to die.
[2015/11/04 11:39:25.607] (ERROR) /dev/lp error: "PC LOAD LETTER"
[2015/11/04 11:39:25.607] (INFO) Alien monitor (aliend): Detected no space aliens.
[2015/11/04 11:39:25.607] (INFO) Backed up all server logs.
[2015/11/04 11:39:25.607] (INFO) Checked file systems for errors: All filesystems OK.
[2015/11/04 11:39:25.607] (ERROR) EFOODFAIL (Waiter, there's a fly in my soup).
[2015/11/04 11:39:25.607] (INFO) Backed up all server logs.
[2015/11/04 11:39:25.607] (INFO) Pinging watchdog timer process: Process is alive.
[2015/11/04 11:39:25.607] (INFO) Pinging watchdog timer process: Process is alive.
[2015/11/04 11:39:25.607] (ERROR) EFOODFAIL (Waiter, there's a fly in my soup).
[2015/11/04 11:39:25.607] (INFO) Your mother called. She says you never call her.
[2015/11/04 11:39:25.607] (INFO) Device 0xa6b5 is online.
[2015/11/04 11:39:25.607] (INFO) Device 0x1411 is online.
[2015/11/04 11:39:25.607] (ERROR) Unable to authenticate user "mcb9103": LDAP server isn't responding.
[2015/11/04 11:39:25.607] (INFO) Your mother called. She says you never call her.
[2015/11/04 11:39:25.607] (INFO) Waiting for supervisor process (PID 42676) to die.
[2015/11/04 11:39:25.607] (INFO) Rolling 5 log file(s)...
[2015/11/04 11:39:25.607] (INFO) Device 0x5e0e is online.
[2015/11/04 11:39:25.607] (INFO) User "wjq1109" logged out.
[2015/11/04 11:39:25.607] (INFO) .evian ylbirret si emehcs otpyrc ym neht ,siht daer nac uoy fI
[2015/11/04 11:39:25.607] (INFO) Supervisor has entered RUNNING state.
[2015/11/04 11:39:25.607] (INFO) Rolling 7 log file(s)...
[2015/11/04 11:39:25.607] (INFO) Checkpointing off-heap server memory...
[2015/11/04 11:39:25.607] (INFO) User "njn8047" logged out.
[2015/11/04 11:39:25.607] (INFO) Network heartbeat check: All OK.
[2015/11/04 11:39:25.607] (INFO) Checked file systems for errors: All filesystems OK.
[2015/11/04 11:39:25.607] (INFO) Rolling 1 log file(s)...
[2015/11/04 11:39:25.607] (INFO) Your mother called. She says you never call her.
[2015/11/04 11:39:25.607] (INFO) Supervisor has entered RUNNING state.
[2015/11/04 11:39:25.607] (WARN) Master took 506 ms to respond (threshold=500 ms)
[2015/11/04 11:39:25.607] (INFO) .evian ylbirret si emehcs otpyrc ym neht ,siht daer nac uoy fI
[2015/11/04 11:39:25.607] (INFO) User "ynx1332" logged out due to inactivity (timeout=30 minutes).
[2015/11/04 11:39:25.607] (INFO) Network heartbeat check: All OK.
[2015/11/04 11:39:25.607] (INFO) Checkpointing off-heap server memory...
[2015/11/04 11:39:25.607] (INFO) User "ovx9568" logged in from 172.16.153.155.
[2015/11/04 11:39:25.607] (INFO) Your mother called. She says you never call her.
[2015/11/04 11:39:25.607] (INFO) Sending SIGTERM to 2 excess workers.
[2015/11/04 11:39:25.607] (INFO) Rolling 8 log file(s)...
[2015/11/04 11:39:25.607] (INFO) Network heartbeat check: All OK.
[2015/11/04 11:39:25.607] (INFO) Waiting for monitor process (PID 22896) to die.
[2015/11/04 11:39:25.607] (INFO) Flushed 57 buffers to disk.
[2015/11/04 11:39:26.107] (INFO) Network heartbeat check: All OK.
[2015/11/04 11:39:26.107] (INFO) Backed up all server logs.
[2015/11/04 11:39:26.107] (INFO) User "kuq4980" logged out due to inactivity (timeout=30 minutes).
[2015/11/04 11:39:26.107] (INFO) Flushed 91 buffers to disk.
[2015/11/04 11:39:26.107] (ERROR) Failed to open "/mnt/fileserver01/MbcZf98149.xslx": NFS timeout.
[2015/11/04 11:39:26.107] (INFO) Rolling 6 log file(s)...
[2015/11/04 11:39:26.107] (INFO) Backed up all server logs.
[2015/11/04 11:39:26.107] (INFO) Alien monitor (aliend): Detected no space aliens.
[2015/11/04 11:39:26.107] (INFO) Rolling 6 log file(s)...
[2015/11/04 11:39:26.107] (INFO) Supervisor has entered RUNNING state.
[2015/11/04 11:39:26.107] (INFO) Pinging watchdog timer process: Process is alive.
[2015/11/04 11:39:26.107] (INFO) Flushed 84 buffers to disk.
[2015/11/04 11:39:26.107] (INFO) Supervisor has entered RUNNING state.
[2015/11/04 11:39:26.107] (INFO) User "oaa3832" logged out due to inactivity (timeout=30 minutes).
[2015/11/04 11:39:26.107] (INFO) Waiting for monitor process (PID 59709) to die.
[2015/11/04 11:39:26.107] (INFO) Checkpointing off-heap server memory...
[2015/11/04 11:39:26.107] (INFO) Supervisor has entered RUNNING state.
[2015/11/04 11:39:26.107] (INFO) Pinging watchdog timer process: Process is alive.
[2015/11/04 11:39:26.107] (ERROR) Connection to 172.16.117.111 terminated unexpectedly. Reconnecting.
[2015/11/04 11:39:26.107] (ERROR) Connection to 192.168.64.232 terminated unexpectedly. Reconnecting.
[2015/11/04 11:39:26.107] (INFO) User "yvm3461" logged out.
[2015/11/04 11:39:26.107] (INFO) Checked file systems for errors: All filesystems OK.
[2015/11/04 11:39:26.107] (WARN) Retrying server log checkpoint.
[2015/11/04 11:39:26.107] (WARN) Space on disk /dev/sdb2 is low: Only 817 MB available.
[2015/11/04 11:39:26.107] (INFO) Supervisor has entered WAITING state.
[2015/11/04 11:39:26.107] (INFO) Pinging watchdog timer process: Process is alive.
[2015/11/04 11:39:26.107] (WARN) Unable to ping supervisor at 172.16.203.119. Retrying.
[2015/11/04 11:39:26.107] (ERROR) Worker 3 died with SIGILL. Restarting it.
[2015/11/04 11:39:26.107] (INFO) Network heartbeat check: All OK.
[2015/11/04 11:39:26.107] (WARN) Retrying server log checkpoint.
[2015/11/04 11:39:26.107] (INFO) .evian ylbirret si emehcs otpyrc ym neht ,siht daer nac uoy fI
[2015/11/04 11:39:26.107] (INFO) Checkpointing off-heap server memory...
[2015/11/04 11:39:26.107] (INFO) Your mother called. She says you never call her.
[2015/11/04 11:39:26.107] (INFO) User "ymc8861" logged out due to inactivity (timeout=30 minutes).
[2015/11/04 11:39:26.107] (INFO) User "jtj2389" logged in from 192.168.179.86.
[2015/11/04 11:39:26.107] (WARN) There is no such thing as a free lunch.
[2015/11/04 11:39:26.107] (ERROR) Blocked BitTorrent traffic originating from 172.16.174.13.
[2015/11/04 11:39:26.107] (INFO) Device 0x4240 is online.
[2015/11/04 11:39:26.107] (INFO) Your mother called. She says you never call her.
[2015/11/04 11:39:26.107] (INFO) User "xxa7762" logged out.
[2015/11/04 11:39:26.107] (ERROR) Detected incoming DDoS from 192.168.157.18.
[2015/11/04 11:39:26.107] (WARN) Unable to ping monitor at 192.168.245.106. Retrying.
[2015/11/04 11:39:26.107] (INFO) Pinging watchdog timer process: Process is alive.
[2015/11/04 11:39:26.107] (INFO) Checked file systems for errors: All filesystems OK.
[2015/11/04 11:39:26.107] (INFO) Checked file systems for errors: All filesystems OK.
[2015/11/04 11:39:26.107] (INFO) Rolling 5 log file(s)...
[2015/11/04 11:39:26.107] (INFO) Flushed 83 buffers to disk.
[2015/11/04 11:39:26.107] (INFO) User "nlt3569" logged in from 10.20.230.21.
[2015/11/04 11:39:26.107] (INFO) Checkpointing off-heap server memory...
[2015/11/04 11:39:26.107] (INFO) Checked file systems for errors: All filesystems OK.
[2015/11/04 11:39:26.107] (INFO) Device 0x7f1b is online.
[2015/11/04 11:39:26.107] (INFO) Flushed 38 buffers to disk.
[2015/11/04 11:39:26.107] (ERROR) Detected incoming DDoS from 192.168.179.159.
[2015/11/04 11:39:26.107] (WARN) Ignoring SIGTERM. It's not that easy to get rid of me.
[2015/11/04 11:39:26.107] (WARN) Space on disk /dev/sda1 is low: Only 731 MB available.
[2015/11/04 11:39:26.107] (INFO) User "jez2462" logged out.
[2015/11/04 11:39:26.107] (INFO) User "dwo9662" logged out.
[2015/11/04 11:39:26.107] (WARN) Network heartbeat check: 7 server(s) did not respond.
[2015/11/04 11:39:26.107] (ERROR) Unable to mount /dev/sda4. (Time to run fsck?)
[2015/11/04 11:39:26.107] (INFO) Supervisor has entered WAITING state.
[2015/11/04 11:39:26.107] (INFO) Checked file systems for errors: All filesystems OK.
[2015/11/04 11:39:26.107] (INFO) .evian ylbirret si emehcs otpyrc ym neht ,siht daer nac uoy fI
[2015/11/04 11:39:26.107] (WARN) Backup server 10.128.35.213 is offline.
[2015/11/04 11:39:26.107] (INFO) User "aiv5892" logged out due to inactivity (timeout=30 minutes).
[2015/11/04 11:39:26.107] (WARN) Retrying server log checkpoint.
[2015/11/04 11:39:26.107] (INFO) .evian ylbirret si emehcs otpyrc ym neht ,siht daer nac uoy fI
[2015/11/04 11:39:26.107] (INFO) Pinging watchdog timer process: Process is alive.
[2015/11/04 11:39:26.107] (INFO) Checkpointing off-heap server memory...
[2015/11/04 11:39:26.107] (INFO) User "dsv4118" logged in from 10.53.197.38.
[2015/11/04 11:39:26.107] (INFO) Checked file systems for errors: All filesystems OK.
[2015/11/04 11:39:26.107] (ERROR) Server log backup FAILED. See backup logs.
[2015/11/04 11:39:26.107] (INFO) Checked file systems for errors: All filesystems OK.
[2015/11/04 11:39:26.107] (INFO) Backed up all server logs.
[2015/11/04 11:39:26.107] (INFO) Device 0x92a9 is online.
[2015/11/04 11:39:26.107] (INFO) Device 0x1f65 is online.
[2015/11/04 11:39:26.107] (INFO) Waiting for monitor process (PID 23603) to die.
[2015/11/04 11:39:26.107] (ERROR) Device 0xadf8 is offline
[2015/11/04 11:39:26.107] (INFO) Your mother called. She says you never call her.
[2015/11/04 11:39:26.107] (INFO) Supervisor has entered SUSPENDED state.
[2015/11/04 11:39:26.107] (INFO) Alien monitor (aliend): Detected no space aliens.
[2015/11/04 11:39:26.107] (INFO) Alien monitor (aliend): Detected no space aliens.
[2015/11/04 11:39:26.107] (INFO) Checked file systems for errors: All filesystems OK.
[2015/11/04 11:39:26.107] (INFO) Sending SIGTERM to 2 excess workers.
[2015/11/04 11:39:26.107] (ERROR) Failed to write checkpoint file "/var/checkpoint/CsdNd61955: No space left on device (ENOSPC)
[2015/11/04 11:39:26.107] (INFO) Checkpointing off-heap server memory...
[2015/11/04 11:39:26.107] (INFO) User "huy7360" logged out.
[2015/11/04 11:39:26.107] (INFO) Rolling 9 log file(s)...
[2015/11/04 11:39:26.107] (INFO) .evian ylbirret si emehcs otpyrc ym neht ,siht daer nac uoy fI
[2015/11/04 11:39:26.107] (INFO) Backed up all server logs.
[2015/11/04 11:39:26.107] (INFO) Checked file systems for errors: All filesystems OK.
[2015/11/04 11:39:26.107] (WARN) Master took 515 ms to respond (threshold=500 ms)
[2015/11/04 11:39:26.107] (WARN) Master took 654 ms to respond (threshold=500 ms)
[2015/11/04 11:39:26.107] (INFO) Your mother called. She says you never call her.
[2015/11/04 11:39:26.107] (WARN) CPU temperature exceeds 40º Celsius.
[2015/11/04 11:39:26.107] (INFO) Supervisor has entered WAITING state.
[2015/11/04 11:39:26.107] (INFO) Alien monitor (aliend): Detected no space aliens.
[2015/11/04 11:39:26.107] (INFO) User "ykq2483" logged out due to inactivity (timeout=30 minutes).
[2015/11/04 11:39:26.107] (INFO) Alien monitor (aliend): Detected no space aliens.
[2015/11/04 11:39:26.107] (INFO) Supervisor has entered WAITING state.
[2015/11/04 11:39:26.107] (INFO) User "xwr5019" logged out.
[2015/11/04 11:39:26.608] (INFO) Waiting for worker process (PID 10605) to die.
[2015/11/04 11:39:26.608] (INFO) User "uch8331" logged in from 10.127.194.139.
[2015/11/04 11:39:26.608] (INFO) Checked file systems for errors: All filesystems OK.
[2015/11/04 11:39:26.608] (ERROR) "/var/data/ypNDP77300.csv": Permission denied (EACCES)
[2015/11/04 11:39:26.608] (INFO) Your mother called. She says you never call her.
[2015/11/04 11:39:26.608] (INFO) Checkpointing off-heap server memory...
[2015/11/04 11:39:26.608] (INFO) Supervisor has entered SUSPENDED state.
[2015/11/04 11:39:26.608] (ERROR) "/var/data/ATumL78142.zip": No such file or directory (ENOENT)
[2015/11/04 11:39:26.608] (INFO) Supervisor has entered RESTARTING state.
[2015/11/04 11:39:26.608] (ERROR) Device 0xb01a is offline
[2015/11/04 11:39:26.608] (ERROR) "/var/data/hoayb82130.parquet": No such file or directory (ENOENT)
[2015/11/04 11:39:26.608] (INFO) Rolling 8 log file(s)...
[2015/11/04 11:39:26.608] (INFO) User "lej8795" logged out due to inactivity (timeout=30 minutes).
[2015/11/04 11:39:26.608] (INFO) Your mother called. She says you never call her.
[2015/11/04 11:39:26.608] (INFO) Sending SIGTERM to 2 excess workers.
[2015/11/04 11:39:26.608] (INFO) Network heartbeat check: All OK.
[2015/11/04 11:39:26.608] (INFO) Your mother called. She says you never call her.
[2015/11/04 11:39:26.608] (INFO) Backed up all server logs.
[2015/11/04 11:39:26.608] (ERROR) Network heartbeat check FAILED: Master host down?
[2015/11/04 11:39:26.608] (INFO) Supervisor has entered RESTARTING state.
[2015/11/04 11:39:26.608] (INFO) Checked file systems for errors: All filesystems OK.
[2015/11/04 11:39:26.608] (INFO) Checked file systems for errors: All filesystems OK.
[2015/11/04 11:39:26.608] (INFO) Checked file systems for errors: All filesystems OK.
[2015/11/04 11:39:26.608] (WARN) Possible cyber-attack from The Cayman Islands.
[2015/11/04 11:39:26.608] (INFO) Pinging watchdog timer process: Process is alive.
[2015/11/04 11:39:26.608] (INFO) Sending SIGTERM to 4 excess workers.
[2015/11/04 11:39:26.608] (ERROR) Server log backup FAILED. See backup logs.
[2015/11/04 11:39:26.608] (INFO) Pinging watchdog timer process: Process is alive.
[2015/11/04 11:39:26.608] (INFO) Backed up all server logs.
[2015/11/04 11:39:26.608] (INFO) Checkpointing off-heap server memory...
[2015/11/04 11:39:26.608] (INFO) Rolling 5 log file(s)...
[2015/11/04 11:39:26.608] (INFO) Network heartbeat check: All OK.
[2015/11/04 11:39:26.608] (INFO) .evian ylbirret si emehcs otpyrc ym neht ,siht daer nac uoy fI
[2015/11/04 11:39:26.608] (INFO) Checked file systems for errors: All filesystems OK.
[2015/11/04 11:39:26.608] (INFO) Backed up all server logs.
[2015/11/04 11:39:26.608] (INFO) Waiting for supervisor process (PID 61859) to die.
[2015/11/04 11:39:26.608] (WARN) Network heartbeat check: 15 server(s) did not respond.
[2015/11/04 11:39:26.608] (WARN) Network heartbeat check: 1 server(s) did not respond.
[2015/11/04 11:39:26.608] (INFO) Alien monitor (aliend): Detected no space aliens.
[2015/11/04 11:39:26.608] (INFO) Checkpointing off-heap server memory...
[2015/11/04 11:39:26.608] (INFO) Flushed 61 buffers to disk.
[2015/11/04 11:39:26.608] (INFO) User "jit2590" logged out.
[2015/11/04 11:39:26.608] (INFO) Alien monitor (aliend): Detected no space aliens.
[2015/11/04 11:39:26.608] (INFO) Pinging watchdog timer process: Process is alive.
[2015/11/04 11:39:26.608] (ERROR) Detected incoming DDoS from 172.16.83.229.
[2015/11/04 11:39:26.608] (INFO) Your mother called. She says you never call her.
[2015/11/04 11:39:26.608] (ERROR) "/var/data/joSmH75771.tar.gz": No such file or directory (ENOENT)
[2015/11/04 11:39:26.608] (ERROR) Detected clock skew! Restarting NTP server.
[2015/11/04 11:39:26.608] (INFO) Waiting for supervisor process (PID 6568) to die.
[2015/11/04 11:39:26.608] (WARN) Master took 749 ms to respond (threshold=500 ms)
[2015/11/04 11:39:26.608] (WARN) Dropped 1,767 corrupt data packets.
[2015/11/04 11:39:26.608] (INFO) Flushed 58 buffers to disk.
[2015/11/04 11:39:26.608] (ERROR) EFOODFAIL (Waiter, there's a fly in my soup).
[2015/11/04 11:39:26.608] (INFO) Sending SIGTERM to 3 excess workers.
[2015/11/04 11:39:26.608] (INFO) Rolling 9 log file(s)...
[2015/11/04 11:39:26.608] (INFO) Backed up all server logs.
[2015/11/04 11:39:26.608] (INFO) Device 0xaa10 is online.
[2015/11/04 11:39:26.608] (INFO) User "ach5060" logged out.
[2015/11/04 11:39:26.608] (WARN) There is no such thing as a free lunch.
[2015/11/04 11:39:26.608] (ERROR) Unable to mount /dev/sdc3. (Time to run fsck?)
[2015/11/04 11:39:26.608] (ERROR) One of the flayrods has gone out askew on treadle.
[2015/11/04 11:39:26.608] (INFO) Waiting for worker process (PID 26002) to die.
[2015/11/04 11:39:26.608] (INFO) Waiting for supervisor process (PID 16854) to die.
[2015/11/04 11:39:26.608] (INFO) Device 0x7ac2 is online.
[2015/11/04 11:39:26.608] (INFO) Rolling 2 log file(s)...
[2015/11/04 11:39:26.608] (INFO) Rolling 8 log file(s)...
[2015/11/04 11:39:26.608] (INFO) User "orc3055" logged in from 192.168.168.13.
[2015/11/04 11:39:26.608] (INFO) Supervisor has entered RUNNING state.
[2015/11/04 11:39:26.608] (INFO) User "amv5900" logged in from 192.168.105.245.
[2015/11/04 11:39:26.608] (INFO) Waiting for supervisor process (PID 19103) to die.
[2015/11/04 11:39:26.608] (INFO) User "voa9434" logged in from 10.130.217.114.
[2015/11/04 11:39:26.608] (INFO) .evian ylbirret si emehcs otpyrc ym neht ,siht daer nac uoy fI
[2015/11/04 11:39:26.608] (INFO) Supervisor has entered SUSPENDED state.
[2015/11/04 11:39:26.608] (INFO) Supervisor has entered SUSPENDED state.
[2015/11/04 11:39:26.608] (WARN) Unable to ping monitor at 172.16.104.204. Retrying.
[2015/11/04 11:39:26.608] (ERROR) Device 0x0527 is offline
[2015/11/04 11:39:26.608] (INFO) Sending SIGTERM to 3 excess workers.
[2015/11/04 11:39:26.608] (INFO) Supervisor has entered SUSPENDED state.
[2015/11/04 11:39:26.608] (INFO) Checkpointing off-heap server memory...
[2015/11/04 11:39:26.608] (INFO) User "ylu3844" logged out due to inactivity (timeout=30 minutes).
[2015/11/04 11:39:26.608] (INFO) Backed up all server logs.
[2015/11/04 11:39:26.608] (INFO) Flushed 96 buffers to disk.
[2015/11/04 11:39:26.608] (INFO) User "fmp8404" logged out due to inactivity (timeout=30 minutes).
[2015/11/04 11:39:26.608] (INFO) Device 0x2e06 is online.
[2015/11/04 11:39:26.608] (INFO) User "jnm2287" logged out.
[2015/11/04 11:39:26.608] (INFO) Flushed 44 buffers to disk.
[2015/11/04 11:39:26.608] (INFO) Checkpointing off-heap server memory...
[2015/11/04 11:39:26.608] (WARN) Master took 980 ms to respond (threshold=500 ms)
[2015/11/04 11:39:26.608] (INFO) Waiting for supervisor process (PID 28282) to die.
[2015/11/04 11:39:26.608] (ERROR) "/var/data/vTDlm93334.tar.gz": Permission denied (EACCES)
[2015/11/04 11:39:26.608] (INFO) Rolling 4 log file(s)...
[2015/11/04 11:39:26.608] (INFO) Supervisor has entered RUNNING state.
[2015/11/04 11:39:26.608] (INFO) Network heartbeat check: All OK.
[2015/11/04 11:39:26.608] (WARN) Dropped 14,043 corrupt data packets.
[2015/11/04 11:39:26.608] (ERROR) CPU temperature exceeds 50º Celsius. Shutting down.
[2015/11/04 11:39:26.608] (WARN) Watchdog timer crashed. Restarting it.
[2015/11/04 11:39:26.608] (INFO) Supervisor has entered RUNNING state.
[2015/11/04 11:39:26.608] (INFO) Pinging watchdog timer process: Process is alive.
[2015/11/04 11:39:26.608] (INFO) Checked file systems for errors: All filesystems OK.
[2015/11/04 11:39:26.608] (INFO) User "jja1616" logged out due to inactivity (timeout=30 minutes).
[2015/11/04 11:39:27.107] (INFO) Sending SIGTERM to 4 excess workers.
[2015/11/04 11:39:27.107] (INFO) Checkpointing off-heap server memory...
[2015/11/04 11:39:27.107] (INFO) Alien monitor (aliend): Detected no space aliens.
[2015/11/04 11:39:27.107] (INFO) Rolling 6 log file(s)...
[2015/11/04 11:39:27.107] (ERROR) EFOODFAIL (Waiter, there's a fly in my soup).
[2015/11/04 11:39:27.107] (INFO) Alien monitor (aliend): Detected no space aliens.
[2015/11/04 11:39:27.107] (ERROR) "/var/data/ScEWO67615.zip": No such file or directory (ENOENT)
[2015/11/04 11:39:27.107] (INFO) Waiting for supervisor process (PID 21722) to die.
[2015/11/04 11:39:27.107] (INFO) User "fmg9852" logged out.
[2015/11/04 11:39:27.107] (INFO) Supervisor has entered SUSPENDED state.
[2015/11/04 11:39:27.107] (INFO) Supervisor has entered SUSPENDED state.
[2015/11/04 11:39:27.107] (INFO) User "nhq5057" logged in from 10.78.158.57.
[2015/11/04 11:39:27.107] (INFO) User "cmp1964" logged out.
[2015/11/04 11:39:27.107] (WARN) Backup server 172.16.74.21 is offline.
[2015/11/04 11:39:27.107] (INFO) Checkpointing off-heap server memory...
[2015/11/04 11:39:27.107] (INFO) Your mother called. She says you never call her.
[2015/11/04 11:39:27.107] (INFO) Alien monitor (aliend): Detected no space aliens.
[2015/11/04 11:39:27.107] (INFO) Network heartbeat check: All OK.
[2015/11/04 11:39:27.107] (INFO) User "zoh6504" logged in from 192.168.153.91.
[2015/11/04 11:39:27.107] (INFO) Your mother called. She says you never call her.
[2015/11/04 11:39:27.107] (INFO) Flushed 32 buffers to disk.
[2015/11/04 11:39:27.107] (ERROR) Failed to open "/mnt/fileserver01/wJecD62867.parquet": NFS timeout.
[2015/11/04 11:39:27.107] (INFO) Device 0xb12a is online.
[2015/11/04 11:39:27.107] (INFO) Backed up all server logs.
[2015/11/04 11:39:27.107] (INFO) Your mother called. She says you never call her.
[2015/11/04 11:39:27.107] (INFO) Alien monitor (aliend): Detected no space aliens.
[2015/11/04 11:39:27.107] (WARN) Backup server 192.168.217.102 is offline.
[2015/11/04 11:39:27.107] (INFO) Checkpointing off-heap server memory...
[2015/11/04 11:39:27.107] (ERROR) Device 0x82c0 is offline
[2015/11/04 11:39:27.107] (INFO) Rolling 8 log file(s)...
[2015/11/04 11:39:27.107] (INFO) Backed up all server logs.
[2015/11/04 11:39:27.107] (WARN) Space on disk /dev/sdc4 is low: Only 522 MB available.
[2015/11/04 11:39:27.107] (INFO) Alien monitor (aliend): Detected no space aliens.
[2015/11/04 11:39:27.107] (INFO) Rolling 3 log file(s)...
[2015/11/04 11:39:27.107] (ERROR) CPU temperature exceeds 50º Celsius. Shutting down.
[2015/11/04 11:39:27.107] (INFO) Network heartbeat check: All OK.
[2015/11/04 11:39:27.107] (INFO) Supervisor has entered RUNNING state.
[2015/11/04 11:39:27.107] (INFO) Alien monitor (aliend): Detected no space aliens.
[2015/11/04 11:39:27.107] (INFO) Checked file systems for errors: All filesystems OK.
[2015/11/04 11:39:27.107] (INFO) Backed up all server logs.
[2015/11/04 11:39:27.107] (INFO) Flushed 28 buffers to disk.
[2015/11/04 11:39:27.107] (WARN) Ignoring SIGTERM. It's not that easy to get rid of me.
[2015/11/04 11:39:27.107] (INFO) Pinging watchdog timer process: Process is alive.
[2015/11/04 11:39:27.107] (INFO) Waiting for monitor process (PID 18004) to die.
[2015/11/04 11:39:27.107] (ERROR) EFOODFAIL (Waiter, there's a fly in my soup).
[2015/11/04 11:39:27.107] (INFO) Flushed 83 buffers to disk.
[2015/11/04 11:39:27.107] (INFO) Alien monitor (aliend): Detected no space aliens.
[2015/11/04 11:39:27.107] (INFO) Supervisor has entered WAITING state.
[2015/11/04 11:39:27.107] (ERROR) "/var/data/xKIQj79482.parquet": No such file or directory (ENOENT)
[2015/11/04 11:39:27.107] (INFO) Waiting for master process (PID 64701) to die.
[2015/11/04 11:39:27.107] (INFO) User "boy7162" logged out due to inactivity (timeout=30 minutes).
[2015/11/04 11:39:27.107] (ERROR) Detected incoming DDoS from 10.234.85.218.
[2015/11/04 11:39:27.107] (WARN) Unable to ping master at 192.168.192.237. Retrying.
[2015/11/04 11:39:27.107] (INFO) Backed up all server logs.
[2015/11/04 11:39:27.107] (INFO) User "dcl4083" logged out due to inactivity (timeout=30 minutes).
[2015/11/04 11:39:27.107] (INFO) Backed up all server logs.
[2015/11/04 11:39:27.107] (INFO) User "gic4999" logged out due to inactivity (timeout=30 minutes).
[2015/11/04 11:39:27.107] (INFO) Sending SIGTERM to 4 excess workers.
[2015/11/04 11:39:27.107] (INFO) Network heartbeat check: All OK.
[2015/11/04 11:39:27.107] (INFO) Device 0x2f1b is online.
[2015/11/04 11:39:27.107] (INFO) Sending SIGTERM to 2 excess workers.
[2015/11/04 11:39:27.107] (INFO) Rolling 6 log file(s)...
[2015/11/04 11:39:27.107] (INFO) Sending SIGTERM to 3 excess workers.
[2015/11/04 11:39:27.107] (INFO) Network heartbeat check: All OK.
[2015/11/04 11:39:27.107] (INFO) Flushed 67 buffers to disk.
[2015/11/04 11:39:27.107] (ERROR) Failed to open "/mnt/fileserver02/lvdVV89434.txt": NFS timeout.
[2015/11/04 11:39:27.107] (INFO) Pinging watchdog timer process: Process is alive.
[2015/11/04 11:39:27.107] (INFO) Checkpointing off-heap server memory...
[2015/11/04 11:39:27.107] (ERROR) Server log backup FAILED. See backup logs.
[2015/11/04 11:39:27.107] (INFO) User "gxj1887" logged out.
[2015/11/04 11:39:27.107] (INFO) Network heartbeat check: All OK.
[2015/11/04 11:39:27.107] (WARN) Dropped 12,363 corrupt data packets.
[2015/11/04 11:39:27.107] (INFO) Rolling 7 log file(s)...
[2015/11/04 11:39:27.107] (INFO) Rolling 9 log file(s)...
[2015/11/04 11:39:27.107] (INFO) Checkpointing off-heap server memory...
[2015/11/04 11:39:27.107] (INFO) User "cgh5869" logged out due to inactivity (timeout=30 minutes).
[2015/11/04 11:39:27.107] (INFO) Supervisor has entered RESTARTING state.
[2015/11/04 11:39:27.107] (INFO) Supervisor has entered RUNNING state.
[2015/11/04 11:39:27.107] (ERROR) Unable to mount /dev/sde2. (Time to run fsck?)
[2015/11/04 11:39:27.107] (INFO) Alien monitor (aliend): Detected no space aliens.
[2015/11/04 11:39:27.107] (INFO) User "vrb9771" logged out due to inactivity (timeout=30 minutes).
[2015/11/04 11:39:27.107] (INFO) Sending SIGTERM to 3 excess workers.
[2015/11/04 11:39:27.107] (ERROR) Failed to open "/mnt/fileserver01/nYqNz60064.txt": NFS timeout.
[2015/11/04 11:39:27.107] (ERROR) Extra characters at end of line.
[2015/11/04 11:39:27.107] (INFO) User "voz3473" logged out.
[2015/11/04 11:39:27.107] (INFO) User "qss2145" logged out due to inactivity (timeout=30 minutes).
[2015/11/04 11:39:27.107] (INFO) Checked file systems for errors: All filesystems OK.
[2015/11/04 11:39:27.107] (INFO) Checked file systems for errors: All filesystems OK.
[2015/11/04 11:39:27.107] (INFO) Waiting for master process (PID 33901) to die.
[2015/11/04 11:39:27.107] (INFO) Rolling 3 log file(s)...
[2015/11/04 11:39:27.107] (INFO) Alien monitor (aliend): Detected no space aliens.
[2015/11/04 11:39:27.107] (INFO) Sending SIGTERM to 2 excess workers.
[2015/11/04 11:39:27.107] (INFO) User "tnx3823" logged out due to inactivity (timeout=30 minutes).
[2015/11/04 11:39:27.107] (INFO) User "hhu5222" logged out.
[2015/11/04 11:39:27.107] (INFO) Flushed 51 buffers to disk.
[2015/11/04 11:39:27.107] (WARN) Possible cyber-attack from Nebraska.
[2015/11/04 11:39:27.107] (INFO) Sending SIGTERM to 3 excess workers.
[2015/11/04 11:39:27.107] (INFO) Sending SIGTERM to 3 excess workers.
[2015/11/04 11:39:27.107] (INFO) User "dxw5233" logged in from 172.16.14.228.
[2015/11/04 11:39:27.107] (INFO) User "acq6378" logged in from 192.168.147.0.
[2015/11/04 11:39:27.608] (INFO) Supervisor has entered WAITING state.
[2015/11/04 11:39:27.608] (INFO) Alien monitor (aliend): Detected no space aliens.
[2015/11/04 11:39:27.608] (INFO) Backed up all server logs.
[2015/11/04 11:39:27.608] (INFO) Checkpointing off-heap server memory...
[2015/11/04 11:39:27.608] (INFO) User "wqn6564" logged out.
[2015/11/04 11:39:27.608] (INFO) Your mother called. She says you never call her.
[2015/11/04 11:39:27.608] (INFO) Network heartbeat check: All OK.
[2015/11/04 11:39:27.608] (INFO) Your mother called. She says you never call her.
[2015/11/04 11:39:27.608] (INFO) User "ilc8182" logged out due to inactivity (timeout=30 minutes).
[2015/11/04 11:39:27.608] (INFO) Checked file systems for errors: All filesystems OK.
[2015/11/04 11:39:27.608] (INFO) User "ytv6864" logged in from 192.168.147.90.
[2015/11/04 11:39:27.608] (ERROR) Failed to write checkpoint file "/var/checkpoint/XLhvD76396: No space left on device (ENOSPC)
[2015/11/04 11:39:27.608] (INFO) User "fwb8302" logged in from 172.16.20.124.
[2015/11/04 11:39:27.608] (INFO) Your mother called. She says you never call her.
[2015/11/04 11:39:27.608] (INFO) Flushed 31 buffers to disk.
[2015/11/04 11:39:27.608] (INFO) .evian ylbirret si emehcs otpyrc ym neht ,siht daer nac uoy fI
[2015/11/04 11:39:27.608] (WARN) Backup server 192.168.229.58 is offline.
[2015/11/04 11:39:27.608] (INFO) Supervisor has entered SUSPENDED state.
[2015/11/04 11:39:27.608] (INFO) Backed up all server logs.
[2015/11/04 11:39:27.608] (INFO) Backed up all server logs.
[2015/11/04 11:39:27.608] (INFO) Backed up all server logs.
[2015/11/04 11:39:27.608] (INFO) User "maf8301" logged out due to inactivity (timeout=30 minutes).
[2015/11/04 11:39:27.608] (INFO) User "kbb2061" logged out.
[2015/11/04 11:39:27.608] (INFO) Sending SIGTERM to 2 excess workers.
[2015/11/04 11:39:27.608] (INFO) Sending SIGTERM to 2 excess workers.
[2015/11/04 11:39:27.608] (INFO) Device 0x7142 is online.
[2015/11/04 11:39:27.608] (INFO) Supervisor has entered WAITING state.
[2015/11/04 11:39:27.608] (INFO) User "ung4801" logged out due to inactivity (timeout=30 minutes).
[2015/11/04 11:39:27.608] (INFO) Waiting for supervisor process (PID 50722) to die.
[2015/11/04 11:39:27.608] (INFO) Checked file systems for errors: All filesystems OK.
[2015/11/04 11:39:27.608] (ERROR) Network heartbeat check FAILED: Master host down?
[2015/11/04 11:39:27.608] (INFO) Rolling 1 log file(s)...
[2015/11/04 11:39:27.608] (INFO) Waiting for master process (PID 12845) to die.
[2015/11/04 11:39:27.608] (ERROR) Blocked Little Bobby Tables attack (https://xkcd.com/327/) from 172.16.134.128.
[2015/11/04 11:39:27.608] (INFO) Your mother called. She says you never call her.
[2015/11/04 11:39:27.608] (WARN) Space on disk /dev/sdd4 is low: Only 582 MB available.
[2015/11/04 11:39:27.608] (INFO) User "iqr6930" logged in from 10.106.176.134.
[2015/11/04 11:39:27.608] (INFO) Network heartbeat check: All OK.
[2015/11/04 11:39:27.608] (INFO) Device 0x88b8 is online.
[2015/11/04 11:39:27.608] (WARN) CPU temperature exceeds 40º Celsius.
[2015/11/04 11:39:27.608] (INFO) User "znx9689" logged in from 10.57.178.226.
[2015/11/04 11:39:27.608] (INFO) Sending SIGTERM to 2 excess workers.
[2015/11/04 11:39:27.608] (INFO) Backed up all server logs.
[2015/11/04 11:39:27.608] (ERROR) Blocked Little Bobby Tables attack (https://xkcd.com/327/) from 172.16.240.230.
[2015/11/04 11:39:27.608] (INFO) .evian ylbirret si emehcs otpyrc ym neht ,siht daer nac uoy fI
[2015/11/04 11:39:27.608] (INFO) Device 0x74b7 is online.
[2015/11/04 11:39:27.608] (INFO) .evian ylbirret si emehcs otpyrc ym neht ,siht daer nac uoy fI
[2015/11/04 11:39:27.608] (INFO) Checkpointing off-heap server memory...
[2015/11/04 11:39:27.608] (INFO) Supervisor has entered WAITING state.
[2015/11/04 11:39:27.608] (INFO) User "lnw4055" logged in from 10.169.116.24.
[2015/11/04 11:39:27.608] (INFO) Checkpointing off-heap server memory...
[2015/11/04 11:39:27.608] (INFO) Network heartbeat check: All OK.
[2015/11/04 11:39:27.608] (INFO) Your mother called. She says you never call her.
[2015/11/04 11:39:27.608] (INFO) Alien monitor (aliend): Detected no space aliens.
[2015/11/04 11:39:27.608] (INFO) Waiting for master process (PID 20348) to die.
[2015/11/04 11:39:27.608] (INFO) Waiting for monitor process (PID 35702) to die.
[2015/11/04 11:39:27.608] (INFO) Waiting for worker process (PID 7001) to die.
[2015/11/04 11:39:27.608] (INFO) Checked file systems for errors: All filesystems OK.
[2015/11/04 11:39:27.608] (WARN) Master took 966 ms to respond (threshold=500 ms)
[2015/11/04 11:39:27.608] (INFO) User "tbs8187" logged in from 172.16.106.200.
[2015/11/04 11:39:27.608] (ERROR) Detected clock skew! Restarting NTP server.
[2015/11/04 11:39:27.608] (INFO) Backed up all server logs.
[2015/11/04 11:39:27.608] (WARN) Retrying server log checkpoint.
[2015/11/04 11:39:27.608] (INFO) User "syo5184" logged in from 192.168.57.236.
[2015/11/04 11:39:27.608] (INFO) Supervisor has entered SUSPENDED state.
[2015/11/04 11:39:27.608] (INFO) Waiting for monitor process (PID 62631) to die.
[2015/11/04 11:39:27.608] (INFO) User "nxj6369" logged out.
[2015/11/04 11:39:27.608] (INFO) User "sgn3310" logged out due to inactivity (timeout=30 minutes).
[2015/11/04 11:39:27.608] (INFO) User "zcm8873" logged in from 10.221.31.187.
[2015/11/04 11:39:27.608] (INFO) User "mpv9034" logged out.
[2015/11/04 11:39:27.608] (ERROR) Detected clock skew! Restarting NTP server.
[2015/11/04 11:39:27.608] (INFO) User "qra9926" logged in from 172.16.130.155.
[2015/11/04 11:39:27.608] (INFO) Device 0x0ab9 is online.
[2015/11/04 11:39:27.608] (INFO) Sending SIGTERM to 3 excess workers.
[2015/11/04 11:39:27.608] (INFO) Waiting for supervisor process (PID 12700) to die.
[2015/11/04 11:39:27.608] (INFO) Rolling 2 log file(s)...
[2015/11/04 11:39:27.608] (INFO) Waiting for master process (PID 17859) to die.
[2015/11/04 11:39:27.608] (ERROR) Directory index of "/var/data" is forbidden.
[2015/11/04 11:39:27.608] (INFO) Alien monitor (aliend): Detected no space aliens.
[2015/11/04 11:39:27.608] (INFO) Pinging watchdog timer process: Process is alive.
[2015/11/04 11:39:27.608] (INFO) Checked file systems for errors: All filesystems OK.
[2015/11/04 11:39:27.608] (INFO) .evian ylbirret si emehcs otpyrc ym neht ,siht daer nac uoy fI
[2015/11/04 11:39:27.608] (INFO) Backed up all server logs.
[2015/11/04 11:39:27.608] (INFO) Sending SIGTERM to 4 excess workers.
[2015/11/04 11:39:27.608] (INFO) Alien monitor (aliend): Detected no space aliens.
[2015/11/04 11:39:27.608] (INFO) Alien monitor (aliend): Detected no space aliens.
[2015/11/04 11:39:27.608] (INFO) .evian ylbirret si emehcs otpyrc ym neht ,siht daer nac uoy fI
[2015/11/04 11:39:27.608] (INFO) Waiting for monitor process (PID 5703) to die.
[2015/11/04 11:39:27.608] (INFO) Sending SIGTERM to 4 excess workers.
[2015/11/04 11:39:27.608] (INFO) Your mother called. She says you never call her.
[2015/11/04 11:39:27.608] (INFO) Device 0x6f0f is online.
[2015/11/04 11:39:27.608] (INFO) User "bdr1529" logged in from 192.168.224.168.
[2015/11/04 11:39:27.608] (INFO) .evian ylbirret si emehcs otpyrc ym neht ,siht daer nac uoy fI
[2015/11/04 11:39:27.608] (INFO) Pinging watchdog timer process: Process is alive.
[2015/11/04 11:39:27.608] (INFO) Backed up all server logs.
[2015/11/04 11:39:27.608] (INFO) Backed up all server logs.
[2015/11/04 11:39:27.608] (INFO) Checked file systems for errors: All filesystems OK.
[2015/11/04 11:39:27.608] (INFO) Pinging watchdog timer process: Process is alive.
[2015/11/04 11:39:27.608] (INFO) Waiting for worker process (PID 10632) to die.
[2015/11/04 11:39:27.608] (INFO) Waiting for supervisor process (PID 62868) to die.
[2015/11/04 11:39:28.107] (INFO) Flushed 69 buffers to disk.
[2015/11/04 11:39:28.107] (INFO) User "ivk9817" logged out due to inactivity (timeout=30 minutes).
[2015/11/04 11:39:28.107] (INFO) Alien monitor (aliend): Detected no space aliens.
[2015/11/04 11:39:28.107] (INFO) Device 0x2717 is online.
[2015/11/04 11:39:28.107] (INFO) Checkpointing off-heap server memory...
[2015/11/04 11:39:28.107] (INFO) Your mother called. She says you never call her.
[2015/11/04 11:39:28.107] (INFO) Your mother called. She says you never call her.
[2015/11/04 11:39:28.107] (INFO) .evian ylbirret si emehcs otpyrc ym neht ,siht daer nac uoy fI
[2015/11/04 11:39:28.107] (INFO) .evian ylbirret si emehcs otpyrc ym neht ,siht daer nac uoy fI
[2015/11/04 11:39:28.107] (INFO) User "iyv2098" logged out due to inactivity (timeout=30 minutes).
[2015/11/04 11:39:28.107] (ERROR) Unable to write to "/var/data/HEwYb77587.txt": Permission denied (EACCES)
[2015/11/04 11:39:28.107] (ERROR) Network heartbeat check FAILED: Master host down?
[2015/11/04 11:39:28.107] (INFO) Flushed 25 buffers to disk.
[2015/11/04 11:39:28.107] (INFO) Network heartbeat check: All OK.
[2015/11/04 11:39:28.107] (INFO) Network heartbeat check: All OK.
[2015/11/04 11:39:28.107] (INFO) Network heartbeat check: All OK.
[2015/11/04 11:39:28.107] (INFO) User "wcm6950" logged out due to inactivity (timeout=30 minutes).
[2015/11/04 11:39:28.107] (INFO) Sending SIGTERM to 4 excess workers.
[2015/11/04 11:39:28.107] (ERROR) Failed to open "/mnt/fileserver02/Smrwp65383.zip": NFS timeout.
[2015/11/04 11:39:28.107] (INFO) Supervisor has entered SUSPENDED state.
[2015/11/04 11:39:28.107] (INFO) Rolling 2 log file(s)...
[2015/11/04 11:39:28.107] (INFO) Checked file systems for errors: All filesystems OK.
[2015/11/04 11:39:28.107] (INFO) Backed up all server logs.
[2015/11/04 11:39:28.107] (INFO) User "xen6854" logged out due to inactivity (timeout=30 minutes).
[2015/11/04 11:39:28.107] (INFO) User "cgl6386" logged out due to inactivity (timeout=30 minutes).
[2015/11/04 11:39:28.107] (ERROR) Unable to authenticate user "ljh6863": LDAP server isn't responding.
[2015/11/04 11:39:28.107] (INFO) Waiting for supervisor process (PID 9267) to die.
[2015/11/04 11:39:28.107] (INFO) Supervisor has entered RESTARTING state.
[2015/11/04 11:39:28.107] (INFO) Network heartbeat check: All OK.
[2015/11/04 11:39:28.107] (WARN) Possible cyber-attack from Mars.
[2015/11/04 11:39:28.107] (INFO) Sending SIGTERM to 4 excess workers.
[2015/11/04 11:39:28.107] (INFO) Rolling 4 log file(s)...
[2015/11/04 11:39:28.107] (INFO) Flushed 48 buffers to disk.
[2015/11/04 11:39:28.107] (INFO) .evian ylbirret si emehcs otpyrc ym neht ,siht daer nac uoy fI
[2015/11/04 11:39:28.107] (INFO) User "xxd5407" logged out due to inactivity (timeout=30 minutes).
[2015/11/04 11:39:28.107] (INFO) Backed up all server logs.
[2015/11/04 11:39:28.107] (INFO) Pinging watchdog timer process: Process is alive.
[2015/11/04 11:39:28.107] (ERROR) Directory index of "/var/data" is forbidden.
[2015/11/04 11:39:28.107] (INFO) Backed up all server logs.
[2015/11/04 11:39:28.107] (INFO) Supervisor has entered WAITING state.
[2015/11/04 11:39:28.107] (INFO) User "lux4090" logged out.
[2015/11/04 11:39:28.107] (INFO) User "byw2071" logged out.
[2015/11/04 11:39:28.107] (ERROR) Detected incoming DDoS from 172.16.179.51.
[2015/11/04 11:39:28.107] (WARN) CPU temperature exceeds 40º Celsius.
[2015/11/04 11:39:28.107] (INFO) Checkpointing off-heap server memory...
[2015/11/04 11:39:28.107] (INFO) User "mhq3580" logged out due to inactivity (timeout=30 minutes).
[2015/11/04 11:39:28.107] (INFO) Supervisor has entered RUNNING state.
[2015/11/04 11:39:28.107] (INFO) Backed up all server logs.
[2015/11/04 11:39:28.107] (INFO) .evian ylbirret si emehcs otpyrc ym neht ,siht daer nac uoy fI
[2015/11/04 11:39:28.108] (INFO) Flushed 59 buffers to disk.
[2015/11/04 11:39:28.108] (INFO) Device 0x148f is online.
[2015/11/04 11:39:28.108] (INFO) User "djd2272" logged out.
[2015/11/04 11:39:28.108] (INFO) User "zfg9855" logged out due to inactivity (timeout=30 minutes).
[2015/11/04 11:39:28.108] (ERROR) Unable to authenticate user "xem8191": LDAP server isn't responding.
[2015/11/04 11:39:28.108] (INFO) User "uxx2881" logged out.
[2015/11/04 11:39:28.108] (INFO) Network heartbeat check: All OK.
[2015/11/04 11:39:28.108] (INFO) Alien monitor (aliend): Detected no space aliens.
[2015/11/04 11:39:28.108] (ERROR) Blocked nmap traffic originating from 172.16.100.40.
[2015/11/04 11:39:28.108] (ERROR) Blocked FTP traffic originating from 192.168.46.140.
[2015/11/04 11:39:28.108] (INFO) Your mother called. She says you never call her.
[2015/11/04 11:39:28.108] (WARN) Unable to ping supervisor at 172.16.123.8. Retrying.
[2015/11/04 11:39:28.108] (INFO) User "izz1244" logged out due to inactivity (timeout=30 minutes).
[2015/11/04 11:39:28.108] (INFO) Supervisor has entered RUNNING state.
[2015/11/04 11:39:28.108] (INFO) Supervisor has entered RESTARTING state.
[2015/11/04 11:39:28.108] (INFO) User "zze3135" logged in from 192.168.156.236.
[2015/11/04 11:39:28.108] (INFO) User "yjb7121" logged in from 172.16.182.144.
[2015/11/04 11:39:28.108] (INFO) Network heartbeat check: All OK.
[2015/11/04 11:39:28.108] (INFO) Checked file systems for errors: All filesystems OK.
[2015/11/04 11:39:28.108] (INFO) Checkpointing off-heap server memory...
[2015/11/04 11:39:28.108] (INFO) Alien monitor (aliend): Detected no space aliens.
[2015/11/04 11:39:28.108] (INFO) .evian ylbirret si emehcs otpyrc ym neht ,siht daer nac uoy fI
[2015/11/04 11:39:28.108] (INFO) Backed up all server logs.
[2015/11/04 11:39:28.108] (INFO) Alien monitor (aliend): Detected no space aliens.
[2015/11/04 11:39:28.108] (INFO) .evian ylbirret si emehcs otpyrc ym neht ,siht daer nac uoy fI
[2015/11/04 11:39:28.108] (INFO) User "qrt7469" logged in from 192.168.126.42.
[2015/11/04 11:39:28.108] (INFO) User "gzi9387" logged in from 172.16.66.233.
[2015/11/04 11:39:28.108] (INFO) User "kvp1509" logged out.
[2015/11/04 11:39:28.108] (INFO) Network heartbeat check: All OK.
[2015/11/04 11:39:28.108] (INFO) Device 0xab8d is online.
[2015/11/04 11:39:28.108] (INFO) Backed up all server logs.
[2015/11/04 11:39:28.108] (INFO) Backed up all server logs.
[2015/11/04 11:39:28.108] (INFO) Supervisor has entered WAITING state.
[2015/11/04 11:39:28.108] (INFO) Alien monitor (aliend): Detected no space aliens.
[2015/11/04 11:39:28.108] (INFO) Checked file systems for errors: All filesystems OK.
[2015/11/04 11:39:28.108] (INFO) Network heartbeat check: All OK.
[2015/11/04 11:39:28.108] (INFO) Sending SIGTERM to 2 excess workers.
[2015/11/04 11:39:28.108] (ERROR) Server log backup FAILED. See backup logs.
[2015/11/04 11:39:28.108] (INFO) Device 0xac1e is online.
[2015/11/04 11:39:28.108] (INFO) Rolling 9 log file(s)...
[2015/11/04 11:39:28.108] (INFO) Flushed 52 buffers to disk.
[2015/11/04 11:39:28.108] (INFO) Pinging watchdog timer process: Process is alive.
[2015/11/04 11:39:28.108] (INFO) User "sfo2271" logged out.
[2015/11/04 11:39:28.108] (INFO) Pinging watchdog timer process: Process is alive.
[2015/11/04 11:39:28.108] (INFO) Backed up all server logs.
[2015/11/04 11:39:28.108] (INFO) User "hdn9995" logged out due to inactivity (timeout=30 minutes).
[2015/11/04 11:39:28.108] (INFO) Your mother called. She says you never call her.
[2015/11/04 11:39:28.108] (INFO) .evian ylbirret si emehcs otpyrc ym neht ,siht daer nac uoy fI
[2015/11/04 11:39:28.108] (INFO) Device 0x6917 is online.
[2015/11/04 11:39:28.108] (INFO) Alien monitor (aliend): Detected no space aliens.
[2015/11/04 11:39:28.108] (WARN) Watchdog timer crashed. Restarting it.
[2015/11/04 11:39:28.607] (INFO) User "abt4413" logged out.
[2015/11/04 11:39:28.607] (INFO) Sending SIGTERM to 3 excess workers.
[2015/11/04 11:39:28.607] (WARN) Watchdog timer crashed. Restarting it.
[2015/11/04 11:39:28.607] (INFO) Rolling 1 log file(s)...
[2015/11/04 11:39:28.607] (WARN) Dropped 1,164 corrupt data packets.
[2015/11/04 11:39:28.607] (INFO) Device 0x0c31 is online.
[2015/11/04 11:39:28.607] (INFO) .evian ylbirret si emehcs otpyrc ym neht ,siht daer nac uoy fI
[2015/11/04 11:39:28.607] (ERROR) One of the flayrods has gone out askew on treadle.
[2015/11/04 11:39:28.607] (INFO) Flushed 58 buffers to disk.
[2015/11/04 11:39:28.607] (INFO) .evian ylbirret si emehcs otpyrc ym neht ,siht daer nac uoy fI
[2015/11/04 11:39:28.607] (INFO) .evian ylbirret si emehcs otpyrc ym neht ,siht daer nac uoy fI
[2015/11/04 11:39:28.607] (INFO) Rolling 7 log file(s)...
[2015/11/04 11:39:28.607] (INFO) Sending SIGTERM to 2 excess workers.
[2015/11/04 11:39:28.607] (WARN) Watchdog timer crashed. Restarting it.
[2015/11/04 11:39:28.607] (INFO) User "syu8219" logged in from 192.168.218.105.
[2015/11/04 11:39:28.607] (WARN) Space on disk /dev/sde1 is low: Only 226 MB available.
[2015/11/04 11:39:28.607] (INFO) Checked file systems for errors: All filesystems OK.
[2015/11/04 11:39:28.607] (INFO) .evian ylbirret si emehcs otpyrc ym neht ,siht daer nac uoy fI
[2015/11/04 11:39:28.607] (ERROR) Worker 2 died with SIGIOT. Restarting it.
[2015/11/04 11:39:28.607] (INFO) Your mother called. She says you never call her.
[2015/11/04 11:39:28.607] (INFO) Flushed 33 buffers to disk.
[2015/11/04 11:39:28.607] (INFO) Pinging watchdog timer process: Process is alive.
[2015/11/04 11:39:28.607] (WARN) Backup server 172.16.106.159 is offline.
[2015/11/04 11:39:28.607] (INFO) Flushed 90 buffers to disk.
[2015/11/04 11:39:28.607] (INFO) Checkpointing off-heap server memory...
[2015/11/04 11:39:28.607] (INFO) Flushed 97 buffers to disk.
[2015/11/04 11:39:28.607] (INFO) Checked file systems for errors: All filesystems OK.
[2015/11/04 11:39:28.607] (INFO) Sending SIGTERM to 2 excess workers.
[2015/11/04 11:39:28.607] (INFO) Checked file systems for errors: All filesystems OK.
[2015/11/04 11:39:28.607] (ERROR) Unable to authenticate user "ifw4722": LDAP server isn't responding.
[2015/11/04 11:39:28.607] (INFO) Waiting for master process (PID 45026) to die.
[2015/11/04 11:39:28.607] (INFO) Network heartbeat check: All OK.
[2015/11/04 11:39:28.607] (INFO) User "vno8412" logged out.
[2015/11/04 11:39:28.607] (INFO) User "bln3775" logged out due to inactivity (timeout=30 minutes).
[2015/11/04 11:39:28.607] (INFO) Backed up all server logs.
[2015/11/04 11:39:28.607] (ERROR) Network heartbeat check FAILED: Master host down?
[2015/11/04 11:39:28.607] (ERROR) Device 0x2742 is offline
[2015/11/04 11:39:28.607] (INFO) Alien monitor (aliend): Detected no space aliens.
[2015/11/04 11:39:28.607] (ERROR) Server log backup FAILED. See backup logs.
[2015/11/04 11:39:28.607] (INFO) Your mother called. She says you never call her.
[2015/11/04 11:39:28.607] (INFO) Network heartbeat check: All OK.
[2015/11/04 11:39:28.607] (INFO) Flushed 92 buffers to disk.
[2015/11/04 11:39:28.607] (INFO) Network heartbeat check: All OK.
[2015/11/04 11:39:28.607] (WARN) CPU temperature exceeds 40º Celsius.
[2015/11/04 11:39:28.607] (INFO) Checkpointing off-heap server memory...
[2015/11/04 11:39:28.607] (WARN) Dropped 19,610 corrupt data packets.
[2015/11/04 11:39:28.607] (INFO) Backed up all server logs.
[2015/11/04 11:39:28.607] (INFO) Sending SIGTERM to 2 excess workers.
[2015/11/04 11:39:28.607] (ERROR) Failed to open "/mnt/fileserver02/XMimO68542.tar.gz": NFS timeout.
[2015/11/04 11:39:28.607] (INFO) Your mother called. She says you never call her.
[2015/11/04 11:39:28.607] (INFO) Flushed 83 buffers to disk.
[2015/11/04 11:39:28.607] (INFO) Pinging watchdog timer process: Process is alive.
[2015/11/04 11:39:28.607] (INFO) Checkpointing off-heap server memory...
[2015/11/04 11:39:28.607] (INFO) .evian ylbirret si emehcs otpyrc ym neht ,siht daer nac uoy fI
[2015/11/04 11:39:28.607] (INFO) Supervisor has entered SUSPENDED state.
[2015/11/04 11:39:28.607] (INFO) User "acs4032" logged out due to inactivity (timeout=30 minutes).
[2015/11/04 11:39:28.607] (INFO) Rolling 3 log file(s)...
[2015/11/04 11:39:28.607] (INFO) User "oyi6589" logged out.
[2015/11/04 11:39:28.607] (INFO) Alien monitor (aliend): Detected no space aliens.
[2015/11/04 11:39:28.607] (INFO) User "yja9796" logged in from 192.168.28.36.
[2015/11/04 11:39:28.607] (INFO) Rolling 3 log file(s)...
[2015/11/04 11:39:28.607] (WARN) There is no such thing as a free lunch.
[2015/11/04 11:39:28.607] (INFO) .evian ylbirret si emehcs otpyrc ym neht ,siht daer nac uoy fI
[2015/11/04 11:39:28.607] (INFO) Flushed 34 buffers to disk.
[2015/11/04 11:39:28.607] (INFO) Checkpointing off-heap server memory...
[2015/11/04 11:39:28.607] (WARN) Ignoring SIGTERM. It's not that easy to get rid of me.
[2015/11/04 11:39:28.607] (WARN) CPU temperature exceeds 40º Celsius.
[2015/11/04 11:39:28.607] (INFO) Your mother called. She says you never call her.
[2015/11/04 11:39:28.607] (INFO) .evian ylbirret si emehcs otpyrc ym neht ,siht daer nac uoy fI
[2015/11/04 11:39:28.607] (INFO) Checked file systems for errors: All filesystems OK.
[2015/11/04 11:39:28.607] (ERROR) "/var/data/aJFNV80850.xml": No such file or directory (ENOENT)
[2015/11/04 11:39:28.607] (ERROR) Detected clock skew! Restarting NTP server.
[2015/11/04 11:39:28.607] (WARN) Ignoring SIGTERM. It's not that easy to get rid of me.
[2015/11/04 11:39:28.607] (INFO) Supervisor has entered RESTARTING state.
[2015/11/04 11:39:28.607] (INFO) Checkpointing off-heap server memory...
[2015/11/04 11:39:28.607] (INFO) Alien monitor (aliend): Detected no space aliens.
[2015/11/04 11:39:28.607] (INFO) Alien monitor (aliend): Detected no space aliens.
[2015/11/04 11:39:28.607] (INFO) Alien monitor (aliend): Detected no space aliens.
[2015/11/04 11:39:28.607] (INFO) Sending SIGTERM to 2 excess workers.
[2015/11/04 11:39:28.607] (INFO) Backed up all server logs.
[2015/11/04 11:39:28.607] (INFO) Rolling 8 log file(s)...
[2015/11/04 11:39:28.607] (INFO) Backed up all server logs.
[2015/11/04 11:39:28.607] (INFO) Backed up all server logs.
[2015/11/04 11:39:28.607] (INFO) Your mother called. She says you never call her.
[2015/11/04 11:39:28.607] (INFO) Supervisor has entered SUSPENDED state.
[2015/11/04 11:39:28.607] (INFO) Alien monitor (aliend): Detected no space aliens.
[2015/11/04 11:39:28.607] (ERROR) User "njj8479" failed to log in 3 times. Disabling account.
[2015/11/04 11:39:28.607] (INFO) Flushed 86 buffers to disk.
[2015/11/04 11:39:28.607] (INFO) Alien monitor (aliend): Detected no space aliens.
[2015/11/04 11:39:28.607] (INFO) User "qqf8097" logged out.
[2015/11/04 11:39:28.607] (INFO) Backed up all server logs.
[2015/11/04 11:39:28.607] (INFO) Device 0xe2c1 is online.
[2015/11/04 11:39:28.607] (INFO) Checked file systems for errors: All filesystems OK.
[2015/11/04 11:39:28.607] (INFO) Device 0xd31b is online.
[2015/11/04 11:39:28.607] (INFO) .evian ylbirret si emehcs otpyrc ym neht ,siht daer nac uoy fI
[2015/11/04 11:39:28.607] (ERROR) Detected incoming DDoS from 10.17.66.66.
[2015/11/04 11:39:28.607] (INFO) User "dyt4685" logged out due to inactivity (timeout=30 minutes).
[2015/11/04 11:39:28.607] (ERROR) Unable to write to "/var/data/aaocL51011.txt": Permission denied (EACCES)
[2015/11/04 11:39:28.607] (INFO) User "xcu6387" logged out due to inactivity (timeout=30 minutes).
[2015/11/04 11:39:28.607] (INFO) User "wob6558" logged out.
[2015/11/04 11:39:29.107] (INFO) Sending SIGTERM to 4 excess workers.
[2015/11/04 11:39:29.107] (INFO) Alien monitor (aliend): Detected no space aliens.
[2015/11/04 11:39:29.107] (INFO) Device 0xe45b is online.
[2015/11/04 11:39:29.107] (INFO) User "fwn1362" logged in from 10.136.152.210.
[2015/11/04 11:39:29.107] (INFO) .evian ylbirret si emehcs otpyrc ym neht ,siht daer nac uoy fI
[2015/11/04 11:39:29.107] (INFO) Alien monitor (aliend): Detected no space aliens.
[2015/11/04 11:39:29.107] (WARN) Possible cyber-attack from Russia.
[2015/11/04 11:39:29.107] (INFO) Pinging watchdog timer process: Process is alive.
[2015/11/04 11:39:29.107] (INFO) User "ixj4192" logged out due to inactivity (timeout=30 minutes).
[2015/11/04 11:39:29.107] (INFO) Pinging watchdog timer process: Process is alive.
[2015/11/04 11:39:29.107] (WARN) Network heartbeat check: 2 server(s) did not respond.
[2015/11/04 11:39:29.107] (INFO) Checkpointing off-heap server memory...
[2015/11/04 11:39:29.107] (INFO) Supervisor has entered WAITING state.
[2015/11/04 11:39:29.107] (INFO) Checked file systems for errors: All filesystems OK.
[2015/11/04 11:39:29.107] (INFO) Flushed 27 buffers to disk.
[2015/11/04 11:39:29.107] (INFO) User "rpb2566" logged in from 172.16.96.184.
[2015/11/04 11:39:29.107] (INFO) Checkpointing off-heap server memory...
[2015/11/04 11:39:29.107] (INFO) Alien monitor (aliend): Detected no space aliens.
[2015/11/04 11:39:29.107] (INFO) Network heartbeat check: All OK.
[2015/11/04 11:39:29.107] (INFO) Backed up all server logs.
[2015/11/04 11:39:29.107] (INFO) Supervisor has entered RUNNING state.
[2015/11/04 11:39:29.107] (INFO) .evian ylbirret si emehcs otpyrc ym neht ,siht daer nac uoy fI
[2015/11/04 11:39:29.107] (INFO) Supervisor has entered RUNNING state.
[2015/11/04 11:39:29.107] (INFO) Device 0x16d9 is online.
[2015/11/04 11:39:29.107] (INFO) Supervisor has entered SUSPENDED state.
[2015/11/04 11:39:29.107] (ERROR) Unable to mount /dev/sda3. (Time to run fsck?)
[2015/11/04 11:39:29.107] (INFO) Network heartbeat check: All OK.
[2015/11/04 11:39:29.107] (ERROR) Worker 3 died with SIGPOLL. Restarting it.
[2015/11/04 11:39:29.107] (INFO) .evian ylbirret si emehcs otpyrc ym neht ,siht daer nac uoy fI
[2015/11/04 11:39:29.107] (INFO) User "acl9726" logged out.
[2015/11/04 11:39:29.107] (INFO) Your mother called. She says you never call her.
[2015/11/04 11:39:29.107] (ERROR) "/var/data/SlYdq67092.xml": Permission denied (EACCES)
[2015/11/04 11:39:29.107] (INFO) Flushed 27 buffers to disk.
[2015/11/04 11:39:29.107] (INFO) User "mih2203" logged out.
[2015/11/04 11:39:29.107] (INFO) Flushed 64 buffers to disk.
[2015/11/04 11:39:29.107] (WARN) Unable to ping monitor at 172.16.131.90. Retrying.
[2015/11/04 11:39:29.107] (INFO) Device 0x9781 is online.
[2015/11/04 11:39:29.107] (INFO) Your mother called. She says you never call her.
[2015/11/04 11:39:29.107] (INFO) Flushed 46 buffers to disk.
[2015/11/04 11:39:29.107] (ERROR) Detected clock skew! Restarting NTP server.
[2015/11/04 11:39:29.107] (INFO) User "eys4555" logged in from 10.28.115.76.
[2015/11/04 11:39:29.107] (INFO) Alien monitor (aliend): Detected no space aliens.
[2015/11/04 11:39:29.107] (INFO) User "bnm2861" logged out.
[2015/11/04 11:39:29.107] (ERROR) Detected clock skew! Restarting NTP server.
[2015/11/04 11:39:29.107] (INFO) Device 0xcf8f is online.
[2015/11/04 11:39:29.107] (INFO) Sending SIGTERM to 4 excess workers.
[2015/11/04 11:39:29.107] (INFO) User "edi9727" logged out.
[2015/11/04 11:39:29.107] (INFO) Alien monitor (aliend): Detected no space aliens.
[2015/11/04 11:39:29.107] (INFO) User "vtc3007" logged out.
[2015/11/04 11:39:29.107] (WARN) CPU temperature exceeds 40º Celsius.
[2015/11/04 11:39:29.107] (INFO) Checkpointing off-heap server memory...
[2015/11/04 11:39:29.107] (WARN) There is no such thing as a free lunch.
[2015/11/04 11:39:29.107] (ERROR) Server log backup FAILED. See backup logs.
[2015/11/04 11:39:29.107] (ERROR) Unable to write to "/var/data/xatKC68467.tar.gz": Permission denied (EACCES)
[2015/11/04 11:39:29.107] (WARN) There is no such thing as a free lunch.
[2015/11/04 11:39:29.107] (WARN) Ignoring SIGTERM. It's not that easy to get rid of me.
[2015/11/04 11:39:29.107] (INFO) .evian ylbirret si emehcs otpyrc ym neht ,siht daer nac uoy fI
[2015/11/04 11:39:29.107] (INFO) User "zfe7690" logged out due to inactivity (timeout=30 minutes).
[2015/11/04 11:39:29.107] (INFO) User "pzm7255" logged in from 172.16.237.17.
[2015/11/04 11:39:29.107] (INFO) Device 0x2364 is online.
[2015/11/04 11:39:29.107] (INFO) User "veg2337" logged in from 10.61.132.19.
[2015/11/04 11:39:29.107] (INFO) Sending SIGTERM to 2 excess workers.
[2015/11/04 11:39:29.107] (ERROR) Worker 4 died with SIGILL. Restarting it.
[2015/11/04 11:39:29.107] (INFO) Waiting for monitor process (PID 50163) to die.
[2015/11/04 11:39:29.107] (INFO) Pinging watchdog timer process: Process is alive.
[2015/11/04 11:39:29.107] (INFO) User "dag7000" logged out.
[2015/11/04 11:39:29.107] (INFO) User "tjm6178" logged in from 172.16.194.124.
[2015/11/04 11:39:29.107] (INFO) Checked file systems for errors: All filesystems OK.
[2015/11/04 11:39:29.107] (ERROR) Detected clock skew! Restarting NTP server.
[2015/11/04 11:39:29.107] (WARN) Retrying server log checkpoint.
[2015/11/04 11:39:29.107] (INFO) .evian ylbirret si emehcs otpyrc ym neht ,siht daer nac uoy fI
[2015/11/04 11:39:29.107] (ERROR) EFOODFAIL (Waiter, there's a fly in my soup).
[2015/11/04 11:39:29.107] (INFO) Waiting for worker process (PID 12190) to die.
[2015/11/04 11:39:29.107] (INFO) User "vgc2157" logged out due to inactivity (timeout=30 minutes).
[2015/11/04 11:39:29.107] (INFO) Waiting for monitor process (PID 10914) to die.
[2015/11/04 11:39:29.107] (INFO) Checkpointing off-heap server memory...
[2015/11/04 11:39:29.107] (INFO) Sending SIGTERM to 2 excess workers.
[2015/11/04 11:39:29.107] (ERROR) Detected incoming DDoS from 172.16.35.8.
[2015/11/04 11:39:29.107] (INFO) Rolling 1 log file(s)...
[2015/11/04 11:39:29.107] (INFO) Device 0xaf76 is online.
[2015/11/04 11:39:29.107] (ERROR) Worker 9 died with SIGINT. Restarting it.
[2015/11/04 11:39:29.107] (INFO) Pinging watchdog timer process: Process is alive.
[2015/11/04 11:39:29.107] (INFO) Network heartbeat check: All OK.
[2015/11/04 11:39:29.107] (INFO) Rolling 7 log file(s)...
[2015/11/04 11:39:29.107] (INFO) Your mother called. She says you never call her.
[2015/11/04 11:39:29.107] (INFO) Your mother called. She says you never call her.
[2015/11/04 11:39:29.107] (INFO) User "aty4738" logged out due to inactivity (timeout=30 minutes).
[2015/11/04 11:39:29.107] (INFO) User "vbr8088" logged in from 172.16.123.154.
[2015/11/04 11:39:29.107] (INFO) Checkpointing off-heap server memory...
[2015/11/04 11:39:29.107] (WARN) Retrying server log checkpoint.
[2015/11/04 11:39:29.107] (WARN) Ignoring SIGTERM. It's not that easy to get rid of me.
[2015/11/04 11:39:29.107] (INFO) Your mother called. She says you never call her.
[2015/11/04 11:39:29.107] (ERROR) /dev/lp error: "PC LOAD LETTER"
[2015/11/04 11:39:29.107] (INFO) .evian ylbirret si emehcs otpyrc ym neht ,siht daer nac uoy fI
[2015/11/04 11:39:29.107] (INFO) .evian ylbirret si emehcs otpyrc ym neht ,siht daer nac uoy fI
[2015/11/04 11:39:29.107] (INFO) User "hys7298" logged in from 10.13.179.196.
[2015/11/04 11:39:29.107] (WARN) Space on disk /dev/sdd1 is low: Only 638 MB available.
[2015/11/04 11:39:29.107] (INFO) Pinging watchdog timer process: Process is alive.
[2015/11/04 11:39:29.107] (INFO) Checked file systems for errors: All filesystems OK.
[2015/11/04 11:39:29.107] (INFO) Your mother called. She says you never call her.
[2015/11/04 11:39:29.607] (INFO) Waiting for worker process (PID 53758) to die.
[2015/11/04 11:39:29.607] (INFO) User "pyu1195" logged out due to inactivity (timeout=30 minutes).
[2015/11/04 11:39:29.607] (INFO) Network heartbeat check: All OK.
[2015/11/04 11:39:29.607] (INFO) Rolling 2 log file(s)...
[2015/11/04 11:39:29.607] (INFO) Device 0x587e is online.
[2015/11/04 11:39:29.607] (ERROR) Detected clock skew! Restarting NTP server.
[2015/11/04 11:39:29.607] (INFO) User "nkf3721" logged in from 10.212.126.39.
[2015/11/04 11:39:29.607] (INFO) Checkpointing off-heap server memory...
[2015/11/04 11:39:29.607] (INFO) Rolling 5 log file(s)...
[2015/11/04 11:39:29.607] (INFO) Alien monitor (aliend): Detected no space aliens.
[2015/11/04 11:39:29.607] (INFO) Pinging watchdog timer process: Process is alive.
[2015/11/04 11:39:29.607] (INFO) Sending SIGTERM to 3 excess workers.
[2015/11/04 11:39:29.607] (INFO) User "sil5439" logged out.
[2015/11/04 11:39:29.607] (WARN) Backup server 10.53.26.101 is offline.
[2015/11/04 11:39:29.607] (INFO) Your mother called. She says you never call her.
[2015/11/04 11:39:29.607] (INFO) Supervisor has entered WAITING state.
[2015/11/04 11:39:29.607] (INFO) Pinging watchdog timer process: Process is alive.
[2015/11/04 11:39:29.607] (INFO) Waiting for master process (PID 43757) to die.
[2015/11/04 11:39:29.607] (INFO) Network heartbeat check: All OK.
[2015/11/04 11:39:29.607] (INFO) Device 0x93d3 is online.
[2015/11/04 11:39:29.607] (INFO) Alien monitor (aliend): Detected no space aliens.
[2015/11/04 11:39:29.607] (INFO) Checked file systems for errors: All filesystems OK.
[2015/11/04 11:39:29.607] (WARN) Backup server 172.16.168.160 is offline.
[2015/11/04 11:39:29.607] (INFO) User "qah4749" logged out due to inactivity (timeout=30 minutes).
[2015/11/04 11:39:29.607] (INFO) Backed up all server logs.
[2015/11/04 11:39:29.607] (INFO) Sending SIGTERM to 2 excess workers.
[2015/11/04 11:39:29.607] (INFO) Network heartbeat check: All OK.
[2015/11/04 11:39:29.607] (INFO) User "ras7646" logged in from 192.168.130.103.
[2015/11/04 11:39:29.607] (ERROR) Detected clock skew! Restarting NTP server.
[2015/11/04 11:39:29.607] (INFO) Rolling 3 log file(s)...
[2015/11/04 11:39:29.607] (INFO) Checked file systems for errors: All filesystems OK.
[2015/11/04 11:39:29.607] (INFO) Rolling 6 log file(s)...
[2015/11/04 11:39:29.607] (INFO) Your mother called. She says you never call her.
[2015/11/04 11:39:29.607] (INFO) Rolling 1 log file(s)...
[2015/11/04 11:39:29.607] (INFO) Backed up all server logs.
[2015/11/04 11:39:29.607] (INFO) Checked file systems for errors: All filesystems OK.
[2015/11/04 11:39:29.607] (INFO) Waiting for monitor process (PID 45554) to die.
[2015/11/04 11:39:29.607] (WARN) Retrying server log checkpoint.
[2015/11/04 11:39:29.607] (INFO) User "xdx4922" logged out.
[2015/11/04 11:39:29.607] (INFO) User "csq8470" logged out due to inactivity (timeout=30 minutes).
[2015/11/04 11:39:29.607] (WARN) Retrying server log checkpoint.
[2015/11/04 11:39:29.607] (INFO) Checkpointing off-heap server memory...
[2015/11/04 11:39:29.607] (INFO) Network heartbeat check: All OK.
[2015/11/04 11:39:29.607] (INFO) Sending SIGTERM to 3 excess workers.
[2015/11/04 11:39:29.607] (INFO) Checked file systems for errors: All filesystems OK.
[2015/11/04 11:39:29.607] (INFO) Checked file systems for errors: All filesystems OK.
[2015/11/04 11:39:29.607] (INFO) User "mvl6783" logged out.
[2015/11/04 11:39:29.607] (INFO) Your mother called. She says you never call her.
[2015/11/04 11:39:29.607] (ERROR) Device 0x65cd is offline
[2015/11/04 11:39:29.607] (INFO) Device 0x5ab1 is online.
[2015/11/04 11:39:29.607] (INFO) Backed up all server logs.
[2015/11/04 11:39:29.607] (INFO) Backed up all server logs.
[2015/11/04 11:39:29.607] (ERROR) Failed to write checkpoint file "/var/checkpoint/LaJDu91580: No space left on device (ENOSPC)
[2015/11/04 11:39:29.607] (INFO) Sending SIGTERM to 3 excess workers.
[2015/11/04 11:39:29.607] (INFO) Rolling 5 log file(s)...
[2015/11/04 11:39:29.607] (INFO) Alien monitor (aliend): Detected no space aliens.
[2015/11/04 11:39:29.607] (ERROR) Detected incoming DDoS from 172.16.143.19.
[2015/11/04 11:39:29.607] (INFO) Checked file systems for errors: All filesystems OK.
[2015/11/04 11:39:29.607] (INFO) Rolling 8 log file(s)...
[2015/11/04 11:39:29.607] (INFO) Supervisor has entered RESTARTING state.
[2015/11/04 11:39:29.607] (INFO) Rolling 3 log file(s)...
[2015/11/04 11:39:29.607] (INFO) Network heartbeat check: All OK.
[2015/11/04 11:39:29.607] (INFO) Backed up all server logs.
[2015/11/04 11:39:29.607] (INFO) Checked file systems for errors: All filesystems OK.
[2015/11/04 11:39:29.607] (INFO) Network heartbeat check: All OK.
[2015/11/04 11:39:29.607] (INFO) Alien monitor (aliend): Detected no space aliens.
[2015/11/04 11:39:29.607] (WARN) Space on disk /dev/sda3 is low: Only 523 MB available.
[2015/11/04 11:39:29.607] (INFO) .evian ylbirret si emehcs otpyrc ym neht ,siht daer nac uoy fI
[2015/11/04 11:39:29.607] (INFO) Alien monitor (aliend): Detected no space aliens.
[2015/11/04 11:39:29.607] (INFO) Checkpointing off-heap server memory...
[2015/11/04 11:39:29.607] (INFO) Your mother called. She says you never call her.
[2015/11/04 11:39:29.607] (INFO) .evian ylbirret si emehcs otpyrc ym neht ,siht daer nac uoy fI
[2015/11/04 11:39:29.607] (INFO) Your mother called. She says you never call her.
[2015/11/04 11:39:29.607] (INFO) Device 0xbc9e is online.
[2015/11/04 11:39:29.607] (WARN) Unable to ping supervisor at 192.168.121.35. Retrying.
[2015/11/04 11:39:29.607] (INFO) Flushed 27 buffers to disk.
[2015/11/04 11:39:29.607] (ERROR) Blocked FTP traffic originating from 10.13.39.226.
[2015/11/04 11:39:29.607] (INFO) Flushed 34 buffers to disk.
[2015/11/04 11:39:29.607] (INFO) User "qnw5532" logged out.
[2015/11/04 11:39:29.607] (INFO) Flushed 48 buffers to disk.
[2015/11/04 11:39:29.607] (WARN) Master took 991 ms to respond (threshold=500 ms)
[2015/11/04 11:39:29.607] (INFO) User "zcq6655" logged in from 172.16.69.26.
[2015/11/04 11:39:29.607] (INFO) Supervisor has entered SUSPENDED state.
[2015/11/04 11:39:29.607] (ERROR) User "nbo7435" failed to log in 3 times. Disabling account.
[2015/11/04 11:39:29.607] (INFO) Waiting for supervisor process (PID 4677) to die.
[2015/11/04 11:39:29.607] (INFO) Your mother called. She says you never call her.
[2015/11/04 11:39:29.607] (INFO) User "aap1430" logged in from 192.168.120.94.
[2015/11/04 11:39:29.607] (INFO) Device 0xae2e is online.
[2015/11/04 11:39:29.607] (ERROR) Connection to 192.168.99.61 terminated unexpectedly. Reconnecting.
[2015/11/04 11:39:29.607] (INFO) Checkpointing off-heap server memory...
[2015/11/04 11:39:29.607] (INFO) Your mother called. She says you never call her.
[2015/11/04 11:39:29.607] (INFO) Backed up all server logs.
[2015/11/04 11:39:29.607] (INFO) Supervisor has entered SUSPENDED state.
[2015/11/04 11:39:29.607] (INFO) Sending SIGTERM to 2 excess workers.
[2015/11/04 11:39:29.607] (INFO) User "sdz2998" logged in from 10.63.98.142.
[2015/11/04 11:39:29.607] (INFO) Backed up all server logs.
[2015/11/04 11:39:29.607] (INFO) Checkpointing off-heap server memory...
[2015/11/04 11:39:29.607] (INFO) Your mother called. She says you never call her.
[2015/11/04 11:39:29.607] (WARN) Dropped 19,483 corrupt data packets.
[2015/11/04 11:39:29.607] (INFO) Device 0x820a is online.
[2015/11/04 11:39:30.107] (INFO) Your mother called. She says you never call her.
[2015/11/04 11:39:30.107] (INFO) User "nke1161" logged out.
[2015/11/04 11:39:30.107] (INFO) User "ofj6708" logged out.
[2015/11/04 11:39:30.107] (WARN) Possible cyber-attack from China.
[2015/11/04 11:39:30.107] (INFO) .evian ylbirret si emehcs otpyrc ym neht ,siht daer nac uoy fI
[2015/11/04 11:39:30.107] (INFO) User "ngm3945" logged out.
[2015/11/04 11:39:30.107] (INFO) Checkpointing off-heap server memory...
[2015/11/04 11:39:30.107] (ERROR) /dev/lp error: "PC LOAD LETTER"
[2015/11/04 11:39:30.107] (INFO) Rolling 6 log file(s)...
[2015/11/04 11:39:30.107] (INFO) Device 0xef34 is online.
[2015/11/04 11:39:30.107] (INFO) Rolling 2 log file(s)...
[2015/11/04 11:39:30.107] (ERROR) Directory index of "/var/data" is forbidden.
[2015/11/04 11:39:30.107] (INFO) Backed up all server logs.
[2015/11/04 11:39:30.107] (INFO) Your mother called. She says you never call her.
[2015/11/04 11:39:30.107] (INFO) User "epi2500" logged out.
[2015/11/04 11:39:30.107] (INFO) Checked file systems for errors: All filesystems OK.
[2015/11/04 11:39:30.107] (WARN) Possible cyber-attack from Canada.
[2015/11/04 11:39:30.107] (INFO) Alien monitor (aliend): Detected no space aliens.
[2015/11/04 11:39:30.107] (INFO) Network heartbeat check: All OK.
[2015/11/04 11:39:30.107] (INFO) Pinging watchdog timer process: Process is alive.
[2015/11/04 11:39:30.107] (INFO) Backed up all server logs.
[2015/11/04 11:39:30.107] (INFO) .evian ylbirret si emehcs otpyrc ym neht ,siht daer nac uoy fI
[2015/11/04 11:39:30.107] (INFO) User "kez1371" logged out due to inactivity (timeout=30 minutes).
[2015/11/04 11:39:30.107] (INFO) Alien monitor (aliend): Detected no space aliens.
[2015/11/04 11:39:30.107] (INFO) Flushed 43 buffers to disk.
[2015/11/04 11:39:30.107] (INFO) User "abx7452" logged out.
[2015/11/04 11:39:30.107] (INFO) Supervisor has entered RUNNING state.
[2015/11/04 11:39:30.107] (INFO) .evian ylbirret si emehcs otpyrc ym neht ,siht daer nac uoy fI
[2015/11/04 11:39:30.107] (INFO) Your mother called. She says you never call her.
[2015/11/04 11:39:30.107] (INFO) Sending SIGTERM to 3 excess workers.
[2015/11/04 11:39:30.107] (INFO) User "vgo4641" logged in from 172.16.95.17.
[2015/11/04 11:39:30.107] (INFO) Supervisor has entered RUNNING state.
[2015/11/04 11:39:30.107] (WARN) Backup server 192.168.184.13 is offline.
[2015/11/04 11:39:30.107] (ERROR) /dev/lp error: "PC LOAD LETTER"
[2015/11/04 11:39:30.107] (INFO) Device 0x849d is online.
[2015/11/04 11:39:30.107] (ERROR) Worker 7 died with SIGBUS. Restarting it.
[2015/11/04 11:39:30.107] (INFO) Network heartbeat check: All OK.
[2015/11/04 11:39:30.107] (INFO) Waiting for worker process (PID 57598) to die.
[2015/11/04 11:39:30.107] (INFO) Device 0x90a1 is online.
[2015/11/04 11:39:30.107] (INFO) Network heartbeat check: All OK.
[2015/11/04 11:39:30.107] (ERROR) Device 0x275d is offline
[2015/11/04 11:39:30.107] (INFO) Rolling 5 log file(s)...
[2015/11/04 11:39:30.107] (WARN) Master took 834 ms to respond (threshold=500 ms)
[2015/11/04 11:39:30.107] (INFO) Flushed 34 buffers to disk.
[2015/11/04 11:39:30.107] (INFO) Pinging watchdog timer process: Process is alive.
[2015/11/04 11:39:30.107] (INFO) User "fdx9219" logged out due to inactivity (timeout=30 minutes).
[2015/11/04 11:39:30.107] (INFO) Checkpointing off-heap server memory...
[2015/11/04 11:39:30.107] (WARN) Dropped 15,881 corrupt data packets.
[2015/11/04 11:39:30.107] (INFO) Supervisor has entered RUNNING state.
[2015/11/04 11:39:30.107] (WARN) CPU temperature exceeds 40º Celsius.
[2015/11/04 11:39:30.107] (INFO) Waiting for monitor process (PID 42305) to die.
[2015/11/04 11:39:30.107] (INFO) Sending SIGTERM to 4 excess workers.
[2015/11/04 11:39:30.107] (INFO) Sending SIGTERM to 3 excess workers.
[2015/11/04 11:39:30.107] (INFO) Device 0x0be3 is online.
[2015/11/04 11:39:30.107] (INFO) Sending SIGTERM to 3 excess workers.
[2015/11/04 11:39:30.107] (INFO) Pinging watchdog timer process: Process is alive.
[2015/11/04 11:39:30.107] (INFO) Backed up all server logs.
[2015/11/04 11:39:30.107] (INFO) Waiting for master process (PID 19400) to die.
[2015/11/04 11:39:30.107] (INFO) Flushed 83 buffers to disk.
[2015/11/04 11:39:30.107] (INFO) Pinging watchdog timer process: Process is alive.
[2015/11/04 11:39:30.107] (WARN) Network heartbeat check: 13 server(s) did not respond.
[2015/11/04 11:39:30.107] (INFO) Sending SIGTERM to 3 excess workers.
[2015/11/04 11:39:30.107] (INFO) Alien monitor (aliend): Detected no space aliens.
[2015/11/04 11:39:30.107] (INFO) Waiting for worker process (PID 8789) to die.
[2015/11/04 11:39:30.107] (ERROR) Failed to write checkpoint file "/var/checkpoint/VvuLX63989: No space left on device (ENOSPC)
[2015/11/04 11:39:30.107] (INFO) Backed up all server logs.
[2015/11/04 11:39:30.107] (INFO) .evian ylbirret si emehcs otpyrc ym neht ,siht daer nac uoy fI
[2015/11/04 11:39:30.107] (ERROR) EFOODFAIL (Waiter, there's a fly in my soup).
[2015/11/04 11:39:30.107] (INFO) .evian ylbirret si emehcs otpyrc ym neht ,siht daer nac uoy fI
[2015/11/04 11:39:30.107] (INFO) Pinging watchdog timer process: Process is alive.
[2015/11/04 11:39:30.107] (WARN) Watchdog timer crashed. Restarting it.
[2015/11/04 11:39:30.107] (INFO) Alien monitor (aliend): Detected no space aliens.
[2015/11/04 11:39:30.107] (INFO) Waiting for supervisor process (PID 59783) to die.
[2015/11/04 11:39:30.107] (INFO) Network heartbeat check: All OK.
[2015/11/04 11:39:30.107] (ERROR) User "ida1028" failed to log in 3 times. Disabling account.
[2015/11/04 11:39:30.107] (INFO) .evian ylbirret si emehcs otpyrc ym neht ,siht daer nac uoy fI
[2015/11/04 11:39:30.107] (INFO) Backed up all server logs.
[2015/11/04 11:39:30.107] (INFO) Backed up all server logs.
[2015/11/04 11:39:30.107] (INFO) Your mother called. She says you never call her.
[2015/11/04 11:39:30.107] (INFO) User "ozk8141" logged out.
[2015/11/04 11:39:30.107] (INFO) Pinging watchdog timer process: Process is alive.
[2015/11/04 11:39:30.107] (INFO) Waiting for worker process (PID 21017) to die.
[2015/11/04 11:39:30.107] (INFO) Pinging watchdog timer process: Process is alive.
[2015/11/04 11:39:30.107] (INFO) Checkpointing off-heap server memory...
[2015/11/04 11:39:30.107] (INFO) Network heartbeat check: All OK.
[2015/11/04 11:39:30.107] (INFO) Waiting for master process (PID 60873) to die.
[2015/11/04 11:39:30.107] (INFO) User "zyl9226" logged in from 10.177.139.5.
[2015/11/04 11:39:30.107] (INFO) User "bnf2351" logged in from 192.168.130.26.
[2015/11/04 11:39:30.107] (WARN) Space on disk /dev/sdf1 is low: Only 705 MB available.
[2015/11/04 11:39:30.107] (ERROR) Directory index of "/var/data" is forbidden.
[2015/11/04 11:39:30.107] (INFO) Supervisor has entered RUNNING state.
[2015/11/04 11:39:30.107] (INFO) Supervisor has entered WAITING state.
[2015/11/04 11:39:30.107] (INFO) User "gtj8996" logged out.
[2015/11/04 11:39:30.107] (INFO) Supervisor has entered RESTARTING state.
[2015/11/04 11:39:30.107] (INFO) Device 0x7102 is online.
[2015/11/04 11:39:30.107] (INFO) .evian ylbirret si emehcs otpyrc ym neht ,siht daer nac uoy fI
[2015/11/04 11:39:30.107] (INFO) Network heartbeat check: All OK.
[2015/11/04 11:39:30.107] (ERROR) "/var/data/lVoNU65362.csv": Permission denied (EACCES)
[2015/11/04 11:39:30.107] (INFO) Your mother called. She says you never call her.
[2015/11/04 11:39:30.107] (INFO) Checkpointing off-heap server memory...
[2015/11/04 11:39:30.607] (INFO) .evian ylbirret si emehcs otpyrc ym neht ,siht daer nac uoy fI
[2015/11/04 11:39:30.607] (INFO) User "bht4220" logged in from 192.168.131.79.
[2015/11/04 11:39:30.607] (INFO) Waiting for monitor process (PID 28467) to die.
[2015/11/04 11:39:30.607] (WARN) Backup server 172.16.166.243 is offline.
[2015/11/04 11:39:30.607] (INFO) User "xsn2360" logged out.
[2015/11/04 11:39:30.607] (INFO) User "lhj2820" logged out due to inactivity (timeout=30 minutes).
[2015/11/04 11:39:30.607] (INFO) Your mother called. She says you never call her.
[2015/11/04 11:39:30.607] (INFO) Supervisor has entered WAITING state.
[2015/11/04 11:39:30.607] (INFO) User "acd9758" logged in from 10.145.150.18.
[2015/11/04 11:39:30.607] (INFO) Device 0xd0fb is online.
[2015/11/04 11:39:30.607] (INFO) Sending SIGTERM to 2 excess workers.
[2015/11/04 11:39:30.607] (INFO) User "ruf1129" logged out.
[2015/11/04 11:39:30.607] (INFO) Your mother called. She says you never call her.
[2015/11/04 11:39:30.607] (INFO) Backed up all server logs.
[2015/11/04 11:39:30.607] (INFO) User "wlk4848" logged out due to inactivity (timeout=30 minutes).
[2015/11/04 11:39:30.607] (INFO) Backed up all server logs.
[2015/11/04 11:39:30.607] (INFO) Backed up all server logs.
[2015/11/04 11:39:30.607] (INFO) Alien monitor (aliend): Detected no space aliens.
[2015/11/04 11:39:30.607] (INFO) User "pyl7893" logged in from 10.177.77.178.
[2015/11/04 11:39:30.607] (INFO) Network heartbeat check: All OK.
[2015/11/04 11:39:30.607] (INFO) Device 0xfbe8 is online.
[2015/11/04 11:39:30.607] (INFO) Waiting for master process (PID 42110) to die.
[2015/11/04 11:39:30.607] (INFO) Flushed 96 buffers to disk.
[2015/11/04 11:39:30.607] (INFO) Waiting for master process (PID 35566) to die.
[2015/11/04 11:39:30.607] (INFO) Device 0xbc9f is online.
[2015/11/04 11:39:30.607] (INFO) Rolling 9 log file(s)...
[2015/11/04 11:39:30.607] (ERROR) /dev/lp error: "PC LOAD LETTER"
[2015/11/04 11:39:30.607] (INFO) User "ouc2849" logged out due to inactivity (timeout=30 minutes).
[2015/11/04 11:39:30.607] (INFO) Rolling 4 log file(s)...
[2015/11/04 11:39:30.607] (INFO) Your mother called. She says you never call her.
[2015/11/04 11:39:30.607] (INFO) Supervisor has entered RESTARTING state.
[2015/11/04 11:39:30.607] (INFO) Device 0x49ea is online.
[2015/11/04 11:39:30.607] (INFO) Network heartbeat check: All OK.
[2015/11/04 11:39:30.607] (INFO) Network heartbeat check: All OK.
[2015/11/04 11:39:30.607] (INFO) Sending SIGTERM to 4 excess workers.
[2015/11/04 11:39:30.607] (WARN) CPU temperature exceeds 40º Celsius.
[2015/11/04 11:39:30.607] (INFO) Backed up all server logs.
[2015/11/04 11:39:30.607] (INFO) Alien monitor (aliend): Detected no space aliens.
[2015/11/04 11:39:30.607] (INFO) Waiting for monitor process (PID 49198) to die.
[2015/11/04 11:39:30.607] (INFO) Checkpointing off-heap server memory...
[2015/11/04 11:39:30.607] (INFO) User "fav4892" logged out.
[2015/11/04 11:39:30.607] (WARN) Backup server 10.205.234.11 is offline.
[2015/11/04 11:39:30.607] (INFO) User "ycr3992" logged out due to inactivity (timeout=30 minutes).
[2015/11/04 11:39:30.607] (WARN) Network heartbeat check: 14 server(s) did not respond.
[2015/11/04 11:39:30.607] (INFO) Alien monitor (aliend): Detected no space aliens.
[2015/11/04 11:39:30.607] (INFO) User "pym1712" logged out.
[2015/11/04 11:39:30.607] (INFO) Rolling 9 log file(s)...
[2015/11/04 11:39:30.607] (ERROR) Detected incoming DDoS from 172.16.210.44.
[2015/11/04 11:39:30.607] (INFO) Device 0x456e is online.
[2015/11/04 11:39:30.607] (INFO) Checkpointing off-heap server memory...
[2015/11/04 11:39:30.607] (INFO) User "ynt8947" logged out due to inactivity (timeout=30 minutes).
[2015/11/04 11:39:30.607] (INFO) .evian ylbirret si emehcs otpyrc ym neht ,siht daer nac uoy fI
[2015/11/04 11:39:30.607] (INFO) User "gso6062" logged in from 172.16.248.19.
[2015/11/04 11:39:30.607] (INFO) Backed up all server logs.
[2015/11/04 11:39:30.607] (INFO) Pinging watchdog timer process: Process is alive.
[2015/11/04 11:39:30.607] (INFO) User "ecv8049" logged out.
[2015/11/04 11:39:30.607] (INFO) Your mother called. She says you never call her.
[2015/11/04 11:39:30.607] (INFO) Waiting for monitor process (PID 1568) to die.
[2015/11/04 11:39:30.607] (INFO) User "jfx6730" logged out due to inactivity (timeout=30 minutes).
[2015/11/04 11:39:30.607] (WARN) Possible cyber-attack from Antarctica.
[2015/11/04 11:39:30.607] (INFO) .evian ylbirret si emehcs otpyrc ym neht ,siht daer nac uoy fI
[2015/11/04 11:39:30.607] (INFO) Your mother called. She says you never call her.
[2015/11/04 11:39:30.607] (INFO) User "uxn2823" logged in from 10.150.250.73.
[2015/11/04 11:39:30.607] (INFO) Device 0x1a99 is online.
[2015/11/04 11:39:30.607] (WARN) Network heartbeat check: 12 server(s) did not respond.
[2015/11/04 11:39:30.607] (INFO) Sending SIGTERM to 2 excess workers.
[2015/11/04 11:39:30.607] (WARN) Watchdog timer crashed. Restarting it.
[2015/11/04 11:39:30.607] (INFO) Supervisor has entered SUSPENDED state.
[2015/11/04 11:39:30.607] (WARN) Master took 530 ms to respond (threshold=500 ms)
[2015/11/04 11:39:30.607] (INFO) Pinging watchdog timer process: Process is alive.
[2015/11/04 11:39:30.607] (INFO) Rolling 5 log file(s)...
[2015/11/04 11:39:30.607] (INFO) Checkpointing off-heap server memory...
[2015/11/04 11:39:30.607] (ERROR) EFOODFAIL (Waiter, there's a fly in my soup).
[2015/11/04 11:39:30.607] (INFO) Backed up all server logs.
[2015/11/04 11:39:30.607] (INFO) Checkpointing off-heap server memory...
[2015/11/04 11:39:30.607] (ERROR) Network heartbeat check FAILED: Master host down?
[2015/11/04 11:39:30.607] (INFO) Pinging watchdog timer process: Process is alive.
[2015/11/04 11:39:30.607] (INFO) Rolling 5 log file(s)...
[2015/11/04 11:39:30.607] (INFO) Network heartbeat check: All OK.
[2015/11/04 11:39:30.607] (INFO) Network heartbeat check: All OK.
[2015/11/04 11:39:30.607] (ERROR) Detected incoming DDoS from 192.168.236.123.
[2015/11/04 11:39:30.607] (INFO) User "kpd9742" logged in from 172.16.118.194.
[2015/11/04 11:39:30.607] (INFO) User "lzq1974" logged in from 10.61.111.92.
[2015/11/04 11:39:30.607] (INFO) User "exx6161" logged in from 192.168.204.39.
[2015/11/04 11:39:30.607] (INFO) Checkpointing off-heap server memory...
[2015/11/04 11:39:30.607] (INFO) Supervisor has entered SUSPENDED state.
[2015/11/04 11:39:30.607] (INFO) Checked file systems for errors: All filesystems OK.
[2015/11/04 11:39:30.607] (INFO) Flushed 45 buffers to disk.
[2015/11/04 11:39:30.607] (INFO) User "tyi4942" logged in from 10.51.116.42.
[2015/11/04 11:39:30.607] (INFO) Pinging watchdog timer process: Process is alive.
[2015/11/04 11:39:30.607] (INFO) Flushed 97 buffers to disk.
[2015/11/04 11:39:30.607] (INFO) Network heartbeat check: All OK.
[2015/11/04 11:39:30.607] (INFO) User "xty9768" logged in from 10.71.1.92.
[2015/11/04 11:39:30.607] (INFO) User "jhv6259" logged in from 172.16.123.117.
[2015/11/04 11:39:30.607] (INFO) Checked file systems for errors: All filesystems OK.
[2015/11/04 11:39:30.607] (INFO) User "ief4089" logged in from 172.16.231.251.
[2015/11/04 11:39:30.607] (WARN) Retrying server log checkpoint.
[2015/11/04 11:39:30.607] (INFO) Backed up all server logs.
[2015/11/04 11:39:30.607] (WARN) Dropped 4,422 corrupt data packets.
[2015/11/04 11:39:30.607] (INFO) Device 0xc959 is online.
[2015/11/04 11:39:31.107] (INFO) Flushed 44 buffers to disk.
[2015/11/04 11:39:31.107] (INFO) .evian ylbirret si emehcs otpyrc ym neht ,siht daer nac uoy fI
[2015/11/04 11:39:31.107] (INFO) Rolling 5 log file(s)...
[2015/11/04 11:39:31.107] (INFO) Network heartbeat check: All OK.
[2015/11/04 11:39:31.107] (WARN) There is no such thing as a free lunch.
[2015/11/04 11:39:31.107] (INFO) User "hcv7629" logged out due to inactivity (timeout=30 minutes).
[2015/11/04 11:39:31.107] (INFO) .evian ylbirret si emehcs otpyrc ym neht ,siht daer nac uoy fI
[2015/11/04 11:39:31.107] (INFO) Checked file systems for errors: All filesystems OK.
[2015/11/04 11:39:31.107] (WARN) Possible cyber-attack from Russia.
[2015/11/04 11:39:31.107] (INFO) Checkpointing off-heap server memory...
[2015/11/04 11:39:31.107] (ERROR) Failed to open "/mnt/fileserver02/pBmgs79227.xml": NFS timeout.
[2015/11/04 11:39:31.107] (INFO) Backed up all server logs.
[2015/11/04 11:39:31.107] (INFO) .evian ylbirret si emehcs otpyrc ym neht ,siht daer nac uoy fI
[2015/11/04 11:39:31.107] (WARN) Unable to ping monitor at 10.138.202.127. Retrying.
[2015/11/04 11:39:31.107] (INFO) User "hnw5728" logged out due to inactivity (timeout=30 minutes).
[2015/11/04 11:39:31.107] (INFO) Alien monitor (aliend): Detected no space aliens.
[2015/11/04 11:39:31.107] (INFO) .evian ylbirret si emehcs otpyrc ym neht ,siht daer nac uoy fI
[2015/11/04 11:39:31.107] (INFO) Alien monitor (aliend): Detected no space aliens.
[2015/11/04 11:39:31.107] (WARN) Unable to ping master at 172.16.35.75. Retrying.
[2015/11/04 11:39:31.107] (ERROR) Blocked FTP traffic originating from 10.164.250.125.
[2015/11/04 11:39:31.107] (INFO) Backed up all server logs.
[2015/11/04 11:39:31.107] (ERROR) Connection to 172.16.150.73 terminated unexpectedly. Reconnecting.
[2015/11/04 11:39:31.107] (INFO) Waiting for master process (PID 26965) to die.
[2015/11/04 11:39:31.107] (INFO) User "wyy1090" logged out.
[2015/11/04 11:39:31.107] (INFO) Flushed 94 buffers to disk.
[2015/11/04 11:39:31.107] (INFO) User "azn9501" logged in from 192.168.10.219.
[2015/11/04 11:39:31.107] (WARN) Dropped 3,193 corrupt data packets.
[2015/11/04 11:39:31.107] (WARN) CPU temperature exceeds 40º Celsius.
[2015/11/04 11:39:31.107] (INFO) Network heartbeat check: All OK.
[2015/11/04 11:39:31.107] (ERROR) Detected clock skew! Restarting NTP server.
[2015/11/04 11:39:31.107] (INFO) User "zst3464" logged in from 172.16.177.66.
[2015/11/04 11:39:31.107] (INFO) Flushed 59 buffers to disk.
[2015/11/04 11:39:31.107] (INFO) Network heartbeat check: All OK.
[2015/11/04 11:39:31.107] (ERROR) Blocked FTP traffic originating from 192.168.148.25.
[2015/11/04 11:39:31.107] (INFO) Pinging watchdog timer process: Process is alive.
[2015/11/04 11:39:31.107] (INFO) .evian ylbirret si emehcs otpyrc ym neht ,siht daer nac uoy fI
[2015/11/04 11:39:31.107] (WARN) There is no such thing as a free lunch.
[2015/11/04 11:39:31.107] (INFO) User "qxh2261" logged out.
[2015/11/04 11:39:31.107] (INFO) Backed up all server logs.
[2015/11/04 11:39:31.107] (INFO) User "eyf5434" logged out due to inactivity (timeout=30 minutes).
[2015/11/04 11:39:31.107] (INFO) User "aej7142" logged in from 172.16.33.55.
[2015/11/04 11:39:31.107] (INFO) User "wuw4748" logged in from 172.16.228.108.
[2015/11/04 11:39:31.107] (INFO) Device 0x4f72 is online.
[2015/11/04 11:39:31.107] (INFO) Sending SIGTERM to 2 excess workers.
[2015/11/04 11:39:31.107] (WARN) Watchdog timer crashed. Restarting it.
[2015/11/04 11:39:31.107] (INFO) Flushed 25 buffers to disk.
[2015/11/04 11:39:31.107] (WARN) Retrying server log checkpoint.
[2015/11/04 11:39:31.107] (WARN) Watchdog timer crashed. Restarting it.
[2015/11/04 11:39:31.107] (ERROR) "/var/data/vPOxr50928.txt": Permission denied (EACCES)
[2015/11/04 11:39:31.107] (INFO) Checked file systems for errors: All filesystems OK.
[2015/11/04 11:39:31.107] (INFO) Network heartbeat check: All OK.
[2015/11/04 11:39:31.107] (INFO) Checkpointing off-heap server memory...
[2015/11/04 11:39:31.107] (INFO) User "ukv1824" logged out.
[2015/11/04 11:39:31.107] (WARN) Retrying server log checkpoint.
[2015/11/04 11:39:31.107] (INFO) Flushed 76 buffers to disk.
[2015/11/04 11:39:31.107] (ERROR) Directory index of "/var/data" is forbidden.
[2015/11/04 11:39:31.107] (INFO) Flushed 70 buffers to disk.
[2015/11/04 11:39:31.107] (WARN) Backup server 192.168.9.80 is offline.
[2015/11/04 11:39:31.107] (INFO) Supervisor has entered RUNNING state.
[2015/11/04 11:39:31.107] (WARN) Unable to ping monitor at 172.16.110.208. Retrying.
[2015/11/04 11:39:31.107] (ERROR) Unable to authenticate user "ohq6753": LDAP server isn't responding.
[2015/11/04 11:39:31.107] (INFO) User "urw9447" logged out.
[2015/11/04 11:39:31.107] (INFO) User "osf7604" logged in from 192.168.203.183.
[2015/11/04 11:39:31.107] (INFO) Checkpointing off-heap server memory...
[2015/11/04 11:39:31.107] (INFO) Flushed 35 buffers to disk.
[2015/11/04 11:39:31.107] (INFO) Checked file systems for errors: All filesystems OK.
[2015/11/04 11:39:31.107] (INFO) Flushed 88 buffers to disk.
[2015/11/04 11:39:31.107] (INFO) User "lbu1488" logged in from 10.205.164.140.
[2015/11/04 11:39:31.107] (INFO) Your mother called. She says you never call her.
[2015/11/04 11:39:31.107] (WARN) Dropped 16,824 corrupt data packets.
[2015/11/04 11:39:31.107] (INFO) Flushed 31 buffers to disk.
[2015/11/04 11:39:31.107] (INFO) Sending SIGTERM to 3 excess workers.
[2015/11/04 11:39:31.107] (INFO) Device 0xb36c is online.
[2015/11/04 11:39:31.107] (INFO) Checkpointing off-heap server memory...
[2015/11/04 11:39:31.107] (INFO) Rolling 8 log file(s)...
[2015/11/04 11:39:31.107] (INFO) .evian ylbirret si emehcs otpyrc ym neht ,siht daer nac uoy fI
[2015/11/04 11:39:31.107] (INFO) Checked file systems for errors: All filesystems OK.
[2015/11/04 11:39:31.107] (ERROR) Worker 7 died with SIGQUIT. Restarting it.
[2015/11/04 11:39:31.107] (INFO) User "kon9612" logged in from 192.168.44.74.
[2015/11/04 11:39:31.107] (INFO) .evian ylbirret si emehcs otpyrc ym neht ,siht daer nac uoy fI
[2015/11/04 11:39:31.107] (INFO) Waiting for supervisor process (PID 57575) to die.
[2015/11/04 11:39:31.107] (INFO) Rolling 9 log file(s)...
[2015/11/04 11:39:31.107] (INFO) User "uzh8568" logged out.
[2015/11/04 11:39:31.107] (ERROR) /dev/lp error: "PC LOAD LETTER"
[2015/11/04 11:39:31.107] (INFO) Checkpointing off-heap server memory...
[2015/11/04 11:39:31.107] (INFO) User "gqt5618" logged out.
[2015/11/04 11:39:31.107] (INFO) Your mother called. She says you never call her.
[2015/11/04 11:39:31.107] (INFO) Alien monitor (aliend): Detected no space aliens.
[2015/11/04 11:39:31.107] (ERROR) Blocked nmap traffic originating from 10.146.45.57.
[2015/11/04 11:39:31.107] (WARN) CPU temperature exceeds 40º Celsius.
[2015/11/04 11:39:31.107] (INFO) Supervisor has entered RUNNING state.
[2015/11/04 11:39:31.107] (INFO) Checkpointing off-heap server memory...
[2015/11/04 11:39:31.107] (INFO) Waiting for monitor process (PID 57838) to die.
[2015/11/04 11:39:31.107] (INFO) Waiting for supervisor process (PID 64570) to die.
[2015/11/04 11:39:31.107] (WARN) Network heartbeat check: 16 server(s) did not respond.
[2015/11/04 11:39:31.107] (INFO) Checkpointing off-heap server memory...
[2015/11/04 11:39:31.107] (INFO) Network heartbeat check: All OK.
[2015/11/04 11:39:31.107] (ERROR) Unable to mount /dev/sdb3. (Time to run fsck?)
[2015/11/04 11:39:31.107] (INFO) Flushed 91 buffers to disk.
[2015/11/04 11:39:31.107] (INFO) User "tlh6193" logged in from 192.168.181.134.
[2015/11/04 11:39:31.607] (INFO) Supervisor has entered SUSPENDED state.
[2015/11/04 11:39:31.607] (INFO) Checked file systems for errors: All filesystems OK.
[2015/11/04 11:39:31.607] (WARN) Master took 511 ms to respond (threshold=500 ms)
[2015/11/04 11:39:31.607] (INFO) Rolling 5 log file(s)...
[2015/11/04 11:39:31.607] (ERROR) Detected clock skew! Restarting NTP server.
[2015/11/04 11:39:31.607] (INFO) Waiting for master process (PID 28488) to die.
[2015/11/04 11:39:31.607] (INFO) Alien monitor (aliend): Detected no space aliens.
[2015/11/04 11:39:31.607] (INFO) Backed up all server logs.
[2015/11/04 11:39:31.607] (INFO) User "ueg2286" logged in from 172.16.26.251.
[2015/11/04 11:39:31.607] (INFO) Network heartbeat check: All OK.
[2015/11/04 11:39:31.607] (INFO) User "nuo9021" logged out due to inactivity (timeout=30 minutes).
[2015/11/04 11:39:31.607] (INFO) Supervisor has entered WAITING state.
[2015/11/04 11:39:31.607] (INFO) Device 0xffd4 is online.
[2015/11/04 11:39:31.607] (INFO) User "end1649" logged in from 10.58.120.212.
[2015/11/04 11:39:31.607] (WARN) CPU temperature exceeds 40º Celsius.
[2015/11/04 11:39:31.607] (INFO) Supervisor has entered SUSPENDED state.
[2015/11/04 11:39:31.607] (INFO) Device 0x7e26 is online.
[2015/11/04 11:39:31.607] (INFO) .evian ylbirret si emehcs otpyrc ym neht ,siht daer nac uoy fI
[2015/11/04 11:39:31.607] (INFO) Checkpointing off-heap server memory...
[2015/11/04 11:39:31.607] (INFO) Pinging watchdog timer process: Process is alive.
[2015/11/04 11:39:31.607] (INFO) User "gdh9279" logged out.
[2015/11/04 11:39:31.607] (INFO) User "gry8870" logged out.
[2015/11/04 11:39:31.607] (ERROR) Directory index of "/var/data" is forbidden.
[2015/11/04 11:39:31.607] (INFO) User "ade7253" logged out due to inactivity (timeout=30 minutes).
[2015/11/04 11:39:31.607] (INFO) Waiting for master process (PID 43817) to die.
[2015/11/04 11:39:31.607] (WARN) Ignoring SIGTERM. It's not that easy to get rid of me.
[2015/11/04 11:39:31.607] (INFO) Flushed 80 buffers to disk.
[2015/11/04 11:39:31.607] (INFO) Device 0x86a8 is online.
[2015/11/04 11:39:31.607] (ERROR) Failed to open "/mnt/fileserver02/oyKiZ60745.xslx": NFS timeout.
[2015/11/04 11:39:31.607] (INFO) Pinging watchdog timer process: Process is alive.
[2015/11/04 11:39:31.607] (INFO) Pinging watchdog timer process: Process is alive.
[2015/11/04 11:39:31.607] (INFO) Rolling 5 log file(s)...
[2015/11/04 11:39:31.607] (INFO) Your mother called. She says you never call her.
[2015/11/04 11:39:31.607] (INFO) Device 0x04d8 is online.
[2015/11/04 11:39:31.607] (INFO) .evian ylbirret si emehcs otpyrc ym neht ,siht daer nac uoy fI
[2015/11/04 11:39:31.607] (INFO) Sending SIGTERM to 2 excess workers.
[2015/11/04 11:39:31.607] (INFO) User "wji3023" logged out due to inactivity (timeout=30 minutes).
[2015/11/04 11:39:31.607] (INFO) Network heartbeat check: All OK.
[2015/11/04 11:39:31.607] (INFO) Checked file systems for errors: All filesystems OK.
[2015/11/04 11:39:31.607] (INFO) Device 0x37d5 is online.
[2015/11/04 11:39:31.607] (INFO) Checked file systems for errors: All filesystems OK.
[2015/11/04 11:39:31.607] (INFO) Your mother called. She says you never call her.
[2015/11/04 11:39:31.607] (INFO) User "pcf2873" logged in from 192.168.103.180.
[2015/11/04 11:39:31.607] (INFO) Your mother called. She says you never call her.
[2015/11/04 11:39:31.607] (INFO) Device 0x7a22 is online.
[2015/11/04 11:39:31.607] (INFO) Pinging watchdog timer process: Process is alive.
[2015/11/04 11:39:31.607] (WARN) CPU temperature exceeds 40º Celsius.
[2015/11/04 11:39:31.607] (ERROR) One of the flayrods has gone out askew on treadle.
[2015/11/04 11:39:31.607] (ERROR) Unable to mount /dev/sdd1. (Time to run fsck?)
[2015/11/04 11:39:31.607] (INFO) Your mother called. She says you never call her.
[2015/11/04 11:39:31.607] (INFO) Flushed 39 buffers to disk.
[2015/11/04 11:39:31.607] (INFO) Pinging watchdog timer process: Process is alive.
[2015/11/04 11:39:31.607] (INFO) Flushed 55 buffers to disk.
[2015/11/04 11:39:31.607] (INFO) Supervisor has entered RUNNING state.
[2015/11/04 11:39:31.607] (INFO) Supervisor has entered RESTARTING state.
[2015/11/04 11:39:31.607] (INFO) Sending SIGTERM to 2 excess workers.
[2015/11/04 11:39:31.607] (INFO) .evian ylbirret si emehcs otpyrc ym neht ,siht daer nac uoy fI
[2015/11/04 11:39:31.607] (WARN) Master took 921 ms to respond (threshold=500 ms)
[2015/11/04 11:39:31.607] (INFO) Network heartbeat check: All OK.
[2015/11/04 11:39:31.607] (INFO) Sending SIGTERM to 2 excess workers.
[2015/11/04 11:39:31.607] (INFO) User "hvt6196" logged in from 10.228.166.33.
[2015/11/04 11:39:31.607] (ERROR) Device 0x8cce is offline
[2015/11/04 11:39:31.607] (INFO) Your mother called. She says you never call her.
[2015/11/04 11:39:31.607] (ERROR) Worker 4 died with SIGHUP. Restarting it.
[2015/11/04 11:39:31.607] (INFO) Network heartbeat check: All OK.
[2015/11/04 11:39:31.607] (INFO) Supervisor has entered WAITING state.
[2015/11/04 11:39:31.607] (INFO) Checked file systems for errors: All filesystems OK.
[2015/11/04 11:39:31.607] (INFO) .evian ylbirret si emehcs otpyrc ym neht ,siht daer nac uoy fI
[2015/11/04 11:39:31.607] (ERROR) Server log backup FAILED. See backup logs.
[2015/11/04 11:39:31.607] (INFO) Checked file systems for errors: All filesystems OK.
[2015/11/04 11:39:31.607] (INFO) Supervisor has entered SUSPENDED state.
[2015/11/04 11:39:31.607] (INFO) Network heartbeat check: All OK.
[2015/11/04 11:39:31.607] (INFO) Rolling 5 log file(s)...
[2015/11/04 11:39:31.607] (INFO) Network heartbeat check: All OK.
[2015/11/04 11:39:31.607] (INFO) Supervisor has entered RUNNING state.
[2015/11/04 11:39:31.607] (INFO) Alien monitor (aliend): Detected no space aliens.
[2015/11/04 11:39:31.607] (INFO) Device 0xf081 is online.
[2015/11/04 11:39:31.607] (WARN) Dropped 18,770 corrupt data packets.
[2015/11/04 11:39:31.607] (WARN) Watchdog timer crashed. Restarting it.
[2015/11/04 11:39:31.607] (INFO) User "xgy1922" logged out due to inactivity (timeout=30 minutes).
[2015/11/04 11:39:31.607] (WARN) Network heartbeat check: 17 server(s) did not respond.
[2015/11/04 11:39:31.607] (INFO) User "lfy3577" logged in from 172.16.75.23.
[2015/11/04 11:39:31.607] (ERROR) /dev/lp error: "PC LOAD LETTER"
[2015/11/04 11:39:31.607] (INFO) Rolling 1 log file(s)...
[2015/11/04 11:39:31.607] (INFO) User "fay5199" logged out due to inactivity (timeout=30 minutes).
[2015/11/04 11:39:31.607] (INFO) Sending SIGTERM to 2 excess workers.
[2015/11/04 11:39:31.607] (INFO) Supervisor has entered RUNNING state.
[2015/11/04 11:39:31.607] (WARN) Retrying server log checkpoint.
[2015/11/04 11:39:31.607] (INFO) Your mother called. She says you never call her.
[2015/11/04 11:39:31.607] (INFO) Sending SIGTERM to 4 excess workers.
[2015/11/04 11:39:31.607] (ERROR) Extra characters at end of line.
[2015/11/04 11:39:31.607] (ERROR) Connection to 192.168.99.108 terminated unexpectedly. Reconnecting.
[2015/11/04 11:39:31.607] (INFO) .evian ylbirret si emehcs otpyrc ym neht ,siht daer nac uoy fI
[2015/11/04 11:39:31.607] (INFO) Pinging watchdog timer process: Process is alive.
[2015/11/04 11:39:31.607] (INFO) Your mother called. She says you never call her.
[2015/11/04 11:39:31.607] (ERROR) Worker 6 died with SIGSEGV. Restarting it.
[2015/11/04 11:39:31.607] (INFO) Network heartbeat check: All OK.
[2015/11/04 11:39:31.607] (INFO) Network heartbeat check: All OK.
[2015/11/04 11:39:31.607] (INFO) Sending SIGTERM to 3 excess workers.
[2015/11/04 11:39:31.607] (INFO) User "svv1285" logged out due to inactivity (timeout=30 minutes).
[2015/11/04 11:39:32.107] (WARN) Possible cyber-attack from Nebraska.
[2015/11/04 11:39:32.107] (INFO) User "ekx5148" logged out due to inactivity (timeout=30 minutes).
[2015/11/04 11:39:32.107] (INFO) Sending SIGTERM to 2 excess workers.
[2015/11/04 11:39:32.107] (ERROR) Unable to write to "/var/data/wbQZx54593.parquet": Permission denied (EACCES)
[2015/11/04 11:39:32.107] (INFO) Rolling 2 log file(s)...
[2015/11/04 11:39:32.107] (INFO) .evian ylbirret si emehcs otpyrc ym neht ,siht daer nac uoy fI
[2015/11/04 11:39:32.107] (INFO) Checked file systems for errors: All filesystems OK.
[2015/11/04 11:39:32.107] (INFO) Supervisor has entered RESTARTING state.
[2015/11/04 11:39:32.107] (INFO) User "xym7362" logged out.
[2015/11/04 11:39:32.107] (INFO) Supervisor has entered WAITING state.
[2015/11/04 11:39:32.107] (INFO) Backed up all server logs.
[2015/11/04 11:39:32.107] (WARN) Watchdog timer crashed. Restarting it.
[2015/11/04 11:39:32.107] (INFO) Waiting for monitor process (PID 21615) to die.
[2015/11/04 11:39:32.107] (INFO) Alien monitor (aliend): Detected no space aliens.
[2015/11/04 11:39:32.107] (INFO) Device 0x1528 is online.
[2015/11/04 11:39:32.107] (INFO) Backed up all server logs.
[2015/11/04 11:39:32.107] (INFO) Checked file systems for errors: All filesystems OK.
[2015/11/04 11:39:32.107] (INFO) Flushed 64 buffers to disk.
[2015/11/04 11:39:32.107] (INFO) Supervisor has entered WAITING state.
[2015/11/04 11:39:32.107] (INFO) Your mother called. She says you never call her.
[2015/11/04 11:39:32.107] (ERROR) Blocked nmap traffic originating from 10.219.150.183.
[2015/11/04 11:39:32.107] (ERROR) Failed to open "/mnt/fileserver02/YgHpA96726.txt": NFS timeout.
[2015/11/04 11:39:32.107] (WARN) Retrying server log checkpoint.
[2015/11/04 11:39:32.107] (INFO) User "jvn2379" logged in from 172.16.179.168.
[2015/11/04 11:39:32.107] (ERROR) Server log backup FAILED. See backup logs.
[2015/11/04 11:39:32.107] (INFO) Flushed 72 buffers to disk.
[2015/11/04 11:39:32.107] (INFO) Device 0xde86 is online.
[2015/11/04 11:39:32.107] (INFO) Device 0xe6a6 is online.
[2015/11/04 11:39:32.107] (INFO) Rolling 5 log file(s)...
[2015/11/04 11:39:32.107] (INFO) .evian ylbirret si emehcs otpyrc ym neht ,siht daer nac uoy fI
[2015/11/04 11:39:32.107] (INFO) Flushed 86 buffers to disk.
[2015/11/04 11:39:32.107] (INFO) Pinging watchdog timer process: Process is alive.
[2015/11/04 11:39:32.107] (INFO) User "qea8278" logged out.
[2015/11/04 11:39:32.107] (INFO) Checkpointing off-heap server memory...
[2015/11/04 11:39:32.107] (INFO) Flushed 58 buffers to disk.
[2015/11/04 11:39:32.107] (WARN) Dropped 16,662 corrupt data packets.
[2015/11/04 11:39:32.107] (INFO) Pinging watchdog timer process: Process is alive.
[2015/11/04 11:39:32.107] (INFO) Network heartbeat check: All OK.
[2015/11/04 11:39:32.107] (INFO) Checked file systems for errors: All filesystems OK.
[2015/11/04 11:39:32.107] (INFO) Backed up all server logs.
[2015/11/04 11:39:32.107] (ERROR) Extra characters at end of line.
[2015/11/04 11:39:32.107] (INFO) Your mother called. She says you never call her.
[2015/11/04 11:39:32.107] (WARN) Network heartbeat check: 14 server(s) did not respond.
[2015/11/04 11:39:32.107] (INFO) Rolling 3 log file(s)...
[2015/11/04 11:39:32.107] (INFO) User "gsu7400" logged out.
[2015/11/04 11:39:32.107] (INFO) User "yut6967" logged out due to inactivity (timeout=30 minutes).
[2015/11/04 11:39:32.107] (INFO) Waiting for worker process (PID 32952) to die.
[2015/11/04 11:39:32.107] (INFO) Supervisor has entered SUSPENDED state.
[2015/11/04 11:39:32.107] (INFO) Rolling 3 log file(s)...
[2015/11/04 11:39:32.107] (WARN) Backup server 10.207.99.138 is offline.
[2015/11/04 11:39:32.107] (INFO) Pinging watchdog timer process: Process is alive.
[2015/11/04 11:39:32.107] (INFO) Pinging watchdog timer process: Process is alive.
[2015/11/04 11:39:32.107] (WARN) There is no such thing as a free lunch.
[2015/11/04 11:39:32.107] (INFO) User "gvy5861" logged out.
[2015/11/04 11:39:32.107] (INFO) Network heartbeat check: All OK.
[2015/11/04 11:39:32.107] (INFO) Supervisor has entered SUSPENDED state.
[2015/11/04 11:39:32.107] (INFO) Your mother called. She says you never call her.
[2015/11/04 11:39:32.107] (INFO) Checked file systems for errors: All filesystems OK.
[2015/11/04 11:39:32.107] (INFO) User "kof4623" logged out due to inactivity (timeout=30 minutes).
[2015/11/04 11:39:32.107] (INFO) User "lut2910" logged out.
[2015/11/04 11:39:32.107] (WARN) Network heartbeat check: 14 server(s) did not respond.
[2015/11/04 11:39:32.107] (INFO) Supervisor has entered RUNNING state.
[2015/11/04 11:39:32.107] (INFO) Network heartbeat check: All OK.
[2015/11/04 11:39:32.107] (WARN) Retrying server log checkpoint.
[2015/11/04 11:39:32.107] (ERROR) Unable to write to "/var/data/lUsAO93724.parquet": Permission denied (EACCES)
[2015/11/04 11:39:32.107] (INFO) User "bqq2026" logged out.
[2015/11/04 11:39:32.107] (INFO) Supervisor has entered SUSPENDED state.
[2015/11/04 11:39:32.107] (ERROR) Blocked FTP traffic originating from 192.168.189.14.
[2015/11/04 11:39:32.107] (ERROR) User "frn7654" failed to log in 3 times. Disabling account.
[2015/11/04 11:39:32.107] (INFO) Supervisor has entered WAITING state.
[2015/11/04 11:39:32.107] (ERROR) Blocked BitTorrent traffic originating from 192.168.71.120.
[2015/11/04 11:39:32.107] (INFO) Rolling 8 log file(s)...
[2015/11/04 11:39:32.107] (INFO) Network heartbeat check: All OK.
[2015/11/04 11:39:32.107] (INFO) Your mother called. She says you never call her.
[2015/11/04 11:39:32.107] (INFO) Backed up all server logs.
[2015/11/04 11:39:32.107] (ERROR) Unable to write to "/var/data/FxmXr71017.txt": Permission denied (EACCES)
[2015/11/04 11:39:32.107] (INFO) Waiting for monitor process (PID 15780) to die.
[2015/11/04 11:39:32.107] (WARN) Dropped 15,703 corrupt data packets.
[2015/11/04 11:39:32.107] (INFO) Network heartbeat check: All OK.
[2015/11/04 11:39:32.107] (INFO) Rolling 2 log file(s)...
[2015/11/04 11:39:32.107] (INFO) Pinging watchdog timer process: Process is alive.
[2015/11/04 11:39:32.107] (INFO) Alien monitor (aliend): Detected no space aliens.
[2015/11/04 11:39:32.107] (INFO) Checkpointing off-heap server memory...
[2015/11/04 11:39:32.107] (INFO) Pinging watchdog timer process: Process is alive.
[2015/11/04 11:39:32.107] (INFO) Device 0xfc27 is online.
[2015/11/04 11:39:32.107] (INFO) Rolling 4 log file(s)...
[2015/11/04 11:39:32.107] (INFO) .evian ylbirret si emehcs otpyrc ym neht ,siht daer nac uoy fI
[2015/11/04 11:39:32.107] (INFO) Waiting for monitor process (PID 49660) to die.
[2015/11/04 11:39:32.107] (INFO) Pinging watchdog timer process: Process is alive.
[2015/11/04 11:39:32.107] (INFO) Flushed 78 buffers to disk.
[2015/11/04 11:39:32.107] (INFO) User "opl8308" logged out.
[2015/11/04 11:39:32.107] (INFO) Waiting for worker process (PID 14352) to die.
[2015/11/04 11:39:32.107] (INFO) User "blo7833" logged out due to inactivity (timeout=30 minutes).
[2015/11/04 11:39:32.107] (WARN) Dropped 18,348 corrupt data packets.
[2015/11/04 11:39:32.107] (INFO) Checked file systems for errors: All filesystems OK.
[2015/11/04 11:39:32.107] (INFO) Checkpointing off-heap server memory...
[2015/11/04 11:39:32.107] (INFO) User "oxt8108" logged out.
[2015/11/04 11:39:32.107] (WARN) Watchdog timer crashed. Restarting it.
[2015/11/04 11:39:32.107] (WARN) Space on disk /dev/sdb3 is low: Only 735 MB available.
[2015/11/04 11:39:32.107] (INFO) Sending SIGTERM to 4 excess workers.
[2015/11/04 11:39:32.607] (INFO) User "jvz5644" logged out.
[2015/11/04 11:39:32.607] (INFO) Flushed 58 buffers to disk.
[2015/11/04 11:39:32.607] (INFO) User "djq5164" logged out.
[2015/11/04 11:39:32.607] (INFO) Rolling 6 log file(s)...
[2015/11/04 11:39:32.607] (INFO) Waiting for monitor process (PID 45142) to die.
[2015/11/04 11:39:32.607] (WARN) Possible cyber-attack from Canada.
[2015/11/04 11:39:32.607] (WARN) Network heartbeat check: 3 server(s) did not respond.
[2015/11/04 11:39:32.607] (INFO) Device 0xa9b3 is online.
[2015/11/04 11:39:32.607] (INFO) User "qhk9203" logged in from 10.172.249.42.
[2015/11/04 11:39:32.607] (INFO) User "bqc3178" logged in from 192.168.171.172.
[2015/11/04 11:39:32.607] (INFO) Checked file systems for errors: All filesystems OK.
[2015/11/04 11:39:32.607] (ERROR) Detected incoming DDoS from 10.34.194.148.
[2015/11/04 11:39:32.607] (INFO) Network heartbeat check: All OK.
[2015/11/04 11:39:32.607] (INFO) Rolling 1 log file(s)...
[2015/11/04 11:39:32.607] (INFO) Waiting for worker process (PID 62157) to die.
[2015/11/04 11:39:32.607] (INFO) Your mother called. She says you never call her.
[2015/11/04 11:39:32.607] (INFO) Alien monitor (aliend): Detected no space aliens.
[2015/11/04 11:39:32.607] (INFO) Waiting for monitor process (PID 64471) to die.
[2015/11/04 11:39:32.607] (INFO) Sending SIGTERM to 3 excess workers.
[2015/11/04 11:39:32.607] (INFO) Checked file systems for errors: All filesystems OK.
[2015/11/04 11:39:32.607] (INFO) User "fef8615" logged in from 192.168.98.15.
[2015/11/04 11:39:32.607] (WARN) Unable to ping worker at 192.168.155.96. Retrying.
[2015/11/04 11:39:32.607] (INFO) Checkpointing off-heap server memory...
[2015/11/04 11:39:32.607] (INFO) Your mother called. She says you never call her.
[2015/11/04 11:39:32.607] (ERROR) Device 0x414e is offline
[2015/11/04 11:39:32.607] (INFO) User "qaf5603" logged out due to inactivity (timeout=30 minutes).
[2015/11/04 11:39:32.607] (INFO) User "oml5666" logged out.
[2015/11/04 11:39:32.607] (INFO) Rolling 3 log file(s)...
[2015/11/04 11:39:32.607] (INFO) .evian ylbirret si emehcs otpyrc ym neht ,siht daer nac uoy fI
[2015/11/04 11:39:32.607] (INFO) Waiting for master process (PID 7624) to die.
[2015/11/04 11:39:32.607] (ERROR) Unable to mount /dev/sda2. (Time to run fsck?)
[2015/11/04 11:39:32.607] (ERROR) Device 0x0e81 is offline
[2015/11/04 11:39:32.607] (WARN) Retrying server log checkpoint.
[2015/11/04 11:39:32.607] (ERROR) Unable to write to "/var/data/RHpeI91900.zip": Permission denied (EACCES)
[2015/11/04 11:39:32.607] (INFO) Pinging watchdog timer process: Process is alive.
[2015/11/04 11:39:32.607] (INFO) Alien monitor (aliend): Detected no space aliens.
[2015/11/04 11:39:32.607] (INFO) Backed up all server logs.
[2015/11/04 11:39:32.607] (INFO) Network heartbeat check: All OK.
[2015/11/04 11:39:32.607] (INFO) Backed up all server logs.
[2015/11/04 11:39:32.607] (INFO) Pinging watchdog timer process: Process is alive.
[2015/11/04 11:39:32.607] (INFO) Device 0x72f2 is online.
[2015/11/04 11:39:32.607] (WARN) Network heartbeat check: 7 server(s) did not respond.
[2015/11/04 11:39:32.607] (INFO) Supervisor has entered RESTARTING state.
[2015/11/04 11:39:32.607] (ERROR) Failed to open "/mnt/fileserver02/RZuaN89924.tsv": NFS timeout.
[2015/11/04 11:39:32.607] (INFO) User "izg4315" logged in from 10.30.173.147.
[2015/11/04 11:39:32.607] (ERROR) Connection to 192.168.78.158 terminated unexpectedly. Reconnecting.
[2015/11/04 11:39:32.607] (INFO) Flushed 73 buffers to disk.
[2015/11/04 11:39:32.607] (INFO) Device 0xcbdc is online.
[2015/11/04 11:39:32.607] (WARN) Ignoring SIGTERM. It's not that easy to get rid of me.
[2015/11/04 11:39:32.607] (INFO) Rolling 1 log file(s)...
[2015/11/04 11:39:32.607] (WARN) There is no such thing as a free lunch.
[2015/11/04 11:39:32.607] (INFO) Checked file systems for errors: All filesystems OK.
[2015/11/04 11:39:32.607] (INFO) Rolling 8 log file(s)...
[2015/11/04 11:39:32.607] (INFO) Pinging watchdog timer process: Process is alive.
[2015/11/04 11:39:32.607] (INFO) Sending SIGTERM to 3 excess workers.
[2015/11/04 11:39:32.607] (INFO) Sending SIGTERM to 4 excess workers.
[2015/11/04 11:39:32.607] (INFO) User "uyd4059" logged in from 10.167.112.126.
[2015/11/04 11:39:32.607] (WARN) Dropped 19,919 corrupt data packets.
[2015/11/04 11:39:32.607] (INFO) Checked file systems for errors: All filesystems OK.
[2015/11/04 11:39:32.607] (ERROR) Network heartbeat check FAILED: Master host down?
[2015/11/04 11:39:32.607] (INFO) .evian ylbirret si emehcs otpyrc ym neht ,siht daer nac uoy fI
[2015/11/04 11:39:32.607] (INFO) Backed up all server logs.
[2015/11/04 11:39:32.607] (INFO) Alien monitor (aliend): Detected no space aliens.
[2015/11/04 11:39:32.607] (INFO) Waiting for master process (PID 52695) to die.
[2015/11/04 11:39:32.607] (INFO) User "dhy5610" logged out due to inactivity (timeout=30 minutes).
[2015/11/04 11:39:32.607] (INFO) Device 0x6dd5 is online.
[2015/11/04 11:39:32.607] (INFO) Supervisor has entered RUNNING state.
[2015/11/04 11:39:32.607] (INFO) Supervisor has entered WAITING state.
[2015/11/04 11:39:32.607] (INFO) Flushed 27 buffers to disk.
[2015/11/04 11:39:32.607] (INFO) Sending SIGTERM to 4 excess workers.
[2015/11/04 11:39:32.607] (INFO) Sending SIGTERM to 4 excess workers.
[2015/11/04 11:39:32.607] (INFO) Alien monitor (aliend): Detected no space aliens.
[2015/11/04 11:39:32.607] (WARN) Master took 985 ms to respond (threshold=500 ms)
[2015/11/04 11:39:32.607] (INFO) User "uhl7310" logged out due to inactivity (timeout=30 minutes).
[2015/11/04 11:39:32.607] (ERROR) EFOODFAIL (Waiter, there's a fly in my soup).
[2015/11/04 11:39:32.607] (WARN) Backup server 10.22.252.26 is offline.
[2015/11/04 11:39:32.607] (INFO) User "bez3200" logged in from 192.168.21.136.
[2015/11/04 11:39:32.607] (INFO) Device 0x0920 is online.
[2015/11/04 11:39:32.607] (INFO) Device 0xc148 is online.
[2015/11/04 11:39:32.607] (INFO) User "yxs3933" logged in from 172.16.86.75.
[2015/11/04 11:39:32.607] (INFO) .evian ylbirret si emehcs otpyrc ym neht ,siht daer nac uoy fI
[2015/11/04 11:39:32.607] (INFO) Flushed 80 buffers to disk.
[2015/11/04 11:39:32.607] (INFO) .evian ylbirret si emehcs otpyrc ym neht ,siht daer nac uoy fI
[2015/11/04 11:39:32.607] (INFO) Rolling 5 log file(s)...
[2015/11/04 11:39:32.607] (ERROR) "/var/data/pEUes57924.xml": No such file or directory (ENOENT)
[2015/11/04 11:39:32.607] (INFO) Backed up all server logs.
[2015/11/04 11:39:32.607] (INFO) Sending SIGTERM to 4 excess workers.
[2015/11/04 11:39:32.607] (WARN) Dropped 7,305 corrupt data packets.
[2015/11/04 11:39:32.607] (INFO) Flushed 36 buffers to disk.
[2015/11/04 11:39:32.607] (INFO) Backed up all server logs.
[2015/11/04 11:39:32.607] (INFO) Checkpointing off-heap server memory...
[2015/11/04 11:39:32.607] (INFO) Backed up all server logs.
[2015/11/04 11:39:32.607] (INFO) Network heartbeat check: All OK.
[2015/11/04 11:39:32.607] (INFO) User "eba4148" logged out due to inactivity (timeout=30 minutes).
[2015/11/04 11:39:32.607] (WARN) Space on disk /dev/sda2 is low: Only 503 MB available.
[2015/11/04 11:39:32.607] (INFO) Network heartbeat check: All OK.
[2015/11/04 11:39:32.607] (INFO) Alien monitor (aliend): Detected no space aliens.
[2015/11/04 11:39:32.607] (ERROR) Blocked FTP traffic originating from 10.165.125.89.
[2015/11/04 11:39:32.607] (INFO) Flushed 78 buffers to disk.
[2015/11/04 11:39:32.607] (INFO) Waiting for supervisor process (PID 57347) to die.
[2015/11/04 11:39:33.108] (INFO) Pinging watchdog timer process: Process is alive.
[2015/11/04 11:39:33.108] (INFO) Checkpointing off-heap server memory...
[2015/11/04 11:39:33.108] (INFO) Network heartbeat check: All OK.
[2015/11/04 11:39:33.108] (INFO) Supervisor has entered SUSPENDED state.
[2015/11/04 11:39:33.108] (INFO) Checkpointing off-heap server memory...
[2015/11/04 11:39:33.108] (INFO) Rolling 9 log file(s)...
[2015/11/04 11:39:33.108] (ERROR) Extra characters at end of line.
[2015/11/04 11:39:33.108] (INFO) Flushed 66 buffers to disk.
[2015/11/04 11:39:33.108] (INFO) User "ryl4048" logged in from 10.124.194.235.
[2015/11/04 11:39:33.108] (INFO) Network heartbeat check: All OK.
[2015/11/04 11:39:33.108] (INFO) Supervisor has entered RESTARTING state.
[2015/11/04 11:39:33.108] (INFO) Network heartbeat check: All OK.
[2015/11/04 11:39:33.108] (INFO) Network heartbeat check: All OK.
[2015/11/04 11:39:33.108] (ERROR) Server log backup FAILED. See backup logs.
[2015/11/04 11:39:33.108] (INFO) Flushed 36 buffers to disk.
[2015/11/04 11:39:33.108] (INFO) Alien monitor (aliend): Detected no space aliens.
[2015/11/04 11:39:33.108] (INFO) Alien monitor (aliend): Detected no space aliens.
[2015/11/04 11:39:33.108] (INFO) Pinging watchdog timer process: Process is alive.
[2015/11/04 11:39:33.108] (INFO) Backed up all server logs.
[2015/11/04 11:39:33.108] (INFO) Checkpointing off-heap server memory...
[2015/11/04 11:39:33.108] (INFO) User "afq8860" logged in from 172.16.125.101.
[2015/11/04 11:39:33.108] (INFO) Checkpointing off-heap server memory...
[2015/11/04 11:39:33.108] (INFO) Network heartbeat check: All OK.
[2015/11/04 11:39:33.108] (INFO) Pinging watchdog timer process: Process is alive.
[2015/11/04 11:39:33.108] (ERROR) CPU temperature exceeds 50º Celsius. Shutting down.
[2015/11/04 11:39:33.108] (INFO) Rolling 8 log file(s)...
[2015/11/04 11:39:33.108] (INFO) Device 0x3ca5 is online.
[2015/11/04 11:39:33.108] (INFO) Your mother called. She says you never call her.
[2015/11/04 11:39:33.108] (INFO) Pinging watchdog timer process: Process is alive.
[2015/11/04 11:39:33.108] (INFO) Checked file systems for errors: All filesystems OK.
[2015/11/04 11:39:33.108] (INFO) Network heartbeat check: All OK.
[2015/11/04 11:39:33.108] (INFO) .evian ylbirret si emehcs otpyrc ym neht ,siht daer nac uoy fI
[2015/11/04 11:39:33.108] (INFO) User "bng2132" logged in from 192.168.2.119.
[2015/11/04 11:39:33.108] (INFO) Supervisor has entered RUNNING state.
[2015/11/04 11:39:33.108] (INFO) Pinging watchdog timer process: Process is alive.
[2015/11/04 11:39:33.108] (INFO) .evian ylbirret si emehcs otpyrc ym neht ,siht daer nac uoy fI
[2015/11/04 11:39:33.108] (WARN) Watchdog timer crashed. Restarting it.
[2015/11/04 11:39:33.108] (ERROR) Failed to write checkpoint file "/var/checkpoint/Akxjh56404: No space left on device (ENOSPC)
[2015/11/04 11:39:33.108] (ERROR) Network heartbeat check FAILED: Master host down?
[2015/11/04 11:39:33.108] (ERROR) One of the flayrods has gone out askew on treadle.
[2015/11/04 11:39:33.108] (INFO) Your mother called. She says you never call her.
[2015/11/04 11:39:33.108] (WARN) Unable to ping master at 172.16.103.111. Retrying.
[2015/11/04 11:39:33.108] (INFO) Device 0x0b9b is online.
[2015/11/04 11:39:33.108] (INFO) Device 0xd736 is online.
[2015/11/04 11:39:33.108] (WARN) Ignoring SIGTERM. It's not that easy to get rid of me.
[2015/11/04 11:39:33.108] (INFO) User "wvk8989" logged out due to inactivity (timeout=30 minutes).
[2015/11/04 11:39:33.108] (INFO) Backed up all server logs.
[2015/11/04 11:39:33.108] (INFO) Supervisor has entered RUNNING state.
[2015/11/04 11:39:33.108] (INFO) Pinging watchdog timer process: Process is alive.
[2015/11/04 11:39:33.108] (INFO) Backed up all server logs.
[2015/11/04 11:39:33.108] (INFO) User "kmc2543" logged out due to inactivity (timeout=30 minutes).
[2015/11/04 11:39:33.108] (INFO) Alien monitor (aliend): Detected no space aliens.
[2015/11/04 11:39:33.108] (INFO) User "fwd4602" logged out due to inactivity (timeout=30 minutes).
[2015/11/04 11:39:33.108] (INFO) Your mother called. She says you never call her.
[2015/11/04 11:39:33.108] (INFO) Waiting for master process (PID 20682) to die.
[2015/11/04 11:39:33.108] (INFO) User "twt6316" logged out.
[2015/11/04 11:39:33.108] (INFO) Network heartbeat check: All OK.
[2015/11/04 11:39:33.108] (INFO) Network heartbeat check: All OK.
[2015/11/04 11:39:33.108] (INFO) Network heartbeat check: All OK.
[2015/11/04 11:39:33.108] (INFO) Sending SIGTERM to 3 excess workers.
[2015/11/04 11:39:33.108] (INFO) Network heartbeat check: All OK.
[2015/11/04 11:39:33.108] (INFO) Flushed 84 buffers to disk.
[2015/11/04 11:39:33.108] (INFO) Flushed 41 buffers to disk.
[2015/11/04 11:39:33.108] (INFO) User "ejt8492" logged out.
[2015/11/04 11:39:33.108] (INFO) Alien monitor (aliend): Detected no space aliens.
[2015/11/04 11:39:33.108] (ERROR) Detected clock skew! Restarting NTP server.
[2015/11/04 11:39:33.108] (INFO) Checkpointing off-heap server memory...
[2015/11/04 11:39:33.108] (INFO) Waiting for supervisor process (PID 36538) to die.
[2015/11/04 11:39:33.108] (INFO) Checkpointing off-heap server memory...
[2015/11/04 11:39:33.108] (ERROR) Failed to open "/mnt/fileserver01/oaaCS84396.txt": NFS timeout.
[2015/11/04 11:39:33.108] (INFO) Pinging watchdog timer process: Process is alive.
[2015/11/04 11:39:33.108] (ERROR) Detected clock skew! Restarting NTP server.
[2015/11/04 11:39:33.108] (ERROR) Detected incoming DDoS from 192.168.49.220.
[2015/11/04 11:39:33.108] (INFO) Waiting for monitor process (PID 28267) to die.
[2015/11/04 11:39:33.108] (INFO) Network heartbeat check: All OK.
[2015/11/04 11:39:33.108] (INFO) Sending SIGTERM to 4 excess workers.
[2015/11/04 11:39:33.108] (INFO) Supervisor has entered WAITING state.
[2015/11/04 11:39:33.108] (INFO) Alien monitor (aliend): Detected no space aliens.
[2015/11/04 11:39:33.108] (INFO) User "sry6053" logged in from 192.168.250.105.
[2015/11/04 11:39:33.108] (INFO) Pinging watchdog timer process: Process is alive.
[2015/11/04 11:39:33.108] (INFO) Network heartbeat check: All OK.
[2015/11/04 11:39:33.108] (INFO) Network heartbeat check: All OK.
[2015/11/04 11:39:33.108] (WARN) Space on disk /dev/sde4 is low: Only 525 MB available.
[2015/11/04 11:39:33.108] (INFO) User "zqc9912" logged in from 192.168.1.164.
[2015/11/04 11:39:33.108] (INFO) Sending SIGTERM to 2 excess workers.
[2015/11/04 11:39:33.108] (INFO) Backed up all server logs.
[2015/11/04 11:39:33.108] (ERROR) Blocked FTP traffic originating from 192.168.153.226.
[2015/11/04 11:39:33.108] (ERROR) EFOODFAIL (Waiter, there's a fly in my soup).
[2015/11/04 11:39:33.108] (INFO) Flushed 29 buffers to disk.
[2015/11/04 11:39:33.108] (INFO) .evian ylbirret si emehcs otpyrc ym neht ,siht daer nac uoy fI
[2015/11/04 11:39:33.108] (WARN) Retrying server log checkpoint.
[2015/11/04 11:39:33.108] (INFO) Supervisor has entered RUNNING state.
[2015/11/04 11:39:33.108] (INFO) Supervisor has entered RESTARTING state.
[2015/11/04 11:39:33.108] (INFO) Rolling 9 log file(s)...
[2015/11/04 11:39:33.108] (INFO) User "pbt9927" logged in from 172.16.142.62.
[2015/11/04 11:39:33.108] (INFO) Flushed 37 buffers to disk.
[2015/11/04 11:39:33.108] (INFO) User "qkc1126" logged out due to inactivity (timeout=30 minutes).
[2015/11/04 11:39:33.108] (INFO) Alien monitor (aliend): Detected no space aliens.
[2015/11/04 11:39:33.108] (INFO) Checkpointing off-heap server memory...
[2015/11/04 11:39:33.108] (INFO) .evian ylbirret si emehcs otpyrc ym neht ,siht daer nac uoy fI
[2015/11/04 11:39:33.607] (INFO) Rolling 7 log file(s)...
[2015/11/04 11:39:33.607] (INFO) Sending SIGTERM to 3 excess workers.
[2015/11/04 11:39:33.607] (INFO) Flushed 98 buffers to disk.
[2015/11/04 11:39:33.607] (INFO) .evian ylbirret si emehcs otpyrc ym neht ,siht daer nac uoy fI
[2015/11/04 11:39:33.607] (ERROR) Directory index of "/var/data" is forbidden.
[2015/11/04 11:39:33.607] (INFO) Rolling 9 log file(s)...
[2015/11/04 11:39:33.607] (INFO) Backed up all server logs.
[2015/11/04 11:39:33.607] (INFO) Your mother called. She says you never call her.
[2015/11/04 11:39:33.607] (INFO) User "yel6706" logged in from 192.168.154.206.
[2015/11/04 11:39:33.607] (WARN) CPU temperature exceeds 40º Celsius.
[2015/11/04 11:39:33.607] (WARN) Possible cyber-attack from Mars.
[2015/11/04 11:39:33.607] (WARN) Network heartbeat check: 7 server(s) did not respond.
[2015/11/04 11:39:33.607] (INFO) Pinging watchdog timer process: Process is alive.
[2015/11/04 11:39:33.608] (INFO) User "rjr7667" logged in from 10.216.91.78.
[2015/11/04 11:39:33.608] (INFO) Supervisor has entered RUNNING state.
[2015/11/04 11:39:33.608] (INFO) Alien monitor (aliend): Detected no space aliens.
[2015/11/04 11:39:33.608] (INFO) User "nac1644" logged out due to inactivity (timeout=30 minutes).
[2015/11/04 11:39:33.608] (INFO) Flushed 38 buffers to disk.
[2015/11/04 11:39:33.608] (INFO) .evian ylbirret si emehcs otpyrc ym neht ,siht daer nac uoy fI
[2015/11/04 11:39:33.608] (INFO) Backed up all server logs.
[2015/11/04 11:39:33.608] (INFO) Device 0x86c1 is online.
[2015/11/04 11:39:33.608] (INFO) User "yzg6867" logged in from 192.168.65.102.
[2015/11/04 11:39:33.608] (INFO) .evian ylbirret si emehcs otpyrc ym neht ,siht daer nac uoy fI
[2015/11/04 11:39:33.608] (WARN) Unable to ping worker at 192.168.235.3. Retrying.
[2015/11/04 11:39:33.608] (ERROR) Connection to 172.16.226.7 terminated unexpectedly. Reconnecting.
[2015/11/04 11:39:33.608] (INFO) User "bia1152" logged out due to inactivity (timeout=30 minutes).
[2015/11/04 11:39:33.608] (INFO) Backed up all server logs.
[2015/11/04 11:39:33.608] (ERROR) Blocked BitTorrent traffic originating from 172.16.182.136.
[2015/11/04 11:39:33.608] (INFO) Sending SIGTERM to 2 excess workers.
[2015/11/04 11:39:33.608] (INFO) User "jqx4043" logged out due to inactivity (timeout=30 minutes).
[2015/11/04 11:39:33.608] (INFO) .evian ylbirret si emehcs otpyrc ym neht ,siht daer nac uoy fI
[2015/11/04 11:39:33.608] (INFO) Checkpointing off-heap server memory...
[2015/11/04 11:39:33.608] (INFO) Checked file systems for errors: All filesystems OK.
[2015/11/04 11:39:33.608] (WARN) Master took 644 ms to respond (threshold=500 ms)
[2015/11/04 11:39:33.608] (INFO) Your mother called. She says you never call her.
[2015/11/04 11:39:33.608] (WARN) Watchdog timer crashed. Restarting it.
[2015/11/04 11:39:33.608] (INFO) Sending SIGTERM to 4 excess workers.
[2015/11/04 11:39:33.608] (INFO) Device 0x6a5d is online.
[2015/11/04 11:39:33.608] (ERROR) Worker 3 died with SIGPOLL. Restarting it.
[2015/11/04 11:39:33.608] (WARN) Dropped 16,580 corrupt data packets.
[2015/11/04 11:39:33.608] (INFO) Network heartbeat check: All OK.
[2015/11/04 11:39:33.608] (INFO) Waiting for supervisor process (PID 51711) to die.
[2015/11/04 11:39:33.608] (INFO) Backed up all server logs.
[2015/11/04 11:39:33.608] (WARN) Space on disk /dev/sda4 is low: Only 320 MB available.
[2015/11/04 11:39:33.608] (INFO) Device 0x95ec is online.
[2015/11/04 11:39:33.608] (INFO) .evian ylbirret si emehcs otpyrc ym neht ,siht daer nac uoy fI
[2015/11/04 11:39:33.608] (INFO) Network heartbeat check: All OK.
[2015/11/04 11:39:33.608] (ERROR) Failed to open "/mnt/fileserver01/qReQZ99067.zip": NFS timeout.
[2015/11/04 11:39:33.608] (INFO) Sending SIGTERM to 2 excess workers.
[2015/11/04 11:39:33.608] (INFO) User "ood3212" logged in from 192.168.191.188.
[2015/11/04 11:39:33.608] (INFO) .evian ylbirret si emehcs otpyrc ym neht ,siht daer nac uoy fI
[2015/11/04 11:39:33.608] (INFO) .evian ylbirret si emehcs otpyrc ym neht ,siht daer nac uoy fI
[2015/11/04 11:39:33.608] (WARN) Watchdog timer crashed. Restarting it.
[2015/11/04 11:39:33.608] (ERROR) "/var/data/NDSvy93017.xml": Permission denied (EACCES)
[2015/11/04 11:39:33.608] (INFO) Rolling 6 log file(s)...
[2015/11/04 11:39:33.608] (WARN) Watchdog timer crashed. Restarting it.
[2015/11/04 11:39:33.608] (INFO) Checkpointing off-heap server memory...
[2015/11/04 11:39:33.608] (INFO) Supervisor has entered RESTARTING state.
[2015/11/04 11:39:33.608] (INFO) Backed up all server logs.
[2015/11/04 11:39:33.608] (INFO) Rolling 6 log file(s)...
[2015/11/04 11:39:33.608] (INFO) User "zrm2634" logged out.
[2015/11/04 11:39:33.608] (INFO) .evian ylbirret si emehcs otpyrc ym neht ,siht daer nac uoy fI
[2015/11/04 11:39:33.608] (INFO) Alien monitor (aliend): Detected no space aliens.
[2015/11/04 11:39:33.608] (INFO) Sending SIGTERM to 4 excess workers.
[2015/11/04 11:39:33.608] (INFO) Pinging watchdog timer process: Process is alive.
[2015/11/04 11:39:33.608] (INFO) Rolling 4 log file(s)...
[2015/11/04 11:39:33.608] (INFO) Pinging watchdog timer process: Process is alive.
[2015/11/04 11:39:33.608] (WARN) Ignoring SIGTERM. It's not that easy to get rid of me.
[2015/11/04 11:39:33.608] (INFO) Your mother called. She says you never call her.
[2015/11/04 11:39:33.608] (INFO) Network heartbeat check: All OK.
[2015/11/04 11:39:33.608] (WARN) Ignoring SIGTERM. It's not that easy to get rid of me.
[2015/11/04 11:39:33.608] (INFO) .evian ylbirret si emehcs otpyrc ym neht ,siht daer nac uoy fI
[2015/11/04 11:39:33.608] (WARN) Network heartbeat check: 6 server(s) did not respond.
[2015/11/04 11:39:33.608] (INFO) Supervisor has entered RUNNING state.
[2015/11/04 11:39:33.608] (INFO) Rolling 1 log file(s)...
[2015/11/04 11:39:33.608] (INFO) User "tdx9176" logged out due to inactivity (timeout=30 minutes).
[2015/11/04 11:39:33.608] (INFO) Checked file systems for errors: All filesystems OK.
[2015/11/04 11:39:33.608] (INFO) User "bzp8447" logged out due to inactivity (timeout=30 minutes).
[2015/11/04 11:39:33.608] (INFO) Your mother called. She says you never call her.
[2015/11/04 11:39:33.608] (INFO) User "goz7045" logged out.
[2015/11/04 11:39:33.608] (INFO) User "mtz4682" logged out due to inactivity (timeout=30 minutes).
[2015/11/04 11:39:33.608] (INFO) Alien monitor (aliend): Detected no space aliens.
[2015/11/04 11:39:33.608] (INFO) Rolling 6 log file(s)...
[2015/11/04 11:39:33.608] (INFO) Supervisor has entered RUNNING state.
[2015/11/04 11:39:33.608] (INFO) Sending SIGTERM to 4 excess workers.
[2015/11/04 11:39:33.608] (INFO) User "adv1862" logged in from 10.102.101.17.
[2015/11/04 11:39:33.608] (INFO) Backed up all server logs.
[2015/11/04 11:39:33.608] (INFO) Device 0x41a5 is online.
[2015/11/04 11:39:33.608] (INFO) Alien monitor (aliend): Detected no space aliens.
[2015/11/04 11:39:33.608] (INFO) Device 0x6972 is online.
[2015/11/04 11:39:33.608] (ERROR) Blocked Little Bobby Tables attack (https://xkcd.com/327/) from 192.168.21.21.
[2015/11/04 11:39:33.608] (WARN) CPU temperature exceeds 40º Celsius.
[2015/11/04 11:39:33.608] (INFO) .evian ylbirret si emehcs otpyrc ym neht ,siht daer nac uoy fI
[2015/11/04 11:39:33.608] (WARN) Space on disk /dev/sdf4 is low: Only 572 MB available.
[2015/11/04 11:39:33.608] (INFO) Device 0xce06 is online.
[2015/11/04 11:39:33.608] (INFO) .evian ylbirret si emehcs otpyrc ym neht ,siht daer nac uoy fI
[2015/11/04 11:39:33.608] (INFO) Supervisor has entered WAITING state.
[2015/11/04 11:39:33.608] (INFO) User "qvr5324" logged in from 10.85.105.87.
[2015/11/04 11:39:33.608] (INFO) User "via4222" logged out.
[2015/11/04 11:39:33.608] (INFO) User "csr8781" logged out due to inactivity (timeout=30 minutes).
[2015/11/04 11:39:34.108] (INFO) Supervisor has entered RESTARTING state.
[2015/11/04 11:39:34.108] (INFO) User "zxp3560" logged in from 10.110.114.94.
[2015/11/04 11:39:34.108] (ERROR) Directory index of "/var/data" is forbidden.
[2015/11/04 11:39:34.108] (INFO) Network heartbeat check: All OK.
[2015/11/04 11:39:34.108] (INFO) User "mea2026" logged out.
[2015/11/04 11:39:34.108] (INFO) Pinging watchdog timer process: Process is alive.
[2015/11/04 11:39:34.108] (INFO) User "hcf7798" logged out due to inactivity (timeout=30 minutes).
[2015/11/04 11:39:34.108] (WARN) Backup server 10.207.193.208 is offline.
[2015/11/04 11:39:34.108] (INFO) Sending SIGTERM to 4 excess workers.
[2015/11/04 11:39:34.108] (INFO) Rolling 7 log file(s)...
[2015/11/04 11:39:34.108] (INFO) Network heartbeat check: All OK.
[2015/11/04 11:39:34.108] (INFO) Pinging watchdog timer process: Process is alive.
[2015/11/04 11:39:34.108] (INFO) Flushed 39 buffers to disk.
[2015/11/04 11:39:34.108] (WARN) Retrying server log checkpoint.
[2015/11/04 11:39:34.108] (INFO) Device 0xf0d8 is online.
[2015/11/04 11:39:34.108] (INFO) Your mother called. She says you never call her.
[2015/11/04 11:39:34.108] (WARN) There is no such thing as a free lunch.
[2015/11/04 11:39:34.108] (INFO) Sending SIGTERM to 2 excess workers.
[2015/11/04 11:39:34.108] (WARN) Unable to ping supervisor at 172.16.27.242. Retrying.
[2015/11/04 11:39:34.108] (INFO) User "vqa2709" logged out.
[2015/11/04 11:39:34.108] (INFO) Rolling 8 log file(s)...
[2015/11/04 11:39:34.108] (INFO) Network heartbeat check: All OK.
[2015/11/04 11:39:34.108] (INFO) Flushed 29 buffers to disk.
[2015/11/04 11:39:34.108] (INFO) Rolling 5 log file(s)...
[2015/11/04 11:39:34.108] (INFO) User "ces6675" logged in from 192.168.36.128.
[2015/11/04 11:39:34.108] (INFO) Waiting for monitor process (PID 34115) to die.
[2015/11/04 11:39:34.108] (INFO) Device 0x5fb0 is online.
[2015/11/04 11:39:34.108] (INFO) User "qux1390" logged out due to inactivity (timeout=30 minutes).
[2015/11/04 11:39:34.108] (INFO) Your mother called. She says you never call her.
[2015/11/04 11:39:34.108] (INFO) Waiting for master process (PID 37682) to die.
[2015/11/04 11:39:34.108] (INFO) Waiting for master process (PID 12739) to die.
[2015/11/04 11:39:34.108] (INFO) Alien monitor (aliend): Detected no space aliens.
[2015/11/04 11:39:34.108] (INFO) Your mother called. She says you never call her.
[2015/11/04 11:39:34.108] (WARN) There is no such thing as a free lunch.
[2015/11/04 11:39:34.108] (INFO) Device 0xd350 is online.
[2015/11/04 11:39:34.108] (INFO) Network heartbeat check: All OK.
[2015/11/04 11:39:34.108] (INFO) Your mother called. She says you never call her.
[2015/11/04 11:39:34.108] (INFO) Your mother called. She says you never call her.
[2015/11/04 11:39:34.108] (INFO) Rolling 5 log file(s)...
[2015/11/04 11:39:34.108] (INFO) User "txz3719" logged out due to inactivity (timeout=30 minutes).
[2015/11/04 11:39:34.108] (INFO) Backed up all server logs.
[2015/11/04 11:39:34.108] (INFO) Sending SIGTERM to 4 excess workers.
[2015/11/04 11:39:34.108] (INFO) User "sop8112" logged in from 172.16.152.182.
[2015/11/04 11:39:34.108] (INFO) Checkpointing off-heap server memory...
[2015/11/04 11:39:34.108] (INFO) Pinging watchdog timer process: Process is alive.
[2015/11/04 11:39:34.108] (INFO) Checkpointing off-heap server memory...
[2015/11/04 11:39:34.108] (INFO) Your mother called. She says you never call her.
[2015/11/04 11:39:34.108] (WARN) Backup server 172.16.8.6 is offline.
[2015/11/04 11:39:34.108] (INFO) Rolling 4 log file(s)...
[2015/11/04 11:39:34.108] (INFO) Sending SIGTERM to 2 excess workers.
[2015/11/04 11:39:34.108] (INFO) Network heartbeat check: All OK.
[2015/11/04 11:39:34.108] (INFO) Supervisor has entered SUSPENDED state.
[2015/11/04 11:39:34.108] (INFO) Backed up all server logs.
[2015/11/04 11:39:34.108] (INFO) Backed up all server logs.
[2015/11/04 11:39:34.108] (INFO) User "nir2015" logged out.
[2015/11/04 11:39:34.108] (INFO) User "hqj6264" logged out due to inactivity (timeout=30 minutes).
[2015/11/04 11:39:34.108] (INFO) User "wag5606" logged out due to inactivity (timeout=30 minutes).
[2015/11/04 11:39:34.108] (INFO) Backed up all server logs.
[2015/11/04 11:39:34.108] (INFO) Waiting for monitor process (PID 52518) to die.
[2015/11/04 11:39:34.108] (WARN) Ignoring SIGTERM. It's not that easy to get rid of me.
[2015/11/04 11:39:34.108] (INFO) Rolling 1 log file(s)...
[2015/11/04 11:39:34.108] (INFO) User "whi6975" logged in from 172.16.67.157.
[2015/11/04 11:39:34.108] (ERROR) User "gau1983" failed to log in 3 times. Disabling account.
[2015/11/04 11:39:34.108] (INFO) Rolling 4 log file(s)...
[2015/11/04 11:39:34.108] (INFO) Waiting for worker process (PID 14713) to die.
[2015/11/04 11:39:34.108] (INFO) User "ogy9025" logged in from 172.16.94.49.
[2015/11/04 11:39:34.108] (INFO) Sending SIGTERM to 4 excess workers.
[2015/11/04 11:39:34.108] (ERROR) Unable to authenticate user "isf5147": LDAP server isn't responding.
[2015/11/04 11:39:34.108] (INFO) Network heartbeat check: All OK.
[2015/11/04 11:39:34.108] (INFO) User "oiy3773" logged out.
[2015/11/04 11:39:34.108] (INFO) Device 0x25f3 is online.
[2015/11/04 11:39:34.108] (WARN) Retrying server log checkpoint.
[2015/11/04 11:39:34.108] (INFO) Checkpointing off-heap server memory...
[2015/11/04 11:39:34.108] (INFO) Alien monitor (aliend): Detected no space aliens.
[2015/11/04 11:39:34.108] (INFO) Flushed 50 buffers to disk.
[2015/11/04 11:39:34.108] (INFO) Your mother called. She says you never call her.
[2015/11/04 11:39:34.108] (INFO) Checked file systems for errors: All filesystems OK.
[2015/11/04 11:39:34.108] (INFO) Sending SIGTERM to 2 excess workers.
[2015/11/04 11:39:34.108] (INFO) Backed up all server logs.
[2015/11/04 11:39:34.108] (WARN) Network heartbeat check: 5 server(s) did not respond.
[2015/11/04 11:39:34.108] (INFO) Pinging watchdog timer process: Process is alive.
[2015/11/04 11:39:34.108] (INFO) Checkpointing off-heap server memory...
[2015/11/04 11:39:34.108] (ERROR) EFOODFAIL (Waiter, there's a fly in my soup).
[2015/11/04 11:39:34.108] (INFO) Device 0x0536 is online.
[2015/11/04 11:39:34.108] (INFO) User "upy7970" logged in from 192.168.112.3.
[2015/11/04 11:39:34.108] (ERROR) Directory index of "/var/data" is forbidden.
[2015/11/04 11:39:34.108] (WARN) Possible cyber-attack from Canada.
[2015/11/04 11:39:34.108] (INFO) Checked file systems for errors: All filesystems OK.
[2015/11/04 11:39:34.108] (INFO) User "zmk3535" logged out due to inactivity (timeout=30 minutes).
[2015/11/04 11:39:34.108] (INFO) Flushed 45 buffers to disk.
[2015/11/04 11:39:34.108] (INFO) User "sig5674" logged in from 10.92.66.37.
[2015/11/04 11:39:34.108] (INFO) Flushed 88 buffers to disk.
[2015/11/04 11:39:34.108] (INFO) Pinging watchdog timer process: Process is alive.
[2015/11/04 11:39:34.108] (ERROR) EFOODFAIL (Waiter, there's a fly in my soup).
[2015/11/04 11:39:34.108] (INFO) Waiting for monitor process (PID 33749) to die.
[2015/11/04 11:39:34.108] (INFO) Waiting for monitor process (PID 59314) to die.
[2015/11/04 11:39:34.108] (ERROR) "/var/data/lPnHy59139.xslx": No such file or directory (ENOENT)
[2015/11/04 11:39:34.108] (WARN) Network heartbeat check: 18 server(s) did not respond.
[2015/11/04 11:39:34.108] (INFO) Your mother called. She says you never call her.
[2015/11/04 11:39:34.108] (INFO) Backed up all server logs.
[2015/11/04 11:39:34.607] (INFO) Supervisor has entered RESTARTING state.
[2015/11/04 11:39:34.607] (INFO) Supervisor has entered RESTARTING state.
[2015/11/04 11:39:34.607] (INFO) User "uxh1826" logged out due to inactivity (timeout=30 minutes).
[2015/11/04 11:39:34.607] (INFO) Alien monitor (aliend): Detected no space aliens.
[2015/11/04 11:39:34.607] (WARN) There is no such thing as a free lunch.
[2015/11/04 11:39:34.607] (ERROR) Network heartbeat check FAILED: Master host down?
[2015/11/04 11:39:34.607] (INFO) Pinging watchdog timer process: Process is alive.
[2015/11/04 11:39:34.607] (INFO) Your mother called. She says you never call her.
[2015/11/04 11:39:34.607] (INFO) Flushed 63 buffers to disk.
[2015/11/04 11:39:34.607] (INFO) Device 0x1416 is online.
[2015/11/04 11:39:34.607] (INFO) Sending SIGTERM to 3 excess workers.
[2015/11/04 11:39:34.607] (ERROR) Unable to authenticate user "gua9590": LDAP server isn't responding.
[2015/11/04 11:39:34.607] (INFO) Flushed 43 buffers to disk.
[2015/11/04 11:39:34.607] (INFO) User "hkg8936" logged out due to inactivity (timeout=30 minutes).
[2015/11/04 11:39:34.607] (WARN) Dropped 10,012 corrupt data packets.
[2015/11/04 11:39:34.607] (INFO) User "wjz4236" logged out due to inactivity (timeout=30 minutes).
[2015/11/04 11:39:34.607] (INFO) Flushed 97 buffers to disk.
[2015/11/04 11:39:34.607] (INFO) Sending SIGTERM to 4 excess workers.
[2015/11/04 11:39:34.607] (INFO) Checkpointing off-heap server memory...
[2015/11/04 11:39:34.607] (INFO) Device 0x1960 is online.
[2015/11/04 11:39:34.607] (INFO) Checked file systems for errors: All filesystems OK.
[2015/11/04 11:39:34.607] (INFO) Waiting for supervisor process (PID 42515) to die.
[2015/11/04 11:39:34.607] (INFO) User "ysw1794" logged in from 172.16.206.241.
[2015/11/04 11:39:34.607] (INFO) Waiting for worker process (PID 10376) to die.
[2015/11/04 11:39:34.607] (INFO) .evian ylbirret si emehcs otpyrc ym neht ,siht daer nac uoy fI
[2015/11/04 11:39:34.607] (WARN) Dropped 14,939 corrupt data packets.
[2015/11/04 11:39:34.607] (INFO) Waiting for supervisor process (PID 34752) to die.
[2015/11/04 11:39:34.607] (INFO) Sending SIGTERM to 3 excess workers.
[2015/11/04 11:39:34.607] (INFO) Checkpointing off-heap server memory...
[2015/11/04 11:39:34.607] (INFO) Flushed 96 buffers to disk.
[2015/11/04 11:39:34.607] (INFO) Alien monitor (aliend): Detected no space aliens.
[2015/11/04 11:39:34.607] (INFO) Pinging watchdog timer process: Process is alive.
[2015/11/04 11:39:34.607] (WARN) Network heartbeat check: 1 server(s) did not respond.
[2015/11/04 11:39:34.607] (INFO) Checked file systems for errors: All filesystems OK.
[2015/11/04 11:39:34.607] (INFO) Sending SIGTERM to 2 excess workers.
[2015/11/04 11:39:34.607] (INFO) User "qeh4179" logged out due to inactivity (timeout=30 minutes).
[2015/11/04 11:39:34.607] (INFO) User "zlq1049" logged out due to inactivity (timeout=30 minutes).
[2015/11/04 11:39:34.607] (INFO) User "mgu5648" logged out.
[2015/11/04 11:39:34.607] (INFO) Waiting for monitor process (PID 13792) to die.
[2015/11/04 11:39:34.607] (INFO) Device 0xe363 is online.
[2015/11/04 11:39:34.607] (INFO) User "hgn4249" logged in from 10.209.226.156.
[2015/11/04 11:39:34.607] (INFO) User "off3327" logged out.
[2015/11/04 11:39:34.607] (INFO) Flushed 97 buffers to disk.
[2015/11/04 11:39:34.607] (INFO) Network heartbeat check: All OK.
[2015/11/04 11:39:34.607] (INFO) Checkpointing off-heap server memory...
[2015/11/04 11:39:34.607] (ERROR) User "vhj5226" failed to log in 3 times. Disabling account.
[2015/11/04 11:39:34.607] (ERROR) Server log backup FAILED. See backup logs.
[2015/11/04 11:39:34.607] (INFO) Checked file systems for errors: All filesystems OK.
[2015/11/04 11:39:34.607] (INFO) Checkpointing off-heap server memory...
[2015/11/04 11:39:34.607] (WARN) Dropped 3,917 corrupt data packets.
[2015/11/04 11:39:34.607] (INFO) Sending SIGTERM to 4 excess workers.
[2015/11/04 11:39:34.607] (INFO) User "xnu4864" logged out.
[2015/11/04 11:39:34.607] (INFO) Checked file systems for errors: All filesystems OK.
[2015/11/04 11:39:34.607] (INFO) User "wxb3426" logged out.
[2015/11/04 11:39:34.607] (INFO) Checked file systems for errors: All filesystems OK.
[2015/11/04 11:39:34.607] (INFO) Rolling 8 log file(s)...
[2015/11/04 11:39:34.607] (INFO) Checkpointing off-heap server memory...
[2015/11/04 11:39:34.607] (INFO) Sending SIGTERM to 3 excess workers.
[2015/11/04 11:39:34.607] (INFO) Rolling 5 log file(s)...
[2015/11/04 11:39:34.607] (ERROR) Unable to authenticate user "ejy8250": LDAP server isn't responding.
[2015/11/04 11:39:34.607] (ERROR) Blocked Little Bobby Tables attack (https://xkcd.com/327/) from 10.97.228.23.
[2015/11/04 11:39:34.607] (INFO) Rolling 2 log file(s)...
[2015/11/04 11:39:34.607] (INFO) User "qkw9325" logged out.
[2015/11/04 11:39:34.607] (WARN) There is no such thing as a free lunch.
[2015/11/04 11:39:34.607] (ERROR) Detected incoming DDoS from 192.168.219.229.
[2015/11/04 11:39:34.607] (INFO) Backed up all server logs.
[2015/11/04 11:39:34.607] (WARN) Unable to ping worker at 172.16.217.156. Retrying.
[2015/11/04 11:39:34.607] (INFO) Waiting for supervisor process (PID 43624) to die.
[2015/11/04 11:39:34.607] (INFO) Checked file systems for errors: All filesystems OK.
[2015/11/04 11:39:34.607] (INFO) Checkpointing off-heap server memory...
[2015/11/04 11:39:34.607] (INFO) Checkpointing off-heap server memory...
[2015/11/04 11:39:34.607] (INFO) Waiting for master process (PID 21512) to die.
[2015/11/04 11:39:34.607] (INFO) Rolling 8 log file(s)...
[2015/11/04 11:39:34.607] (ERROR) Detected clock skew! Restarting NTP server.
[2015/11/04 11:39:34.607] (INFO) Backed up all server logs.
[2015/11/04 11:39:34.607] (INFO) Waiting for monitor process (PID 9821) to die.
[2015/11/04 11:39:34.607] (INFO) User "cdn2252" logged out.
[2015/11/04 11:39:34.607] (INFO) Checkpointing off-heap server memory...
[2015/11/04 11:39:34.607] (INFO) Alien monitor (aliend): Detected no space aliens.
[2015/11/04 11:39:34.607] (INFO) Sending SIGTERM to 4 excess workers.
[2015/11/04 11:39:34.607] (INFO) Waiting for monitor process (PID 28668) to die.
[2015/11/04 11:39:34.607] (INFO) Sending SIGTERM to 4 excess workers.
[2015/11/04 11:39:34.607] (ERROR) Unable to authenticate user "goc4151": LDAP server isn't responding.
[2015/11/04 11:39:34.607] (INFO) Sending SIGTERM to 4 excess workers.
[2015/11/04 11:39:34.607] (INFO) Waiting for master process (PID 15132) to die.
[2015/11/04 11:39:34.607] (INFO) Rolling 9 log file(s)...
[2015/11/04 11:39:34.607] (INFO) Backed up all server logs.
[2015/11/04 11:39:34.607] (INFO) Sending SIGTERM to 3 excess workers.
[2015/11/04 11:39:34.607] (INFO) Supervisor has entered RUNNING state.
[2015/11/04 11:39:34.607] (INFO) Pinging watchdog timer process: Process is alive.
[2015/11/04 11:39:34.607] (INFO) Your mother called. She says you never call her.
[2015/11/04 11:39:34.607] (INFO) Your mother called. She says you never call her.
[2015/11/04 11:39:34.607] (ERROR) Server log backup FAILED. See backup logs.
[2015/11/04 11:39:34.607] (INFO) User "exv6969" logged in from 172.16.228.45.
[2015/11/04 11:39:34.607] (WARN) Watchdog timer crashed. Restarting it.
[2015/11/04 11:39:34.607] (INFO) Sending SIGTERM to 2 excess workers.
[2015/11/04 11:39:34.607] (INFO) Alien monitor (aliend): Detected no space aliens.
[2015/11/04 11:39:34.607] (INFO) Flushed 40 buffers to disk.
[2015/11/04 11:39:34.607] (INFO) User "hpb9901" logged out due to inactivity (timeout=30 minutes).
[2015/11/04 11:39:34.607] (WARN) CPU temperature exceeds 40º Celsius.
[2015/11/04 11:39:35.107] (WARN) Watchdog timer crashed. Restarting it.
[2015/11/04 11:39:35.107] (INFO) Flushed 56 buffers to disk.
[2015/11/04 11:39:35.107] (INFO) Supervisor has entered RESTARTING state.
[2015/11/04 11:39:35.107] (INFO) Network heartbeat check: All OK.
[2015/11/04 11:39:35.107] (ERROR) Extra characters at end of line.
[2015/11/04 11:39:35.107] (INFO) Supervisor has entered RESTARTING state.
[2015/11/04 11:39:35.107] (INFO) Your mother called. She says you never call her.
[2015/11/04 11:39:35.107] (INFO) Waiting for worker process (PID 39958) to die.
[2015/11/04 11:39:35.107] (INFO) Sending SIGTERM to 4 excess workers.
[2015/11/04 11:39:35.107] (INFO) User "hoy8935" logged out.
[2015/11/04 11:39:35.107] (INFO) Supervisor has entered SUSPENDED state.
[2015/11/04 11:39:35.107] (INFO) User "fhi8944" logged in from 192.168.148.201.
[2015/11/04 11:39:35.107] (INFO) Device 0x6c7f is online.
[2015/11/04 11:39:35.107] (INFO) Your mother called. She says you never call her.
[2015/11/04 11:39:35.107] (INFO) Waiting for worker process (PID 4548) to die.
[2015/11/04 11:39:35.107] (INFO) User "zon1792" logged out.
[2015/11/04 11:39:35.107] (INFO) Network heartbeat check: All OK.
[2015/11/04 11:39:35.107] (INFO) User "jik8667" logged out due to inactivity (timeout=30 minutes).
[2015/11/04 11:39:35.107] (INFO) Checked file systems for errors: All filesystems OK.
[2015/11/04 11:39:35.107] (INFO) Device 0x854c is online.
[2015/11/04 11:39:35.107] (INFO) Flushed 82 buffers to disk.
[2015/11/04 11:39:35.107] (INFO) Backed up all server logs.
[2015/11/04 11:39:35.107] (INFO) Rolling 2 log file(s)...
[2015/11/04 11:39:35.107] (INFO) Waiting for master process (PID 38572) to die.
[2015/11/04 11:39:35.107] (INFO) Network heartbeat check: All OK.
[2015/11/04 11:39:35.107] (INFO) Sending SIGTERM to 3 excess workers.
[2015/11/04 11:39:35.107] (INFO) Pinging watchdog timer process: Process is alive.
[2015/11/04 11:39:35.107] (ERROR) Unable to write to "/var/data/IoPvo76699.xml": Permission denied (EACCES)
[2015/11/04 11:39:35.107] (INFO) Waiting for master process (PID 38303) to die.
[2015/11/04 11:39:35.107] (ERROR) User "yyv2889" failed to log in 3 times. Disabling account.
[2015/11/04 11:39:35.107] (INFO) Alien monitor (aliend): Detected no space aliens.
[2015/11/04 11:39:35.107] (INFO) Flushed 32 buffers to disk.
[2015/11/04 11:39:35.107] (INFO) User "afd7192" logged out due to inactivity (timeout=30 minutes).
[2015/11/04 11:39:35.107] (WARN) CPU temperature exceeds 40º Celsius.
[2015/11/04 11:39:35.107] (WARN) Unable to ping master at 172.16.86.148. Retrying.
[2015/11/04 11:39:35.107] (INFO) User "nwy8177" logged out due to inactivity (timeout=30 minutes).
[2015/11/04 11:39:35.107] (INFO) User "mme6679" logged in from 172.16.77.250.
[2015/11/04 11:39:35.107] (INFO) Network heartbeat check: All OK.
[2015/11/04 11:39:35.107] (INFO) Supervisor has entered WAITING state.
[2015/11/04 11:39:35.107] (INFO) Waiting for worker process (PID 10911) to die.
[2015/11/04 11:39:35.107] (INFO) Rolling 8 log file(s)...
[2015/11/04 11:39:35.107] (INFO) Sending SIGTERM to 4 excess workers.
[2015/11/04 11:39:35.107] (WARN) Ignoring SIGTERM. It's not that easy to get rid of me.
[2015/11/04 11:39:35.107] (INFO) Supervisor has entered RUNNING state.
[2015/11/04 11:39:35.107] (INFO) .evian ylbirret si emehcs otpyrc ym neht ,siht daer nac uoy fI
[2015/11/04 11:39:35.107] (INFO) Your mother called. She says you never call her.
[2015/11/04 11:39:35.107] (WARN) There is no such thing as a free lunch.
[2015/11/04 11:39:35.107] (INFO) Alien monitor (aliend): Detected no space aliens.
[2015/11/04 11:39:35.107] (INFO) Checked file systems for errors: All filesystems OK.
[2015/11/04 11:39:35.107] (INFO) Sending SIGTERM to 3 excess workers.
[2015/11/04 11:39:35.107] (WARN) Dropped 4,828 corrupt data packets.
[2015/11/04 11:39:35.107] (INFO) Sending SIGTERM to 3 excess workers.
[2015/11/04 11:39:35.107] (INFO) Pinging watchdog timer process: Process is alive.
[2015/11/04 11:39:35.107] (INFO) Backed up all server logs.
[2015/11/04 11:39:35.107] (WARN) Possible cyber-attack from Russia.
[2015/11/04 11:39:35.107] (INFO) Backed up all server logs.
[2015/11/04 11:39:35.107] (INFO) Supervisor has entered RUNNING state.
[2015/11/04 11:39:35.107] (INFO) Device 0x9524 is online.
[2015/11/04 11:39:35.107] (INFO) Checkpointing off-heap server memory...
[2015/11/04 11:39:35.107] (INFO) Pinging watchdog timer process: Process is alive.
[2015/11/04 11:39:35.107] (INFO) User "pxi5582" logged out.
[2015/11/04 11:39:35.107] (INFO) Supervisor has entered RUNNING state.
[2015/11/04 11:39:35.107] (ERROR) User "gnf9567" failed to log in 3 times. Disabling account.
[2015/11/04 11:39:35.107] (INFO) Alien monitor (aliend): Detected no space aliens.
[2015/11/04 11:39:35.107] (INFO) User "gth7375" logged out.
[2015/11/04 11:39:35.107] (INFO) Device 0xa14c is online.
[2015/11/04 11:39:35.107] (WARN) Unable to ping monitor at 172.16.194.184. Retrying.
[2015/11/04 11:39:35.107] (ERROR) One of the flayrods has gone out askew on treadle.
[2015/11/04 11:39:35.107] (WARN) Master took 928 ms to respond (threshold=500 ms)
[2015/11/04 11:39:35.107] (INFO) Sending SIGTERM to 3 excess workers.
[2015/11/04 11:39:35.107] (INFO) Your mother called. She says you never call her.
[2015/11/04 11:39:35.107] (ERROR) CPU temperature exceeds 50º Celsius. Shutting down.
[2015/11/04 11:39:35.107] (INFO) Sending SIGTERM to 4 excess workers.
[2015/11/04 11:39:35.107] (INFO) .evian ylbirret si emehcs otpyrc ym neht ,siht daer nac uoy fI
[2015/11/04 11:39:35.107] (INFO) .evian ylbirret si emehcs otpyrc ym neht ,siht daer nac uoy fI
[2015/11/04 11:39:35.107] (ERROR) User "nhv8975" failed to log in 3 times. Disabling account.
[2015/11/04 11:39:35.107] (INFO) Flushed 33 buffers to disk.
[2015/11/04 11:39:35.107] (INFO) Rolling 5 log file(s)...
[2015/11/04 11:39:35.107] (INFO) Rolling 4 log file(s)...
[2015/11/04 11:39:35.107] (INFO) Checkpointing off-heap server memory...
[2015/11/04 11:39:35.107] (ERROR) Blocked Little Bobby Tables attack (https://xkcd.com/327/) from 10.99.229.249.
[2015/11/04 11:39:35.107] (INFO) Sending SIGTERM to 2 excess workers.
[2015/11/04 11:39:35.107] (ERROR) Unable to write to "/var/data/BJTPF66590.csv": Permission denied (EACCES)
[2015/11/04 11:39:35.107] (WARN) Dropped 10,396 corrupt data packets.
[2015/11/04 11:39:35.107] (INFO) Backed up all server logs.
[2015/11/04 11:39:35.107] (INFO) Checked file systems for errors: All filesystems OK.
[2015/11/04 11:39:35.107] (INFO) Network heartbeat check: All OK.
[2015/11/04 11:39:35.107] (INFO) Device 0x6b35 is online.
[2015/11/04 11:39:35.107] (INFO) Your mother called. She says you never call her.
[2015/11/04 11:39:35.107] (INFO) Rolling 5 log file(s)...
[2015/11/04 11:39:35.107] (INFO) .evian ylbirret si emehcs otpyrc ym neht ,siht daer nac uoy fI
[2015/11/04 11:39:35.107] (INFO) User "aqq2475" logged in from 192.168.3.211.
[2015/11/04 11:39:35.107] (INFO) Your mother called. She says you never call her.
[2015/11/04 11:39:35.107] (INFO) Backed up all server logs.
[2015/11/04 11:39:35.107] (INFO) Supervisor has entered RUNNING state.
[2015/11/04 11:39:35.107] (INFO) Alien monitor (aliend): Detected no space aliens.
[2015/11/04 11:39:35.107] (INFO) Supervisor has entered RESTARTING state.
[2015/11/04 11:39:35.107] (ERROR) Failed to write checkpoint file "/var/checkpoint/cnmcE86553: No space left on device (ENOSPC)
[2015/11/04 11:39:35.107] (WARN) Unable to ping worker at 172.16.218.208. Retrying.
[2015/11/04 11:39:35.107] (INFO) .evian ylbirret si emehcs otpyrc ym neht ,siht daer nac uoy fI
[2015/11/04 11:39:35.607] (INFO) Network heartbeat check: All OK.
[2015/11/04 11:39:35.607] (ERROR) Device 0x76a7 is offline
[2015/11/04 11:39:35.607] (INFO) Waiting for worker process (PID 31066) to die.
[2015/11/04 11:39:35.607] (INFO) Pinging watchdog timer process: Process is alive.
[2015/11/04 11:39:35.607] (INFO) Supervisor has entered RUNNING state.
[2015/11/04 11:39:35.607] (INFO) Pinging watchdog timer process: Process is alive.
[2015/11/04 11:39:35.607] (INFO) User "ovg9997" logged in from 172.16.44.20.
[2015/11/04 11:39:35.607] (INFO) Waiting for worker process (PID 42617) to die.
[2015/11/04 11:39:35.607] (INFO) Backed up all server logs.
[2015/11/04 11:39:35.607] (INFO) Backed up all server logs.
[2015/11/04 11:39:35.607] (INFO) Device 0xc4fe is online.
[2015/11/04 11:39:35.607] (INFO) Device 0x297f is online.
[2015/11/04 11:39:35.607] (INFO) Pinging watchdog timer process: Process is alive.
[2015/11/04 11:39:35.607] (ERROR) "/var/data/hClGn76308.txt": Permission denied (EACCES)
[2015/11/04 11:39:35.607] (ERROR) Unable to authenticate user "afr2832": LDAP server isn't responding.
[2015/11/04 11:39:35.607] (INFO) User "iac6498" logged out.
[2015/11/04 11:39:35.607] (INFO) Backed up all server logs.
[2015/11/04 11:39:35.607] (WARN) Dropped 6,213 corrupt data packets.
[2015/11/04 11:39:35.607] (INFO) Pinging watchdog timer process: Process is alive.
[2015/11/04 11:39:35.607] (INFO) Pinging watchdog timer process: Process is alive.
[2015/11/04 11:39:35.607] (INFO) Device 0xdd31 is online.
[2015/11/04 11:39:35.607] (INFO) Device 0x7668 is online.
[2015/11/04 11:39:35.607] (INFO) Pinging watchdog timer process: Process is alive.
[2015/11/04 11:39:35.607] (INFO) Supervisor has entered RUNNING state.
[2015/11/04 11:39:35.607] (INFO) Network heartbeat check: All OK.
[2015/11/04 11:39:35.607] (INFO) Flushed 46 buffers to disk.
[2015/11/04 11:39:35.607] (INFO) Checked file systems for errors: All filesystems OK.
[2015/11/04 11:39:35.607] (INFO) Alien monitor (aliend): Detected no space aliens.
[2015/11/04 11:39:35.607] (INFO) User "fho9265" logged out.
[2015/11/04 11:39:35.607] (ERROR) One of the flayrods has gone out askew on treadle.
[2015/11/04 11:39:35.607] (ERROR) Worker 9 died with SIGKILL. Restarting it.
[2015/11/04 11:39:35.607] (INFO) Network heartbeat check: All OK.
[2015/11/04 11:39:35.607] (ERROR) /dev/lp error: "PC LOAD LETTER"
[2015/11/04 11:39:35.607] (WARN) Master took 776 ms to respond (threshold=500 ms)
[2015/11/04 11:39:35.607] (ERROR) "/var/data/XJJUL84139.tsv": No such file or directory (ENOENT)
[2015/11/04 11:39:35.607] (INFO) User "wiw4217" logged in from 10.162.241.107.
[2015/11/04 11:39:35.607] (INFO) User "jya3218" logged out due to inactivity (timeout=30 minutes).
[2015/11/04 11:39:35.607] (INFO) Rolling 9 log file(s)...
[2015/11/04 11:39:35.607] (INFO) User "jmt6400" logged out.
[2015/11/04 11:39:35.607] (INFO) Flushed 27 buffers to disk.
[2015/11/04 11:39:35.607] (INFO) User "vzf5335" logged out.
[2015/11/04 11:39:35.607] (INFO) Supervisor has entered SUSPENDED state.
[2015/11/04 11:39:35.607] (INFO) Checkpointing off-heap server memory...
[2015/11/04 11:39:35.607] (INFO) User "jgt4374" logged out due to inactivity (timeout=30 minutes).
[2015/11/04 11:39:35.607] (INFO) Backed up all server logs.
[2015/11/04 11:39:35.607] (ERROR) CPU temperature exceeds 50º Celsius. Shutting down.
[2015/11/04 11:39:35.607] (INFO) Backed up all server logs.
[2015/11/04 11:39:35.607] (INFO) Device 0x7e15 is online.
[2015/11/04 11:39:35.607] (INFO) Checkpointing off-heap server memory...
[2015/11/04 11:39:35.607] (WARN) CPU temperature exceeds 40º Celsius.
[2015/11/04 11:39:35.607] (ERROR) Failed to write checkpoint file "/var/checkpoint/FFLCd90283: No space left on device (ENOSPC)
[2015/11/04 11:39:35.607] (INFO) Backed up all server logs.
[2015/11/04 11:39:35.607] (INFO) .evian ylbirret si emehcs otpyrc ym neht ,siht daer nac uoy fI
[2015/11/04 11:39:35.607] (INFO) Your mother called. She says you never call her.
[2015/11/04 11:39:35.607] (INFO) Supervisor has entered RESTARTING state.
[2015/11/04 11:39:35.607] (INFO) Alien monitor (aliend): Detected no space aliens.
[2015/11/04 11:39:35.607] (ERROR) Unable to mount /dev/sdd1. (Time to run fsck?)
[2015/11/04 11:39:35.607] (INFO) Backed up all server logs.
[2015/11/04 11:39:35.607] (WARN) Possible cyber-attack from Russia.
[2015/11/04 11:39:35.607] (INFO) Backed up all server logs.
[2015/11/04 11:39:35.607] (INFO) Waiting for supervisor process (PID 35185) to die.
[2015/11/04 11:39:35.607] (INFO) .evian ylbirret si emehcs otpyrc ym neht ,siht daer nac uoy fI
[2015/11/04 11:39:35.607] (INFO) .evian ylbirret si emehcs otpyrc ym neht ,siht daer nac uoy fI
[2015/11/04 11:39:35.607] (INFO) Alien monitor (aliend): Detected no space aliens.
[2015/11/04 11:39:35.607] (INFO) Your mother called. She says you never call her.
[2015/11/04 11:39:35.607] (ERROR) Alien monitor (aliend): 3 space aliens are fiddling with the hardware!
[2015/11/04 11:39:35.607] (INFO) Checked file systems for errors: All filesystems OK.
[2015/11/04 11:39:35.607] (INFO) Alien monitor (aliend): Detected no space aliens.
[2015/11/04 11:39:35.607] (INFO) User "ang6939" logged out.
[2015/11/04 11:39:35.607] (INFO) Rolling 4 log file(s)...
[2015/11/04 11:39:35.607] (INFO) Network heartbeat check: All OK.
[2015/11/04 11:39:35.607] (INFO) Checkpointing off-heap server memory...
[2015/11/04 11:39:35.607] (INFO) Waiting for monitor process (PID 51050) to die.
[2015/11/04 11:39:35.607] (INFO) Supervisor has entered SUSPENDED state.
[2015/11/04 11:39:35.607] (WARN) Watchdog timer crashed. Restarting it.
[2015/11/04 11:39:35.607] (ERROR) Worker 7 died with SIGTRAP. Restarting it.
[2015/11/04 11:39:35.607] (INFO) Pinging watchdog timer process: Process is alive.
[2015/11/04 11:39:35.607] (INFO) Network heartbeat check: All OK.
[2015/11/04 11:39:35.607] (WARN) Unable to ping worker at 192.168.83.5. Retrying.
[2015/11/04 11:39:35.607] (INFO) Checkpointing off-heap server memory...
[2015/11/04 11:39:35.607] (INFO) .evian ylbirret si emehcs otpyrc ym neht ,siht daer nac uoy fI
[2015/11/04 11:39:35.607] (INFO) Checked file systems for errors: All filesystems OK.
[2015/11/04 11:39:35.607] (INFO) User "koi5394" logged out.
[2015/11/04 11:39:35.607] (ERROR) Detected clock skew! Restarting NTP server.
[2015/11/04 11:39:35.607] (INFO) Your mother called. She says you never call her.
[2015/11/04 11:39:35.607] (INFO) .evian ylbirret si emehcs otpyrc ym neht ,siht daer nac uoy fI
[2015/11/04 11:39:35.607] (INFO) User "czb9478" logged in from 192.168.252.26.
[2015/11/04 11:39:35.607] (INFO) Backed up all server logs.
[2015/11/04 11:39:35.607] (INFO) Alien monitor (aliend): Detected no space aliens.
[2015/11/04 11:39:35.607] (INFO) Waiting for master process (PID 48632) to die.
[2015/11/04 11:39:35.607] (INFO) Sending SIGTERM to 3 excess workers.
[2015/11/04 11:39:35.607] (INFO) Backed up all server logs.
[2015/11/04 11:39:35.607] (INFO) Sending SIGTERM to 3 excess workers.
[2015/11/04 11:39:35.607] (INFO) Checked file systems for errors: All filesystems OK.
[2015/11/04 11:39:35.607] (INFO) User "vbw9395" logged out due to inactivity (timeout=30 minutes).
[2015/11/04 11:39:35.607] (INFO) Rolling 1 log file(s)...
[2015/11/04 11:39:35.607] (INFO) Sending SIGTERM to 4 excess workers.
[2015/11/04 11:39:35.607] (INFO) User "mxx6640" logged out due to inactivity (timeout=30 minutes).
[2015/11/04 11:39:35.607] (INFO) Alien monitor (aliend): Detected no space aliens.
[2015/11/04 11:39:35.607] (INFO) Backed up all server logs.
[2015/11/04 11:39:36.107] (WARN) CPU temperature exceeds 40º Celsius.
[2015/11/04 11:39:36.107] (INFO) Checked file systems for errors: All filesystems OK.
[2015/11/04 11:39:36.107] (INFO) Network heartbeat check: All OK.
[2015/11/04 11:39:36.107] (ERROR) "/var/data/VKFwr58931.parquet": Permission denied (EACCES)
[2015/11/04 11:39:36.107] (INFO) Device 0xe70e is online.
[2015/11/04 11:39:36.107] (INFO) Checkpointing off-heap server memory...
[2015/11/04 11:39:36.107] (ERROR) /dev/lp error: "PC LOAD LETTER"
[2015/11/04 11:39:36.107] (WARN) Network heartbeat check: 16 server(s) did not respond.
[2015/11/04 11:39:36.107] (INFO) Alien monitor (aliend): Detected no space aliens.
[2015/11/04 11:39:36.107] (INFO) Supervisor has entered SUSPENDED state.
[2015/11/04 11:39:36.107] (WARN) There is no such thing as a free lunch.
[2015/11/04 11:39:36.107] (INFO) .evian ylbirret si emehcs otpyrc ym neht ,siht daer nac uoy fI
[2015/11/04 11:39:36.107] (INFO) Checked file systems for errors: All filesystems OK.
[2015/11/04 11:39:36.107] (WARN) Ignoring SIGTERM. It's not that easy to get rid of me.
[2015/11/04 11:39:36.107] (WARN) CPU temperature exceeds 40º Celsius.
[2015/11/04 11:39:36.107] (INFO) Supervisor has entered SUSPENDED state.
[2015/11/04 11:39:36.107] (INFO) Alien monitor (aliend): Detected no space aliens.
[2015/11/04 11:39:36.107] (ERROR) Server log backup FAILED. See backup logs.
[2015/11/04 11:39:36.107] (INFO) Alien monitor (aliend): Detected no space aliens.
[2015/11/04 11:39:36.107] (INFO) Rolling 3 log file(s)...
[2015/11/04 11:39:36.107] (INFO) Checkpointing off-heap server memory...
[2015/11/04 11:39:36.107] (INFO) Your mother called. She says you never call her.
[2015/11/04 11:39:36.107] (INFO) Checked file systems for errors: All filesystems OK.
[2015/11/04 11:39:36.107] (INFO) Sending SIGTERM to 3 excess workers.
[2015/11/04 11:39:36.107] (INFO) Backed up all server logs.
[2015/11/04 11:39:36.107] (INFO) Supervisor has entered RUNNING state.
[2015/11/04 11:39:36.107] (INFO) Checked file systems for errors: All filesystems OK.
[2015/11/04 11:39:36.107] (INFO) Flushed 22 buffers to disk.
[2015/11/04 11:39:36.107] (INFO) Backed up all server logs.
[2015/11/04 11:39:36.107] (WARN) Space on disk /dev/sde4 is low: Only 639 MB available.
[2015/11/04 11:39:36.107] (INFO) Your mother called. She says you never call her.
[2015/11/04 11:39:36.107] (INFO) Checked file systems for errors: All filesystems OK.
[2015/11/04 11:39:36.107] (INFO) Pinging watchdog timer process: Process is alive.
[2015/11/04 11:39:36.107] (INFO) Pinging watchdog timer process: Process is alive.
[2015/11/04 11:39:36.107] (INFO) Your mother called. She says you never call her.
[2015/11/04 11:39:36.107] (INFO) Your mother called. She says you never call her.
[2015/11/04 11:39:36.107] (INFO) Sending SIGTERM to 4 excess workers.
[2015/11/04 11:39:36.107] (INFO) Flushed 30 buffers to disk.
[2015/11/04 11:39:36.107] (ERROR) Alien monitor (aliend): 3 space aliens are fiddling with the hardware!
[2015/11/04 11:39:36.107] (INFO) Network heartbeat check: All OK.
[2015/11/04 11:39:36.107] (INFO) Checked file systems for errors: All filesystems OK.
[2015/11/04 11:39:36.107] (INFO) Device 0x2bdc is online.
[2015/11/04 11:39:36.107] (INFO) Waiting for supervisor process (PID 17766) to die.
[2015/11/04 11:39:36.107] (INFO) Alien monitor (aliend): Detected no space aliens.
[2015/11/04 11:39:36.107] (INFO) User "kfp1648" logged out.
[2015/11/04 11:39:36.107] (INFO) User "eug2143" logged out due to inactivity (timeout=30 minutes).
[2015/11/04 11:39:36.107] (INFO) User "npr5459" logged in from 172.16.14.156.
[2015/11/04 11:39:36.107] (INFO) Flushed 26 buffers to disk.
[2015/11/04 11:39:36.107] (INFO) Device 0x14ae is online.
[2015/11/04 11:39:36.107] (INFO) Flushed 73 buffers to disk.
[2015/11/04 11:39:36.107] (INFO) User "fbb1290" logged in from 10.186.164.110.
[2015/11/04 11:39:36.107] (INFO) User "stg1195" logged out.
[2015/11/04 11:39:36.107] (INFO) .evian ylbirret si emehcs otpyrc ym neht ,siht daer nac uoy fI
[2015/11/04 11:39:36.107] (INFO) Your mother called. She says you never call her.
[2015/11/04 11:39:36.107] (INFO) Rolling 8 log file(s)...
[2015/11/04 11:39:36.107] (INFO) Checked file systems for errors: All filesystems OK.
[2015/11/04 11:39:36.107] (INFO) Checkpointing off-heap server memory...
[2015/11/04 11:39:36.107] (INFO) Alien monitor (aliend): Detected no space aliens.
[2015/11/04 11:39:36.107] (INFO) Your mother called. She says you never call her.
[2015/11/04 11:39:36.107] (INFO) Waiting for worker process (PID 6152) to die.
[2015/11/04 11:39:36.107] (INFO) User "irm6719" logged out due to inactivity (timeout=30 minutes).
[2015/11/04 11:39:36.107] (INFO) Supervisor has entered RESTARTING state.
[2015/11/04 11:39:36.107] (INFO) User "yau1888" logged in from 172.16.184.244.
[2015/11/04 11:39:36.107] (INFO) Flushed 92 buffers to disk.
[2015/11/04 11:39:36.107] (INFO) Your mother called. She says you never call her.
[2015/11/04 11:39:36.107] (INFO) Pinging watchdog timer process: Process is alive.
[2015/11/04 11:39:36.107] (INFO) Checkpointing off-heap server memory...
[2015/11/04 11:39:36.107] (INFO) Sending SIGTERM to 2 excess workers.
[2015/11/04 11:39:36.107] (INFO) Waiting for supervisor process (PID 4915) to die.
[2015/11/04 11:39:36.107] (INFO) Backed up all server logs.
[2015/11/04 11:39:36.107] (INFO) Rolling 5 log file(s)...
[2015/11/04 11:39:36.107] (INFO) Device 0xc296 is online.
[2015/11/04 11:39:36.107] (INFO) Device 0x47ac is online.
[2015/11/04 11:39:36.107] (INFO) Waiting for supervisor process (PID 10079) to die.
[2015/11/04 11:39:36.107] (INFO) Device 0x285d is online.
[2015/11/04 11:39:36.107] (WARN) Dropped 8,739 corrupt data packets.
[2015/11/04 11:39:36.107] (INFO) Your mother called. She says you never call her.
[2015/11/04 11:39:36.107] (INFO) Sending SIGTERM to 4 excess workers.
[2015/11/04 11:39:36.107] (INFO) Checkpointing off-heap server memory...
[2015/11/04 11:39:36.107] (INFO) Device 0x64e8 is online.
[2015/11/04 11:39:36.107] (INFO) Sending SIGTERM to 4 excess workers.
[2015/11/04 11:39:36.107] (WARN) Master took 764 ms to respond (threshold=500 ms)
[2015/11/04 11:39:36.107] (INFO) Rolling 3 log file(s)...
[2015/11/04 11:39:36.107] (ERROR) Blocked Little Bobby Tables attack (https://xkcd.com/327/) from 10.77.54.82.
[2015/11/04 11:39:36.107] (INFO) Sending SIGTERM to 3 excess workers.
[2015/11/04 11:39:36.107] (ERROR) CPU temperature exceeds 50º Celsius. Shutting down.
[2015/11/04 11:39:36.107] (INFO) User "itr4303" logged out due to inactivity (timeout=30 minutes).
[2015/11/04 11:39:36.107] (INFO) Your mother called. She says you never call her.
[2015/11/04 11:39:36.107] (INFO) Checkpointing off-heap server memory...
[2015/11/04 11:39:36.107] (ERROR) Blocked Little Bobby Tables attack (https://xkcd.com/327/) from 192.168.148.93.
[2015/11/04 11:39:36.107] (INFO) User "bua6093" logged in from 192.168.56.124.
[2015/11/04 11:39:36.107] (INFO) User "mah7363" logged out due to inactivity (timeout=30 minutes).
[2015/11/04 11:39:36.107] (WARN) Unable to ping monitor at 192.168.65.199. Retrying.
[2015/11/04 11:39:36.107] (WARN) Retrying server log checkpoint.
[2015/11/04 11:39:36.107] (ERROR) Alien monitor (aliend): 2 space aliens are fiddling with the hardware!
[2015/11/04 11:39:36.107] (INFO) Device 0x9ef7 is online.
[2015/11/04 11:39:36.107] (INFO) Waiting for master process (PID 60187) to die.
[2015/11/04 11:39:36.107] (WARN) Ignoring SIGTERM. It's not that easy to get rid of me.
[2015/11/04 11:39:36.107] (ERROR) Detected clock skew! Restarting NTP server.
[2015/11/04 11:39:36.107] (INFO) User "nxf8483" logged out.
[2015/11/04 11:39:36.607] (INFO) Supervisor has entered SUSPENDED state.
[2015/11/04 11:39:36.607] (INFO) User "yns1314" logged out due to inactivity (timeout=30 minutes).
[2015/11/04 11:39:36.607] (WARN) Watchdog timer crashed. Restarting it.
[2015/11/04 11:39:36.607] (INFO) User "xcy9261" logged in from 192.168.58.248.
[2015/11/04 11:39:36.607] (INFO) Waiting for monitor process (PID 19281) to die.
[2015/11/04 11:39:36.607] (ERROR) Failed to open "/mnt/fileserver01/TSPlZ67087.csv": NFS timeout.
[2015/11/04 11:39:36.607] (INFO) .evian ylbirret si emehcs otpyrc ym neht ,siht daer nac uoy fI
[2015/11/04 11:39:36.607] (INFO) Supervisor has entered RUNNING state.
[2015/11/04 11:39:36.607] (INFO) Rolling 4 log file(s)...
[2015/11/04 11:39:36.607] (ERROR) Blocked Little Bobby Tables attack (https://xkcd.com/327/) from 192.168.27.172.
[2015/11/04 11:39:36.607] (INFO) Waiting for master process (PID 27807) to die.
[2015/11/04 11:39:36.607] (INFO) Device 0x650f is online.
[2015/11/04 11:39:36.607] (INFO) .evian ylbirret si emehcs otpyrc ym neht ,siht daer nac uoy fI
[2015/11/04 11:39:36.607] (INFO) User "pil2841" logged out.
[2015/11/04 11:39:36.607] (INFO) Alien monitor (aliend): Detected no space aliens.
[2015/11/04 11:39:36.607] (INFO) Your mother called. She says you never call her.
[2015/11/04 11:39:36.607] (INFO) Alien monitor (aliend): Detected no space aliens.
[2015/11/04 11:39:36.607] (INFO) Waiting for master process (PID 2850) to die.
[2015/11/04 11:39:36.607] (WARN) Watchdog timer crashed. Restarting it.
[2015/11/04 11:39:36.607] (INFO) Pinging watchdog timer process: Process is alive.
[2015/11/04 11:39:36.607] (INFO) Checkpointing off-heap server memory...
[2015/11/04 11:39:36.607] (ERROR) One of the flayrods has gone out askew on treadle.
[2015/11/04 11:39:36.607] (INFO) Checkpointing off-heap server memory...
[2015/11/04 11:39:36.607] (INFO) Alien monitor (aliend): Detected no space aliens.
[2015/11/04 11:39:36.607] (INFO) Checkpointing off-heap server memory...
[2015/11/04 11:39:36.607] (INFO) Flushed 88 buffers to disk.
[2015/11/04 11:39:36.607] (INFO) Checked file systems for errors: All filesystems OK.
[2015/11/04 11:39:36.607] (INFO) Alien monitor (aliend): Detected no space aliens.
[2015/11/04 11:39:36.607] (INFO) Your mother called. She says you never call her.
[2015/11/04 11:39:36.607] (INFO) Checked file systems for errors: All filesystems OK.
[2015/11/04 11:39:36.607] (INFO) Rolling 5 log file(s)...
[2015/11/04 11:39:36.607] (INFO) Flushed 28 buffers to disk.
[2015/11/04 11:39:36.607] (INFO) User "bms6020" logged out.
[2015/11/04 11:39:36.607] (WARN) Backup server 10.82.250.187 is offline.
[2015/11/04 11:39:36.607] (WARN) Network heartbeat check: 15 server(s) did not respond.
[2015/11/04 11:39:36.607] (INFO) Supervisor has entered WAITING state.
[2015/11/04 11:39:36.607] (WARN) Master took 873 ms to respond (threshold=500 ms)
[2015/11/04 11:39:36.607] (INFO) Checked file systems for errors: All filesystems OK.
[2015/11/04 11:39:36.607] (INFO) Device 0xa3f9 is online.
[2015/11/04 11:39:36.607] (INFO) User "tws3728" logged in from 192.168.229.163.
[2015/11/04 11:39:36.607] (INFO) Checkpointing off-heap server memory...
[2015/11/04 11:39:36.607] (WARN) Network heartbeat check: 15 server(s) did not respond.
[2015/11/04 11:39:36.607] (INFO) Pinging watchdog timer process: Process is alive.
[2015/11/04 11:39:36.607] (INFO) Device 0xeb43 is online.
[2015/11/04 11:39:36.607] (INFO) Backed up all server logs.
[2015/11/04 11:39:36.607] (INFO) Sending SIGTERM to 4 excess workers.
[2015/11/04 11:39:36.607] (INFO) Sending SIGTERM to 2 excess workers.
[2015/11/04 11:39:36.607] (INFO) .evian ylbirret si emehcs otpyrc ym neht ,siht daer nac uoy fI
[2015/11/04 11:39:36.607] (INFO) Your mother called. She says you never call her.
[2015/11/04 11:39:36.607] (ERROR) EFOODFAIL (Waiter, there's a fly in my soup).
[2015/11/04 11:39:36.607] (INFO) Flushed 56 buffers to disk.
[2015/11/04 11:39:36.607] (INFO) Backed up all server logs.
[2015/11/04 11:39:36.607] (INFO) User "dfg1791" logged out.
[2015/11/04 11:39:36.607] (INFO) Your mother called. She says you never call her.
[2015/11/04 11:39:36.607] (INFO) User "ukt4793" logged out due to inactivity (timeout=30 minutes).
[2015/11/04 11:39:36.607] (INFO) Flushed 83 buffers to disk.
[2015/11/04 11:39:36.607] (INFO) Alien monitor (aliend): Detected no space aliens.
[2015/11/04 11:39:36.607] (INFO) Network heartbeat check: All OK.
[2015/11/04 11:39:36.607] (INFO) Supervisor has entered RUNNING state.
[2015/11/04 11:39:36.607] (INFO) Pinging watchdog timer process: Process is alive.
[2015/11/04 11:39:36.607] (INFO) Backed up all server logs.
[2015/11/04 11:39:36.607] (INFO) Network heartbeat check: All OK.
[2015/11/04 11:39:36.607] (ERROR) Unable to write to "/var/data/UiHVF76471.tar.gz": Permission denied (EACCES)
[2015/11/04 11:39:36.607] (INFO) Supervisor has entered SUSPENDED state.
[2015/11/04 11:39:36.607] (INFO) Pinging watchdog timer process: Process is alive.
[2015/11/04 11:39:36.607] (INFO) Alien monitor (aliend): Detected no space aliens.
[2015/11/04 11:39:36.607] (INFO) Sending SIGTERM to 3 excess workers.
[2015/11/04 11:39:36.607] (INFO) Checked file systems for errors: All filesystems OK.
[2015/11/04 11:39:36.607] (ERROR) Alien monitor (aliend): 4 space aliens are fiddling with the hardware!
[2015/11/04 11:39:36.607] (INFO) Checkpointing off-heap server memory...
[2015/11/04 11:39:36.607] (INFO) Backed up all server logs.
[2015/11/04 11:39:36.607] (WARN) Backup server 172.16.94.251 is offline.
[2015/11/04 11:39:36.607] (INFO) Device 0x9f08 is online.
[2015/11/04 11:39:36.607] (INFO) Rolling 8 log file(s)...
[2015/11/04 11:39:36.607] (INFO) Rolling 1 log file(s)...
[2015/11/04 11:39:36.607] (INFO) Supervisor has entered RESTARTING state.
[2015/11/04 11:39:36.607] (INFO) Supervisor has entered SUSPENDED state.
[2015/11/04 11:39:36.607] (INFO) User "mri1776" logged out.
[2015/11/04 11:39:36.607] (INFO) Network heartbeat check: All OK.
[2015/11/04 11:39:36.607] (INFO) Network heartbeat check: All OK.
[2015/11/04 11:39:36.607] (INFO) Sending SIGTERM to 2 excess workers.
[2015/11/04 11:39:36.607] (INFO) Flushed 33 buffers to disk.
[2015/11/04 11:39:36.607] (INFO) User "lrk6655" logged in from 192.168.136.206.
[2015/11/04 11:39:36.607] (INFO) Flushed 49 buffers to disk.
[2015/11/04 11:39:36.607] (INFO) Device 0xc01d is online.
[2015/11/04 11:39:36.607] (INFO) Pinging watchdog timer process: Process is alive.
[2015/11/04 11:39:36.607] (INFO) Flushed 30 buffers to disk.
[2015/11/04 11:39:36.607] (WARN) Ignoring SIGTERM. It's not that easy to get rid of me.
[2015/11/04 11:39:36.607] (INFO) Supervisor has entered RUNNING state.
[2015/11/04 11:39:36.607] (INFO) Device 0x4f33 is online.
[2015/11/04 11:39:36.607] (INFO) Sending SIGTERM to 2 excess workers.
[2015/11/04 11:39:36.607] (INFO) Device 0x2e37 is online.
[2015/11/04 11:39:36.607] (INFO) Backed up all server logs.
[2015/11/04 11:39:36.607] (WARN) Backup server 172.16.141.13 is offline.
[2015/11/04 11:39:36.607] (INFO) Rolling 3 log file(s)...
[2015/11/04 11:39:36.607] (INFO) User "ykh4276" logged out due to inactivity (timeout=30 minutes).
[2015/11/04 11:39:36.607] (INFO) Flushed 53 buffers to disk.
[2015/11/04 11:39:36.607] (WARN) Possible cyber-attack from a small unnamed island.
[2015/11/04 11:39:36.607] (INFO) Flushed 60 buffers to disk.
[2015/11/04 11:39:36.607] (INFO) Checked file systems for errors: All filesystems OK.
[2015/11/04 11:39:53.107] (WARN) Network heartbeat check: 2 server(s) did not respond.
[2015/11/04 11:39:53.107] (INFO) Network heartbeat check: All OK.
[2015/11/04 11:39:53.107] (INFO) Checked file systems for errors: All filesystems OK.
[2015/11/04 11:39:53.107] (INFO) User "ovy6040" logged in from 172.16.102.149.
[2015/11/04 11:39:53.107] (WARN) Unable to ping supervisor at 10.252.250.138. Retrying.
[2015/11/04 11:39:53.107] (INFO) Pinging watchdog timer process: Process is alive.
[2015/11/04 11:39:53.107] (INFO) .evian ylbirret si emehcs otpyrc ym neht ,siht daer nac uoy fI
[2015/11/04 11:39:53.107] (WARN) Space on disk /dev/sde1 is low: Only 133 MB available.
[2015/11/04 11:39:53.107] (ERROR) One of the flayrods has gone out askew on treadle.
[2015/11/04 11:39:53.107] (WARN) Ignoring SIGTERM. It's not that easy to get rid of me.
[2015/11/04 11:39:53.107] (WARN) Master took 768 ms to respond (threshold=500 ms)
[2015/11/04 11:39:53.107] (INFO) Device 0x57d2 is online.
[2015/11/04 11:39:53.107] (INFO) Flushed 67 buffers to disk.
[2015/11/04 11:39:53.107] (INFO) Network heartbeat check: All OK.
[2015/11/04 11:39:53.107] (INFO) Sending SIGTERM to 3 excess workers.
[2015/11/04 11:39:53.107] (INFO) Waiting for supervisor process (PID 5960) to die.
[2015/11/04 11:39:53.107] (INFO) User "ghu9770" logged in from 172.16.37.115.
[2015/11/04 11:39:53.107] (INFO) Network heartbeat check: All OK.
[2015/11/04 11:39:53.107] (INFO) Waiting for worker process (PID 14674) to die.
[2015/11/04 11:39:53.107] (INFO) Device 0x471c is online.
[2015/11/04 11:39:53.107] (INFO) User "vis4799" logged out due to inactivity (timeout=30 minutes).
[2015/11/04 11:39:53.107] (ERROR) Server log backup FAILED. See backup logs.
[2015/11/04 11:39:53.107] (INFO) Waiting for master process (PID 23130) to die.
[2015/11/04 11:39:53.107] (INFO) User "eei6895" logged out.
[2015/11/04 11:39:53.107] (ERROR) Detected incoming DDoS from 172.16.10.72.
[2015/11/04 11:39:53.107] (INFO) Your mother called. She says you never call her.
[2015/11/04 11:39:53.107] (ERROR) Blocked Little Bobby Tables attack (https://xkcd.com/327/) from 172.16.51.122.
[2015/11/04 11:39:53.107] (INFO) Checked file systems for errors: All filesystems OK.
[2015/11/04 11:39:53.107] (INFO) Supervisor has entered SUSPENDED state.
[2015/11/04 11:39:53.107] (INFO) Sending SIGTERM to 2 excess workers.
[2015/11/04 11:39:53.107] (INFO) Sending SIGTERM to 2 excess workers.
[2015/11/04 11:39:53.107] (ERROR) One of the flayrods has gone out askew on treadle.
[2015/11/04 11:39:53.107] (INFO) User "fne6930" logged out.
[2015/11/04 11:39:53.107] (INFO) Supervisor has entered RESTARTING state.
[2015/11/04 11:39:53.107] (INFO) Waiting for supervisor process (PID 22084) to die.
[2015/11/04 11:39:53.107] (INFO) User "yxk1642" logged out.
[2015/11/04 11:39:53.107] (INFO) Supervisor has entered WAITING state.
[2015/11/04 11:39:53.107] (INFO) Backed up all server logs.
[2015/11/04 11:39:53.107] (ERROR) Detected clock skew! Restarting NTP server.
[2015/11/04 11:39:53.107] (INFO) Waiting for master process (PID 27149) to die.
[2015/11/04 11:39:53.107] (INFO) Flushed 69 buffers to disk.
[2015/11/04 11:39:53.107] (INFO) User "qtm4029" logged out due to inactivity (timeout=30 minutes).
[2015/11/04 11:39:53.107] (INFO) User "nwz5937" logged in from 172.16.35.8.
[2015/11/04 11:39:53.107] (INFO) Your mother called. She says you never call her.
[2015/11/04 11:39:53.107] (INFO) Your mother called. She says you never call her.
[2015/11/04 11:39:53.107] (INFO) Waiting for master process (PID 2103) to die.
[2015/11/04 11:39:53.107] (ERROR) Blocked FTP traffic originating from 10.81.87.247.
[2015/11/04 11:39:53.107] (INFO) Checkpointing off-heap server memory...
[2015/11/04 11:39:53.107] (INFO) Pinging watchdog timer process: Process is alive.
[2015/11/04 11:39:53.107] (INFO) Network heartbeat check: All OK.
[2015/11/04 11:39:53.107] (INFO) .evian ylbirret si emehcs otpyrc ym neht ,siht daer nac uoy fI
[2015/11/04 11:39:53.107] (INFO) Checkpointing off-heap server memory...
[2015/11/04 11:39:53.107] (INFO) Alien monitor (aliend): Detected no space aliens.
[2015/11/04 11:39:53.107] (INFO) Alien monitor (aliend): Detected no space aliens.
[2015/11/04 11:39:53.107] (INFO) Checkpointing off-heap server memory...
[2015/11/04 11:39:53.107] (INFO) Flushed 72 buffers to disk.
[2015/11/04 11:39:53.107] (WARN) Ignoring SIGTERM. It's not that easy to get rid of me.
[2015/11/04 11:39:53.107] (INFO) User "gne3293" logged out due to inactivity (timeout=30 minutes).
[2015/11/04 11:39:53.107] (INFO) Network heartbeat check: All OK.
[2015/11/04 11:39:53.107] (INFO) Network heartbeat check: All OK.
[2015/11/04 11:39:53.107] (ERROR) Network heartbeat check FAILED: Master host down?
[2015/11/04 11:39:53.107] (INFO) Your mother called. She says you never call her.
[2015/11/04 11:39:53.107] (INFO) Checkpointing off-heap server memory...
[2015/11/04 11:39:53.107] (INFO) .evian ylbirret si emehcs otpyrc ym neht ,siht daer nac uoy fI
[2015/11/04 11:39:53.107] (INFO) Backed up all server logs.
[2015/11/04 11:39:53.107] (INFO) .evian ylbirret si emehcs otpyrc ym neht ,siht daer nac uoy fI
[2015/11/04 11:39:53.107] (INFO) User "ipg4615" logged out.
[2015/11/04 11:39:53.107] (INFO) Sending SIGTERM to 3 excess workers.
[2015/11/04 11:39:53.107] (INFO) .evian ylbirret si emehcs otpyrc ym neht ,siht daer nac uoy fI
[2015/11/04 11:39:53.107] (WARN) CPU temperature exceeds 40º Celsius.
[2015/11/04 11:39:53.107] (INFO) Backed up all server logs.
[2015/11/04 11:39:53.107] (INFO) Backed up all server logs.
[2015/11/04 11:39:53.107] (ERROR) CPU temperature exceeds 50º Celsius. Shutting down.
[2015/11/04 11:39:53.107] (INFO) User "wwn3119" logged out.
[2015/11/04 11:39:53.107] (INFO) Sending SIGTERM to 3 excess workers.
[2015/11/04 11:39:53.107] (ERROR) Failed to open "/mnt/fileserver02/qpTMI92141.csv": NFS timeout.
[2015/11/04 11:39:53.107] (INFO) Flushed 31 buffers to disk.
[2015/11/04 11:39:53.107] (INFO) Pinging watchdog timer process: Process is alive.
[2015/11/04 11:39:53.107] (WARN) Backup server 192.168.194.140 is offline.
[2015/11/04 11:39:53.107] (INFO) Checked file systems for errors: All filesystems OK.
[2015/11/04 11:39:53.107] (ERROR) Directory index of "/var/data" is forbidden.
[2015/11/04 11:39:53.107] (INFO) Checkpointing off-heap server memory...
[2015/11/04 11:39:53.107] (WARN) Unable to ping monitor at 10.131.118.43. Retrying.
[2015/11/04 11:39:53.107] (INFO) Rolling 2 log file(s)...
[2015/11/04 11:39:53.107] (WARN) Space on disk /dev/sda1 is low: Only 170 MB available.
[2015/11/04 11:39:53.107] (INFO) Checkpointing off-heap server memory...
[2015/11/04 11:39:53.107] (INFO) Rolling 2 log file(s)...
[2015/11/04 11:39:53.107] (INFO) Your mother called. She says you never call her.
[2015/11/04 11:39:53.107] (INFO) Device 0x754d is online.
[2015/11/04 11:39:53.107] (WARN) Space on disk /dev/sdf4 is low: Only 176 MB available.
[2015/11/04 11:39:53.107] (INFO) .evian ylbirret si emehcs otpyrc ym neht ,siht daer nac uoy fI
[2015/11/04 11:39:53.107] (INFO) User "eir5458" logged out due to inactivity (timeout=30 minutes).
[2015/11/04 11:39:53.107] (INFO) Alien monitor (aliend): Detected no space aliens.
[2015/11/04 11:39:53.107] (INFO) Rolling 1 log file(s)...
[2015/11/04 11:39:53.107] (INFO) User "vgt5578" logged out due to inactivity (timeout=30 minutes).
[2015/11/04 11:39:53.107] (INFO) Device 0xbe0e is online.
[2015/11/04 11:39:53.107] (INFO) Your mother called. She says you never call her.
[2015/11/04 11:39:53.107] (INFO) User "dyc7769" logged out due to inactivity (timeout=30 minutes).
[2015/11/04 11:39:53.107] (INFO) Checkpointing off-heap server memory...
[2015/11/04 11:39:53.107] (INFO) Pinging watchdog timer process: Process is alive.
[2015/11/04 11:39:53.607] (INFO) Flushed 33 buffers to disk.
[2015/11/04 11:39:53.607] (ERROR) Connection to 192.168.117.183 terminated unexpectedly. Reconnecting.
[2015/11/04 11:39:53.607] (INFO) Pinging watchdog timer process: Process is alive.
[2015/11/04 11:39:53.607] (INFO) Flushed 36 buffers to disk.
[2015/11/04 11:39:53.607] (INFO) User "byb7705" logged in from 172.16.6.99.
[2015/11/04 11:39:53.607] (INFO) User "lhk8500" logged in from 172.16.200.157.
[2015/11/04 11:39:53.607] (INFO) Flushed 30 buffers to disk.
[2015/11/04 11:39:53.607] (INFO) User "tis6631" logged out.
[2015/11/04 11:39:53.607] (INFO) Network heartbeat check: All OK.
[2015/11/04 11:39:53.607] (INFO) Network heartbeat check: All OK.
[2015/11/04 11:39:53.607] (INFO) Alien monitor (aliend): Detected no space aliens.
[2015/11/04 11:39:53.607] (INFO) Network heartbeat check: All OK.
[2015/11/04 11:39:53.607] (INFO) User "amw8629" logged out due to inactivity (timeout=30 minutes).
[2015/11/04 11:39:53.607] (INFO) Rolling 9 log file(s)...
[2015/11/04 11:39:53.607] (INFO) Rolling 9 log file(s)...
[2015/11/04 11:39:53.607] (INFO) Sending SIGTERM to 4 excess workers.
[2015/11/04 11:39:53.607] (WARN) Ignoring SIGTERM. It's not that easy to get rid of me.
[2015/11/04 11:39:53.607] (INFO) Pinging watchdog timer process: Process is alive.
[2015/11/04 11:39:53.607] (INFO) User "fxj3477" logged out due to inactivity (timeout=30 minutes).
[2015/11/04 11:39:53.607] (INFO) Waiting for master process (PID 35876) to die.
[2015/11/04 11:39:53.607] (INFO) Alien monitor (aliend): Detected no space aliens.
[2015/11/04 11:39:53.607] (ERROR) Device 0x0c21 is offline
[2015/11/04 11:39:53.607] (INFO) Network heartbeat check: All OK.
[2015/11/04 11:39:53.607] (INFO) Supervisor has entered WAITING state.
[2015/11/04 11:39:53.607] (INFO) Network heartbeat check: All OK.
[2015/11/04 11:39:53.607] (INFO) Sending SIGTERM to 4 excess workers.
[2015/11/04 11:39:53.607] (INFO) Flushed 52 buffers to disk.
[2015/11/04 11:39:53.607] (ERROR) Worker 9 died with SIGSEGV. Restarting it.
[2015/11/04 11:39:53.607] (INFO) Supervisor has entered WAITING state.
[2015/11/04 11:39:53.607] (INFO) Device 0xf04a is online.
[2015/11/04 11:39:53.607] (INFO) Alien monitor (aliend): Detected no space aliens.
[2015/11/04 11:39:53.607] (INFO) Backed up all server logs.
[2015/11/04 11:39:53.607] (INFO) Device 0xf19d is online.
[2015/11/04 11:39:53.607] (INFO) User "wkm1425" logged out due to inactivity (timeout=30 minutes).
[2015/11/04 11:39:53.607] (INFO) Supervisor has entered WAITING state.
[2015/11/04 11:39:53.607] (INFO) User "gya7086" logged in from 172.16.206.91.
[2015/11/04 11:39:53.607] (INFO) Alien monitor (aliend): Detected no space aliens.
[2015/11/04 11:39:53.607] (INFO) .evian ylbirret si emehcs otpyrc ym neht ,siht daer nac uoy fI
[2015/11/04 11:39:53.607] (INFO) User "suv3996" logged out due to inactivity (timeout=30 minutes).
[2015/11/04 11:39:53.607] (INFO) Supervisor has entered WAITING state.
[2015/11/04 11:39:53.607] (WARN) Ignoring SIGTERM. It's not that easy to get rid of me.
[2015/11/04 11:39:53.607] (WARN) Watchdog timer crashed. Restarting it.
[2015/11/04 11:39:53.607] (INFO) Pinging watchdog timer process: Process is alive.
[2015/11/04 11:39:53.607] (INFO) .evian ylbirret si emehcs otpyrc ym neht ,siht daer nac uoy fI
[2015/11/04 11:39:53.607] (INFO) Checkpointing off-heap server memory...
[2015/11/04 11:39:53.607] (INFO) Rolling 6 log file(s)...
[2015/11/04 11:39:53.607] (ERROR) Worker 2 died with SIGKILL. Restarting it.
[2015/11/04 11:39:53.607] (INFO) Sending SIGTERM to 3 excess workers.
[2015/11/04 11:39:53.607] (ERROR) /dev/lp error: "PC LOAD LETTER"
[2015/11/04 11:39:53.607] (INFO) User "eko7215" logged out.
[2015/11/04 11:39:53.607] (INFO) Checkpointing off-heap server memory...
[2015/11/04 11:39:53.607] (INFO) Waiting for worker process (PID 40878) to die.
[2015/11/04 11:39:53.607] (INFO) Alien monitor (aliend): Detected no space aliens.
[2015/11/04 11:39:53.607] (WARN) Watchdog timer crashed. Restarting it.
[2015/11/04 11:39:53.607] (ERROR) Unable to write to "/var/data/bnMRR62896.xslx": Permission denied (EACCES)
[2015/11/04 11:39:53.607] (INFO) Rolling 9 log file(s)...
[2015/11/04 11:39:53.607] (WARN) Possible cyber-attack from Alpha Centauri.
[2015/11/04 11:39:53.607] (INFO) Alien monitor (aliend): Detected no space aliens.
[2015/11/04 11:39:53.607] (INFO) Backed up all server logs.
[2015/11/04 11:39:53.607] (INFO) Checked file systems for errors: All filesystems OK.
[2015/11/04 11:39:53.607] (INFO) Rolling 2 log file(s)...
[2015/11/04 11:39:53.607] (INFO) Checked file systems for errors: All filesystems OK.
[2015/11/04 11:39:53.607] (INFO) Network heartbeat check: All OK.
[2015/11/04 11:39:53.607] (ERROR) Extra characters at end of line.
[2015/11/04 11:39:53.607] (INFO) User "nmn8080" logged in from 10.252.70.108.
[2015/11/04 11:39:53.607] (ERROR) Failed to open "/mnt/fileserver02/rGIYe60568.txt": NFS timeout.
[2015/11/04 11:39:53.607] (WARN) Unable to ping worker at 172.16.25.11. Retrying.
[2015/11/04 11:39:53.607] (INFO) Device 0xf0da is online.
[2015/11/04 11:39:53.607] (INFO) Checked file systems for errors: All filesystems OK.
[2015/11/04 11:39:53.607] (INFO) Supervisor has entered RUNNING state.
[2015/11/04 11:39:53.607] (INFO) Alien monitor (aliend): Detected no space aliens.
[2015/11/04 11:39:53.607] (INFO) User "vjw2934" logged out.
[2015/11/04 11:39:53.607] (INFO) Checked file systems for errors: All filesystems OK.
[2015/11/04 11:39:53.607] (INFO) User "czs9010" logged out.
[2015/11/04 11:39:53.607] (INFO) Checkpointing off-heap server memory...
[2015/11/04 11:39:53.607] (WARN) Ignoring SIGTERM. It's not that easy to get rid of me.
[2015/11/04 11:39:53.607] (INFO) Supervisor has entered WAITING state.
[2015/11/04 11:39:53.607] (INFO) Network heartbeat check: All OK.
[2015/11/04 11:39:53.607] (INFO) User "yir6357" logged in from 10.177.180.16.
[2015/11/04 11:39:53.607] (INFO) Sending SIGTERM to 4 excess workers.
[2015/11/04 11:39:53.607] (INFO) Flushed 43 buffers to disk.
[2015/11/04 11:39:53.607] (INFO) User "ufo6871" logged out due to inactivity (timeout=30 minutes).
[2015/11/04 11:39:53.607] (INFO) Pinging watchdog timer process: Process is alive.
[2015/11/04 11:39:53.607] (INFO) Network heartbeat check: All OK.
[2015/11/04 11:39:53.607] (INFO) Device 0x3690 is online.
[2015/11/04 11:39:53.607] (WARN) Unable to ping supervisor at 192.168.65.179. Retrying.
[2015/11/04 11:39:53.607] (INFO) Your mother called. She says you never call her.
[2015/11/04 11:39:53.607] (INFO) Your mother called. She says you never call her.
[2015/11/04 11:39:53.607] (INFO) Checkpointing off-heap server memory...
[2015/11/04 11:39:53.607] (INFO) Flushed 58 buffers to disk.
[2015/11/04 11:39:53.607] (INFO) Supervisor has entered RUNNING state.
[2015/11/04 11:39:53.607] (INFO) Alien monitor (aliend): Detected no space aliens.
[2015/11/04 11:39:53.607] (INFO) User "xsh5048" logged out.
[2015/11/04 11:39:53.607] (INFO) Alien monitor (aliend): Detected no space aliens.
[2015/11/04 11:39:53.607] (WARN) Space on disk /dev/sdf1 is low: Only 132 MB available.
[2015/11/04 11:39:53.607] (INFO) Checkpointing off-heap server memory...
[2015/11/04 11:39:53.607] (INFO) User "nzr1888" logged out.
[2015/11/04 11:39:53.607] (INFO) Your mother called. She says you never call her.
[2015/11/04 11:39:53.607] (INFO) Network heartbeat check: All OK.
[2015/11/04 11:39:53.607] (INFO) Rolling 9 log file(s)...
[2015/11/04 11:39:54.108] (INFO) Checkpointing off-heap server memory...
[2015/11/04 11:39:54.108] (INFO) Sending SIGTERM to 4 excess workers.
[2015/11/04 11:39:54.108] (INFO) Sending SIGTERM to 2 excess workers.
[2015/11/04 11:39:54.108] (INFO) Rolling 4 log file(s)...
[2015/11/04 11:39:54.108] (INFO) Device 0x8912 is online.
[2015/11/04 11:39:54.108] (INFO) Network heartbeat check: All OK.
[2015/11/04 11:39:54.108] (ERROR) Detected incoming DDoS from 192.168.241.27.
[2015/11/04 11:39:54.108] (INFO) Rolling 8 log file(s)...
[2015/11/04 11:39:54.108] (INFO) User "sbv2167" logged out due to inactivity (timeout=30 minutes).
[2015/11/04 11:39:54.108] (INFO) Network heartbeat check: All OK.
[2015/11/04 11:39:54.108] (INFO) Flushed 68 buffers to disk.
[2015/11/04 11:39:54.108] (WARN) Unable to ping worker at 172.16.151.101. Retrying.
[2015/11/04 11:39:54.108] (INFO) Alien monitor (aliend): Detected no space aliens.
[2015/11/04 11:39:54.108] (INFO) Your mother called. She says you never call her.
[2015/11/04 11:39:54.108] (INFO) Alien monitor (aliend): Detected no space aliens.
[2015/11/04 11:39:54.108] (INFO) Flushed 89 buffers to disk.
[2015/11/04 11:39:54.108] (WARN) Backup server 172.16.162.84 is offline.
[2015/11/04 11:39:54.108] (INFO) Supervisor has entered SUSPENDED state.
[2015/11/04 11:39:54.108] (WARN) Backup server 10.171.224.207 is offline.
[2015/11/04 11:39:54.108] (INFO) Supervisor has entered WAITING state.
[2015/11/04 11:39:54.108] (INFO) Network heartbeat check: All OK.
[2015/11/04 11:39:54.108] (WARN) Master took 511 ms to respond (threshold=500 ms)
[2015/11/04 11:39:54.108] (INFO) User "qcu6866" logged out.
[2015/11/04 11:39:54.108] (INFO) User "kdj7030" logged out due to inactivity (timeout=30 minutes).
[2015/11/04 11:39:54.108] (INFO) User "yvq9150" logged in from 192.168.153.108.
[2015/11/04 11:39:54.108] (INFO) User "vgr2126" logged out due to inactivity (timeout=30 minutes).
[2015/11/04 11:39:54.108] (INFO) User "ccd7222" logged in from 172.16.67.34.
[2015/11/04 11:39:54.108] (INFO) Backed up all server logs.
[2015/11/04 11:39:54.108] (WARN) Watchdog timer crashed. Restarting it.
[2015/11/04 11:39:54.108] (INFO) Pinging watchdog timer process: Process is alive.
[2015/11/04 11:39:54.108] (ERROR) Network heartbeat check FAILED: Master host down?
[2015/11/04 11:39:54.108] (ERROR) "/var/data/FItWA90191.parquet": No such file or directory (ENOENT)
[2015/11/04 11:39:54.108] (INFO) Your mother called. She says you never call her.
[2015/11/04 11:39:54.108] (WARN) Unable to ping worker at 10.15.155.236. Retrying.
[2015/11/04 11:39:54.108] (INFO) Your mother called. She says you never call her.
[2015/11/04 11:39:54.108] (INFO) Sending SIGTERM to 2 excess workers.
[2015/11/04 11:39:54.108] (INFO) Checked file systems for errors: All filesystems OK.
[2015/11/04 11:39:54.108] (INFO) Checked file systems for errors: All filesystems OK.
[2015/11/04 11:39:54.108] (INFO) Checkpointing off-heap server memory...
[2015/11/04 11:39:54.108] (INFO) Supervisor has entered RESTARTING state.
[2015/11/04 11:39:54.108] (INFO) Rolling 4 log file(s)...
[2015/11/04 11:39:54.108] (INFO) Device 0xf5ac is online.
[2015/11/04 11:39:54.108] (WARN) CPU temperature exceeds 40º Celsius.
[2015/11/04 11:39:54.108] (INFO) Backed up all server logs.
[2015/11/04 11:39:54.108] (WARN) Backup server 192.168.39.224 is offline.
[2015/11/04 11:39:54.108] (INFO) Network heartbeat check: All OK.
[2015/11/04 11:39:54.108] (INFO) Supervisor has entered RUNNING state.
[2015/11/04 11:39:54.108] (INFO) User "lio9878" logged out due to inactivity (timeout=30 minutes).
[2015/11/04 11:39:54.108] (INFO) Alien monitor (aliend): Detected no space aliens.
[2015/11/04 11:39:54.108] (ERROR) Extra characters at end of line.
[2015/11/04 11:39:54.108] (INFO) Checkpointing off-heap server memory...
[2015/11/04 11:39:54.108] (WARN) Space on disk /dev/sde1 is low: Only 152 MB available.
[2015/11/04 11:39:54.108] (WARN) Unable to ping monitor at 172.16.10.165. Retrying.
[2015/11/04 11:39:54.108] (INFO) User "itt9420" logged out due to inactivity (timeout=30 minutes).
[2015/11/04 11:39:54.108] (INFO) Network heartbeat check: All OK.
[2015/11/04 11:39:54.108] (ERROR) Worker 8 died with SIGILL. Restarting it.
[2015/11/04 11:39:54.108] (INFO) Sending SIGTERM to 4 excess workers.
[2015/11/04 11:39:54.108] (INFO) Checkpointing off-heap server memory...
[2015/11/04 11:39:54.108] (INFO) Backed up all server logs.
[2015/11/04 11:39:54.108] (INFO) Network heartbeat check: All OK.
[2015/11/04 11:39:54.108] (INFO) Alien monitor (aliend): Detected no space aliens.
[2015/11/04 11:39:54.108] (ERROR) Worker 4 died with SIGSTOP. Restarting it.
[2015/11/04 11:39:54.108] (INFO) Network heartbeat check: All OK.
[2015/11/04 11:39:54.108] (INFO) Sending SIGTERM to 4 excess workers.
[2015/11/04 11:39:54.108] (INFO) Pinging watchdog timer process: Process is alive.
[2015/11/04 11:39:54.108] (INFO) User "uvf8256" logged in from 10.245.97.207.
[2015/11/04 11:39:54.108] (INFO) Sending SIGTERM to 4 excess workers.
[2015/11/04 11:39:54.108] (INFO) User "dad6293" logged in from 192.168.6.97.
[2015/11/04 11:39:54.108] (INFO) Rolling 5 log file(s)...
[2015/11/04 11:39:54.108] (WARN) Space on disk /dev/sde2 is low: Only 237 MB available.
[2015/11/04 11:39:54.108] (WARN) Dropped 99 corrupt data packets.
[2015/11/04 11:39:54.108] (WARN) Master took 937 ms to respond (threshold=500 ms)
[2015/11/04 11:39:54.108] (INFO) Checkpointing off-heap server memory...
[2015/11/04 11:39:54.108] (INFO) .evian ylbirret si emehcs otpyrc ym neht ,siht daer nac uoy fI
[2015/11/04 11:39:54.108] (INFO) Your mother called. She says you never call her.
[2015/11/04 11:39:54.108] (INFO) Device 0x82b1 is online.
[2015/11/04 11:39:54.108] (INFO) Rolling 8 log file(s)...
[2015/11/04 11:39:54.108] (INFO) User "uiw5386" logged out due to inactivity (timeout=30 minutes).
[2015/11/04 11:39:54.108] (INFO) User "jfi5575" logged out due to inactivity (timeout=30 minutes).
[2015/11/04 11:39:54.108] (WARN) Network heartbeat check: 13 server(s) did not respond.
[2015/11/04 11:39:54.108] (INFO) Waiting for worker process (PID 46495) to die.
[2015/11/04 11:39:54.108] (INFO) User "mdo4177" logged out due to inactivity (timeout=30 minutes).
[2015/11/04 11:39:54.108] (INFO) User "tfa3616" logged in from 10.128.195.160.
[2015/11/04 11:39:54.108] (INFO) User "qbo5755" logged out due to inactivity (timeout=30 minutes).
[2015/11/04 11:39:54.108] (INFO) Supervisor has entered WAITING state.
[2015/11/04 11:39:54.108] (INFO) Waiting for master process (PID 62554) to die.
[2015/11/04 11:39:54.108] (INFO) Device 0x391a is online.
[2015/11/04 11:39:54.108] (WARN) Network heartbeat check: 19 server(s) did not respond.
[2015/11/04 11:39:54.108] (INFO) Alien monitor (aliend): Detected no space aliens.
[2015/11/04 11:39:54.108] (INFO) Pinging watchdog timer process: Process is alive.
[2015/11/04 11:39:54.108] (INFO) Alien monitor (aliend): Detected no space aliens.
[2015/11/04 11:39:54.108] (INFO) Pinging watchdog timer process: Process is alive.
[2015/11/04 11:39:54.108] (WARN) There is no such thing as a free lunch.
[2015/11/04 11:39:54.108] (INFO) User "ylm5822" logged out due to inactivity (timeout=30 minutes).
[2015/11/04 11:39:54.108] (INFO) User "qut7178" logged in from 192.168.112.138.
[2015/11/04 11:39:54.108] (INFO) User "aex5722" logged out due to inactivity (timeout=30 minutes).
[2015/11/04 11:39:54.108] (INFO) Waiting for supervisor process (PID 59366) to die.
[2015/11/04 11:39:54.108] (INFO) User "kqw8593" logged in from 10.225.193.161.
[2015/11/04 11:39:54.108] (INFO) Supervisor has entered SUSPENDED state.
[2015/11/04 11:39:54.108] (WARN) Space on disk /dev/sdc1 is low: Only 133 MB available.
[2015/11/04 11:39:54.607] (INFO) Sending SIGTERM to 2 excess workers.
[2015/11/04 11:39:54.607] (WARN) Retrying server log checkpoint.
[2015/11/04 11:39:54.607] (INFO) Checked file systems for errors: All filesystems OK.
[2015/11/04 11:39:54.607] (INFO) Device 0x10e9 is online.
[2015/11/04 11:39:54.607] (INFO) Checked file systems for errors: All filesystems OK.
[2015/11/04 11:39:54.607] (WARN) CPU temperature exceeds 40º Celsius.
[2015/11/04 11:39:54.607] (ERROR) EFOODFAIL (Waiter, there's a fly in my soup).
[2015/11/04 11:39:54.607] (INFO) User "kgh1506" logged out.
[2015/11/04 11:39:54.607] (INFO) Waiting for master process (PID 26153) to die.
[2015/11/04 11:39:54.607] (INFO) Checkpointing off-heap server memory...
[2015/11/04 11:39:54.607] (INFO) Supervisor has entered WAITING state.
[2015/11/04 11:39:54.607] (INFO) Network heartbeat check: All OK.
[2015/11/04 11:39:54.607] (INFO) Sending SIGTERM to 4 excess workers.
[2015/11/04 11:39:54.607] (INFO) Waiting for monitor process (PID 56032) to die.
[2015/11/04 11:39:54.607] (INFO) Checked file systems for errors: All filesystems OK.
[2015/11/04 11:39:54.607] (INFO) Flushed 75 buffers to disk.
[2015/11/04 11:39:54.607] (INFO) Backed up all server logs.
[2015/11/04 11:39:54.607] (INFO) Sending SIGTERM to 2 excess workers.
[2015/11/04 11:39:54.607] (INFO) Device 0x3e98 is online.
[2015/11/04 11:39:54.607] (INFO) Rolling 1 log file(s)...
[2015/11/04 11:39:54.607] (ERROR) Worker 6 died with SIGURG. Restarting it.
[2015/11/04 11:39:54.607] (INFO) User "gxu6185" logged in from 172.16.56.86.
[2015/11/04 11:39:54.607] (INFO) Waiting for worker process (PID 14468) to die.
[2015/11/04 11:39:54.607] (INFO) User "biu2542" logged in from 10.57.165.86.
[2015/11/04 11:39:54.607] (INFO) Supervisor has entered RESTARTING state.
[2015/11/04 11:39:54.607] (INFO) Alien monitor (aliend): Detected no space aliens.
[2015/11/04 11:39:54.607] (INFO) Device 0xae82 is online.
[2015/11/04 11:39:54.607] (INFO) User "pue4321" logged out.
[2015/11/04 11:39:54.607] (INFO) Sending SIGTERM to 4 excess workers.
[2015/11/04 11:39:54.607] (INFO) Your mother called. She says you never call her.
[2015/11/04 11:39:54.607] (INFO) User "fuf6993" logged out due to inactivity (timeout=30 minutes).
[2015/11/04 11:39:54.607] (INFO) Checkpointing off-heap server memory...
[2015/11/04 11:39:54.607] (INFO) .evian ylbirret si emehcs otpyrc ym neht ,siht daer nac uoy fI
[2015/11/04 11:39:54.607] (INFO) Sending SIGTERM to 3 excess workers.
[2015/11/04 11:39:54.607] (INFO) Backed up all server logs.
[2015/11/04 11:39:54.607] (INFO) .evian ylbirret si emehcs otpyrc ym neht ,siht daer nac uoy fI
[2015/11/04 11:39:54.607] (INFO) User "cav9165" logged out.
[2015/11/04 11:39:54.607] (INFO) User "myq9940" logged out due to inactivity (timeout=30 minutes).
[2015/11/04 11:39:54.607] (INFO) User "ngf7226" logged in from 10.58.32.97.
[2015/11/04 11:39:54.607] (ERROR) /dev/lp error: "PC LOAD LETTER"
[2015/11/04 11:39:54.607] (INFO) Flushed 27 buffers to disk.
[2015/11/04 11:39:54.607] (INFO) Backed up all server logs.
[2015/11/04 11:39:54.607] (INFO) Rolling 6 log file(s)...
[2015/11/04 11:39:54.607] (ERROR) Blocked Little Bobby Tables attack (https://xkcd.com/327/) from 172.16.206.45.
[2015/11/04 11:39:54.607] (INFO) Supervisor has entered RUNNING state.
[2015/11/04 11:39:54.607] (ERROR) Detected clock skew! Restarting NTP server.
[2015/11/04 11:39:54.607] (INFO) Flushed 57 buffers to disk.
[2015/11/04 11:39:54.607] (INFO) Alien monitor (aliend): Detected no space aliens.
[2015/11/04 11:39:54.607] (ERROR) EFOODFAIL (Waiter, there's a fly in my soup).
[2015/11/04 11:39:54.607] (ERROR) Unable to authenticate user "zaf4975": LDAP server isn't responding.
[2015/11/04 11:39:54.607] (INFO) User "vru8631" logged out.
[2015/11/04 11:39:54.607] (INFO) Backed up all server logs.
[2015/11/04 11:39:54.607] (ERROR) Unable to authenticate user "dsz5414": LDAP server isn't responding.
[2015/11/04 11:39:54.607] (INFO) Your mother called. She says you never call her.
[2015/11/04 11:39:54.607] (INFO) Device 0xc6b4 is online.
[2015/11/04 11:39:54.607] (INFO) Network heartbeat check: All OK.
[2015/11/04 11:39:54.607] (INFO) Your mother called. She says you never call her.
[2015/11/04 11:39:54.607] (INFO) User "kiq8754" logged out.
[2015/11/04 11:39:54.607] (INFO) Sending SIGTERM to 4 excess workers.
[2015/11/04 11:39:54.607] (INFO) Device 0x9fd1 is online.
[2015/11/04 11:39:54.607] (INFO) Flushed 74 buffers to disk.
[2015/11/04 11:39:54.607] (INFO) Alien monitor (aliend): Detected no space aliens.
[2015/11/04 11:39:54.607] (INFO) Checked file systems for errors: All filesystems OK.
[2015/11/04 11:39:54.607] (INFO) Device 0x9545 is online.
[2015/11/04 11:39:54.607] (INFO) Waiting for monitor process (PID 53623) to die.
[2015/11/04 11:39:54.607] (INFO) Alien monitor (aliend): Detected no space aliens.
[2015/11/04 11:39:54.607] (INFO) Your mother called. She says you never call her.
[2015/11/04 11:39:54.607] (INFO) Rolling 5 log file(s)...
[2015/11/04 11:39:54.608] (INFO) Rolling 7 log file(s)...
[2015/11/04 11:39:54.608] (INFO) Your mother called. She says you never call her.
[2015/11/04 11:39:54.608] (ERROR) Network heartbeat check FAILED: Master host down?
[2015/11/04 11:39:54.608] (INFO) .evian ylbirret si emehcs otpyrc ym neht ,siht daer nac uoy fI
[2015/11/04 11:39:54.608] (INFO) User "lfj1694" logged out.
[2015/11/04 11:39:54.608] (INFO) Alien monitor (aliend): Detected no space aliens.
[2015/11/04 11:39:54.608] (WARN) CPU temperature exceeds 40º Celsius.
[2015/11/04 11:39:54.608] (INFO) .evian ylbirret si emehcs otpyrc ym neht ,siht daer nac uoy fI
[2015/11/04 11:39:54.608] (INFO) User "jvf7326" logged out due to inactivity (timeout=30 minutes).
[2015/11/04 11:39:54.608] (INFO) User "qyx9530" logged out due to inactivity (timeout=30 minutes).
[2015/11/04 11:39:54.608] (INFO) Sending SIGTERM to 3 excess workers.
[2015/11/04 11:39:54.608] (INFO) Pinging watchdog timer process: Process is alive.
[2015/11/04 11:39:54.608] (ERROR) Alien monitor (aliend): 2 space aliens are fiddling with the hardware!
[2015/11/04 11:39:54.608] (INFO) Network heartbeat check: All OK.
[2015/11/04 11:39:54.608] (INFO) User "gql1253" logged in from 172.16.29.116.
[2015/11/04 11:39:54.608] (INFO) Alien monitor (aliend): Detected no space aliens.
[2015/11/04 11:39:54.608] (WARN) Dropped 15,284 corrupt data packets.
[2015/11/04 11:39:54.608] (INFO) Backed up all server logs.
[2015/11/04 11:39:54.608] (ERROR) "/var/data/kyOvJ59739.parquet": Permission denied (EACCES)
[2015/11/04 11:39:54.608] (INFO) Your mother called. She says you never call her.
[2015/11/04 11:39:54.608] (INFO) User "oko8775" logged out.
[2015/11/04 11:39:54.608] (ERROR) Failed to write checkpoint file "/var/checkpoint/BgHZC66204: No space left on device (ENOSPC)
[2015/11/04 11:39:54.608] (INFO) Sending SIGTERM to 3 excess workers.
[2015/11/04 11:39:54.608] (WARN) Master took 777 ms to respond (threshold=500 ms)
[2015/11/04 11:39:54.608] (INFO) User "pms7897" logged out due to inactivity (timeout=30 minutes).
[2015/11/04 11:39:54.608] (INFO) User "sxq9273" logged out.
[2015/11/04 11:39:54.608] (INFO) Checked file systems for errors: All filesystems OK.
[2015/11/04 11:39:54.608] (INFO) Pinging watchdog timer process: Process is alive.
[2015/11/04 11:39:54.608] (INFO) Checked file systems for errors: All filesystems OK.
[2015/11/04 11:39:54.608] (INFO) Pinging watchdog timer process: Process is alive.
[2015/11/04 11:39:54.608] (INFO) Supervisor has entered RUNNING state.
[2015/11/04 11:39:54.608] (ERROR) Blocked Little Bobby Tables attack (https://xkcd.com/327/) from 172.16.219.96.
[2015/11/04 11:39:55.107] (INFO) Network heartbeat check: All OK.
[2015/11/04 11:39:55.107] (INFO) Your mother called. She says you never call her.
[2015/11/04 11:39:55.107] (INFO) User "wwm8274" logged out due to inactivity (timeout=30 minutes).
[2015/11/04 11:39:55.107] (INFO) Your mother called. She says you never call her.
[2015/11/04 11:39:55.107] (INFO) User "xqq6127" logged in from 172.16.191.51.
[2015/11/04 11:39:55.107] (INFO) Your mother called. She says you never call her.
[2015/11/04 11:39:55.107] (INFO) .evian ylbirret si emehcs otpyrc ym neht ,siht daer nac uoy fI
[2015/11/04 11:39:55.107] (INFO) Waiting for monitor process (PID 38979) to die.
[2015/11/04 11:39:55.107] (WARN) Space on disk /dev/sdb2 is low: Only 335 MB available.
[2015/11/04 11:39:55.107] (ERROR) Device 0xbe45 is offline
[2015/11/04 11:39:55.107] (INFO) Checked file systems for errors: All filesystems OK.
[2015/11/04 11:39:55.107] (INFO) Rolling 5 log file(s)...
[2015/11/04 11:39:55.107] (INFO) Checkpointing off-heap server memory...
[2015/11/04 11:39:55.107] (INFO) Your mother called. She says you never call her.
[2015/11/04 11:39:55.107] (INFO) User "kkh2061" logged out due to inactivity (timeout=30 minutes).
[2015/11/04 11:39:55.107] (INFO) Backed up all server logs.
[2015/11/04 11:39:55.107] (ERROR) "/var/data/eXrVS98457.xml": Permission denied (EACCES)
[2015/11/04 11:39:55.107] (INFO) User "nkh9564" logged out due to inactivity (timeout=30 minutes).
[2015/11/04 11:39:55.107] (INFO) User "wep5372" logged out.
[2015/11/04 11:39:55.107] (INFO) Rolling 9 log file(s)...
[2015/11/04 11:39:55.107] (INFO) Backed up all server logs.
[2015/11/04 11:39:55.107] (INFO) Backed up all server logs.
[2015/11/04 11:39:55.107] (INFO) Waiting for worker process (PID 53706) to die.
[2015/11/04 11:39:55.107] (INFO) Flushed 49 buffers to disk.
[2015/11/04 11:39:55.107] (INFO) Your mother called. She says you never call her.
[2015/11/04 11:39:55.107] (INFO) Pinging watchdog timer process: Process is alive.
[2015/11/04 11:39:55.107] (INFO) Backed up all server logs.
[2015/11/04 11:39:55.107] (WARN) Watchdog timer crashed. Restarting it.
[2015/11/04 11:39:55.107] (INFO) User "ogs5293" logged in from 172.16.35.39.
[2015/11/04 11:39:55.107] (INFO) User "zfy2820" logged out.
[2015/11/04 11:39:55.107] (INFO) Your mother called. She says you never call her.
[2015/11/04 11:39:55.107] (INFO) Your mother called. She says you never call her.
[2015/11/04 11:39:55.107] (INFO) Device 0x0655 is online.
[2015/11/04 11:39:55.107] (INFO) Sending SIGTERM to 2 excess workers.
[2015/11/04 11:39:55.107] (INFO) Waiting for supervisor process (PID 24084) to die.
[2015/11/04 11:39:55.107] (INFO) Sending SIGTERM to 2 excess workers.
[2015/11/04 11:39:55.107] (INFO) Device 0x4f44 is online.
[2015/11/04 11:39:55.107] (INFO) Supervisor has entered RUNNING state.
[2015/11/04 11:39:55.107] (INFO) Checked file systems for errors: All filesystems OK.
[2015/11/04 11:39:55.107] (INFO) .evian ylbirret si emehcs otpyrc ym neht ,siht daer nac uoy fI
[2015/11/04 11:39:55.107] (INFO) Sending SIGTERM to 3 excess workers.
[2015/11/04 11:39:55.107] (INFO) Checked file systems for errors: All filesystems OK.
[2015/11/04 11:39:55.107] (INFO) User "leg4923" logged in from 10.22.32.86.
[2015/11/04 11:39:55.107] (INFO) Supervisor has entered RESTARTING state.
[2015/11/04 11:39:55.107] (INFO) Your mother called. She says you never call her.
[2015/11/04 11:39:55.107] (INFO) Checkpointing off-heap server memory...
[2015/11/04 11:39:55.107] (WARN) Retrying server log checkpoint.
[2015/11/04 11:39:55.107] (INFO) Flushed 78 buffers to disk.
[2015/11/04 11:39:55.107] (INFO) Device 0xf934 is online.
[2015/11/04 11:39:55.107] (INFO) Checkpointing off-heap server memory...
[2015/11/04 11:39:55.107] (INFO) Alien monitor (aliend): Detected no space aliens.
[2015/11/04 11:39:55.107] (ERROR) "/var/data/PQZTy50746.csv": Permission denied (EACCES)
[2015/11/04 11:39:55.107] (INFO) User "bto8343" logged out.
[2015/11/04 11:39:55.107] (INFO) Device 0x4fa5 is online.
[2015/11/04 11:39:55.107] (WARN) Retrying server log checkpoint.
[2015/11/04 11:39:55.107] (ERROR) Alien monitor (aliend): 3 space aliens are fiddling with the hardware!
[2015/11/04 11:39:55.107] (INFO) Flushed 26 buffers to disk.
[2015/11/04 11:39:55.107] (INFO) Your mother called. She says you never call her.
[2015/11/04 11:39:55.107] (INFO) Network heartbeat check: All OK.
[2015/11/04 11:39:55.107] (ERROR) Unable to authenticate user "fos2538": LDAP server isn't responding.
[2015/11/04 11:39:55.107] (INFO) .evian ylbirret si emehcs otpyrc ym neht ,siht daer nac uoy fI
[2015/11/04 11:39:55.107] (INFO) Flushed 39 buffers to disk.
[2015/11/04 11:39:55.107] (INFO) Backed up all server logs.
[2015/11/04 11:39:55.107] (INFO) Checked file systems for errors: All filesystems OK.
[2015/11/04 11:39:55.107] (INFO) User "bwp4894" logged out due to inactivity (timeout=30 minutes).
[2015/11/04 11:39:55.107] (INFO) .evian ylbirret si emehcs otpyrc ym neht ,siht daer nac uoy fI
[2015/11/04 11:39:55.107] (INFO) Pinging watchdog timer process: Process is alive.
[2015/11/04 11:39:55.107] (ERROR) Worker 5 died with SIGKILL. Restarting it.
[2015/11/04 11:39:55.107] (INFO) Alien monitor (aliend): Detected no space aliens.
[2015/11/04 11:39:55.107] (INFO) Flushed 81 buffers to disk.
[2015/11/04 11:39:55.107] (INFO) User "vis9573" logged in from 172.16.164.48.
[2015/11/04 11:39:55.107] (INFO) Alien monitor (aliend): Detected no space aliens.
[2015/11/04 11:39:55.107] (INFO) .evian ylbirret si emehcs otpyrc ym neht ,siht daer nac uoy fI
[2015/11/04 11:39:55.107] (ERROR) Network heartbeat check FAILED: Master host down?
[2015/11/04 11:39:55.107] (INFO) .evian ylbirret si emehcs otpyrc ym neht ,siht daer nac uoy fI
[2015/11/04 11:39:55.107] (INFO) Supervisor has entered RESTARTING state.
[2015/11/04 11:39:55.107] (INFO) Checked file systems for errors: All filesystems OK.
[2015/11/04 11:39:55.107] (INFO) Your mother called. She says you never call her.
[2015/11/04 11:39:55.107] (INFO) Your mother called. She says you never call her.
[2015/11/04 11:39:55.107] (INFO) Network heartbeat check: All OK.
[2015/11/04 11:39:55.107] (INFO) Pinging watchdog timer process: Process is alive.
[2015/11/04 11:39:55.107] (WARN) There is no such thing as a free lunch.
[2015/11/04 11:39:55.107] (INFO) User "nsi8968" logged out due to inactivity (timeout=30 minutes).
[2015/11/04 11:39:55.107] (INFO) Alien monitor (aliend): Detected no space aliens.
[2015/11/04 11:39:55.107] (INFO) Checkpointing off-heap server memory...
[2015/11/04 11:39:55.107] (INFO) Waiting for worker process (PID 34763) to die.
[2015/11/04 11:39:55.107] (INFO) Pinging watchdog timer process: Process is alive.
[2015/11/04 11:39:55.107] (INFO) Checked file systems for errors: All filesystems OK.
[2015/11/04 11:39:55.107] (INFO) Checked file systems for errors: All filesystems OK.
[2015/11/04 11:39:55.107] (INFO) User "juk2298" logged in from 192.168.12.85.
[2015/11/04 11:39:55.107] (INFO) Waiting for worker process (PID 48008) to die.
[2015/11/04 11:39:55.107] (ERROR) "/var/data/giQBm80269.tsv": No such file or directory (ENOENT)
[2015/11/04 11:39:55.107] (INFO) Your mother called. She says you never call her.
[2015/11/04 11:39:55.107] (INFO) User "xnt7873" logged out due to inactivity (timeout=30 minutes).
[2015/11/04 11:39:55.107] (INFO) .evian ylbirret si emehcs otpyrc ym neht ,siht daer nac uoy fI
[2015/11/04 11:39:55.107] (INFO) Backed up all server logs.
[2015/11/04 11:39:55.107] (INFO) User "bmu1386" logged out.
[2015/11/04 11:39:55.107] (INFO) Sending SIGTERM to 3 excess workers.
[2015/11/04 11:39:55.107] (INFO) Flushed 77 buffers to disk.
[2015/11/04 11:39:55.107] (INFO) Pinging watchdog timer process: Process is alive.
[2015/11/04 11:39:55.608] (INFO) .evian ylbirret si emehcs otpyrc ym neht ,siht daer nac uoy fI
[2015/11/04 11:39:55.608] (INFO) User "sib9150" logged out.
[2015/11/04 11:39:55.608] (INFO) Rolling 2 log file(s)...
[2015/11/04 11:39:55.608] (INFO) Device 0x59bc is online.
[2015/11/04 11:39:55.608] (WARN) There is no such thing as a free lunch.
[2015/11/04 11:39:55.608] (INFO) User "ofn7439" logged out.
[2015/11/04 11:39:55.608] (INFO) Alien monitor (aliend): Detected no space aliens.
[2015/11/04 11:39:55.608] (WARN) CPU temperature exceeds 40º Celsius.
[2015/11/04 11:39:55.608] (INFO) Supervisor has entered RESTARTING state.
[2015/11/04 11:39:55.608] (ERROR) /dev/lp error: "PC LOAD LETTER"
[2015/11/04 11:39:55.608] (INFO) Pinging watchdog timer process: Process is alive.
[2015/11/04 11:39:55.608] (INFO) User "fky1889" logged in from 10.72.221.33.
[2015/11/04 11:39:55.608] (INFO) Rolling 4 log file(s)...
[2015/11/04 11:39:55.608] (INFO) Backed up all server logs.
[2015/11/04 11:39:55.608] (WARN) Network heartbeat check: 15 server(s) did not respond.
[2015/11/04 11:39:55.608] (INFO) Sending SIGTERM to 4 excess workers.
[2015/11/04 11:39:55.608] (WARN) Dropped 11,567 corrupt data packets.
[2015/11/04 11:39:55.608] (INFO) User "fay1351" logged in from 10.79.194.56.
[2015/11/04 11:39:55.608] (INFO) Your mother called. She says you never call her.
[2015/11/04 11:39:55.608] (INFO) Checked file systems for errors: All filesystems OK.
[2015/11/04 11:39:55.608] (INFO) .evian ylbirret si emehcs otpyrc ym neht ,siht daer nac uoy fI
[2015/11/04 11:39:55.608] (INFO) Backed up all server logs.
[2015/11/04 11:39:55.608] (INFO) Flushed 41 buffers to disk.
[2015/11/04 11:39:55.608] (INFO) Device 0xea2a is online.
[2015/11/04 11:39:55.608] (INFO) Device 0x6fa6 is online.
[2015/11/04 11:39:55.608] (INFO) Waiting for supervisor process (PID 10481) to die.
[2015/11/04 11:39:55.608] (INFO) Waiting for worker process (PID 30458) to die.
[2015/11/04 11:39:55.608] (INFO) User "xau8432" logged out.
[2015/11/04 11:39:55.608] (INFO) .evian ylbirret si emehcs otpyrc ym neht ,siht daer nac uoy fI
[2015/11/04 11:39:55.608] (ERROR) Device 0xa306 is offline
[2015/11/04 11:39:55.608] (INFO) User "wua1947" logged in from 192.168.91.129.
[2015/11/04 11:39:55.608] (INFO) Rolling 9 log file(s)...
[2015/11/04 11:39:55.608] (INFO) Your mother called. She says you never call her.
[2015/11/04 11:39:55.608] (INFO) Sending SIGTERM to 2 excess workers.
[2015/11/04 11:39:55.608] (INFO) Checked file systems for errors: All filesystems OK.
[2015/11/04 11:39:55.608] (INFO) Device 0x5891 is online.
[2015/11/04 11:39:55.608] (INFO) Flushed 65 buffers to disk.
[2015/11/04 11:39:55.608] (INFO) Flushed 33 buffers to disk.
[2015/11/04 11:39:55.608] (WARN) Unable to ping supervisor at 192.168.192.227. Retrying.
[2015/11/04 11:39:55.608] (INFO) Checked file systems for errors: All filesystems OK.
[2015/11/04 11:39:55.608] (INFO) Network heartbeat check: All OK.
[2015/11/04 11:39:55.608] (WARN) Unable to ping supervisor at 192.168.76.222. Retrying.
[2015/11/04 11:39:55.608] (INFO) User "vcm2517" logged out.
[2015/11/04 11:39:55.608] (WARN) Ignoring SIGTERM. It's not that easy to get rid of me.
[2015/11/04 11:39:55.608] (INFO) Your mother called. She says you never call her.
[2015/11/04 11:39:55.608] (INFO) Checked file systems for errors: All filesystems OK.
[2015/11/04 11:39:55.608] (INFO) Checkpointing off-heap server memory...
[2015/11/04 11:39:55.608] (INFO) Sending SIGTERM to 2 excess workers.
[2015/11/04 11:39:55.608] (INFO) Rolling 6 log file(s)...
[2015/11/04 11:39:55.608] (WARN) Possible cyber-attack from Antarctica.
[2015/11/04 11:39:55.608] (ERROR) Unable to write to "/var/data/cSPcr88805.zip": Permission denied (EACCES)
[2015/11/04 11:39:55.608] (INFO) .evian ylbirret si emehcs otpyrc ym neht ,siht daer nac uoy fI
[2015/11/04 11:39:55.608] (WARN) Unable to ping monitor at 10.211.19.147. Retrying.
[2015/11/04 11:39:55.608] (INFO) Flushed 70 buffers to disk.
[2015/11/04 11:39:55.608] (INFO) Rolling 7 log file(s)...
[2015/11/04 11:39:55.608] (INFO) Checked file systems for errors: All filesystems OK.
[2015/11/04 11:39:55.608] (INFO) Checked file systems for errors: All filesystems OK.
[2015/11/04 11:39:55.608] (WARN) Ignoring SIGTERM. It's not that easy to get rid of me.
[2015/11/04 11:39:55.608] (INFO) Your mother called. She says you never call her.
[2015/11/04 11:39:55.608] (INFO) Checked file systems for errors: All filesystems OK.
[2015/11/04 11:39:55.608] (INFO) User "cwb4778" logged in from 192.168.143.71.
[2015/11/04 11:39:55.608] (ERROR) Directory index of "/var/data" is forbidden.
[2015/11/04 11:39:55.608] (INFO) Device 0xe81e is online.
[2015/11/04 11:39:55.608] (INFO) Pinging watchdog timer process: Process is alive.
[2015/11/04 11:39:55.608] (INFO) Device 0xf774 is online.
[2015/11/04 11:39:55.608] (INFO) Backed up all server logs.
[2015/11/04 11:39:55.608] (INFO) Backed up all server logs.
[2015/11/04 11:39:55.608] (ERROR) One of the flayrods has gone out askew on treadle.
[2015/11/04 11:39:55.608] (INFO) Your mother called. She says you never call her.
[2015/11/04 11:39:55.608] (INFO) .evian ylbirret si emehcs otpyrc ym neht ,siht daer nac uoy fI
[2015/11/04 11:39:55.608] (INFO) Rolling 9 log file(s)...
[2015/11/04 11:39:55.608] (INFO) Rolling 1 log file(s)...
[2015/11/04 11:39:55.608] (WARN) There is no such thing as a free lunch.
[2015/11/04 11:39:55.608] (INFO) Alien monitor (aliend): Detected no space aliens.
[2015/11/04 11:39:55.608] (INFO) Checkpointing off-heap server memory...
[2015/11/04 11:39:55.608] (INFO) Your mother called. She says you never call her.
[2015/11/04 11:39:55.608] (INFO) Supervisor has entered SUSPENDED state.
[2015/11/04 11:39:55.608] (INFO) Flushed 81 buffers to disk.
[2015/11/04 11:39:55.608] (INFO) Alien monitor (aliend): Detected no space aliens.
[2015/11/04 11:39:55.608] (INFO) Sending SIGTERM to 4 excess workers.
[2015/11/04 11:39:55.608] (ERROR) Unable to mount /dev/sdc4. (Time to run fsck?)
[2015/11/04 11:39:55.608] (WARN) Ignoring SIGTERM. It's not that easy to get rid of me.
[2015/11/04 11:39:55.608] (INFO) .evian ylbirret si emehcs otpyrc ym neht ,siht daer nac uoy fI
[2015/11/04 11:39:55.608] (INFO) .evian ylbirret si emehcs otpyrc ym neht ,siht daer nac uoy fI
[2015/11/04 11:39:55.608] (WARN) Network heartbeat check: 15 server(s) did not respond.
[2015/11/04 11:39:55.608] (INFO) Checked file systems for errors: All filesystems OK.
[2015/11/04 11:39:55.608] (INFO) Flushed 40 buffers to disk.
[2015/11/04 11:39:55.608] (WARN) Ignoring SIGTERM. It's not that easy to get rid of me.
[2015/11/04 11:39:55.608] (INFO) User "dgk9149" logged in from 192.168.102.86.
[2015/11/04 11:39:55.608] (INFO) Sending SIGTERM to 2 excess workers.
[2015/11/04 11:39:55.608] (INFO) Network heartbeat check: All OK.
[2015/11/04 11:39:55.608] (ERROR) "/var/data/RpFWI50857.tsv": Permission denied (EACCES)
[2015/11/04 11:39:55.608] (INFO) Pinging watchdog timer process: Process is alive.
[2015/11/04 11:39:55.608] (INFO) Your mother called. She says you never call her.
[2015/11/04 11:39:55.608] (INFO) Flushed 86 buffers to disk.
[2015/11/04 11:39:55.608] (INFO) Supervisor has entered SUSPENDED state.
[2015/11/04 11:39:55.608] (INFO) Supervisor has entered WAITING state.
[2015/11/04 11:39:55.608] (INFO) Your mother called. She says you never call her.
[2015/11/04 11:39:55.608] (WARN) CPU temperature exceeds 40º Celsius.
[2015/11/04 11:39:55.608] (INFO) Supervisor has entered RUNNING state.
[2015/11/04 11:39:56.108] (WARN) Ignoring SIGTERM. It's not that easy to get rid of me.
[2015/11/04 11:39:56.108] (INFO) Checkpointing off-heap server memory...
[2015/11/04 11:39:56.108] (INFO) Your mother called. She says you never call her.
[2015/11/04 11:39:56.108] (INFO) .evian ylbirret si emehcs otpyrc ym neht ,siht daer nac uoy fI
[2015/11/04 11:39:56.108] (INFO) User "prs6739" logged in from 192.168.193.163.
[2015/11/04 11:39:56.108] (INFO) Supervisor has entered SUSPENDED state.
[2015/11/04 11:39:56.108] (INFO) Your mother called. She says you never call her.
[2015/11/04 11:39:56.108] (INFO) Rolling 8 log file(s)...
[2015/11/04 11:39:56.108] (INFO) User "gey1159" logged out.
[2015/11/04 11:39:56.108] (WARN) Backup server 10.37.202.225 is offline.
[2015/11/04 11:39:56.108] (INFO) User "qjr5520" logged out.
[2015/11/04 11:39:56.108] (WARN) Backup server 192.168.6.56 is offline.
[2015/11/04 11:39:56.108] (ERROR) "/var/data/xTIcK57207.csv": No such file or directory (ENOENT)
[2015/11/04 11:39:56.108] (INFO) Pinging watchdog timer process: Process is alive.
[2015/11/04 11:39:56.108] (INFO) Rolling 2 log file(s)...
[2015/11/04 11:39:56.108] (INFO) Sending SIGTERM to 4 excess workers.
[2015/11/04 11:39:56.108] (INFO) Pinging watchdog timer process: Process is alive.
[2015/11/04 11:39:56.108] (INFO) Backed up all server logs.
[2015/11/04 11:39:56.108] (INFO) Device 0xa4de is online.
[2015/11/04 11:39:56.108] (INFO) Sending SIGTERM to 4 excess workers.
[2015/11/04 11:39:56.108] (INFO) Alien monitor (aliend): Detected no space aliens.
[2015/11/04 11:39:56.108] (INFO) User "alz4143" logged in from 192.168.157.11.
[2015/11/04 11:39:56.108] (INFO) Your mother called. She says you never call her.
[2015/11/04 11:39:56.108] (INFO) Checkpointing off-heap server memory...
[2015/11/04 11:39:56.108] (INFO) Supervisor has entered RESTARTING state.
[2015/11/04 11:39:56.108] (INFO) .evian ylbirret si emehcs otpyrc ym neht ,siht daer nac uoy fI
[2015/11/04 11:39:56.108] (INFO) .evian ylbirret si emehcs otpyrc ym neht ,siht daer nac uoy fI
[2015/11/04 11:39:56.108] (INFO) User "qpp6735" logged in from 10.73.93.17.
[2015/11/04 11:39:56.108] (WARN) Unable to ping supervisor at 10.121.192.181. Retrying.
[2015/11/04 11:39:56.108] (INFO) Device 0xd3a5 is online.
[2015/11/04 11:39:56.108] (INFO) Your mother called. She says you never call her.
[2015/11/04 11:39:56.108] (WARN) Possible cyber-attack from Nebraska.
[2015/11/04 11:39:56.108] (INFO) Network heartbeat check: All OK.
[2015/11/04 11:39:56.108] (INFO) Network heartbeat check: All OK.
[2015/11/04 11:39:56.108] (INFO) Device 0x5b09 is online.
[2015/11/04 11:39:56.108] (INFO) Flushed 49 buffers to disk.
[2015/11/04 11:39:56.108] (INFO) Flushed 22 buffers to disk.
[2015/11/04 11:39:56.108] (INFO) Device 0x5d62 is online.
[2015/11/04 11:39:56.108] (INFO) Supervisor has entered SUSPENDED state.
[2015/11/04 11:39:56.108] (ERROR) One of the flayrods has gone out askew on treadle.
[2015/11/04 11:39:56.108] (INFO) Pinging watchdog timer process: Process is alive.
[2015/11/04 11:39:56.108] (INFO) Supervisor has entered WAITING state.
[2015/11/04 11:39:56.108] (ERROR) One of the flayrods has gone out askew on treadle.
[2015/11/04 11:39:56.108] (INFO) User "hgg6865" logged out.
[2015/11/04 11:39:56.108] (WARN) There is no such thing as a free lunch.
[2015/11/04 11:39:56.108] (INFO) User "vyv7641" logged out.
[2015/11/04 11:39:56.108] (ERROR) Detected incoming DDoS from 192.168.94.245.
[2015/11/04 11:39:56.108] (ERROR) EFOODFAIL (Waiter, there's a fly in my soup).
[2015/11/04 11:39:56.108] (INFO) Flushed 92 buffers to disk.
[2015/11/04 11:39:56.108] (INFO) Device 0x12cb is online.
[2015/11/04 11:39:56.108] (INFO) Sending SIGTERM to 2 excess workers.
[2015/11/04 11:39:56.108] (INFO) Pinging watchdog timer process: Process is alive.
[2015/11/04 11:39:56.108] (INFO) Rolling 5 log file(s)...
[2015/11/04 11:39:56.108] (WARN) Master took 529 ms to respond (threshold=500 ms)
[2015/11/04 11:39:56.108] (INFO) Checkpointing off-heap server memory...
[2015/11/04 11:39:56.108] (INFO) Checkpointing off-heap server memory...
[2015/11/04 11:39:56.108] (INFO) Flushed 39 buffers to disk.
[2015/11/04 11:39:56.108] (INFO) User "hgx2277" logged in from 192.168.174.195.
[2015/11/04 11:39:56.108] (INFO) User "gfu2612" logged out due to inactivity (timeout=30 minutes).
[2015/11/04 11:39:56.108] (INFO) Device 0xcc7e is online.
[2015/11/04 11:39:56.108] (INFO) Sending SIGTERM to 2 excess workers.
[2015/11/04 11:39:56.108] (INFO) Waiting for supervisor process (PID 20817) to die.
[2015/11/04 11:39:56.108] (INFO) User "ehf4991" logged out.
[2015/11/04 11:39:56.108] (INFO) Network heartbeat check: All OK.
[2015/11/04 11:39:56.108] (INFO) User "yqp3091" logged in from 10.159.41.251.
[2015/11/04 11:39:56.108] (INFO) User "gqp4337" logged out due to inactivity (timeout=30 minutes).
[2015/11/04 11:39:56.108] (ERROR) /dev/lp error: "PC LOAD LETTER"
[2015/11/04 11:39:56.108] (INFO) User "pur6142" logged out due to inactivity (timeout=30 minutes).
[2015/11/04 11:39:56.108] (INFO) Supervisor has entered RUNNING state.
[2015/11/04 11:39:56.108] (INFO) Waiting for supervisor process (PID 35893) to die.
[2015/11/04 11:39:56.108] (INFO) User "yln4007" logged out.
[2015/11/04 11:39:56.108] (INFO) Sending SIGTERM to 4 excess workers.
[2015/11/04 11:39:56.108] (INFO) Rolling 8 log file(s)...
[2015/11/04 11:39:56.108] (INFO) Flushed 22 buffers to disk.
[2015/11/04 11:39:56.108] (INFO) Checkpointing off-heap server memory...
[2015/11/04 11:39:56.108] (INFO) Checked file systems for errors: All filesystems OK.
[2015/11/04 11:39:56.108] (INFO) Rolling 6 log file(s)...
[2015/11/04 11:39:56.108] (INFO) Network heartbeat check: All OK.
[2015/11/04 11:39:56.108] (INFO) Your mother called. She says you never call her.
[2015/11/04 11:39:56.108] (INFO) Network heartbeat check: All OK.
[2015/11/04 11:39:56.108] (WARN) Ignoring SIGTERM. It's not that easy to get rid of me.
[2015/11/04 11:39:56.108] (INFO) Pinging watchdog timer process: Process is alive.
[2015/11/04 11:39:56.108] (WARN) Retrying server log checkpoint.
[2015/11/04 11:39:56.108] (ERROR) "/var/data/ymxuK84039.tsv": Permission denied (EACCES)
[2015/11/04 11:39:56.108] (INFO) Waiting for master process (PID 26746) to die.
[2015/11/04 11:39:56.108] (INFO) Pinging watchdog timer process: Process is alive.
[2015/11/04 11:39:56.108] (WARN) Network heartbeat check: 16 server(s) did not respond.
[2015/11/04 11:39:56.108] (INFO) Pinging watchdog timer process: Process is alive.
[2015/11/04 11:39:56.108] (INFO) Checked file systems for errors: All filesystems OK.
[2015/11/04 11:39:56.108] (ERROR) Failed to open "/mnt/fileserver01/OjmlS63258.tsv": NFS timeout.
[2015/11/04 11:39:56.108] (INFO) Your mother called. She says you never call her.
[2015/11/04 11:39:56.108] (INFO) Network heartbeat check: All OK.
[2015/11/04 11:39:56.108] (INFO) Device 0x6ed1 is online.
[2015/11/04 11:39:56.108] (INFO) Sending SIGTERM to 4 excess workers.
[2015/11/04 11:39:56.108] (INFO) Checked file systems for errors: All filesystems OK.
[2015/11/04 11:39:56.108] (WARN) Space on disk /dev/sdf1 is low: Only 600 MB available.
[2015/11/04 11:39:56.108] (INFO) User "iuj8271" logged out.
[2015/11/04 11:39:56.108] (INFO) Checked file systems for errors: All filesystems OK.
[2015/11/04 11:39:56.108] (INFO) Device 0x5138 is online.
[2015/11/04 11:39:56.108] (INFO) Waiting for worker process (PID 40436) to die.
[2015/11/04 11:39:56.608] (INFO) User "mds3594" logged out.
[2015/11/04 11:39:56.608] (INFO) Backed up all server logs.
[2015/11/04 11:39:56.608] (INFO) Pinging watchdog timer process: Process is alive.
[2015/11/04 11:39:56.608] (INFO) Network heartbeat check: All OK.
[2015/11/04 11:39:56.608] (ERROR) Blocked Little Bobby Tables attack (https://xkcd.com/327/) from 172.16.139.145.
[2015/11/04 11:39:56.608] (ERROR) Extra characters at end of line.
[2015/11/04 11:39:56.608] (ERROR) CPU temperature exceeds 50º Celsius. Shutting down.
[2015/11/04 11:39:56.608] (WARN) Possible cyber-attack from Russia.
[2015/11/04 11:39:56.608] (INFO) Checkpointing off-heap server memory...
[2015/11/04 11:39:56.608] (INFO) Flushed 30 buffers to disk.
[2015/11/04 11:39:56.608] (INFO) User "dub3355" logged in from 172.16.244.23.
[2015/11/04 11:39:56.608] (INFO) .evian ylbirret si emehcs otpyrc ym neht ,siht daer nac uoy fI
[2015/11/04 11:39:56.608] (INFO) Backed up all server logs.
[2015/11/04 11:39:56.608] (INFO) Flushed 68 buffers to disk.
[2015/11/04 11:39:56.608] (ERROR) Worker 4 died with SIGQUIT. Restarting it.
[2015/11/04 11:39:56.608] (INFO) Checked file systems for errors: All filesystems OK.
[2015/11/04 11:39:56.608] (ERROR) Blocked SSH traffic originating from 192.168.199.116.
[2015/11/04 11:39:56.608] (INFO) .evian ylbirret si emehcs otpyrc ym neht ,siht daer nac uoy fI
[2015/11/04 11:39:56.608] (INFO) Supervisor has entered RUNNING state.
[2015/11/04 11:39:56.608] (INFO) Waiting for supervisor process (PID 21995) to die.
[2015/11/04 11:39:56.608] (INFO) Device 0xbc44 is online.
[2015/11/04 11:39:56.608] (WARN) Retrying server log checkpoint.
[2015/11/04 11:39:56.608] (WARN) Watchdog timer crashed. Restarting it.
[2015/11/04 11:39:56.608] (INFO) Network heartbeat check: All OK.
[2015/11/04 11:39:56.608] (INFO) Backed up all server logs.
[2015/11/04 11:39:56.608] (INFO) User "pwu1844" logged in from 10.189.0.233.
[2015/11/04 11:39:56.608] (INFO) Rolling 8 log file(s)...
[2015/11/04 11:39:56.608] (INFO) Checked file systems for errors: All filesystems OK.
[2015/11/04 11:39:56.608] (INFO) User "fos3338" logged out due to inactivity (timeout=30 minutes).
[2015/11/04 11:39:56.608] (ERROR) Network heartbeat check FAILED: Master host down?
[2015/11/04 11:39:56.608] (INFO) Your mother called. She says you never call her.
[2015/11/04 11:39:56.608] (INFO) Supervisor has entered SUSPENDED state.
[2015/11/04 11:39:56.608] (INFO) .evian ylbirret si emehcs otpyrc ym neht ,siht daer nac uoy fI
[2015/11/04 11:39:56.608] (INFO) Checkpointing off-heap server memory...
[2015/11/04 11:39:56.608] (INFO) User "cmy6855" logged out.
[2015/11/04 11:39:56.608] (INFO) Sending SIGTERM to 3 excess workers.
[2015/11/04 11:39:56.608] (INFO) Alien monitor (aliend): Detected no space aliens.
[2015/11/04 11:39:56.608] (INFO) Network heartbeat check: All OK.
[2015/11/04 11:39:56.608] (INFO) Alien monitor (aliend): Detected no space aliens.
[2015/11/04 11:39:56.608] (INFO) Waiting for master process (PID 27781) to die.
[2015/11/04 11:39:56.608] (INFO) Flushed 20 buffers to disk.
[2015/11/04 11:39:56.608] (INFO) Sending SIGTERM to 4 excess workers.
[2015/11/04 11:39:56.608] (INFO) Flushed 71 buffers to disk.
[2015/11/04 11:39:56.608] (INFO) User "zvi6575" logged in from 10.234.190.71.
[2015/11/04 11:39:56.608] (INFO) Checked file systems for errors: All filesystems OK.
[2015/11/04 11:39:56.608] (INFO) User "osb4298" logged in from 10.240.63.88.
[2015/11/04 11:39:56.608] (INFO) User "fzv8278" logged out due to inactivity (timeout=30 minutes).
[2015/11/04 11:39:56.608] (ERROR) Network heartbeat check FAILED: Master host down?
[2015/11/04 11:39:56.608] (INFO) Network heartbeat check: All OK.
[2015/11/04 11:39:56.608] (INFO) User "fav8645" logged out.
[2015/11/04 11:39:56.608] (WARN) Dropped 7,538 corrupt data packets.
[2015/11/04 11:39:56.608] (INFO) .evian ylbirret si emehcs otpyrc ym neht ,siht daer nac uoy fI
[2015/11/04 11:39:56.608] (ERROR) Worker 7 died with SIGTERM. Restarting it.
[2015/11/04 11:39:56.608] (INFO) Your mother called. She says you never call her.
[2015/11/04 11:39:56.608] (INFO) Waiting for master process (PID 20902) to die.
[2015/11/04 11:39:56.608] (ERROR) Detected incoming DDoS from 10.110.225.21.
[2015/11/04 11:39:56.608] (INFO) Flushed 26 buffers to disk.
[2015/11/04 11:39:56.608] (INFO) .evian ylbirret si emehcs otpyrc ym neht ,siht daer nac uoy fI
[2015/11/04 11:39:56.608] (INFO) Network heartbeat check: All OK.
[2015/11/04 11:39:56.608] (WARN) Space on disk /dev/sdc4 is low: Only 690 MB available.
[2015/11/04 11:39:56.608] (INFO) User "jdl2794" logged out.
[2015/11/04 11:39:56.608] (INFO) Checkpointing off-heap server memory...
[2015/11/04 11:39:56.608] (INFO) Waiting for monitor process (PID 55206) to die.
[2015/11/04 11:39:56.608] (INFO) Device 0x5342 is online.
[2015/11/04 11:39:56.608] (INFO) Checkpointing off-heap server memory...
[2015/11/04 11:39:56.608] (INFO) Alien monitor (aliend): Detected no space aliens.
[2015/11/04 11:39:56.608] (INFO) User "mln3588" logged in from 10.212.191.85.
[2015/11/04 11:39:56.608] (INFO) Your mother called. She says you never call her.
[2015/11/04 11:39:56.608] (INFO) Device 0xd4d6 is online.
[2015/11/04 11:39:56.608] (INFO) Rolling 7 log file(s)...
[2015/11/04 11:39:56.608] (INFO) Network heartbeat check: All OK.
[2015/11/04 11:39:56.608] (INFO) Pinging watchdog timer process: Process is alive.
[2015/11/04 11:39:56.608] (INFO) Alien monitor (aliend): Detected no space aliens.
[2015/11/04 11:39:56.608] (INFO) .evian ylbirret si emehcs otpyrc ym neht ,siht daer nac uoy fI
[2015/11/04 11:39:56.608] (ERROR) One of the flayrods has gone out askew on treadle.
[2015/11/04 11:39:56.608] (INFO) Your mother called. She says you never call her.
[2015/11/04 11:39:56.608] (WARN) There is no such thing as a free lunch.
[2015/11/04 11:39:56.608] (INFO) Network heartbeat check: All OK.
[2015/11/04 11:39:56.608] (ERROR) Network heartbeat check FAILED: Master host down?
[2015/11/04 11:39:56.608] (ERROR) Extra characters at end of line.
[2015/11/04 11:39:56.608] (INFO) Rolling 3 log file(s)...
[2015/11/04 11:39:56.608] (INFO) User "kjv1819" logged in from 10.117.140.226.
[2015/11/04 11:39:56.608] (INFO) User "rgf4303" logged out due to inactivity (timeout=30 minutes).
[2015/11/04 11:39:56.608] (INFO) Pinging watchdog timer process: Process is alive.
[2015/11/04 11:39:56.608] (INFO) User "tbh3135" logged out.
[2015/11/04 11:39:56.608] (INFO) .evian ylbirret si emehcs otpyrc ym neht ,siht daer nac uoy fI
[2015/11/04 11:39:56.608] (INFO) Checked file systems for errors: All filesystems OK.
[2015/11/04 11:39:56.608] (INFO) Rolling 7 log file(s)...
[2015/11/04 11:39:56.608] (INFO) User "rcp5172" logged in from 192.168.40.240.
[2015/11/04 11:39:56.608] (INFO) Your mother called. She says you never call her.
[2015/11/04 11:39:56.608] (INFO) Sending SIGTERM to 4 excess workers.
[2015/11/04 11:39:56.608] (INFO) Checked file systems for errors: All filesystems OK.
[2015/11/04 11:39:56.608] (WARN) Space on disk /dev/sdd3 is low: Only 177 MB available.
[2015/11/04 11:39:56.608] (INFO) Flushed 20 buffers to disk.
[2015/11/04 11:39:56.608] (INFO) Checked file systems for errors: All filesystems OK.
[2015/11/04 11:39:56.608] (INFO) Device 0x8b4f is online.
[2015/11/04 11:39:56.608] (ERROR) EFOODFAIL (Waiter, there's a fly in my soup).
[2015/11/04 11:39:56.608] (INFO) Alien monitor (aliend): Detected no space aliens.
[2015/11/04 11:39:56.608] (INFO) Device 0xc259 is online.
[2015/11/04 11:39:56.608] (INFO) Network heartbeat check: All OK.
[2015/11/04 11:39:57.108] (INFO) Backed up all server logs.
[2015/11/04 11:39:57.108] (INFO) Waiting for monitor process (PID 29176) to die.
[2015/11/04 11:39:57.108] (INFO) Device 0x97cb is online.
[2015/11/04 11:39:57.108] (INFO) Your mother called. She says you never call her.
[2015/11/04 11:39:57.108] (INFO) Flushed 63 buffers to disk.
[2015/11/04 11:39:57.108] (ERROR) Unable to write to "/var/data/yeUyA54997.xml": Permission denied (EACCES)
[2015/11/04 11:39:57.108] (INFO) .evian ylbirret si emehcs otpyrc ym neht ,siht daer nac uoy fI
[2015/11/04 11:39:57.108] (INFO) .evian ylbirret si emehcs otpyrc ym neht ,siht daer nac uoy fI
[2015/11/04 11:39:57.108] (WARN) Space on disk /dev/sdc4 is low: Only 637 MB available.
[2015/11/04 11:39:57.108] (INFO) User "oqk2781" logged out.
[2015/11/04 11:39:57.108] (INFO) User "fbw4587" logged in from 172.16.173.31.
[2015/11/04 11:39:57.108] (INFO) Supervisor has entered WAITING state.
[2015/11/04 11:39:57.108] (INFO) Network heartbeat check: All OK.
[2015/11/04 11:39:57.108] (INFO) Network heartbeat check: All OK.
[2015/11/04 11:39:57.108] (INFO) Your mother called. She says you never call her.
[2015/11/04 11:39:57.108] (INFO) User "den3648" logged out due to inactivity (timeout=30 minutes).
[2015/11/04 11:39:57.108] (INFO) User "bvw9214" logged in from 172.16.39.12.
[2015/11/04 11:39:57.108] (INFO) Checkpointing off-heap server memory...
[2015/11/04 11:39:57.108] (INFO) Flushed 73 buffers to disk.
[2015/11/04 11:39:57.108] (WARN) Master took 856 ms to respond (threshold=500 ms)
[2015/11/04 11:39:57.108] (INFO) Flushed 60 buffers to disk.
[2015/11/04 11:39:57.108] (INFO) Pinging watchdog timer process: Process is alive.
[2015/11/04 11:39:57.108] (WARN) Unable to ping supervisor at 10.28.158.171. Retrying.
[2015/11/04 11:39:57.108] (INFO) User "vgw9110" logged out.
[2015/11/04 11:39:57.108] (INFO) Your mother called. She says you never call her.
[2015/11/04 11:39:57.108] (INFO) Your mother called. She says you never call her.
[2015/11/04 11:39:57.108] (WARN) Watchdog timer crashed. Restarting it.
[2015/11/04 11:39:57.108] (INFO) Flushed 43 buffers to disk.
[2015/11/04 11:39:57.108] (INFO) Your mother called. She says you never call her.
[2015/11/04 11:39:57.108] (INFO) .evian ylbirret si emehcs otpyrc ym neht ,siht daer nac uoy fI
[2015/11/04 11:39:57.108] (INFO) Alien monitor (aliend): Detected no space aliens.
[2015/11/04 11:39:57.108] (INFO) User "zvj3234" logged out due to inactivity (timeout=30 minutes).
[2015/11/04 11:39:57.108] (ERROR) Failed to open "/mnt/fileserver02/wNsvG81619.xslx": NFS timeout.
[2015/11/04 11:39:57.108] (INFO) Your mother called. She says you never call her.
[2015/11/04 11:39:57.108] (INFO) Pinging watchdog timer process: Process is alive.
[2015/11/04 11:39:57.108] (INFO) Pinging watchdog timer process: Process is alive.
[2015/11/04 11:39:57.108] (ERROR) Unable to mount /dev/sdf2. (Time to run fsck?)
[2015/11/04 11:39:57.108] (WARN) Ignoring SIGTERM. It's not that easy to get rid of me.
[2015/11/04 11:39:57.108] (WARN) CPU temperature exceeds 40º Celsius.
[2015/11/04 11:39:57.108] (INFO) User "zfg9067" logged in from 10.133.29.207.
[2015/11/04 11:39:57.108] (INFO) User "mob1007" logged out.
[2015/11/04 11:39:57.108] (WARN) Watchdog timer crashed. Restarting it.
[2015/11/04 11:39:57.108] (INFO) Checkpointing off-heap server memory...
[2015/11/04 11:39:57.108] (INFO) Checkpointing off-heap server memory...
[2015/11/04 11:39:57.108] (INFO) .evian ylbirret si emehcs otpyrc ym neht ,siht daer nac uoy fI
[2015/11/04 11:39:57.108] (INFO) Pinging watchdog timer process: Process is alive.
[2015/11/04 11:39:57.108] (INFO) User "gdy5131" logged in from 172.16.221.194.
[2015/11/04 11:39:57.108] (INFO) .evian ylbirret si emehcs otpyrc ym neht ,siht daer nac uoy fI
[2015/11/04 11:39:57.108] (INFO) Checkpointing off-heap server memory...
[2015/11/04 11:39:57.108] (INFO) Waiting for supervisor process (PID 62995) to die.
[2015/11/04 11:39:57.108] (INFO) Backed up all server logs.
[2015/11/04 11:39:57.108] (INFO) User "zol5205" logged out.
[2015/11/04 11:39:57.108] (INFO) User "noq7438" logged out due to inactivity (timeout=30 minutes).
[2015/11/04 11:39:57.108] (WARN) Possible cyber-attack from Nebraska.
[2015/11/04 11:39:57.108] (INFO) Your mother called. She says you never call her.
[2015/11/04 11:39:57.108] (WARN) Master took 864 ms to respond (threshold=500 ms)
[2015/11/04 11:39:57.108] (ERROR) Detected clock skew! Restarting NTP server.
[2015/11/04 11:39:57.108] (INFO) Sending SIGTERM to 4 excess workers.
[2015/11/04 11:39:57.108] (INFO) .evian ylbirret si emehcs otpyrc ym neht ,siht daer nac uoy fI
[2015/11/04 11:39:57.108] (ERROR) Unable to mount /dev/sde1. (Time to run fsck?)
[2015/11/04 11:39:57.108] (INFO) Pinging watchdog timer process: Process is alive.
[2015/11/04 11:39:57.108] (INFO) Checkpointing off-heap server memory...
[2015/11/04 11:39:57.108] (INFO) .evian ylbirret si emehcs otpyrc ym neht ,siht daer nac uoy fI
[2015/11/04 11:39:57.108] (INFO) Checkpointing off-heap server memory...
[2015/11/04 11:39:57.108] (INFO) User "pak8691" logged out.
[2015/11/04 11:39:57.108] (WARN) Space on disk /dev/sda2 is low: Only 854 MB available.
[2015/11/04 11:39:57.108] (INFO) Pinging watchdog timer process: Process is alive.
[2015/11/04 11:39:57.108] (INFO) Waiting for master process (PID 32007) to die.
[2015/11/04 11:39:57.108] (ERROR) "/var/data/KrTnR53492.parquet": Permission denied (EACCES)
[2015/11/04 11:39:57.108] (INFO) Supervisor has entered RESTARTING state.
[2015/11/04 11:39:57.108] (INFO) Backed up all server logs.
[2015/11/04 11:39:57.108] (INFO) Waiting for master process (PID 26185) to die.
[2015/11/04 11:39:57.108] (INFO) User "jmb6014" logged out.
[2015/11/04 11:39:57.108] (INFO) Sending SIGTERM to 2 excess workers.
[2015/11/04 11:39:57.108] (INFO) Network heartbeat check: All OK.
[2015/11/04 11:39:57.108] (ERROR) Directory index of "/var/data" is forbidden.
[2015/11/04 11:39:57.108] (INFO) .evian ylbirret si emehcs otpyrc ym neht ,siht daer nac uoy fI
[2015/11/04 11:39:57.108] (INFO) Rolling 7 log file(s)...
[2015/11/04 11:39:57.108] (ERROR) EFOODFAIL (Waiter, there's a fly in my soup).
[2015/11/04 11:39:57.108] (INFO) Sending SIGTERM to 2 excess workers.
[2015/11/04 11:39:57.108] (INFO) Flushed 77 buffers to disk.
[2015/11/04 11:39:57.108] (INFO) .evian ylbirret si emehcs otpyrc ym neht ,siht daer nac uoy fI
[2015/11/04 11:39:57.108] (INFO) Network heartbeat check: All OK.
[2015/11/04 11:39:57.108] (WARN) Backup server 10.112.102.230 is offline.
[2015/11/04 11:39:57.108] (INFO) Backed up all server logs.
[2015/11/04 11:39:57.108] (INFO) Checkpointing off-heap server memory...
[2015/11/04 11:39:57.108] (INFO) Rolling 9 log file(s)...
[2015/11/04 11:39:57.108] (INFO) Waiting for worker process (PID 31606) to die.
[2015/11/04 11:39:57.108] (INFO) Network heartbeat check: All OK.
[2015/11/04 11:39:57.108] (INFO) Checkpointing off-heap server memory...
[2015/11/04 11:39:57.108] (ERROR) Extra characters at end of line.
[2015/11/04 11:39:57.108] (INFO) Waiting for master process (PID 42392) to die.
[2015/11/04 11:39:57.108] (INFO) Your mother called. She says you never call her.
[2015/11/04 11:39:57.108] (INFO) Pinging watchdog timer process: Process is alive.
[2015/11/04 11:39:57.108] (INFO) Supervisor has entered WAITING state.
[2015/11/04 11:39:57.108] (INFO) Alien monitor (aliend): Detected no space aliens.
[2015/11/04 11:39:57.108] (INFO) Alien monitor (aliend): Detected no space aliens.
[2015/11/04 11:39:57.108] (INFO) Sending SIGTERM to 4 excess workers.
[2015/11/04 11:39:57.108] (INFO) User "hyb5108" logged out.
[2015/11/04 11:39:57.108] (INFO) Flushed 61 buffers to disk.
[2015/11/04 11:39:57.607] (INFO) User "muk7336" logged in from 172.16.69.81.
[2015/11/04 11:39:57.607] (WARN) CPU temperature exceeds 40º Celsius.
[2015/11/04 11:39:57.607] (INFO) Checkpointing off-heap server memory...
[2015/11/04 11:39:57.607] (INFO) Checkpointing off-heap server memory...
[2015/11/04 11:39:57.607] (INFO) Waiting for worker process (PID 47577) to die.
[2015/11/04 11:39:57.607] (INFO) Alien monitor (aliend): Detected no space aliens.
[2015/11/04 11:39:57.607] (INFO) User "zby6227" logged out due to inactivity (timeout=30 minutes).
[2015/11/04 11:39:57.607] (INFO) Supervisor has entered RESTARTING state.
[2015/11/04 11:39:57.607] (INFO) Device 0xa9a9 is online.
[2015/11/04 11:39:57.607] (INFO) Checked file systems for errors: All filesystems OK.
[2015/11/04 11:39:57.607] (INFO) Sending SIGTERM to 3 excess workers.
[2015/11/04 11:39:57.607] (INFO) Checkpointing off-heap server memory...
[2015/11/04 11:39:57.607] (INFO) Backed up all server logs.
[2015/11/04 11:39:57.607] (INFO) Sending SIGTERM to 4 excess workers.
[2015/11/04 11:39:57.607] (INFO) User "rkf4159" logged in from 172.16.122.3.
[2015/11/04 11:39:57.607] (INFO) User "fpx4586" logged out.
[2015/11/04 11:39:57.607] (INFO) Alien monitor (aliend): Detected no space aliens.
[2015/11/04 11:39:57.607] (INFO) Backed up all server logs.
[2015/11/04 11:39:57.607] (INFO) Network heartbeat check: All OK.
[2015/11/04 11:39:57.607] (INFO) Checkpointing off-heap server memory...
[2015/11/04 11:39:57.607] (WARN) Dropped 2,597 corrupt data packets.
[2015/11/04 11:39:57.607] (WARN) Possible cyber-attack from Russia.
[2015/11/04 11:39:57.607] (INFO) Supervisor has entered RUNNING state.
[2015/11/04 11:39:57.607] (INFO) User "bgb3737" logged out due to inactivity (timeout=30 minutes).
[2015/11/04 11:39:57.607] (INFO) User "knm3094" logged out.
[2015/11/04 11:39:57.607] (WARN) Dropped 12,871 corrupt data packets.
[2015/11/04 11:39:57.607] (INFO) Checked file systems for errors: All filesystems OK.
[2015/11/04 11:39:57.607] (ERROR) Failed to open "/mnt/fileserver01/xfVHO59233.xml": NFS timeout.
[2015/11/04 11:39:57.607] (WARN) Possible cyber-attack from Antarctica.
[2015/11/04 11:39:57.607] (INFO) User "him5700" logged out due to inactivity (timeout=30 minutes).
[2015/11/04 11:39:57.607] (INFO) Backed up all server logs.
[2015/11/04 11:39:57.607] (INFO) User "omm1444" logged out due to inactivity (timeout=30 minutes).
[2015/11/04 11:39:57.607] (WARN) There is no such thing as a free lunch.
[2015/11/04 11:39:57.607] (INFO) Flushed 48 buffers to disk.
[2015/11/04 11:39:57.607] (WARN) There is no such thing as a free lunch.
[2015/11/04 11:39:57.607] (INFO) Network heartbeat check: All OK.
[2015/11/04 11:39:57.607] (WARN) CPU temperature exceeds 40º Celsius.
[2015/11/04 11:39:57.607] (ERROR) Detected incoming DDoS from 192.168.114.153.
[2015/11/04 11:39:57.607] (INFO) Supervisor has entered RUNNING state.
[2015/11/04 11:39:57.607] (ERROR) Device 0x2dc7 is offline
[2015/11/04 11:39:57.607] (INFO) Flushed 42 buffers to disk.
[2015/11/04 11:39:57.607] (INFO) Sending SIGTERM to 2 excess workers.
[2015/11/04 11:39:57.607] (INFO) Rolling 9 log file(s)...
[2015/11/04 11:39:57.607] (INFO) Checked file systems for errors: All filesystems OK.
[2015/11/04 11:39:57.608] (INFO) Device 0xec03 is online.
[2015/11/04 11:39:57.608] (INFO) Your mother called. She says you never call her.
[2015/11/04 11:39:57.608] (INFO) User "laz9484" logged in from 10.129.185.39.
[2015/11/04 11:39:57.608] (INFO) .evian ylbirret si emehcs otpyrc ym neht ,siht daer nac uoy fI
[2015/11/04 11:39:57.608] (INFO) Rolling 2 log file(s)...
[2015/11/04 11:39:57.608] (INFO) Your mother called. She says you never call her.
[2015/11/04 11:39:57.608] (INFO) User "xqb2606" logged out due to inactivity (timeout=30 minutes).
[2015/11/04 11:39:57.608] (INFO) Checkpointing off-heap server memory...
[2015/11/04 11:39:57.608] (INFO) Device 0x4a9a is online.
[2015/11/04 11:39:57.608] (ERROR) Network heartbeat check FAILED: Master host down?
[2015/11/04 11:39:57.608] (INFO) Rolling 9 log file(s)...
[2015/11/04 11:39:57.608] (INFO) User "coq4259" logged out due to inactivity (timeout=30 minutes).
[2015/11/04 11:39:57.608] (INFO) Supervisor has entered RESTARTING state.
[2015/11/04 11:39:57.608] (INFO) Backed up all server logs.
[2015/11/04 11:39:57.608] (INFO) Checked file systems for errors: All filesystems OK.
[2015/11/04 11:39:57.608] (INFO) Flushed 60 buffers to disk.
[2015/11/04 11:39:57.608] (ERROR) Device 0xba43 is offline
[2015/11/04 11:39:57.608] (INFO) Pinging watchdog timer process: Process is alive.
[2015/11/04 11:39:57.608] (ERROR) Extra characters at end of line.
[2015/11/04 11:39:57.608] (INFO) Checked file systems for errors: All filesystems OK.
[2015/11/04 11:39:57.608] (INFO) .evian ylbirret si emehcs otpyrc ym neht ,siht daer nac uoy fI
[2015/11/04 11:39:57.608] (INFO) Your mother called. She says you never call her.
[2015/11/04 11:39:57.608] (INFO) Waiting for worker process (PID 30853) to die.
[2015/11/04 11:39:57.608] (ERROR) Connection to 192.168.186.125 terminated unexpectedly. Reconnecting.
[2015/11/04 11:39:57.608] (INFO) Device 0xfb9d is online.
[2015/11/04 11:39:57.608] (INFO) User "ivf1517" logged in from 10.218.80.69.
[2015/11/04 11:39:57.608] (INFO) Pinging watchdog timer process: Process is alive.
[2015/11/04 11:39:57.608] (ERROR) Directory index of "/var/data" is forbidden.
[2015/11/04 11:39:57.608] (INFO) Your mother called. She says you never call her.
[2015/11/04 11:39:57.608] (INFO) Pinging watchdog timer process: Process is alive.
[2015/11/04 11:39:57.608] (ERROR) Detected clock skew! Restarting NTP server.
[2015/11/04 11:39:57.608] (ERROR) EFOODFAIL (Waiter, there's a fly in my soup).
[2015/11/04 11:39:57.608] (INFO) Waiting for master process (PID 54620) to die.
[2015/11/04 11:39:57.608] (ERROR) Detected incoming DDoS from 172.16.102.71.
[2015/11/04 11:39:57.608] (INFO) Supervisor has entered SUSPENDED state.
[2015/11/04 11:39:57.608] (INFO) Checkpointing off-heap server memory...
[2015/11/04 11:39:57.608] (INFO) Rolling 8 log file(s)...
[2015/11/04 11:39:57.608] (WARN) Space on disk /dev/sdf3 is low: Only 465 MB available.
[2015/11/04 11:39:57.608] (INFO) Sending SIGTERM to 3 excess workers.
[2015/11/04 11:39:57.608] (ERROR) Alien monitor (aliend): 2 space aliens are fiddling with the hardware!
[2015/11/04 11:39:57.608] (ERROR) Unable to mount /dev/sde3. (Time to run fsck?)
[2015/11/04 11:39:57.608] (INFO) User "wzk5507" logged out.
[2015/11/04 11:39:57.608] (INFO) Network heartbeat check: All OK.
[2015/11/04 11:39:57.608] (INFO) Sending SIGTERM to 2 excess workers.
[2015/11/04 11:39:57.608] (INFO) Waiting for supervisor process (PID 17658) to die.
[2015/11/04 11:39:57.608] (INFO) Rolling 3 log file(s)...
[2015/11/04 11:39:57.608] (INFO) User "qvm9022" logged in from 10.246.137.147.
[2015/11/04 11:39:57.608] (INFO) Waiting for supervisor process (PID 23171) to die.
[2015/11/04 11:39:57.608] (INFO) Pinging watchdog timer process: Process is alive.
[2015/11/04 11:39:57.608] (INFO) Flushed 23 buffers to disk.
[2015/11/04 11:39:57.608] (INFO) Alien monitor (aliend): Detected no space aliens.
[2015/11/04 11:39:57.608] (ERROR) Unable to mount /dev/sdc3. (Time to run fsck?)
[2015/11/04 11:39:57.608] (INFO) Network heartbeat check: All OK.
[2015/11/04 11:39:57.608] (INFO) Pinging watchdog timer process: Process is alive.
[2015/11/04 11:39:57.608] (INFO) Network heartbeat check: All OK.
[2015/11/04 11:39:57.608] (INFO) User "ybq2512" logged out due to inactivity (timeout=30 minutes).
[2015/11/04 11:39:58.108] (INFO) Checked file systems for errors: All filesystems OK.
[2015/11/04 11:39:58.108] (INFO) Waiting for worker process (PID 38345) to die.
[2015/11/04 11:39:58.108] (INFO) Alien monitor (aliend): Detected no space aliens.
[2015/11/04 11:39:58.108] (INFO) .evian ylbirret si emehcs otpyrc ym neht ,siht daer nac uoy fI
[2015/11/04 11:39:58.108] (INFO) Checked file systems for errors: All filesystems OK.
[2015/11/04 11:39:58.108] (INFO) Rolling 5 log file(s)...
[2015/11/04 11:39:58.108] (WARN) Network heartbeat check: 4 server(s) did not respond.
[2015/11/04 11:39:58.108] (INFO) Checked file systems for errors: All filesystems OK.
[2015/11/04 11:39:58.108] (INFO) Pinging watchdog timer process: Process is alive.
[2015/11/04 11:39:58.108] (INFO) User "xia6907" logged out due to inactivity (timeout=30 minutes).
[2015/11/04 11:39:58.108] (INFO) Backed up all server logs.
[2015/11/04 11:39:58.108] (INFO) User "toe1702" logged in from 192.168.98.239.
[2015/11/04 11:39:58.108] (INFO) Device 0xe2f0 is online.
[2015/11/04 11:39:58.108] (INFO) Your mother called. She says you never call her.
[2015/11/04 11:39:58.108] (INFO) .evian ylbirret si emehcs otpyrc ym neht ,siht daer nac uoy fI
[2015/11/04 11:39:58.108] (WARN) Network heartbeat check: 19 server(s) did not respond.
[2015/11/04 11:39:58.108] (INFO) Flushed 96 buffers to disk.
[2015/11/04 11:39:58.108] (INFO) Alien monitor (aliend): Detected no space aliens.
[2015/11/04 11:39:58.108] (INFO) Flushed 80 buffers to disk.
[2015/11/04 11:39:58.108] (INFO) Checkpointing off-heap server memory...
[2015/11/04 11:39:58.108] (WARN) Backup server 192.168.58.148 is offline.
[2015/11/04 11:39:58.108] (ERROR) Network heartbeat check FAILED: Master host down?
[2015/11/04 11:39:58.108] (INFO) Your mother called. She says you never call her.
[2015/11/04 11:39:58.108] (INFO) Checkpointing off-heap server memory...
[2015/11/04 11:39:58.108] (INFO) User "bbt3712" logged out.
[2015/11/04 11:39:58.108] (INFO) Alien monitor (aliend): Detected no space aliens.
[2015/11/04 11:39:58.108] (INFO) Sending SIGTERM to 3 excess workers.
[2015/11/04 11:39:58.108] (INFO) Device 0x9dc8 is online.
[2015/11/04 11:39:58.108] (INFO) Rolling 1 log file(s)...
[2015/11/04 11:39:58.108] (INFO) Checked file systems for errors: All filesystems OK.
[2015/11/04 11:39:58.108] (INFO) Pinging watchdog timer process: Process is alive.
[2015/11/04 11:39:58.108] (INFO) Sending SIGTERM to 3 excess workers.
[2015/11/04 11:39:58.108] (INFO) User "xud7356" logged out due to inactivity (timeout=30 minutes).
[2015/11/04 11:39:58.108] (WARN) Space on disk /dev/sdb4 is low: Only 439 MB available.
[2015/11/04 11:39:58.108] (INFO) Backed up all server logs.
[2015/11/04 11:39:58.108] (INFO) Checked file systems for errors: All filesystems OK.
[2015/11/04 11:39:58.108] (INFO) User "ouj1457" logged out.
[2015/11/04 11:39:58.108] (INFO) Pinging watchdog timer process: Process is alive.
[2015/11/04 11:39:58.108] (INFO) Checkpointing off-heap server memory...
[2015/11/04 11:39:58.108] (INFO) .evian ylbirret si emehcs otpyrc ym neht ,siht daer nac uoy fI
[2015/11/04 11:39:58.108] (ERROR) Worker 9 died with SIGPOLL. Restarting it.
[2015/11/04 11:39:58.108] (INFO) Checked file systems for errors: All filesystems OK.
[2015/11/04 11:39:58.108] (ERROR) Detected incoming DDoS from 192.168.122.92.
[2015/11/04 11:39:58.108] (INFO) User "mzo1527" logged in from 172.16.127.21.
[2015/11/04 11:39:58.108] (INFO) Alien monitor (aliend): Detected no space aliens.
[2015/11/04 11:39:58.108] (INFO) User "wsr5239" logged in from 192.168.188.175.
[2015/11/04 11:39:58.108] (INFO) Pinging watchdog timer process: Process is alive.
[2015/11/04 11:39:58.108] (INFO) Your mother called. She says you never call her.
[2015/11/04 11:39:58.108] (INFO) Backed up all server logs.
[2015/11/04 11:39:58.108] (INFO) Waiting for monitor process (PID 30480) to die.
[2015/11/04 11:39:58.108] (INFO) Checkpointing off-heap server memory...
[2015/11/04 11:39:58.108] (INFO) Network heartbeat check: All OK.
[2015/11/04 11:39:58.108] (WARN) Ignoring SIGTERM. It's not that easy to get rid of me.
[2015/11/04 11:39:58.108] (INFO) Rolling 5 log file(s)...
[2015/11/04 11:39:58.108] (INFO) Sending SIGTERM to 3 excess workers.
[2015/11/04 11:39:58.108] (INFO) User "eay2419" logged out due to inactivity (timeout=30 minutes).
[2015/11/04 11:39:58.108] (ERROR) Device 0x722f is offline
[2015/11/04 11:39:58.108] (WARN) Space on disk /dev/sdb4 is low: Only 788 MB available.
[2015/11/04 11:39:58.108] (INFO) Your mother called. She says you never call her.
[2015/11/04 11:39:58.108] (INFO) .evian ylbirret si emehcs otpyrc ym neht ,siht daer nac uoy fI
[2015/11/04 11:39:58.108] (WARN) Unable to ping monitor at 192.168.92.148. Retrying.
[2015/11/04 11:39:58.108] (INFO) Backed up all server logs.
[2015/11/04 11:39:58.108] (ERROR) "/var/data/BbjSD56547.zip": No such file or directory (ENOENT)
[2015/11/04 11:39:58.108] (INFO) User "ijf2376" logged in from 192.168.58.198.
[2015/11/04 11:39:58.108] (INFO) Checkpointing off-heap server memory...
[2015/11/04 11:39:58.108] (INFO) .evian ylbirret si emehcs otpyrc ym neht ,siht daer nac uoy fI
[2015/11/04 11:39:58.108] (INFO) Rolling 7 log file(s)...
[2015/11/04 11:39:58.108] (INFO) Flushed 30 buffers to disk.
[2015/11/04 11:39:58.108] (WARN) Master took 903 ms to respond (threshold=500 ms)
[2015/11/04 11:39:58.108] (ERROR) Blocked SSH traffic originating from 192.168.65.59.
[2015/11/04 11:39:58.108] (ERROR) Unable to write to "/var/data/ybbHm99965.zip": Permission denied (EACCES)
[2015/11/04 11:39:58.108] (INFO) Flushed 49 buffers to disk.
[2015/11/04 11:39:58.108] (INFO) Network heartbeat check: All OK.
[2015/11/04 11:39:58.108] (INFO) User "vfc5409" logged out due to inactivity (timeout=30 minutes).
[2015/11/04 11:39:58.108] (WARN) Network heartbeat check: 9 server(s) did not respond.
[2015/11/04 11:39:58.108] (INFO) Your mother called. She says you never call her.
[2015/11/04 11:39:58.108] (WARN) Master took 976 ms to respond (threshold=500 ms)
[2015/11/04 11:39:58.108] (INFO) Network heartbeat check: All OK.
[2015/11/04 11:39:58.108] (WARN) Possible cyber-attack from Nebraska.
[2015/11/04 11:39:58.108] (ERROR) Worker 4 died with SIGINT. Restarting it.
[2015/11/04 11:39:58.108] (INFO) Waiting for monitor process (PID 14692) to die.
[2015/11/04 11:39:58.108] (INFO) Device 0xa0be is online.
[2015/11/04 11:39:58.108] (ERROR) "/var/data/xFBGZ79141.txt": Permission denied (EACCES)
[2015/11/04 11:39:58.108] (INFO) Your mother called. She says you never call her.
[2015/11/04 11:39:58.108] (INFO) Sending SIGTERM to 3 excess workers.
[2015/11/04 11:39:58.108] (ERROR) "/var/data/dnNSu76235.txt": No such file or directory (ENOENT)
[2015/11/04 11:39:58.108] (INFO) Device 0x65c6 is online.
[2015/11/04 11:39:58.108] (INFO) Checkpointing off-heap server memory...
[2015/11/04 11:39:58.108] (INFO) User "zse1347" logged out due to inactivity (timeout=30 minutes).
[2015/11/04 11:39:58.108] (INFO) Waiting for master process (PID 28936) to die.
[2015/11/04 11:39:58.108] (INFO) Rolling 2 log file(s)...
[2015/11/04 11:39:58.108] (INFO) Sending SIGTERM to 4 excess workers.
[2015/11/04 11:39:58.108] (ERROR) Blocked Little Bobby Tables attack (https://xkcd.com/327/) from 10.172.37.73.
[2015/11/04 11:39:58.108] (INFO) Network heartbeat check: All OK.
[2015/11/04 11:39:58.108] (INFO) Your mother called. She says you never call her.
[2015/11/04 11:39:58.108] (INFO) Backed up all server logs.
[2015/11/04 11:39:58.108] (INFO) User "zph1990" logged out due to inactivity (timeout=30 minutes).
[2015/11/04 11:39:58.108] (INFO) Sending SIGTERM to 3 excess workers.
[2015/11/04 11:39:58.108] (INFO) User "gal3997" logged out.
[2015/11/04 11:39:58.108] (INFO) Checked file systems for errors: All filesystems OK.
[2015/11/04 11:39:58.608] (INFO) Rolling 1 log file(s)...
[2015/11/04 11:39:58.608] (INFO) Pinging watchdog timer process: Process is alive.
[2015/11/04 11:39:58.608] (INFO) Your mother called. She says you never call her.
[2015/11/04 11:39:58.608] (INFO) Alien monitor (aliend): Detected no space aliens.
[2015/11/04 11:39:58.608] (ERROR) Blocked Little Bobby Tables attack (https://xkcd.com/327/) from 192.168.239.20.
[2015/11/04 11:39:58.608] (WARN) Possible cyber-attack from Alpha Centauri.
[2015/11/04 11:39:58.608] (INFO) Device 0x5b81 is online.
[2015/11/04 11:39:58.608] (ERROR) /dev/lp error: "PC LOAD LETTER"
[2015/11/04 11:39:58.608] (INFO) Pinging watchdog timer process: Process is alive.
[2015/11/04 11:39:58.608] (ERROR) Network heartbeat check FAILED: Master host down?
[2015/11/04 11:39:58.608] (INFO) User "fmb1025" logged out due to inactivity (timeout=30 minutes).
[2015/11/04 11:39:58.608] (INFO) Alien monitor (aliend): Detected no space aliens.
[2015/11/04 11:39:58.608] (INFO) Pinging watchdog timer process: Process is alive.
[2015/11/04 11:39:58.608] (INFO) User "jui1117" logged out.
[2015/11/04 11:39:58.608] (INFO) Sending SIGTERM to 2 excess workers.
[2015/11/04 11:39:58.608] (INFO) User "anl5960" logged in from 192.168.35.76.
[2015/11/04 11:39:58.608] (INFO) Sending SIGTERM to 4 excess workers.
[2015/11/04 11:39:58.608] (ERROR) Detected incoming DDoS from 10.22.90.248.
[2015/11/04 11:39:58.608] (INFO) Backed up all server logs.
[2015/11/04 11:39:58.608] (INFO) Your mother called. She says you never call her.
[2015/11/04 11:39:58.608] (INFO) User "kse4567" logged in from 192.168.228.146.
[2015/11/04 11:39:58.608] (INFO) User "psz6195" logged out due to inactivity (timeout=30 minutes).
[2015/11/04 11:39:58.608] (ERROR) Network heartbeat check FAILED: Master host down?
[2015/11/04 11:39:58.608] (INFO) Checked file systems for errors: All filesystems OK.
[2015/11/04 11:39:58.608] (WARN) Master took 679 ms to respond (threshold=500 ms)
[2015/11/04 11:39:58.608] (INFO) Device 0xdf7c is online.
[2015/11/04 11:39:58.608] (INFO) Flushed 76 buffers to disk.
[2015/11/04 11:39:58.608] (INFO) Sending SIGTERM to 2 excess workers.
[2015/11/04 11:39:58.608] (INFO) Checked file systems for errors: All filesystems OK.
[2015/11/04 11:39:58.608] (ERROR) Unable to authenticate user "eli7203": LDAP server isn't responding.
[2015/11/04 11:39:58.608] (INFO) User "qpm3314" logged in from 10.144.4.191.
[2015/11/04 11:39:58.608] (WARN) Ignoring SIGTERM. It's not that easy to get rid of me.
[2015/11/04 11:39:58.608] (INFO) Supervisor has entered RUNNING state.
[2015/11/04 11:39:58.608] (INFO) Network heartbeat check: All OK.
[2015/11/04 11:39:58.608] (INFO) Waiting for worker process (PID 38143) to die.
[2015/11/04 11:39:58.608] (INFO) Backed up all server logs.
[2015/11/04 11:39:58.608] (INFO) Alien monitor (aliend): Detected no space aliens.
[2015/11/04 11:39:58.608] (INFO) User "jfn7605" logged out.
[2015/11/04 11:39:58.608] (INFO) Rolling 5 log file(s)...
[2015/11/04 11:39:58.608] (INFO) User "cvv7598" logged in from 192.168.168.107.
[2015/11/04 11:39:58.608] (INFO) .evian ylbirret si emehcs otpyrc ym neht ,siht daer nac uoy fI
[2015/11/04 11:39:58.608] (INFO) Device 0x6d6c is online.
[2015/11/04 11:39:58.608] (INFO) Checkpointing off-heap server memory...
[2015/11/04 11:39:58.608] (ERROR) "/var/data/hsSwu65909.tsv": Permission denied (EACCES)
[2015/11/04 11:39:58.608] (INFO) User "rpo4509" logged out due to inactivity (timeout=30 minutes).
[2015/11/04 11:39:58.608] (INFO) User "wxh6354" logged out due to inactivity (timeout=30 minutes).
[2015/11/04 11:39:58.608] (INFO) Checkpointing off-heap server memory...
[2015/11/04 11:39:58.608] (ERROR) CPU temperature exceeds 50º Celsius. Shutting down.
[2015/11/04 11:39:58.608] (INFO) Supervisor has entered SUSPENDED state.
[2015/11/04 11:39:58.608] (INFO) Supervisor has entered WAITING state.
[2015/11/04 11:39:58.608] (INFO) Checked file systems for errors: All filesystems OK.
[2015/11/04 11:39:58.608] (INFO) User "nkc6479" logged in from 192.168.157.135.
[2015/11/04 11:39:58.608] (INFO) Alien monitor (aliend): Detected no space aliens.
[2015/11/04 11:39:58.608] (INFO) Network heartbeat check: All OK.
[2015/11/04 11:39:58.608] (ERROR) CPU temperature exceeds 50º Celsius. Shutting down.
[2015/11/04 11:39:58.608] (INFO) Checkpointing off-heap server memory...
[2015/11/04 11:39:58.608] (INFO) Backed up all server logs.
[2015/11/04 11:39:58.608] (INFO) Backed up all server logs.
[2015/11/04 11:39:58.608] (ERROR) Extra characters at end of line.
[2015/11/04 11:39:58.608] (INFO) User "xxn7597" logged out.
[2015/11/04 11:39:58.608] (INFO) Device 0x0f03 is online.
[2015/11/04 11:39:58.608] (INFO) Network heartbeat check: All OK.
[2015/11/04 11:39:58.608] (ERROR) One of the flayrods has gone out askew on treadle.
[2015/11/04 11:39:58.608] (ERROR) Unable to write to "/var/data/tVATS65343.zip": Permission denied (EACCES)
[2015/11/04 11:39:58.608] (INFO) Rolling 9 log file(s)...
[2015/11/04 11:39:58.608] (WARN) Possible cyber-attack from Alpha Centauri.
[2015/11/04 11:39:58.608] (INFO) User "rtg7849" logged out.
[2015/11/04 11:39:58.608] (WARN) Master took 928 ms to respond (threshold=500 ms)
[2015/11/04 11:39:58.608] (INFO) Supervisor has entered RUNNING state.
[2015/11/04 11:39:58.608] (INFO) .evian ylbirret si emehcs otpyrc ym neht ,siht daer nac uoy fI
[2015/11/04 11:39:58.608] (WARN) Possible cyber-attack from Alpha Centauri.
[2015/11/04 11:39:58.608] (INFO) .evian ylbirret si emehcs otpyrc ym neht ,siht daer nac uoy fI
[2015/11/04 11:39:58.608] (INFO) Flushed 33 buffers to disk.
[2015/11/04 11:39:58.608] (INFO) Alien monitor (aliend): Detected no space aliens.
[2015/11/04 11:39:58.608] (INFO) Supervisor has entered WAITING state.
[2015/11/04 11:39:58.608] (INFO) Your mother called. She says you never call her.
[2015/11/04 11:39:58.608] (INFO) Backed up all server logs.
[2015/11/04 11:39:58.608] (ERROR) Extra characters at end of line.
[2015/11/04 11:39:58.608] (INFO) User "mmg8337" logged out.
[2015/11/04 11:39:58.608] (INFO) User "kgl1516" logged out.
[2015/11/04 11:39:58.608] (INFO) Pinging watchdog timer process: Process is alive.
[2015/11/04 11:39:58.608] (INFO) Waiting for monitor process (PID 57637) to die.
[2015/11/04 11:39:58.608] (INFO) Waiting for master process (PID 19944) to die.
[2015/11/04 11:39:58.608] (ERROR) EFOODFAIL (Waiter, there's a fly in my soup).
[2015/11/04 11:39:58.608] (INFO) User "ngl5636" logged in from 10.25.196.90.
[2015/11/04 11:39:58.608] (INFO) Rolling 1 log file(s)...
[2015/11/04 11:39:58.608] (INFO) Rolling 8 log file(s)...
[2015/11/04 11:39:58.608] (INFO) Alien monitor (aliend): Detected no space aliens.
[2015/11/04 11:39:58.608] (INFO) Waiting for worker process (PID 51254) to die.
[2015/11/04 11:39:58.608] (WARN) Backup server 172.16.212.246 is offline.
[2015/11/04 11:39:58.608] (INFO) Checkpointing off-heap server memory...
[2015/11/04 11:39:58.608] (WARN) Master took 937 ms to respond (threshold=500 ms)
[2015/11/04 11:39:58.608] (INFO) Supervisor has entered WAITING state.
[2015/11/04 11:39:58.608] (WARN) Master took 825 ms to respond (threshold=500 ms)
[2015/11/04 11:39:58.608] (INFO) Device 0x7340 is online.
[2015/11/04 11:39:58.608] (INFO) Waiting for master process (PID 52686) to die.
[2015/11/04 11:39:58.608] (WARN) Possible cyber-attack from Antarctica.
[2015/11/04 11:39:58.608] (INFO) Network heartbeat check: All OK.
[2015/11/04 11:39:58.608] (INFO) Device 0x228b is online.
[2015/11/04 11:39:58.608] (INFO) Waiting for master process (PID 43881) to die.
[2015/11/04 11:39:59.107] (INFO) Checkpointing off-heap server memory...
[2015/11/04 11:39:59.107] (INFO) User "spn2051" logged in from 172.16.2.171.
[2015/11/04 11:39:59.107] (ERROR) Worker 7 died with SIGINT. Restarting it.
[2015/11/04 11:39:59.107] (INFO) Pinging watchdog timer process: Process is alive.
[2015/11/04 11:39:59.107] (ERROR) Detected clock skew! Restarting NTP server.
[2015/11/04 11:39:59.107] (INFO) Checked file systems for errors: All filesystems OK.
[2015/11/04 11:39:59.107] (INFO) User "how2035" logged out due to inactivity (timeout=30 minutes).
[2015/11/04 11:39:59.107] (INFO) Backed up all server logs.
[2015/11/04 11:39:59.107] (INFO) Checked file systems for errors: All filesystems OK.
[2015/11/04 11:39:59.107] (INFO) Device 0x6faa is online.
[2015/11/04 11:39:59.107] (INFO) Checkpointing off-heap server memory...
[2015/11/04 11:39:59.107] (INFO) Sending SIGTERM to 3 excess workers.
[2015/11/04 11:39:59.107] (INFO) Alien monitor (aliend): Detected no space aliens.
[2015/11/04 11:39:59.107] (INFO) Pinging watchdog timer process: Process is alive.
[2015/11/04 11:39:59.107] (INFO) User "yhz9394" logged in from 172.16.19.202.
[2015/11/04 11:39:59.107] (WARN) Ignoring SIGTERM. It's not that easy to get rid of me.
[2015/11/04 11:39:59.107] (INFO) Device 0xf151 is online.
[2015/11/04 11:39:59.107] (INFO) Checkpointing off-heap server memory...
[2015/11/04 11:39:59.107] (INFO) Device 0xd38a is online.
[2015/11/04 11:39:59.107] (INFO) Sending SIGTERM to 2 excess workers.
[2015/11/04 11:39:59.107] (INFO) User "gpn8167" logged out due to inactivity (timeout=30 minutes).
[2015/11/04 11:39:59.107] (INFO) Your mother called. She says you never call her.
[2015/11/04 11:39:59.107] (INFO) User "ypo1833" logged out.
[2015/11/04 11:39:59.107] (ERROR) Unable to mount /dev/sda2. (Time to run fsck?)
[2015/11/04 11:39:59.107] (ERROR) Extra characters at end of line.
[2015/11/04 11:39:59.107] (INFO) Waiting for supervisor process (PID 8645) to die.
[2015/11/04 11:39:59.107] (INFO) Checkpointing off-heap server memory...
[2015/11/04 11:39:59.107] (INFO) Your mother called. She says you never call her.
[2015/11/04 11:39:59.107] (ERROR) Detected clock skew! Restarting NTP server.
[2015/11/04 11:39:59.107] (INFO) Network heartbeat check: All OK.
[2015/11/04 11:39:59.107] (INFO) Checkpointing off-heap server memory...
[2015/11/04 11:39:59.107] (INFO) Checkpointing off-heap server memory...
[2015/11/04 11:39:59.107] (INFO) Your mother called. She says you never call her.
[2015/11/04 11:39:59.107] (INFO) Your mother called. She says you never call her.
[2015/11/04 11:39:59.107] (INFO) Rolling 6 log file(s)...
[2015/11/04 11:39:59.107] (INFO) Sending SIGTERM to 3 excess workers.
[2015/11/04 11:39:59.107] (INFO) User "oio1402" logged out due to inactivity (timeout=30 minutes).
[2015/11/04 11:39:59.107] (INFO) Device 0x8ddd is online.
[2015/11/04 11:39:59.107] (INFO) Pinging watchdog timer process: Process is alive.
[2015/11/04 11:39:59.107] (INFO) Alien monitor (aliend): Detected no space aliens.
[2015/11/04 11:39:59.107] (INFO) Checkpointing off-heap server memory...
[2015/11/04 11:39:59.107] (INFO) Flushed 89 buffers to disk.
[2015/11/04 11:39:59.107] (INFO) Sending SIGTERM to 3 excess workers.
[2015/11/04 11:39:59.107] (INFO) Checked file systems for errors: All filesystems OK.
[2015/11/04 11:39:59.107] (INFO) Checked file systems for errors: All filesystems OK.
[2015/11/04 11:39:59.107] (INFO) Device 0x0162 is online.
[2015/11/04 11:39:59.107] (INFO) Network heartbeat check: All OK.
[2015/11/04 11:39:59.108] (WARN) Space on disk /dev/sdd1 is low: Only 103 MB available.
[2015/11/04 11:39:59.108] (WARN) Retrying server log checkpoint.
[2015/11/04 11:39:59.108] (INFO) Network heartbeat check: All OK.
[2015/11/04 11:39:59.108] (INFO) Your mother called. She says you never call her.
[2015/11/04 11:39:59.108] (INFO) Flushed 67 buffers to disk.
[2015/11/04 11:39:59.108] (INFO) Pinging watchdog timer process: Process is alive.
[2015/11/04 11:39:59.108] (INFO) Alien monitor (aliend): Detected no space aliens.
[2015/11/04 11:39:59.108] (INFO) User "phd1611" logged out due to inactivity (timeout=30 minutes).
[2015/11/04 11:39:59.108] (INFO) Flushed 75 buffers to disk.
[2015/11/04 11:39:59.108] (INFO) Sending SIGTERM to 4 excess workers.
[2015/11/04 11:39:59.108] (ERROR) /dev/lp error: "PC LOAD LETTER"
[2015/11/04 11:39:59.108] (ERROR) Failed to open "/mnt/fileserver01/Dqxog56316.txt": NFS timeout.
[2015/11/04 11:39:59.108] (INFO) Flushed 56 buffers to disk.
[2015/11/04 11:39:59.108] (INFO) User "sow9585" logged out.
[2015/11/04 11:39:59.108] (INFO) .evian ylbirret si emehcs otpyrc ym neht ,siht daer nac uoy fI
[2015/11/04 11:39:59.108] (INFO) Sending SIGTERM to 3 excess workers.
[2015/11/04 11:39:59.108] (INFO) Device 0x4d04 is online.
[2015/11/04 11:39:59.108] (INFO) Rolling 7 log file(s)...
[2015/11/04 11:39:59.108] (INFO) .evian ylbirret si emehcs otpyrc ym neht ,siht daer nac uoy fI
[2015/11/04 11:39:59.108] (INFO) Rolling 2 log file(s)...
[2015/11/04 11:39:59.108] (INFO) Device 0xff5a is online.
[2015/11/04 11:39:59.108] (INFO) Pinging watchdog timer process: Process is alive.
[2015/11/04 11:39:59.108] (INFO) Flushed 29 buffers to disk.
[2015/11/04 11:39:59.108] (INFO) Pinging watchdog timer process: Process is alive.
[2015/11/04 11:39:59.108] (INFO) Backed up all server logs.
[2015/11/04 11:39:59.108] (INFO) Backed up all server logs.
[2015/11/04 11:39:59.108] (INFO) Rolling 5 log file(s)...
[2015/11/04 11:39:59.108] (INFO) Flushed 25 buffers to disk.
[2015/11/04 11:39:59.108] (INFO) Network heartbeat check: All OK.
[2015/11/04 11:39:59.108] (INFO) Pinging watchdog timer process: Process is alive.
[2015/11/04 11:39:59.108] (INFO) Rolling 1 log file(s)...
[2015/11/04 11:39:59.108] (WARN) Ignoring SIGTERM. It's not that easy to get rid of me.
[2015/11/04 11:39:59.108] (INFO) Device 0x61bb is online.
[2015/11/04 11:39:59.108] (WARN) Master took 549 ms to respond (threshold=500 ms)
[2015/11/04 11:39:59.108] (INFO) Flushed 77 buffers to disk.
[2015/11/04 11:39:59.108] (INFO) Device 0xfc8b is online.
[2015/11/04 11:39:59.108] (WARN) CPU temperature exceeds 40º Celsius.
[2015/11/04 11:39:59.108] (WARN) Possible cyber-attack from a small unnamed island.
[2015/11/04 11:39:59.108] (ERROR) Device 0xe639 is offline
[2015/11/04 11:39:59.108] (INFO) Sending SIGTERM to 4 excess workers.
[2015/11/04 11:39:59.108] (INFO) Device 0xf972 is online.
[2015/11/04 11:39:59.108] (INFO) Waiting for worker process (PID 13382) to die.
[2015/11/04 11:39:59.108] (WARN) CPU temperature exceeds 40º Celsius.
[2015/11/04 11:39:59.108] (INFO) Checked file systems for errors: All filesystems OK.
[2015/11/04 11:39:59.108] (ERROR) "/var/data/XXiIr93277.xslx": Permission denied (EACCES)
[2015/11/04 11:39:59.108] (INFO) Alien monitor (aliend): Detected no space aliens.
[2015/11/04 11:39:59.108] (INFO) Supervisor has entered WAITING state.
[2015/11/04 11:39:59.108] (WARN) Unable to ping monitor at 10.167.252.187. Retrying.
[2015/11/04 11:39:59.108] (INFO) Device 0x1e88 is online.
[2015/11/04 11:39:59.108] (ERROR) User "aob1360" failed to log in 3 times. Disabling account.
[2015/11/04 11:39:59.108] (WARN) Space on disk /dev/sdd3 is low: Only 315 MB available.
[2015/11/04 11:39:59.108] (INFO) Flushed 49 buffers to disk.
[2015/11/04 11:39:59.108] (ERROR) Unable to write to "/var/data/OPunE54422.tsv": Permission denied (EACCES)
[2015/11/04 11:39:59.607] (INFO) Sending SIGTERM to 4 excess workers.
[2015/11/04 11:39:59.607] (INFO) Waiting for supervisor process (PID 31551) to die.
[2015/11/04 11:39:59.607] (INFO) User "eyq5303" logged in from 172.16.144.227.
[2015/11/04 11:39:59.607] (INFO) Checked file systems for errors: All filesystems OK.
[2015/11/04 11:39:59.608] (INFO) Checkpointing off-heap server memory...
[2015/11/04 11:39:59.608] (INFO) Your mother called. She says you never call her.
[2015/11/04 11:39:59.608] (INFO) Your mother called. She says you never call her.
[2015/11/04 11:39:59.608] (INFO) Waiting for monitor process (PID 58126) to die.
[2015/11/04 11:39:59.608] (ERROR) Detected incoming DDoS from 172.16.224.135.
[2015/11/04 11:39:59.608] (INFO) Pinging watchdog timer process: Process is alive.
[2015/11/04 11:39:59.608] (ERROR) Unable to mount /dev/sdd2. (Time to run fsck?)
[2015/11/04 11:39:59.608] (INFO) User "fxu3582" logged out.
[2015/11/04 11:39:59.608] (INFO) Waiting for master process (PID 60872) to die.
[2015/11/04 11:39:59.608] (INFO) Your mother called. She says you never call her.
[2015/11/04 11:39:59.608] (ERROR) Blocked Little Bobby Tables attack (https://xkcd.com/327/) from 192.168.46.179.
[2015/11/04 11:39:59.608] (INFO) .evian ylbirret si emehcs otpyrc ym neht ,siht daer nac uoy fI
[2015/11/04 11:39:59.608] (INFO) .evian ylbirret si emehcs otpyrc ym neht ,siht daer nac uoy fI
[2015/11/04 11:39:59.608] (INFO) Flushed 96 buffers to disk.
[2015/11/04 11:39:59.608] (INFO) User "xsk7995" logged in from 10.129.22.87.
[2015/11/04 11:39:59.608] (WARN) Ignoring SIGTERM. It's not that easy to get rid of me.
[2015/11/04 11:39:59.608] (ERROR) CPU temperature exceeds 50º Celsius. Shutting down.
[2015/11/04 11:39:59.608] (WARN) Network heartbeat check: 6 server(s) did not respond.
[2015/11/04 11:39:59.608] (ERROR) Detected clock skew! Restarting NTP server.
[2015/11/04 11:39:59.608] (INFO) Backed up all server logs.
[2015/11/04 11:39:59.608] (INFO) Pinging watchdog timer process: Process is alive.
[2015/11/04 11:39:59.608] (INFO) Network heartbeat check: All OK.
[2015/11/04 11:39:59.608] (INFO) User "gva2495" logged out.
[2015/11/04 11:39:59.608] (INFO) User "ezw3263" logged out due to inactivity (timeout=30 minutes).
[2015/11/04 11:39:59.608] (ERROR) Detected incoming DDoS from 172.16.245.24.
[2015/11/04 11:39:59.608] (INFO) Waiting for supervisor process (PID 24800) to die.
[2015/11/04 11:39:59.608] (INFO) Rolling 4 log file(s)...
[2015/11/04 11:39:59.608] (INFO) Backed up all server logs.
[2015/11/04 11:39:59.608] (INFO) Rolling 9 log file(s)...
[2015/11/04 11:39:59.608] (ERROR) Directory index of "/var/data" is forbidden.
[2015/11/04 11:39:59.608] (INFO) .evian ylbirret si emehcs otpyrc ym neht ,siht daer nac uoy fI
[2015/11/04 11:39:59.608] (INFO) Your mother called. She says you never call her.
[2015/11/04 11:39:59.608] (INFO) Checkpointing off-heap server memory...
[2015/11/04 11:39:59.608] (INFO) User "yai7222" logged out due to inactivity (timeout=30 minutes).
[2015/11/04 11:39:59.608] (INFO) User "sbj1664" logged out due to inactivity (timeout=30 minutes).
[2015/11/04 11:39:59.608] (INFO) User "dhh4449" logged in from 172.16.175.48.
[2015/11/04 11:39:59.608] (INFO) Device 0xbb39 is online.
[2015/11/04 11:39:59.608] (ERROR) Detected incoming DDoS from 10.151.235.72.
[2015/11/04 11:39:59.608] (INFO) Supervisor has entered SUSPENDED state.
[2015/11/04 11:39:59.608] (INFO) User "sjr6199" logged in from 192.168.156.175.
[2015/11/04 11:39:59.608] (INFO) User "gqa6259" logged out.
[2015/11/04 11:39:59.608] (WARN) Unable to ping master at 172.16.32.136. Retrying.
[2015/11/04 11:39:59.608] (INFO) Network heartbeat check: All OK.
[2015/11/04 11:39:59.608] (WARN) Unable to ping worker at 10.119.46.19. Retrying.
[2015/11/04 11:39:59.608] (ERROR) EFOODFAIL (Waiter, there's a fly in my soup).
[2015/11/04 11:39:59.608] (INFO) Alien monitor (aliend): Detected no space aliens.
[2015/11/04 11:39:59.608] (INFO) Sending SIGTERM to 4 excess workers.
[2015/11/04 11:39:59.608] (INFO) Flushed 76 buffers to disk.
[2015/11/04 11:39:59.608] (INFO) Checkpointing off-heap server memory...
[2015/11/04 11:39:59.608] (INFO) Checked file systems for errors: All filesystems OK.
[2015/11/04 11:39:59.608] (INFO) .evian ylbirret si emehcs otpyrc ym neht ,siht daer nac uoy fI
[2015/11/04 11:39:59.608] (INFO) Waiting for monitor process (PID 44821) to die.
[2015/11/04 11:39:59.608] (INFO) Pinging watchdog timer process: Process is alive.
[2015/11/04 11:39:59.608] (INFO) Flushed 41 buffers to disk.
[2015/11/04 11:39:59.608] (WARN) Network heartbeat check: 9 server(s) did not respond.
[2015/11/04 11:39:59.608] (INFO) Checkpointing off-heap server memory...
[2015/11/04 11:39:59.608] (INFO) Your mother called. She says you never call her.
[2015/11/04 11:39:59.608] (INFO) User "nmi4131" logged out due to inactivity (timeout=30 minutes).
[2015/11/04 11:39:59.608] (INFO) Supervisor has entered RESTARTING state.
[2015/11/04 11:39:59.608] (INFO) Checked file systems for errors: All filesystems OK.
[2015/11/04 11:39:59.608] (INFO) User "pjv1371" logged out.
[2015/11/04 11:39:59.608] (INFO) Supervisor has entered SUSPENDED state.
[2015/11/04 11:39:59.608] (INFO) Alien monitor (aliend): Detected no space aliens.
[2015/11/04 11:39:59.608] (INFO) Pinging watchdog timer process: Process is alive.
[2015/11/04 11:39:59.608] (INFO) Rolling 1 log file(s)...
[2015/11/04 11:39:59.608] (INFO) Waiting for monitor process (PID 42146) to die.
[2015/11/04 11:39:59.608] (INFO) Flushed 34 buffers to disk.
[2015/11/04 11:39:59.608] (ERROR) EFOODFAIL (Waiter, there's a fly in my soup).
[2015/11/04 11:39:59.608] (INFO) Your mother called. She says you never call her.
[2015/11/04 11:39:59.608] (INFO) Device 0x5990 is online.
[2015/11/04 11:39:59.608] (INFO) Checked file systems for errors: All filesystems OK.
[2015/11/04 11:39:59.608] (INFO) User "ucl7198" logged out due to inactivity (timeout=30 minutes).
[2015/11/04 11:39:59.608] (INFO) Supervisor has entered WAITING state.
[2015/11/04 11:39:59.608] (WARN) Master took 562 ms to respond (threshold=500 ms)
[2015/11/04 11:39:59.608] (ERROR) Device 0xb51d is offline
[2015/11/04 11:39:59.608] (INFO) Supervisor has entered RUNNING state.
[2015/11/04 11:39:59.608] (INFO) .evian ylbirret si emehcs otpyrc ym neht ,siht daer nac uoy fI
[2015/11/04 11:39:59.608] (ERROR) Failed to write checkpoint file "/var/checkpoint/VLGTP97119: No space left on device (ENOSPC)
[2015/11/04 11:39:59.608] (INFO) User "xrc8881" logged out due to inactivity (timeout=30 minutes).
[2015/11/04 11:39:59.608] (INFO) User "evd1906" logged out.
[2015/11/04 11:39:59.608] (ERROR) Detected incoming DDoS from 10.214.97.189.
[2015/11/04 11:39:59.608] (INFO) Device 0xd004 is online.
[2015/11/04 11:39:59.608] (INFO) Network heartbeat check: All OK.
[2015/11/04 11:39:59.608] (INFO) User "jje2524" logged out due to inactivity (timeout=30 minutes).
[2015/11/04 11:39:59.608] (INFO) User "ngm9544" logged out due to inactivity (timeout=30 minutes).
[2015/11/04 11:39:59.608] (INFO) Your mother called. She says you never call her.
[2015/11/04 11:39:59.608] (WARN) Space on disk /dev/sde4 is low: Only 146 MB available.
[2015/11/04 11:39:59.608] (INFO) Waiting for worker process (PID 33807) to die.
[2015/11/04 11:39:59.608] (WARN) There is no such thing as a free lunch.
[2015/11/04 11:39:59.608] (INFO) Backed up all server logs.
[2015/11/04 11:39:59.608] (INFO) Supervisor has entered SUSPENDED state.
[2015/11/04 11:39:59.608] (ERROR) Detected clock skew! Restarting NTP server.
[2015/11/04 11:39:59.608] (INFO) User "dqh9223" logged in from 192.168.82.60.
[2015/11/04 11:39:59.608] (INFO) Waiting for worker process (PID 53510) to die.
[2015/11/04 11:39:59.608] (INFO) Sending SIGTERM to 2 excess workers.
[2015/11/04 11:39:59.608] (INFO) Network heartbeat check: All OK.
[2015/11/04 11:40:00.108] (INFO) Supervisor has entered RUNNING state.
[2015/11/04 11:40:00.108] (INFO) Rolling 8 log file(s)...
[2015/11/04 11:40:00.108] (INFO) Network heartbeat check: All OK.
[2015/11/04 11:40:00.108] (INFO) Checked file systems for errors: All filesystems OK.
[2015/11/04 11:40:00.108] (INFO) Rolling 5 log file(s)...
[2015/11/04 11:40:00.108] (INFO) Rolling 5 log file(s)...
[2015/11/04 11:40:00.108] (INFO) User "hou4330" logged out.
[2015/11/04 11:40:00.108] (INFO) Waiting for supervisor process (PID 64812) to die.
[2015/11/04 11:40:00.108] (INFO) Checked file systems for errors: All filesystems OK.
[2015/11/04 11:40:00.108] (INFO) Network heartbeat check: All OK.
[2015/11/04 11:40:00.108] (INFO) Rolling 2 log file(s)...
[2015/11/04 11:40:00.108] (INFO) Flushed 53 buffers to disk.
[2015/11/04 11:40:00.108] (WARN) Network heartbeat check: 10 server(s) did not respond.
[2015/11/04 11:40:00.108] (INFO) Checkpointing off-heap server memory...
[2015/11/04 11:40:00.108] (INFO) User "fen1091" logged out due to inactivity (timeout=30 minutes).
[2015/11/04 11:40:00.108] (INFO) Device 0xca4d is online.
[2015/11/04 11:40:00.108] (INFO) Flushed 84 buffers to disk.
[2015/11/04 11:40:00.108] (INFO) .evian ylbirret si emehcs otpyrc ym neht ,siht daer nac uoy fI
[2015/11/04 11:40:00.108] (INFO) Rolling 3 log file(s)...
[2015/11/04 11:40:00.108] (INFO) Alien monitor (aliend): Detected no space aliens.
[2015/11/04 11:40:00.108] (INFO) User "boh1490" logged out.
[2015/11/04 11:40:00.108] (INFO) Alien monitor (aliend): Detected no space aliens.
[2015/11/04 11:40:00.108] (INFO) Sending SIGTERM to 2 excess workers.
[2015/11/04 11:40:00.108] (INFO) Pinging watchdog timer process: Process is alive.
[2015/11/04 11:40:00.108] (INFO) User "cfb4803" logged in from 192.168.142.106.
[2015/11/04 11:40:00.108] (INFO) Flushed 86 buffers to disk.
[2015/11/04 11:40:00.108] (ERROR) /dev/lp error: "PC LOAD LETTER"
[2015/11/04 11:40:00.108] (INFO) Alien monitor (aliend): Detected no space aliens.
[2015/11/04 11:40:00.108] (INFO) Checked file systems for errors: All filesystems OK.
[2015/11/04 11:40:00.108] (INFO) .evian ylbirret si emehcs otpyrc ym neht ,siht daer nac uoy fI
[2015/11/04 11:40:00.108] (INFO) Waiting for master process (PID 46575) to die.
[2015/11/04 11:40:00.108] (INFO) Sending SIGTERM to 3 excess workers.
[2015/11/04 11:40:00.108] (INFO) User "tbc5182" logged out due to inactivity (timeout=30 minutes).
[2015/11/04 11:40:00.108] (INFO) Sending SIGTERM to 3 excess workers.
[2015/11/04 11:40:00.108] (INFO) Network heartbeat check: All OK.
[2015/11/04 11:40:00.108] (ERROR) Failed to open "/mnt/fileserver01/nemqd75642.tsv": NFS timeout.
[2015/11/04 11:40:00.108] (ERROR) Unable to authenticate user "vil1313": LDAP server isn't responding.
[2015/11/04 11:40:00.108] (INFO) User "drc4757" logged out due to inactivity (timeout=30 minutes).
[2015/11/04 11:40:00.108] (INFO) User "taa2671" logged in from 10.18.179.107.
[2015/11/04 11:40:00.108] (WARN) Retrying server log checkpoint.
[2015/11/04 11:40:00.108] (INFO) Network heartbeat check: All OK.
[2015/11/04 11:40:00.108] (INFO) Waiting for monitor process (PID 4573) to die.
[2015/11/04 11:40:00.108] (INFO) Pinging watchdog timer process: Process is alive.
[2015/11/04 11:40:00.108] (INFO) Pinging watchdog timer process: Process is alive.
[2015/11/04 11:40:00.108] (INFO) Flushed 61 buffers to disk.
[2015/11/04 11:40:00.108] (INFO) Supervisor has entered WAITING state.
[2015/11/04 11:40:00.108] (WARN) Space on disk /dev/sdc3 is low: Only 151 MB available.
[2015/11/04 11:40:00.108] (ERROR) One of the flayrods has gone out askew on treadle.
[2015/11/04 11:40:00.108] (ERROR) Extra characters at end of line.
[2015/11/04 11:40:00.108] (INFO) Checked file systems for errors: All filesystems OK.
[2015/11/04 11:40:00.108] (INFO) Network heartbeat check: All OK.
[2015/11/04 11:40:00.108] (INFO) Checked file systems for errors: All filesystems OK.
[2015/11/04 11:40:00.108] (INFO) Rolling 5 log file(s)...
[2015/11/04 11:40:00.108] (INFO) Device 0x543f is online.
[2015/11/04 11:40:00.108] (INFO) Pinging watchdog timer process: Process is alive.
[2015/11/04 11:40:00.108] (INFO) Sending SIGTERM to 2 excess workers.
[2015/11/04 11:40:00.108] (INFO) Network heartbeat check: All OK.
[2015/11/04 11:40:00.108] (WARN) Space on disk /dev/sda4 is low: Only 138 MB available.
[2015/11/04 11:40:00.108] (INFO) Alien monitor (aliend): Detected no space aliens.
[2015/11/04 11:40:00.108] (INFO) Network heartbeat check: All OK.
[2015/11/04 11:40:00.108] (INFO) Sending SIGTERM to 4 excess workers.
[2015/11/04 11:40:00.108] (WARN) Ignoring SIGTERM. It's not that easy to get rid of me.
[2015/11/04 11:40:00.108] (ERROR) Blocked SSH traffic originating from 10.212.87.186.
[2015/11/04 11:40:00.108] (INFO) Device 0x7121 is online.
[2015/11/04 11:40:00.108] (INFO) Checked file systems for errors: All filesystems OK.
[2015/11/04 11:40:00.108] (INFO) Checked file systems for errors: All filesystems OK.
[2015/11/04 11:40:00.108] (ERROR) Detected clock skew! Restarting NTP server.
[2015/11/04 11:40:00.108] (INFO) User "bmw9347" logged in from 10.180.47.173.
[2015/11/04 11:40:00.108] (ERROR) Alien monitor (aliend): 4 space aliens are fiddling with the hardware!
[2015/11/04 11:40:00.108] (WARN) There is no such thing as a free lunch.
[2015/11/04 11:40:00.108] (INFO) Alien monitor (aliend): Detected no space aliens.
[2015/11/04 11:40:00.108] (INFO) Flushed 65 buffers to disk.
[2015/11/04 11:40:00.108] (INFO) Sending SIGTERM to 2 excess workers.
[2015/11/04 11:40:00.108] (INFO) .evian ylbirret si emehcs otpyrc ym neht ,siht daer nac uoy fI
[2015/11/04 11:40:00.108] (INFO) Supervisor has entered WAITING state.
[2015/11/04 11:40:00.108] (INFO) Flushed 33 buffers to disk.
[2015/11/04 11:40:00.108] (INFO) Checked file systems for errors: All filesystems OK.
[2015/11/04 11:40:00.108] (INFO) Your mother called. She says you never call her.
[2015/11/04 11:40:00.108] (INFO) Network heartbeat check: All OK.
[2015/11/04 11:40:00.108] (INFO) User "xes8593" logged out due to inactivity (timeout=30 minutes).
[2015/11/04 11:40:00.108] (INFO) User "ozs6331" logged out.
[2015/11/04 11:40:00.108] (INFO) Waiting for master process (PID 58823) to die.
[2015/11/04 11:40:00.108] (INFO) Rolling 1 log file(s)...
[2015/11/04 11:40:00.108] (INFO) Waiting for monitor process (PID 39738) to die.
[2015/11/04 11:40:00.108] (WARN) There is no such thing as a free lunch.
[2015/11/04 11:40:00.108] (INFO) Supervisor has entered WAITING state.
[2015/11/04 11:40:00.108] (INFO) User "agz3071" logged out due to inactivity (timeout=30 minutes).
[2015/11/04 11:40:00.108] (ERROR) "/var/data/zlhif67404.zip": No such file or directory (ENOENT)
[2015/11/04 11:40:00.108] (INFO) .evian ylbirret si emehcs otpyrc ym neht ,siht daer nac uoy fI
[2015/11/04 11:40:00.108] (INFO) User "ygn5337" logged out.
[2015/11/04 11:40:00.108] (INFO) Checkpointing off-heap server memory...
[2015/11/04 11:40:00.108] (INFO) Waiting for supervisor process (PID 48960) to die.
[2015/11/04 11:40:00.108] (INFO) Your mother called. She says you never call her.
[2015/11/04 11:40:00.108] (INFO) Your mother called. She says you never call her.
[2015/11/04 11:40:00.108] (WARN) Unable to ping monitor at 10.53.101.149. Retrying.
[2015/11/04 11:40:00.108] (INFO) Waiting for monitor process (PID 28597) to die.
[2015/11/04 11:40:00.108] (INFO) Checkpointing off-heap server memory...
[2015/11/04 11:40:00.108] (ERROR) Blocked BitTorrent traffic originating from 192.168.40.183.
[2015/11/04 11:40:00.108] (INFO) Backed up all server logs.
[2015/11/04 11:40:00.108] (ERROR) Extra characters at end of line.
[2015/11/04 11:40:00.608] (ERROR) "/var/data/uOJrx66760.csv": Permission denied (EACCES)
[2015/11/04 11:40:00.608] (INFO) User "and7951" logged in from 192.168.2.192.
[2015/11/04 11:40:00.608] (INFO) Alien monitor (aliend): Detected no space aliens.
[2015/11/04 11:40:00.608] (INFO) Flushed 53 buffers to disk.
[2015/11/04 11:40:00.608] (INFO) Device 0xedc5 is online.
[2015/11/04 11:40:00.608] (INFO) Waiting for monitor process (PID 39976) to die.
[2015/11/04 11:40:00.608] (INFO) Your mother called. She says you never call her.
[2015/11/04 11:40:00.608] (INFO) Checkpointing off-heap server memory...
[2015/11/04 11:40:00.608] (ERROR) "/var/data/YRKbZ74580.zip": No such file or directory (ENOENT)
[2015/11/04 11:40:00.608] (INFO) Your mother called. She says you never call her.
[2015/11/04 11:40:00.608] (ERROR) Detected clock skew! Restarting NTP server.
[2015/11/04 11:40:00.608] (INFO) Checked file systems for errors: All filesystems OK.
[2015/11/04 11:40:00.608] (INFO) Supervisor has entered WAITING state.
[2015/11/04 11:40:00.608] (ERROR) User "tet9497" failed to log in 3 times. Disabling account.
[2015/11/04 11:40:00.608] (ERROR) Detected incoming DDoS from 172.16.161.37.
[2015/11/04 11:40:00.608] (INFO) Pinging watchdog timer process: Process is alive.
[2015/11/04 11:40:00.608] (INFO) Sending SIGTERM to 3 excess workers.
[2015/11/04 11:40:00.608] (INFO) Flushed 51 buffers to disk.
[2015/11/04 11:40:00.608] (INFO) User "kmf2335" logged in from 192.168.117.200.
[2015/11/04 11:40:00.608] (ERROR) Failed to open "/mnt/fileserver01/CRoRC67002.zip": NFS timeout.
[2015/11/04 11:40:00.608] (INFO) Supervisor has entered RUNNING state.
[2015/11/04 11:40:00.608] (INFO) Network heartbeat check: All OK.
[2015/11/04 11:40:00.608] (INFO) Network heartbeat check: All OK.
[2015/11/04 11:40:00.608] (ERROR) Network heartbeat check FAILED: Master host down?
[2015/11/04 11:40:00.608] (INFO) User "rce3494" logged out due to inactivity (timeout=30 minutes).
[2015/11/04 11:40:00.608] (INFO) Checkpointing off-heap server memory...
[2015/11/04 11:40:00.608] (INFO) .evian ylbirret si emehcs otpyrc ym neht ,siht daer nac uoy fI
[2015/11/04 11:40:00.608] (INFO) Flushed 98 buffers to disk.
[2015/11/04 11:40:00.608] (INFO) Backed up all server logs.
[2015/11/04 11:40:00.608] (WARN) Master took 759 ms to respond (threshold=500 ms)
[2015/11/04 11:40:00.608] (INFO) Alien monitor (aliend): Detected no space aliens.
[2015/11/04 11:40:00.608] (INFO) Network heartbeat check: All OK.
[2015/11/04 11:40:00.608] (INFO) User "kks5299" logged out.
[2015/11/04 11:40:00.608] (INFO) .evian ylbirret si emehcs otpyrc ym neht ,siht daer nac uoy fI
[2015/11/04 11:40:00.608] (WARN) Network heartbeat check: 18 server(s) did not respond.
[2015/11/04 11:40:00.608] (INFO) Device 0xe92c is online.
[2015/11/04 11:40:00.608] (INFO) Rolling 9 log file(s)...
[2015/11/04 11:40:00.608] (ERROR) Failed to open "/mnt/fileserver02/qlTwy81750.csv": NFS timeout.
[2015/11/04 11:40:00.608] (INFO) User "xbj1611" logged in from 192.168.95.189.
[2015/11/04 11:40:00.608] (INFO) User "wws2276" logged in from 10.83.134.182.
[2015/11/04 11:40:00.608] (WARN) Space on disk /dev/sdd1 is low: Only 871 MB available.
[2015/11/04 11:40:00.608] (INFO) Device 0xdd9e is online.
[2015/11/04 11:40:00.608] (INFO) Checked file systems for errors: All filesystems OK.
[2015/11/04 11:40:00.608] (INFO) Flushed 98 buffers to disk.
[2015/11/04 11:40:00.608] (INFO) Checked file systems for errors: All filesystems OK.
[2015/11/04 11:40:00.608] (INFO) Sending SIGTERM to 3 excess workers.
[2015/11/04 11:40:00.608] (INFO) Network heartbeat check: All OK.
[2015/11/04 11:40:00.608] (INFO) Your mother called. She says you never call her.
[2015/11/04 11:40:00.608] (INFO) Your mother called. She says you never call her.
[2015/11/04 11:40:00.608] (INFO) Network heartbeat check: All OK.
[2015/11/04 11:40:00.608] (INFO) User "zzq1834" logged out.
[2015/11/04 11:40:00.608] (ERROR) Directory index of "/var/data" is forbidden.
[2015/11/04 11:40:00.608] (INFO) Waiting for worker process (PID 57035) to die.
[2015/11/04 11:40:00.608] (INFO) Your mother called. She says you never call her.
[2015/11/04 11:40:00.608] (INFO) Checkpointing off-heap server memory...
[2015/11/04 11:40:00.608] (INFO) Rolling 4 log file(s)...
[2015/11/04 11:40:00.608] (INFO) User "ott9120" logged out.
[2015/11/04 11:40:00.608] (INFO) Flushed 97 buffers to disk.
[2015/11/04 11:40:00.608] (INFO) Supervisor has entered RESTARTING state.
[2015/11/04 11:40:00.608] (INFO) Network heartbeat check: All OK.
[2015/11/04 11:40:00.608] (WARN) There is no such thing as a free lunch.
[2015/11/04 11:40:00.608] (INFO) Rolling 4 log file(s)...
[2015/11/04 11:40:00.608] (INFO) Pinging watchdog timer process: Process is alive.
[2015/11/04 11:40:00.608] (INFO) Waiting for worker process (PID 9017) to die.
[2015/11/04 11:40:00.608] (ERROR) Server log backup FAILED. See backup logs.
[2015/11/04 11:40:00.608] (ERROR) Unable to mount /dev/sdb2. (Time to run fsck?)
[2015/11/04 11:40:00.608] (INFO) User "rbi3017" logged out.
[2015/11/04 11:40:00.608] (WARN) Network heartbeat check: 15 server(s) did not respond.
[2015/11/04 11:40:00.608] (WARN) Backup server 192.168.42.138 is offline.
[2015/11/04 11:40:00.608] (WARN) CPU temperature exceeds 40º Celsius.
[2015/11/04 11:40:00.608] (INFO) Alien monitor (aliend): Detected no space aliens.
[2015/11/04 11:40:00.608] (INFO) Rolling 4 log file(s)...
[2015/11/04 11:40:00.608] (ERROR) Extra characters at end of line.
[2015/11/04 11:40:00.608] (INFO) .evian ylbirret si emehcs otpyrc ym neht ,siht daer nac uoy fI
[2015/11/04 11:40:00.608] (INFO) Rolling 6 log file(s)...
[2015/11/04 11:40:00.608] (INFO) Supervisor has entered SUSPENDED state.
[2015/11/04 11:40:00.608] (WARN) Unable to ping supervisor at 10.62.119.108. Retrying.
[2015/11/04 11:40:00.608] (INFO) User "sds3987" logged in from 172.16.90.124.
[2015/11/04 11:40:00.608] (INFO) Pinging watchdog timer process: Process is alive.
[2015/11/04 11:40:00.608] (INFO) User "weh7540" logged out.
[2015/11/04 11:40:00.608] (INFO) Flushed 61 buffers to disk.
[2015/11/04 11:40:00.608] (INFO) Checkpointing off-heap server memory...
[2015/11/04 11:40:00.608] (INFO) Waiting for master process (PID 4553) to die.
[2015/11/04 11:40:00.608] (INFO) User "esa7508" logged in from 192.168.201.143.
[2015/11/04 11:40:00.608] (INFO) Rolling 5 log file(s)...
[2015/11/04 11:40:00.608] (INFO) Device 0x192f is online.
[2015/11/04 11:40:00.608] (INFO) Backed up all server logs.
[2015/11/04 11:40:00.608] (INFO) Supervisor has entered RESTARTING state.
[2015/11/04 11:40:00.608] (INFO) Waiting for monitor process (PID 43489) to die.
[2015/11/04 11:40:00.608] (INFO) .evian ylbirret si emehcs otpyrc ym neht ,siht daer nac uoy fI
[2015/11/04 11:40:00.608] (INFO) Alien monitor (aliend): Detected no space aliens.
[2015/11/04 11:40:00.608] (INFO) Network heartbeat check: All OK.
[2015/11/04 11:40:00.608] (INFO) Backed up all server logs.
[2015/11/04 11:40:00.608] (INFO) Waiting for monitor process (PID 59343) to die.
[2015/11/04 11:40:00.608] (INFO) User "ylk8018" logged out due to inactivity (timeout=30 minutes).
[2015/11/04 11:40:00.608] (INFO) Device 0xe191 is online.
[2015/11/04 11:40:00.608] (INFO) User "qxq9372" logged in from 10.177.7.98.
[2015/11/04 11:40:00.608] (INFO) User "onc7860" logged out due to inactivity (timeout=30 minutes).
[2015/11/04 11:40:00.608] (ERROR) Server log backup FAILED. See backup logs.
[2015/11/04 11:40:00.608] (INFO) Pinging watchdog timer process: Process is alive.
[2015/11/04 11:40:01.107] (INFO) Rolling 5 log file(s)...
[2015/11/04 11:40:01.107] (INFO) Checked file systems for errors: All filesystems OK.
[2015/11/04 11:40:01.107] (INFO) Rolling 6 log file(s)...
[2015/11/04 11:40:01.107] (INFO) Pinging watchdog timer process: Process is alive.
[2015/11/04 11:40:01.107] (INFO) Checkpointing off-heap server memory...
[2015/11/04 11:40:01.107] (ERROR) "/var/data/cnWCw85058.tar.gz": Permission denied (EACCES)
[2015/11/04 11:40:01.107] (INFO) Your mother called. She says you never call her.
[2015/11/04 11:40:01.107] (INFO) Checked file systems for errors: All filesystems OK.
[2015/11/04 11:40:01.107] (INFO) .evian ylbirret si emehcs otpyrc ym neht ,siht daer nac uoy fI
[2015/11/04 11:40:01.107] (INFO) Pinging watchdog timer process: Process is alive.
[2015/11/04 11:40:01.107] (INFO) User "hsu6974" logged out.
[2015/11/04 11:40:01.107] (WARN) Ignoring SIGTERM. It's not that easy to get rid of me.
[2015/11/04 11:40:01.107] (INFO) User "ifj5647" logged out.
[2015/11/04 11:40:01.107] (WARN) Space on disk /dev/sdb4 is low: Only 778 MB available.
[2015/11/04 11:40:01.107] (INFO) Alien monitor (aliend): Detected no space aliens.
[2015/11/04 11:40:01.107] (INFO) .evian ylbirret si emehcs otpyrc ym neht ,siht daer nac uoy fI
[2015/11/04 11:40:01.107] (ERROR) Unable to mount /dev/sdc3. (Time to run fsck?)
[2015/11/04 11:40:01.107] (INFO) Network heartbeat check: All OK.
[2015/11/04 11:40:01.107] (INFO) Your mother called. She says you never call her.
[2015/11/04 11:40:01.107] (INFO) Alien monitor (aliend): Detected no space aliens.
[2015/11/04 11:40:01.107] (INFO) Your mother called. She says you never call her.
[2015/11/04 11:40:01.107] (INFO) Alien monitor (aliend): Detected no space aliens.
[2015/11/04 11:40:01.107] (INFO) Backed up all server logs.
[2015/11/04 11:40:01.107] (INFO) Checkpointing off-heap server memory...
[2015/11/04 11:40:01.107] (INFO) Alien monitor (aliend): Detected no space aliens.
[2015/11/04 11:40:01.107] (INFO) Pinging watchdog timer process: Process is alive.
[2015/11/04 11:40:01.107] (INFO) Checked file systems for errors: All filesystems OK.
[2015/11/04 11:40:01.107] (INFO) Supervisor has entered WAITING state.
[2015/11/04 11:40:01.107] (INFO) User "rec1784" logged out due to inactivity (timeout=30 minutes).
[2015/11/04 11:40:01.107] (INFO) Flushed 82 buffers to disk.
[2015/11/04 11:40:01.107] (INFO) .evian ylbirret si emehcs otpyrc ym neht ,siht daer nac uoy fI
[2015/11/04 11:40:01.107] (INFO) Checkpointing off-heap server memory...
[2015/11/04 11:40:01.107] (INFO) User "qoh6147" logged out.
[2015/11/04 11:40:01.107] (INFO) Waiting for master process (PID 48284) to die.
[2015/11/04 11:40:01.107] (INFO) Backed up all server logs.
[2015/11/04 11:40:01.107] (INFO) Pinging watchdog timer process: Process is alive.
[2015/11/04 11:40:01.107] (INFO) Device 0xcc71 is online.
[2015/11/04 11:40:01.107] (INFO) Checkpointing off-heap server memory...
[2015/11/04 11:40:01.107] (INFO) Supervisor has entered RUNNING state.
[2015/11/04 11:40:01.107] (INFO) Your mother called. She says you never call her.
[2015/11/04 11:40:01.107] (INFO) Checked file systems for errors: All filesystems OK.
[2015/11/04 11:40:01.107] (ERROR) Connection to 10.53.42.72 terminated unexpectedly. Reconnecting.
[2015/11/04 11:40:01.107] (INFO) Alien monitor (aliend): Detected no space aliens.
[2015/11/04 11:40:01.107] (INFO) Supervisor has entered SUSPENDED state.
[2015/11/04 11:40:01.107] (INFO) Checkpointing off-heap server memory...
[2015/11/04 11:40:01.107] (INFO) Flushed 29 buffers to disk.
[2015/11/04 11:40:01.107] (INFO) Checked file systems for errors: All filesystems OK.
[2015/11/04 11:40:01.107] (INFO) Checked file systems for errors: All filesystems OK.
[2015/11/04 11:40:01.107] (INFO) Checked file systems for errors: All filesystems OK.
[2015/11/04 11:40:01.107] (INFO) Checkpointing off-heap server memory...
[2015/11/04 11:40:01.107] (INFO) Sending SIGTERM to 2 excess workers.
[2015/11/04 11:40:01.107] (INFO) Flushed 78 buffers to disk.
[2015/11/04 11:40:01.107] (ERROR) Unable to write to "/var/data/RWWUm74548.parquet": Permission denied (EACCES)
[2015/11/04 11:40:01.107] (INFO) Supervisor has entered RESTARTING state.
[2015/11/04 11:40:01.107] (INFO) Your mother called. She says you never call her.
[2015/11/04 11:40:01.107] (INFO) Waiting for supervisor process (PID 50285) to die.
[2015/11/04 11:40:01.107] (ERROR) Network heartbeat check FAILED: Master host down?
[2015/11/04 11:40:01.107] (INFO) Flushed 92 buffers to disk.
[2015/11/04 11:40:01.107] (INFO) User "kog2224" logged out.
[2015/11/04 11:40:01.107] (INFO) Checked file systems for errors: All filesystems OK.
[2015/11/04 11:40:01.107] (INFO) Backed up all server logs.
[2015/11/04 11:40:01.107] (INFO) Sending SIGTERM to 4 excess workers.
[2015/11/04 11:40:01.107] (INFO) Device 0x1963 is online.
[2015/11/04 11:40:01.107] (WARN) Possible cyber-attack from The Cayman Islands.
[2015/11/04 11:40:01.107] (WARN) CPU temperature exceeds 40º Celsius.
[2015/11/04 11:40:01.107] (INFO) Pinging watchdog timer process: Process is alive.
[2015/11/04 11:40:01.107] (INFO) Checked file systems for errors: All filesystems OK.
[2015/11/04 11:40:01.107] (ERROR) Unable to authenticate user "fvg4327": LDAP server isn't responding.
[2015/11/04 11:40:01.107] (INFO) Device 0x316d is online.
[2015/11/04 11:40:01.107] (INFO) Your mother called. She says you never call her.
[2015/11/04 11:40:01.107] (INFO) Checkpointing off-heap server memory...
[2015/11/04 11:40:01.107] (INFO) Checked file systems for errors: All filesystems OK.
[2015/11/04 11:40:01.107] (INFO) .evian ylbirret si emehcs otpyrc ym neht ,siht daer nac uoy fI
[2015/11/04 11:40:01.107] (INFO) Rolling 2 log file(s)...
[2015/11/04 11:40:01.107] (INFO) Backed up all server logs.
[2015/11/04 11:40:01.107] (INFO) Pinging watchdog timer process: Process is alive.
[2015/11/04 11:40:01.107] (WARN) Network heartbeat check: 8 server(s) did not respond.
[2015/11/04 11:40:01.107] (INFO) Waiting for supervisor process (PID 52936) to die.
[2015/11/04 11:40:01.107] (INFO) User "rll8791" logged out due to inactivity (timeout=30 minutes).
[2015/11/04 11:40:01.107] (ERROR) Unable to write to "/var/data/Domqb82892.zip": Permission denied (EACCES)
[2015/11/04 11:40:01.107] (ERROR) One of the flayrods has gone out askew on treadle.
[2015/11/04 11:40:01.107] (INFO) User "bjq4441" logged out.
[2015/11/04 11:40:01.107] (INFO) Checkpointing off-heap server memory...
[2015/11/04 11:40:01.107] (WARN) Unable to ping supervisor at 192.168.72.169. Retrying.
[2015/11/04 11:40:01.107] (WARN) Network heartbeat check: 2 server(s) did not respond.
[2015/11/04 11:40:01.107] (INFO) Rolling 4 log file(s)...
[2015/11/04 11:40:01.107] (ERROR) /dev/lp error: "PC LOAD LETTER"
[2015/11/04 11:40:01.107] (INFO) User "ibq9056" logged out due to inactivity (timeout=30 minutes).
[2015/11/04 11:40:01.107] (WARN) Backup server 172.16.203.243 is offline.
[2015/11/04 11:40:01.107] (ERROR) Detected clock skew! Restarting NTP server.
[2015/11/04 11:40:01.107] (INFO) Flushed 95 buffers to disk.
[2015/11/04 11:40:01.107] (INFO) Alien monitor (aliend): Detected no space aliens.
[2015/11/04 11:40:01.107] (INFO) Backed up all server logs.
[2015/11/04 11:40:01.107] (INFO) Checked file systems for errors: All filesystems OK.
[2015/11/04 11:40:01.107] (INFO) Pinging watchdog timer process: Process is alive.
[2015/11/04 11:40:01.107] (INFO) Your mother called. She says you never call her.
[2015/11/04 11:40:01.107] (INFO) Supervisor has entered WAITING state.
[2015/11/04 11:40:01.107] (INFO) .evian ylbirret si emehcs otpyrc ym neht ,siht daer nac uoy fI
[2015/11/04 11:40:01.107] (WARN) CPU temperature exceeds 40º Celsius.
[2015/11/04 11:40:01.107] (INFO) Checked file systems for errors: All filesystems OK.
[2015/11/04 11:40:01.607] (INFO) Device 0xc08a is online.
[2015/11/04 11:40:01.607] (ERROR) CPU temperature exceeds 50º Celsius. Shutting down.
[2015/11/04 11:40:01.607] (WARN) Watchdog timer crashed. Restarting it.
[2015/11/04 11:40:01.607] (INFO) Pinging watchdog timer process: Process is alive.
[2015/11/04 11:40:01.607] (INFO) Waiting for monitor process (PID 59799) to die.
[2015/11/04 11:40:01.607] (INFO) User "blm1572" logged in from 172.16.33.238.
[2015/11/04 11:40:01.607] (INFO) Sending SIGTERM to 2 excess workers.
[2015/11/04 11:40:01.607] (INFO) Supervisor has entered RESTARTING state.
[2015/11/04 11:40:01.607] (INFO) Rolling 2 log file(s)...
[2015/11/04 11:40:01.607] (INFO) Sending SIGTERM to 4 excess workers.
[2015/11/04 11:40:01.607] (INFO) Backed up all server logs.
[2015/11/04 11:40:01.607] (INFO) Sending SIGTERM to 2 excess workers.
[2015/11/04 11:40:01.607] (WARN) Space on disk /dev/sda3 is low: Only 817 MB available.
[2015/11/04 11:40:01.607] (ERROR) User "xhg2965" failed to log in 3 times. Disabling account.
[2015/11/04 11:40:01.607] (WARN) Possible cyber-attack from Nebraska.
[2015/11/04 11:40:01.607] (INFO) Flushed 36 buffers to disk.
[2015/11/04 11:40:01.607] (INFO) Pinging watchdog timer process: Process is alive.
[2015/11/04 11:40:01.607] (INFO) Checked file systems for errors: All filesystems OK.
[2015/11/04 11:40:01.607] (INFO) Waiting for supervisor process (PID 21566) to die.
[2015/11/04 11:40:01.607] (WARN) Dropped 2,125 corrupt data packets.
[2015/11/04 11:40:01.607] (INFO) Alien monitor (aliend): Detected no space aliens.
[2015/11/04 11:40:01.607] (INFO) Network heartbeat check: All OK.
[2015/11/04 11:40:01.607] (INFO) Waiting for monitor process (PID 23860) to die.
[2015/11/04 11:40:01.607] (INFO) User "hix4106" logged out.
[2015/11/04 11:40:01.607] (INFO) Flushed 71 buffers to disk.
[2015/11/04 11:40:01.607] (INFO) User "ruc3191" logged in from 172.16.143.1.
[2015/11/04 11:40:01.607] (INFO) Alien monitor (aliend): Detected no space aliens.
[2015/11/04 11:40:01.607] (INFO) User "hmq8387" logged out due to inactivity (timeout=30 minutes).
[2015/11/04 11:40:01.607] (INFO) Pinging watchdog timer process: Process is alive.
[2015/11/04 11:40:01.607] (INFO) Device 0x5732 is online.
[2015/11/04 11:40:01.607] (INFO) Waiting for worker process (PID 51424) to die.
[2015/11/04 11:40:01.607] (INFO) Checkpointing off-heap server memory...
[2015/11/04 11:40:01.607] (INFO) Backed up all server logs.
[2015/11/04 11:40:01.607] (INFO) Device 0xf78f is online.
[2015/11/04 11:40:01.607] (WARN) Watchdog timer crashed. Restarting it.
[2015/11/04 11:40:01.607] (INFO) Device 0xd6a5 is online.
[2015/11/04 11:40:01.607] (INFO) Your mother called. She says you never call her.
[2015/11/04 11:40:01.607] (INFO) Backed up all server logs.
[2015/11/04 11:40:01.607] (INFO) User "aed6659" logged in from 192.168.134.66.
[2015/11/04 11:40:01.607] (INFO) .evian ylbirret si emehcs otpyrc ym neht ,siht daer nac uoy fI
[2015/11/04 11:40:01.607] (INFO) Sending SIGTERM to 2 excess workers.
[2015/11/04 11:40:01.607] (INFO) .evian ylbirret si emehcs otpyrc ym neht ,siht daer nac uoy fI
[2015/11/04 11:40:01.607] (INFO) User "lqh9388" logged out due to inactivity (timeout=30 minutes).
[2015/11/04 11:40:01.607] (INFO) Sending SIGTERM to 3 excess workers.
[2015/11/04 11:40:01.607] (INFO) Your mother called. She says you never call her.
[2015/11/04 11:40:01.607] (ERROR) Directory index of "/var/data" is forbidden.
[2015/11/04 11:40:01.607] (INFO) Alien monitor (aliend): Detected no space aliens.
[2015/11/04 11:40:01.607] (INFO) Your mother called. She says you never call her.
[2015/11/04 11:40:01.607] (ERROR) /dev/lp error: "PC LOAD LETTER"
[2015/11/04 11:40:01.607] (INFO) Waiting for worker process (PID 11952) to die.
[2015/11/04 11:40:01.607] (ERROR) One of the flayrods has gone out askew on treadle.
[2015/11/04 11:40:01.607] (INFO) Alien monitor (aliend): Detected no space aliens.
[2015/11/04 11:40:01.607] (INFO) Sending SIGTERM to 2 excess workers.
[2015/11/04 11:40:01.607] (INFO) Checkpointing off-heap server memory...
[2015/11/04 11:40:01.607] (INFO) Supervisor has entered RUNNING state.
[2015/11/04 11:40:01.607] (WARN) Network heartbeat check: 5 server(s) did not respond.
[2015/11/04 11:40:01.607] (ERROR) Network heartbeat check FAILED: Master host down?
[2015/11/04 11:40:01.607] (WARN) Retrying server log checkpoint.
[2015/11/04 11:40:01.607] (INFO) Checkpointing off-heap server memory...
[2015/11/04 11:40:01.607] (INFO) Alien monitor (aliend): Detected no space aliens.
[2015/11/04 11:40:01.607] (INFO) Network heartbeat check: All OK.
[2015/11/04 11:40:01.607] (INFO) Device 0x81a7 is online.
[2015/11/04 11:40:01.607] (INFO) Checkpointing off-heap server memory...
[2015/11/04 11:40:01.607] (INFO) Checked file systems for errors: All filesystems OK.
[2015/11/04 11:40:01.607] (ERROR) Connection to 192.168.92.212 terminated unexpectedly. Reconnecting.
[2015/11/04 11:40:01.607] (INFO) Device 0x159c is online.
[2015/11/04 11:40:01.607] (INFO) Waiting for master process (PID 51622) to die.
[2015/11/04 11:40:01.607] (INFO) Pinging watchdog timer process: Process is alive.
[2015/11/04 11:40:01.607] (INFO) User "ilm3728" logged out.
[2015/11/04 11:40:01.607] (INFO) Alien monitor (aliend): Detected no space aliens.
[2015/11/04 11:40:01.607] (WARN) Ignoring SIGTERM. It's not that easy to get rid of me.
[2015/11/04 11:40:01.607] (INFO) Checkpointing off-heap server memory...
[2015/11/04 11:40:01.607] (ERROR) User "mze2668" failed to log in 3 times. Disabling account.
[2015/11/04 11:40:01.607] (INFO) Device 0xcd31 is online.
[2015/11/04 11:40:01.607] (INFO) Checked file systems for errors: All filesystems OK.
[2015/11/04 11:40:01.607] (INFO) User "zah9171" logged out due to inactivity (timeout=30 minutes).
[2015/11/04 11:40:01.607] (INFO) Backed up all server logs.
[2015/11/04 11:40:01.607] (INFO) Supervisor has entered RESTARTING state.
[2015/11/04 11:40:01.607] (WARN) Backup server 10.16.140.118 is offline.
[2015/11/04 11:40:01.607] (INFO) Alien monitor (aliend): Detected no space aliens.
[2015/11/04 11:40:01.607] (INFO) Pinging watchdog timer process: Process is alive.
[2015/11/04 11:40:01.607] (INFO) Pinging watchdog timer process: Process is alive.
[2015/11/04 11:40:01.607] (INFO) Your mother called. She says you never call her.
[2015/11/04 11:40:01.607] (ERROR) Server log backup FAILED. See backup logs.
[2015/11/04 11:40:01.607] (INFO) Supervisor has entered WAITING state.
[2015/11/04 11:40:01.607] (ERROR) Device 0x8782 is offline
[2015/11/04 11:40:01.607] (WARN) Master took 657 ms to respond (threshold=500 ms)
[2015/11/04 11:40:01.607] (INFO) User "jdb4576" logged in from 172.16.46.224.
[2015/11/04 11:40:01.607] (INFO) Sending SIGTERM to 2 excess workers.
[2015/11/04 11:40:01.607] (INFO) Your mother called. She says you never call her.
[2015/11/04 11:40:01.608] (INFO) Backed up all server logs.
[2015/11/04 11:40:01.608] (INFO) Flushed 25 buffers to disk.
[2015/11/04 11:40:01.608] (INFO) Network heartbeat check: All OK.
[2015/11/04 11:40:01.608] (INFO) Flushed 58 buffers to disk.
[2015/11/04 11:40:01.608] (INFO) Rolling 7 log file(s)...
[2015/11/04 11:40:01.608] (INFO) Pinging watchdog timer process: Process is alive.
[2015/11/04 11:40:01.608] (INFO) Pinging watchdog timer process: Process is alive.
[2015/11/04 11:40:01.608] (INFO) Network heartbeat check: All OK.
[2015/11/04 11:40:01.608] (INFO) Supervisor has entered WAITING state.
[2015/11/04 11:40:01.608] (INFO) Supervisor has entered SUSPENDED state.
[2015/11/04 11:40:02.108] (INFO) User "gmn6595" logged out.
[2015/11/04 11:40:02.108] (WARN) Dropped 12,696 corrupt data packets.
[2015/11/04 11:40:02.108] (INFO) User "cdk7520" logged out due to inactivity (timeout=30 minutes).
[2015/11/04 11:40:02.108] (INFO) .evian ylbirret si emehcs otpyrc ym neht ,siht daer nac uoy fI
[2015/11/04 11:40:02.108] (INFO) Flushed 98 buffers to disk.
[2015/11/04 11:40:02.108] (INFO) Checkpointing off-heap server memory...
[2015/11/04 11:40:02.108] (ERROR) Failed to write checkpoint file "/var/checkpoint/vOaQO56241: No space left on device (ENOSPC)
[2015/11/04 11:40:02.108] (INFO) Sending SIGTERM to 4 excess workers.
[2015/11/04 11:40:02.108] (INFO) Network heartbeat check: All OK.
[2015/11/04 11:40:02.108] (WARN) Ignoring SIGTERM. It's not that easy to get rid of me.
[2015/11/04 11:40:02.108] (INFO) Waiting for supervisor process (PID 2037) to die.
[2015/11/04 11:40:02.108] (INFO) Your mother called. She says you never call her.
[2015/11/04 11:40:02.108] (INFO) Supervisor has entered SUSPENDED state.
[2015/11/04 11:40:02.108] (INFO) Pinging watchdog timer process: Process is alive.
[2015/11/04 11:40:02.108] (INFO) Sending SIGTERM to 2 excess workers.
[2015/11/04 11:40:02.108] (INFO) User "acf8973" logged out.
[2015/11/04 11:40:02.108] (INFO) Rolling 6 log file(s)...
[2015/11/04 11:40:02.108] (ERROR) Blocked Little Bobby Tables attack (https://xkcd.com/327/) from 10.115.18.222.
[2015/11/04 11:40:02.108] (ERROR) Alien monitor (aliend): 2 space aliens are fiddling with the hardware!
[2015/11/04 11:40:02.108] (INFO) User "bjw4893" logged out due to inactivity (timeout=30 minutes).
[2015/11/04 11:40:02.108] (INFO) Alien monitor (aliend): Detected no space aliens.
[2015/11/04 11:40:02.108] (ERROR) Worker 2 died with SIGQUIT. Restarting it.
[2015/11/04 11:40:02.108] (INFO) Your mother called. She says you never call her.
[2015/11/04 11:40:02.108] (INFO) Flushed 57 buffers to disk.
[2015/11/04 11:40:02.108] (INFO) Backed up all server logs.
[2015/11/04 11:40:02.108] (INFO) Sending SIGTERM to 3 excess workers.
[2015/11/04 11:40:02.108] (WARN) Network heartbeat check: 4 server(s) did not respond.
[2015/11/04 11:40:02.108] (INFO) Flushed 88 buffers to disk.
[2015/11/04 11:40:02.108] (INFO) User "nbz6812" logged in from 192.168.166.216.
[2015/11/04 11:40:02.108] (WARN) Master took 704 ms to respond (threshold=500 ms)
[2015/11/04 11:40:02.108] (INFO) Alien monitor (aliend): Detected no space aliens.
[2015/11/04 11:40:02.108] (INFO) .evian ylbirret si emehcs otpyrc ym neht ,siht daer nac uoy fI
[2015/11/04 11:40:02.108] (INFO) Waiting for monitor process (PID 23581) to die.
[2015/11/04 11:40:02.108] (INFO) Device 0xd7c4 is online.
[2015/11/04 11:40:02.108] (INFO) .evian ylbirret si emehcs otpyrc ym neht ,siht daer nac uoy fI
[2015/11/04 11:40:02.108] (INFO) Checkpointing off-heap server memory...
[2015/11/04 11:40:02.108] (INFO) Alien monitor (aliend): Detected no space aliens.
[2015/11/04 11:40:02.108] (INFO) Checked file systems for errors: All filesystems OK.
[2015/11/04 11:40:02.108] (WARN) Unable to ping master at 172.16.50.205. Retrying.
[2015/11/04 11:40:02.108] (INFO) Network heartbeat check: All OK.
[2015/11/04 11:40:02.108] (INFO) Checkpointing off-heap server memory...
[2015/11/04 11:40:02.108] (INFO) Sending SIGTERM to 2 excess workers.
[2015/11/04 11:40:02.108] (ERROR) Unable to authenticate user "muv1674": LDAP server isn't responding.
[2015/11/04 11:40:02.108] (INFO) Supervisor has entered RUNNING state.
[2015/11/04 11:40:02.108] (INFO) Checkpointing off-heap server memory...
[2015/11/04 11:40:02.108] (INFO) Supervisor has entered RUNNING state.
[2015/11/04 11:40:02.108] (INFO) User "vbh6538" logged out due to inactivity (timeout=30 minutes).
[2015/11/04 11:40:02.108] (WARN) Ignoring SIGTERM. It's not that easy to get rid of me.
[2015/11/04 11:40:02.108] (INFO) Checkpointing off-heap server memory...
[2015/11/04 11:40:02.108] (INFO) User "zmn9520" logged out.
[2015/11/04 11:40:02.108] (INFO) Pinging watchdog timer process: Process is alive.
[2015/11/04 11:40:02.108] (INFO) Device 0x9cd8 is online.
[2015/11/04 11:40:02.108] (INFO) Backed up all server logs.
[2015/11/04 11:40:02.108] (ERROR) Failed to write checkpoint file "/var/checkpoint/gkRJd84394: No space left on device (ENOSPC)
[2015/11/04 11:40:02.108] (WARN) CPU temperature exceeds 40º Celsius.
[2015/11/04 11:40:02.108] (ERROR) Detected incoming DDoS from 192.168.136.171.
[2015/11/04 11:40:02.108] (INFO) Network heartbeat check: All OK.
[2015/11/04 11:40:02.108] (ERROR) Detected incoming DDoS from 192.168.32.128.
[2015/11/04 11:40:02.108] (INFO) User "fwp3701" logged out due to inactivity (timeout=30 minutes).
[2015/11/04 11:40:02.108] (INFO) Flushed 97 buffers to disk.
[2015/11/04 11:40:02.108] (INFO) Pinging watchdog timer process: Process is alive.
[2015/11/04 11:40:02.108] (INFO) User "wmk2556" logged out.
[2015/11/04 11:40:02.108] (INFO) Flushed 97 buffers to disk.
[2015/11/04 11:40:02.108] (INFO) User "uvn4991" logged in from 10.176.114.48.
[2015/11/04 11:40:02.108] (WARN) Space on disk /dev/sdb4 is low: Only 396 MB available.
[2015/11/04 11:40:02.108] (INFO) Sending SIGTERM to 2 excess workers.
[2015/11/04 11:40:02.108] (INFO) Your mother called. She says you never call her.
[2015/11/04 11:40:02.108] (INFO) Backed up all server logs.
[2015/11/04 11:40:02.108] (INFO) Checkpointing off-heap server memory...
[2015/11/04 11:40:02.108] (INFO) Pinging watchdog timer process: Process is alive.
[2015/11/04 11:40:02.108] (WARN) Retrying server log checkpoint.
[2015/11/04 11:40:02.108] (INFO) Supervisor has entered RUNNING state.
[2015/11/04 11:40:02.108] (INFO) Alien monitor (aliend): Detected no space aliens.
[2015/11/04 11:40:02.108] (INFO) Waiting for supervisor process (PID 10117) to die.
[2015/11/04 11:40:02.108] (ERROR) "/var/data/fApPE77819.tsv": No such file or directory (ENOENT)
[2015/11/04 11:40:02.108] (WARN) Unable to ping supervisor at 192.168.99.27. Retrying.
[2015/11/04 11:40:02.108] (INFO) Supervisor has entered SUSPENDED state.
[2015/11/04 11:40:02.108] (WARN) Dropped 2,013 corrupt data packets.
[2015/11/04 11:40:02.108] (WARN) Retrying server log checkpoint.
[2015/11/04 11:40:02.108] (ERROR) "/var/data/cVBUf76128.csv": Permission denied (EACCES)
[2015/11/04 11:40:02.108] (INFO) Device 0x5037 is online.
[2015/11/04 11:40:02.108] (INFO) Device 0xa0d1 is online.
[2015/11/04 11:40:02.108] (INFO) Supervisor has entered WAITING state.
[2015/11/04 11:40:02.108] (INFO) Backed up all server logs.
[2015/11/04 11:40:02.108] (INFO) .evian ylbirret si emehcs otpyrc ym neht ,siht daer nac uoy fI
[2015/11/04 11:40:02.108] (INFO) Checkpointing off-heap server memory...
[2015/11/04 11:40:02.108] (INFO) Sending SIGTERM to 2 excess workers.
[2015/11/04 11:40:02.108] (INFO) Supervisor has entered RUNNING state.
[2015/11/04 11:40:02.108] (INFO) Sending SIGTERM to 2 excess workers.
[2015/11/04 11:40:02.108] (INFO) Your mother called. She says you never call her.
[2015/11/04 11:40:02.108] (INFO) .evian ylbirret si emehcs otpyrc ym neht ,siht daer nac uoy fI
[2015/11/04 11:40:02.108] (INFO) Backed up all server logs.
[2015/11/04 11:40:02.108] (INFO) Pinging watchdog timer process: Process is alive.
[2015/11/04 11:40:02.108] (INFO) Checkpointing off-heap server memory...
[2015/11/04 11:40:02.108] (INFO) Device 0x073c is online.
[2015/11/04 11:40:02.108] (INFO) Backed up all server logs.
[2015/11/04 11:40:02.108] (INFO) Checked file systems for errors: All filesystems OK.
[2015/11/04 11:40:02.108] (INFO) Your mother called. She says you never call her.
[2015/11/04 11:40:02.108] (INFO) Rolling 2 log file(s)...
[2015/11/04 11:40:02.108] (INFO) User "bkg2038" logged in from 192.168.106.168.
[2015/11/04 11:40:02.607] (INFO) User "raa4685" logged in from 192.168.88.246.
[2015/11/04 11:40:02.607] (WARN) Watchdog timer crashed. Restarting it.
[2015/11/04 11:40:02.607] (INFO) User "mje8060" logged out due to inactivity (timeout=30 minutes).
[2015/11/04 11:40:02.607] (INFO) Waiting for monitor process (PID 65042) to die.
[2015/11/04 11:40:02.607] (INFO) Flushed 30 buffers to disk.
[2015/11/04 11:40:02.607] (INFO) Alien monitor (aliend): Detected no space aliens.
[2015/11/04 11:40:02.607] (INFO) Your mother called. She says you never call her.
[2015/11/04 11:40:02.607] (INFO) Checkpointing off-heap server memory...
[2015/11/04 11:40:02.607] (INFO) Device 0x4ac9 is online.
[2015/11/04 11:40:02.607] (INFO) User "ndj1157" logged out.
[2015/11/04 11:40:02.607] (INFO) Backed up all server logs.
[2015/11/04 11:40:02.607] (INFO) Sending SIGTERM to 2 excess workers.
[2015/11/04 11:40:02.607] (INFO) Network heartbeat check: All OK.
[2015/11/04 11:40:02.607] (ERROR) /dev/lp error: "PC LOAD LETTER"
[2015/11/04 11:40:02.607] (INFO) Device 0x8c24 is online.
[2015/11/04 11:40:02.607] (WARN) Master took 656 ms to respond (threshold=500 ms)
[2015/11/04 11:40:02.607] (INFO) Your mother called. She says you never call her.
[2015/11/04 11:40:02.607] (INFO) Flushed 39 buffers to disk.
[2015/11/04 11:40:02.607] (WARN) CPU temperature exceeds 40º Celsius.
[2015/11/04 11:40:02.607] (INFO) User "zoh4854" logged in from 10.243.218.121.
[2015/11/04 11:40:02.607] (ERROR) Worker 9 died with SIGFPE. Restarting it.
[2015/11/04 11:40:02.607] (INFO) User "len4882" logged out.
[2015/11/04 11:40:02.607] (WARN) Dropped 19,261 corrupt data packets.
[2015/11/04 11:40:02.607] (INFO) Supervisor has entered RUNNING state.
[2015/11/04 11:40:02.607] (INFO) Sending SIGTERM to 4 excess workers.
[2015/11/04 11:40:02.607] (INFO) Supervisor has entered WAITING state.
[2015/11/04 11:40:02.607] (INFO) Waiting for monitor process (PID 10543) to die.
[2015/11/04 11:40:02.607] (INFO) Supervisor has entered RUNNING state.
[2015/11/04 11:40:02.607] (INFO) Pinging watchdog timer process: Process is alive.
[2015/11/04 11:40:02.607] (INFO) .evian ylbirret si emehcs otpyrc ym neht ,siht daer nac uoy fI
[2015/11/04 11:40:02.607] (INFO) Pinging watchdog timer process: Process is alive.
[2015/11/04 11:40:02.607] (INFO) Rolling 3 log file(s)...
[2015/11/04 11:40:02.607] (INFO) Sending SIGTERM to 4 excess workers.
[2015/11/04 11:40:02.607] (ERROR) Blocked nmap traffic originating from 172.16.160.76.
[2015/11/04 11:40:02.607] (INFO) User "qwg2602" logged out due to inactivity (timeout=30 minutes).
[2015/11/04 11:40:02.607] (INFO) Pinging watchdog timer process: Process is alive.
[2015/11/04 11:40:02.607] (WARN) Master took 760 ms to respond (threshold=500 ms)
[2015/11/04 11:40:02.607] (INFO) Checkpointing off-heap server memory...
[2015/11/04 11:40:02.607] (INFO) Pinging watchdog timer process: Process is alive.
[2015/11/04 11:40:02.607] (INFO) User "eyq1687" logged out.
[2015/11/04 11:40:02.607] (ERROR) Worker 2 died with SIGURG. Restarting it.
[2015/11/04 11:40:02.607] (INFO) Device 0x9e33 is online.
[2015/11/04 11:40:02.607] (ERROR) Worker 7 died with SIGSEGV. Restarting it.
[2015/11/04 11:40:02.607] (WARN) Watchdog timer crashed. Restarting it.
[2015/11/04 11:40:02.607] (WARN) Backup server 192.168.235.115 is offline.
[2015/11/04 11:40:02.607] (INFO) Network heartbeat check: All OK.
[2015/11/04 11:40:02.607] (INFO) Checked file systems for errors: All filesystems OK.
[2015/11/04 11:40:02.607] (INFO) Sending SIGTERM to 2 excess workers.
[2015/11/04 11:40:02.607] (INFO) Network heartbeat check: All OK.
[2015/11/04 11:40:02.607] (INFO) User "yjz5064" logged in from 10.19.159.26.
[2015/11/04 11:40:02.607] (INFO) Rolling 6 log file(s)...
[2015/11/04 11:40:02.607] (INFO) Your mother called. She says you never call her.
[2015/11/04 11:40:02.607] (INFO) Sending SIGTERM to 4 excess workers.
[2015/11/04 11:40:02.607] (INFO) User "qhw4279" logged out due to inactivity (timeout=30 minutes).
[2015/11/04 11:40:02.607] (INFO) Checkpointing off-heap server memory...
[2015/11/04 11:40:02.607] (WARN) Master took 916 ms to respond (threshold=500 ms)
[2015/11/04 11:40:02.607] (INFO) Device 0x5183 is online.
[2015/11/04 11:40:02.607] (INFO) User "qye4335" logged in from 10.146.175.136.
[2015/11/04 11:40:02.607] (INFO) Supervisor has entered RUNNING state.
[2015/11/04 11:40:02.607] (INFO) Alien monitor (aliend): Detected no space aliens.
[2015/11/04 11:40:02.607] (INFO) Network heartbeat check: All OK.
[2015/11/04 11:40:02.607] (INFO) User "sao4987" logged out due to inactivity (timeout=30 minutes).
[2015/11/04 11:40:02.607] (ERROR) EFOODFAIL (Waiter, there's a fly in my soup).
[2015/11/04 11:40:02.607] (INFO) Network heartbeat check: All OK.
[2015/11/04 11:40:02.607] (INFO) Network heartbeat check: All OK.
[2015/11/04 11:40:02.607] (INFO) Network heartbeat check: All OK.
[2015/11/04 11:40:02.607] (ERROR) Connection to 10.129.186.43 terminated unexpectedly. Reconnecting.
[2015/11/04 11:40:02.607] (INFO) .evian ylbirret si emehcs otpyrc ym neht ,siht daer nac uoy fI
[2015/11/04 11:40:02.607] (INFO) Flushed 45 buffers to disk.
[2015/11/04 11:40:02.607] (ERROR) Failed to write checkpoint file "/var/checkpoint/PKFvq92628: No space left on device (ENOSPC)
[2015/11/04 11:40:02.607] (INFO) User "fwm6762" logged out.
[2015/11/04 11:40:02.607] (INFO) Checkpointing off-heap server memory...
[2015/11/04 11:40:02.607] (INFO) Device 0x129a is online.
[2015/11/04 11:40:02.607] (ERROR) Server log backup FAILED. See backup logs.
[2015/11/04 11:40:02.607] (INFO) Checked file systems for errors: All filesystems OK.
[2015/11/04 11:40:02.607] (WARN) Watchdog timer crashed. Restarting it.
[2015/11/04 11:40:02.607] (INFO) Alien monitor (aliend): Detected no space aliens.
[2015/11/04 11:40:02.607] (INFO) User "otm1929" logged in from 192.168.95.102.
[2015/11/04 11:40:02.607] (INFO) Flushed 98 buffers to disk.
[2015/11/04 11:40:02.607] (INFO) Supervisor has entered RESTARTING state.
[2015/11/04 11:40:02.607] (INFO) User "ivt8461" logged out.
[2015/11/04 11:40:02.607] (INFO) User "bpl7645" logged out.
[2015/11/04 11:40:02.607] (INFO) .evian ylbirret si emehcs otpyrc ym neht ,siht daer nac uoy fI
[2015/11/04 11:40:02.607] (INFO) User "iog5186" logged out due to inactivity (timeout=30 minutes).
[2015/11/04 11:40:02.607] (ERROR) Connection to 10.12.206.12 terminated unexpectedly. Reconnecting.
[2015/11/04 11:40:02.607] (INFO) Sending SIGTERM to 2 excess workers.
[2015/11/04 11:40:02.607] (INFO) Checkpointing off-heap server memory...
[2015/11/04 11:40:02.607] (INFO) Supervisor has entered RESTARTING state.
[2015/11/04 11:40:02.607] (INFO) User "vwf8170" logged in from 192.168.184.47.
[2015/11/04 11:40:02.607] (INFO) Sending SIGTERM to 2 excess workers.
[2015/11/04 11:40:02.607] (ERROR) Detected incoming DDoS from 172.16.198.139.
[2015/11/04 11:40:02.607] (WARN) Watchdog timer crashed. Restarting it.
[2015/11/04 11:40:02.607] (INFO) Waiting for worker process (PID 20894) to die.
[2015/11/04 11:40:02.607] (WARN) Unable to ping master at 10.235.55.61. Retrying.
[2015/11/04 11:40:02.607] (INFO) User "eki7699" logged out.
[2015/11/04 11:40:02.607] (WARN) Network heartbeat check: 9 server(s) did not respond.
[2015/11/04 11:40:02.607] (ERROR) Blocked Little Bobby Tables attack (https://xkcd.com/327/) from 172.16.182.177.
[2015/11/04 11:40:02.607] (INFO) Checked file systems for errors: All filesystems OK.
[2015/11/04 11:40:02.607] (INFO) Backed up all server logs.
[2015/11/04 11:40:02.607] (INFO) Checkpointing off-heap server memory...
[2015/11/04 11:40:03.108] (INFO) Your mother called. She says you never call her.
[2015/11/04 11:40:03.108] (INFO) .evian ylbirret si emehcs otpyrc ym neht ,siht daer nac uoy fI
[2015/11/04 11:40:03.108] (INFO) Backed up all server logs.
[2015/11/04 11:40:03.108] (INFO) Checkpointing off-heap server memory...
[2015/11/04 11:40:03.108] (INFO) Checkpointing off-heap server memory...
[2015/11/04 11:40:03.108] (INFO) Alien monitor (aliend): Detected no space aliens.
[2015/11/04 11:40:03.108] (INFO) Pinging watchdog timer process: Process is alive.
[2015/11/04 11:40:03.108] (INFO) User "khh9111" logged out.
[2015/11/04 11:40:03.108] (INFO) Checked file systems for errors: All filesystems OK.
[2015/11/04 11:40:03.108] (WARN) Dropped 15,431 corrupt data packets.
[2015/11/04 11:40:03.108] (INFO) Pinging watchdog timer process: Process is alive.
[2015/11/04 11:40:03.108] (INFO) User "thi9852" logged out.
[2015/11/04 11:40:03.108] (INFO) User "kqi1504" logged in from 172.16.42.197.
[2015/11/04 11:40:03.108] (INFO) Checkpointing off-heap server memory...
[2015/11/04 11:40:03.108] (INFO) Supervisor has entered RESTARTING state.
[2015/11/04 11:40:03.108] (INFO) Checkpointing off-heap server memory...
[2015/11/04 11:40:03.108] (INFO) User "vpc8994" logged out due to inactivity (timeout=30 minutes).
[2015/11/04 11:40:03.108] (INFO) Flushed 30 buffers to disk.
[2015/11/04 11:40:03.108] (INFO) User "vkt4291" logged out due to inactivity (timeout=30 minutes).
[2015/11/04 11:40:03.108] (INFO) Supervisor has entered WAITING state.
[2015/11/04 11:40:03.108] (INFO) Pinging watchdog timer process: Process is alive.
[2015/11/04 11:40:03.108] (INFO) Sending SIGTERM to 3 excess workers.
[2015/11/04 11:40:03.108] (INFO) Backed up all server logs.
[2015/11/04 11:40:03.108] (WARN) Network heartbeat check: 1 server(s) did not respond.
[2015/11/04 11:40:03.108] (INFO) Device 0xe895 is online.
[2015/11/04 11:40:03.108] (INFO) Waiting for supervisor process (PID 43837) to die.
[2015/11/04 11:40:03.108] (INFO) Network heartbeat check: All OK.
[2015/11/04 11:40:03.108] (INFO) Pinging watchdog timer process: Process is alive.
[2015/11/04 11:40:03.108] (INFO) Flushed 71 buffers to disk.
[2015/11/04 11:40:03.108] (INFO) Flushed 77 buffers to disk.
[2015/11/04 11:40:03.108] (INFO) Supervisor has entered RESTARTING state.
[2015/11/04 11:40:03.108] (INFO) .evian ylbirret si emehcs otpyrc ym neht ,siht daer nac uoy fI
[2015/11/04 11:40:03.108] (INFO) Checked file systems for errors: All filesystems OK.
[2015/11/04 11:40:03.108] (INFO) Pinging watchdog timer process: Process is alive.
[2015/11/04 11:40:03.108] (WARN) Network heartbeat check: 7 server(s) did not respond.
[2015/11/04 11:40:03.108] (INFO) Waiting for master process (PID 32158) to die.
[2015/11/04 11:40:03.108] (INFO) Supervisor has entered RUNNING state.
[2015/11/04 11:40:03.108] (INFO) Flushed 22 buffers to disk.
[2015/11/04 11:40:03.108] (INFO) Supervisor has entered WAITING state.
[2015/11/04 11:40:03.108] (INFO) Rolling 6 log file(s)...
[2015/11/04 11:40:03.108] (INFO) User "ieu5531" logged out.
[2015/11/04 11:40:03.108] (INFO) .evian ylbirret si emehcs otpyrc ym neht ,siht daer nac uoy fI
[2015/11/04 11:40:03.108] (INFO) Waiting for supervisor process (PID 11406) to die.
[2015/11/04 11:40:03.108] (INFO) Checkpointing off-heap server memory...
[2015/11/04 11:40:03.108] (WARN) Backup server 172.16.46.6 is offline.
[2015/11/04 11:40:03.108] (INFO) Checkpointing off-heap server memory...
[2015/11/04 11:40:03.108] (ERROR) Extra characters at end of line.
[2015/11/04 11:40:03.108] (ERROR) Alien monitor (aliend): 4 space aliens are fiddling with the hardware!
[2015/11/04 11:40:03.108] (INFO) Network heartbeat check: All OK.
[2015/11/04 11:40:03.108] (WARN) CPU temperature exceeds 40º Celsius.
[2015/11/04 11:40:03.108] (INFO) User "jvb8835" logged in from 192.168.86.63.
[2015/11/04 11:40:03.108] (INFO) Device 0x8e2f is online.
[2015/11/04 11:40:03.108] (INFO) Sending SIGTERM to 4 excess workers.
[2015/11/04 11:40:03.108] (INFO) Flushed 39 buffers to disk.
[2015/11/04 11:40:03.108] (ERROR) Blocked SSH traffic originating from 172.16.145.138.
[2015/11/04 11:40:03.108] (ERROR) Failed to write checkpoint file "/var/checkpoint/HjXeH74580: No space left on device (ENOSPC)
[2015/11/04 11:40:03.108] (INFO) Alien monitor (aliend): Detected no space aliens.
[2015/11/04 11:40:03.108] (ERROR) EFOODFAIL (Waiter, there's a fly in my soup).
[2015/11/04 11:40:03.108] (INFO) Device 0x10b8 is online.
[2015/11/04 11:40:03.108] (INFO) Checked file systems for errors: All filesystems OK.
[2015/11/04 11:40:03.108] (WARN) There is no such thing as a free lunch.
[2015/11/04 11:40:03.108] (WARN) CPU temperature exceeds 40º Celsius.
[2015/11/04 11:40:03.108] (INFO) Checked file systems for errors: All filesystems OK.
[2015/11/04 11:40:03.108] (INFO) Checkpointing off-heap server memory...
[2015/11/04 11:40:03.108] (INFO) User "jei4083" logged out due to inactivity (timeout=30 minutes).
[2015/11/04 11:40:03.108] (INFO) Device 0x438f is online.
[2015/11/04 11:40:03.108] (INFO) Pinging watchdog timer process: Process is alive.
[2015/11/04 11:40:03.108] (INFO) Network heartbeat check: All OK.
[2015/11/04 11:40:03.108] (INFO) User "stj2595" logged in from 10.0.208.112.
[2015/11/04 11:40:03.108] (ERROR) /dev/lp error: "PC LOAD LETTER"
[2015/11/04 11:40:03.108] (INFO) User "fuf9671" logged out due to inactivity (timeout=30 minutes).
[2015/11/04 11:40:03.108] (INFO) Device 0xf5ca is online.
[2015/11/04 11:40:03.108] (INFO) User "vsa1643" logged out due to inactivity (timeout=30 minutes).
[2015/11/04 11:40:03.108] (INFO) Pinging watchdog timer process: Process is alive.
[2015/11/04 11:40:03.108] (INFO) Pinging watchdog timer process: Process is alive.
[2015/11/04 11:40:03.108] (INFO) Network heartbeat check: All OK.
[2015/11/04 11:40:03.108] (INFO) Flushed 42 buffers to disk.
[2015/11/04 11:40:03.108] (INFO) Pinging watchdog timer process: Process is alive.
[2015/11/04 11:40:03.108] (INFO) User "chl1465" logged out due to inactivity (timeout=30 minutes).
[2015/11/04 11:40:03.108] (INFO) Supervisor has entered SUSPENDED state.
[2015/11/04 11:40:03.108] (INFO) Checked file systems for errors: All filesystems OK.
[2015/11/04 11:40:03.108] (INFO) Device 0xd705 is online.
[2015/11/04 11:40:03.108] (INFO) User "dng6368" logged out.
[2015/11/04 11:40:03.108] (INFO) User "azs7571" logged out due to inactivity (timeout=30 minutes).
[2015/11/04 11:40:03.108] (ERROR) Detected clock skew! Restarting NTP server.
[2015/11/04 11:40:03.108] (WARN) Unable to ping monitor at 192.168.4.109. Retrying.
[2015/11/04 11:40:03.108] (INFO) Network heartbeat check: All OK.
[2015/11/04 11:40:03.108] (INFO) Sending SIGTERM to 4 excess workers.
[2015/11/04 11:40:03.108] (INFO) .evian ylbirret si emehcs otpyrc ym neht ,siht daer nac uoy fI
[2015/11/04 11:40:03.108] (INFO) Checkpointing off-heap server memory...
[2015/11/04 11:40:03.108] (INFO) Alien monitor (aliend): Detected no space aliens.
[2015/11/04 11:40:03.108] (INFO) Checked file systems for errors: All filesystems OK.
[2015/11/04 11:40:03.108] (INFO) Alien monitor (aliend): Detected no space aliens.
[2015/11/04 11:40:03.108] (INFO) User "wst5132" logged in from 192.168.102.15.
[2015/11/04 11:40:03.108] (INFO) Waiting for supervisor process (PID 44915) to die.
[2015/11/04 11:40:03.108] (INFO) Pinging watchdog timer process: Process is alive.
[2015/11/04 11:40:03.108] (INFO) Waiting for master process (PID 24637) to die.
[2015/11/04 11:40:03.108] (INFO) User "xnj1092" logged out.
[2015/11/04 11:40:03.108] (INFO) User "kkc4377" logged out.
[2015/11/04 11:40:03.108] (INFO) User "dak1233" logged out due to inactivity (timeout=30 minutes).
[2015/11/04 11:40:03.608] (INFO) Checkpointing off-heap server memory...
[2015/11/04 11:40:03.608] (ERROR) One of the flayrods has gone out askew on treadle.
[2015/11/04 11:40:03.608] (INFO) Rolling 6 log file(s)...
[2015/11/04 11:40:03.608] (WARN) Master took 609 ms to respond (threshold=500 ms)
[2015/11/04 11:40:03.608] (INFO) Network heartbeat check: All OK.
[2015/11/04 11:40:03.608] (ERROR) Directory index of "/var/data" is forbidden.
[2015/11/04 11:40:03.608] (INFO) Flushed 50 buffers to disk.
[2015/11/04 11:40:03.608] (INFO) Your mother called. She says you never call her.
[2015/11/04 11:40:03.608] (INFO) Checkpointing off-heap server memory...
[2015/11/04 11:40:03.608] (INFO) Supervisor has entered RESTARTING state.
[2015/11/04 11:40:03.608] (INFO) User "xfc6806" logged out due to inactivity (timeout=30 minutes).
[2015/11/04 11:40:03.608] (INFO) Supervisor has entered RESTARTING state.
[2015/11/04 11:40:03.608] (INFO) Supervisor has entered RUNNING state.
[2015/11/04 11:40:03.608] (WARN) Master took 806 ms to respond (threshold=500 ms)
[2015/11/04 11:40:03.608] (INFO) .evian ylbirret si emehcs otpyrc ym neht ,siht daer nac uoy fI
[2015/11/04 11:40:03.608] (INFO) Your mother called. She says you never call her.
[2015/11/04 11:40:03.608] (ERROR) Directory index of "/var/data" is forbidden.
[2015/11/04 11:40:03.608] (INFO) Your mother called. She says you never call her.
[2015/11/04 11:40:03.608] (WARN) Space on disk /dev/sda3 is low: Only 719 MB available.
[2015/11/04 11:40:03.608] (INFO) Device 0x50b8 is online.
[2015/11/04 11:40:03.608] (INFO) Rolling 6 log file(s)...
[2015/11/04 11:40:03.608] (WARN) Master took 596 ms to respond (threshold=500 ms)
[2015/11/04 11:40:03.608] (INFO) User "psz5647" logged out due to inactivity (timeout=30 minutes).
[2015/11/04 11:40:03.608] (ERROR) Extra characters at end of line.
[2015/11/04 11:40:03.608] (INFO) User "tpq6524" logged in from 10.211.217.131.
[2015/11/04 11:40:03.608] (INFO) Checked file systems for errors: All filesystems OK.
[2015/11/04 11:40:03.608] (INFO) Checked file systems for errors: All filesystems OK.
[2015/11/04 11:40:03.608] (INFO) Network heartbeat check: All OK.
[2015/11/04 11:40:03.608] (INFO) Sending SIGTERM to 3 excess workers.
[2015/11/04 11:40:03.608] (INFO) Checked file systems for errors: All filesystems OK.
[2015/11/04 11:40:03.608] (INFO) Waiting for worker process (PID 42707) to die.
[2015/11/04 11:40:03.608] (INFO) Network heartbeat check: All OK.
[2015/11/04 11:40:03.608] (INFO) Alien monitor (aliend): Detected no space aliens.
[2015/11/04 11:40:03.608] (INFO) .evian ylbirret si emehcs otpyrc ym neht ,siht daer nac uoy fI
[2015/11/04 11:40:03.608] (INFO) Backed up all server logs.
[2015/11/04 11:40:03.608] (INFO) Flushed 74 buffers to disk.
[2015/11/04 11:40:03.608] (WARN) Master took 502 ms to respond (threshold=500 ms)
[2015/11/04 11:40:03.608] (INFO) Alien monitor (aliend): Detected no space aliens.
[2015/11/04 11:40:03.608] (INFO) Network heartbeat check: All OK.
[2015/11/04 11:40:03.608] (INFO) Rolling 7 log file(s)...
[2015/11/04 11:40:03.608] (INFO) Rolling 8 log file(s)...
[2015/11/04 11:40:03.608] (INFO) Pinging watchdog timer process: Process is alive.
[2015/11/04 11:40:03.608] (INFO) Supervisor has entered RUNNING state.
[2015/11/04 11:40:03.608] (INFO) Checkpointing off-heap server memory...
[2015/11/04 11:40:03.608] (INFO) Pinging watchdog timer process: Process is alive.
[2015/11/04 11:40:03.608] (INFO) Sending SIGTERM to 2 excess workers.
[2015/11/04 11:40:03.608] (WARN) There is no such thing as a free lunch.
[2015/11/04 11:40:03.608] (INFO) User "ozc4612" logged in from 10.66.252.112.
[2015/11/04 11:40:03.608] (INFO) Checked file systems for errors: All filesystems OK.
[2015/11/04 11:40:03.608] (INFO) Flushed 95 buffers to disk.
[2015/11/04 11:40:03.608] (INFO) Supervisor has entered SUSPENDED state.
[2015/11/04 11:40:03.608] (INFO) Sending SIGTERM to 4 excess workers.
[2015/11/04 11:40:03.608] (INFO) Device 0x29f0 is online.
[2015/11/04 11:40:03.608] (INFO) Alien monitor (aliend): Detected no space aliens.
[2015/11/04 11:40:03.608] (INFO) Checkpointing off-heap server memory...
[2015/11/04 11:40:03.608] (INFO) Flushed 59 buffers to disk.
[2015/11/04 11:40:03.608] (INFO) Network heartbeat check: All OK.
[2015/11/04 11:40:03.608] (INFO) Backed up all server logs.
[2015/11/04 11:40:03.608] (INFO) Checked file systems for errors: All filesystems OK.
[2015/11/04 11:40:03.608] (INFO) Supervisor has entered WAITING state.
[2015/11/04 11:40:03.608] (INFO) Flushed 55 buffers to disk.
[2015/11/04 11:40:03.608] (INFO) Alien monitor (aliend): Detected no space aliens.
[2015/11/04 11:40:03.608] (INFO) Waiting for worker process (PID 45102) to die.
[2015/11/04 11:40:03.608] (INFO) Network heartbeat check: All OK.
[2015/11/04 11:40:03.608] (INFO) Checked file systems for errors: All filesystems OK.
[2015/11/04 11:40:03.608] (INFO) Checkpointing off-heap server memory...
[2015/11/04 11:40:03.608] (INFO) Pinging watchdog timer process: Process is alive.
[2015/11/04 11:40:03.608] (INFO) Checked file systems for errors: All filesystems OK.
[2015/11/04 11:40:03.608] (INFO) Flushed 26 buffers to disk.
[2015/11/04 11:40:03.608] (INFO) Flushed 36 buffers to disk.
[2015/11/04 11:40:03.608] (INFO) User "ayz6745" logged in from 10.54.245.40.
[2015/11/04 11:40:03.608] (INFO) User "mte3919" logged out due to inactivity (timeout=30 minutes).
[2015/11/04 11:40:03.608] (INFO) .evian ylbirret si emehcs otpyrc ym neht ,siht daer nac uoy fI
[2015/11/04 11:40:03.608] (INFO) Your mother called. She says you never call her.
[2015/11/04 11:40:03.608] (INFO) User "dcw6228" logged out due to inactivity (timeout=30 minutes).
[2015/11/04 11:40:03.608] (INFO) Sending SIGTERM to 4 excess workers.
[2015/11/04 11:40:03.608] (INFO) User "zmv9210" logged out.
[2015/11/04 11:40:03.608] (ERROR) One of the flayrods has gone out askew on treadle.
[2015/11/04 11:40:03.608] (INFO) Supervisor has entered RUNNING state.
[2015/11/04 11:40:03.608] (ERROR) Blocked BitTorrent traffic originating from 10.207.142.145.
[2015/11/04 11:40:03.608] (INFO) User "cba9570" logged out due to inactivity (timeout=30 minutes).
[2015/11/04 11:40:03.608] (ERROR) Directory index of "/var/data" is forbidden.
[2015/11/04 11:40:03.608] (WARN) Space on disk /dev/sda4 is low: Only 174 MB available.
[2015/11/04 11:40:03.608] (INFO) Supervisor has entered RUNNING state.
[2015/11/04 11:40:03.608] (INFO) Waiting for monitor process (PID 11964) to die.
[2015/11/04 11:40:03.608] (INFO) User "kem9736" logged out.
[2015/11/04 11:40:03.608] (INFO) Rolling 8 log file(s)...
[2015/11/04 11:40:03.608] (INFO) User "upb5927" logged in from 172.16.237.68.
[2015/11/04 11:40:03.608] (WARN) Dropped 13,807 corrupt data packets.
[2015/11/04 11:40:03.608] (INFO) Device 0xeee6 is online.
[2015/11/04 11:40:03.608] (INFO) Waiting for worker process (PID 27954) to die.
[2015/11/04 11:40:03.608] (INFO) User "qqf7558" logged out due to inactivity (timeout=30 minutes).
[2015/11/04 11:40:03.608] (INFO) User "qzu4620" logged in from 10.1.184.166.
[2015/11/04 11:40:03.608] (INFO) Checkpointing off-heap server memory...
[2015/11/04 11:40:03.608] (INFO) Waiting for master process (PID 35959) to die.
[2015/11/04 11:40:03.608] (INFO) User "las5152" logged out.
[2015/11/04 11:40:03.608] (INFO) User "ivj6974" logged in from 10.152.106.177.
[2015/11/04 11:40:03.608] (INFO) User "hwh5899" logged in from 172.16.27.135.
[2015/11/04 11:40:03.608] (INFO) User "jsl7975" logged out.
[2015/11/04 11:40:03.608] (WARN) Master took 966 ms to respond (threshold=500 ms)
[2015/11/04 11:40:04.108] (INFO) .evian ylbirret si emehcs otpyrc ym neht ,siht daer nac uoy fI
[2015/11/04 11:40:04.108] (ERROR) Blocked Little Bobby Tables attack (https://xkcd.com/327/) from 172.16.26.104.
[2015/11/04 11:40:04.108] (INFO) User "qdn3221" logged in from 10.149.13.78.
[2015/11/04 11:40:04.108] (INFO) Checked file systems for errors: All filesystems OK.
[2015/11/04 11:40:04.108] (INFO) User "wcy5001" logged out due to inactivity (timeout=30 minutes).
[2015/11/04 11:40:04.108] (INFO) Waiting for master process (PID 53879) to die.
[2015/11/04 11:40:04.108] (WARN) Space on disk /dev/sdd4 is low: Only 668 MB available.
[2015/11/04 11:40:04.108] (INFO) Network heartbeat check: All OK.
[2015/11/04 11:40:04.108] (INFO) Backed up all server logs.
[2015/11/04 11:40:04.108] (WARN) Backup server 10.244.16.179 is offline.
[2015/11/04 11:40:04.108] (INFO) Backed up all server logs.
[2015/11/04 11:40:04.108] (INFO) User "gnk7403" logged out due to inactivity (timeout=30 minutes).
[2015/11/04 11:40:04.108] (INFO) .evian ylbirret si emehcs otpyrc ym neht ,siht daer nac uoy fI
[2015/11/04 11:40:04.108] (INFO) Checkpointing off-heap server memory...
[2015/11/04 11:40:04.108] (INFO) Waiting for master process (PID 20729) to die.
[2015/11/04 11:40:04.108] (INFO) Supervisor has entered SUSPENDED state.
[2015/11/04 11:40:04.108] (INFO) Your mother called. She says you never call her.
[2015/11/04 11:40:04.108] (INFO) Rolling 6 log file(s)...
[2015/11/04 11:40:04.108] (INFO) Backed up all server logs.
[2015/11/04 11:40:04.108] (ERROR) Alien monitor (aliend): 2 space aliens are fiddling with the hardware!
[2015/11/04 11:40:04.108] (INFO) Your mother called. She says you never call her.
[2015/11/04 11:40:04.108] (INFO) .evian ylbirret si emehcs otpyrc ym neht ,siht daer nac uoy fI
[2015/11/04 11:40:04.108] (INFO) Supervisor has entered WAITING state.
[2015/11/04 11:40:04.108] (INFO) Network heartbeat check: All OK.
[2015/11/04 11:40:04.108] (INFO) Your mother called. She says you never call her.
[2015/11/04 11:40:04.108] (INFO) Sending SIGTERM to 4 excess workers.
[2015/11/04 11:40:04.108] (INFO) Backed up all server logs.
[2015/11/04 11:40:04.108] (ERROR) Detected incoming DDoS from 192.168.105.174.
[2015/11/04 11:40:04.108] (INFO) Rolling 3 log file(s)...
[2015/11/04 11:40:04.108] (INFO) Supervisor has entered RUNNING state.
[2015/11/04 11:40:04.108] (INFO) Pinging watchdog timer process: Process is alive.
[2015/11/04 11:40:04.108] (INFO) User "wjl9446" logged in from 172.16.139.71.
[2015/11/04 11:40:04.108] (INFO) Sending SIGTERM to 3 excess workers.
[2015/11/04 11:40:04.108] (WARN) Unable to ping monitor at 172.16.210.142. Retrying.
[2015/11/04 11:40:04.108] (INFO) Checked file systems for errors: All filesystems OK.
[2015/11/04 11:40:04.108] (INFO) User "lmz4546" logged in from 10.114.172.118.
[2015/11/04 11:40:04.108] (INFO) .evian ylbirret si emehcs otpyrc ym neht ,siht daer nac uoy fI
[2015/11/04 11:40:04.108] (WARN) Master took 974 ms to respond (threshold=500 ms)
[2015/11/04 11:40:04.108] (INFO) Your mother called. She says you never call her.
[2015/11/04 11:40:04.108] (INFO) .evian ylbirret si emehcs otpyrc ym neht ,siht daer nac uoy fI
[2015/11/04 11:40:04.108] (INFO) Checkpointing off-heap server memory...
[2015/11/04 11:40:04.108] (INFO) .evian ylbirret si emehcs otpyrc ym neht ,siht daer nac uoy fI
[2015/11/04 11:40:04.108] (INFO) Checked file systems for errors: All filesystems OK.
[2015/11/04 11:40:04.108] (INFO) Rolling 7 log file(s)...
[2015/11/04 11:40:04.108] (INFO) User "pid1206" logged in from 192.168.191.220.
[2015/11/04 11:40:04.108] (INFO) Waiting for master process (PID 11899) to die.
[2015/11/04 11:40:04.108] (INFO) User "kyb7382" logged out due to inactivity (timeout=30 minutes).
[2015/11/04 11:40:04.108] (ERROR) Server log backup FAILED. See backup logs.
[2015/11/04 11:40:04.108] (INFO) Network heartbeat check: All OK.
[2015/11/04 11:40:04.108] (INFO) Alien monitor (aliend): Detected no space aliens.
[2015/11/04 11:40:04.108] (INFO) .evian ylbirret si emehcs otpyrc ym neht ,siht daer nac uoy fI
[2015/11/04 11:40:04.108] (INFO) User "okm7485" logged in from 10.83.35.211.
[2015/11/04 11:40:04.108] (INFO) .evian ylbirret si emehcs otpyrc ym neht ,siht daer nac uoy fI
[2015/11/04 11:40:04.108] (ERROR) Unable to authenticate user "ote5121": LDAP server isn't responding.
[2015/11/04 11:40:04.108] (INFO) User "nsk8344" logged out.
[2015/11/04 11:40:04.108] (WARN) Dropped 17,218 corrupt data packets.
[2015/11/04 11:40:04.108] (INFO) Waiting for master process (PID 45656) to die.
[2015/11/04 11:40:04.108] (INFO) Checkpointing off-heap server memory...
[2015/11/04 11:40:04.108] (ERROR) Worker 6 died with SIGBUS. Restarting it.
[2015/11/04 11:40:04.108] (INFO) Supervisor has entered RUNNING state.
[2015/11/04 11:40:04.108] (INFO) Sending SIGTERM to 4 excess workers.
[2015/11/04 11:40:04.108] (ERROR) Connection to 172.16.6.216 terminated unexpectedly. Reconnecting.
[2015/11/04 11:40:04.108] (WARN) Unable to ping monitor at 172.16.89.150. Retrying.
[2015/11/04 11:40:04.108] (INFO) Checked file systems for errors: All filesystems OK.
[2015/11/04 11:40:04.108] (INFO) Sending SIGTERM to 2 excess workers.
[2015/11/04 11:40:04.108] (INFO) Backed up all server logs.
[2015/11/04 11:40:04.108] (INFO) Pinging watchdog timer process: Process is alive.
[2015/11/04 11:40:04.108] (INFO) Waiting for worker process (PID 40398) to die.
[2015/11/04 11:40:04.108] (INFO) Sending SIGTERM to 4 excess workers.
[2015/11/04 11:40:04.108] (INFO) Alien monitor (aliend): Detected no space aliens.
[2015/11/04 11:40:04.108] (INFO) Checked file systems for errors: All filesystems OK.
[2015/11/04 11:40:04.108] (INFO) Supervisor has entered SUSPENDED state.
[2015/11/04 11:40:04.108] (INFO) Device 0xede4 is online.
[2015/11/04 11:40:04.108] (INFO) .evian ylbirret si emehcs otpyrc ym neht ,siht daer nac uoy fI
[2015/11/04 11:40:04.108] (INFO) User "gdb7217" logged in from 10.177.52.179.
[2015/11/04 11:40:04.108] (WARN) There is no such thing as a free lunch.
[2015/11/04 11:40:04.108] (INFO) Flushed 98 buffers to disk.
[2015/11/04 11:40:04.108] (INFO) Device 0x38e6 is online.
[2015/11/04 11:40:04.108] (WARN) Master took 584 ms to respond (threshold=500 ms)
[2015/11/04 11:40:04.108] (INFO) Alien monitor (aliend): Detected no space aliens.
[2015/11/04 11:40:04.108] (WARN) Possible cyber-attack from Russia.
[2015/11/04 11:40:04.108] (INFO) .evian ylbirret si emehcs otpyrc ym neht ,siht daer nac uoy fI
[2015/11/04 11:40:04.108] (INFO) Rolling 5 log file(s)...
[2015/11/04 11:40:04.108] (INFO) User "rdq2588" logged in from 192.168.236.164.
[2015/11/04 11:40:04.108] (ERROR) /dev/lp error: "PC LOAD LETTER"
[2015/11/04 11:40:04.108] (INFO) Rolling 5 log file(s)...
[2015/11/04 11:40:04.108] (INFO) User "mug5631" logged out due to inactivity (timeout=30 minutes).
[2015/11/04 11:40:04.108] (INFO) User "ono3692" logged in from 10.232.95.85.
[2015/11/04 11:40:04.108] (INFO) Backed up all server logs.
[2015/11/04 11:40:04.108] (INFO) User "rhp5263" logged out due to inactivity (timeout=30 minutes).
[2015/11/04 11:40:04.108] (INFO) Your mother called. She says you never call her.
[2015/11/04 11:40:04.108] (INFO) Device 0xf099 is online.
[2015/11/04 11:40:04.108] (INFO) Alien monitor (aliend): Detected no space aliens.
[2015/11/04 11:40:04.108] (ERROR) Extra characters at end of line.
[2015/11/04 11:40:04.108] (INFO) User "olv6180" logged in from 172.16.30.17.
[2015/11/04 11:40:04.108] (INFO) Device 0x9d08 is online.
[2015/11/04 11:40:04.108] (INFO) Device 0xfd34 is online.
[2015/11/04 11:40:04.108] (INFO) Pinging watchdog timer process: Process is alive.
[2015/11/04 11:40:04.108] (INFO) Backed up all server logs.
[2015/11/04 11:40:04.108] (INFO) User "puy8410" logged in from 192.168.122.8.
[2015/11/04 11:40:04.607] (ERROR) Network heartbeat check FAILED: Master host down?
[2015/11/04 11:40:04.607] (WARN) Watchdog timer crashed. Restarting it.
[2015/11/04 11:40:04.607] (WARN) Possible cyber-attack from The Cayman Islands.
[2015/11/04 11:40:04.607] (INFO) Waiting for worker process (PID 49067) to die.
[2015/11/04 11:40:04.607] (INFO) User "rmy7389" logged out.
[2015/11/04 11:40:04.607] (INFO) Waiting for monitor process (PID 37390) to die.
[2015/11/04 11:40:04.607] (INFO) Your mother called. She says you never call her.
[2015/11/04 11:40:04.607] (WARN) Ignoring SIGTERM. It's not that easy to get rid of me.
[2015/11/04 11:40:04.607] (INFO) User "ukf6762" logged out due to inactivity (timeout=30 minutes).
[2015/11/04 11:40:04.607] (INFO) Backed up all server logs.
[2015/11/04 11:40:04.607] (INFO) User "xaa8946" logged out.
[2015/11/04 11:40:04.607] (INFO) Pinging watchdog timer process: Process is alive.
[2015/11/04 11:40:04.607] (INFO) User "ozb9776" logged out due to inactivity (timeout=30 minutes).
[2015/11/04 11:40:04.607] (INFO) Pinging watchdog timer process: Process is alive.
[2015/11/04 11:40:04.607] (INFO) Device 0x097f is online.
[2015/11/04 11:40:04.607] (INFO) .evian ylbirret si emehcs otpyrc ym neht ,siht daer nac uoy fI
[2015/11/04 11:40:04.607] (INFO) Network heartbeat check: All OK.
[2015/11/04 11:40:04.607] (INFO) Rolling 5 log file(s)...
[2015/11/04 11:40:04.607] (INFO) User "ool5719" logged out due to inactivity (timeout=30 minutes).
[2015/11/04 11:40:04.607] (INFO) Checkpointing off-heap server memory...
[2015/11/04 11:40:04.607] (INFO) Alien monitor (aliend): Detected no space aliens.
[2015/11/04 11:40:04.607] (WARN) CPU temperature exceeds 40º Celsius.
[2015/11/04 11:40:04.607] (INFO) Supervisor has entered WAITING state.
[2015/11/04 11:40:04.607] (INFO) Checked file systems for errors: All filesystems OK.
[2015/11/04 11:40:04.607] (INFO) User "vqn5850" logged out.
[2015/11/04 11:40:04.607] (INFO) Supervisor has entered SUSPENDED state.
[2015/11/04 11:40:04.607] (INFO) Sending SIGTERM to 2 excess workers.
[2015/11/04 11:40:04.607] (INFO) Checked file systems for errors: All filesystems OK.
[2015/11/04 11:40:04.607] (WARN) Possible cyber-attack from Antarctica.
[2015/11/04 11:40:04.607] (ERROR) Connection to 172.16.247.14 terminated unexpectedly. Reconnecting.
[2015/11/04 11:40:04.607] (INFO) User "lrf6072" logged out.
[2015/11/04 11:40:04.607] (INFO) Checkpointing off-heap server memory...
[2015/11/04 11:40:04.607] (INFO) Device 0x0924 is online.
[2015/11/04 11:40:04.607] (INFO) Device 0xd356 is online.
[2015/11/04 11:40:04.607] (INFO) Alien monitor (aliend): Detected no space aliens.
[2015/11/04 11:40:04.607] (INFO) User "weo8334" logged out due to inactivity (timeout=30 minutes).
[2015/11/04 11:40:04.607] (INFO) Network heartbeat check: All OK.
[2015/11/04 11:40:04.607] (INFO) Rolling 8 log file(s)...
[2015/11/04 11:40:04.607] (INFO) Rolling 6 log file(s)...
[2015/11/04 11:40:04.607] (INFO) Device 0x83a3 is online.
[2015/11/04 11:40:04.607] (INFO) Your mother called. She says you never call her.
[2015/11/04 11:40:04.607] (INFO) Network heartbeat check: All OK.
[2015/11/04 11:40:04.607] (INFO) User "jiv8059" logged out due to inactivity (timeout=30 minutes).
[2015/11/04 11:40:04.607] (INFO) User "kan4133" logged out.
[2015/11/04 11:40:04.607] (INFO) Device 0xa6e0 is online.
[2015/11/04 11:40:04.607] (ERROR) Extra characters at end of line.
[2015/11/04 11:40:04.607] (INFO) Network heartbeat check: All OK.
[2015/11/04 11:40:04.607] (INFO) Your mother called. She says you never call her.
[2015/11/04 11:40:04.607] (INFO) Flushed 77 buffers to disk.
[2015/11/04 11:40:04.607] (INFO) Flushed 88 buffers to disk.
[2015/11/04 11:40:04.607] (INFO) Network heartbeat check: All OK.
[2015/11/04 11:40:04.607] (INFO) User "qcz9337" logged out due to inactivity (timeout=30 minutes).
[2015/11/04 11:40:04.607] (INFO) Checked file systems for errors: All filesystems OK.
[2015/11/04 11:40:04.607] (INFO) Flushed 31 buffers to disk.
[2015/11/04 11:40:04.607] (ERROR) Unable to mount /dev/sdc1. (Time to run fsck?)
[2015/11/04 11:40:04.607] (INFO) Checkpointing off-heap server memory...
[2015/11/04 11:40:04.607] (ERROR) CPU temperature exceeds 50º Celsius. Shutting down.
[2015/11/04 11:40:04.607] (WARN) There is no such thing as a free lunch.
[2015/11/04 11:40:04.607] (INFO) User "jmd1064" logged in from 10.147.103.0.
[2015/11/04 11:40:04.607] (INFO) Checked file systems for errors: All filesystems OK.
[2015/11/04 11:40:04.607] (ERROR) "/var/data/tDLwg71978.tar.gz": No such file or directory (ENOENT)
[2015/11/04 11:40:04.607] (INFO) Flushed 47 buffers to disk.
[2015/11/04 11:40:04.607] (INFO) Backed up all server logs.
[2015/11/04 11:40:04.607] (INFO) Checked file systems for errors: All filesystems OK.
[2015/11/04 11:40:04.607] (INFO) User "ipc9717" logged in from 10.23.155.123.
[2015/11/04 11:40:04.607] (INFO) Device 0xe3b5 is online.
[2015/11/04 11:40:04.607] (INFO) Rolling 1 log file(s)...
[2015/11/04 11:40:04.607] (ERROR) Server log backup FAILED. See backup logs.
[2015/11/04 11:40:04.608] (INFO) Alien monitor (aliend): Detected no space aliens.
[2015/11/04 11:40:04.608] (WARN) Master took 873 ms to respond (threshold=500 ms)
[2015/11/04 11:40:04.608] (INFO) Rolling 1 log file(s)...
[2015/11/04 11:40:04.608] (INFO) Network heartbeat check: All OK.
[2015/11/04 11:40:04.608] (INFO) Alien monitor (aliend): Detected no space aliens.
[2015/11/04 11:40:04.608] (INFO) Rolling 2 log file(s)...
[2015/11/04 11:40:04.608] (INFO) User "mkz9316" logged out.
[2015/11/04 11:40:04.608] (WARN) Ignoring SIGTERM. It's not that easy to get rid of me.
[2015/11/04 11:40:04.608] (INFO) User "bky1502" logged out due to inactivity (timeout=30 minutes).
[2015/11/04 11:40:04.608] (INFO) Checkpointing off-heap server memory...
[2015/11/04 11:40:04.608] (ERROR) Device 0x3722 is offline
[2015/11/04 11:40:04.608] (INFO) Your mother called. She says you never call her.
[2015/11/04 11:40:04.608] (INFO) Supervisor has entered RESTARTING state.
[2015/11/04 11:40:04.608] (INFO) .evian ylbirret si emehcs otpyrc ym neht ,siht daer nac uoy fI
[2015/11/04 11:40:04.608] (INFO) User "wxa3018" logged out.
[2015/11/04 11:40:04.608] (INFO) Flushed 59 buffers to disk.
[2015/11/04 11:40:04.608] (INFO) Flushed 53 buffers to disk.
[2015/11/04 11:40:04.608] (INFO) Network heartbeat check: All OK.
[2015/11/04 11:40:04.608] (INFO) User "lvq6602" logged out due to inactivity (timeout=30 minutes).
[2015/11/04 11:40:04.608] (INFO) .evian ylbirret si emehcs otpyrc ym neht ,siht daer nac uoy fI
[2015/11/04 11:40:04.608] (WARN) Possible cyber-attack from Russia.
[2015/11/04 11:40:04.608] (INFO) Checkpointing off-heap server memory...
[2015/11/04 11:40:04.608] (ERROR) Device 0xa845 is offline
[2015/11/04 11:40:04.608] (INFO) User "esu6843" logged in from 172.16.123.248.
[2015/11/04 11:40:04.608] (INFO) User "epc2715" logged in from 10.77.76.215.
[2015/11/04 11:40:04.608] (INFO) User "osw2760" logged out.
[2015/11/04 11:40:04.608] (WARN) Network heartbeat check: 5 server(s) did not respond.
[2015/11/04 11:40:04.608] (INFO) Alien monitor (aliend): Detected no space aliens.
[2015/11/04 11:40:04.608] (INFO) Checked file systems for errors: All filesystems OK.
[2015/11/04 11:40:04.608] (INFO) Waiting for monitor process (PID 37813) to die.
[2015/11/04 11:40:04.608] (INFO) User "ltf2070" logged in from 192.168.123.122.
[2015/11/04 11:40:04.608] (INFO) User "pfk6137" logged out.
[2015/11/04 11:40:05.108] (INFO) Device 0xf653 is online.
[2015/11/04 11:40:05.108] (ERROR) "/var/data/pfmDF70841.parquet": Permission denied (EACCES)
[2015/11/04 11:40:05.108] (INFO) Alien monitor (aliend): Detected no space aliens.
[2015/11/04 11:40:05.108] (WARN) Unable to ping worker at 192.168.205.158. Retrying.
[2015/11/04 11:40:05.108] (INFO) .evian ylbirret si emehcs otpyrc ym neht ,siht daer nac uoy fI
[2015/11/04 11:40:05.108] (INFO) Network heartbeat check: All OK.
[2015/11/04 11:40:05.108] (INFO) Alien monitor (aliend): Detected no space aliens.
[2015/11/04 11:40:05.108] (INFO) Checkpointing off-heap server memory...
[2015/11/04 11:40:05.108] (INFO) Flushed 80 buffers to disk.
[2015/11/04 11:40:05.108] (WARN) Dropped 3,713 corrupt data packets.
[2015/11/04 11:40:05.108] (INFO) Rolling 6 log file(s)...
[2015/11/04 11:40:05.108] (INFO) Network heartbeat check: All OK.
[2015/11/04 11:40:05.108] (INFO) Alien monitor (aliend): Detected no space aliens.
[2015/11/04 11:40:05.108] (WARN) Possible cyber-attack from The Cayman Islands.
[2015/11/04 11:40:05.108] (INFO) Supervisor has entered WAITING state.
[2015/11/04 11:40:05.108] (ERROR) Alien monitor (aliend): 4 space aliens are fiddling with the hardware!
[2015/11/04 11:40:05.108] (INFO) Sending SIGTERM to 3 excess workers.
[2015/11/04 11:40:05.108] (INFO) Device 0x8ee4 is online.
[2015/11/04 11:40:05.108] (INFO) .evian ylbirret si emehcs otpyrc ym neht ,siht daer nac uoy fI
[2015/11/04 11:40:05.108] (ERROR) User "dnz1549" failed to log in 3 times. Disabling account.
[2015/11/04 11:40:05.108] (INFO) User "pob1693" logged in from 192.168.199.133.
[2015/11/04 11:40:05.108] (INFO) Alien monitor (aliend): Detected no space aliens.
[2015/11/04 11:40:05.108] (INFO) Network heartbeat check: All OK.
[2015/11/04 11:40:05.108] (ERROR) Failed to write checkpoint file "/var/checkpoint/KKifc95289: No space left on device (ENOSPC)
[2015/11/04 11:40:05.108] (WARN) Backup server 192.168.100.98 is offline.
[2015/11/04 11:40:05.108] (INFO) Pinging watchdog timer process: Process is alive.
[2015/11/04 11:40:05.108] (INFO) Waiting for supervisor process (PID 21197) to die.
[2015/11/04 11:40:05.108] (INFO) Waiting for master process (PID 33960) to die.
[2015/11/04 11:40:05.108] (INFO) User "zqh6136" logged in from 172.16.75.53.
[2015/11/04 11:40:05.108] (INFO) Waiting for supervisor process (PID 32112) to die.
[2015/11/04 11:40:05.108] (INFO) Supervisor has entered RUNNING state.
[2015/11/04 11:40:05.108] (INFO) Network heartbeat check: All OK.
[2015/11/04 11:40:05.108] (INFO) Rolling 9 log file(s)...
[2015/11/04 11:40:05.108] (INFO) User "jxn8404" logged out.
[2015/11/04 11:40:05.108] (INFO) Your mother called. She says you never call her.
[2015/11/04 11:40:05.108] (ERROR) Unable to write to "/var/data/GpAXY81210.xml": Permission denied (EACCES)
[2015/11/04 11:40:05.108] (INFO) Backed up all server logs.
[2015/11/04 11:40:05.108] (WARN) Possible cyber-attack from Nebraska.
[2015/11/04 11:40:05.108] (WARN) Ignoring SIGTERM. It's not that easy to get rid of me.
[2015/11/04 11:40:05.108] (WARN) There is no such thing as a free lunch.
[2015/11/04 11:40:05.108] (INFO) Your mother called. She says you never call her.
[2015/11/04 11:40:05.108] (INFO) Your mother called. She says you never call her.
[2015/11/04 11:40:05.108] (INFO) Flushed 73 buffers to disk.
[2015/11/04 11:40:05.108] (INFO) Network heartbeat check: All OK.
[2015/11/04 11:40:05.108] (INFO) Sending SIGTERM to 3 excess workers.
[2015/11/04 11:40:05.108] (INFO) Network heartbeat check: All OK.
[2015/11/04 11:40:05.108] (INFO) Your mother called. She says you never call her.
[2015/11/04 11:40:05.108] (INFO) Pinging watchdog timer process: Process is alive.
[2015/11/04 11:40:05.108] (INFO) Flushed 60 buffers to disk.
[2015/11/04 11:40:05.108] (INFO) Device 0xc395 is online.
[2015/11/04 11:40:05.108] (INFO) Checked file systems for errors: All filesystems OK.
[2015/11/04 11:40:05.108] (INFO) Pinging watchdog timer process: Process is alive.
[2015/11/04 11:40:05.108] (INFO) Sending SIGTERM to 2 excess workers.
[2015/11/04 11:40:05.108] (INFO) Your mother called. She says you never call her.
[2015/11/04 11:40:05.108] (WARN) Unable to ping master at 192.168.89.21. Retrying.
[2015/11/04 11:40:05.108] (INFO) Device 0x96a0 is online.
[2015/11/04 11:40:05.108] (INFO) .evian ylbirret si emehcs otpyrc ym neht ,siht daer nac uoy fI
[2015/11/04 11:40:05.108] (INFO) User "nwh6639" logged out.
[2015/11/04 11:40:05.108] (INFO) User "lps9333" logged out due to inactivity (timeout=30 minutes).
[2015/11/04 11:40:05.108] (WARN) Possible cyber-attack from The Cayman Islands.
[2015/11/04 11:40:05.108] (ERROR) One of the flayrods has gone out askew on treadle.
[2015/11/04 11:40:05.108] (INFO) User "klm4503" logged in from 10.228.15.125.
[2015/11/04 11:40:05.108] (INFO) User "mlm1636" logged out due to inactivity (timeout=30 minutes).
[2015/11/04 11:40:05.108] (INFO) Network heartbeat check: All OK.
[2015/11/04 11:40:05.108] (INFO) Sending SIGTERM to 3 excess workers.
[2015/11/04 11:40:05.108] (INFO) Network heartbeat check: All OK.
[2015/11/04 11:40:05.108] (INFO) Checkpointing off-heap server memory...
[2015/11/04 11:40:05.108] (INFO) Network heartbeat check: All OK.
[2015/11/04 11:40:05.108] (INFO) Your mother called. She says you never call her.
[2015/11/04 11:40:05.108] (INFO) Checkpointing off-heap server memory...
[2015/11/04 11:40:05.108] (INFO) User "nsg7919" logged out due to inactivity (timeout=30 minutes).
[2015/11/04 11:40:05.108] (INFO) Network heartbeat check: All OK.
[2015/11/04 11:40:05.108] (INFO) Alien monitor (aliend): Detected no space aliens.
[2015/11/04 11:40:05.108] (ERROR) Worker 6 died with SIGSEGV. Restarting it.
[2015/11/04 11:40:05.108] (INFO) User "wvh2944" logged out due to inactivity (timeout=30 minutes).
[2015/11/04 11:40:05.108] (INFO) Backed up all server logs.
[2015/11/04 11:40:05.108] (INFO) Device 0x9523 is online.
[2015/11/04 11:40:05.108] (INFO) Backed up all server logs.
[2015/11/04 11:40:05.108] (WARN) CPU temperature exceeds 40º Celsius.
[2015/11/04 11:40:05.108] (INFO) Flushed 24 buffers to disk.
[2015/11/04 11:40:05.108] (INFO) .evian ylbirret si emehcs otpyrc ym neht ,siht daer nac uoy fI
[2015/11/04 11:40:05.108] (INFO) Flushed 59 buffers to disk.
[2015/11/04 11:40:05.108] (INFO) User "qab7741" logged in from 10.125.152.62.
[2015/11/04 11:40:05.108] (ERROR) /dev/lp error: "PC LOAD LETTER"
[2015/11/04 11:40:05.108] (INFO) .evian ylbirret si emehcs otpyrc ym neht ,siht daer nac uoy fI
[2015/11/04 11:40:05.108] (INFO) Flushed 46 buffers to disk.
[2015/11/04 11:40:05.108] (INFO) User "skc8342" logged in from 192.168.105.1.
[2015/11/04 11:40:05.108] (INFO) Flushed 44 buffers to disk.
[2015/11/04 11:40:05.108] (INFO) Checked file systems for errors: All filesystems OK.
[2015/11/04 11:40:05.108] (INFO) User "obg3325" logged out.
[2015/11/04 11:40:05.108] (ERROR) Failed to open "/mnt/fileserver02/Gxmdz55637.xml": NFS timeout.
[2015/11/04 11:40:05.108] (ERROR) Extra characters at end of line.
[2015/11/04 11:40:05.108] (INFO) Checkpointing off-heap server memory...
[2015/11/04 11:40:05.108] (INFO) Waiting for monitor process (PID 19929) to die.
[2015/11/04 11:40:05.108] (INFO) Pinging watchdog timer process: Process is alive.
[2015/11/04 11:40:05.108] (INFO) Network heartbeat check: All OK.
[2015/11/04 11:40:05.108] (WARN) Possible cyber-attack from Canada.
[2015/11/04 11:40:05.108] (INFO) Device 0xd894 is online.
[2015/11/04 11:40:05.108] (INFO) Supervisor has entered SUSPENDED state.
[2015/11/04 11:40:05.108] (INFO) User "fyd5378" logged out.
[2015/11/04 11:40:05.608] (INFO) Pinging watchdog timer process: Process is alive.
[2015/11/04 11:40:05.608] (INFO) Network heartbeat check: All OK.
[2015/11/04 11:40:05.608] (INFO) Checked file systems for errors: All filesystems OK.
[2015/11/04 11:40:05.608] (INFO) Flushed 50 buffers to disk.
[2015/11/04 11:40:05.608] (INFO) Your mother called. She says you never call her.
[2015/11/04 11:40:05.608] (INFO) Checked file systems for errors: All filesystems OK.
[2015/11/04 11:40:05.608] (WARN) Watchdog timer crashed. Restarting it.
[2015/11/04 11:40:05.608] (INFO) User "kdw1499" logged out.
[2015/11/04 11:40:05.608] (INFO) Pinging watchdog timer process: Process is alive.
[2015/11/04 11:40:05.608] (INFO) Alien monitor (aliend): Detected no space aliens.
[2015/11/04 11:40:05.608] (WARN) Network heartbeat check: 4 server(s) did not respond.
[2015/11/04 11:40:05.608] (INFO) Device 0xa28f is online.
[2015/11/04 11:40:05.608] (INFO) Checked file systems for errors: All filesystems OK.
[2015/11/04 11:40:05.608] (INFO) Pinging watchdog timer process: Process is alive.
[2015/11/04 11:40:05.608] (ERROR) "/var/data/ztMqK80051.zip": No such file or directory (ENOENT)
[2015/11/04 11:40:05.608] (INFO) User "nvs3772" logged in from 10.194.160.114.
[2015/11/04 11:40:05.608] (INFO) Checkpointing off-heap server memory...
[2015/11/04 11:40:05.608] (INFO) Device 0x7b7e is online.
[2015/11/04 11:40:05.608] (INFO) Network heartbeat check: All OK.
[2015/11/04 11:40:05.608] (INFO) Network heartbeat check: All OK.
[2015/11/04 11:40:05.608] (INFO) User "xdq4987" logged out.
[2015/11/04 11:40:05.608] (INFO) Rolling 8 log file(s)...
[2015/11/04 11:40:05.608] (INFO) Flushed 32 buffers to disk.
[2015/11/04 11:40:05.608] (INFO) User "bra3777" logged in from 10.171.246.156.
[2015/11/04 11:40:05.608] (INFO) Your mother called. She says you never call her.
[2015/11/04 11:40:05.608] (INFO) .evian ylbirret si emehcs otpyrc ym neht ,siht daer nac uoy fI
[2015/11/04 11:40:05.608] (WARN) Backup server 192.168.148.110 is offline.
[2015/11/04 11:40:05.608] (INFO) Your mother called. She says you never call her.
[2015/11/04 11:40:05.608] (INFO) Rolling 3 log file(s)...
[2015/11/04 11:40:05.608] (INFO) Backed up all server logs.
[2015/11/04 11:40:05.608] (INFO) Waiting for worker process (PID 59040) to die.
[2015/11/04 11:40:05.608] (INFO) Supervisor has entered RUNNING state.
[2015/11/04 11:40:05.608] (INFO) .evian ylbirret si emehcs otpyrc ym neht ,siht daer nac uoy fI
[2015/11/04 11:40:05.608] (INFO) Network heartbeat check: All OK.
[2015/11/04 11:40:05.608] (INFO) Backed up all server logs.
[2015/11/04 11:40:05.608] (INFO) Pinging watchdog timer process: Process is alive.
[2015/11/04 11:40:05.608] (WARN) Backup server 172.16.187.216 is offline.
[2015/11/04 11:40:05.608] (WARN) Possible cyber-attack from China.
[2015/11/04 11:40:05.608] (INFO) Sending SIGTERM to 3 excess workers.
[2015/11/04 11:40:05.608] (INFO) Network heartbeat check: All OK.
[2015/11/04 11:40:05.608] (INFO) Checkpointing off-heap server memory...
[2015/11/04 11:40:05.608] (INFO) Alien monitor (aliend): Detected no space aliens.
[2015/11/04 11:40:05.608] (ERROR) Failed to open "/mnt/fileserver01/gznFn94008.tsv": NFS timeout.
[2015/11/04 11:40:05.608] (INFO) Alien monitor (aliend): Detected no space aliens.
[2015/11/04 11:40:05.608] (INFO) User "vnk7007" logged out.
[2015/11/04 11:40:05.608] (INFO) Network heartbeat check: All OK.
[2015/11/04 11:40:05.608] (INFO) Checked file systems for errors: All filesystems OK.
[2015/11/04 11:40:05.608] (INFO) Backed up all server logs.
[2015/11/04 11:40:05.608] (INFO) User "yeq3533" logged in from 10.98.188.31.
[2015/11/04 11:40:05.608] (INFO) Supervisor has entered SUSPENDED state.
[2015/11/04 11:40:05.608] (INFO) Backed up all server logs.
[2015/11/04 11:40:05.608] (INFO) Rolling 2 log file(s)...
[2015/11/04 11:40:05.608] (INFO) User "lhz7474" logged out due to inactivity (timeout=30 minutes).
[2015/11/04 11:40:05.608] (INFO) Checked file systems for errors: All filesystems OK.
[2015/11/04 11:40:05.608] (INFO) Supervisor has entered WAITING state.
[2015/11/04 11:40:05.608] (INFO) Rolling 5 log file(s)...
[2015/11/04 11:40:05.608] (INFO) Network heartbeat check: All OK.
[2015/11/04 11:40:05.608] (ERROR) CPU temperature exceeds 50º Celsius. Shutting down.
[2015/11/04 11:40:05.608] (INFO) Checked file systems for errors: All filesystems OK.
[2015/11/04 11:40:05.608] (INFO) Checkpointing off-heap server memory...
[2015/11/04 11:40:05.608] (ERROR) User "pnc2979" failed to log in 3 times. Disabling account.
[2015/11/04 11:40:05.608] (INFO) User "bxw9309" logged in from 10.243.50.42.
[2015/11/04 11:40:05.608] (INFO) Network heartbeat check: All OK.
[2015/11/04 11:40:05.608] (ERROR) "/var/data/pnEnf67014.tsv": Permission denied (EACCES)
[2015/11/04 11:40:05.608] (INFO) Alien monitor (aliend): Detected no space aliens.
[2015/11/04 11:40:05.608] (INFO) Rolling 6 log file(s)...
[2015/11/04 11:40:05.608] (INFO) Sending SIGTERM to 4 excess workers.
[2015/11/04 11:40:05.608] (INFO) Network heartbeat check: All OK.
[2015/11/04 11:40:05.608] (INFO) User "jda9335" logged out due to inactivity (timeout=30 minutes).
[2015/11/04 11:40:05.608] (INFO) Your mother called. She says you never call her.
[2015/11/04 11:40:05.608] (INFO) User "lpn2922" logged in from 172.16.169.153.
[2015/11/04 11:40:05.608] (INFO) Pinging watchdog timer process: Process is alive.
[2015/11/04 11:40:05.608] (INFO) Network heartbeat check: All OK.
[2015/11/04 11:40:05.608] (INFO) User "kmh1678" logged out due to inactivity (timeout=30 minutes).
[2015/11/04 11:40:05.608] (ERROR) Server log backup FAILED. See backup logs.
[2015/11/04 11:40:05.608] (INFO) Pinging watchdog timer process: Process is alive.
[2015/11/04 11:40:05.608] (INFO) Pinging watchdog timer process: Process is alive.
[2015/11/04 11:40:05.608] (ERROR) "/var/data/NrakR66512.zip": No such file or directory (ENOENT)
[2015/11/04 11:40:05.608] (INFO) Sending SIGTERM to 4 excess workers.
[2015/11/04 11:40:05.608] (INFO) User "yov6486" logged out due to inactivity (timeout=30 minutes).
[2015/11/04 11:40:05.608] (INFO) Checkpointing off-heap server memory...
[2015/11/04 11:40:05.608] (INFO) Pinging watchdog timer process: Process is alive.
[2015/11/04 11:40:05.608] (WARN) Network heartbeat check: 18 server(s) did not respond.
[2015/11/04 11:40:05.608] (INFO) User "ygs5749" logged out due to inactivity (timeout=30 minutes).
[2015/11/04 11:40:05.608] (INFO) Checked file systems for errors: All filesystems OK.
[2015/11/04 11:40:05.608] (INFO) Flushed 20 buffers to disk.
[2015/11/04 11:40:05.608] (INFO) Supervisor has entered RESTARTING state.
[2015/11/04 11:40:05.608] (INFO) Supervisor has entered WAITING state.
[2015/11/04 11:40:05.608] (INFO) Supervisor has entered RUNNING state.
[2015/11/04 11:40:05.608] (WARN) Ignoring SIGTERM. It's not that easy to get rid of me.
[2015/11/04 11:40:05.608] (ERROR) Unable to authenticate user "tdj7655": LDAP server isn't responding.
[2015/11/04 11:40:05.608] (INFO) Supervisor has entered WAITING state.
[2015/11/04 11:40:05.608] (ERROR) Directory index of "/var/data" is forbidden.
[2015/11/04 11:40:05.608] (INFO) Checked file systems for errors: All filesystems OK.
[2015/11/04 11:40:05.608] (INFO) Rolling 8 log file(s)...
[2015/11/04 11:40:05.608] (INFO) Waiting for master process (PID 10692) to die.
[2015/11/04 11:40:05.608] (INFO) Pinging watchdog timer process: Process is alive.
[2015/11/04 11:40:05.608] (INFO) User "xml1839" logged in from 192.168.189.81.
[2015/11/04 11:40:05.608] (INFO) Flushed 37 buffers to disk.
[2015/11/04 11:40:05.608] (INFO) Rolling 6 log file(s)...
[2015/11/04 11:40:06.108] (INFO) Flushed 37 buffers to disk.
[2015/11/04 11:40:06.108] (WARN) Ignoring SIGTERM. It's not that easy to get rid of me.
[2015/11/04 11:40:06.108] (WARN) Watchdog timer crashed. Restarting it.
[2015/11/04 11:40:06.108] (INFO) Your mother called. She says you never call her.
[2015/11/04 11:40:06.108] (ERROR) Device 0x733d is offline
[2015/11/04 11:40:06.108] (WARN) There is no such thing as a free lunch.
[2015/11/04 11:40:06.108] (INFO) Your mother called. She says you never call her.
[2015/11/04 11:40:06.108] (INFO) .evian ylbirret si emehcs otpyrc ym neht ,siht daer nac uoy fI
[2015/11/04 11:40:06.108] (INFO) Device 0x034b is online.
[2015/11/04 11:40:06.108] (INFO) Flushed 62 buffers to disk.
[2015/11/04 11:40:06.108] (INFO) Checked file systems for errors: All filesystems OK.
[2015/11/04 11:40:06.108] (INFO) Rolling 9 log file(s)...
[2015/11/04 11:40:06.108] (INFO) Backed up all server logs.
[2015/11/04 11:40:06.108] (INFO) Network heartbeat check: All OK.
[2015/11/04 11:40:06.108] (INFO) Your mother called. She says you never call her.
[2015/11/04 11:40:06.108] (INFO) Pinging watchdog timer process: Process is alive.
[2015/11/04 11:40:06.108] (INFO) User "oac7456" logged in from 10.19.33.101.
[2015/11/04 11:40:06.108] (INFO) Device 0x51a8 is online.
[2015/11/04 11:40:06.108] (INFO) User "bpk2351" logged out.
[2015/11/04 11:40:06.108] (INFO) Device 0x225e is online.
[2015/11/04 11:40:06.108] (INFO) Flushed 69 buffers to disk.
[2015/11/04 11:40:06.108] (INFO) Pinging watchdog timer process: Process is alive.
[2015/11/04 11:40:06.108] (INFO) Alien monitor (aliend): Detected no space aliens.
[2015/11/04 11:40:06.108] (INFO) Network heartbeat check: All OK.
[2015/11/04 11:40:06.108] (WARN) Unable to ping monitor at 172.16.225.156. Retrying.
[2015/11/04 11:40:06.108] (INFO) User "rwj9908" logged out due to inactivity (timeout=30 minutes).
[2015/11/04 11:40:06.108] (INFO) User "cbs6554" logged out due to inactivity (timeout=30 minutes).
[2015/11/04 11:40:06.108] (INFO) Backed up all server logs.
[2015/11/04 11:40:06.108] (INFO) Supervisor has entered RESTARTING state.
[2015/11/04 11:40:06.108] (INFO) Waiting for worker process (PID 53882) to die.
[2015/11/04 11:40:06.108] (INFO) Rolling 2 log file(s)...
[2015/11/04 11:40:06.108] (INFO) Flushed 71 buffers to disk.
[2015/11/04 11:40:06.108] (WARN) There is no such thing as a free lunch.
[2015/11/04 11:40:06.108] (INFO) Device 0xf24d is online.
[2015/11/04 11:40:06.108] (INFO) Waiting for supervisor process (PID 17637) to die.
[2015/11/04 11:40:06.108] (INFO) .evian ylbirret si emehcs otpyrc ym neht ,siht daer nac uoy fI
[2015/11/04 11:40:06.108] (INFO) .evian ylbirret si emehcs otpyrc ym neht ,siht daer nac uoy fI
[2015/11/04 11:40:06.108] (ERROR) Device 0x19e3 is offline
[2015/11/04 11:40:06.108] (INFO) Rolling 2 log file(s)...
[2015/11/04 11:40:06.108] (ERROR) Server log backup FAILED. See backup logs.
[2015/11/04 11:40:06.108] (INFO) .evian ylbirret si emehcs otpyrc ym neht ,siht daer nac uoy fI
[2015/11/04 11:40:06.108] (INFO) Your mother called. She says you never call her.
[2015/11/04 11:40:06.108] (INFO) User "buy9880" logged out.
[2015/11/04 11:40:06.108] (INFO) User "sxv3452" logged in from 192.168.17.103.
[2015/11/04 11:40:06.108] (INFO) Sending SIGTERM to 3 excess workers.
[2015/11/04 11:40:06.108] (WARN) Unable to ping master at 10.196.39.131. Retrying.
[2015/11/04 11:40:06.108] (INFO) Checkpointing off-heap server memory...
[2015/11/04 11:40:06.108] (INFO) User "hsn5673" logged out due to inactivity (timeout=30 minutes).
[2015/11/04 11:40:06.108] (INFO) Checkpointing off-heap server memory...
[2015/11/04 11:40:06.108] (INFO) Rolling 6 log file(s)...
[2015/11/04 11:40:06.108] (INFO) User "dcl5734" logged out.
[2015/11/04 11:40:06.108] (WARN) Master took 900 ms to respond (threshold=500 ms)
[2015/11/04 11:40:06.108] (ERROR) Failed to write checkpoint file "/var/checkpoint/uOIVo59782: No space left on device (ENOSPC)
[2015/11/04 11:40:06.108] (INFO) Supervisor has entered RESTARTING state.
[2015/11/04 11:40:06.108] (INFO) Checked file systems for errors: All filesystems OK.
[2015/11/04 11:40:06.108] (INFO) Sending SIGTERM to 2 excess workers.
[2015/11/04 11:40:06.108] (INFO) Sending SIGTERM to 2 excess workers.
[2015/11/04 11:40:06.108] (INFO) Device 0xe59c is online.
[2015/11/04 11:40:06.108] (INFO) Alien monitor (aliend): Detected no space aliens.
[2015/11/04 11:40:06.108] (INFO) Pinging watchdog timer process: Process is alive.
[2015/11/04 11:40:06.108] (INFO) Flushed 49 buffers to disk.
[2015/11/04 11:40:06.108] (INFO) Network heartbeat check: All OK.
[2015/11/04 11:40:06.108] (WARN) Ignoring SIGTERM. It's not that easy to get rid of me.
[2015/11/04 11:40:06.108] (WARN) Backup server 10.215.149.10 is offline.
[2015/11/04 11:40:06.108] (WARN) Network heartbeat check: 6 server(s) did not respond.
[2015/11/04 11:40:06.108] (INFO) Checked file systems for errors: All filesystems OK.
[2015/11/04 11:40:06.108] (INFO) Rolling 3 log file(s)...
[2015/11/04 11:40:06.108] (INFO) .evian ylbirret si emehcs otpyrc ym neht ,siht daer nac uoy fI
[2015/11/04 11:40:06.108] (WARN) Possible cyber-attack from The Cayman Islands.
[2015/11/04 11:40:06.108] (INFO) .evian ylbirret si emehcs otpyrc ym neht ,siht daer nac uoy fI
[2015/11/04 11:40:06.108] (ERROR) Detected clock skew! Restarting NTP server.
[2015/11/04 11:40:06.108] (INFO) Device 0xd8f5 is online.
[2015/11/04 11:40:06.108] (INFO) Sending SIGTERM to 4 excess workers.
[2015/11/04 11:40:06.108] (INFO) Your mother called. She says you never call her.
[2015/11/04 11:40:06.108] (ERROR) Failed to open "/mnt/fileserver01/lOXXz72431.zip": NFS timeout.
[2015/11/04 11:40:06.108] (INFO) User "hqi9240" logged in from 192.168.119.131.
[2015/11/04 11:40:06.108] (INFO) Checkpointing off-heap server memory...
[2015/11/04 11:40:06.108] (INFO) Checked file systems for errors: All filesystems OK.
[2015/11/04 11:40:06.108] (WARN) Possible cyber-attack from Antarctica.
[2015/11/04 11:40:06.108] (INFO) Backed up all server logs.
[2015/11/04 11:40:06.108] (INFO) User "joa7254" logged out.
[2015/11/04 11:40:06.108] (INFO) .evian ylbirret si emehcs otpyrc ym neht ,siht daer nac uoy fI
[2015/11/04 11:40:06.108] (INFO) Your mother called. She says you never call her.
[2015/11/04 11:40:06.108] (INFO) Rolling 8 log file(s)...
[2015/11/04 11:40:06.108] (INFO) Network heartbeat check: All OK.
[2015/11/04 11:40:06.108] (INFO) User "lmw5803" logged out.
[2015/11/04 11:40:06.108] (INFO) Supervisor has entered RUNNING state.
[2015/11/04 11:40:06.108] (INFO) Pinging watchdog timer process: Process is alive.
[2015/11/04 11:40:06.108] (INFO) Alien monitor (aliend): Detected no space aliens.
[2015/11/04 11:40:06.108] (ERROR) Unable to mount /dev/sdc3. (Time to run fsck?)
[2015/11/04 11:40:06.108] (WARN) There is no such thing as a free lunch.
[2015/11/04 11:40:06.108] (INFO) User "jqe3738" logged out.
[2015/11/04 11:40:06.108] (INFO) User "eqw9015" logged in from 10.126.100.7.
[2015/11/04 11:40:06.108] (INFO) Your mother called. She says you never call her.
[2015/11/04 11:40:06.108] (INFO) Rolling 3 log file(s)...
[2015/11/04 11:40:06.108] (INFO) Checkpointing off-heap server memory...
[2015/11/04 11:40:06.108] (INFO) Waiting for monitor process (PID 54056) to die.
[2015/11/04 11:40:06.108] (INFO) User "hhg1469" logged out.
[2015/11/04 11:40:06.108] (INFO) Supervisor has entered RESTARTING state.
[2015/11/04 11:40:06.108] (INFO) Your mother called. She says you never call her.
[2015/11/04 11:40:06.608] (INFO) Flushed 45 buffers to disk.
[2015/11/04 11:40:06.608] (INFO) User "wei5974" logged out.
[2015/11/04 11:40:06.608] (INFO) Waiting for supervisor process (PID 27858) to die.
[2015/11/04 11:40:06.608] (ERROR) Device 0xd4c0 is offline
[2015/11/04 11:40:06.608] (ERROR) Worker 8 died with SIGSTOP. Restarting it.
[2015/11/04 11:40:06.608] (INFO) Backed up all server logs.
[2015/11/04 11:40:06.608] (INFO) Your mother called. She says you never call her.
[2015/11/04 11:40:06.608] (INFO) Device 0x59de is online.
[2015/11/04 11:40:06.608] (INFO) Alien monitor (aliend): Detected no space aliens.
[2015/11/04 11:40:06.608] (WARN) Watchdog timer crashed. Restarting it.
[2015/11/04 11:40:06.608] (INFO) Network heartbeat check: All OK.
[2015/11/04 11:40:06.608] (INFO) Rolling 3 log file(s)...
[2015/11/04 11:40:06.608] (INFO) Supervisor has entered RESTARTING state.
[2015/11/04 11:40:06.608] (WARN) Unable to ping monitor at 172.16.104.189. Retrying.
[2015/11/04 11:40:06.608] (INFO) Checkpointing off-heap server memory...
[2015/11/04 11:40:06.608] (ERROR) Unable to write to "/var/data/wcMFz56854.parquet": Permission denied (EACCES)
[2015/11/04 11:40:06.608] (INFO) Rolling 8 log file(s)...
[2015/11/04 11:40:06.608] (WARN) Ignoring SIGTERM. It's not that easy to get rid of me.
[2015/11/04 11:40:06.608] (ERROR) Worker 2 died with SIGIOT. Restarting it.
[2015/11/04 11:40:06.608] (INFO) User "ryc3539" logged out.
[2015/11/04 11:40:06.608] (INFO) User "ocj8304" logged out.
[2015/11/04 11:40:06.608] (INFO) Sending SIGTERM to 2 excess workers.
[2015/11/04 11:40:06.608] (INFO) Network heartbeat check: All OK.
[2015/11/04 11:40:06.608] (INFO) Checkpointing off-heap server memory...
[2015/11/04 11:40:06.608] (INFO) User "jvx1150" logged out.
[2015/11/04 11:40:06.608] (INFO) Rolling 1 log file(s)...
[2015/11/04 11:40:06.608] (INFO) Flushed 87 buffers to disk.
[2015/11/04 11:40:06.608] (INFO) Network heartbeat check: All OK.
[2015/11/04 11:40:06.608] (INFO) Checkpointing off-heap server memory...
[2015/11/04 11:40:06.608] (WARN) CPU temperature exceeds 40º Celsius.
[2015/11/04 11:40:06.608] (ERROR) Unable to write to "/var/data/WALCt66494.zip": Permission denied (EACCES)
[2015/11/04 11:40:06.608] (INFO) Network heartbeat check: All OK.
[2015/11/04 11:40:06.608] (WARN) Dropped 7,856 corrupt data packets.
[2015/11/04 11:40:06.608] (INFO) Flushed 30 buffers to disk.
[2015/11/04 11:40:06.608] (INFO) Pinging watchdog timer process: Process is alive.
[2015/11/04 11:40:06.608] (INFO) Checkpointing off-heap server memory...
[2015/11/04 11:40:06.608] (INFO) Alien monitor (aliend): Detected no space aliens.
[2015/11/04 11:40:06.608] (INFO) User "pwc6483" logged in from 192.168.93.22.
[2015/11/04 11:40:06.608] (INFO) Flushed 68 buffers to disk.
[2015/11/04 11:40:06.608] (INFO) Backed up all server logs.
[2015/11/04 11:40:06.608] (INFO) Checkpointing off-heap server memory...
[2015/11/04 11:40:06.608] (ERROR) Device 0x5fbb is offline
[2015/11/04 11:40:06.608] (INFO) Network heartbeat check: All OK.
[2015/11/04 11:40:06.608] (WARN) There is no such thing as a free lunch.
[2015/11/04 11:40:06.608] (INFO) Flushed 21 buffers to disk.
[2015/11/04 11:40:06.608] (INFO) Network heartbeat check: All OK.
[2015/11/04 11:40:06.608] (INFO) User "esx1972" logged out due to inactivity (timeout=30 minutes).
[2015/11/04 11:40:06.608] (INFO) Device 0xad84 is online.
[2015/11/04 11:40:06.608] (INFO) Checked file systems for errors: All filesystems OK.
[2015/11/04 11:40:06.608] (INFO) User "uck8248" logged in from 192.168.219.212.
[2015/11/04 11:40:06.608] (ERROR) Unable to mount /dev/sdf1. (Time to run fsck?)
[2015/11/04 11:40:06.608] (INFO) Alien monitor (aliend): Detected no space aliens.
[2015/11/04 11:40:06.608] (INFO) Rolling 2 log file(s)...
[2015/11/04 11:40:06.608] (INFO) User "eoa1134" logged in from 10.67.69.163.
[2015/11/04 11:40:06.608] (INFO) Alien monitor (aliend): Detected no space aliens.
[2015/11/04 11:40:06.608] (INFO) Network heartbeat check: All OK.
[2015/11/04 11:40:06.608] (INFO) User "dbf1465" logged out.
[2015/11/04 11:40:06.608] (INFO) Device 0x8c22 is online.
[2015/11/04 11:40:06.608] (INFO) Pinging watchdog timer process: Process is alive.
[2015/11/04 11:40:06.608] (ERROR) Server log backup FAILED. See backup logs.
[2015/11/04 11:40:06.608] (INFO) Supervisor has entered RESTARTING state.
[2015/11/04 11:40:06.608] (INFO) Sending SIGTERM to 2 excess workers.
[2015/11/04 11:40:06.608] (INFO) User "eyu3381" logged out due to inactivity (timeout=30 minutes).
[2015/11/04 11:40:06.608] (INFO) User "wpq4066" logged out.
[2015/11/04 11:40:06.608] (WARN) Watchdog timer crashed. Restarting it.
[2015/11/04 11:40:06.608] (INFO) Checkpointing off-heap server memory...
[2015/11/04 11:40:06.608] (INFO) Your mother called. She says you never call her.
[2015/11/04 11:40:06.608] (INFO) Sending SIGTERM to 4 excess workers.
[2015/11/04 11:40:06.608] (INFO) Your mother called. She says you never call her.
[2015/11/04 11:40:06.608] (INFO) Backed up all server logs.
[2015/11/04 11:40:06.608] (WARN) Network heartbeat check: 7 server(s) did not respond.
[2015/11/04 11:40:06.608] (INFO) Alien monitor (aliend): Detected no space aliens.
[2015/11/04 11:40:06.608] (INFO) Checkpointing off-heap server memory...
[2015/11/04 11:40:06.608] (INFO) Backed up all server logs.
[2015/11/04 11:40:06.608] (WARN) CPU temperature exceeds 40º Celsius.
[2015/11/04 11:40:06.608] (INFO) User "apq1018" logged in from 172.16.245.76.
[2015/11/04 11:40:06.608] (INFO) Checkpointing off-heap server memory...
[2015/11/04 11:40:06.608] (INFO) User "csv2419" logged out.
[2015/11/04 11:40:06.608] (INFO) Alien monitor (aliend): Detected no space aliens.
[2015/11/04 11:40:06.608] (INFO) Waiting for master process (PID 17267) to die.
[2015/11/04 11:40:06.608] (ERROR) Failed to write checkpoint file "/var/checkpoint/GrIAR83781: No space left on device (ENOSPC)
[2015/11/04 11:40:06.608] (INFO) User "gug4973" logged out due to inactivity (timeout=30 minutes).
[2015/11/04 11:40:06.608] (INFO) Waiting for monitor process (PID 12732) to die.
[2015/11/04 11:40:06.608] (INFO) .evian ylbirret si emehcs otpyrc ym neht ,siht daer nac uoy fI
[2015/11/04 11:40:06.608] (INFO) Backed up all server logs.
[2015/11/04 11:40:06.608] (WARN) Space on disk /dev/sdb4 is low: Only 116 MB available.
[2015/11/04 11:40:06.608] (INFO) User "gwe9071" logged out.
[2015/11/04 11:40:06.608] (INFO) Your mother called. She says you never call her.
[2015/11/04 11:40:06.608] (INFO) Sending SIGTERM to 2 excess workers.
[2015/11/04 11:40:06.608] (INFO) .evian ylbirret si emehcs otpyrc ym neht ,siht daer nac uoy fI
[2015/11/04 11:40:06.608] (ERROR) CPU temperature exceeds 50º Celsius. Shutting down.
[2015/11/04 11:40:06.608] (INFO) Pinging watchdog timer process: Process is alive.
[2015/11/04 11:40:06.608] (ERROR) Network heartbeat check FAILED: Master host down?
[2015/11/04 11:40:06.608] (INFO) Sending SIGTERM to 2 excess workers.
[2015/11/04 11:40:06.608] (INFO) .evian ylbirret si emehcs otpyrc ym neht ,siht daer nac uoy fI
[2015/11/04 11:40:06.608] (INFO) Rolling 2 log file(s)...
[2015/11/04 11:40:06.608] (INFO) User "fmu5818" logged in from 192.168.75.53.
[2015/11/04 11:40:06.608] (INFO) Checked file systems for errors: All filesystems OK.
[2015/11/04 11:40:06.608] (INFO) Checked file systems for errors: All filesystems OK.
[2015/11/04 11:40:06.608] (INFO) User "zto4650" logged in from 192.168.250.68.
[2015/11/04 11:40:07.107] (INFO) Sending SIGTERM to 3 excess workers.
[2015/11/04 11:40:07.107] (INFO) User "yvd4834" logged out due to inactivity (timeout=30 minutes).
[2015/11/04 11:40:07.107] (INFO) Your mother called. She says you never call her.
[2015/11/04 11:40:07.107] (WARN) Possible cyber-attack from The Cayman Islands.
[2015/11/04 11:40:07.107] (INFO) Waiting for master process (PID 1563) to die.
[2015/11/04 11:40:07.107] (INFO) User "vxl9036" logged out due to inactivity (timeout=30 minutes).
[2015/11/04 11:40:07.107] (WARN) There is no such thing as a free lunch.
[2015/11/04 11:40:07.107] (INFO) Checked file systems for errors: All filesystems OK.
[2015/11/04 11:40:07.107] (INFO) Checked file systems for errors: All filesystems OK.
[2015/11/04 11:40:07.107] (WARN) Ignoring SIGTERM. It's not that easy to get rid of me.
[2015/11/04 11:40:07.107] (INFO) Sending SIGTERM to 4 excess workers.
[2015/11/04 11:40:07.107] (INFO) Your mother called. She says you never call her.
[2015/11/04 11:40:07.107] (INFO) Rolling 4 log file(s)...
[2015/11/04 11:40:07.107] (INFO) Flushed 78 buffers to disk.
[2015/11/04 11:40:07.107] (INFO) Supervisor has entered RESTARTING state.
[2015/11/04 11:40:07.107] (ERROR) Detected incoming DDoS from 192.168.2.63.
[2015/11/04 11:40:07.107] (INFO) Sending SIGTERM to 4 excess workers.
[2015/11/04 11:40:07.107] (INFO) Your mother called. She says you never call her.
[2015/11/04 11:40:07.107] (INFO) User "znv6500" logged out due to inactivity (timeout=30 minutes).
[2015/11/04 11:40:07.107] (INFO) User "yer4807" logged in from 172.16.47.11.
[2015/11/04 11:40:07.107] (INFO) User "kjx5015" logged out.
[2015/11/04 11:40:07.107] (WARN) Space on disk /dev/sdd2 is low: Only 610 MB available.
[2015/11/04 11:40:07.107] (INFO) Checkpointing off-heap server memory...
[2015/11/04 11:40:07.107] (INFO) User "ihn9260" logged out.
[2015/11/04 11:40:07.107] (INFO) Your mother called. She says you never call her.
[2015/11/04 11:40:07.107] (INFO) Supervisor has entered RUNNING state.
[2015/11/04 11:40:07.107] (INFO) Device 0x490b is online.
[2015/11/04 11:40:07.107] (INFO) Checkpointing off-heap server memory...
[2015/11/04 11:40:07.107] (INFO) Checked file systems for errors: All filesystems OK.
[2015/11/04 11:40:07.107] (INFO) Your mother called. She says you never call her.
[2015/11/04 11:40:07.107] (ERROR) Detected incoming DDoS from 10.208.91.0.
[2015/11/04 11:40:07.107] (INFO) Waiting for monitor process (PID 21100) to die.
[2015/11/04 11:40:07.107] (INFO) Sending SIGTERM to 3 excess workers.
[2015/11/04 11:40:07.107] (INFO) Checkpointing off-heap server memory...
[2015/11/04 11:40:07.107] (INFO) Pinging watchdog timer process: Process is alive.
[2015/11/04 11:40:07.107] (INFO) Checked file systems for errors: All filesystems OK.
[2015/11/04 11:40:07.107] (INFO) User "inp6475" logged out.
[2015/11/04 11:40:07.107] (INFO) Sending SIGTERM to 3 excess workers.
[2015/11/04 11:40:07.107] (INFO) Rolling 4 log file(s)...
[2015/11/04 11:40:07.107] (INFO) Sending SIGTERM to 3 excess workers.
[2015/11/04 11:40:07.107] (WARN) There is no such thing as a free lunch.
[2015/11/04 11:40:07.107] (INFO) User "cxl2782" logged out due to inactivity (timeout=30 minutes).
[2015/11/04 11:40:07.107] (INFO) Supervisor has entered WAITING state.
[2015/11/04 11:40:07.107] (INFO) Backed up all server logs.
[2015/11/04 11:40:07.107] (INFO) Flushed 78 buffers to disk.
[2015/11/04 11:40:07.107] (INFO) Alien monitor (aliend): Detected no space aliens.
[2015/11/04 11:40:07.107] (INFO) Checkpointing off-heap server memory...
[2015/11/04 11:40:07.107] (INFO) Checked file systems for errors: All filesystems OK.
[2015/11/04 11:40:07.107] (ERROR) "/var/data/QxTQu78272.txt": No such file or directory (ENOENT)
[2015/11/04 11:40:07.107] (INFO) Waiting for worker process (PID 25541) to die.
[2015/11/04 11:40:07.107] (INFO) Rolling 9 log file(s)...
[2015/11/04 11:40:07.107] (WARN) There is no such thing as a free lunch.
[2015/11/04 11:40:07.107] (INFO) Rolling 3 log file(s)...
[2015/11/04 11:40:07.107] (INFO) Flushed 73 buffers to disk.
[2015/11/04 11:40:07.107] (INFO) User "ytm6148" logged out due to inactivity (timeout=30 minutes).
[2015/11/04 11:40:07.107] (INFO) Your mother called. She says you never call her.
[2015/11/04 11:40:07.107] (INFO) User "bxh3492" logged out.
[2015/11/04 11:40:07.107] (INFO) Network heartbeat check: All OK.
[2015/11/04 11:40:07.107] (INFO) .evian ylbirret si emehcs otpyrc ym neht ,siht daer nac uoy fI
[2015/11/04 11:40:07.107] (INFO) Sending SIGTERM to 2 excess workers.
[2015/11/04 11:40:07.107] (WARN) Watchdog timer crashed. Restarting it.
[2015/11/04 11:40:07.107] (INFO) Pinging watchdog timer process: Process is alive.
[2015/11/04 11:40:07.107] (INFO) Checked file systems for errors: All filesystems OK.
[2015/11/04 11:40:07.107] (INFO) Network heartbeat check: All OK.
[2015/11/04 11:40:07.107] (INFO) Rolling 6 log file(s)...
[2015/11/04 11:40:07.107] (INFO) User "wit5518" logged in from 172.16.235.85.
[2015/11/04 11:40:07.107] (INFO) Device 0xb11d is online.
[2015/11/04 11:40:07.107] (INFO) Your mother called. She says you never call her.
[2015/11/04 11:40:07.107] (ERROR) /dev/lp error: "PC LOAD LETTER"
[2015/11/04 11:40:07.107] (ERROR) Worker 2 died with SIGABRT. Restarting it.
[2015/11/04 11:40:07.107] (INFO) Rolling 3 log file(s)...
[2015/11/04 11:40:07.107] (INFO) Alien monitor (aliend): Detected no space aliens.
[2015/11/04 11:40:07.107] (INFO) Checkpointing off-heap server memory...
[2015/11/04 11:40:07.107] (INFO) User "ocp3025" logged out.
[2015/11/04 11:40:07.107] (WARN) Dropped 12,465 corrupt data packets.
[2015/11/04 11:40:07.107] (INFO) Supervisor has entered RUNNING state.
[2015/11/04 11:40:07.107] (WARN) Watchdog timer crashed. Restarting it.
[2015/11/04 11:40:07.107] (ERROR) Detected clock skew! Restarting NTP server.
[2015/11/04 11:40:07.107] (INFO) User "som4935" logged in from 192.168.2.2.
[2015/11/04 11:40:07.107] (INFO) .evian ylbirret si emehcs otpyrc ym neht ,siht daer nac uoy fI
[2015/11/04 11:40:07.107] (INFO) User "kpr9700" logged in from 10.241.5.52.
[2015/11/04 11:40:07.107] (INFO) User "ott9117" logged in from 172.16.74.199.
[2015/11/04 11:40:07.107] (ERROR) /dev/lp error: "PC LOAD LETTER"
[2015/11/04 11:40:07.107] (WARN) Unable to ping worker at 192.168.7.219. Retrying.
[2015/11/04 11:40:07.107] (INFO) User "zqf4067" logged in from 10.199.137.79.
[2015/11/04 11:40:07.107] (INFO) Device 0x03e8 is online.
[2015/11/04 11:40:07.107] (INFO) Backed up all server logs.
[2015/11/04 11:40:07.107] (INFO) Your mother called. She says you never call her.
[2015/11/04 11:40:07.107] (ERROR) Blocked Little Bobby Tables attack (https://xkcd.com/327/) from 192.168.141.198.
[2015/11/04 11:40:07.107] (INFO) User "fpb8797" logged out.
[2015/11/04 11:40:07.107] (INFO) Pinging watchdog timer process: Process is alive.
[2015/11/04 11:40:07.107] (ERROR) User "yfx3273" failed to log in 3 times. Disabling account.
[2015/11/04 11:40:07.107] (INFO) Waiting for supervisor process (PID 45855) to die.
[2015/11/04 11:40:07.107] (INFO) Network heartbeat check: All OK.
[2015/11/04 11:40:07.107] (INFO) Checkpointing off-heap server memory...
[2015/11/04 11:40:07.107] (INFO) Sending SIGTERM to 2 excess workers.
[2015/11/04 11:40:07.107] (INFO) Checked file systems for errors: All filesystems OK.
[2015/11/04 11:40:07.107] (ERROR) Detected incoming DDoS from 172.16.6.21.
[2015/11/04 11:40:07.107] (INFO) Flushed 45 buffers to disk.
[2015/11/04 11:40:07.107] (INFO) Device 0x8a88 is online.
[2015/11/04 11:40:07.608] (ERROR) Connection to 192.168.109.57 terminated unexpectedly. Reconnecting.
[2015/11/04 11:40:07.608] (INFO) Sending SIGTERM to 4 excess workers.
[2015/11/04 11:40:07.608] (INFO) Flushed 90 buffers to disk.
[2015/11/04 11:40:07.608] (INFO) Sending SIGTERM to 3 excess workers.
[2015/11/04 11:40:07.608] (INFO) User "cqx7473" logged in from 10.70.107.82.
[2015/11/04 11:40:07.608] (INFO) Flushed 50 buffers to disk.
[2015/11/04 11:40:07.608] (WARN) Watchdog timer crashed. Restarting it.
[2015/11/04 11:40:07.608] (INFO) Network heartbeat check: All OK.
[2015/11/04 11:40:07.608] (INFO) Your mother called. She says you never call her.
[2015/11/04 11:40:07.608] (INFO) User "tvd3917" logged out.
[2015/11/04 11:40:07.608] (WARN) Retrying server log checkpoint.
[2015/11/04 11:40:07.608] (INFO) Waiting for monitor process (PID 56148) to die.
[2015/11/04 11:40:07.608] (INFO) User "jzd2437" logged in from 172.16.68.152.
[2015/11/04 11:40:07.608] (INFO) Checkpointing off-heap server memory...
[2015/11/04 11:40:07.608] (INFO) Alien monitor (aliend): Detected no space aliens.
[2015/11/04 11:40:07.608] (INFO) Pinging watchdog timer process: Process is alive.
[2015/11/04 11:40:07.608] (ERROR) Network heartbeat check FAILED: Master host down?
[2015/11/04 11:40:07.608] (INFO) Checked file systems for errors: All filesystems OK.
[2015/11/04 11:40:07.608] (INFO) Flushed 23 buffers to disk.
[2015/11/04 11:40:07.608] (ERROR) One of the flayrods has gone out askew on treadle.
[2015/11/04 11:40:07.608] (WARN) Network heartbeat check: 11 server(s) did not respond.
[2015/11/04 11:40:07.608] (INFO) Device 0x4464 is online.
[2015/11/04 11:40:07.608] (INFO) Checked file systems for errors: All filesystems OK.
[2015/11/04 11:40:07.608] (INFO) Supervisor has entered WAITING state.
[2015/11/04 11:40:07.608] (INFO) .evian ylbirret si emehcs otpyrc ym neht ,siht daer nac uoy fI
[2015/11/04 11:40:07.608] (ERROR) Network heartbeat check FAILED: Master host down?
[2015/11/04 11:40:07.608] (INFO) Your mother called. She says you never call her.
[2015/11/04 11:40:07.608] (INFO) Flushed 49 buffers to disk.
[2015/11/04 11:40:07.608] (ERROR) Blocked FTP traffic originating from 172.16.10.139.
[2015/11/04 11:40:07.608] (WARN) Retrying server log checkpoint.
[2015/11/04 11:40:07.608] (INFO) Flushed 64 buffers to disk.
[2015/11/04 11:40:07.608] (INFO) .evian ylbirret si emehcs otpyrc ym neht ,siht daer nac uoy fI
[2015/11/04 11:40:07.608] (INFO) Device 0x31b8 is online.
[2015/11/04 11:40:07.608] (INFO) Rolling 5 log file(s)...
[2015/11/04 11:40:07.608] (INFO) Checked file systems for errors: All filesystems OK.
[2015/11/04 11:40:07.608] (INFO) Checked file systems for errors: All filesystems OK.
[2015/11/04 11:40:07.608] (ERROR) User "jzn6288" failed to log in 3 times. Disabling account.
[2015/11/04 11:40:07.608] (WARN) Backup server 192.168.131.20 is offline.
[2015/11/04 11:40:07.608] (INFO) Backed up all server logs.
[2015/11/04 11:40:07.608] (INFO) User "yrp7478" logged in from 192.168.156.82.
[2015/11/04 11:40:07.608] (INFO) Network heartbeat check: All OK.
[2015/11/04 11:40:07.608] (INFO) Checkpointing off-heap server memory...
[2015/11/04 11:40:07.608] (INFO) Backed up all server logs.
[2015/11/04 11:40:07.608] (ERROR) Worker 6 died with SIGBUS. Restarting it.
[2015/11/04 11:40:07.608] (INFO) Checkpointing off-heap server memory...
[2015/11/04 11:40:07.608] (INFO) Alien monitor (aliend): Detected no space aliens.
[2015/11/04 11:40:07.608] (INFO) Flushed 26 buffers to disk.
[2015/11/04 11:40:07.608] (INFO) Alien monitor (aliend): Detected no space aliens.
[2015/11/04 11:40:07.608] (ERROR) Detected clock skew! Restarting NTP server.
[2015/11/04 11:40:07.608] (ERROR) "/var/data/WgAtU66445.parquet": No such file or directory (ENOENT)
[2015/11/04 11:40:07.608] (INFO) User "kcv9996" logged out due to inactivity (timeout=30 minutes).
[2015/11/04 11:40:07.608] (INFO) User "wqp7959" logged out.
[2015/11/04 11:40:07.608] (INFO) .evian ylbirret si emehcs otpyrc ym neht ,siht daer nac uoy fI
[2015/11/04 11:40:07.608] (INFO) Your mother called. She says you never call her.
[2015/11/04 11:40:07.608] (INFO) Checkpointing off-heap server memory...
[2015/11/04 11:40:07.608] (INFO) Checkpointing off-heap server memory...
[2015/11/04 11:40:07.608] (INFO) .evian ylbirret si emehcs otpyrc ym neht ,siht daer nac uoy fI
[2015/11/04 11:40:07.608] (INFO) Your mother called. She says you never call her.
[2015/11/04 11:40:07.608] (WARN) Network heartbeat check: 6 server(s) did not respond.
[2015/11/04 11:40:07.608] (WARN) Dropped 2,389 corrupt data packets.
[2015/11/04 11:40:07.608] (ERROR) One of the flayrods has gone out askew on treadle.
[2015/11/04 11:40:07.608] (INFO) Checked file systems for errors: All filesystems OK.
[2015/11/04 11:40:07.608] (WARN) Retrying server log checkpoint.
[2015/11/04 11:40:07.608] (ERROR) Network heartbeat check FAILED: Master host down?
[2015/11/04 11:40:07.608] (INFO) Rolling 1 log file(s)...
[2015/11/04 11:40:07.608] (INFO) Rolling 8 log file(s)...
[2015/11/04 11:40:07.608] (INFO) Network heartbeat check: All OK.
[2015/11/04 11:40:07.608] (INFO) Backed up all server logs.
[2015/11/04 11:40:07.608] (INFO) Supervisor has entered SUSPENDED state.
[2015/11/04 11:40:07.608] (INFO) Backed up all server logs.
[2015/11/04 11:40:07.608] (INFO) Checkpointing off-heap server memory...
[2015/11/04 11:40:07.608] (INFO) Rolling 6 log file(s)...
[2015/11/04 11:40:07.608] (INFO) .evian ylbirret si emehcs otpyrc ym neht ,siht daer nac uoy fI
[2015/11/04 11:40:07.608] (INFO) Device 0x8958 is online.
[2015/11/04 11:40:07.608] (WARN) Backup server 192.168.83.75 is offline.
[2015/11/04 11:40:07.608] (WARN) Master took 567 ms to respond (threshold=500 ms)
[2015/11/04 11:40:07.608] (INFO) User "ksb5694" logged out.
[2015/11/04 11:40:07.608] (ERROR) "/var/data/OXRFs59211.zip": Permission denied (EACCES)
[2015/11/04 11:40:07.608] (INFO) User "pkw5174" logged out.
[2015/11/04 11:40:07.608] (WARN) Network heartbeat check: 19 server(s) did not respond.
[2015/11/04 11:40:07.608] (INFO) User "ske2510" logged out.
[2015/11/04 11:40:07.608] (INFO) Supervisor has entered WAITING state.
[2015/11/04 11:40:07.608] (ERROR) "/var/data/IAYvQ79161.xslx": No such file or directory (ENOENT)
[2015/11/04 11:40:07.608] (INFO) Checkpointing off-heap server memory...
[2015/11/04 11:40:07.608] (ERROR) "/var/data/kbolx83469.tsv": Permission denied (EACCES)
[2015/11/04 11:40:07.608] (WARN) Network heartbeat check: 17 server(s) did not respond.
[2015/11/04 11:40:07.608] (INFO) Network heartbeat check: All OK.
[2015/11/04 11:40:07.608] (INFO) User "snl3941" logged out due to inactivity (timeout=30 minutes).
[2015/11/04 11:40:07.608] (INFO) User "amn4052" logged out due to inactivity (timeout=30 minutes).
[2015/11/04 11:40:07.608] (INFO) Backed up all server logs.
[2015/11/04 11:40:07.608] (INFO) User "yiv1747" logged in from 10.77.42.35.
[2015/11/04 11:40:07.608] (INFO) Your mother called. She says you never call her.
[2015/11/04 11:40:07.608] (INFO) User "lll9395" logged out.
[2015/11/04 11:40:07.608] (INFO) .evian ylbirret si emehcs otpyrc ym neht ,siht daer nac uoy fI
[2015/11/04 11:40:07.608] (INFO) User "isg2980" logged out due to inactivity (timeout=30 minutes).
[2015/11/04 11:40:07.608] (INFO) Checked file systems for errors: All filesystems OK.
[2015/11/04 11:40:07.608] (ERROR) Device 0x1b2a is offline
[2015/11/04 11:40:07.608] (INFO) User "lwt2723" logged out.
[2015/11/04 11:40:07.608] (INFO) Alien monitor (aliend): Detected no space aliens.
[2015/11/04 11:40:07.608] (INFO) Backed up all server logs.
[2015/11/04 11:40:08.107] (INFO) Alien monitor (aliend): Detected no space aliens.
[2015/11/04 11:40:08.107] (INFO) Checked file systems for errors: All filesystems OK.
[2015/11/04 11:40:08.107] (INFO) Your mother called. She says you never call her.
[2015/11/04 11:40:08.107] (INFO) User "zem6926" logged out due to inactivity (timeout=30 minutes).
[2015/11/04 11:40:08.107] (WARN) Ignoring SIGTERM. It's not that easy to get rid of me.
[2015/11/04 11:40:08.107] (INFO) Pinging watchdog timer process: Process is alive.
[2015/11/04 11:40:08.107] (INFO) Sending SIGTERM to 4 excess workers.
[2015/11/04 11:40:08.107] (ERROR) CPU temperature exceeds 50º Celsius. Shutting down.
[2015/11/04 11:40:08.107] (INFO) Sending SIGTERM to 2 excess workers.
[2015/11/04 11:40:08.107] (INFO) Pinging watchdog timer process: Process is alive.
[2015/11/04 11:40:08.107] (INFO) Pinging watchdog timer process: Process is alive.
[2015/11/04 11:40:08.107] (WARN) Watchdog timer crashed. Restarting it.
[2015/11/04 11:40:08.107] (INFO) Checked file systems for errors: All filesystems OK.
[2015/11/04 11:40:08.107] (INFO) Sending SIGTERM to 3 excess workers.
[2015/11/04 11:40:08.107] (ERROR) One of the flayrods has gone out askew on treadle.
[2015/11/04 11:40:08.107] (INFO) User "eju5014" logged in from 172.16.20.202.
[2015/11/04 11:40:08.107] (INFO) Flushed 38 buffers to disk.
[2015/11/04 11:40:08.107] (WARN) Watchdog timer crashed. Restarting it.
[2015/11/04 11:40:08.107] (INFO) Pinging watchdog timer process: Process is alive.
[2015/11/04 11:40:08.107] (WARN) There is no such thing as a free lunch.
[2015/11/04 11:40:08.107] (INFO) Your mother called. She says you never call her.
[2015/11/04 11:40:08.107] (INFO) Pinging watchdog timer process: Process is alive.
[2015/11/04 11:40:08.107] (INFO) Waiting for supervisor process (PID 10901) to die.
[2015/11/04 11:40:08.107] (INFO) Backed up all server logs.
[2015/11/04 11:40:08.107] (INFO) Flushed 82 buffers to disk.
[2015/11/04 11:40:08.107] (WARN) CPU temperature exceeds 40º Celsius.
[2015/11/04 11:40:08.107] (WARN) There is no such thing as a free lunch.
[2015/11/04 11:40:08.107] (WARN) Unable to ping monitor at 172.16.42.5. Retrying.
[2015/11/04 11:40:08.107] (INFO) Flushed 78 buffers to disk.
[2015/11/04 11:40:08.107] (INFO) Rolling 2 log file(s)...
[2015/11/04 11:40:08.107] (INFO) Network heartbeat check: All OK.
[2015/11/04 11:40:08.107] (INFO) Rolling 4 log file(s)...
[2015/11/04 11:40:08.107] (INFO) Checkpointing off-heap server memory...
[2015/11/04 11:40:08.107] (INFO) Supervisor has entered WAITING state.
[2015/11/04 11:40:08.107] (INFO) Sending SIGTERM to 4 excess workers.
[2015/11/04 11:40:08.107] (INFO) User "mtx7047" logged out due to inactivity (timeout=30 minutes).
[2015/11/04 11:40:08.107] (ERROR) Detected incoming DDoS from 10.19.116.126.
[2015/11/04 11:40:08.107] (INFO) User "xtf3764" logged out due to inactivity (timeout=30 minutes).
[2015/11/04 11:40:08.107] (INFO) Waiting for master process (PID 52608) to die.
[2015/11/04 11:40:08.107] (INFO) User "umy3295" logged out.
[2015/11/04 11:40:08.108] (INFO) .evian ylbirret si emehcs otpyrc ym neht ,siht daer nac uoy fI
[2015/11/04 11:40:08.108] (INFO) User "str5476" logged out due to inactivity (timeout=30 minutes).
[2015/11/04 11:40:08.108] (INFO) Device 0xde7f is online.
[2015/11/04 11:40:08.108] (WARN) Network heartbeat check: 9 server(s) did not respond.
[2015/11/04 11:40:08.108] (INFO) Network heartbeat check: All OK.
[2015/11/04 11:40:08.108] (INFO) Sending SIGTERM to 2 excess workers.
[2015/11/04 11:40:08.108] (WARN) Backup server 172.16.229.183 is offline.
[2015/11/04 11:40:08.108] (INFO) Rolling 6 log file(s)...
[2015/11/04 11:40:08.108] (ERROR) Blocked Little Bobby Tables attack (https://xkcd.com/327/) from 10.240.231.46.
[2015/11/04 11:40:08.108] (INFO) Device 0xd350 is online.
[2015/11/04 11:40:08.108] (INFO) Waiting for worker process (PID 44362) to die.
[2015/11/04 11:40:08.108] (INFO) User "ahx5843" logged out.
[2015/11/04 11:40:08.108] (INFO) Flushed 74 buffers to disk.
[2015/11/04 11:40:08.108] (INFO) User "yjj2529" logged in from 10.113.109.135.
[2015/11/04 11:40:08.108] (INFO) Network heartbeat check: All OK.
[2015/11/04 11:40:08.108] (ERROR) Detected incoming DDoS from 192.168.114.8.
[2015/11/04 11:40:08.108] (INFO) Backed up all server logs.
[2015/11/04 11:40:08.108] (WARN) There is no such thing as a free lunch.
[2015/11/04 11:40:08.108] (INFO) User "zmk9266" logged out due to inactivity (timeout=30 minutes).
[2015/11/04 11:40:08.108] (INFO) Flushed 54 buffers to disk.
[2015/11/04 11:40:08.108] (INFO) Pinging watchdog timer process: Process is alive.
[2015/11/04 11:40:08.108] (WARN) Unable to ping supervisor at 10.63.202.115. Retrying.
[2015/11/04 11:40:08.108] (INFO) Network heartbeat check: All OK.
[2015/11/04 11:40:08.108] (WARN) CPU temperature exceeds 40º Celsius.
[2015/11/04 11:40:08.108] (INFO) Sending SIGTERM to 2 excess workers.
[2015/11/04 11:40:08.108] (INFO) Checkpointing off-heap server memory...
[2015/11/04 11:40:08.108] (INFO) Sending SIGTERM to 4 excess workers.
[2015/11/04 11:40:08.108] (INFO) Rolling 6 log file(s)...
[2015/11/04 11:40:08.108] (INFO) Network heartbeat check: All OK.
[2015/11/04 11:40:08.108] (INFO) User "wdt1576" logged out.
[2015/11/04 11:40:08.108] (INFO) Backed up all server logs.
[2015/11/04 11:40:08.108] (INFO) Sending SIGTERM to 3 excess workers.
[2015/11/04 11:40:08.108] (INFO) User "vfc4597" logged out.
[2015/11/04 11:40:08.108] (INFO) User "wvb5806" logged out.
[2015/11/04 11:40:08.108] (INFO) Network heartbeat check: All OK.
[2015/11/04 11:40:08.108] (INFO) Device 0xf8db is online.
[2015/11/04 11:40:08.108] (INFO) Alien monitor (aliend): Detected no space aliens.
[2015/11/04 11:40:08.108] (INFO) Supervisor has entered RUNNING state.
[2015/11/04 11:40:08.108] (INFO) User "osb5402" logged out due to inactivity (timeout=30 minutes).
[2015/11/04 11:40:08.108] (INFO) Checked file systems for errors: All filesystems OK.
[2015/11/04 11:40:08.108] (INFO) Checkpointing off-heap server memory...
[2015/11/04 11:40:08.108] (INFO) Network heartbeat check: All OK.
[2015/11/04 11:40:08.108] (ERROR) Blocked Little Bobby Tables attack (https://xkcd.com/327/) from 10.89.239.82.
[2015/11/04 11:40:08.108] (WARN) Backup server 172.16.200.191 is offline.
[2015/11/04 11:40:08.108] (INFO) Waiting for worker process (PID 63365) to die.
[2015/11/04 11:40:08.108] (INFO) Rolling 8 log file(s)...
[2015/11/04 11:40:08.108] (INFO) .evian ylbirret si emehcs otpyrc ym neht ,siht daer nac uoy fI
[2015/11/04 11:40:08.108] (INFO) Device 0x8156 is online.
[2015/11/04 11:40:08.108] (INFO) Waiting for monitor process (PID 3470) to die.
[2015/11/04 11:40:08.108] (INFO) Supervisor has entered RESTARTING state.
[2015/11/04 11:40:08.108] (INFO) Your mother called. She says you never call her.
[2015/11/04 11:40:08.108] (INFO) User "hbo7118" logged in from 172.16.74.155.
[2015/11/04 11:40:08.108] (INFO) User "yhn6695" logged out.
[2015/11/04 11:40:08.108] (INFO) User "iqn1768" logged out due to inactivity (timeout=30 minutes).
[2015/11/04 11:40:08.108] (INFO) Backed up all server logs.
[2015/11/04 11:40:08.108] (WARN) Retrying server log checkpoint.
[2015/11/04 11:40:08.108] (WARN) CPU temperature exceeds 40º Celsius.
[2015/11/04 11:40:08.108] (INFO) Alien monitor (aliend): Detected no space aliens.
[2015/11/04 11:40:08.108] (INFO) Device 0x0ec0 is online.
[2015/11/04 11:40:08.108] (INFO) Your mother called. She says you never call her.
[2015/11/04 11:40:08.608] (INFO) Rolling 9 log file(s)...
[2015/11/04 11:40:08.608] (INFO) Backed up all server logs.
[2015/11/04 11:40:08.608] (INFO) User "jjj8208" logged in from 192.168.88.89.
[2015/11/04 11:40:08.608] (INFO) .evian ylbirret si emehcs otpyrc ym neht ,siht daer nac uoy fI
[2015/11/04 11:40:08.608] (INFO) Alien monitor (aliend): Detected no space aliens.
[2015/11/04 11:40:08.608] (INFO) User "dfo8113" logged in from 10.57.250.7.
[2015/11/04 11:40:08.608] (INFO) Backed up all server logs.
[2015/11/04 11:40:08.608] (INFO) Checked file systems for errors: All filesystems OK.
[2015/11/04 11:40:08.608] (INFO) Network heartbeat check: All OK.
[2015/11/04 11:40:08.608] (INFO) User "ydl9173" logged out due to inactivity (timeout=30 minutes).
[2015/11/04 11:40:08.608] (INFO) Your mother called. She says you never call her.
[2015/11/04 11:40:08.608] (ERROR) Connection to 172.16.94.150 terminated unexpectedly. Reconnecting.
[2015/11/04 11:40:08.608] (INFO) User "mdz2634" logged in from 192.168.159.142.
[2015/11/04 11:40:08.608] (INFO) Pinging watchdog timer process: Process is alive.
[2015/11/04 11:40:08.608] (INFO) Supervisor has entered RESTARTING state.
[2015/11/04 11:40:08.608] (INFO) Waiting for monitor process (PID 62299) to die.
[2015/11/04 11:40:08.608] (INFO) Your mother called. She says you never call her.
[2015/11/04 11:40:08.608] (INFO) Rolling 8 log file(s)...
[2015/11/04 11:40:08.608] (INFO) User "cxe4482" logged in from 10.16.206.55.
[2015/11/04 11:40:08.608] (INFO) Rolling 3 log file(s)...
[2015/11/04 11:40:08.608] (ERROR) Worker 4 died with SIGABRT. Restarting it.
[2015/11/04 11:40:08.608] (INFO) Your mother called. She says you never call her.
[2015/11/04 11:40:08.608] (ERROR) EFOODFAIL (Waiter, there's a fly in my soup).
[2015/11/04 11:40:08.608] (INFO) User "rwj2629" logged in from 192.168.194.181.
[2015/11/04 11:40:08.608] (INFO) Your mother called. She says you never call her.
[2015/11/04 11:40:08.608] (INFO) Waiting for worker process (PID 41493) to die.
[2015/11/04 11:40:08.608] (INFO) Your mother called. She says you never call her.
[2015/11/04 11:40:08.608] (INFO) User "qvk7343" logged out due to inactivity (timeout=30 minutes).
[2015/11/04 11:40:08.608] (INFO) Backed up all server logs.
[2015/11/04 11:40:08.608] (INFO) User "xnm6584" logged in from 192.168.103.233.
[2015/11/04 11:40:08.608] (INFO) Device 0xbf21 is online.
[2015/11/04 11:40:08.608] (INFO) Checkpointing off-heap server memory...
[2015/11/04 11:40:08.608] (INFO) Pinging watchdog timer process: Process is alive.
[2015/11/04 11:40:08.608] (WARN) Dropped 17,216 corrupt data packets.
[2015/11/04 11:40:08.608] (WARN) Unable to ping worker at 10.34.13.20. Retrying.
[2015/11/04 11:40:08.608] (INFO) .evian ylbirret si emehcs otpyrc ym neht ,siht daer nac uoy fI
[2015/11/04 11:40:08.608] (INFO) Network heartbeat check: All OK.
[2015/11/04 11:40:08.608] (INFO) Your mother called. She says you never call her.
[2015/11/04 11:40:08.608] (INFO) Waiting for master process (PID 9892) to die.
[2015/11/04 11:40:08.608] (INFO) Supervisor has entered RUNNING state.
[2015/11/04 11:40:08.608] (WARN) Network heartbeat check: 18 server(s) did not respond.
[2015/11/04 11:40:08.608] (INFO) Rolling 3 log file(s)...
[2015/11/04 11:40:08.608] (ERROR) "/var/data/QVHYS55237.tsv": Permission denied (EACCES)
[2015/11/04 11:40:08.608] (INFO) Supervisor has entered SUSPENDED state.
[2015/11/04 11:40:08.608] (INFO) User "fnu8670" logged in from 192.168.37.240.
[2015/11/04 11:40:08.608] (INFO) User "pyv1345" logged in from 172.16.56.251.
[2015/11/04 11:40:08.608] (INFO) Your mother called. She says you never call her.
[2015/11/04 11:40:08.608] (INFO) Sending SIGTERM to 2 excess workers.
[2015/11/04 11:40:08.608] (INFO) Your mother called. She says you never call her.
[2015/11/04 11:40:08.608] (INFO) User "gam9992" logged out.
[2015/11/04 11:40:08.608] (INFO) Device 0x2fcb is online.
[2015/11/04 11:40:08.608] (INFO) User "kod4054" logged in from 172.16.163.200.
[2015/11/04 11:40:08.608] (INFO) User "moo1579" logged out due to inactivity (timeout=30 minutes).
[2015/11/04 11:40:08.608] (INFO) Flushed 71 buffers to disk.
[2015/11/04 11:40:08.608] (ERROR) Unable to mount /dev/sde1. (Time to run fsck?)
[2015/11/04 11:40:08.608] (INFO) Checkpointing off-heap server memory...
[2015/11/04 11:40:08.608] (INFO) Checked file systems for errors: All filesystems OK.
[2015/11/04 11:40:08.608] (INFO) Pinging watchdog timer process: Process is alive.
[2015/11/04 11:40:08.608] (WARN) Retrying server log checkpoint.
[2015/11/04 11:40:08.608] (INFO) User "mec2762" logged out.
[2015/11/04 11:40:08.608] (INFO) Pinging watchdog timer process: Process is alive.
[2015/11/04 11:40:08.608] (INFO) User "qwx9581" logged out.
[2015/11/04 11:40:08.608] (INFO) Backed up all server logs.
[2015/11/04 11:40:08.608] (INFO) Your mother called. She says you never call her.
[2015/11/04 11:40:08.608] (INFO) Rolling 1 log file(s)...
[2015/11/04 11:40:08.608] (INFO) Device 0xb5ed is online.
[2015/11/04 11:40:08.608] (ERROR) "/var/data/iMeTF61558.tar.gz": No such file or directory (ENOENT)
[2015/11/04 11:40:08.608] (INFO) Network heartbeat check: All OK.
[2015/11/04 11:40:08.608] (INFO) Sending SIGTERM to 2 excess workers.
[2015/11/04 11:40:08.608] (INFO) Backed up all server logs.
[2015/11/04 11:40:08.608] (INFO) .evian ylbirret si emehcs otpyrc ym neht ,siht daer nac uoy fI
[2015/11/04 11:40:08.608] (INFO) Network heartbeat check: All OK.
[2015/11/04 11:40:08.608] (WARN) Dropped 8,176 corrupt data packets.
[2015/11/04 11:40:08.608] (INFO) User "ycz5609" logged in from 192.168.119.109.
[2015/11/04 11:40:08.608] (WARN) Retrying server log checkpoint.
[2015/11/04 11:40:08.608] (ERROR) Blocked SMTP traffic originating from 10.229.198.152.
[2015/11/04 11:40:08.608] (INFO) Alien monitor (aliend): Detected no space aliens.
[2015/11/04 11:40:08.608] (INFO) Network heartbeat check: All OK.
[2015/11/04 11:40:08.608] (INFO) Network heartbeat check: All OK.
[2015/11/04 11:40:08.608] (INFO) Supervisor has entered SUSPENDED state.
[2015/11/04 11:40:08.608] (INFO) Sending SIGTERM to 3 excess workers.
[2015/11/04 11:40:08.608] (WARN) Unable to ping monitor at 10.36.95.249. Retrying.
[2015/11/04 11:40:08.608] (INFO) Flushed 94 buffers to disk.
[2015/11/04 11:40:08.608] (INFO) Your mother called. She says you never call her.
[2015/11/04 11:40:08.608] (ERROR) Alien monitor (aliend): 2 space aliens are fiddling with the hardware!
[2015/11/04 11:40:08.608] (INFO) Waiting for monitor process (PID 34811) to die.
[2015/11/04 11:40:08.608] (INFO) Pinging watchdog timer process: Process is alive.
[2015/11/04 11:40:08.608] (INFO) Your mother called. She says you never call her.
[2015/11/04 11:40:08.608] (INFO) Backed up all server logs.
[2015/11/04 11:40:08.608] (ERROR) Connection to 172.16.4.215 terminated unexpectedly. Reconnecting.
[2015/11/04 11:40:08.608] (INFO) User "kih6198" logged out.
[2015/11/04 11:40:08.608] (ERROR) Failed to write checkpoint file "/var/checkpoint/kBakY89707: No space left on device (ENOSPC)
[2015/11/04 11:40:08.608] (INFO) Your mother called. She says you never call her.
[2015/11/04 11:40:08.608] (INFO) Rolling 7 log file(s)...
[2015/11/04 11:40:08.608] (INFO) Flushed 34 buffers to disk.
[2015/11/04 11:40:08.608] (ERROR) /dev/lp error: "PC LOAD LETTER"
[2015/11/04 11:40:08.608] (INFO) .evian ylbirret si emehcs otpyrc ym neht ,siht daer nac uoy fI
[2015/11/04 11:40:08.608] (INFO) Waiting for monitor process (PID 19906) to die.
[2015/11/04 11:40:08.608] (INFO) Waiting for monitor process (PID 44685) to die.
[2015/11/04 11:40:08.608] (INFO) Flushed 23 buffers to disk.
[2015/11/04 11:40:09.108] (INFO) Alien monitor (aliend): Detected no space aliens.
[2015/11/04 11:40:09.108] (INFO) Waiting for worker process (PID 13223) to die.
[2015/11/04 11:40:09.108] (INFO) Your mother called. She says you never call her.
[2015/11/04 11:40:09.108] (INFO) .evian ylbirret si emehcs otpyrc ym neht ,siht daer nac uoy fI
[2015/11/04 11:40:09.108] (ERROR) CPU temperature exceeds 50º Celsius. Shutting down.
[2015/11/04 11:40:09.108] (INFO) Waiting for supervisor process (PID 36936) to die.
[2015/11/04 11:40:09.108] (ERROR) Worker 8 died with SIGFPE. Restarting it.
[2015/11/04 11:40:09.108] (INFO) Backed up all server logs.
[2015/11/04 11:40:09.108] (INFO) Waiting for monitor process (PID 63205) to die.
[2015/11/04 11:40:09.108] (INFO) User "kze6930" logged out.
[2015/11/04 11:40:09.108] (INFO) Rolling 7 log file(s)...
[2015/11/04 11:40:09.108] (INFO) Checkpointing off-heap server memory...
[2015/11/04 11:40:09.108] (INFO) Your mother called. She says you never call her.
[2015/11/04 11:40:09.108] (WARN) Retrying server log checkpoint.
[2015/11/04 11:40:09.108] (INFO) Backed up all server logs.
[2015/11/04 11:40:09.108] (WARN) Dropped 929 corrupt data packets.
[2015/11/04 11:40:09.108] (INFO) Your mother called. She says you never call her.
[2015/11/04 11:40:09.108] (ERROR) Detected clock skew! Restarting NTP server.
[2015/11/04 11:40:09.108] (INFO) Backed up all server logs.
[2015/11/04 11:40:09.108] (INFO) Device 0x01ac is online.
[2015/11/04 11:40:09.108] (INFO) Checked file systems for errors: All filesystems OK.
[2015/11/04 11:40:09.108] (INFO) Flushed 28 buffers to disk.
[2015/11/04 11:40:09.108] (INFO) Sending SIGTERM to 3 excess workers.
[2015/11/04 11:40:09.108] (INFO) Alien monitor (aliend): Detected no space aliens.
[2015/11/04 11:40:09.108] (INFO) Device 0xeb77 is online.
[2015/11/04 11:40:09.108] (INFO) Supervisor has entered WAITING state.
[2015/11/04 11:40:09.108] (WARN) CPU temperature exceeds 40º Celsius.
[2015/11/04 11:40:09.108] (ERROR) Detected incoming DDoS from 10.96.24.130.
[2015/11/04 11:40:09.108] (INFO) Supervisor has entered WAITING state.
[2015/11/04 11:40:09.108] (INFO) Backed up all server logs.
[2015/11/04 11:40:09.108] (WARN) CPU temperature exceeds 40º Celsius.
[2015/11/04 11:40:09.108] (INFO) User "yov6314" logged out due to inactivity (timeout=30 minutes).
[2015/11/04 11:40:09.108] (INFO) User "jtw1581" logged out.
[2015/11/04 11:40:09.108] (INFO) Supervisor has entered WAITING state.
[2015/11/04 11:40:09.108] (INFO) User "sux8599" logged out due to inactivity (timeout=30 minutes).
[2015/11/04 11:40:09.108] (ERROR) Detected clock skew! Restarting NTP server.
[2015/11/04 11:40:09.108] (INFO) User "fog7778" logged out due to inactivity (timeout=30 minutes).
[2015/11/04 11:40:09.108] (WARN) Possible cyber-attack from The Cayman Islands.
[2015/11/04 11:40:09.108] (ERROR) User "gpr3821" failed to log in 3 times. Disabling account.
[2015/11/04 11:40:09.108] (INFO) Flushed 67 buffers to disk.
[2015/11/04 11:40:09.108] (INFO) Device 0xc107 is online.
[2015/11/04 11:40:09.108] (INFO) Waiting for supervisor process (PID 56838) to die.
[2015/11/04 11:40:09.108] (INFO) Backed up all server logs.
[2015/11/04 11:40:09.108] (INFO) Device 0x87f7 is online.
[2015/11/04 11:40:09.108] (INFO) Checked file systems for errors: All filesystems OK.
[2015/11/04 11:40:09.108] (INFO) Flushed 59 buffers to disk.
[2015/11/04 11:40:09.108] (INFO) Network heartbeat check: All OK.
[2015/11/04 11:40:09.108] (INFO) Sending SIGTERM to 2 excess workers.
[2015/11/04 11:40:09.108] (INFO) .evian ylbirret si emehcs otpyrc ym neht ,siht daer nac uoy fI
[2015/11/04 11:40:09.108] (WARN) Backup server 172.16.114.127 is offline.
[2015/11/04 11:40:09.108] (ERROR) Extra characters at end of line.
[2015/11/04 11:40:09.108] (INFO) Waiting for supervisor process (PID 41774) to die.
[2015/11/04 11:40:09.108] (INFO) Pinging watchdog timer process: Process is alive.
[2015/11/04 11:40:09.108] (ERROR) Unable to write to "/var/data/hGiYO97450.parquet": Permission denied (EACCES)
[2015/11/04 11:40:09.108] (INFO) User "nys7365" logged in from 10.173.15.236.
[2015/11/04 11:40:09.108] (INFO) Device 0x2616 is online.
[2015/11/04 11:40:09.108] (INFO) Checked file systems for errors: All filesystems OK.
[2015/11/04 11:40:09.108] (INFO) Checkpointing off-heap server memory...
[2015/11/04 11:40:09.108] (ERROR) Failed to open "/mnt/fileserver01/rVvsp65447.txt": NFS timeout.
[2015/11/04 11:40:09.108] (INFO) Your mother called. She says you never call her.
[2015/11/04 11:40:09.108] (INFO) Checked file systems for errors: All filesystems OK.
[2015/11/04 11:40:09.108] (INFO) User "eou5618" logged out.
[2015/11/04 11:40:09.108] (INFO) Supervisor has entered SUSPENDED state.
[2015/11/04 11:40:09.108] (ERROR) Unable to authenticate user "jyl9442": LDAP server isn't responding.
[2015/11/04 11:40:09.108] (ERROR) Directory index of "/var/data" is forbidden.
[2015/11/04 11:40:09.108] (WARN) Retrying server log checkpoint.
[2015/11/04 11:40:09.108] (INFO) Backed up all server logs.
[2015/11/04 11:40:09.108] (INFO) Flushed 78 buffers to disk.
[2015/11/04 11:40:09.108] (INFO) Sending SIGTERM to 4 excess workers.
[2015/11/04 11:40:09.108] (INFO) Alien monitor (aliend): Detected no space aliens.
[2015/11/04 11:40:09.108] (INFO) User "ppz2548" logged in from 10.231.45.243.
[2015/11/04 11:40:09.108] (INFO) Supervisor has entered WAITING state.
[2015/11/04 11:40:09.108] (INFO) .evian ylbirret si emehcs otpyrc ym neht ,siht daer nac uoy fI
[2015/11/04 11:40:09.108] (INFO) Alien monitor (aliend): Detected no space aliens.
[2015/11/04 11:40:09.108] (INFO) Rolling 4 log file(s)...
[2015/11/04 11:40:09.108] (ERROR) Detected clock skew! Restarting NTP server.
[2015/11/04 11:40:09.108] (INFO) Sending SIGTERM to 2 excess workers.
[2015/11/04 11:40:09.108] (WARN) There is no such thing as a free lunch.
[2015/11/04 11:40:09.108] (WARN) CPU temperature exceeds 40º Celsius.
[2015/11/04 11:40:09.108] (INFO) Device 0x7006 is online.
[2015/11/04 11:40:09.108] (ERROR) Unable to write to "/var/data/BBPFN90872.tar.gz": Permission denied (EACCES)
[2015/11/04 11:40:09.108] (ERROR) User "nzx8462" failed to log in 3 times. Disabling account.
[2015/11/04 11:40:09.108] (INFO) User "qjm1715" logged in from 192.168.38.127.
[2015/11/04 11:40:09.108] (ERROR) CPU temperature exceeds 50º Celsius. Shutting down.
[2015/11/04 11:40:09.108] (INFO) Checkpointing off-heap server memory...
[2015/11/04 11:40:09.108] (INFO) Waiting for worker process (PID 23037) to die.
[2015/11/04 11:40:09.108] (ERROR) "/var/data/PPEUt53227.tsv": Permission denied (EACCES)
[2015/11/04 11:40:09.108] (INFO) Backed up all server logs.
[2015/11/04 11:40:09.108] (INFO) .evian ylbirret si emehcs otpyrc ym neht ,siht daer nac uoy fI
[2015/11/04 11:40:09.108] (ERROR) Blocked nmap traffic originating from 172.16.249.14.
[2015/11/04 11:40:09.108] (INFO) Alien monitor (aliend): Detected no space aliens.
[2015/11/04 11:40:09.108] (INFO) Alien monitor (aliend): Detected no space aliens.
[2015/11/04 11:40:09.108] (INFO) .evian ylbirret si emehcs otpyrc ym neht ,siht daer nac uoy fI
[2015/11/04 11:40:09.108] (INFO) User "xvo4939" logged in from 172.16.31.11.
[2015/11/04 11:40:09.108] (ERROR) EFOODFAIL (Waiter, there's a fly in my soup).
[2015/11/04 11:40:09.108] (INFO) Supervisor has entered RESTARTING state.
[2015/11/04 11:40:09.108] (ERROR) Network heartbeat check FAILED: Master host down?
[2015/11/04 11:40:09.108] (INFO) Supervisor has entered SUSPENDED state.
[2015/11/04 11:40:09.108] (INFO) User "ftz1689" logged out.
[2015/11/04 11:40:09.108] (INFO) Pinging watchdog timer process: Process is alive.
[2015/11/04 11:40:09.607] (INFO) Alien monitor (aliend): Detected no space aliens.
[2015/11/04 11:40:09.607] (ERROR) Network heartbeat check FAILED: Master host down?
[2015/11/04 11:40:09.607] (INFO) Flushed 45 buffers to disk.
[2015/11/04 11:40:09.607] (WARN) Possible cyber-attack from Mars.
[2015/11/04 11:40:09.607] (INFO) User "xrx8732" logged out due to inactivity (timeout=30 minutes).
[2015/11/04 11:40:09.607] (WARN) There is no such thing as a free lunch.
[2015/11/04 11:40:09.607] (INFO) Rolling 5 log file(s)...
[2015/11/04 11:40:09.607] (INFO) Flushed 38 buffers to disk.
[2015/11/04 11:40:09.607] (ERROR) EFOODFAIL (Waiter, there's a fly in my soup).
[2015/11/04 11:40:09.607] (INFO) Checkpointing off-heap server memory...
[2015/11/04 11:40:09.607] (INFO) Flushed 76 buffers to disk.
[2015/11/04 11:40:09.607] (INFO) Checkpointing off-heap server memory...
[2015/11/04 11:40:09.607] (INFO) .evian ylbirret si emehcs otpyrc ym neht ,siht daer nac uoy fI
[2015/11/04 11:40:09.607] (INFO) Flushed 92 buffers to disk.
[2015/11/04 11:40:09.607] (INFO) Checkpointing off-heap server memory...
[2015/11/04 11:40:09.607] (INFO) .evian ylbirret si emehcs otpyrc ym neht ,siht daer nac uoy fI
[2015/11/04 11:40:09.607] (INFO) Alien monitor (aliend): Detected no space aliens.
[2015/11/04 11:40:09.607] (INFO) Checkpointing off-heap server memory...
[2015/11/04 11:40:09.607] (INFO) Backed up all server logs.
[2015/11/04 11:40:09.607] (INFO) Device 0x0400 is online.
[2015/11/04 11:40:09.607] (INFO) User "nnp9285" logged out.
[2015/11/04 11:40:09.607] (WARN) Master took 844 ms to respond (threshold=500 ms)
[2015/11/04 11:40:09.607] (ERROR) Failed to open "/mnt/fileserver02/eZHdr58884.tsv": NFS timeout.
[2015/11/04 11:40:09.607] (INFO) Waiting for worker process (PID 41711) to die.
[2015/11/04 11:40:09.607] (INFO) Alien monitor (aliend): Detected no space aliens.
[2015/11/04 11:40:09.607] (INFO) Backed up all server logs.
[2015/11/04 11:40:09.607] (INFO) Checked file systems for errors: All filesystems OK.
[2015/11/04 11:40:09.607] (INFO) User "yne5658" logged out due to inactivity (timeout=30 minutes).
[2015/11/04 11:40:09.607] (INFO) Pinging watchdog timer process: Process is alive.
[2015/11/04 11:40:09.607] (ERROR) Server log backup FAILED. See backup logs.
[2015/11/04 11:40:09.607] (INFO) Alien monitor (aliend): Detected no space aliens.
[2015/11/04 11:40:09.607] (INFO) User "tek4249" logged in from 172.16.220.58.
[2015/11/04 11:40:09.607] (INFO) Rolling 9 log file(s)...
[2015/11/04 11:40:09.607] (INFO) Flushed 38 buffers to disk.
[2015/11/04 11:40:09.607] (INFO) Waiting for worker process (PID 5895) to die.
[2015/11/04 11:40:09.607] (INFO) Device 0x33a8 is online.
[2015/11/04 11:40:09.607] (INFO) User "rsn5829" logged out due to inactivity (timeout=30 minutes).
[2015/11/04 11:40:09.607] (INFO) Sending SIGTERM to 4 excess workers.
[2015/11/04 11:40:09.607] (ERROR) Server log backup FAILED. See backup logs.
[2015/11/04 11:40:09.607] (ERROR) Failed to write checkpoint file "/var/checkpoint/IjtGy89154: No space left on device (ENOSPC)
[2015/11/04 11:40:09.607] (INFO) Supervisor has entered RUNNING state.
[2015/11/04 11:40:09.607] (INFO) Backed up all server logs.
[2015/11/04 11:40:09.607] (INFO) Checked file systems for errors: All filesystems OK.
[2015/11/04 11:40:09.607] (INFO) Flushed 96 buffers to disk.
[2015/11/04 11:40:09.607] (INFO) User "yqf8496" logged out.
[2015/11/04 11:40:09.607] (INFO) Alien monitor (aliend): Detected no space aliens.
[2015/11/04 11:40:09.607] (ERROR) Network heartbeat check FAILED: Master host down?
[2015/11/04 11:40:09.607] (INFO) Rolling 1 log file(s)...
[2015/11/04 11:40:09.607] (INFO) User "kda1603" logged out.
[2015/11/04 11:40:09.607] (INFO) .evian ylbirret si emehcs otpyrc ym neht ,siht daer nac uoy fI
[2015/11/04 11:40:09.607] (INFO) Device 0x33a7 is online.
[2015/11/04 11:40:09.607] (INFO) Backed up all server logs.
[2015/11/04 11:40:09.607] (INFO) Device 0x16b7 is online.
[2015/11/04 11:40:09.607] (INFO) Checked file systems for errors: All filesystems OK.
[2015/11/04 11:40:09.607] (INFO) Rolling 1 log file(s)...
[2015/11/04 11:40:09.607] (INFO) Device 0x0b04 is online.
[2015/11/04 11:40:09.607] (INFO) Waiting for master process (PID 8892) to die.
[2015/11/04 11:40:09.607] (INFO) Flushed 73 buffers to disk.
[2015/11/04 11:40:09.607] (INFO) Checkpointing off-heap server memory...
[2015/11/04 11:40:09.607] (INFO) User "zwa8130" logged in from 10.147.98.219.
[2015/11/04 11:40:09.607] (INFO) Supervisor has entered SUSPENDED state.
[2015/11/04 11:40:09.607] (ERROR) Worker 2 died with SIGPOLL. Restarting it.
[2015/11/04 11:40:09.607] (INFO) .evian ylbirret si emehcs otpyrc ym neht ,siht daer nac uoy fI
[2015/11/04 11:40:09.607] (ERROR) Network heartbeat check FAILED: Master host down?
[2015/11/04 11:40:09.607] (INFO) Backed up all server logs.
[2015/11/04 11:40:09.607] (INFO) User "dla7880" logged out due to inactivity (timeout=30 minutes).
[2015/11/04 11:40:09.607] (INFO) Sending SIGTERM to 2 excess workers.
[2015/11/04 11:40:09.607] (WARN) Unable to ping monitor at 10.102.198.203. Retrying.
[2015/11/04 11:40:09.607] (INFO) Checkpointing off-heap server memory...
[2015/11/04 11:40:09.607] (ERROR) Network heartbeat check FAILED: Master host down?
[2015/11/04 11:40:09.607] (INFO) Your mother called. She says you never call her.
[2015/11/04 11:40:09.607] (INFO) Rolling 3 log file(s)...
[2015/11/04 11:40:09.607] (INFO) Alien monitor (aliend): Detected no space aliens.
[2015/11/04 11:40:09.607] (INFO) Checked file systems for errors: All filesystems OK.
[2015/11/04 11:40:09.607] (INFO) Rolling 9 log file(s)...
[2015/11/04 11:40:09.607] (INFO) Alien monitor (aliend): Detected no space aliens.
[2015/11/04 11:40:09.607] (WARN) Network heartbeat check: 19 server(s) did not respond.
[2015/11/04 11:40:09.607] (INFO) User "wgl9499" logged in from 172.16.70.86.
[2015/11/04 11:40:09.607] (INFO) Waiting for worker process (PID 5476) to die.
[2015/11/04 11:40:09.607] (INFO) Sending SIGTERM to 4 excess workers.
[2015/11/04 11:40:09.607] (WARN) Watchdog timer crashed. Restarting it.
[2015/11/04 11:40:09.607] (INFO) Pinging watchdog timer process: Process is alive.
[2015/11/04 11:40:09.607] (INFO) Supervisor has entered SUSPENDED state.
[2015/11/04 11:40:09.607] (INFO) Waiting for supervisor process (PID 55606) to die.
[2015/11/04 11:40:09.607] (INFO) Checked file systems for errors: All filesystems OK.
[2015/11/04 11:40:09.607] (WARN) Master took 966 ms to respond (threshold=500 ms)
[2015/11/04 11:40:09.607] (INFO) Supervisor has entered WAITING state.
[2015/11/04 11:40:09.607] (INFO) User "bjs5488" logged in from 10.204.50.32.
[2015/11/04 11:40:09.607] (WARN) Dropped 11,880 corrupt data packets.
[2015/11/04 11:40:09.607] (INFO) Device 0xa345 is online.
[2015/11/04 11:40:09.607] (INFO) Sending SIGTERM to 2 excess workers.
[2015/11/04 11:40:09.607] (INFO) Device 0x19ca is online.
[2015/11/04 11:40:09.607] (INFO) Your mother called. She says you never call her.
[2015/11/04 11:40:09.607] (WARN) Network heartbeat check: 8 server(s) did not respond.
[2015/11/04 11:40:09.607] (INFO) Device 0x256d is online.
[2015/11/04 11:40:09.607] (INFO) Checkpointing off-heap server memory...
[2015/11/04 11:40:09.607] (INFO) Waiting for worker process (PID 2573) to die.
[2015/11/04 11:40:09.607] (WARN) There is no such thing as a free lunch.
[2015/11/04 11:40:09.607] (INFO) Rolling 6 log file(s)...
[2015/11/04 11:40:09.607] (WARN) Network heartbeat check: 2 server(s) did not respond.
[2015/11/04 11:40:10.107] (INFO) Checkpointing off-heap server memory...
[2015/11/04 11:40:10.107] (INFO) Rolling 5 log file(s)...
[2015/11/04 11:40:10.107] (WARN) There is no such thing as a free lunch.
[2015/11/04 11:40:10.107] (WARN) Master took 577 ms to respond (threshold=500 ms)
[2015/11/04 11:40:10.107] (INFO) Your mother called. She says you never call her.
[2015/11/04 11:40:10.107] (INFO) Pinging watchdog timer process: Process is alive.
[2015/11/04 11:40:10.107] (WARN) Dropped 6,741 corrupt data packets.
[2015/11/04 11:40:10.107] (INFO) Alien monitor (aliend): Detected no space aliens.
[2015/11/04 11:40:10.107] (INFO) User "bte9845" logged out due to inactivity (timeout=30 minutes).
[2015/11/04 11:40:10.107] (INFO) Waiting for master process (PID 11055) to die.
[2015/11/04 11:40:10.107] (INFO) Rolling 1 log file(s)...
[2015/11/04 11:40:10.107] (ERROR) One of the flayrods has gone out askew on treadle.
[2015/11/04 11:40:10.107] (INFO) Sending SIGTERM to 2 excess workers.
[2015/11/04 11:40:10.107] (INFO) Supervisor has entered SUSPENDED state.
[2015/11/04 11:40:10.107] (INFO) Waiting for master process (PID 61943) to die.
[2015/11/04 11:40:10.107] (ERROR) Detected incoming DDoS from 172.16.0.6.
[2015/11/04 11:40:10.107] (INFO) Rolling 1 log file(s)...
[2015/11/04 11:40:10.107] (INFO) Alien monitor (aliend): Detected no space aliens.
[2015/11/04 11:40:10.107] (INFO) Checked file systems for errors: All filesystems OK.
[2015/11/04 11:40:10.107] (INFO) Pinging watchdog timer process: Process is alive.
[2015/11/04 11:40:10.107] (ERROR) "/var/data/WZeZV55082.tar.gz": Permission denied (EACCES)
[2015/11/04 11:40:10.107] (INFO) Rolling 8 log file(s)...
[2015/11/04 11:40:10.107] (WARN) CPU temperature exceeds 40º Celsius.
[2015/11/04 11:40:10.107] (INFO) User "npm8067" logged out due to inactivity (timeout=30 minutes).
[2015/11/04 11:40:10.107] (INFO) Your mother called. She says you never call her.
[2015/11/04 11:40:10.107] (INFO) Alien monitor (aliend): Detected no space aliens.
[2015/11/04 11:40:10.107] (ERROR) Alien monitor (aliend): 4 space aliens are fiddling with the hardware!
[2015/11/04 11:40:10.107] (INFO) User "mgj6056" logged out due to inactivity (timeout=30 minutes).
[2015/11/04 11:40:10.107] (INFO) User "zjm2974" logged out due to inactivity (timeout=30 minutes).
[2015/11/04 11:40:10.107] (INFO) Pinging watchdog timer process: Process is alive.
[2015/11/04 11:40:10.107] (ERROR) Blocked SMTP traffic originating from 192.168.112.190.
[2015/11/04 11:40:10.107] (INFO) Your mother called. She says you never call her.
[2015/11/04 11:40:10.107] (INFO) .evian ylbirret si emehcs otpyrc ym neht ,siht daer nac uoy fI
[2015/11/04 11:40:10.107] (WARN) Watchdog timer crashed. Restarting it.
[2015/11/04 11:40:10.107] (INFO) Your mother called. She says you never call her.
[2015/11/04 11:40:10.107] (INFO) Device 0xc55a is online.
[2015/11/04 11:40:10.107] (INFO) User "xch3910" logged out due to inactivity (timeout=30 minutes).
[2015/11/04 11:40:10.107] (INFO) Your mother called. She says you never call her.
[2015/11/04 11:40:10.107] (INFO) Sending SIGTERM to 4 excess workers.
[2015/11/04 11:40:10.107] (ERROR) "/var/data/teGOb60171.xslx": Permission denied (EACCES)
[2015/11/04 11:40:10.107] (INFO) Device 0xfda9 is online.
[2015/11/04 11:40:10.107] (INFO) Your mother called. She says you never call her.
[2015/11/04 11:40:10.107] (INFO) Checked file systems for errors: All filesystems OK.
[2015/11/04 11:40:10.107] (INFO) User "mty4177" logged in from 10.219.128.123.
[2015/11/04 11:40:10.107] (INFO) User "fec3878" logged in from 172.16.196.16.
[2015/11/04 11:40:10.107] (WARN) Dropped 5,779 corrupt data packets.
[2015/11/04 11:40:10.107] (INFO) Alien monitor (aliend): Detected no space aliens.
[2015/11/04 11:40:10.107] (INFO) User "yic8412" logged out.
[2015/11/04 11:40:10.107] (INFO) Checked file systems for errors: All filesystems OK.
[2015/11/04 11:40:10.107] (INFO) User "tii9479" logged out due to inactivity (timeout=30 minutes).
[2015/11/04 11:40:10.107] (WARN) Ignoring SIGTERM. It's not that easy to get rid of me.
[2015/11/04 11:40:10.107] (INFO) Network heartbeat check: All OK.
[2015/11/04 11:40:10.107] (ERROR) "/var/data/thfLc91923.tsv": Permission denied (EACCES)
[2015/11/04 11:40:10.107] (INFO) Sending SIGTERM to 4 excess workers.
[2015/11/04 11:40:10.107] (INFO) Flushed 56 buffers to disk.
[2015/11/04 11:40:10.107] (INFO) Supervisor has entered SUSPENDED state.
[2015/11/04 11:40:10.107] (INFO) Flushed 58 buffers to disk.
[2015/11/04 11:40:10.107] (INFO) Your mother called. She says you never call her.
[2015/11/04 11:40:10.107] (INFO) User "ptw8383" logged out.
[2015/11/04 11:40:10.107] (INFO) Pinging watchdog timer process: Process is alive.
[2015/11/04 11:40:10.107] (WARN) Space on disk /dev/sdf3 is low: Only 292 MB available.
[2015/11/04 11:40:10.107] (INFO) Backed up all server logs.
[2015/11/04 11:40:10.107] (INFO) Pinging watchdog timer process: Process is alive.
[2015/11/04 11:40:10.107] (WARN) Network heartbeat check: 19 server(s) did not respond.
[2015/11/04 11:40:10.107] (INFO) Checkpointing off-heap server memory...
[2015/11/04 11:40:10.107] (ERROR) Unable to write to "/var/data/owJBW54363.xml": Permission denied (EACCES)
[2015/11/04 11:40:10.107] (INFO) User "idp4491" logged in from 172.16.154.197.
[2015/11/04 11:40:10.107] (WARN) Possible cyber-attack from China.
[2015/11/04 11:40:10.107] (INFO) Your mother called. She says you never call her.
[2015/11/04 11:40:10.107] (WARN) Ignoring SIGTERM. It's not that easy to get rid of me.
[2015/11/04 11:40:10.107] (INFO) Pinging watchdog timer process: Process is alive.
[2015/11/04 11:40:10.107] (INFO) Waiting for monitor process (PID 40844) to die.
[2015/11/04 11:40:10.107] (INFO) Rolling 4 log file(s)...
[2015/11/04 11:40:10.107] (ERROR) CPU temperature exceeds 50º Celsius. Shutting down.
[2015/11/04 11:40:10.107] (INFO) .evian ylbirret si emehcs otpyrc ym neht ,siht daer nac uoy fI
[2015/11/04 11:40:10.107] (INFO) Device 0xd4ae is online.
[2015/11/04 11:40:10.107] (ERROR) Unable to authenticate user "icw1675": LDAP server isn't responding.
[2015/11/04 11:40:10.107] (WARN) Ignoring SIGTERM. It's not that easy to get rid of me.
[2015/11/04 11:40:10.107] (INFO) Supervisor has entered SUSPENDED state.
[2015/11/04 11:40:10.107] (INFO) Pinging watchdog timer process: Process is alive.
[2015/11/04 11:40:10.107] (ERROR) Alien monitor (aliend): 4 space aliens are fiddling with the hardware!
[2015/11/04 11:40:10.107] (INFO) Network heartbeat check: All OK.
[2015/11/04 11:40:10.107] (INFO) Network heartbeat check: All OK.
[2015/11/04 11:40:10.107] (INFO) User "duw2628" logged out due to inactivity (timeout=30 minutes).
[2015/11/04 11:40:10.107] (INFO) Sending SIGTERM to 2 excess workers.
[2015/11/04 11:40:10.107] (INFO) User "lop5407" logged in from 10.185.216.169.
[2015/11/04 11:40:10.107] (INFO) Pinging watchdog timer process: Process is alive.
[2015/11/04 11:40:10.107] (INFO) Network heartbeat check: All OK.
[2015/11/04 11:40:10.107] (ERROR) Unable to mount /dev/sdc4. (Time to run fsck?)
[2015/11/04 11:40:10.107] (INFO) Waiting for monitor process (PID 11209) to die.
[2015/11/04 11:40:10.107] (INFO) Checked file systems for errors: All filesystems OK.
[2015/11/04 11:40:10.107] (INFO) .evian ylbirret si emehcs otpyrc ym neht ,siht daer nac uoy fI
[2015/11/04 11:40:10.107] (INFO) Sending SIGTERM to 3 excess workers.
[2015/11/04 11:40:10.107] (INFO) User "gmp1256" logged in from 10.70.145.57.
[2015/11/04 11:40:10.107] (INFO) Waiting for worker process (PID 29353) to die.
[2015/11/04 11:40:10.107] (INFO) Waiting for master process (PID 3798) to die.
[2015/11/04 11:40:10.107] (INFO) Checked file systems for errors: All filesystems OK.
[2015/11/04 11:40:10.107] (INFO) User "guf7211" logged out.
[2015/11/04 11:40:10.107] (INFO) User "mfu4541" logged out due to inactivity (timeout=30 minutes).
[2015/11/04 11:40:10.107] (INFO) User "otd5886" logged out.
[2015/11/04 11:40:10.607] (INFO) User "vqf6375" logged in from 172.16.233.188.
[2015/11/04 11:40:10.607] (INFO) Checked file systems for errors: All filesystems OK.
[2015/11/04 11:40:10.607] (WARN) Retrying server log checkpoint.
[2015/11/04 11:40:10.607] (WARN) There is no such thing as a free lunch.
[2015/11/04 11:40:10.607] (INFO) User "siq7903" logged out due to inactivity (timeout=30 minutes).
[2015/11/04 11:40:10.607] (INFO) User "kjm4809" logged out.
[2015/11/04 11:40:10.607] (WARN) Possible cyber-attack from Nebraska.
[2015/11/04 11:40:10.607] (WARN) Dropped 9,756 corrupt data packets.
[2015/11/04 11:40:10.607] (INFO) Checkpointing off-heap server memory...
[2015/11/04 11:40:10.607] (ERROR) "/var/data/DpRUo88516.txt": No such file or directory (ENOENT)
[2015/11/04 11:40:10.607] (WARN) Dropped 7,906 corrupt data packets.
[2015/11/04 11:40:10.607] (INFO) Sending SIGTERM to 3 excess workers.
[2015/11/04 11:40:10.607] (INFO) User "pfc4237" logged out due to inactivity (timeout=30 minutes).
[2015/11/04 11:40:10.607] (INFO) Waiting for supervisor process (PID 15504) to die.
[2015/11/04 11:40:10.607] (INFO) Rolling 9 log file(s)...
[2015/11/04 11:40:10.607] (WARN) Unable to ping master at 10.85.106.215. Retrying.
[2015/11/04 11:40:10.607] (INFO) Network heartbeat check: All OK.
[2015/11/04 11:40:10.607] (INFO) Network heartbeat check: All OK.
[2015/11/04 11:40:10.607] (INFO) User "rrt4459" logged out.
[2015/11/04 11:40:10.607] (WARN) Backup server 10.218.184.150 is offline.
[2015/11/04 11:40:10.607] (INFO) Backed up all server logs.
[2015/11/04 11:40:10.607] (INFO) Network heartbeat check: All OK.
[2015/11/04 11:40:10.607] (INFO) Waiting for worker process (PID 53613) to die.
[2015/11/04 11:40:10.607] (INFO) Checked file systems for errors: All filesystems OK.
[2015/11/04 11:40:10.607] (INFO) .evian ylbirret si emehcs otpyrc ym neht ,siht daer nac uoy fI
[2015/11/04 11:40:10.607] (INFO) Pinging watchdog timer process: Process is alive.
[2015/11/04 11:40:10.607] (ERROR) User "yar7998" failed to log in 3 times. Disabling account.
[2015/11/04 11:40:10.607] (INFO) User "zcz9646" logged in from 10.35.26.89.
[2015/11/04 11:40:10.607] (INFO) User "nra8247" logged in from 10.230.143.226.
[2015/11/04 11:40:10.607] (INFO) User "unv2620" logged out due to inactivity (timeout=30 minutes).
[2015/11/04 11:40:10.607] (INFO) Alien monitor (aliend): Detected no space aliens.
[2015/11/04 11:40:10.607] (INFO) Network heartbeat check: All OK.
[2015/11/04 11:40:10.607] (INFO) .evian ylbirret si emehcs otpyrc ym neht ,siht daer nac uoy fI
[2015/11/04 11:40:10.607] (INFO) User "tlm4790" logged out.
[2015/11/04 11:40:10.607] (ERROR) Server log backup FAILED. See backup logs.
[2015/11/04 11:40:10.607] (INFO) Sending SIGTERM to 4 excess workers.
[2015/11/04 11:40:10.607] (WARN) Watchdog timer crashed. Restarting it.
[2015/11/04 11:40:10.607] (INFO) Waiting for monitor process (PID 28038) to die.
[2015/11/04 11:40:10.607] (INFO) Checked file systems for errors: All filesystems OK.
[2015/11/04 11:40:10.607] (INFO) Checked file systems for errors: All filesystems OK.
[2015/11/04 11:40:10.607] (INFO) Rolling 3 log file(s)...
[2015/11/04 11:40:10.607] (INFO) User "zdx5758" logged out.
[2015/11/04 11:40:10.607] (INFO) Supervisor has entered WAITING state.
[2015/11/04 11:40:10.607] (INFO) Rolling 4 log file(s)...
[2015/11/04 11:40:10.607] (INFO) Alien monitor (aliend): Detected no space aliens.
[2015/11/04 11:40:10.607] (INFO) Checkpointing off-heap server memory...
[2015/11/04 11:40:10.607] (INFO) Pinging watchdog timer process: Process is alive.
[2015/11/04 11:40:10.607] (INFO) Waiting for master process (PID 37199) to die.
[2015/11/04 11:40:10.607] (INFO) User "fhc5224" logged in from 172.16.159.212.
[2015/11/04 11:40:10.607] (ERROR) Unable to mount /dev/sdc1. (Time to run fsck?)
[2015/11/04 11:40:10.607] (INFO) User "kmx4059" logged in from 10.58.45.159.
[2015/11/04 11:40:10.607] (INFO) Device 0x54f4 is online.
[2015/11/04 11:40:10.607] (ERROR) Directory index of "/var/data" is forbidden.
[2015/11/04 11:40:10.607] (INFO) Alien monitor (aliend): Detected no space aliens.
[2015/11/04 11:40:10.607] (INFO) Waiting for supervisor process (PID 48915) to die.
[2015/11/04 11:40:10.607] (INFO) Pinging watchdog timer process: Process is alive.
[2015/11/04 11:40:10.607] (ERROR) Failed to write checkpoint file "/var/checkpoint/WuAwQ81071: No space left on device (ENOSPC)
[2015/11/04 11:40:10.607] (INFO) Sending SIGTERM to 2 excess workers.
[2015/11/04 11:40:10.607] (INFO) User "ujk7920" logged in from 172.16.46.5.
[2015/11/04 11:40:10.607] (INFO) Your mother called. She says you never call her.
[2015/11/04 11:40:10.607] (WARN) Unable to ping supervisor at 10.36.89.66. Retrying.
[2015/11/04 11:40:10.607] (ERROR) Device 0x8cda is offline
[2015/11/04 11:40:10.607] (INFO) Rolling 8 log file(s)...
[2015/11/04 11:40:10.607] (WARN) Watchdog timer crashed. Restarting it.
[2015/11/04 11:40:10.607] (INFO) Supervisor has entered WAITING state.
[2015/11/04 11:40:10.607] (INFO) Flushed 33 buffers to disk.
[2015/11/04 11:40:10.607] (INFO) Checkpointing off-heap server memory...
[2015/11/04 11:40:10.607] (INFO) Checkpointing off-heap server memory...
[2015/11/04 11:40:10.607] (INFO) Your mother called. She says you never call her.
[2015/11/04 11:40:10.607] (INFO) Alien monitor (aliend): Detected no space aliens.
[2015/11/04 11:40:10.607] (INFO) .evian ylbirret si emehcs otpyrc ym neht ,siht daer nac uoy fI
[2015/11/04 11:40:10.607] (INFO) Waiting for monitor process (PID 22335) to die.
[2015/11/04 11:40:10.607] (INFO) Network heartbeat check: All OK.
[2015/11/04 11:40:10.607] (INFO) Device 0x7f71 is online.
[2015/11/04 11:40:10.607] (INFO) Sending SIGTERM to 3 excess workers.
[2015/11/04 11:40:10.607] (WARN) Retrying server log checkpoint.
[2015/11/04 11:40:10.607] (INFO) Pinging watchdog timer process: Process is alive.
[2015/11/04 11:40:10.607] (INFO) User "yqv3101" logged out.
[2015/11/04 11:40:10.607] (ERROR) User "zgo2141" failed to log in 3 times. Disabling account.
[2015/11/04 11:40:10.607] (INFO) Sending SIGTERM to 4 excess workers.
[2015/11/04 11:40:10.607] (INFO) User "bde2136" logged in from 10.212.21.205.
[2015/11/04 11:40:10.607] (ERROR) "/var/data/uzbSk75411.txt": Permission denied (EACCES)
[2015/11/04 11:40:10.607] (INFO) Rolling 6 log file(s)...
[2015/11/04 11:40:10.607] (INFO) User "ozq7228" logged out due to inactivity (timeout=30 minutes).
[2015/11/04 11:40:10.607] (INFO) Sending SIGTERM to 4 excess workers.
[2015/11/04 11:40:10.607] (INFO) Checkpointing off-heap server memory...
[2015/11/04 11:40:10.607] (ERROR) Server log backup FAILED. See backup logs.
[2015/11/04 11:40:10.607] (INFO) Backed up all server logs.
[2015/11/04 11:40:10.607] (INFO) Network heartbeat check: All OK.
[2015/11/04 11:40:10.607] (INFO) Rolling 2 log file(s)...
[2015/11/04 11:40:10.607] (INFO) User "oks9547" logged out.
[2015/11/04 11:40:10.607] (INFO) User "apf5779" logged out due to inactivity (timeout=30 minutes).
[2015/11/04 11:40:10.607] (INFO) Sending SIGTERM to 3 excess workers.
[2015/11/04 11:40:10.607] (INFO) User "gbo6053" logged in from 10.184.31.104.
[2015/11/04 11:40:10.607] (INFO) Checked file systems for errors: All filesystems OK.
[2015/11/04 11:40:10.607] (INFO) Network heartbeat check: All OK.
[2015/11/04 11:40:10.607] (ERROR) Unable to write to "/var/data/XVMzC71622.zip": Permission denied (EACCES)
[2015/11/04 11:40:10.607] (ERROR) User "lis9698" failed to log in 3 times. Disabling account.
[2015/11/04 11:40:10.607] (INFO) Supervisor has entered SUSPENDED state.
[2015/11/04 11:40:10.607] (INFO) Alien monitor (aliend): Detected no space aliens.
[2015/11/04 11:40:11.107] (INFO) Flushed 78 buffers to disk.
[2015/11/04 11:40:11.107] (ERROR) /dev/lp error: "PC LOAD LETTER"
[2015/11/04 11:40:11.107] (INFO) Flushed 44 buffers to disk.
[2015/11/04 11:40:11.107] (INFO) Network heartbeat check: All OK.
[2015/11/04 11:40:11.107] (INFO) Device 0xaf8c is online.
[2015/11/04 11:40:11.107] (INFO) User "nsw4082" logged in from 192.168.136.233.
[2015/11/04 11:40:11.107] (INFO) User "msc1141" logged out.
[2015/11/04 11:40:11.107] (WARN) Unable to ping monitor at 10.151.66.13. Retrying.
[2015/11/04 11:40:11.107] (INFO) Backed up all server logs.
[2015/11/04 11:40:11.107] (INFO) User "qoj7883" logged out.
[2015/11/04 11:40:11.107] (WARN) There is no such thing as a free lunch.
[2015/11/04 11:40:11.107] (INFO) Rolling 2 log file(s)...
[2015/11/04 11:40:11.107] (INFO) Rolling 7 log file(s)...
[2015/11/04 11:40:11.107] (INFO) Checkpointing off-heap server memory...
[2015/11/04 11:40:11.107] (INFO) Rolling 8 log file(s)...
[2015/11/04 11:40:11.107] (INFO) User "dlr3065" logged in from 10.141.233.248.
[2015/11/04 11:40:11.107] (INFO) Pinging watchdog timer process: Process is alive.
[2015/11/04 11:40:11.107] (ERROR) Network heartbeat check FAILED: Master host down?
[2015/11/04 11:40:11.107] (INFO) Your mother called. She says you never call her.
[2015/11/04 11:40:11.107] (INFO) Checkpointing off-heap server memory...
[2015/11/04 11:40:11.107] (INFO) Waiting for supervisor process (PID 57405) to die.
[2015/11/04 11:40:11.107] (INFO) Your mother called. She says you never call her.
[2015/11/04 11:40:11.107] (INFO) Pinging watchdog timer process: Process is alive.
[2015/11/04 11:40:11.107] (INFO) Rolling 8 log file(s)...
[2015/11/04 11:40:11.107] (INFO) User "nao7231" logged out due to inactivity (timeout=30 minutes).
[2015/11/04 11:40:11.107] (INFO) Checkpointing off-heap server memory...
[2015/11/04 11:40:11.107] (ERROR) Directory index of "/var/data" is forbidden.
[2015/11/04 11:40:11.107] (WARN) Watchdog timer crashed. Restarting it.
[2015/11/04 11:40:11.107] (INFO) User "ifx8390" logged out due to inactivity (timeout=30 minutes).
[2015/11/04 11:40:11.107] (WARN) Master took 547 ms to respond (threshold=500 ms)
[2015/11/04 11:40:11.107] (INFO) Rolling 4 log file(s)...
[2015/11/04 11:40:11.107] (INFO) Rolling 4 log file(s)...
[2015/11/04 11:40:11.107] (WARN) Unable to ping worker at 10.212.227.50. Retrying.
[2015/11/04 11:40:11.107] (INFO) Alien monitor (aliend): Detected no space aliens.
[2015/11/04 11:40:11.107] (INFO) Checkpointing off-heap server memory...
[2015/11/04 11:40:11.107] (INFO) Supervisor has entered WAITING state.
[2015/11/04 11:40:11.107] (INFO) Alien monitor (aliend): Detected no space aliens.
[2015/11/04 11:40:11.107] (INFO) Device 0xf377 is online.
[2015/11/04 11:40:11.107] (INFO) Rolling 3 log file(s)...
[2015/11/04 11:40:11.107] (ERROR) Directory index of "/var/data" is forbidden.
[2015/11/04 11:40:11.107] (INFO) .evian ylbirret si emehcs otpyrc ym neht ,siht daer nac uoy fI
[2015/11/04 11:40:11.107] (INFO) Rolling 6 log file(s)...
[2015/11/04 11:40:11.107] (INFO) User "pfo9074" logged out due to inactivity (timeout=30 minutes).
[2015/11/04 11:40:11.107] (INFO) Pinging watchdog timer process: Process is alive.
[2015/11/04 11:40:11.107] (INFO) Supervisor has entered RUNNING state.
[2015/11/04 11:40:11.107] (INFO) Checked file systems for errors: All filesystems OK.
[2015/11/04 11:40:11.107] (INFO) Supervisor has entered WAITING state.
[2015/11/04 11:40:11.107] (WARN) Master took 823 ms to respond (threshold=500 ms)
[2015/11/04 11:40:11.107] (INFO) Sending SIGTERM to 3 excess workers.
[2015/11/04 11:40:11.107] (INFO) Network heartbeat check: All OK.
[2015/11/04 11:40:11.107] (ERROR) Detected clock skew! Restarting NTP server.
[2015/11/04 11:40:11.107] (INFO) Supervisor has entered RESTARTING state.
[2015/11/04 11:40:11.107] (INFO) Rolling 7 log file(s)...
[2015/11/04 11:40:11.107] (INFO) Pinging watchdog timer process: Process is alive.
[2015/11/04 11:40:11.107] (INFO) User "las4757" logged out.
[2015/11/04 11:40:11.107] (INFO) Checkpointing off-heap server memory...
[2015/11/04 11:40:11.107] (INFO) Pinging watchdog timer process: Process is alive.
[2015/11/04 11:40:11.107] (INFO) Supervisor has entered RESTARTING state.
[2015/11/04 11:40:11.107] (INFO) Checkpointing off-heap server memory...
[2015/11/04 11:40:11.107] (INFO) Supervisor has entered RESTARTING state.
[2015/11/04 11:40:11.107] (INFO) Supervisor has entered RESTARTING state.
[2015/11/04 11:40:11.107] (INFO) User "fup3984" logged in from 10.122.54.46.
[2015/11/04 11:40:11.107] (INFO) Rolling 3 log file(s)...
[2015/11/04 11:40:11.107] (ERROR) Server log backup FAILED. See backup logs.
[2015/11/04 11:40:11.107] (INFO) User "aun7340" logged in from 10.18.77.229.
[2015/11/04 11:40:11.107] (INFO) Network heartbeat check: All OK.
[2015/11/04 11:40:11.107] (INFO) Rolling 8 log file(s)...
[2015/11/04 11:40:11.107] (INFO) Checked file systems for errors: All filesystems OK.
[2015/11/04 11:40:11.107] (INFO) Sending SIGTERM to 4 excess workers.
[2015/11/04 11:40:11.107] (INFO) Network heartbeat check: All OK.
[2015/11/04 11:40:11.107] (WARN) CPU temperature exceeds 40º Celsius.
[2015/11/04 11:40:11.107] (INFO) Rolling 1 log file(s)...
[2015/11/04 11:40:11.107] (INFO) .evian ylbirret si emehcs otpyrc ym neht ,siht daer nac uoy fI
[2015/11/04 11:40:11.107] (INFO) User "wpk6762" logged in from 10.177.215.80.
[2015/11/04 11:40:11.107] (INFO) User "idk9157" logged out due to inactivity (timeout=30 minutes).
[2015/11/04 11:40:11.107] (INFO) Rolling 4 log file(s)...
[2015/11/04 11:40:11.107] (INFO) User "grf2659" logged in from 10.80.75.18.
[2015/11/04 11:40:11.107] (INFO) Network heartbeat check: All OK.
[2015/11/04 11:40:11.107] (INFO) Network heartbeat check: All OK.
[2015/11/04 11:40:11.107] (INFO) User "yns5311" logged in from 172.16.182.20.
[2015/11/04 11:40:11.107] (INFO) User "rqx6199" logged out.
[2015/11/04 11:40:11.107] (ERROR) Detected clock skew! Restarting NTP server.
[2015/11/04 11:40:11.107] (ERROR) EFOODFAIL (Waiter, there's a fly in my soup).
[2015/11/04 11:40:11.107] (INFO) Flushed 38 buffers to disk.
[2015/11/04 11:40:11.107] (INFO) Checkpointing off-heap server memory...
[2015/11/04 11:40:11.107] (INFO) User "lzq1744" logged in from 192.168.149.125.
[2015/11/04 11:40:11.107] (INFO) Waiting for monitor process (PID 37613) to die.
[2015/11/04 11:40:11.107] (INFO) Flushed 34 buffers to disk.
[2015/11/04 11:40:11.107] (WARN) Watchdog timer crashed. Restarting it.
[2015/11/04 11:40:11.107] (ERROR) Blocked Little Bobby Tables attack (https://xkcd.com/327/) from 10.125.167.101.
[2015/11/04 11:40:11.107] (INFO) Pinging watchdog timer process: Process is alive.
[2015/11/04 11:40:11.107] (INFO) Pinging watchdog timer process: Process is alive.
[2015/11/04 11:40:11.107] (INFO) .evian ylbirret si emehcs otpyrc ym neht ,siht daer nac uoy fI
[2015/11/04 11:40:11.107] (INFO) .evian ylbirret si emehcs otpyrc ym neht ,siht daer nac uoy fI
[2015/11/04 11:40:11.107] (INFO) User "umx5910" logged out.
[2015/11/04 11:40:11.107] (WARN) There is no such thing as a free lunch.
[2015/11/04 11:40:11.108] (INFO) User "bwb2360" logged out due to inactivity (timeout=30 minutes).
[2015/11/04 11:40:11.108] (INFO) Waiting for supervisor process (PID 63177) to die.
[2015/11/04 11:40:11.108] (INFO) .evian ylbirret si emehcs otpyrc ym neht ,siht daer nac uoy fI
[2015/11/04 11:40:11.108] (INFO) Network heartbeat check: All OK.
[2015/11/04 11:40:11.608] (INFO) Pinging watchdog timer process: Process is alive.
[2015/11/04 11:40:11.608] (INFO) User "bwc9623" logged in from 10.43.68.6.
[2015/11/04 11:40:11.608] (INFO) Waiting for worker process (PID 18670) to die.
[2015/11/04 11:40:11.608] (INFO) Rolling 4 log file(s)...
[2015/11/04 11:40:11.608] (INFO) .evian ylbirret si emehcs otpyrc ym neht ,siht daer nac uoy fI
[2015/11/04 11:40:11.608] (INFO) Your mother called. She says you never call her.
[2015/11/04 11:40:11.608] (INFO) User "vma7524" logged out.
[2015/11/04 11:40:11.608] (INFO) Device 0x169f is online.
[2015/11/04 11:40:11.608] (ERROR) CPU temperature exceeds 50º Celsius. Shutting down.
[2015/11/04 11:40:11.608] (INFO) Supervisor has entered SUSPENDED state.
[2015/11/04 11:40:11.608] (WARN) Retrying server log checkpoint.
[2015/11/04 11:40:11.608] (INFO) User "qbs2164" logged out.
[2015/11/04 11:40:11.608] (WARN) CPU temperature exceeds 40º Celsius.
[2015/11/04 11:40:11.608] (INFO) Waiting for monitor process (PID 1882) to die.
[2015/11/04 11:40:11.608] (INFO) User "rbh9582" logged out.
[2015/11/04 11:40:11.608] (INFO) Flushed 94 buffers to disk.
[2015/11/04 11:40:11.608] (INFO) Flushed 38 buffers to disk.
[2015/11/04 11:40:11.608] (INFO) Your mother called. She says you never call her.
[2015/11/04 11:40:11.608] (INFO) User "uyn4434" logged out due to inactivity (timeout=30 minutes).
[2015/11/04 11:40:11.608] (INFO) User "fdm3835" logged out due to inactivity (timeout=30 minutes).
[2015/11/04 11:40:11.608] (INFO) Pinging watchdog timer process: Process is alive.
[2015/11/04 11:40:11.608] (INFO) Device 0x04b8 is online.
[2015/11/04 11:40:11.608] (INFO) Network heartbeat check: All OK.
[2015/11/04 11:40:11.608] (ERROR) Directory index of "/var/data" is forbidden.
[2015/11/04 11:40:11.608] (INFO) Rolling 6 log file(s)...
[2015/11/04 11:40:11.608] (INFO) .evian ylbirret si emehcs otpyrc ym neht ,siht daer nac uoy fI
[2015/11/04 11:40:11.608] (INFO) Waiting for supervisor process (PID 40460) to die.
[2015/11/04 11:40:11.608] (INFO) User "gwm7185" logged out due to inactivity (timeout=30 minutes).
[2015/11/04 11:40:11.608] (INFO) Waiting for master process (PID 1859) to die.
[2015/11/04 11:40:11.608] (INFO) Your mother called. She says you never call her.
[2015/11/04 11:40:11.608] (INFO) Backed up all server logs.
[2015/11/04 11:40:11.608] (INFO) Alien monitor (aliend): Detected no space aliens.
[2015/11/04 11:40:11.608] (WARN) Ignoring SIGTERM. It's not that easy to get rid of me.
[2015/11/04 11:40:11.608] (INFO) User "bnb2865" logged in from 172.16.83.224.
[2015/11/04 11:40:11.608] (ERROR) Worker 4 died with SIGILL. Restarting it.
[2015/11/04 11:40:11.608] (INFO) User "okg9013" logged out.
[2015/11/04 11:40:11.608] (INFO) Supervisor has entered RESTARTING state.
[2015/11/04 11:40:11.608] (INFO) Pinging watchdog timer process: Process is alive.
[2015/11/04 11:40:11.608] (INFO) Waiting for supervisor process (PID 27437) to die.
[2015/11/04 11:40:11.608] (INFO) Your mother called. She says you never call her.
[2015/11/04 11:40:11.608] (INFO) Pinging watchdog timer process: Process is alive.
[2015/11/04 11:40:11.608] (INFO) User "zew9430" logged in from 192.168.28.161.
[2015/11/04 11:40:11.608] (INFO) Flushed 61 buffers to disk.
[2015/11/04 11:40:11.608] (INFO) User "ene1215" logged out due to inactivity (timeout=30 minutes).
[2015/11/04 11:40:11.608] (INFO) Waiting for monitor process (PID 44974) to die.
[2015/11/04 11:40:11.608] (INFO) .evian ylbirret si emehcs otpyrc ym neht ,siht daer nac uoy fI
[2015/11/04 11:40:11.608] (ERROR) Detected clock skew! Restarting NTP server.
[2015/11/04 11:40:11.608] (ERROR) "/var/data/HcoUY56503.xml": No such file or directory (ENOENT)
[2015/11/04 11:40:11.608] (WARN) Dropped 2,317 corrupt data packets.
[2015/11/04 11:40:11.608] (INFO) Network heartbeat check: All OK.
[2015/11/04 11:40:11.608] (INFO) Rolling 7 log file(s)...
[2015/11/04 11:40:11.608] (INFO) Backed up all server logs.
[2015/11/04 11:40:11.608] (ERROR) User "blr2888" failed to log in 3 times. Disabling account.
[2015/11/04 11:40:11.608] (INFO) Supervisor has entered SUSPENDED state.
[2015/11/04 11:40:11.608] (INFO) Rolling 6 log file(s)...
[2015/11/04 11:40:11.608] (INFO) Device 0x3876 is online.
[2015/11/04 11:40:11.608] (WARN) Dropped 6,906 corrupt data packets.
[2015/11/04 11:40:11.608] (WARN) Network heartbeat check: 1 server(s) did not respond.
[2015/11/04 11:40:11.608] (INFO) Flushed 62 buffers to disk.
[2015/11/04 11:40:11.608] (INFO) Waiting for supervisor process (PID 33068) to die.
[2015/11/04 11:40:11.608] (INFO) User "llc4996" logged out due to inactivity (timeout=30 minutes).
[2015/11/04 11:40:11.608] (INFO) Your mother called. She says you never call her.
[2015/11/04 11:40:11.608] (ERROR) "/var/data/hwyFY63559.tsv": No such file or directory (ENOENT)
[2015/11/04 11:40:11.608] (INFO) Waiting for supervisor process (PID 23184) to die.
[2015/11/04 11:40:11.608] (INFO) Backed up all server logs.
[2015/11/04 11:40:11.608] (INFO) Pinging watchdog timer process: Process is alive.
[2015/11/04 11:40:11.608] (INFO) User "tvr3733" logged in from 10.177.157.44.
[2015/11/04 11:40:11.608] (INFO) Rolling 9 log file(s)...
[2015/11/04 11:40:11.608] (WARN) There is no such thing as a free lunch.
[2015/11/04 11:40:11.608] (INFO) Waiting for master process (PID 55134) to die.
[2015/11/04 11:40:11.608] (INFO) Checked file systems for errors: All filesystems OK.
[2015/11/04 11:40:11.608] (INFO) Supervisor has entered SUSPENDED state.
[2015/11/04 11:40:11.608] (INFO) Supervisor has entered RUNNING state.
[2015/11/04 11:40:11.608] (ERROR) CPU temperature exceeds 50º Celsius. Shutting down.
[2015/11/04 11:40:11.608] (INFO) Alien monitor (aliend): Detected no space aliens.
[2015/11/04 11:40:11.608] (INFO) Flushed 40 buffers to disk.
[2015/11/04 11:40:11.608] (INFO) User "lys4667" logged in from 192.168.160.179.
[2015/11/04 11:40:11.608] (INFO) User "fua2150" logged in from 10.135.129.186.
[2015/11/04 11:40:11.608] (INFO) Rolling 9 log file(s)...
[2015/11/04 11:40:11.608] (INFO) Device 0x326e is online.
[2015/11/04 11:40:11.608] (INFO) User "awr8098" logged out due to inactivity (timeout=30 minutes).
[2015/11/04 11:40:11.608] (INFO) Backed up all server logs.
[2015/11/04 11:40:11.608] (ERROR) Alien monitor (aliend): 2 space aliens are fiddling with the hardware!
[2015/11/04 11:40:11.608] (INFO) Network heartbeat check: All OK.
[2015/11/04 11:40:11.608] (INFO) User "qac6848" logged in from 192.168.202.223.
[2015/11/04 11:40:11.608] (INFO) User "zvt5296" logged out.
[2015/11/04 11:40:11.608] (ERROR) Detected incoming DDoS from 10.217.209.188.
[2015/11/04 11:40:11.608] (INFO) Network heartbeat check: All OK.
[2015/11/04 11:40:11.608] (INFO) Flushed 30 buffers to disk.
[2015/11/04 11:40:11.608] (INFO) Flushed 37 buffers to disk.
[2015/11/04 11:40:11.608] (INFO) Waiting for master process (PID 62774) to die.
[2015/11/04 11:40:11.608] (INFO) User "kxa5000" logged out.
[2015/11/04 11:40:11.608] (INFO) Backed up all server logs.
[2015/11/04 11:40:11.608] (INFO) Checked file systems for errors: All filesystems OK.
[2015/11/04 11:40:11.608] (INFO) Checked file systems for errors: All filesystems OK.
[2015/11/04 11:40:11.608] (INFO) Device 0x578e is online.
[2015/11/04 11:40:11.608] (INFO) Device 0x6b69 is online.
[2015/11/04 11:40:11.608] (INFO) User "zsk7038" logged out.
[2015/11/04 11:40:11.608] (INFO) Your mother called. She says you never call her.
[2015/11/04 11:40:11.608] (INFO) Device 0x0934 is online.
[2015/11/04 11:40:12.107] (INFO) User "fmr5541" logged out.
[2015/11/04 11:40:12.107] (INFO) Backed up all server logs.
[2015/11/04 11:40:12.107] (INFO) Alien monitor (aliend): Detected no space aliens.
[2015/11/04 11:40:12.107] (INFO) User "qih1196" logged out.
[2015/11/04 11:40:12.107] (INFO) Checkpointing off-heap server memory...
[2015/11/04 11:40:12.107] (INFO) Device 0xb301 is online.
[2015/11/04 11:40:12.107] (ERROR) Connection to 10.157.217.107 terminated unexpectedly. Reconnecting.
[2015/11/04 11:40:12.107] (WARN) Dropped 7,648 corrupt data packets.
[2015/11/04 11:40:12.107] (INFO) Checked file systems for errors: All filesystems OK.
[2015/11/04 11:40:12.107] (INFO) Sending SIGTERM to 3 excess workers.
[2015/11/04 11:40:12.107] (INFO) User "bqa3169" logged in from 10.87.91.54.
[2015/11/04 11:40:12.107] (WARN) Dropped 14,752 corrupt data packets.
[2015/11/04 11:40:12.107] (INFO) Pinging watchdog timer process: Process is alive.
[2015/11/04 11:40:12.107] (INFO) Your mother called. She says you never call her.
[2015/11/04 11:40:12.107] (INFO) Supervisor has entered RUNNING state.
[2015/11/04 11:40:12.107] (WARN) Retrying server log checkpoint.
[2015/11/04 11:40:12.107] (INFO) Network heartbeat check: All OK.
[2015/11/04 11:40:12.107] (INFO) Supervisor has entered SUSPENDED state.
[2015/11/04 11:40:12.107] (INFO) Checked file systems for errors: All filesystems OK.
[2015/11/04 11:40:12.107] (INFO) Supervisor has entered RUNNING state.
[2015/11/04 11:40:12.107] (INFO) User "cij3867" logged out due to inactivity (timeout=30 minutes).
[2015/11/04 11:40:12.107] (INFO) Checked file systems for errors: All filesystems OK.
[2015/11/04 11:40:12.107] (ERROR) Detected clock skew! Restarting NTP server.
[2015/11/04 11:40:12.107] (INFO) Supervisor has entered RUNNING state.
[2015/11/04 11:40:12.107] (INFO) Network heartbeat check: All OK.
[2015/11/04 11:40:12.107] (INFO) Backed up all server logs.
[2015/11/04 11:40:12.107] (INFO) Sending SIGTERM to 3 excess workers.
[2015/11/04 11:40:12.107] (ERROR) EFOODFAIL (Waiter, there's a fly in my soup).
[2015/11/04 11:40:12.107] (INFO) Flushed 53 buffers to disk.
[2015/11/04 11:40:12.107] (WARN) Retrying server log checkpoint.
[2015/11/04 11:40:12.107] (WARN) Backup server 10.103.164.153 is offline.
[2015/11/04 11:40:12.107] (INFO) Rolling 1 log file(s)...
[2015/11/04 11:40:12.107] (INFO) Pinging watchdog timer process: Process is alive.
[2015/11/04 11:40:12.107] (INFO) Your mother called. She says you never call her.
[2015/11/04 11:40:12.107] (INFO) Device 0x1406 is online.
[2015/11/04 11:40:12.107] (INFO) Checked file systems for errors: All filesystems OK.
[2015/11/04 11:40:12.107] (INFO) .evian ylbirret si emehcs otpyrc ym neht ,siht daer nac uoy fI
[2015/11/04 11:40:12.107] (INFO) Waiting for monitor process (PID 4536) to die.
[2015/11/04 11:40:12.107] (WARN) Backup server 10.78.243.8 is offline.
[2015/11/04 11:40:12.107] (INFO) Device 0x713a is online.
[2015/11/04 11:40:12.107] (INFO) Alien monitor (aliend): Detected no space aliens.
[2015/11/04 11:40:12.107] (INFO) Waiting for supervisor process (PID 43755) to die.
[2015/11/04 11:40:12.107] (INFO) Rolling 4 log file(s)...
[2015/11/04 11:40:12.107] (INFO) Supervisor has entered RESTARTING state.
[2015/11/04 11:40:12.107] (INFO) Pinging watchdog timer process: Process is alive.
[2015/11/04 11:40:12.107] (INFO) Network heartbeat check: All OK.
[2015/11/04 11:40:12.107] (WARN) There is no such thing as a free lunch.
[2015/11/04 11:40:12.107] (INFO) Alien monitor (aliend): Detected no space aliens.
[2015/11/04 11:40:12.107] (INFO) Flushed 86 buffers to disk.
[2015/11/04 11:40:12.107] (ERROR) Network heartbeat check FAILED: Master host down?
[2015/11/04 11:40:12.107] (INFO) Flushed 68 buffers to disk.
[2015/11/04 11:40:12.107] (INFO) Sending SIGTERM to 4 excess workers.
[2015/11/04 11:40:12.107] (ERROR) Detected clock skew! Restarting NTP server.
[2015/11/04 11:40:12.107] (INFO) Pinging watchdog timer process: Process is alive.
[2015/11/04 11:40:12.107] (INFO) Device 0x7924 is online.
[2015/11/04 11:40:12.107] (WARN) Watchdog timer crashed. Restarting it.
[2015/11/04 11:40:12.107] (INFO) .evian ylbirret si emehcs otpyrc ym neht ,siht daer nac uoy fI
[2015/11/04 11:40:12.107] (INFO) User "uce4940" logged out due to inactivity (timeout=30 minutes).
[2015/11/04 11:40:12.107] (INFO) Sending SIGTERM to 2 excess workers.
[2015/11/04 11:40:12.107] (INFO) Flushed 36 buffers to disk.
[2015/11/04 11:40:12.107] (WARN) Network heartbeat check: 3 server(s) did not respond.
[2015/11/04 11:40:12.107] (ERROR) User "lml3799" failed to log in 3 times. Disabling account.
[2015/11/04 11:40:12.107] (INFO) Checked file systems for errors: All filesystems OK.
[2015/11/04 11:40:12.107] (INFO) Your mother called. She says you never call her.
[2015/11/04 11:40:12.107] (INFO) Network heartbeat check: All OK.
[2015/11/04 11:40:12.107] (WARN) Network heartbeat check: 5 server(s) did not respond.
[2015/11/04 11:40:12.107] (INFO) Your mother called. She says you never call her.
[2015/11/04 11:40:12.107] (INFO) Pinging watchdog timer process: Process is alive.
[2015/11/04 11:40:12.107] (INFO) Sending SIGTERM to 2 excess workers.
[2015/11/04 11:40:12.107] (ERROR) Extra characters at end of line.
[2015/11/04 11:40:12.107] (INFO) Rolling 1 log file(s)...
[2015/11/04 11:40:12.107] (WARN) Dropped 7,849 corrupt data packets.
[2015/11/04 11:40:12.107] (INFO) User "bai9956" logged in from 192.168.201.29.
[2015/11/04 11:40:12.107] (INFO) User "dtn7663" logged in from 172.16.183.77.
[2015/11/04 11:40:12.107] (INFO) Pinging watchdog timer process: Process is alive.
[2015/11/04 11:40:12.107] (INFO) Backed up all server logs.
[2015/11/04 11:40:12.107] (INFO) Rolling 8 log file(s)...
[2015/11/04 11:40:12.107] (WARN) Master took 667 ms to respond (threshold=500 ms)
[2015/11/04 11:40:12.107] (INFO) Backed up all server logs.
[2015/11/04 11:40:12.107] (INFO) .evian ylbirret si emehcs otpyrc ym neht ,siht daer nac uoy fI
[2015/11/04 11:40:12.107] (INFO) User "tke7918" logged out due to inactivity (timeout=30 minutes).
[2015/11/04 11:40:12.107] (INFO) Rolling 6 log file(s)...
[2015/11/04 11:40:12.107] (INFO) Checked file systems for errors: All filesystems OK.
[2015/11/04 11:40:12.107] (INFO) Your mother called. She says you never call her.
[2015/11/04 11:40:12.107] (INFO) Flushed 56 buffers to disk.
[2015/11/04 11:40:12.107] (WARN) Dropped 11,659 corrupt data packets.
[2015/11/04 11:40:12.107] (INFO) Your mother called. She says you never call her.
[2015/11/04 11:40:12.107] (WARN) Master took 605 ms to respond (threshold=500 ms)
[2015/11/04 11:40:12.107] (WARN) Network heartbeat check: 10 server(s) did not respond.
[2015/11/04 11:40:12.107] (INFO) Device 0x7fa9 is online.
[2015/11/04 11:40:12.107] (ERROR) "/var/data/BkAci70880.txt": No such file or directory (ENOENT)
[2015/11/04 11:40:12.107] (INFO) Device 0x7819 is online.
[2015/11/04 11:40:12.107] (INFO) Flushed 41 buffers to disk.
[2015/11/04 11:40:12.107] (INFO) Supervisor has entered RUNNING state.
[2015/11/04 11:40:12.107] (INFO) Waiting for master process (PID 1610) to die.
[2015/11/04 11:40:12.107] (INFO) .evian ylbirret si emehcs otpyrc ym neht ,siht daer nac uoy fI
[2015/11/04 11:40:12.107] (ERROR) Device 0xe352 is offline
[2015/11/04 11:40:12.107] (INFO) Checked file systems for errors: All filesystems OK.
[2015/11/04 11:40:12.107] (INFO) Sending SIGTERM to 4 excess workers.
[2015/11/04 11:40:12.107] (ERROR) Detected incoming DDoS from 172.16.44.110.
[2015/11/04 11:40:12.607] (INFO) .evian ylbirret si emehcs otpyrc ym neht ,siht daer nac uoy fI
[2015/11/04 11:40:12.607] (INFO) Supervisor has entered RESTARTING state.
[2015/11/04 11:40:12.607] (INFO) User "mwb5662" logged out due to inactivity (timeout=30 minutes).
[2015/11/04 11:40:12.607] (INFO) Waiting for master process (PID 38539) to die.
[2015/11/04 11:40:12.607] (INFO) User "put5428" logged out due to inactivity (timeout=30 minutes).
[2015/11/04 11:40:12.607] (INFO) Alien monitor (aliend): Detected no space aliens.
[2015/11/04 11:40:12.607] (INFO) Sending SIGTERM to 2 excess workers.
[2015/11/04 11:40:12.607] (INFO) Backed up all server logs.
[2015/11/04 11:40:12.607] (WARN) Ignoring SIGTERM. It's not that easy to get rid of me.
[2015/11/04 11:40:12.607] (WARN) Unable to ping master at 10.30.36.19. Retrying.
[2015/11/04 11:40:12.607] (INFO) Waiting for monitor process (PID 22244) to die.
[2015/11/04 11:40:12.607] (INFO) Backed up all server logs.
[2015/11/04 11:40:12.607] (WARN) Space on disk /dev/sdc2 is low: Only 591 MB available.
[2015/11/04 11:40:12.607] (INFO) Supervisor has entered SUSPENDED state.
[2015/11/04 11:40:12.607] (INFO) User "xlk6500" logged in from 172.16.186.217.
[2015/11/04 11:40:12.607] (ERROR) "/var/data/xLBtt79405.xml": Permission denied (EACCES)
[2015/11/04 11:40:12.607] (INFO) .evian ylbirret si emehcs otpyrc ym neht ,siht daer nac uoy fI
[2015/11/04 11:40:12.607] (INFO) User "nub7835" logged in from 192.168.170.197.
[2015/11/04 11:40:12.607] (INFO) Backed up all server logs.
[2015/11/04 11:40:12.607] (INFO) User "sjt3980" logged out.
[2015/11/04 11:40:12.607] (INFO) Device 0x370e is online.
[2015/11/04 11:40:12.607] (INFO) .evian ylbirret si emehcs otpyrc ym neht ,siht daer nac uoy fI
[2015/11/04 11:40:12.607] (INFO) Sending SIGTERM to 2 excess workers.
[2015/11/04 11:40:12.607] (INFO) Checkpointing off-heap server memory...
[2015/11/04 11:40:12.607] (INFO) User "hye5982" logged out due to inactivity (timeout=30 minutes).
[2015/11/04 11:40:12.607] (ERROR) Unable to write to "/var/data/ONXpn68090.tar.gz": Permission denied (EACCES)
[2015/11/04 11:40:12.607] (INFO) Checked file systems for errors: All filesystems OK.
[2015/11/04 11:40:12.607] (INFO) User "oam3921" logged out.
[2015/11/04 11:40:12.607] (INFO) Waiting for worker process (PID 27351) to die.
[2015/11/04 11:40:12.607] (ERROR) Failed to open "/mnt/fileserver02/MBjmY85321.xslx": NFS timeout.
[2015/11/04 11:40:12.607] (INFO) Backed up all server logs.
[2015/11/04 11:40:12.607] (WARN) There is no such thing as a free lunch.
[2015/11/04 11:40:12.607] (ERROR) Server log backup FAILED. See backup logs.
[2015/11/04 11:40:12.607] (INFO) Alien monitor (aliend): Detected no space aliens.
[2015/11/04 11:40:12.607] (INFO) User "zoc2347" logged in from 172.16.111.249.
[2015/11/04 11:40:12.607] (INFO) User "vqt7372" logged in from 10.225.137.118.
[2015/11/04 11:40:12.607] (INFO) Rolling 8 log file(s)...
[2015/11/04 11:40:12.607] (INFO) Backed up all server logs.
[2015/11/04 11:40:12.607] (INFO) Supervisor has entered RUNNING state.
[2015/11/04 11:40:12.607] (INFO) Backed up all server logs.
[2015/11/04 11:40:12.607] (ERROR) CPU temperature exceeds 50º Celsius. Shutting down.
[2015/11/04 11:40:12.607] (INFO) Your mother called. She says you never call her.
[2015/11/04 11:40:12.607] (INFO) User "hjg1285" logged in from 172.16.192.154.
[2015/11/04 11:40:12.607] (INFO) Checked file systems for errors: All filesystems OK.
[2015/11/04 11:40:12.607] (INFO) User "ims2236" logged out due to inactivity (timeout=30 minutes).
[2015/11/04 11:40:12.607] (INFO) Supervisor has entered SUSPENDED state.
[2015/11/04 11:40:12.607] (INFO) Supervisor has entered RUNNING state.
[2015/11/04 11:40:12.607] (INFO) Sending SIGTERM to 2 excess workers.
[2015/11/04 11:40:12.607] (INFO) User "qkp3470" logged in from 10.70.8.57.
[2015/11/04 11:40:12.607] (INFO) Sending SIGTERM to 2 excess workers.
[2015/11/04 11:40:12.607] (INFO) User "vjm4658" logged out due to inactivity (timeout=30 minutes).
[2015/11/04 11:40:12.607] (INFO) Pinging watchdog timer process: Process is alive.
[2015/11/04 11:40:12.607] (INFO) .evian ylbirret si emehcs otpyrc ym neht ,siht daer nac uoy fI
[2015/11/04 11:40:12.607] (INFO) Pinging watchdog timer process: Process is alive.
[2015/11/04 11:40:12.607] (INFO) Waiting for master process (PID 25109) to die.
[2015/11/04 11:40:12.607] (INFO) Device 0xb4c1 is online.
[2015/11/04 11:40:12.607] (INFO) Checkpointing off-heap server memory...
[2015/11/04 11:40:12.607] (WARN) Unable to ping supervisor at 172.16.102.82. Retrying.
[2015/11/04 11:40:12.607] (INFO) Rolling 2 log file(s)...
[2015/11/04 11:40:12.607] (ERROR) Detected incoming DDoS from 10.194.251.152.
[2015/11/04 11:40:12.607] (INFO) Device 0xd9c8 is online.
[2015/11/04 11:40:12.607] (INFO) User "muu9504" logged out.
[2015/11/04 11:40:12.607] (INFO) .evian ylbirret si emehcs otpyrc ym neht ,siht daer nac uoy fI
[2015/11/04 11:40:12.607] (INFO) Checked file systems for errors: All filesystems OK.
[2015/11/04 11:40:12.607] (INFO) Pinging watchdog timer process: Process is alive.
[2015/11/04 11:40:12.607] (INFO) User "ong2315" logged in from 172.16.243.45.
[2015/11/04 11:40:12.607] (INFO) Device 0xf4b0 is online.
[2015/11/04 11:40:12.607] (INFO) Network heartbeat check: All OK.
[2015/11/04 11:40:12.607] (INFO) Checked file systems for errors: All filesystems OK.
[2015/11/04 11:40:12.607] (INFO) Backed up all server logs.
[2015/11/04 11:40:12.607] (INFO) Alien monitor (aliend): Detected no space aliens.
[2015/11/04 11:40:12.607] (INFO) User "cqe3820" logged out.
[2015/11/04 11:40:12.607] (WARN) CPU temperature exceeds 40º Celsius.
[2015/11/04 11:40:12.607] (INFO) Flushed 79 buffers to disk.
[2015/11/04 11:40:12.607] (INFO) Checked file systems for errors: All filesystems OK.
[2015/11/04 11:40:12.607] (INFO) Network heartbeat check: All OK.
[2015/11/04 11:40:12.607] (INFO) Backed up all server logs.
[2015/11/04 11:40:12.607] (WARN) Dropped 11,071 corrupt data packets.
[2015/11/04 11:40:12.607] (INFO) Network heartbeat check: All OK.
[2015/11/04 11:40:12.607] (ERROR) Unable to mount /dev/sde1. (Time to run fsck?)
[2015/11/04 11:40:12.607] (INFO) Your mother called. She says you never call her.
[2015/11/04 11:40:12.607] (INFO) Your mother called. She says you never call her.
[2015/11/04 11:40:12.607] (INFO) User "bln5021" logged out.
[2015/11/04 11:40:12.607] (INFO) Checkpointing off-heap server memory...
[2015/11/04 11:40:12.607] (INFO) Alien monitor (aliend): Detected no space aliens.
[2015/11/04 11:40:12.607] (ERROR) One of the flayrods has gone out askew on treadle.
[2015/11/04 11:40:12.607] (WARN) Ignoring SIGTERM. It's not that easy to get rid of me.
[2015/11/04 11:40:12.607] (ERROR) Alien monitor (aliend): 2 space aliens are fiddling with the hardware!
[2015/11/04 11:40:12.607] (WARN) Possible cyber-attack from Russia.
[2015/11/04 11:40:12.607] (ERROR) Unable to authenticate user "laa7482": LDAP server isn't responding.
[2015/11/04 11:40:12.607] (INFO) Checkpointing off-heap server memory...
[2015/11/04 11:40:12.607] (INFO) Network heartbeat check: All OK.
[2015/11/04 11:40:12.607] (INFO) Waiting for master process (PID 36759) to die.
[2015/11/04 11:40:12.607] (WARN) Network heartbeat check: 2 server(s) did not respond.
[2015/11/04 11:40:12.607] (INFO) Your mother called. She says you never call her.
[2015/11/04 11:40:12.607] (WARN) CPU temperature exceeds 40º Celsius.
[2015/11/04 11:40:12.607] (INFO) Alien monitor (aliend): Detected no space aliens.
[2015/11/04 11:40:12.607] (INFO) User "kni1491" logged out.
[2015/11/04 11:40:12.607] (INFO) Waiting for monitor process (PID 51291) to die.
[2015/11/04 11:40:12.607] (INFO) Backed up all server logs.
[2015/11/04 11:40:13.107] (WARN) Network heartbeat check: 15 server(s) did not respond.
[2015/11/04 11:40:13.108] (INFO) Network heartbeat check: All OK.
[2015/11/04 11:40:13.108] (INFO) Sending SIGTERM to 4 excess workers.
[2015/11/04 11:40:13.108] (INFO) Checkpointing off-heap server memory...
[2015/11/04 11:40:13.108] (WARN) Master took 788 ms to respond (threshold=500 ms)
[2015/11/04 11:40:13.108] (INFO) Rolling 7 log file(s)...
[2015/11/04 11:40:13.108] (WARN) Watchdog timer crashed. Restarting it.
[2015/11/04 11:40:13.108] (ERROR) Device 0xcaac is offline
[2015/11/04 11:40:13.108] (INFO) Rolling 4 log file(s)...
[2015/11/04 11:40:13.108] (INFO) Waiting for monitor process (PID 10398) to die.
[2015/11/04 11:40:13.108] (INFO) Waiting for monitor process (PID 28890) to die.
[2015/11/04 11:40:13.108] (INFO) Backed up all server logs.
[2015/11/04 11:40:13.108] (INFO) Sending SIGTERM to 2 excess workers.
[2015/11/04 11:40:13.108] (INFO) Backed up all server logs.
[2015/11/04 11:40:13.108] (INFO) Backed up all server logs.
[2015/11/04 11:40:13.108] (ERROR) Unable to authenticate user "syi5343": LDAP server isn't responding.
[2015/11/04 11:40:13.108] (INFO) Supervisor has entered SUSPENDED state.
[2015/11/04 11:40:13.108] (INFO) Checkpointing off-heap server memory...
[2015/11/04 11:40:13.108] (ERROR) "/var/data/bkyrh59109.parquet": No such file or directory (ENOENT)
[2015/11/04 11:40:13.108] (INFO) Device 0x1911 is online.
[2015/11/04 11:40:13.108] (INFO) Rolling 6 log file(s)...
[2015/11/04 11:40:13.108] (INFO) Device 0x1a6f is online.
[2015/11/04 11:40:13.108] (INFO) Supervisor has entered RUNNING state.
[2015/11/04 11:40:13.108] (INFO) Sending SIGTERM to 2 excess workers.
[2015/11/04 11:40:13.108] (INFO) Pinging watchdog timer process: Process is alive.
[2015/11/04 11:40:13.108] (WARN) Master took 665 ms to respond (threshold=500 ms)
[2015/11/04 11:40:13.108] (WARN) Unable to ping master at 10.247.93.193. Retrying.
[2015/11/04 11:40:13.108] (INFO) Device 0xe3b7 is online.
[2015/11/04 11:40:13.108] (INFO) User "qqi7568" logged out.
[2015/11/04 11:40:13.108] (ERROR) /dev/lp error: "PC LOAD LETTER"
[2015/11/04 11:40:13.108] (WARN) Master took 771 ms to respond (threshold=500 ms)
[2015/11/04 11:40:13.108] (INFO) .evian ylbirret si emehcs otpyrc ym neht ,siht daer nac uoy fI
[2015/11/04 11:40:13.108] (INFO) User "iyw7434" logged in from 10.8.169.60.
[2015/11/04 11:40:13.108] (INFO) User "tfv8388" logged out due to inactivity (timeout=30 minutes).
[2015/11/04 11:40:13.108] (INFO) Sending SIGTERM to 2 excess workers.
[2015/11/04 11:40:13.108] (INFO) .evian ylbirret si emehcs otpyrc ym neht ,siht daer nac uoy fI
[2015/11/04 11:40:13.108] (INFO) User "jyr5164" logged out.
[2015/11/04 11:40:13.108] (INFO) Network heartbeat check: All OK.
[2015/11/04 11:40:13.108] (INFO) Your mother called. She says you never call her.
[2015/11/04 11:40:13.108] (INFO) Flushed 46 buffers to disk.
[2015/11/04 11:40:13.108] (INFO) Sending SIGTERM to 2 excess workers.
[2015/11/04 11:40:13.108] (INFO) Network heartbeat check: All OK.
[2015/11/04 11:40:13.108] (INFO) User "nke6033" logged out.
[2015/11/04 11:40:13.108] (INFO) Waiting for worker process (PID 6693) to die.
[2015/11/04 11:40:13.108] (INFO) User "pnv4240" logged out.
[2015/11/04 11:40:13.108] (INFO) Waiting for monitor process (PID 56537) to die.
[2015/11/04 11:40:13.108] (INFO) Pinging watchdog timer process: Process is alive.
[2015/11/04 11:40:13.108] (INFO) Pinging watchdog timer process: Process is alive.
[2015/11/04 11:40:13.108] (INFO) Your mother called. She says you never call her.
[2015/11/04 11:40:13.108] (INFO) Flushed 70 buffers to disk.
[2015/11/04 11:40:13.108] (INFO) Supervisor has entered RESTARTING state.
[2015/11/04 11:40:13.108] (ERROR) Extra characters at end of line.
[2015/11/04 11:40:13.108] (INFO) Waiting for worker process (PID 36179) to die.
[2015/11/04 11:40:13.108] (INFO) Alien monitor (aliend): Detected no space aliens.
[2015/11/04 11:40:13.108] (INFO) User "vav3050" logged in from 10.108.5.234.
[2015/11/04 11:40:13.108] (INFO) Your mother called. She says you never call her.
[2015/11/04 11:40:13.108] (INFO) User "auj9960" logged in from 192.168.141.208.
[2015/11/04 11:40:13.108] (INFO) Alien monitor (aliend): Detected no space aliens.
[2015/11/04 11:40:13.108] (INFO) Rolling 7 log file(s)...
[2015/11/04 11:40:13.108] (INFO) User "akl5750" logged in from 10.203.41.79.
[2015/11/04 11:40:13.108] (INFO) Your mother called. She says you never call her.
[2015/11/04 11:40:13.108] (INFO) Checkpointing off-heap server memory...
[2015/11/04 11:40:13.108] (INFO) Network heartbeat check: All OK.
[2015/11/04 11:40:13.108] (ERROR) "/var/data/ojBdn74686.xml": No such file or directory (ENOENT)
[2015/11/04 11:40:13.108] (INFO) Your mother called. She says you never call her.
[2015/11/04 11:40:13.108] (INFO) Device 0x8d57 is online.
[2015/11/04 11:40:13.108] (INFO) Backed up all server logs.
[2015/11/04 11:40:13.108] (INFO) Device 0x47a4 is online.
[2015/11/04 11:40:13.108] (WARN) Unable to ping monitor at 192.168.131.27. Retrying.
[2015/11/04 11:40:13.108] (INFO) Supervisor has entered SUSPENDED state.
[2015/11/04 11:40:13.108] (INFO) Backed up all server logs.
[2015/11/04 11:40:13.108] (INFO) Checkpointing off-heap server memory...
[2015/11/04 11:40:13.108] (INFO) Checkpointing off-heap server memory...
[2015/11/04 11:40:13.108] (WARN) Network heartbeat check: 15 server(s) did not respond.
[2015/11/04 11:40:13.108] (INFO) Your mother called. She says you never call her.
[2015/11/04 11:40:13.108] (INFO) Flushed 96 buffers to disk.
[2015/11/04 11:40:13.108] (INFO) Checked file systems for errors: All filesystems OK.
[2015/11/04 11:40:13.108] (INFO) Checkpointing off-heap server memory...
[2015/11/04 11:40:13.108] (INFO) Flushed 82 buffers to disk.
[2015/11/04 11:40:13.108] (INFO) Backed up all server logs.
[2015/11/04 11:40:13.108] (INFO) Rolling 1 log file(s)...
[2015/11/04 11:40:13.108] (INFO) Network heartbeat check: All OK.
[2015/11/04 11:40:13.108] (INFO) Alien monitor (aliend): Detected no space aliens.
[2015/11/04 11:40:13.108] (INFO) Your mother called. She says you never call her.
[2015/11/04 11:40:13.108] (INFO) Backed up all server logs.
[2015/11/04 11:40:13.108] (INFO) Checkpointing off-heap server memory...
[2015/11/04 11:40:13.108] (INFO) Alien monitor (aliend): Detected no space aliens.
[2015/11/04 11:40:13.108] (INFO) Rolling 7 log file(s)...
[2015/11/04 11:40:13.108] (ERROR) Blocked SSH traffic originating from 10.205.184.24.
[2015/11/04 11:40:13.108] (INFO) User "gek4454" logged in from 172.16.88.43.
[2015/11/04 11:40:13.108] (INFO) Backed up all server logs.
[2015/11/04 11:40:13.108] (INFO) Alien monitor (aliend): Detected no space aliens.
[2015/11/04 11:40:13.108] (WARN) Dropped 15,630 corrupt data packets.
[2015/11/04 11:40:13.108] (INFO) Checkpointing off-heap server memory...
[2015/11/04 11:40:13.108] (ERROR) Blocked SSH traffic originating from 172.16.91.26.
[2015/11/04 11:40:13.108] (INFO) .evian ylbirret si emehcs otpyrc ym neht ,siht daer nac uoy fI
[2015/11/04 11:40:13.108] (INFO) Sending SIGTERM to 2 excess workers.
[2015/11/04 11:40:13.108] (INFO) User "vej5660" logged in from 192.168.5.144.
[2015/11/04 11:40:13.108] (INFO) Pinging watchdog timer process: Process is alive.
[2015/11/04 11:40:13.108] (WARN) Backup server 192.168.30.245 is offline.
[2015/11/04 11:40:13.607] (INFO) Flushed 76 buffers to disk.
[2015/11/04 11:40:13.607] (INFO) Waiting for master process (PID 40053) to die.
[2015/11/04 11:40:13.607] (INFO) Waiting for supervisor process (PID 19206) to die.
[2015/11/04 11:40:13.607] (INFO) Device 0xd806 is online.
[2015/11/04 11:40:13.607] (ERROR) "/var/data/tslXy58863.zip": Permission denied (EACCES)
[2015/11/04 11:40:13.607] (INFO) Backed up all server logs.
[2015/11/04 11:40:13.607] (INFO) User "ygm8678" logged out.
[2015/11/04 11:40:13.607] (INFO) User "hfr2179" logged in from 10.166.8.89.
[2015/11/04 11:40:13.607] (INFO) .evian ylbirret si emehcs otpyrc ym neht ,siht daer nac uoy fI
[2015/11/04 11:40:13.607] (INFO) Network heartbeat check: All OK.
[2015/11/04 11:40:13.607] (INFO) Network heartbeat check: All OK.
[2015/11/04 11:40:13.607] (INFO) Rolling 6 log file(s)...
[2015/11/04 11:40:13.607] (INFO) .evian ylbirret si emehcs otpyrc ym neht ,siht daer nac uoy fI
[2015/11/04 11:40:13.607] (INFO) Network heartbeat check: All OK.
[2015/11/04 11:40:13.607] (INFO) Checkpointing off-heap server memory...
[2015/11/04 11:40:13.607] (INFO) Alien monitor (aliend): Detected no space aliens.
[2015/11/04 11:40:13.607] (INFO) Waiting for supervisor process (PID 28368) to die.
[2015/11/04 11:40:13.607] (ERROR) Detected incoming DDoS from 172.16.187.96.
[2015/11/04 11:40:13.607] (INFO) Waiting for worker process (PID 51087) to die.
[2015/11/04 11:40:13.607] (INFO) Backed up all server logs.
[2015/11/04 11:40:13.607] (INFO) Alien monitor (aliend): Detected no space aliens.
[2015/11/04 11:40:13.607] (INFO) Alien monitor (aliend): Detected no space aliens.
[2015/11/04 11:40:13.607] (ERROR) "/var/data/eEHYp51757.tar.gz": Permission denied (EACCES)
[2015/11/04 11:40:13.607] (INFO) Your mother called. She says you never call her.
[2015/11/04 11:40:13.607] (INFO) Device 0xd655 is online.
[2015/11/04 11:40:13.607] (WARN) Space on disk /dev/sdc2 is low: Only 688 MB available.
[2015/11/04 11:40:13.607] (INFO) Network heartbeat check: All OK.
[2015/11/04 11:40:13.607] (INFO) Device 0xa2ad is online.
[2015/11/04 11:40:13.607] (INFO) Supervisor has entered RESTARTING state.
[2015/11/04 11:40:13.607] (INFO) Checked file systems for errors: All filesystems OK.
[2015/11/04 11:40:13.607] (INFO) Checked file systems for errors: All filesystems OK.
[2015/11/04 11:40:13.607] (ERROR) Detected incoming DDoS from 172.16.130.139.
[2015/11/04 11:40:13.607] (INFO) Sending SIGTERM to 3 excess workers.
[2015/11/04 11:40:13.607] (INFO) Checkpointing off-heap server memory...
[2015/11/04 11:40:13.607] (INFO) Your mother called. She says you never call her.
[2015/11/04 11:40:13.607] (WARN) Master took 830 ms to respond (threshold=500 ms)
[2015/11/04 11:40:13.607] (INFO) Pinging watchdog timer process: Process is alive.
[2015/11/04 11:40:13.607] (ERROR) CPU temperature exceeds 50º Celsius. Shutting down.
[2015/11/04 11:40:13.607] (INFO) Rolling 2 log file(s)...
[2015/11/04 11:40:13.607] (INFO) Backed up all server logs.
[2015/11/04 11:40:13.607] (INFO) Checked file systems for errors: All filesystems OK.
[2015/11/04 11:40:13.607] (WARN) Backup server 172.16.188.99 is offline.
[2015/11/04 11:40:13.607] (ERROR) "/var/data/Tuwza84248.xslx": No such file or directory (ENOENT)
[2015/11/04 11:40:13.607] (INFO) User "urt6854" logged out due to inactivity (timeout=30 minutes).
[2015/11/04 11:40:13.607] (INFO) .evian ylbirret si emehcs otpyrc ym neht ,siht daer nac uoy fI
[2015/11/04 11:40:13.607] (INFO) Checkpointing off-heap server memory...
[2015/11/04 11:40:13.607] (WARN) Dropped 7,415 corrupt data packets.
[2015/11/04 11:40:13.607] (INFO) Waiting for supervisor process (PID 13326) to die.
[2015/11/04 11:40:13.607] (INFO) Checked file systems for errors: All filesystems OK.
[2015/11/04 11:40:13.607] (INFO) User "rrc7983" logged in from 172.16.189.137.
[2015/11/04 11:40:13.607] (INFO) Pinging watchdog timer process: Process is alive.
[2015/11/04 11:40:13.607] (INFO) User "yat3900" logged out due to inactivity (timeout=30 minutes).
[2015/11/04 11:40:13.607] (INFO) Checkpointing off-heap server memory...
[2015/11/04 11:40:13.607] (INFO) Checked file systems for errors: All filesystems OK.
[2015/11/04 11:40:13.607] (INFO) Checkpointing off-heap server memory...
[2015/11/04 11:40:13.607] (INFO) Waiting for supervisor process (PID 39149) to die.
[2015/11/04 11:40:13.607] (INFO) .evian ylbirret si emehcs otpyrc ym neht ,siht daer nac uoy fI
[2015/11/04 11:40:13.607] (INFO) Device 0xaa74 is online.
[2015/11/04 11:40:13.607] (INFO) Alien monitor (aliend): Detected no space aliens.
[2015/11/04 11:40:13.607] (INFO) User "rub7027" logged in from 192.168.169.139.
[2015/11/04 11:40:13.607] (ERROR) Extra characters at end of line.
[2015/11/04 11:40:13.607] (ERROR) Detected incoming DDoS from 172.16.209.245.
[2015/11/04 11:40:13.607] (INFO) Backed up all server logs.
[2015/11/04 11:40:13.607] (INFO) Sending SIGTERM to 2 excess workers.
[2015/11/04 11:40:13.607] (INFO) Pinging watchdog timer process: Process is alive.
[2015/11/04 11:40:13.607] (INFO) User "eqw9694" logged out.
[2015/11/04 11:40:13.607] (INFO) Flushed 99 buffers to disk.
[2015/11/04 11:40:13.607] (INFO) User "jrq6751" logged out.
[2015/11/04 11:40:13.607] (INFO) Supervisor has entered SUSPENDED state.
[2015/11/04 11:40:13.607] (INFO) Backed up all server logs.
[2015/11/04 11:40:13.607] (INFO) Checked file systems for errors: All filesystems OK.
[2015/11/04 11:40:13.607] (ERROR) Alien monitor (aliend): 4 space aliens are fiddling with the hardware!
[2015/11/04 11:40:13.607] (INFO) Supervisor has entered SUSPENDED state.
[2015/11/04 11:40:13.607] (INFO) Your mother called. She says you never call her.
[2015/11/04 11:40:13.607] (WARN) There is no such thing as a free lunch.
[2015/11/04 11:40:13.607] (INFO) Checked file systems for errors: All filesystems OK.
[2015/11/04 11:40:13.607] (INFO) Sending SIGTERM to 3 excess workers.
[2015/11/04 11:40:13.607] (INFO) Pinging watchdog timer process: Process is alive.
[2015/11/04 11:40:13.607] (WARN) Master took 688 ms to respond (threshold=500 ms)
[2015/11/04 11:40:13.607] (INFO) Checked file systems for errors: All filesystems OK.
[2015/11/04 11:40:13.607] (INFO) Supervisor has entered RUNNING state.
[2015/11/04 11:40:13.607] (ERROR) Unable to mount /dev/sda2. (Time to run fsck?)
[2015/11/04 11:40:13.607] (INFO) Alien monitor (aliend): Detected no space aliens.
[2015/11/04 11:40:13.607] (INFO) Checkpointing off-heap server memory...
[2015/11/04 11:40:13.607] (ERROR) "/var/data/hFRCc65735.xml": No such file or directory (ENOENT)
[2015/11/04 11:40:13.607] (INFO) Rolling 4 log file(s)...
[2015/11/04 11:40:13.607] (WARN) CPU temperature exceeds 40º Celsius.
[2015/11/04 11:40:13.607] (INFO) Supervisor has entered RUNNING state.
[2015/11/04 11:40:13.607] (INFO) Sending SIGTERM to 4 excess workers.
[2015/11/04 11:40:13.607] (INFO) Sending SIGTERM to 3 excess workers.
[2015/11/04 11:40:13.607] (INFO) Checked file systems for errors: All filesystems OK.
[2015/11/04 11:40:13.607] (ERROR) Alien monitor (aliend): 3 space aliens are fiddling with the hardware!
[2015/11/04 11:40:13.607] (INFO) User "btn7434" logged out.
[2015/11/04 11:40:13.607] (INFO) Network heartbeat check: All OK.
[2015/11/04 11:40:13.607] (INFO) User "keq3632" logged out due to inactivity (timeout=30 minutes).
[2015/11/04 11:40:13.607] (INFO) Rolling 6 log file(s)...
[2015/11/04 11:40:13.607] (INFO) Your mother called. She says you never call her.
[2015/11/04 11:40:13.607] (INFO) Network heartbeat check: All OK.
[2015/11/04 11:40:13.607] (INFO) Sending SIGTERM to 2 excess workers.
[2015/11/04 11:40:13.607] (WARN) Network heartbeat check: 11 server(s) did not respond.
[2015/11/04 11:40:14.107] (ERROR) "/var/data/MIGzp75671.xslx": No such file or directory (ENOENT)
[2015/11/04 11:40:14.107] (ERROR) Directory index of "/var/data" is forbidden.
[2015/11/04 11:40:14.107] (INFO) User "zfi1458" logged in from 10.70.132.229.
[2015/11/04 11:40:14.107] (INFO) Pinging watchdog timer process: Process is alive.
[2015/11/04 11:40:14.107] (INFO) Network heartbeat check: All OK.
[2015/11/04 11:40:14.107] (INFO) User "dmo3009" logged out due to inactivity (timeout=30 minutes).
[2015/11/04 11:40:14.107] (WARN) Space on disk /dev/sdd4 is low: Only 200 MB available.
[2015/11/04 11:40:14.107] (INFO) Checked file systems for errors: All filesystems OK.
[2015/11/04 11:40:14.107] (INFO) Checkpointing off-heap server memory...
[2015/11/04 11:40:14.107] (INFO) Your mother called. She says you never call her.
[2015/11/04 11:40:14.107] (ERROR) Server log backup FAILED. See backup logs.
[2015/11/04 11:40:14.107] (INFO) Waiting for worker process (PID 49516) to die.
[2015/11/04 11:40:14.107] (INFO) Your mother called. She says you never call her.
[2015/11/04 11:40:14.107] (INFO) Rolling 4 log file(s)...
[2015/11/04 11:40:14.107] (INFO) Your mother called. She says you never call her.
[2015/11/04 11:40:14.107] (INFO) Pinging watchdog timer process: Process is alive.
[2015/11/04 11:40:14.107] (INFO) Checked file systems for errors: All filesystems OK.
[2015/11/04 11:40:14.107] (INFO) Supervisor has entered WAITING state.
[2015/11/04 11:40:14.107] (WARN) Unable to ping supervisor at 10.240.27.100. Retrying.
[2015/11/04 11:40:14.107] (INFO) User "gtw4817" logged out.
[2015/11/04 11:40:14.107] (INFO) Waiting for master process (PID 37855) to die.
[2015/11/04 11:40:14.107] (INFO) Pinging watchdog timer process: Process is alive.
[2015/11/04 11:40:14.107] (INFO) Supervisor has entered SUSPENDED state.
[2015/11/04 11:40:14.107] (ERROR) Blocked Little Bobby Tables attack (https://xkcd.com/327/) from 192.168.211.33.
[2015/11/04 11:40:14.107] (WARN) Network heartbeat check: 8 server(s) did not respond.
[2015/11/04 11:40:14.107] (INFO) Pinging watchdog timer process: Process is alive.
[2015/11/04 11:40:14.107] (INFO) Pinging watchdog timer process: Process is alive.
[2015/11/04 11:40:14.107] (INFO) Rolling 7 log file(s)...
[2015/11/04 11:40:14.107] (WARN) Dropped 19,856 corrupt data packets.
[2015/11/04 11:40:14.107] (WARN) CPU temperature exceeds 40º Celsius.
[2015/11/04 11:40:14.107] (INFO) Sending SIGTERM to 3 excess workers.
[2015/11/04 11:40:14.107] (INFO) Network heartbeat check: All OK.
[2015/11/04 11:40:14.107] (INFO) Checked file systems for errors: All filesystems OK.
[2015/11/04 11:40:14.107] (INFO) Network heartbeat check: All OK.
[2015/11/04 11:40:14.107] (ERROR) Unable to mount /dev/sdc4. (Time to run fsck?)
[2015/11/04 11:40:14.107] (INFO) Waiting for supervisor process (PID 20218) to die.
[2015/11/04 11:40:14.107] (INFO) Network heartbeat check: All OK.
[2015/11/04 11:40:14.107] (INFO) Waiting for worker process (PID 26654) to die.
[2015/11/04 11:40:14.107] (INFO) Sending SIGTERM to 4 excess workers.
[2015/11/04 11:40:14.107] (INFO) User "ziz5006" logged in from 192.168.212.21.
[2015/11/04 11:40:14.107] (INFO) Checkpointing off-heap server memory...
[2015/11/04 11:40:14.107] (INFO) Device 0x180f is online.
[2015/11/04 11:40:14.107] (INFO) Rolling 9 log file(s)...
[2015/11/04 11:40:14.107] (WARN) Network heartbeat check: 8 server(s) did not respond.
[2015/11/04 11:40:14.107] (INFO) Checked file systems for errors: All filesystems OK.
[2015/11/04 11:40:14.107] (INFO) Waiting for master process (PID 36386) to die.
[2015/11/04 11:40:14.107] (INFO) Pinging watchdog timer process: Process is alive.
[2015/11/04 11:40:14.107] (INFO) Waiting for worker process (PID 7988) to die.
[2015/11/04 11:40:14.107] (WARN) Watchdog timer crashed. Restarting it.
[2015/11/04 11:40:14.107] (WARN) There is no such thing as a free lunch.
[2015/11/04 11:40:14.107] (WARN) Backup server 172.16.22.22 is offline.
[2015/11/04 11:40:14.107] (INFO) Supervisor has entered WAITING state.
[2015/11/04 11:40:14.107] (INFO) Your mother called. She says you never call her.
[2015/11/04 11:40:14.107] (WARN) Watchdog timer crashed. Restarting it.
[2015/11/04 11:40:14.107] (INFO) Waiting for monitor process (PID 30224) to die.
[2015/11/04 11:40:14.107] (INFO) Backed up all server logs.
[2015/11/04 11:40:14.107] (INFO) .evian ylbirret si emehcs otpyrc ym neht ,siht daer nac uoy fI
[2015/11/04 11:40:14.107] (INFO) Pinging watchdog timer process: Process is alive.
[2015/11/04 11:40:14.107] (INFO) .evian ylbirret si emehcs otpyrc ym neht ,siht daer nac uoy fI
[2015/11/04 11:40:14.107] (INFO) Checked file systems for errors: All filesystems OK.
[2015/11/04 11:40:14.107] (INFO) Backed up all server logs.
[2015/11/04 11:40:14.107] (INFO) Checked file systems for errors: All filesystems OK.
[2015/11/04 11:40:14.107] (INFO) Device 0xdd2b is online.
[2015/11/04 11:40:14.107] (INFO) Device 0x01b1 is online.
[2015/11/04 11:40:14.107] (INFO) Checkpointing off-heap server memory...
[2015/11/04 11:40:14.107] (INFO) Sending SIGTERM to 4 excess workers.
[2015/11/04 11:40:14.107] (INFO) Rolling 9 log file(s)...
[2015/11/04 11:40:14.107] (INFO) Pinging watchdog timer process: Process is alive.
[2015/11/04 11:40:14.107] (INFO) Rolling 9 log file(s)...
[2015/11/04 11:40:14.107] (INFO) Checked file systems for errors: All filesystems OK.
[2015/11/04 11:40:14.107] (WARN) Ignoring SIGTERM. It's not that easy to get rid of me.
[2015/11/04 11:40:14.107] (INFO) User "cav4191" logged in from 192.168.238.21.
[2015/11/04 11:40:14.107] (ERROR) "/var/data/Tgarv93193.csv": Permission denied (EACCES)
[2015/11/04 11:40:14.107] (INFO) Flushed 89 buffers to disk.
[2015/11/04 11:40:14.107] (ERROR) Network heartbeat check FAILED: Master host down?
[2015/11/04 11:40:14.107] (INFO) Rolling 2 log file(s)...
[2015/11/04 11:40:14.107] (INFO) Alien monitor (aliend): Detected no space aliens.
[2015/11/04 11:40:14.107] (ERROR) Blocked BitTorrent traffic originating from 172.16.42.22.
[2015/11/04 11:40:14.107] (INFO) User "niq1339" logged in from 172.16.150.163.
[2015/11/04 11:40:14.107] (INFO) Pinging watchdog timer process: Process is alive.
[2015/11/04 11:40:14.107] (INFO) Network heartbeat check: All OK.
[2015/11/04 11:40:14.107] (INFO) User "ppz2187" logged out due to inactivity (timeout=30 minutes).
[2015/11/04 11:40:14.107] (ERROR) /dev/lp error: "PC LOAD LETTER"
[2015/11/04 11:40:14.107] (INFO) Waiting for master process (PID 12396) to die.
[2015/11/04 11:40:14.107] (INFO) User "jmj3491" logged out due to inactivity (timeout=30 minutes).
[2015/11/04 11:40:14.107] (INFO) Alien monitor (aliend): Detected no space aliens.
[2015/11/04 11:40:14.107] (INFO) Backed up all server logs.
[2015/11/04 11:40:14.107] (INFO) User "ujb6187" logged in from 172.16.216.240.
[2015/11/04 11:40:14.107] (INFO) Pinging watchdog timer process: Process is alive.
[2015/11/04 11:40:14.107] (INFO) Flushed 78 buffers to disk.
[2015/11/04 11:40:14.107] (INFO) Your mother called. She says you never call her.
[2015/11/04 11:40:14.107] (INFO) Supervisor has entered WAITING state.
[2015/11/04 11:40:14.107] (INFO) Checkpointing off-heap server memory...
[2015/11/04 11:40:14.107] (INFO) Supervisor has entered SUSPENDED state.
[2015/11/04 11:40:14.107] (INFO) Supervisor has entered WAITING state.
[2015/11/04 11:40:14.107] (INFO) Device 0x0ba4 is online.
[2015/11/04 11:40:14.107] (INFO) User "abn5288" logged out due to inactivity (timeout=30 minutes).
[2015/11/04 11:40:14.107] (INFO) Sending SIGTERM to 3 excess workers.
[2015/11/04 11:40:14.107] (ERROR) Server log backup FAILED. See backup logs.
[2015/11/04 11:40:14.107] (INFO) Flushed 74 buffers to disk.
[2015/11/04 11:40:14.607] (WARN) Ignoring SIGTERM. It's not that easy to get rid of me.
[2015/11/04 11:40:14.607] (INFO) Pinging watchdog timer process: Process is alive.
[2015/11/04 11:40:14.607] (ERROR) Failed to write checkpoint file "/var/checkpoint/QphJh89727: No space left on device (ENOSPC)
[2015/11/04 11:40:14.607] (INFO) Backed up all server logs.
[2015/11/04 11:40:14.607] (INFO) Waiting for master process (PID 3229) to die.
[2015/11/04 11:40:14.607] (INFO) Alien monitor (aliend): Detected no space aliens.
[2015/11/04 11:40:14.607] (ERROR) Worker 1 died with SIGSTOP. Restarting it.
[2015/11/04 11:40:14.607] (INFO) Backed up all server logs.
[2015/11/04 11:40:14.607] (INFO) Backed up all server logs.
[2015/11/04 11:40:14.607] (INFO) User "zjx3258" logged out.
[2015/11/04 11:40:14.607] (INFO) Backed up all server logs.
[2015/11/04 11:40:14.607] (INFO) Your mother called. She says you never call her.
[2015/11/04 11:40:14.607] (INFO) Checkpointing off-heap server memory...
[2015/11/04 11:40:14.607] (WARN) There is no such thing as a free lunch.
[2015/11/04 11:40:14.607] (INFO) User "erf4746" logged in from 192.168.48.16.
[2015/11/04 11:40:14.607] (WARN) Unable to ping master at 10.67.238.52. Retrying.
[2015/11/04 11:40:14.607] (ERROR) Unable to mount /dev/sdc3. (Time to run fsck?)
[2015/11/04 11:40:14.607] (INFO) Rolling 8 log file(s)...
[2015/11/04 11:40:14.607] (INFO) User "itt1228" logged out due to inactivity (timeout=30 minutes).
[2015/11/04 11:40:14.607] (INFO) Waiting for master process (PID 61293) to die.
[2015/11/04 11:40:14.607] (INFO) .evian ylbirret si emehcs otpyrc ym neht ,siht daer nac uoy fI
[2015/11/04 11:40:14.607] (INFO) Rolling 3 log file(s)...
[2015/11/04 11:40:14.607] (INFO) Checked file systems for errors: All filesystems OK.
[2015/11/04 11:40:14.607] (ERROR) EFOODFAIL (Waiter, there's a fly in my soup).
[2015/11/04 11:40:14.607] (INFO) Waiting for supervisor process (PID 62643) to die.
[2015/11/04 11:40:14.607] (WARN) CPU temperature exceeds 40º Celsius.
[2015/11/04 11:40:14.607] (INFO) Device 0x527d is online.
[2015/11/04 11:40:14.607] (INFO) Checkpointing off-heap server memory...
[2015/11/04 11:40:14.607] (WARN) CPU temperature exceeds 40º Celsius.
[2015/11/04 11:40:14.607] (INFO) User "ijx3282" logged in from 10.94.24.233.
[2015/11/04 11:40:14.607] (INFO) User "nnf1449" logged out due to inactivity (timeout=30 minutes).
[2015/11/04 11:40:14.607] (INFO) Pinging watchdog timer process: Process is alive.
[2015/11/04 11:40:14.607] (ERROR) Directory index of "/var/data" is forbidden.
[2015/11/04 11:40:14.607] (INFO) Rolling 1 log file(s)...
[2015/11/04 11:40:14.607] (ERROR) CPU temperature exceeds 50º Celsius. Shutting down.
[2015/11/04 11:40:14.607] (INFO) Backed up all server logs.
[2015/11/04 11:40:14.607] (ERROR) User "dfu7551" failed to log in 3 times. Disabling account.
[2015/11/04 11:40:14.607] (INFO) Your mother called. She says you never call her.
[2015/11/04 11:40:14.607] (INFO) .evian ylbirret si emehcs otpyrc ym neht ,siht daer nac uoy fI
[2015/11/04 11:40:14.607] (ERROR) Unable to authenticate user "uia4102": LDAP server isn't responding.
[2015/11/04 11:40:14.607] (INFO) Rolling 2 log file(s)...
[2015/11/04 11:40:14.607] (INFO) User "hyi6810" logged out due to inactivity (timeout=30 minutes).
[2015/11/04 11:40:14.607] (INFO) .evian ylbirret si emehcs otpyrc ym neht ,siht daer nac uoy fI
[2015/11/04 11:40:14.607] (INFO) Alien monitor (aliend): Detected no space aliens.
[2015/11/04 11:40:14.607] (INFO) Device 0x5a83 is online.
[2015/11/04 11:40:14.607] (INFO) Waiting for supervisor process (PID 10103) to die.
[2015/11/04 11:40:14.607] (INFO) Network heartbeat check: All OK.
[2015/11/04 11:40:14.607] (INFO) User "lzg5732" logged out due to inactivity (timeout=30 minutes).
[2015/11/04 11:40:14.607] (ERROR) One of the flayrods has gone out askew on treadle.
[2015/11/04 11:40:14.607] (INFO) Alien monitor (aliend): Detected no space aliens.
[2015/11/04 11:40:14.607] (INFO) User "hbl7878" logged in from 172.16.213.118.
[2015/11/04 11:40:14.607] (INFO) User "jvl2330" logged in from 192.168.209.125.
[2015/11/04 11:40:14.607] (INFO) Alien monitor (aliend): Detected no space aliens.
[2015/11/04 11:40:14.607] (INFO) Rolling 6 log file(s)...
[2015/11/04 11:40:14.607] (INFO) .evian ylbirret si emehcs otpyrc ym neht ,siht daer nac uoy fI
[2015/11/04 11:40:14.607] (INFO) Rolling 5 log file(s)...
[2015/11/04 11:40:14.607] (WARN) CPU temperature exceeds 40º Celsius.
[2015/11/04 11:40:14.607] (INFO) Waiting for master process (PID 7544) to die.
[2015/11/04 11:40:14.607] (WARN) Dropped 128 corrupt data packets.
[2015/11/04 11:40:14.607] (INFO) Supervisor has entered RESTARTING state.
[2015/11/04 11:40:14.607] (INFO) User "igy3868" logged out due to inactivity (timeout=30 minutes).
[2015/11/04 11:40:14.607] (WARN) Retrying server log checkpoint.
[2015/11/04 11:40:14.607] (WARN) Retrying server log checkpoint.
[2015/11/04 11:40:14.607] (INFO) Checkpointing off-heap server memory...
[2015/11/04 11:40:14.607] (INFO) Checked file systems for errors: All filesystems OK.
[2015/11/04 11:40:14.607] (WARN) There is no such thing as a free lunch.
[2015/11/04 11:40:14.607] (INFO) User "zhs8531" logged out due to inactivity (timeout=30 minutes).
[2015/11/04 11:40:14.607] (INFO) Checked file systems for errors: All filesystems OK.
[2015/11/04 11:40:14.607] (WARN) Network heartbeat check: 6 server(s) did not respond.
[2015/11/04 11:40:14.607] (WARN) Possible cyber-attack from Russia.
[2015/11/04 11:40:14.607] (WARN) Space on disk /dev/sda4 is low: Only 636 MB available.
[2015/11/04 11:40:14.607] (INFO) Checkpointing off-heap server memory...
[2015/11/04 11:40:14.607] (WARN) Ignoring SIGTERM. It's not that easy to get rid of me.
[2015/11/04 11:40:14.607] (WARN) Space on disk /dev/sdb3 is low: Only 230 MB available.
[2015/11/04 11:40:14.607] (INFO) User "nbg7518" logged out.
[2015/11/04 11:40:14.607] (WARN) Space on disk /dev/sdb4 is low: Only 665 MB available.
[2015/11/04 11:40:14.607] (INFO) Waiting for supervisor process (PID 4510) to die.
[2015/11/04 11:40:14.607] (INFO) Rolling 1 log file(s)...
[2015/11/04 11:40:14.607] (INFO) User "brx4057" logged out.
[2015/11/04 11:40:14.607] (INFO) Pinging watchdog timer process: Process is alive.
[2015/11/04 11:40:14.607] (INFO) Sending SIGTERM to 2 excess workers.
[2015/11/04 11:40:14.607] (INFO) Your mother called. She says you never call her.
[2015/11/04 11:40:14.607] (INFO) Sending SIGTERM to 3 excess workers.
[2015/11/04 11:40:14.607] (INFO) Checkpointing off-heap server memory...
[2015/11/04 11:40:14.607] (INFO) Alien monitor (aliend): Detected no space aliens.
[2015/11/04 11:40:14.607] (INFO) Backed up all server logs.
[2015/11/04 11:40:14.607] (INFO) User "cdc3961" logged in from 172.16.252.10.
[2015/11/04 11:40:14.607] (ERROR) "/var/data/vUBQc63512.parquet": Permission denied (EACCES)
[2015/11/04 11:40:14.607] (INFO) Sending SIGTERM to 4 excess workers.
[2015/11/04 11:40:14.607] (INFO) Backed up all server logs.
[2015/11/04 11:40:14.607] (INFO) User "ywm6067" logged out.
[2015/11/04 11:40:14.607] (INFO) Alien monitor (aliend): Detected no space aliens.
[2015/11/04 11:40:14.607] (INFO) User "erf6385" logged out due to inactivity (timeout=30 minutes).
[2015/11/04 11:40:14.607] (ERROR) Alien monitor (aliend): 4 space aliens are fiddling with the hardware!
[2015/11/04 11:40:14.607] (INFO) Rolling 1 log file(s)...
[2015/11/04 11:40:14.607] (INFO) Backed up all server logs.
[2015/11/04 11:40:14.607] (INFO) Waiting for master process (PID 29918) to die.
[2015/11/04 11:40:14.607] (INFO) Backed up all server logs.
[2015/11/04 11:40:14.607] (INFO) Backed up all server logs.
[2015/11/04 11:40:14.607] (INFO) Network heartbeat check: All OK.
[2015/11/04 11:40:15.107] (ERROR) Unable to authenticate user "vmv8662": LDAP server isn't responding.
[2015/11/04 11:40:15.107] (INFO) Sending SIGTERM to 4 excess workers.
[2015/11/04 11:40:15.107] (ERROR) User "gto6996" failed to log in 3 times. Disabling account.
[2015/11/04 11:40:15.107] (INFO) Rolling 4 log file(s)...
[2015/11/04 11:40:15.107] (INFO) Rolling 3 log file(s)...
[2015/11/04 11:40:15.107] (INFO) Your mother called. She says you never call her.
[2015/11/04 11:40:15.107] (ERROR) Connection to 172.16.249.23 terminated unexpectedly. Reconnecting.
[2015/11/04 11:40:15.107] (INFO) Supervisor has entered RESTARTING state.
[2015/11/04 11:40:15.107] (ERROR) Server log backup FAILED. See backup logs.
[2015/11/04 11:40:15.107] (INFO) Your mother called. She says you never call her.
[2015/11/04 11:40:15.107] (INFO) User "dyw2734" logged out due to inactivity (timeout=30 minutes).
[2015/11/04 11:40:15.107] (INFO) User "fob1294" logged in from 172.16.250.99.
[2015/11/04 11:40:15.107] (WARN) Network heartbeat check: 8 server(s) did not respond.
[2015/11/04 11:40:15.107] (INFO) .evian ylbirret si emehcs otpyrc ym neht ,siht daer nac uoy fI
[2015/11/04 11:40:15.107] (INFO) Waiting for monitor process (PID 2725) to die.
[2015/11/04 11:40:15.107] (INFO) Sending SIGTERM to 4 excess workers.
[2015/11/04 11:40:15.107] (INFO) Device 0x98ed is online.
[2015/11/04 11:40:15.107] (INFO) Checkpointing off-heap server memory...
[2015/11/04 11:40:15.107] (INFO) Your mother called. She says you never call her.
[2015/11/04 11:40:15.107] (INFO) Checkpointing off-heap server memory...
[2015/11/04 11:40:15.107] (WARN) Backup server 192.168.182.70 is offline.
[2015/11/04 11:40:15.107] (INFO) User "yqw5520" logged out.
[2015/11/04 11:40:15.107] (INFO) User "tpl2862" logged out.
[2015/11/04 11:40:15.107] (INFO) User "fra2636" logged in from 10.105.126.174.
[2015/11/04 11:40:15.107] (INFO) User "gto5040" logged in from 172.16.53.243.
[2015/11/04 11:40:15.107] (INFO) Network heartbeat check: All OK.
[2015/11/04 11:40:15.107] (INFO) Backed up all server logs.
[2015/11/04 11:40:15.107] (INFO) .evian ylbirret si emehcs otpyrc ym neht ,siht daer nac uoy fI
[2015/11/04 11:40:15.107] (INFO) Alien monitor (aliend): Detected no space aliens.
[2015/11/04 11:40:15.107] (INFO) Network heartbeat check: All OK.
[2015/11/04 11:40:15.107] (INFO) Your mother called. She says you never call her.
[2015/11/04 11:40:15.107] (INFO) Your mother called. She says you never call her.
[2015/11/04 11:40:15.107] (INFO) User "bzt9286" logged out.
[2015/11/04 11:40:15.107] (INFO) User "ukx1097" logged out.
[2015/11/04 11:40:15.107] (INFO) Alien monitor (aliend): Detected no space aliens.
[2015/11/04 11:40:15.107] (INFO) Pinging watchdog timer process: Process is alive.
[2015/11/04 11:40:15.107] (INFO) User "oho5365" logged in from 192.168.30.62.
[2015/11/04 11:40:15.107] (INFO) Sending SIGTERM to 3 excess workers.
[2015/11/04 11:40:15.107] (INFO) Device 0x0155 is online.
[2015/11/04 11:40:15.107] (INFO) Checkpointing off-heap server memory...
[2015/11/04 11:40:15.107] (INFO) Network heartbeat check: All OK.
[2015/11/04 11:40:15.107] (INFO) User "zha8307" logged in from 172.16.64.82.
[2015/11/04 11:40:15.107] (INFO) Supervisor has entered WAITING state.
[2015/11/04 11:40:15.107] (INFO) Your mother called. She says you never call her.
[2015/11/04 11:40:15.107] (INFO) Rolling 9 log file(s)...
[2015/11/04 11:40:15.107] (INFO) .evian ylbirret si emehcs otpyrc ym neht ,siht daer nac uoy fI
[2015/11/04 11:40:15.107] (INFO) Your mother called. She says you never call her.
[2015/11/04 11:40:15.107] (INFO) User "zeq5795" logged in from 192.168.117.163.
[2015/11/04 11:40:15.107] (INFO) Waiting for master process (PID 40415) to die.
[2015/11/04 11:40:15.107] (INFO) Backed up all server logs.
[2015/11/04 11:40:15.107] (INFO) Checkpointing off-heap server memory...
[2015/11/04 11:40:15.107] (INFO) Pinging watchdog timer process: Process is alive.
[2015/11/04 11:40:15.107] (INFO) Backed up all server logs.
[2015/11/04 11:40:15.107] (INFO) Checkpointing off-heap server memory...
[2015/11/04 11:40:15.107] (INFO) .evian ylbirret si emehcs otpyrc ym neht ,siht daer nac uoy fI
[2015/11/04 11:40:15.107] (INFO) Supervisor has entered WAITING state.
[2015/11/04 11:40:15.107] (ERROR) Device 0x5207 is offline
[2015/11/04 11:40:15.107] (INFO) Supervisor has entered RESTARTING state.
[2015/11/04 11:40:15.107] (WARN) Unable to ping monitor at 172.16.91.95. Retrying.
[2015/11/04 11:40:15.107] (INFO) User "peo9814" logged out.
[2015/11/04 11:40:15.107] (WARN) Retrying server log checkpoint.
[2015/11/04 11:40:15.107] (INFO) Network heartbeat check: All OK.
[2015/11/04 11:40:15.107] (INFO) Rolling 5 log file(s)...
[2015/11/04 11:40:15.107] (INFO) Waiting for worker process (PID 38134) to die.
[2015/11/04 11:40:15.107] (INFO) User "zic9057" logged out due to inactivity (timeout=30 minutes).
[2015/11/04 11:40:15.107] (INFO) User "bvk6970" logged out.
[2015/11/04 11:40:15.107] (INFO) .evian ylbirret si emehcs otpyrc ym neht ,siht daer nac uoy fI
[2015/11/04 11:40:15.107] (INFO) Pinging watchdog timer process: Process is alive.
[2015/11/04 11:40:15.107] (INFO) Waiting for supervisor process (PID 3301) to die.
[2015/11/04 11:40:15.107] (WARN) Space on disk /dev/sdb4 is low: Only 297 MB available.
[2015/11/04 11:40:15.107] (INFO) Checkpointing off-heap server memory...
[2015/11/04 11:40:15.107] (INFO) Checkpointing off-heap server memory...
[2015/11/04 11:40:15.107] (WARN) Network heartbeat check: 10 server(s) did not respond.
[2015/11/04 11:40:15.107] (INFO) Device 0xc463 is online.
[2015/11/04 11:40:15.107] (INFO) Pinging watchdog timer process: Process is alive.
[2015/11/04 11:40:15.107] (INFO) Network heartbeat check: All OK.
[2015/11/04 11:40:15.107] (INFO) Your mother called. She says you never call her.
[2015/11/04 11:40:15.107] (INFO) Waiting for supervisor process (PID 21094) to die.
[2015/11/04 11:40:15.107] (WARN) Possible cyber-attack from Mars.
[2015/11/04 11:40:15.107] (INFO) Backed up all server logs.
[2015/11/04 11:40:15.107] (INFO) Flushed 83 buffers to disk.
[2015/11/04 11:40:15.107] (INFO) Device 0xb1c8 is online.
[2015/11/04 11:40:15.107] (INFO) Waiting for master process (PID 14832) to die.
[2015/11/04 11:40:15.107] (INFO) User "kgi8013" logged in from 192.168.243.111.
[2015/11/04 11:40:15.107] (WARN) Space on disk /dev/sdf3 is low: Only 227 MB available.
[2015/11/04 11:40:15.107] (INFO) User "xnk6067" logged out due to inactivity (timeout=30 minutes).
[2015/11/04 11:40:15.107] (INFO) Rolling 4 log file(s)...
[2015/11/04 11:40:15.107] (WARN) Possible cyber-attack from Nebraska.
[2015/11/04 11:40:15.107] (INFO) Sending SIGTERM to 2 excess workers.
[2015/11/04 11:40:15.107] (ERROR) Detected clock skew! Restarting NTP server.
[2015/11/04 11:40:15.107] (INFO) User "dli5887" logged out due to inactivity (timeout=30 minutes).
[2015/11/04 11:40:15.107] (INFO) Flushed 74 buffers to disk.
[2015/11/04 11:40:15.107] (INFO) Waiting for worker process (PID 52397) to die.
[2015/11/04 11:40:15.107] (WARN) Dropped 3,942 corrupt data packets.
[2015/11/04 11:40:15.107] (INFO) Your mother called. She says you never call her.
[2015/11/04 11:40:15.107] (INFO) Network heartbeat check: All OK.
[2015/11/04 11:40:15.107] (INFO) Network heartbeat check: All OK.
[2015/11/04 11:40:15.107] (INFO) Your mother called. She says you never call her.
[2015/11/04 11:40:15.107] (INFO) Backed up all server logs.
[2015/11/04 11:40:15.107] (INFO) .evian ylbirret si emehcs otpyrc ym neht ,siht daer nac uoy fI
[2015/11/04 11:40:15.607] (ERROR) Unable to mount /dev/sdf4. (Time to run fsck?)
[2015/11/04 11:40:15.607] (ERROR) /dev/lp error: "PC LOAD LETTER"
[2015/11/04 11:40:15.607] (INFO) Rolling 1 log file(s)...
[2015/11/04 11:40:15.607] (ERROR) Extra characters at end of line.
[2015/11/04 11:40:15.607] (INFO) Network heartbeat check: All OK.
[2015/11/04 11:40:15.607] (ERROR) Alien monitor (aliend): 4 space aliens are fiddling with the hardware!
[2015/11/04 11:40:15.607] (INFO) Checkpointing off-heap server memory...
[2015/11/04 11:40:15.607] (INFO) Pinging watchdog timer process: Process is alive.
[2015/11/04 11:40:15.607] (INFO) Checked file systems for errors: All filesystems OK.
[2015/11/04 11:40:15.607] (INFO) Flushed 39 buffers to disk.
[2015/11/04 11:40:15.607] (INFO) Supervisor has entered RESTARTING state.
[2015/11/04 11:40:15.607] (INFO) Backed up all server logs.
[2015/11/04 11:40:15.607] (INFO) Flushed 25 buffers to disk.
[2015/11/04 11:40:15.607] (INFO) Rolling 7 log file(s)...
[2015/11/04 11:40:15.607] (INFO) User "dej3302" logged out.
[2015/11/04 11:40:15.607] (INFO) User "zua3585" logged out.
[2015/11/04 11:40:15.607] (INFO) Alien monitor (aliend): Detected no space aliens.
[2015/11/04 11:40:15.607] (INFO) Rolling 7 log file(s)...
[2015/11/04 11:40:15.607] (INFO) Checkpointing off-heap server memory...
[2015/11/04 11:40:15.607] (INFO) Checked file systems for errors: All filesystems OK.
[2015/11/04 11:40:15.607] (INFO) Backed up all server logs.
[2015/11/04 11:40:15.607] (ERROR) Network heartbeat check FAILED: Master host down?
[2015/11/04 11:40:15.607] (INFO) Device 0xfb0e is online.
[2015/11/04 11:40:15.607] (INFO) Pinging watchdog timer process: Process is alive.
[2015/11/04 11:40:15.607] (INFO) Pinging watchdog timer process: Process is alive.
[2015/11/04 11:40:15.607] (INFO) User "gpr7574" logged in from 10.144.100.204.
[2015/11/04 11:40:15.607] (INFO) Sending SIGTERM to 4 excess workers.
[2015/11/04 11:40:15.607] (INFO) Network heartbeat check: All OK.
[2015/11/04 11:40:15.607] (INFO) Supervisor has entered RESTARTING state.
[2015/11/04 11:40:15.607] (INFO) User "ygq1287" logged out.
[2015/11/04 11:40:15.607] (INFO) .evian ylbirret si emehcs otpyrc ym neht ,siht daer nac uoy fI
[2015/11/04 11:40:15.607] (INFO) Supervisor has entered RUNNING state.
[2015/11/04 11:40:15.607] (INFO) Backed up all server logs.
[2015/11/04 11:40:15.607] (ERROR) "/var/data/MrLdk92841.xslx": Permission denied (EACCES)
[2015/11/04 11:40:15.607] (INFO) User "jkh3843" logged in from 172.16.252.226.
[2015/11/04 11:40:15.607] (WARN) Network heartbeat check: 19 server(s) did not respond.
[2015/11/04 11:40:15.607] (ERROR) Detected clock skew! Restarting NTP server.
[2015/11/04 11:40:15.607] (ERROR) /dev/lp error: "PC LOAD LETTER"
[2015/11/04 11:40:15.607] (WARN) Retrying server log checkpoint.
[2015/11/04 11:40:15.607] (INFO) Backed up all server logs.
[2015/11/04 11:40:15.607] (INFO) Device 0xdf50 is online.
[2015/11/04 11:40:15.607] (INFO) Checked file systems for errors: All filesystems OK.
[2015/11/04 11:40:15.607] (ERROR) Worker 3 died with SIGFPE. Restarting it.
[2015/11/04 11:40:15.607] (INFO) Device 0x5858 is online.
[2015/11/04 11:40:15.607] (INFO) Flushed 97 buffers to disk.
[2015/11/04 11:40:15.607] (INFO) Network heartbeat check: All OK.
[2015/11/04 11:40:15.607] (ERROR) User "lop9501" failed to log in 3 times. Disabling account.
[2015/11/04 11:40:15.607] (INFO) Waiting for supervisor process (PID 12625) to die.
[2015/11/04 11:40:15.607] (INFO) Supervisor has entered WAITING state.
[2015/11/04 11:40:15.607] (INFO) Sending SIGTERM to 4 excess workers.
[2015/11/04 11:40:15.607] (INFO) User "suj1558" logged in from 192.168.223.178.
[2015/11/04 11:40:15.607] (INFO) User "ldj8613" logged out due to inactivity (timeout=30 minutes).
[2015/11/04 11:40:15.607] (INFO) Network heartbeat check: All OK.
[2015/11/04 11:40:15.607] (INFO) Backed up all server logs.
[2015/11/04 11:40:15.607] (INFO) Your mother called. She says you never call her.
[2015/11/04 11:40:15.607] (INFO) Sending SIGTERM to 4 excess workers.
[2015/11/04 11:40:15.607] (INFO) Device 0x5c75 is online.
[2015/11/04 11:40:15.607] (INFO) Pinging watchdog timer process: Process is alive.
[2015/11/04 11:40:15.607] (WARN) Master took 912 ms to respond (threshold=500 ms)
[2015/11/04 11:40:15.607] (INFO) Flushed 92 buffers to disk.
[2015/11/04 11:40:15.607] (INFO) Your mother called. She says you never call her.
[2015/11/04 11:40:15.607] (INFO) Waiting for monitor process (PID 63027) to die.
[2015/11/04 11:40:15.607] (INFO) User "pwg1931" logged out.
[2015/11/04 11:40:15.607] (WARN) Ignoring SIGTERM. It's not that easy to get rid of me.
[2015/11/04 11:40:15.607] (INFO) Waiting for monitor process (PID 44335) to die.
[2015/11/04 11:40:15.607] (ERROR) Failed to open "/mnt/fileserver02/LohzD73059.txt": NFS timeout.
[2015/11/04 11:40:15.607] (INFO) Sending SIGTERM to 2 excess workers.
[2015/11/04 11:40:15.607] (INFO) Checkpointing off-heap server memory...
[2015/11/04 11:40:15.607] (INFO) Rolling 9 log file(s)...
[2015/11/04 11:40:15.607] (INFO) Rolling 7 log file(s)...
[2015/11/04 11:40:15.607] (INFO) Sending SIGTERM to 4 excess workers.
[2015/11/04 11:40:15.607] (INFO) User "duy8087" logged out due to inactivity (timeout=30 minutes).
[2015/11/04 11:40:15.607] (INFO) Checked file systems for errors: All filesystems OK.
[2015/11/04 11:40:15.607] (INFO) Checked file systems for errors: All filesystems OK.
[2015/11/04 11:40:15.607] (INFO) User "pvr1349" logged out due to inactivity (timeout=30 minutes).
[2015/11/04 11:40:15.607] (INFO) Pinging watchdog timer process: Process is alive.
[2015/11/04 11:40:15.607] (INFO) User "yct9697" logged out due to inactivity (timeout=30 minutes).
[2015/11/04 11:40:15.607] (INFO) Alien monitor (aliend): Detected no space aliens.
[2015/11/04 11:40:15.607] (INFO) Checkpointing off-heap server memory...
[2015/11/04 11:40:15.607] (WARN) Retrying server log checkpoint.
[2015/11/04 11:40:15.607] (ERROR) "/var/data/lSVNh91581.csv": No such file or directory (ENOENT)
[2015/11/04 11:40:15.607] (INFO) Supervisor has entered RUNNING state.
[2015/11/04 11:40:15.607] (INFO) User "pgc1097" logged out due to inactivity (timeout=30 minutes).
[2015/11/04 11:40:15.607] (INFO) User "xsc6861" logged in from 172.16.40.74.
[2015/11/04 11:40:15.607] (ERROR) Worker 2 died with SIGSEGV. Restarting it.
[2015/11/04 11:40:15.607] (INFO) User "gte5733" logged out due to inactivity (timeout=30 minutes).
[2015/11/04 11:40:15.607] (WARN) Master took 919 ms to respond (threshold=500 ms)
[2015/11/04 11:40:15.607] (INFO) Alien monitor (aliend): Detected no space aliens.
[2015/11/04 11:40:15.607] (INFO) User "khn3941" logged in from 192.168.228.204.
[2015/11/04 11:40:15.607] (ERROR) Detected clock skew! Restarting NTP server.
[2015/11/04 11:40:15.607] (INFO) Rolling 5 log file(s)...
[2015/11/04 11:40:15.607] (INFO) Supervisor has entered SUSPENDED state.
[2015/11/04 11:40:15.607] (INFO) Alien monitor (aliend): Detected no space aliens.
[2015/11/04 11:40:15.607] (INFO) Sending SIGTERM to 3 excess workers.
[2015/11/04 11:40:15.607] (WARN) Network heartbeat check: 17 server(s) did not respond.
[2015/11/04 11:40:15.607] (INFO) Device 0x2a1b is online.
[2015/11/04 11:40:15.607] (ERROR) "/var/data/koauD63432.zip": No such file or directory (ENOENT)
[2015/11/04 11:40:15.607] (INFO) Sending SIGTERM to 3 excess workers.
[2015/11/04 11:40:15.607] (INFO) User "lvh7899" logged out due to inactivity (timeout=30 minutes).
[2015/11/04 11:40:15.607] (INFO) User "vlk5258" logged out due to inactivity (timeout=30 minutes).
[2015/11/04 11:40:16.107] (INFO) Your mother called. She says you never call her.
[2015/11/04 11:40:16.107] (WARN) Backup server 192.168.82.0 is offline.
[2015/11/04 11:40:16.107] (WARN) Possible cyber-attack from Russia.
[2015/11/04 11:40:16.107] (INFO) Checkpointing off-heap server memory...
[2015/11/04 11:40:16.107] (INFO) User "kle6432" logged out due to inactivity (timeout=30 minutes).
[2015/11/04 11:40:16.107] (INFO) Supervisor has entered SUSPENDED state.
[2015/11/04 11:40:16.107] (WARN) Space on disk /dev/sdb2 is low: Only 350 MB available.
[2015/11/04 11:40:16.107] (INFO) Checkpointing off-heap server memory...
[2015/11/04 11:40:16.107] (INFO) User "bcs6293" logged in from 192.168.253.103.
[2015/11/04 11:40:16.107] (INFO) Network heartbeat check: All OK.
[2015/11/04 11:40:16.107] (INFO) User "trr6178" logged out due to inactivity (timeout=30 minutes).
[2015/11/04 11:40:16.107] (INFO) User "jqp8414" logged out due to inactivity (timeout=30 minutes).
[2015/11/04 11:40:16.107] (INFO) .evian ylbirret si emehcs otpyrc ym neht ,siht daer nac uoy fI
[2015/11/04 11:40:16.107] (INFO) Network heartbeat check: All OK.
[2015/11/04 11:40:16.107] (INFO) Checkpointing off-heap server memory...
[2015/11/04 11:40:16.107] (INFO) Checked file systems for errors: All filesystems OK.
[2015/11/04 11:40:16.107] (INFO) Alien monitor (aliend): Detected no space aliens.
[2015/11/04 11:40:16.107] (INFO) Backed up all server logs.
[2015/11/04 11:40:16.107] (INFO) User "tgp9783" logged out.
[2015/11/04 11:40:16.107] (INFO) Pinging watchdog timer process: Process is alive.
[2015/11/04 11:40:16.107] (INFO) Your mother called. She says you never call her.
[2015/11/04 11:40:16.107] (INFO) Sending SIGTERM to 4 excess workers.
[2015/11/04 11:40:16.107] (INFO) User "dit9569" logged out due to inactivity (timeout=30 minutes).
[2015/11/04 11:40:16.107] (INFO) Rolling 8 log file(s)...
[2015/11/04 11:40:16.107] (ERROR) Detected incoming DDoS from 10.24.159.138.
[2015/11/04 11:40:16.107] (INFO) .evian ylbirret si emehcs otpyrc ym neht ,siht daer nac uoy fI
[2015/11/04 11:40:16.107] (INFO) Checkpointing off-heap server memory...
[2015/11/04 11:40:16.107] (WARN) Possible cyber-attack from Antarctica.
[2015/11/04 11:40:16.107] (INFO) Waiting for monitor process (PID 52823) to die.
[2015/11/04 11:40:16.107] (INFO) User "cen1450" logged out due to inactivity (timeout=30 minutes).
[2015/11/04 11:40:16.107] (INFO) User "xsi3426" logged out due to inactivity (timeout=30 minutes).
[2015/11/04 11:40:16.107] (INFO) Pinging watchdog timer process: Process is alive.
[2015/11/04 11:40:16.107] (INFO) User "eti4282" logged out due to inactivity (timeout=30 minutes).
[2015/11/04 11:40:16.107] (INFO) Sending SIGTERM to 4 excess workers.
[2015/11/04 11:40:16.107] (INFO) Supervisor has entered RUNNING state.
[2015/11/04 11:40:16.107] (INFO) Supervisor has entered WAITING state.
[2015/11/04 11:40:16.107] (INFO) Device 0x6039 is online.
[2015/11/04 11:40:16.107] (INFO) Checked file systems for errors: All filesystems OK.
[2015/11/04 11:40:16.107] (ERROR) Detected clock skew! Restarting NTP server.
[2015/11/04 11:40:16.107] (ERROR) Connection to 192.168.237.175 terminated unexpectedly. Reconnecting.
[2015/11/04 11:40:16.107] (INFO) Rolling 1 log file(s)...
[2015/11/04 11:40:16.107] (INFO) User "xpf6778" logged in from 10.82.17.62.
[2015/11/04 11:40:16.107] (INFO) User "sag5802" logged in from 192.168.55.250.
[2015/11/04 11:40:16.107] (INFO) Pinging watchdog timer process: Process is alive.
[2015/11/04 11:40:16.107] (INFO) Pinging watchdog timer process: Process is alive.
[2015/11/04 11:40:16.107] (ERROR) User "upk5838" failed to log in 3 times. Disabling account.
[2015/11/04 11:40:16.107] (INFO) Device 0x86c9 is online.
[2015/11/04 11:40:16.107] (WARN) Ignoring SIGTERM. It's not that easy to get rid of me.
[2015/11/04 11:40:16.107] (INFO) Flushed 37 buffers to disk.
[2015/11/04 11:40:16.107] (INFO) Sending SIGTERM to 4 excess workers.
[2015/11/04 11:40:16.107] (WARN) Watchdog timer crashed. Restarting it.
[2015/11/04 11:40:16.107] (INFO) User "nsw6838" logged out due to inactivity (timeout=30 minutes).
[2015/11/04 11:40:16.107] (INFO) Supervisor has entered SUSPENDED state.
[2015/11/04 11:40:16.107] (ERROR) Detected clock skew! Restarting NTP server.
[2015/11/04 11:40:16.107] (INFO) Your mother called. She says you never call her.
[2015/11/04 11:40:16.107] (INFO) Supervisor has entered WAITING state.
[2015/11/04 11:40:16.107] (INFO) Alien monitor (aliend): Detected no space aliens.
[2015/11/04 11:40:16.107] (ERROR) "/var/data/nsuaN50101.txt": No such file or directory (ENOENT)
[2015/11/04 11:40:16.107] (INFO) Checkpointing off-heap server memory...
[2015/11/04 11:40:16.107] (WARN) Network heartbeat check: 13 server(s) did not respond.
[2015/11/04 11:40:16.107] (ERROR) Detected clock skew! Restarting NTP server.
[2015/11/04 11:40:16.107] (WARN) Space on disk /dev/sdc3 is low: Only 833 MB available.
[2015/11/04 11:40:16.107] (INFO) Network heartbeat check: All OK.
[2015/11/04 11:40:16.107] (INFO) User "xbt1105" logged out due to inactivity (timeout=30 minutes).
[2015/11/04 11:40:16.107] (INFO) Supervisor has entered RUNNING state.
[2015/11/04 11:40:16.107] (INFO) Backed up all server logs.
[2015/11/04 11:40:16.107] (INFO) User "qbj8685" logged in from 10.221.75.221.
[2015/11/04 11:40:16.107] (INFO) Checkpointing off-heap server memory...
[2015/11/04 11:40:16.107] (ERROR) Network heartbeat check FAILED: Master host down?
[2015/11/04 11:40:16.107] (INFO) Waiting for master process (PID 50607) to die.
[2015/11/04 11:40:16.107] (INFO) User "rud2255" logged out.
[2015/11/04 11:40:16.107] (INFO) Pinging watchdog timer process: Process is alive.
[2015/11/04 11:40:16.107] (ERROR) "/var/data/izgcZ66092.parquet": No such file or directory (ENOENT)
[2015/11/04 11:40:16.107] (ERROR) Blocked FTP traffic originating from 192.168.214.28.
[2015/11/04 11:40:16.107] (ERROR) CPU temperature exceeds 50º Celsius. Shutting down.
[2015/11/04 11:40:16.107] (INFO) User "kqc5018" logged out.
[2015/11/04 11:40:16.107] (ERROR) "/var/data/VwLrF51813.tsv": No such file or directory (ENOENT)
[2015/11/04 11:40:16.107] (INFO) Flushed 36 buffers to disk.
[2015/11/04 11:40:16.107] (ERROR) Directory index of "/var/data" is forbidden.
[2015/11/04 11:40:16.107] (INFO) Waiting for worker process (PID 47877) to die.
[2015/11/04 11:40:16.107] (WARN) Ignoring SIGTERM. It's not that easy to get rid of me.
[2015/11/04 11:40:16.107] (INFO) .evian ylbirret si emehcs otpyrc ym neht ,siht daer nac uoy fI
[2015/11/04 11:40:16.107] (INFO) Pinging watchdog timer process: Process is alive.
[2015/11/04 11:40:16.107] (INFO) Waiting for master process (PID 15084) to die.
[2015/11/04 11:40:16.107] (INFO) Supervisor has entered SUSPENDED state.
[2015/11/04 11:40:16.107] (INFO) Checkpointing off-heap server memory...
[2015/11/04 11:40:16.107] (WARN) Watchdog timer crashed. Restarting it.
[2015/11/04 11:40:16.107] (INFO) Flushed 76 buffers to disk.
[2015/11/04 11:40:16.107] (INFO) Rolling 5 log file(s)...
[2015/11/04 11:40:16.108] (INFO) Pinging watchdog timer process: Process is alive.
[2015/11/04 11:40:16.108] (INFO) Device 0x58e1 is online.
[2015/11/04 11:40:16.108] (INFO) Waiting for master process (PID 7982) to die.
[2015/11/04 11:40:16.108] (INFO) Checkpointing off-heap server memory...
[2015/11/04 11:40:16.108] (INFO) User "pta6463" logged out due to inactivity (timeout=30 minutes).
[2015/11/04 11:40:16.108] (INFO) Rolling 3 log file(s)...
[2015/11/04 11:40:16.108] (INFO) Your mother called. She says you never call her.
[2015/11/04 11:40:16.108] (INFO) Checkpointing off-heap server memory...
[2015/11/04 11:40:16.108] (INFO) User "xnr1188" logged in from 192.168.13.26.
[2015/11/04 11:40:16.108] (INFO) .evian ylbirret si emehcs otpyrc ym neht ,siht daer nac uoy fI
[2015/11/04 11:40:16.108] (INFO) Sending SIGTERM to 2 excess workers.
[2015/11/04 11:40:16.607] (INFO) Waiting for master process (PID 16585) to die.
[2015/11/04 11:40:16.607] (INFO) Network heartbeat check: All OK.
[2015/11/04 11:40:16.607] (INFO) Your mother called. She says you never call her.
[2015/11/04 11:40:16.607] (ERROR) One of the flayrods has gone out askew on treadle.
[2015/11/04 11:40:16.607] (INFO) Rolling 1 log file(s)...
[2015/11/04 11:40:16.607] (WARN) Space on disk /dev/sdd1 is low: Only 101 MB available.
[2015/11/04 11:40:16.607] (INFO) User "xin6570" logged in from 172.16.216.104.
[2015/11/04 11:40:16.607] (WARN) Possible cyber-attack from a small unnamed island.
[2015/11/04 11:40:16.607] (INFO) Your mother called. She says you never call her.
[2015/11/04 11:40:16.607] (INFO) Network heartbeat check: All OK.
[2015/11/04 11:40:16.607] (INFO) Your mother called. She says you never call her.
[2015/11/04 11:40:16.607] (INFO) Your mother called. She says you never call her.
[2015/11/04 11:40:16.607] (ERROR) Detected incoming DDoS from 192.168.83.25.
[2015/11/04 11:40:16.607] (INFO) Sending SIGTERM to 4 excess workers.
[2015/11/04 11:40:16.607] (WARN) Dropped 19,264 corrupt data packets.
[2015/11/04 11:40:16.607] (INFO) Network heartbeat check: All OK.
[2015/11/04 11:40:16.607] (INFO) Supervisor has entered RUNNING state.
[2015/11/04 11:40:16.607] (INFO) User "mza2423" logged out.
[2015/11/04 11:40:16.607] (INFO) Your mother called. She says you never call her.
[2015/11/04 11:40:16.607] (WARN) Watchdog timer crashed. Restarting it.
[2015/11/04 11:40:16.607] (INFO) .evian ylbirret si emehcs otpyrc ym neht ,siht daer nac uoy fI
[2015/11/04 11:40:16.607] (INFO) .evian ylbirret si emehcs otpyrc ym neht ,siht daer nac uoy fI
[2015/11/04 11:40:16.607] (INFO) Flushed 30 buffers to disk.
[2015/11/04 11:40:16.607] (INFO) User "dje2639" logged in from 192.168.230.85.
[2015/11/04 11:40:16.607] (INFO) Supervisor has entered RESTARTING state.
[2015/11/04 11:40:16.607] (INFO) Alien monitor (aliend): Detected no space aliens.
[2015/11/04 11:40:16.607] (INFO) User "dcv2364" logged out.
[2015/11/04 11:40:16.607] (WARN) Ignoring SIGTERM. It's not that easy to get rid of me.
[2015/11/04 11:40:16.607] (INFO) Checked file systems for errors: All filesystems OK.
[2015/11/04 11:40:16.607] (INFO) Device 0x9b48 is online.
[2015/11/04 11:40:16.607] (INFO) Waiting for master process (PID 14430) to die.
[2015/11/04 11:40:16.607] (INFO) User "kjw4510" logged out due to inactivity (timeout=30 minutes).
[2015/11/04 11:40:16.607] (ERROR) Alien monitor (aliend): 4 space aliens are fiddling with the hardware!
[2015/11/04 11:40:16.607] (INFO) Device 0x01b1 is online.
[2015/11/04 11:40:16.607] (INFO) Waiting for monitor process (PID 22275) to die.
[2015/11/04 11:40:16.607] (INFO) Pinging watchdog timer process: Process is alive.
[2015/11/04 11:40:16.607] (INFO) Flushed 62 buffers to disk.
[2015/11/04 11:40:16.607] (INFO) Sending SIGTERM to 2 excess workers.
[2015/11/04 11:40:16.607] (INFO) Supervisor has entered SUSPENDED state.
[2015/11/04 11:40:16.607] (INFO) Backed up all server logs.
[2015/11/04 11:40:16.607] (INFO) Rolling 1 log file(s)...
[2015/11/04 11:40:16.607] (INFO) Supervisor has entered RESTARTING state.
[2015/11/04 11:40:16.607] (INFO) User "elz7331" logged out.
[2015/11/04 11:40:16.607] (INFO) User "rdc9954" logged out.
[2015/11/04 11:40:16.607] (INFO) User "mck1750" logged out.
[2015/11/04 11:40:16.607] (INFO) Pinging watchdog timer process: Process is alive.
[2015/11/04 11:40:16.607] (INFO) Alien monitor (aliend): Detected no space aliens.
[2015/11/04 11:40:16.607] (ERROR) Worker 3 died with SIGINT. Restarting it.
[2015/11/04 11:40:16.607] (ERROR) Failed to open "/mnt/fileserver02/JspON60496.tsv": NFS timeout.
[2015/11/04 11:40:16.607] (INFO) Checkpointing off-heap server memory...
[2015/11/04 11:40:16.607] (INFO) Alien monitor (aliend): Detected no space aliens.
[2015/11/04 11:40:16.607] (INFO) Backed up all server logs.
[2015/11/04 11:40:16.607] (WARN) Network heartbeat check: 10 server(s) did not respond.
[2015/11/04 11:40:16.607] (INFO) Checkpointing off-heap server memory...
[2015/11/04 11:40:16.607] (INFO) Rolling 5 log file(s)...
[2015/11/04 11:40:16.607] (INFO) Your mother called. She says you never call her.
[2015/11/04 11:40:16.607] (INFO) Sending SIGTERM to 3 excess workers.
[2015/11/04 11:40:16.607] (INFO) User "rms5701" logged in from 192.168.230.21.
[2015/11/04 11:40:16.607] (INFO) Your mother called. She says you never call her.
[2015/11/04 11:40:16.607] (INFO) Your mother called. She says you never call her.
[2015/11/04 11:40:16.607] (INFO) Alien monitor (aliend): Detected no space aliens.
[2015/11/04 11:40:16.607] (INFO) Network heartbeat check: All OK.
[2015/11/04 11:40:16.607] (ERROR) Blocked FTP traffic originating from 172.16.223.68.
[2015/11/04 11:40:16.607] (INFO) Flushed 21 buffers to disk.
[2015/11/04 11:40:16.607] (INFO) Checked file systems for errors: All filesystems OK.
[2015/11/04 11:40:16.607] (INFO) User "kre9958" logged out due to inactivity (timeout=30 minutes).
[2015/11/04 11:40:16.607] (INFO) User "dbv9113" logged out due to inactivity (timeout=30 minutes).
[2015/11/04 11:40:16.607] (INFO) Waiting for worker process (PID 36787) to die.
[2015/11/04 11:40:16.607] (INFO) Waiting for supervisor process (PID 949) to die.
[2015/11/04 11:40:16.607] (INFO) Backed up all server logs.
[2015/11/04 11:40:16.607] (ERROR) Detected clock skew! Restarting NTP server.
[2015/11/04 11:40:16.607] (INFO) Pinging watchdog timer process: Process is alive.
[2015/11/04 11:40:16.607] (INFO) Waiting for master process (PID 13767) to die.
[2015/11/04 11:40:16.607] (INFO) Waiting for master process (PID 8205) to die.
[2015/11/04 11:40:16.607] (INFO) Your mother called. She says you never call her.
[2015/11/04 11:40:16.607] (WARN) Dropped 12,106 corrupt data packets.
[2015/11/04 11:40:16.607] (INFO) Network heartbeat check: All OK.
[2015/11/04 11:40:16.607] (ERROR) /dev/lp error: "PC LOAD LETTER"
[2015/11/04 11:40:16.607] (INFO) User "fsj5728" logged out.
[2015/11/04 11:40:16.607] (INFO) Your mother called. She says you never call her.
[2015/11/04 11:40:16.607] (ERROR) Server log backup FAILED. See backup logs.
[2015/11/04 11:40:16.607] (INFO) User "bek3353" logged out.
[2015/11/04 11:40:16.607] (INFO) Your mother called. She says you never call her.
[2015/11/04 11:40:16.607] (INFO) Supervisor has entered SUSPENDED state.
[2015/11/04 11:40:16.607] (WARN) CPU temperature exceeds 40º Celsius.
[2015/11/04 11:40:16.607] (INFO) User "ghx3135" logged out.
[2015/11/04 11:40:16.607] (WARN) CPU temperature exceeds 40º Celsius.
[2015/11/04 11:40:16.607] (INFO) Pinging watchdog timer process: Process is alive.
[2015/11/04 11:40:16.607] (WARN) Ignoring SIGTERM. It's not that easy to get rid of me.
[2015/11/04 11:40:16.607] (INFO) Your mother called. She says you never call her.
[2015/11/04 11:40:16.607] (INFO) User "bqp9317" logged out.
[2015/11/04 11:40:16.607] (INFO) Checked file systems for errors: All filesystems OK.
[2015/11/04 11:40:16.607] (INFO) Device 0xaf8c is online.
[2015/11/04 11:40:16.607] (INFO) User "tdd5623" logged out.
[2015/11/04 11:40:16.607] (INFO) Network heartbeat check: All OK.
[2015/11/04 11:40:16.607] (INFO) Supervisor has entered RUNNING state.
[2015/11/04 11:40:16.607] (ERROR) Alien monitor (aliend): 2 space aliens are fiddling with the hardware!
[2015/11/04 11:40:16.607] (INFO) Flushed 27 buffers to disk.
[2015/11/04 11:40:16.607] (INFO) Rolling 8 log file(s)...
[2015/11/04 11:40:16.607] (INFO) Flushed 57 buffers to disk.
[2015/11/04 11:40:17.107] (WARN) Retrying server log checkpoint.
[2015/11/04 11:40:17.107] (INFO) User "lno4085" logged in from 172.16.152.218.
[2015/11/04 11:40:17.107] (WARN) Unable to ping worker at 10.200.224.174. Retrying.
[2015/11/04 11:40:17.107] (INFO) User "eau5442" logged out.
[2015/11/04 11:40:17.107] (INFO) Backed up all server logs.
[2015/11/04 11:40:17.107] (INFO) User "gdk1377" logged out.
[2015/11/04 11:40:17.107] (INFO) Sending SIGTERM to 4 excess workers.
[2015/11/04 11:40:17.107] (WARN) Unable to ping master at 10.75.234.229. Retrying.
[2015/11/04 11:40:17.107] (INFO) User "cko6746" logged out.
[2015/11/04 11:40:17.107] (INFO) User "mwp5306" logged in from 10.88.207.186.
[2015/11/04 11:40:17.107] (INFO) User "byt4574" logged out.
[2015/11/04 11:40:17.107] (INFO) Alien monitor (aliend): Detected no space aliens.
[2015/11/04 11:40:17.107] (ERROR) Unable to authenticate user "xie7574": LDAP server isn't responding.
[2015/11/04 11:40:17.107] (INFO) User "qre3265" logged out.
[2015/11/04 11:40:17.107] (INFO) Network heartbeat check: All OK.
[2015/11/04 11:40:17.107] (ERROR) One of the flayrods has gone out askew on treadle.
[2015/11/04 11:40:17.107] (INFO) User "pnq9491" logged in from 192.168.237.109.
[2015/11/04 11:40:17.107] (INFO) Supervisor has entered WAITING state.
[2015/11/04 11:40:17.107] (INFO) Network heartbeat check: All OK.
[2015/11/04 11:40:17.107] (INFO) Rolling 6 log file(s)...
[2015/11/04 11:40:17.107] (INFO) Your mother called. She says you never call her.
[2015/11/04 11:40:17.107] (INFO) Checked file systems for errors: All filesystems OK.
[2015/11/04 11:40:17.107] (ERROR) Unable to mount /dev/sdd4. (Time to run fsck?)
[2015/11/04 11:40:17.107] (INFO) Rolling 4 log file(s)...
[2015/11/04 11:40:17.107] (INFO) User "kkh4880" logged in from 172.16.33.15.
[2015/11/04 11:40:17.107] (WARN) Watchdog timer crashed. Restarting it.
[2015/11/04 11:40:17.107] (INFO) Rolling 1 log file(s)...
[2015/11/04 11:40:17.107] (INFO) Your mother called. She says you never call her.
[2015/11/04 11:40:17.107] (INFO) User "igi5220" logged out due to inactivity (timeout=30 minutes).
[2015/11/04 11:40:17.107] (INFO) Rolling 1 log file(s)...
[2015/11/04 11:40:17.107] (INFO) Network heartbeat check: All OK.
[2015/11/04 11:40:17.107] (INFO) User "kpn2758" logged out.
[2015/11/04 11:40:17.107] (INFO) Checkpointing off-heap server memory...
[2015/11/04 11:40:17.107] (INFO) Backed up all server logs.
[2015/11/04 11:40:17.107] (WARN) Possible cyber-attack from Canada.
[2015/11/04 11:40:17.107] (WARN) Retrying server log checkpoint.
[2015/11/04 11:40:17.107] (WARN) Network heartbeat check: 19 server(s) did not respond.
[2015/11/04 11:40:17.107] (INFO) Backed up all server logs.
[2015/11/04 11:40:17.107] (INFO) Supervisor has entered WAITING state.
[2015/11/04 11:40:17.107] (INFO) Checked file systems for errors: All filesystems OK.
[2015/11/04 11:40:17.107] (INFO) Checkpointing off-heap server memory...
[2015/11/04 11:40:17.107] (INFO) Checkpointing off-heap server memory...
[2015/11/04 11:40:17.107] (INFO) Waiting for master process (PID 9567) to die.
[2015/11/04 11:40:17.107] (INFO) Checked file systems for errors: All filesystems OK.
[2015/11/04 11:40:17.107] (INFO) Backed up all server logs.
[2015/11/04 11:40:17.107] (ERROR) Unable to authenticate user "zsg7781": LDAP server isn't responding.
[2015/11/04 11:40:17.107] (INFO) Network heartbeat check: All OK.
[2015/11/04 11:40:17.107] (INFO) .evian ylbirret si emehcs otpyrc ym neht ,siht daer nac uoy fI
[2015/11/04 11:40:17.107] (INFO) User "fqt4324" logged in from 192.168.117.7.
[2015/11/04 11:40:17.107] (INFO) Flushed 38 buffers to disk.
[2015/11/04 11:40:17.107] (INFO) Flushed 82 buffers to disk.
[2015/11/04 11:40:17.107] (WARN) Backup server 192.168.96.23 is offline.
[2015/11/04 11:40:17.107] (INFO) Device 0x162c is online.
[2015/11/04 11:40:17.107] (INFO) Backed up all server logs.
[2015/11/04 11:40:17.107] (ERROR) Worker 2 died with SIGTRAP. Restarting it.
[2015/11/04 11:40:17.107] (INFO) Your mother called. She says you never call her.
[2015/11/04 11:40:17.107] (ERROR) Worker 1 died with SIGSTOP. Restarting it.
[2015/11/04 11:40:17.107] (INFO) Checked file systems for errors: All filesystems OK.
[2015/11/04 11:40:17.107] (INFO) Pinging watchdog timer process: Process is alive.
[2015/11/04 11:40:17.107] (INFO) Backed up all server logs.
[2015/11/04 11:40:17.107] (ERROR) Extra characters at end of line.
[2015/11/04 11:40:17.107] (INFO) .evian ylbirret si emehcs otpyrc ym neht ,siht daer nac uoy fI
[2015/11/04 11:40:17.107] (WARN) Ignoring SIGTERM. It's not that easy to get rid of me.
[2015/11/04 11:40:17.107] (INFO) Alien monitor (aliend): Detected no space aliens.
[2015/11/04 11:40:17.107] (ERROR) One of the flayrods has gone out askew on treadle.
[2015/11/04 11:40:17.107] (INFO) Alien monitor (aliend): Detected no space aliens.
[2015/11/04 11:40:17.107] (INFO) User "wos7650" logged in from 192.168.74.25.
[2015/11/04 11:40:17.107] (INFO) Your mother called. She says you never call her.
[2015/11/04 11:40:17.107] (INFO) Rolling 7 log file(s)...
[2015/11/04 11:40:17.107] (WARN) Dropped 7,929 corrupt data packets.
[2015/11/04 11:40:17.107] (INFO) Checkpointing off-heap server memory...
[2015/11/04 11:40:17.107] (INFO) Alien monitor (aliend): Detected no space aliens.
[2015/11/04 11:40:17.107] (INFO) .evian ylbirret si emehcs otpyrc ym neht ,siht daer nac uoy fI
[2015/11/04 11:40:17.107] (INFO) Rolling 3 log file(s)...
[2015/11/04 11:40:17.107] (INFO) Waiting for worker process (PID 22798) to die.
[2015/11/04 11:40:17.107] (WARN) Network heartbeat check: 8 server(s) did not respond.
[2015/11/04 11:40:17.107] (INFO) Network heartbeat check: All OK.
[2015/11/04 11:40:17.107] (INFO) User "znh3109" logged out.
[2015/11/04 11:40:17.107] (WARN) Possible cyber-attack from Canada.
[2015/11/04 11:40:17.107] (INFO) .evian ylbirret si emehcs otpyrc ym neht ,siht daer nac uoy fI
[2015/11/04 11:40:17.107] (INFO) Flushed 74 buffers to disk.
[2015/11/04 11:40:17.107] (INFO) .evian ylbirret si emehcs otpyrc ym neht ,siht daer nac uoy fI
[2015/11/04 11:40:17.107] (ERROR) Worker 9 died with SIGTERM. Restarting it.
[2015/11/04 11:40:17.107] (INFO) User "qyu3131" logged in from 192.168.139.225.
[2015/11/04 11:40:17.107] (INFO) Checkpointing off-heap server memory...
[2015/11/04 11:40:17.107] (ERROR) Detected clock skew! Restarting NTP server.
[2015/11/04 11:40:17.107] (INFO) User "cyv1008" logged out due to inactivity (timeout=30 minutes).
[2015/11/04 11:40:17.107] (INFO) Device 0x1ab7 is online.
[2015/11/04 11:40:17.107] (INFO) Checkpointing off-heap server memory...
[2015/11/04 11:40:17.107] (INFO) User "ynx4276" logged out due to inactivity (timeout=30 minutes).
[2015/11/04 11:40:17.107] (ERROR) Failed to open "/mnt/fileserver02/cdehZ69105.tsv": NFS timeout.
[2015/11/04 11:40:17.107] (INFO) Your mother called. She says you never call her.
[2015/11/04 11:40:17.107] (INFO) Checkpointing off-heap server memory...
[2015/11/04 11:40:17.107] (INFO) Checked file systems for errors: All filesystems OK.
[2015/11/04 11:40:17.107] (WARN) Unable to ping worker at 192.168.99.203. Retrying.
[2015/11/04 11:40:17.107] (INFO) Rolling 4 log file(s)...
[2015/11/04 11:40:17.107] (INFO) Waiting for master process (PID 23984) to die.
[2015/11/04 11:40:17.107] (INFO) Device 0x732c is online.
[2015/11/04 11:40:17.107] (INFO) Alien monitor (aliend): Detected no space aliens.
[2015/11/04 11:40:17.107] (INFO) Checked file systems for errors: All filesystems OK.
[2015/11/04 11:40:17.607] (ERROR) One of the flayrods has gone out askew on treadle.
[2015/11/04 11:40:17.607] (INFO) Checked file systems for errors: All filesystems OK.
[2015/11/04 11:40:17.607] (ERROR) Directory index of "/var/data" is forbidden.
[2015/11/04 11:40:17.607] (INFO) Checkpointing off-heap server memory...
[2015/11/04 11:40:17.607] (ERROR) Unable to write to "/var/data/KGhSb70275.parquet": Permission denied (EACCES)
[2015/11/04 11:40:17.607] (INFO) Network heartbeat check: All OK.
[2015/11/04 11:40:17.607] (INFO) Waiting for master process (PID 34366) to die.
[2015/11/04 11:40:17.607] (WARN) Network heartbeat check: 5 server(s) did not respond.
[2015/11/04 11:40:17.607] (INFO) Device 0xf336 is online.
[2015/11/04 11:40:17.607] (INFO) User "ngj1203" logged out.
[2015/11/04 11:40:17.607] (INFO) Flushed 58 buffers to disk.
[2015/11/04 11:40:17.607] (INFO) Sending SIGTERM to 3 excess workers.
[2015/11/04 11:40:17.607] (INFO) Network heartbeat check: All OK.
[2015/11/04 11:40:17.607] (WARN) Space on disk /dev/sdf4 is low: Only 506 MB available.
[2015/11/04 11:40:17.607] (INFO) Supervisor has entered WAITING state.
[2015/11/04 11:40:17.607] (INFO) Alien monitor (aliend): Detected no space aliens.
[2015/11/04 11:40:17.607] (INFO) User "sjn4190" logged in from 172.16.52.71.
[2015/11/04 11:40:17.607] (ERROR) Connection to 192.168.185.61 terminated unexpectedly. Reconnecting.
[2015/11/04 11:40:17.607] (INFO) Alien monitor (aliend): Detected no space aliens.
[2015/11/04 11:40:17.607] (INFO) Supervisor has entered RESTARTING state.
[2015/11/04 11:40:17.607] (INFO) Pinging watchdog timer process: Process is alive.
[2015/11/04 11:40:17.607] (INFO) Rolling 1 log file(s)...
[2015/11/04 11:40:17.607] (INFO) .evian ylbirret si emehcs otpyrc ym neht ,siht daer nac uoy fI
[2015/11/04 11:40:17.607] (INFO) Alien monitor (aliend): Detected no space aliens.
[2015/11/04 11:40:17.607] (INFO) User "wjx8004" logged out due to inactivity (timeout=30 minutes).
[2015/11/04 11:40:17.607] (WARN) Ignoring SIGTERM. It's not that easy to get rid of me.
[2015/11/04 11:40:17.607] (INFO) User "ahd4649" logged out due to inactivity (timeout=30 minutes).
[2015/11/04 11:40:17.607] (INFO) Waiting for supervisor process (PID 17510) to die.
[2015/11/04 11:40:17.607] (WARN) Backup server 10.5.87.219 is offline.
[2015/11/04 11:40:17.607] (INFO) User "xxl9493" logged in from 192.168.252.208.
[2015/11/04 11:40:17.607] (INFO) Checkpointing off-heap server memory...
[2015/11/04 11:40:17.607] (INFO) Backed up all server logs.
[2015/11/04 11:40:17.607] (ERROR) Server log backup FAILED. See backup logs.
[2015/11/04 11:40:17.607] (INFO) User "tuy2656" logged out due to inactivity (timeout=30 minutes).
[2015/11/04 11:40:17.607] (INFO) Device 0x05ae is online.
[2015/11/04 11:40:17.607] (ERROR) EFOODFAIL (Waiter, there's a fly in my soup).
[2015/11/04 11:40:17.607] (INFO) .evian ylbirret si emehcs otpyrc ym neht ,siht daer nac uoy fI
[2015/11/04 11:40:17.607] (INFO) Backed up all server logs.
[2015/11/04 11:40:17.607] (INFO) .evian ylbirret si emehcs otpyrc ym neht ,siht daer nac uoy fI
[2015/11/04 11:40:17.607] (INFO) User "dyz7348" logged in from 192.168.51.146.
[2015/11/04 11:40:17.607] (ERROR) Blocked BitTorrent traffic originating from 172.16.135.197.
[2015/11/04 11:40:17.607] (INFO) Backed up all server logs.
[2015/11/04 11:40:17.607] (INFO) Checkpointing off-heap server memory...
[2015/11/04 11:40:17.607] (INFO) Your mother called. She says you never call her.
[2015/11/04 11:40:17.607] (INFO) Checkpointing off-heap server memory...
[2015/11/04 11:40:17.607] (INFO) Network heartbeat check: All OK.
[2015/11/04 11:40:17.607] (INFO) Rolling 5 log file(s)...
[2015/11/04 11:40:17.607] (INFO) Checked file systems for errors: All filesystems OK.
[2015/11/04 11:40:17.607] (INFO) User "lsc8961" logged in from 10.97.160.114.
[2015/11/04 11:40:17.607] (INFO) Checked file systems for errors: All filesystems OK.
[2015/11/04 11:40:17.607] (INFO) .evian ylbirret si emehcs otpyrc ym neht ,siht daer nac uoy fI
[2015/11/04 11:40:17.607] (ERROR) EFOODFAIL (Waiter, there's a fly in my soup).
[2015/11/04 11:40:17.607] (INFO) Checkpointing off-heap server memory...
[2015/11/04 11:40:17.607] (INFO) Sending SIGTERM to 2 excess workers.
[2015/11/04 11:40:17.607] (ERROR) Alien monitor (aliend): 3 space aliens are fiddling with the hardware!
[2015/11/04 11:40:17.607] (INFO) User "qke1849" logged out.
[2015/11/04 11:40:17.607] (ERROR) Device 0x31f1 is offline
[2015/11/04 11:40:17.607] (INFO) .evian ylbirret si emehcs otpyrc ym neht ,siht daer nac uoy fI
[2015/11/04 11:40:17.607] (WARN) There is no such thing as a free lunch.
[2015/11/04 11:40:17.607] (INFO) Device 0xdb60 is online.
[2015/11/04 11:40:17.607] (INFO) User "uxu3338" logged out.
[2015/11/04 11:40:17.607] (INFO) Waiting for master process (PID 37834) to die.
[2015/11/04 11:40:17.607] (INFO) Your mother called. She says you never call her.
[2015/11/04 11:40:17.607] (INFO) Supervisor has entered RUNNING state.
[2015/11/04 11:40:17.607] (ERROR) "/var/data/DyfLE53324.tar.gz": No such file or directory (ENOENT)
[2015/11/04 11:40:17.607] (INFO) Pinging watchdog timer process: Process is alive.
[2015/11/04 11:40:17.607] (ERROR) Unable to write to "/var/data/OiGGS63234.tsv": Permission denied (EACCES)
[2015/11/04 11:40:17.607] (INFO) Network heartbeat check: All OK.
[2015/11/04 11:40:17.607] (INFO) .evian ylbirret si emehcs otpyrc ym neht ,siht daer nac uoy fI
[2015/11/04 11:40:17.607] (INFO) User "ibz6003" logged in from 10.35.118.151.
[2015/11/04 11:40:17.607] (ERROR) One of the flayrods has gone out askew on treadle.
[2015/11/04 11:40:17.607] (INFO) Supervisor has entered RUNNING state.
[2015/11/04 11:40:17.607] (INFO) Supervisor has entered SUSPENDED state.
[2015/11/04 11:40:17.607] (INFO) Checkpointing off-heap server memory...
[2015/11/04 11:40:17.607] (INFO) Sending SIGTERM to 4 excess workers.
[2015/11/04 11:40:17.607] (INFO) Supervisor has entered SUSPENDED state.
[2015/11/04 11:40:17.607] (INFO) User "zen6991" logged out.
[2015/11/04 11:40:17.607] (INFO) Waiting for worker process (PID 57506) to die.
[2015/11/04 11:40:17.607] (INFO) Pinging watchdog timer process: Process is alive.
[2015/11/04 11:40:17.607] (INFO) Waiting for supervisor process (PID 34451) to die.
[2015/11/04 11:40:17.607] (ERROR) Network heartbeat check FAILED: Master host down?
[2015/11/04 11:40:17.607] (INFO) Network heartbeat check: All OK.
[2015/11/04 11:40:17.607] (INFO) Supervisor has entered SUSPENDED state.
[2015/11/04 11:40:17.607] (INFO) Rolling 4 log file(s)...
[2015/11/04 11:40:17.607] (INFO) Checkpointing off-heap server memory...
[2015/11/04 11:40:17.607] (INFO) User "wyg9053" logged in from 172.16.201.246.
[2015/11/04 11:40:17.607] (INFO) Checkpointing off-heap server memory...
[2015/11/04 11:40:17.607] (INFO) Waiting for monitor process (PID 1450) to die.
[2015/11/04 11:40:17.607] (ERROR) Connection to 172.16.153.205 terminated unexpectedly. Reconnecting.
[2015/11/04 11:40:17.607] (INFO) Sending SIGTERM to 2 excess workers.
[2015/11/04 11:40:17.607] (ERROR) User "dtp2563" failed to log in 3 times. Disabling account.
[2015/11/04 11:40:17.607] (INFO) Supervisor has entered SUSPENDED state.
[2015/11/04 11:40:17.607] (WARN) Ignoring SIGTERM. It's not that easy to get rid of me.
[2015/11/04 11:40:17.607] (INFO) User "nyk8414" logged in from 10.59.136.9.
[2015/11/04 11:40:17.607] (INFO) Waiting for supervisor process (PID 36912) to die.
[2015/11/04 11:40:17.607] (INFO) Supervisor has entered WAITING state.
[2015/11/04 11:40:17.607] (INFO) Checked file systems for errors: All filesystems OK.
[2015/11/04 11:40:17.607] (ERROR) Connection to 192.168.211.116 terminated unexpectedly. Reconnecting.
[2015/11/04 11:40:17.607] (INFO) Pinging watchdog timer process: Process is alive.
[2015/11/04 11:40:17.607] (INFO) Your mother called. She says you never call her.
[2015/11/04 11:40:18.106] (INFO) User "wir4535" logged in from 10.32.13.12.
[2015/11/04 11:40:18.107] (INFO) Checkpointing off-heap server memory...
[2015/11/04 11:40:18.107] (ERROR) Alien monitor (aliend): 4 space aliens are fiddling with the hardware!
[2015/11/04 11:40:18.107] (WARN) Watchdog timer crashed. Restarting it.
[2015/11/04 11:40:18.107] (INFO) Alien monitor (aliend): Detected no space aliens.
[2015/11/04 11:40:18.107] (INFO) User "ugr1579" logged out.
[2015/11/04 11:40:18.107] (WARN) Unable to ping worker at 10.227.136.109. Retrying.
[2015/11/04 11:40:18.107] (INFO) User "tar2730" logged in from 192.168.181.237.
[2015/11/04 11:40:18.107] (INFO) User "mbz9521" logged out.
[2015/11/04 11:40:18.107] (INFO) User "sku1665" logged out.
[2015/11/04 11:40:18.107] (INFO) Sending SIGTERM to 3 excess workers.
[2015/11/04 11:40:18.107] (INFO) Checked file systems for errors: All filesystems OK.
[2015/11/04 11:40:18.107] (INFO) Network heartbeat check: All OK.
[2015/11/04 11:40:18.107] (INFO) Supervisor has entered RESTARTING state.
[2015/11/04 11:40:18.107] (WARN) Unable to ping worker at 172.16.187.187. Retrying.
[2015/11/04 11:40:18.107] (INFO) Flushed 98 buffers to disk.
[2015/11/04 11:40:18.107] (INFO) Alien monitor (aliend): Detected no space aliens.
[2015/11/04 11:40:18.107] (INFO) Network heartbeat check: All OK.
[2015/11/04 11:40:18.107] (INFO) User "dqt7426" logged in from 10.65.245.236.
[2015/11/04 11:40:18.107] (INFO) Checkpointing off-heap server memory...
[2015/11/04 11:40:18.107] (WARN) Backup server 10.108.4.33 is offline.
[2015/11/04 11:40:18.107] (INFO) Flushed 76 buffers to disk.
[2015/11/04 11:40:18.107] (WARN) Retrying server log checkpoint.
[2015/11/04 11:40:18.107] (INFO) Backed up all server logs.
[2015/11/04 11:40:18.107] (INFO) Network heartbeat check: All OK.
[2015/11/04 11:40:18.107] (INFO) Device 0x2104 is online.
[2015/11/04 11:40:18.107] (INFO) Checkpointing off-heap server memory...
[2015/11/04 11:40:18.107] (INFO) Waiting for master process (PID 15372) to die.
[2015/11/04 11:40:18.107] (INFO) Your mother called. She says you never call her.
[2015/11/04 11:40:18.107] (INFO) Supervisor has entered RESTARTING state.
[2015/11/04 11:40:18.107] (INFO) Sending SIGTERM to 3 excess workers.
[2015/11/04 11:40:18.107] (INFO) Device 0xf7a6 is online.
[2015/11/04 11:40:18.107] (INFO) Checkpointing off-heap server memory...
[2015/11/04 11:40:18.107] (INFO) Checkpointing off-heap server memory...
[2015/11/04 11:40:18.107] (INFO) Backed up all server logs.
[2015/11/04 11:40:18.107] (ERROR) Detected clock skew! Restarting NTP server.
[2015/11/04 11:40:18.107] (INFO) Rolling 9 log file(s)...
[2015/11/04 11:40:18.107] (ERROR) "/var/data/RVrDu62136.txt": Permission denied (EACCES)
[2015/11/04 11:40:18.107] (INFO) Alien monitor (aliend): Detected no space aliens.
[2015/11/04 11:40:18.107] (WARN) Master took 850 ms to respond (threshold=500 ms)
[2015/11/04 11:40:18.107] (INFO) .evian ylbirret si emehcs otpyrc ym neht ,siht daer nac uoy fI
[2015/11/04 11:40:18.107] (WARN) Space on disk /dev/sdd3 is low: Only 189 MB available.
[2015/11/04 11:40:18.107] (WARN) Network heartbeat check: 7 server(s) did not respond.
[2015/11/04 11:40:18.107] (INFO) User "tgn7860" logged out due to inactivity (timeout=30 minutes).
[2015/11/04 11:40:18.107] (INFO) Waiting for monitor process (PID 57736) to die.
[2015/11/04 11:40:18.107] (INFO) Backed up all server logs.
[2015/11/04 11:40:18.107] (INFO) Waiting for worker process (PID 21119) to die.
[2015/11/04 11:40:18.107] (INFO) Sending SIGTERM to 3 excess workers.
[2015/11/04 11:40:18.107] (INFO) .evian ylbirret si emehcs otpyrc ym neht ,siht daer nac uoy fI
[2015/11/04 11:40:18.107] (INFO) Network heartbeat check: All OK.
[2015/11/04 11:40:18.107] (INFO) Pinging watchdog timer process: Process is alive.
[2015/11/04 11:40:18.107] (INFO) User "iar4944" logged out due to inactivity (timeout=30 minutes).
[2015/11/04 11:40:18.107] (INFO) Flushed 45 buffers to disk.
[2015/11/04 11:40:18.107] (INFO) Your mother called. She says you never call her.
[2015/11/04 11:40:18.107] (INFO) User "aez4833" logged out due to inactivity (timeout=30 minutes).
[2015/11/04 11:40:18.107] (WARN) Retrying server log checkpoint.
[2015/11/04 11:40:18.107] (INFO) User "div5023" logged out due to inactivity (timeout=30 minutes).
[2015/11/04 11:40:18.107] (INFO) Your mother called. She says you never call her.
[2015/11/04 11:40:18.107] (INFO) Device 0x3956 is online.
[2015/11/04 11:40:18.107] (WARN) Ignoring SIGTERM. It's not that easy to get rid of me.
[2015/11/04 11:40:18.107] (INFO) User "nzp9924" logged out due to inactivity (timeout=30 minutes).
[2015/11/04 11:40:18.107] (INFO) User "pry1702" logged out.
[2015/11/04 11:40:18.107] (INFO) Network heartbeat check: All OK.
[2015/11/04 11:40:18.107] (INFO) .evian ylbirret si emehcs otpyrc ym neht ,siht daer nac uoy fI
[2015/11/04 11:40:18.107] (INFO) Supervisor has entered WAITING state.
[2015/11/04 11:40:18.107] (INFO) User "qgp9640" logged out due to inactivity (timeout=30 minutes).
[2015/11/04 11:40:18.107] (ERROR) Detected incoming DDoS from 192.168.3.248.
[2015/11/04 11:40:18.107] (INFO) Rolling 3 log file(s)...
[2015/11/04 11:40:18.107] (INFO) Your mother called. She says you never call her.
[2015/11/04 11:40:18.107] (INFO) Pinging watchdog timer process: Process is alive.
[2015/11/04 11:40:18.107] (INFO) .evian ylbirret si emehcs otpyrc ym neht ,siht daer nac uoy fI
[2015/11/04 11:40:18.107] (WARN) Network heartbeat check: 1 server(s) did not respond.
[2015/11/04 11:40:18.107] (INFO) Flushed 39 buffers to disk.
[2015/11/04 11:40:18.107] (INFO) Checkpointing off-heap server memory...
[2015/11/04 11:40:18.107] (INFO) Supervisor has entered SUSPENDED state.
[2015/11/04 11:40:18.107] (WARN) Dropped 12,426 corrupt data packets.
[2015/11/04 11:40:18.107] (INFO) Checked file systems for errors: All filesystems OK.
[2015/11/04 11:40:18.107] (INFO) Rolling 3 log file(s)...
[2015/11/04 11:40:18.107] (ERROR) "/var/data/nBMuH85145.csv": No such file or directory (ENOENT)
[2015/11/04 11:40:18.107] (INFO) Device 0x1402 is online.
[2015/11/04 11:40:18.107] (INFO) Sending SIGTERM to 4 excess workers.
[2015/11/04 11:40:18.107] (INFO) Sending SIGTERM to 3 excess workers.
[2015/11/04 11:40:18.107] (INFO) User "odj5682" logged out due to inactivity (timeout=30 minutes).
[2015/11/04 11:40:18.107] (INFO) Pinging watchdog timer process: Process is alive.
[2015/11/04 11:40:18.107] (INFO) Your mother called. She says you never call her.
[2015/11/04 11:40:18.107] (INFO) User "cob3591" logged out due to inactivity (timeout=30 minutes).
[2015/11/04 11:40:18.107] (ERROR) User "ogg4715" failed to log in 3 times. Disabling account.
[2015/11/04 11:40:18.107] (INFO) User "wcm8197" logged in from 10.102.201.248.
[2015/11/04 11:40:18.107] (INFO) User "twm5313" logged out.
[2015/11/04 11:40:18.107] (INFO) Flushed 75 buffers to disk.
[2015/11/04 11:40:18.107] (INFO) Flushed 60 buffers to disk.
[2015/11/04 11:40:18.107] (INFO) Supervisor has entered SUSPENDED state.
[2015/11/04 11:40:18.107] (INFO) Flushed 79 buffers to disk.
[2015/11/04 11:40:18.107] (INFO) Checkpointing off-heap server memory...
[2015/11/04 11:40:18.107] (INFO) User "mgu1263" logged in from 192.168.43.28.
[2015/11/04 11:40:18.107] (INFO) Checkpointing off-heap server memory...
[2015/11/04 11:40:18.107] (INFO) Waiting for supervisor process (PID 49418) to die.
[2015/11/04 11:40:18.107] (INFO) User "dmu8316" logged out due to inactivity (timeout=30 minutes).
[2015/11/04 11:40:18.107] (INFO) Alien monitor (aliend): Detected no space aliens.
[2015/11/04 11:40:18.107] (INFO) Device 0x5de8 is online.
[2015/11/04 11:40:18.606] (ERROR) CPU temperature exceeds 50º Celsius. Shutting down.
[2015/11/04 11:40:18.606] (INFO) Checkpointing off-heap server memory...
[2015/11/04 11:40:18.606] (INFO) User "kyc7367" logged in from 192.168.187.12.
[2015/11/04 11:40:18.606] (INFO) User "sxc8298" logged out due to inactivity (timeout=30 minutes).
[2015/11/04 11:40:18.606] (INFO) Supervisor has entered RUNNING state.
[2015/11/04 11:40:18.606] (INFO) Device 0xc80a is online.
[2015/11/04 11:40:18.606] (INFO) Waiting for supervisor process (PID 53204) to die.
[2015/11/04 11:40:18.606] (INFO) Checkpointing off-heap server memory...
[2015/11/04 11:40:18.606] (INFO) Waiting for supervisor process (PID 6329) to die.
[2015/11/04 11:40:18.606] (INFO) Your mother called. She says you never call her.
[2015/11/04 11:40:18.606] (INFO) Alien monitor (aliend): Detected no space aliens.
[2015/11/04 11:40:18.606] (INFO) Pinging watchdog timer process: Process is alive.
[2015/11/04 11:40:18.606] (INFO) Checked file systems for errors: All filesystems OK.
[2015/11/04 11:40:18.606] (INFO) Checkpointing off-heap server memory...
[2015/11/04 11:40:18.606] (INFO) Flushed 54 buffers to disk.
[2015/11/04 11:40:18.606] (INFO) User "swn4224" logged out due to inactivity (timeout=30 minutes).
[2015/11/04 11:40:18.606] (INFO) Rolling 4 log file(s)...
[2015/11/04 11:40:18.606] (INFO) User "esh7501" logged in from 172.16.37.195.
[2015/11/04 11:40:18.606] (INFO) Rolling 3 log file(s)...
[2015/11/04 11:40:18.606] (INFO) User "skx8704" logged out due to inactivity (timeout=30 minutes).
[2015/11/04 11:40:18.606] (INFO) Flushed 94 buffers to disk.
[2015/11/04 11:40:18.606] (INFO) Your mother called. She says you never call her.
[2015/11/04 11:40:18.606] (INFO) Device 0x167c is online.
[2015/11/04 11:40:18.606] (WARN) Retrying server log checkpoint.
[2015/11/04 11:40:18.606] (ERROR) Unable to write to "/var/data/pMVZa90940.txt": Permission denied (EACCES)
[2015/11/04 11:40:18.606] (INFO) Alien monitor (aliend): Detected no space aliens.
[2015/11/04 11:40:18.606] (INFO) Device 0xcad6 is online.
[2015/11/04 11:40:18.606] (INFO) Supervisor has entered RESTARTING state.
[2015/11/04 11:40:18.606] (ERROR) Worker 4 died with SIGABRT. Restarting it.
[2015/11/04 11:40:18.606] (ERROR) Detected incoming DDoS from 192.168.211.11.
[2015/11/04 11:40:18.607] (ERROR) Detected clock skew! Restarting NTP server.
[2015/11/04 11:40:18.607] (INFO) Rolling 6 log file(s)...
[2015/11/04 11:40:18.607] (WARN) Retrying server log checkpoint.
[2015/11/04 11:40:18.607] (INFO) User "ign3409" logged in from 172.16.225.47.
[2015/11/04 11:40:18.607] (WARN) Dropped 18,600 corrupt data packets.
[2015/11/04 11:40:18.607] (INFO) Sending SIGTERM to 3 excess workers.
[2015/11/04 11:40:18.607] (INFO) User "epy3621" logged out.
[2015/11/04 11:40:18.607] (INFO) User "pam8541" logged in from 192.168.27.43.
[2015/11/04 11:40:18.607] (INFO) Alien monitor (aliend): Detected no space aliens.
[2015/11/04 11:40:18.607] (ERROR) Detected incoming DDoS from 172.16.90.227.
[2015/11/04 11:40:18.607] (INFO) Pinging watchdog timer process: Process is alive.
[2015/11/04 11:40:18.607] (INFO) Backed up all server logs.
[2015/11/04 11:40:18.607] (INFO) User "pgz6249" logged out.
[2015/11/04 11:40:18.607] (ERROR) Server log backup FAILED. See backup logs.
[2015/11/04 11:40:18.607] (INFO) Backed up all server logs.
[2015/11/04 11:40:18.607] (INFO) User "fhj6983" logged in from 172.16.214.76.
[2015/11/04 11:40:18.607] (INFO) .evian ylbirret si emehcs otpyrc ym neht ,siht daer nac uoy fI
[2015/11/04 11:40:18.607] (INFO) User "kyd5523" logged out.
[2015/11/04 11:40:18.607] (INFO) User "slp7845" logged out.
[2015/11/04 11:40:18.607] (INFO) User "ryc3392" logged out.
[2015/11/04 11:40:18.607] (WARN) CPU temperature exceeds 40º Celsius.
[2015/11/04 11:40:18.607] (INFO) Alien monitor (aliend): Detected no space aliens.
[2015/11/04 11:40:18.607] (INFO) Pinging watchdog timer process: Process is alive.
[2015/11/04 11:40:18.607] (INFO) Sending SIGTERM to 4 excess workers.
[2015/11/04 11:40:18.607] (INFO) Rolling 2 log file(s)...
[2015/11/04 11:40:18.607] (INFO) Device 0xbfa3 is online.
[2015/11/04 11:40:18.607] (INFO) Your mother called. She says you never call her.
[2015/11/04 11:40:18.607] (INFO) Pinging watchdog timer process: Process is alive.
[2015/11/04 11:40:18.607] (INFO) Alien monitor (aliend): Detected no space aliens.
[2015/11/04 11:40:18.607] (INFO) Supervisor has entered RESTARTING state.
[2015/11/04 11:40:18.607] (INFO) .evian ylbirret si emehcs otpyrc ym neht ,siht daer nac uoy fI
[2015/11/04 11:40:18.607] (INFO) Checked file systems for errors: All filesystems OK.
[2015/11/04 11:40:18.607] (INFO) Device 0xd90f is online.
[2015/11/04 11:40:18.607] (INFO) Waiting for worker process (PID 45403) to die.
[2015/11/04 11:40:18.607] (INFO) Waiting for master process (PID 56000) to die.
[2015/11/04 11:40:18.607] (INFO) Device 0x1dc9 is online.
[2015/11/04 11:40:18.607] (ERROR) Network heartbeat check FAILED: Master host down?
[2015/11/04 11:40:18.607] (INFO) Waiting for monitor process (PID 58724) to die.
[2015/11/04 11:40:18.607] (INFO) .evian ylbirret si emehcs otpyrc ym neht ,siht daer nac uoy fI
[2015/11/04 11:40:18.607] (ERROR) Server log backup FAILED. See backup logs.
[2015/11/04 11:40:18.607] (WARN) Retrying server log checkpoint.
[2015/11/04 11:40:18.607] (INFO) User "uto4083" logged out due to inactivity (timeout=30 minutes).
[2015/11/04 11:40:18.607] (INFO) Network heartbeat check: All OK.
[2015/11/04 11:40:18.607] (INFO) User "gvp8078" logged out.
[2015/11/04 11:40:18.607] (ERROR) Extra characters at end of line.
[2015/11/04 11:40:18.607] (INFO) .evian ylbirret si emehcs otpyrc ym neht ,siht daer nac uoy fI
[2015/11/04 11:40:18.607] (INFO) Alien monitor (aliend): Detected no space aliens.
[2015/11/04 11:40:18.607] (INFO) Sending SIGTERM to 2 excess workers.
[2015/11/04 11:40:18.607] (INFO) Network heartbeat check: All OK.
[2015/11/04 11:40:18.607] (INFO) Checked file systems for errors: All filesystems OK.
[2015/11/04 11:40:18.607] (INFO) Your mother called. She says you never call her.
[2015/11/04 11:40:18.607] (INFO) User "jsc5645" logged out.
[2015/11/04 11:40:18.607] (WARN) Possible cyber-attack from Antarctica.
[2015/11/04 11:40:18.607] (INFO) Backed up all server logs.
[2015/11/04 11:40:18.607] (INFO) Pinging watchdog timer process: Process is alive.
[2015/11/04 11:40:18.607] (INFO) Backed up all server logs.
[2015/11/04 11:40:18.607] (INFO) Checked file systems for errors: All filesystems OK.
[2015/11/04 11:40:18.607] (INFO) Flushed 78 buffers to disk.
[2015/11/04 11:40:18.607] (INFO) Your mother called. She says you never call her.
[2015/11/04 11:40:18.607] (INFO) Network heartbeat check: All OK.
[2015/11/04 11:40:18.607] (INFO) Supervisor has entered RESTARTING state.
[2015/11/04 11:40:18.607] (WARN) There is no such thing as a free lunch.
[2015/11/04 11:40:18.607] (INFO) Checkpointing off-heap server memory...
[2015/11/04 11:40:18.607] (INFO) Checkpointing off-heap server memory...
[2015/11/04 11:40:18.607] (ERROR) /dev/lp error: "PC LOAD LETTER"
[2015/11/04 11:40:18.607] (INFO) Your mother called. She says you never call her.
[2015/11/04 11:40:18.607] (INFO) Your mother called. She says you never call her.
[2015/11/04 11:40:18.607] (INFO) Pinging watchdog timer process: Process is alive.
[2015/11/04 11:40:18.607] (ERROR) Worker 9 died with SIGABRT. Restarting it.
[2015/11/04 11:40:18.607] (INFO) .evian ylbirret si emehcs otpyrc ym neht ,siht daer nac uoy fI
[2015/11/04 11:40:19.107] (INFO) Waiting for supervisor process (PID 36706) to die.
[2015/11/04 11:40:19.107] (INFO) Checkpointing off-heap server memory...
[2015/11/04 11:40:19.107] (INFO) Alien monitor (aliend): Detected no space aliens.
[2015/11/04 11:40:19.107] (INFO) User "rbv5052" logged out due to inactivity (timeout=30 minutes).
[2015/11/04 11:40:19.107] (INFO) Network heartbeat check: All OK.
[2015/11/04 11:40:19.107] (WARN) CPU temperature exceeds 40º Celsius.
[2015/11/04 11:40:19.107] (INFO) User "ngf7435" logged out.
[2015/11/04 11:40:19.107] (INFO) Your mother called. She says you never call her.
[2015/11/04 11:40:19.107] (INFO) Alien monitor (aliend): Detected no space aliens.
[2015/11/04 11:40:19.107] (INFO) User "apf3427" logged in from 192.168.65.181.
[2015/11/04 11:40:19.107] (INFO) Flushed 75 buffers to disk.
[2015/11/04 11:40:19.107] (INFO) Checkpointing off-heap server memory...
[2015/11/04 11:40:19.107] (INFO) Your mother called. She says you never call her.
[2015/11/04 11:40:19.107] (WARN) Possible cyber-attack from a small unnamed island.
[2015/11/04 11:40:19.107] (WARN) Master took 939 ms to respond (threshold=500 ms)
[2015/11/04 11:40:19.107] (INFO) Checkpointing off-heap server memory...
[2015/11/04 11:40:19.107] (INFO) Pinging watchdog timer process: Process is alive.
[2015/11/04 11:40:19.107] (ERROR) /dev/lp error: "PC LOAD LETTER"
[2015/11/04 11:40:19.107] (WARN) Possible cyber-attack from China.
[2015/11/04 11:40:19.107] (INFO) Device 0xcc88 is online.
[2015/11/04 11:40:19.107] (INFO) Alien monitor (aliend): Detected no space aliens.
[2015/11/04 11:40:19.107] (ERROR) Directory index of "/var/data" is forbidden.
[2015/11/04 11:40:19.107] (ERROR) Network heartbeat check FAILED: Master host down?
[2015/11/04 11:40:19.107] (INFO) Your mother called. She says you never call her.
[2015/11/04 11:40:19.107] (INFO) Alien monitor (aliend): Detected no space aliens.
[2015/11/04 11:40:19.107] (INFO) Device 0xf395 is online.
[2015/11/04 11:40:19.107] (ERROR) Blocked SMTP traffic originating from 10.80.243.81.
[2015/11/04 11:40:19.107] (INFO) Backed up all server logs.
[2015/11/04 11:40:19.107] (INFO) Rolling 4 log file(s)...
[2015/11/04 11:40:19.107] (INFO) Backed up all server logs.
[2015/11/04 11:40:19.107] (ERROR) "/var/data/KacPs84780.tar.gz": Permission denied (EACCES)
[2015/11/04 11:40:19.107] (INFO) Device 0xa219 is online.
[2015/11/04 11:40:19.107] (INFO) Rolling 8 log file(s)...
[2015/11/04 11:40:19.107] (WARN) Unable to ping master at 172.16.102.230. Retrying.
[2015/11/04 11:40:19.107] (INFO) Flushed 85 buffers to disk.
[2015/11/04 11:40:19.107] (INFO) Pinging watchdog timer process: Process is alive.
[2015/11/04 11:40:19.107] (ERROR) Device 0x1e9d is offline
[2015/11/04 11:40:19.107] (INFO) Alien monitor (aliend): Detected no space aliens.
[2015/11/04 11:40:19.107] (INFO) User "ijz3851" logged out.
[2015/11/04 11:40:19.107] (INFO) Sending SIGTERM to 4 excess workers.
[2015/11/04 11:40:19.107] (WARN) Ignoring SIGTERM. It's not that easy to get rid of me.
[2015/11/04 11:40:19.107] (ERROR) EFOODFAIL (Waiter, there's a fly in my soup).
[2015/11/04 11:40:19.107] (ERROR) Worker 5 died with SIGINT. Restarting it.
[2015/11/04 11:40:19.107] (INFO) .evian ylbirret si emehcs otpyrc ym neht ,siht daer nac uoy fI
[2015/11/04 11:40:19.107] (INFO) Waiting for monitor process (PID 49815) to die.
[2015/11/04 11:40:19.107] (INFO) Your mother called. She says you never call her.
[2015/11/04 11:40:19.107] (INFO) Alien monitor (aliend): Detected no space aliens.
[2015/11/04 11:40:19.107] (INFO) Supervisor has entered RESTARTING state.
[2015/11/04 11:40:19.107] (INFO) Device 0xdbe8 is online.
[2015/11/04 11:40:19.107] (INFO) User "crx2563" logged out due to inactivity (timeout=30 minutes).
[2015/11/04 11:40:19.107] (ERROR) EFOODFAIL (Waiter, there's a fly in my soup).
[2015/11/04 11:40:19.107] (ERROR) Failed to open "/mnt/fileserver02/kdlBN96073.tsv": NFS timeout.
[2015/11/04 11:40:19.107] (INFO) Sending SIGTERM to 2 excess workers.
[2015/11/04 11:40:19.107] (WARN) Unable to ping monitor at 172.16.84.216. Retrying.
[2015/11/04 11:40:19.107] (INFO) Flushed 27 buffers to disk.
[2015/11/04 11:40:19.107] (INFO) User "rwo8278" logged out due to inactivity (timeout=30 minutes).
[2015/11/04 11:40:19.107] (ERROR) Worker 7 died with SIGINT. Restarting it.
[2015/11/04 11:40:19.107] (INFO) Flushed 23 buffers to disk.
[2015/11/04 11:40:19.107] (INFO) User "ogl9246" logged out due to inactivity (timeout=30 minutes).
[2015/11/04 11:40:19.107] (INFO) Backed up all server logs.
[2015/11/04 11:40:19.107] (INFO) Your mother called. She says you never call her.
[2015/11/04 11:40:19.107] (ERROR) "/var/data/dOWAq86336.tsv": No such file or directory (ENOENT)
[2015/11/04 11:40:19.107] (INFO) Your mother called. She says you never call her.
[2015/11/04 11:40:19.107] (INFO) Checked file systems for errors: All filesystems OK.
[2015/11/04 11:40:19.107] (INFO) Network heartbeat check: All OK.
[2015/11/04 11:40:19.107] (INFO) Network heartbeat check: All OK.
[2015/11/04 11:40:19.107] (ERROR) Blocked SMTP traffic originating from 192.168.110.12.
[2015/11/04 11:40:19.107] (INFO) Flushed 48 buffers to disk.
[2015/11/04 11:40:19.107] (INFO) Pinging watchdog timer process: Process is alive.
[2015/11/04 11:40:19.107] (INFO) Waiting for monitor process (PID 43001) to die.
[2015/11/04 11:40:19.107] (INFO) Checked file systems for errors: All filesystems OK.
[2015/11/04 11:40:19.107] (INFO) Network heartbeat check: All OK.
[2015/11/04 11:40:19.107] (INFO) User "rod1961" logged in from 10.51.114.71.
[2015/11/04 11:40:19.107] (INFO) Supervisor has entered RESTARTING state.
[2015/11/04 11:40:19.107] (INFO) User "tld8439" logged out.
[2015/11/04 11:40:19.107] (INFO) Rolling 4 log file(s)...
[2015/11/04 11:40:19.107] (INFO) Waiting for supervisor process (PID 9703) to die.
[2015/11/04 11:40:19.107] (INFO) Backed up all server logs.
[2015/11/04 11:40:19.107] (ERROR) "/var/data/pJnTM75365.parquet": Permission denied (EACCES)
[2015/11/04 11:40:19.107] (INFO) Checked file systems for errors: All filesystems OK.
[2015/11/04 11:40:19.107] (INFO) Backed up all server logs.
[2015/11/04 11:40:19.107] (INFO) Flushed 42 buffers to disk.
[2015/11/04 11:40:19.107] (INFO) Checkpointing off-heap server memory...
[2015/11/04 11:40:19.107] (INFO) Rolling 6 log file(s)...
[2015/11/04 11:40:19.107] (INFO) Your mother called. She says you never call her.
[2015/11/04 11:40:19.107] (INFO) Your mother called. She says you never call her.
[2015/11/04 11:40:19.107] (ERROR) Worker 2 died with SIGQUIT. Restarting it.
[2015/11/04 11:40:19.107] (INFO) Waiting for supervisor process (PID 43786) to die.
[2015/11/04 11:40:19.107] (INFO) Pinging watchdog timer process: Process is alive.
[2015/11/04 11:40:19.107] (INFO) Pinging watchdog timer process: Process is alive.
[2015/11/04 11:40:19.107] (INFO) Sending SIGTERM to 3 excess workers.
[2015/11/04 11:40:19.107] (INFO) Device 0x9d87 is online.
[2015/11/04 11:40:19.107] (INFO) Flushed 86 buffers to disk.
[2015/11/04 11:40:19.107] (INFO) Rolling 2 log file(s)...
[2015/11/04 11:40:19.107] (INFO) Waiting for master process (PID 46792) to die.
[2015/11/04 11:40:19.107] (ERROR) Network heartbeat check FAILED: Master host down?
[2015/11/04 11:40:19.107] (INFO) Your mother called. She says you never call her.
[2015/11/04 11:40:19.107] (INFO) Rolling 7 log file(s)...
[2015/11/04 11:40:19.107] (INFO) Your mother called. She says you never call her.
[2015/11/04 11:40:19.107] (WARN) Unable to ping monitor at 172.16.46.200. Retrying.
[2015/11/04 11:40:19.606] (ERROR) Server log backup FAILED. See backup logs.
[2015/11/04 11:40:19.606] (INFO) User "yhh8073" logged out.
[2015/11/04 11:40:19.606] (ERROR) Blocked Little Bobby Tables attack (https://xkcd.com/327/) from 172.16.189.10.
[2015/11/04 11:40:19.606] (ERROR) CPU temperature exceeds 50º Celsius. Shutting down.
[2015/11/04 11:40:19.606] (INFO) Flushed 23 buffers to disk.
[2015/11/04 11:40:19.606] (INFO) User "byp5040" logged out due to inactivity (timeout=30 minutes).
[2015/11/04 11:40:19.606] (INFO) Waiting for master process (PID 39152) to die.
[2015/11/04 11:40:19.606] (INFO) .evian ylbirret si emehcs otpyrc ym neht ,siht daer nac uoy fI
[2015/11/04 11:40:19.606] (ERROR) Server log backup FAILED. See backup logs.
[2015/11/04 11:40:19.606] (INFO) Supervisor has entered RUNNING state.
[2015/11/04 11:40:19.606] (INFO) Pinging watchdog timer process: Process is alive.
[2015/11/04 11:40:19.606] (ERROR) Unable to mount /dev/sdc4. (Time to run fsck?)
[2015/11/04 11:40:19.606] (INFO) Supervisor has entered RUNNING state.
[2015/11/04 11:40:19.606] (INFO) .evian ylbirret si emehcs otpyrc ym neht ,siht daer nac uoy fI
[2015/11/04 11:40:19.606] (INFO) Pinging watchdog timer process: Process is alive.
[2015/11/04 11:40:19.606] (INFO) Your mother called. She says you never call her.
[2015/11/04 11:40:19.606] (INFO) User "olb4095" logged out.
[2015/11/04 11:40:19.606] (WARN) There is no such thing as a free lunch.
[2015/11/04 11:40:19.606] (INFO) Checked file systems for errors: All filesystems OK.
[2015/11/04 11:40:19.606] (INFO) Backed up all server logs.
[2015/11/04 11:40:19.606] (WARN) Possible cyber-attack from China.
[2015/11/04 11:40:19.606] (INFO) Network heartbeat check: All OK.
[2015/11/04 11:40:19.606] (WARN) Master took 623 ms to respond (threshold=500 ms)
[2015/11/04 11:40:19.606] (INFO) Checkpointing off-heap server memory...
[2015/11/04 11:40:19.606] (WARN) Watchdog timer crashed. Restarting it.
[2015/11/04 11:40:19.606] (INFO) Flushed 22 buffers to disk.
[2015/11/04 11:40:19.606] (INFO) .evian ylbirret si emehcs otpyrc ym neht ,siht daer nac uoy fI
[2015/11/04 11:40:19.606] (WARN) There is no such thing as a free lunch.
[2015/11/04 11:40:19.606] (INFO) Supervisor has entered RUNNING state.
[2015/11/04 11:40:19.606] (INFO) Waiting for master process (PID 33715) to die.
[2015/11/04 11:40:19.606] (INFO) Rolling 8 log file(s)...
[2015/11/04 11:40:19.606] (INFO) Checked file systems for errors: All filesystems OK.
[2015/11/04 11:40:19.606] (INFO) Backed up all server logs.
[2015/11/04 11:40:19.606] (INFO) Waiting for monitor process (PID 64183) to die.
[2015/11/04 11:40:19.606] (INFO) Alien monitor (aliend): Detected no space aliens.
[2015/11/04 11:40:19.606] (INFO) Waiting for monitor process (PID 63552) to die.
[2015/11/04 11:40:19.606] (INFO) Rolling 2 log file(s)...
[2015/11/04 11:40:19.606] (INFO) User "fad4529" logged out.
[2015/11/04 11:40:19.606] (INFO) User "cwb3679" logged out due to inactivity (timeout=30 minutes).
[2015/11/04 11:40:19.606] (INFO) Network heartbeat check: All OK.
[2015/11/04 11:40:19.606] (INFO) Your mother called. She says you never call her.
[2015/11/04 11:40:19.606] (ERROR) Unable to mount /dev/sdd4. (Time to run fsck?)
[2015/11/04 11:40:19.606] (INFO) Alien monitor (aliend): Detected no space aliens.
[2015/11/04 11:40:19.606] (INFO) Your mother called. She says you never call her.
[2015/11/04 11:40:19.606] (INFO) Rolling 5 log file(s)...
[2015/11/04 11:40:19.606] (INFO) .evian ylbirret si emehcs otpyrc ym neht ,siht daer nac uoy fI
[2015/11/04 11:40:19.606] (INFO) Supervisor has entered SUSPENDED state.
[2015/11/04 11:40:19.606] (INFO) Waiting for monitor process (PID 42771) to die.
[2015/11/04 11:40:19.606] (INFO) Supervisor has entered SUSPENDED state.
[2015/11/04 11:40:19.606] (WARN) Master took 880 ms to respond (threshold=500 ms)
[2015/11/04 11:40:19.606] (INFO) Rolling 3 log file(s)...
[2015/11/04 11:40:19.606] (INFO) User "psm6824" logged in from 192.168.199.152.
[2015/11/04 11:40:19.606] (INFO) Network heartbeat check: All OK.
[2015/11/04 11:40:19.606] (WARN) Backup server 172.16.101.6 is offline.
[2015/11/04 11:40:19.606] (INFO) Alien monitor (aliend): Detected no space aliens.
[2015/11/04 11:40:19.606] (INFO) User "qtn7903" logged out due to inactivity (timeout=30 minutes).
[2015/11/04 11:40:19.606] (INFO) User "lbt4713" logged out due to inactivity (timeout=30 minutes).
[2015/11/04 11:40:19.606] (INFO) Flushed 49 buffers to disk.
[2015/11/04 11:40:19.606] (INFO) Checkpointing off-heap server memory...
[2015/11/04 11:40:19.606] (INFO) .evian ylbirret si emehcs otpyrc ym neht ,siht daer nac uoy fI
[2015/11/04 11:40:19.606] (WARN) Retrying server log checkpoint.
[2015/11/04 11:40:19.606] (INFO) Checkpointing off-heap server memory...
[2015/11/04 11:40:19.606] (ERROR) Detected clock skew! Restarting NTP server.
[2015/11/04 11:40:19.606] (INFO) Rolling 4 log file(s)...
[2015/11/04 11:40:19.606] (INFO) Flushed 55 buffers to disk.
[2015/11/04 11:40:19.606] (WARN) Possible cyber-attack from Canada.
[2015/11/04 11:40:19.606] (INFO) Checkpointing off-heap server memory...
[2015/11/04 11:40:19.606] (ERROR) Failed to open "/mnt/fileserver02/SDQHd84972.tsv": NFS timeout.
[2015/11/04 11:40:19.606] (INFO) User "wdf1307" logged out.
[2015/11/04 11:40:19.606] (INFO) Supervisor has entered SUSPENDED state.
[2015/11/04 11:40:19.606] (INFO) User "kng7620" logged in from 192.168.222.19.
[2015/11/04 11:40:19.606] (ERROR) "/var/data/uUBhJ91527.xslx": Permission denied (EACCES)
[2015/11/04 11:40:19.606] (INFO) Backed up all server logs.
[2015/11/04 11:40:19.606] (WARN) CPU temperature exceeds 40º Celsius.
[2015/11/04 11:40:19.606] (INFO) Waiting for worker process (PID 3225) to die.
[2015/11/04 11:40:19.606] (ERROR) CPU temperature exceeds 50º Celsius. Shutting down.
[2015/11/04 11:40:19.606] (INFO) Checkpointing off-heap server memory...
[2015/11/04 11:40:19.606] (ERROR) Unable to authenticate user "mio5900": LDAP server isn't responding.
[2015/11/04 11:40:19.606] (WARN) Backup server 10.27.164.162 is offline.
[2015/11/04 11:40:19.606] (WARN) Unable to ping master at 10.82.116.218. Retrying.
[2015/11/04 11:40:19.606] (INFO) Network heartbeat check: All OK.
[2015/11/04 11:40:19.606] (INFO) Rolling 7 log file(s)...
[2015/11/04 11:40:19.606] (INFO) Rolling 5 log file(s)...
[2015/11/04 11:40:19.606] (INFO) Sending SIGTERM to 4 excess workers.
[2015/11/04 11:40:19.606] (INFO) Sending SIGTERM to 3 excess workers.
[2015/11/04 11:40:19.606] (INFO) .evian ylbirret si emehcs otpyrc ym neht ,siht daer nac uoy fI
[2015/11/04 11:40:19.606] (ERROR) /dev/lp error: "PC LOAD LETTER"
[2015/11/04 11:40:19.606] (INFO) Supervisor has entered RUNNING state.
[2015/11/04 11:40:19.606] (INFO) Checked file systems for errors: All filesystems OK.
[2015/11/04 11:40:19.606] (INFO) Sending SIGTERM to 2 excess workers.
[2015/11/04 11:40:19.606] (INFO) Flushed 75 buffers to disk.
[2015/11/04 11:40:19.606] (INFO) Flushed 76 buffers to disk.
[2015/11/04 11:40:19.606] (INFO) Network heartbeat check: All OK.
[2015/11/04 11:40:19.606] (INFO) Pinging watchdog timer process: Process is alive.
[2015/11/04 11:40:19.606] (INFO) Your mother called. She says you never call her.
[2015/11/04 11:40:19.606] (INFO) Alien monitor (aliend): Detected no space aliens.
[2015/11/04 11:40:19.606] (INFO) Backed up all server logs.
[2015/11/04 11:40:19.606] (WARN) Dropped 1,731 corrupt data packets.
[2015/11/04 11:40:19.606] (INFO) Flushed 42 buffers to disk.
[2015/11/04 11:40:19.606] (INFO) Backed up all server logs.
[2015/11/04 11:40:20.107] (ERROR) Connection to 10.222.160.9 terminated unexpectedly. Reconnecting.
[2015/11/04 11:40:20.107] (INFO) Backed up all server logs.
[2015/11/04 11:40:20.107] (ERROR) Device 0x7956 is offline
[2015/11/04 11:40:20.107] (INFO) Supervisor has entered RUNNING state.
[2015/11/04 11:40:20.107] (ERROR) Connection to 172.16.72.97 terminated unexpectedly. Reconnecting.
[2015/11/04 11:40:20.107] (INFO) Network heartbeat check: All OK.
[2015/11/04 11:40:20.107] (INFO) Backed up all server logs.
[2015/11/04 11:40:20.107] (WARN) Space on disk /dev/sde2 is low: Only 639 MB available.
[2015/11/04 11:40:20.107] (INFO) Supervisor has entered RUNNING state.
[2015/11/04 11:40:20.107] (INFO) Sending SIGTERM to 4 excess workers.
[2015/11/04 11:40:20.107] (INFO) User "nok1868" logged out due to inactivity (timeout=30 minutes).
[2015/11/04 11:40:20.107] (INFO) User "cle3978" logged out.
[2015/11/04 11:40:20.107] (INFO) Rolling 4 log file(s)...
[2015/11/04 11:40:20.107] (INFO) Rolling 7 log file(s)...
[2015/11/04 11:40:20.107] (INFO) User "ell8721" logged in from 172.16.191.29.
[2015/11/04 11:40:20.107] (INFO) Rolling 8 log file(s)...
[2015/11/04 11:40:20.107] (INFO) Waiting for master process (PID 52126) to die.
[2015/11/04 11:40:20.107] (INFO) Device 0xb45f is online.
[2015/11/04 11:40:20.107] (INFO) Waiting for monitor process (PID 59229) to die.
[2015/11/04 11:40:20.107] (INFO) Checkpointing off-heap server memory...
[2015/11/04 11:40:20.107] (INFO) Checked file systems for errors: All filesystems OK.
[2015/11/04 11:40:20.107] (INFO) Alien monitor (aliend): Detected no space aliens.
[2015/11/04 11:40:20.107] (WARN) Ignoring SIGTERM. It's not that easy to get rid of me.
[2015/11/04 11:40:20.107] (INFO) Waiting for worker process (PID 14541) to die.
[2015/11/04 11:40:20.107] (INFO) Rolling 3 log file(s)...
[2015/11/04 11:40:20.107] (WARN) Unable to ping worker at 10.238.98.125. Retrying.
[2015/11/04 11:40:20.107] (INFO) Pinging watchdog timer process: Process is alive.
[2015/11/04 11:40:20.107] (ERROR) Alien monitor (aliend): 2 space aliens are fiddling with the hardware!
[2015/11/04 11:40:20.107] (INFO) Rolling 2 log file(s)...
[2015/11/04 11:40:20.107] (INFO) Your mother called. She says you never call her.
[2015/11/04 11:40:20.107] (INFO) Device 0x503d is online.
[2015/11/04 11:40:20.107] (INFO) User "fmf7765" logged out.
[2015/11/04 11:40:20.107] (INFO) Alien monitor (aliend): Detected no space aliens.
[2015/11/04 11:40:20.107] (ERROR) EFOODFAIL (Waiter, there's a fly in my soup).
[2015/11/04 11:40:20.107] (WARN) Retrying server log checkpoint.
[2015/11/04 11:40:20.107] (INFO) Sending SIGTERM to 2 excess workers.
[2015/11/04 11:40:20.107] (INFO) Rolling 8 log file(s)...
[2015/11/04 11:40:20.107] (INFO) Checked file systems for errors: All filesystems OK.
[2015/11/04 11:40:20.107] (INFO) Backed up all server logs.
[2015/11/04 11:40:20.107] (INFO) User "umk6110" logged out.
[2015/11/04 11:40:20.107] (INFO) Your mother called. She says you never call her.
[2015/11/04 11:40:20.107] (INFO) Waiting for worker process (PID 38391) to die.
[2015/11/04 11:40:20.107] (INFO) User "spr4313" logged out.
[2015/11/04 11:40:20.107] (INFO) User "bkr7886" logged in from 10.12.239.240.
[2015/11/04 11:40:20.107] (INFO) Flushed 50 buffers to disk.
[2015/11/04 11:40:20.107] (WARN) Backup server 10.178.183.161 is offline.
[2015/11/04 11:40:20.107] (ERROR) /dev/lp error: "PC LOAD LETTER"
[2015/11/04 11:40:20.107] (INFO) Flushed 49 buffers to disk.
[2015/11/04 11:40:20.107] (INFO) Flushed 54 buffers to disk.
[2015/11/04 11:40:20.107] (INFO) Network heartbeat check: All OK.
[2015/11/04 11:40:20.107] (INFO) Pinging watchdog timer process: Process is alive.
[2015/11/04 11:40:20.107] (INFO) Checkpointing off-heap server memory...
[2015/11/04 11:40:20.107] (INFO) Alien monitor (aliend): Detected no space aliens.
[2015/11/04 11:40:20.107] (INFO) Flushed 57 buffers to disk.
[2015/11/04 11:40:20.107] (ERROR) "/var/data/hPBGd69777.tar.gz": No such file or directory (ENOENT)
[2015/11/04 11:40:20.107] (INFO) .evian ylbirret si emehcs otpyrc ym neht ,siht daer nac uoy fI
[2015/11/04 11:40:20.107] (INFO) Waiting for monitor process (PID 48543) to die.
[2015/11/04 11:40:20.107] (INFO) Network heartbeat check: All OK.
[2015/11/04 11:40:20.107] (INFO) Flushed 74 buffers to disk.
[2015/11/04 11:40:20.107] (INFO) Alien monitor (aliend): Detected no space aliens.
[2015/11/04 11:40:20.107] (ERROR) CPU temperature exceeds 50º Celsius. Shutting down.
[2015/11/04 11:40:20.108] (ERROR) "/var/data/ppnLP84855.tsv": No such file or directory (ENOENT)
[2015/11/04 11:40:20.108] (INFO) Your mother called. She says you never call her.
[2015/11/04 11:40:20.108] (INFO) Backed up all server logs.
[2015/11/04 11:40:20.108] (ERROR) Device 0xe826 is offline
[2015/11/04 11:40:20.108] (INFO) Pinging watchdog timer process: Process is alive.
[2015/11/04 11:40:20.108] (INFO) Network heartbeat check: All OK.
[2015/11/04 11:40:20.108] (INFO) User "vpj1476" logged in from 172.16.180.32.
[2015/11/04 11:40:20.108] (INFO) Sending SIGTERM to 3 excess workers.
[2015/11/04 11:40:20.108] (INFO) Checkpointing off-heap server memory...
[2015/11/04 11:40:20.108] (ERROR) EFOODFAIL (Waiter, there's a fly in my soup).
[2015/11/04 11:40:20.108] (INFO) Rolling 3 log file(s)...
[2015/11/04 11:40:20.108] (INFO) .evian ylbirret si emehcs otpyrc ym neht ,siht daer nac uoy fI
[2015/11/04 11:40:20.108] (WARN) Possible cyber-attack from China.
[2015/11/04 11:40:20.108] (ERROR) User "hdz8170" failed to log in 3 times. Disabling account.
[2015/11/04 11:40:20.108] (INFO) Sending SIGTERM to 2 excess workers.
[2015/11/04 11:40:20.108] (INFO) Your mother called. She says you never call her.
[2015/11/04 11:40:20.108] (INFO) Rolling 3 log file(s)...
[2015/11/04 11:40:20.108] (INFO) Device 0xed6c is online.
[2015/11/04 11:40:20.108] (INFO) Your mother called. She says you never call her.
[2015/11/04 11:40:20.108] (INFO) Device 0x1ab6 is online.
[2015/11/04 11:40:20.108] (WARN) CPU temperature exceeds 40º Celsius.
[2015/11/04 11:40:20.108] (INFO) Checked file systems for errors: All filesystems OK.
[2015/11/04 11:40:20.108] (INFO) Pinging watchdog timer process: Process is alive.
[2015/11/04 11:40:20.108] (INFO) User "ysp8425" logged out due to inactivity (timeout=30 minutes).
[2015/11/04 11:40:20.108] (INFO) Your mother called. She says you never call her.
[2015/11/04 11:40:20.108] (INFO) Rolling 6 log file(s)...
[2015/11/04 11:40:20.108] (INFO) Rolling 7 log file(s)...
[2015/11/04 11:40:20.108] (INFO) Rolling 9 log file(s)...
[2015/11/04 11:40:20.108] (INFO) Network heartbeat check: All OK.
[2015/11/04 11:40:20.108] (INFO) Rolling 8 log file(s)...
[2015/11/04 11:40:20.108] (WARN) Watchdog timer crashed. Restarting it.
[2015/11/04 11:40:20.108] (INFO) User "npb4933" logged in from 192.168.166.248.
[2015/11/04 11:40:20.108] (INFO) Alien monitor (aliend): Detected no space aliens.
[2015/11/04 11:40:20.108] (INFO) Backed up all server logs.
[2015/11/04 11:40:20.108] (INFO) Device 0xffb1 is online.
[2015/11/04 11:40:20.108] (INFO) Checkpointing off-heap server memory...
[2015/11/04 11:40:20.108] (INFO) .evian ylbirret si emehcs otpyrc ym neht ,siht daer nac uoy fI
[2015/11/04 11:40:20.108] (INFO) User "dep9205" logged out.
[2015/11/04 11:40:20.108] (INFO) Checkpointing off-heap server memory...
[2015/11/04 11:40:20.607] (INFO) Backed up all server logs.
[2015/11/04 11:40:20.607] (INFO) Checkpointing off-heap server memory...
[2015/11/04 11:40:20.607] (ERROR) Detected incoming DDoS from 10.236.207.59.
[2015/11/04 11:40:20.607] (INFO) Device 0xba2d is online.
[2015/11/04 11:40:20.607] (INFO) .evian ylbirret si emehcs otpyrc ym neht ,siht daer nac uoy fI
[2015/11/04 11:40:20.607] (ERROR) Blocked Little Bobby Tables attack (https://xkcd.com/327/) from 172.16.199.251.
[2015/11/04 11:40:20.607] (ERROR) Directory index of "/var/data" is forbidden.
[2015/11/04 11:40:20.607] (INFO) User "uch4294" logged out due to inactivity (timeout=30 minutes).
[2015/11/04 11:40:20.607] (INFO) User "nck7825" logged out due to inactivity (timeout=30 minutes).
[2015/11/04 11:40:20.607] (INFO) .evian ylbirret si emehcs otpyrc ym neht ,siht daer nac uoy fI
[2015/11/04 11:40:20.607] (INFO) Checkpointing off-heap server memory...
[2015/11/04 11:40:20.607] (ERROR) User "kvj1285" failed to log in 3 times. Disabling account.
[2015/11/04 11:40:20.607] (INFO) Sending SIGTERM to 4 excess workers.
[2015/11/04 11:40:20.607] (INFO) Flushed 87 buffers to disk.
[2015/11/04 11:40:20.607] (WARN) Master took 922 ms to respond (threshold=500 ms)
[2015/11/04 11:40:20.607] (WARN) Ignoring SIGTERM. It's not that easy to get rid of me.
[2015/11/04 11:40:20.607] (WARN) Space on disk /dev/sdb4 is low: Only 665 MB available.
[2015/11/04 11:40:20.607] (INFO) Pinging watchdog timer process: Process is alive.
[2015/11/04 11:40:20.607] (INFO) Alien monitor (aliend): Detected no space aliens.
[2015/11/04 11:40:20.607] (INFO) User "hix5764" logged out.
[2015/11/04 11:40:20.607] (INFO) .evian ylbirret si emehcs otpyrc ym neht ,siht daer nac uoy fI
[2015/11/04 11:40:20.607] (WARN) There is no such thing as a free lunch.
[2015/11/04 11:40:20.607] (INFO) Backed up all server logs.
[2015/11/04 11:40:20.607] (INFO) Backed up all server logs.
[2015/11/04 11:40:20.607] (INFO) User "cmx1871" logged out due to inactivity (timeout=30 minutes).
[2015/11/04 11:40:20.607] (WARN) Master took 887 ms to respond (threshold=500 ms)
[2015/11/04 11:40:20.607] (INFO) Alien monitor (aliend): Detected no space aliens.
[2015/11/04 11:40:20.607] (WARN) Dropped 14,291 corrupt data packets.
[2015/11/04 11:40:20.607] (INFO) User "qkq8973" logged out due to inactivity (timeout=30 minutes).
[2015/11/04 11:40:20.607] (INFO) User "jse5312" logged in from 172.16.76.245.
[2015/11/04 11:40:20.607] (WARN) Master took 515 ms to respond (threshold=500 ms)
[2015/11/04 11:40:20.607] (INFO) .evian ylbirret si emehcs otpyrc ym neht ,siht daer nac uoy fI
[2015/11/04 11:40:20.607] (INFO) Backed up all server logs.
[2015/11/04 11:40:20.607] (INFO) Checked file systems for errors: All filesystems OK.
[2015/11/04 11:40:20.607] (INFO) Network heartbeat check: All OK.
[2015/11/04 11:40:20.607] (INFO) User "ouw2768" logged out.
[2015/11/04 11:40:20.607] (INFO) Pinging watchdog timer process: Process is alive.
[2015/11/04 11:40:20.607] (WARN) Watchdog timer crashed. Restarting it.
[2015/11/04 11:40:20.607] (INFO) Flushed 67 buffers to disk.
[2015/11/04 11:40:20.607] (INFO) User "fgy7278" logged in from 172.16.172.50.
[2015/11/04 11:40:20.607] (INFO) Your mother called. She says you never call her.
[2015/11/04 11:40:20.607] (INFO) Flushed 67 buffers to disk.
[2015/11/04 11:40:20.607] (INFO) Checked file systems for errors: All filesystems OK.
[2015/11/04 11:40:20.607] (INFO) Checked file systems for errors: All filesystems OK.
[2015/11/04 11:40:20.607] (INFO) .evian ylbirret si emehcs otpyrc ym neht ,siht daer nac uoy fI
[2015/11/04 11:40:20.607] (INFO) Device 0xe049 is online.
[2015/11/04 11:40:20.607] (INFO) Backed up all server logs.
[2015/11/04 11:40:20.607] (INFO) User "nbc1276" logged out due to inactivity (timeout=30 minutes).
[2015/11/04 11:40:20.607] (ERROR) EFOODFAIL (Waiter, there's a fly in my soup).
[2015/11/04 11:40:20.607] (INFO) Sending SIGTERM to 3 excess workers.
[2015/11/04 11:40:20.607] (WARN) Ignoring SIGTERM. It's not that easy to get rid of me.
[2015/11/04 11:40:20.607] (INFO) Network heartbeat check: All OK.
[2015/11/04 11:40:20.607] (INFO) Alien monitor (aliend): Detected no space aliens.
[2015/11/04 11:40:20.607] (ERROR) User "jyr6283" failed to log in 3 times. Disabling account.
[2015/11/04 11:40:20.607] (INFO) Checkpointing off-heap server memory...
[2015/11/04 11:40:20.607] (INFO) Alien monitor (aliend): Detected no space aliens.
[2015/11/04 11:40:20.607] (INFO) User "xag8169" logged in from 192.168.201.53.
[2015/11/04 11:40:20.607] (INFO) User "awv9934" logged out.
[2015/11/04 11:40:20.607] (INFO) Checkpointing off-heap server memory...
[2015/11/04 11:40:20.607] (INFO) Rolling 4 log file(s)...
[2015/11/04 11:40:20.607] (INFO) Your mother called. She says you never call her.
[2015/11/04 11:40:20.607] (INFO) Pinging watchdog timer process: Process is alive.
[2015/11/04 11:40:20.607] (INFO) Supervisor has entered RESTARTING state.
[2015/11/04 11:40:20.607] (INFO) Waiting for supervisor process (PID 21873) to die.
[2015/11/04 11:40:20.607] (INFO) Alien monitor (aliend): Detected no space aliens.
[2015/11/04 11:40:20.607] (INFO) Checked file systems for errors: All filesystems OK.
[2015/11/04 11:40:20.607] (WARN) Watchdog timer crashed. Restarting it.
[2015/11/04 11:40:20.607] (ERROR) Detected clock skew! Restarting NTP server.
[2015/11/04 11:40:20.607] (INFO) Supervisor has entered RESTARTING state.
[2015/11/04 11:40:20.607] (WARN) Dropped 2,279 corrupt data packets.
[2015/11/04 11:40:20.607] (INFO) .evian ylbirret si emehcs otpyrc ym neht ,siht daer nac uoy fI
[2015/11/04 11:40:20.607] (INFO) Flushed 30 buffers to disk.
[2015/11/04 11:40:20.607] (INFO) Device 0x88ed is online.
[2015/11/04 11:40:20.607] (WARN) Ignoring SIGTERM. It's not that easy to get rid of me.
[2015/11/04 11:40:20.607] (WARN) CPU temperature exceeds 40º Celsius.
[2015/11/04 11:40:20.607] (INFO) Supervisor has entered WAITING state.
[2015/11/04 11:40:20.607] (ERROR) Unable to mount /dev/sdd1. (Time to run fsck?)
[2015/11/04 11:40:20.607] (INFO) User "tzz2235" logged in from 172.16.72.53.
[2015/11/04 11:40:20.607] (INFO) Your mother called. She says you never call her.
[2015/11/04 11:40:20.607] (INFO) Checkpointing off-heap server memory...
[2015/11/04 11:40:20.607] (ERROR) Alien monitor (aliend): 2 space aliens are fiddling with the hardware!
[2015/11/04 11:40:20.607] (ERROR) Connection to 192.168.28.106 terminated unexpectedly. Reconnecting.
[2015/11/04 11:40:20.607] (INFO) Backed up all server logs.
[2015/11/04 11:40:20.607] (INFO) Rolling 1 log file(s)...
[2015/11/04 11:40:20.607] (INFO) Sending SIGTERM to 2 excess workers.
[2015/11/04 11:40:20.607] (INFO) Your mother called. She says you never call her.
[2015/11/04 11:40:20.607] (INFO) Checkpointing off-heap server memory...
[2015/11/04 11:40:20.607] (INFO) User "aqq1134" logged in from 10.117.29.160.
[2015/11/04 11:40:20.607] (ERROR) "/var/data/rehNA71633.parquet": Permission denied (EACCES)
[2015/11/04 11:40:20.607] (WARN) Retrying server log checkpoint.
[2015/11/04 11:40:20.607] (INFO) Supervisor has entered WAITING state.
[2015/11/04 11:40:20.607] (INFO) Network heartbeat check: All OK.
[2015/11/04 11:40:20.607] (INFO) Checked file systems for errors: All filesystems OK.
[2015/11/04 11:40:20.607] (INFO) Alien monitor (aliend): Detected no space aliens.
[2015/11/04 11:40:20.607] (INFO) Backed up all server logs.
[2015/11/04 11:40:20.607] (INFO) User "cxc6306" logged out due to inactivity (timeout=30 minutes).
[2015/11/04 11:40:20.607] (INFO) .evian ylbirret si emehcs otpyrc ym neht ,siht daer nac uoy fI
[2015/11/04 11:40:20.607] (INFO) Checked file systems for errors: All filesystems OK.
[2015/11/04 11:40:20.607] (INFO) Device 0x4e4e is online.
[2015/11/04 11:40:20.607] (INFO) Checkpointing off-heap server memory...
[2015/11/04 11:40:21.107] (INFO) Alien monitor (aliend): Detected no space aliens.
[2015/11/04 11:40:21.107] (INFO) Device 0x2a94 is online.
[2015/11/04 11:40:21.107] (ERROR) Detected clock skew! Restarting NTP server.
[2015/11/04 11:40:21.107] (INFO) Supervisor has entered SUSPENDED state.
[2015/11/04 11:40:21.107] (INFO) Your mother called. She says you never call her.
[2015/11/04 11:40:21.107] (INFO) Network heartbeat check: All OK.
[2015/11/04 11:40:21.107] (INFO) Checked file systems for errors: All filesystems OK.
[2015/11/04 11:40:21.107] (INFO) .evian ylbirret si emehcs otpyrc ym neht ,siht daer nac uoy fI
[2015/11/04 11:40:21.107] (INFO) Network heartbeat check: All OK.
[2015/11/04 11:40:21.107] (INFO) User "bnv3786" logged out.
[2015/11/04 11:40:21.107] (INFO) Checked file systems for errors: All filesystems OK.
[2015/11/04 11:40:21.107] (INFO) Alien monitor (aliend): Detected no space aliens.
[2015/11/04 11:40:21.107] (WARN) Network heartbeat check: 16 server(s) did not respond.
[2015/11/04 11:40:21.107] (INFO) .evian ylbirret si emehcs otpyrc ym neht ,siht daer nac uoy fI
[2015/11/04 11:40:21.107] (INFO) Backed up all server logs.
[2015/11/04 11:40:21.107] (INFO) Pinging watchdog timer process: Process is alive.
[2015/11/04 11:40:21.107] (INFO) Network heartbeat check: All OK.
[2015/11/04 11:40:21.107] (INFO) User "hvl3684" logged in from 10.158.145.166.
[2015/11/04 11:40:21.107] (INFO) Pinging watchdog timer process: Process is alive.
[2015/11/04 11:40:21.107] (INFO) .evian ylbirret si emehcs otpyrc ym neht ,siht daer nac uoy fI
[2015/11/04 11:40:21.107] (INFO) Checkpointing off-heap server memory...
[2015/11/04 11:40:21.107] (INFO) .evian ylbirret si emehcs otpyrc ym neht ,siht daer nac uoy fI
[2015/11/04 11:40:21.107] (INFO) Checked file systems for errors: All filesystems OK.
[2015/11/04 11:40:21.107] (ERROR) Unable to mount /dev/sdb3. (Time to run fsck?)
[2015/11/04 11:40:21.107] (ERROR) "/var/data/zUWmF57022.xml": No such file or directory (ENOENT)
[2015/11/04 11:40:21.107] (INFO) Checked file systems for errors: All filesystems OK.
[2015/11/04 11:40:21.107] (INFO) User "fxh5425" logged in from 10.89.121.182.
[2015/11/04 11:40:21.107] (INFO) .evian ylbirret si emehcs otpyrc ym neht ,siht daer nac uoy fI
[2015/11/04 11:40:21.107] (INFO) Supervisor has entered RESTARTING state.
[2015/11/04 11:40:21.107] (INFO) Network heartbeat check: All OK.
[2015/11/04 11:40:21.107] (INFO) Waiting for worker process (PID 25253) to die.
[2015/11/04 11:40:21.107] (INFO) Checked file systems for errors: All filesystems OK.
[2015/11/04 11:40:21.107] (INFO) Flushed 36 buffers to disk.
[2015/11/04 11:40:21.107] (INFO) Device 0xecf0 is online.
[2015/11/04 11:40:21.107] (INFO) User "fhu1919" logged in from 10.68.212.123.
[2015/11/04 11:40:21.107] (ERROR) Device 0x9b3e is offline
[2015/11/04 11:40:21.107] (INFO) Pinging watchdog timer process: Process is alive.
[2015/11/04 11:40:21.107] (INFO) Pinging watchdog timer process: Process is alive.
[2015/11/04 11:40:21.107] (INFO) Checked file systems for errors: All filesystems OK.
[2015/11/04 11:40:21.107] (INFO) User "paf8808" logged out due to inactivity (timeout=30 minutes).
[2015/11/04 11:40:21.107] (INFO) Checkpointing off-heap server memory...
[2015/11/04 11:40:21.107] (INFO) User "msq3151" logged out due to inactivity (timeout=30 minutes).
[2015/11/04 11:40:21.107] (INFO) Flushed 69 buffers to disk.
[2015/11/04 11:40:21.107] (INFO) Waiting for monitor process (PID 37620) to die.
[2015/11/04 11:40:21.107] (INFO) Network heartbeat check: All OK.
[2015/11/04 11:40:21.107] (ERROR) Extra characters at end of line.
[2015/11/04 11:40:21.107] (INFO) Network heartbeat check: All OK.
[2015/11/04 11:40:21.107] (INFO) Your mother called. She says you never call her.
[2015/11/04 11:40:21.107] (INFO) User "hbs7008" logged out due to inactivity (timeout=30 minutes).
[2015/11/04 11:40:21.107] (INFO) Sending SIGTERM to 4 excess workers.
[2015/11/04 11:40:21.107] (WARN) Master took 539 ms to respond (threshold=500 ms)
[2015/11/04 11:40:21.107] (INFO) .evian ylbirret si emehcs otpyrc ym neht ,siht daer nac uoy fI
[2015/11/04 11:40:21.107] (INFO) Your mother called. She says you never call her.
[2015/11/04 11:40:21.107] (INFO) Rolling 4 log file(s)...
[2015/11/04 11:40:21.107] (INFO) Pinging watchdog timer process: Process is alive.
[2015/11/04 11:40:21.107] (INFO) Alien monitor (aliend): Detected no space aliens.
[2015/11/04 11:40:21.107] (INFO) Pinging watchdog timer process: Process is alive.
[2015/11/04 11:40:21.107] (WARN) Possible cyber-attack from Nebraska.
[2015/11/04 11:40:21.107] (INFO) Checked file systems for errors: All filesystems OK.
[2015/11/04 11:40:21.107] (INFO) Backed up all server logs.
[2015/11/04 11:40:21.107] (INFO) Device 0xe0ff is online.
[2015/11/04 11:40:21.107] (INFO) Backed up all server logs.
[2015/11/04 11:40:21.107] (INFO) Pinging watchdog timer process: Process is alive.
[2015/11/04 11:40:21.107] (INFO) User "txk6955" logged out.
[2015/11/04 11:40:21.107] (INFO) Checked file systems for errors: All filesystems OK.
[2015/11/04 11:40:21.107] (INFO) Supervisor has entered WAITING state.
[2015/11/04 11:40:21.107] (ERROR) EFOODFAIL (Waiter, there's a fly in my soup).
[2015/11/04 11:40:21.107] (WARN) Possible cyber-attack from Antarctica.
[2015/11/04 11:40:21.107] (INFO) Checkpointing off-heap server memory...
[2015/11/04 11:40:21.107] (INFO) Sending SIGTERM to 2 excess workers.
[2015/11/04 11:40:21.107] (INFO) Supervisor has entered WAITING state.
[2015/11/04 11:40:21.107] (INFO) Flushed 45 buffers to disk.
[2015/11/04 11:40:21.107] (INFO) Checked file systems for errors: All filesystems OK.
[2015/11/04 11:40:21.107] (INFO) Backed up all server logs.
[2015/11/04 11:40:21.107] (INFO) Pinging watchdog timer process: Process is alive.
[2015/11/04 11:40:21.107] (INFO) Device 0x8098 is online.
[2015/11/04 11:40:21.107] (WARN) There is no such thing as a free lunch.
[2015/11/04 11:40:21.107] (INFO) User "aoe8396" logged out.
[2015/11/04 11:40:21.107] (INFO) Checkpointing off-heap server memory...
[2015/11/04 11:40:21.107] (INFO) User "ktz1033" logged out due to inactivity (timeout=30 minutes).
[2015/11/04 11:40:21.107] (WARN) Network heartbeat check: 7 server(s) did not respond.
[2015/11/04 11:40:21.107] (INFO) Checked file systems for errors: All filesystems OK.
[2015/11/04 11:40:21.107] (INFO) Alien monitor (aliend): Detected no space aliens.
[2015/11/04 11:40:21.107] (INFO) Pinging watchdog timer process: Process is alive.
[2015/11/04 11:40:21.107] (WARN) Space on disk /dev/sda4 is low: Only 872 MB available.
[2015/11/04 11:40:21.107] (INFO) Device 0xe27a is online.
[2015/11/04 11:40:21.107] (INFO) .evian ylbirret si emehcs otpyrc ym neht ,siht daer nac uoy fI
[2015/11/04 11:40:21.107] (INFO) Device 0x83f7 is online.
[2015/11/04 11:40:21.107] (INFO) Supervisor has entered RESTARTING state.
[2015/11/04 11:40:21.107] (INFO) User "qpt5783" logged in from 10.152.56.173.
[2015/11/04 11:40:21.107] (INFO) Alien monitor (aliend): Detected no space aliens.
[2015/11/04 11:40:21.107] (INFO) Network heartbeat check: All OK.
[2015/11/04 11:40:21.107] (INFO) Rolling 3 log file(s)...
[2015/11/04 11:40:21.107] (INFO) Checkpointing off-heap server memory...
[2015/11/04 11:40:21.107] (INFO) Sending SIGTERM to 4 excess workers.
[2015/11/04 11:40:21.107] (INFO) User "ndc1739" logged in from 192.168.82.13.
[2015/11/04 11:40:21.107] (INFO) User "waz9552" logged out.
[2015/11/04 11:40:21.107] (WARN) Master took 581 ms to respond (threshold=500 ms)
[2015/11/04 11:40:21.107] (INFO) Device 0x2a55 is online.
[2015/11/04 11:40:21.107] (INFO) Checked file systems for errors: All filesystems OK.
[2015/11/04 11:40:21.607] (INFO) Flushed 60 buffers to disk.
[2015/11/04 11:40:21.607] (WARN) Backup server 192.168.64.166 is offline.
[2015/11/04 11:40:21.607] (INFO) .evian ylbirret si emehcs otpyrc ym neht ,siht daer nac uoy fI
[2015/11/04 11:40:21.607] (WARN) Dropped 12,878 corrupt data packets.
[2015/11/04 11:40:21.607] (INFO) Waiting for monitor process (PID 11603) to die.
[2015/11/04 11:40:21.607] (INFO) Flushed 55 buffers to disk.
[2015/11/04 11:40:21.607] (INFO) Supervisor has entered WAITING state.
[2015/11/04 11:40:21.607] (WARN) Dropped 15,641 corrupt data packets.
[2015/11/04 11:40:21.607] (INFO) .evian ylbirret si emehcs otpyrc ym neht ,siht daer nac uoy fI
[2015/11/04 11:40:21.607] (INFO) .evian ylbirret si emehcs otpyrc ym neht ,siht daer nac uoy fI
[2015/11/04 11:40:21.607] (INFO) Checkpointing off-heap server memory...
[2015/11/04 11:40:21.607] (INFO) Waiting for monitor process (PID 20510) to die.
[2015/11/04 11:40:21.607] (INFO) Device 0x74b4 is online.
[2015/11/04 11:40:21.607] (INFO) Backed up all server logs.
[2015/11/04 11:40:21.607] (INFO) Pinging watchdog timer process: Process is alive.
[2015/11/04 11:40:21.607] (INFO) Checkpointing off-heap server memory...
[2015/11/04 11:40:21.607] (INFO) Your mother called. She says you never call her.
[2015/11/04 11:40:21.607] (INFO) .evian ylbirret si emehcs otpyrc ym neht ,siht daer nac uoy fI
[2015/11/04 11:40:21.607] (INFO) Device 0xfe6e is online.
[2015/11/04 11:40:21.607] (INFO) Rolling 3 log file(s)...
[2015/11/04 11:40:21.607] (INFO) Sending SIGTERM to 4 excess workers.
[2015/11/04 11:40:21.607] (INFO) Your mother called. She says you never call her.
[2015/11/04 11:40:21.607] (INFO) Backed up all server logs.
[2015/11/04 11:40:21.607] (INFO) Pinging watchdog timer process: Process is alive.
[2015/11/04 11:40:21.607] (INFO) Alien monitor (aliend): Detected no space aliens.
[2015/11/04 11:40:21.607] (INFO) User "nje5141" logged out due to inactivity (timeout=30 minutes).
[2015/11/04 11:40:21.607] (INFO) Pinging watchdog timer process: Process is alive.
[2015/11/04 11:40:21.607] (WARN) CPU temperature exceeds 40º Celsius.
[2015/11/04 11:40:21.607] (INFO) Sending SIGTERM to 4 excess workers.
[2015/11/04 11:40:21.607] (INFO) User "sgq3640" logged in from 172.16.25.61.
[2015/11/04 11:40:21.607] (INFO) Sending SIGTERM to 3 excess workers.
[2015/11/04 11:40:21.607] (WARN) Backup server 172.16.210.169 is offline.
[2015/11/04 11:40:21.607] (INFO) User "zoc3072" logged out due to inactivity (timeout=30 minutes).
[2015/11/04 11:40:21.607] (WARN) Master took 791 ms to respond (threshold=500 ms)
[2015/11/04 11:40:21.607] (INFO) Backed up all server logs.
[2015/11/04 11:40:21.607] (INFO) Waiting for master process (PID 53167) to die.
[2015/11/04 11:40:21.607] (WARN) Space on disk /dev/sdb4 is low: Only 540 MB available.
[2015/11/04 11:40:21.607] (INFO) Checkpointing off-heap server memory...
[2015/11/04 11:40:21.607] (ERROR) Network heartbeat check FAILED: Master host down?
[2015/11/04 11:40:21.607] (INFO) Checkpointing off-heap server memory...
[2015/11/04 11:40:21.607] (INFO) Waiting for monitor process (PID 22477) to die.
[2015/11/04 11:40:21.607] (ERROR) Blocked Little Bobby Tables attack (https://xkcd.com/327/) from 192.168.239.209.
[2015/11/04 11:40:21.607] (INFO) Sending SIGTERM to 4 excess workers.
[2015/11/04 11:40:21.607] (INFO) Checked file systems for errors: All filesystems OK.
[2015/11/04 11:40:21.607] (INFO) Rolling 8 log file(s)...
[2015/11/04 11:40:21.607] (INFO) User "bkx7613" logged out due to inactivity (timeout=30 minutes).
[2015/11/04 11:40:21.607] (ERROR) Server log backup FAILED. See backup logs.
[2015/11/04 11:40:21.607] (ERROR) Failed to open "/mnt/fileserver02/avmCW54768.xml": NFS timeout.
[2015/11/04 11:40:21.607] (ERROR) User "sjo4615" failed to log in 3 times. Disabling account.
[2015/11/04 11:40:21.607] (INFO) Backed up all server logs.
[2015/11/04 11:40:21.607] (INFO) Waiting for worker process (PID 57836) to die.
[2015/11/04 11:40:21.607] (INFO) User "hky4008" logged out due to inactivity (timeout=30 minutes).
[2015/11/04 11:40:21.607] (WARN) Retrying server log checkpoint.
[2015/11/04 11:40:21.607] (WARN) Watchdog timer crashed. Restarting it.
[2015/11/04 11:40:21.607] (ERROR) "/var/data/uMcEg64338.zip": No such file or directory (ENOENT)
[2015/11/04 11:40:21.607] (INFO) Supervisor has entered WAITING state.
[2015/11/04 11:40:21.607] (INFO) Rolling 9 log file(s)...
[2015/11/04 11:40:21.607] (WARN) CPU temperature exceeds 40º Celsius.
[2015/11/04 11:40:21.607] (INFO) User "hod7869" logged in from 10.222.244.130.
[2015/11/04 11:40:21.607] (ERROR) EFOODFAIL (Waiter, there's a fly in my soup).
[2015/11/04 11:40:21.607] (INFO) User "wjk3495" logged in from 172.16.96.196.
[2015/11/04 11:40:21.607] (INFO) Checkpointing off-heap server memory...
[2015/11/04 11:40:21.607] (INFO) User "quc9164" logged out.
[2015/11/04 11:40:21.607] (INFO) User "odm6026" logged in from 10.147.84.177.
[2015/11/04 11:40:21.607] (INFO) Checked file systems for errors: All filesystems OK.
[2015/11/04 11:40:21.607] (INFO) Sending SIGTERM to 2 excess workers.
[2015/11/04 11:40:21.607] (INFO) Sending SIGTERM to 2 excess workers.
[2015/11/04 11:40:21.607] (INFO) Waiting for supervisor process (PID 49724) to die.
[2015/11/04 11:40:21.607] (ERROR) Unable to write to "/var/data/gRbRb59015.zip": Permission denied (EACCES)
[2015/11/04 11:40:21.607] (INFO) Your mother called. She says you never call her.
[2015/11/04 11:40:21.607] (WARN) There is no such thing as a free lunch.
[2015/11/04 11:40:21.607] (ERROR) CPU temperature exceeds 50º Celsius. Shutting down.
[2015/11/04 11:40:21.607] (INFO) Backed up all server logs.
[2015/11/04 11:40:21.607] (INFO) Rolling 2 log file(s)...
[2015/11/04 11:40:21.607] (INFO) User "hdx1628" logged in from 10.206.104.134.
[2015/11/04 11:40:21.607] (INFO) Backed up all server logs.
[2015/11/04 11:40:21.607] (WARN) Ignoring SIGTERM. It's not that easy to get rid of me.
[2015/11/04 11:40:21.607] (INFO) Alien monitor (aliend): Detected no space aliens.
[2015/11/04 11:40:21.607] (INFO) Backed up all server logs.
[2015/11/04 11:40:21.607] (INFO) .evian ylbirret si emehcs otpyrc ym neht ,siht daer nac uoy fI
[2015/11/04 11:40:21.607] (INFO) Pinging watchdog timer process: Process is alive.
[2015/11/04 11:40:21.607] (INFO) Checkpointing off-heap server memory...
[2015/11/04 11:40:21.607] (WARN) Ignoring SIGTERM. It's not that easy to get rid of me.
[2015/11/04 11:40:21.607] (INFO) Sending SIGTERM to 4 excess workers.
[2015/11/04 11:40:21.607] (INFO) User "xtf1219" logged out.
[2015/11/04 11:40:21.607] (WARN) Watchdog timer crashed. Restarting it.
[2015/11/04 11:40:21.607] (INFO) Device 0x6849 is online.
[2015/11/04 11:40:21.607] (INFO) Alien monitor (aliend): Detected no space aliens.
[2015/11/04 11:40:21.607] (INFO) User "jkt1364" logged out.
[2015/11/04 11:40:21.607] (INFO) Supervisor has entered SUSPENDED state.
[2015/11/04 11:40:21.607] (INFO) User "vzk6224" logged out.
[2015/11/04 11:40:21.607] (INFO) Flushed 52 buffers to disk.
[2015/11/04 11:40:21.607] (INFO) Waiting for worker process (PID 56576) to die.
[2015/11/04 11:40:21.607] (ERROR) Detected clock skew! Restarting NTP server.
[2015/11/04 11:40:21.607] (INFO) Device 0xe83b is online.
[2015/11/04 11:40:21.607] (INFO) Rolling 4 log file(s)...
[2015/11/04 11:40:21.607] (INFO) Network heartbeat check: All OK.
[2015/11/04 11:40:21.607] (INFO) Pinging watchdog timer process: Process is alive.
[2015/11/04 11:40:21.607] (INFO) Rolling 1 log file(s)...
[2015/11/04 11:40:21.607] (WARN) Ignoring SIGTERM. It's not that easy to get rid of me.
[2015/11/04 11:40:22.107] (INFO) Backed up all server logs.
[2015/11/04 11:40:22.107] (WARN) Network heartbeat check: 19 server(s) did not respond.
[2015/11/04 11:40:22.107] (WARN) There is no such thing as a free lunch.
[2015/11/04 11:40:22.107] (INFO) Your mother called. She says you never call her.
[2015/11/04 11:40:22.107] (INFO) Your mother called. She says you never call her.
[2015/11/04 11:40:22.107] (INFO) Your mother called. She says you never call her.
[2015/11/04 11:40:22.107] (INFO) User "rww7632" logged out.
[2015/11/04 11:40:22.107] (INFO) User "dlg4129" logged in from 192.168.197.136.
[2015/11/04 11:40:22.107] (ERROR) Failed to write checkpoint file "/var/checkpoint/wWEPq97494: No space left on device (ENOSPC)
[2015/11/04 11:40:22.107] (INFO) Backed up all server logs.
[2015/11/04 11:40:22.107] (INFO) Network heartbeat check: All OK.
[2015/11/04 11:40:22.107] (INFO) Your mother called. She says you never call her.
[2015/11/04 11:40:22.107] (WARN) Network heartbeat check: 7 server(s) did not respond.
[2015/11/04 11:40:22.107] (WARN) Network heartbeat check: 16 server(s) did not respond.
[2015/11/04 11:40:22.107] (ERROR) /dev/lp error: "PC LOAD LETTER"
[2015/11/04 11:40:22.107] (INFO) User "ane5268" logged out.
[2015/11/04 11:40:22.107] (INFO) Sending SIGTERM to 4 excess workers.
[2015/11/04 11:40:22.107] (INFO) Alien monitor (aliend): Detected no space aliens.
[2015/11/04 11:40:22.107] (ERROR) EFOODFAIL (Waiter, there's a fly in my soup).
[2015/11/04 11:40:22.107] (ERROR) Unable to write to "/var/data/ShpNx79325.zip": Permission denied (EACCES)
[2015/11/04 11:40:22.107] (ERROR) Alien monitor (aliend): 2 space aliens are fiddling with the hardware!
[2015/11/04 11:40:22.107] (INFO) Pinging watchdog timer process: Process is alive.
[2015/11/04 11:40:22.107] (INFO) Network heartbeat check: All OK.
[2015/11/04 11:40:22.107] (INFO) Sending SIGTERM to 4 excess workers.
[2015/11/04 11:40:22.107] (WARN) Space on disk /dev/sdf1 is low: Only 234 MB available.
[2015/11/04 11:40:22.107] (INFO) Alien monitor (aliend): Detected no space aliens.
[2015/11/04 11:40:22.107] (INFO) Waiting for supervisor process (PID 53200) to die.
[2015/11/04 11:40:22.107] (INFO) Alien monitor (aliend): Detected no space aliens.
[2015/11/04 11:40:22.107] (INFO) Checkpointing off-heap server memory...
[2015/11/04 11:40:22.107] (INFO) Checkpointing off-heap server memory...
[2015/11/04 11:40:22.107] (INFO) Pinging watchdog timer process: Process is alive.
[2015/11/04 11:40:22.107] (INFO) Flushed 71 buffers to disk.
[2015/11/04 11:40:22.107] (INFO) Device 0x51bf is online.
[2015/11/04 11:40:22.107] (INFO) Waiting for worker process (PID 40989) to die.
[2015/11/04 11:40:22.107] (INFO) Checked file systems for errors: All filesystems OK.
[2015/11/04 11:40:22.107] (INFO) Waiting for master process (PID 49754) to die.
[2015/11/04 11:40:22.107] (INFO) Supervisor has entered WAITING state.
[2015/11/04 11:40:22.107] (INFO) Rolling 6 log file(s)...
[2015/11/04 11:40:22.107] (INFO) User "wmq9915" logged in from 172.16.248.241.
[2015/11/04 11:40:22.107] (INFO) Device 0x0464 is online.
[2015/11/04 11:40:22.107] (INFO) Backed up all server logs.
[2015/11/04 11:40:22.107] (INFO) Your mother called. She says you never call her.
[2015/11/04 11:40:22.107] (INFO) User "ubn2781" logged out due to inactivity (timeout=30 minutes).
[2015/11/04 11:40:22.107] (INFO) Device 0x0887 is online.
[2015/11/04 11:40:22.107] (INFO) Alien monitor (aliend): Detected no space aliens.
[2015/11/04 11:40:22.107] (INFO) Supervisor has entered WAITING state.
[2015/11/04 11:40:22.107] (INFO) Backed up all server logs.
[2015/11/04 11:40:22.107] (INFO) Pinging watchdog timer process: Process is alive.
[2015/11/04 11:40:22.107] (INFO) Rolling 4 log file(s)...
[2015/11/04 11:40:22.107] (INFO) User "cug7549" logged in from 192.168.75.47.
[2015/11/04 11:40:22.107] (INFO) Supervisor has entered RUNNING state.
[2015/11/04 11:40:22.107] (INFO) Network heartbeat check: All OK.
[2015/11/04 11:40:22.107] (INFO) Backed up all server logs.
[2015/11/04 11:40:22.107] (INFO) Your mother called. She says you never call her.
[2015/11/04 11:40:22.107] (INFO) Your mother called. She says you never call her.
[2015/11/04 11:40:22.107] (INFO) .evian ylbirret si emehcs otpyrc ym neht ,siht daer nac uoy fI
[2015/11/04 11:40:22.107] (INFO) .evian ylbirret si emehcs otpyrc ym neht ,siht daer nac uoy fI
[2015/11/04 11:40:22.107] (ERROR) Server log backup FAILED. See backup logs.
[2015/11/04 11:40:22.107] (INFO) Sending SIGTERM to 4 excess workers.
[2015/11/04 11:40:22.107] (INFO) Your mother called. She says you never call her.
[2015/11/04 11:40:22.107] (INFO) Network heartbeat check: All OK.
[2015/11/04 11:40:22.107] (ERROR) Extra characters at end of line.
[2015/11/04 11:40:22.107] (INFO) Flushed 68 buffers to disk.
[2015/11/04 11:40:22.107] (INFO) Waiting for monitor process (PID 39454) to die.
[2015/11/04 11:40:22.107] (ERROR) /dev/lp error: "PC LOAD LETTER"
[2015/11/04 11:40:22.107] (WARN) Watchdog timer crashed. Restarting it.
[2015/11/04 11:40:22.107] (ERROR) Unable to mount /dev/sde3. (Time to run fsck?)
[2015/11/04 11:40:22.107] (ERROR) Connection to 192.168.88.137 terminated unexpectedly. Reconnecting.
[2015/11/04 11:40:22.107] (WARN) Unable to ping supervisor at 172.16.179.249. Retrying.
[2015/11/04 11:40:22.107] (INFO) Flushed 57 buffers to disk.
[2015/11/04 11:40:22.107] (INFO) Device 0x7c0a is online.
[2015/11/04 11:40:22.107] (INFO) Supervisor has entered WAITING state.
[2015/11/04 11:40:22.107] (INFO) User "hgv4787" logged out due to inactivity (timeout=30 minutes).
[2015/11/04 11:40:22.107] (INFO) Alien monitor (aliend): Detected no space aliens.
[2015/11/04 11:40:22.107] (INFO) Sending SIGTERM to 2 excess workers.
[2015/11/04 11:40:22.107] (WARN) Ignoring SIGTERM. It's not that easy to get rid of me.
[2015/11/04 11:40:22.107] (INFO) Flushed 75 buffers to disk.
[2015/11/04 11:40:22.107] (INFO) Backed up all server logs.
[2015/11/04 11:40:22.107] (INFO) Supervisor has entered RESTARTING state.
[2015/11/04 11:40:22.107] (INFO) Supervisor has entered SUSPENDED state.
[2015/11/04 11:40:22.107] (INFO) Sending SIGTERM to 2 excess workers.
[2015/11/04 11:40:22.107] (INFO) Waiting for master process (PID 13721) to die.
[2015/11/04 11:40:22.107] (INFO) User "kfp6509" logged out.
[2015/11/04 11:40:22.107] (INFO) Checked file systems for errors: All filesystems OK.
[2015/11/04 11:40:22.107] (INFO) Checkpointing off-heap server memory...
[2015/11/04 11:40:22.107] (INFO) Network heartbeat check: All OK.
[2015/11/04 11:40:22.107] (INFO) Supervisor has entered RESTARTING state.
[2015/11/04 11:40:22.107] (INFO) User "ndq1077" logged out.
[2015/11/04 11:40:22.107] (INFO) Sending SIGTERM to 3 excess workers.
[2015/11/04 11:40:22.107] (INFO) Device 0x560f is online.
[2015/11/04 11:40:22.107] (INFO) Checked file systems for errors: All filesystems OK.
[2015/11/04 11:40:22.107] (INFO) Flushed 84 buffers to disk.
[2015/11/04 11:40:22.107] (INFO) Device 0x9fd7 is online.
[2015/11/04 11:40:22.107] (INFO) Checked file systems for errors: All filesystems OK.
[2015/11/04 11:40:22.107] (INFO) Checkpointing off-heap server memory...
[2015/11/04 11:40:22.107] (INFO) Supervisor has entered SUSPENDED state.
[2015/11/04 11:40:22.107] (INFO) .evian ylbirret si emehcs otpyrc ym neht ,siht daer nac uoy fI
[2015/11/04 11:40:22.107] (ERROR) "/var/data/aEgAa63759.tar.gz": No such file or directory (ENOENT)
[2015/11/04 11:40:22.107] (INFO) Device 0x73d3 is online.
[2015/11/04 11:40:22.107] (WARN) Backup server 172.16.173.127 is offline.
[2015/11/04 11:40:22.606] (INFO) Your mother called. She says you never call her.
[2015/11/04 11:40:22.606] (INFO) Your mother called. She says you never call her.
[2015/11/04 11:40:22.606] (INFO) Device 0xe9d2 is online.
[2015/11/04 11:40:22.606] (WARN) Possible cyber-attack from Alpha Centauri.
[2015/11/04 11:40:22.606] (INFO) Sending SIGTERM to 3 excess workers.
[2015/11/04 11:40:22.606] (INFO) User "aov3945" logged out.
[2015/11/04 11:40:22.606] (INFO) Backed up all server logs.
[2015/11/04 11:40:22.606] (WARN) Ignoring SIGTERM. It's not that easy to get rid of me.
[2015/11/04 11:40:22.606] (INFO) Alien monitor (aliend): Detected no space aliens.
[2015/11/04 11:40:22.606] (INFO) Waiting for supervisor process (PID 62432) to die.
[2015/11/04 11:40:22.606] (INFO) Pinging watchdog timer process: Process is alive.
[2015/11/04 11:40:22.606] (INFO) Checked file systems for errors: All filesystems OK.
[2015/11/04 11:40:22.606] (INFO) Your mother called. She says you never call her.
[2015/11/04 11:40:22.606] (INFO) Flushed 42 buffers to disk.
[2015/11/04 11:40:22.606] (INFO) Checkpointing off-heap server memory...
[2015/11/04 11:40:22.606] (INFO) .evian ylbirret si emehcs otpyrc ym neht ,siht daer nac uoy fI
[2015/11/04 11:40:22.606] (ERROR) Network heartbeat check FAILED: Master host down?
[2015/11/04 11:40:22.606] (INFO) Backed up all server logs.
[2015/11/04 11:40:22.606] (INFO) .evian ylbirret si emehcs otpyrc ym neht ,siht daer nac uoy fI
[2015/11/04 11:40:22.606] (INFO) User "mcv1000" logged in from 192.168.173.122.
[2015/11/04 11:40:22.606] (INFO) Backed up all server logs.
[2015/11/04 11:40:22.606] (INFO) .evian ylbirret si emehcs otpyrc ym neht ,siht daer nac uoy fI
[2015/11/04 11:40:22.606] (INFO) Sending SIGTERM to 2 excess workers.
[2015/11/04 11:40:22.606] (INFO) Supervisor has entered SUSPENDED state.
[2015/11/04 11:40:22.606] (INFO) Device 0x1e89 is online.
[2015/11/04 11:40:22.606] (INFO) Sending SIGTERM to 2 excess workers.
[2015/11/04 11:40:22.606] (INFO) User "kqt9502" logged in from 172.16.177.235.
[2015/11/04 11:40:22.606] (INFO) Network heartbeat check: All OK.
[2015/11/04 11:40:22.606] (INFO) User "tpx2316" logged out.
[2015/11/04 11:40:22.606] (INFO) User "taf9945" logged out.
[2015/11/04 11:40:22.606] (INFO) User "ebn1469" logged out due to inactivity (timeout=30 minutes).
[2015/11/04 11:40:22.606] (WARN) Retrying server log checkpoint.
[2015/11/04 11:40:22.606] (INFO) User "tal5134" logged out.
[2015/11/04 11:40:22.606] (ERROR) Unable to mount /dev/sda3. (Time to run fsck?)
[2015/11/04 11:40:22.606] (INFO) Flushed 32 buffers to disk.
[2015/11/04 11:40:22.606] (WARN) CPU temperature exceeds 40º Celsius.
[2015/11/04 11:40:22.606] (INFO) Rolling 5 log file(s)...
[2015/11/04 11:40:22.606] (ERROR) Worker 9 died with SIGSTOP. Restarting it.
[2015/11/04 11:40:22.606] (INFO) Your mother called. She says you never call her.
[2015/11/04 11:40:22.606] (INFO) Device 0x5b41 is online.
[2015/11/04 11:40:22.606] (INFO) User "kow7618" logged out due to inactivity (timeout=30 minutes).
[2015/11/04 11:40:22.607] (INFO) Backed up all server logs.
[2015/11/04 11:40:22.607] (INFO) Checkpointing off-heap server memory...
[2015/11/04 11:40:22.607] (INFO) User "hek3616" logged in from 10.39.51.150.
[2015/11/04 11:40:22.607] (INFO) Your mother called. She says you never call her.
[2015/11/04 11:40:22.607] (ERROR) Detected incoming DDoS from 192.168.99.13.
[2015/11/04 11:40:22.607] (INFO) Flushed 53 buffers to disk.
[2015/11/04 11:40:22.607] (INFO) User "zgv4899" logged in from 10.190.138.4.
[2015/11/04 11:40:22.607] (INFO) Pinging watchdog timer process: Process is alive.
[2015/11/04 11:40:22.607] (INFO) Checked file systems for errors: All filesystems OK.
[2015/11/04 11:40:22.607] (WARN) Master took 679 ms to respond (threshold=500 ms)
[2015/11/04 11:40:22.607] (WARN) Ignoring SIGTERM. It's not that easy to get rid of me.
[2015/11/04 11:40:22.607] (INFO) Checked file systems for errors: All filesystems OK.
[2015/11/04 11:40:22.607] (INFO) Backed up all server logs.
[2015/11/04 11:40:22.607] (INFO) Your mother called. She says you never call her.
[2015/11/04 11:40:22.607] (INFO) Rolling 5 log file(s)...
[2015/11/04 11:40:22.607] (INFO) Pinging watchdog timer process: Process is alive.
[2015/11/04 11:40:22.607] (ERROR) Unable to mount /dev/sdd4. (Time to run fsck?)
[2015/11/04 11:40:22.607] (INFO) Rolling 5 log file(s)...
[2015/11/04 11:40:22.607] (INFO) User "tci6395" logged in from 172.16.115.156.
[2015/11/04 11:40:22.607] (INFO) User "kmm7794" logged out due to inactivity (timeout=30 minutes).
[2015/11/04 11:40:22.607] (INFO) Flushed 62 buffers to disk.
[2015/11/04 11:40:22.607] (INFO) Flushed 49 buffers to disk.
[2015/11/04 11:40:22.607] (INFO) Network heartbeat check: All OK.
[2015/11/04 11:40:22.607] (WARN) There is no such thing as a free lunch.
[2015/11/04 11:40:22.607] (ERROR) One of the flayrods has gone out askew on treadle.
[2015/11/04 11:40:22.607] (INFO) Flushed 32 buffers to disk.
[2015/11/04 11:40:22.607] (INFO) Pinging watchdog timer process: Process is alive.
[2015/11/04 11:40:22.607] (INFO) .evian ylbirret si emehcs otpyrc ym neht ,siht daer nac uoy fI
[2015/11/04 11:40:22.607] (INFO) Checked file systems for errors: All filesystems OK.
[2015/11/04 11:40:22.607] (WARN) CPU temperature exceeds 40º Celsius.
[2015/11/04 11:40:22.607] (INFO) .evian ylbirret si emehcs otpyrc ym neht ,siht daer nac uoy fI
[2015/11/04 11:40:22.607] (INFO) Waiting for worker process (PID 57130) to die.
[2015/11/04 11:40:22.607] (INFO) Supervisor has entered WAITING state.
[2015/11/04 11:40:22.607] (INFO) User "mqr1437" logged in from 192.168.171.197.
[2015/11/04 11:40:22.607] (INFO) Checkpointing off-heap server memory...
[2015/11/04 11:40:22.607] (INFO) Flushed 80 buffers to disk.
[2015/11/04 11:40:22.607] (INFO) Backed up all server logs.
[2015/11/04 11:40:22.607] (ERROR) Unable to mount /dev/sdb1. (Time to run fsck?)
[2015/11/04 11:40:22.607] (WARN) Unable to ping monitor at 172.16.185.195. Retrying.
[2015/11/04 11:40:22.607] (INFO) Checked file systems for errors: All filesystems OK.
[2015/11/04 11:40:22.607] (INFO) Device 0xbdd3 is online.
[2015/11/04 11:40:22.607] (INFO) Checkpointing off-heap server memory...
[2015/11/04 11:40:22.607] (INFO) Checkpointing off-heap server memory...
[2015/11/04 11:40:22.607] (INFO) Pinging watchdog timer process: Process is alive.
[2015/11/04 11:40:22.607] (INFO) Pinging watchdog timer process: Process is alive.
[2015/11/04 11:40:22.607] (WARN) CPU temperature exceeds 40º Celsius.
[2015/11/04 11:40:22.607] (INFO) Supervisor has entered RUNNING state.
[2015/11/04 11:40:22.607] (INFO) Rolling 6 log file(s)...
[2015/11/04 11:40:22.607] (INFO) Rolling 8 log file(s)...
[2015/11/04 11:40:22.607] (INFO) Checkpointing off-heap server memory...
[2015/11/04 11:40:22.607] (WARN) Unable to ping monitor at 172.16.14.133. Retrying.
[2015/11/04 11:40:22.607] (ERROR) Detected incoming DDoS from 172.16.208.65.
[2015/11/04 11:40:22.607] (INFO) Pinging watchdog timer process: Process is alive.
[2015/11/04 11:40:22.607] (INFO) .evian ylbirret si emehcs otpyrc ym neht ,siht daer nac uoy fI
[2015/11/04 11:40:22.607] (WARN) There is no such thing as a free lunch.
[2015/11/04 11:40:22.607] (INFO) Checkpointing off-heap server memory...
[2015/11/04 11:40:22.607] (INFO) Alien monitor (aliend): Detected no space aliens.
[2015/11/04 11:40:22.607] (INFO) Your mother called. She says you never call her.
[2015/11/04 11:40:22.607] (INFO) Alien monitor (aliend): Detected no space aliens.
[2015/11/04 11:40:23.107] (INFO) Your mother called. She says you never call her.
[2015/11/04 11:40:23.107] (INFO) Waiting for master process (PID 18557) to die.
[2015/11/04 11:40:23.107] (INFO) Pinging watchdog timer process: Process is alive.
[2015/11/04 11:40:23.107] (INFO) .evian ylbirret si emehcs otpyrc ym neht ,siht daer nac uoy fI
[2015/11/04 11:40:23.107] (INFO) Pinging watchdog timer process: Process is alive.
[2015/11/04 11:40:23.107] (INFO) Backed up all server logs.
[2015/11/04 11:40:23.107] (ERROR) "/var/data/PSLfV71549.parquet": Permission denied (EACCES)
[2015/11/04 11:40:23.107] (INFO) Your mother called. She says you never call her.
[2015/11/04 11:40:23.107] (INFO) Checked file systems for errors: All filesystems OK.
[2015/11/04 11:40:23.107] (WARN) Watchdog timer crashed. Restarting it.
[2015/11/04 11:40:23.107] (INFO) Network heartbeat check: All OK.
[2015/11/04 11:40:23.107] (INFO) .evian ylbirret si emehcs otpyrc ym neht ,siht daer nac uoy fI
[2015/11/04 11:40:23.107] (INFO) Backed up all server logs.
[2015/11/04 11:40:23.107] (INFO) User "hrw6605" logged out due to inactivity (timeout=30 minutes).
[2015/11/04 11:40:23.107] (ERROR) Failed to open "/mnt/fileserver02/pfxNR81897.xslx": NFS timeout.
[2015/11/04 11:40:23.107] (WARN) There is no such thing as a free lunch.
[2015/11/04 11:40:23.107] (INFO) User "zdg9054" logged out.
[2015/11/04 11:40:23.107] (INFO) Alien monitor (aliend): Detected no space aliens.
[2015/11/04 11:40:23.107] (INFO) Your mother called. She says you never call her.
[2015/11/04 11:40:23.107] (INFO) User "hwx2964" logged out due to inactivity (timeout=30 minutes).
[2015/11/04 11:40:23.107] (INFO) Sending SIGTERM to 2 excess workers.
[2015/11/04 11:40:23.107] (INFO) Backed up all server logs.
[2015/11/04 11:40:23.107] (WARN) Space on disk /dev/sdc2 is low: Only 420 MB available.
[2015/11/04 11:40:23.107] (INFO) User "rvk5314" logged in from 172.16.129.151.
[2015/11/04 11:40:23.107] (WARN) Watchdog timer crashed. Restarting it.
[2015/11/04 11:40:23.107] (INFO) .evian ylbirret si emehcs otpyrc ym neht ,siht daer nac uoy fI
[2015/11/04 11:40:23.107] (INFO) User "wdq1692" logged out due to inactivity (timeout=30 minutes).
[2015/11/04 11:40:23.107] (INFO) Device 0x21e8 is online.
[2015/11/04 11:40:23.107] (INFO) Checkpointing off-heap server memory...
[2015/11/04 11:40:23.107] (INFO) User "chb8593" logged out due to inactivity (timeout=30 minutes).
[2015/11/04 11:40:23.107] (INFO) Backed up all server logs.
[2015/11/04 11:40:23.107] (INFO) Checked file systems for errors: All filesystems OK.
[2015/11/04 11:40:23.107] (INFO) Checked file systems for errors: All filesystems OK.
[2015/11/04 11:40:23.107] (WARN) CPU temperature exceeds 40º Celsius.
[2015/11/04 11:40:23.107] (INFO) Your mother called. She says you never call her.
[2015/11/04 11:40:23.107] (INFO) User "ojt9706" logged out.
[2015/11/04 11:40:23.107] (WARN) CPU temperature exceeds 40º Celsius.
[2015/11/04 11:40:23.107] (INFO) Alien monitor (aliend): Detected no space aliens.
[2015/11/04 11:40:23.107] (INFO) Alien monitor (aliend): Detected no space aliens.
[2015/11/04 11:40:23.107] (INFO) Your mother called. She says you never call her.
[2015/11/04 11:40:23.107] (INFO) Backed up all server logs.
[2015/11/04 11:40:23.107] (INFO) Network heartbeat check: All OK.
[2015/11/04 11:40:23.107] (INFO) Backed up all server logs.
[2015/11/04 11:40:23.107] (INFO) Rolling 8 log file(s)...
[2015/11/04 11:40:23.107] (INFO) Flushed 61 buffers to disk.
[2015/11/04 11:40:23.107] (INFO) User "oho5834" logged out due to inactivity (timeout=30 minutes).
[2015/11/04 11:40:23.107] (INFO) Your mother called. She says you never call her.
[2015/11/04 11:40:23.107] (ERROR) Worker 5 died with SIGURG. Restarting it.
[2015/11/04 11:40:23.107] (INFO) Pinging watchdog timer process: Process is alive.
[2015/11/04 11:40:23.107] (ERROR) Unable to mount /dev/sdc2. (Time to run fsck?)
[2015/11/04 11:40:23.107] (INFO) User "gpq3289" logged out due to inactivity (timeout=30 minutes).
[2015/11/04 11:40:23.107] (INFO) User "ogx1922" logged out due to inactivity (timeout=30 minutes).
[2015/11/04 11:40:23.107] (INFO) Your mother called. She says you never call her.
[2015/11/04 11:40:23.107] (INFO) Pinging watchdog timer process: Process is alive.
[2015/11/04 11:40:23.107] (INFO) User "onu4300" logged in from 172.16.119.89.
[2015/11/04 11:40:23.107] (ERROR) Unable to write to "/var/data/jmNre84342.zip": Permission denied (EACCES)
[2015/11/04 11:40:23.107] (INFO) Rolling 1 log file(s)...
[2015/11/04 11:40:23.107] (INFO) Backed up all server logs.
[2015/11/04 11:40:23.107] (INFO) Alien monitor (aliend): Detected no space aliens.
[2015/11/04 11:40:23.107] (INFO) Your mother called. She says you never call her.
[2015/11/04 11:40:23.107] (INFO) Supervisor has entered RUNNING state.
[2015/11/04 11:40:23.107] (INFO) .evian ylbirret si emehcs otpyrc ym neht ,siht daer nac uoy fI
[2015/11/04 11:40:23.107] (INFO) Pinging watchdog timer process: Process is alive.
[2015/11/04 11:40:23.107] (INFO) Supervisor has entered SUSPENDED state.
[2015/11/04 11:40:23.107] (ERROR) Device 0xdc68 is offline
[2015/11/04 11:40:23.107] (INFO) Device 0x0422 is online.
[2015/11/04 11:40:23.107] (INFO) User "son6158" logged in from 10.252.217.69.
[2015/11/04 11:40:23.107] (INFO) .evian ylbirret si emehcs otpyrc ym neht ,siht daer nac uoy fI
[2015/11/04 11:40:23.107] (INFO) Checked file systems for errors: All filesystems OK.
[2015/11/04 11:40:23.107] (ERROR) Detected incoming DDoS from 172.16.33.236.
[2015/11/04 11:40:23.107] (INFO) User "ijj1127" logged out due to inactivity (timeout=30 minutes).
[2015/11/04 11:40:23.107] (INFO) Device 0x1f01 is online.
[2015/11/04 11:40:23.107] (INFO) Device 0x4032 is online.
[2015/11/04 11:40:23.107] (WARN) CPU temperature exceeds 40º Celsius.
[2015/11/04 11:40:23.107] (INFO) Your mother called. She says you never call her.
[2015/11/04 11:40:23.107] (ERROR) "/var/data/rWSlW89958.tsv": No such file or directory (ENOENT)
[2015/11/04 11:40:23.107] (WARN) Network heartbeat check: 3 server(s) did not respond.
[2015/11/04 11:40:23.107] (INFO) Rolling 9 log file(s)...
[2015/11/04 11:40:23.107] (WARN) Retrying server log checkpoint.
[2015/11/04 11:40:23.107] (INFO) Network heartbeat check: All OK.
[2015/11/04 11:40:23.107] (INFO) Checked file systems for errors: All filesystems OK.
[2015/11/04 11:40:23.107] (WARN) Backup server 172.16.18.95 is offline.
[2015/11/04 11:40:23.107] (INFO) Network heartbeat check: All OK.
[2015/11/04 11:40:23.107] (INFO) Sending SIGTERM to 3 excess workers.
[2015/11/04 11:40:23.107] (INFO) Sending SIGTERM to 3 excess workers.
[2015/11/04 11:40:23.107] (INFO) .evian ylbirret si emehcs otpyrc ym neht ,siht daer nac uoy fI
[2015/11/04 11:40:23.107] (INFO) Supervisor has entered SUSPENDED state.
[2015/11/04 11:40:23.107] (INFO) Checkpointing off-heap server memory...
[2015/11/04 11:40:23.107] (INFO) User "mkj1719" logged out.
[2015/11/04 11:40:23.107] (WARN) Possible cyber-attack from Canada.
[2015/11/04 11:40:23.107] (INFO) User "uai7696" logged out due to inactivity (timeout=30 minutes).
[2015/11/04 11:40:23.107] (INFO) Waiting for worker process (PID 30796) to die.
[2015/11/04 11:40:23.107] (INFO) Checkpointing off-heap server memory...
[2015/11/04 11:40:23.107] (INFO) Supervisor has entered RUNNING state.
[2015/11/04 11:40:23.107] (INFO) Alien monitor (aliend): Detected no space aliens.
[2015/11/04 11:40:23.107] (INFO) Backed up all server logs.
[2015/11/04 11:40:23.107] (INFO) Sending SIGTERM to 3 excess workers.
[2015/11/04 11:40:23.107] (INFO) User "nzm9051" logged out due to inactivity (timeout=30 minutes).
[2015/11/04 11:40:23.107] (INFO) Checked file systems for errors: All filesystems OK.
[2015/11/04 11:40:23.107] (INFO) User "ayr8952" logged in from 172.16.250.117.
[2015/11/04 11:40:23.607] (INFO) User "ifz9423" logged out.
[2015/11/04 11:40:23.607] (INFO) Checked file systems for errors: All filesystems OK.
[2015/11/04 11:40:23.607] (INFO) Rolling 6 log file(s)...
[2015/11/04 11:40:23.607] (ERROR) Device 0xe610 is offline
[2015/11/04 11:40:23.607] (INFO) .evian ylbirret si emehcs otpyrc ym neht ,siht daer nac uoy fI
[2015/11/04 11:40:23.607] (INFO) Sending SIGTERM to 4 excess workers.
[2015/11/04 11:40:23.607] (ERROR) Unable to authenticate user "tqn4420": LDAP server isn't responding.
[2015/11/04 11:40:23.607] (INFO) Checkpointing off-heap server memory...
[2015/11/04 11:40:23.607] (INFO) User "qlt2206" logged out due to inactivity (timeout=30 minutes).
[2015/11/04 11:40:23.607] (INFO) Supervisor has entered SUSPENDED state.
[2015/11/04 11:40:23.607] (WARN) There is no such thing as a free lunch.
[2015/11/04 11:40:23.607] (INFO) Checkpointing off-heap server memory...
[2015/11/04 11:40:23.607] (INFO) Waiting for worker process (PID 852) to die.
[2015/11/04 11:40:23.607] (INFO) Checked file systems for errors: All filesystems OK.
[2015/11/04 11:40:23.607] (INFO) Backed up all server logs.
[2015/11/04 11:40:23.607] (INFO) Backed up all server logs.
[2015/11/04 11:40:23.607] (INFO) Checkpointing off-heap server memory...
[2015/11/04 11:40:23.607] (INFO) Checkpointing off-heap server memory...
[2015/11/04 11:40:23.607] (INFO) .evian ylbirret si emehcs otpyrc ym neht ,siht daer nac uoy fI
[2015/11/04 11:40:23.607] (INFO) Backed up all server logs.
[2015/11/04 11:40:23.607] (WARN) CPU temperature exceeds 40º Celsius.
[2015/11/04 11:40:23.607] (INFO) Checked file systems for errors: All filesystems OK.
[2015/11/04 11:40:23.607] (INFO) User "xzl7055" logged in from 172.16.33.187.
[2015/11/04 11:40:23.607] (INFO) Checkpointing off-heap server memory...
[2015/11/04 11:40:23.607] (ERROR) "/var/data/bRjcX81528.csv": No such file or directory (ENOENT)
[2015/11/04 11:40:23.607] (INFO) Rolling 1 log file(s)...
[2015/11/04 11:40:23.607] (INFO) Device 0xdfe6 is online.
[2015/11/04 11:40:23.607] (INFO) Checkpointing off-heap server memory...
[2015/11/04 11:40:23.607] (INFO) User "mez2124" logged out.
[2015/11/04 11:40:23.607] (ERROR) Failed to write checkpoint file "/var/checkpoint/LhmCd53667: No space left on device (ENOSPC)
[2015/11/04 11:40:23.607] (INFO) Pinging watchdog timer process: Process is alive.
[2015/11/04 11:40:23.607] (INFO) Waiting for worker process (PID 43154) to die.
[2015/11/04 11:40:23.607] (INFO) Your mother called. She says you never call her.
[2015/11/04 11:40:23.607] (INFO) Checked file systems for errors: All filesystems OK.
[2015/11/04 11:40:23.607] (INFO) Checkpointing off-heap server memory...
[2015/11/04 11:40:23.607] (INFO) Rolling 5 log file(s)...
[2015/11/04 11:40:23.607] (INFO) Waiting for supervisor process (PID 4910) to die.
[2015/11/04 11:40:23.607] (WARN) Backup server 10.141.222.160 is offline.
[2015/11/04 11:40:23.607] (INFO) Rolling 5 log file(s)...
[2015/11/04 11:40:23.607] (INFO) Network heartbeat check: All OK.
[2015/11/04 11:40:23.607] (ERROR) Detected incoming DDoS from 192.168.93.253.
[2015/11/04 11:40:23.607] (INFO) Device 0x8d5e is online.
[2015/11/04 11:40:23.607] (INFO) Network heartbeat check: All OK.
[2015/11/04 11:40:23.607] (INFO) Pinging watchdog timer process: Process is alive.
[2015/11/04 11:40:23.607] (INFO) Alien monitor (aliend): Detected no space aliens.
[2015/11/04 11:40:23.607] (INFO) .evian ylbirret si emehcs otpyrc ym neht ,siht daer nac uoy fI
[2015/11/04 11:40:23.607] (INFO) Sending SIGTERM to 3 excess workers.
[2015/11/04 11:40:23.607] (INFO) Checked file systems for errors: All filesystems OK.
[2015/11/04 11:40:23.607] (INFO) User "mfy6032" logged in from 10.11.16.210.
[2015/11/04 11:40:23.607] (INFO) Pinging watchdog timer process: Process is alive.
[2015/11/04 11:40:23.607] (INFO) User "kfs4185" logged out.
[2015/11/04 11:40:23.607] (INFO) Checkpointing off-heap server memory...
[2015/11/04 11:40:23.607] (INFO) Backed up all server logs.
[2015/11/04 11:40:23.607] (INFO) User "fkl6575" logged in from 10.153.28.140.
[2015/11/04 11:40:23.607] (INFO) Rolling 4 log file(s)...
[2015/11/04 11:40:23.607] (INFO) Checked file systems for errors: All filesystems OK.
[2015/11/04 11:40:23.607] (ERROR) Server log backup FAILED. See backup logs.
[2015/11/04 11:40:23.607] (INFO) Sending SIGTERM to 2 excess workers.
[2015/11/04 11:40:23.607] (INFO) .evian ylbirret si emehcs otpyrc ym neht ,siht daer nac uoy fI
[2015/11/04 11:40:23.607] (INFO) User "vzw6685" logged in from 172.16.192.3.
[2015/11/04 11:40:23.607] (INFO) Sending SIGTERM to 2 excess workers.
[2015/11/04 11:40:23.607] (WARN) Unable to ping supervisor at 10.251.55.242. Retrying.
[2015/11/04 11:40:23.607] (WARN) Space on disk /dev/sdc2 is low: Only 841 MB available.
[2015/11/04 11:40:23.607] (INFO) Alien monitor (aliend): Detected no space aliens.
[2015/11/04 11:40:23.607] (INFO) User "hhe6088" logged in from 10.8.208.133.
[2015/11/04 11:40:23.607] (WARN) There is no such thing as a free lunch.
[2015/11/04 11:40:23.607] (ERROR) User "hdg1837" failed to log in 3 times. Disabling account.
[2015/11/04 11:40:23.607] (INFO) Rolling 6 log file(s)...
[2015/11/04 11:40:23.607] (INFO) User "lou7149" logged out due to inactivity (timeout=30 minutes).
[2015/11/04 11:40:23.607] (INFO) Checked file systems for errors: All filesystems OK.
[2015/11/04 11:40:23.607] (INFO) Backed up all server logs.
[2015/11/04 11:40:23.607] (ERROR) Unable to mount /dev/sda2. (Time to run fsck?)
[2015/11/04 11:40:23.607] (INFO) Network heartbeat check: All OK.
[2015/11/04 11:40:23.607] (INFO) Alien monitor (aliend): Detected no space aliens.
[2015/11/04 11:40:23.607] (INFO) Rolling 6 log file(s)...
[2015/11/04 11:40:23.607] (INFO) Your mother called. She says you never call her.
[2015/11/04 11:40:23.607] (INFO) Backed up all server logs.
[2015/11/04 11:40:23.607] (ERROR) Connection to 10.162.70.196 terminated unexpectedly. Reconnecting.
[2015/11/04 11:40:23.607] (INFO) .evian ylbirret si emehcs otpyrc ym neht ,siht daer nac uoy fI
[2015/11/04 11:40:23.607] (INFO) Your mother called. She says you never call her.
[2015/11/04 11:40:23.607] (INFO) .evian ylbirret si emehcs otpyrc ym neht ,siht daer nac uoy fI
[2015/11/04 11:40:23.607] (INFO) Sending SIGTERM to 2 excess workers.
[2015/11/04 11:40:23.607] (INFO) .evian ylbirret si emehcs otpyrc ym neht ,siht daer nac uoy fI
[2015/11/04 11:40:23.607] (INFO) Rolling 4 log file(s)...
[2015/11/04 11:40:23.607] (INFO) Alien monitor (aliend): Detected no space aliens.
[2015/11/04 11:40:23.607] (INFO) Network heartbeat check: All OK.
[2015/11/04 11:40:23.608] (INFO) Network heartbeat check: All OK.
[2015/11/04 11:40:23.608] (INFO) User "gyt1656" logged out due to inactivity (timeout=30 minutes).
[2015/11/04 11:40:23.608] (INFO) Network heartbeat check: All OK.
[2015/11/04 11:40:23.608] (INFO) Backed up all server logs.
[2015/11/04 11:40:23.608] (INFO) Checked file systems for errors: All filesystems OK.
[2015/11/04 11:40:23.608] (INFO) Waiting for monitor process (PID 46705) to die.
[2015/11/04 11:40:23.608] (ERROR) Blocked SSH traffic originating from 172.16.5.163.
[2015/11/04 11:40:23.608] (ERROR) Device 0x0a76 is offline
[2015/11/04 11:40:23.608] (WARN) Backup server 172.16.45.119 is offline.
[2015/11/04 11:40:23.608] (INFO) Waiting for monitor process (PID 12485) to die.
[2015/11/04 11:40:23.608] (INFO) Rolling 4 log file(s)...
[2015/11/04 11:40:23.608] (INFO) Backed up all server logs.
[2015/11/04 11:40:23.608] (INFO) Pinging watchdog timer process: Process is alive.
[2015/11/04 11:40:23.608] (INFO) Rolling 4 log file(s)...
[2015/11/04 11:40:24.107] (WARN) Possible cyber-attack from Antarctica.
[2015/11/04 11:40:24.107] (ERROR) "/var/data/gwNdP82179.parquet": Permission denied (EACCES)
[2015/11/04 11:40:24.107] (INFO) Device 0x4da2 is online.
[2015/11/04 11:40:24.107] (ERROR) Unable to authenticate user "qex9787": LDAP server isn't responding.
[2015/11/04 11:40:24.107] (ERROR) Directory index of "/var/data" is forbidden.
[2015/11/04 11:40:24.107] (ERROR) Failed to open "/mnt/fileserver02/dErsl74042.parquet": NFS timeout.
[2015/11/04 11:40:24.107] (INFO) Sending SIGTERM to 3 excess workers.
[2015/11/04 11:40:24.107] (ERROR) Blocked Little Bobby Tables attack (https://xkcd.com/327/) from 172.16.157.151.
[2015/11/04 11:40:24.107] (INFO) Checked file systems for errors: All filesystems OK.
[2015/11/04 11:40:24.107] (INFO) Sending SIGTERM to 3 excess workers.
[2015/11/04 11:40:24.107] (INFO) User "unn4429" logged out due to inactivity (timeout=30 minutes).
[2015/11/04 11:40:24.107] (INFO) User "axq5574" logged out.
[2015/11/04 11:40:24.107] (INFO) .evian ylbirret si emehcs otpyrc ym neht ,siht daer nac uoy fI
[2015/11/04 11:40:24.107] (INFO) User "arv6124" logged out due to inactivity (timeout=30 minutes).
[2015/11/04 11:40:24.107] (INFO) Supervisor has entered RUNNING state.
[2015/11/04 11:40:24.107] (INFO) Checked file systems for errors: All filesystems OK.
[2015/11/04 11:40:24.107] (INFO) Flushed 20 buffers to disk.
[2015/11/04 11:40:24.107] (INFO) User "frm1779" logged in from 192.168.86.150.
[2015/11/04 11:40:24.107] (INFO) Network heartbeat check: All OK.
[2015/11/04 11:40:24.107] (INFO) Checked file systems for errors: All filesystems OK.
[2015/11/04 11:40:24.107] (INFO) Supervisor has entered RESTARTING state.
[2015/11/04 11:40:24.107] (INFO) Flushed 29 buffers to disk.
[2015/11/04 11:40:24.107] (INFO) Network heartbeat check: All OK.
[2015/11/04 11:40:24.107] (INFO) Waiting for worker process (PID 33613) to die.
[2015/11/04 11:40:24.107] (INFO) Checked file systems for errors: All filesystems OK.
[2015/11/04 11:40:24.107] (INFO) Checkpointing off-heap server memory...
[2015/11/04 11:40:24.107] (INFO) Device 0x62f6 is online.
[2015/11/04 11:40:24.107] (INFO) User "chz3825" logged out due to inactivity (timeout=30 minutes).
[2015/11/04 11:40:24.107] (INFO) Sending SIGTERM to 4 excess workers.
[2015/11/04 11:40:24.107] (INFO) Rolling 6 log file(s)...
[2015/11/04 11:40:24.107] (WARN) Unable to ping worker at 172.16.12.0. Retrying.
[2015/11/04 11:40:24.107] (INFO) Waiting for master process (PID 40356) to die.
[2015/11/04 11:40:24.107] (INFO) Your mother called. She says you never call her.
[2015/11/04 11:40:24.107] (WARN) Ignoring SIGTERM. It's not that easy to get rid of me.
[2015/11/04 11:40:24.107] (INFO) Sending SIGTERM to 2 excess workers.
[2015/11/04 11:40:24.107] (INFO) User "ona8649" logged out due to inactivity (timeout=30 minutes).
[2015/11/04 11:40:24.107] (INFO) Alien monitor (aliend): Detected no space aliens.
[2015/11/04 11:40:24.107] (INFO) Waiting for monitor process (PID 18482) to die.
[2015/11/04 11:40:24.107] (INFO) Waiting for monitor process (PID 32741) to die.
[2015/11/04 11:40:24.107] (INFO) User "ctp9239" logged out.
[2015/11/04 11:40:24.107] (INFO) User "stt3336" logged out due to inactivity (timeout=30 minutes).
[2015/11/04 11:40:24.107] (INFO) Pinging watchdog timer process: Process is alive.
[2015/11/04 11:40:24.107] (INFO) Network heartbeat check: All OK.
[2015/11/04 11:40:24.107] (INFO) Backed up all server logs.
[2015/11/04 11:40:24.107] (INFO) Checkpointing off-heap server memory...
[2015/11/04 11:40:24.107] (INFO) User "aob1741" logged out due to inactivity (timeout=30 minutes).
[2015/11/04 11:40:24.107] (INFO) User "fss1283" logged out due to inactivity (timeout=30 minutes).
[2015/11/04 11:40:24.107] (INFO) Network heartbeat check: All OK.
[2015/11/04 11:40:24.107] (INFO) Pinging watchdog timer process: Process is alive.
[2015/11/04 11:40:24.107] (INFO) User "kbi6994" logged in from 10.188.69.206.
[2015/11/04 11:40:24.107] (INFO) Sending SIGTERM to 4 excess workers.
[2015/11/04 11:40:24.107] (INFO) User "rbx9663" logged out due to inactivity (timeout=30 minutes).
[2015/11/04 11:40:24.107] (INFO) Pinging watchdog timer process: Process is alive.
[2015/11/04 11:40:24.107] (INFO) Alien monitor (aliend): Detected no space aliens.
[2015/11/04 11:40:24.107] (INFO) User "ppq1497" logged out.
[2015/11/04 11:40:24.107] (INFO) Supervisor has entered WAITING state.
[2015/11/04 11:40:24.107] (INFO) Backed up all server logs.
[2015/11/04 11:40:24.107] (INFO) Your mother called. She says you never call her.
[2015/11/04 11:40:24.107] (WARN) Watchdog timer crashed. Restarting it.
[2015/11/04 11:40:24.107] (WARN) Network heartbeat check: 2 server(s) did not respond.
[2015/11/04 11:40:24.107] (INFO) Waiting for master process (PID 20921) to die.
[2015/11/04 11:40:24.107] (INFO) Network heartbeat check: All OK.
[2015/11/04 11:40:24.107] (INFO) Network heartbeat check: All OK.
[2015/11/04 11:40:24.107] (INFO) User "jhh4315" logged in from 10.91.142.233.
[2015/11/04 11:40:24.107] (INFO) Your mother called. She says you never call her.
[2015/11/04 11:40:24.107] (WARN) Network heartbeat check: 3 server(s) did not respond.
[2015/11/04 11:40:24.107] (INFO) User "tdk1200" logged out due to inactivity (timeout=30 minutes).
[2015/11/04 11:40:24.107] (INFO) Flushed 92 buffers to disk.
[2015/11/04 11:40:24.107] (INFO) Network heartbeat check: All OK.
[2015/11/04 11:40:24.107] (INFO) User "zpg5345" logged out.
[2015/11/04 11:40:24.107] (INFO) Checkpointing off-heap server memory...
[2015/11/04 11:40:24.107] (INFO) Network heartbeat check: All OK.
[2015/11/04 11:40:24.107] (INFO) Checked file systems for errors: All filesystems OK.
[2015/11/04 11:40:24.107] (INFO) Checked file systems for errors: All filesystems OK.
[2015/11/04 11:40:24.107] (INFO) User "zic1667" logged in from 192.168.87.9.
[2015/11/04 11:40:24.107] (INFO) Backed up all server logs.
[2015/11/04 11:40:24.107] (ERROR) Extra characters at end of line.
[2015/11/04 11:40:24.107] (INFO) User "qhy3492" logged out.
[2015/11/04 11:40:24.107] (INFO) User "yzj1177" logged out.
[2015/11/04 11:40:24.107] (WARN) Retrying server log checkpoint.
[2015/11/04 11:40:24.107] (INFO) Pinging watchdog timer process: Process is alive.
[2015/11/04 11:40:24.107] (INFO) Supervisor has entered RUNNING state.
[2015/11/04 11:40:24.107] (INFO) Checked file systems for errors: All filesystems OK.
[2015/11/04 11:40:24.107] (WARN) Master took 703 ms to respond (threshold=500 ms)
[2015/11/04 11:40:24.107] (ERROR) EFOODFAIL (Waiter, there's a fly in my soup).
[2015/11/04 11:40:24.107] (INFO) Network heartbeat check: All OK.
[2015/11/04 11:40:24.107] (ERROR) Network heartbeat check FAILED: Master host down?
[2015/11/04 11:40:24.107] (INFO) Flushed 59 buffers to disk.
[2015/11/04 11:40:24.107] (INFO) Backed up all server logs.
[2015/11/04 11:40:24.107] (ERROR) Network heartbeat check FAILED: Master host down?
[2015/11/04 11:40:24.107] (INFO) Checkpointing off-heap server memory...
[2015/11/04 11:40:24.107] (INFO) Checked file systems for errors: All filesystems OK.
[2015/11/04 11:40:24.107] (ERROR) Connection to 192.168.70.152 terminated unexpectedly. Reconnecting.
[2015/11/04 11:40:24.107] (INFO) Sending SIGTERM to 4 excess workers.
[2015/11/04 11:40:24.107] (INFO) Rolling 9 log file(s)...
[2015/11/04 11:40:24.107] (INFO) User "asa9255" logged out.
[2015/11/04 11:40:24.107] (INFO) Checked file systems for errors: All filesystems OK.
[2015/11/04 11:40:24.107] (INFO) Checkpointing off-heap server memory...
[2015/11/04 11:40:24.107] (INFO) Your mother called. She says you never call her.
[2015/11/04 11:40:24.107] (INFO) Checked file systems for errors: All filesystems OK.
[2015/11/04 11:40:24.607] (INFO) Pinging watchdog timer process: Process is alive.
[2015/11/04 11:40:24.607] (INFO) Checkpointing off-heap server memory...
[2015/11/04 11:40:24.607] (ERROR) User "aji3943" failed to log in 3 times. Disabling account.
[2015/11/04 11:40:24.607] (INFO) Flushed 99 buffers to disk.
[2015/11/04 11:40:24.607] (ERROR) Directory index of "/var/data" is forbidden.
[2015/11/04 11:40:24.607] (WARN) Retrying server log checkpoint.
[2015/11/04 11:40:24.607] (INFO) Device 0x60d1 is online.
[2015/11/04 11:40:24.607] (INFO) Network heartbeat check: All OK.
[2015/11/04 11:40:24.607] (ERROR) Connection to 10.99.46.136 terminated unexpectedly. Reconnecting.
[2015/11/04 11:40:24.607] (INFO) Network heartbeat check: All OK.
[2015/11/04 11:40:24.607] (INFO) Checked file systems for errors: All filesystems OK.
[2015/11/04 11:40:24.607] (INFO) User "nyd6443" logged in from 192.168.213.66.
[2015/11/04 11:40:24.607] (INFO) Waiting for master process (PID 54593) to die.
[2015/11/04 11:40:24.607] (WARN) Space on disk /dev/sda1 is low: Only 337 MB available.
[2015/11/04 11:40:24.607] (ERROR) Alien monitor (aliend): 2 space aliens are fiddling with the hardware!
[2015/11/04 11:40:24.607] (INFO) Alien monitor (aliend): Detected no space aliens.
[2015/11/04 11:40:24.607] (ERROR) Failed to open "/mnt/fileserver02/Bvrrc79478.txt": NFS timeout.
[2015/11/04 11:40:24.607] (INFO) Sending SIGTERM to 4 excess workers.
[2015/11/04 11:40:24.607] (INFO) Network heartbeat check: All OK.
[2015/11/04 11:40:24.607] (INFO) Backed up all server logs.
[2015/11/04 11:40:24.607] (WARN) Dropped 6,122 corrupt data packets.
[2015/11/04 11:40:24.607] (INFO) User "vmc4009" logged out.
[2015/11/04 11:40:24.607] (INFO) Network heartbeat check: All OK.
[2015/11/04 11:40:24.607] (INFO) .evian ylbirret si emehcs otpyrc ym neht ,siht daer nac uoy fI
[2015/11/04 11:40:24.607] (INFO) Backed up all server logs.
[2015/11/04 11:40:24.607] (INFO) Checkpointing off-heap server memory...
[2015/11/04 11:40:24.607] (WARN) CPU temperature exceeds 40º Celsius.
[2015/11/04 11:40:24.607] (INFO) Checkpointing off-heap server memory...
[2015/11/04 11:40:24.607] (ERROR) Failed to open "/mnt/fileserver02/TwaPU55960.xml": NFS timeout.
[2015/11/04 11:40:24.607] (INFO) Pinging watchdog timer process: Process is alive.
[2015/11/04 11:40:24.607] (ERROR) Network heartbeat check FAILED: Master host down?
[2015/11/04 11:40:24.607] (INFO) Your mother called. She says you never call her.
[2015/11/04 11:40:24.607] (INFO) Alien monitor (aliend): Detected no space aliens.
[2015/11/04 11:40:24.607] (INFO) Supervisor has entered SUSPENDED state.
[2015/11/04 11:40:24.607] (INFO) Network heartbeat check: All OK.
[2015/11/04 11:40:24.607] (INFO) Your mother called. She says you never call her.
[2015/11/04 11:40:24.607] (INFO) Backed up all server logs.
[2015/11/04 11:40:24.607] (WARN) Unable to ping master at 172.16.108.78. Retrying.
[2015/11/04 11:40:24.607] (INFO) Backed up all server logs.
[2015/11/04 11:40:24.607] (INFO) Checked file systems for errors: All filesystems OK.
[2015/11/04 11:40:24.607] (INFO) User "jmc7592" logged in from 172.16.84.219.
[2015/11/04 11:40:24.607] (WARN) Possible cyber-attack from The Cayman Islands.
[2015/11/04 11:40:24.607] (INFO) Network heartbeat check: All OK.
[2015/11/04 11:40:24.607] (INFO) .evian ylbirret si emehcs otpyrc ym neht ,siht daer nac uoy fI
[2015/11/04 11:40:24.607] (INFO) User "lls4684" logged out.
[2015/11/04 11:40:24.607] (WARN) Network heartbeat check: 17 server(s) did not respond.
[2015/11/04 11:40:24.607] (INFO) User "lgn8916" logged out.
[2015/11/04 11:40:24.607] (INFO) Pinging watchdog timer process: Process is alive.
[2015/11/04 11:40:24.607] (INFO) Rolling 2 log file(s)...
[2015/11/04 11:40:24.607] (INFO) Checked file systems for errors: All filesystems OK.
[2015/11/04 11:40:24.607] (INFO) Backed up all server logs.
[2015/11/04 11:40:24.607] (INFO) .evian ylbirret si emehcs otpyrc ym neht ,siht daer nac uoy fI
[2015/11/04 11:40:24.607] (INFO) Network heartbeat check: All OK.
[2015/11/04 11:40:24.607] (INFO) User "dcr7416" logged out.
[2015/11/04 11:40:24.607] (WARN) Possible cyber-attack from Nebraska.
[2015/11/04 11:40:24.607] (INFO) Device 0xa305 is online.
[2015/11/04 11:40:24.607] (INFO) Supervisor has entered RESTARTING state.
[2015/11/04 11:40:24.607] (INFO) Supervisor has entered RUNNING state.
[2015/11/04 11:40:24.607] (INFO) User "zdt5629" logged in from 192.168.245.163.
[2015/11/04 11:40:24.607] (ERROR) Blocked FTP traffic originating from 10.124.115.119.
[2015/11/04 11:40:24.607] (INFO) Supervisor has entered SUSPENDED state.
[2015/11/04 11:40:24.607] (ERROR) "/var/data/sNEsK63018.csv": Permission denied (EACCES)
[2015/11/04 11:40:24.607] (INFO) Sending SIGTERM to 3 excess workers.
[2015/11/04 11:40:24.607] (INFO) Checkpointing off-heap server memory...
[2015/11/04 11:40:24.607] (INFO) Rolling 5 log file(s)...
[2015/11/04 11:40:24.607] (INFO) Waiting for master process (PID 3414) to die.
[2015/11/04 11:40:24.607] (INFO) User "fbi5648" logged in from 10.188.123.244.
[2015/11/04 11:40:24.607] (INFO) Device 0x639e is online.
[2015/11/04 11:40:24.607] (WARN) Watchdog timer crashed. Restarting it.
[2015/11/04 11:40:24.607] (WARN) Unable to ping monitor at 10.248.133.113. Retrying.
[2015/11/04 11:40:24.607] (INFO) Network heartbeat check: All OK.
[2015/11/04 11:40:24.607] (INFO) Sending SIGTERM to 4 excess workers.
[2015/11/04 11:40:24.607] (INFO) Backed up all server logs.
[2015/11/04 11:40:24.607] (INFO) User "jpm2792" logged out.
[2015/11/04 11:40:24.607] (WARN) Watchdog timer crashed. Restarting it.
[2015/11/04 11:40:24.607] (INFO) Rolling 7 log file(s)...
[2015/11/04 11:40:24.607] (INFO) Checked file systems for errors: All filesystems OK.
[2015/11/04 11:40:24.607] (INFO) Pinging watchdog timer process: Process is alive.
[2015/11/04 11:40:24.607] (INFO) Sending SIGTERM to 4 excess workers.
[2015/11/04 11:40:24.607] (INFO) Backed up all server logs.
[2015/11/04 11:40:24.607] (INFO) Checked file systems for errors: All filesystems OK.
[2015/11/04 11:40:24.607] (INFO) Network heartbeat check: All OK.
[2015/11/04 11:40:24.607] (INFO) Network heartbeat check: All OK.
[2015/11/04 11:40:24.607] (INFO) User "oom2476" logged out.
[2015/11/04 11:40:24.607] (INFO) Rolling 5 log file(s)...
[2015/11/04 11:40:24.607] (INFO) Rolling 6 log file(s)...
[2015/11/04 11:40:24.607] (INFO) User "ghw2325" logged in from 192.168.30.25.
[2015/11/04 11:40:24.607] (WARN) Ignoring SIGTERM. It's not that easy to get rid of me.
[2015/11/04 11:40:24.607] (INFO) User "rmr5741" logged out due to inactivity (timeout=30 minutes).
[2015/11/04 11:40:24.607] (INFO) Your mother called. She says you never call her.
[2015/11/04 11:40:24.607] (INFO) User "umc7903" logged out.
[2015/11/04 11:40:24.607] (INFO) Flushed 34 buffers to disk.
[2015/11/04 11:40:24.607] (ERROR) Blocked SSH traffic originating from 172.16.147.47.
[2015/11/04 11:40:24.607] (INFO) User "aai3890" logged in from 172.16.40.187.
[2015/11/04 11:40:24.607] (INFO) User "tek5777" logged in from 172.16.233.194.
[2015/11/04 11:40:24.607] (INFO) Checkpointing off-heap server memory...
[2015/11/04 11:40:24.607] (INFO) Alien monitor (aliend): Detected no space aliens.
[2015/11/04 11:40:24.607] (INFO) Pinging watchdog timer process: Process is alive.
[2015/11/04 11:40:24.607] (INFO) User "oxj2926" logged out due to inactivity (timeout=30 minutes).
[2015/11/04 11:40:24.607] (INFO) Checked file systems for errors: All filesystems OK.
[2015/11/04 11:40:25.107] (INFO) Backed up all server logs.
[2015/11/04 11:40:25.107] (INFO) Checkpointing off-heap server memory...
[2015/11/04 11:40:25.107] (INFO) Pinging watchdog timer process: Process is alive.
[2015/11/04 11:40:25.107] (INFO) Checked file systems for errors: All filesystems OK.
[2015/11/04 11:40:25.107] (INFO) Alien monitor (aliend): Detected no space aliens.
[2015/11/04 11:40:25.107] (INFO) User "ggo2836" logged out.
[2015/11/04 11:40:25.107] (INFO) Flushed 48 buffers to disk.
[2015/11/04 11:40:25.107] (INFO) Sending SIGTERM to 3 excess workers.
[2015/11/04 11:40:25.107] (INFO) Rolling 5 log file(s)...
[2015/11/04 11:40:25.107] (INFO) Network heartbeat check: All OK.
[2015/11/04 11:40:25.107] (INFO) Checked file systems for errors: All filesystems OK.
[2015/11/04 11:40:25.107] (INFO) Rolling 1 log file(s)...
[2015/11/04 11:40:25.107] (INFO) Network heartbeat check: All OK.
[2015/11/04 11:40:25.107] (INFO) User "zpu9856" logged out due to inactivity (timeout=30 minutes).
[2015/11/04 11:40:25.107] (INFO) Pinging watchdog timer process: Process is alive.
[2015/11/04 11:40:25.107] (INFO) Device 0xc8ff is online.
[2015/11/04 11:40:25.107] (INFO) Pinging watchdog timer process: Process is alive.
[2015/11/04 11:40:25.107] (INFO) Flushed 85 buffers to disk.
[2015/11/04 11:40:25.107] (INFO) Sending SIGTERM to 4 excess workers.
[2015/11/04 11:40:25.107] (INFO) Rolling 1 log file(s)...
[2015/11/04 11:40:25.107] (ERROR) Connection to 172.16.154.4 terminated unexpectedly. Reconnecting.
[2015/11/04 11:40:25.107] (INFO) Checkpointing off-heap server memory...
[2015/11/04 11:40:25.107] (INFO) User "kwp2090" logged out due to inactivity (timeout=30 minutes).
[2015/11/04 11:40:25.107] (ERROR) Server log backup FAILED. See backup logs.
[2015/11/04 11:40:25.107] (INFO) Rolling 7 log file(s)...
[2015/11/04 11:40:25.107] (INFO) Backed up all server logs.
[2015/11/04 11:40:25.107] (INFO) Sending SIGTERM to 2 excess workers.
[2015/11/04 11:40:25.107] (INFO) Backed up all server logs.
[2015/11/04 11:40:25.107] (INFO) Supervisor has entered SUSPENDED state.
[2015/11/04 11:40:25.107] (INFO) User "tvt6064" logged out due to inactivity (timeout=30 minutes).
[2015/11/04 11:40:25.107] (INFO) Flushed 77 buffers to disk.
[2015/11/04 11:40:25.107] (INFO) Your mother called. She says you never call her.
[2015/11/04 11:40:25.107] (INFO) User "rjw9390" logged out due to inactivity (timeout=30 minutes).
[2015/11/04 11:40:25.107] (INFO) Backed up all server logs.
[2015/11/04 11:40:25.107] (ERROR) CPU temperature exceeds 50º Celsius. Shutting down.
[2015/11/04 11:40:25.107] (INFO) Checkpointing off-heap server memory...
[2015/11/04 11:40:25.107] (INFO) Pinging watchdog timer process: Process is alive.
[2015/11/04 11:40:25.107] (INFO) Supervisor has entered SUSPENDED state.
[2015/11/04 11:40:25.107] (INFO) .evian ylbirret si emehcs otpyrc ym neht ,siht daer nac uoy fI
[2015/11/04 11:40:25.107] (INFO) Device 0xfd69 is online.
[2015/11/04 11:40:25.107] (INFO) Alien monitor (aliend): Detected no space aliens.
[2015/11/04 11:40:25.107] (INFO) Device 0xf5cc is online.
[2015/11/04 11:40:25.107] (WARN) Dropped 13,811 corrupt data packets.
[2015/11/04 11:40:25.107] (INFO) Checked file systems for errors: All filesystems OK.
[2015/11/04 11:40:25.107] (INFO) Device 0xb2cc is online.
[2015/11/04 11:40:25.107] (INFO) Sending SIGTERM to 4 excess workers.
[2015/11/04 11:40:25.107] (INFO) Your mother called. She says you never call her.
[2015/11/04 11:40:25.107] (INFO) Checked file systems for errors: All filesystems OK.
[2015/11/04 11:40:25.107] (INFO) Rolling 1 log file(s)...
[2015/11/04 11:40:25.107] (INFO) Checked file systems for errors: All filesystems OK.
[2015/11/04 11:40:25.107] (INFO) Checkpointing off-heap server memory...
[2015/11/04 11:40:25.107] (INFO) Checked file systems for errors: All filesystems OK.
[2015/11/04 11:40:25.107] (INFO) Alien monitor (aliend): Detected no space aliens.
[2015/11/04 11:40:25.107] (INFO) Your mother called. She says you never call her.
[2015/11/04 11:40:25.107] (ERROR) Worker 6 died with SIGSEGV. Restarting it.
[2015/11/04 11:40:25.107] (INFO) Checkpointing off-heap server memory...
[2015/11/04 11:40:25.107] (INFO) Device 0xa504 is online.
[2015/11/04 11:40:25.107] (INFO) Network heartbeat check: All OK.
[2015/11/04 11:40:25.107] (INFO) Pinging watchdog timer process: Process is alive.
[2015/11/04 11:40:25.107] (INFO) Network heartbeat check: All OK.
[2015/11/04 11:40:25.107] (INFO) Waiting for worker process (PID 16542) to die.
[2015/11/04 11:40:25.107] (INFO) User "fwl3289" logged in from 172.16.226.171.
[2015/11/04 11:40:25.107] (INFO) User "ejq1348" logged out due to inactivity (timeout=30 minutes).
[2015/11/04 11:40:25.107] (INFO) Rolling 6 log file(s)...
[2015/11/04 11:40:25.107] (INFO) Backed up all server logs.
[2015/11/04 11:40:25.107] (INFO) Pinging watchdog timer process: Process is alive.
[2015/11/04 11:40:25.107] (INFO) Supervisor has entered RUNNING state.
[2015/11/04 11:40:25.107] (INFO) User "zld2164" logged in from 10.131.87.239.
[2015/11/04 11:40:25.107] (ERROR) CPU temperature exceeds 50º Celsius. Shutting down.
[2015/11/04 11:40:25.107] (INFO) Network heartbeat check: All OK.
[2015/11/04 11:40:25.107] (INFO) Pinging watchdog timer process: Process is alive.
[2015/11/04 11:40:25.107] (INFO) Flushed 61 buffers to disk.
[2015/11/04 11:40:25.107] (WARN) Backup server 172.16.231.47 is offline.
[2015/11/04 11:40:25.107] (ERROR) Server log backup FAILED. See backup logs.
[2015/11/04 11:40:25.107] (INFO) Supervisor has entered SUSPENDED state.
[2015/11/04 11:40:25.107] (INFO) Device 0xa9cd is online.
[2015/11/04 11:40:25.107] (INFO) Backed up all server logs.
[2015/11/04 11:40:25.107] (INFO) Network heartbeat check: All OK.
[2015/11/04 11:40:25.107] (ERROR) Device 0x1e08 is offline
[2015/11/04 11:40:25.107] (INFO) .evian ylbirret si emehcs otpyrc ym neht ,siht daer nac uoy fI
[2015/11/04 11:40:25.107] (INFO) Backed up all server logs.
[2015/11/04 11:40:25.107] (INFO) Sending SIGTERM to 3 excess workers.
[2015/11/04 11:40:25.107] (INFO) Sending SIGTERM to 2 excess workers.
[2015/11/04 11:40:25.107] (INFO) Waiting for supervisor process (PID 13900) to die.
[2015/11/04 11:40:25.107] (INFO) Rolling 1 log file(s)...
[2015/11/04 11:40:25.107] (INFO) Supervisor has entered RUNNING state.
[2015/11/04 11:40:25.107] (INFO) User "eio5909" logged in from 10.230.139.25.
[2015/11/04 11:40:25.107] (INFO) User "ooh4911" logged out due to inactivity (timeout=30 minutes).
[2015/11/04 11:40:25.107] (INFO) Backed up all server logs.
[2015/11/04 11:40:25.107] (ERROR) Extra characters at end of line.
[2015/11/04 11:40:25.107] (ERROR) Failed to write checkpoint file "/var/checkpoint/qShBP51891: No space left on device (ENOSPC)
[2015/11/04 11:40:25.107] (WARN) Watchdog timer crashed. Restarting it.
[2015/11/04 11:40:25.107] (INFO) User "wbj4627" logged out.
[2015/11/04 11:40:25.107] (INFO) User "pkv1772" logged out due to inactivity (timeout=30 minutes).
[2015/11/04 11:40:25.107] (INFO) Checked file systems for errors: All filesystems OK.
[2015/11/04 11:40:25.107] (WARN) Watchdog timer crashed. Restarting it.
[2015/11/04 11:40:25.107] (WARN) Dropped 401 corrupt data packets.
[2015/11/04 11:40:25.107] (ERROR) Detected clock skew! Restarting NTP server.
[2015/11/04 11:40:25.107] (INFO) Flushed 99 buffers to disk.
[2015/11/04 11:40:25.107] (INFO) Device 0xa0f8 is online.
[2015/11/04 11:40:25.607] (INFO) Device 0x6f8f is online.
[2015/11/04 11:40:25.607] (INFO) Checked file systems for errors: All filesystems OK.
[2015/11/04 11:40:25.607] (ERROR) Failed to write checkpoint file "/var/checkpoint/GAcEJ73866: No space left on device (ENOSPC)
[2015/11/04 11:40:25.607] (INFO) Checkpointing off-heap server memory...
[2015/11/04 11:40:25.607] (INFO) .evian ylbirret si emehcs otpyrc ym neht ,siht daer nac uoy fI
[2015/11/04 11:40:25.607] (INFO) Waiting for monitor process (PID 50582) to die.
[2015/11/04 11:40:25.607] (INFO) User "llo1509" logged out.
[2015/11/04 11:40:25.607] (INFO) Alien monitor (aliend): Detected no space aliens.
[2015/11/04 11:40:25.607] (INFO) Device 0xcf7b is online.
[2015/11/04 11:40:25.607] (INFO) .evian ylbirret si emehcs otpyrc ym neht ,siht daer nac uoy fI
[2015/11/04 11:40:25.607] (INFO) User "xku2716" logged out due to inactivity (timeout=30 minutes).
[2015/11/04 11:40:25.607] (WARN) Retrying server log checkpoint.
[2015/11/04 11:40:25.607] (INFO) Network heartbeat check: All OK.
[2015/11/04 11:40:25.607] (ERROR) Detected incoming DDoS from 192.168.206.96.
[2015/11/04 11:40:25.607] (WARN) Network heartbeat check: 5 server(s) did not respond.
[2015/11/04 11:40:25.607] (INFO) Supervisor has entered SUSPENDED state.
[2015/11/04 11:40:25.607] (INFO) Checked file systems for errors: All filesystems OK.
[2015/11/04 11:40:25.607] (ERROR) "/var/data/YSOqp55073.xml": No such file or directory (ENOENT)
[2015/11/04 11:40:25.607] (INFO) .evian ylbirret si emehcs otpyrc ym neht ,siht daer nac uoy fI
[2015/11/04 11:40:25.607] (INFO) User "sge4272" logged in from 192.168.199.114.
[2015/11/04 11:40:25.607] (INFO) Supervisor has entered SUSPENDED state.
[2015/11/04 11:40:25.607] (INFO) Checked file systems for errors: All filesystems OK.
[2015/11/04 11:40:25.607] (INFO) Checked file systems for errors: All filesystems OK.
[2015/11/04 11:40:25.607] (INFO) Alien monitor (aliend): Detected no space aliens.
[2015/11/04 11:40:25.607] (INFO) Checked file systems for errors: All filesystems OK.
[2015/11/04 11:40:25.607] (INFO) Waiting for supervisor process (PID 62637) to die.
[2015/11/04 11:40:25.607] (INFO) Network heartbeat check: All OK.
[2015/11/04 11:40:25.607] (INFO) User "wcb1138" logged in from 172.16.114.114.
[2015/11/04 11:40:25.607] (WARN) Space on disk /dev/sda2 is low: Only 676 MB available.
[2015/11/04 11:40:25.607] (INFO) Supervisor has entered SUSPENDED state.
[2015/11/04 11:40:25.607] (INFO) Flushed 79 buffers to disk.
[2015/11/04 11:40:25.607] (WARN) Dropped 14,810 corrupt data packets.
[2015/11/04 11:40:25.607] (INFO) Alien monitor (aliend): Detected no space aliens.
[2015/11/04 11:40:25.607] (INFO) Sending SIGTERM to 2 excess workers.
[2015/11/04 11:40:25.607] (INFO) Alien monitor (aliend): Detected no space aliens.
[2015/11/04 11:40:25.607] (INFO) User "ehy7929" logged out.
[2015/11/04 11:40:25.607] (INFO) User "rmx7350" logged in from 172.16.188.112.
[2015/11/04 11:40:25.607] (INFO) Flushed 90 buffers to disk.
[2015/11/04 11:40:25.607] (INFO) Rolling 2 log file(s)...
[2015/11/04 11:40:25.607] (INFO) User "zzs4217" logged out due to inactivity (timeout=30 minutes).
[2015/11/04 11:40:25.607] (INFO) Rolling 2 log file(s)...
[2015/11/04 11:40:25.607] (INFO) Supervisor has entered RESTARTING state.
[2015/11/04 11:40:25.607] (INFO) Flushed 38 buffers to disk.
[2015/11/04 11:40:25.607] (INFO) Rolling 4 log file(s)...
[2015/11/04 11:40:25.607] (INFO) .evian ylbirret si emehcs otpyrc ym neht ,siht daer nac uoy fI
[2015/11/04 11:40:25.607] (INFO) Waiting for monitor process (PID 24393) to die.
[2015/11/04 11:40:25.607] (INFO) Supervisor has entered RESTARTING state.
[2015/11/04 11:40:25.607] (WARN) Watchdog timer crashed. Restarting it.
[2015/11/04 11:40:25.607] (INFO) Checkpointing off-heap server memory...
[2015/11/04 11:40:25.607] (INFO) Rolling 7 log file(s)...
[2015/11/04 11:40:25.607] (ERROR) EFOODFAIL (Waiter, there's a fly in my soup).
[2015/11/04 11:40:25.607] (INFO) .evian ylbirret si emehcs otpyrc ym neht ,siht daer nac uoy fI
[2015/11/04 11:40:25.607] (INFO) Pinging watchdog timer process: Process is alive.
[2015/11/04 11:40:25.607] (INFO) Alien monitor (aliend): Detected no space aliens.
[2015/11/04 11:40:25.607] (INFO) Network heartbeat check: All OK.
[2015/11/04 11:40:25.607] (INFO) .evian ylbirret si emehcs otpyrc ym neht ,siht daer nac uoy fI
[2015/11/04 11:40:25.607] (WARN) Space on disk /dev/sdc1 is low: Only 673 MB available.
[2015/11/04 11:40:25.607] (ERROR) Detected incoming DDoS from 192.168.74.168.
[2015/11/04 11:40:25.607] (WARN) There is no such thing as a free lunch.
[2015/11/04 11:40:25.607] (INFO) .evian ylbirret si emehcs otpyrc ym neht ,siht daer nac uoy fI
[2015/11/04 11:40:25.607] (INFO) Backed up all server logs.
[2015/11/04 11:40:25.607] (INFO) Your mother called. She says you never call her.
[2015/11/04 11:40:25.607] (INFO) Checked file systems for errors: All filesystems OK.
[2015/11/04 11:40:25.607] (INFO) Waiting for master process (PID 35588) to die.
[2015/11/04 11:40:25.607] (ERROR) Extra characters at end of line.
[2015/11/04 11:40:25.607] (INFO) Network heartbeat check: All OK.
[2015/11/04 11:40:25.607] (INFO) Alien monitor (aliend): Detected no space aliens.
[2015/11/04 11:40:25.607] (INFO) User "xlt6952" logged in from 172.16.14.121.
[2015/11/04 11:40:25.607] (ERROR) Worker 4 died with SIGIOT. Restarting it.
[2015/11/04 11:40:25.607] (INFO) Rolling 9 log file(s)...
[2015/11/04 11:40:25.607] (INFO) Sending SIGTERM to 4 excess workers.
[2015/11/04 11:40:25.607] (INFO) Network heartbeat check: All OK.
[2015/11/04 11:40:25.607] (INFO) Backed up all server logs.
[2015/11/04 11:40:25.607] (INFO) Alien monitor (aliend): Detected no space aliens.
[2015/11/04 11:40:25.607] (INFO) .evian ylbirret si emehcs otpyrc ym neht ,siht daer nac uoy fI
[2015/11/04 11:40:25.607] (INFO) Rolling 9 log file(s)...
[2015/11/04 11:40:25.607] (INFO) Your mother called. She says you never call her.
[2015/11/04 11:40:25.607] (WARN) Possible cyber-attack from Nebraska.
[2015/11/04 11:40:25.607] (WARN) Dropped 8,860 corrupt data packets.
[2015/11/04 11:40:25.607] (INFO) Supervisor has entered RUNNING state.
[2015/11/04 11:40:25.607] (INFO) Checked file systems for errors: All filesystems OK.
[2015/11/04 11:40:25.607] (INFO) User "yim9068" logged out.
[2015/11/04 11:40:25.607] (INFO) Alien monitor (aliend): Detected no space aliens.
[2015/11/04 11:40:25.607] (ERROR) "/var/data/aKKKk86984.parquet": Permission denied (EACCES)
[2015/11/04 11:40:25.607] (INFO) Sending SIGTERM to 3 excess workers.
[2015/11/04 11:40:25.607] (WARN) Master took 689 ms to respond (threshold=500 ms)
[2015/11/04 11:40:25.607] (INFO) Flushed 94 buffers to disk.
[2015/11/04 11:40:25.607] (INFO) Pinging watchdog timer process: Process is alive.
[2015/11/04 11:40:25.607] (INFO) Sending SIGTERM to 2 excess workers.
[2015/11/04 11:40:25.607] (ERROR) User "hjh1210" failed to log in 3 times. Disabling account.
[2015/11/04 11:40:25.607] (INFO) User "phi5874" logged in from 10.94.38.20.
[2015/11/04 11:40:25.607] (INFO) Device 0xa39d is online.
[2015/11/04 11:40:25.607] (INFO) Rolling 8 log file(s)...
[2015/11/04 11:40:25.607] (INFO) Rolling 9 log file(s)...
[2015/11/04 11:40:25.607] (INFO) User "kpv1369" logged out.
[2015/11/04 11:40:25.607] (ERROR) Blocked Little Bobby Tables attack (https://xkcd.com/327/) from 10.34.65.39.
[2015/11/04 11:40:25.607] (INFO) User "gyg6257" logged out due to inactivity (timeout=30 minutes).
[2015/11/04 11:40:25.607] (INFO) Network heartbeat check: All OK.
[2015/11/04 11:40:25.607] (INFO) Checked file systems for errors: All filesystems OK.
[2015/11/04 11:40:25.607] (INFO) Checkpointing off-heap server memory...
[2015/11/04 11:40:26.106] (INFO) User "yhc4736" logged out due to inactivity (timeout=30 minutes).
[2015/11/04 11:40:26.107] (INFO) Checked file systems for errors: All filesystems OK.
[2015/11/04 11:40:26.107] (WARN) Network heartbeat check: 15 server(s) did not respond.
[2015/11/04 11:40:26.107] (INFO) Device 0x075d is online.
[2015/11/04 11:40:26.107] (INFO) Checkpointing off-heap server memory...
[2015/11/04 11:40:26.107] (WARN) Dropped 12,550 corrupt data packets.
[2015/11/04 11:40:26.107] (INFO) Backed up all server logs.
[2015/11/04 11:40:26.107] (INFO) Backed up all server logs.
[2015/11/04 11:40:26.107] (INFO) Checked file systems for errors: All filesystems OK.
[2015/11/04 11:40:26.107] (INFO) User "gmz5905" logged out.
[2015/11/04 11:40:26.107] (INFO) User "uzt6126" logged in from 172.16.217.97.
[2015/11/04 11:40:26.107] (ERROR) Extra characters at end of line.
[2015/11/04 11:40:26.107] (INFO) Checked file systems for errors: All filesystems OK.
[2015/11/04 11:40:26.107] (INFO) Device 0x72f7 is online.
[2015/11/04 11:40:26.107] (INFO) Flushed 45 buffers to disk.
[2015/11/04 11:40:26.107] (INFO) Supervisor has entered WAITING state.
[2015/11/04 11:40:26.107] (ERROR) Connection to 10.122.152.56 terminated unexpectedly. Reconnecting.
[2015/11/04 11:40:26.107] (INFO) Network heartbeat check: All OK.
[2015/11/04 11:40:26.107] (INFO) Checkpointing off-heap server memory...
[2015/11/04 11:40:26.107] (INFO) Sending SIGTERM to 4 excess workers.
[2015/11/04 11:40:26.107] (ERROR) Unable to authenticate user "dec5002": LDAP server isn't responding.
[2015/11/04 11:40:26.107] (INFO) Supervisor has entered WAITING state.
[2015/11/04 11:40:26.107] (ERROR) One of the flayrods has gone out askew on treadle.
[2015/11/04 11:40:26.107] (INFO) .evian ylbirret si emehcs otpyrc ym neht ,siht daer nac uoy fI
[2015/11/04 11:40:26.107] (ERROR) Unable to mount /dev/sde2. (Time to run fsck?)
[2015/11/04 11:40:26.107] (INFO) .evian ylbirret si emehcs otpyrc ym neht ,siht daer nac uoy fI
[2015/11/04 11:40:26.107] (INFO) Backed up all server logs.
[2015/11/04 11:40:26.107] (INFO) Network heartbeat check: All OK.
[2015/11/04 11:40:26.107] (INFO) User "bll8836" logged out due to inactivity (timeout=30 minutes).
[2015/11/04 11:40:26.107] (INFO) Pinging watchdog timer process: Process is alive.
[2015/11/04 11:40:26.107] (INFO) Flushed 64 buffers to disk.
[2015/11/04 11:40:26.107] (ERROR) Connection to 172.16.19.181 terminated unexpectedly. Reconnecting.
[2015/11/04 11:40:26.107] (INFO) .evian ylbirret si emehcs otpyrc ym neht ,siht daer nac uoy fI
[2015/11/04 11:40:26.107] (ERROR) Detected incoming DDoS from 172.16.13.240.
[2015/11/04 11:40:26.107] (INFO) Alien monitor (aliend): Detected no space aliens.
[2015/11/04 11:40:26.107] (INFO) User "ccj1035" logged out due to inactivity (timeout=30 minutes).
[2015/11/04 11:40:26.107] (INFO) Alien monitor (aliend): Detected no space aliens.
[2015/11/04 11:40:26.107] (INFO) Rolling 9 log file(s)...
[2015/11/04 11:40:26.107] (INFO) Rolling 4 log file(s)...
[2015/11/04 11:40:26.107] (INFO) Sending SIGTERM to 3 excess workers.
[2015/11/04 11:40:26.107] (WARN) CPU temperature exceeds 40º Celsius.
[2015/11/04 11:40:26.107] (INFO) Checkpointing off-heap server memory...
[2015/11/04 11:40:26.107] (WARN) Backup server 192.168.105.202 is offline.
[2015/11/04 11:40:26.107] (INFO) Pinging watchdog timer process: Process is alive.
[2015/11/04 11:40:26.107] (INFO) Checked file systems for errors: All filesystems OK.
[2015/11/04 11:40:26.107] (INFO) Network heartbeat check: All OK.
[2015/11/04 11:40:26.107] (INFO) Supervisor has entered RUNNING state.
[2015/11/04 11:40:26.107] (WARN) Ignoring SIGTERM. It's not that easy to get rid of me.
[2015/11/04 11:40:26.107] (INFO) Pinging watchdog timer process: Process is alive.
[2015/11/04 11:40:26.107] (INFO) User "rdb9583" logged out.
[2015/11/04 11:40:26.107] (WARN) Dropped 15,582 corrupt data packets.
[2015/11/04 11:40:26.107] (INFO) Backed up all server logs.
[2015/11/04 11:40:26.107] (INFO) User "ydp4161" logged in from 192.168.27.177.
[2015/11/04 11:40:26.107] (INFO) Network heartbeat check: All OK.
[2015/11/04 11:40:26.107] (WARN) Master took 805 ms to respond (threshold=500 ms)
[2015/11/04 11:40:26.107] (INFO) Alien monitor (aliend): Detected no space aliens.
[2015/11/04 11:40:26.107] (INFO) User "cho8276" logged in from 10.201.143.40.
[2015/11/04 11:40:26.107] (WARN) CPU temperature exceeds 40º Celsius.
[2015/11/04 11:40:26.107] (INFO) Backed up all server logs.
[2015/11/04 11:40:26.107] (INFO) Pinging watchdog timer process: Process is alive.
[2015/11/04 11:40:26.107] (INFO) Supervisor has entered SUSPENDED state.
[2015/11/04 11:40:26.107] (INFO) Alien monitor (aliend): Detected no space aliens.
[2015/11/04 11:40:26.107] (INFO) Pinging watchdog timer process: Process is alive.
[2015/11/04 11:40:26.107] (INFO) Alien monitor (aliend): Detected no space aliens.
[2015/11/04 11:40:26.107] (INFO) Network heartbeat check: All OK.
[2015/11/04 11:40:26.107] (INFO) .evian ylbirret si emehcs otpyrc ym neht ,siht daer nac uoy fI
[2015/11/04 11:40:26.107] (INFO) User "ucn5375" logged out due to inactivity (timeout=30 minutes).
[2015/11/04 11:40:26.107] (ERROR) User "yvh1896" failed to log in 3 times. Disabling account.
[2015/11/04 11:40:26.107] (ERROR) "/var/data/JdyFn76782.csv": Permission denied (EACCES)
[2015/11/04 11:40:26.107] (ERROR) Unable to write to "/var/data/UgFYq60927.tsv": Permission denied (EACCES)
[2015/11/04 11:40:26.107] (INFO) Network heartbeat check: All OK.
[2015/11/04 11:40:26.107] (INFO) Alien monitor (aliend): Detected no space aliens.
[2015/11/04 11:40:26.107] (INFO) Supervisor has entered RUNNING state.
[2015/11/04 11:40:26.107] (INFO) .evian ylbirret si emehcs otpyrc ym neht ,siht daer nac uoy fI
[2015/11/04 11:40:26.107] (INFO) Network heartbeat check: All OK.
[2015/11/04 11:40:26.107] (WARN) Possible cyber-attack from a small unnamed island.
[2015/11/04 11:40:26.107] (INFO) Pinging watchdog timer process: Process is alive.
[2015/11/04 11:40:26.107] (INFO) Your mother called. She says you never call her.
[2015/11/04 11:40:26.107] (INFO) Checkpointing off-heap server memory...
[2015/11/04 11:40:26.107] (INFO) Checkpointing off-heap server memory...
[2015/11/04 11:40:26.107] (INFO) Rolling 6 log file(s)...
[2015/11/04 11:40:26.107] (WARN) CPU temperature exceeds 40º Celsius.
[2015/11/04 11:40:26.107] (INFO) Checkpointing off-heap server memory...
[2015/11/04 11:40:26.107] (INFO) User "wql7251" logged out.
[2015/11/04 11:40:26.107] (INFO) Your mother called. She says you never call her.
[2015/11/04 11:40:26.107] (INFO) Rolling 9 log file(s)...
[2015/11/04 11:40:26.107] (INFO) Supervisor has entered WAITING state.
[2015/11/04 11:40:26.107] (INFO) Your mother called. She says you never call her.
[2015/11/04 11:40:26.107] (INFO) Backed up all server logs.
[2015/11/04 11:40:26.107] (INFO) Flushed 34 buffers to disk.
[2015/11/04 11:40:26.107] (INFO) Waiting for worker process (PID 19889) to die.
[2015/11/04 11:40:26.107] (ERROR) Failed to write checkpoint file "/var/checkpoint/lzfUg99373: No space left on device (ENOSPC)
[2015/11/04 11:40:26.107] (INFO) Alien monitor (aliend): Detected no space aliens.
[2015/11/04 11:40:26.107] (INFO) Sending SIGTERM to 2 excess workers.
[2015/11/04 11:40:26.107] (INFO) Rolling 6 log file(s)...
[2015/11/04 11:40:26.107] (INFO) Rolling 8 log file(s)...
[2015/11/04 11:40:26.107] (INFO) Sending SIGTERM to 3 excess workers.
[2015/11/04 11:40:26.107] (INFO) Waiting for worker process (PID 40481) to die.
[2015/11/04 11:40:26.107] (INFO) Your mother called. She says you never call her.
[2015/11/04 11:40:26.107] (INFO) Alien monitor (aliend): Detected no space aliens.
[2015/11/04 11:40:26.607] (INFO) .evian ylbirret si emehcs otpyrc ym neht ,siht daer nac uoy fI
[2015/11/04 11:40:26.607] (INFO) User "yqu9924" logged out.
[2015/11/04 11:40:26.607] (INFO) Supervisor has entered RESTARTING state.
[2015/11/04 11:40:26.607] (ERROR) Connection to 172.16.36.189 terminated unexpectedly. Reconnecting.
[2015/11/04 11:40:26.607] (INFO) Your mother called. She says you never call her.
[2015/11/04 11:40:26.607] (ERROR) "/var/data/SUGeI82275.tsv": Permission denied (EACCES)
[2015/11/04 11:40:26.607] (INFO) User "qrq9093" logged out.
[2015/11/04 11:40:26.607] (INFO) Rolling 4 log file(s)...
[2015/11/04 11:40:26.607] (WARN) Watchdog timer crashed. Restarting it.
[2015/11/04 11:40:26.607] (ERROR) Failed to open "/mnt/fileserver02/TziPP59084.zip": NFS timeout.
[2015/11/04 11:40:26.607] (INFO) User "obo3930" logged out due to inactivity (timeout=30 minutes).
[2015/11/04 11:40:26.607] (INFO) Rolling 2 log file(s)...
[2015/11/04 11:40:26.607] (WARN) Possible cyber-attack from Alpha Centauri.
[2015/11/04 11:40:26.607] (INFO) User "lqi2286" logged in from 10.195.101.102.
[2015/11/04 11:40:26.607] (INFO) Sending SIGTERM to 3 excess workers.
[2015/11/04 11:40:26.607] (INFO) Network heartbeat check: All OK.
[2015/11/04 11:40:26.607] (ERROR) Failed to write checkpoint file "/var/checkpoint/fsVjO76634: No space left on device (ENOSPC)
[2015/11/04 11:40:26.607] (INFO) User "byd1681" logged out.
[2015/11/04 11:40:26.607] (INFO) Rolling 5 log file(s)...
[2015/11/04 11:40:26.607] (INFO) Supervisor has entered RUNNING state.
[2015/11/04 11:40:26.607] (INFO) .evian ylbirret si emehcs otpyrc ym neht ,siht daer nac uoy fI
[2015/11/04 11:40:26.607] (ERROR) Blocked Little Bobby Tables attack (https://xkcd.com/327/) from 192.168.75.123.
[2015/11/04 11:40:26.607] (INFO) Flushed 45 buffers to disk.
[2015/11/04 11:40:26.607] (INFO) Device 0x4ca2 is online.
[2015/11/04 11:40:26.607] (INFO) User "gfx6726" logged out.
[2015/11/04 11:40:26.607] (INFO) Network heartbeat check: All OK.
[2015/11/04 11:40:26.607] (INFO) Flushed 48 buffers to disk.
[2015/11/04 11:40:26.607] (INFO) Rolling 3 log file(s)...
[2015/11/04 11:40:26.607] (INFO) Pinging watchdog timer process: Process is alive.
[2015/11/04 11:40:26.607] (INFO) Backed up all server logs.
[2015/11/04 11:40:26.607] (INFO) Alien monitor (aliend): Detected no space aliens.
[2015/11/04 11:40:26.607] (WARN) Backup server 192.168.130.17 is offline.
[2015/11/04 11:40:26.607] (INFO) Device 0x68fe is online.
[2015/11/04 11:40:26.607] (INFO) Device 0x0e8f is online.
[2015/11/04 11:40:26.607] (INFO) Pinging watchdog timer process: Process is alive.
[2015/11/04 11:40:26.607] (INFO) Your mother called. She says you never call her.
[2015/11/04 11:40:26.607] (INFO) Alien monitor (aliend): Detected no space aliens.
[2015/11/04 11:40:26.607] (INFO) Waiting for supervisor process (PID 45266) to die.
[2015/11/04 11:40:26.607] (INFO) User "ada9914" logged out.
[2015/11/04 11:40:26.607] (WARN) Backup server 192.168.115.72 is offline.
[2015/11/04 11:40:26.607] (INFO) Flushed 27 buffers to disk.
[2015/11/04 11:40:26.607] (INFO) Rolling 5 log file(s)...
[2015/11/04 11:40:26.607] (INFO) Rolling 3 log file(s)...
[2015/11/04 11:40:26.607] (INFO) User "uqe7419" logged out.
[2015/11/04 11:40:26.607] (INFO) Pinging watchdog timer process: Process is alive.
[2015/11/04 11:40:26.607] (INFO) Checkpointing off-heap server memory...
[2015/11/04 11:40:26.607] (INFO) Checked file systems for errors: All filesystems OK.
[2015/11/04 11:40:26.607] (INFO) Your mother called. She says you never call her.
[2015/11/04 11:40:26.607] (INFO) Pinging watchdog timer process: Process is alive.
[2015/11/04 11:40:26.607] (INFO) Network heartbeat check: All OK.
[2015/11/04 11:40:26.607] (INFO) Alien monitor (aliend): Detected no space aliens.
[2015/11/04 11:40:26.607] (INFO) User "kzz1796" logged out.
[2015/11/04 11:40:26.607] (INFO) Flushed 54 buffers to disk.
[2015/11/04 11:40:26.607] (ERROR) Detected incoming DDoS from 10.204.70.252.
[2015/11/04 11:40:26.607] (INFO) Backed up all server logs.
[2015/11/04 11:40:26.607] (INFO) .evian ylbirret si emehcs otpyrc ym neht ,siht daer nac uoy fI
[2015/11/04 11:40:26.607] (INFO) User "gat8732" logged in from 10.126.191.206.
[2015/11/04 11:40:26.607] (INFO) Pinging watchdog timer process: Process is alive.
[2015/11/04 11:40:26.607] (INFO) Your mother called. She says you never call her.
[2015/11/04 11:40:26.607] (INFO) Network heartbeat check: All OK.
[2015/11/04 11:40:26.607] (ERROR) Unable to mount /dev/sdc2. (Time to run fsck?)
[2015/11/04 11:40:26.607] (INFO) Alien monitor (aliend): Detected no space aliens.
[2015/11/04 11:40:26.607] (INFO) Flushed 45 buffers to disk.
[2015/11/04 11:40:26.607] (INFO) Your mother called. She says you never call her.
[2015/11/04 11:40:26.607] (INFO) Alien monitor (aliend): Detected no space aliens.
[2015/11/04 11:40:26.607] (INFO) Rolling 3 log file(s)...
[2015/11/04 11:40:26.607] (INFO) Your mother called. She says you never call her.
[2015/11/04 11:40:26.607] (ERROR) Connection to 192.168.206.119 terminated unexpectedly. Reconnecting.
[2015/11/04 11:40:26.607] (INFO) Alien monitor (aliend): Detected no space aliens.
[2015/11/04 11:40:26.607] (INFO) User "eys9293" logged out due to inactivity (timeout=30 minutes).
[2015/11/04 11:40:26.607] (INFO) Flushed 49 buffers to disk.
[2015/11/04 11:40:26.607] (INFO) Waiting for worker process (PID 12677) to die.
[2015/11/04 11:40:26.607] (INFO) User "vyf7767" logged in from 172.16.122.135.
[2015/11/04 11:40:26.607] (INFO) Backed up all server logs.
[2015/11/04 11:40:26.607] (INFO) Checkpointing off-heap server memory...
[2015/11/04 11:40:26.607] (INFO) Sending SIGTERM to 2 excess workers.
[2015/11/04 11:40:26.607] (INFO) Device 0x52bc is online.
[2015/11/04 11:40:26.607] (INFO) User "pfa8658" logged out due to inactivity (timeout=30 minutes).
[2015/11/04 11:40:26.607] (INFO) Network heartbeat check: All OK.
[2015/11/04 11:40:26.607] (INFO) User "teb3640" logged in from 192.168.226.195.
[2015/11/04 11:40:26.607] (WARN) Unable to ping worker at 10.228.193.193. Retrying.
[2015/11/04 11:40:26.607] (INFO) Your mother called. She says you never call her.
[2015/11/04 11:40:26.607] (INFO) Waiting for supervisor process (PID 23801) to die.
[2015/11/04 11:40:26.607] (INFO) Supervisor has entered RUNNING state.
[2015/11/04 11:40:26.607] (INFO) User "raq6849" logged out due to inactivity (timeout=30 minutes).
[2015/11/04 11:40:26.607] (INFO) Checkpointing off-heap server memory...
[2015/11/04 11:40:26.607] (INFO) Pinging watchdog timer process: Process is alive.
[2015/11/04 11:40:26.607] (INFO) User "hpa3130" logged out due to inactivity (timeout=30 minutes).
[2015/11/04 11:40:26.607] (INFO) Device 0x20ab is online.
[2015/11/04 11:40:26.607] (INFO) .evian ylbirret si emehcs otpyrc ym neht ,siht daer nac uoy fI
[2015/11/04 11:40:26.607] (INFO) Waiting for worker process (PID 37887) to die.
[2015/11/04 11:40:26.607] (INFO) User "cnc7617" logged out due to inactivity (timeout=30 minutes).
[2015/11/04 11:40:26.607] (INFO) User "hco9431" logged out.
[2015/11/04 11:40:26.607] (INFO) Rolling 1 log file(s)...
[2015/11/04 11:40:26.607] (WARN) Space on disk /dev/sdb4 is low: Only 628 MB available.
[2015/11/04 11:40:26.607] (INFO) Network heartbeat check: All OK.
[2015/11/04 11:40:26.607] (INFO) Checked file systems for errors: All filesystems OK.
[2015/11/04 11:40:26.607] (INFO) Backed up all server logs.
[2015/11/04 11:40:26.607] (INFO) Alien monitor (aliend): Detected no space aliens.
[2015/11/04 11:40:26.607] (INFO) User "sss7994" logged out due to inactivity (timeout=30 minutes).
[2015/11/04 11:40:27.107] (INFO) Checkpointing off-heap server memory...
[2015/11/04 11:40:27.107] (INFO) Network heartbeat check: All OK.
[2015/11/04 11:40:27.107] (WARN) Watchdog timer crashed. Restarting it.
[2015/11/04 11:40:27.107] (INFO) Pinging watchdog timer process: Process is alive.
[2015/11/04 11:40:27.107] (INFO) Device 0x5e5c is online.
[2015/11/04 11:40:27.107] (INFO) .evian ylbirret si emehcs otpyrc ym neht ,siht daer nac uoy fI
[2015/11/04 11:40:27.107] (INFO) User "vrb3850" logged out due to inactivity (timeout=30 minutes).
[2015/11/04 11:40:27.107] (INFO) User "skl9130" logged out due to inactivity (timeout=30 minutes).
[2015/11/04 11:40:27.107] (INFO) Your mother called. She says you never call her.
[2015/11/04 11:40:27.107] (INFO) Sending SIGTERM to 3 excess workers.
[2015/11/04 11:40:27.107] (ERROR) Blocked Little Bobby Tables attack (https://xkcd.com/327/) from 192.168.102.15.
[2015/11/04 11:40:27.107] (INFO) Flushed 24 buffers to disk.
[2015/11/04 11:40:27.107] (INFO) Checked file systems for errors: All filesystems OK.
[2015/11/04 11:40:27.107] (INFO) Your mother called. She says you never call her.
[2015/11/04 11:40:27.107] (INFO) Checkpointing off-heap server memory...
[2015/11/04 11:40:27.107] (INFO) Sending SIGTERM to 2 excess workers.
[2015/11/04 11:40:27.107] (ERROR) Detected incoming DDoS from 192.168.57.45.
[2015/11/04 11:40:27.107] (INFO) Waiting for supervisor process (PID 1571) to die.
[2015/11/04 11:40:27.107] (INFO) Supervisor has entered RESTARTING state.
[2015/11/04 11:40:27.107] (ERROR) Failed to write checkpoint file "/var/checkpoint/eKfAd75310: No space left on device (ENOSPC)
[2015/11/04 11:40:27.107] (INFO) Network heartbeat check: All OK.
[2015/11/04 11:40:27.107] (INFO) User "ieo7719" logged in from 192.168.109.159.
[2015/11/04 11:40:27.107] (INFO) Supervisor has entered WAITING state.
[2015/11/04 11:40:27.107] (INFO) Flushed 26 buffers to disk.
[2015/11/04 11:40:27.107] (INFO) Device 0x8cee is online.
[2015/11/04 11:40:27.107] (INFO) Checked file systems for errors: All filesystems OK.
[2015/11/04 11:40:27.107] (INFO) Waiting for master process (PID 5926) to die.
[2015/11/04 11:40:27.107] (INFO) Rolling 9 log file(s)...
[2015/11/04 11:40:27.107] (INFO) Flushed 55 buffers to disk.
[2015/11/04 11:40:27.107] (INFO) Waiting for monitor process (PID 23066) to die.
[2015/11/04 11:40:27.107] (INFO) Waiting for worker process (PID 14245) to die.
[2015/11/04 11:40:27.107] (INFO) Waiting for master process (PID 53127) to die.
[2015/11/04 11:40:27.107] (ERROR) Device 0x3f34 is offline
[2015/11/04 11:40:27.107] (INFO) User "fcb3014" logged out due to inactivity (timeout=30 minutes).
[2015/11/04 11:40:27.107] (INFO) Checkpointing off-heap server memory...
[2015/11/04 11:40:27.107] (ERROR) Network heartbeat check FAILED: Master host down?
[2015/11/04 11:40:27.107] (WARN) Dropped 19,918 corrupt data packets.
[2015/11/04 11:40:27.107] (INFO) .evian ylbirret si emehcs otpyrc ym neht ,siht daer nac uoy fI
[2015/11/04 11:40:27.107] (INFO) Supervisor has entered SUSPENDED state.
[2015/11/04 11:40:27.107] (INFO) User "oxj4963" logged out due to inactivity (timeout=30 minutes).
[2015/11/04 11:40:27.107] (INFO) Flushed 33 buffers to disk.
[2015/11/04 11:40:27.107] (INFO) Rolling 5 log file(s)...
[2015/11/04 11:40:27.107] (ERROR) Unable to authenticate user "sxe3286": LDAP server isn't responding.
[2015/11/04 11:40:27.107] (INFO) Checkpointing off-heap server memory...
[2015/11/04 11:40:27.107] (WARN) Dropped 8,840 corrupt data packets.
[2015/11/04 11:40:27.107] (WARN) Dropped 8,916 corrupt data packets.
[2015/11/04 11:40:27.107] (INFO) User "ajt4805" logged out due to inactivity (timeout=30 minutes).
[2015/11/04 11:40:27.107] (INFO) Device 0x9c3c is online.
[2015/11/04 11:40:27.107] (INFO) Checkpointing off-heap server memory...
[2015/11/04 11:40:27.107] (INFO) Your mother called. She says you never call her.
[2015/11/04 11:40:27.107] (INFO) Pinging watchdog timer process: Process is alive.
[2015/11/04 11:40:27.107] (INFO) Alien monitor (aliend): Detected no space aliens.
[2015/11/04 11:40:27.107] (INFO) Sending SIGTERM to 4 excess workers.
[2015/11/04 11:40:27.107] (INFO) User "zae1802" logged in from 10.157.154.209.
[2015/11/04 11:40:27.107] (INFO) Supervisor has entered RESTARTING state.
[2015/11/04 11:40:27.107] (INFO) .evian ylbirret si emehcs otpyrc ym neht ,siht daer nac uoy fI
[2015/11/04 11:40:27.107] (INFO) Flushed 71 buffers to disk.
[2015/11/04 11:40:27.107] (INFO) Alien monitor (aliend): Detected no space aliens.
[2015/11/04 11:40:27.107] (ERROR) Detected clock skew! Restarting NTP server.
[2015/11/04 11:40:27.107] (INFO) Network heartbeat check: All OK.
[2015/11/04 11:40:27.107] (INFO) Checked file systems for errors: All filesystems OK.
[2015/11/04 11:40:27.107] (INFO) Flushed 99 buffers to disk.
[2015/11/04 11:40:27.107] (INFO) User "nzi1097" logged out.
[2015/11/04 11:40:27.107] (INFO) Checkpointing off-heap server memory...
[2015/11/04 11:40:27.107] (INFO) User "inc6739" logged out.
[2015/11/04 11:40:27.107] (INFO) Checkpointing off-heap server memory...
[2015/11/04 11:40:27.107] (INFO) Network heartbeat check: All OK.
[2015/11/04 11:40:27.107] (INFO) Network heartbeat check: All OK.
[2015/11/04 11:40:27.107] (INFO) Backed up all server logs.
[2015/11/04 11:40:27.107] (ERROR) Blocked Little Bobby Tables attack (https://xkcd.com/327/) from 172.16.21.90.
[2015/11/04 11:40:27.107] (ERROR) Detected incoming DDoS from 10.121.125.176.
[2015/11/04 11:40:27.107] (INFO) .evian ylbirret si emehcs otpyrc ym neht ,siht daer nac uoy fI
[2015/11/04 11:40:27.107] (INFO) User "nwx5655" logged out.
[2015/11/04 11:40:27.107] (INFO) Network heartbeat check: All OK.
[2015/11/04 11:40:27.107] (INFO) Flushed 90 buffers to disk.
[2015/11/04 11:40:27.107] (INFO) Sending SIGTERM to 4 excess workers.
[2015/11/04 11:40:27.107] (ERROR) User "pbb6337" failed to log in 3 times. Disabling account.
[2015/11/04 11:40:27.107] (INFO) Your mother called. She says you never call her.
[2015/11/04 11:40:27.107] (INFO) User "vpe2612" logged in from 172.16.221.235.
[2015/11/04 11:40:27.107] (INFO) Flushed 52 buffers to disk.
[2015/11/04 11:40:27.107] (INFO) Sending SIGTERM to 2 excess workers.
[2015/11/04 11:40:27.107] (INFO) Waiting for supervisor process (PID 52601) to die.
[2015/11/04 11:40:27.107] (WARN) Unable to ping supervisor at 10.159.157.209. Retrying.
[2015/11/04 11:40:27.107] (INFO) Your mother called. She says you never call her.
[2015/11/04 11:40:27.107] (INFO) Rolling 6 log file(s)...
[2015/11/04 11:40:27.107] (INFO) Waiting for master process (PID 55262) to die.
[2015/11/04 11:40:27.107] (INFO) Waiting for supervisor process (PID 57932) to die.
[2015/11/04 11:40:27.107] (WARN) Space on disk /dev/sdc1 is low: Only 525 MB available.
[2015/11/04 11:40:27.107] (INFO) Network heartbeat check: All OK.
[2015/11/04 11:40:27.107] (ERROR) Unable to write to "/var/data/ZjjOn56281.txt": Permission denied (EACCES)
[2015/11/04 11:40:27.107] (INFO) Device 0x77fa is online.
[2015/11/04 11:40:27.107] (INFO) Your mother called. She says you never call her.
[2015/11/04 11:40:27.107] (WARN) Watchdog timer crashed. Restarting it.
[2015/11/04 11:40:27.107] (INFO) User "pyi2295" logged out due to inactivity (timeout=30 minutes).
[2015/11/04 11:40:27.107] (INFO) Checkpointing off-heap server memory...
[2015/11/04 11:40:27.107] (INFO) Sending SIGTERM to 2 excess workers.
[2015/11/04 11:40:27.107] (INFO) Backed up all server logs.
[2015/11/04 11:40:27.107] (INFO) Supervisor has entered RESTARTING state.
[2015/11/04 11:40:27.107] (INFO) Waiting for supervisor process (PID 5496) to die.
[2015/11/04 11:40:27.107] (INFO) Checkpointing off-heap server memory...
[2015/11/04 11:40:27.607] (WARN) There is no such thing as a free lunch.
[2015/11/04 11:40:27.607] (ERROR) Blocked Little Bobby Tables attack (https://xkcd.com/327/) from 192.168.207.68.
[2015/11/04 11:40:27.607] (WARN) There is no such thing as a free lunch.
[2015/11/04 11:40:27.607] (ERROR) Alien monitor (aliend): 4 space aliens are fiddling with the hardware!
[2015/11/04 11:40:27.607] (INFO) .evian ylbirret si emehcs otpyrc ym neht ,siht daer nac uoy fI
[2015/11/04 11:40:27.607] (INFO) Supervisor has entered SUSPENDED state.
[2015/11/04 11:40:27.607] (INFO) Checked file systems for errors: All filesystems OK.
[2015/11/04 11:40:27.607] (INFO) Checkpointing off-heap server memory...
[2015/11/04 11:40:27.607] (INFO) Pinging watchdog timer process: Process is alive.
[2015/11/04 11:40:27.607] (INFO) Device 0xfdce is online.
[2015/11/04 11:40:27.607] (INFO) Alien monitor (aliend): Detected no space aliens.
[2015/11/04 11:40:27.607] (INFO) Sending SIGTERM to 4 excess workers.
[2015/11/04 11:40:27.607] (INFO) Checkpointing off-heap server memory...
[2015/11/04 11:40:27.607] (INFO) Supervisor has entered WAITING state.
[2015/11/04 11:40:27.607] (INFO) Your mother called. She says you never call her.
[2015/11/04 11:40:27.607] (WARN) There is no such thing as a free lunch.
[2015/11/04 11:40:27.607] (INFO) Your mother called. She says you never call her.
[2015/11/04 11:40:27.607] (INFO) Network heartbeat check: All OK.
[2015/11/04 11:40:27.607] (INFO) .evian ylbirret si emehcs otpyrc ym neht ,siht daer nac uoy fI
[2015/11/04 11:40:27.607] (INFO) Rolling 7 log file(s)...
[2015/11/04 11:40:27.607] (INFO) User "rtr4052" logged out.
[2015/11/04 11:40:27.607] (INFO) Network heartbeat check: All OK.
[2015/11/04 11:40:27.607] (INFO) Sending SIGTERM to 3 excess workers.
[2015/11/04 11:40:27.607] (INFO) Alien monitor (aliend): Detected no space aliens.
[2015/11/04 11:40:27.607] (INFO) User "wjx9149" logged in from 192.168.130.29.
[2015/11/04 11:40:27.607] (INFO) Flushed 70 buffers to disk.
[2015/11/04 11:40:27.607] (INFO) Alien monitor (aliend): Detected no space aliens.
[2015/11/04 11:40:27.607] (ERROR) One of the flayrods has gone out askew on treadle.
[2015/11/04 11:40:27.607] (INFO) Sending SIGTERM to 2 excess workers.
[2015/11/04 11:40:27.607] (INFO) Backed up all server logs.
[2015/11/04 11:40:27.607] (INFO) Pinging watchdog timer process: Process is alive.
[2015/11/04 11:40:27.607] (INFO) .evian ylbirret si emehcs otpyrc ym neht ,siht daer nac uoy fI
[2015/11/04 11:40:27.607] (INFO) Waiting for master process (PID 5572) to die.
[2015/11/04 11:40:27.607] (INFO) Alien monitor (aliend): Detected no space aliens.
[2015/11/04 11:40:27.607] (INFO) Rolling 7 log file(s)...
[2015/11/04 11:40:27.607] (INFO) Sending SIGTERM to 4 excess workers.
[2015/11/04 11:40:27.607] (INFO) Waiting for worker process (PID 32384) to die.
[2015/11/04 11:40:27.607] (INFO) Checked file systems for errors: All filesystems OK.
[2015/11/04 11:40:27.607] (INFO) Backed up all server logs.
[2015/11/04 11:40:27.607] (INFO) Flushed 80 buffers to disk.
[2015/11/04 11:40:27.607] (INFO) User "oxm4679" logged out due to inactivity (timeout=30 minutes).
[2015/11/04 11:40:27.607] (WARN) Watchdog timer crashed. Restarting it.
[2015/11/04 11:40:27.607] (INFO) Sending SIGTERM to 2 excess workers.
[2015/11/04 11:40:27.607] (INFO) Checkpointing off-heap server memory...
[2015/11/04 11:40:27.607] (INFO) Device 0x6bfe is online.
[2015/11/04 11:40:27.607] (INFO) User "ahx1505" logged out due to inactivity (timeout=30 minutes).
[2015/11/04 11:40:27.607] (INFO) Supervisor has entered SUSPENDED state.
[2015/11/04 11:40:27.607] (INFO) Network heartbeat check: All OK.
[2015/11/04 11:40:27.607] (INFO) Your mother called. She says you never call her.
[2015/11/04 11:40:27.607] (INFO) Supervisor has entered RESTARTING state.
[2015/11/04 11:40:27.607] (INFO) Waiting for supervisor process (PID 45190) to die.
[2015/11/04 11:40:27.607] (INFO) Checkpointing off-heap server memory...
[2015/11/04 11:40:27.607] (INFO) Flushed 52 buffers to disk.
[2015/11/04 11:40:27.607] (WARN) Possible cyber-attack from Russia.
[2015/11/04 11:40:27.607] (INFO) Supervisor has entered RUNNING state.
[2015/11/04 11:40:27.607] (INFO) Supervisor has entered RUNNING state.
[2015/11/04 11:40:27.607] (INFO) Alien monitor (aliend): Detected no space aliens.
[2015/11/04 11:40:27.607] (INFO) Device 0xa0d5 is online.
[2015/11/04 11:40:27.607] (ERROR) Failed to open "/mnt/fileserver01/RPoPU63598.tar.gz": NFS timeout.
[2015/11/04 11:40:27.607] (INFO) User "rey9153" logged out.
[2015/11/04 11:40:27.607] (INFO) .evian ylbirret si emehcs otpyrc ym neht ,siht daer nac uoy fI
[2015/11/04 11:40:27.607] (ERROR) "/var/data/qbNVG97770.tsv": No such file or directory (ENOENT)
[2015/11/04 11:40:27.607] (INFO) User "wxl6036" logged out due to inactivity (timeout=30 minutes).
[2015/11/04 11:40:27.607] (INFO) Rolling 9 log file(s)...
[2015/11/04 11:40:27.607] (INFO) User "vhq1992" logged out due to inactivity (timeout=30 minutes).
[2015/11/04 11:40:27.607] (INFO) Checkpointing off-heap server memory...
[2015/11/04 11:40:27.607] (INFO) Checkpointing off-heap server memory...
[2015/11/04 11:40:27.607] (INFO) Backed up all server logs.
[2015/11/04 11:40:27.607] (INFO) Alien monitor (aliend): Detected no space aliens.
[2015/11/04 11:40:27.607] (ERROR) Connection to 172.16.195.81 terminated unexpectedly. Reconnecting.
[2015/11/04 11:40:27.607] (INFO) Network heartbeat check: All OK.
[2015/11/04 11:40:27.607] (INFO) .evian ylbirret si emehcs otpyrc ym neht ,siht daer nac uoy fI
[2015/11/04 11:40:27.607] (INFO) Your mother called. She says you never call her.
[2015/11/04 11:40:27.607] (INFO) User "gle8638" logged in from 172.16.240.49.
[2015/11/04 11:40:27.607] (WARN) Possible cyber-attack from Nebraska.
[2015/11/04 11:40:27.607] (INFO) Pinging watchdog timer process: Process is alive.
[2015/11/04 11:40:27.607] (INFO) Device 0xd430 is online.
[2015/11/04 11:40:27.607] (INFO) Checked file systems for errors: All filesystems OK.
[2015/11/04 11:40:27.607] (INFO) User "pxq2975" logged in from 172.16.21.43.
[2015/11/04 11:40:27.607] (INFO) Waiting for supervisor process (PID 3281) to die.
[2015/11/04 11:40:27.607] (INFO) Network heartbeat check: All OK.
[2015/11/04 11:40:27.607] (INFO) Checked file systems for errors: All filesystems OK.
[2015/11/04 11:40:27.607] (WARN) CPU temperature exceeds 40º Celsius.
[2015/11/04 11:40:27.607] (WARN) Unable to ping supervisor at 10.74.222.20. Retrying.
[2015/11/04 11:40:27.607] (WARN) There is no such thing as a free lunch.
[2015/11/04 11:40:27.607] (INFO) User "cfx3713" logged out due to inactivity (timeout=30 minutes).
[2015/11/04 11:40:27.607] (INFO) Backed up all server logs.
[2015/11/04 11:40:27.607] (INFO) Backed up all server logs.
[2015/11/04 11:40:27.607] (INFO) Checkpointing off-heap server memory...
[2015/11/04 11:40:27.607] (INFO) Sending SIGTERM to 4 excess workers.
[2015/11/04 11:40:27.607] (INFO) Backed up all server logs.
[2015/11/04 11:40:27.607] (INFO) Backed up all server logs.
[2015/11/04 11:40:27.607] (INFO) Checked file systems for errors: All filesystems OK.
[2015/11/04 11:40:27.607] (INFO) User "rgm4662" logged in from 10.99.118.5.
[2015/11/04 11:40:27.607] (INFO) Backed up all server logs.
[2015/11/04 11:40:27.607] (INFO) Device 0x2cde is online.
[2015/11/04 11:40:27.607] (INFO) Rolling 9 log file(s)...
[2015/11/04 11:40:27.607] (INFO) Supervisor has entered RUNNING state.
[2015/11/04 11:40:27.607] (INFO) Supervisor has entered WAITING state.
[2015/11/04 11:40:27.607] (INFO) Alien monitor (aliend): Detected no space aliens.
[2015/11/04 11:40:28.107] (WARN) Possible cyber-attack from Mars.
[2015/11/04 11:40:28.107] (INFO) User "qdz5785" logged out.
[2015/11/04 11:40:28.107] (INFO) Sending SIGTERM to 2 excess workers.
[2015/11/04 11:40:28.107] (INFO) Backed up all server logs.
[2015/11/04 11:40:28.107] (INFO) Waiting for master process (PID 56640) to die.
[2015/11/04 11:40:28.107] (INFO) Checkpointing off-heap server memory...
[2015/11/04 11:40:28.107] (INFO) Rolling 4 log file(s)...
[2015/11/04 11:40:28.107] (ERROR) Directory index of "/var/data" is forbidden.
[2015/11/04 11:40:28.107] (INFO) Flushed 61 buffers to disk.
[2015/11/04 11:40:28.107] (INFO) Alien monitor (aliend): Detected no space aliens.
[2015/11/04 11:40:28.107] (INFO) Sending SIGTERM to 4 excess workers.
[2015/11/04 11:40:28.107] (INFO) Rolling 7 log file(s)...
[2015/11/04 11:40:28.107] (INFO) Device 0xfb09 is online.
[2015/11/04 11:40:28.107] (ERROR) One of the flayrods has gone out askew on treadle.
[2015/11/04 11:40:28.107] (INFO) Your mother called. She says you never call her.
[2015/11/04 11:40:28.107] (INFO) User "rwf5899" logged in from 192.168.45.9.
[2015/11/04 11:40:28.107] (INFO) Sending SIGTERM to 4 excess workers.
[2015/11/04 11:40:28.107] (INFO) Pinging watchdog timer process: Process is alive.
[2015/11/04 11:40:28.107] (INFO) User "eud5154" logged out.
[2015/11/04 11:40:28.107] (INFO) .evian ylbirret si emehcs otpyrc ym neht ,siht daer nac uoy fI
[2015/11/04 11:40:28.107] (INFO) Flushed 57 buffers to disk.
[2015/11/04 11:40:28.107] (INFO) Checked file systems for errors: All filesystems OK.
[2015/11/04 11:40:28.107] (INFO) Checkpointing off-heap server memory...
[2015/11/04 11:40:28.107] (INFO) Supervisor has entered RUNNING state.
[2015/11/04 11:40:28.107] (WARN) Retrying server log checkpoint.
[2015/11/04 11:40:28.107] (INFO) Device 0x0ab4 is online.
[2015/11/04 11:40:28.107] (INFO) Rolling 6 log file(s)...
[2015/11/04 11:40:28.107] (INFO) User "ywu3820" logged out.
[2015/11/04 11:40:28.107] (INFO) Waiting for supervisor process (PID 58971) to die.
[2015/11/04 11:40:28.107] (INFO) Supervisor has entered SUSPENDED state.
[2015/11/04 11:40:28.107] (ERROR) Detected incoming DDoS from 10.241.246.165.
[2015/11/04 11:40:28.107] (INFO) Checked file systems for errors: All filesystems OK.
[2015/11/04 11:40:28.107] (INFO) Sending SIGTERM to 2 excess workers.
[2015/11/04 11:40:28.107] (INFO) Sending SIGTERM to 4 excess workers.
[2015/11/04 11:40:28.107] (INFO) Waiting for monitor process (PID 35831) to die.
[2015/11/04 11:40:28.107] (INFO) Your mother called. She says you never call her.
[2015/11/04 11:40:28.107] (WARN) Watchdog timer crashed. Restarting it.
[2015/11/04 11:40:28.107] (INFO) Rolling 5 log file(s)...
[2015/11/04 11:40:28.107] (INFO) Rolling 5 log file(s)...
[2015/11/04 11:40:28.107] (INFO) Device 0xf6e5 is online.
[2015/11/04 11:40:28.107] (WARN) Unable to ping monitor at 172.16.78.190. Retrying.
[2015/11/04 11:40:28.107] (INFO) Waiting for monitor process (PID 42717) to die.
[2015/11/04 11:40:28.107] (INFO) Pinging watchdog timer process: Process is alive.
[2015/11/04 11:40:28.107] (INFO) Supervisor has entered RESTARTING state.
[2015/11/04 11:40:28.107] (INFO) Sending SIGTERM to 2 excess workers.
[2015/11/04 11:40:28.107] (INFO) User "mpd7686" logged in from 10.72.134.224.
[2015/11/04 11:40:28.107] (INFO) Sending SIGTERM to 2 excess workers.
[2015/11/04 11:40:28.107] (INFO) Supervisor has entered WAITING state.
[2015/11/04 11:40:28.107] (INFO) Device 0xed16 is online.
[2015/11/04 11:40:28.107] (INFO) Pinging watchdog timer process: Process is alive.
[2015/11/04 11:40:28.107] (INFO) Checkpointing off-heap server memory...
[2015/11/04 11:40:28.107] (WARN) Possible cyber-attack from Mars.
[2015/11/04 11:40:28.107] (INFO) Device 0x5e86 is online.
[2015/11/04 11:40:28.107] (INFO) Pinging watchdog timer process: Process is alive.
[2015/11/04 11:40:28.107] (WARN) Unable to ping worker at 172.16.64.143. Retrying.
[2015/11/04 11:40:28.107] (INFO) User "whs5942" logged out.
[2015/11/04 11:40:28.107] (INFO) User "kzj7027" logged out.
[2015/11/04 11:40:28.107] (WARN) Master took 758 ms to respond (threshold=500 ms)
[2015/11/04 11:40:28.107] (WARN) Space on disk /dev/sdc3 is low: Only 710 MB available.
[2015/11/04 11:40:28.107] (INFO) Device 0x2d60 is online.
[2015/11/04 11:40:28.107] (INFO) User "rjt8254" logged in from 172.16.174.249.
[2015/11/04 11:40:28.107] (INFO) Alien monitor (aliend): Detected no space aliens.
[2015/11/04 11:40:28.107] (INFO) Network heartbeat check: All OK.
[2015/11/04 11:40:28.107] (ERROR) Alien monitor (aliend): 4 space aliens are fiddling with the hardware!
[2015/11/04 11:40:28.107] (INFO) Alien monitor (aliend): Detected no space aliens.
[2015/11/04 11:40:28.107] (INFO) Sending SIGTERM to 2 excess workers.
[2015/11/04 11:40:28.107] (INFO) Checkpointing off-heap server memory...
[2015/11/04 11:40:28.107] (ERROR) User "jic5940" failed to log in 3 times. Disabling account.
[2015/11/04 11:40:28.107] (INFO) Flushed 22 buffers to disk.
[2015/11/04 11:40:28.107] (INFO) Pinging watchdog timer process: Process is alive.
[2015/11/04 11:40:28.107] (INFO) Waiting for master process (PID 23221) to die.
[2015/11/04 11:40:28.107] (WARN) Possible cyber-attack from a small unnamed island.
[2015/11/04 11:40:28.107] (INFO) Sending SIGTERM to 3 excess workers.
[2015/11/04 11:40:28.107] (INFO) Checkpointing off-heap server memory...
[2015/11/04 11:40:28.107] (WARN) Retrying server log checkpoint.
[2015/11/04 11:40:28.107] (INFO) Checked file systems for errors: All filesystems OK.
[2015/11/04 11:40:28.107] (ERROR) Detected clock skew! Restarting NTP server.
[2015/11/04 11:40:28.107] (INFO) Flushed 39 buffers to disk.
[2015/11/04 11:40:28.107] (INFO) User "mgc5435" logged out due to inactivity (timeout=30 minutes).
[2015/11/04 11:40:28.107] (INFO) User "awe9780" logged out due to inactivity (timeout=30 minutes).
[2015/11/04 11:40:28.107] (ERROR) EFOODFAIL (Waiter, there's a fly in my soup).
[2015/11/04 11:40:28.107] (INFO) User "gyk6486" logged in from 172.16.88.169.
[2015/11/04 11:40:28.107] (INFO) User "meq4510" logged in from 172.16.145.16.
[2015/11/04 11:40:28.107] (INFO) Flushed 35 buffers to disk.
[2015/11/04 11:40:28.107] (INFO) User "atw9763" logged out.
[2015/11/04 11:40:28.107] (INFO) Backed up all server logs.
[2015/11/04 11:40:28.107] (ERROR) Alien monitor (aliend): 3 space aliens are fiddling with the hardware!
[2015/11/04 11:40:28.107] (WARN) Unable to ping master at 172.16.171.48. Retrying.
[2015/11/04 11:40:28.107] (INFO) User "pki4648" logged in from 172.16.127.170.
[2015/11/04 11:40:28.107] (INFO) .evian ylbirret si emehcs otpyrc ym neht ,siht daer nac uoy fI
[2015/11/04 11:40:28.107] (ERROR) One of the flayrods has gone out askew on treadle.
[2015/11/04 11:40:28.107] (INFO) Backed up all server logs.
[2015/11/04 11:40:28.107] (INFO) Device 0xc0d1 is online.
[2015/11/04 11:40:28.107] (ERROR) Detected incoming DDoS from 10.82.234.196.
[2015/11/04 11:40:28.107] (INFO) Network heartbeat check: All OK.
[2015/11/04 11:40:28.107] (INFO) User "wvp8850" logged in from 172.16.119.202.
[2015/11/04 11:40:28.107] (INFO) Waiting for monitor process (PID 41563) to die.
[2015/11/04 11:40:28.107] (ERROR) Unable to mount /dev/sdf1. (Time to run fsck?)
[2015/11/04 11:40:28.107] (INFO) Your mother called. She says you never call her.
[2015/11/04 11:40:28.107] (INFO) Alien monitor (aliend): Detected no space aliens.
[2015/11/04 11:40:28.607] (INFO) Backed up all server logs.
[2015/11/04 11:40:28.607] (WARN) Unable to ping worker at 172.16.25.175. Retrying.
[2015/11/04 11:40:28.607] (INFO) Your mother called. She says you never call her.
[2015/11/04 11:40:28.607] (INFO) Your mother called. She says you never call her.
[2015/11/04 11:40:28.607] (INFO) Sending SIGTERM to 4 excess workers.
[2015/11/04 11:40:28.607] (INFO) Alien monitor (aliend): Detected no space aliens.
[2015/11/04 11:40:28.607] (INFO) User "sjb3087" logged in from 192.168.215.141.
[2015/11/04 11:40:28.607] (INFO) User "qfr7657" logged out.
[2015/11/04 11:40:28.607] (ERROR) Unable to authenticate user "jxw2876": LDAP server isn't responding.
[2015/11/04 11:40:28.607] (INFO) .evian ylbirret si emehcs otpyrc ym neht ,siht daer nac uoy fI
[2015/11/04 11:40:28.607] (ERROR) One of the flayrods has gone out askew on treadle.
[2015/11/04 11:40:28.607] (INFO) Alien monitor (aliend): Detected no space aliens.
[2015/11/04 11:40:28.607] (ERROR) Failed to write checkpoint file "/var/checkpoint/pdRUK96119: No space left on device (ENOSPC)
[2015/11/04 11:40:28.607] (INFO) User "rzx5817" logged out.
[2015/11/04 11:40:28.607] (INFO) Flushed 21 buffers to disk.
[2015/11/04 11:40:28.607] (INFO) Waiting for supervisor process (PID 27806) to die.
[2015/11/04 11:40:28.607] (INFO) Backed up all server logs.
[2015/11/04 11:40:28.607] (ERROR) Connection to 172.16.59.90 terminated unexpectedly. Reconnecting.
[2015/11/04 11:40:28.607] (INFO) Backed up all server logs.
[2015/11/04 11:40:28.607] (INFO) Network heartbeat check: All OK.
[2015/11/04 11:40:28.607] (INFO) Device 0x25cf is online.
[2015/11/04 11:40:28.607] (WARN) CPU temperature exceeds 40º Celsius.
[2015/11/04 11:40:28.607] (ERROR) Directory index of "/var/data" is forbidden.
[2015/11/04 11:40:28.607] (INFO) Your mother called. She says you never call her.
[2015/11/04 11:40:28.607] (INFO) Checkpointing off-heap server memory...
[2015/11/04 11:40:28.607] (INFO) Backed up all server logs.
[2015/11/04 11:40:28.607] (INFO) User "srg6614" logged out.
[2015/11/04 11:40:28.607] (INFO) Checkpointing off-heap server memory...
[2015/11/04 11:40:28.607] (INFO) Supervisor has entered RESTARTING state.
[2015/11/04 11:40:28.607] (INFO) Device 0xfb59 is online.
[2015/11/04 11:40:28.607] (INFO) Flushed 34 buffers to disk.
[2015/11/04 11:40:28.607] (INFO) Pinging watchdog timer process: Process is alive.
[2015/11/04 11:40:28.607] (INFO) Alien monitor (aliend): Detected no space aliens.
[2015/11/04 11:40:28.607] (ERROR) Failed to open "/mnt/fileserver02/aGtCV68437.xml": NFS timeout.
[2015/11/04 11:40:28.607] (INFO) User "kzx6720" logged out due to inactivity (timeout=30 minutes).
[2015/11/04 11:40:28.607] (INFO) Waiting for monitor process (PID 47800) to die.
[2015/11/04 11:40:28.607] (INFO) Alien monitor (aliend): Detected no space aliens.
[2015/11/04 11:40:28.607] (INFO) Flushed 28 buffers to disk.
[2015/11/04 11:40:28.607] (ERROR) Device 0x21c3 is offline
[2015/11/04 11:40:28.607] (WARN) Possible cyber-attack from China.
[2015/11/04 11:40:28.607] (INFO) Alien monitor (aliend): Detected no space aliens.
[2015/11/04 11:40:28.607] (INFO) User "qkl3612" logged out due to inactivity (timeout=30 minutes).
[2015/11/04 11:40:28.607] (INFO) .evian ylbirret si emehcs otpyrc ym neht ,siht daer nac uoy fI
[2015/11/04 11:40:28.607] (WARN) Backup server 10.189.247.112 is offline.
[2015/11/04 11:40:28.607] (INFO) Flushed 73 buffers to disk.
[2015/11/04 11:40:28.607] (INFO) Backed up all server logs.
[2015/11/04 11:40:28.607] (INFO) Checked file systems for errors: All filesystems OK.
[2015/11/04 11:40:28.607] (ERROR) Device 0x033a is offline
[2015/11/04 11:40:28.607] (WARN) Possible cyber-attack from The Cayman Islands.
[2015/11/04 11:40:28.607] (ERROR) Unable to write to "/var/data/CyXnS88337.csv": Permission denied (EACCES)
[2015/11/04 11:40:28.607] (INFO) .evian ylbirret si emehcs otpyrc ym neht ,siht daer nac uoy fI
[2015/11/04 11:40:28.607] (INFO) .evian ylbirret si emehcs otpyrc ym neht ,siht daer nac uoy fI
[2015/11/04 11:40:28.607] (INFO) Pinging watchdog timer process: Process is alive.
[2015/11/04 11:40:28.607] (INFO) Supervisor has entered SUSPENDED state.
[2015/11/04 11:40:28.607] (INFO) User "wll6856" logged out due to inactivity (timeout=30 minutes).
[2015/11/04 11:40:28.607] (INFO) Pinging watchdog timer process: Process is alive.
[2015/11/04 11:40:28.607] (INFO) .evian ylbirret si emehcs otpyrc ym neht ,siht daer nac uoy fI
[2015/11/04 11:40:28.607] (WARN) CPU temperature exceeds 40º Celsius.
[2015/11/04 11:40:28.607] (WARN) Dropped 10,686 corrupt data packets.
[2015/11/04 11:40:28.607] (WARN) Backup server 172.16.10.229 is offline.
[2015/11/04 11:40:28.607] (WARN) Backup server 172.16.160.66 is offline.
[2015/11/04 11:40:28.607] (INFO) Rolling 3 log file(s)...
[2015/11/04 11:40:28.607] (INFO) Checkpointing off-heap server memory...
[2015/11/04 11:40:28.607] (INFO) Alien monitor (aliend): Detected no space aliens.
[2015/11/04 11:40:28.607] (INFO) .evian ylbirret si emehcs otpyrc ym neht ,siht daer nac uoy fI
[2015/11/04 11:40:28.607] (INFO) Supervisor has entered RUNNING state.
[2015/11/04 11:40:28.607] (INFO) Rolling 1 log file(s)...
[2015/11/04 11:40:28.607] (INFO) .evian ylbirret si emehcs otpyrc ym neht ,siht daer nac uoy fI
[2015/11/04 11:40:28.607] (INFO) Supervisor has entered SUSPENDED state.
[2015/11/04 11:40:28.607] (INFO) Flushed 21 buffers to disk.
[2015/11/04 11:40:28.607] (INFO) User "sks6165" logged out.
[2015/11/04 11:40:28.607] (INFO) Checked file systems for errors: All filesystems OK.
[2015/11/04 11:40:28.607] (INFO) Sending SIGTERM to 2 excess workers.
[2015/11/04 11:40:28.607] (INFO) Your mother called. She says you never call her.
[2015/11/04 11:40:28.607] (INFO) Your mother called. She says you never call her.
[2015/11/04 11:40:28.607] (INFO) Network heartbeat check: All OK.
[2015/11/04 11:40:28.607] (ERROR) Failed to write checkpoint file "/var/checkpoint/swTDn87702: No space left on device (ENOSPC)
[2015/11/04 11:40:28.607] (INFO) Waiting for master process (PID 15685) to die.
[2015/11/04 11:40:28.607] (INFO) Network heartbeat check: All OK.
[2015/11/04 11:40:28.607] (INFO) Network heartbeat check: All OK.
[2015/11/04 11:40:28.607] (INFO) Checked file systems for errors: All filesystems OK.
[2015/11/04 11:40:28.607] (INFO) Flushed 83 buffers to disk.
[2015/11/04 11:40:28.608] (INFO) Sending SIGTERM to 3 excess workers.
[2015/11/04 11:40:28.608] (INFO) User "uyd3473" logged out.
[2015/11/04 11:40:28.608] (INFO) Your mother called. She says you never call her.
[2015/11/04 11:40:28.608] (INFO) Checkpointing off-heap server memory...
[2015/11/04 11:40:28.608] (INFO) Checked file systems for errors: All filesystems OK.
[2015/11/04 11:40:28.608] (INFO) .evian ylbirret si emehcs otpyrc ym neht ,siht daer nac uoy fI
[2015/11/04 11:40:28.608] (INFO) Supervisor has entered WAITING state.
[2015/11/04 11:40:28.608] (INFO) Checked file systems for errors: All filesystems OK.
[2015/11/04 11:40:28.608] (INFO) Checked file systems for errors: All filesystems OK.
[2015/11/04 11:40:28.608] (INFO) Waiting for worker process (PID 36785) to die.
[2015/11/04 11:40:28.608] (INFO) Alien monitor (aliend): Detected no space aliens.
[2015/11/04 11:40:28.608] (INFO) .evian ylbirret si emehcs otpyrc ym neht ,siht daer nac uoy fI
[2015/11/04 11:40:28.608] (INFO) Your mother called. She says you never call her.
[2015/11/04 11:40:28.608] (ERROR) Blocked FTP traffic originating from 10.107.111.248.
[2015/11/04 11:40:28.608] (INFO) Device 0x9db0 is online.
[2015/11/04 11:40:28.608] (INFO) Rolling 2 log file(s)...
[2015/11/04 11:40:28.608] (INFO) Checked file systems for errors: All filesystems OK.
[2015/11/04 11:40:28.608] (INFO) Rolling 5 log file(s)...
[2015/11/04 11:40:29.107] (INFO) Network heartbeat check: All OK.
[2015/11/04 11:40:29.107] (ERROR) Extra characters at end of line.
[2015/11/04 11:40:29.107] (INFO) User "pbt1605" logged in from 10.7.231.21.
[2015/11/04 11:40:29.107] (INFO) .evian ylbirret si emehcs otpyrc ym neht ,siht daer nac uoy fI
[2015/11/04 11:40:29.107] (ERROR) Alien monitor (aliend): 4 space aliens are fiddling with the hardware!
[2015/11/04 11:40:29.107] (INFO) Flushed 30 buffers to disk.
[2015/11/04 11:40:29.107] (ERROR) Unable to mount /dev/sdf3. (Time to run fsck?)
[2015/11/04 11:40:29.107] (ERROR) Directory index of "/var/data" is forbidden.
[2015/11/04 11:40:29.107] (INFO) Flushed 37 buffers to disk.
[2015/11/04 11:40:29.107] (INFO) Flushed 61 buffers to disk.
[2015/11/04 11:40:29.107] (INFO) Checked file systems for errors: All filesystems OK.
[2015/11/04 11:40:29.107] (INFO) Device 0x391a is online.
[2015/11/04 11:40:29.107] (INFO) Alien monitor (aliend): Detected no space aliens.
[2015/11/04 11:40:29.107] (INFO) Rolling 3 log file(s)...
[2015/11/04 11:40:29.107] (INFO) Alien monitor (aliend): Detected no space aliens.
[2015/11/04 11:40:29.107] (INFO) Pinging watchdog timer process: Process is alive.
[2015/11/04 11:40:29.107] (INFO) Network heartbeat check: All OK.
[2015/11/04 11:40:29.107] (ERROR) Connection to 10.195.143.180 terminated unexpectedly. Reconnecting.
[2015/11/04 11:40:29.107] (INFO) .evian ylbirret si emehcs otpyrc ym neht ,siht daer nac uoy fI
[2015/11/04 11:40:29.107] (INFO) User "efr5729" logged out.
[2015/11/04 11:40:29.107] (INFO) Backed up all server logs.
[2015/11/04 11:40:29.107] (INFO) Your mother called. She says you never call her.
[2015/11/04 11:40:29.107] (INFO) Your mother called. She says you never call her.
[2015/11/04 11:40:29.107] (INFO) Network heartbeat check: All OK.
[2015/11/04 11:40:29.107] (INFO) Rolling 3 log file(s)...
[2015/11/04 11:40:29.107] (INFO) User "nvt1726" logged in from 172.16.102.16.
[2015/11/04 11:40:29.107] (ERROR) Server log backup FAILED. See backup logs.
[2015/11/04 11:40:29.107] (INFO) Alien monitor (aliend): Detected no space aliens.
[2015/11/04 11:40:29.107] (INFO) Checkpointing off-heap server memory...
[2015/11/04 11:40:29.107] (INFO) Your mother called. She says you never call her.
[2015/11/04 11:40:29.107] (INFO) User "mfw3101" logged in from 172.16.169.235.
[2015/11/04 11:40:29.107] (INFO) User "ctc1116" logged out due to inactivity (timeout=30 minutes).
[2015/11/04 11:40:29.107] (INFO) Checkpointing off-heap server memory...
[2015/11/04 11:40:29.107] (INFO) .evian ylbirret si emehcs otpyrc ym neht ,siht daer nac uoy fI
[2015/11/04 11:40:29.107] (INFO) Pinging watchdog timer process: Process is alive.
[2015/11/04 11:40:29.107] (INFO) User "jwi3783" logged out due to inactivity (timeout=30 minutes).
[2015/11/04 11:40:29.107] (INFO) Rolling 3 log file(s)...
[2015/11/04 11:40:29.107] (INFO) Waiting for master process (PID 45987) to die.
[2015/11/04 11:40:29.107] (INFO) Backed up all server logs.
[2015/11/04 11:40:29.107] (ERROR) "/var/data/kGBdX63973.csv": Permission denied (EACCES)
[2015/11/04 11:40:29.107] (WARN) Network heartbeat check: 2 server(s) did not respond.
[2015/11/04 11:40:29.107] (INFO) Flushed 49 buffers to disk.
[2015/11/04 11:40:29.107] (INFO) Checkpointing off-heap server memory...
[2015/11/04 11:40:29.107] (INFO) User "twq1891" logged out due to inactivity (timeout=30 minutes).
[2015/11/04 11:40:29.107] (INFO) Supervisor has entered WAITING state.
[2015/11/04 11:40:29.107] (INFO) Flushed 26 buffers to disk.
[2015/11/04 11:40:29.107] (INFO) Device 0x0ff7 is online.
[2015/11/04 11:40:29.107] (INFO) Checkpointing off-heap server memory...
[2015/11/04 11:40:29.107] (INFO) Supervisor has entered SUSPENDED state.
[2015/11/04 11:40:29.107] (ERROR) Connection to 192.168.116.206 terminated unexpectedly. Reconnecting.
[2015/11/04 11:40:29.107] (INFO) Checkpointing off-heap server memory...
[2015/11/04 11:40:29.107] (ERROR) Network heartbeat check FAILED: Master host down?
[2015/11/04 11:40:29.107] (ERROR) Directory index of "/var/data" is forbidden.
[2015/11/04 11:40:29.107] (INFO) Checkpointing off-heap server memory...
[2015/11/04 11:40:29.107] (ERROR) Failed to open "/mnt/fileserver02/zeYMi65959.xml": NFS timeout.
[2015/11/04 11:40:29.107] (INFO) Alien monitor (aliend): Detected no space aliens.
[2015/11/04 11:40:29.107] (INFO) Backed up all server logs.
[2015/11/04 11:40:29.107] (ERROR) Unable to write to "/var/data/UlyYV93197.xml": Permission denied (EACCES)
[2015/11/04 11:40:29.107] (INFO) Alien monitor (aliend): Detected no space aliens.
[2015/11/04 11:40:29.107] (WARN) CPU temperature exceeds 40º Celsius.
[2015/11/04 11:40:29.107] (WARN) Master took 929 ms to respond (threshold=500 ms)
[2015/11/04 11:40:29.107] (INFO) Alien monitor (aliend): Detected no space aliens.
[2015/11/04 11:40:29.107] (INFO) Backed up all server logs.
[2015/11/04 11:40:29.107] (INFO) Alien monitor (aliend): Detected no space aliens.
[2015/11/04 11:40:29.107] (INFO) Network heartbeat check: All OK.
[2015/11/04 11:40:29.107] (INFO) Your mother called. She says you never call her.
[2015/11/04 11:40:29.107] (INFO) User "cji3650" logged in from 10.222.127.44.
[2015/11/04 11:40:29.107] (INFO) Checked file systems for errors: All filesystems OK.
[2015/11/04 11:40:29.107] (INFO) User "xrr6233" logged in from 10.224.245.203.
[2015/11/04 11:40:29.107] (ERROR) Worker 8 died with SIGABRT. Restarting it.
[2015/11/04 11:40:29.107] (INFO) User "hjx3222" logged out due to inactivity (timeout=30 minutes).
[2015/11/04 11:40:29.107] (INFO) Device 0x61fc is online.
[2015/11/04 11:40:29.107] (INFO) Waiting for monitor process (PID 36626) to die.
[2015/11/04 11:40:29.107] (INFO) Network heartbeat check: All OK.
[2015/11/04 11:40:29.107] (ERROR) Blocked nmap traffic originating from 192.168.9.2.
[2015/11/04 11:40:29.107] (INFO) User "aad5971" logged in from 10.247.196.112.
[2015/11/04 11:40:29.107] (INFO) Rolling 7 log file(s)...
[2015/11/04 11:40:29.107] (INFO) Waiting for master process (PID 4552) to die.
[2015/11/04 11:40:29.107] (INFO) .evian ylbirret si emehcs otpyrc ym neht ,siht daer nac uoy fI
[2015/11/04 11:40:29.107] (INFO) User "dlj5130" logged in from 10.174.0.126.
[2015/11/04 11:40:29.107] (INFO) Your mother called. She says you never call her.
[2015/11/04 11:40:29.107] (INFO) Checkpointing off-heap server memory...
[2015/11/04 11:40:29.107] (INFO) Checkpointing off-heap server memory...
[2015/11/04 11:40:29.107] (INFO) Pinging watchdog timer process: Process is alive.
[2015/11/04 11:40:29.107] (INFO) Checkpointing off-heap server memory...
[2015/11/04 11:40:29.107] (WARN) CPU temperature exceeds 40º Celsius.
[2015/11/04 11:40:29.107] (INFO) Pinging watchdog timer process: Process is alive.
[2015/11/04 11:40:29.107] (INFO) Device 0xbae8 is online.
[2015/11/04 11:40:29.107] (WARN) Retrying server log checkpoint.
[2015/11/04 11:40:29.107] (WARN) Retrying server log checkpoint.
[2015/11/04 11:40:29.107] (INFO) Checkpointing off-heap server memory...
[2015/11/04 11:40:29.107] (INFO) Sending SIGTERM to 2 excess workers.
[2015/11/04 11:40:29.107] (INFO) Pinging watchdog timer process: Process is alive.
[2015/11/04 11:40:29.107] (INFO) Device 0x8d8f is online.
[2015/11/04 11:40:29.107] (WARN) CPU temperature exceeds 40º Celsius.
[2015/11/04 11:40:29.107] (INFO) Flushed 77 buffers to disk.
[2015/11/04 11:40:29.107] (INFO) Sending SIGTERM to 3 excess workers.
[2015/11/04 11:40:29.107] (ERROR) User "jgp4259" failed to log in 3 times. Disabling account.
[2015/11/04 11:40:29.107] (WARN) Ignoring SIGTERM. It's not that easy to get rid of me.
[2015/11/04 11:40:29.107] (INFO) Your mother called. She says you never call her.
[2015/11/04 11:40:29.607] (INFO) Checkpointing off-heap server memory...
[2015/11/04 11:40:29.607] (ERROR) User "lid7933" failed to log in 3 times. Disabling account.
[2015/11/04 11:40:29.607] (INFO) Flushed 99 buffers to disk.
[2015/11/04 11:40:29.607] (INFO) Backed up all server logs.
[2015/11/04 11:40:29.607] (INFO) Alien monitor (aliend): Detected no space aliens.
[2015/11/04 11:40:29.607] (INFO) User "mzb6079" logged in from 10.93.53.196.
[2015/11/04 11:40:29.607] (INFO) Your mother called. She says you never call her.
[2015/11/04 11:40:29.607] (INFO) Flushed 56 buffers to disk.
[2015/11/04 11:40:29.607] (INFO) User "ubb5847" logged out due to inactivity (timeout=30 minutes).
[2015/11/04 11:40:29.607] (INFO) Checkpointing off-heap server memory...
[2015/11/04 11:40:29.607] (ERROR) Connection to 172.16.22.31 terminated unexpectedly. Reconnecting.
[2015/11/04 11:40:29.607] (INFO) Sending SIGTERM to 3 excess workers.
[2015/11/04 11:40:29.607] (INFO) Checkpointing off-heap server memory...
[2015/11/04 11:40:29.607] (INFO) User "ztc1644" logged in from 192.168.70.34.
[2015/11/04 11:40:29.607] (INFO) Network heartbeat check: All OK.
[2015/11/04 11:40:29.607] (ERROR) Failed to write checkpoint file "/var/checkpoint/VyscO65318: No space left on device (ENOSPC)
[2015/11/04 11:40:29.607] (INFO) Pinging watchdog timer process: Process is alive.
[2015/11/04 11:40:29.607] (INFO) Checked file systems for errors: All filesystems OK.
[2015/11/04 11:40:29.607] (INFO) Waiting for master process (PID 28500) to die.
[2015/11/04 11:40:29.607] (INFO) User "xte8226" logged out due to inactivity (timeout=30 minutes).
[2015/11/04 11:40:29.607] (INFO) Flushed 75 buffers to disk.
[2015/11/04 11:40:29.607] (ERROR) Blocked SSH traffic originating from 172.16.234.233.
[2015/11/04 11:40:29.607] (INFO) Alien monitor (aliend): Detected no space aliens.
[2015/11/04 11:40:29.607] (INFO) User "qwo8341" logged out.
[2015/11/04 11:40:29.607] (INFO) .evian ylbirret si emehcs otpyrc ym neht ,siht daer nac uoy fI
[2015/11/04 11:40:29.607] (INFO) Flushed 84 buffers to disk.
[2015/11/04 11:40:29.607] (INFO) User "ruv3973" logged out.
[2015/11/04 11:40:29.607] (INFO) Rolling 8 log file(s)...
[2015/11/04 11:40:29.607] (INFO) Sending SIGTERM to 2 excess workers.
[2015/11/04 11:40:29.607] (WARN) Possible cyber-attack from a small unnamed island.
[2015/11/04 11:40:29.607] (INFO) Checkpointing off-heap server memory...
[2015/11/04 11:40:29.607] (INFO) .evian ylbirret si emehcs otpyrc ym neht ,siht daer nac uoy fI
[2015/11/04 11:40:29.607] (ERROR) Unable to mount /dev/sdc2. (Time to run fsck?)
[2015/11/04 11:40:29.607] (INFO) .evian ylbirret si emehcs otpyrc ym neht ,siht daer nac uoy fI
[2015/11/04 11:40:29.607] (INFO) Network heartbeat check: All OK.
[2015/11/04 11:40:29.607] (ERROR) Extra characters at end of line.
[2015/11/04 11:40:29.607] (INFO) Checkpointing off-heap server memory...
[2015/11/04 11:40:29.607] (INFO) Supervisor has entered RESTARTING state.
[2015/11/04 11:40:29.607] (INFO) Checkpointing off-heap server memory...
[2015/11/04 11:40:29.607] (ERROR) Alien monitor (aliend): 2 space aliens are fiddling with the hardware!
[2015/11/04 11:40:29.607] (INFO) Rolling 2 log file(s)...
[2015/11/04 11:40:29.607] (INFO) .evian ylbirret si emehcs otpyrc ym neht ,siht daer nac uoy fI
[2015/11/04 11:40:29.607] (INFO) Waiting for supervisor process (PID 36295) to die.
[2015/11/04 11:40:29.607] (ERROR) Extra characters at end of line.
[2015/11/04 11:40:29.607] (ERROR) Failed to write checkpoint file "/var/checkpoint/IRpgq69926: No space left on device (ENOSPC)
[2015/11/04 11:40:29.607] (WARN) Network heartbeat check: 3 server(s) did not respond.
[2015/11/04 11:40:29.607] (ERROR) Unable to write to "/var/data/mgQqB52663.xml": Permission denied (EACCES)
[2015/11/04 11:40:29.607] (INFO) Checkpointing off-heap server memory...
[2015/11/04 11:40:29.607] (WARN) Unable to ping monitor at 172.16.179.67. Retrying.
[2015/11/04 11:40:29.607] (INFO) Device 0xef1d is online.
[2015/11/04 11:40:29.607] (WARN) Space on disk /dev/sde4 is low: Only 833 MB available.
[2015/11/04 11:40:29.607] (INFO) Flushed 20 buffers to disk.
[2015/11/04 11:40:29.607] (WARN) CPU temperature exceeds 40º Celsius.
[2015/11/04 11:40:29.607] (INFO) Your mother called. She says you never call her.
[2015/11/04 11:40:29.607] (WARN) Backup server 10.89.36.219 is offline.
[2015/11/04 11:40:29.607] (INFO) Your mother called. She says you never call her.
[2015/11/04 11:40:29.607] (ERROR) Failed to write checkpoint file "/var/checkpoint/LmXEA85112: No space left on device (ENOSPC)
[2015/11/04 11:40:29.607] (INFO) Alien monitor (aliend): Detected no space aliens.
[2015/11/04 11:40:29.607] (INFO) Flushed 81 buffers to disk.
[2015/11/04 11:40:29.607] (INFO) Checked file systems for errors: All filesystems OK.
[2015/11/04 11:40:29.607] (INFO) .evian ylbirret si emehcs otpyrc ym neht ,siht daer nac uoy fI
[2015/11/04 11:40:29.607] (INFO) Supervisor has entered RESTARTING state.
[2015/11/04 11:40:29.607] (INFO) Network heartbeat check: All OK.
[2015/11/04 11:40:29.607] (INFO) Rolling 6 log file(s)...
[2015/11/04 11:40:29.607] (INFO) Network heartbeat check: All OK.
[2015/11/04 11:40:29.607] (INFO) Pinging watchdog timer process: Process is alive.
[2015/11/04 11:40:29.607] (INFO) User "exq9050" logged out.
[2015/11/04 11:40:29.607] (ERROR) Connection to 192.168.246.113 terminated unexpectedly. Reconnecting.
[2015/11/04 11:40:29.607] (INFO) Flushed 76 buffers to disk.
[2015/11/04 11:40:29.607] (INFO) Supervisor has entered RUNNING state.
[2015/11/04 11:40:29.607] (INFO) Flushed 70 buffers to disk.
[2015/11/04 11:40:29.607] (INFO) Network heartbeat check: All OK.
[2015/11/04 11:40:29.607] (INFO) Alien monitor (aliend): Detected no space aliens.
[2015/11/04 11:40:29.607] (INFO) Sending SIGTERM to 3 excess workers.
[2015/11/04 11:40:29.607] (INFO) Waiting for monitor process (PID 17690) to die.
[2015/11/04 11:40:29.607] (INFO) Checkpointing off-heap server memory...
[2015/11/04 11:40:29.607] (INFO) User "hph9921" logged out.
[2015/11/04 11:40:29.607] (INFO) Checked file systems for errors: All filesystems OK.
[2015/11/04 11:40:29.607] (INFO) Supervisor has entered RESTARTING state.
[2015/11/04 11:40:29.607] (INFO) Network heartbeat check: All OK.
[2015/11/04 11:40:29.607] (WARN) Ignoring SIGTERM. It's not that easy to get rid of me.
[2015/11/04 11:40:29.607] (INFO) Pinging watchdog timer process: Process is alive.
[2015/11/04 11:40:29.607] (INFO) Supervisor has entered SUSPENDED state.
[2015/11/04 11:40:29.607] (INFO) Your mother called. She says you never call her.
[2015/11/04 11:40:29.607] (INFO) Waiting for worker process (PID 4003) to die.
[2015/11/04 11:40:29.607] (INFO) Checkpointing off-heap server memory...
[2015/11/04 11:40:29.607] (INFO) User "rfy6509" logged out.
[2015/11/04 11:40:29.607] (WARN) Possible cyber-attack from Canada.
[2015/11/04 11:40:29.607] (INFO) .evian ylbirret si emehcs otpyrc ym neht ,siht daer nac uoy fI
[2015/11/04 11:40:29.607] (INFO) Checkpointing off-heap server memory...
[2015/11/04 11:40:29.607] (INFO) User "dtm4347" logged in from 192.168.43.42.
[2015/11/04 11:40:29.607] (ERROR) Failed to open "/mnt/fileserver01/OvftD70056.csv": NFS timeout.
[2015/11/04 11:40:29.607] (INFO) User "niw9879" logged out.
[2015/11/04 11:40:29.607] (INFO) Your mother called. She says you never call her.
[2015/11/04 11:40:29.607] (INFO) Alien monitor (aliend): Detected no space aliens.
[2015/11/04 11:40:29.607] (INFO) .evian ylbirret si emehcs otpyrc ym neht ,siht daer nac uoy fI
[2015/11/04 11:40:29.607] (INFO) Waiting for supervisor process (PID 14789) to die.
[2015/11/04 11:40:29.607] (WARN) Retrying server log checkpoint.
[2015/11/04 11:40:29.607] (INFO) Network heartbeat check: All OK.
[2015/11/04 11:40:29.607] (INFO) Pinging watchdog timer process: Process is alive.
[2015/11/04 11:40:30.107] (INFO) Waiting for monitor process (PID 48643) to die.
[2015/11/04 11:40:30.107] (INFO) User "olh9457" logged in from 10.163.50.195.
[2015/11/04 11:40:30.107] (INFO) User "csv1263" logged in from 10.98.117.69.
[2015/11/04 11:40:30.107] (INFO) Checkpointing off-heap server memory...
[2015/11/04 11:40:30.107] (INFO) Waiting for master process (PID 12437) to die.
[2015/11/04 11:40:30.107] (INFO) .evian ylbirret si emehcs otpyrc ym neht ,siht daer nac uoy fI
[2015/11/04 11:40:30.107] (INFO) Alien monitor (aliend): Detected no space aliens.
[2015/11/04 11:40:30.107] (INFO) Pinging watchdog timer process: Process is alive.
[2015/11/04 11:40:30.107] (ERROR) "/var/data/nGBDO77136.tar.gz": No such file or directory (ENOENT)
[2015/11/04 11:40:30.107] (INFO) Rolling 7 log file(s)...
[2015/11/04 11:40:30.107] (INFO) User "mqu3121" logged out due to inactivity (timeout=30 minutes).
[2015/11/04 11:40:30.107] (INFO) Checked file systems for errors: All filesystems OK.
[2015/11/04 11:40:30.107] (INFO) Waiting for worker process (PID 49522) to die.
[2015/11/04 11:40:30.107] (INFO) Alien monitor (aliend): Detected no space aliens.
[2015/11/04 11:40:30.107] (INFO) Checkpointing off-heap server memory...
[2015/11/04 11:40:30.107] (INFO) User "scm4258" logged out.
[2015/11/04 11:40:30.107] (INFO) Flushed 24 buffers to disk.
[2015/11/04 11:40:30.107] (INFO) Your mother called. She says you never call her.
[2015/11/04 11:40:30.107] (WARN) Backup server 192.168.154.193 is offline.
[2015/11/04 11:40:30.107] (ERROR) Connection to 172.16.29.18 terminated unexpectedly. Reconnecting.
[2015/11/04 11:40:30.107] (INFO) Waiting for master process (PID 39410) to die.
[2015/11/04 11:40:30.107] (INFO) Backed up all server logs.
[2015/11/04 11:40:30.107] (ERROR) Unable to write to "/var/data/QOjMi87720.txt": Permission denied (EACCES)
[2015/11/04 11:40:30.107] (INFO) Device 0xe42f is online.
[2015/11/04 11:40:30.107] (INFO) Alien monitor (aliend): Detected no space aliens.
[2015/11/04 11:40:30.107] (ERROR) "/var/data/ONDra57977.parquet": Permission denied (EACCES)
[2015/11/04 11:40:30.107] (INFO) Network heartbeat check: All OK.
[2015/11/04 11:40:30.107] (INFO) Network heartbeat check: All OK.
[2015/11/04 11:40:30.107] (INFO) Pinging watchdog timer process: Process is alive.
[2015/11/04 11:40:30.107] (WARN) Dropped 17,264 corrupt data packets.
[2015/11/04 11:40:30.107] (INFO) Flushed 38 buffers to disk.
[2015/11/04 11:40:30.107] (INFO) Network heartbeat check: All OK.
[2015/11/04 11:40:30.107] (ERROR) "/var/data/UQQoH99893.tar.gz": No such file or directory (ENOENT)
[2015/11/04 11:40:30.107] (INFO) Backed up all server logs.
[2015/11/04 11:40:30.107] (INFO) Waiting for master process (PID 22872) to die.
[2015/11/04 11:40:30.107] (INFO) User "vli7529" logged out due to inactivity (timeout=30 minutes).
[2015/11/04 11:40:30.107] (INFO) Checkpointing off-heap server memory...
[2015/11/04 11:40:30.107] (INFO) Checkpointing off-heap server memory...
[2015/11/04 11:40:30.107] (INFO) Alien monitor (aliend): Detected no space aliens.
[2015/11/04 11:40:30.107] (WARN) There is no such thing as a free lunch.
[2015/11/04 11:40:30.107] (INFO) Network heartbeat check: All OK.
[2015/11/04 11:40:30.107] (INFO) .evian ylbirret si emehcs otpyrc ym neht ,siht daer nac uoy fI
[2015/11/04 11:40:30.107] (INFO) Sending SIGTERM to 4 excess workers.
[2015/11/04 11:40:30.107] (INFO) Rolling 1 log file(s)...
[2015/11/04 11:40:30.107] (ERROR) Unable to authenticate user "njc1817": LDAP server isn't responding.
[2015/11/04 11:40:30.107] (INFO) Flushed 28 buffers to disk.
[2015/11/04 11:40:30.107] (INFO) Device 0x9442 is online.
[2015/11/04 11:40:30.107] (WARN) Dropped 2,824 corrupt data packets.
[2015/11/04 11:40:30.107] (ERROR) Detected clock skew! Restarting NTP server.
[2015/11/04 11:40:30.107] (INFO) Alien monitor (aliend): Detected no space aliens.
[2015/11/04 11:40:30.107] (INFO) Waiting for supervisor process (PID 2687) to die.
[2015/11/04 11:40:30.107] (INFO) Your mother called. She says you never call her.
[2015/11/04 11:40:30.107] (INFO) Pinging watchdog timer process: Process is alive.
[2015/11/04 11:40:30.107] (INFO) Waiting for monitor process (PID 64556) to die.
[2015/11/04 11:40:30.107] (INFO) Backed up all server logs.
[2015/11/04 11:40:30.107] (INFO) User "opu5058" logged out due to inactivity (timeout=30 minutes).
[2015/11/04 11:40:30.107] (INFO) Alien monitor (aliend): Detected no space aliens.
[2015/11/04 11:40:30.107] (INFO) Supervisor has entered RUNNING state.
[2015/11/04 11:40:30.107] (ERROR) Unable to mount /dev/sdd3. (Time to run fsck?)
[2015/11/04 11:40:30.107] (INFO) Pinging watchdog timer process: Process is alive.
[2015/11/04 11:40:30.107] (ERROR) Failed to open "/mnt/fileserver02/nYXKn52022.csv": NFS timeout.
[2015/11/04 11:40:30.107] (INFO) Flushed 63 buffers to disk.
[2015/11/04 11:40:30.107] (INFO) Checkpointing off-heap server memory...
[2015/11/04 11:40:30.107] (INFO) Your mother called. She says you never call her.
[2015/11/04 11:40:30.107] (INFO) .evian ylbirret si emehcs otpyrc ym neht ,siht daer nac uoy fI
[2015/11/04 11:40:30.107] (INFO) Checked file systems for errors: All filesystems OK.
[2015/11/04 11:40:30.107] (INFO) Checked file systems for errors: All filesystems OK.
[2015/11/04 11:40:30.107] (ERROR) Device 0x9afe is offline
[2015/11/04 11:40:30.107] (ERROR) Blocked Little Bobby Tables attack (https://xkcd.com/327/) from 10.243.43.200.
[2015/11/04 11:40:30.107] (INFO) Flushed 95 buffers to disk.
[2015/11/04 11:40:30.107] (INFO) User "mqn2671" logged out.
[2015/11/04 11:40:30.107] (INFO) Pinging watchdog timer process: Process is alive.
[2015/11/04 11:40:30.107] (WARN) Unable to ping master at 10.64.213.187. Retrying.
[2015/11/04 11:40:30.107] (INFO) User "mel5539" logged out.
[2015/11/04 11:40:30.107] (ERROR) One of the flayrods has gone out askew on treadle.
[2015/11/04 11:40:30.107] (INFO) Checked file systems for errors: All filesystems OK.
[2015/11/04 11:40:30.107] (INFO) Alien monitor (aliend): Detected no space aliens.
[2015/11/04 11:40:30.107] (INFO) Alien monitor (aliend): Detected no space aliens.
[2015/11/04 11:40:30.107] (INFO) User "uab7505" logged out due to inactivity (timeout=30 minutes).
[2015/11/04 11:40:30.107] (INFO) Your mother called. She says you never call her.
[2015/11/04 11:40:30.107] (INFO) Alien monitor (aliend): Detected no space aliens.
[2015/11/04 11:40:30.107] (INFO) .evian ylbirret si emehcs otpyrc ym neht ,siht daer nac uoy fI
[2015/11/04 11:40:30.107] (INFO) User "dpw6669" logged in from 172.16.31.109.
[2015/11/04 11:40:30.107] (INFO) Flushed 25 buffers to disk.
[2015/11/04 11:40:30.107] (INFO) Rolling 8 log file(s)...
[2015/11/04 11:40:30.107] (ERROR) Worker 2 died with SIGSTOP. Restarting it.
[2015/11/04 11:40:30.107] (INFO) Backed up all server logs.
[2015/11/04 11:40:30.107] (INFO) User "kwi4573" logged out due to inactivity (timeout=30 minutes).
[2015/11/04 11:40:30.107] (INFO) Checked file systems for errors: All filesystems OK.
[2015/11/04 11:40:30.107] (INFO) User "psx7847" logged out due to inactivity (timeout=30 minutes).
[2015/11/04 11:40:30.107] (INFO) User "oqp9902" logged out.
[2015/11/04 11:40:30.107] (INFO) Your mother called. She says you never call her.
[2015/11/04 11:40:30.107] (INFO) Rolling 1 log file(s)...
[2015/11/04 11:40:30.107] (INFO) Checkpointing off-heap server memory...
[2015/11/04 11:40:30.107] (INFO) User "umk5378" logged out.
[2015/11/04 11:40:30.107] (WARN) Unable to ping master at 10.75.0.37. Retrying.
[2015/11/04 11:40:30.107] (ERROR) Unable to mount /dev/sde4. (Time to run fsck?)
[2015/11/04 11:40:30.107] (INFO) Waiting for worker process (PID 53232) to die.
[2015/11/04 11:40:30.107] (ERROR) CPU temperature exceeds 50º Celsius. Shutting down.
[2015/11/04 11:40:30.107] (ERROR) Connection to 172.16.32.233 terminated unexpectedly. Reconnecting.
[2015/11/04 11:40:30.607] (WARN) Space on disk /dev/sde3 is low: Only 129 MB available.
[2015/11/04 11:40:30.607] (INFO) Alien monitor (aliend): Detected no space aliens.
[2015/11/04 11:40:30.607] (INFO) Checked file systems for errors: All filesystems OK.
[2015/11/04 11:40:30.607] (INFO) Flushed 94 buffers to disk.
[2015/11/04 11:40:30.607] (INFO) Checked file systems for errors: All filesystems OK.
[2015/11/04 11:40:30.607] (ERROR) Blocked BitTorrent traffic originating from 10.121.185.81.
[2015/11/04 11:40:30.607] (INFO) Your mother called. She says you never call her.
[2015/11/04 11:40:30.607] (INFO) Sending SIGTERM to 4 excess workers.
[2015/11/04 11:40:30.607] (WARN) Ignoring SIGTERM. It's not that easy to get rid of me.
[2015/11/04 11:40:30.607] (WARN) Ignoring SIGTERM. It's not that easy to get rid of me.
[2015/11/04 11:40:30.607] (INFO) Sending SIGTERM to 4 excess workers.
[2015/11/04 11:40:30.607] (INFO) Pinging watchdog timer process: Process is alive.
[2015/11/04 11:40:30.607] (INFO) Checkpointing off-heap server memory...
[2015/11/04 11:40:30.607] (INFO) User "eyn4726" logged out due to inactivity (timeout=30 minutes).
[2015/11/04 11:40:30.607] (WARN) Network heartbeat check: 10 server(s) did not respond.
[2015/11/04 11:40:30.607] (ERROR) Worker 2 died with SIGURG. Restarting it.
[2015/11/04 11:40:30.607] (WARN) Possible cyber-attack from Nebraska.
[2015/11/04 11:40:30.607] (INFO) Alien monitor (aliend): Detected no space aliens.
[2015/11/04 11:40:30.607] (INFO) Checkpointing off-heap server memory...
[2015/11/04 11:40:30.607] (INFO) User "dfa8132" logged out.
[2015/11/04 11:40:30.607] (INFO) Pinging watchdog timer process: Process is alive.
[2015/11/04 11:40:30.607] (INFO) Checkpointing off-heap server memory...
[2015/11/04 11:40:30.607] (INFO) User "icp7065" logged out due to inactivity (timeout=30 minutes).
[2015/11/04 11:40:30.607] (INFO) Supervisor has entered SUSPENDED state.
[2015/11/04 11:40:30.607] (INFO) Checked file systems for errors: All filesystems OK.
[2015/11/04 11:40:30.607] (INFO) User "fmz3278" logged out due to inactivity (timeout=30 minutes).
[2015/11/04 11:40:30.607] (INFO) User "nuy8892" logged in from 172.16.193.218.
[2015/11/04 11:40:30.607] (INFO) User "gsg2605" logged out.
[2015/11/04 11:40:30.607] (INFO) Network heartbeat check: All OK.
[2015/11/04 11:40:30.607] (INFO) Sending SIGTERM to 2 excess workers.
[2015/11/04 11:40:30.607] (INFO) Rolling 5 log file(s)...
[2015/11/04 11:40:30.607] (INFO) Supervisor has entered RUNNING state.
[2015/11/04 11:40:30.607] (INFO) User "gsh5377" logged out due to inactivity (timeout=30 minutes).
[2015/11/04 11:40:30.607] (WARN) Space on disk /dev/sdb2 is low: Only 197 MB available.
[2015/11/04 11:40:30.607] (INFO) User "omi1436" logged in from 172.16.209.177.
[2015/11/04 11:40:30.607] (INFO) Pinging watchdog timer process: Process is alive.
[2015/11/04 11:40:30.607] (INFO) Your mother called. She says you never call her.
[2015/11/04 11:40:30.607] (INFO) Device 0xe16f is online.
[2015/11/04 11:40:30.607] (INFO) Sending SIGTERM to 3 excess workers.
[2015/11/04 11:40:30.607] (INFO) Sending SIGTERM to 2 excess workers.
[2015/11/04 11:40:30.607] (INFO) Alien monitor (aliend): Detected no space aliens.
[2015/11/04 11:40:30.607] (INFO) .evian ylbirret si emehcs otpyrc ym neht ,siht daer nac uoy fI
[2015/11/04 11:40:30.607] (INFO) Supervisor has entered RUNNING state.
[2015/11/04 11:40:30.607] (INFO) User "ocy1050" logged out due to inactivity (timeout=30 minutes).
[2015/11/04 11:40:30.607] (INFO) Device 0x1d79 is online.
[2015/11/04 11:40:30.607] (ERROR) Failed to open "/mnt/fileserver02/eOTAh61036.xml": NFS timeout.
[2015/11/04 11:40:30.607] (WARN) Possible cyber-attack from Antarctica.
[2015/11/04 11:40:30.607] (WARN) Unable to ping master at 192.168.217.186. Retrying.
[2015/11/04 11:40:30.607] (INFO) .evian ylbirret si emehcs otpyrc ym neht ,siht daer nac uoy fI
[2015/11/04 11:40:30.607] (WARN) Master took 647 ms to respond (threshold=500 ms)
[2015/11/04 11:40:30.607] (INFO) Your mother called. She says you never call her.
[2015/11/04 11:40:30.607] (INFO) Backed up all server logs.
[2015/11/04 11:40:30.607] (WARN) Space on disk /dev/sde4 is low: Only 725 MB available.
[2015/11/04 11:40:30.607] (INFO) Supervisor has entered RESTARTING state.
[2015/11/04 11:40:30.607] (WARN) There is no such thing as a free lunch.
[2015/11/04 11:40:30.607] (INFO) Device 0xe633 is online.
[2015/11/04 11:40:30.607] (INFO) Alien monitor (aliend): Detected no space aliens.
[2015/11/04 11:40:30.607] (INFO) Supervisor has entered SUSPENDED state.
[2015/11/04 11:40:30.607] (INFO) Supervisor has entered RUNNING state.
[2015/11/04 11:40:30.607] (INFO) Backed up all server logs.
[2015/11/04 11:40:30.607] (INFO) User "fgf6777" logged out due to inactivity (timeout=30 minutes).
[2015/11/04 11:40:30.607] (INFO) Flushed 34 buffers to disk.
[2015/11/04 11:40:30.607] (INFO) .evian ylbirret si emehcs otpyrc ym neht ,siht daer nac uoy fI
[2015/11/04 11:40:30.607] (ERROR) Failed to write checkpoint file "/var/checkpoint/ABeNi88085: No space left on device (ENOSPC)
[2015/11/04 11:40:30.607] (WARN) There is no such thing as a free lunch.
[2015/11/04 11:40:30.607] (INFO) User "khp7077" logged out due to inactivity (timeout=30 minutes).
[2015/11/04 11:40:30.607] (INFO) Sending SIGTERM to 4 excess workers.
[2015/11/04 11:40:30.607] (INFO) Sending SIGTERM to 3 excess workers.
[2015/11/04 11:40:30.607] (INFO) Flushed 75 buffers to disk.
[2015/11/04 11:40:30.607] (INFO) Sending SIGTERM to 2 excess workers.
[2015/11/04 11:40:30.607] (INFO) Alien monitor (aliend): Detected no space aliens.
[2015/11/04 11:40:30.607] (INFO) User "oiu1726" logged in from 192.168.94.229.
[2015/11/04 11:40:30.607] (INFO) Network heartbeat check: All OK.
[2015/11/04 11:40:30.607] (INFO) Waiting for worker process (PID 52821) to die.
[2015/11/04 11:40:30.607] (INFO) Checkpointing off-heap server memory...
[2015/11/04 11:40:30.607] (INFO) User "gas3862" logged out due to inactivity (timeout=30 minutes).
[2015/11/04 11:40:30.607] (WARN) Unable to ping monitor at 10.246.201.55. Retrying.
[2015/11/04 11:40:30.607] (INFO) .evian ylbirret si emehcs otpyrc ym neht ,siht daer nac uoy fI
[2015/11/04 11:40:30.607] (INFO) Backed up all server logs.
[2015/11/04 11:40:30.607] (INFO) Sending SIGTERM to 2 excess workers.
[2015/11/04 11:40:30.607] (ERROR) One of the flayrods has gone out askew on treadle.
[2015/11/04 11:40:30.607] (INFO) Alien monitor (aliend): Detected no space aliens.
[2015/11/04 11:40:30.607] (INFO) Waiting for supervisor process (PID 2674) to die.
[2015/11/04 11:40:30.607] (INFO) Your mother called. She says you never call her.
[2015/11/04 11:40:30.607] (INFO) Device 0x4042 is online.
[2015/11/04 11:40:30.607] (INFO) Network heartbeat check: All OK.
[2015/11/04 11:40:30.607] (INFO) Checked file systems for errors: All filesystems OK.
[2015/11/04 11:40:30.607] (ERROR) Blocked nmap traffic originating from 172.16.164.50.
[2015/11/04 11:40:30.607] (WARN) Possible cyber-attack from Alpha Centauri.
[2015/11/04 11:40:30.607] (INFO) Network heartbeat check: All OK.
[2015/11/04 11:40:30.607] (ERROR) Alien monitor (aliend): 2 space aliens are fiddling with the hardware!
[2015/11/04 11:40:30.607] (INFO) Checkpointing off-heap server memory...
[2015/11/04 11:40:30.607] (WARN) Backup server 10.190.218.241 is offline.
[2015/11/04 11:40:30.607] (WARN) Retrying server log checkpoint.
[2015/11/04 11:40:30.607] (INFO) User "mdh7349" logged in from 10.45.17.249.
[2015/11/04 11:40:30.607] (INFO) User "jxr3199" logged in from 172.16.97.94.
[2015/11/04 11:40:30.607] (ERROR) Device 0x96b8 is offline
[2015/11/04 11:40:30.607] (INFO) User "qxa1801" logged out.
[2015/11/04 11:40:30.607] (INFO) Checkpointing off-heap server memory...
[2015/11/04 11:40:30.607] (INFO) Flushed 66 buffers to disk.
[2015/11/04 11:40:31.107] (INFO) Alien monitor (aliend): Detected no space aliens.
[2015/11/04 11:40:31.107] (INFO) .evian ylbirret si emehcs otpyrc ym neht ,siht daer nac uoy fI
[2015/11/04 11:40:31.107] (INFO) Sending SIGTERM to 4 excess workers.
[2015/11/04 11:40:31.107] (INFO) Sending SIGTERM to 4 excess workers.
[2015/11/04 11:40:31.107] (INFO) Rolling 7 log file(s)...
[2015/11/04 11:40:31.107] (INFO) User "ooi4028" logged out due to inactivity (timeout=30 minutes).
[2015/11/04 11:40:31.107] (INFO) .evian ylbirret si emehcs otpyrc ym neht ,siht daer nac uoy fI
[2015/11/04 11:40:31.107] (INFO) Pinging watchdog timer process: Process is alive.
[2015/11/04 11:40:31.107] (INFO) Your mother called. She says you never call her.
[2015/11/04 11:40:31.107] (INFO) User "qkv1228" logged out due to inactivity (timeout=30 minutes).
[2015/11/04 11:40:31.107] (INFO) Rolling 7 log file(s)...
[2015/11/04 11:40:31.107] (WARN) Backup server 10.131.46.34 is offline.
[2015/11/04 11:40:31.107] (WARN) Network heartbeat check: 12 server(s) did not respond.
[2015/11/04 11:40:31.107] (WARN) Retrying server log checkpoint.
[2015/11/04 11:40:31.107] (INFO) Backed up all server logs.
[2015/11/04 11:40:31.107] (INFO) Your mother called. She says you never call her.
[2015/11/04 11:40:31.107] (INFO) Waiting for monitor process (PID 19802) to die.
[2015/11/04 11:40:31.107] (INFO) User "wkn5931" logged in from 192.168.33.150.
[2015/11/04 11:40:31.107] (INFO) Supervisor has entered WAITING state.
[2015/11/04 11:40:31.107] (INFO) Checkpointing off-heap server memory...
[2015/11/04 11:40:31.107] (INFO) Sending SIGTERM to 3 excess workers.
[2015/11/04 11:40:31.107] (INFO) Rolling 2 log file(s)...
[2015/11/04 11:40:31.107] (WARN) There is no such thing as a free lunch.
[2015/11/04 11:40:31.107] (INFO) Device 0x3ef6 is online.
[2015/11/04 11:40:31.107] (INFO) Waiting for supervisor process (PID 63844) to die.
[2015/11/04 11:40:31.107] (ERROR) Failed to write checkpoint file "/var/checkpoint/IoEgn62441: No space left on device (ENOSPC)
[2015/11/04 11:40:31.107] (INFO) Backed up all server logs.
[2015/11/04 11:40:31.107] (WARN) Possible cyber-attack from Canada.
[2015/11/04 11:40:31.107] (INFO) Your mother called. She says you never call her.
[2015/11/04 11:40:31.107] (INFO) Network heartbeat check: All OK.
[2015/11/04 11:40:31.107] (INFO) Pinging watchdog timer process: Process is alive.
[2015/11/04 11:40:31.107] (INFO) Waiting for supervisor process (PID 40585) to die.
[2015/11/04 11:40:31.107] (INFO) User "hyd9966" logged out due to inactivity (timeout=30 minutes).
[2015/11/04 11:40:31.107] (INFO) Checkpointing off-heap server memory...
[2015/11/04 11:40:31.107] (INFO) Network heartbeat check: All OK.
[2015/11/04 11:40:31.107] (INFO) User "vgp1663" logged out.
[2015/11/04 11:40:31.107] (INFO) Checked file systems for errors: All filesystems OK.
[2015/11/04 11:40:31.107] (INFO) Pinging watchdog timer process: Process is alive.
[2015/11/04 11:40:31.107] (INFO) Network heartbeat check: All OK.
[2015/11/04 11:40:31.107] (INFO) Checkpointing off-heap server memory...
[2015/11/04 11:40:31.107] (WARN) Network heartbeat check: 18 server(s) did not respond.
[2015/11/04 11:40:31.107] (INFO) Flushed 48 buffers to disk.
[2015/11/04 11:40:31.107] (INFO) Alien monitor (aliend): Detected no space aliens.
[2015/11/04 11:40:31.107] (INFO) Rolling 3 log file(s)...
[2015/11/04 11:40:31.107] (ERROR) Unable to authenticate user "gai3365": LDAP server isn't responding.
[2015/11/04 11:40:31.107] (INFO) Checked file systems for errors: All filesystems OK.
[2015/11/04 11:40:31.107] (INFO) Network heartbeat check: All OK.
[2015/11/04 11:40:31.107] (INFO) Checked file systems for errors: All filesystems OK.
[2015/11/04 11:40:31.107] (INFO) Supervisor has entered SUSPENDED state.
[2015/11/04 11:40:31.107] (INFO) Checkpointing off-heap server memory...
[2015/11/04 11:40:31.107] (INFO) Waiting for worker process (PID 55836) to die.
[2015/11/04 11:40:31.107] (INFO) Alien monitor (aliend): Detected no space aliens.
[2015/11/04 11:40:31.107] (INFO) Checkpointing off-heap server memory...
[2015/11/04 11:40:31.107] (INFO) Pinging watchdog timer process: Process is alive.
[2015/11/04 11:40:31.107] (WARN) Network heartbeat check: 3 server(s) did not respond.
[2015/11/04 11:40:31.107] (INFO) .evian ylbirret si emehcs otpyrc ym neht ,siht daer nac uoy fI
[2015/11/04 11:40:31.107] (INFO) .evian ylbirret si emehcs otpyrc ym neht ,siht daer nac uoy fI
[2015/11/04 11:40:31.107] (INFO) Network heartbeat check: All OK.
[2015/11/04 11:40:31.107] (INFO) Device 0x5acf is online.
[2015/11/04 11:40:31.107] (INFO) Sending SIGTERM to 3 excess workers.
[2015/11/04 11:40:31.107] (INFO) Your mother called. She says you never call her.
[2015/11/04 11:40:31.107] (INFO) User "eci7914" logged out.
[2015/11/04 11:40:31.107] (INFO) Rolling 7 log file(s)...
[2015/11/04 11:40:31.107] (INFO) .evian ylbirret si emehcs otpyrc ym neht ,siht daer nac uoy fI
[2015/11/04 11:40:31.107] (ERROR) User "arb6987" failed to log in 3 times. Disabling account.
[2015/11/04 11:40:31.107] (INFO) Network heartbeat check: All OK.
[2015/11/04 11:40:31.107] (INFO) User "zue5015" logged out due to inactivity (timeout=30 minutes).
[2015/11/04 11:40:31.107] (INFO) Checkpointing off-heap server memory...
[2015/11/04 11:40:31.107] (INFO) Checkpointing off-heap server memory...
[2015/11/04 11:40:31.107] (ERROR) Directory index of "/var/data" is forbidden.
[2015/11/04 11:40:31.107] (INFO) Sending SIGTERM to 4 excess workers.
[2015/11/04 11:40:31.107] (INFO) Supervisor has entered SUSPENDED state.
[2015/11/04 11:40:31.107] (INFO) Checked file systems for errors: All filesystems OK.
[2015/11/04 11:40:31.107] (ERROR) Server log backup FAILED. See backup logs.
[2015/11/04 11:40:31.107] (INFO) Network heartbeat check: All OK.
[2015/11/04 11:40:31.107] (ERROR) Alien monitor (aliend): 4 space aliens are fiddling with the hardware!
[2015/11/04 11:40:31.107] (INFO) Supervisor has entered RUNNING state.
[2015/11/04 11:40:31.107] (INFO) User "bwz5495" logged out due to inactivity (timeout=30 minutes).
[2015/11/04 11:40:31.107] (INFO) Your mother called. She says you never call her.
[2015/11/04 11:40:31.107] (INFO) Your mother called. She says you never call her.
[2015/11/04 11:40:31.107] (INFO) Checkpointing off-heap server memory...
[2015/11/04 11:40:31.108] (INFO) User "urb5006" logged in from 192.168.211.116.
[2015/11/04 11:40:31.108] (INFO) Backed up all server logs.
[2015/11/04 11:40:31.108] (INFO) User "jgp7298" logged out due to inactivity (timeout=30 minutes).
[2015/11/04 11:40:31.108] (INFO) Device 0x12e8 is online.
[2015/11/04 11:40:31.108] (INFO) Network heartbeat check: All OK.
[2015/11/04 11:40:31.108] (INFO) Waiting for monitor process (PID 58647) to die.
[2015/11/04 11:40:31.108] (INFO) User "glw7630" logged out due to inactivity (timeout=30 minutes).
[2015/11/04 11:40:31.108] (INFO) Alien monitor (aliend): Detected no space aliens.
[2015/11/04 11:40:31.108] (INFO) Rolling 2 log file(s)...
[2015/11/04 11:40:31.108] (INFO) User "yiw1509" logged out due to inactivity (timeout=30 minutes).
[2015/11/04 11:40:31.108] (INFO) Rolling 8 log file(s)...
[2015/11/04 11:40:31.108] (INFO) User "ock6345" logged out due to inactivity (timeout=30 minutes).
[2015/11/04 11:40:31.108] (INFO) Sending SIGTERM to 4 excess workers.
[2015/11/04 11:40:31.108] (INFO) User "tgf6392" logged out.
[2015/11/04 11:40:31.108] (INFO) User "nlj8177" logged in from 172.16.103.4.
[2015/11/04 11:40:31.108] (INFO) Waiting for monitor process (PID 18996) to die.
[2015/11/04 11:40:31.108] (INFO) User "sls8454" logged out.
[2015/11/04 11:40:31.108] (ERROR) Worker 1 died with SIGFPE. Restarting it.
[2015/11/04 11:40:31.108] (INFO) Alien monitor (aliend): Detected no space aliens.
[2015/11/04 11:40:31.607] (INFO) Your mother called. She says you never call her.
[2015/11/04 11:40:31.607] (INFO) .evian ylbirret si emehcs otpyrc ym neht ,siht daer nac uoy fI
[2015/11/04 11:40:31.607] (INFO) Rolling 2 log file(s)...
[2015/11/04 11:40:31.607] (INFO) User "jlv3302" logged out.
[2015/11/04 11:40:31.607] (INFO) .evian ylbirret si emehcs otpyrc ym neht ,siht daer nac uoy fI
[2015/11/04 11:40:31.607] (INFO) .evian ylbirret si emehcs otpyrc ym neht ,siht daer nac uoy fI
[2015/11/04 11:40:31.607] (INFO) User "wus4210" logged in from 172.16.194.156.
[2015/11/04 11:40:31.607] (ERROR) "/var/data/SIUec75943.xml": Permission denied (EACCES)
[2015/11/04 11:40:31.607] (WARN) Space on disk /dev/sdd1 is low: Only 361 MB available.
[2015/11/04 11:40:31.607] (INFO) Your mother called. She says you never call her.
[2015/11/04 11:40:31.607] (INFO) Device 0xe794 is online.
[2015/11/04 11:40:31.607] (INFO) User "wsk3139" logged out.
[2015/11/04 11:40:31.607] (INFO) Rolling 8 log file(s)...
[2015/11/04 11:40:31.607] (INFO) Checkpointing off-heap server memory...
[2015/11/04 11:40:31.607] (INFO) Your mother called. She says you never call her.
[2015/11/04 11:40:31.607] (INFO) Device 0x9c5b is online.
[2015/11/04 11:40:31.607] (WARN) Ignoring SIGTERM. It's not that easy to get rid of me.
[2015/11/04 11:40:31.607] (WARN) Network heartbeat check: 12 server(s) did not respond.
[2015/11/04 11:40:31.607] (INFO) Backed up all server logs.
[2015/11/04 11:40:31.607] (INFO) Your mother called. She says you never call her.
[2015/11/04 11:40:31.607] (INFO) Device 0x570a is online.
[2015/11/04 11:40:31.607] (INFO) .evian ylbirret si emehcs otpyrc ym neht ,siht daer nac uoy fI
[2015/11/04 11:40:31.607] (INFO) Waiting for monitor process (PID 10809) to die.
[2015/11/04 11:40:31.607] (INFO) .evian ylbirret si emehcs otpyrc ym neht ,siht daer nac uoy fI
[2015/11/04 11:40:31.607] (WARN) Unable to ping master at 10.183.185.63. Retrying.
[2015/11/04 11:40:31.607] (INFO) Your mother called. She says you never call her.
[2015/11/04 11:40:31.607] (INFO) Device 0xa7ba is online.
[2015/11/04 11:40:31.607] (ERROR) Blocked BitTorrent traffic originating from 192.168.247.58.
[2015/11/04 11:40:31.607] (ERROR) Detected clock skew! Restarting NTP server.
[2015/11/04 11:40:31.607] (INFO) Device 0xa571 is online.
[2015/11/04 11:40:31.607] (INFO) Pinging watchdog timer process: Process is alive.
[2015/11/04 11:40:31.607] (INFO) Network heartbeat check: All OK.
[2015/11/04 11:40:31.607] (INFO) Network heartbeat check: All OK.
[2015/11/04 11:40:31.607] (ERROR) Unable to mount /dev/sdf1. (Time to run fsck?)
[2015/11/04 11:40:31.607] (INFO) Checkpointing off-heap server memory...
[2015/11/04 11:40:31.607] (INFO) Backed up all server logs.
[2015/11/04 11:40:31.607] (ERROR) CPU temperature exceeds 50º Celsius. Shutting down.
[2015/11/04 11:40:31.607] (INFO) Backed up all server logs.
[2015/11/04 11:40:31.607] (INFO) Network heartbeat check: All OK.
[2015/11/04 11:40:31.607] (INFO) Device 0x6b36 is online.
[2015/11/04 11:40:31.607] (INFO) User "iey4047" logged out.
[2015/11/04 11:40:31.607] (INFO) Network heartbeat check: All OK.
[2015/11/04 11:40:31.607] (WARN) Ignoring SIGTERM. It's not that easy to get rid of me.
[2015/11/04 11:40:31.607] (INFO) Flushed 81 buffers to disk.
[2015/11/04 11:40:31.607] (INFO) Alien monitor (aliend): Detected no space aliens.
[2015/11/04 11:40:31.607] (INFO) User "jzb4498" logged in from 192.168.249.236.
[2015/11/04 11:40:31.607] (INFO) Waiting for master process (PID 10392) to die.
[2015/11/04 11:40:31.607] (INFO) Checkpointing off-heap server memory...
[2015/11/04 11:40:31.607] (INFO) User "skl1939" logged out.
[2015/11/04 11:40:31.607] (INFO) User "ohi3808" logged in from 10.106.231.2.
[2015/11/04 11:40:31.607] (ERROR) Unable to authenticate user "gyg2402": LDAP server isn't responding.
[2015/11/04 11:40:31.607] (INFO) Network heartbeat check: All OK.
[2015/11/04 11:40:31.607] (INFO) Your mother called. She says you never call her.
[2015/11/04 11:40:31.607] (INFO) Checked file systems for errors: All filesystems OK.
[2015/11/04 11:40:31.607] (INFO) User "rgl3901" logged out due to inactivity (timeout=30 minutes).
[2015/11/04 11:40:31.607] (INFO) Device 0x9c65 is online.
[2015/11/04 11:40:31.607] (INFO) .evian ylbirret si emehcs otpyrc ym neht ,siht daer nac uoy fI
[2015/11/04 11:40:31.607] (INFO) Your mother called. She says you never call her.
[2015/11/04 11:40:31.607] (INFO) Pinging watchdog timer process: Process is alive.
[2015/11/04 11:40:31.607] (WARN) There is no such thing as a free lunch.
[2015/11/04 11:40:31.607] (INFO) User "iog5710" logged out.
[2015/11/04 11:40:31.607] (INFO) Rolling 1 log file(s)...
[2015/11/04 11:40:31.607] (WARN) Retrying server log checkpoint.
[2015/11/04 11:40:31.607] (INFO) Alien monitor (aliend): Detected no space aliens.
[2015/11/04 11:40:31.607] (ERROR) "/var/data/UYrry83792.tar.gz": No such file or directory (ENOENT)
[2015/11/04 11:40:31.607] (INFO) Checked file systems for errors: All filesystems OK.
[2015/11/04 11:40:31.607] (WARN) Unable to ping worker at 10.93.101.33. Retrying.
[2015/11/04 11:40:31.607] (INFO) Alien monitor (aliend): Detected no space aliens.
[2015/11/04 11:40:31.607] (INFO) User "emz2270" logged out.
[2015/11/04 11:40:31.607] (INFO) User "kcn2196" logged in from 192.168.24.128.
[2015/11/04 11:40:31.607] (INFO) Device 0xa299 is online.
[2015/11/04 11:40:31.607] (INFO) Alien monitor (aliend): Detected no space aliens.
[2015/11/04 11:40:31.607] (INFO) Flushed 22 buffers to disk.
[2015/11/04 11:40:31.607] (INFO) Your mother called. She says you never call her.
[2015/11/04 11:40:31.607] (INFO) Flushed 52 buffers to disk.
[2015/11/04 11:40:31.607] (INFO) Checkpointing off-heap server memory...
[2015/11/04 11:40:31.607] (INFO) Backed up all server logs.
[2015/11/04 11:40:31.607] (ERROR) CPU temperature exceeds 50º Celsius. Shutting down.
[2015/11/04 11:40:31.607] (INFO) Alien monitor (aliend): Detected no space aliens.
[2015/11/04 11:40:31.607] (INFO) Backed up all server logs.
[2015/11/04 11:40:31.607] (INFO) User "niy1958" logged in from 10.193.251.157.
[2015/11/04 11:40:31.607] (INFO) Network heartbeat check: All OK.
[2015/11/04 11:40:31.607] (INFO) Rolling 8 log file(s)...
[2015/11/04 11:40:31.607] (INFO) Supervisor has entered RESTARTING state.
[2015/11/04 11:40:31.607] (INFO) Alien monitor (aliend): Detected no space aliens.
[2015/11/04 11:40:31.607] (ERROR) "/var/data/eYCHS68688.xslx": Permission denied (EACCES)
[2015/11/04 11:40:31.607] (INFO) Sending SIGTERM to 2 excess workers.
[2015/11/04 11:40:31.607] (ERROR) EFOODFAIL (Waiter, there's a fly in my soup).
[2015/11/04 11:40:31.607] (INFO) Your mother called. She says you never call her.
[2015/11/04 11:40:31.607] (INFO) Sending SIGTERM to 4 excess workers.
[2015/11/04 11:40:31.607] (INFO) User "wvz4456" logged out.
[2015/11/04 11:40:31.607] (INFO) Sending SIGTERM to 2 excess workers.
[2015/11/04 11:40:31.607] (WARN) Ignoring SIGTERM. It's not that easy to get rid of me.
[2015/11/04 11:40:31.607] (INFO) Checkpointing off-heap server memory...
[2015/11/04 11:40:31.607] (INFO) Checked file systems for errors: All filesystems OK.
[2015/11/04 11:40:31.607] (ERROR) Network heartbeat check FAILED: Master host down?
[2015/11/04 11:40:31.607] (INFO) Network heartbeat check: All OK.
[2015/11/04 11:40:31.607] (INFO) User "ksn5434" logged out due to inactivity (timeout=30 minutes).
[2015/11/04 11:40:31.607] (INFO) Checkpointing off-heap server memory...
[2015/11/04 11:40:31.607] (INFO) Backed up all server logs.
[2015/11/04 11:40:32.107] (INFO) Alien monitor (aliend): Detected no space aliens.
[2015/11/04 11:40:32.107] (INFO) Alien monitor (aliend): Detected no space aliens.
[2015/11/04 11:40:32.107] (INFO) User "ljd6337" logged out due to inactivity (timeout=30 minutes).
[2015/11/04 11:40:32.107] (INFO) Checkpointing off-heap server memory...
[2015/11/04 11:40:32.107] (INFO) Device 0xfe97 is online.
[2015/11/04 11:40:32.107] (INFO) Flushed 40 buffers to disk.
[2015/11/04 11:40:32.107] (INFO) User "nrk3816" logged out.
[2015/11/04 11:40:32.107] (INFO) Alien monitor (aliend): Detected no space aliens.
[2015/11/04 11:40:32.107] (ERROR) One of the flayrods has gone out askew on treadle.
[2015/11/04 11:40:32.107] (INFO) Sending SIGTERM to 2 excess workers.
[2015/11/04 11:40:32.107] (INFO) Device 0x405b is online.
[2015/11/04 11:40:32.107] (INFO) User "lwb8765" logged in from 10.243.113.171.
[2015/11/04 11:40:32.107] (INFO) Your mother called. She says you never call her.
[2015/11/04 11:40:32.107] (INFO) Alien monitor (aliend): Detected no space aliens.
[2015/11/04 11:40:32.107] (INFO) Backed up all server logs.
[2015/11/04 11:40:32.107] (INFO) Checked file systems for errors: All filesystems OK.
[2015/11/04 11:40:32.107] (WARN) Retrying server log checkpoint.
[2015/11/04 11:40:32.107] (INFO) User "wku1434" logged out.
[2015/11/04 11:40:32.107] (INFO) Rolling 5 log file(s)...
[2015/11/04 11:40:32.107] (INFO) Rolling 2 log file(s)...
[2015/11/04 11:40:32.107] (INFO) Your mother called. She says you never call her.
[2015/11/04 11:40:32.107] (INFO) Network heartbeat check: All OK.
[2015/11/04 11:40:32.107] (INFO) Sending SIGTERM to 2 excess workers.
[2015/11/04 11:40:32.107] (INFO) Rolling 4 log file(s)...
[2015/11/04 11:40:32.107] (WARN) Ignoring SIGTERM. It's not that easy to get rid of me.
[2015/11/04 11:40:32.107] (INFO) Network heartbeat check: All OK.
[2015/11/04 11:40:32.107] (INFO) Network heartbeat check: All OK.
[2015/11/04 11:40:32.107] (INFO) Backed up all server logs.
[2015/11/04 11:40:32.107] (ERROR) Server log backup FAILED. See backup logs.
[2015/11/04 11:40:32.107] (INFO) Waiting for worker process (PID 21547) to die.
[2015/11/04 11:40:32.107] (INFO) Flushed 74 buffers to disk.
[2015/11/04 11:40:32.107] (INFO) Network heartbeat check: All OK.
[2015/11/04 11:40:32.107] (INFO) Alien monitor (aliend): Detected no space aliens.
[2015/11/04 11:40:32.107] (INFO) Device 0x6f95 is online.
[2015/11/04 11:40:32.107] (INFO) .evian ylbirret si emehcs otpyrc ym neht ,siht daer nac uoy fI
[2015/11/04 11:40:32.107] (INFO) Checked file systems for errors: All filesystems OK.
[2015/11/04 11:40:32.107] (INFO) Alien monitor (aliend): Detected no space aliens.
[2015/11/04 11:40:32.107] (INFO) User "unq4607" logged out.
[2015/11/04 11:40:32.107] (INFO) User "dpx6914" logged out.
[2015/11/04 11:40:32.107] (ERROR) Directory index of "/var/data" is forbidden.
[2015/11/04 11:40:32.107] (WARN) Watchdog timer crashed. Restarting it.
[2015/11/04 11:40:32.107] (INFO) Your mother called. She says you never call her.
[2015/11/04 11:40:32.107] (INFO) Rolling 6 log file(s)...
[2015/11/04 11:40:32.107] (INFO) Backed up all server logs.
[2015/11/04 11:40:32.107] (INFO) Network heartbeat check: All OK.
[2015/11/04 11:40:32.107] (WARN) Backup server 172.16.187.34 is offline.
[2015/11/04 11:40:32.107] (ERROR) Server log backup FAILED. See backup logs.
[2015/11/04 11:40:32.107] (INFO) Checkpointing off-heap server memory...
[2015/11/04 11:40:32.107] (INFO) Your mother called. She says you never call her.
[2015/11/04 11:40:32.107] (INFO) Alien monitor (aliend): Detected no space aliens.
[2015/11/04 11:40:32.107] (INFO) Supervisor has entered SUSPENDED state.
[2015/11/04 11:40:32.107] (INFO) Backed up all server logs.
[2015/11/04 11:40:32.107] (INFO) Backed up all server logs.
[2015/11/04 11:40:32.107] (INFO) Your mother called. She says you never call her.
[2015/11/04 11:40:32.107] (INFO) Waiting for monitor process (PID 40656) to die.
[2015/11/04 11:40:32.107] (INFO) Rolling 7 log file(s)...
[2015/11/04 11:40:32.107] (INFO) Your mother called. She says you never call her.
[2015/11/04 11:40:32.107] (INFO) User "gny8218" logged out.
[2015/11/04 11:40:32.107] (INFO) Rolling 2 log file(s)...
[2015/11/04 11:40:32.107] (INFO) User "ioh7202" logged in from 192.168.190.48.
[2015/11/04 11:40:32.107] (ERROR) One of the flayrods has gone out askew on treadle.
[2015/11/04 11:40:32.107] (INFO) Checkpointing off-heap server memory...
[2015/11/04 11:40:32.107] (INFO) Sending SIGTERM to 4 excess workers.
[2015/11/04 11:40:32.107] (WARN) Retrying server log checkpoint.
[2015/11/04 11:40:32.107] (ERROR) Device 0xe67b is offline
[2015/11/04 11:40:32.107] (WARN) Dropped 8,050 corrupt data packets.
[2015/11/04 11:40:32.107] (INFO) User "zhd3458" logged out.
[2015/11/04 11:40:32.107] (INFO) Pinging watchdog timer process: Process is alive.
[2015/11/04 11:40:32.107] (INFO) Your mother called. She says you never call her.
[2015/11/04 11:40:32.107] (INFO) Alien monitor (aliend): Detected no space aliens.
[2015/11/04 11:40:32.107] (WARN) CPU temperature exceeds 40º Celsius.
[2015/11/04 11:40:32.107] (INFO) Your mother called. She says you never call her.
[2015/11/04 11:40:32.107] (INFO) Your mother called. She says you never call her.
[2015/11/04 11:40:32.107] (INFO) Pinging watchdog timer process: Process is alive.
[2015/11/04 11:40:32.107] (INFO) Sending SIGTERM to 3 excess workers.
[2015/11/04 11:40:32.107] (INFO) User "epo2728" logged in from 192.168.159.40.
[2015/11/04 11:40:32.107] (ERROR) "/var/data/bsNYl84231.parquet": No such file or directory (ENOENT)
[2015/11/04 11:40:32.107] (ERROR) Connection to 172.16.113.166 terminated unexpectedly. Reconnecting.
[2015/11/04 11:40:32.107] (INFO) Pinging watchdog timer process: Process is alive.
[2015/11/04 11:40:32.107] (INFO) User "tyo3987" logged out.
[2015/11/04 11:40:32.107] (INFO) Rolling 9 log file(s)...
[2015/11/04 11:40:32.107] (INFO) Supervisor has entered WAITING state.
[2015/11/04 11:40:32.107] (INFO) Supervisor has entered RUNNING state.
[2015/11/04 11:40:32.107] (INFO) User "bjb9710" logged out due to inactivity (timeout=30 minutes).
[2015/11/04 11:40:32.107] (ERROR) User "ezo2064" failed to log in 3 times. Disabling account.
[2015/11/04 11:40:32.107] (INFO) User "dnc7502" logged out.
[2015/11/04 11:40:32.107] (WARN) Possible cyber-attack from Nebraska.
[2015/11/04 11:40:32.107] (INFO) Alien monitor (aliend): Detected no space aliens.
[2015/11/04 11:40:32.107] (INFO) Device 0xc079 is online.
[2015/11/04 11:40:32.107] (INFO) Pinging watchdog timer process: Process is alive.
[2015/11/04 11:40:32.107] (INFO) Checkpointing off-heap server memory...
[2015/11/04 11:40:32.107] (INFO) Device 0x215a is online.
[2015/11/04 11:40:32.107] (INFO) Waiting for worker process (PID 49127) to die.
[2015/11/04 11:40:32.107] (INFO) .evian ylbirret si emehcs otpyrc ym neht ,siht daer nac uoy fI
[2015/11/04 11:40:32.107] (INFO) User "bzh1517" logged out due to inactivity (timeout=30 minutes).
[2015/11/04 11:40:32.107] (INFO) Supervisor has entered SUSPENDED state.
[2015/11/04 11:40:32.107] (ERROR) Extra characters at end of line.
[2015/11/04 11:40:32.107] (INFO) Checked file systems for errors: All filesystems OK.
[2015/11/04 11:40:32.107] (INFO) Sending SIGTERM to 4 excess workers.
[2015/11/04 11:40:32.107] (INFO) Flushed 54 buffers to disk.
[2015/11/04 11:40:32.607] (INFO) Network heartbeat check: All OK.
[2015/11/04 11:40:32.607] (INFO) Pinging watchdog timer process: Process is alive.
[2015/11/04 11:40:32.607] (INFO) Waiting for supervisor process (PID 44938) to die.
[2015/11/04 11:40:32.607] (ERROR) Unable to write to "/var/data/HUwUJ66883.xslx": Permission denied (EACCES)
[2015/11/04 11:40:32.607] (INFO) Flushed 97 buffers to disk.
[2015/11/04 11:40:32.607] (ERROR) Unable to authenticate user "oad9277": LDAP server isn't responding.
[2015/11/04 11:40:32.607] (INFO) User "hmr2718" logged in from 172.16.133.57.
[2015/11/04 11:40:32.607] (INFO) Waiting for worker process (PID 27100) to die.
[2015/11/04 11:40:32.607] (INFO) Backed up all server logs.
[2015/11/04 11:40:32.607] (INFO) Checkpointing off-heap server memory...
[2015/11/04 11:40:32.607] (INFO) Pinging watchdog timer process: Process is alive.
[2015/11/04 11:40:32.607] (INFO) User "hih4855" logged out.
[2015/11/04 11:40:32.607] (INFO) Sending SIGTERM to 2 excess workers.
[2015/11/04 11:40:32.607] (INFO) Pinging watchdog timer process: Process is alive.
[2015/11/04 11:40:32.607] (INFO) Device 0x0865 is online.
[2015/11/04 11:40:32.607] (INFO) Supervisor has entered RUNNING state.
[2015/11/04 11:40:32.607] (WARN) Retrying server log checkpoint.
[2015/11/04 11:40:32.607] (INFO) Rolling 3 log file(s)...
[2015/11/04 11:40:32.607] (WARN) Unable to ping monitor at 192.168.56.79. Retrying.
[2015/11/04 11:40:32.607] (WARN) Master took 690 ms to respond (threshold=500 ms)
[2015/11/04 11:40:32.607] (INFO) Checkpointing off-heap server memory...
[2015/11/04 11:40:32.607] (INFO) Pinging watchdog timer process: Process is alive.
[2015/11/04 11:40:32.607] (INFO) Your mother called. She says you never call her.
[2015/11/04 11:40:32.607] (INFO) User "teq1159" logged out.
[2015/11/04 11:40:32.607] (INFO) Your mother called. She says you never call her.
[2015/11/04 11:40:32.607] (INFO) Flushed 33 buffers to disk.
[2015/11/04 11:40:32.607] (INFO) User "yek5171" logged in from 10.31.107.37.
[2015/11/04 11:40:32.607] (INFO) Pinging watchdog timer process: Process is alive.
[2015/11/04 11:40:32.607] (INFO) Rolling 7 log file(s)...
[2015/11/04 11:40:32.607] (WARN) Unable to ping worker at 10.183.81.53. Retrying.
[2015/11/04 11:40:32.607] (INFO) Supervisor has entered SUSPENDED state.
[2015/11/04 11:40:32.607] (INFO) Waiting for worker process (PID 30969) to die.
[2015/11/04 11:40:32.607] (ERROR) "/var/data/MCbbw61378.txt": Permission denied (EACCES)
[2015/11/04 11:40:32.607] (INFO) User "ptp1537" logged out.
[2015/11/04 11:40:32.607] (INFO) Network heartbeat check: All OK.
[2015/11/04 11:40:32.607] (INFO) Sending SIGTERM to 4 excess workers.
[2015/11/04 11:40:32.607] (INFO) Sending SIGTERM to 3 excess workers.
[2015/11/04 11:40:32.607] (INFO) .evian ylbirret si emehcs otpyrc ym neht ,siht daer nac uoy fI
[2015/11/04 11:40:32.607] (WARN) Dropped 11,912 corrupt data packets.
[2015/11/04 11:40:32.607] (ERROR) Server log backup FAILED. See backup logs.
[2015/11/04 11:40:32.607] (WARN) Unable to ping master at 10.241.212.199. Retrying.
[2015/11/04 11:40:32.607] (INFO) Waiting for worker process (PID 44290) to die.
[2015/11/04 11:40:32.607] (INFO) .evian ylbirret si emehcs otpyrc ym neht ,siht daer nac uoy fI
[2015/11/04 11:40:32.607] (INFO) User "lzx9607" logged out due to inactivity (timeout=30 minutes).
[2015/11/04 11:40:32.607] (INFO) User "hfv6437" logged out due to inactivity (timeout=30 minutes).
[2015/11/04 11:40:32.607] (INFO) Backed up all server logs.
[2015/11/04 11:40:32.607] (INFO) Flushed 72 buffers to disk.
[2015/11/04 11:40:32.607] (INFO) User "mjg5950" logged out.
[2015/11/04 11:40:32.607] (INFO) Your mother called. She says you never call her.
[2015/11/04 11:40:32.607] (INFO) Supervisor has entered RESTARTING state.
[2015/11/04 11:40:32.607] (INFO) User "gwk9943" logged out due to inactivity (timeout=30 minutes).
[2015/11/04 11:40:32.607] (INFO) Backed up all server logs.
[2015/11/04 11:40:32.607] (INFO) Sending SIGTERM to 3 excess workers.
[2015/11/04 11:40:32.607] (ERROR) Device 0xd6b7 is offline
[2015/11/04 11:40:32.607] (ERROR) Detected incoming DDoS from 192.168.86.96.
[2015/11/04 11:40:32.607] (INFO) Checked file systems for errors: All filesystems OK.
[2015/11/04 11:40:32.607] (INFO) Checked file systems for errors: All filesystems OK.
[2015/11/04 11:40:32.607] (INFO) Supervisor has entered RESTARTING state.
[2015/11/04 11:40:32.607] (WARN) CPU temperature exceeds 40º Celsius.
[2015/11/04 11:40:32.607] (INFO) User "dlf2099" logged out.
[2015/11/04 11:40:32.607] (INFO) Supervisor has entered SUSPENDED state.
[2015/11/04 11:40:32.607] (INFO) User "hgo6255" logged in from 172.16.32.177.
[2015/11/04 11:40:32.607] (INFO) Your mother called. She says you never call her.
[2015/11/04 11:40:32.607] (INFO) Rolling 1 log file(s)...
[2015/11/04 11:40:32.607] (INFO) Rolling 9 log file(s)...
[2015/11/04 11:40:32.607] (ERROR) /dev/lp error: "PC LOAD LETTER"
[2015/11/04 11:40:32.607] (INFO) Your mother called. She says you never call her.
[2015/11/04 11:40:32.607] (INFO) Device 0x6f06 is online.
[2015/11/04 11:40:32.607] (WARN) Space on disk /dev/sdf4 is low: Only 860 MB available.
[2015/11/04 11:40:32.607] (INFO) Waiting for monitor process (PID 56501) to die.
[2015/11/04 11:40:32.607] (INFO) Device 0x62c6 is online.
[2015/11/04 11:40:32.607] (INFO) Waiting for master process (PID 50518) to die.
[2015/11/04 11:40:32.607] (INFO) Pinging watchdog timer process: Process is alive.
[2015/11/04 11:40:32.607] (INFO) Waiting for worker process (PID 7389) to die.
[2015/11/04 11:40:32.607] (INFO) Supervisor has entered RUNNING state.
[2015/11/04 11:40:32.607] (INFO) Alien monitor (aliend): Detected no space aliens.
[2015/11/04 11:40:32.607] (INFO) Checkpointing off-heap server memory...
[2015/11/04 11:40:32.607] (INFO) User "bqz7394" logged out.
[2015/11/04 11:40:32.607] (INFO) Supervisor has entered WAITING state.
[2015/11/04 11:40:32.607] (INFO) User "uvb2310" logged out due to inactivity (timeout=30 minutes).
[2015/11/04 11:40:32.607] (INFO) Alien monitor (aliend): Detected no space aliens.
[2015/11/04 11:40:32.607] (INFO) User "evr8637" logged in from 192.168.147.196.
[2015/11/04 11:40:32.607] (WARN) Retrying server log checkpoint.
[2015/11/04 11:40:32.607] (INFO) Waiting for worker process (PID 33070) to die.
[2015/11/04 11:40:32.607] (INFO) Rolling 6 log file(s)...
[2015/11/04 11:40:32.607] (INFO) Checked file systems for errors: All filesystems OK.
[2015/11/04 11:40:32.607] (INFO) Checked file systems for errors: All filesystems OK.
[2015/11/04 11:40:32.607] (INFO) Checkpointing off-heap server memory...
[2015/11/04 11:40:32.607] (INFO) Waiting for master process (PID 27232) to die.
[2015/11/04 11:40:32.607] (INFO) Checked file systems for errors: All filesystems OK.
[2015/11/04 11:40:32.607] (INFO) Flushed 71 buffers to disk.
[2015/11/04 11:40:32.607] (WARN) Master took 798 ms to respond (threshold=500 ms)
[2015/11/04 11:40:32.607] (ERROR) Connection to 172.16.85.202 terminated unexpectedly. Reconnecting.
[2015/11/04 11:40:32.607] (INFO) Device 0x12d8 is online.
[2015/11/04 11:40:32.607] (INFO) Your mother called. She says you never call her.
[2015/11/04 11:40:32.607] (ERROR) Network heartbeat check FAILED: Master host down?
[2015/11/04 11:40:32.607] (INFO) Flushed 61 buffers to disk.
[2015/11/04 11:40:32.607] (INFO) .evian ylbirret si emehcs otpyrc ym neht ,siht daer nac uoy fI
[2015/11/04 11:40:32.607] (INFO) Device 0x7990 is online.
[2015/11/04 11:40:32.607] (INFO) Pinging watchdog timer process: Process is alive.
[2015/11/04 11:40:33.107] (INFO) Checkpointing off-heap server memory...
[2015/11/04 11:40:33.107] (ERROR) Worker 9 died with SIGURG. Restarting it.
[2015/11/04 11:40:33.107] (INFO) User "rln6822" logged out.
[2015/11/04 11:40:33.107] (INFO) User "rvj5264" logged out due to inactivity (timeout=30 minutes).
[2015/11/04 11:40:33.107] (INFO) Device 0xb0cb is online.
[2015/11/04 11:40:33.107] (INFO) .evian ylbirret si emehcs otpyrc ym neht ,siht daer nac uoy fI
[2015/11/04 11:40:33.107] (INFO) Backed up all server logs.
[2015/11/04 11:40:33.107] (INFO) Alien monitor (aliend): Detected no space aliens.
[2015/11/04 11:40:33.107] (WARN) Watchdog timer crashed. Restarting it.
[2015/11/04 11:40:33.107] (INFO) Checkpointing off-heap server memory...
[2015/11/04 11:40:33.107] (INFO) Alien monitor (aliend): Detected no space aliens.
[2015/11/04 11:40:33.107] (INFO) .evian ylbirret si emehcs otpyrc ym neht ,siht daer nac uoy fI
[2015/11/04 11:40:33.107] (INFO) Rolling 1 log file(s)...
[2015/11/04 11:40:33.107] (INFO) Checkpointing off-heap server memory...
[2015/11/04 11:40:33.107] (INFO) Your mother called. She says you never call her.
[2015/11/04 11:40:33.107] (WARN) Network heartbeat check: 5 server(s) did not respond.
[2015/11/04 11:40:33.107] (INFO) Flushed 41 buffers to disk.
[2015/11/04 11:40:33.107] (INFO) Checkpointing off-heap server memory...
[2015/11/04 11:40:33.107] (INFO) Backed up all server logs.
[2015/11/04 11:40:33.107] (INFO) User "nsm1949" logged in from 10.155.94.218.
[2015/11/04 11:40:33.107] (INFO) Pinging watchdog timer process: Process is alive.
[2015/11/04 11:40:33.107] (INFO) Rolling 8 log file(s)...
[2015/11/04 11:40:33.107] (WARN) Master took 788 ms to respond (threshold=500 ms)
[2015/11/04 11:40:33.107] (INFO) Checkpointing off-heap server memory...
[2015/11/04 11:40:33.107] (INFO) Device 0xc4c5 is online.
[2015/11/04 11:40:33.107] (INFO) User "fwq5119" logged out due to inactivity (timeout=30 minutes).
[2015/11/04 11:40:33.107] (INFO) Network heartbeat check: All OK.
[2015/11/04 11:40:33.107] (INFO) User "cwx6716" logged out due to inactivity (timeout=30 minutes).
[2015/11/04 11:40:33.107] (INFO) Your mother called. She says you never call her.
[2015/11/04 11:40:33.107] (ERROR) "/var/data/aUsnF76153.tar.gz": No such file or directory (ENOENT)
[2015/11/04 11:40:33.107] (INFO) Flushed 37 buffers to disk.
[2015/11/04 11:40:33.107] (INFO) Device 0xbc23 is online.
[2015/11/04 11:40:33.107] (ERROR) Server log backup FAILED. See backup logs.
[2015/11/04 11:40:33.107] (INFO) Checked file systems for errors: All filesystems OK.
[2015/11/04 11:40:33.107] (INFO) Device 0x5a2d is online.
[2015/11/04 11:40:33.107] (INFO) Backed up all server logs.
[2015/11/04 11:40:33.107] (ERROR) CPU temperature exceeds 50º Celsius. Shutting down.
[2015/11/04 11:40:33.107] (INFO) User "gdj4671" logged out.
[2015/11/04 11:40:33.107] (INFO) Flushed 33 buffers to disk.
[2015/11/04 11:40:33.107] (WARN) Space on disk /dev/sda1 is low: Only 228 MB available.
[2015/11/04 11:40:33.107] (INFO) User "rxj7275" logged out due to inactivity (timeout=30 minutes).
[2015/11/04 11:40:33.107] (ERROR) One of the flayrods has gone out askew on treadle.
[2015/11/04 11:40:33.107] (WARN) Ignoring SIGTERM. It's not that easy to get rid of me.
[2015/11/04 11:40:33.107] (INFO) Waiting for supervisor process (PID 64257) to die.
[2015/11/04 11:40:33.107] (INFO) Network heartbeat check: All OK.
[2015/11/04 11:40:33.107] (INFO) Network heartbeat check: All OK.
[2015/11/04 11:40:33.107] (INFO) Checkpointing off-heap server memory...
[2015/11/04 11:40:33.107] (INFO) Rolling 4 log file(s)...
[2015/11/04 11:40:33.107] (WARN) Possible cyber-attack from Antarctica.
[2015/11/04 11:40:33.107] (INFO) Checked file systems for errors: All filesystems OK.
[2015/11/04 11:40:33.107] (INFO) Pinging watchdog timer process: Process is alive.
[2015/11/04 11:40:33.107] (INFO) Checked file systems for errors: All filesystems OK.
[2015/11/04 11:40:33.107] (INFO) Backed up all server logs.
[2015/11/04 11:40:33.107] (INFO) User "mdg2911" logged in from 172.16.116.251.
[2015/11/04 11:40:33.107] (INFO) User "cwf5439" logged out.
[2015/11/04 11:40:33.107] (ERROR) "/var/data/bUUvQ58643.csv": Permission denied (EACCES)
[2015/11/04 11:40:33.107] (INFO) .evian ylbirret si emehcs otpyrc ym neht ,siht daer nac uoy fI
[2015/11/04 11:40:33.107] (INFO) Supervisor has entered WAITING state.
[2015/11/04 11:40:33.107] (INFO) User "yzn2596" logged out due to inactivity (timeout=30 minutes).
[2015/11/04 11:40:33.107] (INFO) Sending SIGTERM to 4 excess workers.
[2015/11/04 11:40:33.107] (INFO) .evian ylbirret si emehcs otpyrc ym neht ,siht daer nac uoy fI
[2015/11/04 11:40:33.107] (WARN) CPU temperature exceeds 40º Celsius.
[2015/11/04 11:40:33.107] (INFO) Checked file systems for errors: All filesystems OK.
[2015/11/04 11:40:33.107] (WARN) Space on disk /dev/sdc3 is low: Only 689 MB available.
[2015/11/04 11:40:33.107] (INFO) Alien monitor (aliend): Detected no space aliens.
[2015/11/04 11:40:33.107] (INFO) Network heartbeat check: All OK.
[2015/11/04 11:40:33.107] (INFO) Backed up all server logs.
[2015/11/04 11:40:33.107] (INFO) Pinging watchdog timer process: Process is alive.
[2015/11/04 11:40:33.107] (INFO) User "exj3733" logged in from 10.129.29.87.
[2015/11/04 11:40:33.107] (INFO) Your mother called. She says you never call her.
[2015/11/04 11:40:33.107] (INFO) User "pou8950" logged out due to inactivity (timeout=30 minutes).
[2015/11/04 11:40:33.107] (INFO) Checkpointing off-heap server memory...
[2015/11/04 11:40:33.107] (INFO) Rolling 8 log file(s)...
[2015/11/04 11:40:33.107] (INFO) Flushed 66 buffers to disk.
[2015/11/04 11:40:33.107] (INFO) Device 0x31b8 is online.
[2015/11/04 11:40:33.107] (INFO) Checked file systems for errors: All filesystems OK.
[2015/11/04 11:40:33.107] (INFO) Sending SIGTERM to 3 excess workers.
[2015/11/04 11:40:33.107] (INFO) User "ekb4346" logged out.
[2015/11/04 11:40:33.107] (INFO) Network heartbeat check: All OK.
[2015/11/04 11:40:33.107] (INFO) Supervisor has entered RUNNING state.
[2015/11/04 11:40:33.107] (INFO) Flushed 37 buffers to disk.
[2015/11/04 11:40:33.107] (WARN) Dropped 17,041 corrupt data packets.
[2015/11/04 11:40:33.107] (INFO) Checked file systems for errors: All filesystems OK.
[2015/11/04 11:40:33.107] (INFO) Waiting for master process (PID 28368) to die.
[2015/11/04 11:40:33.107] (INFO) Pinging watchdog timer process: Process is alive.
[2015/11/04 11:40:33.107] (INFO) Device 0x14f7 is online.
[2015/11/04 11:40:33.107] (INFO) Backed up all server logs.
[2015/11/04 11:40:33.107] (ERROR) Detected incoming DDoS from 10.173.125.179.
[2015/11/04 11:40:33.107] (INFO) Checkpointing off-heap server memory...
[2015/11/04 11:40:33.107] (INFO) Checked file systems for errors: All filesystems OK.
[2015/11/04 11:40:33.107] (ERROR) Device 0xd8b6 is offline
[2015/11/04 11:40:33.107] (INFO) Network heartbeat check: All OK.
[2015/11/04 11:40:33.107] (INFO) User "aae2880" logged in from 172.16.221.222.
[2015/11/04 11:40:33.107] (INFO) Backed up all server logs.
[2015/11/04 11:40:33.107] (INFO) Flushed 96 buffers to disk.
[2015/11/04 11:40:33.107] (INFO) Rolling 2 log file(s)...
[2015/11/04 11:40:33.107] (INFO) Network heartbeat check: All OK.
[2015/11/04 11:40:33.107] (INFO) Waiting for monitor process (PID 20620) to die.
[2015/11/04 11:40:33.107] (INFO) Alien monitor (aliend): Detected no space aliens.
[2015/11/04 11:40:33.107] (INFO) Checked file systems for errors: All filesystems OK.
[2015/11/04 11:40:33.607] (INFO) Flushed 86 buffers to disk.
[2015/11/04 11:40:33.607] (INFO) Backed up all server logs.
[2015/11/04 11:40:33.607] (INFO) User "xop6361" logged out due to inactivity (timeout=30 minutes).
[2015/11/04 11:40:33.607] (INFO) Network heartbeat check: All OK.
[2015/11/04 11:40:33.607] (INFO) User "iem6754" logged out.
[2015/11/04 11:40:33.607] (WARN) Master took 524 ms to respond (threshold=500 ms)
[2015/11/04 11:40:33.607] (INFO) User "xep7671" logged out due to inactivity (timeout=30 minutes).
[2015/11/04 11:40:33.607] (INFO) User "suw9210" logged in from 192.168.64.91.
[2015/11/04 11:40:33.607] (INFO) Network heartbeat check: All OK.
[2015/11/04 11:40:33.607] (INFO) Waiting for supervisor process (PID 48800) to die.
[2015/11/04 11:40:33.607] (INFO) Sending SIGTERM to 2 excess workers.
[2015/11/04 11:40:33.607] (ERROR) CPU temperature exceeds 50º Celsius. Shutting down.
[2015/11/04 11:40:33.607] (ERROR) Blocked SMTP traffic originating from 10.176.10.195.
[2015/11/04 11:40:33.607] (INFO) Checked file systems for errors: All filesystems OK.
[2015/11/04 11:40:33.607] (INFO) User "xrt1587" logged in from 172.16.36.189.
[2015/11/04 11:40:33.607] (INFO) Pinging watchdog timer process: Process is alive.
[2015/11/04 11:40:33.607] (WARN) Unable to ping supervisor at 10.139.82.251. Retrying.
[2015/11/04 11:40:33.607] (INFO) Checkpointing off-heap server memory...
[2015/11/04 11:40:33.607] (INFO) Waiting for supervisor process (PID 23807) to die.
[2015/11/04 11:40:33.607] (INFO) Pinging watchdog timer process: Process is alive.
[2015/11/04 11:40:33.607] (INFO) Supervisor has entered RUNNING state.
[2015/11/04 11:40:33.607] (INFO) .evian ylbirret si emehcs otpyrc ym neht ,siht daer nac uoy fI
[2015/11/04 11:40:33.607] (INFO) Rolling 7 log file(s)...
[2015/11/04 11:40:33.607] (INFO) User "yni4747" logged out due to inactivity (timeout=30 minutes).
[2015/11/04 11:40:33.607] (INFO) Your mother called. She says you never call her.
[2015/11/04 11:40:33.607] (INFO) User "yag4907" logged in from 192.168.37.63.
[2015/11/04 11:40:33.607] (ERROR) One of the flayrods has gone out askew on treadle.
[2015/11/04 11:40:33.607] (INFO) User "fal2143" logged in from 10.201.35.252.
[2015/11/04 11:40:33.607] (INFO) User "hhi9833" logged out due to inactivity (timeout=30 minutes).
[2015/11/04 11:40:33.607] (INFO) Checkpointing off-heap server memory...
[2015/11/04 11:40:33.607] (WARN) CPU temperature exceeds 40º Celsius.
[2015/11/04 11:40:33.607] (WARN) Dropped 2,285 corrupt data packets.
[2015/11/04 11:40:33.607] (INFO) Your mother called. She says you never call her.
[2015/11/04 11:40:33.607] (INFO) Supervisor has entered SUSPENDED state.
[2015/11/04 11:40:33.607] (ERROR) Failed to write checkpoint file "/var/checkpoint/qlztz55059: No space left on device (ENOSPC)
[2015/11/04 11:40:33.607] (ERROR) CPU temperature exceeds 50º Celsius. Shutting down.
[2015/11/04 11:40:33.607] (INFO) Checkpointing off-heap server memory...
[2015/11/04 11:40:33.607] (INFO) User "uqv9576" logged out due to inactivity (timeout=30 minutes).
[2015/11/04 11:40:33.607] (ERROR) Extra characters at end of line.
[2015/11/04 11:40:33.607] (INFO) User "czn3861" logged out.
[2015/11/04 11:40:33.607] (INFO) Device 0xc6a2 is online.
[2015/11/04 11:40:33.607] (INFO) Your mother called. She says you never call her.
[2015/11/04 11:40:33.607] (INFO) Flushed 93 buffers to disk.
[2015/11/04 11:40:33.607] (INFO) Rolling 9 log file(s)...
[2015/11/04 11:40:33.607] (INFO) Waiting for monitor process (PID 29781) to die.
[2015/11/04 11:40:33.607] (INFO) Rolling 5 log file(s)...
[2015/11/04 11:40:33.607] (INFO) Alien monitor (aliend): Detected no space aliens.
[2015/11/04 11:40:33.607] (INFO) Waiting for master process (PID 39850) to die.
[2015/11/04 11:40:33.607] (INFO) Flushed 59 buffers to disk.
[2015/11/04 11:40:33.607] (ERROR) /dev/lp error: "PC LOAD LETTER"
[2015/11/04 11:40:33.607] (INFO) Pinging watchdog timer process: Process is alive.
[2015/11/04 11:40:33.607] (INFO) .evian ylbirret si emehcs otpyrc ym neht ,siht daer nac uoy fI
[2015/11/04 11:40:33.607] (INFO) Checked file systems for errors: All filesystems OK.
[2015/11/04 11:40:33.607] (INFO) Pinging watchdog timer process: Process is alive.
[2015/11/04 11:40:33.607] (INFO) Pinging watchdog timer process: Process is alive.
[2015/11/04 11:40:33.607] (INFO) Backed up all server logs.
[2015/11/04 11:40:33.607] (WARN) Unable to ping monitor at 172.16.225.166. Retrying.
[2015/11/04 11:40:33.607] (INFO) Alien monitor (aliend): Detected no space aliens.
[2015/11/04 11:40:33.607] (INFO) User "hbx3723" logged out due to inactivity (timeout=30 minutes).
[2015/11/04 11:40:33.607] (INFO) .evian ylbirret si emehcs otpyrc ym neht ,siht daer nac uoy fI
[2015/11/04 11:40:33.607] (WARN) Ignoring SIGTERM. It's not that easy to get rid of me.
[2015/11/04 11:40:33.607] (ERROR) CPU temperature exceeds 50º Celsius. Shutting down.
[2015/11/04 11:40:33.607] (INFO) Checked file systems for errors: All filesystems OK.
[2015/11/04 11:40:33.607] (ERROR) Connection to 172.16.152.242 terminated unexpectedly. Reconnecting.
[2015/11/04 11:40:33.607] (INFO) Rolling 6 log file(s)...
[2015/11/04 11:40:33.607] (INFO) Device 0xb266 is online.
[2015/11/04 11:40:33.607] (INFO) User "uxj8269" logged in from 172.16.232.91.
[2015/11/04 11:40:33.607] (INFO) Checkpointing off-heap server memory...
[2015/11/04 11:40:33.607] (INFO) User "ypv4533" logged out.
[2015/11/04 11:40:33.607] (INFO) Checked file systems for errors: All filesystems OK.
[2015/11/04 11:40:33.607] (INFO) Waiting for monitor process (PID 3680) to die.
[2015/11/04 11:40:33.607] (INFO) Checked file systems for errors: All filesystems OK.
[2015/11/04 11:40:33.607] (INFO) Sending SIGTERM to 2 excess workers.
[2015/11/04 11:40:33.607] (INFO) Checkpointing off-heap server memory...
[2015/11/04 11:40:33.607] (INFO) Supervisor has entered RESTARTING state.
[2015/11/04 11:40:33.607] (INFO) Network heartbeat check: All OK.
[2015/11/04 11:40:33.607] (INFO) Network heartbeat check: All OK.
[2015/11/04 11:40:33.607] (INFO) Device 0x66b3 is online.
[2015/11/04 11:40:33.607] (INFO) Waiting for worker process (PID 61016) to die.
[2015/11/04 11:40:33.607] (INFO) User "ain3063" logged out.
[2015/11/04 11:40:33.607] (INFO) Alien monitor (aliend): Detected no space aliens.
[2015/11/04 11:40:33.607] (INFO) Pinging watchdog timer process: Process is alive.
[2015/11/04 11:40:33.607] (INFO) User "dyi4722" logged in from 192.168.148.27.
[2015/11/04 11:40:33.607] (INFO) Pinging watchdog timer process: Process is alive.
[2015/11/04 11:40:33.607] (INFO) Rolling 5 log file(s)...
[2015/11/04 11:40:33.607] (INFO) User "phv5155" logged in from 192.168.117.60.
[2015/11/04 11:40:33.607] (INFO) Network heartbeat check: All OK.
[2015/11/04 11:40:33.607] (ERROR) Directory index of "/var/data" is forbidden.
[2015/11/04 11:40:33.607] (INFO) Alien monitor (aliend): Detected no space aliens.
[2015/11/04 11:40:33.607] (INFO) Rolling 8 log file(s)...
[2015/11/04 11:40:33.607] (INFO) Device 0x9b58 is online.
[2015/11/04 11:40:33.607] (WARN) Ignoring SIGTERM. It's not that easy to get rid of me.
[2015/11/04 11:40:33.607] (INFO) Checked file systems for errors: All filesystems OK.
[2015/11/04 11:40:33.607] (INFO) Alien monitor (aliend): Detected no space aliens.
[2015/11/04 11:40:33.607] (ERROR) CPU temperature exceeds 50º Celsius. Shutting down.
[2015/11/04 11:40:33.607] (INFO) Sending SIGTERM to 3 excess workers.
[2015/11/04 11:40:33.607] (ERROR) Detected incoming DDoS from 192.168.58.107.
[2015/11/04 11:40:33.607] (INFO) Rolling 1 log file(s)...
[2015/11/04 11:40:33.607] (INFO) Alien monitor (aliend): Detected no space aliens.
[2015/11/04 11:40:33.607] (INFO) User "spb6056" logged in from 172.16.66.225.
[2015/11/04 11:40:34.107] (INFO) Backed up all server logs.
[2015/11/04 11:40:34.108] (INFO) Supervisor has entered SUSPENDED state.
[2015/11/04 11:40:34.108] (INFO) User "ylg2818" logged out due to inactivity (timeout=30 minutes).
[2015/11/04 11:40:34.108] (INFO) Waiting for worker process (PID 4485) to die.
[2015/11/04 11:40:34.108] (ERROR) CPU temperature exceeds 50º Celsius. Shutting down.
[2015/11/04 11:40:34.108] (INFO) User "swt6227" logged out.
[2015/11/04 11:40:34.108] (WARN) Watchdog timer crashed. Restarting it.
[2015/11/04 11:40:34.108] (WARN) CPU temperature exceeds 40º Celsius.
[2015/11/04 11:40:34.108] (INFO) Checkpointing off-heap server memory...
[2015/11/04 11:40:34.108] (ERROR) Detected clock skew! Restarting NTP server.
[2015/11/04 11:40:34.108] (INFO) User "sth8600" logged in from 10.129.13.15.
[2015/11/04 11:40:34.108] (INFO) User "dfz1092" logged in from 172.16.55.163.
[2015/11/04 11:40:34.108] (ERROR) Server log backup FAILED. See backup logs.
[2015/11/04 11:40:34.108] (INFO) Pinging watchdog timer process: Process is alive.
[2015/11/04 11:40:34.108] (INFO) User "uie3488" logged out due to inactivity (timeout=30 minutes).
[2015/11/04 11:40:34.108] (INFO) Network heartbeat check: All OK.
[2015/11/04 11:40:34.108] (INFO) Network heartbeat check: All OK.
[2015/11/04 11:40:34.108] (INFO) Supervisor has entered RESTARTING state.
[2015/11/04 11:40:34.108] (INFO) User "wke5436" logged out due to inactivity (timeout=30 minutes).
[2015/11/04 11:40:34.108] (INFO) Pinging watchdog timer process: Process is alive.
[2015/11/04 11:40:34.108] (WARN) Master took 797 ms to respond (threshold=500 ms)
[2015/11/04 11:40:34.108] (INFO) User "vgl6857" logged out due to inactivity (timeout=30 minutes).
[2015/11/04 11:40:34.108] (INFO) Supervisor has entered RUNNING state.
[2015/11/04 11:40:34.108] (INFO) Pinging watchdog timer process: Process is alive.
[2015/11/04 11:40:34.108] (INFO) Pinging watchdog timer process: Process is alive.
[2015/11/04 11:40:34.108] (INFO) Supervisor has entered RUNNING state.
[2015/11/04 11:40:34.108] (WARN) Watchdog timer crashed. Restarting it.
[2015/11/04 11:40:34.108] (INFO) Supervisor has entered WAITING state.
[2015/11/04 11:40:34.108] (ERROR) Blocked Little Bobby Tables attack (https://xkcd.com/327/) from 172.16.1.174.
[2015/11/04 11:40:34.108] (INFO) .evian ylbirret si emehcs otpyrc ym neht ,siht daer nac uoy fI
[2015/11/04 11:40:34.108] (WARN) Possible cyber-attack from Antarctica.
[2015/11/04 11:40:34.108] (INFO) Network heartbeat check: All OK.
[2015/11/04 11:40:34.108] (INFO) User "qvc3557" logged out.
[2015/11/04 11:40:34.108] (INFO) .evian ylbirret si emehcs otpyrc ym neht ,siht daer nac uoy fI
[2015/11/04 11:40:34.108] (INFO) Your mother called. She says you never call her.
[2015/11/04 11:40:34.108] (INFO) Sending SIGTERM to 4 excess workers.
[2015/11/04 11:40:34.108] (INFO) User "far1115" logged in from 192.168.209.219.
[2015/11/04 11:40:34.108] (INFO) Pinging watchdog timer process: Process is alive.
[2015/11/04 11:40:34.108] (INFO) User "fev4203" logged out due to inactivity (timeout=30 minutes).
[2015/11/04 11:40:34.108] (INFO) Backed up all server logs.
[2015/11/04 11:40:34.108] (ERROR) "/var/data/vzqTi82443.xml": No such file or directory (ENOENT)
[2015/11/04 11:40:34.108] (INFO) Pinging watchdog timer process: Process is alive.
[2015/11/04 11:40:34.108] (WARN) Backup server 10.103.34.160 is offline.
[2015/11/04 11:40:34.108] (INFO) Checkpointing off-heap server memory...
[2015/11/04 11:40:34.108] (INFO) User "xrj4306" logged out due to inactivity (timeout=30 minutes).
[2015/11/04 11:40:34.108] (ERROR) /dev/lp error: "PC LOAD LETTER"
[2015/11/04 11:40:34.108] (INFO) Device 0xc54f is online.
[2015/11/04 11:40:34.108] (INFO) Checkpointing off-heap server memory...
[2015/11/04 11:40:34.108] (INFO) Pinging watchdog timer process: Process is alive.
[2015/11/04 11:40:34.108] (INFO) Supervisor has entered SUSPENDED state.
[2015/11/04 11:40:34.108] (INFO) Sending SIGTERM to 3 excess workers.
[2015/11/04 11:40:34.108] (WARN) Retrying server log checkpoint.
[2015/11/04 11:40:34.108] (ERROR) Server log backup FAILED. See backup logs.
[2015/11/04 11:40:34.108] (INFO) .evian ylbirret si emehcs otpyrc ym neht ,siht daer nac uoy fI
[2015/11/04 11:40:34.108] (INFO) Supervisor has entered RESTARTING state.
[2015/11/04 11:40:34.108] (INFO) Supervisor has entered SUSPENDED state.
[2015/11/04 11:40:34.108] (INFO) User "boj4240" logged in from 10.127.146.117.
[2015/11/04 11:40:34.108] (INFO) Pinging watchdog timer process: Process is alive.
[2015/11/04 11:40:34.108] (INFO) User "zmf8888" logged in from 10.241.245.228.
[2015/11/04 11:40:34.108] (INFO) Checked file systems for errors: All filesystems OK.
[2015/11/04 11:40:34.108] (INFO) User "gva9986" logged in from 10.131.242.225.
[2015/11/04 11:40:34.108] (ERROR) EFOODFAIL (Waiter, there's a fly in my soup).
[2015/11/04 11:40:34.108] (INFO) Checked file systems for errors: All filesystems OK.
[2015/11/04 11:40:34.108] (INFO) .evian ylbirret si emehcs otpyrc ym neht ,siht daer nac uoy fI
[2015/11/04 11:40:34.108] (INFO) Checked file systems for errors: All filesystems OK.
[2015/11/04 11:40:34.108] (INFO) Checked file systems for errors: All filesystems OK.
[2015/11/04 11:40:34.108] (INFO) Backed up all server logs.
[2015/11/04 11:40:34.108] (WARN) Backup server 172.16.94.20 is offline.
[2015/11/04 11:40:34.108] (INFO) User "fis7527" logged in from 172.16.36.33.
[2015/11/04 11:40:34.108] (INFO) Device 0xdec4 is online.
[2015/11/04 11:40:34.108] (INFO) Backed up all server logs.
[2015/11/04 11:40:34.108] (INFO) Backed up all server logs.
[2015/11/04 11:40:34.108] (INFO) Alien monitor (aliend): Detected no space aliens.
[2015/11/04 11:40:34.108] (INFO) User "bng6016" logged in from 192.168.15.144.
[2015/11/04 11:40:34.108] (INFO) Sending SIGTERM to 3 excess workers.
[2015/11/04 11:40:34.108] (INFO) Alien monitor (aliend): Detected no space aliens.
[2015/11/04 11:40:34.108] (INFO) Checkpointing off-heap server memory...
[2015/11/04 11:40:34.108] (INFO) Supervisor has entered RUNNING state.
[2015/11/04 11:40:34.108] (INFO) Rolling 5 log file(s)...
[2015/11/04 11:40:34.108] (INFO) Backed up all server logs.
[2015/11/04 11:40:34.108] (INFO) User "uxr5892" logged out due to inactivity (timeout=30 minutes).
[2015/11/04 11:40:34.108] (INFO) User "ogu7974" logged in from 192.168.68.187.
[2015/11/04 11:40:34.108] (WARN) Ignoring SIGTERM. It's not that easy to get rid of me.
[2015/11/04 11:40:34.108] (INFO) Rolling 5 log file(s)...
[2015/11/04 11:40:34.108] (INFO) Checked file systems for errors: All filesystems OK.
[2015/11/04 11:40:34.108] (WARN) Master took 642 ms to respond (threshold=500 ms)
[2015/11/04 11:40:34.108] (INFO) Network heartbeat check: All OK.
[2015/11/04 11:40:34.108] (INFO) User "xql9657" logged out due to inactivity (timeout=30 minutes).
[2015/11/04 11:40:34.108] (INFO) Rolling 1 log file(s)...
[2015/11/04 11:40:34.108] (INFO) Backed up all server logs.
[2015/11/04 11:40:34.108] (ERROR) "/var/data/zyPgD87736.zip": Permission denied (EACCES)
[2015/11/04 11:40:34.108] (INFO) User "ywc8922" logged out.
[2015/11/04 11:40:34.108] (INFO) Waiting for worker process (PID 55582) to die.
[2015/11/04 11:40:34.108] (INFO) Device 0x0968 is online.
[2015/11/04 11:40:34.108] (INFO) Flushed 69 buffers to disk.
[2015/11/04 11:40:34.108] (INFO) Rolling 5 log file(s)...
[2015/11/04 11:40:34.108] (INFO) Network heartbeat check: All OK.
[2015/11/04 11:40:34.108] (INFO) Device 0x54ae is online.
[2015/11/04 11:40:34.108] (INFO) Alien monitor (aliend): Detected no space aliens.
[2015/11/04 11:40:34.108] (INFO) Device 0x03fc is online.
[2015/11/04 11:40:34.606] (INFO) Backed up all server logs.
[2015/11/04 11:40:34.606] (INFO) User "aay5201" logged out.
[2015/11/04 11:40:34.606] (INFO) Sending SIGTERM to 4 excess workers.
[2015/11/04 11:40:34.606] (INFO) Device 0x93ab is online.
[2015/11/04 11:40:34.606] (INFO) Pinging watchdog timer process: Process is alive.
[2015/11/04 11:40:34.606] (INFO) Network heartbeat check: All OK.
[2015/11/04 11:40:34.606] (INFO) Alien monitor (aliend): Detected no space aliens.
[2015/11/04 11:40:34.606] (ERROR) One of the flayrods has gone out askew on treadle.
[2015/11/04 11:40:34.606] (INFO) Device 0x39e5 is online.
[2015/11/04 11:40:34.606] (INFO) Sending SIGTERM to 3 excess workers.
[2015/11/04 11:40:34.606] (INFO) Pinging watchdog timer process: Process is alive.
[2015/11/04 11:40:34.606] (INFO) Backed up all server logs.
[2015/11/04 11:40:34.606] (ERROR) Unable to authenticate user "ptv3124": LDAP server isn't responding.
[2015/11/04 11:40:34.606] (INFO) .evian ylbirret si emehcs otpyrc ym neht ,siht daer nac uoy fI
[2015/11/04 11:40:34.606] (ERROR) Unable to authenticate user "ytk3859": LDAP server isn't responding.
[2015/11/04 11:40:34.606] (INFO) Pinging watchdog timer process: Process is alive.
[2015/11/04 11:40:34.606] (INFO) User "wpx2183" logged out.
[2015/11/04 11:40:34.606] (INFO) User "paz8008" logged out.
[2015/11/04 11:40:34.606] (INFO) Device 0x6f02 is online.
[2015/11/04 11:40:34.606] (INFO) Network heartbeat check: All OK.
[2015/11/04 11:40:34.606] (INFO) Pinging watchdog timer process: Process is alive.
[2015/11/04 11:40:34.606] (INFO) Pinging watchdog timer process: Process is alive.
[2015/11/04 11:40:34.606] (INFO) Rolling 1 log file(s)...
[2015/11/04 11:40:34.606] (INFO) Supervisor has entered SUSPENDED state.
[2015/11/04 11:40:34.606] (INFO) .evian ylbirret si emehcs otpyrc ym neht ,siht daer nac uoy fI
[2015/11/04 11:40:34.606] (INFO) Network heartbeat check: All OK.
[2015/11/04 11:40:34.606] (INFO) Alien monitor (aliend): Detected no space aliens.
[2015/11/04 11:40:34.606] (INFO) Network heartbeat check: All OK.
[2015/11/04 11:40:34.606] (INFO) Network heartbeat check: All OK.
[2015/11/04 11:40:34.606] (ERROR) "/var/data/IdLYB95004.csv": No such file or directory (ENOENT)
[2015/11/04 11:40:34.606] (INFO) Checkpointing off-heap server memory...
[2015/11/04 11:40:34.606] (INFO) .evian ylbirret si emehcs otpyrc ym neht ,siht daer nac uoy fI
[2015/11/04 11:40:34.606] (WARN) Dropped 9,774 corrupt data packets.
[2015/11/04 11:40:34.606] (INFO) Flushed 71 buffers to disk.
[2015/11/04 11:40:34.606] (INFO) Alien monitor (aliend): Detected no space aliens.
[2015/11/04 11:40:34.606] (INFO) .evian ylbirret si emehcs otpyrc ym neht ,siht daer nac uoy fI
[2015/11/04 11:40:34.606] (INFO) Pinging watchdog timer process: Process is alive.
[2015/11/04 11:40:34.606] (INFO) Pinging watchdog timer process: Process is alive.
[2015/11/04 11:40:34.606] (INFO) Waiting for monitor process (PID 17215) to die.
[2015/11/04 11:40:34.606] (WARN) Ignoring SIGTERM. It's not that easy to get rid of me.
[2015/11/04 11:40:34.606] (INFO) Alien monitor (aliend): Detected no space aliens.
[2015/11/04 11:40:34.606] (INFO) Pinging watchdog timer process: Process is alive.
[2015/11/04 11:40:34.606] (INFO) Waiting for monitor process (PID 22266) to die.
[2015/11/04 11:40:34.606] (INFO) Checkpointing off-heap server memory...
[2015/11/04 11:40:34.606] (INFO) .evian ylbirret si emehcs otpyrc ym neht ,siht daer nac uoy fI
[2015/11/04 11:40:34.606] (INFO) Checked file systems for errors: All filesystems OK.
[2015/11/04 11:40:34.606] (INFO) Checkpointing off-heap server memory...
[2015/11/04 11:40:34.606] (WARN) There is no such thing as a free lunch.
[2015/11/04 11:40:34.606] (WARN) Retrying server log checkpoint.
[2015/11/04 11:40:34.606] (INFO) Network heartbeat check: All OK.
[2015/11/04 11:40:34.606] (INFO) Network heartbeat check: All OK.
[2015/11/04 11:40:34.606] (INFO) Backed up all server logs.
[2015/11/04 11:40:34.606] (ERROR) Blocked Little Bobby Tables attack (https://xkcd.com/327/) from 192.168.18.89.
[2015/11/04 11:40:34.606] (WARN) Retrying server log checkpoint.
[2015/11/04 11:40:34.606] (INFO) Waiting for supervisor process (PID 53587) to die.
[2015/11/04 11:40:34.606] (INFO) User "zyd8579" logged out.
[2015/11/04 11:40:34.606] (ERROR) Detected clock skew! Restarting NTP server.
[2015/11/04 11:40:34.606] (INFO) Checkpointing off-heap server memory...
[2015/11/04 11:40:34.606] (INFO) Sending SIGTERM to 4 excess workers.
[2015/11/04 11:40:34.606] (WARN) Dropped 11,987 corrupt data packets.
[2015/11/04 11:40:34.606] (INFO) Rolling 3 log file(s)...
[2015/11/04 11:40:34.606] (INFO) Checkpointing off-heap server memory...
[2015/11/04 11:40:34.606] (INFO) User "dex4106" logged out.
[2015/11/04 11:40:34.606] (INFO) Sending SIGTERM to 3 excess workers.
[2015/11/04 11:40:34.606] (INFO) Device 0x3cf2 is online.
[2015/11/04 11:40:34.606] (INFO) Backed up all server logs.
[2015/11/04 11:40:34.606] (INFO) Pinging watchdog timer process: Process is alive.
[2015/11/04 11:40:34.606] (INFO) User "eag2822" logged out due to inactivity (timeout=30 minutes).
[2015/11/04 11:40:34.606] (INFO) Supervisor has entered SUSPENDED state.
[2015/11/04 11:40:34.606] (INFO) Pinging watchdog timer process: Process is alive.
[2015/11/04 11:40:34.606] (INFO) .evian ylbirret si emehcs otpyrc ym neht ,siht daer nac uoy fI
[2015/11/04 11:40:34.606] (INFO) Device 0x1dd2 is online.
[2015/11/04 11:40:34.606] (INFO) Checkpointing off-heap server memory...
[2015/11/04 11:40:34.606] (ERROR) Network heartbeat check FAILED: Master host down?
[2015/11/04 11:40:34.606] (INFO) Rolling 2 log file(s)...
[2015/11/04 11:40:34.606] (INFO) Supervisor has entered RESTARTING state.
[2015/11/04 11:40:34.606] (INFO) Checkpointing off-heap server memory...
[2015/11/04 11:40:34.606] (INFO) User "ofk7916" logged in from 172.16.116.145.
[2015/11/04 11:40:34.606] (INFO) Network heartbeat check: All OK.
[2015/11/04 11:40:34.606] (INFO) Supervisor has entered WAITING state.
[2015/11/04 11:40:34.606] (WARN) Space on disk /dev/sdb3 is low: Only 427 MB available.
[2015/11/04 11:40:34.606] (INFO) Network heartbeat check: All OK.
[2015/11/04 11:40:34.606] (INFO) Backed up all server logs.
[2015/11/04 11:40:34.606] (ERROR) Directory index of "/var/data" is forbidden.
[2015/11/04 11:40:34.606] (INFO) Backed up all server logs.
[2015/11/04 11:40:34.606] (INFO) Alien monitor (aliend): Detected no space aliens.
[2015/11/04 11:40:34.606] (INFO) Supervisor has entered RUNNING state.
[2015/11/04 11:40:34.606] (INFO) Device 0x1d80 is online.
[2015/11/04 11:40:34.606] (WARN) Possible cyber-attack from a small unnamed island.
[2015/11/04 11:40:34.606] (INFO) User "yra1864" logged in from 192.168.77.86.
[2015/11/04 11:40:34.606] (WARN) Master took 601 ms to respond (threshold=500 ms)
[2015/11/04 11:40:34.606] (WARN) Unable to ping worker at 192.168.73.246. Retrying.
[2015/11/04 11:40:34.606] (INFO) Sending SIGTERM to 2 excess workers.
[2015/11/04 11:40:34.606] (INFO) Flushed 37 buffers to disk.
[2015/11/04 11:40:34.606] (INFO) User "xml9045" logged in from 192.168.48.127.
[2015/11/04 11:40:34.606] (INFO) User "ixt9052" logged out.
[2015/11/04 11:40:34.606] (INFO) Waiting for worker process (PID 56398) to die.
[2015/11/04 11:40:34.606] (ERROR) Detected incoming DDoS from 192.168.24.190.
[2015/11/04 11:40:34.606] (INFO) Flushed 70 buffers to disk.
[2015/11/04 11:40:34.606] (INFO) Rolling 9 log file(s)...
[2015/11/04 11:40:35.107] (INFO) Your mother called. She says you never call her.
[2015/11/04 11:40:35.107] (INFO) Flushed 40 buffers to disk.
[2015/11/04 11:40:35.107] (WARN) Space on disk /dev/sdb1 is low: Only 840 MB available.
[2015/11/04 11:40:35.107] (INFO) Pinging watchdog timer process: Process is alive.
[2015/11/04 11:40:35.107] (INFO) Your mother called. She says you never call her.
[2015/11/04 11:40:35.107] (INFO) User "jfv5225" logged out due to inactivity (timeout=30 minutes).
[2015/11/04 11:40:35.107] (ERROR) Directory index of "/var/data" is forbidden.
[2015/11/04 11:40:35.107] (INFO) User "fpk4206" logged out.
[2015/11/04 11:40:35.107] (INFO) Pinging watchdog timer process: Process is alive.
[2015/11/04 11:40:35.107] (INFO) Sending SIGTERM to 3 excess workers.
[2015/11/04 11:40:35.107] (INFO) User "mzx9224" logged out.
[2015/11/04 11:40:35.107] (INFO) Checkpointing off-heap server memory...
[2015/11/04 11:40:35.107] (INFO) User "wuu5502" logged in from 172.16.15.134.
[2015/11/04 11:40:35.107] (INFO) Backed up all server logs.
[2015/11/04 11:40:35.107] (INFO) Supervisor has entered RESTARTING state.
[2015/11/04 11:40:35.107] (INFO) Checked file systems for errors: All filesystems OK.
[2015/11/04 11:40:35.107] (INFO) Device 0x953a is online.
[2015/11/04 11:40:35.107] (INFO) User "gmb5157" logged in from 192.168.252.16.
[2015/11/04 11:40:35.107] (INFO) Supervisor has entered RESTARTING state.
[2015/11/04 11:40:35.107] (INFO) .evian ylbirret si emehcs otpyrc ym neht ,siht daer nac uoy fI
[2015/11/04 11:40:35.107] (INFO) .evian ylbirret si emehcs otpyrc ym neht ,siht daer nac uoy fI
[2015/11/04 11:40:35.107] (INFO) Backed up all server logs.
[2015/11/04 11:40:35.107] (INFO) Pinging watchdog timer process: Process is alive.
[2015/11/04 11:40:35.107] (INFO) Supervisor has entered SUSPENDED state.
[2015/11/04 11:40:35.107] (INFO) Supervisor has entered RUNNING state.
[2015/11/04 11:40:35.107] (INFO) Alien monitor (aliend): Detected no space aliens.
[2015/11/04 11:40:35.107] (INFO) Checked file systems for errors: All filesystems OK.
[2015/11/04 11:40:35.107] (INFO) Network heartbeat check: All OK.
[2015/11/04 11:40:35.107] (INFO) Alien monitor (aliend): Detected no space aliens.
[2015/11/04 11:40:35.107] (WARN) Watchdog timer crashed. Restarting it.
[2015/11/04 11:40:35.107] (INFO) Pinging watchdog timer process: Process is alive.
[2015/11/04 11:40:35.107] (INFO) Flushed 87 buffers to disk.
[2015/11/04 11:40:35.107] (INFO) Supervisor has entered RUNNING state.
[2015/11/04 11:40:35.107] (INFO) Rolling 5 log file(s)...
[2015/11/04 11:40:35.107] (INFO) User "idy8500" logged out due to inactivity (timeout=30 minutes).
[2015/11/04 11:40:35.107] (INFO) Alien monitor (aliend): Detected no space aliens.
[2015/11/04 11:40:35.107] (INFO) Your mother called. She says you never call her.
[2015/11/04 11:40:35.107] (WARN) Unable to ping monitor at 192.168.210.67. Retrying.
[2015/11/04 11:40:35.107] (INFO) Checkpointing off-heap server memory...
[2015/11/04 11:40:35.107] (WARN) Dropped 13,732 corrupt data packets.
[2015/11/04 11:40:35.107] (INFO) Checked file systems for errors: All filesystems OK.
[2015/11/04 11:40:35.107] (INFO) Pinging watchdog timer process: Process is alive.
[2015/11/04 11:40:35.107] (INFO) Sending SIGTERM to 3 excess workers.
[2015/11/04 11:40:35.107] (INFO) Backed up all server logs.
[2015/11/04 11:40:35.107] (ERROR) "/var/data/mHAtg50302.xslx": No such file or directory (ENOENT)
[2015/11/04 11:40:35.107] (INFO) User "mui1371" logged out due to inactivity (timeout=30 minutes).
[2015/11/04 11:40:35.107] (ERROR) Alien monitor (aliend): 3 space aliens are fiddling with the hardware!
[2015/11/04 11:40:35.107] (INFO) Waiting for master process (PID 31317) to die.
[2015/11/04 11:40:35.107] (INFO) Rolling 3 log file(s)...
[2015/11/04 11:40:35.107] (INFO) User "veo1514" logged out.
[2015/11/04 11:40:35.107] (INFO) Alien monitor (aliend): Detected no space aliens.
[2015/11/04 11:40:35.107] (ERROR) Detected clock skew! Restarting NTP server.
[2015/11/04 11:40:35.107] (INFO) Checked file systems for errors: All filesystems OK.
[2015/11/04 11:40:35.107] (WARN) Watchdog timer crashed. Restarting it.
[2015/11/04 11:40:35.107] (INFO) Flushed 65 buffers to disk.
[2015/11/04 11:40:35.107] (INFO) Device 0xa895 is online.
[2015/11/04 11:40:35.107] (INFO) Alien monitor (aliend): Detected no space aliens.
[2015/11/04 11:40:35.107] (INFO) Backed up all server logs.
[2015/11/04 11:40:35.107] (ERROR) Detected clock skew! Restarting NTP server.
[2015/11/04 11:40:35.107] (INFO) Supervisor has entered RESTARTING state.
[2015/11/04 11:40:35.107] (INFO) Network heartbeat check: All OK.
[2015/11/04 11:40:35.107] (WARN) There is no such thing as a free lunch.
[2015/11/04 11:40:35.107] (INFO) Supervisor has entered SUSPENDED state.
[2015/11/04 11:40:35.107] (INFO) Backed up all server logs.
[2015/11/04 11:40:35.107] (INFO) Pinging watchdog timer process: Process is alive.
[2015/11/04 11:40:35.107] (INFO) Checked file systems for errors: All filesystems OK.
[2015/11/04 11:40:35.107] (INFO) Checkpointing off-heap server memory...
[2015/11/04 11:40:35.107] (INFO) Flushed 63 buffers to disk.
[2015/11/04 11:40:35.107] (INFO) Backed up all server logs.
[2015/11/04 11:40:35.107] (INFO) Supervisor has entered RUNNING state.
[2015/11/04 11:40:35.107] (INFO) Sending SIGTERM to 3 excess workers.
[2015/11/04 11:40:35.107] (INFO) .evian ylbirret si emehcs otpyrc ym neht ,siht daer nac uoy fI
[2015/11/04 11:40:35.107] (INFO) Device 0xacd4 is online.
[2015/11/04 11:40:35.107] (INFO) Device 0x2063 is online.
[2015/11/04 11:40:35.107] (ERROR) Connection to 172.16.6.77 terminated unexpectedly. Reconnecting.
[2015/11/04 11:40:35.107] (INFO) Sending SIGTERM to 2 excess workers.
[2015/11/04 11:40:35.107] (WARN) CPU temperature exceeds 40º Celsius.
[2015/11/04 11:40:35.107] (INFO) Pinging watchdog timer process: Process is alive.
[2015/11/04 11:40:35.107] (INFO) Checkpointing off-heap server memory...
[2015/11/04 11:40:35.107] (INFO) Flushed 69 buffers to disk.
[2015/11/04 11:40:35.107] (INFO) Sending SIGTERM to 2 excess workers.
[2015/11/04 11:40:35.107] (ERROR) Worker 4 died with SIGURG. Restarting it.
[2015/11/04 11:40:35.107] (INFO) User "kuu2218" logged out.
[2015/11/04 11:40:35.107] (ERROR) Unable to mount /dev/sdf2. (Time to run fsck?)
[2015/11/04 11:40:35.107] (INFO) Sending SIGTERM to 3 excess workers.
[2015/11/04 11:40:35.107] (INFO) Sending SIGTERM to 2 excess workers.
[2015/11/04 11:40:35.107] (INFO) Rolling 6 log file(s)...
[2015/11/04 11:40:35.107] (INFO) Waiting for supervisor process (PID 18526) to die.
[2015/11/04 11:40:35.107] (WARN) Possible cyber-attack from a small unnamed island.
[2015/11/04 11:40:35.107] (INFO) User "bnz8084" logged in from 172.16.186.202.
[2015/11/04 11:40:35.107] (INFO) Waiting for master process (PID 41999) to die.
[2015/11/04 11:40:35.107] (INFO) .evian ylbirret si emehcs otpyrc ym neht ,siht daer nac uoy fI
[2015/11/04 11:40:35.107] (INFO) Device 0x0ba7 is online.
[2015/11/04 11:40:35.107] (ERROR) Detected clock skew! Restarting NTP server.
[2015/11/04 11:40:35.107] (INFO) User "dzh9216" logged out.
[2015/11/04 11:40:35.107] (WARN) Backup server 192.168.38.21 is offline.
[2015/11/04 11:40:35.107] (INFO) Rolling 5 log file(s)...
[2015/11/04 11:40:35.107] (INFO) Your mother called. She says you never call her.
[2015/11/04 11:40:35.107] (INFO) Your mother called. She says you never call her.
[2015/11/04 11:40:35.107] (ERROR) "/var/data/oOykt72969.xslx": Permission denied (EACCES)
[2015/11/04 11:40:35.607] (INFO) Supervisor has entered WAITING state.
[2015/11/04 11:40:35.607] (ERROR) Extra characters at end of line.
[2015/11/04 11:40:35.607] (INFO) Sending SIGTERM to 3 excess workers.
[2015/11/04 11:40:35.607] (INFO) Alien monitor (aliend): Detected no space aliens.
[2015/11/04 11:40:35.607] (INFO) Alien monitor (aliend): Detected no space aliens.
[2015/11/04 11:40:35.607] (INFO) Network heartbeat check: All OK.
[2015/11/04 11:40:35.607] (INFO) Backed up all server logs.
[2015/11/04 11:40:35.607] (INFO) Sending SIGTERM to 2 excess workers.
[2015/11/04 11:40:35.607] (WARN) Dropped 11,177 corrupt data packets.
[2015/11/04 11:40:35.607] (INFO) User "xxq6062" logged out due to inactivity (timeout=30 minutes).
[2015/11/04 11:40:35.607] (INFO) Alien monitor (aliend): Detected no space aliens.
[2015/11/04 11:40:35.607] (INFO) Checked file systems for errors: All filesystems OK.
[2015/11/04 11:40:35.607] (ERROR) Extra characters at end of line.
[2015/11/04 11:40:35.607] (INFO) Network heartbeat check: All OK.
[2015/11/04 11:40:35.607] (INFO) Device 0xc330 is online.
[2015/11/04 11:40:35.607] (ERROR) Failed to open "/mnt/fileserver02/OIWrV56328.csv": NFS timeout.
[2015/11/04 11:40:35.607] (INFO) Rolling 2 log file(s)...
[2015/11/04 11:40:35.607] (WARN) Master took 558 ms to respond (threshold=500 ms)
[2015/11/04 11:40:35.607] (INFO) User "uiu6241" logged out.
[2015/11/04 11:40:35.607] (INFO) Supervisor has entered RUNNING state.
[2015/11/04 11:40:35.607] (INFO) User "trj7993" logged in from 10.251.129.244.
[2015/11/04 11:40:35.607] (ERROR) Unable to authenticate user "mcm8655": LDAP server isn't responding.
[2015/11/04 11:40:35.607] (INFO) Checked file systems for errors: All filesystems OK.
[2015/11/04 11:40:35.607] (WARN) Watchdog timer crashed. Restarting it.
[2015/11/04 11:40:35.607] (INFO) Device 0x8d80 is online.
[2015/11/04 11:40:35.607] (INFO) Sending SIGTERM to 2 excess workers.
[2015/11/04 11:40:35.607] (INFO) Your mother called. She says you never call her.
[2015/11/04 11:40:35.607] (INFO) Device 0x49f1 is online.
[2015/11/04 11:40:35.607] (WARN) Watchdog timer crashed. Restarting it.
[2015/11/04 11:40:35.607] (INFO) Backed up all server logs.
[2015/11/04 11:40:35.607] (INFO) Flushed 45 buffers to disk.
[2015/11/04 11:40:35.607] (INFO) Checked file systems for errors: All filesystems OK.
[2015/11/04 11:40:35.607] (INFO) User "wcu4510" logged out due to inactivity (timeout=30 minutes).
[2015/11/04 11:40:35.607] (INFO) Pinging watchdog timer process: Process is alive.
[2015/11/04 11:40:35.607] (WARN) Network heartbeat check: 16 server(s) did not respond.
[2015/11/04 11:40:35.607] (INFO) User "hmn1678" logged in from 172.16.57.145.
[2015/11/04 11:40:35.607] (INFO) Supervisor has entered SUSPENDED state.
[2015/11/04 11:40:35.607] (ERROR) Blocked SSH traffic originating from 172.16.53.82.
[2015/11/04 11:40:35.607] (INFO) Rolling 9 log file(s)...
[2015/11/04 11:40:35.607] (ERROR) "/var/data/QAEOu95848.csv": No such file or directory (ENOENT)
[2015/11/04 11:40:35.607] (INFO) Waiting for supervisor process (PID 62452) to die.
[2015/11/04 11:40:35.607] (INFO) Sending SIGTERM to 3 excess workers.
[2015/11/04 11:40:35.607] (ERROR) CPU temperature exceeds 50º Celsius. Shutting down.
[2015/11/04 11:40:35.607] (INFO) Pinging watchdog timer process: Process is alive.
[2015/11/04 11:40:35.607] (INFO) Flushed 54 buffers to disk.
[2015/11/04 11:40:35.607] (INFO) Waiting for monitor process (PID 20042) to die.
[2015/11/04 11:40:35.607] (INFO) Alien monitor (aliend): Detected no space aliens.
[2015/11/04 11:40:35.607] (INFO) Checked file systems for errors: All filesystems OK.
[2015/11/04 11:40:35.607] (INFO) Supervisor has entered SUSPENDED state.
[2015/11/04 11:40:35.607] (WARN) There is no such thing as a free lunch.
[2015/11/04 11:40:35.607] (INFO) Rolling 9 log file(s)...
[2015/11/04 11:40:35.607] (INFO) Your mother called. She says you never call her.
[2015/11/04 11:40:35.607] (INFO) Sending SIGTERM to 2 excess workers.
[2015/11/04 11:40:35.607] (INFO) User "wit6910" logged in from 172.16.249.70.
[2015/11/04 11:40:35.607] (INFO) User "mlf1972" logged out due to inactivity (timeout=30 minutes).
[2015/11/04 11:40:35.607] (INFO) Supervisor has entered WAITING state.
[2015/11/04 11:40:35.607] (INFO) .evian ylbirret si emehcs otpyrc ym neht ,siht daer nac uoy fI
[2015/11/04 11:40:35.607] (INFO) .evian ylbirret si emehcs otpyrc ym neht ,siht daer nac uoy fI
[2015/11/04 11:40:35.607] (INFO) Device 0x4a65 is online.
[2015/11/04 11:40:35.607] (INFO) Flushed 45 buffers to disk.
[2015/11/04 11:40:35.607] (INFO) Sending SIGTERM to 2 excess workers.
[2015/11/04 11:40:35.607] (INFO) Alien monitor (aliend): Detected no space aliens.
[2015/11/04 11:40:35.607] (INFO) Checkpointing off-heap server memory...
[2015/11/04 11:40:35.607] (INFO) User "nns1129" logged in from 172.16.196.72.
[2015/11/04 11:40:35.607] (INFO) Checkpointing off-heap server memory...
[2015/11/04 11:40:35.607] (INFO) Device 0x2e5c is online.
[2015/11/04 11:40:35.607] (INFO) Flushed 86 buffers to disk.
[2015/11/04 11:40:35.607] (INFO) Alien monitor (aliend): Detected no space aliens.
[2015/11/04 11:40:35.607] (INFO) Checkpointing off-heap server memory...
[2015/11/04 11:40:35.607] (INFO) Supervisor has entered SUSPENDED state.
[2015/11/04 11:40:35.607] (INFO) .evian ylbirret si emehcs otpyrc ym neht ,siht daer nac uoy fI
[2015/11/04 11:40:35.607] (INFO) Sending SIGTERM to 4 excess workers.
[2015/11/04 11:40:35.607] (ERROR) Blocked Little Bobby Tables attack (https://xkcd.com/327/) from 192.168.44.252.
[2015/11/04 11:40:35.607] (INFO) Waiting for master process (PID 61880) to die.
[2015/11/04 11:40:35.607] (INFO) Rolling 8 log file(s)...
[2015/11/04 11:40:35.607] (INFO) .evian ylbirret si emehcs otpyrc ym neht ,siht daer nac uoy fI
[2015/11/04 11:40:35.607] (INFO) User "dlf3730" logged out.
[2015/11/04 11:40:35.607] (INFO) Your mother called. She says you never call her.
[2015/11/04 11:40:35.607] (INFO) Pinging watchdog timer process: Process is alive.
[2015/11/04 11:40:35.607] (INFO) Alien monitor (aliend): Detected no space aliens.
[2015/11/04 11:40:35.607] (INFO) Checkpointing off-heap server memory...
[2015/11/04 11:40:35.607] (INFO) Pinging watchdog timer process: Process is alive.
[2015/11/04 11:40:35.607] (ERROR) Failed to open "/mnt/fileserver02/pOCVy56219.csv": NFS timeout.
[2015/11/04 11:40:35.607] (WARN) Space on disk /dev/sdf3 is low: Only 512 MB available.
[2015/11/04 11:40:35.607] (ERROR) CPU temperature exceeds 50º Celsius. Shutting down.
[2015/11/04 11:40:35.607] (INFO) User "guy5626" logged out.
[2015/11/04 11:40:35.607] (INFO) Alien monitor (aliend): Detected no space aliens.
[2015/11/04 11:40:35.607] (INFO) Checked file systems for errors: All filesystems OK.
[2015/11/04 11:40:35.607] (INFO) Your mother called. She says you never call her.
[2015/11/04 11:40:35.607] (INFO) Supervisor has entered RUNNING state.
[2015/11/04 11:40:35.607] (INFO) Pinging watchdog timer process: Process is alive.
[2015/11/04 11:40:35.607] (INFO) Checked file systems for errors: All filesystems OK.
[2015/11/04 11:40:35.607] (INFO) Sending SIGTERM to 4 excess workers.
[2015/11/04 11:40:35.607] (ERROR) EFOODFAIL (Waiter, there's a fly in my soup).
[2015/11/04 11:40:35.607] (INFO) Pinging watchdog timer process: Process is alive.
[2015/11/04 11:40:35.607] (WARN) There is no such thing as a free lunch.
[2015/11/04 11:40:35.607] (INFO) Rolling 9 log file(s)...
[2015/11/04 11:40:35.607] (INFO) Rolling 8 log file(s)...
[2015/11/04 11:40:35.607] (INFO) Pinging watchdog timer process: Process is alive.
[2015/11/04 11:40:35.607] (INFO) Supervisor has entered RESTARTING state.
[2015/11/04 11:40:36.107] (WARN) Retrying server log checkpoint.
[2015/11/04 11:40:36.107] (INFO) Waiting for master process (PID 1470) to die.
[2015/11/04 11:40:36.107] (INFO) Waiting for supervisor process (PID 56748) to die.
[2015/11/04 11:40:36.107] (INFO) User "ggb1991" logged out due to inactivity (timeout=30 minutes).
[2015/11/04 11:40:36.107] (INFO) Flushed 89 buffers to disk.
[2015/11/04 11:40:36.107] (INFO) Rolling 4 log file(s)...
[2015/11/04 11:40:36.107] (INFO) Device 0x118c is online.
[2015/11/04 11:40:36.107] (INFO) .evian ylbirret si emehcs otpyrc ym neht ,siht daer nac uoy fI
[2015/11/04 11:40:36.107] (INFO) Checkpointing off-heap server memory...
[2015/11/04 11:40:36.107] (INFO) Pinging watchdog timer process: Process is alive.
[2015/11/04 11:40:36.107] (INFO) User "rho3173" logged out.
[2015/11/04 11:40:36.107] (INFO) Device 0xf79e is online.
[2015/11/04 11:40:36.107] (INFO) Waiting for monitor process (PID 7803) to die.
[2015/11/04 11:40:36.107] (INFO) User "aht1252" logged out.
[2015/11/04 11:40:36.107] (INFO) Network heartbeat check: All OK.
[2015/11/04 11:40:36.107] (INFO) Pinging watchdog timer process: Process is alive.
[2015/11/04 11:40:36.107] (INFO) Checked file systems for errors: All filesystems OK.
[2015/11/04 11:40:36.107] (INFO) Network heartbeat check: All OK.
[2015/11/04 11:40:36.107] (INFO) User "ize9689" logged out.
[2015/11/04 11:40:36.107] (ERROR) User "nsj2654" failed to log in 3 times. Disabling account.
[2015/11/04 11:40:36.107] (INFO) Rolling 9 log file(s)...
[2015/11/04 11:40:36.107] (INFO) Your mother called. She says you never call her.
[2015/11/04 11:40:36.107] (INFO) User "nlh5910" logged out due to inactivity (timeout=30 minutes).
[2015/11/04 11:40:36.107] (INFO) User "uzk8562" logged in from 192.168.241.204.
[2015/11/04 11:40:36.107] (INFO) Pinging watchdog timer process: Process is alive.
[2015/11/04 11:40:36.107] (INFO) User "fjb8990" logged out.
[2015/11/04 11:40:36.107] (INFO) Backed up all server logs.
[2015/11/04 11:40:36.107] (INFO) Supervisor has entered SUSPENDED state.
[2015/11/04 11:40:36.107] (WARN) There is no such thing as a free lunch.
[2015/11/04 11:40:36.107] (ERROR) EFOODFAIL (Waiter, there's a fly in my soup).
[2015/11/04 11:40:36.107] (ERROR) Unable to authenticate user "rzb8416": LDAP server isn't responding.
[2015/11/04 11:40:36.107] (INFO) Sending SIGTERM to 2 excess workers.
[2015/11/04 11:40:36.107] (INFO) Backed up all server logs.
[2015/11/04 11:40:36.107] (INFO) Network heartbeat check: All OK.
[2015/11/04 11:40:36.107] (INFO) Your mother called. She says you never call her.
[2015/11/04 11:40:36.107] (WARN) Dropped 15,982 corrupt data packets.
[2015/11/04 11:40:36.107] (ERROR) Worker 6 died with SIGTRAP. Restarting it.
[2015/11/04 11:40:36.107] (INFO) Your mother called. She says you never call her.
[2015/11/04 11:40:36.107] (INFO) Network heartbeat check: All OK.
[2015/11/04 11:40:36.107] (INFO) User "glx2125" logged in from 10.25.10.186.
[2015/11/04 11:40:36.107] (INFO) Pinging watchdog timer process: Process is alive.
[2015/11/04 11:40:36.107] (INFO) User "wgi9830" logged in from 172.16.176.119.
[2015/11/04 11:40:36.107] (INFO) Sending SIGTERM to 2 excess workers.
[2015/11/04 11:40:36.107] (INFO) Flushed 70 buffers to disk.
[2015/11/04 11:40:36.107] (INFO) Your mother called. She says you never call her.
[2015/11/04 11:40:36.107] (ERROR) "/var/data/uUKLU77869.xml": Permission denied (EACCES)
[2015/11/04 11:40:36.107] (INFO) Your mother called. She says you never call her.
[2015/11/04 11:40:36.107] (INFO) Flushed 64 buffers to disk.
[2015/11/04 11:40:36.107] (INFO) Pinging watchdog timer process: Process is alive.
[2015/11/04 11:40:36.107] (WARN) Ignoring SIGTERM. It's not that easy to get rid of me.
[2015/11/04 11:40:36.107] (INFO) User "gvv1163" logged in from 10.196.170.77.
[2015/11/04 11:40:36.107] (INFO) Sending SIGTERM to 3 excess workers.
[2015/11/04 11:40:36.107] (INFO) Flushed 86 buffers to disk.
[2015/11/04 11:40:36.107] (INFO) User "qlz1681" logged out.
[2015/11/04 11:40:36.107] (INFO) Backed up all server logs.
[2015/11/04 11:40:36.107] (ERROR) Detected clock skew! Restarting NTP server.
[2015/11/04 11:40:36.107] (INFO) Backed up all server logs.
[2015/11/04 11:40:36.107] (WARN) There is no such thing as a free lunch.
[2015/11/04 11:40:36.107] (INFO) Checkpointing off-heap server memory...
[2015/11/04 11:40:36.107] (INFO) Pinging watchdog timer process: Process is alive.
[2015/11/04 11:40:36.107] (WARN) Possible cyber-attack from China.
[2015/11/04 11:40:36.107] (INFO) Device 0x9850 is online.
[2015/11/04 11:40:36.107] (INFO) Sending SIGTERM to 4 excess workers.
[2015/11/04 11:40:36.107] (WARN) Possible cyber-attack from a small unnamed island.
[2015/11/04 11:40:36.107] (INFO) User "jhj6402" logged in from 10.17.14.194.
[2015/11/04 11:40:36.107] (WARN) Ignoring SIGTERM. It's not that easy to get rid of me.
[2015/11/04 11:40:36.107] (INFO) User "hdj9952" logged out due to inactivity (timeout=30 minutes).
[2015/11/04 11:40:36.107] (INFO) .evian ylbirret si emehcs otpyrc ym neht ,siht daer nac uoy fI
[2015/11/04 11:40:36.107] (INFO) Flushed 79 buffers to disk.
[2015/11/04 11:40:36.107] (INFO) Device 0xad54 is online.
[2015/11/04 11:40:36.107] (INFO) Waiting for supervisor process (PID 29763) to die.
[2015/11/04 11:40:36.107] (INFO) Backed up all server logs.
[2015/11/04 11:40:36.107] (INFO) Your mother called. She says you never call her.
[2015/11/04 11:40:36.107] (INFO) Sending SIGTERM to 2 excess workers.
[2015/11/04 11:40:36.107] (INFO) Sending SIGTERM to 3 excess workers.
[2015/11/04 11:40:36.107] (INFO) Device 0x7f78 is online.
[2015/11/04 11:40:36.107] (INFO) Your mother called. She says you never call her.
[2015/11/04 11:40:36.107] (WARN) Network heartbeat check: 7 server(s) did not respond.
[2015/11/04 11:40:36.107] (INFO) Supervisor has entered RESTARTING state.
[2015/11/04 11:40:36.107] (ERROR) Blocked nmap traffic originating from 192.168.210.98.
[2015/11/04 11:40:36.107] (INFO) Backed up all server logs.
[2015/11/04 11:40:36.107] (INFO) .evian ylbirret si emehcs otpyrc ym neht ,siht daer nac uoy fI
[2015/11/04 11:40:36.107] (INFO) Backed up all server logs.
[2015/11/04 11:40:36.107] (INFO) User "bpc7599" logged out.
[2015/11/04 11:40:36.107] (INFO) Flushed 87 buffers to disk.
[2015/11/04 11:40:36.107] (WARN) Backup server 172.16.39.227 is offline.
[2015/11/04 11:40:36.107] (INFO) Checked file systems for errors: All filesystems OK.
[2015/11/04 11:40:36.107] (INFO) Supervisor has entered RESTARTING state.
[2015/11/04 11:40:36.107] (INFO) User "hhz1321" logged out due to inactivity (timeout=30 minutes).
[2015/11/04 11:40:36.107] (INFO) Alien monitor (aliend): Detected no space aliens.
[2015/11/04 11:40:36.107] (ERROR) CPU temperature exceeds 50º Celsius. Shutting down.
[2015/11/04 11:40:36.107] (INFO) Waiting for monitor process (PID 30384) to die.
[2015/11/04 11:40:36.107] (INFO) Backed up all server logs.
[2015/11/04 11:40:36.107] (ERROR) Unable to authenticate user "fjq7448": LDAP server isn't responding.
[2015/11/04 11:40:36.107] (ERROR) Server log backup FAILED. See backup logs.
[2015/11/04 11:40:36.107] (INFO) Supervisor has entered RUNNING state.
[2015/11/04 11:40:36.107] (INFO) Rolling 5 log file(s)...
[2015/11/04 11:40:36.107] (ERROR) Directory index of "/var/data" is forbidden.
[2015/11/04 11:40:36.107] (INFO) Rolling 2 log file(s)...
[2015/11/04 11:40:36.107] (ERROR) Connection to 10.234.216.210 terminated unexpectedly. Reconnecting.
[2015/11/04 11:40:36.606] (INFO) Checkpointing off-heap server memory...
[2015/11/04 11:40:36.606] (INFO) Network heartbeat check: All OK.
[2015/11/04 11:40:36.606] (INFO) Checkpointing off-heap server memory...
[2015/11/04 11:40:36.606] (ERROR) Blocked Little Bobby Tables attack (https://xkcd.com/327/) from 10.53.191.75.
[2015/11/04 11:40:36.606] (INFO) Checkpointing off-heap server memory...
[2015/11/04 11:40:36.606] (INFO) Checkpointing off-heap server memory...
[2015/11/04 11:40:36.606] (INFO) Rolling 5 log file(s)...
[2015/11/04 11:40:36.606] (INFO) Your mother called. She says you never call her.
[2015/11/04 11:40:36.606] (INFO) Flushed 89 buffers to disk.
[2015/11/04 11:40:36.606] (INFO) Alien monitor (aliend): Detected no space aliens.
[2015/11/04 11:40:36.606] (INFO) Flushed 78 buffers to disk.
[2015/11/04 11:40:36.606] (INFO) Checkpointing off-heap server memory...
[2015/11/04 11:40:36.606] (INFO) User "hlr4187" logged in from 10.189.77.246.
[2015/11/04 11:40:36.606] (INFO) Checked file systems for errors: All filesystems OK.
[2015/11/04 11:40:36.606] (INFO) .evian ylbirret si emehcs otpyrc ym neht ,siht daer nac uoy fI
[2015/11/04 11:40:36.606] (INFO) Flushed 56 buffers to disk.
[2015/11/04 11:40:36.606] (INFO) Supervisor has entered RUNNING state.
[2015/11/04 11:40:36.606] (INFO) Backed up all server logs.
[2015/11/04 11:40:36.606] (INFO) .evian ylbirret si emehcs otpyrc ym neht ,siht daer nac uoy fI
[2015/11/04 11:40:36.606] (INFO) Checked file systems for errors: All filesystems OK.
[2015/11/04 11:40:36.606] (ERROR) Failed to write checkpoint file "/var/checkpoint/XfTOn59345: No space left on device (ENOSPC)
[2015/11/04 11:40:36.606] (ERROR) Unable to authenticate user "ggr1063": LDAP server isn't responding.
[2015/11/04 11:40:36.606] (INFO) Waiting for supervisor process (PID 41639) to die.
[2015/11/04 11:40:36.606] (INFO) User "rdb6635" logged out.
[2015/11/04 11:40:36.606] (INFO) Flushed 35 buffers to disk.
[2015/11/04 11:40:36.606] (INFO) Sending SIGTERM to 4 excess workers.
[2015/11/04 11:40:36.606] (INFO) Checkpointing off-heap server memory...
[2015/11/04 11:40:36.606] (INFO) Device 0x19da is online.
[2015/11/04 11:40:36.606] (INFO) Pinging watchdog timer process: Process is alive.
[2015/11/04 11:40:36.606] (INFO) Pinging watchdog timer process: Process is alive.
[2015/11/04 11:40:36.606] (INFO) Backed up all server logs.
[2015/11/04 11:40:36.606] (ERROR) Detected clock skew! Restarting NTP server.
[2015/11/04 11:40:36.606] (INFO) Checked file systems for errors: All filesystems OK.
[2015/11/04 11:40:36.606] (ERROR) "/var/data/KOVQx52543.xml": No such file or directory (ENOENT)
[2015/11/04 11:40:36.606] (INFO) Checked file systems for errors: All filesystems OK.
[2015/11/04 11:40:36.606] (INFO) Your mother called. She says you never call her.
[2015/11/04 11:40:36.606] (INFO) Your mother called. She says you never call her.
[2015/11/04 11:40:36.606] (INFO) Waiting for supervisor process (PID 20889) to die.
[2015/11/04 11:40:36.606] (INFO) Alien monitor (aliend): Detected no space aliens.
[2015/11/04 11:40:36.606] (INFO) Rolling 4 log file(s)...
[2015/11/04 11:40:36.606] (WARN) Watchdog timer crashed. Restarting it.
[2015/11/04 11:40:36.606] (INFO) Pinging watchdog timer process: Process is alive.
[2015/11/04 11:40:36.606] (INFO) Supervisor has entered SUSPENDED state.
[2015/11/04 11:40:36.606] (ERROR) Directory index of "/var/data" is forbidden.
[2015/11/04 11:40:36.606] (INFO) User "mey6693" logged out due to inactivity (timeout=30 minutes).
[2015/11/04 11:40:36.606] (INFO) Backed up all server logs.
[2015/11/04 11:40:36.606] (INFO) Your mother called. She says you never call her.
[2015/11/04 11:40:36.606] (INFO) Backed up all server logs.
[2015/11/04 11:40:36.606] (INFO) Backed up all server logs.
[2015/11/04 11:40:36.606] (INFO) User "jha8676" logged in from 192.168.80.31.
[2015/11/04 11:40:36.606] (INFO) Pinging watchdog timer process: Process is alive.
[2015/11/04 11:40:36.606] (INFO) User "vtx4351" logged out.
[2015/11/04 11:40:36.606] (INFO) User "fyp9697" logged out.
[2015/11/04 11:40:36.606] (INFO) User "crc9290" logged out due to inactivity (timeout=30 minutes).
[2015/11/04 11:40:36.606] (ERROR) Alien monitor (aliend): 2 space aliens are fiddling with the hardware!
[2015/11/04 11:40:36.606] (INFO) Pinging watchdog timer process: Process is alive.
[2015/11/04 11:40:36.606] (INFO) User "omr7689" logged out due to inactivity (timeout=30 minutes).
[2015/11/04 11:40:36.606] (INFO) Sending SIGTERM to 4 excess workers.
[2015/11/04 11:40:36.606] (INFO) Checked file systems for errors: All filesystems OK.
[2015/11/04 11:40:36.606] (INFO) Checked file systems for errors: All filesystems OK.
[2015/11/04 11:40:36.606] (INFO) Network heartbeat check: All OK.
[2015/11/04 11:40:36.606] (INFO) User "lla8114" logged in from 192.168.104.199.
[2015/11/04 11:40:36.606] (INFO) Waiting for worker process (PID 41103) to die.
[2015/11/04 11:40:36.606] (INFO) User "vxi7102" logged in from 192.168.21.142.
[2015/11/04 11:40:36.606] (INFO) Rolling 6 log file(s)...
[2015/11/04 11:40:36.606] (ERROR) "/var/data/YnRds64462.xml": Permission denied (EACCES)
[2015/11/04 11:40:36.606] (INFO) .evian ylbirret si emehcs otpyrc ym neht ,siht daer nac uoy fI
[2015/11/04 11:40:36.606] (WARN) Master took 771 ms to respond (threshold=500 ms)
[2015/11/04 11:40:36.606] (INFO) Sending SIGTERM to 3 excess workers.
[2015/11/04 11:40:36.606] (INFO) .evian ylbirret si emehcs otpyrc ym neht ,siht daer nac uoy fI
[2015/11/04 11:40:36.606] (ERROR) Extra characters at end of line.
[2015/11/04 11:40:36.606] (INFO) User "ssf7068" logged in from 192.168.61.15.
[2015/11/04 11:40:36.606] (INFO) User "gkb3566" logged out.
[2015/11/04 11:40:36.606] (INFO) Your mother called. She says you never call her.
[2015/11/04 11:40:36.606] (INFO) Alien monitor (aliend): Detected no space aliens.
[2015/11/04 11:40:36.606] (INFO) Flushed 35 buffers to disk.
[2015/11/04 11:40:36.606] (INFO) Checkpointing off-heap server memory...
[2015/11/04 11:40:36.606] (INFO) User "smc6864" logged in from 192.168.55.203.
[2015/11/04 11:40:36.606] (INFO) Network heartbeat check: All OK.
[2015/11/04 11:40:36.606] (WARN) Ignoring SIGTERM. It's not that easy to get rid of me.
[2015/11/04 11:40:36.606] (INFO) Pinging watchdog timer process: Process is alive.
[2015/11/04 11:40:36.606] (INFO) Waiting for master process (PID 9678) to die.
[2015/11/04 11:40:36.606] (INFO) Waiting for master process (PID 27857) to die.
[2015/11/04 11:40:36.606] (WARN) There is no such thing as a free lunch.
[2015/11/04 11:40:36.606] (INFO) Pinging watchdog timer process: Process is alive.
[2015/11/04 11:40:36.606] (INFO) Checkpointing off-heap server memory...
[2015/11/04 11:40:36.606] (INFO) .evian ylbirret si emehcs otpyrc ym neht ,siht daer nac uoy fI
[2015/11/04 11:40:36.606] (INFO) .evian ylbirret si emehcs otpyrc ym neht ,siht daer nac uoy fI
[2015/11/04 11:40:36.606] (INFO) Alien monitor (aliend): Detected no space aliens.
[2015/11/04 11:40:36.606] (INFO) Your mother called. She says you never call her.
[2015/11/04 11:40:36.606] (INFO) Your mother called. She says you never call her.
[2015/11/04 11:40:36.606] (INFO) Checkpointing off-heap server memory...
[2015/11/04 11:40:36.606] (WARN) Ignoring SIGTERM. It's not that easy to get rid of me.
[2015/11/04 11:40:36.606] (WARN) Retrying server log checkpoint.
[2015/11/04 11:40:36.606] (INFO) Supervisor has entered SUSPENDED state.
[2015/11/04 11:40:36.606] (ERROR) Extra characters at end of line.
[2015/11/04 11:40:36.606] (INFO) User "ctf5326" logged out due to inactivity (timeout=30 minutes).
[2015/11/04 11:40:36.606] (INFO) User "fec9508" logged in from 172.16.49.23.
[2015/11/04 11:40:36.606] (INFO) Flushed 33 buffers to disk.
[2015/11/04 11:40:36.606] (INFO) Rolling 7 log file(s)...
[2015/11/04 11:40:37.107] (INFO) Device 0xd98a is online.
[2015/11/04 11:40:37.107] (INFO) Flushed 54 buffers to disk.
[2015/11/04 11:40:37.107] (WARN) Space on disk /dev/sdd4 is low: Only 128 MB available.
[2015/11/04 11:40:37.107] (WARN) Network heartbeat check: 16 server(s) did not respond.
[2015/11/04 11:40:37.107] (INFO) Alien monitor (aliend): Detected no space aliens.
[2015/11/04 11:40:37.107] (INFO) Waiting for supervisor process (PID 16678) to die.
[2015/11/04 11:40:37.107] (INFO) Checked file systems for errors: All filesystems OK.
[2015/11/04 11:40:37.107] (ERROR) EFOODFAIL (Waiter, there's a fly in my soup).
[2015/11/04 11:40:37.107] (INFO) Sending SIGTERM to 2 excess workers.
[2015/11/04 11:40:37.107] (INFO) .evian ylbirret si emehcs otpyrc ym neht ,siht daer nac uoy fI
[2015/11/04 11:40:37.107] (INFO) Rolling 1 log file(s)...
[2015/11/04 11:40:37.107] (INFO) Pinging watchdog timer process: Process is alive.
[2015/11/04 11:40:37.107] (INFO) Your mother called. She says you never call her.
[2015/11/04 11:40:37.107] (INFO) .evian ylbirret si emehcs otpyrc ym neht ,siht daer nac uoy fI
[2015/11/04 11:40:37.107] (WARN) CPU temperature exceeds 40º Celsius.
[2015/11/04 11:40:37.107] (INFO) Rolling 8 log file(s)...
[2015/11/04 11:40:37.107] (INFO) Your mother called. She says you never call her.
[2015/11/04 11:40:37.107] (ERROR) One of the flayrods has gone out askew on treadle.
[2015/11/04 11:40:37.107] (INFO) Waiting for master process (PID 3391) to die.
[2015/11/04 11:40:37.107] (INFO) Checkpointing off-heap server memory...
[2015/11/04 11:40:37.107] (INFO) User "rpi2475" logged out.
[2015/11/04 11:40:37.107] (INFO) Rolling 4 log file(s)...
[2015/11/04 11:40:37.107] (INFO) User "wgo8600" logged in from 192.168.98.166.
[2015/11/04 11:40:37.107] (INFO) Rolling 1 log file(s)...
[2015/11/04 11:40:37.107] (INFO) Flushed 70 buffers to disk.
[2015/11/04 11:40:37.107] (INFO) Your mother called. She says you never call her.
[2015/11/04 11:40:37.107] (INFO) Supervisor has entered RESTARTING state.
[2015/11/04 11:40:37.107] (INFO) Pinging watchdog timer process: Process is alive.
[2015/11/04 11:40:37.107] (INFO) User "aff6167" logged in from 192.168.164.237.
[2015/11/04 11:40:37.107] (INFO) Network heartbeat check: All OK.
[2015/11/04 11:40:37.107] (ERROR) Failed to write checkpoint file "/var/checkpoint/lIwYP63115: No space left on device (ENOSPC)
[2015/11/04 11:40:37.107] (ERROR) Unable to write to "/var/data/bNwkx52806.xml": Permission denied (EACCES)
[2015/11/04 11:40:37.107] (INFO) User "lnc3050" logged out due to inactivity (timeout=30 minutes).
[2015/11/04 11:40:37.107] (INFO) Backed up all server logs.
[2015/11/04 11:40:37.107] (INFO) Waiting for supervisor process (PID 21719) to die.
[2015/11/04 11:40:37.107] (INFO) User "dsr8819" logged out due to inactivity (timeout=30 minutes).
[2015/11/04 11:40:37.107] (ERROR) Connection to 172.16.233.6 terminated unexpectedly. Reconnecting.
[2015/11/04 11:40:37.107] (INFO) Checked file systems for errors: All filesystems OK.
[2015/11/04 11:40:37.107] (INFO) Waiting for master process (PID 58732) to die.
[2015/11/04 11:40:37.107] (WARN) Possible cyber-attack from a small unnamed island.
[2015/11/04 11:40:37.107] (INFO) User "zlo2029" logged out due to inactivity (timeout=30 minutes).
[2015/11/04 11:40:37.107] (INFO) Pinging watchdog timer process: Process is alive.
[2015/11/04 11:40:37.107] (INFO) Your mother called. She says you never call her.
[2015/11/04 11:40:37.107] (INFO) User "noh4225" logged in from 192.168.77.189.
[2015/11/04 11:40:37.107] (ERROR) "/var/data/xCBbJ65802.parquet": No such file or directory (ENOENT)
[2015/11/04 11:40:37.107] (ERROR) Server log backup FAILED. See backup logs.
[2015/11/04 11:40:37.107] (INFO) Supervisor has entered RESTARTING state.
[2015/11/04 11:40:37.107] (INFO) .evian ylbirret si emehcs otpyrc ym neht ,siht daer nac uoy fI
[2015/11/04 11:40:37.107] (INFO) User "zsx2993" logged out.
[2015/11/04 11:40:37.107] (INFO) Supervisor has entered WAITING state.
[2015/11/04 11:40:37.107] (INFO) Your mother called. She says you never call her.
[2015/11/04 11:40:37.107] (INFO) Pinging watchdog timer process: Process is alive.
[2015/11/04 11:40:37.107] (INFO) Device 0xd32b is online.
[2015/11/04 11:40:37.107] (INFO) Device 0x80cf is online.
[2015/11/04 11:40:37.107] (INFO) Network heartbeat check: All OK.
[2015/11/04 11:40:37.107] (INFO) Your mother called. She says you never call her.
[2015/11/04 11:40:37.107] (INFO) Sending SIGTERM to 3 excess workers.
[2015/11/04 11:40:37.107] (INFO) Flushed 93 buffers to disk.
[2015/11/04 11:40:37.107] (ERROR) /dev/lp error: "PC LOAD LETTER"
[2015/11/04 11:40:37.107] (INFO) Rolling 6 log file(s)...
[2015/11/04 11:40:37.107] (INFO) Backed up all server logs.
[2015/11/04 11:40:37.107] (INFO) Device 0x3b97 is online.
[2015/11/04 11:40:37.107] (INFO) User "ovg6719" logged out.
[2015/11/04 11:40:37.107] (INFO) Checkpointing off-heap server memory...
[2015/11/04 11:40:37.107] (ERROR) Worker 1 died with SIGIOT. Restarting it.
[2015/11/04 11:40:37.107] (INFO) Backed up all server logs.
[2015/11/04 11:40:37.107] (INFO) Rolling 7 log file(s)...
[2015/11/04 11:40:37.107] (INFO) Network heartbeat check: All OK.
[2015/11/04 11:40:37.107] (INFO) User "xog8389" logged out due to inactivity (timeout=30 minutes).
[2015/11/04 11:40:37.107] (INFO) Checked file systems for errors: All filesystems OK.
[2015/11/04 11:40:37.107] (INFO) Sending SIGTERM to 4 excess workers.
[2015/11/04 11:40:37.107] (ERROR) Connection to 172.16.103.118 terminated unexpectedly. Reconnecting.
[2015/11/04 11:40:37.107] (INFO) Checked file systems for errors: All filesystems OK.
[2015/11/04 11:40:37.107] (INFO) Alien monitor (aliend): Detected no space aliens.
[2015/11/04 11:40:37.107] (INFO) Network heartbeat check: All OK.
[2015/11/04 11:40:37.107] (INFO) Checked file systems for errors: All filesystems OK.
[2015/11/04 11:40:37.107] (INFO) Checked file systems for errors: All filesystems OK.
[2015/11/04 11:40:37.107] (ERROR) Alien monitor (aliend): 3 space aliens are fiddling with the hardware!
[2015/11/04 11:40:37.107] (INFO) Backed up all server logs.
[2015/11/04 11:40:37.107] (WARN) CPU temperature exceeds 40º Celsius.
[2015/11/04 11:40:37.107] (INFO) Supervisor has entered RESTARTING state.
[2015/11/04 11:40:37.107] (WARN) Unable to ping worker at 10.18.200.91. Retrying.
[2015/11/04 11:40:37.107] (INFO) User "pjq1943" logged out.
[2015/11/04 11:40:37.107] (WARN) Unable to ping supervisor at 192.168.57.61. Retrying.
[2015/11/04 11:40:37.107] (INFO) Checked file systems for errors: All filesystems OK.
[2015/11/04 11:40:37.107] (INFO) Waiting for master process (PID 31759) to die.
[2015/11/04 11:40:37.107] (INFO) Sending SIGTERM to 4 excess workers.
[2015/11/04 11:40:37.107] (INFO) Rolling 4 log file(s)...
[2015/11/04 11:40:37.107] (INFO) Checkpointing off-heap server memory...
[2015/11/04 11:40:37.107] (INFO) .evian ylbirret si emehcs otpyrc ym neht ,siht daer nac uoy fI
[2015/11/04 11:40:37.107] (WARN) There is no such thing as a free lunch.
[2015/11/04 11:40:37.107] (WARN) There is no such thing as a free lunch.
[2015/11/04 11:40:37.107] (INFO) Sending SIGTERM to 3 excess workers.
[2015/11/04 11:40:37.107] (INFO) Flushed 44 buffers to disk.
[2015/11/04 11:40:37.107] (INFO) Sending SIGTERM to 4 excess workers.
[2015/11/04 11:40:37.107] (INFO) Sending SIGTERM to 2 excess workers.
[2015/11/04 11:40:37.107] (INFO) Sending SIGTERM to 3 excess workers.
[2015/11/04 11:40:37.107] (INFO) Backed up all server logs.
[2015/11/04 11:40:37.107] (INFO) Rolling 8 log file(s)...
[2015/11/04 11:40:37.107] (INFO) Rolling 1 log file(s)...
[2015/11/04 11:40:37.606] (INFO) Waiting for worker process (PID 37483) to die.
[2015/11/04 11:40:37.606] (INFO) .evian ylbirret si emehcs otpyrc ym neht ,siht daer nac uoy fI
[2015/11/04 11:40:37.606] (WARN) Possible cyber-attack from Antarctica.
[2015/11/04 11:40:37.606] (INFO) User "ruf8149" logged out.
[2015/11/04 11:40:37.606] (INFO) Alien monitor (aliend): Detected no space aliens.
[2015/11/04 11:40:37.606] (WARN) CPU temperature exceeds 40º Celsius.
[2015/11/04 11:40:37.606] (INFO) Alien monitor (aliend): Detected no space aliens.
[2015/11/04 11:40:37.606] (ERROR) Device 0xa8b8 is offline
[2015/11/04 11:40:37.606] (INFO) User "ven1517" logged out due to inactivity (timeout=30 minutes).
[2015/11/04 11:40:37.606] (INFO) Pinging watchdog timer process: Process is alive.
[2015/11/04 11:40:37.606] (INFO) User "gjp3611" logged out due to inactivity (timeout=30 minutes).
[2015/11/04 11:40:37.606] (INFO) Pinging watchdog timer process: Process is alive.
[2015/11/04 11:40:37.606] (ERROR) /dev/lp error: "PC LOAD LETTER"
[2015/11/04 11:40:37.606] (INFO) Network heartbeat check: All OK.
[2015/11/04 11:40:37.606] (ERROR) Extra characters at end of line.
[2015/11/04 11:40:37.606] (INFO) Device 0x698b is online.
[2015/11/04 11:40:37.606] (INFO) User "xmq3974" logged out due to inactivity (timeout=30 minutes).
[2015/11/04 11:40:37.606] (INFO) Waiting for master process (PID 15794) to die.
[2015/11/04 11:40:37.606] (INFO) User "msl1749" logged out.
[2015/11/04 11:40:37.606] (WARN) Master took 889 ms to respond (threshold=500 ms)
[2015/11/04 11:40:37.606] (INFO) Backed up all server logs.
[2015/11/04 11:40:37.606] (INFO) Pinging watchdog timer process: Process is alive.
[2015/11/04 11:40:37.606] (INFO) Checked file systems for errors: All filesystems OK.
[2015/11/04 11:40:37.606] (WARN) Watchdog timer crashed. Restarting it.
[2015/11/04 11:40:37.606] (INFO) Pinging watchdog timer process: Process is alive.
[2015/11/04 11:40:37.606] (ERROR) Extra characters at end of line.
[2015/11/04 11:40:37.606] (ERROR) /dev/lp error: "PC LOAD LETTER"
[2015/11/04 11:40:37.606] (INFO) User "ntl8617" logged out due to inactivity (timeout=30 minutes).
[2015/11/04 11:40:37.606] (WARN) Dropped 4,922 corrupt data packets.
[2015/11/04 11:40:37.606] (INFO) Alien monitor (aliend): Detected no space aliens.
[2015/11/04 11:40:37.606] (INFO) Backed up all server logs.
[2015/11/04 11:40:37.606] (INFO) Checkpointing off-heap server memory...
[2015/11/04 11:40:37.606] (INFO) Checked file systems for errors: All filesystems OK.
[2015/11/04 11:40:37.606] (ERROR) Unable to write to "/var/data/vAIEC50065.tsv": Permission denied (EACCES)
[2015/11/04 11:40:37.606] (INFO) Flushed 69 buffers to disk.
[2015/11/04 11:40:37.606] (WARN) Network heartbeat check: 5 server(s) did not respond.
[2015/11/04 11:40:37.606] (INFO) Network heartbeat check: All OK.
[2015/11/04 11:40:37.606] (INFO) Rolling 4 log file(s)...
[2015/11/04 11:40:37.606] (INFO) Supervisor has entered WAITING state.
[2015/11/04 11:40:37.606] (INFO) User "pze4583" logged out due to inactivity (timeout=30 minutes).
[2015/11/04 11:40:37.606] (INFO) Waiting for worker process (PID 46857) to die.
[2015/11/04 11:40:37.606] (INFO) User "wvp8067" logged in from 172.16.7.218.
[2015/11/04 11:40:37.606] (INFO) Your mother called. She says you never call her.
[2015/11/04 11:40:37.606] (INFO) Waiting for master process (PID 23114) to die.
[2015/11/04 11:40:37.606] (INFO) Checkpointing off-heap server memory...
[2015/11/04 11:40:37.606] (INFO) .evian ylbirret si emehcs otpyrc ym neht ,siht daer nac uoy fI
[2015/11/04 11:40:37.606] (INFO) Pinging watchdog timer process: Process is alive.
[2015/11/04 11:40:37.606] (INFO) User "sre6559" logged out due to inactivity (timeout=30 minutes).
[2015/11/04 11:40:37.606] (INFO) Rolling 6 log file(s)...
[2015/11/04 11:40:37.606] (WARN) Master took 844 ms to respond (threshold=500 ms)
[2015/11/04 11:40:37.606] (WARN) Space on disk /dev/sdb1 is low: Only 526 MB available.
[2015/11/04 11:40:37.606] (INFO) Sending SIGTERM to 4 excess workers.
[2015/11/04 11:40:37.606] (INFO) Pinging watchdog timer process: Process is alive.
[2015/11/04 11:40:37.606] (INFO) .evian ylbirret si emehcs otpyrc ym neht ,siht daer nac uoy fI
[2015/11/04 11:40:37.606] (INFO) Network heartbeat check: All OK.
[2015/11/04 11:40:37.606] (WARN) CPU temperature exceeds 40º Celsius.
[2015/11/04 11:40:37.606] (INFO) Flushed 28 buffers to disk.
[2015/11/04 11:40:37.606] (ERROR) Unable to authenticate user "ftp8720": LDAP server isn't responding.
[2015/11/04 11:40:37.606] (ERROR) Server log backup FAILED. See backup logs.
[2015/11/04 11:40:37.606] (INFO) Supervisor has entered SUSPENDED state.
[2015/11/04 11:40:37.606] (INFO) Waiting for supervisor process (PID 64075) to die.
[2015/11/04 11:40:37.606] (INFO) Supervisor has entered SUSPENDED state.
[2015/11/04 11:40:37.606] (INFO) Pinging watchdog timer process: Process is alive.
[2015/11/04 11:40:37.606] (ERROR) Alien monitor (aliend): 2 space aliens are fiddling with the hardware!
[2015/11/04 11:40:37.606] (INFO) User "qww3856" logged out.
[2015/11/04 11:40:37.606] (INFO) .evian ylbirret si emehcs otpyrc ym neht ,siht daer nac uoy fI
[2015/11/04 11:40:37.606] (WARN) Watchdog timer crashed. Restarting it.
[2015/11/04 11:40:37.606] (INFO) Waiting for monitor process (PID 34431) to die.
[2015/11/04 11:40:37.606] (INFO) Rolling 5 log file(s)...
[2015/11/04 11:40:37.606] (WARN) Space on disk /dev/sdf3 is low: Only 673 MB available.
[2015/11/04 11:40:37.606] (INFO) Pinging watchdog timer process: Process is alive.
[2015/11/04 11:40:37.606] (INFO) Checked file systems for errors: All filesystems OK.
[2015/11/04 11:40:37.606] (INFO) Alien monitor (aliend): Detected no space aliens.
[2015/11/04 11:40:37.606] (INFO) Checkpointing off-heap server memory...
[2015/11/04 11:40:37.606] (INFO) Checked file systems for errors: All filesystems OK.
[2015/11/04 11:40:37.606] (INFO) Checked file systems for errors: All filesystems OK.
[2015/11/04 11:40:37.606] (INFO) Pinging watchdog timer process: Process is alive.
[2015/11/04 11:40:37.606] (INFO) Alien monitor (aliend): Detected no space aliens.
[2015/11/04 11:40:37.606] (INFO) Device 0x7da1 is online.
[2015/11/04 11:40:37.607] (INFO) Pinging watchdog timer process: Process is alive.
[2015/11/04 11:40:37.607] (ERROR) Extra characters at end of line.
[2015/11/04 11:40:37.607] (INFO) Sending SIGTERM to 2 excess workers.
[2015/11/04 11:40:37.607] (INFO) Your mother called. She says you never call her.
[2015/11/04 11:40:37.607] (INFO) Checked file systems for errors: All filesystems OK.
[2015/11/04 11:40:37.607] (INFO) Alien monitor (aliend): Detected no space aliens.
[2015/11/04 11:40:37.607] (INFO) .evian ylbirret si emehcs otpyrc ym neht ,siht daer nac uoy fI
[2015/11/04 11:40:37.607] (INFO) Supervisor has entered SUSPENDED state.
[2015/11/04 11:40:37.607] (INFO) Rolling 6 log file(s)...
[2015/11/04 11:40:37.607] (INFO) Checked file systems for errors: All filesystems OK.
[2015/11/04 11:40:37.607] (INFO) Alien monitor (aliend): Detected no space aliens.
[2015/11/04 11:40:37.607] (ERROR) Directory index of "/var/data" is forbidden.
[2015/11/04 11:40:37.607] (INFO) Device 0xe376 is online.
[2015/11/04 11:40:37.607] (WARN) Dropped 13,174 corrupt data packets.
[2015/11/04 11:40:37.607] (INFO) Sending SIGTERM to 3 excess workers.
[2015/11/04 11:40:37.607] (INFO) Checked file systems for errors: All filesystems OK.
[2015/11/04 11:40:37.607] (INFO) Device 0xa1e4 is online.
[2015/11/04 11:40:37.607] (INFO) Checked file systems for errors: All filesystems OK.
[2015/11/04 11:40:37.607] (ERROR) Alien monitor (aliend): 3 space aliens are fiddling with the hardware!
[2015/11/04 11:40:37.607] (INFO) Network heartbeat check: All OK.
[2015/11/04 11:40:37.607] (INFO) Flushed 40 buffers to disk.
[2015/11/04 11:40:38.106] (INFO) Pinging watchdog timer process: Process is alive.
[2015/11/04 11:40:38.107] (INFO) Waiting for master process (PID 17437) to die.
[2015/11/04 11:40:38.107] (INFO) Checked file systems for errors: All filesystems OK.
[2015/11/04 11:40:38.107] (INFO) Checkpointing off-heap server memory...
[2015/11/04 11:40:38.107] (WARN) Network heartbeat check: 16 server(s) did not respond.
[2015/11/04 11:40:38.107] (INFO) Alien monitor (aliend): Detected no space aliens.
[2015/11/04 11:40:38.107] (INFO) Your mother called. She says you never call her.
[2015/11/04 11:40:38.107] (INFO) Flushed 55 buffers to disk.
[2015/11/04 11:40:38.107] (ERROR) Server log backup FAILED. See backup logs.
[2015/11/04 11:40:38.107] (INFO) Waiting for worker process (PID 19142) to die.
[2015/11/04 11:40:38.107] (INFO) .evian ylbirret si emehcs otpyrc ym neht ,siht daer nac uoy fI
[2015/11/04 11:40:38.107] (INFO) Flushed 69 buffers to disk.
[2015/11/04 11:40:38.107] (INFO) Your mother called. She says you never call her.
[2015/11/04 11:40:38.107] (INFO) Supervisor has entered SUSPENDED state.
[2015/11/04 11:40:38.107] (INFO) User "cby1576" logged out due to inactivity (timeout=30 minutes).
[2015/11/04 11:40:38.107] (ERROR) Unable to authenticate user "pdx8023": LDAP server isn't responding.
[2015/11/04 11:40:38.107] (INFO) .evian ylbirret si emehcs otpyrc ym neht ,siht daer nac uoy fI
[2015/11/04 11:40:38.107] (INFO) Flushed 50 buffers to disk.
[2015/11/04 11:40:38.107] (INFO) Flushed 40 buffers to disk.
[2015/11/04 11:40:38.107] (INFO) Flushed 51 buffers to disk.
[2015/11/04 11:40:38.107] (ERROR) Server log backup FAILED. See backup logs.
[2015/11/04 11:40:38.107] (INFO) Waiting for monitor process (PID 7738) to die.
[2015/11/04 11:40:38.107] (INFO) Alien monitor (aliend): Detected no space aliens.
[2015/11/04 11:40:38.107] (INFO) User "pps5501" logged out due to inactivity (timeout=30 minutes).
[2015/11/04 11:40:38.107] (INFO) Device 0xad4a is online.
[2015/11/04 11:40:38.107] (INFO) Device 0xb961 is online.
[2015/11/04 11:40:38.107] (INFO) Flushed 57 buffers to disk.
[2015/11/04 11:40:38.107] (INFO) Pinging watchdog timer process: Process is alive.
[2015/11/04 11:40:38.107] (INFO) Pinging watchdog timer process: Process is alive.
[2015/11/04 11:40:38.107] (INFO) Alien monitor (aliend): Detected no space aliens.
[2015/11/04 11:40:38.107] (INFO) Sending SIGTERM to 3 excess workers.
[2015/11/04 11:40:38.107] (ERROR) Unable to mount /dev/sdd4. (Time to run fsck?)
[2015/11/04 11:40:38.107] (INFO) Sending SIGTERM to 2 excess workers.
[2015/11/04 11:40:38.107] (INFO) Waiting for monitor process (PID 27991) to die.
[2015/11/04 11:40:38.107] (INFO) Device 0x1405 is online.
[2015/11/04 11:40:38.107] (INFO) Your mother called. She says you never call her.
[2015/11/04 11:40:38.107] (INFO) Supervisor has entered RESTARTING state.
[2015/11/04 11:40:38.107] (INFO) Rolling 5 log file(s)...
[2015/11/04 11:40:38.107] (WARN) Space on disk /dev/sdd3 is low: Only 472 MB available.
[2015/11/04 11:40:38.107] (INFO) Backed up all server logs.
[2015/11/04 11:40:38.107] (INFO) .evian ylbirret si emehcs otpyrc ym neht ,siht daer nac uoy fI
[2015/11/04 11:40:38.107] (INFO) Checkpointing off-heap server memory...
[2015/11/04 11:40:38.107] (INFO) User "dlf3988" logged out.
[2015/11/04 11:40:38.107] (WARN) CPU temperature exceeds 40º Celsius.
[2015/11/04 11:40:38.107] (INFO) Rolling 8 log file(s)...
[2015/11/04 11:40:38.107] (INFO) User "pxx7890" logged in from 10.77.242.59.
[2015/11/04 11:40:38.107] (INFO) Supervisor has entered RESTARTING state.
[2015/11/04 11:40:38.107] (INFO) Flushed 87 buffers to disk.
[2015/11/04 11:40:38.107] (INFO) Checked file systems for errors: All filesystems OK.
[2015/11/04 11:40:38.107] (INFO) Flushed 51 buffers to disk.
[2015/11/04 11:40:38.107] (INFO) User "kxn1637" logged in from 172.16.144.137.
[2015/11/04 11:40:38.107] (WARN) Retrying server log checkpoint.
[2015/11/04 11:40:38.107] (INFO) Pinging watchdog timer process: Process is alive.
[2015/11/04 11:40:38.107] (INFO) Checked file systems for errors: All filesystems OK.
[2015/11/04 11:40:38.107] (INFO) Backed up all server logs.
[2015/11/04 11:40:38.107] (INFO) .evian ylbirret si emehcs otpyrc ym neht ,siht daer nac uoy fI
[2015/11/04 11:40:38.107] (INFO) Your mother called. She says you never call her.
[2015/11/04 11:40:38.107] (INFO) Rolling 7 log file(s)...
[2015/11/04 11:40:38.107] (WARN) Space on disk /dev/sdd4 is low: Only 424 MB available.
[2015/11/04 11:40:38.107] (INFO) Flushed 66 buffers to disk.
[2015/11/04 11:40:38.107] (WARN) Space on disk /dev/sda4 is low: Only 274 MB available.
[2015/11/04 11:40:38.107] (INFO) Waiting for worker process (PID 55364) to die.
[2015/11/04 11:40:38.107] (INFO) .evian ylbirret si emehcs otpyrc ym neht ,siht daer nac uoy fI
[2015/11/04 11:40:38.107] (INFO) Network heartbeat check: All OK.
[2015/11/04 11:40:38.107] (INFO) Rolling 7 log file(s)...
[2015/11/04 11:40:38.107] (INFO) Checkpointing off-heap server memory...
[2015/11/04 11:40:38.107] (INFO) Checked file systems for errors: All filesystems OK.
[2015/11/04 11:40:38.107] (INFO) Checked file systems for errors: All filesystems OK.
[2015/11/04 11:40:38.107] (INFO) Sending SIGTERM to 2 excess workers.
[2015/11/04 11:40:38.107] (INFO) Backed up all server logs.
[2015/11/04 11:40:38.107] (INFO) User "qlb8180" logged in from 192.168.218.70.
[2015/11/04 11:40:38.107] (INFO) Pinging watchdog timer process: Process is alive.
[2015/11/04 11:40:38.107] (INFO) User "joa3647" logged out.
[2015/11/04 11:40:38.107] (INFO) Your mother called. She says you never call her.
[2015/11/04 11:40:38.107] (INFO) Your mother called. She says you never call her.
[2015/11/04 11:40:38.107] (INFO) Checked file systems for errors: All filesystems OK.
[2015/11/04 11:40:38.107] (INFO) Sending SIGTERM to 2 excess workers.
[2015/11/04 11:40:38.107] (INFO) Checked file systems for errors: All filesystems OK.
[2015/11/04 11:40:38.107] (ERROR) Worker 2 died with SIGIOT. Restarting it.
[2015/11/04 11:40:38.107] (ERROR) Failed to write checkpoint file "/var/checkpoint/gvVwO57904: No space left on device (ENOSPC)
[2015/11/04 11:40:38.107] (INFO) User "pnu4994" logged out.
[2015/11/04 11:40:38.107] (ERROR) EFOODFAIL (Waiter, there's a fly in my soup).
[2015/11/04 11:40:38.107] (INFO) Checked file systems for errors: All filesystems OK.
[2015/11/04 11:40:38.107] (INFO) Checkpointing off-heap server memory...
[2015/11/04 11:40:38.107] (INFO) Network heartbeat check: All OK.
[2015/11/04 11:40:38.107] (ERROR) Alien monitor (aliend): 3 space aliens are fiddling with the hardware!
[2015/11/04 11:40:38.107] (INFO) Pinging watchdog timer process: Process is alive.
[2015/11/04 11:40:38.107] (INFO) Your mother called. She says you never call her.
[2015/11/04 11:40:38.107] (ERROR) Alien monitor (aliend): 3 space aliens are fiddling with the hardware!
[2015/11/04 11:40:38.107] (INFO) Backed up all server logs.
[2015/11/04 11:40:38.107] (INFO) Your mother called. She says you never call her.
[2015/11/04 11:40:38.107] (INFO) Supervisor has entered RUNNING state.
[2015/11/04 11:40:38.107] (INFO) User "chf3088" logged out.
[2015/11/04 11:40:38.107] (WARN) Space on disk /dev/sda4 is low: Only 734 MB available.
[2015/11/04 11:40:38.107] (INFO) Rolling 7 log file(s)...
[2015/11/04 11:40:38.107] (INFO) User "lqi4296" logged in from 192.168.148.215.
[2015/11/04 11:40:38.107] (INFO) Checkpointing off-heap server memory...
[2015/11/04 11:40:38.107] (INFO) Rolling 9 log file(s)...
[2015/11/04 11:40:38.107] (INFO) Sending SIGTERM to 2 excess workers.
[2015/11/04 11:40:38.107] (INFO) Pinging watchdog timer process: Process is alive.
[2015/11/04 11:40:38.607] (INFO) .evian ylbirret si emehcs otpyrc ym neht ,siht daer nac uoy fI
[2015/11/04 11:40:38.607] (ERROR) Blocked Little Bobby Tables attack (https://xkcd.com/327/) from 10.80.90.131.
[2015/11/04 11:40:38.607] (ERROR) User "lgi9334" failed to log in 3 times. Disabling account.
[2015/11/04 11:40:38.607] (INFO) Supervisor has entered RESTARTING state.
[2015/11/04 11:40:38.607] (INFO) Waiting for supervisor process (PID 27947) to die.
[2015/11/04 11:40:38.607] (INFO) .evian ylbirret si emehcs otpyrc ym neht ,siht daer nac uoy fI
[2015/11/04 11:40:38.607] (INFO) Flushed 55 buffers to disk.
[2015/11/04 11:40:38.607] (INFO) User "wjx8394" logged in from 10.156.253.13.
[2015/11/04 11:40:38.607] (INFO) Waiting for worker process (PID 11674) to die.
[2015/11/04 11:40:38.607] (INFO) Supervisor has entered RESTARTING state.
[2015/11/04 11:40:38.607] (ERROR) Server log backup FAILED. See backup logs.
[2015/11/04 11:40:38.607] (INFO) User "aym6147" logged out due to inactivity (timeout=30 minutes).
[2015/11/04 11:40:38.607] (INFO) Checkpointing off-heap server memory...
[2015/11/04 11:40:38.607] (ERROR) User "aym9733" failed to log in 3 times. Disabling account.
[2015/11/04 11:40:38.607] (WARN) Watchdog timer crashed. Restarting it.
[2015/11/04 11:40:38.607] (WARN) Master took 896 ms to respond (threshold=500 ms)
[2015/11/04 11:40:38.607] (INFO) Your mother called. She says you never call her.
[2015/11/04 11:40:38.607] (INFO) .evian ylbirret si emehcs otpyrc ym neht ,siht daer nac uoy fI
[2015/11/04 11:40:38.607] (WARN) Watchdog timer crashed. Restarting it.
[2015/11/04 11:40:38.607] (INFO) User "mqk9565" logged out due to inactivity (timeout=30 minutes).
[2015/11/04 11:40:38.607] (INFO) Backed up all server logs.
[2015/11/04 11:40:38.607] (INFO) Checked file systems for errors: All filesystems OK.
[2015/11/04 11:40:38.607] (INFO) Sending SIGTERM to 3 excess workers.
[2015/11/04 11:40:38.607] (INFO) Flushed 59 buffers to disk.
[2015/11/04 11:40:38.607] (INFO) User "dan2810" logged out.
[2015/11/04 11:40:38.607] (INFO) Backed up all server logs.
[2015/11/04 11:40:38.607] (INFO) Waiting for worker process (PID 57631) to die.
[2015/11/04 11:40:38.607] (INFO) Waiting for monitor process (PID 1363) to die.
[2015/11/04 11:40:38.607] (INFO) Rolling 8 log file(s)...
[2015/11/04 11:40:38.607] (INFO) Device 0xdff5 is online.
[2015/11/04 11:40:38.607] (INFO) Rolling 9 log file(s)...
[2015/11/04 11:40:38.607] (INFO) Waiting for monitor process (PID 58454) to die.
[2015/11/04 11:40:38.607] (INFO) User "fae7156" logged in from 10.50.96.41.
[2015/11/04 11:40:38.607] (WARN) Master took 742 ms to respond (threshold=500 ms)
[2015/11/04 11:40:38.607] (INFO) Waiting for monitor process (PID 25505) to die.
[2015/11/04 11:40:38.607] (INFO) Device 0xe192 is online.
[2015/11/04 11:40:38.607] (INFO) .evian ylbirret si emehcs otpyrc ym neht ,siht daer nac uoy fI
[2015/11/04 11:40:38.607] (INFO) Your mother called. She says you never call her.
[2015/11/04 11:40:38.607] (ERROR) "/var/data/GLXMT89658.zip": No such file or directory (ENOENT)
[2015/11/04 11:40:38.607] (INFO) User "yyr3416" logged out due to inactivity (timeout=30 minutes).
[2015/11/04 11:40:38.607] (INFO) Your mother called. She says you never call her.
[2015/11/04 11:40:38.607] (INFO) Your mother called. She says you never call her.
[2015/11/04 11:40:38.607] (ERROR) Network heartbeat check FAILED: Master host down?
[2015/11/04 11:40:38.607] (WARN) Dropped 2,954 corrupt data packets.
[2015/11/04 11:40:38.607] (INFO) Waiting for monitor process (PID 37223) to die.
[2015/11/04 11:40:38.607] (INFO) User "pdv4338" logged in from 172.16.223.79.
[2015/11/04 11:40:38.607] (INFO) Waiting for worker process (PID 35165) to die.
[2015/11/04 11:40:38.607] (INFO) Flushed 52 buffers to disk.
[2015/11/04 11:40:38.607] (INFO) Waiting for monitor process (PID 59209) to die.
[2015/11/04 11:40:38.607] (INFO) Backed up all server logs.
[2015/11/04 11:40:38.607] (INFO) Device 0x94e2 is online.
[2015/11/04 11:40:38.607] (WARN) Backup server 10.211.223.194 is offline.
[2015/11/04 11:40:38.607] (ERROR) Detected incoming DDoS from 192.168.203.240.
[2015/11/04 11:40:38.607] (INFO) .evian ylbirret si emehcs otpyrc ym neht ,siht daer nac uoy fI
[2015/11/04 11:40:38.607] (INFO) User "jxx9966" logged out due to inactivity (timeout=30 minutes).
[2015/11/04 11:40:38.607] (INFO) Alien monitor (aliend): Detected no space aliens.
[2015/11/04 11:40:38.607] (ERROR) Unable to mount /dev/sdb2. (Time to run fsck?)
[2015/11/04 11:40:38.607] (INFO) Checkpointing off-heap server memory...
[2015/11/04 11:40:38.607] (INFO) Alien monitor (aliend): Detected no space aliens.
[2015/11/04 11:40:38.607] (WARN) Unable to ping supervisor at 172.16.5.6. Retrying.
[2015/11/04 11:40:38.607] (INFO) Waiting for master process (PID 16336) to die.
[2015/11/04 11:40:38.607] (ERROR) Extra characters at end of line.
[2015/11/04 11:40:38.607] (INFO) Checkpointing off-heap server memory...
[2015/11/04 11:40:38.607] (INFO) Waiting for supervisor process (PID 1353) to die.
[2015/11/04 11:40:38.607] (WARN) Network heartbeat check: 15 server(s) did not respond.
[2015/11/04 11:40:38.607] (INFO) Pinging watchdog timer process: Process is alive.
[2015/11/04 11:40:38.607] (WARN) Space on disk /dev/sdd1 is low: Only 463 MB available.
[2015/11/04 11:40:38.607] (WARN) There is no such thing as a free lunch.
[2015/11/04 11:40:38.607] (INFO) Flushed 52 buffers to disk.
[2015/11/04 11:40:38.607] (INFO) User "ghf2163" logged in from 10.68.16.247.
[2015/11/04 11:40:38.607] (INFO) Alien monitor (aliend): Detected no space aliens.
[2015/11/04 11:40:38.607] (INFO) Backed up all server logs.
[2015/11/04 11:40:38.607] (INFO) User "daw3555" logged out.
[2015/11/04 11:40:38.607] (INFO) Your mother called. She says you never call her.
[2015/11/04 11:40:38.607] (ERROR) Blocked SMTP traffic originating from 192.168.60.240.
[2015/11/04 11:40:38.607] (ERROR) Network heartbeat check FAILED: Master host down?
[2015/11/04 11:40:38.607] (INFO) Rolling 5 log file(s)...
[2015/11/04 11:40:38.607] (INFO) Pinging watchdog timer process: Process is alive.
[2015/11/04 11:40:38.607] (INFO) Checked file systems for errors: All filesystems OK.
[2015/11/04 11:40:38.607] (INFO) Flushed 24 buffers to disk.
[2015/11/04 11:40:38.607] (ERROR) "/var/data/aLOUq70945.xml": Permission denied (EACCES)
[2015/11/04 11:40:38.607] (INFO) Alien monitor (aliend): Detected no space aliens.
[2015/11/04 11:40:38.607] (INFO) Checked file systems for errors: All filesystems OK.
[2015/11/04 11:40:38.607] (INFO) Flushed 75 buffers to disk.
[2015/11/04 11:40:38.607] (ERROR) User "zdu3739" failed to log in 3 times. Disabling account.
[2015/11/04 11:40:38.607] (INFO) Pinging watchdog timer process: Process is alive.
[2015/11/04 11:40:38.607] (WARN) There is no such thing as a free lunch.
[2015/11/04 11:40:38.607] (INFO) Supervisor has entered RUNNING state.
[2015/11/04 11:40:38.607] (INFO) .evian ylbirret si emehcs otpyrc ym neht ,siht daer nac uoy fI
[2015/11/04 11:40:38.607] (WARN) Master took 895 ms to respond (threshold=500 ms)
[2015/11/04 11:40:38.607] (INFO) User "hst2592" logged out.
[2015/11/04 11:40:38.607] (WARN) Retrying server log checkpoint.
[2015/11/04 11:40:38.607] (INFO) Sending SIGTERM to 3 excess workers.
[2015/11/04 11:40:38.607] (INFO) Device 0x3024 is online.
[2015/11/04 11:40:38.607] (INFO) Sending SIGTERM to 4 excess workers.
[2015/11/04 11:40:38.607] (INFO) Network heartbeat check: All OK.
[2015/11/04 11:40:38.607] (INFO) Waiting for monitor process (PID 51284) to die.
[2015/11/04 11:40:38.607] (INFO) Device 0x8610 is online.
[2015/11/04 11:40:38.607] (INFO) User "bxd4286" logged in from 192.168.112.39.
[2015/11/04 11:40:38.607] (WARN) Unable to ping supervisor at 172.16.126.130. Retrying.
[2015/11/04 11:40:39.107] (INFO) Pinging watchdog timer process: Process is alive.
[2015/11/04 11:40:39.107] (INFO) Backed up all server logs.
[2015/11/04 11:40:39.107] (INFO) Waiting for worker process (PID 26119) to die.
[2015/11/04 11:40:39.107] (ERROR) "/var/data/RGBdb67873.zip": No such file or directory (ENOENT)
[2015/11/04 11:40:39.107] (INFO) Checkpointing off-heap server memory...
[2015/11/04 11:40:39.107] (INFO) Supervisor has entered SUSPENDED state.
[2015/11/04 11:40:39.107] (INFO) Checked file systems for errors: All filesystems OK.
[2015/11/04 11:40:39.107] (INFO) Flushed 86 buffers to disk.
[2015/11/04 11:40:39.107] (WARN) Master took 674 ms to respond (threshold=500 ms)
[2015/11/04 11:40:39.107] (INFO) Waiting for master process (PID 57700) to die.
[2015/11/04 11:40:39.107] (ERROR) Detected incoming DDoS from 192.168.249.22.
[2015/11/04 11:40:39.107] (INFO) Supervisor has entered SUSPENDED state.
[2015/11/04 11:40:39.107] (INFO) User "zhy6305" logged out due to inactivity (timeout=30 minutes).
[2015/11/04 11:40:39.107] (WARN) There is no such thing as a free lunch.
[2015/11/04 11:40:39.107] (INFO) Flushed 32 buffers to disk.
[2015/11/04 11:40:39.107] (INFO) Backed up all server logs.
[2015/11/04 11:40:39.107] (INFO) Supervisor has entered RESTARTING state.
[2015/11/04 11:40:39.107] (ERROR) Failed to write checkpoint file "/var/checkpoint/XaPNd58334: No space left on device (ENOSPC)
[2015/11/04 11:40:39.107] (WARN) Watchdog timer crashed. Restarting it.
[2015/11/04 11:40:39.107] (INFO) Device 0xa2f8 is online.
[2015/11/04 11:40:39.107] (ERROR) Failed to write checkpoint file "/var/checkpoint/GVdBQ61634: No space left on device (ENOSPC)
[2015/11/04 11:40:39.107] (WARN) Watchdog timer crashed. Restarting it.
[2015/11/04 11:40:39.107] (INFO) Pinging watchdog timer process: Process is alive.
[2015/11/04 11:40:39.107] (INFO) Network heartbeat check: All OK.
[2015/11/04 11:40:39.107] (INFO) Supervisor has entered RUNNING state.
[2015/11/04 11:40:39.107] (INFO) Backed up all server logs.
[2015/11/04 11:40:39.107] (INFO) Waiting for worker process (PID 23623) to die.
[2015/11/04 11:40:39.107] (INFO) Device 0x850c is online.
[2015/11/04 11:40:39.107] (INFO) Device 0x6147 is online.
[2015/11/04 11:40:39.107] (INFO) Checkpointing off-heap server memory...
[2015/11/04 11:40:39.107] (INFO) Device 0x5916 is online.
[2015/11/04 11:40:39.107] (INFO) Checkpointing off-heap server memory...
[2015/11/04 11:40:39.107] (ERROR) Unable to write to "/var/data/ZKgcw79393.xslx": Permission denied (EACCES)
[2015/11/04 11:40:39.107] (INFO) Checked file systems for errors: All filesystems OK.
[2015/11/04 11:40:39.107] (INFO) Sending SIGTERM to 4 excess workers.
[2015/11/04 11:40:39.107] (INFO) Checkpointing off-heap server memory...
[2015/11/04 11:40:39.107] (INFO) User "inq6876" logged out.
[2015/11/04 11:40:39.107] (INFO) Flushed 20 buffers to disk.
[2015/11/04 11:40:39.107] (INFO) Checked file systems for errors: All filesystems OK.
[2015/11/04 11:40:39.107] (INFO) .evian ylbirret si emehcs otpyrc ym neht ,siht daer nac uoy fI
[2015/11/04 11:40:39.107] (ERROR) Alien monitor (aliend): 3 space aliens are fiddling with the hardware!
[2015/11/04 11:40:39.107] (INFO) Flushed 86 buffers to disk.
[2015/11/04 11:40:39.107] (INFO) Supervisor has entered RUNNING state.
[2015/11/04 11:40:39.107] (INFO) User "pqk4304" logged out.
[2015/11/04 11:40:39.107] (INFO) Checkpointing off-heap server memory...
[2015/11/04 11:40:39.107] (INFO) Flushed 65 buffers to disk.
[2015/11/04 11:40:39.107] (INFO) Pinging watchdog timer process: Process is alive.
[2015/11/04 11:40:39.107] (INFO) Rolling 6 log file(s)...
[2015/11/04 11:40:39.107] (INFO) Backed up all server logs.
[2015/11/04 11:40:39.107] (WARN) Dropped 10,455 corrupt data packets.
[2015/11/04 11:40:39.107] (INFO) Checkpointing off-heap server memory...
[2015/11/04 11:40:39.107] (ERROR) "/var/data/hMLlE74642.tsv": Permission denied (EACCES)
[2015/11/04 11:40:39.107] (ERROR) Blocked Little Bobby Tables attack (https://xkcd.com/327/) from 10.30.62.157.
[2015/11/04 11:40:39.107] (INFO) Alien monitor (aliend): Detected no space aliens.
[2015/11/04 11:40:39.107] (INFO) Device 0x1325 is online.
[2015/11/04 11:40:39.107] (INFO) User "mpj2700" logged out due to inactivity (timeout=30 minutes).
[2015/11/04 11:40:39.107] (INFO) User "she5497" logged out due to inactivity (timeout=30 minutes).
[2015/11/04 11:40:39.107] (INFO) User "iso4435" logged out.
[2015/11/04 11:40:39.107] (INFO) Flushed 60 buffers to disk.
[2015/11/04 11:40:39.107] (INFO) User "ime6624" logged out.
[2015/11/04 11:40:39.107] (WARN) There is no such thing as a free lunch.
[2015/11/04 11:40:39.107] (INFO) Pinging watchdog timer process: Process is alive.
[2015/11/04 11:40:39.107] (INFO) User "njx9620" logged in from 10.151.163.26.
[2015/11/04 11:40:39.107] (WARN) Unable to ping monitor at 172.16.217.21. Retrying.
[2015/11/04 11:40:39.107] (ERROR) Extra characters at end of line.
[2015/11/04 11:40:39.107] (INFO) Your mother called. She says you never call her.
[2015/11/04 11:40:39.107] (INFO) Backed up all server logs.
[2015/11/04 11:40:39.107] (WARN) Master took 877 ms to respond (threshold=500 ms)
[2015/11/04 11:40:39.107] (INFO) Flushed 62 buffers to disk.
[2015/11/04 11:40:39.107] (INFO) Pinging watchdog timer process: Process is alive.
[2015/11/04 11:40:39.107] (INFO) User "wac4327" logged in from 192.168.108.124.
[2015/11/04 11:40:39.107] (INFO) .evian ylbirret si emehcs otpyrc ym neht ,siht daer nac uoy fI
[2015/11/04 11:40:39.107] (INFO) Network heartbeat check: All OK.
[2015/11/04 11:40:39.107] (ERROR) Unable to write to "/var/data/rcugP90035.xml": Permission denied (EACCES)
[2015/11/04 11:40:39.107] (INFO) User "ano7264" logged in from 10.138.215.229.
[2015/11/04 11:40:39.107] (WARN) Network heartbeat check: 19 server(s) did not respond.
[2015/11/04 11:40:39.107] (INFO) Sending SIGTERM to 2 excess workers.
[2015/11/04 11:40:39.107] (INFO) User "btr1691" logged in from 192.168.196.135.
[2015/11/04 11:40:39.107] (INFO) User "rui9613" logged in from 10.219.177.207.
[2015/11/04 11:40:39.107] (INFO) .evian ylbirret si emehcs otpyrc ym neht ,siht daer nac uoy fI
[2015/11/04 11:40:39.107] (INFO) Waiting for supervisor process (PID 40545) to die.
[2015/11/04 11:40:39.107] (INFO) Rolling 2 log file(s)...
[2015/11/04 11:40:39.107] (INFO) User "rpv4869" logged out.
[2015/11/04 11:40:39.107] (INFO) Device 0x664d is online.
[2015/11/04 11:40:39.107] (INFO) Pinging watchdog timer process: Process is alive.
[2015/11/04 11:40:39.107] (INFO) User "upw6892" logged out.
[2015/11/04 11:40:39.107] (INFO) Backed up all server logs.
[2015/11/04 11:40:39.107] (ERROR) "/var/data/CihYX60732.txt": Permission denied (EACCES)
[2015/11/04 11:40:39.107] (ERROR) Unable to authenticate user "uca6841": LDAP server isn't responding.
[2015/11/04 11:40:39.107] (INFO) .evian ylbirret si emehcs otpyrc ym neht ,siht daer nac uoy fI
[2015/11/04 11:40:39.107] (INFO) Backed up all server logs.
[2015/11/04 11:40:39.107] (INFO) Pinging watchdog timer process: Process is alive.
[2015/11/04 11:40:39.107] (INFO) Backed up all server logs.
[2015/11/04 11:40:39.107] (ERROR) Alien monitor (aliend): 3 space aliens are fiddling with the hardware!
[2015/11/04 11:40:39.107] (WARN) Dropped 10,086 corrupt data packets.
[2015/11/04 11:40:39.107] (INFO) Your mother called. She says you never call her.
[2015/11/04 11:40:39.107] (INFO) Supervisor has entered RESTARTING state.
[2015/11/04 11:40:39.107] (WARN) Network heartbeat check: 1 server(s) did not respond.
[2015/11/04 11:40:39.107] (INFO) User "azt2289" logged in from 172.16.189.75.
[2015/11/04 11:40:39.107] (INFO) Supervisor has entered RESTARTING state.
[2015/11/04 11:40:39.608] (INFO) User "wfm8151" logged out.
[2015/11/04 11:40:39.608] (WARN) Backup server 10.25.189.167 is offline.
[2015/11/04 11:40:39.608] (ERROR) Failed to open "/mnt/fileserver02/KMmDL60550.txt": NFS timeout.
[2015/11/04 11:40:39.608] (ERROR) Unable to mount /dev/sdd4. (Time to run fsck?)
[2015/11/04 11:40:39.608] (INFO) Device 0x2567 is online.
[2015/11/04 11:40:39.608] (INFO) Pinging watchdog timer process: Process is alive.
[2015/11/04 11:40:39.608] (INFO) Flushed 96 buffers to disk.
[2015/11/04 11:40:39.608] (INFO) Network heartbeat check: All OK.
[2015/11/04 11:40:39.608] (INFO) Alien monitor (aliend): Detected no space aliens.
[2015/11/04 11:40:39.608] (INFO) Flushed 86 buffers to disk.
[2015/11/04 11:40:39.608] (INFO) Backed up all server logs.
[2015/11/04 11:40:39.608] (INFO) Backed up all server logs.
[2015/11/04 11:40:39.608] (INFO) User "rwm8581" logged in from 172.16.108.105.
[2015/11/04 11:40:39.608] (INFO) Flushed 67 buffers to disk.
[2015/11/04 11:40:39.608] (INFO) Waiting for monitor process (PID 56754) to die.
[2015/11/04 11:40:39.608] (ERROR) User "vvt3002" failed to log in 3 times. Disabling account.
[2015/11/04 11:40:39.608] (INFO) Checkpointing off-heap server memory...
[2015/11/04 11:40:39.608] (INFO) Backed up all server logs.
[2015/11/04 11:40:39.608] (INFO) Checkpointing off-heap server memory...
[2015/11/04 11:40:39.608] (INFO) User "vjb7299" logged out due to inactivity (timeout=30 minutes).
[2015/11/04 11:40:39.608] (INFO) Supervisor has entered SUSPENDED state.
[2015/11/04 11:40:39.608] (INFO) Device 0xadb7 is online.
[2015/11/04 11:40:39.608] (ERROR) CPU temperature exceeds 50º Celsius. Shutting down.
[2015/11/04 11:40:39.608] (ERROR) Unable to write to "/var/data/GuEeP92619.tar.gz": Permission denied (EACCES)
[2015/11/04 11:40:39.608] (ERROR) Failed to write checkpoint file "/var/checkpoint/FffWP63127: No space left on device (ENOSPC)
[2015/11/04 11:40:39.608] (ERROR) One of the flayrods has gone out askew on treadle.
[2015/11/04 11:40:39.608] (INFO) Network heartbeat check: All OK.
[2015/11/04 11:40:39.608] (INFO) Flushed 37 buffers to disk.
[2015/11/04 11:40:39.608] (INFO) Rolling 8 log file(s)...
[2015/11/04 11:40:39.608] (INFO) Pinging watchdog timer process: Process is alive.
[2015/11/04 11:40:39.608] (WARN) Possible cyber-attack from Russia.
[2015/11/04 11:40:39.608] (INFO) User "mue4839" logged out.
[2015/11/04 11:40:39.608] (INFO) User "zyj5688" logged out due to inactivity (timeout=30 minutes).
[2015/11/04 11:40:39.608] (ERROR) User "pbq6787" failed to log in 3 times. Disabling account.
[2015/11/04 11:40:39.608] (WARN) Ignoring SIGTERM. It's not that easy to get rid of me.
[2015/11/04 11:40:39.608] (INFO) Flushed 25 buffers to disk.
[2015/11/04 11:40:39.608] (INFO) .evian ylbirret si emehcs otpyrc ym neht ,siht daer nac uoy fI
[2015/11/04 11:40:39.608] (INFO) .evian ylbirret si emehcs otpyrc ym neht ,siht daer nac uoy fI
[2015/11/04 11:40:39.608] (INFO) Sending SIGTERM to 2 excess workers.
[2015/11/04 11:40:39.608] (INFO) Sending SIGTERM to 4 excess workers.
[2015/11/04 11:40:39.608] (INFO) Device 0x8110 is online.
[2015/11/04 11:40:39.608] (ERROR) Extra characters at end of line.
[2015/11/04 11:40:39.608] (INFO) Your mother called. She says you never call her.
[2015/11/04 11:40:39.608] (INFO) Checked file systems for errors: All filesystems OK.
[2015/11/04 11:40:39.608] (INFO) Flushed 37 buffers to disk.
[2015/11/04 11:40:39.608] (INFO) Pinging watchdog timer process: Process is alive.
[2015/11/04 11:40:39.608] (INFO) User "yqp7572" logged in from 172.16.52.171.
[2015/11/04 11:40:39.608] (ERROR) Unable to authenticate user "jiy7842": LDAP server isn't responding.
[2015/11/04 11:40:39.608] (INFO) Alien monitor (aliend): Detected no space aliens.
[2015/11/04 11:40:39.608] (INFO) User "hzt8312" logged in from 10.156.163.157.
[2015/11/04 11:40:39.608] (INFO) Network heartbeat check: All OK.
[2015/11/04 11:40:39.608] (ERROR) "/var/data/HPyxv56478.csv": Permission denied (EACCES)
[2015/11/04 11:40:39.608] (INFO) Supervisor has entered SUSPENDED state.
[2015/11/04 11:40:39.608] (INFO) .evian ylbirret si emehcs otpyrc ym neht ,siht daer nac uoy fI
[2015/11/04 11:40:39.608] (INFO) Flushed 98 buffers to disk.
[2015/11/04 11:40:39.608] (INFO) Checked file systems for errors: All filesystems OK.
[2015/11/04 11:40:39.608] (INFO) Rolling 5 log file(s)...
[2015/11/04 11:40:39.608] (ERROR) EFOODFAIL (Waiter, there's a fly in my soup).
[2015/11/04 11:40:39.608] (INFO) Device 0xc4e5 is online.
[2015/11/04 11:40:39.608] (INFO) Network heartbeat check: All OK.
[2015/11/04 11:40:39.608] (INFO) .evian ylbirret si emehcs otpyrc ym neht ,siht daer nac uoy fI
[2015/11/04 11:40:39.608] (INFO) Your mother called. She says you never call her.
[2015/11/04 11:40:39.608] (INFO) Pinging watchdog timer process: Process is alive.
[2015/11/04 11:40:39.608] (INFO) Waiting for worker process (PID 29666) to die.
[2015/11/04 11:40:39.608] (WARN) Unable to ping supervisor at 10.191.48.169. Retrying.
[2015/11/04 11:40:39.608] (INFO) Supervisor has entered SUSPENDED state.
[2015/11/04 11:40:39.608] (INFO) Supervisor has entered WAITING state.
[2015/11/04 11:40:39.608] (INFO) Supervisor has entered WAITING state.
[2015/11/04 11:40:39.608] (INFO) Checkpointing off-heap server memory...
[2015/11/04 11:40:39.608] (INFO) User "gnz8700" logged out due to inactivity (timeout=30 minutes).
[2015/11/04 11:40:39.608] (INFO) Rolling 2 log file(s)...
[2015/11/04 11:40:39.608] (INFO) Rolling 4 log file(s)...
[2015/11/04 11:40:39.608] (INFO) Device 0x97f3 is online.
[2015/11/04 11:40:39.608] (INFO) Device 0xa299 is online.
[2015/11/04 11:40:39.608] (INFO) Rolling 8 log file(s)...
[2015/11/04 11:40:39.608] (INFO) Supervisor has entered RESTARTING state.
[2015/11/04 11:40:39.608] (INFO) Flushed 31 buffers to disk.
[2015/11/04 11:40:39.608] (INFO) User "gqi7705" logged out due to inactivity (timeout=30 minutes).
[2015/11/04 11:40:39.608] (ERROR) One of the flayrods has gone out askew on treadle.
[2015/11/04 11:40:39.608] (INFO) Checkpointing off-heap server memory...
[2015/11/04 11:40:39.608] (INFO) Alien monitor (aliend): Detected no space aliens.
[2015/11/04 11:40:39.608] (INFO) Device 0x05d3 is online.
[2015/11/04 11:40:39.608] (INFO) Network heartbeat check: All OK.
[2015/11/04 11:40:39.608] (INFO) Alien monitor (aliend): Detected no space aliens.
[2015/11/04 11:40:39.608] (INFO) User "mjw2734" logged in from 10.205.225.100.
[2015/11/04 11:40:39.608] (INFO) .evian ylbirret si emehcs otpyrc ym neht ,siht daer nac uoy fI
[2015/11/04 11:40:39.608] (ERROR) "/var/data/rqTOS95029.tar.gz": No such file or directory (ENOENT)
[2015/11/04 11:40:39.608] (INFO) .evian ylbirret si emehcs otpyrc ym neht ,siht daer nac uoy fI
[2015/11/04 11:40:39.608] (INFO) User "kny3235" logged in from 192.168.37.135.
[2015/11/04 11:40:39.608] (INFO) Waiting for master process (PID 42938) to die.
[2015/11/04 11:40:39.608] (INFO) User "lho4561" logged out.
[2015/11/04 11:40:39.608] (INFO) Supervisor has entered WAITING state.
[2015/11/04 11:40:39.608] (INFO) Device 0x29c1 is online.
[2015/11/04 11:40:39.608] (INFO) Pinging watchdog timer process: Process is alive.
[2015/11/04 11:40:39.608] (INFO) Pinging watchdog timer process: Process is alive.
[2015/11/04 11:40:39.608] (INFO) Pinging watchdog timer process: Process is alive.
[2015/11/04 11:40:39.608] (WARN) Unable to ping master at 172.16.200.202. Retrying.
[2015/11/04 11:40:39.608] (INFO) Sending SIGTERM to 4 excess workers.
[2015/11/04 11:40:39.608] (INFO) Backed up all server logs.
[2015/11/04 11:40:39.608] (INFO) Your mother called. She says you never call her.
[2015/11/04 11:40:40.107] (INFO) Alien monitor (aliend): Detected no space aliens.
[2015/11/04 11:40:40.107] (INFO) Checked file systems for errors: All filesystems OK.
[2015/11/04 11:40:40.107] (INFO) Flushed 84 buffers to disk.
[2015/11/04 11:40:40.107] (ERROR) Unable to mount /dev/sdd3. (Time to run fsck?)
[2015/11/04 11:40:40.107] (WARN) Backup server 192.168.85.40 is offline.
[2015/11/04 11:40:40.107] (INFO) User "opo1458" logged out.
[2015/11/04 11:40:40.107] (ERROR) Network heartbeat check FAILED: Master host down?
[2015/11/04 11:40:40.107] (INFO) Supervisor has entered RUNNING state.
[2015/11/04 11:40:40.107] (INFO) User "hql1674" logged out.
[2015/11/04 11:40:40.107] (INFO) .evian ylbirret si emehcs otpyrc ym neht ,siht daer nac uoy fI
[2015/11/04 11:40:40.107] (INFO) User "rho2371" logged in from 10.194.148.107.
[2015/11/04 11:40:40.107] (INFO) Rolling 6 log file(s)...
[2015/11/04 11:40:40.107] (INFO) User "ryg5676" logged in from 172.16.185.173.
[2015/11/04 11:40:40.107] (INFO) Sending SIGTERM to 3 excess workers.
[2015/11/04 11:40:40.107] (INFO) .evian ylbirret si emehcs otpyrc ym neht ,siht daer nac uoy fI
[2015/11/04 11:40:40.107] (WARN) Retrying server log checkpoint.
[2015/11/04 11:40:40.107] (INFO) User "zcu1500" logged out.
[2015/11/04 11:40:40.107] (INFO) Backed up all server logs.
[2015/11/04 11:40:40.107] (INFO) Your mother called. She says you never call her.
[2015/11/04 11:40:40.107] (INFO) Sending SIGTERM to 4 excess workers.
[2015/11/04 11:40:40.107] (ERROR) "/var/data/rscrD87566.tar.gz": Permission denied (EACCES)
[2015/11/04 11:40:40.107] (INFO) Pinging watchdog timer process: Process is alive.
[2015/11/04 11:40:40.107] (INFO) Backed up all server logs.
[2015/11/04 11:40:40.107] (INFO) Network heartbeat check: All OK.
[2015/11/04 11:40:40.107] (INFO) Pinging watchdog timer process: Process is alive.
[2015/11/04 11:40:40.107] (INFO) Network heartbeat check: All OK.
[2015/11/04 11:40:40.107] (INFO) Supervisor has entered RUNNING state.
[2015/11/04 11:40:40.107] (INFO) Rolling 3 log file(s)...
[2015/11/04 11:40:40.107] (INFO) User "puq4408" logged out.
[2015/11/04 11:40:40.107] (INFO) Checkpointing off-heap server memory...
[2015/11/04 11:40:40.107] (INFO) Checked file systems for errors: All filesystems OK.
[2015/11/04 11:40:40.107] (INFO) Pinging watchdog timer process: Process is alive.
[2015/11/04 11:40:40.107] (INFO) Waiting for monitor process (PID 39070) to die.
[2015/11/04 11:40:40.107] (INFO) Device 0x5957 is online.
[2015/11/04 11:40:40.107] (INFO) Your mother called. She says you never call her.
[2015/11/04 11:40:40.107] (INFO) Supervisor has entered SUSPENDED state.
[2015/11/04 11:40:40.107] (INFO) Waiting for supervisor process (PID 46696) to die.
[2015/11/04 11:40:40.107] (INFO) Your mother called. She says you never call her.
[2015/11/04 11:40:40.107] (INFO) User "lwo4579" logged out due to inactivity (timeout=30 minutes).
[2015/11/04 11:40:40.107] (INFO) Alien monitor (aliend): Detected no space aliens.
[2015/11/04 11:40:40.107] (INFO) User "hpl1173" logged out due to inactivity (timeout=30 minutes).
[2015/11/04 11:40:40.107] (WARN) CPU temperature exceeds 40º Celsius.
[2015/11/04 11:40:40.107] (INFO) Waiting for worker process (PID 47003) to die.
[2015/11/04 11:40:40.107] (INFO) User "fpf9108" logged out.
[2015/11/04 11:40:40.107] (INFO) User "jig9730" logged out.
[2015/11/04 11:40:40.107] (ERROR) CPU temperature exceeds 50º Celsius. Shutting down.
[2015/11/04 11:40:40.107] (INFO) Your mother called. She says you never call her.
[2015/11/04 11:40:40.107] (INFO) User "xuw7626" logged out.
[2015/11/04 11:40:40.107] (ERROR) Network heartbeat check FAILED: Master host down?
[2015/11/04 11:40:40.107] (INFO) Pinging watchdog timer process: Process is alive.
[2015/11/04 11:40:40.107] (INFO) Rolling 9 log file(s)...
[2015/11/04 11:40:40.107] (INFO) Checked file systems for errors: All filesystems OK.
[2015/11/04 11:40:40.107] (INFO) Pinging watchdog timer process: Process is alive.
[2015/11/04 11:40:40.107] (WARN) Unable to ping monitor at 10.115.0.47. Retrying.
[2015/11/04 11:40:40.107] (INFO) Pinging watchdog timer process: Process is alive.
[2015/11/04 11:40:40.107] (WARN) Retrying server log checkpoint.
[2015/11/04 11:40:40.107] (INFO) User "zxn8447" logged out.
[2015/11/04 11:40:40.107] (INFO) Sending SIGTERM to 2 excess workers.
[2015/11/04 11:40:40.107] (ERROR) "/var/data/kZNbi84496.xslx": No such file or directory (ENOENT)
[2015/11/04 11:40:40.107] (INFO) Sending SIGTERM to 2 excess workers.
[2015/11/04 11:40:40.107] (WARN) There is no such thing as a free lunch.
[2015/11/04 11:40:40.107] (WARN) Network heartbeat check: 6 server(s) did not respond.
[2015/11/04 11:40:40.107] (WARN) Watchdog timer crashed. Restarting it.
[2015/11/04 11:40:40.107] (ERROR) User "gnw9352" failed to log in 3 times. Disabling account.
[2015/11/04 11:40:40.107] (INFO) User "wyh4848" logged out due to inactivity (timeout=30 minutes).
[2015/11/04 11:40:40.107] (INFO) Flushed 48 buffers to disk.
[2015/11/04 11:40:40.107] (INFO) Flushed 72 buffers to disk.
[2015/11/04 11:40:40.107] (INFO) Device 0x8ba0 is online.
[2015/11/04 11:40:40.107] (INFO) User "fdw4605" logged out.
[2015/11/04 11:40:40.107] (INFO) User "gyb7922" logged out.
[2015/11/04 11:40:40.107] (INFO) Pinging watchdog timer process: Process is alive.
[2015/11/04 11:40:40.107] (INFO) Supervisor has entered RESTARTING state.
[2015/11/04 11:40:40.107] (WARN) Master took 670 ms to respond (threshold=500 ms)
[2015/11/04 11:40:40.107] (ERROR) User "cuv8918" failed to log in 3 times. Disabling account.
[2015/11/04 11:40:40.107] (INFO) Rolling 7 log file(s)...
[2015/11/04 11:40:40.107] (INFO) Flushed 59 buffers to disk.
[2015/11/04 11:40:40.107] (INFO) Backed up all server logs.
[2015/11/04 11:40:40.107] (INFO) Checkpointing off-heap server memory...
[2015/11/04 11:40:40.107] (INFO) Supervisor has entered WAITING state.
[2015/11/04 11:40:40.107] (INFO) Checked file systems for errors: All filesystems OK.
[2015/11/04 11:40:40.107] (INFO) Sending SIGTERM to 3 excess workers.
[2015/11/04 11:40:40.107] (INFO) Your mother called. She says you never call her.
[2015/11/04 11:40:40.107] (WARN) Space on disk /dev/sdc4 is low: Only 836 MB available.
[2015/11/04 11:40:40.107] (INFO) User "daq6032" logged out due to inactivity (timeout=30 minutes).
[2015/11/04 11:40:40.107] (INFO) .evian ylbirret si emehcs otpyrc ym neht ,siht daer nac uoy fI
[2015/11/04 11:40:40.107] (INFO) Alien monitor (aliend): Detected no space aliens.
[2015/11/04 11:40:40.107] (INFO) Device 0x1531 is online.
[2015/11/04 11:40:40.107] (WARN) Possible cyber-attack from Nebraska.
[2015/11/04 11:40:40.107] (INFO) Your mother called. She says you never call her.
[2015/11/04 11:40:40.107] (INFO) Alien monitor (aliend): Detected no space aliens.
[2015/11/04 11:40:40.107] (INFO) Your mother called. She says you never call her.
[2015/11/04 11:40:40.107] (INFO) Backed up all server logs.
[2015/11/04 11:40:40.107] (INFO) Your mother called. She says you never call her.
[2015/11/04 11:40:40.107] (ERROR) Device 0xd47b is offline
[2015/11/04 11:40:40.107] (INFO) Backed up all server logs.
[2015/11/04 11:40:40.107] (INFO) User "vfj9274" logged out due to inactivity (timeout=30 minutes).
[2015/11/04 11:40:40.107] (INFO) User "adr9672" logged out.
[2015/11/04 11:40:40.107] (INFO) User "ijg9897" logged in from 10.250.253.215.
[2015/11/04 11:40:40.107] (INFO) Rolling 5 log file(s)...
[2015/11/04 11:40:40.107] (INFO) .evian ylbirret si emehcs otpyrc ym neht ,siht daer nac uoy fI
[2015/11/04 11:40:40.607] (WARN) Ignoring SIGTERM. It's not that easy to get rid of me.
[2015/11/04 11:40:40.607] (INFO) Alien monitor (aliend): Detected no space aliens.
[2015/11/04 11:40:40.607] (INFO) Network heartbeat check: All OK.
[2015/11/04 11:40:40.607] (INFO) Alien monitor (aliend): Detected no space aliens.
[2015/11/04 11:40:40.607] (ERROR) Server log backup FAILED. See backup logs.
[2015/11/04 11:40:40.607] (WARN) Possible cyber-attack from Mars.
[2015/11/04 11:40:40.607] (INFO) User "vei7791" logged in from 172.16.84.199.
[2015/11/04 11:40:40.607] (INFO) Supervisor has entered SUSPENDED state.
[2015/11/04 11:40:40.607] (INFO) Network heartbeat check: All OK.
[2015/11/04 11:40:40.607] (INFO) Checkpointing off-heap server memory...
[2015/11/04 11:40:40.607] (ERROR) Device 0xa9d1 is offline
[2015/11/04 11:40:40.607] (WARN) Dropped 4,662 corrupt data packets.
[2015/11/04 11:40:40.607] (ERROR) /dev/lp error: "PC LOAD LETTER"
[2015/11/04 11:40:40.607] (WARN) Backup server 172.16.120.137 is offline.
[2015/11/04 11:40:40.607] (INFO) Your mother called. She says you never call her.
[2015/11/04 11:40:40.607] (INFO) Checked file systems for errors: All filesystems OK.
[2015/11/04 11:40:40.607] (INFO) Device 0x7325 is online.
[2015/11/04 11:40:40.607] (INFO) Flushed 96 buffers to disk.
[2015/11/04 11:40:40.607] (INFO) User "xip7445" logged out due to inactivity (timeout=30 minutes).
[2015/11/04 11:40:40.607] (INFO) Backed up all server logs.
[2015/11/04 11:40:40.607] (INFO) Checkpointing off-heap server memory...
[2015/11/04 11:40:40.607] (INFO) Flushed 52 buffers to disk.
[2015/11/04 11:40:40.607] (INFO) Network heartbeat check: All OK.
[2015/11/04 11:40:40.607] (INFO) Checked file systems for errors: All filesystems OK.
[2015/11/04 11:40:40.607] (INFO) User "rnm6064" logged out due to inactivity (timeout=30 minutes).
[2015/11/04 11:40:40.607] (INFO) Supervisor has entered SUSPENDED state.
[2015/11/04 11:40:40.607] (ERROR) Detected incoming DDoS from 172.16.218.121.
[2015/11/04 11:40:40.607] (INFO) Alien monitor (aliend): Detected no space aliens.
[2015/11/04 11:40:40.607] (INFO) Waiting for supervisor process (PID 54886) to die.
[2015/11/04 11:40:40.607] (INFO) Checked file systems for errors: All filesystems OK.
[2015/11/04 11:40:40.607] (INFO) Checkpointing off-heap server memory...
[2015/11/04 11:40:40.607] (INFO) Supervisor has entered WAITING state.
[2015/11/04 11:40:40.607] (INFO) Network heartbeat check: All OK.
[2015/11/04 11:40:40.607] (ERROR) Detected clock skew! Restarting NTP server.
[2015/11/04 11:40:40.607] (INFO) Flushed 36 buffers to disk.
[2015/11/04 11:40:40.607] (INFO) User "lqi3794" logged out due to inactivity (timeout=30 minutes).
[2015/11/04 11:40:40.607] (WARN) There is no such thing as a free lunch.
[2015/11/04 11:40:40.607] (INFO) Pinging watchdog timer process: Process is alive.
[2015/11/04 11:40:40.607] (INFO) Waiting for worker process (PID 4672) to die.
[2015/11/04 11:40:40.607] (INFO) Checked file systems for errors: All filesystems OK.
[2015/11/04 11:40:40.607] (INFO) User "wfi6522" logged out.
[2015/11/04 11:40:40.607] (WARN) Dropped 13,245 corrupt data packets.
[2015/11/04 11:40:40.607] (INFO) Sending SIGTERM to 3 excess workers.
[2015/11/04 11:40:40.607] (INFO) Waiting for supervisor process (PID 50753) to die.
[2015/11/04 11:40:40.607] (INFO) User "twu8927" logged out due to inactivity (timeout=30 minutes).
[2015/11/04 11:40:40.607] (INFO) Backed up all server logs.
[2015/11/04 11:40:40.607] (ERROR) Blocked Little Bobby Tables attack (https://xkcd.com/327/) from 172.16.202.234.
[2015/11/04 11:40:40.607] (INFO) Pinging watchdog timer process: Process is alive.
[2015/11/04 11:40:40.607] (INFO) Backed up all server logs.
[2015/11/04 11:40:40.607] (INFO) Your mother called. She says you never call her.
[2015/11/04 11:40:40.607] (INFO) Sending SIGTERM to 4 excess workers.
[2015/11/04 11:40:40.607] (INFO) Checkpointing off-heap server memory...
[2015/11/04 11:40:40.607] (INFO) Device 0xc3c5 is online.
[2015/11/04 11:40:40.607] (INFO) Network heartbeat check: All OK.
[2015/11/04 11:40:40.607] (INFO) Your mother called. She says you never call her.
[2015/11/04 11:40:40.607] (INFO) Supervisor has entered SUSPENDED state.
[2015/11/04 11:40:40.607] (INFO) Pinging watchdog timer process: Process is alive.
[2015/11/04 11:40:40.607] (INFO) Rolling 6 log file(s)...
[2015/11/04 11:40:40.607] (INFO) Waiting for monitor process (PID 39727) to die.
[2015/11/04 11:40:40.607] (INFO) Your mother called. She says you never call her.
[2015/11/04 11:40:40.607] (INFO) Backed up all server logs.
[2015/11/04 11:40:40.607] (INFO) Checked file systems for errors: All filesystems OK.
[2015/11/04 11:40:40.607] (INFO) Sending SIGTERM to 4 excess workers.
[2015/11/04 11:40:40.607] (INFO) Device 0x8f7c is online.
[2015/11/04 11:40:40.607] (INFO) Device 0x24f5 is online.
[2015/11/04 11:40:40.607] (WARN) Possible cyber-attack from Russia.
[2015/11/04 11:40:40.607] (INFO) Pinging watchdog timer process: Process is alive.
[2015/11/04 11:40:40.607] (INFO) Network heartbeat check: All OK.
[2015/11/04 11:40:40.607] (INFO) Network heartbeat check: All OK.
[2015/11/04 11:40:40.607] (INFO) Alien monitor (aliend): Detected no space aliens.
[2015/11/04 11:40:40.607] (INFO) Device 0x9f7c is online.
[2015/11/04 11:40:40.607] (INFO) Network heartbeat check: All OK.
[2015/11/04 11:40:40.607] (INFO) Checkpointing off-heap server memory...
[2015/11/04 11:40:40.607] (INFO) Device 0x8e31 is online.
[2015/11/04 11:40:40.607] (ERROR) Extra characters at end of line.
[2015/11/04 11:40:40.607] (INFO) Checkpointing off-heap server memory...
[2015/11/04 11:40:40.607] (INFO) Backed up all server logs.
[2015/11/04 11:40:40.607] (INFO) Rolling 9 log file(s)...
[2015/11/04 11:40:40.607] (INFO) Sending SIGTERM to 2 excess workers.
[2015/11/04 11:40:40.607] (INFO) Checkpointing off-heap server memory...
[2015/11/04 11:40:40.607] (INFO) Supervisor has entered WAITING state.
[2015/11/04 11:40:40.607] (INFO) Alien monitor (aliend): Detected no space aliens.
[2015/11/04 11:40:40.607] (INFO) Rolling 3 log file(s)...
[2015/11/04 11:40:40.607] (INFO) Pinging watchdog timer process: Process is alive.
[2015/11/04 11:40:40.607] (INFO) Supervisor has entered RUNNING state.
[2015/11/04 11:40:40.607] (INFO) Your mother called. She says you never call her.
[2015/11/04 11:40:40.607] (INFO) Backed up all server logs.
[2015/11/04 11:40:40.607] (INFO) Device 0xf4dc is online.
[2015/11/04 11:40:40.607] (INFO) Your mother called. She says you never call her.
[2015/11/04 11:40:40.607] (INFO) Pinging watchdog timer process: Process is alive.
[2015/11/04 11:40:40.607] (WARN) Master took 715 ms to respond (threshold=500 ms)
[2015/11/04 11:40:40.607] (INFO) Checked file systems for errors: All filesystems OK.
[2015/11/04 11:40:40.607] (INFO) Sending SIGTERM to 3 excess workers.
[2015/11/04 11:40:40.607] (ERROR) /dev/lp error: "PC LOAD LETTER"
[2015/11/04 11:40:40.607] (ERROR) Directory index of "/var/data" is forbidden.
[2015/11/04 11:40:40.607] (INFO) Checked file systems for errors: All filesystems OK.
[2015/11/04 11:40:40.607] (INFO) .evian ylbirret si emehcs otpyrc ym neht ,siht daer nac uoy fI
[2015/11/04 11:40:40.607] (ERROR) Detected clock skew! Restarting NTP server.
[2015/11/04 11:40:40.607] (INFO) Device 0x4631 is online.
[2015/11/04 11:40:40.607] (ERROR) EFOODFAIL (Waiter, there's a fly in my soup).
[2015/11/04 11:40:41.107] (INFO) Backed up all server logs.
[2015/11/04 11:40:41.107] (INFO) Checked file systems for errors: All filesystems OK.
[2015/11/04 11:40:41.107] (INFO) Sending SIGTERM to 4 excess workers.
[2015/11/04 11:40:41.107] (INFO) User "ysc7593" logged out.
[2015/11/04 11:40:41.107] (INFO) .evian ylbirret si emehcs otpyrc ym neht ,siht daer nac uoy fI
[2015/11/04 11:40:41.107] (INFO) Waiting for worker process (PID 33811) to die.
[2015/11/04 11:40:41.107] (INFO) Waiting for master process (PID 32924) to die.
[2015/11/04 11:40:41.107] (INFO) Alien monitor (aliend): Detected no space aliens.
[2015/11/04 11:40:41.107] (INFO) Rolling 9 log file(s)...
[2015/11/04 11:40:41.107] (INFO) Waiting for supervisor process (PID 25953) to die.
[2015/11/04 11:40:41.107] (INFO) Device 0xdf58 is online.
[2015/11/04 11:40:41.107] (INFO) User "njm7057" logged out.
[2015/11/04 11:40:41.107] (WARN) Backup server 192.168.154.220 is offline.
[2015/11/04 11:40:41.107] (INFO) Flushed 65 buffers to disk.
[2015/11/04 11:40:41.107] (ERROR) Device 0x924b is offline
[2015/11/04 11:40:41.107] (INFO) Device 0x6879 is online.
[2015/11/04 11:40:41.107] (INFO) Flushed 33 buffers to disk.
[2015/11/04 11:40:41.107] (INFO) Checkpointing off-heap server memory...
[2015/11/04 11:40:41.107] (WARN) Network heartbeat check: 18 server(s) did not respond.
[2015/11/04 11:40:41.107] (INFO) Backed up all server logs.
[2015/11/04 11:40:41.107] (INFO) Flushed 50 buffers to disk.
[2015/11/04 11:40:41.107] (INFO) Pinging watchdog timer process: Process is alive.
[2015/11/04 11:40:41.107] (INFO) Device 0x120a is online.
[2015/11/04 11:40:41.107] (INFO) Waiting for worker process (PID 29807) to die.
[2015/11/04 11:40:41.107] (INFO) Rolling 1 log file(s)...
[2015/11/04 11:40:41.107] (ERROR) CPU temperature exceeds 50º Celsius. Shutting down.
[2015/11/04 11:40:41.107] (INFO) Network heartbeat check: All OK.
[2015/11/04 11:40:41.107] (INFO) Flushed 67 buffers to disk.
[2015/11/04 11:40:41.107] (INFO) User "xdf6706" logged in from 10.53.147.232.
[2015/11/04 11:40:41.107] (ERROR) Blocked BitTorrent traffic originating from 192.168.98.68.
[2015/11/04 11:40:41.107] (INFO) User "jcx6031" logged out.
[2015/11/04 11:40:41.107] (INFO) User "nfu5886" logged in from 10.219.148.122.
[2015/11/04 11:40:41.107] (INFO) User "hkz9724" logged out.
[2015/11/04 11:40:41.107] (INFO) User "znd9395" logged out.
[2015/11/04 11:40:41.107] (INFO) Device 0xedd4 is online.
[2015/11/04 11:40:41.107] (INFO) Network heartbeat check: All OK.
[2015/11/04 11:40:41.107] (INFO) User "bvp5778" logged out due to inactivity (timeout=30 minutes).
[2015/11/04 11:40:41.107] (INFO) Rolling 4 log file(s)...
[2015/11/04 11:40:41.107] (INFO) Sending SIGTERM to 3 excess workers.
[2015/11/04 11:40:41.107] (INFO) Flushed 94 buffers to disk.
[2015/11/04 11:40:41.107] (INFO) Flushed 99 buffers to disk.
[2015/11/04 11:40:41.107] (INFO) User "pty3289" logged in from 10.203.79.117.
[2015/11/04 11:40:41.107] (INFO) User "tvu1889" logged in from 172.16.93.57.
[2015/11/04 11:40:41.107] (INFO) Device 0x49fe is online.
[2015/11/04 11:40:41.107] (INFO) Alien monitor (aliend): Detected no space aliens.
[2015/11/04 11:40:41.107] (ERROR) Network heartbeat check FAILED: Master host down?
[2015/11/04 11:40:41.107] (WARN) Dropped 4,589 corrupt data packets.
[2015/11/04 11:40:41.107] (ERROR) Worker 7 died with SIGINT. Restarting it.
[2015/11/04 11:40:41.107] (WARN) Backup server 10.36.180.107 is offline.
[2015/11/04 11:40:41.107] (INFO) Pinging watchdog timer process: Process is alive.
[2015/11/04 11:40:41.107] (INFO) .evian ylbirret si emehcs otpyrc ym neht ,siht daer nac uoy fI
[2015/11/04 11:40:41.107] (INFO) Supervisor has entered RUNNING state.
[2015/11/04 11:40:41.107] (INFO) User "zal1463" logged out due to inactivity (timeout=30 minutes).
[2015/11/04 11:40:41.107] (WARN) Retrying server log checkpoint.
[2015/11/04 11:40:41.107] (INFO) Alien monitor (aliend): Detected no space aliens.
[2015/11/04 11:40:41.107] (INFO) User "ezw7985" logged out.
[2015/11/04 11:40:41.107] (ERROR) Failed to write checkpoint file "/var/checkpoint/MimlH84295: No space left on device (ENOSPC)
[2015/11/04 11:40:41.107] (INFO) Alien monitor (aliend): Detected no space aliens.
[2015/11/04 11:40:41.107] (INFO) Alien monitor (aliend): Detected no space aliens.
[2015/11/04 11:40:41.107] (INFO) Backed up all server logs.
[2015/11/04 11:40:41.107] (WARN) CPU temperature exceeds 40º Celsius.
[2015/11/04 11:40:41.107] (INFO) Pinging watchdog timer process: Process is alive.
[2015/11/04 11:40:41.107] (WARN) There is no such thing as a free lunch.
[2015/11/04 11:40:41.107] (INFO) .evian ylbirret si emehcs otpyrc ym neht ,siht daer nac uoy fI
[2015/11/04 11:40:41.107] (INFO) Checkpointing off-heap server memory...
[2015/11/04 11:40:41.107] (ERROR) Device 0x3190 is offline
[2015/11/04 11:40:41.107] (INFO) User "apb6189" logged in from 192.168.222.6.
[2015/11/04 11:40:41.107] (WARN) Space on disk /dev/sdd4 is low: Only 485 MB available.
[2015/11/04 11:40:41.107] (INFO) Checkpointing off-heap server memory...
[2015/11/04 11:40:41.107] (INFO) User "sfz5668" logged out.
[2015/11/04 11:40:41.107] (ERROR) Worker 1 died with SIGINT. Restarting it.
[2015/11/04 11:40:41.107] (INFO) Checkpointing off-heap server memory...
[2015/11/04 11:40:41.107] (INFO) User "mbv3728" logged out due to inactivity (timeout=30 minutes).
[2015/11/04 11:40:41.107] (INFO) Supervisor has entered RUNNING state.
[2015/11/04 11:40:41.107] (INFO) Alien monitor (aliend): Detected no space aliens.
[2015/11/04 11:40:41.107] (INFO) User "wzh6448" logged out due to inactivity (timeout=30 minutes).
[2015/11/04 11:40:41.107] (INFO) Waiting for worker process (PID 22760) to die.
[2015/11/04 11:40:41.107] (INFO) User "thf7925" logged in from 10.1.32.160.
[2015/11/04 11:40:41.107] (INFO) Waiting for master process (PID 1682) to die.
[2015/11/04 11:40:41.107] (INFO) Checkpointing off-heap server memory...
[2015/11/04 11:40:41.107] (INFO) Checkpointing off-heap server memory...
[2015/11/04 11:40:41.107] (INFO) Checkpointing off-heap server memory...
[2015/11/04 11:40:41.107] (INFO) User "vkx7662" logged out.
[2015/11/04 11:40:41.107] (INFO) Sending SIGTERM to 3 excess workers.
[2015/11/04 11:40:41.107] (INFO) Flushed 41 buffers to disk.
[2015/11/04 11:40:41.107] (INFO) Sending SIGTERM to 3 excess workers.
[2015/11/04 11:40:41.107] (INFO) Flushed 89 buffers to disk.
[2015/11/04 11:40:41.107] (INFO) Waiting for supervisor process (PID 8029) to die.
[2015/11/04 11:40:41.107] (INFO) Checkpointing off-heap server memory...
[2015/11/04 11:40:41.107] (INFO) Checked file systems for errors: All filesystems OK.
[2015/11/04 11:40:41.107] (ERROR) One of the flayrods has gone out askew on treadle.
[2015/11/04 11:40:41.107] (INFO) Pinging watchdog timer process: Process is alive.
[2015/11/04 11:40:41.107] (WARN) Backup server 172.16.65.56 is offline.
[2015/11/04 11:40:41.107] (INFO) Waiting for monitor process (PID 1468) to die.
[2015/11/04 11:40:41.107] (INFO) Alien monitor (aliend): Detected no space aliens.
[2015/11/04 11:40:41.107] (INFO) Waiting for supervisor process (PID 52746) to die.
[2015/11/04 11:40:41.107] (INFO) Sending SIGTERM to 4 excess workers.
[2015/11/04 11:40:41.107] (INFO) Backed up all server logs.
[2015/11/04 11:40:41.107] (ERROR) Unable to authenticate user "fss7373": LDAP server isn't responding.
[2015/11/04 11:40:41.107] (INFO) User "fot2087" logged in from 172.16.0.130.
[2015/11/04 11:40:41.607] (INFO) User "gyq5041" logged in from 192.168.116.228.
[2015/11/04 11:40:41.607] (INFO) User "nvu2602" logged in from 192.168.57.171.
[2015/11/04 11:40:41.607] (INFO) Device 0x49c4 is online.
[2015/11/04 11:40:41.607] (INFO) Flushed 76 buffers to disk.
[2015/11/04 11:40:41.607] (INFO) .evian ylbirret si emehcs otpyrc ym neht ,siht daer nac uoy fI
[2015/11/04 11:40:41.607] (INFO) User "fbx2054" logged out.
[2015/11/04 11:40:41.607] (INFO) Checked file systems for errors: All filesystems OK.
[2015/11/04 11:40:41.607] (INFO) Backed up all server logs.
[2015/11/04 11:40:41.607] (INFO) Supervisor has entered WAITING state.
[2015/11/04 11:40:41.607] (INFO) Network heartbeat check: All OK.
[2015/11/04 11:40:41.607] (ERROR) CPU temperature exceeds 50º Celsius. Shutting down.
[2015/11/04 11:40:41.607] (WARN) Network heartbeat check: 7 server(s) did not respond.
[2015/11/04 11:40:41.607] (INFO) Sending SIGTERM to 2 excess workers.
[2015/11/04 11:40:41.607] (INFO) .evian ylbirret si emehcs otpyrc ym neht ,siht daer nac uoy fI
[2015/11/04 11:40:41.607] (INFO) Backed up all server logs.
[2015/11/04 11:40:41.607] (INFO) Device 0x1260 is online.
[2015/11/04 11:40:41.607] (INFO) Backed up all server logs.
[2015/11/04 11:40:41.607] (INFO) Checked file systems for errors: All filesystems OK.
[2015/11/04 11:40:41.607] (INFO) Flushed 42 buffers to disk.
[2015/11/04 11:40:41.607] (INFO) Backed up all server logs.
[2015/11/04 11:40:41.607] (WARN) Unable to ping master at 192.168.153.107. Retrying.
[2015/11/04 11:40:41.607] (INFO) Device 0x00cd is online.
[2015/11/04 11:40:41.607] (INFO) Alien monitor (aliend): Detected no space aliens.
[2015/11/04 11:40:41.607] (ERROR) Directory index of "/var/data" is forbidden.
[2015/11/04 11:40:41.607] (INFO) Alien monitor (aliend): Detected no space aliens.
[2015/11/04 11:40:41.607] (INFO) Sending SIGTERM to 3 excess workers.
[2015/11/04 11:40:41.607] (INFO) Sending SIGTERM to 4 excess workers.
[2015/11/04 11:40:41.607] (INFO) Waiting for supervisor process (PID 32604) to die.
[2015/11/04 11:40:41.607] (INFO) User "jpd5962" logged in from 172.16.72.90.
[2015/11/04 11:40:41.607] (INFO) Sending SIGTERM to 4 excess workers.
[2015/11/04 11:40:41.607] (INFO) Device 0x7562 is online.
[2015/11/04 11:40:41.607] (INFO) Sending SIGTERM to 4 excess workers.
[2015/11/04 11:40:41.607] (WARN) Retrying server log checkpoint.
[2015/11/04 11:40:41.607] (ERROR) Detected incoming DDoS from 192.168.137.88.
[2015/11/04 11:40:41.607] (INFO) Checked file systems for errors: All filesystems OK.
[2015/11/04 11:40:41.607] (INFO) .evian ylbirret si emehcs otpyrc ym neht ,siht daer nac uoy fI
[2015/11/04 11:40:41.607] (INFO) Network heartbeat check: All OK.
[2015/11/04 11:40:41.607] (WARN) There is no such thing as a free lunch.
[2015/11/04 11:40:41.607] (ERROR) Detected clock skew! Restarting NTP server.
[2015/11/04 11:40:41.607] (INFO) Checked file systems for errors: All filesystems OK.
[2015/11/04 11:40:41.607] (INFO) Flushed 82 buffers to disk.
[2015/11/04 11:40:41.607] (INFO) User "vkz8339" logged out due to inactivity (timeout=30 minutes).
[2015/11/04 11:40:41.607] (INFO) Flushed 85 buffers to disk.
[2015/11/04 11:40:41.607] (INFO) User "nkx2745" logged out due to inactivity (timeout=30 minutes).
[2015/11/04 11:40:41.607] (INFO) User "ifc8949" logged in from 192.168.103.204.
[2015/11/04 11:40:41.607] (INFO) Checked file systems for errors: All filesystems OK.
[2015/11/04 11:40:41.607] (INFO) .evian ylbirret si emehcs otpyrc ym neht ,siht daer nac uoy fI
[2015/11/04 11:40:41.607] (ERROR) Extra characters at end of line.
[2015/11/04 11:40:41.607] (WARN) Space on disk /dev/sdf1 is low: Only 634 MB available.
[2015/11/04 11:40:41.607] (INFO) Rolling 1 log file(s)...
[2015/11/04 11:40:41.607] (INFO) User "hfb9182" logged in from 10.49.36.68.
[2015/11/04 11:40:41.607] (INFO) Pinging watchdog timer process: Process is alive.
[2015/11/04 11:40:41.607] (INFO) Network heartbeat check: All OK.
[2015/11/04 11:40:41.607] (INFO) Pinging watchdog timer process: Process is alive.
[2015/11/04 11:40:41.607] (ERROR) "/var/data/qIVnH83272.tar.gz": Permission denied (EACCES)
[2015/11/04 11:40:41.607] (INFO) User "tto3714" logged out due to inactivity (timeout=30 minutes).
[2015/11/04 11:40:41.607] (ERROR) Blocked Little Bobby Tables attack (https://xkcd.com/327/) from 192.168.33.48.
[2015/11/04 11:40:41.607] (INFO) Alien monitor (aliend): Detected no space aliens.
[2015/11/04 11:40:41.607] (INFO) .evian ylbirret si emehcs otpyrc ym neht ,siht daer nac uoy fI
[2015/11/04 11:40:41.607] (INFO) Pinging watchdog timer process: Process is alive.
[2015/11/04 11:40:41.607] (INFO) Your mother called. She says you never call her.
[2015/11/04 11:40:41.607] (INFO) Checkpointing off-heap server memory...
[2015/11/04 11:40:41.607] (INFO) Rolling 1 log file(s)...
[2015/11/04 11:40:41.607] (INFO) Device 0x06d5 is online.
[2015/11/04 11:40:41.607] (INFO) Checked file systems for errors: All filesystems OK.
[2015/11/04 11:40:41.607] (INFO) Alien monitor (aliend): Detected no space aliens.
[2015/11/04 11:40:41.607] (INFO) Alien monitor (aliend): Detected no space aliens.
[2015/11/04 11:40:41.607] (WARN) Watchdog timer crashed. Restarting it.
[2015/11/04 11:40:41.607] (WARN) There is no such thing as a free lunch.
[2015/11/04 11:40:41.607] (INFO) User "egf7015" logged out.
[2015/11/04 11:40:41.607] (INFO) Supervisor has entered WAITING state.
[2015/11/04 11:40:41.607] (INFO) Pinging watchdog timer process: Process is alive.
[2015/11/04 11:40:41.607] (ERROR) Alien monitor (aliend): 2 space aliens are fiddling with the hardware!
[2015/11/04 11:40:41.607] (INFO) Sending SIGTERM to 2 excess workers.
[2015/11/04 11:40:41.607] (INFO) Flushed 83 buffers to disk.
[2015/11/04 11:40:41.607] (INFO) Network heartbeat check: All OK.
[2015/11/04 11:40:41.607] (INFO) User "rzd4718" logged out.
[2015/11/04 11:40:41.607] (INFO) Rolling 5 log file(s)...
[2015/11/04 11:40:41.607] (INFO) Checked file systems for errors: All filesystems OK.
[2015/11/04 11:40:41.607] (INFO) Rolling 4 log file(s)...
[2015/11/04 11:40:41.607] (INFO) Waiting for monitor process (PID 56923) to die.
[2015/11/04 11:40:41.607] (INFO) Alien monitor (aliend): Detected no space aliens.
[2015/11/04 11:40:41.607] (WARN) Dropped 19,227 corrupt data packets.
[2015/11/04 11:40:41.607] (INFO) User "hwa1973" logged out.
[2015/11/04 11:40:41.607] (INFO) Pinging watchdog timer process: Process is alive.
[2015/11/04 11:40:41.607] (WARN) There is no such thing as a free lunch.
[2015/11/04 11:40:41.607] (INFO) Your mother called. She says you never call her.
[2015/11/04 11:40:41.607] (INFO) Your mother called. She says you never call her.
[2015/11/04 11:40:41.607] (WARN) Possible cyber-attack from Canada.
[2015/11/04 11:40:41.607] (WARN) Master took 553 ms to respond (threshold=500 ms)
[2015/11/04 11:40:41.607] (INFO) Flushed 35 buffers to disk.
[2015/11/04 11:40:41.607] (INFO) Rolling 7 log file(s)...
[2015/11/04 11:40:41.607] (INFO) Supervisor has entered SUSPENDED state.
[2015/11/04 11:40:41.607] (INFO) User "gki4581" logged out.
[2015/11/04 11:40:41.607] (WARN) Ignoring SIGTERM. It's not that easy to get rid of me.
[2015/11/04 11:40:41.607] (ERROR) CPU temperature exceeds 50º Celsius. Shutting down.
[2015/11/04 11:40:41.607] (INFO) .evian ylbirret si emehcs otpyrc ym neht ,siht daer nac uoy fI
[2015/11/04 11:40:41.607] (INFO) Backed up all server logs.
[2015/11/04 11:40:41.607] (INFO) Supervisor has entered SUSPENDED state.
[2015/11/04 11:40:41.607] (INFO) Sending SIGTERM to 4 excess workers.
[2015/11/04 11:40:42.107] (WARN) Ignoring SIGTERM. It's not that easy to get rid of me.
[2015/11/04 11:40:42.107] (INFO) Backed up all server logs.
[2015/11/04 11:40:42.107] (INFO) Sending SIGTERM to 3 excess workers.
[2015/11/04 11:40:42.107] (ERROR) Detected clock skew! Restarting NTP server.
[2015/11/04 11:40:42.107] (INFO) Supervisor has entered RUNNING state.
[2015/11/04 11:40:42.107] (WARN) Dropped 1,354 corrupt data packets.
[2015/11/04 11:40:42.107] (INFO) Rolling 1 log file(s)...
[2015/11/04 11:40:42.107] (ERROR) "/var/data/JYqim71064.xslx": Permission denied (EACCES)
[2015/11/04 11:40:42.107] (ERROR) Connection to 192.168.44.246 terminated unexpectedly. Reconnecting.
[2015/11/04 11:40:42.107] (INFO) Rolling 6 log file(s)...
[2015/11/04 11:40:42.107] (INFO) Supervisor has entered RESTARTING state.
[2015/11/04 11:40:42.107] (INFO) Pinging watchdog timer process: Process is alive.
[2015/11/04 11:40:42.107] (INFO) Sending SIGTERM to 4 excess workers.
[2015/11/04 11:40:42.107] (ERROR) CPU temperature exceeds 50º Celsius. Shutting down.
[2015/11/04 11:40:42.107] (INFO) Checkpointing off-heap server memory...
[2015/11/04 11:40:42.107] (WARN) Space on disk /dev/sdd4 is low: Only 108 MB available.
[2015/11/04 11:40:42.107] (INFO) Alien monitor (aliend): Detected no space aliens.
[2015/11/04 11:40:42.107] (ERROR) Extra characters at end of line.
[2015/11/04 11:40:42.107] (INFO) Flushed 70 buffers to disk.
[2015/11/04 11:40:42.107] (INFO) Checkpointing off-heap server memory...
[2015/11/04 11:40:42.107] (INFO) Checked file systems for errors: All filesystems OK.
[2015/11/04 11:40:42.107] (ERROR) Failed to write checkpoint file "/var/checkpoint/xcezW97237: No space left on device (ENOSPC)
[2015/11/04 11:40:42.107] (INFO) Pinging watchdog timer process: Process is alive.
[2015/11/04 11:40:42.107] (INFO) Device 0x7693 is online.
[2015/11/04 11:40:42.107] (WARN) Ignoring SIGTERM. It's not that easy to get rid of me.
[2015/11/04 11:40:42.107] (INFO) Your mother called. She says you never call her.
[2015/11/04 11:40:42.107] (INFO) Checked file systems for errors: All filesystems OK.
[2015/11/04 11:40:42.107] (INFO) Alien monitor (aliend): Detected no space aliens.
[2015/11/04 11:40:42.107] (INFO) Checked file systems for errors: All filesystems OK.
[2015/11/04 11:40:42.107] (ERROR) Unable to mount /dev/sdf2. (Time to run fsck?)
[2015/11/04 11:40:42.107] (INFO) Pinging watchdog timer process: Process is alive.
[2015/11/04 11:40:42.107] (INFO) Your mother called. She says you never call her.
[2015/11/04 11:40:42.107] (INFO) Waiting for supervisor process (PID 11781) to die.
[2015/11/04 11:40:42.107] (INFO) Backed up all server logs.
[2015/11/04 11:40:42.107] (INFO) Flushed 57 buffers to disk.
[2015/11/04 11:40:42.107] (WARN) Ignoring SIGTERM. It's not that easy to get rid of me.
[2015/11/04 11:40:42.107] (INFO) Waiting for supervisor process (PID 44092) to die.
[2015/11/04 11:40:42.107] (INFO) Checkpointing off-heap server memory...
[2015/11/04 11:40:42.107] (INFO) Device 0x0b9f is online.
[2015/11/04 11:40:42.107] (INFO) Checked file systems for errors: All filesystems OK.
[2015/11/04 11:40:42.107] (INFO) Pinging watchdog timer process: Process is alive.
[2015/11/04 11:40:42.107] (INFO) User "amh5652" logged in from 192.168.128.175.
[2015/11/04 11:40:42.107] (INFO) Supervisor has entered SUSPENDED state.
[2015/11/04 11:40:42.107] (INFO) Supervisor has entered SUSPENDED state.
[2015/11/04 11:40:42.107] (INFO) User "mjd1870" logged out due to inactivity (timeout=30 minutes).
[2015/11/04 11:40:42.107] (INFO) Flushed 33 buffers to disk.
[2015/11/04 11:40:42.107] (INFO) Sending SIGTERM to 3 excess workers.
[2015/11/04 11:40:42.107] (INFO) Checkpointing off-heap server memory...
[2015/11/04 11:40:42.107] (INFO) Backed up all server logs.
[2015/11/04 11:40:42.107] (INFO) Checked file systems for errors: All filesystems OK.
[2015/11/04 11:40:42.107] (ERROR) "/var/data/QMQgg58817.xml": Permission denied (EACCES)
[2015/11/04 11:40:42.107] (INFO) Rolling 8 log file(s)...
[2015/11/04 11:40:42.107] (INFO) Checkpointing off-heap server memory...
[2015/11/04 11:40:42.107] (INFO) Flushed 31 buffers to disk.
[2015/11/04 11:40:42.107] (INFO) Waiting for monitor process (PID 9312) to die.
[2015/11/04 11:40:42.107] (INFO) Network heartbeat check: All OK.
[2015/11/04 11:40:42.107] (WARN) There is no such thing as a free lunch.
[2015/11/04 11:40:42.107] (INFO) Waiting for master process (PID 13904) to die.
[2015/11/04 11:40:42.107] (INFO) User "iem8768" logged in from 192.168.193.218.
[2015/11/04 11:40:42.107] (INFO) Flushed 24 buffers to disk.
[2015/11/04 11:40:42.107] (INFO) User "ztf8931" logged out.
[2015/11/04 11:40:42.107] (INFO) .evian ylbirret si emehcs otpyrc ym neht ,siht daer nac uoy fI
[2015/11/04 11:40:42.107] (INFO) Network heartbeat check: All OK.
[2015/11/04 11:40:42.107] (WARN) There is no such thing as a free lunch.
[2015/11/04 11:40:42.107] (INFO) Backed up all server logs.
[2015/11/04 11:40:42.107] (INFO) Network heartbeat check: All OK.
[2015/11/04 11:40:42.107] (INFO) User "edw3870" logged out due to inactivity (timeout=30 minutes).
[2015/11/04 11:40:42.107] (INFO) Alien monitor (aliend): Detected no space aliens.
[2015/11/04 11:40:42.107] (INFO) Backed up all server logs.
[2015/11/04 11:40:42.107] (INFO) User "dal4380" logged in from 192.168.107.192.
[2015/11/04 11:40:42.107] (ERROR) "/var/data/Fvpzf75511.xslx": Permission denied (EACCES)
[2015/11/04 11:40:42.107] (INFO) User "gel8482" logged out.
[2015/11/04 11:40:42.107] (INFO) Pinging watchdog timer process: Process is alive.
[2015/11/04 11:40:42.107] (INFO) Device 0xcce5 is online.
[2015/11/04 11:40:42.107] (INFO) Network heartbeat check: All OK.
[2015/11/04 11:40:42.107] (INFO) Backed up all server logs.
[2015/11/04 11:40:42.107] (INFO) Network heartbeat check: All OK.
[2015/11/04 11:40:42.107] (WARN) Network heartbeat check: 18 server(s) did not respond.
[2015/11/04 11:40:42.107] (INFO) Backed up all server logs.
[2015/11/04 11:40:42.107] (INFO) Rolling 4 log file(s)...
[2015/11/04 11:40:42.107] (INFO) Network heartbeat check: All OK.
[2015/11/04 11:40:42.107] (INFO) Rolling 4 log file(s)...
[2015/11/04 11:40:42.107] (INFO) .evian ylbirret si emehcs otpyrc ym neht ,siht daer nac uoy fI
[2015/11/04 11:40:42.107] (INFO) Flushed 50 buffers to disk.
[2015/11/04 11:40:42.107] (INFO) User "bmf5641" logged in from 172.16.64.57.
[2015/11/04 11:40:42.107] (INFO) User "svh1598" logged out.
[2015/11/04 11:40:42.107] (ERROR) Connection to 192.168.73.41 terminated unexpectedly. Reconnecting.
[2015/11/04 11:40:42.107] (ERROR) Alien monitor (aliend): 2 space aliens are fiddling with the hardware!
[2015/11/04 11:40:42.107] (INFO) Your mother called. She says you never call her.
[2015/11/04 11:40:42.107] (INFO) Supervisor has entered RUNNING state.
[2015/11/04 11:40:42.107] (WARN) Dropped 8,741 corrupt data packets.
[2015/11/04 11:40:42.107] (WARN) Dropped 17,689 corrupt data packets.
[2015/11/04 11:40:42.107] (INFO) Waiting for monitor process (PID 31555) to die.
[2015/11/04 11:40:42.107] (WARN) Retrying server log checkpoint.
[2015/11/04 11:40:42.107] (INFO) Waiting for master process (PID 28875) to die.
[2015/11/04 11:40:42.107] (WARN) Watchdog timer crashed. Restarting it.
[2015/11/04 11:40:42.107] (INFO) User "loc4286" logged out due to inactivity (timeout=30 minutes).
[2015/11/04 11:40:42.107] (INFO) User "dgd2661" logged out due to inactivity (timeout=30 minutes).
[2015/11/04 11:40:42.107] (WARN) There is no such thing as a free lunch.
[2015/11/04 11:40:42.107] (INFO) Supervisor has entered RESTARTING state.
[2015/11/04 11:40:42.608] (INFO) .evian ylbirret si emehcs otpyrc ym neht ,siht daer nac uoy fI
[2015/11/04 11:40:42.608] (ERROR) Unable to authenticate user "kxq3258": LDAP server isn't responding.
[2015/11/04 11:40:42.608] (INFO) Rolling 1 log file(s)...
[2015/11/04 11:40:42.608] (INFO) Device 0xb97a is online.
[2015/11/04 11:40:42.608] (INFO) User "qxp9343" logged out due to inactivity (timeout=30 minutes).
[2015/11/04 11:40:42.608] (INFO) Flushed 23 buffers to disk.
[2015/11/04 11:40:42.608] (INFO) Checkpointing off-heap server memory...
[2015/11/04 11:40:42.608] (INFO) User "xcm3302" logged in from 172.16.107.160.
[2015/11/04 11:40:42.608] (INFO) Sending SIGTERM to 2 excess workers.
[2015/11/04 11:40:42.608] (INFO) .evian ylbirret si emehcs otpyrc ym neht ,siht daer nac uoy fI
[2015/11/04 11:40:42.608] (WARN) Retrying server log checkpoint.
[2015/11/04 11:40:42.608] (INFO) Supervisor has entered RESTARTING state.
[2015/11/04 11:40:42.608] (INFO) Checked file systems for errors: All filesystems OK.
[2015/11/04 11:40:42.608] (INFO) Checkpointing off-heap server memory...
[2015/11/04 11:40:42.608] (INFO) Rolling 5 log file(s)...
[2015/11/04 11:40:42.608] (INFO) Network heartbeat check: All OK.
[2015/11/04 11:40:42.608] (INFO) Supervisor has entered RESTARTING state.
[2015/11/04 11:40:42.608] (INFO) Waiting for monitor process (PID 10811) to die.
[2015/11/04 11:40:42.608] (INFO) Backed up all server logs.
[2015/11/04 11:40:42.608] (INFO) User "ccr4053" logged in from 192.168.95.238.
[2015/11/04 11:40:42.608] (ERROR) Blocked BitTorrent traffic originating from 172.16.138.44.
[2015/11/04 11:40:42.608] (INFO) Backed up all server logs.
[2015/11/04 11:40:42.608] (INFO) Waiting for monitor process (PID 25023) to die.
[2015/11/04 11:40:42.608] (INFO) Your mother called. She says you never call her.
[2015/11/04 11:40:42.608] (INFO) Waiting for monitor process (PID 21638) to die.
[2015/11/04 11:40:42.608] (INFO) Your mother called. She says you never call her.
[2015/11/04 11:40:42.608] (INFO) Device 0x25e6 is online.
[2015/11/04 11:40:42.608] (INFO) Your mother called. She says you never call her.
[2015/11/04 11:40:42.608] (WARN) Backup server 10.80.228.97 is offline.
[2015/11/04 11:40:42.608] (ERROR) Extra characters at end of line.
[2015/11/04 11:40:42.608] (INFO) Sending SIGTERM to 2 excess workers.
[2015/11/04 11:40:42.608] (INFO) User "wxw3275" logged in from 10.253.18.164.
[2015/11/04 11:40:42.608] (ERROR) /dev/lp error: "PC LOAD LETTER"
[2015/11/04 11:40:42.608] (INFO) Supervisor has entered RESTARTING state.
[2015/11/04 11:40:42.608] (INFO) Supervisor has entered WAITING state.
[2015/11/04 11:40:42.608] (INFO) Network heartbeat check: All OK.
[2015/11/04 11:40:42.608] (INFO) Alien monitor (aliend): Detected no space aliens.
[2015/11/04 11:40:42.608] (INFO) Supervisor has entered WAITING state.
[2015/11/04 11:40:42.608] (INFO) User "kdn2165" logged in from 192.168.187.35.
[2015/11/04 11:40:42.608] (INFO) Sending SIGTERM to 4 excess workers.
[2015/11/04 11:40:42.608] (INFO) Device 0x5720 is online.
[2015/11/04 11:40:42.608] (INFO) User "wgu9966" logged in from 192.168.164.174.
[2015/11/04 11:40:42.608] (INFO) Checkpointing off-heap server memory...
[2015/11/04 11:40:42.608] (INFO) Device 0x5288 is online.
[2015/11/04 11:40:42.608] (INFO) User "lbh6529" logged out due to inactivity (timeout=30 minutes).
[2015/11/04 11:40:42.608] (INFO) Backed up all server logs.
[2015/11/04 11:40:42.608] (ERROR) Blocked Little Bobby Tables attack (https://xkcd.com/327/) from 10.118.30.242.
[2015/11/04 11:40:42.608] (INFO) Your mother called. She says you never call her.
[2015/11/04 11:40:42.608] (INFO) Your mother called. She says you never call her.
[2015/11/04 11:40:42.608] (INFO) Device 0xf12d is online.
[2015/11/04 11:40:42.608] (INFO) Alien monitor (aliend): Detected no space aliens.
[2015/11/04 11:40:42.608] (INFO) Sending SIGTERM to 3 excess workers.
[2015/11/04 11:40:42.608] (INFO) Waiting for monitor process (PID 42508) to die.
[2015/11/04 11:40:42.608] (INFO) Device 0x0f35 is online.
[2015/11/04 11:40:42.608] (ERROR) CPU temperature exceeds 50º Celsius. Shutting down.
[2015/11/04 11:40:42.608] (ERROR) EFOODFAIL (Waiter, there's a fly in my soup).
[2015/11/04 11:40:42.608] (INFO) Sending SIGTERM to 4 excess workers.
[2015/11/04 11:40:42.608] (INFO) Flushed 65 buffers to disk.
[2015/11/04 11:40:42.608] (INFO) Checked file systems for errors: All filesystems OK.
[2015/11/04 11:40:42.608] (INFO) Checkpointing off-heap server memory...
[2015/11/04 11:40:42.608] (INFO) Rolling 4 log file(s)...
[2015/11/04 11:40:42.608] (INFO) Network heartbeat check: All OK.
[2015/11/04 11:40:42.608] (INFO) Device 0xb4ef is online.
[2015/11/04 11:40:42.608] (INFO) Device 0xee73 is online.
[2015/11/04 11:40:42.608] (INFO) Checked file systems for errors: All filesystems OK.
[2015/11/04 11:40:42.608] (INFO) Backed up all server logs.
[2015/11/04 11:40:42.608] (ERROR) Detected clock skew! Restarting NTP server.
[2015/11/04 11:40:42.608] (INFO) User "mnv4530" logged out.
[2015/11/04 11:40:42.608] (INFO) User "oan1746" logged out.
[2015/11/04 11:40:42.608] (INFO) Supervisor has entered RESTARTING state.
[2015/11/04 11:40:42.608] (INFO) Alien monitor (aliend): Detected no space aliens.
[2015/11/04 11:40:42.608] (WARN) Ignoring SIGTERM. It's not that easy to get rid of me.
[2015/11/04 11:40:42.608] (INFO) Checkpointing off-heap server memory...
[2015/11/04 11:40:42.608] (ERROR) Alien monitor (aliend): 3 space aliens are fiddling with the hardware!
[2015/11/04 11:40:42.608] (WARN) Possible cyber-attack from Nebraska.
[2015/11/04 11:40:42.608] (INFO) Alien monitor (aliend): Detected no space aliens.
[2015/11/04 11:40:42.608] (ERROR) Connection to 192.168.60.5 terminated unexpectedly. Reconnecting.
[2015/11/04 11:40:42.608] (INFO) Device 0x43c4 is online.
[2015/11/04 11:40:42.608] (INFO) Waiting for supervisor process (PID 41686) to die.
[2015/11/04 11:40:42.608] (INFO) .evian ylbirret si emehcs otpyrc ym neht ,siht daer nac uoy fI
[2015/11/04 11:40:42.608] (INFO) User "ckz7827" logged out due to inactivity (timeout=30 minutes).
[2015/11/04 11:40:42.608] (INFO) Device 0xec98 is online.
[2015/11/04 11:40:42.608] (INFO) .evian ylbirret si emehcs otpyrc ym neht ,siht daer nac uoy fI
[2015/11/04 11:40:42.608] (INFO) User "blm1862" logged out due to inactivity (timeout=30 minutes).
[2015/11/04 11:40:42.608] (INFO) Checkpointing off-heap server memory...
[2015/11/04 11:40:42.608] (INFO) Backed up all server logs.
[2015/11/04 11:40:42.608] (INFO) User "nre2317" logged in from 172.16.16.162.
[2015/11/04 11:40:42.608] (INFO) Flushed 94 buffers to disk.
[2015/11/04 11:40:42.608] (INFO) Network heartbeat check: All OK.
[2015/11/04 11:40:42.608] (INFO) Checkpointing off-heap server memory...
[2015/11/04 11:40:42.608] (INFO) Backed up all server logs.
[2015/11/04 11:40:42.608] (INFO) User "maj2313" logged out due to inactivity (timeout=30 minutes).
[2015/11/04 11:40:42.608] (INFO) Network heartbeat check: All OK.
[2015/11/04 11:40:42.608] (INFO) User "aef7140" logged in from 192.168.231.249.
[2015/11/04 11:40:42.608] (INFO) Device 0xeb99 is online.
[2015/11/04 11:40:42.608] (INFO) User "hqs9757" logged out due to inactivity (timeout=30 minutes).
[2015/11/04 11:40:42.608] (INFO) User "kjt6348" logged out.
[2015/11/04 11:40:42.608] (INFO) Waiting for supervisor process (PID 7400) to die.
[2015/11/04 11:40:42.608] (INFO) User "jrd7156" logged out due to inactivity (timeout=30 minutes).
[2015/11/04 11:40:42.608] (INFO) Supervisor has entered RESTARTING state.
[2015/11/04 11:40:43.107] (INFO) Checkpointing off-heap server memory...
[2015/11/04 11:40:43.107] (INFO) Checked file systems for errors: All filesystems OK.
[2015/11/04 11:40:43.107] (INFO) User "byg4372" logged in from 172.16.153.107.
[2015/11/04 11:40:43.107] (INFO) Waiting for monitor process (PID 61281) to die.
[2015/11/04 11:40:43.107] (INFO) User "qln5473" logged out.
[2015/11/04 11:40:43.107] (INFO) User "hze6383" logged out due to inactivity (timeout=30 minutes).
[2015/11/04 11:40:43.107] (INFO) Network heartbeat check: All OK.
[2015/11/04 11:40:43.107] (INFO) User "lcm5108" logged out.
[2015/11/04 11:40:43.107] (INFO) Rolling 8 log file(s)...
[2015/11/04 11:40:43.107] (WARN) There is no such thing as a free lunch.
[2015/11/04 11:40:43.107] (INFO) User "gvv7254" logged out.
[2015/11/04 11:40:43.107] (WARN) There is no such thing as a free lunch.
[2015/11/04 11:40:43.107] (INFO) Backed up all server logs.
[2015/11/04 11:40:43.107] (INFO) User "isz8179" logged out due to inactivity (timeout=30 minutes).
[2015/11/04 11:40:43.107] (INFO) Checkpointing off-heap server memory...
[2015/11/04 11:40:43.107] (INFO) .evian ylbirret si emehcs otpyrc ym neht ,siht daer nac uoy fI
[2015/11/04 11:40:43.107] (INFO) Network heartbeat check: All OK.
[2015/11/04 11:40:43.107] (INFO) Network heartbeat check: All OK.
[2015/11/04 11:40:43.107] (INFO) Supervisor has entered RESTARTING state.
[2015/11/04 11:40:43.107] (INFO) Checkpointing off-heap server memory...
[2015/11/04 11:40:43.107] (INFO) Waiting for monitor process (PID 35461) to die.
[2015/11/04 11:40:43.107] (INFO) .evian ylbirret si emehcs otpyrc ym neht ,siht daer nac uoy fI
[2015/11/04 11:40:43.107] (INFO) Supervisor has entered RUNNING state.
[2015/11/04 11:40:43.107] (INFO) Checkpointing off-heap server memory...
[2015/11/04 11:40:43.107] (ERROR) Unable to authenticate user "kws5430": LDAP server isn't responding.
[2015/11/04 11:40:43.107] (INFO) User "syg6755" logged in from 10.117.120.189.
[2015/11/04 11:40:43.107] (WARN) There is no such thing as a free lunch.
[2015/11/04 11:40:43.107] (ERROR) Detected incoming DDoS from 172.16.9.197.
[2015/11/04 11:40:43.107] (INFO) Checked file systems for errors: All filesystems OK.
[2015/11/04 11:40:43.107] (INFO) Your mother called. She says you never call her.
[2015/11/04 11:40:43.107] (INFO) Sending SIGTERM to 2 excess workers.
[2015/11/04 11:40:43.107] (INFO) Device 0x005f is online.
[2015/11/04 11:40:43.107] (INFO) Sending SIGTERM to 2 excess workers.
[2015/11/04 11:40:43.107] (INFO) Flushed 27 buffers to disk.
[2015/11/04 11:40:43.107] (INFO) Sending SIGTERM to 2 excess workers.
[2015/11/04 11:40:43.107] (WARN) Dropped 16,816 corrupt data packets.
[2015/11/04 11:40:43.107] (INFO) User "hcs3714" logged out.
[2015/11/04 11:40:43.107] (INFO) Backed up all server logs.
[2015/11/04 11:40:43.107] (INFO) Device 0x0348 is online.
[2015/11/04 11:40:43.107] (INFO) Your mother called. She says you never call her.
[2015/11/04 11:40:43.107] (INFO) User "thv8938" logged in from 192.168.62.105.
[2015/11/04 11:40:43.107] (WARN) Dropped 1,100 corrupt data packets.
[2015/11/04 11:40:43.107] (INFO) Backed up all server logs.
[2015/11/04 11:40:43.107] (INFO) Supervisor has entered RESTARTING state.
[2015/11/04 11:40:43.107] (ERROR) Directory index of "/var/data" is forbidden.
[2015/11/04 11:40:43.107] (INFO) Flushed 91 buffers to disk.
[2015/11/04 11:40:43.107] (INFO) Checkpointing off-heap server memory...
[2015/11/04 11:40:43.107] (INFO) Pinging watchdog timer process: Process is alive.
[2015/11/04 11:40:43.107] (INFO) Sending SIGTERM to 2 excess workers.
[2015/11/04 11:40:43.107] (INFO) User "uqz7767" logged in from 172.16.71.127.
[2015/11/04 11:40:43.107] (INFO) Alien monitor (aliend): Detected no space aliens.
[2015/11/04 11:40:43.107] (INFO) Flushed 52 buffers to disk.
[2015/11/04 11:40:43.107] (INFO) User "mak9035" logged out due to inactivity (timeout=30 minutes).
[2015/11/04 11:40:43.107] (WARN) There is no such thing as a free lunch.
[2015/11/04 11:40:43.107] (INFO) Alien monitor (aliend): Detected no space aliens.
[2015/11/04 11:40:43.107] (INFO) Device 0x14a7 is online.
[2015/11/04 11:40:43.107] (ERROR) "/var/data/FEsSK63732.csv": No such file or directory (ENOENT)
[2015/11/04 11:40:43.107] (INFO) Device 0x7564 is online.
[2015/11/04 11:40:43.107] (WARN) Network heartbeat check: 1 server(s) did not respond.
[2015/11/04 11:40:43.107] (INFO) User "akk7322" logged out due to inactivity (timeout=30 minutes).
[2015/11/04 11:40:43.107] (WARN) Network heartbeat check: 19 server(s) did not respond.
[2015/11/04 11:40:43.107] (INFO) Flushed 24 buffers to disk.
[2015/11/04 11:40:43.107] (ERROR) User "ior9698" failed to log in 3 times. Disabling account.
[2015/11/04 11:40:43.107] (ERROR) Unable to write to "/var/data/cBiDG96845.xslx": Permission denied (EACCES)
[2015/11/04 11:40:43.107] (INFO) Pinging watchdog timer process: Process is alive.
[2015/11/04 11:40:43.107] (INFO) Rolling 5 log file(s)...
[2015/11/04 11:40:43.107] (INFO) Network heartbeat check: All OK.
[2015/11/04 11:40:43.107] (WARN) CPU temperature exceeds 40º Celsius.
[2015/11/04 11:40:43.107] (INFO) Checkpointing off-heap server memory...
[2015/11/04 11:40:43.107] (INFO) User "krd3144" logged out due to inactivity (timeout=30 minutes).
[2015/11/04 11:40:43.107] (INFO) Checkpointing off-heap server memory...
[2015/11/04 11:40:43.107] (INFO) Backed up all server logs.
[2015/11/04 11:40:43.107] (ERROR) CPU temperature exceeds 50º Celsius. Shutting down.
[2015/11/04 11:40:43.107] (INFO) Your mother called. She says you never call her.
[2015/11/04 11:40:43.107] (INFO) Flushed 27 buffers to disk.
[2015/11/04 11:40:43.107] (ERROR) Extra characters at end of line.
[2015/11/04 11:40:43.107] (INFO) .evian ylbirret si emehcs otpyrc ym neht ,siht daer nac uoy fI
[2015/11/04 11:40:43.107] (INFO) .evian ylbirret si emehcs otpyrc ym neht ,siht daer nac uoy fI
[2015/11/04 11:40:43.107] (INFO) Pinging watchdog timer process: Process is alive.
[2015/11/04 11:40:43.107] (ERROR) Worker 3 died with SIGPOLL. Restarting it.
[2015/11/04 11:40:43.107] (INFO) Rolling 8 log file(s)...
[2015/11/04 11:40:43.107] (INFO) Your mother called. She says you never call her.
[2015/11/04 11:40:43.107] (INFO) User "pcc7900" logged out due to inactivity (timeout=30 minutes).
[2015/11/04 11:40:43.107] (INFO) Checkpointing off-heap server memory...
[2015/11/04 11:40:43.107] (ERROR) Device 0xe31f is offline
[2015/11/04 11:40:43.107] (ERROR) Network heartbeat check FAILED: Master host down?
[2015/11/04 11:40:43.107] (INFO) Checked file systems for errors: All filesystems OK.
[2015/11/04 11:40:43.107] (INFO) .evian ylbirret si emehcs otpyrc ym neht ,siht daer nac uoy fI
[2015/11/04 11:40:43.107] (WARN) Ignoring SIGTERM. It's not that easy to get rid of me.
[2015/11/04 11:40:43.107] (ERROR) Failed to open "/mnt/fileserver01/wNurq99821.csv": NFS timeout.
[2015/11/04 11:40:43.107] (INFO) Waiting for master process (PID 41459) to die.
[2015/11/04 11:40:43.107] (INFO) Sending SIGTERM to 4 excess workers.
[2015/11/04 11:40:43.107] (INFO) Backed up all server logs.
[2015/11/04 11:40:43.107] (INFO) User "hjw4401" logged out.
[2015/11/04 11:40:43.107] (INFO) Your mother called. She says you never call her.
[2015/11/04 11:40:43.107] (INFO) Checkpointing off-heap server memory...
[2015/11/04 11:40:43.107] (INFO) Checked file systems for errors: All filesystems OK.
[2015/11/04 11:40:43.107] (INFO) User "btl3599" logged out due to inactivity (timeout=30 minutes).
[2015/11/04 11:40:43.107] (ERROR) Device 0x0008 is offline
[2015/11/04 11:40:43.107] (INFO) User "hpk9038" logged out due to inactivity (timeout=30 minutes).
[2015/11/04 11:40:43.607] (WARN) Ignoring SIGTERM. It's not that easy to get rid of me.
[2015/11/04 11:40:43.607] (WARN) Master took 955 ms to respond (threshold=500 ms)
[2015/11/04 11:40:43.607] (INFO) Checkpointing off-heap server memory...
[2015/11/04 11:40:43.607] (ERROR) Alien monitor (aliend): 4 space aliens are fiddling with the hardware!
[2015/11/04 11:40:43.607] (INFO) Flushed 92 buffers to disk.
[2015/11/04 11:40:43.607] (INFO) Waiting for monitor process (PID 12967) to die.
[2015/11/04 11:40:43.607] (WARN) Retrying server log checkpoint.
[2015/11/04 11:40:43.607] (INFO) Pinging watchdog timer process: Process is alive.
[2015/11/04 11:40:43.607] (INFO) Your mother called. She says you never call her.
[2015/11/04 11:40:43.607] (INFO) Supervisor has entered RESTARTING state.
[2015/11/04 11:40:43.607] (INFO) Checked file systems for errors: All filesystems OK.
[2015/11/04 11:40:43.607] (INFO) User "jwx9259" logged out due to inactivity (timeout=30 minutes).
[2015/11/04 11:40:43.607] (ERROR) Failed to write checkpoint file "/var/checkpoint/hvJWR85504: No space left on device (ENOSPC)
[2015/11/04 11:40:43.607] (INFO) Supervisor has entered WAITING state.
[2015/11/04 11:40:43.607] (INFO) Supervisor has entered RUNNING state.
[2015/11/04 11:40:43.607] (INFO) Network heartbeat check: All OK.
[2015/11/04 11:40:43.607] (INFO) Sending SIGTERM to 4 excess workers.
[2015/11/04 11:40:43.607] (INFO) Checkpointing off-heap server memory...
[2015/11/04 11:40:43.607] (INFO) Waiting for monitor process (PID 4162) to die.
[2015/11/04 11:40:43.607] (INFO) Rolling 7 log file(s)...
[2015/11/04 11:40:43.607] (INFO) User "jpp5046" logged out due to inactivity (timeout=30 minutes).
[2015/11/04 11:40:43.607] (INFO) Device 0x638b is online.
[2015/11/04 11:40:43.607] (INFO) .evian ylbirret si emehcs otpyrc ym neht ,siht daer nac uoy fI
[2015/11/04 11:40:43.607] (INFO) Waiting for master process (PID 64228) to die.
[2015/11/04 11:40:43.607] (INFO) Network heartbeat check: All OK.
[2015/11/04 11:40:43.607] (INFO) Sending SIGTERM to 3 excess workers.
[2015/11/04 11:40:43.607] (INFO) Checked file systems for errors: All filesystems OK.
[2015/11/04 11:40:43.607] (INFO) Alien monitor (aliend): Detected no space aliens.
[2015/11/04 11:40:43.607] (INFO) User "yia1472" logged out.
[2015/11/04 11:40:43.607] (INFO) Network heartbeat check: All OK.
[2015/11/04 11:40:43.607] (INFO) Supervisor has entered SUSPENDED state.
[2015/11/04 11:40:43.607] (INFO) Supervisor has entered WAITING state.
[2015/11/04 11:40:43.607] (WARN) Unable to ping worker at 10.213.104.85. Retrying.
[2015/11/04 11:40:43.607] (ERROR) /dev/lp error: "PC LOAD LETTER"
[2015/11/04 11:40:43.607] (INFO) Pinging watchdog timer process: Process is alive.
[2015/11/04 11:40:43.607] (INFO) Supervisor has entered WAITING state.
[2015/11/04 11:40:43.607] (INFO) Device 0xe88c is online.
[2015/11/04 11:40:43.607] (INFO) Backed up all server logs.
[2015/11/04 11:40:43.607] (INFO) Sending SIGTERM to 2 excess workers.
[2015/11/04 11:40:43.607] (INFO) Sending SIGTERM to 4 excess workers.
[2015/11/04 11:40:43.607] (INFO) Checkpointing off-heap server memory...
[2015/11/04 11:40:43.607] (INFO) Alien monitor (aliend): Detected no space aliens.
[2015/11/04 11:40:43.607] (INFO) Backed up all server logs.
[2015/11/04 11:40:43.607] (INFO) Device 0x1e72 is online.
[2015/11/04 11:40:43.607] (INFO) Sending SIGTERM to 4 excess workers.
[2015/11/04 11:40:43.607] (ERROR) "/var/data/zakza61622.tsv": Permission denied (EACCES)
[2015/11/04 11:40:43.607] (ERROR) Connection to 172.16.25.150 terminated unexpectedly. Reconnecting.
[2015/11/04 11:40:43.607] (WARN) Dropped 4,179 corrupt data packets.
[2015/11/04 11:40:43.607] (WARN) Unable to ping master at 172.16.48.16. Retrying.
[2015/11/04 11:40:43.607] (INFO) Sending SIGTERM to 3 excess workers.
[2015/11/04 11:40:43.607] (INFO) .evian ylbirret si emehcs otpyrc ym neht ,siht daer nac uoy fI
[2015/11/04 11:40:43.607] (INFO) Alien monitor (aliend): Detected no space aliens.
[2015/11/04 11:40:43.607] (INFO) Network heartbeat check: All OK.
[2015/11/04 11:40:43.607] (INFO) Alien monitor (aliend): Detected no space aliens.
[2015/11/04 11:40:43.607] (INFO) Device 0xfe38 is online.
[2015/11/04 11:40:43.607] (INFO) Checkpointing off-heap server memory...
[2015/11/04 11:40:43.607] (INFO) Waiting for master process (PID 34724) to die.
[2015/11/04 11:40:43.607] (INFO) Flushed 45 buffers to disk.
[2015/11/04 11:40:43.607] (INFO) Your mother called. She says you never call her.
[2015/11/04 11:40:43.607] (INFO) Waiting for master process (PID 10286) to die.
[2015/11/04 11:40:43.607] (INFO) Network heartbeat check: All OK.
[2015/11/04 11:40:43.607] (INFO) Rolling 1 log file(s)...
[2015/11/04 11:40:43.607] (INFO) Waiting for supervisor process (PID 43369) to die.
[2015/11/04 11:40:43.607] (INFO) .evian ylbirret si emehcs otpyrc ym neht ,siht daer nac uoy fI
[2015/11/04 11:40:43.607] (ERROR) User "zeb7453" failed to log in 3 times. Disabling account.
[2015/11/04 11:40:43.607] (ERROR) "/var/data/dwIOT56172.txt": No such file or directory (ENOENT)
[2015/11/04 11:40:43.607] (INFO) User "ewy4163" logged out.
[2015/11/04 11:40:43.607] (INFO) User "udg7845" logged in from 192.168.33.20.
[2015/11/04 11:40:43.607] (INFO) Your mother called. She says you never call her.
[2015/11/04 11:40:43.607] (INFO) Sending SIGTERM to 3 excess workers.
[2015/11/04 11:40:43.607] (INFO) Alien monitor (aliend): Detected no space aliens.
[2015/11/04 11:40:43.607] (INFO) User "rem8131" logged out.
[2015/11/04 11:40:43.607] (INFO) Supervisor has entered WAITING state.
[2015/11/04 11:40:43.607] (INFO) Checkpointing off-heap server memory...
[2015/11/04 11:40:43.607] (WARN) Retrying server log checkpoint.
[2015/11/04 11:40:43.607] (INFO) Checkpointing off-heap server memory...
[2015/11/04 11:40:43.607] (INFO) Backed up all server logs.
[2015/11/04 11:40:43.607] (INFO) Flushed 52 buffers to disk.
[2015/11/04 11:40:43.607] (INFO) .evian ylbirret si emehcs otpyrc ym neht ,siht daer nac uoy fI
[2015/11/04 11:40:43.607] (INFO) Pinging watchdog timer process: Process is alive.
[2015/11/04 11:40:43.607] (INFO) Your mother called. She says you never call her.
[2015/11/04 11:40:43.607] (INFO) Your mother called. She says you never call her.
[2015/11/04 11:40:43.607] (INFO) .evian ylbirret si emehcs otpyrc ym neht ,siht daer nac uoy fI
[2015/11/04 11:40:43.607] (INFO) User "ffh3301" logged in from 192.168.200.75.
[2015/11/04 11:40:43.607] (INFO) User "qqz8709" logged in from 172.16.171.240.
[2015/11/04 11:40:43.607] (INFO) Supervisor has entered RESTARTING state.
[2015/11/04 11:40:43.607] (WARN) Ignoring SIGTERM. It's not that easy to get rid of me.
[2015/11/04 11:40:43.607] (INFO) Device 0xe5e9 is online.
[2015/11/04 11:40:43.607] (INFO) Pinging watchdog timer process: Process is alive.
[2015/11/04 11:40:43.607] (WARN) Network heartbeat check: 15 server(s) did not respond.
[2015/11/04 11:40:43.607] (INFO) Alien monitor (aliend): Detected no space aliens.
[2015/11/04 11:40:43.607] (ERROR) Worker 9 died with SIGBUS. Restarting it.
[2015/11/04 11:40:43.607] (INFO) Sending SIGTERM to 4 excess workers.
[2015/11/04 11:40:43.607] (INFO) Device 0xc5d3 is online.
[2015/11/04 11:40:43.607] (INFO) Checked file systems for errors: All filesystems OK.
[2015/11/04 11:40:43.607] (INFO) Checkpointing off-heap server memory...
[2015/11/04 11:40:43.607] (ERROR) Unable to mount /dev/sde4. (Time to run fsck?)
[2015/11/04 11:40:43.607] (INFO) Backed up all server logs.
[2015/11/04 11:40:43.607] (ERROR) Failed to write checkpoint file "/var/checkpoint/FrzJx68459: No space left on device (ENOSPC)
[2015/11/04 11:40:43.607] (INFO) Pinging watchdog timer process: Process is alive.
[2015/11/04 11:40:44.108] (INFO) Your mother called. She says you never call her.
[2015/11/04 11:40:44.108] (INFO) Checked file systems for errors: All filesystems OK.
[2015/11/04 11:40:44.108] (INFO) Alien monitor (aliend): Detected no space aliens.
[2015/11/04 11:40:44.108] (WARN) Master took 870 ms to respond (threshold=500 ms)
[2015/11/04 11:40:44.108] (INFO) .evian ylbirret si emehcs otpyrc ym neht ,siht daer nac uoy fI
[2015/11/04 11:40:44.108] (INFO) Pinging watchdog timer process: Process is alive.
[2015/11/04 11:40:44.108] (INFO) Device 0x2e9c is online.
[2015/11/04 11:40:44.108] (INFO) Pinging watchdog timer process: Process is alive.
[2015/11/04 11:40:44.108] (ERROR) /dev/lp error: "PC LOAD LETTER"
[2015/11/04 11:40:44.108] (INFO) Checked file systems for errors: All filesystems OK.
[2015/11/04 11:40:44.108] (INFO) Alien monitor (aliend): Detected no space aliens.
[2015/11/04 11:40:44.108] (INFO) User "mug4485" logged in from 10.167.235.112.
[2015/11/04 11:40:44.108] (INFO) .evian ylbirret si emehcs otpyrc ym neht ,siht daer nac uoy fI
[2015/11/04 11:40:44.108] (INFO) Network heartbeat check: All OK.
[2015/11/04 11:40:44.108] (INFO) User "mie9131" logged out.
[2015/11/04 11:40:44.108] (INFO) Checkpointing off-heap server memory...
[2015/11/04 11:40:44.108] (INFO) Alien monitor (aliend): Detected no space aliens.
[2015/11/04 11:40:44.108] (WARN) Retrying server log checkpoint.
[2015/11/04 11:40:44.108] (ERROR) Unable to authenticate user "dsc7155": LDAP server isn't responding.
[2015/11/04 11:40:44.108] (WARN) Space on disk /dev/sde3 is low: Only 432 MB available.
[2015/11/04 11:40:44.108] (INFO) Waiting for supervisor process (PID 6483) to die.
[2015/11/04 11:40:44.108] (INFO) Pinging watchdog timer process: Process is alive.
[2015/11/04 11:40:44.108] (INFO) Rolling 1 log file(s)...
[2015/11/04 11:40:44.108] (INFO) Sending SIGTERM to 2 excess workers.
[2015/11/04 11:40:44.108] (INFO) Rolling 7 log file(s)...
[2015/11/04 11:40:44.108] (INFO) Rolling 7 log file(s)...
[2015/11/04 11:40:44.108] (INFO) .evian ylbirret si emehcs otpyrc ym neht ,siht daer nac uoy fI
[2015/11/04 11:40:44.108] (ERROR) Server log backup FAILED. See backup logs.
[2015/11/04 11:40:44.108] (INFO) User "mpd2074" logged out due to inactivity (timeout=30 minutes).
[2015/11/04 11:40:44.108] (WARN) CPU temperature exceeds 40º Celsius.
[2015/11/04 11:40:44.108] (INFO) User "kst2466" logged out due to inactivity (timeout=30 minutes).
[2015/11/04 11:40:44.108] (INFO) Supervisor has entered WAITING state.
[2015/11/04 11:40:44.108] (ERROR) Network heartbeat check FAILED: Master host down?
[2015/11/04 11:40:44.108] (WARN) CPU temperature exceeds 40º Celsius.
[2015/11/04 11:40:44.108] (ERROR) Detected incoming DDoS from 192.168.47.86.
[2015/11/04 11:40:44.108] (INFO) Your mother called. She says you never call her.
[2015/11/04 11:40:44.108] (INFO) Device 0xa286 is online.
[2015/11/04 11:40:44.108] (INFO) Checkpointing off-heap server memory...
[2015/11/04 11:40:44.108] (INFO) Waiting for master process (PID 12594) to die.
[2015/11/04 11:40:44.108] (INFO) User "uud8303" logged in from 172.16.7.156.
[2015/11/04 11:40:44.108] (ERROR) Blocked Little Bobby Tables attack (https://xkcd.com/327/) from 10.92.84.147.
[2015/11/04 11:40:44.108] (ERROR) Detected incoming DDoS from 10.211.186.204.
[2015/11/04 11:40:44.108] (INFO) User "rre5443" logged in from 10.39.154.100.
[2015/11/04 11:40:44.108] (WARN) There is no such thing as a free lunch.
[2015/11/04 11:40:44.108] (INFO) Sending SIGTERM to 2 excess workers.
[2015/11/04 11:40:44.108] (INFO) Sending SIGTERM to 2 excess workers.
[2015/11/04 11:40:44.108] (INFO) Flushed 92 buffers to disk.
[2015/11/04 11:40:44.108] (INFO) User "ges5743" logged out due to inactivity (timeout=30 minutes).
[2015/11/04 11:40:44.108] (INFO) Network heartbeat check: All OK.
[2015/11/04 11:40:44.108] (INFO) User "kuh9852" logged out.
[2015/11/04 11:40:44.108] (INFO) Backed up all server logs.
[2015/11/04 11:40:44.108] (WARN) Possible cyber-attack from China.
[2015/11/04 11:40:44.108] (INFO) User "lhe5225" logged in from 10.167.181.23.
[2015/11/04 11:40:44.108] (INFO) Backed up all server logs.
[2015/11/04 11:40:44.108] (INFO) .evian ylbirret si emehcs otpyrc ym neht ,siht daer nac uoy fI
[2015/11/04 11:40:44.108] (INFO) User "fkz8448" logged in from 172.16.187.87.
[2015/11/04 11:40:44.108] (INFO) User "wcj7365" logged out.
[2015/11/04 11:40:44.108] (INFO) Your mother called. She says you never call her.
[2015/11/04 11:40:44.108] (INFO) User "pci9919" logged out due to inactivity (timeout=30 minutes).
[2015/11/04 11:40:44.108] (INFO) Supervisor has entered RUNNING state.
[2015/11/04 11:40:44.108] (INFO) Checked file systems for errors: All filesystems OK.
[2015/11/04 11:40:44.108] (INFO) User "don7133" logged out.
[2015/11/04 11:40:44.108] (WARN) Unable to ping worker at 172.16.119.108. Retrying.
[2015/11/04 11:40:44.108] (WARN) Dropped 8,626 corrupt data packets.
[2015/11/04 11:40:44.108] (ERROR) Blocked nmap traffic originating from 192.168.146.152.
[2015/11/04 11:40:44.108] (INFO) .evian ylbirret si emehcs otpyrc ym neht ,siht daer nac uoy fI
[2015/11/04 11:40:44.108] (INFO) Waiting for monitor process (PID 7479) to die.
[2015/11/04 11:40:44.108] (INFO) Sending SIGTERM to 4 excess workers.
[2015/11/04 11:40:44.108] (ERROR) "/var/data/NFLyv89289.txt": No such file or directory (ENOENT)
[2015/11/04 11:40:44.108] (INFO) Network heartbeat check: All OK.
[2015/11/04 11:40:44.108] (INFO) User "sih6532" logged in from 172.16.242.155.
[2015/11/04 11:40:44.108] (INFO) Alien monitor (aliend): Detected no space aliens.
[2015/11/04 11:40:44.108] (INFO) .evian ylbirret si emehcs otpyrc ym neht ,siht daer nac uoy fI
[2015/11/04 11:40:44.108] (ERROR) Failed to open "/mnt/fileserver02/dElPX84910.txt": NFS timeout.
[2015/11/04 11:40:44.108] (ERROR) Failed to open "/mnt/fileserver02/GotDh89379.parquet": NFS timeout.
[2015/11/04 11:40:44.108] (ERROR) CPU temperature exceeds 50º Celsius. Shutting down.
[2015/11/04 11:40:44.108] (INFO) User "rgn9949" logged out due to inactivity (timeout=30 minutes).
[2015/11/04 11:40:44.108] (INFO) User "qka3034" logged out.
[2015/11/04 11:40:44.108] (INFO) Supervisor has entered WAITING state.
[2015/11/04 11:40:44.108] (INFO) Rolling 2 log file(s)...
[2015/11/04 11:40:44.108] (INFO) Pinging watchdog timer process: Process is alive.
[2015/11/04 11:40:44.108] (INFO) Supervisor has entered WAITING state.
[2015/11/04 11:40:44.108] (INFO) User "fno9374" logged out.
[2015/11/04 11:40:44.108] (INFO) Your mother called. She says you never call her.
[2015/11/04 11:40:44.108] (INFO) .evian ylbirret si emehcs otpyrc ym neht ,siht daer nac uoy fI
[2015/11/04 11:40:44.108] (WARN) Backup server 192.168.223.75 is offline.
[2015/11/04 11:40:44.108] (INFO) User "rdu4495" logged out due to inactivity (timeout=30 minutes).
[2015/11/04 11:40:44.108] (WARN) Possible cyber-attack from The Cayman Islands.
[2015/11/04 11:40:44.108] (INFO) Checkpointing off-heap server memory...
[2015/11/04 11:40:44.108] (INFO) Supervisor has entered SUSPENDED state.
[2015/11/04 11:40:44.108] (WARN) Space on disk /dev/sda4 is low: Only 447 MB available.
[2015/11/04 11:40:44.108] (WARN) Retrying server log checkpoint.
[2015/11/04 11:40:44.108] (INFO) Rolling 8 log file(s)...
[2015/11/04 11:40:44.108] (INFO) Checkpointing off-heap server memory...
[2015/11/04 11:40:44.108] (INFO) User "bdk7475" logged out due to inactivity (timeout=30 minutes).
[2015/11/04 11:40:44.108] (ERROR) Server log backup FAILED. See backup logs.
[2015/11/04 11:40:44.108] (WARN) There is no such thing as a free lunch.
[2015/11/04 11:40:44.108] (INFO) User "ddg3590" logged out.
[2015/11/04 11:40:44.108] (WARN) Master took 795 ms to respond (threshold=500 ms)
[2015/11/04 11:40:44.108] (INFO) Checked file systems for errors: All filesystems OK.
[2015/11/04 11:40:44.607] (INFO) Checkpointing off-heap server memory...
[2015/11/04 11:40:44.607] (WARN) Possible cyber-attack from Alpha Centauri.
[2015/11/04 11:40:44.607] (INFO) .evian ylbirret si emehcs otpyrc ym neht ,siht daer nac uoy fI
[2015/11/04 11:40:44.607] (INFO) Flushed 75 buffers to disk.
[2015/11/04 11:40:44.607] (INFO) Flushed 36 buffers to disk.
[2015/11/04 11:40:44.607] (INFO) Sending SIGTERM to 2 excess workers.
[2015/11/04 11:40:44.607] (WARN) Watchdog timer crashed. Restarting it.
[2015/11/04 11:40:44.607] (WARN) Watchdog timer crashed. Restarting it.
[2015/11/04 11:40:44.607] (INFO) Alien monitor (aliend): Detected no space aliens.
[2015/11/04 11:40:44.607] (WARN) CPU temperature exceeds 40º Celsius.
[2015/11/04 11:40:44.607] (INFO) User "gal9225" logged in from 172.16.201.211.
[2015/11/04 11:40:44.607] (INFO) Network heartbeat check: All OK.
[2015/11/04 11:40:44.607] (INFO) Network heartbeat check: All OK.
[2015/11/04 11:40:44.607] (INFO) Pinging watchdog timer process: Process is alive.
[2015/11/04 11:40:44.607] (INFO) Your mother called. She says you never call her.
[2015/11/04 11:40:44.607] (INFO) Flushed 24 buffers to disk.
[2015/11/04 11:40:44.607] (WARN) Retrying server log checkpoint.
[2015/11/04 11:40:44.607] (INFO) User "qta5566" logged out.
[2015/11/04 11:40:44.607] (INFO) Alien monitor (aliend): Detected no space aliens.
[2015/11/04 11:40:44.607] (INFO) Network heartbeat check: All OK.
[2015/11/04 11:40:44.607] (WARN) Backup server 172.16.74.216 is offline.
[2015/11/04 11:40:44.607] (INFO) Your mother called. She says you never call her.
[2015/11/04 11:40:44.607] (INFO) Supervisor has entered RESTARTING state.
[2015/11/04 11:40:44.607] (INFO) Backed up all server logs.
[2015/11/04 11:40:44.607] (INFO) User "ocw8404" logged in from 10.203.0.44.
[2015/11/04 11:40:44.607] (WARN) There is no such thing as a free lunch.
[2015/11/04 11:40:44.607] (INFO) Checkpointing off-heap server memory...
[2015/11/04 11:40:44.607] (INFO) Flushed 96 buffers to disk.
[2015/11/04 11:40:44.607] (ERROR) Alien monitor (aliend): 4 space aliens are fiddling with the hardware!
[2015/11/04 11:40:44.607] (INFO) User "rrn9776" logged out due to inactivity (timeout=30 minutes).
[2015/11/04 11:40:44.607] (INFO) User "djx2744" logged out.
[2015/11/04 11:40:44.607] (INFO) Your mother called. She says you never call her.
[2015/11/04 11:40:44.607] (INFO) Checked file systems for errors: All filesystems OK.
[2015/11/04 11:40:44.607] (INFO) Device 0xd08a is online.
[2015/11/04 11:40:44.607] (INFO) Supervisor has entered RUNNING state.
[2015/11/04 11:40:44.607] (INFO) User "tyz6998" logged in from 172.16.1.66.
[2015/11/04 11:40:44.607] (INFO) Supervisor has entered SUSPENDED state.
[2015/11/04 11:40:44.607] (INFO) Network heartbeat check: All OK.
[2015/11/04 11:40:44.607] (INFO) Rolling 8 log file(s)...
[2015/11/04 11:40:44.607] (INFO) Sending SIGTERM to 4 excess workers.
[2015/11/04 11:40:44.607] (INFO) Supervisor has entered WAITING state.
[2015/11/04 11:40:44.607] (INFO) Pinging watchdog timer process: Process is alive.
[2015/11/04 11:40:44.607] (INFO) Backed up all server logs.
[2015/11/04 11:40:44.607] (INFO) Backed up all server logs.
[2015/11/04 11:40:44.607] (ERROR) /dev/lp error: "PC LOAD LETTER"
[2015/11/04 11:40:44.607] (INFO) Device 0x4a4a is online.
[2015/11/04 11:40:44.607] (INFO) Supervisor has entered WAITING state.
[2015/11/04 11:40:44.607] (INFO) Waiting for supervisor process (PID 8232) to die.
[2015/11/04 11:40:44.607] (WARN) There is no such thing as a free lunch.
[2015/11/04 11:40:44.607] (INFO) Flushed 74 buffers to disk.
[2015/11/04 11:40:44.607] (INFO) Flushed 28 buffers to disk.
[2015/11/04 11:40:44.607] (INFO) Network heartbeat check: All OK.
[2015/11/04 11:40:44.607] (INFO) Checkpointing off-heap server memory...
[2015/11/04 11:40:44.607] (INFO) Rolling 1 log file(s)...
[2015/11/04 11:40:44.607] (INFO) User "xnu7932" logged in from 192.168.247.40.
[2015/11/04 11:40:44.607] (INFO) Device 0xa78e is online.
[2015/11/04 11:40:44.607] (INFO) Waiting for master process (PID 51261) to die.
[2015/11/04 11:40:44.607] (INFO) Device 0x5e4d is online.
[2015/11/04 11:40:44.607] (WARN) Ignoring SIGTERM. It's not that easy to get rid of me.
[2015/11/04 11:40:44.607] (INFO) Backed up all server logs.
[2015/11/04 11:40:44.607] (INFO) .evian ylbirret si emehcs otpyrc ym neht ,siht daer nac uoy fI
[2015/11/04 11:40:44.607] (INFO) Checked file systems for errors: All filesystems OK.
[2015/11/04 11:40:44.607] (INFO) Rolling 1 log file(s)...
[2015/11/04 11:40:44.607] (INFO) User "mks6440" logged in from 172.16.216.193.
[2015/11/04 11:40:44.607] (INFO) User "ctm6313" logged out.
[2015/11/04 11:40:44.607] (INFO) Pinging watchdog timer process: Process is alive.
[2015/11/04 11:40:44.607] (INFO) User "uos1746" logged in from 192.168.6.31.
[2015/11/04 11:40:44.607] (INFO) Waiting for worker process (PID 57254) to die.
[2015/11/04 11:40:44.607] (INFO) Backed up all server logs.
[2015/11/04 11:40:44.607] (INFO) Supervisor has entered WAITING state.
[2015/11/04 11:40:44.607] (INFO) Network heartbeat check: All OK.
[2015/11/04 11:40:44.607] (INFO) .evian ylbirret si emehcs otpyrc ym neht ,siht daer nac uoy fI
[2015/11/04 11:40:44.607] (ERROR) Unable to mount /dev/sdf1. (Time to run fsck?)
[2015/11/04 11:40:44.607] (INFO) Rolling 5 log file(s)...
[2015/11/04 11:40:44.607] (ERROR) CPU temperature exceeds 50º Celsius. Shutting down.
[2015/11/04 11:40:44.607] (ERROR) "/var/data/PuYgu83691.csv": Permission denied (EACCES)
[2015/11/04 11:40:44.607] (WARN) Retrying server log checkpoint.
[2015/11/04 11:40:44.607] (INFO) Sending SIGTERM to 4 excess workers.
[2015/11/04 11:40:44.607] (INFO) .evian ylbirret si emehcs otpyrc ym neht ,siht daer nac uoy fI
[2015/11/04 11:40:44.607] (INFO) Your mother called. She says you never call her.
[2015/11/04 11:40:44.607] (INFO) .evian ylbirret si emehcs otpyrc ym neht ,siht daer nac uoy fI
[2015/11/04 11:40:44.607] (INFO) Backed up all server logs.
[2015/11/04 11:40:44.607] (INFO) Flushed 35 buffers to disk.
[2015/11/04 11:40:44.607] (INFO) Rolling 8 log file(s)...
[2015/11/04 11:40:44.607] (INFO) Alien monitor (aliend): Detected no space aliens.
[2015/11/04 11:40:44.607] (INFO) User "hjb4517" logged out.
[2015/11/04 11:40:44.607] (WARN) There is no such thing as a free lunch.
[2015/11/04 11:40:44.607] (ERROR) Detected clock skew! Restarting NTP server.
[2015/11/04 11:40:44.607] (INFO) Pinging watchdog timer process: Process is alive.
[2015/11/04 11:40:44.607] (WARN) Unable to ping worker at 10.206.237.214. Retrying.
[2015/11/04 11:40:44.607] (WARN) Network heartbeat check: 11 server(s) did not respond.
[2015/11/04 11:40:44.607] (INFO) Sending SIGTERM to 4 excess workers.
[2015/11/04 11:40:44.607] (ERROR) Device 0xa042 is offline
[2015/11/04 11:40:44.607] (INFO) Flushed 92 buffers to disk.
[2015/11/04 11:40:44.607] (WARN) Ignoring SIGTERM. It's not that easy to get rid of me.
[2015/11/04 11:40:44.607] (INFO) Sending SIGTERM to 3 excess workers.
[2015/11/04 11:40:44.607] (INFO) Network heartbeat check: All OK.
[2015/11/04 11:40:44.607] (INFO) Sending SIGTERM to 3 excess workers.
[2015/11/04 11:40:44.607] (INFO) Backed up all server logs.
[2015/11/04 11:40:44.607] (INFO) User "znh6082" logged out due to inactivity (timeout=30 minutes).
[2015/11/04 11:40:45.107] (WARN) Retrying server log checkpoint.
[2015/11/04 11:40:45.107] (INFO) Checked file systems for errors: All filesystems OK.
[2015/11/04 11:40:45.107] (INFO) User "wvr9414" logged out due to inactivity (timeout=30 minutes).
[2015/11/04 11:40:45.107] (INFO) User "nwj9898" logged out due to inactivity (timeout=30 minutes).
[2015/11/04 11:40:45.107] (INFO) .evian ylbirret si emehcs otpyrc ym neht ,siht daer nac uoy fI
[2015/11/04 11:40:45.107] (ERROR) Extra characters at end of line.
[2015/11/04 11:40:45.107] (INFO) Network heartbeat check: All OK.
[2015/11/04 11:40:45.107] (INFO) Pinging watchdog timer process: Process is alive.
[2015/11/04 11:40:45.107] (INFO) Alien monitor (aliend): Detected no space aliens.
[2015/11/04 11:40:45.107] (INFO) User "nuf8268" logged out due to inactivity (timeout=30 minutes).
[2015/11/04 11:40:45.107] (INFO) Checked file systems for errors: All filesystems OK.
[2015/11/04 11:40:45.107] (INFO) Sending SIGTERM to 4 excess workers.
[2015/11/04 11:40:45.107] (INFO) Pinging watchdog timer process: Process is alive.
[2015/11/04 11:40:45.107] (INFO) Your mother called. She says you never call her.
[2015/11/04 11:40:45.107] (INFO) Rolling 2 log file(s)...
[2015/11/04 11:40:45.107] (INFO) Checked file systems for errors: All filesystems OK.
[2015/11/04 11:40:45.107] (INFO) Waiting for monitor process (PID 14164) to die.
[2015/11/04 11:40:45.107] (INFO) Pinging watchdog timer process: Process is alive.
[2015/11/04 11:40:45.107] (INFO) User "tbs1451" logged out due to inactivity (timeout=30 minutes).
[2015/11/04 11:40:45.107] (INFO) Checked file systems for errors: All filesystems OK.
[2015/11/04 11:40:45.107] (INFO) Flushed 72 buffers to disk.
[2015/11/04 11:40:45.107] (WARN) Network heartbeat check: 11 server(s) did not respond.
[2015/11/04 11:40:45.107] (INFO) Rolling 5 log file(s)...
[2015/11/04 11:40:45.107] (INFO) Network heartbeat check: All OK.
[2015/11/04 11:40:45.107] (INFO) User "gqy3826" logged out due to inactivity (timeout=30 minutes).
[2015/11/04 11:40:45.107] (INFO) User "wcn9259" logged out due to inactivity (timeout=30 minutes).
[2015/11/04 11:40:45.107] (INFO) Alien monitor (aliend): Detected no space aliens.
[2015/11/04 11:40:45.107] (INFO) Checked file systems for errors: All filesystems OK.
[2015/11/04 11:40:45.107] (INFO) User "krg9868" logged out.
[2015/11/04 11:40:45.107] (INFO) Pinging watchdog timer process: Process is alive.
[2015/11/04 11:40:45.107] (INFO) Alien monitor (aliend): Detected no space aliens.
[2015/11/04 11:40:45.107] (ERROR) Directory index of "/var/data" is forbidden.
[2015/11/04 11:40:45.107] (ERROR) Connection to 172.16.73.179 terminated unexpectedly. Reconnecting.
[2015/11/04 11:40:45.107] (INFO) Backed up all server logs.
[2015/11/04 11:40:45.107] (INFO) Device 0xa866 is online.
[2015/11/04 11:40:45.107] (INFO) Device 0xf652 is online.
[2015/11/04 11:40:45.107] (INFO) Pinging watchdog timer process: Process is alive.
[2015/11/04 11:40:45.107] (INFO) Alien monitor (aliend): Detected no space aliens.
[2015/11/04 11:40:45.107] (INFO) Waiting for worker process (PID 28822) to die.
[2015/11/04 11:40:45.107] (WARN) Backup server 10.24.24.2 is offline.
[2015/11/04 11:40:45.107] (INFO) Checkpointing off-heap server memory...
[2015/11/04 11:40:45.107] (INFO) User "joh4696" logged in from 172.16.195.111.
[2015/11/04 11:40:45.107] (INFO) Backed up all server logs.
[2015/11/04 11:40:45.107] (INFO) Device 0x1083 is online.
[2015/11/04 11:40:45.107] (ERROR) Failed to open "/mnt/fileserver02/XJYyk89460.zip": NFS timeout.
[2015/11/04 11:40:45.107] (INFO) Device 0x7c2f is online.
[2015/11/04 11:40:45.107] (INFO) Flushed 68 buffers to disk.
[2015/11/04 11:40:45.107] (WARN) Retrying server log checkpoint.
[2015/11/04 11:40:45.107] (INFO) Waiting for supervisor process (PID 44202) to die.
[2015/11/04 11:40:45.107] (INFO) Backed up all server logs.
[2015/11/04 11:40:45.107] (INFO) Sending SIGTERM to 4 excess workers.
[2015/11/04 11:40:45.107] (INFO) Device 0xdfec is online.
[2015/11/04 11:40:45.107] (WARN) CPU temperature exceeds 40º Celsius.
[2015/11/04 11:40:45.107] (ERROR) Connection to 172.16.111.29 terminated unexpectedly. Reconnecting.
[2015/11/04 11:40:45.107] (INFO) Pinging watchdog timer process: Process is alive.
[2015/11/04 11:40:45.107] (INFO) Flushed 60 buffers to disk.
[2015/11/04 11:40:45.107] (INFO) Flushed 71 buffers to disk.
[2015/11/04 11:40:45.107] (ERROR) /dev/lp error: "PC LOAD LETTER"
[2015/11/04 11:40:45.107] (INFO) Your mother called. She says you never call her.
[2015/11/04 11:40:45.107] (INFO) Pinging watchdog timer process: Process is alive.
[2015/11/04 11:40:45.107] (WARN) Unable to ping supervisor at 10.237.135.69. Retrying.
[2015/11/04 11:40:45.107] (INFO) Your mother called. She says you never call her.
[2015/11/04 11:40:45.107] (ERROR) "/var/data/BDDjX95998.xml": Permission denied (EACCES)
[2015/11/04 11:40:45.107] (INFO) Rolling 2 log file(s)...
[2015/11/04 11:40:45.107] (INFO) Checked file systems for errors: All filesystems OK.
[2015/11/04 11:40:45.107] (INFO) User "zum1877" logged out.
[2015/11/04 11:40:45.107] (WARN) Unable to ping worker at 172.16.236.40. Retrying.
[2015/11/04 11:40:45.107] (INFO) Checkpointing off-heap server memory...
[2015/11/04 11:40:45.107] (INFO) Checked file systems for errors: All filesystems OK.
[2015/11/04 11:40:45.107] (INFO) .evian ylbirret si emehcs otpyrc ym neht ,siht daer nac uoy fI
[2015/11/04 11:40:45.107] (INFO) Pinging watchdog timer process: Process is alive.
[2015/11/04 11:40:45.107] (INFO) Flushed 93 buffers to disk.
[2015/11/04 11:40:45.107] (WARN) Backup server 172.16.177.17 is offline.
[2015/11/04 11:40:45.107] (INFO) Checkpointing off-heap server memory...
[2015/11/04 11:40:45.107] (INFO) User "net6980" logged in from 192.168.48.65.
[2015/11/04 11:40:45.107] (INFO) Supervisor has entered SUSPENDED state.
[2015/11/04 11:40:45.107] (INFO) .evian ylbirret si emehcs otpyrc ym neht ,siht daer nac uoy fI
[2015/11/04 11:40:45.107] (INFO) Network heartbeat check: All OK.
[2015/11/04 11:40:45.107] (ERROR) Blocked SSH traffic originating from 10.253.46.202.
[2015/11/04 11:40:45.107] (INFO) Your mother called. She says you never call her.
[2015/11/04 11:40:45.107] (INFO) Backed up all server logs.
[2015/11/04 11:40:45.107] (INFO) Pinging watchdog timer process: Process is alive.
[2015/11/04 11:40:45.107] (ERROR) Directory index of "/var/data" is forbidden.
[2015/11/04 11:40:45.107] (ERROR) Blocked BitTorrent traffic originating from 172.16.131.47.
[2015/11/04 11:40:45.107] (INFO) Pinging watchdog timer process: Process is alive.
[2015/11/04 11:40:45.107] (INFO) User "gro7498" logged out.
[2015/11/04 11:40:45.107] (INFO) User "jpo7429" logged out.
[2015/11/04 11:40:45.107] (INFO) Pinging watchdog timer process: Process is alive.
[2015/11/04 11:40:45.107] (INFO) User "qwx6410" logged out.
[2015/11/04 11:40:45.107] (INFO) Waiting for monitor process (PID 52740) to die.
[2015/11/04 11:40:45.107] (INFO) Checked file systems for errors: All filesystems OK.
[2015/11/04 11:40:45.107] (ERROR) Alien monitor (aliend): 3 space aliens are fiddling with the hardware!
[2015/11/04 11:40:45.107] (ERROR) Failed to write checkpoint file "/var/checkpoint/zgwNf87423: No space left on device (ENOSPC)
[2015/11/04 11:40:45.107] (INFO) Checked file systems for errors: All filesystems OK.
[2015/11/04 11:40:45.107] (ERROR) Device 0xf870 is offline
[2015/11/04 11:40:45.107] (INFO) Your mother called. She says you never call her.
[2015/11/04 11:40:45.107] (INFO) Backed up all server logs.
[2015/11/04 11:40:45.107] (INFO) Your mother called. She says you never call her.
[2015/11/04 11:40:45.107] (INFO) Pinging watchdog timer process: Process is alive.
[2015/11/04 11:40:45.107] (INFO) Your mother called. She says you never call her.
[2015/11/04 11:40:45.607] (INFO) Checked file systems for errors: All filesystems OK.
[2015/11/04 11:40:45.607] (INFO) User "fmt8326" logged out.
[2015/11/04 11:40:45.607] (INFO) User "hom7454" logged in from 172.16.119.54.
[2015/11/04 11:40:45.607] (INFO) Device 0xa800 is online.
[2015/11/04 11:40:45.607] (INFO) User "iyh6813" logged in from 192.168.97.110.
[2015/11/04 11:40:45.607] (INFO) Backed up all server logs.
[2015/11/04 11:40:45.607] (ERROR) Blocked Little Bobby Tables attack (https://xkcd.com/327/) from 10.187.231.41.
[2015/11/04 11:40:45.607] (INFO) Supervisor has entered RESTARTING state.
[2015/11/04 11:40:45.607] (INFO) User "dnv9377" logged out.
[2015/11/04 11:40:45.607] (WARN) Retrying server log checkpoint.
[2015/11/04 11:40:45.607] (INFO) User "lfa7698" logged out.
[2015/11/04 11:40:45.607] (INFO) Checked file systems for errors: All filesystems OK.
[2015/11/04 11:40:45.607] (INFO) Alien monitor (aliend): Detected no space aliens.
[2015/11/04 11:40:45.607] (INFO) Your mother called. She says you never call her.
[2015/11/04 11:40:45.607] (INFO) Checkpointing off-heap server memory...
[2015/11/04 11:40:45.607] (INFO) Network heartbeat check: All OK.
[2015/11/04 11:40:45.607] (INFO) Backed up all server logs.
[2015/11/04 11:40:45.607] (WARN) Backup server 172.16.3.45 is offline.
[2015/11/04 11:40:45.607] (INFO) Rolling 9 log file(s)...
[2015/11/04 11:40:45.607] (INFO) Sending SIGTERM to 2 excess workers.
[2015/11/04 11:40:45.607] (ERROR) Network heartbeat check FAILED: Master host down?
[2015/11/04 11:40:45.607] (INFO) Network heartbeat check: All OK.
[2015/11/04 11:40:45.607] (INFO) Flushed 46 buffers to disk.
[2015/11/04 11:40:45.607] (ERROR) CPU temperature exceeds 50º Celsius. Shutting down.
[2015/11/04 11:40:45.607] (INFO) Supervisor has entered WAITING state.
[2015/11/04 11:40:45.607] (WARN) Dropped 17,064 corrupt data packets.
[2015/11/04 11:40:45.607] (INFO) Supervisor has entered RUNNING state.
[2015/11/04 11:40:45.607] (INFO) Sending SIGTERM to 2 excess workers.
[2015/11/04 11:40:45.607] (INFO) Checkpointing off-heap server memory...
[2015/11/04 11:40:45.607] (INFO) Flushed 65 buffers to disk.
[2015/11/04 11:40:45.607] (INFO) Waiting for worker process (PID 35959) to die.
[2015/11/04 11:40:45.607] (INFO) Waiting for master process (PID 29852) to die.
[2015/11/04 11:40:45.607] (WARN) Possible cyber-attack from China.
[2015/11/04 11:40:45.607] (INFO) .evian ylbirret si emehcs otpyrc ym neht ,siht daer nac uoy fI
[2015/11/04 11:40:45.607] (WARN) Dropped 7,274 corrupt data packets.
[2015/11/04 11:40:45.607] (INFO) Waiting for supervisor process (PID 28259) to die.
[2015/11/04 11:40:45.607] (INFO) Pinging watchdog timer process: Process is alive.
[2015/11/04 11:40:45.607] (INFO) User "pgf4149" logged out.
[2015/11/04 11:40:45.607] (WARN) Unable to ping worker at 172.16.159.208. Retrying.
[2015/11/04 11:40:45.607] (WARN) Dropped 5,518 corrupt data packets.
[2015/11/04 11:40:45.607] (INFO) Your mother called. She says you never call her.
[2015/11/04 11:40:45.607] (INFO) User "ysu8215" logged out.
[2015/11/04 11:40:45.607] (INFO) Checked file systems for errors: All filesystems OK.
[2015/11/04 11:40:45.607] (INFO) Device 0x5c61 is online.
[2015/11/04 11:40:45.607] (INFO) Network heartbeat check: All OK.
[2015/11/04 11:40:45.607] (INFO) Checkpointing off-heap server memory...
[2015/11/04 11:40:45.607] (ERROR) Network heartbeat check FAILED: Master host down?
[2015/11/04 11:40:45.607] (INFO) Device 0x0ef0 is online.
[2015/11/04 11:40:45.607] (INFO) Backed up all server logs.
[2015/11/04 11:40:45.607] (INFO) Backed up all server logs.
[2015/11/04 11:40:45.607] (INFO) Flushed 89 buffers to disk.
[2015/11/04 11:40:45.607] (INFO) Supervisor has entered WAITING state.
[2015/11/04 11:40:45.607] (INFO) .evian ylbirret si emehcs otpyrc ym neht ,siht daer nac uoy fI
[2015/11/04 11:40:45.607] (INFO) Flushed 73 buffers to disk.
[2015/11/04 11:40:45.607] (INFO) Network heartbeat check: All OK.
[2015/11/04 11:40:45.607] (ERROR) User "mmt6486" failed to log in 3 times. Disabling account.
[2015/11/04 11:40:45.607] (INFO) Pinging watchdog timer process: Process is alive.
[2015/11/04 11:40:45.607] (INFO) .evian ylbirret si emehcs otpyrc ym neht ,siht daer nac uoy fI
[2015/11/04 11:40:45.607] (INFO) Your mother called. She says you never call her.
[2015/11/04 11:40:45.607] (INFO) Waiting for supervisor process (PID 11488) to die.
[2015/11/04 11:40:45.607] (INFO) .evian ylbirret si emehcs otpyrc ym neht ,siht daer nac uoy fI
[2015/11/04 11:40:45.607] (INFO) User "vdu3087" logged in from 10.52.38.97.
[2015/11/04 11:40:45.607] (INFO) Backed up all server logs.
[2015/11/04 11:40:45.607] (INFO) Checked file systems for errors: All filesystems OK.
[2015/11/04 11:40:45.607] (INFO) Rolling 5 log file(s)...
[2015/11/04 11:40:45.607] (INFO) Sending SIGTERM to 2 excess workers.
[2015/11/04 11:40:45.607] (WARN) Ignoring SIGTERM. It's not that easy to get rid of me.
[2015/11/04 11:40:45.607] (INFO) Sending SIGTERM to 3 excess workers.
[2015/11/04 11:40:45.607] (INFO) .evian ylbirret si emehcs otpyrc ym neht ,siht daer nac uoy fI
[2015/11/04 11:40:45.607] (ERROR) Failed to open "/mnt/fileserver02/speRI68074.parquet": NFS timeout.
[2015/11/04 11:40:45.607] (INFO) Supervisor has entered WAITING state.
[2015/11/04 11:40:45.607] (INFO) Supervisor has entered SUSPENDED state.
[2015/11/04 11:40:45.607] (ERROR) Server log backup FAILED. See backup logs.
[2015/11/04 11:40:45.607] (INFO) Checked file systems for errors: All filesystems OK.
[2015/11/04 11:40:45.607] (INFO) Rolling 1 log file(s)...
[2015/11/04 11:40:45.607] (WARN) Network heartbeat check: 8 server(s) did not respond.
[2015/11/04 11:40:45.607] (WARN) Unable to ping supervisor at 172.16.28.36. Retrying.
[2015/11/04 11:40:45.607] (INFO) Rolling 8 log file(s)...
[2015/11/04 11:40:45.607] (INFO) Pinging watchdog timer process: Process is alive.
[2015/11/04 11:40:45.607] (INFO) Flushed 34 buffers to disk.
[2015/11/04 11:40:45.607] (INFO) Pinging watchdog timer process: Process is alive.
[2015/11/04 11:40:45.607] (INFO) User "zhu6833" logged in from 192.168.25.118.
[2015/11/04 11:40:45.607] (INFO) Device 0x33e3 is online.
[2015/11/04 11:40:45.607] (INFO) Checkpointing off-heap server memory...
[2015/11/04 11:40:45.607] (INFO) Sending SIGTERM to 2 excess workers.
[2015/11/04 11:40:45.607] (INFO) Rolling 9 log file(s)...
[2015/11/04 11:40:45.607] (INFO) Checked file systems for errors: All filesystems OK.
[2015/11/04 11:40:45.607] (INFO) Checked file systems for errors: All filesystems OK.
[2015/11/04 11:40:45.607] (WARN) CPU temperature exceeds 40º Celsius.
[2015/11/04 11:40:45.607] (INFO) User "kot7792" logged in from 172.16.205.191.
[2015/11/04 11:40:45.607] (INFO) Pinging watchdog timer process: Process is alive.
[2015/11/04 11:40:45.607] (INFO) Sending SIGTERM to 4 excess workers.
[2015/11/04 11:40:45.607] (INFO) Checkpointing off-heap server memory...
[2015/11/04 11:40:45.607] (ERROR) User "cve8305" failed to log in 3 times. Disabling account.
[2015/11/04 11:40:45.607] (INFO) Checkpointing off-heap server memory...
[2015/11/04 11:40:45.607] (INFO) Supervisor has entered RESTARTING state.
[2015/11/04 11:40:45.607] (INFO) Your mother called. She says you never call her.
[2015/11/04 11:40:45.607] (INFO) Your mother called. She says you never call her.
[2015/11/04 11:40:45.607] (WARN) Space on disk /dev/sdb2 is low: Only 237 MB available.
[2015/11/04 11:40:45.607] (INFO) User "yiz1578" logged out due to inactivity (timeout=30 minutes).
[2015/11/04 11:40:46.108] (INFO) Alien monitor (aliend): Detected no space aliens.
[2015/11/04 11:40:46.108] (INFO) Sending SIGTERM to 2 excess workers.
[2015/11/04 11:40:46.108] (WARN) Master took 650 ms to respond (threshold=500 ms)
[2015/11/04 11:40:46.108] (INFO) Alien monitor (aliend): Detected no space aliens.
[2015/11/04 11:40:46.108] (INFO) User "pjk4489" logged out.
[2015/11/04 11:40:46.108] (INFO) Waiting for monitor process (PID 15795) to die.
[2015/11/04 11:40:46.108] (INFO) User "xor7128" logged in from 172.16.48.149.
[2015/11/04 11:40:46.108] (INFO) Waiting for master process (PID 62654) to die.
[2015/11/04 11:40:46.108] (INFO) Sending SIGTERM to 4 excess workers.
[2015/11/04 11:40:46.108] (INFO) User "jwv9781" logged in from 172.16.168.116.
[2015/11/04 11:40:46.108] (INFO) User "bqt8379" logged in from 10.51.160.127.
[2015/11/04 11:40:46.108] (INFO) Waiting for worker process (PID 7483) to die.
[2015/11/04 11:40:46.108] (WARN) There is no such thing as a free lunch.
[2015/11/04 11:40:46.108] (INFO) Checked file systems for errors: All filesystems OK.
[2015/11/04 11:40:46.108] (WARN) Network heartbeat check: 11 server(s) did not respond.
[2015/11/04 11:40:46.108] (INFO) Your mother called. She says you never call her.
[2015/11/04 11:40:46.108] (INFO) Network heartbeat check: All OK.
[2015/11/04 11:40:46.108] (INFO) Flushed 64 buffers to disk.
[2015/11/04 11:40:46.108] (INFO) Supervisor has entered RESTARTING state.
[2015/11/04 11:40:46.108] (INFO) Device 0x517c is online.
[2015/11/04 11:40:46.108] (INFO) Network heartbeat check: All OK.
[2015/11/04 11:40:46.108] (INFO) Network heartbeat check: All OK.
[2015/11/04 11:40:46.108] (INFO) Network heartbeat check: All OK.
[2015/11/04 11:40:46.108] (WARN) Network heartbeat check: 3 server(s) did not respond.
[2015/11/04 11:40:46.108] (WARN) Retrying server log checkpoint.
[2015/11/04 11:40:46.108] (INFO) Flushed 95 buffers to disk.
[2015/11/04 11:40:46.108] (INFO) Rolling 4 log file(s)...
[2015/11/04 11:40:46.108] (INFO) User "kss2190" logged out due to inactivity (timeout=30 minutes).
[2015/11/04 11:40:46.108] (INFO) Sending SIGTERM to 4 excess workers.
[2015/11/04 11:40:46.108] (INFO) Waiting for worker process (PID 16179) to die.
[2015/11/04 11:40:46.108] (INFO) User "igb7705" logged out.
[2015/11/04 11:40:46.108] (ERROR) Unable to mount /dev/sdd2. (Time to run fsck?)
[2015/11/04 11:40:46.108] (WARN) Space on disk /dev/sdd4 is low: Only 192 MB available.
[2015/11/04 11:40:46.108] (INFO) Alien monitor (aliend): Detected no space aliens.
[2015/11/04 11:40:46.108] (ERROR) Connection to 192.168.88.96 terminated unexpectedly. Reconnecting.
[2015/11/04 11:40:46.108] (INFO) Waiting for monitor process (PID 10170) to die.
[2015/11/04 11:40:46.108] (ERROR) Failed to write checkpoint file "/var/checkpoint/BIjjs89951: No space left on device (ENOSPC)
[2015/11/04 11:40:46.108] (INFO) Pinging watchdog timer process: Process is alive.
[2015/11/04 11:40:46.108] (INFO) Your mother called. She says you never call her.
[2015/11/04 11:40:46.108] (INFO) .evian ylbirret si emehcs otpyrc ym neht ,siht daer nac uoy fI
[2015/11/04 11:40:46.108] (ERROR) EFOODFAIL (Waiter, there's a fly in my soup).
[2015/11/04 11:40:46.108] (INFO) Alien monitor (aliend): Detected no space aliens.
[2015/11/04 11:40:46.108] (INFO) Backed up all server logs.
[2015/11/04 11:40:46.108] (INFO) Backed up all server logs.
[2015/11/04 11:40:46.108] (INFO) Waiting for worker process (PID 40453) to die.
[2015/11/04 11:40:46.108] (ERROR) CPU temperature exceeds 50º Celsius. Shutting down.
[2015/11/04 11:40:46.108] (INFO) Checkpointing off-heap server memory...
[2015/11/04 11:40:46.108] (INFO) Backed up all server logs.
[2015/11/04 11:40:46.108] (INFO) Device 0xd33b is online.
[2015/11/04 11:40:46.108] (INFO) User "xyk5384" logged out.
[2015/11/04 11:40:46.108] (INFO) Backed up all server logs.
[2015/11/04 11:40:46.108] (INFO) Checkpointing off-heap server memory...
[2015/11/04 11:40:46.108] (INFO) Network heartbeat check: All OK.
[2015/11/04 11:40:46.108] (INFO) User "wnt4974" logged out due to inactivity (timeout=30 minutes).
[2015/11/04 11:40:46.108] (INFO) User "qrz7606" logged out due to inactivity (timeout=30 minutes).
[2015/11/04 11:40:46.108] (WARN) Network heartbeat check: 4 server(s) did not respond.
[2015/11/04 11:40:46.108] (INFO) Checkpointing off-heap server memory...
[2015/11/04 11:40:46.108] (INFO) Flushed 65 buffers to disk.
[2015/11/04 11:40:46.108] (INFO) User "ezb8170" logged out.
[2015/11/04 11:40:46.108] (ERROR) Blocked FTP traffic originating from 172.16.162.16.
[2015/11/04 11:40:46.108] (WARN) CPU temperature exceeds 40º Celsius.
[2015/11/04 11:40:46.108] (INFO) Checked file systems for errors: All filesystems OK.
[2015/11/04 11:40:46.108] (INFO) Your mother called. She says you never call her.
[2015/11/04 11:40:46.108] (INFO) .evian ylbirret si emehcs otpyrc ym neht ,siht daer nac uoy fI
[2015/11/04 11:40:46.108] (INFO) Waiting for monitor process (PID 61532) to die.
[2015/11/04 11:40:46.108] (INFO) .evian ylbirret si emehcs otpyrc ym neht ,siht daer nac uoy fI
[2015/11/04 11:40:46.108] (INFO) Device 0xce21 is online.
[2015/11/04 11:40:46.108] (INFO) Waiting for worker process (PID 53585) to die.
[2015/11/04 11:40:46.108] (INFO) Checkpointing off-heap server memory...
[2015/11/04 11:40:46.108] (INFO) Supervisor has entered RESTARTING state.
[2015/11/04 11:40:46.108] (INFO) Flushed 26 buffers to disk.
[2015/11/04 11:40:46.108] (INFO) User "dyj1140" logged out due to inactivity (timeout=30 minutes).
[2015/11/04 11:40:46.108] (INFO) Device 0xe2d4 is online.
[2015/11/04 11:40:46.108] (INFO) Rolling 9 log file(s)...
[2015/11/04 11:40:46.108] (INFO) Waiting for supervisor process (PID 54131) to die.
[2015/11/04 11:40:46.108] (INFO) User "mty5303" logged out due to inactivity (timeout=30 minutes).
[2015/11/04 11:40:46.108] (INFO) Your mother called. She says you never call her.
[2015/11/04 11:40:46.108] (WARN) Master took 528 ms to respond (threshold=500 ms)
[2015/11/04 11:40:46.108] (INFO) Waiting for worker process (PID 52146) to die.
[2015/11/04 11:40:46.108] (INFO) User "zuy3703" logged in from 192.168.90.32.
[2015/11/04 11:40:46.108] (INFO) User "fql5760" logged out.
[2015/11/04 11:40:46.108] (WARN) Watchdog timer crashed. Restarting it.
[2015/11/04 11:40:46.108] (INFO) Waiting for worker process (PID 37226) to die.
[2015/11/04 11:40:46.108] (INFO) Checkpointing off-heap server memory...
[2015/11/04 11:40:46.108] (INFO) User "jeu2347" logged in from 10.95.68.89.
[2015/11/04 11:40:46.108] (INFO) User "aho4848" logged in from 172.16.251.9.
[2015/11/04 11:40:46.108] (INFO) User "urv4145" logged out due to inactivity (timeout=30 minutes).
[2015/11/04 11:40:46.108] (INFO) Pinging watchdog timer process: Process is alive.
[2015/11/04 11:40:46.108] (INFO) Your mother called. She says you never call her.
[2015/11/04 11:40:46.108] (INFO) User "fiu4084" logged in from 10.210.188.108.
[2015/11/04 11:40:46.108] (INFO) User "hjw9659" logged in from 192.168.79.210.
[2015/11/04 11:40:46.108] (INFO) Backed up all server logs.
[2015/11/04 11:40:46.108] (INFO) Backed up all server logs.
[2015/11/04 11:40:46.108] (ERROR) CPU temperature exceeds 50º Celsius. Shutting down.
[2015/11/04 11:40:46.108] (INFO) Pinging watchdog timer process: Process is alive.
[2015/11/04 11:40:46.108] (INFO) Supervisor has entered RESTARTING state.
[2015/11/04 11:40:46.108] (INFO) Network heartbeat check: All OK.
[2015/11/04 11:40:46.108] (ERROR) "/var/data/VrVkb66600.xml": No such file or directory (ENOENT)
[2015/11/04 11:40:46.108] (INFO) User "uhm8000" logged out.
[2015/11/04 11:40:46.108] (INFO) .evian ylbirret si emehcs otpyrc ym neht ,siht daer nac uoy fI
[2015/11/04 11:40:46.607] (ERROR) EFOODFAIL (Waiter, there's a fly in my soup).
[2015/11/04 11:40:46.608] (INFO) Flushed 42 buffers to disk.
[2015/11/04 11:40:46.608] (INFO) Backed up all server logs.
[2015/11/04 11:40:46.608] (INFO) Pinging watchdog timer process: Process is alive.
[2015/11/04 11:40:46.608] (INFO) Checked file systems for errors: All filesystems OK.
[2015/11/04 11:40:46.608] (INFO) Waiting for supervisor process (PID 37501) to die.
[2015/11/04 11:40:46.608] (WARN) Master took 794 ms to respond (threshold=500 ms)
[2015/11/04 11:40:46.608] (INFO) Flushed 32 buffers to disk.
[2015/11/04 11:40:46.608] (INFO) .evian ylbirret si emehcs otpyrc ym neht ,siht daer nac uoy fI
[2015/11/04 11:40:46.608] (INFO) Rolling 3 log file(s)...
[2015/11/04 11:40:46.608] (INFO) Your mother called. She says you never call her.
[2015/11/04 11:40:46.608] (INFO) Supervisor has entered RUNNING state.
[2015/11/04 11:40:46.608] (INFO) User "flf9066" logged in from 172.16.22.190.
[2015/11/04 11:40:46.608] (INFO) Your mother called. She says you never call her.
[2015/11/04 11:40:46.608] (ERROR) Failed to write checkpoint file "/var/checkpoint/TQScu52154: No space left on device (ENOSPC)
[2015/11/04 11:40:46.608] (INFO) User "ggb1266" logged in from 172.16.217.67.
[2015/11/04 11:40:46.608] (ERROR) Failed to write checkpoint file "/var/checkpoint/SMcpK92100: No space left on device (ENOSPC)
[2015/11/04 11:40:46.608] (INFO) User "zfk3970" logged out due to inactivity (timeout=30 minutes).
[2015/11/04 11:40:46.608] (INFO) Backed up all server logs.
[2015/11/04 11:40:46.608] (INFO) Backed up all server logs.
[2015/11/04 11:40:46.608] (INFO) User "afp6947" logged out.
[2015/11/04 11:40:46.608] (INFO) User "zov4351" logged out due to inactivity (timeout=30 minutes).
[2015/11/04 11:40:46.608] (INFO) Sending SIGTERM to 3 excess workers.
[2015/11/04 11:40:46.608] (INFO) Waiting for monitor process (PID 34908) to die.
[2015/11/04 11:40:46.608] (INFO) Your mother called. She says you never call her.
[2015/11/04 11:40:46.608] (INFO) Your mother called. She says you never call her.
[2015/11/04 11:40:46.608] (ERROR) Unable to mount /dev/sda2. (Time to run fsck?)
[2015/11/04 11:40:46.608] (INFO) Sending SIGTERM to 4 excess workers.
[2015/11/04 11:40:46.608] (INFO) Device 0x17af is online.
[2015/11/04 11:40:46.608] (INFO) Device 0xcb2b is online.
[2015/11/04 11:40:46.608] (INFO) Your mother called. She says you never call her.
[2015/11/04 11:40:46.608] (INFO) User "ddm5827" logged out due to inactivity (timeout=30 minutes).
[2015/11/04 11:40:46.608] (ERROR) Failed to write checkpoint file "/var/checkpoint/eNiUv73404: No space left on device (ENOSPC)
[2015/11/04 11:40:46.608] (INFO) Alien monitor (aliend): Detected no space aliens.
[2015/11/04 11:40:46.608] (INFO) .evian ylbirret si emehcs otpyrc ym neht ,siht daer nac uoy fI
[2015/11/04 11:40:46.608] (INFO) Supervisor has entered SUSPENDED state.
[2015/11/04 11:40:46.608] (INFO) User "rcw6440" logged out.
[2015/11/04 11:40:46.608] (INFO) Pinging watchdog timer process: Process is alive.
[2015/11/04 11:40:46.608] (INFO) Backed up all server logs.
[2015/11/04 11:40:46.608] (WARN) Master took 813 ms to respond (threshold=500 ms)
[2015/11/04 11:40:46.608] (ERROR) Worker 9 died with SIGSTOP. Restarting it.
[2015/11/04 11:40:46.608] (INFO) .evian ylbirret si emehcs otpyrc ym neht ,siht daer nac uoy fI
[2015/11/04 11:40:46.608] (INFO) Checkpointing off-heap server memory...
[2015/11/04 11:40:46.608] (INFO) Pinging watchdog timer process: Process is alive.
[2015/11/04 11:40:46.608] (INFO) .evian ylbirret si emehcs otpyrc ym neht ,siht daer nac uoy fI
[2015/11/04 11:40:46.608] (WARN) Unable to ping monitor at 10.71.140.105. Retrying.
[2015/11/04 11:40:46.608] (INFO) Pinging watchdog timer process: Process is alive.
[2015/11/04 11:40:46.608] (INFO) Supervisor has entered SUSPENDED state.
[2015/11/04 11:40:46.608] (INFO) Device 0xbc3d is online.
[2015/11/04 11:40:46.608] (INFO) User "qxs1604" logged out due to inactivity (timeout=30 minutes).
[2015/11/04 11:40:46.608] (INFO) User "vfr4427" logged out.
[2015/11/04 11:40:46.608] (INFO) User "hsi8443" logged in from 172.16.235.85.
[2015/11/04 11:40:46.608] (WARN) Unable to ping monitor at 172.16.119.210. Retrying.
[2015/11/04 11:40:46.608] (INFO) .evian ylbirret si emehcs otpyrc ym neht ,siht daer nac uoy fI
[2015/11/04 11:40:46.608] (INFO) User "xhe5610" logged out due to inactivity (timeout=30 minutes).
[2015/11/04 11:40:46.608] (ERROR) One of the flayrods has gone out askew on treadle.
[2015/11/04 11:40:46.608] (INFO) Device 0x4149 is online.
[2015/11/04 11:40:46.608] (ERROR) Unable to write to "/var/data/QMRvj73955.xslx": Permission denied (EACCES)
[2015/11/04 11:40:46.608] (INFO) Network heartbeat check: All OK.
[2015/11/04 11:40:46.608] (WARN) Network heartbeat check: 16 server(s) did not respond.
[2015/11/04 11:40:46.608] (INFO) Waiting for monitor process (PID 1528) to die.
[2015/11/04 11:40:46.608] (INFO) Pinging watchdog timer process: Process is alive.
[2015/11/04 11:40:46.608] (INFO) Device 0xe22f is online.
[2015/11/04 11:40:46.608] (INFO) Checked file systems for errors: All filesystems OK.
[2015/11/04 11:40:46.608] (INFO) Supervisor has entered RUNNING state.
[2015/11/04 11:40:46.608] (INFO) Device 0x06ba is online.
[2015/11/04 11:40:46.608] (ERROR) /dev/lp error: "PC LOAD LETTER"
[2015/11/04 11:40:46.608] (INFO) Rolling 3 log file(s)...
[2015/11/04 11:40:46.608] (INFO) Flushed 79 buffers to disk.
[2015/11/04 11:40:46.608] (INFO) Checkpointing off-heap server memory...
[2015/11/04 11:40:46.608] (INFO) Network heartbeat check: All OK.
[2015/11/04 11:40:46.608] (INFO) .evian ylbirret si emehcs otpyrc ym neht ,siht daer nac uoy fI
[2015/11/04 11:40:46.608] (INFO) Backed up all server logs.
[2015/11/04 11:40:46.608] (INFO) User "hav1946" logged in from 192.168.183.142.
[2015/11/04 11:40:46.608] (INFO) Backed up all server logs.
[2015/11/04 11:40:46.608] (INFO) User "ght1113" logged out due to inactivity (timeout=30 minutes).
[2015/11/04 11:40:46.608] (WARN) Unable to ping master at 192.168.150.69. Retrying.
[2015/11/04 11:40:46.608] (INFO) Backed up all server logs.
[2015/11/04 11:40:46.608] (INFO) User "sbz2170" logged in from 192.168.150.146.
[2015/11/04 11:40:46.608] (INFO) Network heartbeat check: All OK.
[2015/11/04 11:40:46.608] (ERROR) Detected clock skew! Restarting NTP server.
[2015/11/04 11:40:46.608] (INFO) Alien monitor (aliend): Detected no space aliens.
[2015/11/04 11:40:46.608] (INFO) User "rum5948" logged in from 172.16.39.27.
[2015/11/04 11:40:46.608] (WARN) Space on disk /dev/sdf4 is low: Only 314 MB available.
[2015/11/04 11:40:46.608] (INFO) Flushed 49 buffers to disk.
[2015/11/04 11:40:46.608] (INFO) Checked file systems for errors: All filesystems OK.
[2015/11/04 11:40:46.608] (INFO) Sending SIGTERM to 2 excess workers.
[2015/11/04 11:40:46.608] (INFO) Flushed 24 buffers to disk.
[2015/11/04 11:40:46.608] (INFO) Rolling 9 log file(s)...
[2015/11/04 11:40:46.608] (INFO) Network heartbeat check: All OK.
[2015/11/04 11:40:46.608] (INFO) Alien monitor (aliend): Detected no space aliens.
[2015/11/04 11:40:46.608] (ERROR) Alien monitor (aliend): 2 space aliens are fiddling with the hardware!
[2015/11/04 11:40:46.608] (ERROR) Worker 1 died with SIGHUP. Restarting it.
[2015/11/04 11:40:46.608] (INFO) Rolling 1 log file(s)...
[2015/11/04 11:40:46.608] (ERROR) /dev/lp error: "PC LOAD LETTER"
[2015/11/04 11:40:46.608] (INFO) Alien monitor (aliend): Detected no space aliens.
[2015/11/04 11:40:46.608] (ERROR) Device 0x5318 is offline
[2015/11/04 11:40:46.608] (INFO) Checkpointing off-heap server memory...
[2015/11/04 11:40:46.608] (INFO) Checkpointing off-heap server memory...
[2015/11/04 11:40:46.608] (WARN) Possible cyber-attack from Alpha Centauri.
[2015/11/04 11:40:47.107] (INFO) Rolling 9 log file(s)...
[2015/11/04 11:40:47.107] (INFO) Supervisor has entered RESTARTING state.
[2015/11/04 11:40:47.107] (INFO) Checkpointing off-heap server memory...
[2015/11/04 11:40:47.107] (INFO) Supervisor has entered SUSPENDED state.
[2015/11/04 11:40:47.107] (ERROR) User "ooj9516" failed to log in 3 times. Disabling account.
[2015/11/04 11:40:47.107] (INFO) Network heartbeat check: All OK.
[2015/11/04 11:40:47.107] (INFO) Network heartbeat check: All OK.
[2015/11/04 11:40:47.107] (INFO) Supervisor has entered RESTARTING state.
[2015/11/04 11:40:47.107] (WARN) There is no such thing as a free lunch.
[2015/11/04 11:40:47.107] (INFO) Alien monitor (aliend): Detected no space aliens.
[2015/11/04 11:40:47.107] (INFO) User "xkx9525" logged in from 10.233.212.79.
[2015/11/04 11:40:47.107] (ERROR) Alien monitor (aliend): 4 space aliens are fiddling with the hardware!
[2015/11/04 11:40:47.107] (INFO) Checkpointing off-heap server memory...
[2015/11/04 11:40:47.107] (INFO) Flushed 61 buffers to disk.
[2015/11/04 11:40:47.107] (ERROR) User "xnn7801" failed to log in 3 times. Disabling account.
[2015/11/04 11:40:47.107] (INFO) Your mother called. She says you never call her.
[2015/11/04 11:40:47.107] (INFO) Waiting for supervisor process (PID 30643) to die.
[2015/11/04 11:40:47.107] (INFO) Sending SIGTERM to 4 excess workers.
[2015/11/04 11:40:47.107] (INFO) Checkpointing off-heap server memory...
[2015/11/04 11:40:47.107] (INFO) Network heartbeat check: All OK.
[2015/11/04 11:40:47.107] (INFO) Flushed 27 buffers to disk.
[2015/11/04 11:40:47.107] (INFO) Rolling 6 log file(s)...
[2015/11/04 11:40:47.107] (INFO) User "zjm3319" logged in from 192.168.179.55.
[2015/11/04 11:40:47.107] (ERROR) Failed to write checkpoint file "/var/checkpoint/JLaoI75381: No space left on device (ENOSPC)
[2015/11/04 11:40:47.107] (ERROR) Blocked Little Bobby Tables attack (https://xkcd.com/327/) from 172.16.76.205.
[2015/11/04 11:40:47.107] (INFO) Waiting for supervisor process (PID 32432) to die.
[2015/11/04 11:40:47.107] (ERROR) Worker 3 died with SIGSEGV. Restarting it.
[2015/11/04 11:40:47.107] (INFO) Checkpointing off-heap server memory...
[2015/11/04 11:40:47.107] (INFO) Pinging watchdog timer process: Process is alive.
[2015/11/04 11:40:47.107] (INFO) Alien monitor (aliend): Detected no space aliens.
[2015/11/04 11:40:47.107] (INFO) Checkpointing off-heap server memory...
[2015/11/04 11:40:47.107] (INFO) Device 0x084b is online.
[2015/11/04 11:40:47.107] (INFO) Supervisor has entered RUNNING state.
[2015/11/04 11:40:47.107] (INFO) Waiting for worker process (PID 12624) to die.
[2015/11/04 11:40:47.107] (ERROR) Unable to authenticate user "mms7358": LDAP server isn't responding.
[2015/11/04 11:40:47.107] (INFO) .evian ylbirret si emehcs otpyrc ym neht ,siht daer nac uoy fI
[2015/11/04 11:40:47.107] (INFO) Backed up all server logs.
[2015/11/04 11:40:47.107] (INFO) Alien monitor (aliend): Detected no space aliens.
[2015/11/04 11:40:47.107] (INFO) Alien monitor (aliend): Detected no space aliens.
[2015/11/04 11:40:47.107] (WARN) There is no such thing as a free lunch.
[2015/11/04 11:40:47.107] (INFO) Checkpointing off-heap server memory...
[2015/11/04 11:40:47.107] (WARN) Backup server 10.26.225.229 is offline.
[2015/11/04 11:40:47.107] (INFO) Device 0x4001 is online.
[2015/11/04 11:40:47.107] (INFO) User "cmv6185" logged in from 10.203.243.24.
[2015/11/04 11:40:47.107] (INFO) Your mother called. She says you never call her.
[2015/11/04 11:40:47.107] (INFO) User "yta5947" logged out.
[2015/11/04 11:40:47.107] (INFO) Checked file systems for errors: All filesystems OK.
[2015/11/04 11:40:47.107] (INFO) Sending SIGTERM to 2 excess workers.
[2015/11/04 11:40:47.107] (WARN) Possible cyber-attack from China.
[2015/11/04 11:40:47.107] (INFO) Checked file systems for errors: All filesystems OK.
[2015/11/04 11:40:47.107] (ERROR) Failed to open "/mnt/fileserver01/KRhUD61582.tsv": NFS timeout.
[2015/11/04 11:40:47.107] (INFO) Alien monitor (aliend): Detected no space aliens.
[2015/11/04 11:40:47.107] (ERROR) Network heartbeat check FAILED: Master host down?
[2015/11/04 11:40:47.107] (INFO) User "htm9817" logged in from 10.197.168.90.
[2015/11/04 11:40:47.107] (INFO) Device 0x7506 is online.
[2015/11/04 11:40:47.107] (INFO) Rolling 7 log file(s)...
[2015/11/04 11:40:47.107] (ERROR) Directory index of "/var/data" is forbidden.
[2015/11/04 11:40:47.107] (INFO) User "znh4739" logged out.
[2015/11/04 11:40:47.107] (INFO) User "smc4262" logged out due to inactivity (timeout=30 minutes).
[2015/11/04 11:40:47.107] (INFO) Device 0xf1c0 is online.
[2015/11/04 11:40:47.107] (INFO) Flushed 89 buffers to disk.
[2015/11/04 11:40:47.107] (INFO) Rolling 4 log file(s)...
[2015/11/04 11:40:47.107] (INFO) Checked file systems for errors: All filesystems OK.
[2015/11/04 11:40:47.107] (ERROR) Failed to open "/mnt/fileserver01/deXRy66655.xml": NFS timeout.
[2015/11/04 11:40:47.107] (ERROR) Blocked Little Bobby Tables attack (https://xkcd.com/327/) from 10.170.120.30.
[2015/11/04 11:40:47.107] (INFO) Device 0x28ba is online.
[2015/11/04 11:40:47.107] (ERROR) Detected incoming DDoS from 10.39.166.85.
[2015/11/04 11:40:47.107] (INFO) Checked file systems for errors: All filesystems OK.
[2015/11/04 11:40:47.107] (WARN) Retrying server log checkpoint.
[2015/11/04 11:40:47.107] (WARN) Master took 804 ms to respond (threshold=500 ms)
[2015/11/04 11:40:47.107] (INFO) Checkpointing off-heap server memory...
[2015/11/04 11:40:47.107] (INFO) Alien monitor (aliend): Detected no space aliens.
[2015/11/04 11:40:47.107] (INFO) .evian ylbirret si emehcs otpyrc ym neht ,siht daer nac uoy fI
[2015/11/04 11:40:47.107] (INFO) Device 0x8350 is online.
[2015/11/04 11:40:47.107] (INFO) Device 0x10e4 is online.
[2015/11/04 11:40:47.107] (INFO) Device 0xc801 is online.
[2015/11/04 11:40:47.107] (INFO) Sending SIGTERM to 2 excess workers.
[2015/11/04 11:40:47.107] (INFO) User "ucn1529" logged in from 10.135.117.88.
[2015/11/04 11:40:47.107] (INFO) Rolling 7 log file(s)...
[2015/11/04 11:40:47.107] (INFO) User "gpw2981" logged out due to inactivity (timeout=30 minutes).
[2015/11/04 11:40:47.107] (WARN) Possible cyber-attack from Canada.
[2015/11/04 11:40:47.107] (INFO) Network heartbeat check: All OK.
[2015/11/04 11:40:47.107] (INFO) Your mother called. She says you never call her.
[2015/11/04 11:40:47.107] (INFO) Alien monitor (aliend): Detected no space aliens.
[2015/11/04 11:40:47.107] (INFO) Checked file systems for errors: All filesystems OK.
[2015/11/04 11:40:47.107] (INFO) Sending SIGTERM to 2 excess workers.
[2015/11/04 11:40:47.107] (INFO) User "ufc2022" logged out.
[2015/11/04 11:40:47.107] (INFO) Checkpointing off-heap server memory...
[2015/11/04 11:40:47.107] (INFO) Sending SIGTERM to 2 excess workers.
[2015/11/04 11:40:47.107] (INFO) Checkpointing off-heap server memory...
[2015/11/04 11:40:47.107] (INFO) Rolling 1 log file(s)...
[2015/11/04 11:40:47.107] (INFO) Rolling 6 log file(s)...
[2015/11/04 11:40:47.107] (INFO) Sending SIGTERM to 2 excess workers.
[2015/11/04 11:40:47.107] (INFO) Checkpointing off-heap server memory...
[2015/11/04 11:40:47.107] (INFO) Alien monitor (aliend): Detected no space aliens.
[2015/11/04 11:40:47.107] (WARN) Space on disk /dev/sdb3 is low: Only 300 MB available.
[2015/11/04 11:40:47.107] (INFO) Rolling 9 log file(s)...
[2015/11/04 11:40:47.107] (WARN) Possible cyber-attack from Antarctica.
[2015/11/04 11:40:47.107] (INFO) Supervisor has entered SUSPENDED state.
[2015/11/04 11:40:47.107] (WARN) Watchdog timer crashed. Restarting it.
[2015/11/04 11:40:47.607] (INFO) Device 0x0112 is online.
[2015/11/04 11:40:47.607] (WARN) Unable to ping master at 172.16.243.145. Retrying.
[2015/11/04 11:40:47.607] (INFO) Device 0x247a is online.
[2015/11/04 11:40:47.607] (INFO) User "yqq7403" logged in from 10.143.188.189.
[2015/11/04 11:40:47.607] (ERROR) User "hmo6278" failed to log in 3 times. Disabling account.
[2015/11/04 11:40:47.607] (WARN) Ignoring SIGTERM. It's not that easy to get rid of me.
[2015/11/04 11:40:47.607] (INFO) Sending SIGTERM to 3 excess workers.
[2015/11/04 11:40:47.607] (INFO) Your mother called. She says you never call her.
[2015/11/04 11:40:47.607] (INFO) Checked file systems for errors: All filesystems OK.
[2015/11/04 11:40:47.607] (INFO) Device 0x61bf is online.
[2015/11/04 11:40:47.607] (INFO) Alien monitor (aliend): Detected no space aliens.
[2015/11/04 11:40:47.607] (WARN) Possible cyber-attack from Canada.
[2015/11/04 11:40:47.607] (INFO) User "ufe5715" logged out.
[2015/11/04 11:40:47.607] (INFO) Sending SIGTERM to 3 excess workers.
[2015/11/04 11:40:47.607] (WARN) Network heartbeat check: 4 server(s) did not respond.
[2015/11/04 11:40:47.607] (INFO) Rolling 5 log file(s)...
[2015/11/04 11:40:47.607] (INFO) Flushed 20 buffers to disk.
[2015/11/04 11:40:47.607] (INFO) Checked file systems for errors: All filesystems OK.
[2015/11/04 11:40:47.607] (INFO) Checked file systems for errors: All filesystems OK.
[2015/11/04 11:40:47.607] (INFO) .evian ylbirret si emehcs otpyrc ym neht ,siht daer nac uoy fI
[2015/11/04 11:40:47.607] (INFO) Waiting for worker process (PID 46807) to die.
[2015/11/04 11:40:47.607] (INFO) User "klp1698" logged in from 172.16.81.214.
[2015/11/04 11:40:47.607] (INFO) User "ioc8810" logged out.
[2015/11/04 11:40:47.607] (INFO) Your mother called. She says you never call her.
[2015/11/04 11:40:47.607] (WARN) CPU temperature exceeds 40º Celsius.
[2015/11/04 11:40:47.607] (INFO) Supervisor has entered RESTARTING state.
[2015/11/04 11:40:47.607] (INFO) Checkpointing off-heap server memory...
[2015/11/04 11:40:47.607] (INFO) Flushed 41 buffers to disk.
[2015/11/04 11:40:47.607] (WARN) Possible cyber-attack from Canada.
[2015/11/04 11:40:47.607] (INFO) User "bni7313" logged out due to inactivity (timeout=30 minutes).
[2015/11/04 11:40:47.607] (INFO) Rolling 7 log file(s)...
[2015/11/04 11:40:47.607] (WARN) CPU temperature exceeds 40º Celsius.
[2015/11/04 11:40:47.607] (INFO) Network heartbeat check: All OK.
[2015/11/04 11:40:47.607] (INFO) Checked file systems for errors: All filesystems OK.
[2015/11/04 11:40:47.607] (INFO) Backed up all server logs.
[2015/11/04 11:40:47.607] (INFO) User "tgq1728" logged in from 172.16.142.110.
[2015/11/04 11:40:47.607] (INFO) Pinging watchdog timer process: Process is alive.
[2015/11/04 11:40:47.607] (INFO) Network heartbeat check: All OK.
[2015/11/04 11:40:47.607] (WARN) Dropped 4,548 corrupt data packets.
[2015/11/04 11:40:47.607] (INFO) User "rmj2713" logged in from 10.106.223.138.
[2015/11/04 11:40:47.607] (INFO) Backed up all server logs.
[2015/11/04 11:40:47.607] (ERROR) Connection to 192.168.171.142 terminated unexpectedly. Reconnecting.
[2015/11/04 11:40:47.607] (WARN) Unable to ping monitor at 10.225.212.76. Retrying.
[2015/11/04 11:40:47.607] (INFO) Checked file systems for errors: All filesystems OK.
[2015/11/04 11:40:47.607] (WARN) Space on disk /dev/sdc2 is low: Only 679 MB available.
[2015/11/04 11:40:47.607] (INFO) Checked file systems for errors: All filesystems OK.
[2015/11/04 11:40:47.607] (INFO) Supervisor has entered WAITING state.
[2015/11/04 11:40:47.607] (INFO) Rolling 2 log file(s)...
[2015/11/04 11:40:47.607] (INFO) Waiting for worker process (PID 7464) to die.
[2015/11/04 11:40:47.607] (INFO) .evian ylbirret si emehcs otpyrc ym neht ,siht daer nac uoy fI
[2015/11/04 11:40:47.607] (INFO) Waiting for master process (PID 27676) to die.
[2015/11/04 11:40:47.607] (INFO) Sending SIGTERM to 3 excess workers.
[2015/11/04 11:40:47.607] (INFO) Sending SIGTERM to 3 excess workers.
[2015/11/04 11:40:47.607] (INFO) .evian ylbirret si emehcs otpyrc ym neht ,siht daer nac uoy fI
[2015/11/04 11:40:47.607] (INFO) Supervisor has entered WAITING state.
[2015/11/04 11:40:47.607] (INFO) Backed up all server logs.
[2015/11/04 11:40:47.607] (INFO) .evian ylbirret si emehcs otpyrc ym neht ,siht daer nac uoy fI
[2015/11/04 11:40:47.607] (INFO) Your mother called. She says you never call her.
[2015/11/04 11:40:47.607] (INFO) User "pbv1763" logged in from 172.16.11.26.
[2015/11/04 11:40:47.607] (INFO) User "bhf5539" logged in from 192.168.36.123.
[2015/11/04 11:40:47.607] (INFO) Device 0xef5d is online.
[2015/11/04 11:40:47.607] (INFO) User "hha6281" logged out.
[2015/11/04 11:40:47.607] (INFO) Sending SIGTERM to 4 excess workers.
[2015/11/04 11:40:47.607] (INFO) Your mother called. She says you never call her.
[2015/11/04 11:40:47.607] (ERROR) Connection to 10.65.232.203 terminated unexpectedly. Reconnecting.
[2015/11/04 11:40:47.607] (INFO) Checkpointing off-heap server memory...
[2015/11/04 11:40:47.607] (INFO) Backed up all server logs.
[2015/11/04 11:40:47.607] (INFO) User "jzq8557" logged out.
[2015/11/04 11:40:47.607] (INFO) Alien monitor (aliend): Detected no space aliens.
[2015/11/04 11:40:47.607] (INFO) Checked file systems for errors: All filesystems OK.
[2015/11/04 11:40:47.607] (WARN) Dropped 14,389 corrupt data packets.
[2015/11/04 11:40:47.607] (INFO) User "rto5450" logged in from 10.153.243.215.
[2015/11/04 11:40:47.607] (INFO) Supervisor has entered SUSPENDED state.
[2015/11/04 11:40:47.607] (INFO) Checkpointing off-heap server memory...
[2015/11/04 11:40:47.607] (INFO) Waiting for supervisor process (PID 9993) to die.
[2015/11/04 11:40:47.607] (WARN) Ignoring SIGTERM. It's not that easy to get rid of me.
[2015/11/04 11:40:47.607] (INFO) Alien monitor (aliend): Detected no space aliens.
[2015/11/04 11:40:47.607] (INFO) Flushed 52 buffers to disk.
[2015/11/04 11:40:47.607] (INFO) Network heartbeat check: All OK.
[2015/11/04 11:40:47.607] (INFO) Pinging watchdog timer process: Process is alive.
[2015/11/04 11:40:47.607] (INFO) Flushed 84 buffers to disk.
[2015/11/04 11:40:47.607] (INFO) .evian ylbirret si emehcs otpyrc ym neht ,siht daer nac uoy fI
[2015/11/04 11:40:47.607] (INFO) Waiting for master process (PID 46393) to die.
[2015/11/04 11:40:47.607] (INFO) User "vss5900" logged out due to inactivity (timeout=30 minutes).
[2015/11/04 11:40:47.607] (INFO) Flushed 84 buffers to disk.
[2015/11/04 11:40:47.607] (INFO) Supervisor has entered SUSPENDED state.
[2015/11/04 11:40:47.607] (INFO) Backed up all server logs.
[2015/11/04 11:40:47.607] (INFO) Checked file systems for errors: All filesystems OK.
[2015/11/04 11:40:47.607] (INFO) Device 0xd02f is online.
[2015/11/04 11:40:47.607] (INFO) Flushed 96 buffers to disk.
[2015/11/04 11:40:47.607] (INFO) Your mother called. She says you never call her.
[2015/11/04 11:40:47.607] (INFO) User "qoz2957" logged out due to inactivity (timeout=30 minutes).
[2015/11/04 11:40:47.607] (INFO) Supervisor has entered WAITING state.
[2015/11/04 11:40:47.607] (INFO) User "bxc1697" logged out due to inactivity (timeout=30 minutes).
[2015/11/04 11:40:47.607] (ERROR) EFOODFAIL (Waiter, there's a fly in my soup).
[2015/11/04 11:40:47.607] (INFO) Network heartbeat check: All OK.
[2015/11/04 11:40:47.607] (WARN) Retrying server log checkpoint.
[2015/11/04 11:40:47.607] (INFO) Supervisor has entered RUNNING state.
[2015/11/04 11:40:47.607] (INFO) Sending SIGTERM to 3 excess workers.
[2015/11/04 11:40:47.607] (INFO) Supervisor has entered RUNNING state.
[2015/11/04 11:40:48.107] (INFO) .evian ylbirret si emehcs otpyrc ym neht ,siht daer nac uoy fI
[2015/11/04 11:40:48.107] (INFO) Flushed 76 buffers to disk.
[2015/11/04 11:40:48.107] (INFO) Flushed 25 buffers to disk.
[2015/11/04 11:40:48.107] (ERROR) Blocked SMTP traffic originating from 172.16.133.236.
[2015/11/04 11:40:48.107] (INFO) Network heartbeat check: All OK.
[2015/11/04 11:40:48.107] (INFO) User "smo8997" logged out.
[2015/11/04 11:40:48.107] (INFO) Flushed 87 buffers to disk.
[2015/11/04 11:40:48.107] (INFO) Rolling 4 log file(s)...
[2015/11/04 11:40:48.107] (WARN) Space on disk /dev/sdd1 is low: Only 466 MB available.
[2015/11/04 11:40:48.107] (INFO) User "jdr9910" logged in from 10.164.247.14.
[2015/11/04 11:40:48.107] (INFO) Sending SIGTERM to 2 excess workers.
[2015/11/04 11:40:48.107] (INFO) Rolling 3 log file(s)...
[2015/11/04 11:40:48.107] (INFO) Alien monitor (aliend): Detected no space aliens.
[2015/11/04 11:40:48.107] (INFO) User "zho7201" logged in from 192.168.222.237.
[2015/11/04 11:40:48.107] (ERROR) Unable to write to "/var/data/TcTJs78631.txt": Permission denied (EACCES)
[2015/11/04 11:40:48.107] (INFO) Checkpointing off-heap server memory...
[2015/11/04 11:40:48.107] (INFO) User "ymw3126" logged in from 192.168.174.45.
[2015/11/04 11:40:48.107] (INFO) Supervisor has entered SUSPENDED state.
[2015/11/04 11:40:48.107] (INFO) User "spx2305" logged out.
[2015/11/04 11:40:48.107] (INFO) Supervisor has entered WAITING state.
[2015/11/04 11:40:48.107] (INFO) User "dbp1825" logged in from 192.168.48.16.
[2015/11/04 11:40:48.107] (INFO) Checked file systems for errors: All filesystems OK.
[2015/11/04 11:40:48.107] (WARN) Backup server 10.87.174.1 is offline.
[2015/11/04 11:40:48.107] (WARN) Possible cyber-attack from Nebraska.
[2015/11/04 11:40:48.107] (INFO) Device 0xa381 is online.
[2015/11/04 11:40:48.107] (INFO) Sending SIGTERM to 3 excess workers.
[2015/11/04 11:40:48.107] (INFO) .evian ylbirret si emehcs otpyrc ym neht ,siht daer nac uoy fI
[2015/11/04 11:40:48.107] (INFO) Backed up all server logs.
[2015/11/04 11:40:48.107] (INFO) Pinging watchdog timer process: Process is alive.
[2015/11/04 11:40:48.107] (INFO) Alien monitor (aliend): Detected no space aliens.
[2015/11/04 11:40:48.107] (INFO) Supervisor has entered WAITING state.
[2015/11/04 11:40:48.107] (INFO) User "kwf9362" logged out due to inactivity (timeout=30 minutes).
[2015/11/04 11:40:48.107] (INFO) Flushed 72 buffers to disk.
[2015/11/04 11:40:48.107] (ERROR) Blocked FTP traffic originating from 172.16.24.66.
[2015/11/04 11:40:48.107] (INFO) Device 0x3b35 is online.
[2015/11/04 11:40:48.107] (WARN) Ignoring SIGTERM. It's not that easy to get rid of me.
[2015/11/04 11:40:48.107] (INFO) Checkpointing off-heap server memory...
[2015/11/04 11:40:48.107] (INFO) User "akk1136" logged out due to inactivity (timeout=30 minutes).
[2015/11/04 11:40:48.107] (INFO) Rolling 1 log file(s)...
[2015/11/04 11:40:48.107] (INFO) Your mother called. She says you never call her.
[2015/11/04 11:40:48.107] (INFO) Flushed 28 buffers to disk.
[2015/11/04 11:40:48.107] (INFO) User "etp2599" logged out due to inactivity (timeout=30 minutes).
[2015/11/04 11:40:48.107] (INFO) Checkpointing off-heap server memory...
[2015/11/04 11:40:48.107] (ERROR) Detected clock skew! Restarting NTP server.
[2015/11/04 11:40:48.107] (INFO) Alien monitor (aliend): Detected no space aliens.
[2015/11/04 11:40:48.107] (ERROR) Extra characters at end of line.
[2015/11/04 11:40:48.107] (INFO) Checkpointing off-heap server memory...
[2015/11/04 11:40:48.107] (INFO) Sending SIGTERM to 4 excess workers.
[2015/11/04 11:40:48.107] (ERROR) Directory index of "/var/data" is forbidden.
[2015/11/04 11:40:48.107] (INFO) Flushed 55 buffers to disk.
[2015/11/04 11:40:48.107] (INFO) User "vli9951" logged out due to inactivity (timeout=30 minutes).
[2015/11/04 11:40:48.107] (INFO) Alien monitor (aliend): Detected no space aliens.
[2015/11/04 11:40:48.107] (WARN) Watchdog timer crashed. Restarting it.
[2015/11/04 11:40:48.107] (INFO) Checked file systems for errors: All filesystems OK.
[2015/11/04 11:40:48.107] (INFO) Network heartbeat check: All OK.
[2015/11/04 11:40:48.107] (WARN) Dropped 2,944 corrupt data packets.
[2015/11/04 11:40:48.107] (INFO) User "nli2866" logged out.
[2015/11/04 11:40:48.107] (INFO) Checkpointing off-heap server memory...
[2015/11/04 11:40:48.107] (INFO) Backed up all server logs.
[2015/11/04 11:40:48.107] (ERROR) Blocked Little Bobby Tables attack (https://xkcd.com/327/) from 172.16.212.50.
[2015/11/04 11:40:48.107] (INFO) Alien monitor (aliend): Detected no space aliens.
[2015/11/04 11:40:48.107] (INFO) Sending SIGTERM to 3 excess workers.
[2015/11/04 11:40:48.107] (INFO) Device 0xd931 is online.
[2015/11/04 11:40:48.107] (INFO) Your mother called. She says you never call her.
[2015/11/04 11:40:48.107] (INFO) Supervisor has entered WAITING state.
[2015/11/04 11:40:48.107] (INFO) Supervisor has entered WAITING state.
[2015/11/04 11:40:48.107] (INFO) Checkpointing off-heap server memory...
[2015/11/04 11:40:48.107] (INFO) Checked file systems for errors: All filesystems OK.
[2015/11/04 11:40:48.107] (INFO) Flushed 83 buffers to disk.
[2015/11/04 11:40:48.107] (INFO) Network heartbeat check: All OK.
[2015/11/04 11:40:48.107] (INFO) Checked file systems for errors: All filesystems OK.
[2015/11/04 11:40:48.107] (INFO) Waiting for monitor process (PID 54872) to die.
[2015/11/04 11:40:48.107] (INFO) Checkpointing off-heap server memory...
[2015/11/04 11:40:48.107] (INFO) Alien monitor (aliend): Detected no space aliens.
[2015/11/04 11:40:48.107] (INFO) Network heartbeat check: All OK.
[2015/11/04 11:40:48.107] (INFO) .evian ylbirret si emehcs otpyrc ym neht ,siht daer nac uoy fI
[2015/11/04 11:40:48.107] (INFO) Your mother called. She says you never call her.
[2015/11/04 11:40:48.107] (INFO) Backed up all server logs.
[2015/11/04 11:40:48.107] (INFO) Network heartbeat check: All OK.
[2015/11/04 11:40:48.107] (INFO) .evian ylbirret si emehcs otpyrc ym neht ,siht daer nac uoy fI
[2015/11/04 11:40:48.107] (INFO) Your mother called. She says you never call her.
[2015/11/04 11:40:48.107] (INFO) Backed up all server logs.
[2015/11/04 11:40:48.107] (INFO) Pinging watchdog timer process: Process is alive.
[2015/11/04 11:40:48.107] (WARN) Network heartbeat check: 5 server(s) did not respond.
[2015/11/04 11:40:48.107] (INFO) Rolling 4 log file(s)...
[2015/11/04 11:40:48.107] (INFO) Checked file systems for errors: All filesystems OK.
[2015/11/04 11:40:48.107] (ERROR) Directory index of "/var/data" is forbidden.
[2015/11/04 11:40:48.107] (INFO) User "epl4932" logged out due to inactivity (timeout=30 minutes).
[2015/11/04 11:40:48.107] (INFO) Alien monitor (aliend): Detected no space aliens.
[2015/11/04 11:40:48.107] (ERROR) Detected clock skew! Restarting NTP server.
[2015/11/04 11:40:48.107] (INFO) Flushed 59 buffers to disk.
[2015/11/04 11:40:48.107] (INFO) Supervisor has entered WAITING state.
[2015/11/04 11:40:48.107] (INFO) .evian ylbirret si emehcs otpyrc ym neht ,siht daer nac uoy fI
[2015/11/04 11:40:48.107] (INFO) Pinging watchdog timer process: Process is alive.
[2015/11/04 11:40:48.107] (ERROR) Unable to write to "/var/data/Rvvho65512.csv": Permission denied (EACCES)
[2015/11/04 11:40:48.107] (INFO) Waiting for worker process (PID 4830) to die.
[2015/11/04 11:40:48.107] (INFO) Your mother called. She says you never call her.
[2015/11/04 11:40:48.107] (INFO) Backed up all server logs.
[2015/11/04 11:40:48.107] (ERROR) /dev/lp error: "PC LOAD LETTER"
[2015/11/04 11:40:48.107] (ERROR) Unable to write to "/var/data/wzqOk74894.txt": Permission denied (EACCES)
[2015/11/04 11:40:48.607] (INFO) Pinging watchdog timer process: Process is alive.
[2015/11/04 11:40:48.607] (INFO) Flushed 28 buffers to disk.
[2015/11/04 11:40:48.607] (INFO) User "crn2575" logged in from 192.168.90.182.
[2015/11/04 11:40:48.607] (INFO) User "qlj5679" logged out.
[2015/11/04 11:40:48.607] (INFO) Waiting for worker process (PID 61904) to die.
[2015/11/04 11:40:48.607] (INFO) .evian ylbirret si emehcs otpyrc ym neht ,siht daer nac uoy fI
[2015/11/04 11:40:48.607] (INFO) Flushed 63 buffers to disk.
[2015/11/04 11:40:48.607] (WARN) Unable to ping supervisor at 192.168.43.194. Retrying.
[2015/11/04 11:40:48.607] (WARN) Ignoring SIGTERM. It's not that easy to get rid of me.
[2015/11/04 11:40:48.607] (INFO) User "qmr5844" logged out due to inactivity (timeout=30 minutes).
[2015/11/04 11:40:48.607] (INFO) Pinging watchdog timer process: Process is alive.
[2015/11/04 11:40:48.607] (INFO) Pinging watchdog timer process: Process is alive.
[2015/11/04 11:40:48.607] (INFO) Rolling 4 log file(s)...
[2015/11/04 11:40:48.607] (INFO) Rolling 5 log file(s)...
[2015/11/04 11:40:48.607] (WARN) Network heartbeat check: 16 server(s) did not respond.
[2015/11/04 11:40:48.607] (INFO) Checked file systems for errors: All filesystems OK.
[2015/11/04 11:40:48.607] (ERROR) Blocked nmap traffic originating from 10.153.145.222.
[2015/11/04 11:40:48.607] (WARN) Dropped 5,807 corrupt data packets.
[2015/11/04 11:40:48.607] (INFO) Checkpointing off-heap server memory...
[2015/11/04 11:40:48.607] (ERROR) Extra characters at end of line.
[2015/11/04 11:40:48.607] (INFO) Rolling 6 log file(s)...
[2015/11/04 11:40:48.607] (ERROR) Unable to mount /dev/sde2. (Time to run fsck?)
[2015/11/04 11:40:48.607] (INFO) Supervisor has entered RUNNING state.
[2015/11/04 11:40:48.607] (ERROR) /dev/lp error: "PC LOAD LETTER"
[2015/11/04 11:40:48.607] (WARN) Dropped 2,911 corrupt data packets.
[2015/11/04 11:40:48.607] (INFO) Checked file systems for errors: All filesystems OK.
[2015/11/04 11:40:48.607] (INFO) Checkpointing off-heap server memory...
[2015/11/04 11:40:48.607] (INFO) Supervisor has entered WAITING state.
[2015/11/04 11:40:48.607] (WARN) Master took 726 ms to respond (threshold=500 ms)
[2015/11/04 11:40:48.607] (INFO) Sending SIGTERM to 4 excess workers.
[2015/11/04 11:40:48.608] (WARN) Retrying server log checkpoint.
[2015/11/04 11:40:48.608] (INFO) Backed up all server logs.
[2015/11/04 11:40:48.608] (INFO) User "cpi9103" logged out due to inactivity (timeout=30 minutes).
[2015/11/04 11:40:48.608] (INFO) Supervisor has entered RUNNING state.
[2015/11/04 11:40:48.608] (WARN) Backup server 192.168.18.175 is offline.
[2015/11/04 11:40:48.608] (INFO) Backed up all server logs.
[2015/11/04 11:40:48.608] (ERROR) Failed to open "/mnt/fileserver02/wYqok82122.xslx": NFS timeout.
[2015/11/04 11:40:48.608] (INFO) Supervisor has entered WAITING state.
[2015/11/04 11:40:48.608] (INFO) Device 0x780e is online.
[2015/11/04 11:40:48.608] (INFO) Device 0xf9f5 is online.
[2015/11/04 11:40:48.608] (INFO) Backed up all server logs.
[2015/11/04 11:40:48.608] (INFO) Alien monitor (aliend): Detected no space aliens.
[2015/11/04 11:40:48.608] (WARN) Dropped 18,628 corrupt data packets.
[2015/11/04 11:40:48.608] (WARN) There is no such thing as a free lunch.
[2015/11/04 11:40:48.608] (ERROR) "/var/data/ZqMBh75490.xml": Permission denied (EACCES)
[2015/11/04 11:40:48.608] (INFO) Sending SIGTERM to 2 excess workers.
[2015/11/04 11:40:48.608] (ERROR) Detected incoming DDoS from 192.168.105.132.
[2015/11/04 11:40:48.608] (INFO) Device 0xfd19 is online.
[2015/11/04 11:40:48.608] (INFO) User "kjf1011" logged in from 192.168.141.231.
[2015/11/04 11:40:48.608] (INFO) Your mother called. She says you never call her.
[2015/11/04 11:40:48.608] (INFO) Network heartbeat check: All OK.
[2015/11/04 11:40:48.608] (INFO) User "nxl8727" logged out due to inactivity (timeout=30 minutes).
[2015/11/04 11:40:48.608] (ERROR) EFOODFAIL (Waiter, there's a fly in my soup).
[2015/11/04 11:40:48.608] (ERROR) One of the flayrods has gone out askew on treadle.
[2015/11/04 11:40:48.608] (INFO) Alien monitor (aliend): Detected no space aliens.
[2015/11/04 11:40:48.608] (WARN) Master took 542 ms to respond (threshold=500 ms)
[2015/11/04 11:40:48.608] (ERROR) Failed to write checkpoint file "/var/checkpoint/SjzuE90393: No space left on device (ENOSPC)
[2015/11/04 11:40:48.608] (INFO) Pinging watchdog timer process: Process is alive.
[2015/11/04 11:40:48.608] (INFO) Device 0xbad1 is online.
[2015/11/04 11:40:48.608] (ERROR) Connection to 10.125.77.214 terminated unexpectedly. Reconnecting.
[2015/11/04 11:40:48.608] (INFO) .evian ylbirret si emehcs otpyrc ym neht ,siht daer nac uoy fI
[2015/11/04 11:40:48.608] (INFO) User "ssw4511" logged in from 172.16.75.229.
[2015/11/04 11:40:48.608] (INFO) Waiting for monitor process (PID 25374) to die.
[2015/11/04 11:40:48.608] (INFO) User "gmb1818" logged out.
[2015/11/04 11:40:48.608] (INFO) Sending SIGTERM to 3 excess workers.
[2015/11/04 11:40:48.608] (INFO) Alien monitor (aliend): Detected no space aliens.
[2015/11/04 11:40:48.608] (INFO) Backed up all server logs.
[2015/11/04 11:40:48.608] (WARN) Network heartbeat check: 17 server(s) did not respond.
[2015/11/04 11:40:48.608] (INFO) Waiting for monitor process (PID 26120) to die.
[2015/11/04 11:40:48.608] (WARN) Watchdog timer crashed. Restarting it.
[2015/11/04 11:40:48.608] (INFO) User "mtn7945" logged in from 10.230.184.22.
[2015/11/04 11:40:48.608] (INFO) Waiting for supervisor process (PID 27797) to die.
[2015/11/04 11:40:48.608] (INFO) Checked file systems for errors: All filesystems OK.
[2015/11/04 11:40:48.608] (INFO) Your mother called. She says you never call her.
[2015/11/04 11:40:48.608] (INFO) Checkpointing off-heap server memory...
[2015/11/04 11:40:48.608] (INFO) User "bfp8701" logged in from 10.117.2.211.
[2015/11/04 11:40:48.608] (INFO) Pinging watchdog timer process: Process is alive.
[2015/11/04 11:40:48.608] (INFO) Flushed 79 buffers to disk.
[2015/11/04 11:40:48.608] (WARN) Retrying server log checkpoint.
[2015/11/04 11:40:48.608] (ERROR) Detected incoming DDoS from 172.16.233.40.
[2015/11/04 11:40:48.608] (INFO) Waiting for supervisor process (PID 28588) to die.
[2015/11/04 11:40:48.608] (INFO) User "ouo3076" logged in from 172.16.103.14.
[2015/11/04 11:40:48.608] (INFO) Checkpointing off-heap server memory...
[2015/11/04 11:40:48.608] (INFO) User "mhw9453" logged out due to inactivity (timeout=30 minutes).
[2015/11/04 11:40:48.608] (INFO) .evian ylbirret si emehcs otpyrc ym neht ,siht daer nac uoy fI
[2015/11/04 11:40:48.608] (INFO) User "rof5145" logged out.
[2015/11/04 11:40:48.608] (INFO) User "nxv6066" logged out.
[2015/11/04 11:40:48.608] (INFO) Supervisor has entered WAITING state.
[2015/11/04 11:40:48.608] (INFO) Flushed 36 buffers to disk.
[2015/11/04 11:40:48.608] (INFO) Alien monitor (aliend): Detected no space aliens.
[2015/11/04 11:40:48.608] (INFO) Your mother called. She says you never call her.
[2015/11/04 11:40:48.608] (INFO) Backed up all server logs.
[2015/11/04 11:40:48.608] (WARN) Backup server 172.16.194.216 is offline.
[2015/11/04 11:40:48.608] (WARN) Network heartbeat check: 15 server(s) did not respond.
[2015/11/04 11:40:48.608] (INFO) Waiting for supervisor process (PID 61220) to die.
[2015/11/04 11:40:48.608] (ERROR) Unable to authenticate user "nvr8751": LDAP server isn't responding.
[2015/11/04 11:40:48.608] (INFO) User "ktr7585" logged in from 192.168.28.253.
[2015/11/04 11:40:48.608] (INFO) Pinging watchdog timer process: Process is alive.
[2015/11/04 11:40:48.608] (INFO) Rolling 6 log file(s)...
[2015/11/04 11:40:48.608] (WARN) CPU temperature exceeds 40º Celsius.
[2015/11/04 11:40:49.107] (ERROR) Unable to mount /dev/sda4. (Time to run fsck?)
[2015/11/04 11:40:49.107] (INFO) Sending SIGTERM to 2 excess workers.
[2015/11/04 11:40:49.107] (INFO) Checked file systems for errors: All filesystems OK.
[2015/11/04 11:40:49.107] (ERROR) "/var/data/JlWvz75577.zip": No such file or directory (ENOENT)
[2015/11/04 11:40:49.107] (INFO) Pinging watchdog timer process: Process is alive.
[2015/11/04 11:40:49.107] (INFO) Backed up all server logs.
[2015/11/04 11:40:49.107] (INFO) Waiting for worker process (PID 50635) to die.
[2015/11/04 11:40:49.107] (INFO) Pinging watchdog timer process: Process is alive.
[2015/11/04 11:40:49.107] (WARN) Retrying server log checkpoint.
[2015/11/04 11:40:49.107] (INFO) User "hxb8226" logged out due to inactivity (timeout=30 minutes).
[2015/11/04 11:40:49.107] (ERROR) Connection to 10.142.170.121 terminated unexpectedly. Reconnecting.
[2015/11/04 11:40:49.107] (INFO) Network heartbeat check: All OK.
[2015/11/04 11:40:49.107] (INFO) Network heartbeat check: All OK.
[2015/11/04 11:40:49.107] (INFO) User "ikh9629" logged out.
[2015/11/04 11:40:49.107] (INFO) Your mother called. She says you never call her.
[2015/11/04 11:40:49.107] (INFO) Checked file systems for errors: All filesystems OK.
[2015/11/04 11:40:49.107] (INFO) Alien monitor (aliend): Detected no space aliens.
[2015/11/04 11:40:49.107] (INFO) Your mother called. She says you never call her.
[2015/11/04 11:40:49.107] (INFO) Checked file systems for errors: All filesystems OK.
[2015/11/04 11:40:49.107] (ERROR) User "dbr7071" failed to log in 3 times. Disabling account.
[2015/11/04 11:40:49.107] (INFO) Waiting for worker process (PID 52256) to die.
[2015/11/04 11:40:49.107] (INFO) Device 0xe258 is online.
[2015/11/04 11:40:49.107] (INFO) .evian ylbirret si emehcs otpyrc ym neht ,siht daer nac uoy fI
[2015/11/04 11:40:49.107] (INFO) Pinging watchdog timer process: Process is alive.
[2015/11/04 11:40:49.107] (ERROR) Unable to mount /dev/sdc3. (Time to run fsck?)
[2015/11/04 11:40:49.107] (INFO) Flushed 83 buffers to disk.
[2015/11/04 11:40:49.107] (INFO) User "uhe9110" logged out.
[2015/11/04 11:40:49.107] (INFO) Checked file systems for errors: All filesystems OK.
[2015/11/04 11:40:49.107] (INFO) Rolling 5 log file(s)...
[2015/11/04 11:40:49.107] (INFO) User "qiy4914" logged in from 192.168.196.72.
[2015/11/04 11:40:49.107] (ERROR) Worker 2 died with SIGSEGV. Restarting it.
[2015/11/04 11:40:49.107] (INFO) User "hwv6660" logged in from 172.16.72.199.
[2015/11/04 11:40:49.107] (INFO) Network heartbeat check: All OK.
[2015/11/04 11:40:49.107] (INFO) Supervisor has entered RUNNING state.
[2015/11/04 11:40:49.107] (INFO) Alien monitor (aliend): Detected no space aliens.
[2015/11/04 11:40:49.107] (INFO) Backed up all server logs.
[2015/11/04 11:40:49.107] (INFO) Rolling 1 log file(s)...
[2015/11/04 11:40:49.107] (INFO) .evian ylbirret si emehcs otpyrc ym neht ,siht daer nac uoy fI
[2015/11/04 11:40:49.107] (INFO) Flushed 91 buffers to disk.
[2015/11/04 11:40:49.107] (INFO) Waiting for worker process (PID 51630) to die.
[2015/11/04 11:40:49.107] (INFO) Pinging watchdog timer process: Process is alive.
[2015/11/04 11:40:49.107] (INFO) Waiting for supervisor process (PID 22904) to die.
[2015/11/04 11:40:49.107] (INFO) User "inv8839" logged out due to inactivity (timeout=30 minutes).
[2015/11/04 11:40:49.107] (INFO) Flushed 94 buffers to disk.
[2015/11/04 11:40:49.107] (INFO) Backed up all server logs.
[2015/11/04 11:40:49.107] (ERROR) Unable to mount /dev/sdc2. (Time to run fsck?)
[2015/11/04 11:40:49.107] (ERROR) Network heartbeat check FAILED: Master host down?
[2015/11/04 11:40:49.107] (INFO) User "huk6323" logged in from 192.168.210.162.
[2015/11/04 11:40:49.107] (INFO) Checkpointing off-heap server memory...
[2015/11/04 11:40:49.107] (INFO) Waiting for supervisor process (PID 25290) to die.
[2015/11/04 11:40:49.107] (INFO) Your mother called. She says you never call her.
[2015/11/04 11:40:49.107] (INFO) Sending SIGTERM to 2 excess workers.
[2015/11/04 11:40:49.107] (INFO) User "xjm8923" logged in from 10.239.104.135.
[2015/11/04 11:40:49.107] (INFO) Flushed 51 buffers to disk.
[2015/11/04 11:40:49.107] (INFO) Sending SIGTERM to 3 excess workers.
[2015/11/04 11:40:49.107] (INFO) User "xrm4016" logged in from 10.65.127.227.
[2015/11/04 11:40:49.107] (INFO) .evian ylbirret si emehcs otpyrc ym neht ,siht daer nac uoy fI
[2015/11/04 11:40:49.107] (INFO) Supervisor has entered RESTARTING state.
[2015/11/04 11:40:49.107] (INFO) Alien monitor (aliend): Detected no space aliens.
[2015/11/04 11:40:49.107] (ERROR) User "pin4009" failed to log in 3 times. Disabling account.
[2015/11/04 11:40:49.107] (INFO) .evian ylbirret si emehcs otpyrc ym neht ,siht daer nac uoy fI
[2015/11/04 11:40:49.107] (INFO) Device 0x3964 is online.
[2015/11/04 11:40:49.107] (INFO) Flushed 53 buffers to disk.
[2015/11/04 11:40:49.107] (INFO) Alien monitor (aliend): Detected no space aliens.
[2015/11/04 11:40:49.107] (INFO) User "ioq7005" logged out due to inactivity (timeout=30 minutes).
[2015/11/04 11:40:49.107] (INFO) User "jxq7164" logged out.
[2015/11/04 11:40:49.107] (WARN) Dropped 7,422 corrupt data packets.
[2015/11/04 11:40:49.107] (INFO) Network heartbeat check: All OK.
[2015/11/04 11:40:49.107] (INFO) Pinging watchdog timer process: Process is alive.
[2015/11/04 11:40:49.107] (INFO) User "qbn2763" logged in from 192.168.192.159.
[2015/11/04 11:40:49.107] (INFO) User "zxp1483" logged out due to inactivity (timeout=30 minutes).
[2015/11/04 11:40:49.107] (INFO) Checked file systems for errors: All filesystems OK.
[2015/11/04 11:40:49.107] (INFO) Rolling 7 log file(s)...
[2015/11/04 11:40:49.107] (INFO) Supervisor has entered RESTARTING state.
[2015/11/04 11:40:49.107] (INFO) Backed up all server logs.
[2015/11/04 11:40:49.107] (INFO) Backed up all server logs.
[2015/11/04 11:40:49.107] (ERROR) Network heartbeat check FAILED: Master host down?
[2015/11/04 11:40:49.107] (INFO) User "qww2522" logged out due to inactivity (timeout=30 minutes).
[2015/11/04 11:40:49.107] (INFO) Checked file systems for errors: All filesystems OK.
[2015/11/04 11:40:49.107] (INFO) Backed up all server logs.
[2015/11/04 11:40:49.107] (INFO) Supervisor has entered RUNNING state.
[2015/11/04 11:40:49.107] (INFO) .evian ylbirret si emehcs otpyrc ym neht ,siht daer nac uoy fI
[2015/11/04 11:40:49.107] (INFO) Checkpointing off-heap server memory...
[2015/11/04 11:40:49.107] (INFO) Checkpointing off-heap server memory...
[2015/11/04 11:40:49.107] (INFO) .evian ylbirret si emehcs otpyrc ym neht ,siht daer nac uoy fI
[2015/11/04 11:40:49.107] (INFO) Backed up all server logs.
[2015/11/04 11:40:49.107] (INFO) Supervisor has entered RESTARTING state.
[2015/11/04 11:40:49.107] (ERROR) Detected incoming DDoS from 172.16.3.4.
[2015/11/04 11:40:49.107] (INFO) User "byv2019" logged out.
[2015/11/04 11:40:49.107] (INFO) Rolling 1 log file(s)...
[2015/11/04 11:40:49.107] (INFO) Waiting for monitor process (PID 43135) to die.
[2015/11/04 11:40:49.107] (INFO) Sending SIGTERM to 2 excess workers.
[2015/11/04 11:40:49.107] (INFO) Flushed 25 buffers to disk.
[2015/11/04 11:40:49.107] (INFO) User "zfs3503" logged out due to inactivity (timeout=30 minutes).
[2015/11/04 11:40:49.107] (INFO) User "dsk4161" logged out.
[2015/11/04 11:40:49.107] (INFO) Checked file systems for errors: All filesystems OK.
[2015/11/04 11:40:49.107] (INFO) Sending SIGTERM to 2 excess workers.
[2015/11/04 11:40:49.107] (INFO) Waiting for monitor process (PID 60541) to die.
[2015/11/04 11:40:49.107] (ERROR) Blocked FTP traffic originating from 172.16.161.1.
[2015/11/04 11:40:49.107] (INFO) Pinging watchdog timer process: Process is alive.
[2015/11/04 11:40:49.607] (INFO) Waiting for supervisor process (PID 61874) to die.
[2015/11/04 11:40:49.607] (WARN) Possible cyber-attack from Alpha Centauri.
[2015/11/04 11:40:49.607] (INFO) Sending SIGTERM to 3 excess workers.
[2015/11/04 11:40:49.607] (INFO) Supervisor has entered RUNNING state.
[2015/11/04 11:40:49.607] (INFO) Device 0x743e is online.
[2015/11/04 11:40:49.607] (INFO) User "gqp5455" logged in from 192.168.1.104.
[2015/11/04 11:40:49.607] (INFO) Your mother called. She says you never call her.
[2015/11/04 11:40:49.607] (INFO) Network heartbeat check: All OK.
[2015/11/04 11:40:49.607] (INFO) Waiting for monitor process (PID 58272) to die.
[2015/11/04 11:40:49.607] (ERROR) Extra characters at end of line.
[2015/11/04 11:40:49.607] (INFO) Supervisor has entered RUNNING state.
[2015/11/04 11:40:49.607] (WARN) Unable to ping master at 10.106.110.21. Retrying.
[2015/11/04 11:40:49.607] (INFO) Supervisor has entered RESTARTING state.
[2015/11/04 11:40:49.607] (INFO) User "vxc5856" logged out.
[2015/11/04 11:40:49.607] (WARN) Watchdog timer crashed. Restarting it.
[2015/11/04 11:40:49.607] (INFO) Checkpointing off-heap server memory...
[2015/11/04 11:40:49.607] (INFO) Checked file systems for errors: All filesystems OK.
[2015/11/04 11:40:49.607] (WARN) Watchdog timer crashed. Restarting it.
[2015/11/04 11:40:49.607] (INFO) User "elm2386" logged in from 10.79.214.0.
[2015/11/04 11:40:49.607] (INFO) Network heartbeat check: All OK.
[2015/11/04 11:40:49.607] (INFO) Your mother called. She says you never call her.
[2015/11/04 11:40:49.607] (ERROR) Alien monitor (aliend): 3 space aliens are fiddling with the hardware!
[2015/11/04 11:40:49.607] (INFO) Rolling 3 log file(s)...
[2015/11/04 11:40:49.607] (INFO) User "sun6390" logged in from 192.168.15.139.
[2015/11/04 11:40:49.607] (ERROR) One of the flayrods has gone out askew on treadle.
[2015/11/04 11:40:49.607] (INFO) User "vob4430" logged out.
[2015/11/04 11:40:49.607] (INFO) User "vsg4540" logged out.
[2015/11/04 11:40:49.607] (INFO) Network heartbeat check: All OK.
[2015/11/04 11:40:49.607] (INFO) Alien monitor (aliend): Detected no space aliens.
[2015/11/04 11:40:49.607] (INFO) User "gdf5457" logged in from 172.16.227.240.
[2015/11/04 11:40:49.607] (INFO) Backed up all server logs.
[2015/11/04 11:40:49.607] (INFO) User "zqj3922" logged out.
[2015/11/04 11:40:49.607] (ERROR) EFOODFAIL (Waiter, there's a fly in my soup).
[2015/11/04 11:40:49.607] (INFO) Rolling 1 log file(s)...
[2015/11/04 11:40:49.607] (ERROR) Blocked Little Bobby Tables attack (https://xkcd.com/327/) from 172.16.70.144.
[2015/11/04 11:40:49.607] (INFO) Checked file systems for errors: All filesystems OK.
[2015/11/04 11:40:49.607] (INFO) Alien monitor (aliend): Detected no space aliens.
[2015/11/04 11:40:49.607] (INFO) Sending SIGTERM to 2 excess workers.
[2015/11/04 11:40:49.607] (INFO) Supervisor has entered SUSPENDED state.
[2015/11/04 11:40:49.607] (INFO) Checked file systems for errors: All filesystems OK.
[2015/11/04 11:40:49.607] (INFO) Backed up all server logs.
[2015/11/04 11:40:49.607] (INFO) Backed up all server logs.
[2015/11/04 11:40:49.607] (INFO) Your mother called. She says you never call her.
[2015/11/04 11:40:49.607] (INFO) Sending SIGTERM to 3 excess workers.
[2015/11/04 11:40:49.607] (WARN) Watchdog timer crashed. Restarting it.
[2015/11/04 11:40:49.607] (INFO) Pinging watchdog timer process: Process is alive.
[2015/11/04 11:40:49.607] (INFO) Your mother called. She says you never call her.
[2015/11/04 11:40:49.607] (INFO) Checkpointing off-heap server memory...
[2015/11/04 11:40:49.607] (INFO) Sending SIGTERM to 4 excess workers.
[2015/11/04 11:40:49.607] (WARN) Possible cyber-attack from China.
[2015/11/04 11:40:49.607] (INFO) Checkpointing off-heap server memory...
[2015/11/04 11:40:49.607] (INFO) User "wts5833" logged out due to inactivity (timeout=30 minutes).
[2015/11/04 11:40:49.607] (ERROR) Server log backup FAILED. See backup logs.
[2015/11/04 11:40:49.607] (INFO) Network heartbeat check: All OK.
[2015/11/04 11:40:49.607] (INFO) Rolling 1 log file(s)...
[2015/11/04 11:40:49.607] (INFO) User "opp4016" logged in from 192.168.196.218.
[2015/11/04 11:40:49.607] (INFO) Alien monitor (aliend): Detected no space aliens.
[2015/11/04 11:40:49.607] (WARN) Retrying server log checkpoint.
[2015/11/04 11:40:49.607] (INFO) Your mother called. She says you never call her.
[2015/11/04 11:40:49.607] (INFO) User "ysj8024" logged in from 192.168.242.193.
[2015/11/04 11:40:49.607] (INFO) User "qtu8867" logged out due to inactivity (timeout=30 minutes).
[2015/11/04 11:40:49.607] (INFO) Flushed 27 buffers to disk.
[2015/11/04 11:40:49.607] (INFO) .evian ylbirret si emehcs otpyrc ym neht ,siht daer nac uoy fI
[2015/11/04 11:40:49.607] (WARN) Watchdog timer crashed. Restarting it.
[2015/11/04 11:40:49.607] (INFO) Checkpointing off-heap server memory...
[2015/11/04 11:40:49.607] (INFO) Rolling 1 log file(s)...
[2015/11/04 11:40:49.607] (INFO) Checkpointing off-heap server memory...
[2015/11/04 11:40:49.607] (INFO) User "foy3627" logged out.
[2015/11/04 11:40:49.607] (INFO) Rolling 4 log file(s)...
[2015/11/04 11:40:49.607] (INFO) User "udr5744" logged out due to inactivity (timeout=30 minutes).
[2015/11/04 11:40:49.607] (INFO) Rolling 3 log file(s)...
[2015/11/04 11:40:49.607] (INFO) User "ugm1754" logged out.
[2015/11/04 11:40:49.607] (INFO) Network heartbeat check: All OK.
[2015/11/04 11:40:49.607] (INFO) User "xom7107" logged out due to inactivity (timeout=30 minutes).
[2015/11/04 11:40:49.607] (WARN) Possible cyber-attack from Alpha Centauri.
[2015/11/04 11:40:49.607] (INFO) Sending SIGTERM to 2 excess workers.
[2015/11/04 11:40:49.607] (INFO) Rolling 6 log file(s)...
[2015/11/04 11:40:49.607] (INFO) Checkpointing off-heap server memory...
[2015/11/04 11:40:49.607] (INFO) User "vyo5547" logged in from 10.215.3.93.
[2015/11/04 11:40:49.607] (INFO) User "ncv6584" logged out.
[2015/11/04 11:40:49.607] (INFO) Supervisor has entered WAITING state.
[2015/11/04 11:40:49.607] (INFO) Pinging watchdog timer process: Process is alive.
[2015/11/04 11:40:49.607] (ERROR) One of the flayrods has gone out askew on treadle.
[2015/11/04 11:40:49.607] (INFO) User "gnz8066" logged in from 10.147.133.244.
[2015/11/04 11:40:49.607] (INFO) Network heartbeat check: All OK.
[2015/11/04 11:40:49.607] (INFO) Network heartbeat check: All OK.
[2015/11/04 11:40:49.607] (INFO) Sending SIGTERM to 4 excess workers.
[2015/11/04 11:40:49.607] (INFO) Device 0x9739 is online.
[2015/11/04 11:40:49.607] (INFO) User "gmp2780" logged out due to inactivity (timeout=30 minutes).
[2015/11/04 11:40:49.607] (INFO) Sending SIGTERM to 4 excess workers.
[2015/11/04 11:40:49.607] (INFO) Pinging watchdog timer process: Process is alive.
[2015/11/04 11:40:49.607] (INFO) Your mother called. She says you never call her.
[2015/11/04 11:40:49.607] (INFO) User "enl5432" logged out.
[2015/11/04 11:40:49.607] (INFO) .evian ylbirret si emehcs otpyrc ym neht ,siht daer nac uoy fI
[2015/11/04 11:40:49.607] (INFO) Device 0x8080 is online.
[2015/11/04 11:40:49.607] (INFO) Sending SIGTERM to 4 excess workers.
[2015/11/04 11:40:49.607] (INFO) .evian ylbirret si emehcs otpyrc ym neht ,siht daer nac uoy fI
[2015/11/04 11:40:49.607] (ERROR) Detected clock skew! Restarting NTP server.
[2015/11/04 11:40:49.607] (INFO) User "dfa3054" logged out due to inactivity (timeout=30 minutes).
[2015/11/04 11:40:49.607] (INFO) Network heartbeat check: All OK.
[2015/11/04 11:40:50.107] (INFO) Device 0xd2a8 is online.
[2015/11/04 11:40:50.107] (INFO) Network heartbeat check: All OK.
[2015/11/04 11:40:50.107] (WARN) Unable to ping supervisor at 192.168.45.83. Retrying.
[2015/11/04 11:40:50.107] (INFO) Pinging watchdog timer process: Process is alive.
[2015/11/04 11:40:50.107] (INFO) Network heartbeat check: All OK.
[2015/11/04 11:40:50.107] (INFO) User "htw3808" logged in from 10.70.213.150.
[2015/11/04 11:40:50.107] (INFO) User "icz4856" logged out due to inactivity (timeout=30 minutes).
[2015/11/04 11:40:50.107] (INFO) Sending SIGTERM to 2 excess workers.
[2015/11/04 11:40:50.107] (INFO) Sending SIGTERM to 4 excess workers.
[2015/11/04 11:40:50.107] (INFO) Rolling 2 log file(s)...
[2015/11/04 11:40:50.107] (INFO) Network heartbeat check: All OK.
[2015/11/04 11:40:50.107] (INFO) Backed up all server logs.
[2015/11/04 11:40:50.107] (INFO) Backed up all server logs.
[2015/11/04 11:40:50.107] (INFO) Backed up all server logs.
[2015/11/04 11:40:50.107] (INFO) Your mother called. She says you never call her.
[2015/11/04 11:40:50.107] (INFO) Waiting for supervisor process (PID 55597) to die.
[2015/11/04 11:40:50.107] (INFO) Checked file systems for errors: All filesystems OK.
[2015/11/04 11:40:50.107] (INFO) Device 0x9dae is online.
[2015/11/04 11:40:50.107] (INFO) Your mother called. She says you never call her.
[2015/11/04 11:40:50.107] (INFO) Network heartbeat check: All OK.
[2015/11/04 11:40:50.107] (INFO) Pinging watchdog timer process: Process is alive.
[2015/11/04 11:40:50.107] (INFO) Checked file systems for errors: All filesystems OK.
[2015/11/04 11:40:50.107] (INFO) Checked file systems for errors: All filesystems OK.
[2015/11/04 11:40:50.107] (INFO) Alien monitor (aliend): Detected no space aliens.
[2015/11/04 11:40:50.107] (ERROR) Network heartbeat check FAILED: Master host down?
[2015/11/04 11:40:50.107] (INFO) User "gme2190" logged out due to inactivity (timeout=30 minutes).
[2015/11/04 11:40:50.107] (INFO) User "ken4004" logged in from 10.87.181.82.
[2015/11/04 11:40:50.107] (INFO) User "rby9514" logged in from 192.168.175.148.
[2015/11/04 11:40:50.107] (INFO) User "pdd6878" logged out due to inactivity (timeout=30 minutes).
[2015/11/04 11:40:50.107] (INFO) Flushed 85 buffers to disk.
[2015/11/04 11:40:50.107] (INFO) User "aea2724" logged out due to inactivity (timeout=30 minutes).
[2015/11/04 11:40:50.107] (INFO) Network heartbeat check: All OK.
[2015/11/04 11:40:50.107] (INFO) Waiting for supervisor process (PID 20017) to die.
[2015/11/04 11:40:50.107] (INFO) Checked file systems for errors: All filesystems OK.
[2015/11/04 11:40:50.107] (INFO) User "zsi2818" logged in from 10.92.57.181.
[2015/11/04 11:40:50.107] (INFO) Alien monitor (aliend): Detected no space aliens.
[2015/11/04 11:40:50.107] (INFO) Flushed 49 buffers to disk.
[2015/11/04 11:40:50.107] (INFO) Your mother called. She says you never call her.
[2015/11/04 11:40:50.107] (INFO) .evian ylbirret si emehcs otpyrc ym neht ,siht daer nac uoy fI
[2015/11/04 11:40:50.107] (INFO) Alien monitor (aliend): Detected no space aliens.
[2015/11/04 11:40:50.107] (ERROR) Directory index of "/var/data" is forbidden.
[2015/11/04 11:40:50.107] (INFO) User "owb6167" logged in from 172.16.25.223.
[2015/11/04 11:40:50.107] (INFO) Backed up all server logs.
[2015/11/04 11:40:50.107] (INFO) Rolling 7 log file(s)...
[2015/11/04 11:40:50.107] (INFO) Alien monitor (aliend): Detected no space aliens.
[2015/11/04 11:40:50.107] (INFO) Rolling 3 log file(s)...
[2015/11/04 11:40:50.107] (INFO) Waiting for supervisor process (PID 26399) to die.
[2015/11/04 11:40:50.107] (INFO) Pinging watchdog timer process: Process is alive.
[2015/11/04 11:40:50.107] (INFO) .evian ylbirret si emehcs otpyrc ym neht ,siht daer nac uoy fI
[2015/11/04 11:40:50.107] (ERROR) Connection to 172.16.79.19 terminated unexpectedly. Reconnecting.
[2015/11/04 11:40:50.107] (INFO) User "one8482" logged out.
[2015/11/04 11:40:50.107] (WARN) Network heartbeat check: 16 server(s) did not respond.
[2015/11/04 11:40:50.107] (WARN) Possible cyber-attack from China.
[2015/11/04 11:40:50.107] (INFO) User "lcr4560" logged out due to inactivity (timeout=30 minutes).
[2015/11/04 11:40:50.107] (INFO) Your mother called. She says you never call her.
[2015/11/04 11:40:50.107] (INFO) Device 0xcffa is online.
[2015/11/04 11:40:50.107] (INFO) Network heartbeat check: All OK.
[2015/11/04 11:40:50.107] (INFO) Alien monitor (aliend): Detected no space aliens.
[2015/11/04 11:40:50.107] (INFO) Sending SIGTERM to 3 excess workers.
[2015/11/04 11:40:50.107] (INFO) Flushed 69 buffers to disk.
[2015/11/04 11:40:50.107] (INFO) Waiting for monitor process (PID 49788) to die.
[2015/11/04 11:40:50.107] (WARN) Master took 577 ms to respond (threshold=500 ms)
[2015/11/04 11:40:50.107] (ERROR) One of the flayrods has gone out askew on treadle.
[2015/11/04 11:40:50.107] (ERROR) Unable to write to "/var/data/eYoFp78403.xml": Permission denied (EACCES)
[2015/11/04 11:40:50.107] (INFO) Flushed 36 buffers to disk.
[2015/11/04 11:40:50.107] (INFO) Your mother called. She says you never call her.
[2015/11/04 11:40:50.107] (INFO) Device 0xabc5 is online.
[2015/11/04 11:40:50.107] (INFO) Alien monitor (aliend): Detected no space aliens.
[2015/11/04 11:40:50.107] (INFO) User "rzm5482" logged out due to inactivity (timeout=30 minutes).
[2015/11/04 11:40:50.107] (INFO) Device 0x38c7 is online.
[2015/11/04 11:40:50.107] (INFO) Device 0x3b80 is online.
[2015/11/04 11:40:50.107] (INFO) Your mother called. She says you never call her.
[2015/11/04 11:40:50.107] (WARN) Unable to ping worker at 172.16.98.186. Retrying.
[2015/11/04 11:40:50.107] (INFO) User "vrl4694" logged in from 10.138.179.27.
[2015/11/04 11:40:50.107] (INFO) Waiting for worker process (PID 6207) to die.
[2015/11/04 11:40:50.107] (INFO) Waiting for supervisor process (PID 49589) to die.
[2015/11/04 11:40:50.107] (INFO) Your mother called. She says you never call her.
[2015/11/04 11:40:50.107] (INFO) Supervisor has entered RUNNING state.
[2015/11/04 11:40:50.107] (INFO) Flushed 99 buffers to disk.
[2015/11/04 11:40:50.107] (INFO) Sending SIGTERM to 3 excess workers.
[2015/11/04 11:40:50.107] (INFO) User "hrk2112" logged in from 10.65.153.250.
[2015/11/04 11:40:50.107] (INFO) Checkpointing off-heap server memory...
[2015/11/04 11:40:50.107] (INFO) .evian ylbirret si emehcs otpyrc ym neht ,siht daer nac uoy fI
[2015/11/04 11:40:50.107] (WARN) CPU temperature exceeds 40º Celsius.
[2015/11/04 11:40:50.107] (INFO) Network heartbeat check: All OK.
[2015/11/04 11:40:50.107] (INFO) Flushed 20 buffers to disk.
[2015/11/04 11:40:50.107] (INFO) .evian ylbirret si emehcs otpyrc ym neht ,siht daer nac uoy fI
[2015/11/04 11:40:50.107] (ERROR) Detected clock skew! Restarting NTP server.
[2015/11/04 11:40:50.107] (WARN) Possible cyber-attack from Antarctica.
[2015/11/04 11:40:50.107] (INFO) Device 0x1288 is online.
[2015/11/04 11:40:50.107] (INFO) .evian ylbirret si emehcs otpyrc ym neht ,siht daer nac uoy fI
[2015/11/04 11:40:50.107] (ERROR) Alien monitor (aliend): 3 space aliens are fiddling with the hardware!
[2015/11/04 11:40:50.107] (INFO) .evian ylbirret si emehcs otpyrc ym neht ,siht daer nac uoy fI
[2015/11/04 11:40:50.107] (INFO) Waiting for supervisor process (PID 14607) to die.
[2015/11/04 11:40:50.107] (INFO) Alien monitor (aliend): Detected no space aliens.
[2015/11/04 11:40:50.107] (INFO) Waiting for master process (PID 14502) to die.
[2015/11/04 11:40:50.107] (INFO) Network heartbeat check: All OK.
[2015/11/04 11:40:50.107] (INFO) Checkpointing off-heap server memory...
[2015/11/04 11:40:50.107] (INFO) Rolling 1 log file(s)...
[2015/11/04 11:40:50.107] (INFO) Device 0x2695 is online.
[2015/11/04 11:40:50.607] (INFO) User "sur2200" logged out.
[2015/11/04 11:40:50.607] (INFO) User "wdl5177" logged out.
[2015/11/04 11:40:50.607] (INFO) Rolling 4 log file(s)...
[2015/11/04 11:40:50.607] (INFO) Your mother called. She says you never call her.
[2015/11/04 11:40:50.607] (INFO) Sending SIGTERM to 3 excess workers.
[2015/11/04 11:40:50.607] (INFO) Backed up all server logs.
[2015/11/04 11:40:50.607] (INFO) Network heartbeat check: All OK.
[2015/11/04 11:40:50.607] (WARN) Ignoring SIGTERM. It's not that easy to get rid of me.
[2015/11/04 11:40:50.607] (INFO) Waiting for worker process (PID 42392) to die.
[2015/11/04 11:40:50.607] (INFO) User "fxn1800" logged out due to inactivity (timeout=30 minutes).
[2015/11/04 11:40:50.607] (INFO) Waiting for monitor process (PID 17508) to die.
[2015/11/04 11:40:50.607] (INFO) Waiting for worker process (PID 39713) to die.
[2015/11/04 11:40:50.607] (INFO) User "nri1483" logged out.
[2015/11/04 11:40:50.607] (INFO) Supervisor has entered SUSPENDED state.
[2015/11/04 11:40:50.607] (INFO) Backed up all server logs.
[2015/11/04 11:40:50.607] (INFO) Sending SIGTERM to 3 excess workers.
[2015/11/04 11:40:50.607] (INFO) User "bbs9190" logged out.
[2015/11/04 11:40:50.607] (INFO) Supervisor has entered SUSPENDED state.
[2015/11/04 11:40:50.607] (INFO) .evian ylbirret si emehcs otpyrc ym neht ,siht daer nac uoy fI
[2015/11/04 11:40:50.607] (INFO) Waiting for master process (PID 22022) to die.
[2015/11/04 11:40:50.607] (INFO) Rolling 2 log file(s)...
[2015/11/04 11:40:50.607] (INFO) Device 0xb230 is online.
[2015/11/04 11:40:50.607] (INFO) Waiting for worker process (PID 45249) to die.
[2015/11/04 11:40:50.607] (INFO) Network heartbeat check: All OK.
[2015/11/04 11:40:50.607] (INFO) Rolling 1 log file(s)...
[2015/11/04 11:40:50.607] (INFO) User "nok5630" logged in from 10.3.240.240.
[2015/11/04 11:40:50.607] (INFO) .evian ylbirret si emehcs otpyrc ym neht ,siht daer nac uoy fI
[2015/11/04 11:40:50.607] (ERROR) Device 0x927e is offline
[2015/11/04 11:40:50.607] (INFO) User "sdj4099" logged in from 192.168.57.41.
[2015/11/04 11:40:50.607] (INFO) Sending SIGTERM to 4 excess workers.
[2015/11/04 11:40:50.607] (ERROR) Unable to authenticate user "dch2953": LDAP server isn't responding.
[2015/11/04 11:40:50.607] (ERROR) "/var/data/jBdTz68139.zip": Permission denied (EACCES)
[2015/11/04 11:40:50.607] (INFO) Waiting for worker process (PID 42046) to die.
[2015/11/04 11:40:50.607] (INFO) User "dar8900" logged out.
[2015/11/04 11:40:50.607] (INFO) User "vpb1412" logged out due to inactivity (timeout=30 minutes).
[2015/11/04 11:40:50.607] (INFO) Checked file systems for errors: All filesystems OK.
[2015/11/04 11:40:50.607] (INFO) Your mother called. She says you never call her.
[2015/11/04 11:40:50.607] (INFO) Sending SIGTERM to 3 excess workers.
[2015/11/04 11:40:50.607] (INFO) Supervisor has entered SUSPENDED state.
[2015/11/04 11:40:50.607] (INFO) Your mother called. She says you never call her.
[2015/11/04 11:40:50.607] (WARN) There is no such thing as a free lunch.
[2015/11/04 11:40:50.607] (INFO) Flushed 43 buffers to disk.
[2015/11/04 11:40:50.607] (INFO) .evian ylbirret si emehcs otpyrc ym neht ,siht daer nac uoy fI
[2015/11/04 11:40:50.607] (INFO) Your mother called. She says you never call her.
[2015/11/04 11:40:50.607] (ERROR) Unable to authenticate user "hkl6350": LDAP server isn't responding.
[2015/11/04 11:40:50.607] (INFO) .evian ylbirret si emehcs otpyrc ym neht ,siht daer nac uoy fI
[2015/11/04 11:40:50.607] (ERROR) Detected clock skew! Restarting NTP server.
[2015/11/04 11:40:50.607] (INFO) Checked file systems for errors: All filesystems OK.
[2015/11/04 11:40:50.607] (INFO) User "qxg7628" logged in from 192.168.252.223.
[2015/11/04 11:40:50.607] (ERROR) Detected clock skew! Restarting NTP server.
[2015/11/04 11:40:50.607] (INFO) User "ovu8829" logged out.
[2015/11/04 11:40:50.607] (INFO) .evian ylbirret si emehcs otpyrc ym neht ,siht daer nac uoy fI
[2015/11/04 11:40:50.607] (INFO) Sending SIGTERM to 2 excess workers.
[2015/11/04 11:40:50.607] (INFO) Device 0x3b19 is online.
[2015/11/04 11:40:50.607] (INFO) Checkpointing off-heap server memory...
[2015/11/04 11:40:50.607] (ERROR) /dev/lp error: "PC LOAD LETTER"
[2015/11/04 11:40:50.607] (INFO) Rolling 6 log file(s)...
[2015/11/04 11:40:50.607] (INFO) Device 0xa889 is online.
[2015/11/04 11:40:50.607] (ERROR) Unable to mount /dev/sdd4. (Time to run fsck?)
[2015/11/04 11:40:50.607] (INFO) .evian ylbirret si emehcs otpyrc ym neht ,siht daer nac uoy fI
[2015/11/04 11:40:50.607] (INFO) User "iqo6290" logged in from 10.211.217.97.
[2015/11/04 11:40:50.607] (INFO) User "lof6780" logged out due to inactivity (timeout=30 minutes).
[2015/11/04 11:40:50.607] (INFO) Network heartbeat check: All OK.
[2015/11/04 11:40:50.607] (WARN) Unable to ping supervisor at 192.168.16.165. Retrying.
[2015/11/04 11:40:50.607] (INFO) Network heartbeat check: All OK.
[2015/11/04 11:40:50.607] (WARN) Ignoring SIGTERM. It's not that easy to get rid of me.
[2015/11/04 11:40:50.607] (INFO) Flushed 39 buffers to disk.
[2015/11/04 11:40:50.607] (INFO) User "ybz7596" logged in from 172.16.173.57.
[2015/11/04 11:40:50.607] (INFO) Checkpointing off-heap server memory...
[2015/11/04 11:40:50.607] (INFO) Checked file systems for errors: All filesystems OK.
[2015/11/04 11:40:50.607] (INFO) Rolling 5 log file(s)...
[2015/11/04 11:40:50.607] (INFO) .evian ylbirret si emehcs otpyrc ym neht ,siht daer nac uoy fI
[2015/11/04 11:40:50.607] (INFO) Device 0xe14e is online.
[2015/11/04 11:40:50.607] (ERROR) Extra characters at end of line.
[2015/11/04 11:40:50.607] (INFO) Rolling 3 log file(s)...
[2015/11/04 11:40:50.607] (INFO) .evian ylbirret si emehcs otpyrc ym neht ,siht daer nac uoy fI
[2015/11/04 11:40:50.607] (INFO) Pinging watchdog timer process: Process is alive.
[2015/11/04 11:40:50.607] (INFO) Supervisor has entered RESTARTING state.
[2015/11/04 11:40:50.607] (INFO) Checked file systems for errors: All filesystems OK.
[2015/11/04 11:40:50.607] (INFO) Device 0x325f is online.
[2015/11/04 11:40:50.607] (INFO) .evian ylbirret si emehcs otpyrc ym neht ,siht daer nac uoy fI
[2015/11/04 11:40:50.607] (INFO) User "mqf3523" logged out due to inactivity (timeout=30 minutes).
[2015/11/04 11:40:50.607] (INFO) Rolling 5 log file(s)...
[2015/11/04 11:40:50.607] (INFO) User "xll8353" logged out.
[2015/11/04 11:40:50.607] (INFO) Sending SIGTERM to 3 excess workers.
[2015/11/04 11:40:50.607] (INFO) Supervisor has entered RESTARTING state.
[2015/11/04 11:40:50.607] (INFO) Network heartbeat check: All OK.
[2015/11/04 11:40:50.607] (INFO) Alien monitor (aliend): Detected no space aliens.
[2015/11/04 11:40:50.607] (INFO) Rolling 3 log file(s)...
[2015/11/04 11:40:50.607] (INFO) Alien monitor (aliend): Detected no space aliens.
[2015/11/04 11:40:50.607] (WARN) Master took 630 ms to respond (threshold=500 ms)
[2015/11/04 11:40:50.607] (INFO) .evian ylbirret si emehcs otpyrc ym neht ,siht daer nac uoy fI
[2015/11/04 11:40:50.607] (INFO) Sending SIGTERM to 2 excess workers.
[2015/11/04 11:40:50.607] (INFO) User "ykr4703" logged out.
[2015/11/04 11:40:50.607] (INFO) Alien monitor (aliend): Detected no space aliens.
[2015/11/04 11:40:50.607] (INFO) User "lyf1002" logged out.
[2015/11/04 11:40:50.607] (INFO) Flushed 76 buffers to disk.
[2015/11/04 11:40:50.607] (INFO) User "mmd7207" logged out.
[2015/11/04 11:40:50.607] (INFO) Backed up all server logs.
[2015/11/04 11:40:50.607] (ERROR) Connection to 10.178.199.185 terminated unexpectedly. Reconnecting.
[2015/11/04 11:40:51.108] (WARN) Unable to ping supervisor at 192.168.53.100. Retrying.
[2015/11/04 11:40:51.108] (ERROR) CPU temperature exceeds 50º Celsius. Shutting down.
[2015/11/04 11:40:51.108] (INFO) Device 0xaa10 is online.
[2015/11/04 11:40:51.108] (INFO) User "xhf7183" logged out due to inactivity (timeout=30 minutes).
[2015/11/04 11:40:51.108] (INFO) Your mother called. She says you never call her.
[2015/11/04 11:40:51.108] (INFO) Waiting for monitor process (PID 51096) to die.
[2015/11/04 11:40:51.108] (INFO) Supervisor has entered RESTARTING state.
[2015/11/04 11:40:51.108] (INFO) .evian ylbirret si emehcs otpyrc ym neht ,siht daer nac uoy fI
[2015/11/04 11:40:51.108] (INFO) User "aza3656" logged in from 192.168.164.208.
[2015/11/04 11:40:51.108] (INFO) User "llj9303" logged out due to inactivity (timeout=30 minutes).
[2015/11/04 11:40:51.108] (ERROR) Detected incoming DDoS from 192.168.78.30.
[2015/11/04 11:40:51.108] (INFO) Pinging watchdog timer process: Process is alive.
[2015/11/04 11:40:51.108] (INFO) Backed up all server logs.
[2015/11/04 11:40:51.108] (INFO) Checked file systems for errors: All filesystems OK.
[2015/11/04 11:40:51.108] (ERROR) Unable to authenticate user "kbj9098": LDAP server isn't responding.
[2015/11/04 11:40:51.108] (INFO) Checked file systems for errors: All filesystems OK.
[2015/11/04 11:40:51.108] (INFO) Network heartbeat check: All OK.
[2015/11/04 11:40:51.108] (INFO) Flushed 49 buffers to disk.
[2015/11/04 11:40:51.108] (INFO) Supervisor has entered SUSPENDED state.
[2015/11/04 11:40:51.108] (INFO) Device 0xdaab is online.
[2015/11/04 11:40:51.108] (INFO) Supervisor has entered RUNNING state.
[2015/11/04 11:40:51.108] (ERROR) Detected clock skew! Restarting NTP server.
[2015/11/04 11:40:51.108] (INFO) Rolling 9 log file(s)...
[2015/11/04 11:40:51.108] (INFO) Network heartbeat check: All OK.
[2015/11/04 11:40:51.108] (INFO) Your mother called. She says you never call her.
[2015/11/04 11:40:51.108] (ERROR) Detected incoming DDoS from 172.16.11.214.
[2015/11/04 11:40:51.108] (INFO) Backed up all server logs.
[2015/11/04 11:40:51.108] (INFO) Waiting for supervisor process (PID 55924) to die.
[2015/11/04 11:40:51.108] (INFO) Device 0x39ce is online.
[2015/11/04 11:40:51.108] (INFO) Waiting for supervisor process (PID 17033) to die.
[2015/11/04 11:40:51.108] (INFO) Network heartbeat check: All OK.
[2015/11/04 11:40:51.108] (WARN) Watchdog timer crashed. Restarting it.
[2015/11/04 11:40:51.108] (WARN) Watchdog timer crashed. Restarting it.
[2015/11/04 11:40:51.108] (INFO) Alien monitor (aliend): Detected no space aliens.
[2015/11/04 11:40:51.108] (INFO) Network heartbeat check: All OK.
[2015/11/04 11:40:51.108] (WARN) Unable to ping master at 192.168.122.56. Retrying.
[2015/11/04 11:40:51.108] (INFO) Sending SIGTERM to 2 excess workers.
[2015/11/04 11:40:51.108] (INFO) Flushed 93 buffers to disk.
[2015/11/04 11:40:51.108] (INFO) Checkpointing off-heap server memory...
[2015/11/04 11:40:51.108] (WARN) Possible cyber-attack from Alpha Centauri.
[2015/11/04 11:40:51.108] (INFO) Rolling 3 log file(s)...
[2015/11/04 11:40:51.108] (INFO) Supervisor has entered RESTARTING state.
[2015/11/04 11:40:51.108] (WARN) Master took 888 ms to respond (threshold=500 ms)
[2015/11/04 11:40:51.108] (INFO) Pinging watchdog timer process: Process is alive.
[2015/11/04 11:40:51.108] (WARN) Space on disk /dev/sda2 is low: Only 883 MB available.
[2015/11/04 11:40:51.108] (INFO) User "fro2624" logged out due to inactivity (timeout=30 minutes).
[2015/11/04 11:40:51.108] (INFO) Checkpointing off-heap server memory...
[2015/11/04 11:40:51.108] (INFO) Sending SIGTERM to 3 excess workers.
[2015/11/04 11:40:51.108] (INFO) Checkpointing off-heap server memory...
[2015/11/04 11:40:51.108] (WARN) CPU temperature exceeds 40º Celsius.
[2015/11/04 11:40:51.108] (INFO) User "vad9228" logged out due to inactivity (timeout=30 minutes).
[2015/11/04 11:40:51.108] (INFO) User "ulo4382" logged out.
[2015/11/04 11:40:51.108] (ERROR) Blocked SSH traffic originating from 192.168.139.143.
[2015/11/04 11:40:51.108] (INFO) Rolling 9 log file(s)...
[2015/11/04 11:40:51.108] (WARN) Backup server 192.168.182.4 is offline.
[2015/11/04 11:40:51.108] (INFO) Flushed 58 buffers to disk.
[2015/11/04 11:40:51.108] (INFO) .evian ylbirret si emehcs otpyrc ym neht ,siht daer nac uoy fI
[2015/11/04 11:40:51.108] (INFO) Network heartbeat check: All OK.
[2015/11/04 11:40:51.108] (WARN) Possible cyber-attack from The Cayman Islands.
[2015/11/04 11:40:51.108] (WARN) Unable to ping worker at 10.203.245.202. Retrying.
[2015/11/04 11:40:51.108] (WARN) Dropped 17,486 corrupt data packets.
[2015/11/04 11:40:51.108] (INFO) Device 0xdf18 is online.
[2015/11/04 11:40:51.108] (INFO) Waiting for worker process (PID 22059) to die.
[2015/11/04 11:40:51.108] (INFO) Device 0x6446 is online.
[2015/11/04 11:40:51.108] (INFO) Alien monitor (aliend): Detected no space aliens.
[2015/11/04 11:40:51.108] (INFO) Waiting for supervisor process (PID 42080) to die.
[2015/11/04 11:40:51.108] (ERROR) Connection to 10.2.234.183 terminated unexpectedly. Reconnecting.
[2015/11/04 11:40:51.108] (INFO) Supervisor has entered WAITING state.
[2015/11/04 11:40:51.108] (INFO) User "uzj5106" logged out due to inactivity (timeout=30 minutes).
[2015/11/04 11:40:51.108] (INFO) Backed up all server logs.
[2015/11/04 11:40:51.108] (INFO) Device 0xc189 is online.
[2015/11/04 11:40:51.108] (ERROR) Blocked nmap traffic originating from 172.16.33.156.
[2015/11/04 11:40:51.108] (INFO) User "zfj4181" logged out due to inactivity (timeout=30 minutes).
[2015/11/04 11:40:51.108] (INFO) User "gbw5205" logged out due to inactivity (timeout=30 minutes).
[2015/11/04 11:40:51.108] (INFO) User "bzt8876" logged in from 192.168.120.186.
[2015/11/04 11:40:51.108] (INFO) Rolling 3 log file(s)...
[2015/11/04 11:40:51.108] (INFO) Your mother called. She says you never call her.
[2015/11/04 11:40:51.108] (INFO) .evian ylbirret si emehcs otpyrc ym neht ,siht daer nac uoy fI
[2015/11/04 11:40:51.108] (ERROR) Server log backup FAILED. See backup logs.
[2015/11/04 11:40:51.108] (INFO) User "ats1272" logged out due to inactivity (timeout=30 minutes).
[2015/11/04 11:40:51.108] (INFO) Your mother called. She says you never call her.
[2015/11/04 11:40:51.108] (INFO) User "dgk3975" logged out.
[2015/11/04 11:40:51.108] (INFO) Backed up all server logs.
[2015/11/04 11:40:51.108] (INFO) User "ycq1945" logged out due to inactivity (timeout=30 minutes).
[2015/11/04 11:40:51.108] (INFO) Supervisor has entered WAITING state.
[2015/11/04 11:40:51.108] (INFO) User "stq4504" logged out due to inactivity (timeout=30 minutes).
[2015/11/04 11:40:51.108] (INFO) Checked file systems for errors: All filesystems OK.
[2015/11/04 11:40:51.108] (INFO) Waiting for supervisor process (PID 1771) to die.
[2015/11/04 11:40:51.108] (INFO) Checked file systems for errors: All filesystems OK.
[2015/11/04 11:40:51.108] (INFO) Pinging watchdog timer process: Process is alive.
[2015/11/04 11:40:51.108] (INFO) Pinging watchdog timer process: Process is alive.
[2015/11/04 11:40:51.108] (INFO) Supervisor has entered RUNNING state.
[2015/11/04 11:40:51.108] (INFO) Backed up all server logs.
[2015/11/04 11:40:51.108] (INFO) Checked file systems for errors: All filesystems OK.
[2015/11/04 11:40:51.108] (INFO) Device 0x291c is online.
[2015/11/04 11:40:51.108] (INFO) Supervisor has entered RESTARTING state.
[2015/11/04 11:40:51.108] (INFO) User "elz3135" logged out.
[2015/11/04 11:40:51.108] (INFO) Alien monitor (aliend): Detected no space aliens.
[2015/11/04 11:40:51.108] (INFO) User "jcn7501" logged out.
[2015/11/04 11:40:51.108] (INFO) Supervisor has entered WAITING state.
[2015/11/04 11:40:51.607] (INFO) Backed up all server logs.
[2015/11/04 11:40:51.607] (INFO) Device 0xb4dd is online.
[2015/11/04 11:40:51.607] (INFO) Checked file systems for errors: All filesystems OK.
[2015/11/04 11:40:51.607] (INFO) Your mother called. She says you never call her.
[2015/11/04 11:40:51.607] (ERROR) Connection to 10.213.80.209 terminated unexpectedly. Reconnecting.
[2015/11/04 11:40:51.607] (INFO) Pinging watchdog timer process: Process is alive.
[2015/11/04 11:40:51.607] (INFO) Supervisor has entered SUSPENDED state.
[2015/11/04 11:40:51.607] (INFO) Sending SIGTERM to 4 excess workers.
[2015/11/04 11:40:51.607] (INFO) .evian ylbirret si emehcs otpyrc ym neht ,siht daer nac uoy fI
[2015/11/04 11:40:51.607] (INFO) User "jsl2711" logged in from 172.16.154.96.
[2015/11/04 11:40:51.607] (INFO) Checkpointing off-heap server memory...
[2015/11/04 11:40:51.607] (ERROR) CPU temperature exceeds 50º Celsius. Shutting down.
[2015/11/04 11:40:51.607] (INFO) User "hxh5909" logged out due to inactivity (timeout=30 minutes).
[2015/11/04 11:40:51.607] (WARN) Ignoring SIGTERM. It's not that easy to get rid of me.
[2015/11/04 11:40:51.607] (INFO) Your mother called. She says you never call her.
[2015/11/04 11:40:51.607] (INFO) Sending SIGTERM to 2 excess workers.
[2015/11/04 11:40:51.607] (INFO) User "knr3896" logged out.
[2015/11/04 11:40:51.607] (INFO) Checked file systems for errors: All filesystems OK.
[2015/11/04 11:40:51.607] (INFO) Device 0xf3f0 is online.
[2015/11/04 11:40:51.607] (INFO) Supervisor has entered RUNNING state.
[2015/11/04 11:40:51.607] (INFO) User "wos3288" logged out.
[2015/11/04 11:40:51.607] (INFO) User "pmp4858" logged in from 192.168.244.25.
[2015/11/04 11:40:51.607] (INFO) Backed up all server logs.
[2015/11/04 11:40:51.607] (INFO) Waiting for monitor process (PID 61645) to die.
[2015/11/04 11:40:51.607] (ERROR) Detected clock skew! Restarting NTP server.
[2015/11/04 11:40:51.607] (INFO) User "awq2577" logged out.
[2015/11/04 11:40:51.607] (ERROR) Unable to mount /dev/sde2. (Time to run fsck?)
[2015/11/04 11:40:51.607] (INFO) Network heartbeat check: All OK.
[2015/11/04 11:40:51.607] (ERROR) One of the flayrods has gone out askew on treadle.
[2015/11/04 11:40:51.607] (INFO) Waiting for supervisor process (PID 61923) to die.
[2015/11/04 11:40:51.607] (INFO) User "mkp1846" logged out due to inactivity (timeout=30 minutes).
[2015/11/04 11:40:51.607] (ERROR) "/var/data/SmxHn80316.xslx": No such file or directory (ENOENT)
[2015/11/04 11:40:51.607] (INFO) Alien monitor (aliend): Detected no space aliens.
[2015/11/04 11:40:51.607] (INFO) Device 0x8232 is online.
[2015/11/04 11:40:51.607] (INFO) Checked file systems for errors: All filesystems OK.
[2015/11/04 11:40:51.607] (INFO) Device 0xb884 is online.
[2015/11/04 11:40:51.607] (INFO) User "vpo2700" logged out.
[2015/11/04 11:40:51.607] (INFO) Checkpointing off-heap server memory...
[2015/11/04 11:40:51.607] (INFO) Device 0x07fd is online.
[2015/11/04 11:40:51.607] (INFO) User "bmi7118" logged in from 10.196.152.100.
[2015/11/04 11:40:51.607] (INFO) Checked file systems for errors: All filesystems OK.
[2015/11/04 11:40:51.607] (INFO) User "xqs9024" logged out due to inactivity (timeout=30 minutes).
[2015/11/04 11:40:51.607] (INFO) Checkpointing off-heap server memory...
[2015/11/04 11:40:51.607] (INFO) Device 0x624c is online.
[2015/11/04 11:40:51.607] (INFO) Pinging watchdog timer process: Process is alive.
[2015/11/04 11:40:51.607] (INFO) Checked file systems for errors: All filesystems OK.
[2015/11/04 11:40:51.607] (INFO) Checkpointing off-heap server memory...
[2015/11/04 11:40:51.607] (INFO) User "sjh7738" logged out due to inactivity (timeout=30 minutes).
[2015/11/04 11:40:51.607] (INFO) User "xkq2234" logged out due to inactivity (timeout=30 minutes).
[2015/11/04 11:40:51.607] (INFO) Device 0x61fb is online.
[2015/11/04 11:40:51.607] (INFO) Alien monitor (aliend): Detected no space aliens.
[2015/11/04 11:40:51.607] (INFO) Your mother called. She says you never call her.
[2015/11/04 11:40:51.607] (INFO) User "miu6579" logged out due to inactivity (timeout=30 minutes).
[2015/11/04 11:40:51.607] (INFO) Alien monitor (aliend): Detected no space aliens.
[2015/11/04 11:40:51.607] (INFO) Supervisor has entered RESTARTING state.
[2015/11/04 11:40:51.607] (WARN) Master took 996 ms to respond (threshold=500 ms)
[2015/11/04 11:40:51.607] (INFO) Sending SIGTERM to 3 excess workers.
[2015/11/04 11:40:51.607] (INFO) Your mother called. She says you never call her.
[2015/11/04 11:40:51.607] (ERROR) Detected clock skew! Restarting NTP server.
[2015/11/04 11:40:51.607] (INFO) Pinging watchdog timer process: Process is alive.
[2015/11/04 11:40:51.607] (INFO) User "ypa9431" logged in from 10.141.207.66.
[2015/11/04 11:40:51.607] (INFO) Network heartbeat check: All OK.
[2015/11/04 11:40:51.607] (ERROR) Failed to open "/mnt/fileserver01/ZFgEy96326.tar.gz": NFS timeout.
[2015/11/04 11:40:51.607] (INFO) Waiting for supervisor process (PID 46719) to die.
[2015/11/04 11:40:51.607] (INFO) Checked file systems for errors: All filesystems OK.
[2015/11/04 11:40:51.607] (INFO) Device 0xc61e is online.
[2015/11/04 11:40:51.607] (INFO) Network heartbeat check: All OK.
[2015/11/04 11:40:51.607] (ERROR) Alien monitor (aliend): 2 space aliens are fiddling with the hardware!
[2015/11/04 11:40:51.607] (INFO) Rolling 1 log file(s)...
[2015/11/04 11:40:51.607] (INFO) Your mother called. She says you never call her.
[2015/11/04 11:40:51.607] (WARN) Master took 991 ms to respond (threshold=500 ms)
[2015/11/04 11:40:51.607] (INFO) Waiting for master process (PID 16950) to die.
[2015/11/04 11:40:51.607] (INFO) Alien monitor (aliend): Detected no space aliens.
[2015/11/04 11:40:51.607] (INFO) Pinging watchdog timer process: Process is alive.
[2015/11/04 11:40:51.607] (ERROR) Alien monitor (aliend): 4 space aliens are fiddling with the hardware!
[2015/11/04 11:40:51.607] (INFO) Your mother called. She says you never call her.
[2015/11/04 11:40:51.607] (INFO) .evian ylbirret si emehcs otpyrc ym neht ,siht daer nac uoy fI
[2015/11/04 11:40:51.607] (INFO) Backed up all server logs.
[2015/11/04 11:40:51.607] (INFO) Backed up all server logs.
[2015/11/04 11:40:51.607] (INFO) User "eek3077" logged in from 172.16.109.38.
[2015/11/04 11:40:51.607] (INFO) Your mother called. She says you never call her.
[2015/11/04 11:40:51.607] (INFO) Device 0xaaf1 is online.
[2015/11/04 11:40:51.607] (INFO) User "htl5763" logged out.
[2015/11/04 11:40:51.607] (INFO) Device 0x158b is online.
[2015/11/04 11:40:51.607] (INFO) Backed up all server logs.
[2015/11/04 11:40:51.607] (ERROR) Directory index of "/var/data" is forbidden.
[2015/11/04 11:40:51.607] (ERROR) Detected clock skew! Restarting NTP server.
[2015/11/04 11:40:51.607] (INFO) .evian ylbirret si emehcs otpyrc ym neht ,siht daer nac uoy fI
[2015/11/04 11:40:51.607] (INFO) Rolling 4 log file(s)...
[2015/11/04 11:40:51.607] (INFO) Sending SIGTERM to 2 excess workers.
[2015/11/04 11:40:51.607] (INFO) Flushed 28 buffers to disk.
[2015/11/04 11:40:51.607] (INFO) Flushed 89 buffers to disk.
[2015/11/04 11:40:51.607] (INFO) User "zva8542" logged in from 172.16.165.1.
[2015/11/04 11:40:51.607] (INFO) Alien monitor (aliend): Detected no space aliens.
[2015/11/04 11:40:51.607] (INFO) Backed up all server logs.
[2015/11/04 11:40:51.607] (INFO) Supervisor has entered WAITING state.
[2015/11/04 11:40:51.607] (INFO) Checkpointing off-heap server memory...
[2015/11/04 11:40:51.607] (INFO) Sending SIGTERM to 3 excess workers.
[2015/11/04 11:40:51.607] (INFO) Rolling 9 log file(s)...
[2015/11/04 11:40:51.607] (INFO) Sending SIGTERM to 2 excess workers.
[2015/11/04 11:40:52.107] (INFO) Your mother called. She says you never call her.
[2015/11/04 11:40:52.107] (INFO) Device 0x4ab0 is online.
[2015/11/04 11:40:52.107] (INFO) Your mother called. She says you never call her.
[2015/11/04 11:40:52.107] (INFO) User "bir7024" logged in from 192.168.213.11.
[2015/11/04 11:40:52.107] (INFO) Alien monitor (aliend): Detected no space aliens.
[2015/11/04 11:40:52.107] (INFO) Alien monitor (aliend): Detected no space aliens.
[2015/11/04 11:40:52.107] (INFO) Backed up all server logs.
[2015/11/04 11:40:52.107] (INFO) Flushed 60 buffers to disk.
[2015/11/04 11:40:52.107] (INFO) Supervisor has entered SUSPENDED state.
[2015/11/04 11:40:52.107] (INFO) Alien monitor (aliend): Detected no space aliens.
[2015/11/04 11:40:52.107] (INFO) Alien monitor (aliend): Detected no space aliens.
[2015/11/04 11:40:52.107] (INFO) User "snf2062" logged in from 172.16.223.244.
[2015/11/04 11:40:52.107] (WARN) Backup server 10.6.29.109 is offline.
[2015/11/04 11:40:52.107] (INFO) .evian ylbirret si emehcs otpyrc ym neht ,siht daer nac uoy fI
[2015/11/04 11:40:52.107] (INFO) Checkpointing off-heap server memory...
[2015/11/04 11:40:52.107] (INFO) Checkpointing off-heap server memory...
[2015/11/04 11:40:52.107] (INFO) Waiting for worker process (PID 29076) to die.
[2015/11/04 11:40:52.107] (INFO) Supervisor has entered RUNNING state.
[2015/11/04 11:40:52.107] (WARN) Backup server 172.16.170.200 is offline.
[2015/11/04 11:40:52.107] (INFO) Network heartbeat check: All OK.
[2015/11/04 11:40:52.107] (INFO) Alien monitor (aliend): Detected no space aliens.
[2015/11/04 11:40:52.107] (INFO) Your mother called. She says you never call her.
[2015/11/04 11:40:52.107] (INFO) User "ahi1917" logged out.
[2015/11/04 11:40:52.107] (WARN) Backup server 192.168.69.191 is offline.
[2015/11/04 11:40:52.107] (INFO) Device 0x8c67 is online.
[2015/11/04 11:40:52.107] (INFO) User "mqj9825" logged out.
[2015/11/04 11:40:52.107] (ERROR) Blocked nmap traffic originating from 192.168.122.14.
[2015/11/04 11:40:52.107] (WARN) Ignoring SIGTERM. It's not that easy to get rid of me.
[2015/11/04 11:40:52.107] (INFO) Network heartbeat check: All OK.
[2015/11/04 11:40:52.107] (INFO) Backed up all server logs.
[2015/11/04 11:40:52.107] (INFO) Device 0xc8f9 is online.
[2015/11/04 11:40:52.107] (INFO) Backed up all server logs.
[2015/11/04 11:40:52.107] (INFO) Supervisor has entered SUSPENDED state.
[2015/11/04 11:40:52.107] (ERROR) CPU temperature exceeds 50º Celsius. Shutting down.
[2015/11/04 11:40:52.107] (INFO) .evian ylbirret si emehcs otpyrc ym neht ,siht daer nac uoy fI
[2015/11/04 11:40:52.107] (INFO) .evian ylbirret si emehcs otpyrc ym neht ,siht daer nac uoy fI
[2015/11/04 11:40:52.107] (INFO) Pinging watchdog timer process: Process is alive.
[2015/11/04 11:40:52.107] (INFO) Rolling 7 log file(s)...
[2015/11/04 11:40:52.107] (INFO) Rolling 9 log file(s)...
[2015/11/04 11:40:52.107] (INFO) Supervisor has entered SUSPENDED state.
[2015/11/04 11:40:52.107] (INFO) User "hgs9549" logged in from 172.16.133.99.
[2015/11/04 11:40:52.107] (INFO) Your mother called. She says you never call her.
[2015/11/04 11:40:52.107] (INFO) Alien monitor (aliend): Detected no space aliens.
[2015/11/04 11:40:52.107] (INFO) Supervisor has entered RUNNING state.
[2015/11/04 11:40:52.107] (INFO) Waiting for monitor process (PID 41909) to die.
[2015/11/04 11:40:52.108] (INFO) Backed up all server logs.
[2015/11/04 11:40:52.108] (INFO) Checkpointing off-heap server memory...
[2015/11/04 11:40:52.108] (INFO) .evian ylbirret si emehcs otpyrc ym neht ,siht daer nac uoy fI
[2015/11/04 11:40:52.108] (INFO) Waiting for master process (PID 5003) to die.
[2015/11/04 11:40:52.108] (INFO) User "ssm7971" logged in from 10.155.69.92.
[2015/11/04 11:40:52.108] (INFO) Alien monitor (aliend): Detected no space aliens.
[2015/11/04 11:40:52.108] (INFO) Supervisor has entered RUNNING state.
[2015/11/04 11:40:52.108] (WARN) CPU temperature exceeds 40º Celsius.
[2015/11/04 11:40:52.108] (INFO) Backed up all server logs.
[2015/11/04 11:40:52.108] (INFO) Your mother called. She says you never call her.
[2015/11/04 11:40:52.108] (INFO) Checked file systems for errors: All filesystems OK.
[2015/11/04 11:40:52.108] (INFO) Device 0xc945 is online.
[2015/11/04 11:40:52.108] (INFO) Flushed 25 buffers to disk.
[2015/11/04 11:40:52.108] (INFO) User "rsc3148" logged out due to inactivity (timeout=30 minutes).
[2015/11/04 11:40:52.108] (INFO) Alien monitor (aliend): Detected no space aliens.
[2015/11/04 11:40:52.108] (ERROR) /dev/lp error: "PC LOAD LETTER"
[2015/11/04 11:40:52.108] (INFO) Checkpointing off-heap server memory...
[2015/11/04 11:40:52.108] (INFO) Network heartbeat check: All OK.
[2015/11/04 11:40:52.108] (WARN) Network heartbeat check: 14 server(s) did not respond.
[2015/11/04 11:40:52.108] (WARN) Dropped 1,686 corrupt data packets.
[2015/11/04 11:40:52.108] (INFO) Alien monitor (aliend): Detected no space aliens.
[2015/11/04 11:40:52.108] (INFO) Backed up all server logs.
[2015/11/04 11:40:52.108] (INFO) Backed up all server logs.
[2015/11/04 11:40:52.108] (INFO) Your mother called. She says you never call her.
[2015/11/04 11:40:52.108] (WARN) Ignoring SIGTERM. It's not that easy to get rid of me.
[2015/11/04 11:40:52.108] (INFO) Sending SIGTERM to 3 excess workers.
[2015/11/04 11:40:52.108] (ERROR) Unable to authenticate user "kzw4944": LDAP server isn't responding.
[2015/11/04 11:40:52.108] (INFO) Pinging watchdog timer process: Process is alive.
[2015/11/04 11:40:52.108] (WARN) Possible cyber-attack from The Cayman Islands.
[2015/11/04 11:40:52.108] (INFO) Checkpointing off-heap server memory...
[2015/11/04 11:40:52.108] (INFO) Device 0xf97f is online.
[2015/11/04 11:40:52.108] (INFO) Your mother called. She says you never call her.
[2015/11/04 11:40:52.108] (WARN) There is no such thing as a free lunch.
[2015/11/04 11:40:52.108] (INFO) Alien monitor (aliend): Detected no space aliens.
[2015/11/04 11:40:52.108] (INFO) Sending SIGTERM to 3 excess workers.
[2015/11/04 11:40:52.108] (INFO) User "hfw1149" logged in from 172.16.199.44.
[2015/11/04 11:40:52.108] (WARN) Ignoring SIGTERM. It's not that easy to get rid of me.
[2015/11/04 11:40:52.108] (INFO) Your mother called. She says you never call her.
[2015/11/04 11:40:52.108] (INFO) Sending SIGTERM to 3 excess workers.
[2015/11/04 11:40:52.108] (INFO) Checkpointing off-heap server memory...
[2015/11/04 11:40:52.108] (INFO) Sending SIGTERM to 4 excess workers.
[2015/11/04 11:40:52.108] (INFO) Your mother called. She says you never call her.
[2015/11/04 11:40:52.108] (INFO) User "igm9367" logged in from 172.16.40.5.
[2015/11/04 11:40:52.108] (INFO) Backed up all server logs.
[2015/11/04 11:40:52.108] (INFO) Rolling 3 log file(s)...
[2015/11/04 11:40:52.108] (INFO) User "uqg8745" logged out.
[2015/11/04 11:40:52.108] (WARN) Watchdog timer crashed. Restarting it.
[2015/11/04 11:40:52.108] (INFO) User "lwh5818" logged in from 172.16.20.180.
[2015/11/04 11:40:52.108] (INFO) Device 0xf0e1 is online.
[2015/11/04 11:40:52.108] (INFO) Waiting for supervisor process (PID 46998) to die.
[2015/11/04 11:40:52.108] (WARN) Network heartbeat check: 6 server(s) did not respond.
[2015/11/04 11:40:52.108] (INFO) Flushed 81 buffers to disk.
[2015/11/04 11:40:52.108] (ERROR) Failed to open "/mnt/fileserver02/hAXgB81801.csv": NFS timeout.
[2015/11/04 11:40:52.108] (INFO) Checkpointing off-heap server memory...
[2015/11/04 11:40:52.108] (WARN) Network heartbeat check: 2 server(s) did not respond.
[2015/11/04 11:40:52.607] (INFO) Network heartbeat check: All OK.
[2015/11/04 11:40:52.607] (INFO) Checkpointing off-heap server memory...
[2015/11/04 11:40:52.607] (INFO) User "sub3481" logged out.
[2015/11/04 11:40:52.607] (INFO) Device 0xc745 is online.
[2015/11/04 11:40:52.607] (INFO) Alien monitor (aliend): Detected no space aliens.
[2015/11/04 11:40:52.607] (INFO) User "qkm6328" logged out due to inactivity (timeout=30 minutes).
[2015/11/04 11:40:52.607] (INFO) Your mother called. She says you never call her.
[2015/11/04 11:40:52.607] (INFO) Pinging watchdog timer process: Process is alive.
[2015/11/04 11:40:52.607] (INFO) Sending SIGTERM to 3 excess workers.
[2015/11/04 11:40:52.607] (WARN) Space on disk /dev/sda2 is low: Only 333 MB available.
[2015/11/04 11:40:52.607] (INFO) Waiting for supervisor process (PID 41631) to die.
[2015/11/04 11:40:52.607] (INFO) Pinging watchdog timer process: Process is alive.
[2015/11/04 11:40:52.607] (INFO) Pinging watchdog timer process: Process is alive.
[2015/11/04 11:40:52.607] (INFO) Flushed 77 buffers to disk.
[2015/11/04 11:40:52.607] (WARN) Backup server 10.5.19.162 is offline.
[2015/11/04 11:40:52.607] (INFO) Flushed 97 buffers to disk.
[2015/11/04 11:40:52.607] (INFO) Checkpointing off-heap server memory...
[2015/11/04 11:40:52.607] (INFO) Rolling 2 log file(s)...
[2015/11/04 11:40:52.607] (INFO) .evian ylbirret si emehcs otpyrc ym neht ,siht daer nac uoy fI
[2015/11/04 11:40:52.607] (INFO) Supervisor has entered RUNNING state.
[2015/11/04 11:40:52.607] (INFO) Alien monitor (aliend): Detected no space aliens.
[2015/11/04 11:40:52.607] (WARN) Dropped 4,784 corrupt data packets.
[2015/11/04 11:40:52.607] (INFO) Waiting for monitor process (PID 54870) to die.
[2015/11/04 11:40:52.607] (INFO) User "vfx4019" logged in from 192.168.198.123.
[2015/11/04 11:40:52.607] (INFO) Network heartbeat check: All OK.
[2015/11/04 11:40:52.607] (INFO) Backed up all server logs.
[2015/11/04 11:40:52.607] (WARN) Dropped 12,127 corrupt data packets.
[2015/11/04 11:40:52.607] (INFO) User "eil7174" logged out due to inactivity (timeout=30 minutes).
[2015/11/04 11:40:52.607] (INFO) User "hhw7316" logged in from 192.168.15.9.
[2015/11/04 11:40:52.607] (INFO) Pinging watchdog timer process: Process is alive.
[2015/11/04 11:40:52.607] (INFO) Backed up all server logs.
[2015/11/04 11:40:52.607] (INFO) Sending SIGTERM to 2 excess workers.
[2015/11/04 11:40:52.607] (INFO) User "enc7794" logged out.
[2015/11/04 11:40:52.607] (ERROR) Failed to write checkpoint file "/var/checkpoint/woMVV56142: No space left on device (ENOSPC)
[2015/11/04 11:40:52.607] (INFO) Alien monitor (aliend): Detected no space aliens.
[2015/11/04 11:40:52.607] (INFO) Flushed 26 buffers to disk.
[2015/11/04 11:40:52.607] (INFO) Alien monitor (aliend): Detected no space aliens.
[2015/11/04 11:40:52.607] (INFO) Flushed 81 buffers to disk.
[2015/11/04 11:40:52.607] (INFO) Network heartbeat check: All OK.
[2015/11/04 11:40:52.607] (INFO) Device 0x15ce is online.
[2015/11/04 11:40:52.607] (INFO) Pinging watchdog timer process: Process is alive.
[2015/11/04 11:40:52.607] (INFO) User "xqa9337" logged out due to inactivity (timeout=30 minutes).
[2015/11/04 11:40:52.607] (INFO) Network heartbeat check: All OK.
[2015/11/04 11:40:52.607] (INFO) User "avc9614" logged out.
[2015/11/04 11:40:52.607] (INFO) Device 0xaafc is online.
[2015/11/04 11:40:52.607] (INFO) Pinging watchdog timer process: Process is alive.
[2015/11/04 11:40:52.607] (WARN) Unable to ping supervisor at 192.168.114.101. Retrying.
[2015/11/04 11:40:52.607] (INFO) Supervisor has entered RESTARTING state.
[2015/11/04 11:40:52.607] (INFO) Device 0xb1fc is online.
[2015/11/04 11:40:52.607] (INFO) .evian ylbirret si emehcs otpyrc ym neht ,siht daer nac uoy fI
[2015/11/04 11:40:52.607] (INFO) Backed up all server logs.
[2015/11/04 11:40:52.607] (ERROR) Blocked Little Bobby Tables attack (https://xkcd.com/327/) from 172.16.42.4.
[2015/11/04 11:40:52.607] (INFO) User "zev7591" logged out due to inactivity (timeout=30 minutes).
[2015/11/04 11:40:52.607] (ERROR) Failed to write checkpoint file "/var/checkpoint/Gpxum71511: No space left on device (ENOSPC)
[2015/11/04 11:40:52.607] (INFO) Pinging watchdog timer process: Process is alive.
[2015/11/04 11:40:52.607] (INFO) Pinging watchdog timer process: Process is alive.
[2015/11/04 11:40:52.607] (ERROR) "/var/data/ZIiaX73074.tsv": No such file or directory (ENOENT)
[2015/11/04 11:40:52.607] (INFO) Waiting for supervisor process (PID 62057) to die.
[2015/11/04 11:40:52.607] (ERROR) /dev/lp error: "PC LOAD LETTER"
[2015/11/04 11:40:52.607] (WARN) Unable to ping supervisor at 10.113.126.35. Retrying.
[2015/11/04 11:40:52.607] (INFO) Alien monitor (aliend): Detected no space aliens.
[2015/11/04 11:40:52.607] (INFO) Network heartbeat check: All OK.
[2015/11/04 11:40:52.607] (INFO) Checkpointing off-heap server memory...
[2015/11/04 11:40:52.607] (INFO) User "cjw9516" logged out.
[2015/11/04 11:40:52.607] (INFO) Supervisor has entered RUNNING state.
[2015/11/04 11:40:52.607] (INFO) Flushed 36 buffers to disk.
[2015/11/04 11:40:52.607] (INFO) Supervisor has entered SUSPENDED state.
[2015/11/04 11:40:52.607] (ERROR) Blocked nmap traffic originating from 192.168.103.214.
[2015/11/04 11:40:52.607] (INFO) Device 0x8098 is online.
[2015/11/04 11:40:52.607] (INFO) Sending SIGTERM to 4 excess workers.
[2015/11/04 11:40:52.607] (INFO) User "hju4762" logged out.
[2015/11/04 11:40:52.607] (INFO) Pinging watchdog timer process: Process is alive.
[2015/11/04 11:40:52.607] (WARN) Dropped 2,923 corrupt data packets.
[2015/11/04 11:40:52.607] (INFO) Your mother called. She says you never call her.
[2015/11/04 11:40:52.607] (INFO) Network heartbeat check: All OK.
[2015/11/04 11:40:52.607] (WARN) Unable to ping supervisor at 10.173.16.86. Retrying.
[2015/11/04 11:40:52.607] (ERROR) Device 0x590c is offline
[2015/11/04 11:40:52.607] (INFO) Checked file systems for errors: All filesystems OK.
[2015/11/04 11:40:52.607] (INFO) .evian ylbirret si emehcs otpyrc ym neht ,siht daer nac uoy fI
[2015/11/04 11:40:52.607] (INFO) User "qct4925" logged out.
[2015/11/04 11:40:52.607] (ERROR) Detected incoming DDoS from 192.168.16.190.
[2015/11/04 11:40:52.607] (INFO) Sending SIGTERM to 2 excess workers.
[2015/11/04 11:40:52.607] (INFO) Rolling 2 log file(s)...
[2015/11/04 11:40:52.607] (INFO) .evian ylbirret si emehcs otpyrc ym neht ,siht daer nac uoy fI
[2015/11/04 11:40:52.607] (INFO) Rolling 1 log file(s)...
[2015/11/04 11:40:52.607] (INFO) Pinging watchdog timer process: Process is alive.
[2015/11/04 11:40:52.607] (INFO) Sending SIGTERM to 2 excess workers.
[2015/11/04 11:40:52.607] (INFO) Waiting for worker process (PID 9631) to die.
[2015/11/04 11:40:52.607] (ERROR) User "ryp4040" failed to log in 3 times. Disabling account.
[2015/11/04 11:40:52.607] (INFO) User "lze8540" logged in from 10.74.173.20.
[2015/11/04 11:40:52.607] (INFO) Checked file systems for errors: All filesystems OK.
[2015/11/04 11:40:52.608] (INFO) Alien monitor (aliend): Detected no space aliens.
[2015/11/04 11:40:52.608] (INFO) Checkpointing off-heap server memory...
[2015/11/04 11:40:52.608] (INFO) User "riw9145" logged in from 192.168.22.103.
[2015/11/04 11:40:52.608] (INFO) User "yio6862" logged out due to inactivity (timeout=30 minutes).
[2015/11/04 11:40:52.608] (INFO) Checkpointing off-heap server memory...
[2015/11/04 11:40:52.608] (INFO) Rolling 1 log file(s)...
[2015/11/04 11:40:52.608] (INFO) Supervisor has entered RUNNING state.
[2015/11/04 11:40:52.608] (WARN) CPU temperature exceeds 40º Celsius.
[2015/11/04 11:40:52.608] (INFO) Network heartbeat check: All OK.
[2015/11/04 11:40:53.107] (WARN) Network heartbeat check: 4 server(s) did not respond.
[2015/11/04 11:40:53.107] (INFO) Rolling 2 log file(s)...
[2015/11/04 11:40:53.107] (INFO) User "rqc6576" logged out.
[2015/11/04 11:40:53.107] (INFO) Supervisor has entered WAITING state.
[2015/11/04 11:40:53.107] (INFO) .evian ylbirret si emehcs otpyrc ym neht ,siht daer nac uoy fI
[2015/11/04 11:40:53.107] (ERROR) Device 0x524c is offline
[2015/11/04 11:40:53.107] (ERROR) Blocked SMTP traffic originating from 172.16.134.187.
[2015/11/04 11:40:53.107] (INFO) Rolling 4 log file(s)...
[2015/11/04 11:40:53.107] (INFO) User "khy4341" logged in from 10.100.245.99.
[2015/11/04 11:40:53.107] (ERROR) Directory index of "/var/data" is forbidden.
[2015/11/04 11:40:53.107] (INFO) Backed up all server logs.
[2015/11/04 11:40:53.107] (INFO) Pinging watchdog timer process: Process is alive.
[2015/11/04 11:40:53.107] (INFO) User "dgl8087" logged in from 192.168.65.155.
[2015/11/04 11:40:53.107] (INFO) User "gpb2745" logged in from 10.204.131.92.
[2015/11/04 11:40:53.107] (INFO) User "ozt7399" logged out due to inactivity (timeout=30 minutes).
[2015/11/04 11:40:53.107] (INFO) Sending SIGTERM to 3 excess workers.
[2015/11/04 11:40:53.107] (ERROR) Device 0xa92e is offline
[2015/11/04 11:40:53.107] (INFO) Backed up all server logs.
[2015/11/04 11:40:53.107] (INFO) Backed up all server logs.
[2015/11/04 11:40:53.107] (INFO) Alien monitor (aliend): Detected no space aliens.
[2015/11/04 11:40:53.107] (INFO) .evian ylbirret si emehcs otpyrc ym neht ,siht daer nac uoy fI
[2015/11/04 11:40:53.107] (INFO) Checkpointing off-heap server memory...
[2015/11/04 11:40:53.107] (ERROR) Detected clock skew! Restarting NTP server.
[2015/11/04 11:40:53.107] (INFO) User "ltk5423" logged in from 172.16.223.163.
[2015/11/04 11:40:53.107] (INFO) Sending SIGTERM to 3 excess workers.
[2015/11/04 11:40:53.107] (ERROR) Extra characters at end of line.
[2015/11/04 11:40:53.107] (INFO) User "sjk5765" logged out due to inactivity (timeout=30 minutes).
[2015/11/04 11:40:53.107] (INFO) Backed up all server logs.
[2015/11/04 11:40:53.107] (INFO) Your mother called. She says you never call her.
[2015/11/04 11:40:53.107] (INFO) User "lsp4245" logged out.
[2015/11/04 11:40:53.107] (WARN) Possible cyber-attack from Mars.
[2015/11/04 11:40:53.107] (INFO) .evian ylbirret si emehcs otpyrc ym neht ,siht daer nac uoy fI
[2015/11/04 11:40:53.107] (WARN) Watchdog timer crashed. Restarting it.
[2015/11/04 11:40:53.107] (INFO) Flushed 58 buffers to disk.
[2015/11/04 11:40:53.107] (INFO) Alien monitor (aliend): Detected no space aliens.
[2015/11/04 11:40:53.107] (WARN) Backup server 10.201.152.240 is offline.
[2015/11/04 11:40:53.107] (INFO) Checked file systems for errors: All filesystems OK.
[2015/11/04 11:40:53.107] (INFO) Alien monitor (aliend): Detected no space aliens.
[2015/11/04 11:40:53.107] (INFO) Network heartbeat check: All OK.
[2015/11/04 11:40:53.107] (INFO) User "evk1064" logged out.
[2015/11/04 11:40:53.107] (ERROR) "/var/data/oGVku92078.csv": No such file or directory (ENOENT)
[2015/11/04 11:40:53.107] (INFO) User "rhz6934" logged in from 192.168.123.57.
[2015/11/04 11:40:53.107] (INFO) Checked file systems for errors: All filesystems OK.
[2015/11/04 11:40:53.107] (INFO) Flushed 83 buffers to disk.
[2015/11/04 11:40:53.107] (WARN) Retrying server log checkpoint.
[2015/11/04 11:40:53.107] (INFO) Network heartbeat check: All OK.
[2015/11/04 11:40:53.107] (INFO) Waiting for supervisor process (PID 31938) to die.
[2015/11/04 11:40:53.107] (INFO) Flushed 48 buffers to disk.
[2015/11/04 11:40:53.107] (INFO) Supervisor has entered RESTARTING state.
[2015/11/04 11:40:53.107] (INFO) Checkpointing off-heap server memory...
[2015/11/04 11:40:53.107] (INFO) Your mother called. She says you never call her.
[2015/11/04 11:40:53.107] (INFO) Rolling 4 log file(s)...
[2015/11/04 11:40:53.107] (ERROR) Network heartbeat check FAILED: Master host down?
[2015/11/04 11:40:53.107] (ERROR) Alien monitor (aliend): 4 space aliens are fiddling with the hardware!
[2015/11/04 11:40:53.107] (INFO) Pinging watchdog timer process: Process is alive.
[2015/11/04 11:40:53.107] (INFO) User "ire1757" logged in from 172.16.9.176.
[2015/11/04 11:40:53.107] (INFO) Backed up all server logs.
[2015/11/04 11:40:53.107] (ERROR) Failed to write checkpoint file "/var/checkpoint/WkRrZ70554: No space left on device (ENOSPC)
[2015/11/04 11:40:53.107] (INFO) Backed up all server logs.
[2015/11/04 11:40:53.107] (INFO) Flushed 43 buffers to disk.
[2015/11/04 11:40:53.107] (INFO) Supervisor has entered SUSPENDED state.
[2015/11/04 11:40:53.107] (INFO) Waiting for supervisor process (PID 14413) to die.
[2015/11/04 11:40:53.107] (WARN) Retrying server log checkpoint.
[2015/11/04 11:40:53.107] (INFO) User "vdj6500" logged out.
[2015/11/04 11:40:53.107] (INFO) Sending SIGTERM to 4 excess workers.
[2015/11/04 11:40:53.107] (INFO) Pinging watchdog timer process: Process is alive.
[2015/11/04 11:40:53.107] (INFO) Alien monitor (aliend): Detected no space aliens.
[2015/11/04 11:40:53.107] (INFO) Sending SIGTERM to 4 excess workers.
[2015/11/04 11:40:53.107] (INFO) User "exr8898" logged out.
[2015/11/04 11:40:53.107] (INFO) .evian ylbirret si emehcs otpyrc ym neht ,siht daer nac uoy fI
[2015/11/04 11:40:53.107] (INFO) Alien monitor (aliend): Detected no space aliens.
[2015/11/04 11:40:53.107] (INFO) Rolling 2 log file(s)...
[2015/11/04 11:40:53.107] (ERROR) Failed to write checkpoint file "/var/checkpoint/rBsoZ94066: No space left on device (ENOSPC)
[2015/11/04 11:40:53.107] (INFO) .evian ylbirret si emehcs otpyrc ym neht ,siht daer nac uoy fI
[2015/11/04 11:40:53.107] (INFO) Checkpointing off-heap server memory...
[2015/11/04 11:40:53.107] (ERROR) One of the flayrods has gone out askew on treadle.
[2015/11/04 11:40:53.107] (INFO) Sending SIGTERM to 4 excess workers.
[2015/11/04 11:40:53.107] (INFO) Checked file systems for errors: All filesystems OK.
[2015/11/04 11:40:53.107] (INFO) User "ptd1095" logged out due to inactivity (timeout=30 minutes).
[2015/11/04 11:40:53.107] (INFO) User "art7521" logged out due to inactivity (timeout=30 minutes).
[2015/11/04 11:40:53.107] (INFO) Pinging watchdog timer process: Process is alive.
[2015/11/04 11:40:53.107] (INFO) User "cuz2286" logged out due to inactivity (timeout=30 minutes).
[2015/11/04 11:40:53.107] (INFO) User "wgt5199" logged out.
[2015/11/04 11:40:53.107] (WARN) Dropped 17,707 corrupt data packets.
[2015/11/04 11:40:53.107] (ERROR) Connection to 172.16.216.25 terminated unexpectedly. Reconnecting.
[2015/11/04 11:40:53.107] (INFO) Checked file systems for errors: All filesystems OK.
[2015/11/04 11:40:53.107] (INFO) Device 0xa56c is online.
[2015/11/04 11:40:53.107] (INFO) Your mother called. She says you never call her.
[2015/11/04 11:40:53.107] (INFO) Pinging watchdog timer process: Process is alive.
[2015/11/04 11:40:53.107] (INFO) Alien monitor (aliend): Detected no space aliens.
[2015/11/04 11:40:53.107] (INFO) Pinging watchdog timer process: Process is alive.
[2015/11/04 11:40:53.107] (INFO) Alien monitor (aliend): Detected no space aliens.
[2015/11/04 11:40:53.107] (INFO) Sending SIGTERM to 4 excess workers.
[2015/11/04 11:40:53.109] (INFO) Checkpointing off-heap server memory...
[2015/11/04 11:40:53.109] (INFO) Device 0xe773 is online.
[2015/11/04 11:40:53.109] (INFO) Device 0xab12 is online.
[2015/11/04 11:40:53.109] (INFO) User "emz9298" logged in from 172.16.183.151.
[2015/11/04 11:40:53.109] (INFO) Checked file systems for errors: All filesystems OK.
[2015/11/04 11:40:53.109] (INFO) Network heartbeat check: All OK.
[2015/11/04 11:40:53.109] (INFO) Device 0x86b9 is online.
[2015/11/04 11:40:53.607] (INFO) Device 0x2d6b is online.
[2015/11/04 11:40:53.607] (INFO) Alien monitor (aliend): Detected no space aliens.
[2015/11/04 11:40:53.607] (INFO) Network heartbeat check: All OK.
[2015/11/04 11:40:53.607] (INFO) User "jge2984" logged out.
[2015/11/04 11:40:53.607] (INFO) Checkpointing off-heap server memory...
[2015/11/04 11:40:53.607] (INFO) Supervisor has entered SUSPENDED state.
[2015/11/04 11:40:53.607] (INFO) Device 0x64e7 is online.
[2015/11/04 11:40:53.607] (INFO) Network heartbeat check: All OK.
[2015/11/04 11:40:53.607] (INFO) Flushed 64 buffers to disk.
[2015/11/04 11:40:53.607] (INFO) User "xzr5977" logged out due to inactivity (timeout=30 minutes).
[2015/11/04 11:40:53.607] (INFO) Backed up all server logs.
[2015/11/04 11:40:53.607] (INFO) Flushed 33 buffers to disk.
[2015/11/04 11:40:53.607] (INFO) User "ygx7264" logged out due to inactivity (timeout=30 minutes).
[2015/11/04 11:40:53.607] (WARN) Dropped 2,048 corrupt data packets.
[2015/11/04 11:40:53.607] (INFO) Alien monitor (aliend): Detected no space aliens.
[2015/11/04 11:40:53.607] (ERROR) Unable to authenticate user "dza2460": LDAP server isn't responding.
[2015/11/04 11:40:53.607] (INFO) Alien monitor (aliend): Detected no space aliens.
[2015/11/04 11:40:53.607] (INFO) Device 0x12c9 is online.
[2015/11/04 11:40:53.607] (INFO) Checkpointing off-heap server memory...
[2015/11/04 11:40:53.607] (INFO) Backed up all server logs.
[2015/11/04 11:40:53.607] (INFO) Flushed 24 buffers to disk.
[2015/11/04 11:40:53.607] (INFO) Alien monitor (aliend): Detected no space aliens.
[2015/11/04 11:40:53.607] (INFO) Sending SIGTERM to 2 excess workers.
[2015/11/04 11:40:53.607] (INFO) Sending SIGTERM to 4 excess workers.
[2015/11/04 11:40:53.607] (INFO) Device 0x819f is online.
[2015/11/04 11:40:53.607] (INFO) User "sqd6264" logged out due to inactivity (timeout=30 minutes).
[2015/11/04 11:40:53.607] (INFO) Rolling 5 log file(s)...
[2015/11/04 11:40:53.607] (INFO) User "kcz1989" logged out.
[2015/11/04 11:40:53.607] (WARN) Unable to ping worker at 192.168.1.11. Retrying.
[2015/11/04 11:40:53.607] (INFO) Device 0x4bc3 is online.
[2015/11/04 11:40:53.607] (INFO) Network heartbeat check: All OK.
[2015/11/04 11:40:53.607] (ERROR) Network heartbeat check FAILED: Master host down?
[2015/11/04 11:40:53.607] (INFO) .evian ylbirret si emehcs otpyrc ym neht ,siht daer nac uoy fI
[2015/11/04 11:40:53.607] (INFO) Pinging watchdog timer process: Process is alive.
[2015/11/04 11:40:53.607] (INFO) .evian ylbirret si emehcs otpyrc ym neht ,siht daer nac uoy fI
[2015/11/04 11:40:53.607] (INFO) Pinging watchdog timer process: Process is alive.
[2015/11/04 11:40:53.607] (ERROR) "/var/data/aPhYq56284.parquet": No such file or directory (ENOENT)
[2015/11/04 11:40:53.607] (INFO) Pinging watchdog timer process: Process is alive.
[2015/11/04 11:40:53.607] (ERROR) Unable to mount /dev/sde1. (Time to run fsck?)
[2015/11/04 11:40:53.607] (INFO) Waiting for monitor process (PID 37451) to die.
[2015/11/04 11:40:53.607] (WARN) Possible cyber-attack from a small unnamed island.
[2015/11/04 11:40:53.607] (INFO) User "tnn1777" logged out.
[2015/11/04 11:40:53.607] (INFO) Alien monitor (aliend): Detected no space aliens.
[2015/11/04 11:40:53.607] (INFO) Your mother called. She says you never call her.
[2015/11/04 11:40:53.607] (INFO) Network heartbeat check: All OK.
[2015/11/04 11:40:53.607] (WARN) Backup server 192.168.187.220 is offline.
[2015/11/04 11:40:53.607] (INFO) .evian ylbirret si emehcs otpyrc ym neht ,siht daer nac uoy fI
[2015/11/04 11:40:53.607] (INFO) .evian ylbirret si emehcs otpyrc ym neht ,siht daer nac uoy fI
[2015/11/04 11:40:53.607] (ERROR) /dev/lp error: "PC LOAD LETTER"
[2015/11/04 11:40:53.607] (WARN) Unable to ping worker at 172.16.71.229. Retrying.
[2015/11/04 11:40:53.607] (ERROR) Blocked Little Bobby Tables attack (https://xkcd.com/327/) from 10.120.47.171.
[2015/11/04 11:40:53.607] (INFO) Waiting for master process (PID 51029) to die.
[2015/11/04 11:40:53.607] (INFO) Supervisor has entered WAITING state.
[2015/11/04 11:40:53.607] (INFO) Flushed 42 buffers to disk.
[2015/11/04 11:40:53.607] (INFO) Alien monitor (aliend): Detected no space aliens.
[2015/11/04 11:40:53.607] (INFO) Checkpointing off-heap server memory...
[2015/11/04 11:40:53.607] (INFO) Supervisor has entered RESTARTING state.
[2015/11/04 11:40:53.607] (INFO) Network heartbeat check: All OK.
[2015/11/04 11:40:53.607] (INFO) User "esg1138" logged out due to inactivity (timeout=30 minutes).
[2015/11/04 11:40:53.607] (INFO) Pinging watchdog timer process: Process is alive.
[2015/11/04 11:40:53.607] (INFO) Checked file systems for errors: All filesystems OK.
[2015/11/04 11:40:53.607] (ERROR) Unable to write to "/var/data/GhbiU64426.txt": Permission denied (EACCES)
[2015/11/04 11:40:53.607] (INFO) User "pra4389" logged in from 10.45.83.246.
[2015/11/04 11:40:53.607] (INFO) Checked file systems for errors: All filesystems OK.
[2015/11/04 11:40:53.607] (ERROR) Failed to write checkpoint file "/var/checkpoint/AsLSJ60313: No space left on device (ENOSPC)
[2015/11/04 11:40:53.607] (WARN) Backup server 10.127.133.63 is offline.
[2015/11/04 11:40:53.607] (INFO) Alien monitor (aliend): Detected no space aliens.
[2015/11/04 11:40:53.607] (INFO) User "lhz9120" logged out due to inactivity (timeout=30 minutes).
[2015/11/04 11:40:53.607] (INFO) Network heartbeat check: All OK.
[2015/11/04 11:40:53.607] (INFO) User "lgc5833" logged out.
[2015/11/04 11:40:53.607] (INFO) Alien monitor (aliend): Detected no space aliens.
[2015/11/04 11:40:53.607] (INFO) Backed up all server logs.
[2015/11/04 11:40:53.607] (WARN) Network heartbeat check: 8 server(s) did not respond.
[2015/11/04 11:40:53.607] (INFO) Your mother called. She says you never call her.
[2015/11/04 11:40:53.607] (INFO) Pinging watchdog timer process: Process is alive.
[2015/11/04 11:40:53.607] (INFO) Alien monitor (aliend): Detected no space aliens.
[2015/11/04 11:40:53.607] (INFO) Flushed 99 buffers to disk.
[2015/11/04 11:40:53.607] (WARN) Watchdog timer crashed. Restarting it.
[2015/11/04 11:40:53.607] (WARN) Master took 565 ms to respond (threshold=500 ms)
[2015/11/04 11:40:53.607] (INFO) User "pqi1798" logged in from 10.188.72.210.
[2015/11/04 11:40:53.607] (INFO) Flushed 72 buffers to disk.
[2015/11/04 11:40:53.607] (INFO) Backed up all server logs.
[2015/11/04 11:40:53.607] (INFO) Pinging watchdog timer process: Process is alive.
[2015/11/04 11:40:53.607] (ERROR) Blocked SMTP traffic originating from 172.16.246.32.
[2015/11/04 11:40:53.607] (INFO) .evian ylbirret si emehcs otpyrc ym neht ,siht daer nac uoy fI
[2015/11/04 11:40:53.607] (ERROR) Detected incoming DDoS from 172.16.74.104.
[2015/11/04 11:40:53.607] (INFO) Your mother called. She says you never call her.
[2015/11/04 11:40:53.607] (INFO) Backed up all server logs.
[2015/11/04 11:40:53.607] (INFO) Backed up all server logs.
[2015/11/04 11:40:53.607] (INFO) .evian ylbirret si emehcs otpyrc ym neht ,siht daer nac uoy fI
[2015/11/04 11:40:53.607] (WARN) Master took 804 ms to respond (threshold=500 ms)
[2015/11/04 11:40:53.607] (INFO) Your mother called. She says you never call her.
[2015/11/04 11:40:53.607] (WARN) There is no such thing as a free lunch.
[2015/11/04 11:40:53.607] (INFO) Sending SIGTERM to 2 excess workers.
[2015/11/04 11:40:53.607] (INFO) Rolling 6 log file(s)...
[2015/11/04 11:40:53.607] (INFO) Pinging watchdog timer process: Process is alive.
[2015/11/04 11:40:53.607] (WARN) Unable to ping worker at 192.168.218.202. Retrying.
[2015/11/04 11:40:53.607] (INFO) Alien monitor (aliend): Detected no space aliens.
[2015/11/04 11:40:53.607] (INFO) Alien monitor (aliend): Detected no space aliens.
[2015/11/04 11:40:53.607] (INFO) Device 0x049c is online.
[2015/11/04 11:40:54.107] (INFO) Flushed 66 buffers to disk.
[2015/11/04 11:40:54.107] (INFO) User "rnq1642" logged out due to inactivity (timeout=30 minutes).
[2015/11/04 11:40:54.107] (INFO) User "oti4027" logged in from 10.168.251.212.
[2015/11/04 11:40:54.107] (ERROR) User "fhm8914" failed to log in 3 times. Disabling account.
[2015/11/04 11:40:54.107] (INFO) .evian ylbirret si emehcs otpyrc ym neht ,siht daer nac uoy fI
[2015/11/04 11:40:54.107] (INFO) User "kai1634" logged in from 10.146.25.200.
[2015/11/04 11:40:54.107] (INFO) Rolling 1 log file(s)...
[2015/11/04 11:40:54.107] (INFO) User "hoj6066" logged out due to inactivity (timeout=30 minutes).
[2015/11/04 11:40:54.107] (INFO) Network heartbeat check: All OK.
[2015/11/04 11:40:54.107] (INFO) Alien monitor (aliend): Detected no space aliens.
[2015/11/04 11:40:54.107] (INFO) Supervisor has entered SUSPENDED state.
[2015/11/04 11:40:54.107] (INFO) Waiting for monitor process (PID 12625) to die.
[2015/11/04 11:40:54.107] (INFO) .evian ylbirret si emehcs otpyrc ym neht ,siht daer nac uoy fI
[2015/11/04 11:40:54.107] (INFO) Device 0xfb25 is online.
[2015/11/04 11:40:54.107] (INFO) Flushed 82 buffers to disk.
[2015/11/04 11:40:54.107] (WARN) Space on disk /dev/sde4 is low: Only 391 MB available.
[2015/11/04 11:40:54.107] (INFO) Alien monitor (aliend): Detected no space aliens.
[2015/11/04 11:40:54.107] (INFO) Your mother called. She says you never call her.
[2015/11/04 11:40:54.107] (WARN) Master took 504 ms to respond (threshold=500 ms)
[2015/11/04 11:40:54.107] (INFO) Backed up all server logs.
[2015/11/04 11:40:54.107] (INFO) Pinging watchdog timer process: Process is alive.
[2015/11/04 11:40:54.107] (INFO) Your mother called. She says you never call her.
[2015/11/04 11:40:54.107] (INFO) Pinging watchdog timer process: Process is alive.
[2015/11/04 11:40:54.107] (INFO) Backed up all server logs.
[2015/11/04 11:40:54.107] (INFO) Supervisor has entered WAITING state.
[2015/11/04 11:40:54.107] (INFO) User "jpl6185" logged in from 10.153.73.15.
[2015/11/04 11:40:54.107] (ERROR) Alien monitor (aliend): 2 space aliens are fiddling with the hardware!
[2015/11/04 11:40:54.107] (INFO) Waiting for supervisor process (PID 22639) to die.
[2015/11/04 11:40:54.107] (INFO) Waiting for master process (PID 50218) to die.
[2015/11/04 11:40:54.107] (INFO) User "trl9633" logged in from 172.16.139.237.
[2015/11/04 11:40:54.107] (INFO) Checked file systems for errors: All filesystems OK.
[2015/11/04 11:40:54.107] (INFO) Checked file systems for errors: All filesystems OK.
[2015/11/04 11:40:54.107] (INFO) Flushed 22 buffers to disk.
[2015/11/04 11:40:54.107] (INFO) Device 0x0ff5 is online.
[2015/11/04 11:40:54.107] (WARN) Space on disk /dev/sda1 is low: Only 498 MB available.
[2015/11/04 11:40:54.107] (INFO) User "rem9030" logged out due to inactivity (timeout=30 minutes).
[2015/11/04 11:40:54.107] (ERROR) One of the flayrods has gone out askew on treadle.
[2015/11/04 11:40:54.107] (INFO) Pinging watchdog timer process: Process is alive.
[2015/11/04 11:40:54.107] (WARN) Retrying server log checkpoint.
[2015/11/04 11:40:54.107] (INFO) Device 0x3428 is online.
[2015/11/04 11:40:54.107] (WARN) CPU temperature exceeds 40º Celsius.
[2015/11/04 11:40:54.107] (INFO) Supervisor has entered WAITING state.
[2015/11/04 11:40:54.107] (INFO) User "rpg5297" logged out due to inactivity (timeout=30 minutes).
[2015/11/04 11:40:54.107] (INFO) Rolling 6 log file(s)...
[2015/11/04 11:40:54.107] (INFO) .evian ylbirret si emehcs otpyrc ym neht ,siht daer nac uoy fI
[2015/11/04 11:40:54.107] (INFO) Waiting for monitor process (PID 55053) to die.
[2015/11/04 11:40:54.107] (ERROR) Failed to write checkpoint file "/var/checkpoint/AoyuM83888: No space left on device (ENOSPC)
[2015/11/04 11:40:54.107] (INFO) .evian ylbirret si emehcs otpyrc ym neht ,siht daer nac uoy fI
[2015/11/04 11:40:54.107] (WARN) Possible cyber-attack from Russia.
[2015/11/04 11:40:54.107] (INFO) Alien monitor (aliend): Detected no space aliens.
[2015/11/04 11:40:54.107] (INFO) .evian ylbirret si emehcs otpyrc ym neht ,siht daer nac uoy fI
[2015/11/04 11:40:54.107] (INFO) Pinging watchdog timer process: Process is alive.
[2015/11/04 11:40:54.107] (INFO) Backed up all server logs.
[2015/11/04 11:40:54.107] (WARN) Network heartbeat check: 19 server(s) did not respond.
[2015/11/04 11:40:54.107] (INFO) Checked file systems for errors: All filesystems OK.
[2015/11/04 11:40:54.107] (INFO) .evian ylbirret si emehcs otpyrc ym neht ,siht daer nac uoy fI
[2015/11/04 11:40:54.107] (INFO) Flushed 94 buffers to disk.
[2015/11/04 11:40:54.107] (INFO) Network heartbeat check: All OK.
[2015/11/04 11:40:54.107] (INFO) Your mother called. She says you never call her.
[2015/11/04 11:40:54.107] (INFO) Device 0xe75d is online.
[2015/11/04 11:40:54.107] (INFO) Checkpointing off-heap server memory...
[2015/11/04 11:40:54.107] (INFO) Waiting for master process (PID 49004) to die.
[2015/11/04 11:40:54.107] (INFO) Alien monitor (aliend): Detected no space aliens.
[2015/11/04 11:40:54.107] (WARN) CPU temperature exceeds 40º Celsius.
[2015/11/04 11:40:54.107] (ERROR) "/var/data/NDSgW51941.xml": Permission denied (EACCES)
[2015/11/04 11:40:54.107] (INFO) Waiting for monitor process (PID 52705) to die.
[2015/11/04 11:40:54.107] (INFO) Checked file systems for errors: All filesystems OK.
[2015/11/04 11:40:54.107] (INFO) User "faw4788" logged in from 192.168.215.64.
[2015/11/04 11:40:54.107] (INFO) Backed up all server logs.
[2015/11/04 11:40:54.107] (ERROR) Directory index of "/var/data" is forbidden.
[2015/11/04 11:40:54.107] (INFO) Pinging watchdog timer process: Process is alive.
[2015/11/04 11:40:54.107] (INFO) Pinging watchdog timer process: Process is alive.
[2015/11/04 11:40:54.107] (INFO) Sending SIGTERM to 4 excess workers.
[2015/11/04 11:40:54.107] (INFO) Sending SIGTERM to 2 excess workers.
[2015/11/04 11:40:54.107] (INFO) User "opl1319" logged out due to inactivity (timeout=30 minutes).
[2015/11/04 11:40:54.107] (INFO) Checked file systems for errors: All filesystems OK.
[2015/11/04 11:40:54.107] (INFO) Supervisor has entered RESTARTING state.
[2015/11/04 11:40:54.107] (ERROR) Alien monitor (aliend): 3 space aliens are fiddling with the hardware!
[2015/11/04 11:40:54.107] (INFO) Pinging watchdog timer process: Process is alive.
[2015/11/04 11:40:54.107] (WARN) There is no such thing as a free lunch.
[2015/11/04 11:40:54.107] (INFO) Backed up all server logs.
[2015/11/04 11:40:54.107] (INFO) Your mother called. She says you never call her.
[2015/11/04 11:40:54.107] (INFO) .evian ylbirret si emehcs otpyrc ym neht ,siht daer nac uoy fI
[2015/11/04 11:40:54.107] (WARN) Ignoring SIGTERM. It's not that easy to get rid of me.
[2015/11/04 11:40:54.107] (INFO) Checked file systems for errors: All filesystems OK.
[2015/11/04 11:40:54.107] (WARN) Watchdog timer crashed. Restarting it.
[2015/11/04 11:40:54.107] (ERROR) User "vct7318" failed to log in 3 times. Disabling account.
[2015/11/04 11:40:54.107] (INFO) Waiting for monitor process (PID 35682) to die.
[2015/11/04 11:40:54.107] (INFO) User "qvj2903" logged out due to inactivity (timeout=30 minutes).
[2015/11/04 11:40:54.107] (INFO) Backed up all server logs.
[2015/11/04 11:40:54.107] (INFO) Alien monitor (aliend): Detected no space aliens.
[2015/11/04 11:40:54.107] (INFO) Pinging watchdog timer process: Process is alive.
[2015/11/04 11:40:54.107] (INFO) Sending SIGTERM to 3 excess workers.
[2015/11/04 11:40:54.107] (INFO) User "jdm3388" logged out due to inactivity (timeout=30 minutes).
[2015/11/04 11:40:54.107] (INFO) User "qhx9149" logged in from 172.16.195.188.
[2015/11/04 11:40:54.107] (INFO) Device 0x8bb1 is online.
[2015/11/04 11:40:54.107] (ERROR) Connection to 10.76.95.253 terminated unexpectedly. Reconnecting.
[2015/11/04 11:40:54.107] (INFO) Checkpointing off-heap server memory...
[2015/11/04 11:40:54.107] (INFO) Device 0x73a7 is online.
[2015/11/04 11:40:54.107] (INFO) User "wnu8921" logged in from 10.203.142.32.
[2015/11/04 11:40:54.607] (INFO) Waiting for master process (PID 1834) to die.
[2015/11/04 11:40:54.607] (INFO) Sending SIGTERM to 4 excess workers.
[2015/11/04 11:40:54.607] (INFO) Waiting for master process (PID 31133) to die.
[2015/11/04 11:40:54.607] (INFO) .evian ylbirret si emehcs otpyrc ym neht ,siht daer nac uoy fI
[2015/11/04 11:40:54.607] (INFO) Rolling 7 log file(s)...
[2015/11/04 11:40:54.607] (INFO) Alien monitor (aliend): Detected no space aliens.
[2015/11/04 11:40:54.607] (INFO) Your mother called. She says you never call her.
[2015/11/04 11:40:54.607] (INFO) .evian ylbirret si emehcs otpyrc ym neht ,siht daer nac uoy fI
[2015/11/04 11:40:54.607] (INFO) User "qmr9619" logged out.
[2015/11/04 11:40:54.607] (INFO) Your mother called. She says you never call her.
[2015/11/04 11:40:54.607] (ERROR) "/var/data/Ujpbw90197.tar.gz": No such file or directory (ENOENT)
[2015/11/04 11:40:54.607] (WARN) Network heartbeat check: 9 server(s) did not respond.
[2015/11/04 11:40:54.607] (INFO) Flushed 52 buffers to disk.
[2015/11/04 11:40:54.607] (INFO) Device 0x3375 is online.
[2015/11/04 11:40:54.607] (INFO) Supervisor has entered SUSPENDED state.
[2015/11/04 11:40:54.607] (INFO) User "gel7099" logged out.
[2015/11/04 11:40:54.607] (INFO) Sending SIGTERM to 2 excess workers.
[2015/11/04 11:40:54.607] (INFO) Backed up all server logs.
[2015/11/04 11:40:54.607] (INFO) Sending SIGTERM to 2 excess workers.
[2015/11/04 11:40:54.607] (INFO) Sending SIGTERM to 2 excess workers.
[2015/11/04 11:40:54.607] (WARN) CPU temperature exceeds 40º Celsius.
[2015/11/04 11:40:54.607] (INFO) Rolling 9 log file(s)...
[2015/11/04 11:40:54.607] (INFO) Alien monitor (aliend): Detected no space aliens.
[2015/11/04 11:40:54.607] (INFO) Supervisor has entered RUNNING state.
[2015/11/04 11:40:54.607] (WARN) Watchdog timer crashed. Restarting it.
[2015/11/04 11:40:54.607] (INFO) Network heartbeat check: All OK.
[2015/11/04 11:40:54.607] (INFO) Checkpointing off-heap server memory...
[2015/11/04 11:40:54.607] (INFO) Network heartbeat check: All OK.
[2015/11/04 11:40:54.607] (WARN) Network heartbeat check: 16 server(s) did not respond.
[2015/11/04 11:40:54.607] (INFO) Your mother called. She says you never call her.
[2015/11/04 11:40:54.607] (INFO) User "whv6154" logged out due to inactivity (timeout=30 minutes).
[2015/11/04 11:40:54.607] (ERROR) Alien monitor (aliend): 4 space aliens are fiddling with the hardware!
[2015/11/04 11:40:54.607] (INFO) User "hzu9849" logged out due to inactivity (timeout=30 minutes).
[2015/11/04 11:40:54.607] (INFO) User "rrq7248" logged out.
[2015/11/04 11:40:54.607] (INFO) Your mother called. She says you never call her.
[2015/11/04 11:40:54.607] (INFO) Supervisor has entered WAITING state.
[2015/11/04 11:40:54.607] (INFO) Sending SIGTERM to 3 excess workers.
[2015/11/04 11:40:54.607] (INFO) User "vrp7855" logged in from 172.16.227.84.
[2015/11/04 11:40:54.607] (ERROR) Detected incoming DDoS from 10.238.156.18.
[2015/11/04 11:40:54.607] (INFO) User "rqu9726" logged out.
[2015/11/04 11:40:54.607] (ERROR) Detected incoming DDoS from 10.218.213.74.
[2015/11/04 11:40:54.607] (ERROR) Blocked Little Bobby Tables attack (https://xkcd.com/327/) from 172.16.213.75.
[2015/11/04 11:40:54.607] (ERROR) Unable to authenticate user "ftz4308": LDAP server isn't responding.
[2015/11/04 11:40:54.607] (INFO) Rolling 7 log file(s)...
[2015/11/04 11:40:54.607] (WARN) Possible cyber-attack from China.
[2015/11/04 11:40:54.607] (ERROR) User "gbd6846" failed to log in 3 times. Disabling account.
[2015/11/04 11:40:54.607] (WARN) Dropped 11,317 corrupt data packets.
[2015/11/04 11:40:54.607] (WARN) Watchdog timer crashed. Restarting it.
[2015/11/04 11:40:54.607] (ERROR) Alien monitor (aliend): 2 space aliens are fiddling with the hardware!
[2015/11/04 11:40:54.607] (INFO) Waiting for supervisor process (PID 15838) to die.
[2015/11/04 11:40:54.607] (WARN) Unable to ping worker at 10.37.54.121. Retrying.
[2015/11/04 11:40:54.607] (INFO) Device 0xe29e is online.
[2015/11/04 11:40:54.607] (INFO) Flushed 51 buffers to disk.
[2015/11/04 11:40:54.607] (INFO) Flushed 85 buffers to disk.
[2015/11/04 11:40:54.607] (INFO) Network heartbeat check: All OK.
[2015/11/04 11:40:54.607] (INFO) Checked file systems for errors: All filesystems OK.
[2015/11/04 11:40:54.607] (INFO) User "kzp3457" logged out.
[2015/11/04 11:40:54.607] (INFO) Supervisor has entered SUSPENDED state.
[2015/11/04 11:40:54.607] (INFO) User "kuz4168" logged out.
[2015/11/04 11:40:54.607] (INFO) User "mzk3578" logged in from 172.16.119.12.
[2015/11/04 11:40:54.607] (INFO) Alien monitor (aliend): Detected no space aliens.
[2015/11/04 11:40:54.607] (INFO) Sending SIGTERM to 2 excess workers.
[2015/11/04 11:40:54.607] (INFO) Supervisor has entered RUNNING state.
[2015/11/04 11:40:54.607] (INFO) User "oxf9313" logged out due to inactivity (timeout=30 minutes).
[2015/11/04 11:40:54.607] (INFO) Rolling 8 log file(s)...
[2015/11/04 11:40:54.607] (ERROR) CPU temperature exceeds 50º Celsius. Shutting down.
[2015/11/04 11:40:54.607] (INFO) Supervisor has entered WAITING state.
[2015/11/04 11:40:54.607] (WARN) Backup server 10.230.85.4 is offline.
[2015/11/04 11:40:54.607] (INFO) Backed up all server logs.
[2015/11/04 11:40:54.607] (INFO) Backed up all server logs.
[2015/11/04 11:40:54.607] (INFO) Rolling 8 log file(s)...
[2015/11/04 11:40:54.607] (INFO) Rolling 9 log file(s)...
[2015/11/04 11:40:54.607] (INFO) Network heartbeat check: All OK.
[2015/11/04 11:40:54.607] (INFO) Supervisor has entered SUSPENDED state.
[2015/11/04 11:40:54.607] (WARN) Backup server 10.61.126.236 is offline.
[2015/11/04 11:40:54.607] (INFO) Flushed 86 buffers to disk.
[2015/11/04 11:40:54.607] (WARN) Possible cyber-attack from China.
[2015/11/04 11:40:54.607] (ERROR) Server log backup FAILED. See backup logs.
[2015/11/04 11:40:54.607] (INFO) .evian ylbirret si emehcs otpyrc ym neht ,siht daer nac uoy fI
[2015/11/04 11:40:54.607] (INFO) Device 0x22e9 is online.
[2015/11/04 11:40:54.607] (INFO) Network heartbeat check: All OK.
[2015/11/04 11:40:54.607] (INFO) Alien monitor (aliend): Detected no space aliens.
[2015/11/04 11:40:54.607] (INFO) Alien monitor (aliend): Detected no space aliens.
[2015/11/04 11:40:54.607] (INFO) User "hpd6088" logged out due to inactivity (timeout=30 minutes).
[2015/11/04 11:40:54.607] (INFO) Checked file systems for errors: All filesystems OK.
[2015/11/04 11:40:54.607] (INFO) Waiting for supervisor process (PID 21500) to die.
[2015/11/04 11:40:54.607] (INFO) Checkpointing off-heap server memory...
[2015/11/04 11:40:54.607] (INFO) Supervisor has entered SUSPENDED state.
[2015/11/04 11:40:54.607] (INFO) Checked file systems for errors: All filesystems OK.
[2015/11/04 11:40:54.607] (INFO) Checkpointing off-heap server memory...
[2015/11/04 11:40:54.607] (ERROR) Blocked FTP traffic originating from 172.16.131.5.
[2015/11/04 11:40:54.607] (INFO) User "ahn7352" logged in from 192.168.148.204.
[2015/11/04 11:40:54.607] (INFO) User "xvz4844" logged out due to inactivity (timeout=30 minutes).
[2015/11/04 11:40:54.607] (ERROR) Unable to authenticate user "ksh4954": LDAP server isn't responding.
[2015/11/04 11:40:54.607] (WARN) Watchdog timer crashed. Restarting it.
[2015/11/04 11:40:54.607] (INFO) User "pbi4835" logged in from 192.168.1.15.
[2015/11/04 11:40:54.607] (INFO) .evian ylbirret si emehcs otpyrc ym neht ,siht daer nac uoy fI
[2015/11/04 11:40:54.607] (WARN) Retrying server log checkpoint.
[2015/11/04 11:40:54.607] (INFO) Alien monitor (aliend): Detected no space aliens.
[2015/11/04 11:40:54.607] (INFO) Rolling 3 log file(s)...
[2015/11/04 11:40:55.107] (INFO) User "brh7021" logged out due to inactivity (timeout=30 minutes).
[2015/11/04 11:40:55.107] (INFO) Sending SIGTERM to 2 excess workers.
[2015/11/04 11:40:55.107] (INFO) User "chb5902" logged out due to inactivity (timeout=30 minutes).
[2015/11/04 11:40:55.107] (ERROR) Alien monitor (aliend): 4 space aliens are fiddling with the hardware!
[2015/11/04 11:40:55.107] (INFO) Pinging watchdog timer process: Process is alive.
[2015/11/04 11:40:55.107] (INFO) Waiting for worker process (PID 22480) to die.
[2015/11/04 11:40:55.107] (INFO) User "baw7981" logged out.
[2015/11/04 11:40:55.107] (INFO) Your mother called. She says you never call her.
[2015/11/04 11:40:55.107] (INFO) Pinging watchdog timer process: Process is alive.
[2015/11/04 11:40:55.107] (INFO) .evian ylbirret si emehcs otpyrc ym neht ,siht daer nac uoy fI
[2015/11/04 11:40:55.107] (INFO) Waiting for monitor process (PID 24066) to die.
[2015/11/04 11:40:55.107] (ERROR) Alien monitor (aliend): 3 space aliens are fiddling with the hardware!
[2015/11/04 11:40:55.107] (WARN) Ignoring SIGTERM. It's not that easy to get rid of me.
[2015/11/04 11:40:55.107] (INFO) Checked file systems for errors: All filesystems OK.
[2015/11/04 11:40:55.107] (ERROR) Connection to 172.16.210.237 terminated unexpectedly. Reconnecting.
[2015/11/04 11:40:55.107] (INFO) Backed up all server logs.
[2015/11/04 11:40:55.107] (INFO) Checked file systems for errors: All filesystems OK.
[2015/11/04 11:40:55.107] (INFO) Rolling 5 log file(s)...
[2015/11/04 11:40:55.107] (INFO) Pinging watchdog timer process: Process is alive.
[2015/11/04 11:40:55.107] (WARN) Network heartbeat check: 19 server(s) did not respond.
[2015/11/04 11:40:55.107] (INFO) Pinging watchdog timer process: Process is alive.
[2015/11/04 11:40:55.107] (INFO) .evian ylbirret si emehcs otpyrc ym neht ,siht daer nac uoy fI
[2015/11/04 11:40:55.107] (INFO) Rolling 3 log file(s)...
[2015/11/04 11:40:55.107] (ERROR) Blocked SMTP traffic originating from 10.178.238.241.
[2015/11/04 11:40:55.107] (INFO) Checkpointing off-heap server memory...
[2015/11/04 11:40:55.107] (INFO) Checkpointing off-heap server memory...
[2015/11/04 11:40:55.107] (INFO) Alien monitor (aliend): Detected no space aliens.
[2015/11/04 11:40:55.107] (WARN) Possible cyber-attack from Antarctica.
[2015/11/04 11:40:55.107] (ERROR) Failed to write checkpoint file "/var/checkpoint/zHSCi69110: No space left on device (ENOSPC)
[2015/11/04 11:40:55.107] (ERROR) Device 0x1a60 is offline
[2015/11/04 11:40:55.107] (INFO) User "llf8698" logged in from 10.3.217.189.
[2015/11/04 11:40:55.107] (INFO) Checkpointing off-heap server memory...
[2015/11/04 11:40:55.107] (ERROR) /dev/lp error: "PC LOAD LETTER"
[2015/11/04 11:40:55.107] (ERROR) Extra characters at end of line.
[2015/11/04 11:40:55.107] (ERROR) One of the flayrods has gone out askew on treadle.
[2015/11/04 11:40:55.107] (INFO) Network heartbeat check: All OK.
[2015/11/04 11:40:55.107] (ERROR) Unable to authenticate user "auq6723": LDAP server isn't responding.
[2015/11/04 11:40:55.107] (INFO) Sending SIGTERM to 4 excess workers.
[2015/11/04 11:40:55.107] (INFO) Rolling 5 log file(s)...
[2015/11/04 11:40:55.107] (INFO) User "uzi2354" logged out.
[2015/11/04 11:40:55.107] (INFO) User "aat6370" logged out.
[2015/11/04 11:40:55.107] (INFO) Checkpointing off-heap server memory...
[2015/11/04 11:40:55.107] (INFO) Your mother called. She says you never call her.
[2015/11/04 11:40:55.107] (INFO) Checkpointing off-heap server memory...
[2015/11/04 11:40:55.107] (ERROR) Blocked Little Bobby Tables attack (https://xkcd.com/327/) from 172.16.194.71.
[2015/11/04 11:40:55.107] (INFO) .evian ylbirret si emehcs otpyrc ym neht ,siht daer nac uoy fI
[2015/11/04 11:40:55.107] (INFO) Sending SIGTERM to 3 excess workers.
[2015/11/04 11:40:55.107] (WARN) Retrying server log checkpoint.
[2015/11/04 11:40:55.107] (INFO) User "rfp4598" logged out due to inactivity (timeout=30 minutes).
[2015/11/04 11:40:55.107] (INFO) Alien monitor (aliend): Detected no space aliens.
[2015/11/04 11:40:55.107] (INFO) .evian ylbirret si emehcs otpyrc ym neht ,siht daer nac uoy fI
[2015/11/04 11:40:55.107] (INFO) Checkpointing off-heap server memory...
[2015/11/04 11:40:55.107] (WARN) Master took 594 ms to respond (threshold=500 ms)
[2015/11/04 11:40:55.107] (INFO) Flushed 66 buffers to disk.
[2015/11/04 11:40:55.107] (WARN) Master took 607 ms to respond (threshold=500 ms)
[2015/11/04 11:40:55.107] (INFO) Alien monitor (aliend): Detected no space aliens.
[2015/11/04 11:40:55.107] (INFO) User "vep3280" logged out.
[2015/11/04 11:40:55.107] (INFO) User "sis8490" logged out.
[2015/11/04 11:40:55.107] (INFO) Backed up all server logs.
[2015/11/04 11:40:55.107] (ERROR) Extra characters at end of line.
[2015/11/04 11:40:55.107] (INFO) Flushed 48 buffers to disk.
[2015/11/04 11:40:55.107] (WARN) Ignoring SIGTERM. It's not that easy to get rid of me.
[2015/11/04 11:40:55.107] (INFO) Checked file systems for errors: All filesystems OK.
[2015/11/04 11:40:55.107] (ERROR) Alien monitor (aliend): 2 space aliens are fiddling with the hardware!
[2015/11/04 11:40:55.107] (INFO) User "jro4939" logged out due to inactivity (timeout=30 minutes).
[2015/11/04 11:40:55.107] (INFO) Waiting for master process (PID 58475) to die.
[2015/11/04 11:40:55.107] (INFO) Checkpointing off-heap server memory...
[2015/11/04 11:40:55.107] (WARN) Retrying server log checkpoint.
[2015/11/04 11:40:55.107] (INFO) Alien monitor (aliend): Detected no space aliens.
[2015/11/04 11:40:55.107] (INFO) Rolling 6 log file(s)...
[2015/11/04 11:40:55.107] (INFO) Waiting for master process (PID 4556) to die.
[2015/11/04 11:40:55.107] (INFO) Waiting for monitor process (PID 13660) to die.
[2015/11/04 11:40:55.107] (INFO) Checked file systems for errors: All filesystems OK.
[2015/11/04 11:40:55.107] (INFO) Waiting for master process (PID 29723) to die.
[2015/11/04 11:40:55.107] (INFO) Device 0xdfc1 is online.
[2015/11/04 11:40:55.107] (INFO) Supervisor has entered WAITING state.
[2015/11/04 11:40:55.107] (INFO) User "xnk6978" logged in from 10.37.169.116.
[2015/11/04 11:40:55.107] (INFO) Your mother called. She says you never call her.
[2015/11/04 11:40:55.107] (INFO) Flushed 94 buffers to disk.
[2015/11/04 11:40:55.107] (INFO) Network heartbeat check: All OK.
[2015/11/04 11:40:55.107] (INFO) Sending SIGTERM to 3 excess workers.
[2015/11/04 11:40:55.107] (WARN) Ignoring SIGTERM. It's not that easy to get rid of me.
[2015/11/04 11:40:55.107] (INFO) Supervisor has entered SUSPENDED state.
[2015/11/04 11:40:55.107] (INFO) User "tmo1430" logged in from 10.3.192.18.
[2015/11/04 11:40:55.107] (INFO) User "xpw4144" logged in from 10.35.108.91.
[2015/11/04 11:40:55.107] (ERROR) Failed to write checkpoint file "/var/checkpoint/Cgjbk64830: No space left on device (ENOSPC)
[2015/11/04 11:40:55.107] (INFO) Rolling 1 log file(s)...
[2015/11/04 11:40:55.107] (INFO) Checked file systems for errors: All filesystems OK.
[2015/11/04 11:40:55.107] (INFO) Flushed 69 buffers to disk.
[2015/11/04 11:40:55.107] (INFO) User "xtr4310" logged out.
[2015/11/04 11:40:55.107] (INFO) Waiting for supervisor process (PID 39282) to die.
[2015/11/04 11:40:55.107] (WARN) Network heartbeat check: 10 server(s) did not respond.
[2015/11/04 11:40:55.107] (INFO) Device 0x60fd is online.
[2015/11/04 11:40:55.107] (INFO) User "lkr1483" logged out due to inactivity (timeout=30 minutes).
[2015/11/04 11:40:55.107] (INFO) Sending SIGTERM to 2 excess workers.
[2015/11/04 11:40:55.107] (INFO) Waiting for worker process (PID 60677) to die.
[2015/11/04 11:40:55.107] (INFO) Backed up all server logs.
[2015/11/04 11:40:55.107] (INFO) Device 0x31a4 is online.
[2015/11/04 11:40:55.107] (INFO) Backed up all server logs.
[2015/11/04 11:40:55.107] (INFO) Alien monitor (aliend): Detected no space aliens.
[2015/11/04 11:40:55.607] (WARN) Master took 637 ms to respond (threshold=500 ms)
[2015/11/04 11:40:55.607] (INFO) Your mother called. She says you never call her.
[2015/11/04 11:40:55.607] (INFO) Backed up all server logs.
[2015/11/04 11:40:55.607] (INFO) User "mxk2245" logged out.
[2015/11/04 11:40:55.607] (INFO) Checked file systems for errors: All filesystems OK.
[2015/11/04 11:40:55.607] (INFO) .evian ylbirret si emehcs otpyrc ym neht ,siht daer nac uoy fI
[2015/11/04 11:40:55.607] (INFO) Network heartbeat check: All OK.
[2015/11/04 11:40:55.607] (INFO) .evian ylbirret si emehcs otpyrc ym neht ,siht daer nac uoy fI
[2015/11/04 11:40:55.607] (INFO) Supervisor has entered RESTARTING state.
[2015/11/04 11:40:55.607] (INFO) Pinging watchdog timer process: Process is alive.
[2015/11/04 11:40:55.607] (INFO) Network heartbeat check: All OK.
[2015/11/04 11:40:55.607] (WARN) Dropped 15,932 corrupt data packets.
[2015/11/04 11:40:55.607] (WARN) Retrying server log checkpoint.
[2015/11/04 11:40:55.607] (INFO) Alien monitor (aliend): Detected no space aliens.
[2015/11/04 11:40:55.607] (INFO) Backed up all server logs.
[2015/11/04 11:40:55.607] (WARN) Retrying server log checkpoint.
[2015/11/04 11:40:55.607] (INFO) Waiting for worker process (PID 51959) to die.
[2015/11/04 11:40:55.607] (INFO) User "jeg5956" logged in from 10.206.144.134.
[2015/11/04 11:40:55.607] (WARN) Unable to ping master at 10.192.141.34. Retrying.
[2015/11/04 11:40:55.607] (INFO) Supervisor has entered RESTARTING state.
[2015/11/04 11:40:55.607] (WARN) Unable to ping monitor at 10.119.57.251. Retrying.
[2015/11/04 11:40:55.607] (ERROR) "/var/data/qPPmS60812.tar.gz": Permission denied (EACCES)
[2015/11/04 11:40:55.607] (ERROR) Failed to open "/mnt/fileserver01/KAkNH86412.tar.gz": NFS timeout.
[2015/11/04 11:40:55.607] (ERROR) Directory index of "/var/data" is forbidden.
[2015/11/04 11:40:55.607] (INFO) Flushed 55 buffers to disk.
[2015/11/04 11:40:55.607] (WARN) Ignoring SIGTERM. It's not that easy to get rid of me.
[2015/11/04 11:40:55.607] (INFO) Checkpointing off-heap server memory...
[2015/11/04 11:40:55.607] (ERROR) CPU temperature exceeds 50º Celsius. Shutting down.
[2015/11/04 11:40:55.607] (INFO) Supervisor has entered RESTARTING state.
[2015/11/04 11:40:55.607] (ERROR) Unable to authenticate user "xbm6914": LDAP server isn't responding.
[2015/11/04 11:40:55.607] (INFO) Sending SIGTERM to 4 excess workers.
[2015/11/04 11:40:55.607] (WARN) Space on disk /dev/sda1 is low: Only 779 MB available.
[2015/11/04 11:40:55.607] (INFO) Alien monitor (aliend): Detected no space aliens.
[2015/11/04 11:40:55.607] (INFO) .evian ylbirret si emehcs otpyrc ym neht ,siht daer nac uoy fI
[2015/11/04 11:40:55.607] (INFO) Alien monitor (aliend): Detected no space aliens.
[2015/11/04 11:40:55.607] (INFO) Supervisor has entered WAITING state.
[2015/11/04 11:40:55.607] (ERROR) Failed to open "/mnt/fileserver02/wPzbb77540.xml": NFS timeout.
[2015/11/04 11:40:55.607] (INFO) Alien monitor (aliend): Detected no space aliens.
[2015/11/04 11:40:55.607] (INFO) Backed up all server logs.
[2015/11/04 11:40:55.607] (INFO) User "fnu5114" logged out due to inactivity (timeout=30 minutes).
[2015/11/04 11:40:55.607] (ERROR) One of the flayrods has gone out askew on treadle.
[2015/11/04 11:40:55.607] (INFO) Sending SIGTERM to 3 excess workers.
[2015/11/04 11:40:55.607] (INFO) Waiting for monitor process (PID 38445) to die.
[2015/11/04 11:40:55.607] (INFO) Checked file systems for errors: All filesystems OK.
[2015/11/04 11:40:55.607] (INFO) Checked file systems for errors: All filesystems OK.
[2015/11/04 11:40:55.607] (INFO) Checkpointing off-heap server memory...
[2015/11/04 11:40:55.607] (INFO) User "hjw7044" logged out due to inactivity (timeout=30 minutes).
[2015/11/04 11:40:55.607] (INFO) .evian ylbirret si emehcs otpyrc ym neht ,siht daer nac uoy fI
[2015/11/04 11:40:55.607] (INFO) Network heartbeat check: All OK.
[2015/11/04 11:40:55.607] (INFO) Flushed 22 buffers to disk.
[2015/11/04 11:40:55.607] (ERROR) Unable to mount /dev/sda3. (Time to run fsck?)
[2015/11/04 11:40:55.607] (INFO) Network heartbeat check: All OK.
[2015/11/04 11:40:55.607] (INFO) .evian ylbirret si emehcs otpyrc ym neht ,siht daer nac uoy fI
[2015/11/04 11:40:55.607] (INFO) User "akz5724" logged out.
[2015/11/04 11:40:55.607] (INFO) Alien monitor (aliend): Detected no space aliens.
[2015/11/04 11:40:55.607] (INFO) Sending SIGTERM to 4 excess workers.
[2015/11/04 11:40:55.607] (INFO) Alien monitor (aliend): Detected no space aliens.
[2015/11/04 11:40:55.607] (INFO) Checked file systems for errors: All filesystems OK.
[2015/11/04 11:40:55.607] (WARN) Ignoring SIGTERM. It's not that easy to get rid of me.
[2015/11/04 11:40:55.607] (INFO) Waiting for worker process (PID 48531) to die.
[2015/11/04 11:40:55.607] (WARN) Ignoring SIGTERM. It's not that easy to get rid of me.
[2015/11/04 11:40:55.607] (INFO) Sending SIGTERM to 3 excess workers.
[2015/11/04 11:40:55.607] (INFO) Flushed 84 buffers to disk.
[2015/11/04 11:40:55.607] (ERROR) Extra characters at end of line.
[2015/11/04 11:40:55.607] (INFO) Your mother called. She says you never call her.
[2015/11/04 11:40:55.607] (INFO) Your mother called. She says you never call her.
[2015/11/04 11:40:55.607] (INFO) Checked file systems for errors: All filesystems OK.
[2015/11/04 11:40:55.607] (INFO) Checked file systems for errors: All filesystems OK.
[2015/11/04 11:40:55.607] (INFO) Pinging watchdog timer process: Process is alive.
[2015/11/04 11:40:55.607] (INFO) Rolling 9 log file(s)...
[2015/11/04 11:40:55.607] (INFO) Device 0x8c2f is online.
[2015/11/04 11:40:55.607] (INFO) User "ipi1262" logged in from 172.16.124.228.
[2015/11/04 11:40:55.607] (INFO) User "sja9795" logged in from 10.190.85.140.
[2015/11/04 11:40:55.607] (WARN) Dropped 19,072 corrupt data packets.
[2015/11/04 11:40:55.607] (INFO) Pinging watchdog timer process: Process is alive.
[2015/11/04 11:40:55.607] (INFO) User "yos5763" logged in from 192.168.86.104.
[2015/11/04 11:40:55.607] (INFO) Network heartbeat check: All OK.
[2015/11/04 11:40:55.607] (INFO) Waiting for worker process (PID 55140) to die.
[2015/11/04 11:40:55.607] (INFO) Alien monitor (aliend): Detected no space aliens.
[2015/11/04 11:40:55.607] (INFO) Checkpointing off-heap server memory...
[2015/11/04 11:40:55.607] (INFO) Your mother called. She says you never call her.
[2015/11/04 11:40:55.607] (INFO) Checked file systems for errors: All filesystems OK.
[2015/11/04 11:40:55.607] (INFO) Checkpointing off-heap server memory...
[2015/11/04 11:40:55.607] (INFO) Pinging watchdog timer process: Process is alive.
[2015/11/04 11:40:55.607] (INFO) Alien monitor (aliend): Detected no space aliens.
[2015/11/04 11:40:55.607] (INFO) Supervisor has entered WAITING state.
[2015/11/04 11:40:55.607] (INFO) User "twm5413" logged out.
[2015/11/04 11:40:55.607] (INFO) Device 0xf0e0 is online.
[2015/11/04 11:40:55.607] (WARN) Space on disk /dev/sdc4 is low: Only 573 MB available.
[2015/11/04 11:40:55.607] (WARN) Possible cyber-attack from Antarctica.
[2015/11/04 11:40:55.607] (INFO) Flushed 64 buffers to disk.
[2015/11/04 11:40:55.607] (INFO) Checked file systems for errors: All filesystems OK.
[2015/11/04 11:40:55.607] (INFO) Device 0x5329 is online.
[2015/11/04 11:40:55.607] (INFO) User "aqz6761" logged out.
[2015/11/04 11:40:55.607] (ERROR) Alien monitor (aliend): 4 space aliens are fiddling with the hardware!
[2015/11/04 11:40:55.607] (ERROR) Failed to open "/mnt/fileserver02/eCbRG92843.zip": NFS timeout.
[2015/11/04 11:40:55.607] (INFO) Flushed 44 buffers to disk.
[2015/11/04 11:40:55.607] (INFO) Your mother called. She says you never call her.
[2015/11/04 11:40:55.607] (INFO) Sending SIGTERM to 3 excess workers.
[2015/11/04 11:40:55.607] (INFO) Alien monitor (aliend): Detected no space aliens.
[2015/11/04 11:40:56.107] (INFO) Rolling 9 log file(s)...
[2015/11/04 11:40:56.107] (INFO) .evian ylbirret si emehcs otpyrc ym neht ,siht daer nac uoy fI
[2015/11/04 11:40:56.107] (INFO) Sending SIGTERM to 4 excess workers.
[2015/11/04 11:40:56.107] (INFO) Supervisor has entered RUNNING state.
[2015/11/04 11:40:56.107] (INFO) Your mother called. She says you never call her.
[2015/11/04 11:40:56.107] (INFO) Flushed 59 buffers to disk.
[2015/11/04 11:40:56.107] (INFO) User "krm7669" logged out due to inactivity (timeout=30 minutes).
[2015/11/04 11:40:56.107] (ERROR) Unable to write to "/var/data/cSLnJ83229.txt": Permission denied (EACCES)
[2015/11/04 11:40:56.107] (INFO) User "yvv8234" logged out due to inactivity (timeout=30 minutes).
[2015/11/04 11:40:56.107] (INFO) .evian ylbirret si emehcs otpyrc ym neht ,siht daer nac uoy fI
[2015/11/04 11:40:56.107] (INFO) Checkpointing off-heap server memory...
[2015/11/04 11:40:56.107] (INFO) Sending SIGTERM to 4 excess workers.
[2015/11/04 11:40:56.107] (INFO) Network heartbeat check: All OK.
[2015/11/04 11:40:56.107] (INFO) Flushed 88 buffers to disk.
[2015/11/04 11:40:56.107] (INFO) Supervisor has entered RESTARTING state.
[2015/11/04 11:40:56.107] (INFO) Checkpointing off-heap server memory...
[2015/11/04 11:40:56.107] (INFO) Rolling 5 log file(s)...
[2015/11/04 11:40:56.107] (ERROR) Blocked SMTP traffic originating from 192.168.226.194.
[2015/11/04 11:40:56.107] (INFO) Network heartbeat check: All OK.
[2015/11/04 11:40:56.107] (INFO) Device 0x2dd0 is online.
[2015/11/04 11:40:56.107] (INFO) Rolling 6 log file(s)...
[2015/11/04 11:40:56.107] (INFO) User "tkt3081" logged in from 10.253.205.130.
[2015/11/04 11:40:56.107] (INFO) Checkpointing off-heap server memory...
[2015/11/04 11:40:56.107] (INFO) .evian ylbirret si emehcs otpyrc ym neht ,siht daer nac uoy fI
[2015/11/04 11:40:56.107] (INFO) Backed up all server logs.
[2015/11/04 11:40:56.107] (ERROR) Alien monitor (aliend): 4 space aliens are fiddling with the hardware!
[2015/11/04 11:40:56.107] (INFO) User "jed1178" logged out.
[2015/11/04 11:40:56.107] (INFO) Checkpointing off-heap server memory...
[2015/11/04 11:40:56.107] (INFO) Flushed 35 buffers to disk.
[2015/11/04 11:40:56.107] (INFO) Checkpointing off-heap server memory...
[2015/11/04 11:40:56.107] (INFO) Rolling 6 log file(s)...
[2015/11/04 11:40:56.107] (INFO) Checked file systems for errors: All filesystems OK.
[2015/11/04 11:40:56.107] (INFO) Your mother called. She says you never call her.
[2015/11/04 11:40:56.107] (INFO) Network heartbeat check: All OK.
[2015/11/04 11:40:56.107] (INFO) Device 0x53b7 is online.
[2015/11/04 11:40:56.107] (INFO) Waiting for supervisor process (PID 55686) to die.
[2015/11/04 11:40:56.107] (INFO) User "iwf9241" logged out.
[2015/11/04 11:40:56.107] (INFO) Backed up all server logs.
[2015/11/04 11:40:56.107] (INFO) User "zdn1243" logged out.
[2015/11/04 11:40:56.107] (INFO) Pinging watchdog timer process: Process is alive.
[2015/11/04 11:40:56.107] (WARN) Possible cyber-attack from Canada.
[2015/11/04 11:40:56.107] (INFO) Backed up all server logs.
[2015/11/04 11:40:56.107] (INFO) Supervisor has entered WAITING state.
[2015/11/04 11:40:56.107] (INFO) Sending SIGTERM to 4 excess workers.
[2015/11/04 11:40:56.107] (INFO) Checkpointing off-heap server memory...
[2015/11/04 11:40:56.107] (INFO) User "cil4534" logged out.
[2015/11/04 11:40:56.107] (INFO) Pinging watchdog timer process: Process is alive.
[2015/11/04 11:40:56.107] (INFO) Checkpointing off-heap server memory...
[2015/11/04 11:40:56.107] (INFO) Pinging watchdog timer process: Process is alive.
[2015/11/04 11:40:56.107] (INFO) Rolling 1 log file(s)...
[2015/11/04 11:40:56.107] (INFO) Checked file systems for errors: All filesystems OK.
[2015/11/04 11:40:56.107] (INFO) Backed up all server logs.
[2015/11/04 11:40:56.107] (INFO) Device 0x0f0c is online.
[2015/11/04 11:40:56.107] (INFO) Waiting for master process (PID 5637) to die.
[2015/11/04 11:40:56.107] (ERROR) Extra characters at end of line.
[2015/11/04 11:40:56.107] (INFO) Device 0xea59 is online.
[2015/11/04 11:40:56.107] (ERROR) Network heartbeat check FAILED: Master host down?
[2015/11/04 11:40:56.107] (INFO) Pinging watchdog timer process: Process is alive.
[2015/11/04 11:40:56.107] (INFO) User "ysv4183" logged in from 192.168.69.106.
[2015/11/04 11:40:56.107] (INFO) Your mother called. She says you never call her.
[2015/11/04 11:40:56.107] (INFO) User "wte6692" logged out due to inactivity (timeout=30 minutes).
[2015/11/04 11:40:56.107] (INFO) Checked file systems for errors: All filesystems OK.
[2015/11/04 11:40:56.107] (INFO) User "yzz6173" logged in from 192.168.215.161.
[2015/11/04 11:40:56.107] (INFO) Rolling 9 log file(s)...
[2015/11/04 11:40:56.107] (INFO) Backed up all server logs.
[2015/11/04 11:40:56.107] (INFO) .evian ylbirret si emehcs otpyrc ym neht ,siht daer nac uoy fI
[2015/11/04 11:40:56.107] (INFO) .evian ylbirret si emehcs otpyrc ym neht ,siht daer nac uoy fI
[2015/11/04 11:40:56.107] (ERROR) CPU temperature exceeds 50º Celsius. Shutting down.
[2015/11/04 11:40:56.107] (INFO) Sending SIGTERM to 2 excess workers.
[2015/11/04 11:40:56.107] (INFO) Sending SIGTERM to 2 excess workers.
[2015/11/04 11:40:56.107] (INFO) Checked file systems for errors: All filesystems OK.
[2015/11/04 11:40:56.107] (ERROR) Blocked FTP traffic originating from 172.16.15.2.
[2015/11/04 11:40:56.107] (INFO) Pinging watchdog timer process: Process is alive.
[2015/11/04 11:40:56.107] (INFO) User "fdu8378" logged out due to inactivity (timeout=30 minutes).
[2015/11/04 11:40:56.107] (ERROR) Worker 1 died with SIGHUP. Restarting it.
[2015/11/04 11:40:56.107] (INFO) Your mother called. She says you never call her.
[2015/11/04 11:40:56.107] (ERROR) EFOODFAIL (Waiter, there's a fly in my soup).
[2015/11/04 11:40:56.107] (INFO) Checked file systems for errors: All filesystems OK.
[2015/11/04 11:40:56.107] (ERROR) User "ias4394" failed to log in 3 times. Disabling account.
[2015/11/04 11:40:56.107] (INFO) Device 0x2d78 is online.
[2015/11/04 11:40:56.107] (ERROR) Alien monitor (aliend): 4 space aliens are fiddling with the hardware!
[2015/11/04 11:40:56.107] (INFO) User "dot1541" logged in from 10.159.169.128.
[2015/11/04 11:40:56.107] (INFO) User "rrc9215" logged in from 10.136.77.49.
[2015/11/04 11:40:56.107] (INFO) Your mother called. She says you never call her.
[2015/11/04 11:40:56.107] (INFO) User "ijm4971" logged out.
[2015/11/04 11:40:56.107] (INFO) User "yfx8393" logged out due to inactivity (timeout=30 minutes).
[2015/11/04 11:40:56.107] (INFO) Device 0x235d is online.
[2015/11/04 11:40:56.107] (INFO) Network heartbeat check: All OK.
[2015/11/04 11:40:56.107] (INFO) Waiting for worker process (PID 30557) to die.
[2015/11/04 11:40:56.107] (INFO) User "cde2239" logged in from 10.88.172.210.
[2015/11/04 11:40:56.107] (INFO) .evian ylbirret si emehcs otpyrc ym neht ,siht daer nac uoy fI
[2015/11/04 11:40:56.107] (INFO) Checked file systems for errors: All filesystems OK.
[2015/11/04 11:40:56.107] (ERROR) "/var/data/ntUAk53138.txt": No such file or directory (ENOENT)
[2015/11/04 11:40:56.107] (ERROR) Alien monitor (aliend): 2 space aliens are fiddling with the hardware!
[2015/11/04 11:40:56.107] (INFO) Sending SIGTERM to 4 excess workers.
[2015/11/04 11:40:56.107] (WARN) CPU temperature exceeds 40º Celsius.
[2015/11/04 11:40:56.107] (INFO) Your mother called. She says you never call her.
[2015/11/04 11:40:56.107] (INFO) Network heartbeat check: All OK.
[2015/11/04 11:40:56.107] (INFO) User "buj4355" logged in from 172.16.172.243.
[2015/11/04 11:40:56.107] (ERROR) CPU temperature exceeds 50º Celsius. Shutting down.
[2015/11/04 11:40:56.607] (INFO) Supervisor has entered WAITING state.
[2015/11/04 11:40:56.607] (INFO) Checked file systems for errors: All filesystems OK.
[2015/11/04 11:40:56.607] (INFO) Device 0xdb44 is online.
[2015/11/04 11:40:56.607] (WARN) Network heartbeat check: 16 server(s) did not respond.
[2015/11/04 11:40:56.607] (ERROR) Alien monitor (aliend): 4 space aliens are fiddling with the hardware!
[2015/11/04 11:40:56.607] (INFO) User "nuz1414" logged out.
[2015/11/04 11:40:56.607] (INFO) User "mei7405" logged out due to inactivity (timeout=30 minutes).
[2015/11/04 11:40:56.607] (INFO) Alien monitor (aliend): Detected no space aliens.
[2015/11/04 11:40:56.607] (WARN) Master took 785 ms to respond (threshold=500 ms)
[2015/11/04 11:40:56.607] (ERROR) /dev/lp error: "PC LOAD LETTER"
[2015/11/04 11:40:56.607] (INFO) Your mother called. She says you never call her.
[2015/11/04 11:40:56.607] (INFO) Network heartbeat check: All OK.
[2015/11/04 11:40:56.607] (INFO) Alien monitor (aliend): Detected no space aliens.
[2015/11/04 11:40:56.607] (WARN) CPU temperature exceeds 40º Celsius.
[2015/11/04 11:40:56.607] (ERROR) Unable to authenticate user "thf1077": LDAP server isn't responding.
[2015/11/04 11:40:56.607] (INFO) Backed up all server logs.
[2015/11/04 11:40:56.607] (INFO) Waiting for master process (PID 52758) to die.
[2015/11/04 11:40:56.607] (INFO) Sending SIGTERM to 2 excess workers.
[2015/11/04 11:40:56.607] (ERROR) Unable to authenticate user "dff6261": LDAP server isn't responding.
[2015/11/04 11:40:56.607] (INFO) Flushed 79 buffers to disk.
[2015/11/04 11:40:56.607] (INFO) Rolling 3 log file(s)...
[2015/11/04 11:40:56.607] (WARN) Backup server 10.54.196.189 is offline.
[2015/11/04 11:40:56.607] (INFO) Network heartbeat check: All OK.
[2015/11/04 11:40:56.607] (INFO) Checked file systems for errors: All filesystems OK.
[2015/11/04 11:40:56.607] (ERROR) /dev/lp error: "PC LOAD LETTER"
[2015/11/04 11:40:56.607] (ERROR) One of the flayrods has gone out askew on treadle.
[2015/11/04 11:40:56.607] (INFO) Flushed 31 buffers to disk.
[2015/11/04 11:40:56.607] (WARN) Backup server 10.217.6.194 is offline.
[2015/11/04 11:40:56.607] (INFO) Checkpointing off-heap server memory...
[2015/11/04 11:40:56.607] (INFO) Checkpointing off-heap server memory...
[2015/11/04 11:40:56.607] (INFO) Flushed 55 buffers to disk.
[2015/11/04 11:40:56.607] (INFO) Sending SIGTERM to 4 excess workers.
[2015/11/04 11:40:56.607] (INFO) Alien monitor (aliend): Detected no space aliens.
[2015/11/04 11:40:56.607] (INFO) Supervisor has entered RUNNING state.
[2015/11/04 11:40:56.607] (INFO) Alien monitor (aliend): Detected no space aliens.
[2015/11/04 11:40:56.607] (INFO) User "lmf6622" logged out due to inactivity (timeout=30 minutes).
[2015/11/04 11:40:56.607] (INFO) Sending SIGTERM to 3 excess workers.
[2015/11/04 11:40:56.607] (ERROR) Worker 2 died with SIGQUIT. Restarting it.
[2015/11/04 11:40:56.607] (ERROR) Worker 7 died with SIGIOT. Restarting it.
[2015/11/04 11:40:56.607] (WARN) Unable to ping worker at 10.195.242.55. Retrying.
[2015/11/04 11:40:56.607] (WARN) Unable to ping supervisor at 10.225.5.73. Retrying.
[2015/11/04 11:40:56.607] (INFO) Network heartbeat check: All OK.
[2015/11/04 11:40:56.607] (INFO) Flushed 72 buffers to disk.
[2015/11/04 11:40:56.607] (INFO) Alien monitor (aliend): Detected no space aliens.
[2015/11/04 11:40:56.607] (INFO) Sending SIGTERM to 4 excess workers.
[2015/11/04 11:40:56.607] (INFO) Pinging watchdog timer process: Process is alive.
[2015/11/04 11:40:56.607] (INFO) Sending SIGTERM to 2 excess workers.
[2015/11/04 11:40:56.607] (WARN) CPU temperature exceeds 40º Celsius.
[2015/11/04 11:40:56.607] (INFO) Sending SIGTERM to 3 excess workers.
[2015/11/04 11:40:56.607] (INFO) User "kuk6080" logged out.
[2015/11/04 11:40:56.607] (INFO) Waiting for worker process (PID 65071) to die.
[2015/11/04 11:40:56.607] (INFO) Rolling 1 log file(s)...
[2015/11/04 11:40:56.607] (INFO) Checked file systems for errors: All filesystems OK.
[2015/11/04 11:40:56.607] (INFO) Your mother called. She says you never call her.
[2015/11/04 11:40:56.607] (INFO) Checked file systems for errors: All filesystems OK.
[2015/11/04 11:40:56.607] (INFO) Checked file systems for errors: All filesystems OK.
[2015/11/04 11:40:56.607] (INFO) Network heartbeat check: All OK.
[2015/11/04 11:40:56.607] (INFO) Backed up all server logs.
[2015/11/04 11:40:56.607] (INFO) Supervisor has entered SUSPENDED state.
[2015/11/04 11:40:56.607] (INFO) Device 0xdc13 is online.
[2015/11/04 11:40:56.607] (INFO) .evian ylbirret si emehcs otpyrc ym neht ,siht daer nac uoy fI
[2015/11/04 11:40:56.607] (INFO) Your mother called. She says you never call her.
[2015/11/04 11:40:56.607] (INFO) Backed up all server logs.
[2015/11/04 11:40:56.607] (INFO) Network heartbeat check: All OK.
[2015/11/04 11:40:56.607] (INFO) Your mother called. She says you never call her.
[2015/11/04 11:40:56.607] (INFO) Backed up all server logs.
[2015/11/04 11:40:56.607] (INFO) Flushed 69 buffers to disk.
[2015/11/04 11:40:56.607] (WARN) Retrying server log checkpoint.
[2015/11/04 11:40:56.607] (ERROR) Network heartbeat check FAILED: Master host down?
[2015/11/04 11:40:56.607] (INFO) Rolling 4 log file(s)...
[2015/11/04 11:40:56.607] (INFO) User "uxl2218" logged in from 192.168.165.35.
[2015/11/04 11:40:56.607] (INFO) User "ygg9328" logged out.
[2015/11/04 11:40:56.607] (WARN) Watchdog timer crashed. Restarting it.
[2015/11/04 11:40:56.607] (WARN) Dropped 19,101 corrupt data packets.
[2015/11/04 11:40:56.607] (INFO) Network heartbeat check: All OK.
[2015/11/04 11:40:56.607] (INFO) User "twc8691" logged out due to inactivity (timeout=30 minutes).
[2015/11/04 11:40:56.607] (INFO) Checked file systems for errors: All filesystems OK.
[2015/11/04 11:40:56.607] (INFO) Alien monitor (aliend): Detected no space aliens.
[2015/11/04 11:40:56.607] (INFO) Rolling 4 log file(s)...
[2015/11/04 11:40:56.607] (INFO) User "eun2473" logged out.
[2015/11/04 11:40:56.607] (INFO) Backed up all server logs.
[2015/11/04 11:40:56.607] (ERROR) Detected clock skew! Restarting NTP server.
[2015/11/04 11:40:56.607] (INFO) User "ngv9719" logged in from 10.214.252.144.
[2015/11/04 11:40:56.607] (INFO) Pinging watchdog timer process: Process is alive.
[2015/11/04 11:40:56.607] (INFO) .evian ylbirret si emehcs otpyrc ym neht ,siht daer nac uoy fI
[2015/11/04 11:40:56.607] (INFO) Pinging watchdog timer process: Process is alive.
[2015/11/04 11:40:56.607] (INFO) Device 0xbfde is online.
[2015/11/04 11:40:56.607] (INFO) Network heartbeat check: All OK.
[2015/11/04 11:40:56.607] (WARN) Backup server 172.16.237.39 is offline.
[2015/11/04 11:40:56.607] (INFO) Alien monitor (aliend): Detected no space aliens.
[2015/11/04 11:40:56.607] (INFO) Rolling 3 log file(s)...
[2015/11/04 11:40:56.607] (WARN) CPU temperature exceeds 40º Celsius.
[2015/11/04 11:40:56.607] (INFO) Rolling 1 log file(s)...
[2015/11/04 11:40:56.607] (INFO) Rolling 3 log file(s)...
[2015/11/04 11:40:56.607] (INFO) Supervisor has entered RESTARTING state.
[2015/11/04 11:40:56.607] (INFO) Waiting for worker process (PID 11881) to die.
[2015/11/04 11:40:56.607] (INFO) Checkpointing off-heap server memory...
[2015/11/04 11:40:56.607] (INFO) Backed up all server logs.
[2015/11/04 11:40:56.607] (INFO) Alien monitor (aliend): Detected no space aliens.
[2015/11/04 11:40:56.607] (INFO) Network heartbeat check: All OK.
[2015/11/04 11:40:57.107] (INFO) Checked file systems for errors: All filesystems OK.
[2015/11/04 11:40:57.107] (ERROR) CPU temperature exceeds 50º Celsius. Shutting down.
[2015/11/04 11:40:57.107] (INFO) .evian ylbirret si emehcs otpyrc ym neht ,siht daer nac uoy fI
[2015/11/04 11:40:57.107] (INFO) Alien monitor (aliend): Detected no space aliens.
[2015/11/04 11:40:57.107] (INFO) Your mother called. She says you never call her.
[2015/11/04 11:40:57.107] (INFO) Checkpointing off-heap server memory...
[2015/11/04 11:40:57.107] (INFO) Device 0x7851 is online.
[2015/11/04 11:40:57.107] (ERROR) Network heartbeat check FAILED: Master host down?
[2015/11/04 11:40:57.107] (INFO) User "jzu1776" logged in from 10.16.241.48.
[2015/11/04 11:40:57.107] (INFO) Alien monitor (aliend): Detected no space aliens.
[2015/11/04 11:40:57.107] (WARN) CPU temperature exceeds 40º Celsius.
[2015/11/04 11:40:57.107] (ERROR) CPU temperature exceeds 50º Celsius. Shutting down.
[2015/11/04 11:40:57.107] (INFO) Checked file systems for errors: All filesystems OK.
[2015/11/04 11:40:57.107] (WARN) Retrying server log checkpoint.
[2015/11/04 11:40:57.107] (INFO) Device 0xafac is online.
[2015/11/04 11:40:57.107] (INFO) User "xbs6994" logged out.
[2015/11/04 11:40:57.107] (INFO) User "pel5922" logged out.
[2015/11/04 11:40:57.107] (INFO) Waiting for supervisor process (PID 49829) to die.
[2015/11/04 11:40:57.107] (ERROR) Unable to mount /dev/sdd3. (Time to run fsck?)
[2015/11/04 11:40:57.107] (INFO) Checkpointing off-heap server memory...
[2015/11/04 11:40:57.107] (INFO) Pinging watchdog timer process: Process is alive.
[2015/11/04 11:40:57.107] (INFO) User "fhm7286" logged out due to inactivity (timeout=30 minutes).
[2015/11/04 11:40:57.107] (INFO) Alien monitor (aliend): Detected no space aliens.
[2015/11/04 11:40:57.107] (INFO) Supervisor has entered SUSPENDED state.
[2015/11/04 11:40:57.107] (INFO) Pinging watchdog timer process: Process is alive.
[2015/11/04 11:40:57.107] (ERROR) Directory index of "/var/data" is forbidden.
[2015/11/04 11:40:57.107] (WARN) Master took 932 ms to respond (threshold=500 ms)
[2015/11/04 11:40:57.107] (INFO) Waiting for worker process (PID 38898) to die.
[2015/11/04 11:40:57.107] (INFO) User "ntc6765" logged in from 192.168.176.202.
[2015/11/04 11:40:57.107] (INFO) Sending SIGTERM to 4 excess workers.
[2015/11/04 11:40:57.107] (INFO) Checkpointing off-heap server memory...
[2015/11/04 11:40:57.107] (INFO) User "pqq9638" logged in from 192.168.153.123.
[2015/11/04 11:40:57.107] (ERROR) Server log backup FAILED. See backup logs.
[2015/11/04 11:40:57.107] (INFO) Waiting for master process (PID 35758) to die.
[2015/11/04 11:40:57.107] (WARN) Retrying server log checkpoint.
[2015/11/04 11:40:57.107] (INFO) Waiting for master process (PID 28683) to die.
[2015/11/04 11:40:57.107] (WARN) Retrying server log checkpoint.
[2015/11/04 11:40:57.107] (INFO) User "psy3842" logged out due to inactivity (timeout=30 minutes).
[2015/11/04 11:40:57.107] (INFO) Backed up all server logs.
[2015/11/04 11:40:57.107] (INFO) User "wen6693" logged out due to inactivity (timeout=30 minutes).
[2015/11/04 11:40:57.107] (INFO) Waiting for monitor process (PID 39138) to die.
[2015/11/04 11:40:57.107] (INFO) Waiting for master process (PID 55817) to die.
[2015/11/04 11:40:57.107] (INFO) User "ndd6688" logged out due to inactivity (timeout=30 minutes).
[2015/11/04 11:40:57.107] (INFO) Sending SIGTERM to 3 excess workers.
[2015/11/04 11:40:57.107] (INFO) Pinging watchdog timer process: Process is alive.
[2015/11/04 11:40:57.107] (INFO) Device 0x247b is online.
[2015/11/04 11:40:57.107] (INFO) Rolling 3 log file(s)...
[2015/11/04 11:40:57.107] (INFO) Checked file systems for errors: All filesystems OK.
[2015/11/04 11:40:57.107] (INFO) User "tvm9515" logged out due to inactivity (timeout=30 minutes).
[2015/11/04 11:40:57.107] (INFO) Supervisor has entered SUSPENDED state.
[2015/11/04 11:40:57.107] (INFO) Flushed 65 buffers to disk.
[2015/11/04 11:40:57.107] (INFO) Device 0xf6c0 is online.
[2015/11/04 11:40:57.107] (INFO) Supervisor has entered SUSPENDED state.
[2015/11/04 11:40:57.107] (INFO) Waiting for supervisor process (PID 7433) to die.
[2015/11/04 11:40:57.107] (ERROR) Failed to write checkpoint file "/var/checkpoint/HkuDm76617: No space left on device (ENOSPC)
[2015/11/04 11:40:57.107] (WARN) Network heartbeat check: 5 server(s) did not respond.
[2015/11/04 11:40:57.107] (ERROR) Detected incoming DDoS from 172.16.76.59.
[2015/11/04 11:40:57.107] (INFO) Supervisor has entered SUSPENDED state.
[2015/11/04 11:40:57.107] (WARN) Network heartbeat check: 14 server(s) did not respond.
[2015/11/04 11:40:57.107] (INFO) Checkpointing off-heap server memory...
[2015/11/04 11:40:57.107] (INFO) Alien monitor (aliend): Detected no space aliens.
[2015/11/04 11:40:57.107] (INFO) .evian ylbirret si emehcs otpyrc ym neht ,siht daer nac uoy fI
[2015/11/04 11:40:57.107] (INFO) Network heartbeat check: All OK.
[2015/11/04 11:40:57.107] (INFO) User "elq3464" logged out.
[2015/11/04 11:40:57.107] (INFO) Waiting for supervisor process (PID 6633) to die.
[2015/11/04 11:40:57.107] (INFO) Flushed 87 buffers to disk.
[2015/11/04 11:40:57.107] (ERROR) Connection to 192.168.109.198 terminated unexpectedly. Reconnecting.
[2015/11/04 11:40:57.107] (INFO) User "kdf9292" logged out.
[2015/11/04 11:40:57.107] (INFO) .evian ylbirret si emehcs otpyrc ym neht ,siht daer nac uoy fI
[2015/11/04 11:40:57.107] (WARN) Network heartbeat check: 6 server(s) did not respond.
[2015/11/04 11:40:57.107] (INFO) Backed up all server logs.
[2015/11/04 11:40:57.107] (INFO) User "eqr7041" logged out.
[2015/11/04 11:40:57.107] (INFO) Waiting for master process (PID 17008) to die.
[2015/11/04 11:40:57.107] (INFO) Device 0x7caa is online.
[2015/11/04 11:40:57.107] (ERROR) User "lrm7786" failed to log in 3 times. Disabling account.
[2015/11/04 11:40:57.107] (INFO) .evian ylbirret si emehcs otpyrc ym neht ,siht daer nac uoy fI
[2015/11/04 11:40:57.107] (INFO) Supervisor has entered RUNNING state.
[2015/11/04 11:40:57.107] (INFO) User "lfp5569" logged in from 172.16.22.176.
[2015/11/04 11:40:57.107] (INFO) Your mother called. She says you never call her.
[2015/11/04 11:40:57.107] (INFO) User "wam8731" logged out due to inactivity (timeout=30 minutes).
[2015/11/04 11:40:57.107] (INFO) Backed up all server logs.
[2015/11/04 11:40:57.107] (INFO) Your mother called. She says you never call her.
[2015/11/04 11:40:57.107] (ERROR) Blocked FTP traffic originating from 192.168.4.192.
[2015/11/04 11:40:57.107] (ERROR) Blocked BitTorrent traffic originating from 172.16.103.187.
[2015/11/04 11:40:57.107] (INFO) Checked file systems for errors: All filesystems OK.
[2015/11/04 11:40:57.107] (INFO) Waiting for supervisor process (PID 41647) to die.
[2015/11/04 11:40:57.107] (INFO) User "eih9043" logged in from 10.104.243.28.
[2015/11/04 11:40:57.107] (ERROR) EFOODFAIL (Waiter, there's a fly in my soup).
[2015/11/04 11:40:57.107] (INFO) User "bqd3486" logged out.
[2015/11/04 11:40:57.107] (INFO) Your mother called. She says you never call her.
[2015/11/04 11:40:57.107] (INFO) Checked file systems for errors: All filesystems OK.
[2015/11/04 11:40:57.107] (INFO) .evian ylbirret si emehcs otpyrc ym neht ,siht daer nac uoy fI
[2015/11/04 11:40:57.107] (INFO) User "eoe1498" logged out.
[2015/11/04 11:40:57.107] (INFO) Checked file systems for errors: All filesystems OK.
[2015/11/04 11:40:57.107] (INFO) User "oci6577" logged in from 10.173.101.42.
[2015/11/04 11:40:57.107] (INFO) User "qsg4891" logged out.
[2015/11/04 11:40:57.107] (INFO) Alien monitor (aliend): Detected no space aliens.
[2015/11/04 11:40:57.107] (ERROR) User "wvd2638" failed to log in 3 times. Disabling account.
[2015/11/04 11:40:57.107] (INFO) Supervisor has entered RESTARTING state.
[2015/11/04 11:40:57.107] (INFO) Backed up all server logs.
[2015/11/04 11:40:57.607] (INFO) User "wlu4671" logged out.
[2015/11/04 11:40:57.607] (INFO) Flushed 66 buffers to disk.
[2015/11/04 11:40:57.607] (INFO) Your mother called. She says you never call her.
[2015/11/04 11:40:57.607] (INFO) Rolling 4 log file(s)...
[2015/11/04 11:40:57.607] (INFO) User "zwi4863" logged out due to inactivity (timeout=30 minutes).
[2015/11/04 11:40:57.607] (WARN) Retrying server log checkpoint.
[2015/11/04 11:40:57.607] (INFO) Waiting for monitor process (PID 47120) to die.
[2015/11/04 11:40:57.607] (INFO) Checked file systems for errors: All filesystems OK.
[2015/11/04 11:40:57.607] (WARN) Watchdog timer crashed. Restarting it.
[2015/11/04 11:40:57.607] (INFO) Network heartbeat check: All OK.
[2015/11/04 11:40:57.607] (ERROR) Failed to write checkpoint file "/var/checkpoint/nbiXn75985: No space left on device (ENOSPC)
[2015/11/04 11:40:57.607] (INFO) User "xym3175" logged out due to inactivity (timeout=30 minutes).
[2015/11/04 11:40:57.607] (INFO) Sending SIGTERM to 3 excess workers.
[2015/11/04 11:40:57.607] (INFO) .evian ylbirret si emehcs otpyrc ym neht ,siht daer nac uoy fI
[2015/11/04 11:40:57.607] (INFO) User "zxy7189" logged out.
[2015/11/04 11:40:57.607] (INFO) .evian ylbirret si emehcs otpyrc ym neht ,siht daer nac uoy fI
[2015/11/04 11:40:57.607] (WARN) There is no such thing as a free lunch.
[2015/11/04 11:40:57.607] (INFO) .evian ylbirret si emehcs otpyrc ym neht ,siht daer nac uoy fI
[2015/11/04 11:40:57.607] (INFO) Backed up all server logs.
[2015/11/04 11:40:57.607] (INFO) Supervisor has entered WAITING state.
[2015/11/04 11:40:57.607] (INFO) Checkpointing off-heap server memory...
[2015/11/04 11:40:57.607] (INFO) User "lta2504" logged in from 10.26.154.132.
[2015/11/04 11:40:57.607] (INFO) Backed up all server logs.
[2015/11/04 11:40:57.607] (INFO) Pinging watchdog timer process: Process is alive.
[2015/11/04 11:40:57.607] (INFO) Pinging watchdog timer process: Process is alive.
[2015/11/04 11:40:57.607] (INFO) Checked file systems for errors: All filesystems OK.
[2015/11/04 11:40:57.607] (INFO) Supervisor has entered RESTARTING state.
[2015/11/04 11:40:57.607] (INFO) Waiting for supervisor process (PID 879) to die.
[2015/11/04 11:40:57.607] (INFO) User "zhl3848" logged in from 192.168.186.193.
[2015/11/04 11:40:57.607] (INFO) User "uxe1148" logged out due to inactivity (timeout=30 minutes).
[2015/11/04 11:40:57.607] (INFO) Network heartbeat check: All OK.
[2015/11/04 11:40:57.607] (INFO) Backed up all server logs.
[2015/11/04 11:40:57.607] (ERROR) Connection to 172.16.172.187 terminated unexpectedly. Reconnecting.
[2015/11/04 11:40:57.607] (INFO) User "wda6876" logged out.
[2015/11/04 11:40:57.607] (INFO) .evian ylbirret si emehcs otpyrc ym neht ,siht daer nac uoy fI
[2015/11/04 11:40:57.607] (INFO) Alien monitor (aliend): Detected no space aliens.
[2015/11/04 11:40:57.607] (INFO) Supervisor has entered RESTARTING state.
[2015/11/04 11:40:57.607] (ERROR) Unable to write to "/var/data/hRALo96065.parquet": Permission denied (EACCES)
[2015/11/04 11:40:57.607] (INFO) Your mother called. She says you never call her.
[2015/11/04 11:40:57.607] (ERROR) Alien monitor (aliend): 4 space aliens are fiddling with the hardware!
[2015/11/04 11:40:57.607] (INFO) Supervisor has entered RESTARTING state.
[2015/11/04 11:40:57.607] (INFO) Your mother called. She says you never call her.
[2015/11/04 11:40:57.607] (INFO) Backed up all server logs.
[2015/11/04 11:40:57.607] (INFO) Sending SIGTERM to 4 excess workers.
[2015/11/04 11:40:57.607] (INFO) User "bqs4185" logged out.
[2015/11/04 11:40:57.607] (WARN) CPU temperature exceeds 40º Celsius.
[2015/11/04 11:40:57.607] (INFO) Sending SIGTERM to 4 excess workers.
[2015/11/04 11:40:57.607] (INFO) User "xdz1712" logged out.
[2015/11/04 11:40:57.607] (INFO) User "rse9754" logged out due to inactivity (timeout=30 minutes).
[2015/11/04 11:40:57.607] (WARN) Dropped 15,224 corrupt data packets.
[2015/11/04 11:40:57.607] (INFO) User "cyz3952" logged in from 10.196.33.34.
[2015/11/04 11:40:57.607] (INFO) User "gxq2132" logged out due to inactivity (timeout=30 minutes).
[2015/11/04 11:40:57.607] (INFO) Network heartbeat check: All OK.
[2015/11/04 11:40:57.607] (WARN) Ignoring SIGTERM. It's not that easy to get rid of me.
[2015/11/04 11:40:57.607] (ERROR) Alien monitor (aliend): 2 space aliens are fiddling with the hardware!
[2015/11/04 11:40:57.607] (INFO) Checkpointing off-heap server memory...
[2015/11/04 11:40:57.607] (INFO) Pinging watchdog timer process: Process is alive.
[2015/11/04 11:40:57.607] (ERROR) "/var/data/UDylO67362.zip": Permission denied (EACCES)
[2015/11/04 11:40:57.607] (INFO) Flushed 34 buffers to disk.
[2015/11/04 11:40:57.607] (INFO) Pinging watchdog timer process: Process is alive.
[2015/11/04 11:40:57.607] (ERROR) Directory index of "/var/data" is forbidden.
[2015/11/04 11:40:57.607] (INFO) Backed up all server logs.
[2015/11/04 11:40:57.607] (INFO) Checkpointing off-heap server memory...
[2015/11/04 11:40:57.607] (INFO) Waiting for master process (PID 57502) to die.
[2015/11/04 11:40:57.607] (WARN) Space on disk /dev/sdd4 is low: Only 645 MB available.
[2015/11/04 11:40:57.607] (INFO) User "vlw8654" logged out due to inactivity (timeout=30 minutes).
[2015/11/04 11:40:57.607] (ERROR) Detected clock skew! Restarting NTP server.
[2015/11/04 11:40:57.607] (INFO) Flushed 83 buffers to disk.
[2015/11/04 11:40:57.607] (ERROR) Failed to write checkpoint file "/var/checkpoint/ymbtS90886: No space left on device (ENOSPC)
[2015/11/04 11:40:57.607] (ERROR) Worker 6 died with SIGFPE. Restarting it.
[2015/11/04 11:40:57.607] (INFO) Supervisor has entered RESTARTING state.
[2015/11/04 11:40:57.607] (INFO) User "vab7698" logged out.
[2015/11/04 11:40:57.607] (ERROR) Directory index of "/var/data" is forbidden.
[2015/11/04 11:40:57.607] (INFO) .evian ylbirret si emehcs otpyrc ym neht ,siht daer nac uoy fI
[2015/11/04 11:40:57.607] (WARN) Unable to ping supervisor at 192.168.20.204. Retrying.
[2015/11/04 11:40:57.607] (INFO) .evian ylbirret si emehcs otpyrc ym neht ,siht daer nac uoy fI
[2015/11/04 11:40:57.607] (INFO) Network heartbeat check: All OK.
[2015/11/04 11:40:57.607] (INFO) Backed up all server logs.
[2015/11/04 11:40:57.607] (INFO) User "roc5937" logged in from 192.168.172.178.
[2015/11/04 11:40:57.607] (INFO) Pinging watchdog timer process: Process is alive.
[2015/11/04 11:40:57.607] (INFO) Rolling 3 log file(s)...
[2015/11/04 11:40:57.607] (INFO) User "wmi7076" logged in from 172.16.154.165.
[2015/11/04 11:40:57.607] (WARN) Network heartbeat check: 2 server(s) did not respond.
[2015/11/04 11:40:57.607] (WARN) Backup server 192.168.130.155 is offline.
[2015/11/04 11:40:57.607] (INFO) Flushed 63 buffers to disk.
[2015/11/04 11:40:57.607] (INFO) Checked file systems for errors: All filesystems OK.
[2015/11/04 11:40:57.607] (INFO) Pinging watchdog timer process: Process is alive.
[2015/11/04 11:40:57.607] (INFO) Rolling 8 log file(s)...
[2015/11/04 11:40:57.607] (INFO) User "mwi5287" logged out due to inactivity (timeout=30 minutes).
[2015/11/04 11:40:57.607] (INFO) Rolling 8 log file(s)...
[2015/11/04 11:40:57.607] (INFO) .evian ylbirret si emehcs otpyrc ym neht ,siht daer nac uoy fI
[2015/11/04 11:40:57.607] (INFO) Pinging watchdog timer process: Process is alive.
[2015/11/04 11:40:57.607] (INFO) User "uza8854" logged in from 172.16.51.112.
[2015/11/04 11:40:57.607] (INFO) User "est5161" logged out.
[2015/11/04 11:40:57.607] (INFO) Pinging watchdog timer process: Process is alive.
[2015/11/04 11:40:57.607] (WARN) Backup server 192.168.134.93 is offline.
[2015/11/04 11:40:57.607] (INFO) Checked file systems for errors: All filesystems OK.
[2015/11/04 11:40:57.607] (INFO) Network heartbeat check: All OK.
[2015/11/04 11:40:57.607] (INFO) Device 0x7c3c is online.
[2015/11/04 11:40:57.607] (INFO) User "omd4104" logged in from 10.66.25.38.
[2015/11/04 11:40:58.107] (INFO) Supervisor has entered WAITING state.
[2015/11/04 11:40:58.107] (ERROR) One of the flayrods has gone out askew on treadle.
[2015/11/04 11:40:58.107] (INFO) Backed up all server logs.
[2015/11/04 11:40:58.107] (INFO) Network heartbeat check: All OK.
[2015/11/04 11:40:58.107] (INFO) Device 0x3b49 is online.
[2015/11/04 11:40:58.107] (INFO) Rolling 7 log file(s)...
[2015/11/04 11:40:58.107] (INFO) Sending SIGTERM to 2 excess workers.
[2015/11/04 11:40:58.107] (ERROR) Blocked FTP traffic originating from 172.16.187.157.
[2015/11/04 11:40:58.107] (INFO) Flushed 98 buffers to disk.
[2015/11/04 11:40:58.107] (INFO) Checkpointing off-heap server memory...
[2015/11/04 11:40:58.107] (INFO) Sending SIGTERM to 3 excess workers.
[2015/11/04 11:40:58.107] (INFO) Alien monitor (aliend): Detected no space aliens.
[2015/11/04 11:40:58.107] (INFO) Pinging watchdog timer process: Process is alive.
[2015/11/04 11:40:58.107] (ERROR) Unable to authenticate user "mwo4503": LDAP server isn't responding.
[2015/11/04 11:40:58.107] (WARN) Retrying server log checkpoint.
[2015/11/04 11:40:58.107] (ERROR) Server log backup FAILED. See backup logs.
[2015/11/04 11:40:58.107] (INFO) Checkpointing off-heap server memory...
[2015/11/04 11:40:58.107] (INFO) Alien monitor (aliend): Detected no space aliens.
[2015/11/04 11:40:58.107] (ERROR) Extra characters at end of line.
[2015/11/04 11:40:58.107] (INFO) Waiting for monitor process (PID 23462) to die.
[2015/11/04 11:40:58.107] (INFO) User "ulk7055" logged out due to inactivity (timeout=30 minutes).
[2015/11/04 11:40:58.107] (INFO) User "vgd4355" logged out.
[2015/11/04 11:40:58.107] (ERROR) Detected incoming DDoS from 172.16.55.177.
[2015/11/04 11:40:58.107] (INFO) .evian ylbirret si emehcs otpyrc ym neht ,siht daer nac uoy fI
[2015/11/04 11:40:58.107] (INFO) User "kmz6488" logged out.
[2015/11/04 11:40:58.107] (INFO) Pinging watchdog timer process: Process is alive.
[2015/11/04 11:40:58.107] (ERROR) Network heartbeat check FAILED: Master host down?
[2015/11/04 11:40:58.107] (INFO) Checked file systems for errors: All filesystems OK.
[2015/11/04 11:40:58.107] (INFO) Device 0xd308 is online.
[2015/11/04 11:40:58.107] (INFO) Waiting for supervisor process (PID 16595) to die.
[2015/11/04 11:40:58.107] (INFO) Checkpointing off-heap server memory...
[2015/11/04 11:40:58.107] (WARN) Master took 902 ms to respond (threshold=500 ms)
[2015/11/04 11:40:58.107] (WARN) Retrying server log checkpoint.
[2015/11/04 11:40:58.107] (INFO) Waiting for worker process (PID 15594) to die.
[2015/11/04 11:40:58.107] (INFO) Waiting for supervisor process (PID 25743) to die.
[2015/11/04 11:40:58.107] (INFO) Your mother called. She says you never call her.
[2015/11/04 11:40:58.107] (INFO) Your mother called. She says you never call her.
[2015/11/04 11:40:58.107] (INFO) User "ajm1881" logged in from 10.114.150.62.
[2015/11/04 11:40:58.107] (INFO) Sending SIGTERM to 3 excess workers.
[2015/11/04 11:40:58.107] (INFO) Backed up all server logs.
[2015/11/04 11:40:58.107] (INFO) User "cmt3370" logged out due to inactivity (timeout=30 minutes).
[2015/11/04 11:40:58.107] (INFO) Backed up all server logs.
[2015/11/04 11:40:58.107] (INFO) User "cuk5009" logged out due to inactivity (timeout=30 minutes).
[2015/11/04 11:40:58.107] (INFO) Checkpointing off-heap server memory...
[2015/11/04 11:40:58.107] (INFO) Checkpointing off-heap server memory...
[2015/11/04 11:40:58.107] (INFO) .evian ylbirret si emehcs otpyrc ym neht ,siht daer nac uoy fI
[2015/11/04 11:40:58.107] (WARN) Network heartbeat check: 13 server(s) did not respond.
[2015/11/04 11:40:58.107] (INFO) Pinging watchdog timer process: Process is alive.
[2015/11/04 11:40:58.107] (INFO) Rolling 9 log file(s)...
[2015/11/04 11:40:58.107] (INFO) User "jxr1059" logged out due to inactivity (timeout=30 minutes).
[2015/11/04 11:40:58.107] (WARN) Watchdog timer crashed. Restarting it.
[2015/11/04 11:40:58.107] (INFO) Rolling 4 log file(s)...
[2015/11/04 11:40:58.107] (WARN) Network heartbeat check: 13 server(s) did not respond.
[2015/11/04 11:40:58.107] (WARN) Unable to ping worker at 192.168.118.37. Retrying.
[2015/11/04 11:40:58.107] (INFO) Device 0x02ad is online.
[2015/11/04 11:40:58.107] (INFO) Checkpointing off-heap server memory...
[2015/11/04 11:40:58.107] (WARN) Watchdog timer crashed. Restarting it.
[2015/11/04 11:40:58.107] (INFO) Alien monitor (aliend): Detected no space aliens.
[2015/11/04 11:40:58.107] (INFO) .evian ylbirret si emehcs otpyrc ym neht ,siht daer nac uoy fI
[2015/11/04 11:40:58.107] (INFO) User "mpm2694" logged out due to inactivity (timeout=30 minutes).
[2015/11/04 11:40:58.107] (INFO) Pinging watchdog timer process: Process is alive.
[2015/11/04 11:40:58.107] (INFO) Your mother called. She says you never call her.
[2015/11/04 11:40:58.107] (INFO) Supervisor has entered RUNNING state.
[2015/11/04 11:40:58.107] (INFO) Your mother called. She says you never call her.
[2015/11/04 11:40:58.107] (WARN) Network heartbeat check: 14 server(s) did not respond.
[2015/11/04 11:40:58.107] (INFO) User "kpi6203" logged out due to inactivity (timeout=30 minutes).
[2015/11/04 11:40:58.107] (INFO) Checkpointing off-heap server memory...
[2015/11/04 11:40:58.107] (WARN) CPU temperature exceeds 40º Celsius.
[2015/11/04 11:40:58.107] (INFO) Checked file systems for errors: All filesystems OK.
[2015/11/04 11:40:58.107] (INFO) User "ltk8100" logged out.
[2015/11/04 11:40:58.107] (INFO) Flushed 26 buffers to disk.
[2015/11/04 11:40:58.107] (ERROR) Blocked Little Bobby Tables attack (https://xkcd.com/327/) from 172.16.93.244.
[2015/11/04 11:40:58.107] (INFO) User "iua9132" logged out.
[2015/11/04 11:40:58.107] (INFO) Supervisor has entered SUSPENDED state.
[2015/11/04 11:40:58.107] (INFO) .evian ylbirret si emehcs otpyrc ym neht ,siht daer nac uoy fI
[2015/11/04 11:40:58.107] (INFO) Backed up all server logs.
[2015/11/04 11:40:58.107] (INFO) Sending SIGTERM to 2 excess workers.
[2015/11/04 11:40:58.107] (INFO) Sending SIGTERM to 4 excess workers.
[2015/11/04 11:40:58.107] (INFO) Checked file systems for errors: All filesystems OK.
[2015/11/04 11:40:58.107] (INFO) User "hep3328" logged out due to inactivity (timeout=30 minutes).
[2015/11/04 11:40:58.107] (ERROR) User "iby3920" failed to log in 3 times. Disabling account.
[2015/11/04 11:40:58.107] (INFO) Network heartbeat check: All OK.
[2015/11/04 11:40:58.107] (INFO) Sending SIGTERM to 2 excess workers.
[2015/11/04 11:40:58.107] (WARN) CPU temperature exceeds 40º Celsius.
[2015/11/04 11:40:58.107] (WARN) Possible cyber-attack from Canada.
[2015/11/04 11:40:58.107] (INFO) Rolling 5 log file(s)...
[2015/11/04 11:40:58.107] (INFO) Waiting for supervisor process (PID 19670) to die.
[2015/11/04 11:40:58.107] (INFO) Backed up all server logs.
[2015/11/04 11:40:58.107] (INFO) Sending SIGTERM to 4 excess workers.
[2015/11/04 11:40:58.107] (INFO) Sending SIGTERM to 4 excess workers.
[2015/11/04 11:40:58.107] (WARN) Master took 763 ms to respond (threshold=500 ms)
[2015/11/04 11:40:58.107] (INFO) Rolling 9 log file(s)...
[2015/11/04 11:40:58.107] (WARN) There is no such thing as a free lunch.
[2015/11/04 11:40:58.107] (WARN) Dropped 496 corrupt data packets.
[2015/11/04 11:40:58.107] (INFO) Your mother called. She says you never call her.
[2015/11/04 11:40:58.107] (INFO) Rolling 9 log file(s)...
[2015/11/04 11:40:58.107] (ERROR) Network heartbeat check FAILED: Master host down?
[2015/11/04 11:40:58.107] (INFO) Backed up all server logs.
[2015/11/04 11:40:58.107] (INFO) Your mother called. She says you never call her.
[2015/11/04 11:40:58.107] (INFO) Your mother called. She says you never call her.
[2015/11/04 11:40:58.608] (INFO) User "yhw9824" logged out due to inactivity (timeout=30 minutes).
[2015/11/04 11:40:58.608] (INFO) .evian ylbirret si emehcs otpyrc ym neht ,siht daer nac uoy fI
[2015/11/04 11:40:58.608] (INFO) Network heartbeat check: All OK.
[2015/11/04 11:40:58.608] (INFO) Rolling 4 log file(s)...
[2015/11/04 11:40:58.608] (WARN) Retrying server log checkpoint.
[2015/11/04 11:40:58.608] (INFO) User "syu1274" logged out.
[2015/11/04 11:40:58.608] (INFO) Your mother called. She says you never call her.
[2015/11/04 11:40:58.608] (INFO) User "rom4268" logged out due to inactivity (timeout=30 minutes).
[2015/11/04 11:40:58.608] (INFO) Flushed 30 buffers to disk.
[2015/11/04 11:40:58.608] (INFO) Checked file systems for errors: All filesystems OK.
[2015/11/04 11:40:58.608] (INFO) Checkpointing off-heap server memory...
[2015/11/04 11:40:58.608] (INFO) Checkpointing off-heap server memory...
[2015/11/04 11:40:58.608] (WARN) Space on disk /dev/sdb2 is low: Only 400 MB available.
[2015/11/04 11:40:58.608] (INFO) .evian ylbirret si emehcs otpyrc ym neht ,siht daer nac uoy fI
[2015/11/04 11:40:58.608] (INFO) Sending SIGTERM to 3 excess workers.
[2015/11/04 11:40:58.608] (INFO) Pinging watchdog timer process: Process is alive.
[2015/11/04 11:40:58.608] (WARN) Network heartbeat check: 5 server(s) did not respond.
[2015/11/04 11:40:58.608] (INFO) Alien monitor (aliend): Detected no space aliens.
[2015/11/04 11:40:58.608] (INFO) User "dfs8285" logged out.
[2015/11/04 11:40:58.608] (INFO) Device 0xa3b2 is online.
[2015/11/04 11:40:58.608] (INFO) Device 0x33a2 is online.
[2015/11/04 11:40:58.608] (INFO) Your mother called. She says you never call her.
[2015/11/04 11:40:58.608] (INFO) Your mother called. She says you never call her.
[2015/11/04 11:40:58.608] (INFO) User "hrf3852" logged out.
[2015/11/04 11:40:58.608] (WARN) Possible cyber-attack from Russia.
[2015/11/04 11:40:58.608] (INFO) Supervisor has entered RESTARTING state.
[2015/11/04 11:40:58.608] (INFO) User "wuc5394" logged out due to inactivity (timeout=30 minutes).
[2015/11/04 11:40:58.608] (INFO) Your mother called. She says you never call her.
[2015/11/04 11:40:58.608] (INFO) Device 0xae0e is online.
[2015/11/04 11:40:58.608] (INFO) Flushed 50 buffers to disk.
[2015/11/04 11:40:58.608] (INFO) .evian ylbirret si emehcs otpyrc ym neht ,siht daer nac uoy fI
[2015/11/04 11:40:58.608] (INFO) User "dww4422" logged out due to inactivity (timeout=30 minutes).
[2015/11/04 11:40:58.608] (WARN) Ignoring SIGTERM. It's not that easy to get rid of me.
[2015/11/04 11:40:58.608] (INFO) Rolling 7 log file(s)...
[2015/11/04 11:40:58.608] (INFO) Device 0x5aa6 is online.
[2015/11/04 11:40:58.608] (INFO) Pinging watchdog timer process: Process is alive.
[2015/11/04 11:40:58.608] (ERROR) Blocked Little Bobby Tables attack (https://xkcd.com/327/) from 10.170.168.79.
[2015/11/04 11:40:58.608] (INFO) User "kfn9538" logged in from 10.252.156.176.
[2015/11/04 11:40:58.608] (ERROR) Directory index of "/var/data" is forbidden.
[2015/11/04 11:40:58.608] (INFO) Sending SIGTERM to 2 excess workers.
[2015/11/04 11:40:58.608] (INFO) Backed up all server logs.
[2015/11/04 11:40:58.608] (INFO) Waiting for monitor process (PID 7742) to die.
[2015/11/04 11:40:58.608] (WARN) CPU temperature exceeds 40º Celsius.
[2015/11/04 11:40:58.608] (INFO) Device 0x74db is online.
[2015/11/04 11:40:58.608] (INFO) Checkpointing off-heap server memory...
[2015/11/04 11:40:58.608] (INFO) Flushed 63 buffers to disk.
[2015/11/04 11:40:58.608] (INFO) Device 0x115c is online.
[2015/11/04 11:40:58.608] (INFO) Supervisor has entered RUNNING state.
[2015/11/04 11:40:58.608] (WARN) Ignoring SIGTERM. It's not that easy to get rid of me.
[2015/11/04 11:40:58.608] (INFO) Device 0x6123 is online.
[2015/11/04 11:40:58.608] (INFO) Checked file systems for errors: All filesystems OK.
[2015/11/04 11:40:58.608] (INFO) Rolling 3 log file(s)...
[2015/11/04 11:40:58.608] (INFO) Supervisor has entered WAITING state.
[2015/11/04 11:40:58.608] (INFO) Flushed 95 buffers to disk.
[2015/11/04 11:40:58.608] (WARN) Unable to ping monitor at 172.16.231.146. Retrying.
[2015/11/04 11:40:58.608] (ERROR) Failed to write checkpoint file "/var/checkpoint/QFXta77210: No space left on device (ENOSPC)
[2015/11/04 11:40:58.608] (INFO) User "jyp7520" logged out due to inactivity (timeout=30 minutes).
[2015/11/04 11:40:58.608] (INFO) Device 0xa7fa is online.
[2015/11/04 11:40:58.608] (INFO) Device 0xea0b is online.
[2015/11/04 11:40:58.608] (INFO) Rolling 4 log file(s)...
[2015/11/04 11:40:58.608] (INFO) Sending SIGTERM to 2 excess workers.
[2015/11/04 11:40:58.608] (INFO) Alien monitor (aliend): Detected no space aliens.
[2015/11/04 11:40:58.608] (INFO) User "iyp2154" logged in from 10.4.246.150.
[2015/11/04 11:40:58.608] (INFO) Rolling 1 log file(s)...
[2015/11/04 11:40:58.608] (INFO) Alien monitor (aliend): Detected no space aliens.
[2015/11/04 11:40:58.608] (WARN) Unable to ping worker at 192.168.191.47. Retrying.
[2015/11/04 11:40:58.608] (INFO) Flushed 97 buffers to disk.
[2015/11/04 11:40:58.608] (INFO) Alien monitor (aliend): Detected no space aliens.
[2015/11/04 11:40:58.608] (INFO) Backed up all server logs.
[2015/11/04 11:40:58.608] (WARN) Ignoring SIGTERM. It's not that easy to get rid of me.
[2015/11/04 11:40:58.608] (INFO) Alien monitor (aliend): Detected no space aliens.
[2015/11/04 11:40:58.608] (ERROR) "/var/data/RFHoS77988.xml": Permission denied (EACCES)
[2015/11/04 11:40:58.608] (INFO) User "ukr2614" logged in from 10.115.45.148.
[2015/11/04 11:40:58.608] (INFO) Network heartbeat check: All OK.
[2015/11/04 11:40:58.608] (INFO) Network heartbeat check: All OK.
[2015/11/04 11:40:58.608] (WARN) Space on disk /dev/sdb3 is low: Only 597 MB available.
[2015/11/04 11:40:58.608] (INFO) Checkpointing off-heap server memory...
[2015/11/04 11:40:58.608] (INFO) Checked file systems for errors: All filesystems OK.
[2015/11/04 11:40:58.608] (INFO) Checkpointing off-heap server memory...
[2015/11/04 11:40:58.608] (INFO) Alien monitor (aliend): Detected no space aliens.
[2015/11/04 11:40:58.608] (WARN) Space on disk /dev/sdd1 is low: Only 553 MB available.
[2015/11/04 11:40:58.608] (INFO) Alien monitor (aliend): Detected no space aliens.
[2015/11/04 11:40:58.608] (WARN) Dropped 2,345 corrupt data packets.
[2015/11/04 11:40:58.608] (INFO) Device 0x0299 is online.
[2015/11/04 11:40:58.608] (INFO) Sending SIGTERM to 3 excess workers.
[2015/11/04 11:40:58.608] (INFO) Alien monitor (aliend): Detected no space aliens.
[2015/11/04 11:40:58.608] (WARN) Space on disk /dev/sdf3 is low: Only 465 MB available.
[2015/11/04 11:40:58.608] (INFO) Alien monitor (aliend): Detected no space aliens.
[2015/11/04 11:40:58.608] (INFO) Supervisor has entered SUSPENDED state.
[2015/11/04 11:40:58.608] (WARN) Unable to ping supervisor at 10.102.56.170. Retrying.
[2015/11/04 11:40:58.608] (INFO) Device 0xb047 is online.
[2015/11/04 11:40:58.608] (INFO) Sending SIGTERM to 3 excess workers.
[2015/11/04 11:40:58.608] (INFO) Network heartbeat check: All OK.
[2015/11/04 11:40:58.608] (INFO) Alien monitor (aliend): Detected no space aliens.
[2015/11/04 11:40:58.608] (WARN) Dropped 2,914 corrupt data packets.
[2015/11/04 11:40:58.608] (WARN) Space on disk /dev/sdb1 is low: Only 262 MB available.
[2015/11/04 11:40:58.608] (INFO) Checked file systems for errors: All filesystems OK.
[2015/11/04 11:40:58.608] (INFO) Supervisor has entered WAITING state.
[2015/11/04 11:40:58.608] (INFO) Waiting for supervisor process (PID 44591) to die.
[2015/11/04 11:40:58.608] (INFO) Your mother called. She says you never call her.
[2015/11/04 11:40:59.107] (INFO) Sending SIGTERM to 2 excess workers.
[2015/11/04 11:40:59.107] (WARN) Watchdog timer crashed. Restarting it.
[2015/11/04 11:40:59.107] (INFO) Flushed 86 buffers to disk.
[2015/11/04 11:40:59.107] (WARN) Network heartbeat check: 5 server(s) did not respond.
[2015/11/04 11:40:59.107] (INFO) Your mother called. She says you never call her.
[2015/11/04 11:40:59.107] (INFO) Supervisor has entered WAITING state.
[2015/11/04 11:40:59.107] (INFO) Device 0xa513 is online.
[2015/11/04 11:40:59.107] (ERROR) Network heartbeat check FAILED: Master host down?
[2015/11/04 11:40:59.107] (INFO) User "wes7544" logged in from 192.168.60.75.
[2015/11/04 11:40:59.107] (INFO) .evian ylbirret si emehcs otpyrc ym neht ,siht daer nac uoy fI
[2015/11/04 11:40:59.107] (INFO) Pinging watchdog timer process: Process is alive.
[2015/11/04 11:40:59.107] (INFO) Network heartbeat check: All OK.
[2015/11/04 11:40:59.107] (INFO) User "laf6440" logged out due to inactivity (timeout=30 minutes).
[2015/11/04 11:40:59.107] (INFO) Your mother called. She says you never call her.
[2015/11/04 11:40:59.107] (INFO) Rolling 4 log file(s)...
[2015/11/04 11:40:59.107] (INFO) Checked file systems for errors: All filesystems OK.
[2015/11/04 11:40:59.107] (WARN) Master took 732 ms to respond (threshold=500 ms)
[2015/11/04 11:40:59.107] (WARN) Ignoring SIGTERM. It's not that easy to get rid of me.
[2015/11/04 11:40:59.107] (INFO) Network heartbeat check: All OK.
[2015/11/04 11:40:59.107] (WARN) Dropped 6,240 corrupt data packets.
[2015/11/04 11:40:59.107] (WARN) There is no such thing as a free lunch.
[2015/11/04 11:40:59.107] (INFO) Pinging watchdog timer process: Process is alive.
[2015/11/04 11:40:59.107] (INFO) Alien monitor (aliend): Detected no space aliens.
[2015/11/04 11:40:59.107] (INFO) Alien monitor (aliend): Detected no space aliens.
[2015/11/04 11:40:59.107] (WARN) CPU temperature exceeds 40º Celsius.
[2015/11/04 11:40:59.107] (WARN) Network heartbeat check: 10 server(s) did not respond.
[2015/11/04 11:40:59.107] (INFO) Checkpointing off-heap server memory...
[2015/11/04 11:40:59.107] (INFO) Pinging watchdog timer process: Process is alive.
[2015/11/04 11:40:59.107] (INFO) Waiting for monitor process (PID 11206) to die.
[2015/11/04 11:40:59.107] (ERROR) Blocked SMTP traffic originating from 172.16.45.185.
[2015/11/04 11:40:59.107] (INFO) Backed up all server logs.
[2015/11/04 11:40:59.107] (WARN) Network heartbeat check: 8 server(s) did not respond.
[2015/11/04 11:40:59.107] (INFO) Waiting for supervisor process (PID 2489) to die.
[2015/11/04 11:40:59.107] (INFO) Checkpointing off-heap server memory...
[2015/11/04 11:40:59.107] (INFO) .evian ylbirret si emehcs otpyrc ym neht ,siht daer nac uoy fI
[2015/11/04 11:40:59.107] (INFO) Backed up all server logs.
[2015/11/04 11:40:59.107] (INFO) Waiting for monitor process (PID 22805) to die.
[2015/11/04 11:40:59.107] (INFO) Your mother called. She says you never call her.
[2015/11/04 11:40:59.107] (INFO) Alien monitor (aliend): Detected no space aliens.
[2015/11/04 11:40:59.107] (INFO) Alien monitor (aliend): Detected no space aliens.
[2015/11/04 11:40:59.107] (INFO) User "pen3527" logged out due to inactivity (timeout=30 minutes).
[2015/11/04 11:40:59.107] (INFO) Pinging watchdog timer process: Process is alive.
[2015/11/04 11:40:59.107] (INFO) Your mother called. She says you never call her.
[2015/11/04 11:40:59.107] (INFO) Flushed 36 buffers to disk.
[2015/11/04 11:40:59.107] (WARN) Watchdog timer crashed. Restarting it.
[2015/11/04 11:40:59.107] (INFO) Alien monitor (aliend): Detected no space aliens.
[2015/11/04 11:40:59.107] (INFO) Waiting for master process (PID 61605) to die.
[2015/11/04 11:40:59.107] (WARN) Ignoring SIGTERM. It's not that easy to get rid of me.
[2015/11/04 11:40:59.107] (INFO) Network heartbeat check: All OK.
[2015/11/04 11:40:59.107] (INFO) Rolling 5 log file(s)...
[2015/11/04 11:40:59.107] (INFO) Network heartbeat check: All OK.
[2015/11/04 11:40:59.107] (INFO) Device 0xe919 is online.
[2015/11/04 11:40:59.107] (INFO) .evian ylbirret si emehcs otpyrc ym neht ,siht daer nac uoy fI
[2015/11/04 11:40:59.107] (INFO) Sending SIGTERM to 2 excess workers.
[2015/11/04 11:40:59.107] (INFO) Checkpointing off-heap server memory...
[2015/11/04 11:40:59.107] (ERROR) EFOODFAIL (Waiter, there's a fly in my soup).
[2015/11/04 11:40:59.107] (INFO) Rolling 9 log file(s)...
[2015/11/04 11:40:59.107] (INFO) User "led5391" logged out due to inactivity (timeout=30 minutes).
[2015/11/04 11:40:59.107] (INFO) Flushed 93 buffers to disk.
[2015/11/04 11:40:59.107] (INFO) Flushed 59 buffers to disk.
[2015/11/04 11:40:59.107] (INFO) Waiting for supervisor process (PID 40319) to die.
[2015/11/04 11:40:59.107] (ERROR) Blocked Little Bobby Tables attack (https://xkcd.com/327/) from 10.60.26.16.
[2015/11/04 11:40:59.107] (INFO) .evian ylbirret si emehcs otpyrc ym neht ,siht daer nac uoy fI
[2015/11/04 11:40:59.107] (INFO) User "hhk2764" logged out.
[2015/11/04 11:40:59.107] (INFO) Checkpointing off-heap server memory...
[2015/11/04 11:40:59.107] (ERROR) Connection to 192.168.66.60 terminated unexpectedly. Reconnecting.
[2015/11/04 11:40:59.107] (INFO) User "ruu2682" logged out.
[2015/11/04 11:40:59.107] (INFO) Waiting for worker process (PID 53527) to die.
[2015/11/04 11:40:59.107] (INFO) Checkpointing off-heap server memory...
[2015/11/04 11:40:59.107] (INFO) Backed up all server logs.
[2015/11/04 11:40:59.107] (INFO) Waiting for master process (PID 21527) to die.
[2015/11/04 11:40:59.107] (INFO) Checkpointing off-heap server memory...
[2015/11/04 11:40:59.107] (INFO) Alien monitor (aliend): Detected no space aliens.
[2015/11/04 11:40:59.107] (INFO) User "fcs6167" logged out due to inactivity (timeout=30 minutes).
[2015/11/04 11:40:59.107] (WARN) There is no such thing as a free lunch.
[2015/11/04 11:40:59.107] (INFO) User "fed4751" logged in from 192.168.0.109.
[2015/11/04 11:40:59.107] (INFO) User "hyj5541" logged in from 192.168.14.152.
[2015/11/04 11:40:59.107] (ERROR) Extra characters at end of line.
[2015/11/04 11:40:59.107] (INFO) Checked file systems for errors: All filesystems OK.
[2015/11/04 11:40:59.107] (INFO) Device 0x65e6 is online.
[2015/11/04 11:40:59.107] (INFO) Device 0xdcc1 is online.
[2015/11/04 11:40:59.107] (INFO) Flushed 72 buffers to disk.
[2015/11/04 11:40:59.107] (INFO) User "vtt9648" logged out due to inactivity (timeout=30 minutes).
[2015/11/04 11:40:59.107] (INFO) Alien monitor (aliend): Detected no space aliens.
[2015/11/04 11:40:59.107] (INFO) Pinging watchdog timer process: Process is alive.
[2015/11/04 11:40:59.107] (INFO) Device 0x2793 is online.
[2015/11/04 11:40:59.107] (INFO) User "mnc6084" logged in from 10.173.46.106.
[2015/11/04 11:40:59.107] (INFO) User "pai5422" logged out.
[2015/11/04 11:40:59.107] (INFO) Device 0x8ebc is online.
[2015/11/04 11:40:59.107] (INFO) .evian ylbirret si emehcs otpyrc ym neht ,siht daer nac uoy fI
[2015/11/04 11:40:59.107] (INFO) User "snr7623" logged in from 172.16.100.59.
[2015/11/04 11:40:59.107] (ERROR) Server log backup FAILED. See backup logs.
[2015/11/04 11:40:59.107] (INFO) Device 0xac2b is online.
[2015/11/04 11:40:59.107] (INFO) Backed up all server logs.
[2015/11/04 11:40:59.107] (INFO) User "byv5248" logged out.
[2015/11/04 11:40:59.107] (INFO) Supervisor has entered WAITING state.
[2015/11/04 11:40:59.107] (INFO) Your mother called. She says you never call her.
[2015/11/04 11:40:59.107] (WARN) CPU temperature exceeds 40º Celsius.
[2015/11/04 11:40:59.107] (INFO) User "etc4658" logged in from 10.124.249.245.
[2015/11/04 11:40:59.107] (INFO) Backed up all server logs.
[2015/11/04 11:40:59.607] (WARN) Unable to ping supervisor at 10.102.71.161. Retrying.
[2015/11/04 11:40:59.607] (INFO) Checkpointing off-heap server memory...
[2015/11/04 11:40:59.607] (INFO) User "sgz7828" logged out.
[2015/11/04 11:40:59.607] (INFO) .evian ylbirret si emehcs otpyrc ym neht ,siht daer nac uoy fI
[2015/11/04 11:40:59.607] (INFO) Backed up all server logs.
[2015/11/04 11:40:59.607] (INFO) Sending SIGTERM to 3 excess workers.
[2015/11/04 11:40:59.607] (INFO) Pinging watchdog timer process: Process is alive.
[2015/11/04 11:40:59.607] (INFO) Your mother called. She says you never call her.
[2015/11/04 11:40:59.607] (INFO) Alien monitor (aliend): Detected no space aliens.
[2015/11/04 11:40:59.607] (INFO) Device 0xc33b is online.
[2015/11/04 11:40:59.607] (INFO) Pinging watchdog timer process: Process is alive.
[2015/11/04 11:40:59.607] (WARN) Network heartbeat check: 19 server(s) did not respond.
[2015/11/04 11:40:59.607] (ERROR) Detected incoming DDoS from 192.168.231.14.
[2015/11/04 11:40:59.607] (INFO) Device 0x4f8b is online.
[2015/11/04 11:40:59.607] (INFO) Backed up all server logs.
[2015/11/04 11:40:59.607] (INFO) User "ifz2608" logged in from 172.16.122.126.
[2015/11/04 11:40:59.607] (INFO) Pinging watchdog timer process: Process is alive.
[2015/11/04 11:40:59.607] (INFO) User "wtp2912" logged out.
[2015/11/04 11:40:59.607] (INFO) Rolling 8 log file(s)...
[2015/11/04 11:40:59.607] (ERROR) /dev/lp error: "PC LOAD LETTER"
[2015/11/04 11:40:59.607] (INFO) Alien monitor (aliend): Detected no space aliens.
[2015/11/04 11:40:59.607] (INFO) Your mother called. She says you never call her.
[2015/11/04 11:40:59.607] (INFO) Supervisor has entered SUSPENDED state.
[2015/11/04 11:40:59.607] (INFO) Checked file systems for errors: All filesystems OK.
[2015/11/04 11:40:59.607] (ERROR) "/var/data/LDQBX94402.xml": No such file or directory (ENOENT)
[2015/11/04 11:40:59.607] (INFO) Waiting for supervisor process (PID 60780) to die.
[2015/11/04 11:40:59.607] (INFO) Backed up all server logs.
[2015/11/04 11:40:59.607] (INFO) Your mother called. She says you never call her.
[2015/11/04 11:40:59.607] (INFO) .evian ylbirret si emehcs otpyrc ym neht ,siht daer nac uoy fI
[2015/11/04 11:40:59.607] (INFO) User "izc5416" logged in from 172.16.93.3.
[2015/11/04 11:40:59.607] (INFO) User "kwz3721" logged in from 192.168.23.169.
[2015/11/04 11:40:59.607] (ERROR) One of the flayrods has gone out askew on treadle.
[2015/11/04 11:40:59.607] (WARN) Backup server 192.168.69.63 is offline.
[2015/11/04 11:40:59.607] (INFO) Your mother called. She says you never call her.
[2015/11/04 11:40:59.607] (INFO) Checked file systems for errors: All filesystems OK.
[2015/11/04 11:40:59.607] (INFO) Checkpointing off-heap server memory...
[2015/11/04 11:40:59.607] (INFO) Waiting for supervisor process (PID 11919) to die.
[2015/11/04 11:40:59.607] (INFO) Flushed 55 buffers to disk.
[2015/11/04 11:40:59.607] (INFO) Device 0xd5c9 is online.
[2015/11/04 11:40:59.607] (INFO) Device 0xc6b4 is online.
[2015/11/04 11:40:59.607] (INFO) Checked file systems for errors: All filesystems OK.
[2015/11/04 11:40:59.607] (INFO) Pinging watchdog timer process: Process is alive.
[2015/11/04 11:40:59.607] (INFO) Sending SIGTERM to 2 excess workers.
[2015/11/04 11:40:59.607] (INFO) Waiting for worker process (PID 50163) to die.
[2015/11/04 11:40:59.607] (INFO) Device 0xeba4 is online.
[2015/11/04 11:40:59.607] (INFO) Your mother called. She says you never call her.
[2015/11/04 11:40:59.607] (INFO) Your mother called. She says you never call her.
[2015/11/04 11:40:59.607] (INFO) Backed up all server logs.
[2015/11/04 11:40:59.607] (WARN) Retrying server log checkpoint.
[2015/11/04 11:40:59.607] (ERROR) Unable to mount /dev/sdc3. (Time to run fsck?)
[2015/11/04 11:40:59.607] (WARN) Unable to ping monitor at 10.197.106.80. Retrying.
[2015/11/04 11:40:59.607] (INFO) Rolling 3 log file(s)...
[2015/11/04 11:40:59.607] (INFO) Waiting for master process (PID 6329) to die.
[2015/11/04 11:40:59.607] (INFO) Alien monitor (aliend): Detected no space aliens.
[2015/11/04 11:40:59.607] (INFO) Rolling 9 log file(s)...
[2015/11/04 11:40:59.607] (INFO) User "hvg6771" logged out.
[2015/11/04 11:40:59.607] (WARN) Possible cyber-attack from a small unnamed island.
[2015/11/04 11:40:59.607] (INFO) Pinging watchdog timer process: Process is alive.
[2015/11/04 11:40:59.607] (ERROR) /dev/lp error: "PC LOAD LETTER"
[2015/11/04 11:40:59.607] (INFO) Waiting for master process (PID 57760) to die.
[2015/11/04 11:40:59.607] (WARN) Backup server 192.168.69.10 is offline.
[2015/11/04 11:40:59.607] (INFO) Checkpointing off-heap server memory...
[2015/11/04 11:40:59.607] (INFO) Network heartbeat check: All OK.
[2015/11/04 11:40:59.607] (INFO) Waiting for supervisor process (PID 57561) to die.
[2015/11/04 11:40:59.607] (INFO) Supervisor has entered RESTARTING state.
[2015/11/04 11:40:59.607] (WARN) Backup server 172.16.215.112 is offline.
[2015/11/04 11:40:59.607] (WARN) Ignoring SIGTERM. It's not that easy to get rid of me.
[2015/11/04 11:40:59.607] (INFO) Network heartbeat check: All OK.
[2015/11/04 11:40:59.607] (INFO) Checkpointing off-heap server memory...
[2015/11/04 11:40:59.607] (WARN) CPU temperature exceeds 40º Celsius.
[2015/11/04 11:40:59.607] (INFO) Supervisor has entered RESTARTING state.
[2015/11/04 11:40:59.607] (INFO) Alien monitor (aliend): Detected no space aliens.
[2015/11/04 11:40:59.607] (INFO) Device 0x8cf7 is online.
[2015/11/04 11:40:59.607] (INFO) Checkpointing off-heap server memory...
[2015/11/04 11:40:59.607] (INFO) Checkpointing off-heap server memory...
[2015/11/04 11:40:59.607] (INFO) Sending SIGTERM to 3 excess workers.
[2015/11/04 11:40:59.607] (INFO) User "tjx9680" logged in from 192.168.113.245.
[2015/11/04 11:40:59.607] (ERROR) One of the flayrods has gone out askew on treadle.
[2015/11/04 11:40:59.607] (INFO) Alien monitor (aliend): Detected no space aliens.
[2015/11/04 11:40:59.607] (INFO) Waiting for master process (PID 39141) to die.
[2015/11/04 11:40:59.607] (INFO) Alien monitor (aliend): Detected no space aliens.
[2015/11/04 11:40:59.607] (INFO) Device 0x681e is online.
[2015/11/04 11:40:59.607] (INFO) Flushed 32 buffers to disk.
[2015/11/04 11:40:59.607] (WARN) Watchdog timer crashed. Restarting it.
[2015/11/04 11:40:59.607] (INFO) Network heartbeat check: All OK.
[2015/11/04 11:40:59.607] (INFO) Pinging watchdog timer process: Process is alive.
[2015/11/04 11:40:59.607] (INFO) Device 0x31ab is online.
[2015/11/04 11:40:59.607] (INFO) User "zvj4042" logged in from 172.16.156.25.
[2015/11/04 11:40:59.607] (WARN) Possible cyber-attack from Antarctica.
[2015/11/04 11:40:59.607] (INFO) User "cmt6653" logged out.
[2015/11/04 11:40:59.607] (INFO) Waiting for monitor process (PID 44697) to die.
[2015/11/04 11:40:59.607] (INFO) Supervisor has entered RUNNING state.
[2015/11/04 11:40:59.607] (INFO) Rolling 3 log file(s)...
[2015/11/04 11:40:59.607] (INFO) Sending SIGTERM to 3 excess workers.
[2015/11/04 11:40:59.607] (INFO) Waiting for worker process (PID 35470) to die.
[2015/11/04 11:40:59.607] (INFO) Rolling 5 log file(s)...
[2015/11/04 11:40:59.607] (INFO) Checked file systems for errors: All filesystems OK.
[2015/11/04 11:40:59.607] (INFO) Checked file systems for errors: All filesystems OK.
[2015/11/04 11:40:59.607] (INFO) Rolling 7 log file(s)...
[2015/11/04 11:40:59.607] (ERROR) EFOODFAIL (Waiter, there's a fly in my soup).
[2015/11/04 11:41:00.107] (INFO) Flushed 87 buffers to disk.
[2015/11/04 11:41:00.107] (INFO) Your mother called. She says you never call her.
[2015/11/04 11:41:00.107] (INFO) Your mother called. She says you never call her.
[2015/11/04 11:41:00.107] (ERROR) Blocked Little Bobby Tables attack (https://xkcd.com/327/) from 192.168.26.136.
[2015/11/04 11:41:00.107] (ERROR) /dev/lp error: "PC LOAD LETTER"
[2015/11/04 11:41:00.107] (INFO) Checkpointing off-heap server memory...
[2015/11/04 11:41:00.107] (INFO) User "tmo8197" logged in from 172.16.153.173.
[2015/11/04 11:41:00.107] (WARN) Possible cyber-attack from The Cayman Islands.
[2015/11/04 11:41:00.107] (INFO) Flushed 93 buffers to disk.
[2015/11/04 11:41:00.107] (ERROR) CPU temperature exceeds 50º Celsius. Shutting down.
[2015/11/04 11:41:00.107] (INFO) Checkpointing off-heap server memory...
[2015/11/04 11:41:00.107] (WARN) Watchdog timer crashed. Restarting it.
[2015/11/04 11:41:00.107] (INFO) .evian ylbirret si emehcs otpyrc ym neht ,siht daer nac uoy fI
[2015/11/04 11:41:00.107] (INFO) Rolling 5 log file(s)...
[2015/11/04 11:41:00.107] (INFO) Supervisor has entered WAITING state.
[2015/11/04 11:41:00.107] (WARN) Network heartbeat check: 13 server(s) did not respond.
[2015/11/04 11:41:00.107] (INFO) Alien monitor (aliend): Detected no space aliens.
[2015/11/04 11:41:00.107] (INFO) Flushed 23 buffers to disk.
[2015/11/04 11:41:00.107] (INFO) Flushed 37 buffers to disk.
[2015/11/04 11:41:00.107] (WARN) There is no such thing as a free lunch.
[2015/11/04 11:41:00.107] (ERROR) Network heartbeat check FAILED: Master host down?
[2015/11/04 11:41:00.107] (INFO) Waiting for supervisor process (PID 40485) to die.
[2015/11/04 11:41:00.107] (INFO) Waiting for monitor process (PID 12421) to die.
[2015/11/04 11:41:00.107] (INFO) Rolling 6 log file(s)...
[2015/11/04 11:41:00.107] (WARN) Ignoring SIGTERM. It's not that easy to get rid of me.
[2015/11/04 11:41:00.107] (INFO) Pinging watchdog timer process: Process is alive.
[2015/11/04 11:41:00.107] (ERROR) Failed to open "/mnt/fileserver01/qPYWZ94594.txt": NFS timeout.
[2015/11/04 11:41:00.107] (INFO) .evian ylbirret si emehcs otpyrc ym neht ,siht daer nac uoy fI
[2015/11/04 11:41:00.107] (INFO) Pinging watchdog timer process: Process is alive.
[2015/11/04 11:41:00.107] (INFO) Rolling 2 log file(s)...
[2015/11/04 11:41:00.107] (INFO) Alien monitor (aliend): Detected no space aliens.
[2015/11/04 11:41:00.107] (INFO) Alien monitor (aliend): Detected no space aliens.
[2015/11/04 11:41:00.107] (INFO) Waiting for monitor process (PID 22493) to die.
[2015/11/04 11:41:00.107] (ERROR) Unable to authenticate user "cxp2421": LDAP server isn't responding.
[2015/11/04 11:41:00.107] (INFO) .evian ylbirret si emehcs otpyrc ym neht ,siht daer nac uoy fI
[2015/11/04 11:41:00.107] (INFO) Alien monitor (aliend): Detected no space aliens.
[2015/11/04 11:41:00.107] (WARN) Master took 781 ms to respond (threshold=500 ms)
[2015/11/04 11:41:00.107] (INFO) Checkpointing off-heap server memory...
[2015/11/04 11:41:00.107] (INFO) User "vys9562" logged out due to inactivity (timeout=30 minutes).
[2015/11/04 11:41:00.107] (INFO) Checked file systems for errors: All filesystems OK.
[2015/11/04 11:41:00.107] (ERROR) CPU temperature exceeds 50º Celsius. Shutting down.
[2015/11/04 11:41:00.107] (INFO) .evian ylbirret si emehcs otpyrc ym neht ,siht daer nac uoy fI
[2015/11/04 11:41:00.107] (WARN) Watchdog timer crashed. Restarting it.
[2015/11/04 11:41:00.107] (INFO) Checked file systems for errors: All filesystems OK.
[2015/11/04 11:41:00.107] (INFO) Device 0x836a is online.
[2015/11/04 11:41:00.107] (INFO) Waiting for worker process (PID 27999) to die.
[2015/11/04 11:41:00.107] (INFO) Network heartbeat check: All OK.
[2015/11/04 11:41:00.107] (INFO) Sending SIGTERM to 2 excess workers.
[2015/11/04 11:41:00.107] (ERROR) Extra characters at end of line.
[2015/11/04 11:41:00.107] (INFO) Network heartbeat check: All OK.
[2015/11/04 11:41:00.107] (INFO) User "xmp3763" logged out due to inactivity (timeout=30 minutes).
[2015/11/04 11:41:00.107] (INFO) User "vxf1764" logged out.
[2015/11/04 11:41:00.107] (INFO) User "uad1632" logged out.
[2015/11/04 11:41:00.107] (INFO) Your mother called. She says you never call her.
[2015/11/04 11:41:00.107] (INFO) Alien monitor (aliend): Detected no space aliens.
[2015/11/04 11:41:00.107] (INFO) User "pxy7128" logged out.
[2015/11/04 11:41:00.107] (INFO) Pinging watchdog timer process: Process is alive.
[2015/11/04 11:41:00.107] (INFO) User "sby6041" logged in from 10.127.154.100.
[2015/11/04 11:41:00.107] (INFO) Supervisor has entered RUNNING state.
[2015/11/04 11:41:00.107] (INFO) User "qyh5397" logged in from 10.148.205.166.
[2015/11/04 11:41:00.107] (WARN) Unable to ping monitor at 10.234.177.153. Retrying.
[2015/11/04 11:41:00.107] (INFO) Device 0x7890 is online.
[2015/11/04 11:41:00.107] (INFO) Your mother called. She says you never call her.
[2015/11/04 11:41:00.107] (INFO) Device 0x0e43 is online.
[2015/11/04 11:41:00.107] (INFO) Sending SIGTERM to 4 excess workers.
[2015/11/04 11:41:00.107] (INFO) Device 0x40f0 is online.
[2015/11/04 11:41:00.107] (INFO) Rolling 1 log file(s)...
[2015/11/04 11:41:00.107] (INFO) Device 0xd0b0 is online.
[2015/11/04 11:41:00.107] (INFO) Network heartbeat check: All OK.
[2015/11/04 11:41:00.107] (INFO) Backed up all server logs.
[2015/11/04 11:41:00.107] (INFO) Backed up all server logs.
[2015/11/04 11:41:00.107] (ERROR) EFOODFAIL (Waiter, there's a fly in my soup).
[2015/11/04 11:41:00.107] (INFO) Your mother called. She says you never call her.
[2015/11/04 11:41:00.107] (INFO) Supervisor has entered SUSPENDED state.
[2015/11/04 11:41:00.107] (INFO) Rolling 4 log file(s)...
[2015/11/04 11:41:00.107] (INFO) Supervisor has entered SUSPENDED state.
[2015/11/04 11:41:00.107] (INFO) Waiting for supervisor process (PID 50893) to die.
[2015/11/04 11:41:00.107] (INFO) Network heartbeat check: All OK.
[2015/11/04 11:41:00.107] (INFO) Pinging watchdog timer process: Process is alive.
[2015/11/04 11:41:00.107] (INFO) Pinging watchdog timer process: Process is alive.
[2015/11/04 11:41:00.107] (INFO) User "qfg9251" logged in from 172.16.34.199.
[2015/11/04 11:41:00.107] (INFO) User "ivn2638" logged out due to inactivity (timeout=30 minutes).
[2015/11/04 11:41:00.107] (ERROR) "/var/data/vhZdM98327.xslx": Permission denied (EACCES)
[2015/11/04 11:41:00.107] (WARN) Possible cyber-attack from The Cayman Islands.
[2015/11/04 11:41:00.107] (ERROR) Detected clock skew! Restarting NTP server.
[2015/11/04 11:41:00.107] (INFO) Sending SIGTERM to 2 excess workers.
[2015/11/04 11:41:00.107] (INFO) User "foo9406" logged in from 10.215.65.61.
[2015/11/04 11:41:00.107] (INFO) User "xtk3227" logged out due to inactivity (timeout=30 minutes).
[2015/11/04 11:41:00.107] (INFO) .evian ylbirret si emehcs otpyrc ym neht ,siht daer nac uoy fI
[2015/11/04 11:41:00.107] (WARN) Watchdog timer crashed. Restarting it.
[2015/11/04 11:41:00.107] (INFO) Waiting for monitor process (PID 64382) to die.
[2015/11/04 11:41:00.107] (ERROR) Failed to write checkpoint file "/var/checkpoint/HzwKE88549: No space left on device (ENOSPC)
[2015/11/04 11:41:00.107] (WARN) Space on disk /dev/sdc1 is low: Only 761 MB available.
[2015/11/04 11:41:00.107] (INFO) Waiting for worker process (PID 29114) to die.
[2015/11/04 11:41:00.107] (INFO) User "fat4190" logged out due to inactivity (timeout=30 minutes).
[2015/11/04 11:41:00.108] (INFO) User "cxd3996" logged out.
[2015/11/04 11:41:00.108] (ERROR) Alien monitor (aliend): 2 space aliens are fiddling with the hardware!
[2015/11/04 11:41:00.108] (INFO) User "gpu8492" logged out.
[2015/11/04 11:41:00.108] (ERROR) CPU temperature exceeds 50º Celsius. Shutting down.
[2015/11/04 11:41:00.108] (INFO) Pinging watchdog timer process: Process is alive.
[2015/11/04 11:41:00.608] (INFO) User "sup6560" logged out due to inactivity (timeout=30 minutes).
[2015/11/04 11:41:00.608] (INFO) Flushed 94 buffers to disk.
[2015/11/04 11:41:00.608] (INFO) Backed up all server logs.
[2015/11/04 11:41:00.608] (INFO) Backed up all server logs.
[2015/11/04 11:41:00.608] (ERROR) EFOODFAIL (Waiter, there's a fly in my soup).
[2015/11/04 11:41:00.608] (INFO) Checked file systems for errors: All filesystems OK.
[2015/11/04 11:41:00.608] (ERROR) "/var/data/ZtEFK63906.tsv": No such file or directory (ENOENT)
[2015/11/04 11:41:00.608] (INFO) Device 0xa24d is online.
[2015/11/04 11:41:00.608] (INFO) Waiting for master process (PID 56102) to die.
[2015/11/04 11:41:00.608] (INFO) User "ahg6931" logged out.
[2015/11/04 11:41:00.608] (INFO) User "afk7040" logged out.
[2015/11/04 11:41:00.608] (ERROR) "/var/data/BFmkl63630.tar.gz": Permission denied (EACCES)
[2015/11/04 11:41:00.608] (INFO) Device 0x2ca5 is online.
[2015/11/04 11:41:00.608] (INFO) Device 0xd57a is online.
[2015/11/04 11:41:00.608] (INFO) Network heartbeat check: All OK.
[2015/11/04 11:41:00.608] (INFO) Checked file systems for errors: All filesystems OK.
[2015/11/04 11:41:00.608] (INFO) Backed up all server logs.
[2015/11/04 11:41:00.608] (INFO) .evian ylbirret si emehcs otpyrc ym neht ,siht daer nac uoy fI
[2015/11/04 11:41:00.608] (ERROR) Server log backup FAILED. See backup logs.
[2015/11/04 11:41:00.608] (INFO) Alien monitor (aliend): Detected no space aliens.
[2015/11/04 11:41:00.608] (INFO) Sending SIGTERM to 4 excess workers.
[2015/11/04 11:41:00.608] (INFO) Rolling 9 log file(s)...
[2015/11/04 11:41:00.608] (INFO) Network heartbeat check: All OK.
[2015/11/04 11:41:00.608] (INFO) User "pmr4246" logged in from 10.253.41.22.
[2015/11/04 11:41:00.608] (WARN) Unable to ping supervisor at 10.91.181.0. Retrying.
[2015/11/04 11:41:00.608] (INFO) Checked file systems for errors: All filesystems OK.
[2015/11/04 11:41:00.608] (INFO) Rolling 6 log file(s)...
[2015/11/04 11:41:00.608] (INFO) Checkpointing off-heap server memory...
[2015/11/04 11:41:00.608] (INFO) Pinging watchdog timer process: Process is alive.
[2015/11/04 11:41:00.608] (INFO) User "mzm9561" logged in from 172.16.209.83.
[2015/11/04 11:41:00.608] (INFO) User "jwm4332" logged out.
[2015/11/04 11:41:00.608] (INFO) User "xio4705" logged out due to inactivity (timeout=30 minutes).
[2015/11/04 11:41:00.608] (INFO) Flushed 99 buffers to disk.
[2015/11/04 11:41:00.608] (INFO) Alien monitor (aliend): Detected no space aliens.
[2015/11/04 11:41:00.608] (WARN) Space on disk /dev/sdd2 is low: Only 755 MB available.
[2015/11/04 11:41:00.608] (INFO) User "zoi2840" logged out.
[2015/11/04 11:41:00.608] (INFO) User "dcj3994" logged out due to inactivity (timeout=30 minutes).
[2015/11/04 11:41:00.608] (INFO) User "klo7063" logged out due to inactivity (timeout=30 minutes).
[2015/11/04 11:41:00.608] (INFO) Flushed 48 buffers to disk.
[2015/11/04 11:41:00.608] (ERROR) Directory index of "/var/data" is forbidden.
[2015/11/04 11:41:00.608] (INFO) Sending SIGTERM to 2 excess workers.
[2015/11/04 11:41:00.608] (INFO) Pinging watchdog timer process: Process is alive.
[2015/11/04 11:41:00.608] (INFO) Rolling 4 log file(s)...
[2015/11/04 11:41:00.608] (WARN) Unable to ping supervisor at 10.64.167.242. Retrying.
[2015/11/04 11:41:00.608] (ERROR) Unable to write to "/var/data/gpJLK82070.zip": Permission denied (EACCES)
[2015/11/04 11:41:00.608] (INFO) Checkpointing off-heap server memory...
[2015/11/04 11:41:00.608] (INFO) Backed up all server logs.
[2015/11/04 11:41:00.608] (INFO) Backed up all server logs.
[2015/11/04 11:41:00.608] (WARN) Dropped 8,577 corrupt data packets.
[2015/11/04 11:41:00.608] (INFO) Flushed 36 buffers to disk.
[2015/11/04 11:41:00.608] (INFO) Flushed 99 buffers to disk.
[2015/11/04 11:41:00.608] (INFO) Waiting for worker process (PID 58236) to die.
[2015/11/04 11:41:00.608] (INFO) User "rhd4627" logged out due to inactivity (timeout=30 minutes).
[2015/11/04 11:41:00.608] (INFO) Flushed 80 buffers to disk.
[2015/11/04 11:41:00.608] (WARN) Dropped 17,153 corrupt data packets.
[2015/11/04 11:41:00.608] (INFO) User "oxq9976" logged in from 10.30.53.253.
[2015/11/04 11:41:00.608] (INFO) Waiting for monitor process (PID 27091) to die.
[2015/11/04 11:41:00.608] (INFO) Sending SIGTERM to 3 excess workers.
[2015/11/04 11:41:00.608] (WARN) Ignoring SIGTERM. It's not that easy to get rid of me.
[2015/11/04 11:41:00.608] (INFO) User "lte4091" logged out.
[2015/11/04 11:41:00.608] (INFO) Rolling 1 log file(s)...
[2015/11/04 11:41:00.608] (INFO) Waiting for monitor process (PID 2550) to die.
[2015/11/04 11:41:00.608] (WARN) Unable to ping monitor at 172.16.118.154. Retrying.
[2015/11/04 11:41:00.608] (INFO) Sending SIGTERM to 3 excess workers.
[2015/11/04 11:41:00.608] (INFO) User "tir8682" logged out.
[2015/11/04 11:41:00.608] (INFO) Checked file systems for errors: All filesystems OK.
[2015/11/04 11:41:00.608] (WARN) There is no such thing as a free lunch.
[2015/11/04 11:41:00.608] (INFO) Checkpointing off-heap server memory...
[2015/11/04 11:41:00.608] (INFO) Device 0x6a29 is online.
[2015/11/04 11:41:00.608] (INFO) Checkpointing off-heap server memory...
[2015/11/04 11:41:00.608] (INFO) Supervisor has entered WAITING state.
[2015/11/04 11:41:00.608] (INFO) Rolling 3 log file(s)...
[2015/11/04 11:41:00.608] (INFO) Flushed 82 buffers to disk.
[2015/11/04 11:41:00.608] (INFO) Checkpointing off-heap server memory...
[2015/11/04 11:41:00.608] (INFO) Checked file systems for errors: All filesystems OK.
[2015/11/04 11:41:00.608] (INFO) User "rii6110" logged out due to inactivity (timeout=30 minutes).
[2015/11/04 11:41:00.608] (INFO) Sending SIGTERM to 2 excess workers.
[2015/11/04 11:41:00.608] (INFO) Checkpointing off-heap server memory...
[2015/11/04 11:41:00.608] (INFO) Rolling 7 log file(s)...
[2015/11/04 11:41:00.608] (ERROR) Detected incoming DDoS from 172.16.59.17.
[2015/11/04 11:41:00.608] (INFO) User "qcg7699" logged out due to inactivity (timeout=30 minutes).
[2015/11/04 11:41:00.608] (INFO) User "xlf5278" logged out due to inactivity (timeout=30 minutes).
[2015/11/04 11:41:00.608] (INFO) Network heartbeat check: All OK.
[2015/11/04 11:41:00.608] (INFO) Network heartbeat check: All OK.
[2015/11/04 11:41:00.608] (ERROR) User "dck1759" failed to log in 3 times. Disabling account.
[2015/11/04 11:41:00.608] (INFO) Network heartbeat check: All OK.
[2015/11/04 11:41:00.608] (ERROR) Failed to write checkpoint file "/var/checkpoint/oDCQb73137: No space left on device (ENOSPC)
[2015/11/04 11:41:00.608] (ERROR) Failed to open "/mnt/fileserver02/yYCKh57431.xml": NFS timeout.
[2015/11/04 11:41:00.608] (INFO) Device 0x1071 is online.
[2015/11/04 11:41:00.608] (INFO) User "kvx9695" logged out.
[2015/11/04 11:41:00.608] (INFO) Checked file systems for errors: All filesystems OK.
[2015/11/04 11:41:00.608] (INFO) Sending SIGTERM to 3 excess workers.
[2015/11/04 11:41:00.608] (INFO) Rolling 6 log file(s)...
[2015/11/04 11:41:00.608] (INFO) User "sra8823" logged in from 172.16.205.220.
[2015/11/04 11:41:00.608] (INFO) Rolling 8 log file(s)...
[2015/11/04 11:41:00.608] (INFO) Checked file systems for errors: All filesystems OK.
[2015/11/04 11:41:00.608] (WARN) Possible cyber-attack from Alpha Centauri.
[2015/11/04 11:41:00.608] (INFO) User "uyl7107" logged out.
[2015/11/04 11:41:00.608] (ERROR) "/var/data/AMjtI67240.xml": Permission denied (EACCES)
[2015/11/04 11:41:00.608] (INFO) User "cym1886" logged in from 172.16.233.252.
[2015/11/04 11:41:01.107] (INFO) Checkpointing off-heap server memory...
[2015/11/04 11:41:01.107] (INFO) Alien monitor (aliend): Detected no space aliens.
[2015/11/04 11:41:01.107] (INFO) User "scg5034" logged out.
[2015/11/04 11:41:01.107] (INFO) Your mother called. She says you never call her.
[2015/11/04 11:41:01.107] (INFO) Waiting for supervisor process (PID 21058) to die.
[2015/11/04 11:41:01.107] (INFO) Flushed 50 buffers to disk.
[2015/11/04 11:41:01.107] (INFO) Device 0x646d is online.
[2015/11/04 11:41:01.107] (INFO) Supervisor has entered SUSPENDED state.
[2015/11/04 11:41:01.107] (INFO) Alien monitor (aliend): Detected no space aliens.
[2015/11/04 11:41:01.107] (ERROR) Blocked SSH traffic originating from 192.168.86.98.
[2015/11/04 11:41:01.107] (INFO) User "dcl8393" logged in from 10.207.6.7.
[2015/11/04 11:41:01.107] (INFO) Sending SIGTERM to 4 excess workers.
[2015/11/04 11:41:01.107] (ERROR) Server log backup FAILED. See backup logs.
[2015/11/04 11:41:01.107] (INFO) Pinging watchdog timer process: Process is alive.
[2015/11/04 11:41:01.107] (INFO) .evian ylbirret si emehcs otpyrc ym neht ,siht daer nac uoy fI
[2015/11/04 11:41:01.107] (INFO) .evian ylbirret si emehcs otpyrc ym neht ,siht daer nac uoy fI
[2015/11/04 11:41:01.107] (INFO) Rolling 7 log file(s)...
[2015/11/04 11:41:01.107] (INFO) Checked file systems for errors: All filesystems OK.
[2015/11/04 11:41:01.107] (INFO) Backed up all server logs.
[2015/11/04 11:41:01.107] (INFO) User "hsp6117" logged out.
[2015/11/04 11:41:01.107] (INFO) Checkpointing off-heap server memory...
[2015/11/04 11:41:01.107] (INFO) Checkpointing off-heap server memory...
[2015/11/04 11:41:01.107] (INFO) Pinging watchdog timer process: Process is alive.
[2015/11/04 11:41:01.107] (INFO) Rolling 7 log file(s)...
[2015/11/04 11:41:01.107] (INFO) User "cys2878" logged out due to inactivity (timeout=30 minutes).
[2015/11/04 11:41:01.107] (INFO) Supervisor has entered RUNNING state.
[2015/11/04 11:41:01.107] (INFO) Waiting for worker process (PID 8485) to die.
[2015/11/04 11:41:01.107] (INFO) Sending SIGTERM to 3 excess workers.
[2015/11/04 11:41:01.107] (INFO) Waiting for monitor process (PID 6233) to die.
[2015/11/04 11:41:01.107] (INFO) Backed up all server logs.
[2015/11/04 11:41:01.107] (INFO) Your mother called. She says you never call her.
[2015/11/04 11:41:01.107] (INFO) Sending SIGTERM to 3 excess workers.
[2015/11/04 11:41:01.107] (INFO) Alien monitor (aliend): Detected no space aliens.
[2015/11/04 11:41:01.107] (INFO) Checkpointing off-heap server memory...
[2015/11/04 11:41:01.107] (INFO) Checkpointing off-heap server memory...
[2015/11/04 11:41:01.107] (INFO) Rolling 7 log file(s)...
[2015/11/04 11:41:01.107] (INFO) Network heartbeat check: All OK.
[2015/11/04 11:41:01.107] (INFO) .evian ylbirret si emehcs otpyrc ym neht ,siht daer nac uoy fI
[2015/11/04 11:41:01.107] (ERROR) Failed to open "/mnt/fileserver02/THZmp95508.csv": NFS timeout.
[2015/11/04 11:41:01.107] (INFO) User "cfs8383" logged in from 192.168.143.87.
[2015/11/04 11:41:01.107] (INFO) Flushed 66 buffers to disk.
[2015/11/04 11:41:01.107] (WARN) Space on disk /dev/sdb1 is low: Only 309 MB available.
[2015/11/04 11:41:01.107] (INFO) Network heartbeat check: All OK.
[2015/11/04 11:41:01.107] (INFO) Your mother called. She says you never call her.
[2015/11/04 11:41:01.107] (INFO) User "aww3212" logged out.
[2015/11/04 11:41:01.107] (INFO) Checked file systems for errors: All filesystems OK.
[2015/11/04 11:41:01.107] (WARN) Space on disk /dev/sdd1 is low: Only 581 MB available.
[2015/11/04 11:41:01.107] (INFO) Alien monitor (aliend): Detected no space aliens.
[2015/11/04 11:41:01.107] (INFO) Supervisor has entered WAITING state.
[2015/11/04 11:41:01.107] (WARN) Possible cyber-attack from The Cayman Islands.
[2015/11/04 11:41:01.107] (INFO) Checkpointing off-heap server memory...
[2015/11/04 11:41:01.107] (ERROR) EFOODFAIL (Waiter, there's a fly in my soup).
[2015/11/04 11:41:01.107] (INFO) Backed up all server logs.
[2015/11/04 11:41:01.107] (INFO) Sending SIGTERM to 2 excess workers.
[2015/11/04 11:41:01.107] (ERROR) Blocked Little Bobby Tables attack (https://xkcd.com/327/) from 172.16.71.88.
[2015/11/04 11:41:01.107] (INFO) Rolling 1 log file(s)...
[2015/11/04 11:41:01.107] (INFO) Flushed 66 buffers to disk.
[2015/11/04 11:41:01.107] (INFO) Your mother called. She says you never call her.
[2015/11/04 11:41:01.107] (INFO) Pinging watchdog timer process: Process is alive.
[2015/11/04 11:41:01.107] (ERROR) Directory index of "/var/data" is forbidden.
[2015/11/04 11:41:01.107] (INFO) Supervisor has entered RUNNING state.
[2015/11/04 11:41:01.107] (INFO) Pinging watchdog timer process: Process is alive.
[2015/11/04 11:41:01.107] (INFO) Pinging watchdog timer process: Process is alive.
[2015/11/04 11:41:01.107] (WARN) CPU temperature exceeds 40º Celsius.
[2015/11/04 11:41:01.107] (WARN) Watchdog timer crashed. Restarting it.
[2015/11/04 11:41:01.107] (INFO) Flushed 33 buffers to disk.
[2015/11/04 11:41:01.107] (INFO) User "qbl5302" logged in from 172.16.192.132.
[2015/11/04 11:41:01.107] (INFO) Waiting for master process (PID 60544) to die.
[2015/11/04 11:41:01.107] (ERROR) Device 0x2010 is offline
[2015/11/04 11:41:01.107] (INFO) Network heartbeat check: All OK.
[2015/11/04 11:41:01.107] (INFO) Rolling 4 log file(s)...
[2015/11/04 11:41:01.107] (INFO) Alien monitor (aliend): Detected no space aliens.
[2015/11/04 11:41:01.107] (INFO) Your mother called. She says you never call her.
[2015/11/04 11:41:01.107] (INFO) Device 0x8c9d is online.
[2015/11/04 11:41:01.107] (INFO) User "zrz9222" logged out due to inactivity (timeout=30 minutes).
[2015/11/04 11:41:01.107] (INFO) User "ori6893" logged in from 172.16.46.173.
[2015/11/04 11:41:01.107] (INFO) Supervisor has entered RUNNING state.
[2015/11/04 11:41:01.107] (INFO) Pinging watchdog timer process: Process is alive.
[2015/11/04 11:41:01.107] (WARN) CPU temperature exceeds 40º Celsius.
[2015/11/04 11:41:01.107] (INFO) Flushed 26 buffers to disk.
[2015/11/04 11:41:01.107] (ERROR) Alien monitor (aliend): 2 space aliens are fiddling with the hardware!
[2015/11/04 11:41:01.107] (INFO) Supervisor has entered RUNNING state.
[2015/11/04 11:41:01.107] (INFO) Alien monitor (aliend): Detected no space aliens.
[2015/11/04 11:41:01.107] (INFO) Rolling 3 log file(s)...
[2015/11/04 11:41:01.107] (INFO) .evian ylbirret si emehcs otpyrc ym neht ,siht daer nac uoy fI
[2015/11/04 11:41:01.107] (INFO) Backed up all server logs.
[2015/11/04 11:41:01.107] (ERROR) Blocked Little Bobby Tables attack (https://xkcd.com/327/) from 192.168.253.161.
[2015/11/04 11:41:01.107] (INFO) Network heartbeat check: All OK.
[2015/11/04 11:41:01.107] (INFO) Network heartbeat check: All OK.
[2015/11/04 11:41:01.107] (INFO) User "tgx2977" logged out.
[2015/11/04 11:41:01.107] (INFO) User "wtx4814" logged in from 172.16.7.92.
[2015/11/04 11:41:01.107] (INFO) Supervisor has entered SUSPENDED state.
[2015/11/04 11:41:01.107] (INFO) Your mother called. She says you never call her.
[2015/11/04 11:41:01.107] (INFO) Checkpointing off-heap server memory...
[2015/11/04 11:41:01.107] (INFO) User "efp7728" logged out.
[2015/11/04 11:41:01.107] (INFO) Pinging watchdog timer process: Process is alive.
[2015/11/04 11:41:01.107] (INFO) Pinging watchdog timer process: Process is alive.
[2015/11/04 11:41:01.107] (WARN) Network heartbeat check: 18 server(s) did not respond.
[2015/11/04 11:41:01.107] (INFO) Your mother called. She says you never call her.
[2015/11/04 11:41:01.107] (WARN) CPU temperature exceeds 40º Celsius.
[2015/11/04 11:41:01.607] (ERROR) Server log backup FAILED. See backup logs.
[2015/11/04 11:41:01.607] (ERROR) Blocked BitTorrent traffic originating from 172.16.156.165.
[2015/11/04 11:41:01.607] (INFO) Backed up all server logs.
[2015/11/04 11:41:01.607] (INFO) Network heartbeat check: All OK.
[2015/11/04 11:41:01.607] (WARN) Dropped 17,149 corrupt data packets.
[2015/11/04 11:41:01.607] (INFO) User "vks5990" logged out due to inactivity (timeout=30 minutes).
[2015/11/04 11:41:01.607] (INFO) Network heartbeat check: All OK.
[2015/11/04 11:41:01.607] (ERROR) Extra characters at end of line.
[2015/11/04 11:41:01.607] (INFO) Network heartbeat check: All OK.
[2015/11/04 11:41:01.607] (ERROR) Failed to open "/mnt/fileserver02/UTvxW64411.csv": NFS timeout.
[2015/11/04 11:41:01.607] (INFO) Alien monitor (aliend): Detected no space aliens.
[2015/11/04 11:41:01.607] (INFO) .evian ylbirret si emehcs otpyrc ym neht ,siht daer nac uoy fI
[2015/11/04 11:41:01.607] (INFO) Checked file systems for errors: All filesystems OK.
[2015/11/04 11:41:01.607] (INFO) User "pbp8515" logged out due to inactivity (timeout=30 minutes).
[2015/11/04 11:41:01.607] (INFO) Checkpointing off-heap server memory...
[2015/11/04 11:41:01.607] (INFO) Backed up all server logs.
[2015/11/04 11:41:01.607] (INFO) Checkpointing off-heap server memory...
[2015/11/04 11:41:01.607] (INFO) User "lck2092" logged out.
[2015/11/04 11:41:01.607] (INFO) Device 0x62cf is online.
[2015/11/04 11:41:01.607] (INFO) User "ple9986" logged out.
[2015/11/04 11:41:01.607] (INFO) Backed up all server logs.
[2015/11/04 11:41:01.607] (INFO) Rolling 9 log file(s)...
[2015/11/04 11:41:01.607] (ERROR) Network heartbeat check FAILED: Master host down?
[2015/11/04 11:41:01.607] (INFO) Supervisor has entered RUNNING state.
[2015/11/04 11:41:01.607] (INFO) User "ter2320" logged out due to inactivity (timeout=30 minutes).
[2015/11/04 11:41:01.607] (INFO) .evian ylbirret si emehcs otpyrc ym neht ,siht daer nac uoy fI
[2015/11/04 11:41:01.607] (INFO) User "wwt1040" logged out.
[2015/11/04 11:41:01.607] (INFO) User "cpu1056" logged out.
[2015/11/04 11:41:01.607] (INFO) Flushed 80 buffers to disk.
[2015/11/04 11:41:01.607] (INFO) Pinging watchdog timer process: Process is alive.
[2015/11/04 11:41:01.607] (INFO) Network heartbeat check: All OK.
[2015/11/04 11:41:01.607] (INFO) User "gub7685" logged out.
[2015/11/04 11:41:01.607] (INFO) Waiting for monitor process (PID 59132) to die.
[2015/11/04 11:41:01.607] (INFO) Flushed 45 buffers to disk.
[2015/11/04 11:41:01.607] (INFO) Waiting for monitor process (PID 36229) to die.
[2015/11/04 11:41:01.607] (ERROR) /dev/lp error: "PC LOAD LETTER"
[2015/11/04 11:41:01.607] (INFO) Network heartbeat check: All OK.
[2015/11/04 11:41:01.607] (INFO) Alien monitor (aliend): Detected no space aliens.
[2015/11/04 11:41:01.607] (INFO) Sending SIGTERM to 3 excess workers.
[2015/11/04 11:41:01.607] (INFO) Flushed 45 buffers to disk.
[2015/11/04 11:41:01.607] (INFO) Rolling 7 log file(s)...
[2015/11/04 11:41:01.607] (ERROR) Connection to 192.168.158.168 terminated unexpectedly. Reconnecting.
[2015/11/04 11:41:01.607] (INFO) Waiting for master process (PID 59285) to die.
[2015/11/04 11:41:01.607] (INFO) Device 0x77a5 is online.
[2015/11/04 11:41:01.607] (INFO) Pinging watchdog timer process: Process is alive.
[2015/11/04 11:41:01.607] (INFO) Sending SIGTERM to 3 excess workers.
[2015/11/04 11:41:01.607] (INFO) Alien monitor (aliend): Detected no space aliens.
[2015/11/04 11:41:01.607] (INFO) Your mother called. She says you never call her.
[2015/11/04 11:41:01.607] (WARN) Retrying server log checkpoint.
[2015/11/04 11:41:01.607] (INFO) User "aic6624" logged out due to inactivity (timeout=30 minutes).
[2015/11/04 11:41:01.607] (WARN) Backup server 10.160.145.194 is offline.
[2015/11/04 11:41:01.607] (WARN) Retrying server log checkpoint.
[2015/11/04 11:41:01.607] (INFO) Your mother called. She says you never call her.
[2015/11/04 11:41:01.607] (WARN) Backup server 172.16.144.238 is offline.
[2015/11/04 11:41:01.607] (INFO) User "kzr2635" logged out.
[2015/11/04 11:41:01.607] (INFO) Waiting for master process (PID 64721) to die.
[2015/11/04 11:41:01.607] (INFO) Device 0x630b is online.
[2015/11/04 11:41:01.607] (INFO) Pinging watchdog timer process: Process is alive.
[2015/11/04 11:41:01.607] (INFO) Your mother called. She says you never call her.
[2015/11/04 11:41:01.607] (INFO) User "jov2942" logged out.
[2015/11/04 11:41:01.607] (INFO) Supervisor has entered WAITING state.
[2015/11/04 11:41:01.607] (INFO) Device 0xf1d1 is online.
[2015/11/04 11:41:01.607] (ERROR) Unable to authenticate user "plk7545": LDAP server isn't responding.
[2015/11/04 11:41:01.607] (INFO) Checkpointing off-heap server memory...
[2015/11/04 11:41:01.607] (INFO) .evian ylbirret si emehcs otpyrc ym neht ,siht daer nac uoy fI
[2015/11/04 11:41:01.607] (INFO) .evian ylbirret si emehcs otpyrc ym neht ,siht daer nac uoy fI
[2015/11/04 11:41:01.607] (INFO) Device 0x455f is online.
[2015/11/04 11:41:01.607] (WARN) Ignoring SIGTERM. It's not that easy to get rid of me.
[2015/11/04 11:41:01.607] (INFO) Supervisor has entered RUNNING state.
[2015/11/04 11:41:01.607] (INFO) Rolling 2 log file(s)...
[2015/11/04 11:41:01.607] (ERROR) CPU temperature exceeds 50º Celsius. Shutting down.
[2015/11/04 11:41:01.607] (INFO) Your mother called. She says you never call her.
[2015/11/04 11:41:01.607] (INFO) User "wlj2924" logged out.
[2015/11/04 11:41:01.607] (WARN) Possible cyber-attack from Nebraska.
[2015/11/04 11:41:01.607] (ERROR) Blocked SMTP traffic originating from 192.168.216.1.
[2015/11/04 11:41:01.607] (ERROR) Blocked Little Bobby Tables attack (https://xkcd.com/327/) from 172.16.140.247.
[2015/11/04 11:41:01.607] (INFO) .evian ylbirret si emehcs otpyrc ym neht ,siht daer nac uoy fI
[2015/11/04 11:41:01.607] (INFO) Alien monitor (aliend): Detected no space aliens.
[2015/11/04 11:41:01.607] (ERROR) /dev/lp error: "PC LOAD LETTER"
[2015/11/04 11:41:01.607] (INFO) Flushed 77 buffers to disk.
[2015/11/04 11:41:01.607] (WARN) There is no such thing as a free lunch.
[2015/11/04 11:41:01.607] (INFO) Your mother called. She says you never call her.
[2015/11/04 11:41:01.607] (INFO) Flushed 88 buffers to disk.
[2015/11/04 11:41:01.607] (INFO) Supervisor has entered WAITING state.
[2015/11/04 11:41:01.607] (INFO) User "mas3641" logged out due to inactivity (timeout=30 minutes).
[2015/11/04 11:41:01.607] (INFO) .evian ylbirret si emehcs otpyrc ym neht ,siht daer nac uoy fI
[2015/11/04 11:41:01.607] (INFO) User "bnc3321" logged out due to inactivity (timeout=30 minutes).
[2015/11/04 11:41:01.607] (INFO) Flushed 42 buffers to disk.
[2015/11/04 11:41:01.607] (INFO) Pinging watchdog timer process: Process is alive.
[2015/11/04 11:41:01.607] (INFO) .evian ylbirret si emehcs otpyrc ym neht ,siht daer nac uoy fI
[2015/11/04 11:41:01.607] (INFO) Flushed 63 buffers to disk.
[2015/11/04 11:41:01.607] (INFO) Backed up all server logs.
[2015/11/04 11:41:01.607] (INFO) Pinging watchdog timer process: Process is alive.
[2015/11/04 11:41:01.607] (INFO) Device 0xe50d is online.
[2015/11/04 11:41:01.607] (INFO) Sending SIGTERM to 3 excess workers.
[2015/11/04 11:41:01.607] (INFO) Network heartbeat check: All OK.
[2015/11/04 11:41:01.607] (INFO) Rolling 2 log file(s)...
[2015/11/04 11:41:01.607] (ERROR) Extra characters at end of line.
[2015/11/04 11:41:01.607] (INFO) User "pwz3458" logged out.
[2015/11/04 11:41:01.607] (INFO) Supervisor has entered RESTARTING state.
[2015/11/04 11:41:02.107] (INFO) Your mother called. She says you never call her.
[2015/11/04 11:41:02.107] (INFO) Supervisor has entered RESTARTING state.
[2015/11/04 11:41:02.107] (ERROR) Unable to write to "/var/data/ChSrk77218.tsv": Permission denied (EACCES)
[2015/11/04 11:41:02.107] (INFO) User "skm9196" logged out.
[2015/11/04 11:41:02.107] (INFO) Checkpointing off-heap server memory...
[2015/11/04 11:41:02.107] (WARN) Backup server 172.16.171.197 is offline.
[2015/11/04 11:41:02.107] (INFO) Rolling 3 log file(s)...
[2015/11/04 11:41:02.107] (INFO) .evian ylbirret si emehcs otpyrc ym neht ,siht daer nac uoy fI
[2015/11/04 11:41:02.107] (WARN) Unable to ping supervisor at 192.168.142.224. Retrying.
[2015/11/04 11:41:02.107] (INFO) Alien monitor (aliend): Detected no space aliens.
[2015/11/04 11:41:02.107] (INFO) Flushed 84 buffers to disk.
[2015/11/04 11:41:02.107] (INFO) Your mother called. She says you never call her.
[2015/11/04 11:41:02.107] (INFO) Rolling 2 log file(s)...
[2015/11/04 11:41:02.107] (INFO) Sending SIGTERM to 2 excess workers.
[2015/11/04 11:41:02.107] (INFO) Your mother called. She says you never call her.
[2015/11/04 11:41:02.107] (INFO) Sending SIGTERM to 4 excess workers.
[2015/11/04 11:41:02.107] (INFO) Waiting for supervisor process (PID 20127) to die.
[2015/11/04 11:41:02.107] (INFO) Pinging watchdog timer process: Process is alive.
[2015/11/04 11:41:02.107] (INFO) Device 0xf37c is online.
[2015/11/04 11:41:02.107] (INFO) Sending SIGTERM to 3 excess workers.
[2015/11/04 11:41:02.107] (INFO) Flushed 24 buffers to disk.
[2015/11/04 11:41:02.107] (INFO) Flushed 58 buffers to disk.
[2015/11/04 11:41:02.107] (WARN) Retrying server log checkpoint.
[2015/11/04 11:41:02.107] (INFO) Your mother called. She says you never call her.
[2015/11/04 11:41:02.107] (INFO) User "yjq2013" logged out.
[2015/11/04 11:41:02.107] (INFO) Pinging watchdog timer process: Process is alive.
[2015/11/04 11:41:02.107] (ERROR) Server log backup FAILED. See backup logs.
[2015/11/04 11:41:02.107] (INFO) Pinging watchdog timer process: Process is alive.
[2015/11/04 11:41:02.107] (INFO) Rolling 7 log file(s)...
[2015/11/04 11:41:02.107] (WARN) Possible cyber-attack from Antarctica.
[2015/11/04 11:41:02.107] (INFO) Sending SIGTERM to 2 excess workers.
[2015/11/04 11:41:02.107] (INFO) Supervisor has entered RESTARTING state.
[2015/11/04 11:41:02.107] (INFO) Checkpointing off-heap server memory...
[2015/11/04 11:41:02.107] (ERROR) Detected incoming DDoS from 172.16.89.105.
[2015/11/04 11:41:02.107] (INFO) User "yev7802" logged out due to inactivity (timeout=30 minutes).
[2015/11/04 11:41:02.107] (INFO) Your mother called. She says you never call her.
[2015/11/04 11:41:02.107] (INFO) .evian ylbirret si emehcs otpyrc ym neht ,siht daer nac uoy fI
[2015/11/04 11:41:02.107] (INFO) User "uic7804" logged in from 10.219.61.221.
[2015/11/04 11:41:02.107] (INFO) Device 0x6ef8 is online.
[2015/11/04 11:41:02.107] (INFO) Checked file systems for errors: All filesystems OK.
[2015/11/04 11:41:02.107] (INFO) .evian ylbirret si emehcs otpyrc ym neht ,siht daer nac uoy fI
[2015/11/04 11:41:02.107] (INFO) .evian ylbirret si emehcs otpyrc ym neht ,siht daer nac uoy fI
[2015/11/04 11:41:02.107] (INFO) User "exn4086" logged out due to inactivity (timeout=30 minutes).
[2015/11/04 11:41:02.107] (WARN) CPU temperature exceeds 40º Celsius.
[2015/11/04 11:41:02.107] (ERROR) Connection to 172.16.220.237 terminated unexpectedly. Reconnecting.
[2015/11/04 11:41:02.107] (INFO) Supervisor has entered RUNNING state.
[2015/11/04 11:41:02.107] (INFO) Backed up all server logs.
[2015/11/04 11:41:02.107] (INFO) Checked file systems for errors: All filesystems OK.
[2015/11/04 11:41:02.107] (INFO) Backed up all server logs.
[2015/11/04 11:41:02.107] (INFO) Flushed 63 buffers to disk.
[2015/11/04 11:41:02.107] (WARN) Backup server 10.131.211.231 is offline.
[2015/11/04 11:41:02.107] (INFO) Sending SIGTERM to 3 excess workers.
[2015/11/04 11:41:02.107] (INFO) Waiting for worker process (PID 45826) to die.
[2015/11/04 11:41:02.107] (INFO) Device 0x59e0 is online.
[2015/11/04 11:41:02.107] (INFO) Pinging watchdog timer process: Process is alive.
[2015/11/04 11:41:02.107] (INFO) User "fpz4407" logged in from 10.149.102.89.
[2015/11/04 11:41:02.107] (INFO) Flushed 33 buffers to disk.
[2015/11/04 11:41:02.107] (ERROR) /dev/lp error: "PC LOAD LETTER"
[2015/11/04 11:41:02.107] (INFO) Pinging watchdog timer process: Process is alive.
[2015/11/04 11:41:02.107] (WARN) Ignoring SIGTERM. It's not that easy to get rid of me.
[2015/11/04 11:41:02.107] (ERROR) "/var/data/FuGSw99048.tar.gz": No such file or directory (ENOENT)
[2015/11/04 11:41:02.107] (INFO) Pinging watchdog timer process: Process is alive.
[2015/11/04 11:41:02.107] (ERROR) Server log backup FAILED. See backup logs.
[2015/11/04 11:41:02.107] (INFO) User "xnf1723" logged out due to inactivity (timeout=30 minutes).
[2015/11/04 11:41:02.107] (INFO) User "eas3041" logged in from 10.2.237.87.
[2015/11/04 11:41:02.107] (INFO) Network heartbeat check: All OK.
[2015/11/04 11:41:02.107] (INFO) Your mother called. She says you never call her.
[2015/11/04 11:41:02.107] (INFO) Flushed 71 buffers to disk.
[2015/11/04 11:41:02.107] (ERROR) Detected incoming DDoS from 192.168.107.108.
[2015/11/04 11:41:02.107] (INFO) Network heartbeat check: All OK.
[2015/11/04 11:41:02.107] (ERROR) Failed to open "/mnt/fileserver01/Dfjti89240.xslx": NFS timeout.
[2015/11/04 11:41:02.107] (INFO) Supervisor has entered RUNNING state.
[2015/11/04 11:41:02.107] (INFO) Network heartbeat check: All OK.
[2015/11/04 11:41:02.107] (INFO) Checkpointing off-heap server memory...
[2015/11/04 11:41:02.107] (INFO) Alien monitor (aliend): Detected no space aliens.
[2015/11/04 11:41:02.107] (INFO) Sending SIGTERM to 3 excess workers.
[2015/11/04 11:41:02.107] (WARN) Master took 690 ms to respond (threshold=500 ms)
[2015/11/04 11:41:02.107] (INFO) Checkpointing off-heap server memory...
[2015/11/04 11:41:02.107] (INFO) Rolling 2 log file(s)...
[2015/11/04 11:41:02.107] (INFO) Backed up all server logs.
[2015/11/04 11:41:02.107] (INFO) Supervisor has entered RESTARTING state.
[2015/11/04 11:41:02.107] (INFO) Pinging watchdog timer process: Process is alive.
[2015/11/04 11:41:02.107] (ERROR) Unable to authenticate user "gfb3164": LDAP server isn't responding.
[2015/11/04 11:41:02.107] (INFO) Device 0xda84 is online.
[2015/11/04 11:41:02.107] (INFO) Pinging watchdog timer process: Process is alive.
[2015/11/04 11:41:02.107] (INFO) Flushed 91 buffers to disk.
[2015/11/04 11:41:02.107] (ERROR) /dev/lp error: "PC LOAD LETTER"
[2015/11/04 11:41:02.107] (INFO) Waiting for supervisor process (PID 8567) to die.
[2015/11/04 11:41:02.107] (INFO) Sending SIGTERM to 4 excess workers.
[2015/11/04 11:41:02.107] (INFO) Backed up all server logs.
[2015/11/04 11:41:02.107] (ERROR) Failed to open "/mnt/fileserver01/XNhLF73290.parquet": NFS timeout.
[2015/11/04 11:41:02.107] (INFO) .evian ylbirret si emehcs otpyrc ym neht ,siht daer nac uoy fI
[2015/11/04 11:41:02.107] (INFO) Alien monitor (aliend): Detected no space aliens.
[2015/11/04 11:41:02.107] (INFO) Supervisor has entered RESTARTING state.
[2015/11/04 11:41:02.107] (INFO) User "qah2123" logged out due to inactivity (timeout=30 minutes).
[2015/11/04 11:41:02.107] (INFO) Backed up all server logs.
[2015/11/04 11:41:02.108] (WARN) Unable to ping master at 192.168.113.149. Retrying.
[2015/11/04 11:41:02.108] (INFO) Device 0x9811 is online.
[2015/11/04 11:41:02.108] (INFO) User "pmb3775" logged in from 10.34.162.208.
[2015/11/04 11:41:02.108] (INFO) User "iba6647" logged out due to inactivity (timeout=30 minutes).
[2015/11/04 11:41:02.607] (INFO) Alien monitor (aliend): Detected no space aliens.
[2015/11/04 11:41:02.607] (INFO) Sending SIGTERM to 3 excess workers.
[2015/11/04 11:41:02.607] (WARN) Network heartbeat check: 4 server(s) did not respond.
[2015/11/04 11:41:02.607] (INFO) User "wjg9140" logged in from 172.16.41.252.
[2015/11/04 11:41:02.607] (INFO) Network heartbeat check: All OK.
[2015/11/04 11:41:02.607] (INFO) Alien monitor (aliend): Detected no space aliens.
[2015/11/04 11:41:02.607] (INFO) User "kze9993" logged out.
[2015/11/04 11:41:02.607] (INFO) Rolling 8 log file(s)...
[2015/11/04 11:41:02.607] (INFO) Network heartbeat check: All OK.
[2015/11/04 11:41:02.607] (ERROR) Alien monitor (aliend): 3 space aliens are fiddling with the hardware!
[2015/11/04 11:41:02.607] (INFO) Rolling 6 log file(s)...
[2015/11/04 11:41:02.607] (INFO) Backed up all server logs.
[2015/11/04 11:41:02.607] (INFO) Your mother called. She says you never call her.
[2015/11/04 11:41:02.607] (WARN) Network heartbeat check: 17 server(s) did not respond.
[2015/11/04 11:41:02.607] (INFO) User "yse8995" logged out.
[2015/11/04 11:41:02.607] (INFO) Checked file systems for errors: All filesystems OK.
[2015/11/04 11:41:02.607] (INFO) Pinging watchdog timer process: Process is alive.
[2015/11/04 11:41:02.607] (INFO) User "fem5930" logged out due to inactivity (timeout=30 minutes).
[2015/11/04 11:41:02.607] (INFO) Alien monitor (aliend): Detected no space aliens.
[2015/11/04 11:41:02.607] (INFO) User "yhx7038" logged out due to inactivity (timeout=30 minutes).
[2015/11/04 11:41:02.607] (INFO) .evian ylbirret si emehcs otpyrc ym neht ,siht daer nac uoy fI
[2015/11/04 11:41:02.607] (INFO) Device 0x4a57 is online.
[2015/11/04 11:41:02.607] (INFO) Device 0x74e7 is online.
[2015/11/04 11:41:02.607] (WARN) There is no such thing as a free lunch.
[2015/11/04 11:41:02.607] (INFO) Checkpointing off-heap server memory...
[2015/11/04 11:41:02.607] (INFO) Supervisor has entered RESTARTING state.
[2015/11/04 11:41:02.607] (WARN) Ignoring SIGTERM. It's not that easy to get rid of me.
[2015/11/04 11:41:02.607] (INFO) Checkpointing off-heap server memory...
[2015/11/04 11:41:02.607] (INFO) Device 0x9f0f is online.
[2015/11/04 11:41:02.607] (INFO) Supervisor has entered RUNNING state.
[2015/11/04 11:41:02.607] (INFO) Your mother called. She says you never call her.
[2015/11/04 11:41:02.607] (ERROR) Device 0x0e59 is offline
[2015/11/04 11:41:02.607] (INFO) User "qgb9335" logged in from 192.168.5.203.
[2015/11/04 11:41:02.607] (INFO) Supervisor has entered WAITING state.
[2015/11/04 11:41:02.607] (INFO) Alien monitor (aliend): Detected no space aliens.
[2015/11/04 11:41:02.607] (INFO) Flushed 59 buffers to disk.
[2015/11/04 11:41:02.607] (INFO) .evian ylbirret si emehcs otpyrc ym neht ,siht daer nac uoy fI
[2015/11/04 11:41:02.607] (INFO) Flushed 71 buffers to disk.
[2015/11/04 11:41:02.607] (INFO) Checkpointing off-heap server memory...
[2015/11/04 11:41:02.607] (WARN) Watchdog timer crashed. Restarting it.
[2015/11/04 11:41:02.607] (WARN) Retrying server log checkpoint.
[2015/11/04 11:41:02.607] (INFO) Flushed 33 buffers to disk.
[2015/11/04 11:41:02.607] (ERROR) Server log backup FAILED. See backup logs.
[2015/11/04 11:41:02.607] (WARN) Master took 938 ms to respond (threshold=500 ms)
[2015/11/04 11:41:02.607] (WARN) Network heartbeat check: 12 server(s) did not respond.
[2015/11/04 11:41:02.607] (INFO) User "myh9419" logged out due to inactivity (timeout=30 minutes).
[2015/11/04 11:41:02.607] (INFO) Alien monitor (aliend): Detected no space aliens.
[2015/11/04 11:41:02.607] (INFO) Rolling 6 log file(s)...
[2015/11/04 11:41:02.607] (INFO) Checkpointing off-heap server memory...
[2015/11/04 11:41:02.607] (INFO) Rolling 3 log file(s)...
[2015/11/04 11:41:02.607] (INFO) .evian ylbirret si emehcs otpyrc ym neht ,siht daer nac uoy fI
[2015/11/04 11:41:02.607] (INFO) Checked file systems for errors: All filesystems OK.
[2015/11/04 11:41:02.607] (INFO) Flushed 69 buffers to disk.
[2015/11/04 11:41:02.607] (INFO) User "sbs3804" logged out due to inactivity (timeout=30 minutes).
[2015/11/04 11:41:02.607] (INFO) Sending SIGTERM to 2 excess workers.
[2015/11/04 11:41:02.607] (INFO) Checkpointing off-heap server memory...
[2015/11/04 11:41:02.607] (INFO) Pinging watchdog timer process: Process is alive.
[2015/11/04 11:41:02.607] (INFO) Checkpointing off-heap server memory...
[2015/11/04 11:41:02.607] (INFO) Rolling 5 log file(s)...
[2015/11/04 11:41:02.607] (INFO) Sending SIGTERM to 4 excess workers.
[2015/11/04 11:41:02.607] (WARN) Dropped 11,568 corrupt data packets.
[2015/11/04 11:41:02.607] (INFO) User "ycy2837" logged in from 10.102.116.99.
[2015/11/04 11:41:02.607] (INFO) Sending SIGTERM to 3 excess workers.
[2015/11/04 11:41:02.607] (INFO) Alien monitor (aliend): Detected no space aliens.
[2015/11/04 11:41:02.607] (INFO) Device 0xed06 is online.
[2015/11/04 11:41:02.607] (INFO) Waiting for master process (PID 41873) to die.
[2015/11/04 11:41:02.607] (INFO) Alien monitor (aliend): Detected no space aliens.
[2015/11/04 11:41:02.607] (INFO) User "tzm8898" logged in from 10.58.193.119.
[2015/11/04 11:41:02.607] (INFO) Flushed 89 buffers to disk.
[2015/11/04 11:41:02.607] (INFO) User "oym5223" logged out due to inactivity (timeout=30 minutes).
[2015/11/04 11:41:02.607] (INFO) User "glu1920" logged in from 10.146.216.109.
[2015/11/04 11:41:02.607] (INFO) Device 0xfb82 is online.
[2015/11/04 11:41:02.607] (INFO) Backed up all server logs.
[2015/11/04 11:41:02.607] (INFO) Device 0x2315 is online.
[2015/11/04 11:41:02.607] (ERROR) Device 0x77c4 is offline
[2015/11/04 11:41:02.607] (WARN) Unable to ping worker at 172.16.49.215. Retrying.
[2015/11/04 11:41:02.607] (WARN) Space on disk /dev/sde4 is low: Only 312 MB available.
[2015/11/04 11:41:02.607] (WARN) Possible cyber-attack from The Cayman Islands.
[2015/11/04 11:41:02.607] (INFO) Sending SIGTERM to 3 excess workers.
[2015/11/04 11:41:02.607] (ERROR) Server log backup FAILED. See backup logs.
[2015/11/04 11:41:02.607] (INFO) Rolling 5 log file(s)...
[2015/11/04 11:41:02.607] (INFO) Waiting for worker process (PID 6920) to die.
[2015/11/04 11:41:02.607] (INFO) Sending SIGTERM to 2 excess workers.
[2015/11/04 11:41:02.607] (INFO) Waiting for supervisor process (PID 12825) to die.
[2015/11/04 11:41:02.607] (INFO) Checked file systems for errors: All filesystems OK.
[2015/11/04 11:41:02.607] (INFO) Your mother called. She says you never call her.
[2015/11/04 11:41:02.607] (INFO) Supervisor has entered RESTARTING state.
[2015/11/04 11:41:02.607] (ERROR) "/var/data/aWTFQ89012.csv": No such file or directory (ENOENT)
[2015/11/04 11:41:02.607] (INFO) User "afg1542" logged out.
[2015/11/04 11:41:02.607] (INFO) Checkpointing off-heap server memory...
[2015/11/04 11:41:02.607] (INFO) .evian ylbirret si emehcs otpyrc ym neht ,siht daer nac uoy fI
[2015/11/04 11:41:02.607] (INFO) Your mother called. She says you never call her.
[2015/11/04 11:41:02.607] (WARN) Retrying server log checkpoint.
[2015/11/04 11:41:02.607] (WARN) CPU temperature exceeds 40º Celsius.
[2015/11/04 11:41:02.607] (INFO) Alien monitor (aliend): Detected no space aliens.
[2015/11/04 11:41:02.607] (INFO) Flushed 27 buffers to disk.
[2015/11/04 11:41:02.607] (ERROR) /dev/lp error: "PC LOAD LETTER"
[2015/11/04 11:41:02.607] (INFO) User "amn6641" logged in from 10.189.207.48.
[2015/11/04 11:41:02.607] (INFO) Checked file systems for errors: All filesystems OK.
[2015/11/04 11:41:02.607] (INFO) Flushed 95 buffers to disk.
[2015/11/04 11:41:03.106] (INFO) Pinging watchdog timer process: Process is alive.
[2015/11/04 11:41:03.106] (INFO) Your mother called. She says you never call her.
[2015/11/04 11:41:03.106] (INFO) Checked file systems for errors: All filesystems OK.
[2015/11/04 11:41:03.106] (INFO) User "axi3774" logged in from 10.173.198.195.
[2015/11/04 11:41:03.106] (INFO) Rolling 9 log file(s)...
[2015/11/04 11:41:03.106] (INFO) User "qrg6102" logged in from 10.243.133.150.
[2015/11/04 11:41:03.106] (ERROR) Blocked nmap traffic originating from 172.16.179.223.
[2015/11/04 11:41:03.106] (INFO) Checked file systems for errors: All filesystems OK.
[2015/11/04 11:41:03.106] (INFO) Sending SIGTERM to 4 excess workers.
[2015/11/04 11:41:03.106] (INFO) Network heartbeat check: All OK.
[2015/11/04 11:41:03.106] (INFO) Device 0xf01a is online.
[2015/11/04 11:41:03.106] (WARN) Possible cyber-attack from Canada.
[2015/11/04 11:41:03.106] (ERROR) Blocked SMTP traffic originating from 10.190.24.17.
[2015/11/04 11:41:03.106] (WARN) Unable to ping supervisor at 172.16.54.206. Retrying.
[2015/11/04 11:41:03.106] (WARN) Ignoring SIGTERM. It's not that easy to get rid of me.
[2015/11/04 11:41:03.106] (INFO) Waiting for supervisor process (PID 52612) to die.
[2015/11/04 11:41:03.106] (INFO) Checked file systems for errors: All filesystems OK.
[2015/11/04 11:41:03.106] (INFO) Checkpointing off-heap server memory...
[2015/11/04 11:41:03.106] (ERROR) Failed to open "/mnt/fileserver02/dvNMC64059.zip": NFS timeout.
[2015/11/04 11:41:03.106] (INFO) Network heartbeat check: All OK.
[2015/11/04 11:41:03.106] (INFO) Checkpointing off-heap server memory...
[2015/11/04 11:41:03.106] (INFO) Pinging watchdog timer process: Process is alive.
[2015/11/04 11:41:03.106] (INFO) User "ell3748" logged out due to inactivity (timeout=30 minutes).
[2015/11/04 11:41:03.106] (INFO) Sending SIGTERM to 4 excess workers.
[2015/11/04 11:41:03.106] (INFO) Pinging watchdog timer process: Process is alive.
[2015/11/04 11:41:03.106] (INFO) Your mother called. She says you never call her.
[2015/11/04 11:41:03.106] (INFO) Waiting for worker process (PID 5957) to die.
[2015/11/04 11:41:03.106] (ERROR) Network heartbeat check FAILED: Master host down?
[2015/11/04 11:41:03.106] (INFO) .evian ylbirret si emehcs otpyrc ym neht ,siht daer nac uoy fI
[2015/11/04 11:41:03.106] (INFO) Supervisor has entered SUSPENDED state.
[2015/11/04 11:41:03.106] (INFO) Waiting for supervisor process (PID 61524) to die.
[2015/11/04 11:41:03.106] (INFO) User "mjf1887" logged in from 10.174.52.60.
[2015/11/04 11:41:03.106] (INFO) Checkpointing off-heap server memory...
[2015/11/04 11:41:03.106] (WARN) Retrying server log checkpoint.
[2015/11/04 11:41:03.106] (INFO) Network heartbeat check: All OK.
[2015/11/04 11:41:03.106] (INFO) User "ltc1287" logged out due to inactivity (timeout=30 minutes).
[2015/11/04 11:41:03.106] (INFO) Sending SIGTERM to 2 excess workers.
[2015/11/04 11:41:03.106] (ERROR) Worker 9 died with SIGABRT. Restarting it.
[2015/11/04 11:41:03.106] (INFO) Alien monitor (aliend): Detected no space aliens.
[2015/11/04 11:41:03.106] (ERROR) CPU temperature exceeds 50º Celsius. Shutting down.
[2015/11/04 11:41:03.106] (WARN) Network heartbeat check: 8 server(s) did not respond.
[2015/11/04 11:41:03.106] (INFO) Device 0x933f is online.
[2015/11/04 11:41:03.106] (WARN) CPU temperature exceeds 40º Celsius.
[2015/11/04 11:41:03.106] (ERROR) /dev/lp error: "PC LOAD LETTER"
[2015/11/04 11:41:03.106] (INFO) Rolling 9 log file(s)...
[2015/11/04 11:41:03.106] (INFO) Waiting for master process (PID 23355) to die.
[2015/11/04 11:41:03.106] (INFO) Rolling 3 log file(s)...
[2015/11/04 11:41:03.106] (WARN) CPU temperature exceeds 40º Celsius.
[2015/11/04 11:41:03.106] (WARN) Retrying server log checkpoint.
[2015/11/04 11:41:03.106] (INFO) User "uqc9850" logged out.
[2015/11/04 11:41:03.106] (INFO) Flushed 47 buffers to disk.
[2015/11/04 11:41:03.106] (INFO) Your mother called. She says you never call her.
[2015/11/04 11:41:03.106] (INFO) Backed up all server logs.
[2015/11/04 11:41:03.106] (WARN) Space on disk /dev/sdb2 is low: Only 318 MB available.
[2015/11/04 11:41:03.106] (INFO) Device 0xfee4 is online.
[2015/11/04 11:41:03.106] (INFO) Checkpointing off-heap server memory...
[2015/11/04 11:41:03.106] (INFO) Sending SIGTERM to 4 excess workers.
[2015/11/04 11:41:03.106] (ERROR) Alien monitor (aliend): 3 space aliens are fiddling with the hardware!
[2015/11/04 11:41:03.106] (INFO) Alien monitor (aliend): Detected no space aliens.
[2015/11/04 11:41:03.106] (ERROR) Extra characters at end of line.
[2015/11/04 11:41:03.106] (INFO) User "ays8130" logged out due to inactivity (timeout=30 minutes).
[2015/11/04 11:41:03.106] (INFO) Network heartbeat check: All OK.
[2015/11/04 11:41:03.106] (INFO) Checkpointing off-heap server memory...
[2015/11/04 11:41:03.106] (WARN) Ignoring SIGTERM. It's not that easy to get rid of me.
[2015/11/04 11:41:03.106] (INFO) Sending SIGTERM to 2 excess workers.
[2015/11/04 11:41:03.106] (WARN) Backup server 10.168.147.109 is offline.
[2015/11/04 11:41:03.106] (WARN) CPU temperature exceeds 40º Celsius.
[2015/11/04 11:41:03.106] (INFO) Sending SIGTERM to 4 excess workers.
[2015/11/04 11:41:03.106] (INFO) Supervisor has entered WAITING state.
[2015/11/04 11:41:03.106] (WARN) There is no such thing as a free lunch.
[2015/11/04 11:41:03.106] (INFO) Alien monitor (aliend): Detected no space aliens.
[2015/11/04 11:41:03.106] (ERROR) User "dzp2076" failed to log in 3 times. Disabling account.
[2015/11/04 11:41:03.106] (INFO) Your mother called. She says you never call her.
[2015/11/04 11:41:03.106] (INFO) Waiting for master process (PID 4899) to die.
[2015/11/04 11:41:03.106] (INFO) Your mother called. She says you never call her.
[2015/11/04 11:41:03.106] (INFO) .evian ylbirret si emehcs otpyrc ym neht ,siht daer nac uoy fI
[2015/11/04 11:41:03.106] (INFO) Your mother called. She says you never call her.
[2015/11/04 11:41:03.106] (WARN) Possible cyber-attack from Russia.
[2015/11/04 11:41:03.106] (INFO) Rolling 6 log file(s)...
[2015/11/04 11:41:03.106] (INFO) Pinging watchdog timer process: Process is alive.
[2015/11/04 11:41:03.106] (INFO) .evian ylbirret si emehcs otpyrc ym neht ,siht daer nac uoy fI
[2015/11/04 11:41:03.106] (INFO) User "yrw9460" logged in from 192.168.74.165.
[2015/11/04 11:41:03.106] (ERROR) Connection to 172.16.84.208 terminated unexpectedly. Reconnecting.
[2015/11/04 11:41:03.106] (INFO) Alien monitor (aliend): Detected no space aliens.
[2015/11/04 11:41:03.106] (INFO) Flushed 50 buffers to disk.
[2015/11/04 11:41:03.106] (INFO) Checked file systems for errors: All filesystems OK.
[2015/11/04 11:41:03.106] (WARN) Unable to ping monitor at 172.16.11.65. Retrying.
[2015/11/04 11:41:03.106] (INFO) Rolling 5 log file(s)...
[2015/11/04 11:41:03.106] (INFO) Waiting for supervisor process (PID 590) to die.
[2015/11/04 11:41:03.106] (INFO) Supervisor has entered WAITING state.
[2015/11/04 11:41:03.106] (ERROR) Blocked Little Bobby Tables attack (https://xkcd.com/327/) from 10.88.87.129.
[2015/11/04 11:41:03.106] (INFO) .evian ylbirret si emehcs otpyrc ym neht ,siht daer nac uoy fI
[2015/11/04 11:41:03.106] (WARN) Space on disk /dev/sdb3 is low: Only 479 MB available.
[2015/11/04 11:41:03.106] (INFO) Supervisor has entered RUNNING state.
[2015/11/04 11:41:03.106] (INFO) Backed up all server logs.
[2015/11/04 11:41:03.106] (INFO) Checked file systems for errors: All filesystems OK.
[2015/11/04 11:41:03.106] (INFO) Your mother called. She says you never call her.
[2015/11/04 11:41:03.106] (ERROR) Unable to mount /dev/sdd4. (Time to run fsck?)
[2015/11/04 11:41:03.106] (INFO) Sending SIGTERM to 3 excess workers.
[2015/11/04 11:41:03.106] (INFO) Alien monitor (aliend): Detected no space aliens.
[2015/11/04 11:41:03.607] (INFO) Supervisor has entered SUSPENDED state.
[2015/11/04 11:41:03.607] (INFO) Supervisor has entered WAITING state.
[2015/11/04 11:41:03.607] (INFO) Flushed 31 buffers to disk.
[2015/11/04 11:41:03.607] (ERROR) EFOODFAIL (Waiter, there's a fly in my soup).
[2015/11/04 11:41:03.607] (INFO) Your mother called. She says you never call her.
[2015/11/04 11:41:03.607] (INFO) Supervisor has entered RESTARTING state.
[2015/11/04 11:41:03.607] (INFO) User "ldz1668" logged in from 10.1.8.232.
[2015/11/04 11:41:03.607] (INFO) .evian ylbirret si emehcs otpyrc ym neht ,siht daer nac uoy fI
[2015/11/04 11:41:03.607] (INFO) .evian ylbirret si emehcs otpyrc ym neht ,siht daer nac uoy fI
[2015/11/04 11:41:03.607] (INFO) Pinging watchdog timer process: Process is alive.
[2015/11/04 11:41:03.607] (INFO) Checkpointing off-heap server memory...
[2015/11/04 11:41:03.607] (INFO) User "aab5200" logged out due to inactivity (timeout=30 minutes).
[2015/11/04 11:41:03.607] (INFO) Network heartbeat check: All OK.
[2015/11/04 11:41:03.607] (WARN) Backup server 10.173.10.93 is offline.
[2015/11/04 11:41:03.607] (INFO) Rolling 8 log file(s)...
[2015/11/04 11:41:03.607] (ERROR) Server log backup FAILED. See backup logs.
[2015/11/04 11:41:03.607] (INFO) Network heartbeat check: All OK.
[2015/11/04 11:41:03.607] (INFO) .evian ylbirret si emehcs otpyrc ym neht ,siht daer nac uoy fI
[2015/11/04 11:41:03.607] (INFO) Rolling 5 log file(s)...
[2015/11/04 11:41:03.607] (INFO) Network heartbeat check: All OK.
[2015/11/04 11:41:03.607] (WARN) Master took 517 ms to respond (threshold=500 ms)
[2015/11/04 11:41:03.607] (ERROR) Blocked SMTP traffic originating from 172.16.79.40.
[2015/11/04 11:41:03.607] (INFO) User "qtw5465" logged out.
[2015/11/04 11:41:03.607] (WARN) Watchdog timer crashed. Restarting it.
[2015/11/04 11:41:03.607] (INFO) .evian ylbirret si emehcs otpyrc ym neht ,siht daer nac uoy fI
[2015/11/04 11:41:03.607] (INFO) Your mother called. She says you never call her.
[2015/11/04 11:41:03.607] (INFO) Device 0xa221 is online.
[2015/11/04 11:41:03.607] (INFO) Network heartbeat check: All OK.
[2015/11/04 11:41:03.607] (INFO) Pinging watchdog timer process: Process is alive.
[2015/11/04 11:41:03.607] (WARN) Watchdog timer crashed. Restarting it.
[2015/11/04 11:41:03.607] (INFO) Flushed 84 buffers to disk.
[2015/11/04 11:41:03.607] (INFO) Network heartbeat check: All OK.
[2015/11/04 11:41:03.607] (INFO) Flushed 57 buffers to disk.
[2015/11/04 11:41:03.607] (INFO) Supervisor has entered RESTARTING state.
[2015/11/04 11:41:03.607] (INFO) Rolling 6 log file(s)...
[2015/11/04 11:41:03.607] (INFO) Waiting for master process (PID 40288) to die.
[2015/11/04 11:41:03.607] (INFO) Sending SIGTERM to 4 excess workers.
[2015/11/04 11:41:03.607] (INFO) Sending SIGTERM to 2 excess workers.
[2015/11/04 11:41:03.607] (WARN) Possible cyber-attack from Russia.
[2015/11/04 11:41:03.607] (INFO) Rolling 7 log file(s)...
[2015/11/04 11:41:03.607] (INFO) User "tzj2956" logged in from 172.16.64.24.
[2015/11/04 11:41:03.607] (INFO) Alien monitor (aliend): Detected no space aliens.
[2015/11/04 11:41:03.607] (ERROR) /dev/lp error: "PC LOAD LETTER"
[2015/11/04 11:41:03.607] (ERROR) Detected incoming DDoS from 172.16.48.103.
[2015/11/04 11:41:03.607] (WARN) Master took 613 ms to respond (threshold=500 ms)
[2015/11/04 11:41:03.607] (INFO) Alien monitor (aliend): Detected no space aliens.
[2015/11/04 11:41:03.607] (INFO) .evian ylbirret si emehcs otpyrc ym neht ,siht daer nac uoy fI
[2015/11/04 11:41:03.607] (INFO) Sending SIGTERM to 2 excess workers.
[2015/11/04 11:41:03.607] (INFO) Your mother called. She says you never call her.
[2015/11/04 11:41:03.607] (WARN) There is no such thing as a free lunch.
[2015/11/04 11:41:03.607] (INFO) Waiting for master process (PID 9245) to die.
[2015/11/04 11:41:03.607] (INFO) Your mother called. She says you never call her.
[2015/11/04 11:41:03.607] (INFO) Checkpointing off-heap server memory...
[2015/11/04 11:41:03.607] (INFO) .evian ylbirret si emehcs otpyrc ym neht ,siht daer nac uoy fI
[2015/11/04 11:41:03.607] (INFO) Device 0xd1cc is online.
[2015/11/04 11:41:03.607] (INFO) User "amt1847" logged out due to inactivity (timeout=30 minutes).
[2015/11/04 11:41:03.607] (ERROR) EFOODFAIL (Waiter, there's a fly in my soup).
[2015/11/04 11:41:03.607] (INFO) User "zoq5658" logged out due to inactivity (timeout=30 minutes).
[2015/11/04 11:41:03.607] (INFO) Alien monitor (aliend): Detected no space aliens.
[2015/11/04 11:41:03.607] (INFO) User "rxb4118" logged in from 192.168.43.185.
[2015/11/04 11:41:03.607] (INFO) Flushed 55 buffers to disk.
[2015/11/04 11:41:03.607] (INFO) Checked file systems for errors: All filesystems OK.
[2015/11/04 11:41:03.607] (INFO) Alien monitor (aliend): Detected no space aliens.
[2015/11/04 11:41:03.607] (INFO) Rolling 2 log file(s)...
[2015/11/04 11:41:03.607] (INFO) Rolling 3 log file(s)...
[2015/11/04 11:41:03.607] (INFO) User "dgo5262" logged out due to inactivity (timeout=30 minutes).
[2015/11/04 11:41:03.607] (INFO) Checkpointing off-heap server memory...
[2015/11/04 11:41:03.607] (INFO) User "qmr6607" logged out.
[2015/11/04 11:41:03.607] (INFO) Checked file systems for errors: All filesystems OK.
[2015/11/04 11:41:03.607] (INFO) Waiting for worker process (PID 35261) to die.
[2015/11/04 11:41:03.607] (WARN) There is no such thing as a free lunch.
[2015/11/04 11:41:03.607] (INFO) Waiting for master process (PID 3061) to die.
[2015/11/04 11:41:03.607] (INFO) User "ulv6028" logged out due to inactivity (timeout=30 minutes).
[2015/11/04 11:41:03.607] (INFO) Network heartbeat check: All OK.
[2015/11/04 11:41:03.607] (WARN) Unable to ping supervisor at 10.238.231.116. Retrying.
[2015/11/04 11:41:03.607] (INFO) Checkpointing off-heap server memory...
[2015/11/04 11:41:03.607] (INFO) Pinging watchdog timer process: Process is alive.
[2015/11/04 11:41:03.607] (WARN) Retrying server log checkpoint.
[2015/11/04 11:41:03.607] (INFO) .evian ylbirret si emehcs otpyrc ym neht ,siht daer nac uoy fI
[2015/11/04 11:41:03.607] (INFO) Your mother called. She says you never call her.
[2015/11/04 11:41:03.607] (INFO) Checkpointing off-heap server memory...
[2015/11/04 11:41:03.607] (INFO) Checked file systems for errors: All filesystems OK.
[2015/11/04 11:41:03.607] (INFO) Flushed 45 buffers to disk.
[2015/11/04 11:41:03.607] (INFO) User "pev3897" logged out due to inactivity (timeout=30 minutes).
[2015/11/04 11:41:03.607] (INFO) User "nid5828" logged out.
[2015/11/04 11:41:03.607] (INFO) Alien monitor (aliend): Detected no space aliens.
[2015/11/04 11:41:03.607] (INFO) Backed up all server logs.
[2015/11/04 11:41:03.607] (INFO) Network heartbeat check: All OK.
[2015/11/04 11:41:03.607] (INFO) User "olb6531" logged in from 10.58.101.102.
[2015/11/04 11:41:03.607] (INFO) Flushed 92 buffers to disk.
[2015/11/04 11:41:03.607] (INFO) Pinging watchdog timer process: Process is alive.
[2015/11/04 11:41:03.607] (INFO) Alien monitor (aliend): Detected no space aliens.
[2015/11/04 11:41:03.607] (WARN) CPU temperature exceeds 40º Celsius.
[2015/11/04 11:41:03.607] (INFO) Supervisor has entered WAITING state.
[2015/11/04 11:41:03.607] (INFO) Your mother called. She says you never call her.
[2015/11/04 11:41:03.607] (INFO) Device 0xc225 is online.
[2015/11/04 11:41:03.607] (ERROR) EFOODFAIL (Waiter, there's a fly in my soup).
[2015/11/04 11:41:03.607] (INFO) Sending SIGTERM to 4 excess workers.
[2015/11/04 11:41:03.607] (WARN) Possible cyber-attack from Nebraska.
[2015/11/04 11:41:03.607] (INFO) Device 0x9ca3 is online.
[2015/11/04 11:41:04.107] (INFO) Sending SIGTERM to 4 excess workers.
[2015/11/04 11:41:04.107] (INFO) User "fzj3886" logged in from 172.16.22.240.
[2015/11/04 11:41:04.107] (ERROR) Blocked Little Bobby Tables attack (https://xkcd.com/327/) from 192.168.16.107.
[2015/11/04 11:41:04.107] (INFO) Your mother called. She says you never call her.
[2015/11/04 11:41:04.107] (INFO) Pinging watchdog timer process: Process is alive.
[2015/11/04 11:41:04.107] (INFO) Backed up all server logs.
[2015/11/04 11:41:04.107] (INFO) User "pwx7474" logged out.
[2015/11/04 11:41:04.107] (WARN) Backup server 192.168.194.68 is offline.
[2015/11/04 11:41:04.107] (INFO) User "qvd8036" logged out.
[2015/11/04 11:41:04.107] (WARN) There is no such thing as a free lunch.
[2015/11/04 11:41:04.107] (ERROR) Unable to write to "/var/data/gcGnk83920.parquet": Permission denied (EACCES)
[2015/11/04 11:41:04.107] (INFO) Checkpointing off-heap server memory...
[2015/11/04 11:41:04.107] (INFO) User "jja6878" logged out due to inactivity (timeout=30 minutes).
[2015/11/04 11:41:04.107] (INFO) Waiting for supervisor process (PID 21462) to die.
[2015/11/04 11:41:04.107] (INFO) User "fqw9971" logged in from 192.168.224.9.
[2015/11/04 11:41:04.107] (INFO) Supervisor has entered RUNNING state.
[2015/11/04 11:41:04.107] (WARN) Backup server 192.168.227.199 is offline.
[2015/11/04 11:41:04.107] (WARN) CPU temperature exceeds 40º Celsius.
[2015/11/04 11:41:04.107] (INFO) Rolling 8 log file(s)...
[2015/11/04 11:41:04.107] (INFO) Rolling 5 log file(s)...
[2015/11/04 11:41:04.107] (INFO) Network heartbeat check: All OK.
[2015/11/04 11:41:04.107] (INFO) Device 0xc9ee is online.
[2015/11/04 11:41:04.107] (INFO) Pinging watchdog timer process: Process is alive.
[2015/11/04 11:41:04.107] (INFO) Checkpointing off-heap server memory...
[2015/11/04 11:41:04.107] (INFO) Supervisor has entered RESTARTING state.
[2015/11/04 11:41:04.107] (ERROR) Blocked FTP traffic originating from 172.16.52.194.
[2015/11/04 11:41:04.107] (INFO) User "tmz5997" logged in from 10.180.216.76.
[2015/11/04 11:41:04.107] (INFO) Checked file systems for errors: All filesystems OK.
[2015/11/04 11:41:04.107] (ERROR) "/var/data/LLdEt76476.txt": Permission denied (EACCES)
[2015/11/04 11:41:04.107] (ERROR) Failed to write checkpoint file "/var/checkpoint/bgdXQ76120: No space left on device (ENOSPC)
[2015/11/04 11:41:04.107] (INFO) Alien monitor (aliend): Detected no space aliens.
[2015/11/04 11:41:04.107] (INFO) Checked file systems for errors: All filesystems OK.
[2015/11/04 11:41:04.107] (INFO) Supervisor has entered RESTARTING state.
[2015/11/04 11:41:04.107] (INFO) Checked file systems for errors: All filesystems OK.
[2015/11/04 11:41:04.107] (INFO) Pinging watchdog timer process: Process is alive.
[2015/11/04 11:41:04.107] (INFO) Your mother called. She says you never call her.
[2015/11/04 11:41:04.107] (INFO) Rolling 1 log file(s)...
[2015/11/04 11:41:04.107] (INFO) Your mother called. She says you never call her.
[2015/11/04 11:41:04.107] (ERROR) Device 0x96ef is offline
[2015/11/04 11:41:04.107] (WARN) CPU temperature exceeds 40º Celsius.
[2015/11/04 11:41:04.107] (INFO) Backed up all server logs.
[2015/11/04 11:41:04.107] (WARN) Possible cyber-attack from Russia.
[2015/11/04 11:41:04.107] (INFO) Checkpointing off-heap server memory...
[2015/11/04 11:41:04.107] (INFO) Your mother called. She says you never call her.
[2015/11/04 11:41:04.107] (ERROR) Blocked Little Bobby Tables attack (https://xkcd.com/327/) from 192.168.238.210.
[2015/11/04 11:41:04.107] (INFO) User "onv1311" logged in from 172.16.194.222.
[2015/11/04 11:41:04.107] (ERROR) "/var/data/gXRkp85447.xml": No such file or directory (ENOENT)
[2015/11/04 11:41:04.107] (INFO) Your mother called. She says you never call her.
[2015/11/04 11:41:04.107] (INFO) Pinging watchdog timer process: Process is alive.
[2015/11/04 11:41:04.107] (INFO) User "rqi7835" logged out.
[2015/11/04 11:41:04.107] (INFO) User "uqu7944" logged out.
[2015/11/04 11:41:04.107] (INFO) Sending SIGTERM to 3 excess workers.
[2015/11/04 11:41:04.107] (INFO) Rolling 1 log file(s)...
[2015/11/04 11:41:04.107] (INFO) Rolling 8 log file(s)...
[2015/11/04 11:41:04.107] (INFO) Pinging watchdog timer process: Process is alive.
[2015/11/04 11:41:04.107] (INFO) Sending SIGTERM to 4 excess workers.
[2015/11/04 11:41:04.107] (INFO) .evian ylbirret si emehcs otpyrc ym neht ,siht daer nac uoy fI
[2015/11/04 11:41:04.107] (INFO) Supervisor has entered WAITING state.
[2015/11/04 11:41:04.107] (INFO) User "rtl7847" logged out due to inactivity (timeout=30 minutes).
[2015/11/04 11:41:04.107] (INFO) Pinging watchdog timer process: Process is alive.
[2015/11/04 11:41:04.107] (INFO) Backed up all server logs.
[2015/11/04 11:41:04.107] (ERROR) Unable to authenticate user "hts3588": LDAP server isn't responding.
[2015/11/04 11:41:04.107] (INFO) Backed up all server logs.
[2015/11/04 11:41:04.107] (INFO) Waiting for monitor process (PID 39864) to die.
[2015/11/04 11:41:04.107] (INFO) Network heartbeat check: All OK.
[2015/11/04 11:41:04.107] (INFO) Checkpointing off-heap server memory...
[2015/11/04 11:41:04.107] (INFO) Waiting for master process (PID 53528) to die.
[2015/11/04 11:41:04.107] (INFO) Checked file systems for errors: All filesystems OK.
[2015/11/04 11:41:04.107] (INFO) Network heartbeat check: All OK.
[2015/11/04 11:41:04.107] (INFO) .evian ylbirret si emehcs otpyrc ym neht ,siht daer nac uoy fI
[2015/11/04 11:41:04.107] (ERROR) CPU temperature exceeds 50º Celsius. Shutting down.
[2015/11/04 11:41:04.107] (ERROR) Device 0x83e1 is offline
[2015/11/04 11:41:04.107] (WARN) There is no such thing as a free lunch.
[2015/11/04 11:41:04.107] (INFO) User "smp1000" logged out.
[2015/11/04 11:41:04.107] (INFO) Rolling 4 log file(s)...
[2015/11/04 11:41:04.107] (INFO) Alien monitor (aliend): Detected no space aliens.
[2015/11/04 11:41:04.107] (INFO) Checked file systems for errors: All filesystems OK.
[2015/11/04 11:41:04.107] (INFO) Device 0xe767 is online.
[2015/11/04 11:41:04.107] (INFO) Pinging watchdog timer process: Process is alive.
[2015/11/04 11:41:04.107] (INFO) Rolling 9 log file(s)...
[2015/11/04 11:41:04.107] (INFO) Flushed 95 buffers to disk.
[2015/11/04 11:41:04.107] (INFO) Rolling 4 log file(s)...
[2015/11/04 11:41:04.107] (INFO) Checked file systems for errors: All filesystems OK.
[2015/11/04 11:41:04.107] (ERROR) Blocked Little Bobby Tables attack (https://xkcd.com/327/) from 192.168.155.74.
[2015/11/04 11:41:04.107] (ERROR) Failed to open "/mnt/fileserver02/QPqAG74848.xslx": NFS timeout.
[2015/11/04 11:41:04.107] (INFO) Backed up all server logs.
[2015/11/04 11:41:04.107] (WARN) Backup server 192.168.61.142 is offline.
[2015/11/04 11:41:04.107] (INFO) Supervisor has entered SUSPENDED state.
[2015/11/04 11:41:04.107] (ERROR) Detected incoming DDoS from 192.168.122.158.
[2015/11/04 11:41:04.107] (INFO) Waiting for master process (PID 12146) to die.
[2015/11/04 11:41:04.107] (INFO) Sending SIGTERM to 4 excess workers.
[2015/11/04 11:41:04.107] (ERROR) Device 0x7ce9 is offline
[2015/11/04 11:41:04.107] (INFO) Supervisor has entered RESTARTING state.
[2015/11/04 11:41:04.107] (INFO) .evian ylbirret si emehcs otpyrc ym neht ,siht daer nac uoy fI
[2015/11/04 11:41:04.107] (INFO) Pinging watchdog timer process: Process is alive.
[2015/11/04 11:41:04.107] (INFO) Checkpointing off-heap server memory...
[2015/11/04 11:41:04.107] (INFO) Pinging watchdog timer process: Process is alive.
[2015/11/04 11:41:04.107] (INFO) Device 0xe3d3 is online.
[2015/11/04 11:41:04.107] (INFO) Checkpointing off-heap server memory...
[2015/11/04 11:41:04.107] (INFO) .evian ylbirret si emehcs otpyrc ym neht ,siht daer nac uoy fI
[2015/11/04 11:41:04.606] (INFO) Pinging watchdog timer process: Process is alive.
[2015/11/04 11:41:04.606] (INFO) .evian ylbirret si emehcs otpyrc ym neht ,siht daer nac uoy fI
[2015/11/04 11:41:04.606] (INFO) Waiting for supervisor process (PID 826) to die.
[2015/11/04 11:41:04.606] (INFO) Waiting for monitor process (PID 18809) to die.
[2015/11/04 11:41:04.607] (INFO) Network heartbeat check: All OK.
[2015/11/04 11:41:04.607] (INFO) Your mother called. She says you never call her.
[2015/11/04 11:41:04.607] (WARN) Master took 570 ms to respond (threshold=500 ms)
[2015/11/04 11:41:04.607] (INFO) Supervisor has entered RUNNING state.
[2015/11/04 11:41:04.607] (INFO) Alien monitor (aliend): Detected no space aliens.
[2015/11/04 11:41:04.607] (INFO) Supervisor has entered SUSPENDED state.
[2015/11/04 11:41:04.607] (INFO) Supervisor has entered SUSPENDED state.
[2015/11/04 11:41:04.607] (INFO) Backed up all server logs.
[2015/11/04 11:41:04.607] (INFO) User "djb2943" logged out.
[2015/11/04 11:41:04.607] (WARN) Master took 743 ms to respond (threshold=500 ms)
[2015/11/04 11:41:04.607] (INFO) Device 0x9972 is online.
[2015/11/04 11:41:04.607] (INFO) Pinging watchdog timer process: Process is alive.
[2015/11/04 11:41:04.607] (ERROR) Unable to mount /dev/sdd4. (Time to run fsck?)
[2015/11/04 11:41:04.607] (INFO) Sending SIGTERM to 3 excess workers.
[2015/11/04 11:41:04.607] (INFO) Network heartbeat check: All OK.
[2015/11/04 11:41:04.607] (INFO) Device 0x8acf is online.
[2015/11/04 11:41:04.607] (ERROR) Unable to authenticate user "jlk5237": LDAP server isn't responding.
[2015/11/04 11:41:04.607] (INFO) Rolling 4 log file(s)...
[2015/11/04 11:41:04.607] (INFO) Network heartbeat check: All OK.
[2015/11/04 11:41:04.607] (INFO) Sending SIGTERM to 4 excess workers.
[2015/11/04 11:41:04.607] (INFO) Checkpointing off-heap server memory...
[2015/11/04 11:41:04.607] (INFO) .evian ylbirret si emehcs otpyrc ym neht ,siht daer nac uoy fI
[2015/11/04 11:41:04.607] (INFO) User "cfb8761" logged out.
[2015/11/04 11:41:04.607] (INFO) User "aoc3218" logged in from 192.168.196.83.
[2015/11/04 11:41:04.607] (INFO) User "wfz1462" logged out due to inactivity (timeout=30 minutes).
[2015/11/04 11:41:04.607] (INFO) Device 0xc1a5 is online.
[2015/11/04 11:41:04.607] (INFO) Flushed 37 buffers to disk.
[2015/11/04 11:41:04.607] (INFO) Pinging watchdog timer process: Process is alive.
[2015/11/04 11:41:04.607] (INFO) Backed up all server logs.
[2015/11/04 11:41:04.607] (INFO) Checkpointing off-heap server memory...
[2015/11/04 11:41:04.607] (INFO) User "dby8912" logged out due to inactivity (timeout=30 minutes).
[2015/11/04 11:41:04.607] (WARN) Retrying server log checkpoint.
[2015/11/04 11:41:04.607] (ERROR) Blocked Little Bobby Tables attack (https://xkcd.com/327/) from 192.168.68.155.
[2015/11/04 11:41:04.607] (ERROR) Server log backup FAILED. See backup logs.
[2015/11/04 11:41:04.607] (INFO) Your mother called. She says you never call her.
[2015/11/04 11:41:04.607] (INFO) .evian ylbirret si emehcs otpyrc ym neht ,siht daer nac uoy fI
[2015/11/04 11:41:04.607] (INFO) Checked file systems for errors: All filesystems OK.
[2015/11/04 11:41:04.607] (INFO) Checkpointing off-heap server memory...
[2015/11/04 11:41:04.607] (INFO) User "itp2323" logged in from 192.168.111.77.
[2015/11/04 11:41:04.607] (INFO) Sending SIGTERM to 3 excess workers.
[2015/11/04 11:41:04.607] (INFO) Sending SIGTERM to 4 excess workers.
[2015/11/04 11:41:04.607] (INFO) Device 0x0d5e is online.
[2015/11/04 11:41:04.607] (INFO) Checked file systems for errors: All filesystems OK.
[2015/11/04 11:41:04.607] (INFO) Network heartbeat check: All OK.
[2015/11/04 11:41:04.607] (INFO) Checked file systems for errors: All filesystems OK.
[2015/11/04 11:41:04.607] (INFO) User "jgz5503" logged in from 192.168.8.34.
[2015/11/04 11:41:04.607] (ERROR) EFOODFAIL (Waiter, there's a fly in my soup).
[2015/11/04 11:41:04.607] (INFO) User "eac3427" logged out due to inactivity (timeout=30 minutes).
[2015/11/04 11:41:04.607] (INFO) User "gnp1259" logged out due to inactivity (timeout=30 minutes).
[2015/11/04 11:41:04.607] (WARN) Space on disk /dev/sdd1 is low: Only 853 MB available.
[2015/11/04 11:41:04.607] (INFO) Flushed 71 buffers to disk.
[2015/11/04 11:41:04.607] (INFO) Your mother called. She says you never call her.
[2015/11/04 11:41:04.607] (WARN) Master took 840 ms to respond (threshold=500 ms)
[2015/11/04 11:41:04.607] (INFO) Alien monitor (aliend): Detected no space aliens.
[2015/11/04 11:41:04.607] (ERROR) Connection to 192.168.149.235 terminated unexpectedly. Reconnecting.
[2015/11/04 11:41:04.607] (INFO) Waiting for supervisor process (PID 62642) to die.
[2015/11/04 11:41:04.607] (WARN) Ignoring SIGTERM. It's not that easy to get rid of me.
[2015/11/04 11:41:04.607] (INFO) User "pvm6185" logged in from 172.16.155.82.
[2015/11/04 11:41:04.607] (INFO) Sending SIGTERM to 4 excess workers.
[2015/11/04 11:41:04.607] (INFO) User "lle2824" logged out due to inactivity (timeout=30 minutes).
[2015/11/04 11:41:04.607] (ERROR) Extra characters at end of line.
[2015/11/04 11:41:04.607] (WARN) CPU temperature exceeds 40º Celsius.
[2015/11/04 11:41:04.607] (INFO) User "gvl2387" logged in from 192.168.244.198.
[2015/11/04 11:41:04.607] (INFO) Checkpointing off-heap server memory...
[2015/11/04 11:41:04.607] (WARN) Backup server 10.179.85.128 is offline.
[2015/11/04 11:41:04.607] (INFO) Backed up all server logs.
[2015/11/04 11:41:04.607] (INFO) .evian ylbirret si emehcs otpyrc ym neht ,siht daer nac uoy fI
[2015/11/04 11:41:04.607] (INFO) Pinging watchdog timer process: Process is alive.
[2015/11/04 11:41:04.607] (INFO) User "ppx4749" logged out due to inactivity (timeout=30 minutes).
[2015/11/04 11:41:04.607] (INFO) Supervisor has entered SUSPENDED state.
[2015/11/04 11:41:04.607] (INFO) Waiting for monitor process (PID 56167) to die.
[2015/11/04 11:41:04.607] (INFO) Network heartbeat check: All OK.
[2015/11/04 11:41:04.607] (WARN) Possible cyber-attack from The Cayman Islands.
[2015/11/04 11:41:04.607] (ERROR) Detected incoming DDoS from 192.168.108.12.
[2015/11/04 11:41:04.607] (INFO) User "icm8828" logged out.
[2015/11/04 11:41:04.607] (WARN) Dropped 5,446 corrupt data packets.
[2015/11/04 11:41:04.607] (INFO) Pinging watchdog timer process: Process is alive.
[2015/11/04 11:41:04.607] (ERROR) "/var/data/ydTxH55793.txt": No such file or directory (ENOENT)
[2015/11/04 11:41:04.607] (INFO) .evian ylbirret si emehcs otpyrc ym neht ,siht daer nac uoy fI
[2015/11/04 11:41:04.607] (INFO) User "jfd1378" logged in from 10.101.60.19.
[2015/11/04 11:41:04.607] (INFO) Device 0x389d is online.
[2015/11/04 11:41:04.607] (INFO) Flushed 96 buffers to disk.
[2015/11/04 11:41:04.607] (ERROR) Directory index of "/var/data" is forbidden.
[2015/11/04 11:41:04.607] (INFO) User "god4796" logged out due to inactivity (timeout=30 minutes).
[2015/11/04 11:41:04.607] (INFO) Your mother called. She says you never call her.
[2015/11/04 11:41:04.607] (WARN) There is no such thing as a free lunch.
[2015/11/04 11:41:04.607] (WARN) Possible cyber-attack from Antarctica.
[2015/11/04 11:41:04.607] (INFO) Sending SIGTERM to 4 excess workers.
[2015/11/04 11:41:04.607] (ERROR) Detected incoming DDoS from 172.16.11.103.
[2015/11/04 11:41:04.607] (WARN) Backup server 172.16.235.61 is offline.
[2015/11/04 11:41:04.607] (INFO) Your mother called. She says you never call her.
[2015/11/04 11:41:04.607] (INFO) Sending SIGTERM to 4 excess workers.
[2015/11/04 11:41:04.607] (INFO) Network heartbeat check: All OK.
[2015/11/04 11:41:04.607] (INFO) .evian ylbirret si emehcs otpyrc ym neht ,siht daer nac uoy fI
[2015/11/04 11:41:04.607] (INFO) Sending SIGTERM to 3 excess workers.
[2015/11/04 11:41:04.607] (INFO) Pinging watchdog timer process: Process is alive.
[2015/11/04 11:41:05.107] (WARN) Backup server 10.178.33.222 is offline.
[2015/11/04 11:41:05.107] (INFO) .evian ylbirret si emehcs otpyrc ym neht ,siht daer nac uoy fI
[2015/11/04 11:41:05.107] (INFO) Waiting for master process (PID 2841) to die.
[2015/11/04 11:41:05.107] (ERROR) Unable to write to "/var/data/nauAM84913.tar.gz": Permission denied (EACCES)
[2015/11/04 11:41:05.107] (INFO) Pinging watchdog timer process: Process is alive.
[2015/11/04 11:41:05.107] (WARN) Watchdog timer crashed. Restarting it.
[2015/11/04 11:41:05.107] (INFO) Pinging watchdog timer process: Process is alive.
[2015/11/04 11:41:05.107] (INFO) Your mother called. She says you never call her.
[2015/11/04 11:41:05.107] (INFO) Network heartbeat check: All OK.
[2015/11/04 11:41:05.107] (INFO) Backed up all server logs.
[2015/11/04 11:41:05.107] (INFO) Checkpointing off-heap server memory...
[2015/11/04 11:41:05.107] (INFO) Checkpointing off-heap server memory...
[2015/11/04 11:41:05.107] (INFO) Network heartbeat check: All OK.
[2015/11/04 11:41:05.107] (INFO) User "ntd5625" logged out.
[2015/11/04 11:41:05.107] (INFO) Rolling 3 log file(s)...
[2015/11/04 11:41:05.107] (INFO) Backed up all server logs.
[2015/11/04 11:41:05.107] (INFO) User "cvs1089" logged in from 192.168.43.228.
[2015/11/04 11:41:05.107] (INFO) Checked file systems for errors: All filesystems OK.
[2015/11/04 11:41:05.107] (INFO) Network heartbeat check: All OK.
[2015/11/04 11:41:05.107] (INFO) Flushed 55 buffers to disk.
[2015/11/04 11:41:05.107] (INFO) Pinging watchdog timer process: Process is alive.
[2015/11/04 11:41:05.107] (INFO) Waiting for supervisor process (PID 40513) to die.
[2015/11/04 11:41:05.107] (ERROR) One of the flayrods has gone out askew on treadle.
[2015/11/04 11:41:05.107] (INFO) Alien monitor (aliend): Detected no space aliens.
[2015/11/04 11:41:05.107] (INFO) Network heartbeat check: All OK.
[2015/11/04 11:41:05.107] (INFO) Checkpointing off-heap server memory...
[2015/11/04 11:41:05.107] (INFO) Rolling 1 log file(s)...
[2015/11/04 11:41:05.107] (INFO) User "zjs2156" logged out.
[2015/11/04 11:41:05.107] (ERROR) Unable to write to "/var/data/EpOWg75467.parquet": Permission denied (EACCES)
[2015/11/04 11:41:05.107] (INFO) Device 0x6bf3 is online.
[2015/11/04 11:41:05.107] (ERROR) Connection to 10.21.166.242 terminated unexpectedly. Reconnecting.
[2015/11/04 11:41:05.107] (WARN) Network heartbeat check: 13 server(s) did not respond.
[2015/11/04 11:41:05.107] (ERROR) Unable to authenticate user "exz8874": LDAP server isn't responding.
[2015/11/04 11:41:05.107] (INFO) Pinging watchdog timer process: Process is alive.
[2015/11/04 11:41:05.107] (INFO) .evian ylbirret si emehcs otpyrc ym neht ,siht daer nac uoy fI
[2015/11/04 11:41:05.107] (INFO) Pinging watchdog timer process: Process is alive.
[2015/11/04 11:41:05.107] (INFO) Checkpointing off-heap server memory...
[2015/11/04 11:41:05.107] (INFO) Checked file systems for errors: All filesystems OK.
[2015/11/04 11:41:05.107] (INFO) Supervisor has entered SUSPENDED state.
[2015/11/04 11:41:05.107] (INFO) .evian ylbirret si emehcs otpyrc ym neht ,siht daer nac uoy fI
[2015/11/04 11:41:05.107] (INFO) Network heartbeat check: All OK.
[2015/11/04 11:41:05.107] (INFO) Backed up all server logs.
[2015/11/04 11:41:05.107] (INFO) User "llh1062" logged in from 172.16.214.91.
[2015/11/04 11:41:05.107] (INFO) Alien monitor (aliend): Detected no space aliens.
[2015/11/04 11:41:05.107] (INFO) Pinging watchdog timer process: Process is alive.
[2015/11/04 11:41:05.107] (INFO) User "ugt9753" logged in from 10.69.100.113.
[2015/11/04 11:41:05.107] (INFO) Pinging watchdog timer process: Process is alive.
[2015/11/04 11:41:05.107] (ERROR) Failed to write checkpoint file "/var/checkpoint/yFWZT91380: No space left on device (ENOSPC)
[2015/11/04 11:41:05.107] (WARN) Master took 845 ms to respond (threshold=500 ms)
[2015/11/04 11:41:05.107] (INFO) User "pgy3925" logged in from 10.62.30.133.
[2015/11/04 11:41:05.107] (INFO) User "llg7795" logged in from 172.16.230.76.
[2015/11/04 11:41:05.107] (INFO) User "pgs9744" logged out due to inactivity (timeout=30 minutes).
[2015/11/04 11:41:05.107] (INFO) Flushed 49 buffers to disk.
[2015/11/04 11:41:05.107] (INFO) User "ctb4831" logged out due to inactivity (timeout=30 minutes).
[2015/11/04 11:41:05.107] (INFO) Device 0xb1b3 is online.
[2015/11/04 11:41:05.107] (INFO) .evian ylbirret si emehcs otpyrc ym neht ,siht daer nac uoy fI
[2015/11/04 11:41:05.107] (INFO) Device 0x0fc5 is online.
[2015/11/04 11:41:05.107] (INFO) Device 0x4a8a is online.
[2015/11/04 11:41:05.107] (INFO) Sending SIGTERM to 4 excess workers.
[2015/11/04 11:41:05.107] (INFO) Pinging watchdog timer process: Process is alive.
[2015/11/04 11:41:05.107] (INFO) User "foy6401" logged in from 192.168.25.226.
[2015/11/04 11:41:05.107] (INFO) User "edy1233" logged out due to inactivity (timeout=30 minutes).
[2015/11/04 11:41:05.107] (INFO) User "phk6566" logged out due to inactivity (timeout=30 minutes).
[2015/11/04 11:41:05.107] (INFO) .evian ylbirret si emehcs otpyrc ym neht ,siht daer nac uoy fI
[2015/11/04 11:41:05.107] (INFO) .evian ylbirret si emehcs otpyrc ym neht ,siht daer nac uoy fI
[2015/11/04 11:41:05.107] (INFO) Backed up all server logs.
[2015/11/04 11:41:05.107] (INFO) Checked file systems for errors: All filesystems OK.
[2015/11/04 11:41:05.107] (INFO) Backed up all server logs.
[2015/11/04 11:41:05.107] (INFO) Network heartbeat check: All OK.
[2015/11/04 11:41:05.107] (ERROR) Unable to mount /dev/sde1. (Time to run fsck?)
[2015/11/04 11:41:05.107] (INFO) User "lsp8489" logged in from 172.16.74.201.
[2015/11/04 11:41:05.107] (INFO) Backed up all server logs.
[2015/11/04 11:41:05.107] (INFO) Your mother called. She says you never call her.
[2015/11/04 11:41:05.107] (INFO) Backed up all server logs.
[2015/11/04 11:41:05.107] (INFO) Device 0xd74a is online.
[2015/11/04 11:41:05.107] (INFO) Sending SIGTERM to 3 excess workers.
[2015/11/04 11:41:05.107] (INFO) User "jtf6803" logged out.
[2015/11/04 11:41:05.107] (INFO) Supervisor has entered WAITING state.
[2015/11/04 11:41:05.107] (ERROR) Unable to mount /dev/sde1. (Time to run fsck?)
[2015/11/04 11:41:05.107] (INFO) .evian ylbirret si emehcs otpyrc ym neht ,siht daer nac uoy fI
[2015/11/04 11:41:05.107] (INFO) Network heartbeat check: All OK.
[2015/11/04 11:41:05.107] (ERROR) EFOODFAIL (Waiter, there's a fly in my soup).
[2015/11/04 11:41:05.107] (INFO) Checkpointing off-heap server memory...
[2015/11/04 11:41:05.107] (INFO) Waiting for master process (PID 41560) to die.
[2015/11/04 11:41:05.107] (INFO) User "kkz5642" logged out.
[2015/11/04 11:41:05.107] (INFO) User "fck1489" logged out due to inactivity (timeout=30 minutes).
[2015/11/04 11:41:05.107] (INFO) Alien monitor (aliend): Detected no space aliens.
[2015/11/04 11:41:05.107] (INFO) Network heartbeat check: All OK.
[2015/11/04 11:41:05.107] (INFO) Network heartbeat check: All OK.
[2015/11/04 11:41:05.107] (INFO) User "lir1451" logged out.
[2015/11/04 11:41:05.107] (ERROR) Device 0x7bd9 is offline
[2015/11/04 11:41:05.107] (INFO) Pinging watchdog timer process: Process is alive.
[2015/11/04 11:41:05.107] (INFO) Flushed 40 buffers to disk.
[2015/11/04 11:41:05.107] (INFO) Pinging watchdog timer process: Process is alive.
[2015/11/04 11:41:05.107] (INFO) User "npj8463" logged in from 10.93.123.178.
[2015/11/04 11:41:05.107] (INFO) Checkpointing off-heap server memory...
[2015/11/04 11:41:05.107] (INFO) Network heartbeat check: All OK.
[2015/11/04 11:41:05.107] (WARN) There is no such thing as a free lunch.
[2015/11/04 11:41:05.107] (INFO) Supervisor has entered RESTARTING state.
[2015/11/04 11:41:05.107] (INFO) Flushed 67 buffers to disk.
[2015/11/04 11:41:05.607] (INFO) Pinging watchdog timer process: Process is alive.
[2015/11/04 11:41:05.607] (INFO) Flushed 48 buffers to disk.
[2015/11/04 11:41:05.607] (INFO) Alien monitor (aliend): Detected no space aliens.
[2015/11/04 11:41:05.607] (INFO) User "ixk6179" logged in from 172.16.167.129.
[2015/11/04 11:41:05.607] (INFO) Your mother called. She says you never call her.
[2015/11/04 11:41:05.607] (INFO) Alien monitor (aliend): Detected no space aliens.
[2015/11/04 11:41:05.607] (ERROR) Server log backup FAILED. See backup logs.
[2015/11/04 11:41:05.607] (INFO) User "uax1176" logged in from 192.168.71.15.
[2015/11/04 11:41:05.607] (INFO) Flushed 65 buffers to disk.
[2015/11/04 11:41:05.607] (INFO) Device 0x4d62 is online.
[2015/11/04 11:41:05.607] (INFO) Flushed 91 buffers to disk.
[2015/11/04 11:41:05.607] (INFO) .evian ylbirret si emehcs otpyrc ym neht ,siht daer nac uoy fI
[2015/11/04 11:41:05.607] (INFO) .evian ylbirret si emehcs otpyrc ym neht ,siht daer nac uoy fI
[2015/11/04 11:41:05.607] (INFO) Supervisor has entered RUNNING state.
[2015/11/04 11:41:05.607] (INFO) Waiting for monitor process (PID 58744) to die.
[2015/11/04 11:41:05.607] (INFO) Supervisor has entered RESTARTING state.
[2015/11/04 11:41:05.607] (WARN) Master took 650 ms to respond (threshold=500 ms)
[2015/11/04 11:41:05.607] (INFO) User "luc4727" logged out.
[2015/11/04 11:41:05.607] (INFO) Supervisor has entered SUSPENDED state.
[2015/11/04 11:41:05.607] (INFO) Rolling 1 log file(s)...
[2015/11/04 11:41:05.607] (INFO) User "zzs9749" logged in from 10.46.212.31.
[2015/11/04 11:41:05.607] (INFO) Supervisor has entered RUNNING state.
[2015/11/04 11:41:05.607] (WARN) Space on disk /dev/sdf4 is low: Only 336 MB available.
[2015/11/04 11:41:05.607] (INFO) Alien monitor (aliend): Detected no space aliens.
[2015/11/04 11:41:05.607] (INFO) Checkpointing off-heap server memory...
[2015/11/04 11:41:05.607] (INFO) Waiting for master process (PID 23460) to die.
[2015/11/04 11:41:05.607] (ERROR) Alien monitor (aliend): 3 space aliens are fiddling with the hardware!
[2015/11/04 11:41:05.607] (ERROR) Unable to mount /dev/sdd2. (Time to run fsck?)
[2015/11/04 11:41:05.607] (INFO) Alien monitor (aliend): Detected no space aliens.
[2015/11/04 11:41:05.607] (INFO) Pinging watchdog timer process: Process is alive.
[2015/11/04 11:41:05.607] (INFO) Supervisor has entered WAITING state.
[2015/11/04 11:41:05.607] (INFO) Checkpointing off-heap server memory...
[2015/11/04 11:41:05.607] (INFO) Alien monitor (aliend): Detected no space aliens.
[2015/11/04 11:41:05.607] (INFO) Network heartbeat check: All OK.
[2015/11/04 11:41:05.607] (ERROR) CPU temperature exceeds 50º Celsius. Shutting down.
[2015/11/04 11:41:05.607] (INFO) Device 0x9ab2 is online.
[2015/11/04 11:41:05.607] (INFO) Device 0xadf9 is online.
[2015/11/04 11:41:05.607] (WARN) There is no such thing as a free lunch.
[2015/11/04 11:41:05.607] (INFO) Pinging watchdog timer process: Process is alive.
[2015/11/04 11:41:05.607] (INFO) Checkpointing off-heap server memory...
[2015/11/04 11:41:05.607] (INFO) Your mother called. She says you never call her.
[2015/11/04 11:41:05.607] (INFO) Supervisor has entered WAITING state.
[2015/11/04 11:41:05.607] (INFO) Backed up all server logs.
[2015/11/04 11:41:05.607] (INFO) User "iqu7293" logged in from 172.16.57.199.
[2015/11/04 11:41:05.607] (INFO) Checked file systems for errors: All filesystems OK.
[2015/11/04 11:41:05.607] (INFO) Waiting for worker process (PID 42993) to die.
[2015/11/04 11:41:05.607] (INFO) Network heartbeat check: All OK.
[2015/11/04 11:41:05.607] (INFO) Checkpointing off-heap server memory...
[2015/11/04 11:41:05.607] (INFO) Flushed 99 buffers to disk.
[2015/11/04 11:41:05.607] (ERROR) User "nue4152" failed to log in 3 times. Disabling account.
[2015/11/04 11:41:05.607] (INFO) Supervisor has entered RESTARTING state.
[2015/11/04 11:41:05.607] (ERROR) Unable to authenticate user "mog2334": LDAP server isn't responding.
[2015/11/04 11:41:05.607] (INFO) Waiting for monitor process (PID 36392) to die.
[2015/11/04 11:41:05.607] (INFO) Pinging watchdog timer process: Process is alive.
[2015/11/04 11:41:05.607] (INFO) Network heartbeat check: All OK.
[2015/11/04 11:41:05.607] (INFO) User "zob4406" logged out due to inactivity (timeout=30 minutes).
[2015/11/04 11:41:05.607] (INFO) Alien monitor (aliend): Detected no space aliens.
[2015/11/04 11:41:05.607] (INFO) Device 0x7b55 is online.
[2015/11/04 11:41:05.607] (INFO) User "fpd5157" logged out due to inactivity (timeout=30 minutes).
[2015/11/04 11:41:05.607] (ERROR) EFOODFAIL (Waiter, there's a fly in my soup).
[2015/11/04 11:41:05.607] (INFO) Waiting for monitor process (PID 10550) to die.
[2015/11/04 11:41:05.607] (INFO) Flushed 36 buffers to disk.
[2015/11/04 11:41:05.607] (INFO) Network heartbeat check: All OK.
[2015/11/04 11:41:05.607] (INFO) Waiting for master process (PID 55550) to die.
[2015/11/04 11:41:05.607] (INFO) Backed up all server logs.
[2015/11/04 11:41:05.607] (WARN) Possible cyber-attack from Antarctica.
[2015/11/04 11:41:05.607] (INFO) User "sfl3175" logged in from 192.168.63.206.
[2015/11/04 11:41:05.607] (INFO) User "uft5044" logged in from 172.16.202.4.
[2015/11/04 11:41:05.607] (INFO) User "tkl1406" logged out due to inactivity (timeout=30 minutes).
[2015/11/04 11:41:05.607] (INFO) Supervisor has entered SUSPENDED state.
[2015/11/04 11:41:05.607] (INFO) Supervisor has entered RESTARTING state.
[2015/11/04 11:41:05.607] (INFO) Sending SIGTERM to 2 excess workers.
[2015/11/04 11:41:05.607] (INFO) Supervisor has entered RUNNING state.
[2015/11/04 11:41:05.607] (INFO) Checked file systems for errors: All filesystems OK.
[2015/11/04 11:41:05.607] (INFO) Pinging watchdog timer process: Process is alive.
[2015/11/04 11:41:05.607] (INFO) User "oty4011" logged out due to inactivity (timeout=30 minutes).
[2015/11/04 11:41:05.607] (INFO) User "roi7116" logged out due to inactivity (timeout=30 minutes).
[2015/11/04 11:41:05.607] (INFO) Flushed 52 buffers to disk.
[2015/11/04 11:41:05.607] (INFO) Waiting for supervisor process (PID 62512) to die.
[2015/11/04 11:41:05.607] (INFO) Waiting for master process (PID 9612) to die.
[2015/11/04 11:41:05.607] (INFO) Your mother called. She says you never call her.
[2015/11/04 11:41:05.607] (INFO) Waiting for supervisor process (PID 65348) to die.
[2015/11/04 11:41:05.607] (INFO) Flushed 62 buffers to disk.
[2015/11/04 11:41:05.607] (WARN) Space on disk /dev/sdf4 is low: Only 611 MB available.
[2015/11/04 11:41:05.607] (ERROR) Failed to open "/mnt/fileserver02/gXBiG66332.txt": NFS timeout.
[2015/11/04 11:41:05.607] (INFO) Pinging watchdog timer process: Process is alive.
[2015/11/04 11:41:05.607] (INFO) Waiting for supervisor process (PID 35243) to die.
[2015/11/04 11:41:05.607] (INFO) Flushed 65 buffers to disk.
[2015/11/04 11:41:05.607] (WARN) Retrying server log checkpoint.
[2015/11/04 11:41:05.607] (INFO) Your mother called. She says you never call her.
[2015/11/04 11:41:05.607] (INFO) Device 0x1065 is online.
[2015/11/04 11:41:05.607] (INFO) Waiting for worker process (PID 65091) to die.
[2015/11/04 11:41:05.607] (INFO) User "del5026" logged out.
[2015/11/04 11:41:05.607] (INFO) Waiting for supervisor process (PID 7707) to die.
[2015/11/04 11:41:05.607] (WARN) CPU temperature exceeds 40º Celsius.
[2015/11/04 11:41:05.607] (INFO) Network heartbeat check: All OK.
[2015/11/04 11:41:05.607] (INFO) Backed up all server logs.
[2015/11/04 11:41:05.607] (ERROR) /dev/lp error: "PC LOAD LETTER"
[2015/11/04 11:41:05.607] (INFO) Checkpointing off-heap server memory...
[2015/11/04 11:41:05.607] (INFO) Flushed 94 buffers to disk.
[2015/11/04 11:41:06.106] (INFO) Flushed 43 buffers to disk.
[2015/11/04 11:41:06.106] (INFO) Flushed 90 buffers to disk.
[2015/11/04 11:41:06.106] (ERROR) Failed to open "/mnt/fileserver02/DmAPl59997.zip": NFS timeout.
[2015/11/04 11:41:06.106] (INFO) User "avo1758" logged out.
[2015/11/04 11:41:06.106] (INFO) Backed up all server logs.
[2015/11/04 11:41:06.106] (INFO) Alien monitor (aliend): Detected no space aliens.
[2015/11/04 11:41:06.106] (ERROR) One of the flayrods has gone out askew on treadle.
[2015/11/04 11:41:06.106] (WARN) Network heartbeat check: 10 server(s) did not respond.
[2015/11/04 11:41:06.106] (INFO) User "pze7938" logged in from 192.168.229.161.
[2015/11/04 11:41:06.106] (WARN) Dropped 9,738 corrupt data packets.
[2015/11/04 11:41:06.106] (INFO) Device 0xc8c4 is online.
[2015/11/04 11:41:06.106] (INFO) Your mother called. She says you never call her.
[2015/11/04 11:41:06.106] (ERROR) Blocked SMTP traffic originating from 172.16.10.155.
[2015/11/04 11:41:06.106] (INFO) Sending SIGTERM to 3 excess workers.
[2015/11/04 11:41:06.106] (INFO) Network heartbeat check: All OK.
[2015/11/04 11:41:06.106] (WARN) Network heartbeat check: 9 server(s) did not respond.
[2015/11/04 11:41:06.106] (INFO) Backed up all server logs.
[2015/11/04 11:41:06.106] (INFO) Supervisor has entered RESTARTING state.
[2015/11/04 11:41:06.106] (INFO) Network heartbeat check: All OK.
[2015/11/04 11:41:06.106] (INFO) Waiting for master process (PID 54916) to die.
[2015/11/04 11:41:06.106] (INFO) .evian ylbirret si emehcs otpyrc ym neht ,siht daer nac uoy fI
[2015/11/04 11:41:06.106] (ERROR) User "ubz8711" failed to log in 3 times. Disabling account.
[2015/11/04 11:41:06.106] (INFO) Network heartbeat check: All OK.
[2015/11/04 11:41:06.106] (WARN) Dropped 11,077 corrupt data packets.
[2015/11/04 11:41:06.106] (INFO) User "mou4212" logged out.
[2015/11/04 11:41:06.106] (INFO) Supervisor has entered RESTARTING state.
[2015/11/04 11:41:06.106] (ERROR) Connection to 172.16.6.102 terminated unexpectedly. Reconnecting.
[2015/11/04 11:41:06.106] (INFO) Flushed 55 buffers to disk.
[2015/11/04 11:41:06.106] (INFO) Waiting for monitor process (PID 54705) to die.
[2015/11/04 11:41:06.106] (INFO) User "wor5172" logged in from 172.16.126.53.
[2015/11/04 11:41:06.106] (WARN) Network heartbeat check: 1 server(s) did not respond.
[2015/11/04 11:41:06.106] (INFO) User "rki8754" logged out due to inactivity (timeout=30 minutes).
[2015/11/04 11:41:06.106] (INFO) Flushed 46 buffers to disk.
[2015/11/04 11:41:06.106] (INFO) Checkpointing off-heap server memory...
[2015/11/04 11:41:06.106] (INFO) User "lwe3301" logged in from 192.168.154.176.
[2015/11/04 11:41:06.106] (ERROR) Unable to authenticate user "asm5933": LDAP server isn't responding.
[2015/11/04 11:41:06.106] (INFO) Device 0x2f5b is online.
[2015/11/04 11:41:06.106] (INFO) Flushed 54 buffers to disk.
[2015/11/04 11:41:06.106] (INFO) User "ddq6634" logged out due to inactivity (timeout=30 minutes).
[2015/11/04 11:41:06.106] (INFO) Backed up all server logs.
[2015/11/04 11:41:06.106] (INFO) Checked file systems for errors: All filesystems OK.
[2015/11/04 11:41:06.106] (INFO) Your mother called. She says you never call her.
[2015/11/04 11:41:06.106] (WARN) Ignoring SIGTERM. It's not that easy to get rid of me.
[2015/11/04 11:41:06.106] (INFO) Device 0x0834 is online.
[2015/11/04 11:41:06.106] (INFO) .evian ylbirret si emehcs otpyrc ym neht ,siht daer nac uoy fI
[2015/11/04 11:41:06.106] (INFO) Alien monitor (aliend): Detected no space aliens.
[2015/11/04 11:41:06.106] (ERROR) Worker 4 died with SIGTERM. Restarting it.
[2015/11/04 11:41:06.106] (INFO) Supervisor has entered RESTARTING state.
[2015/11/04 11:41:06.106] (ERROR) Blocked Little Bobby Tables attack (https://xkcd.com/327/) from 172.16.197.8.
[2015/11/04 11:41:06.107] (INFO) Rolling 6 log file(s)...
[2015/11/04 11:41:06.107] (INFO) Rolling 9 log file(s)...
[2015/11/04 11:41:06.107] (INFO) Device 0x67e7 is online.
[2015/11/04 11:41:06.107] (INFO) User "wxc1500" logged out.
[2015/11/04 11:41:06.107] (WARN) Space on disk /dev/sda1 is low: Only 766 MB available.
[2015/11/04 11:41:06.107] (INFO) Pinging watchdog timer process: Process is alive.
[2015/11/04 11:41:06.107] (INFO) Sending SIGTERM to 4 excess workers.
[2015/11/04 11:41:06.107] (INFO) .evian ylbirret si emehcs otpyrc ym neht ,siht daer nac uoy fI
[2015/11/04 11:41:06.107] (ERROR) Detected clock skew! Restarting NTP server.
[2015/11/04 11:41:06.107] (INFO) Flushed 60 buffers to disk.
[2015/11/04 11:41:06.107] (INFO) Supervisor has entered RESTARTING state.
[2015/11/04 11:41:06.107] (INFO) Flushed 34 buffers to disk.
[2015/11/04 11:41:06.107] (INFO) Your mother called. She says you never call her.
[2015/11/04 11:41:06.107] (INFO) Checkpointing off-heap server memory...
[2015/11/04 11:41:06.107] (INFO) Checkpointing off-heap server memory...
[2015/11/04 11:41:06.107] (INFO) Checked file systems for errors: All filesystems OK.
[2015/11/04 11:41:06.107] (INFO) Network heartbeat check: All OK.
[2015/11/04 11:41:06.107] (INFO) Pinging watchdog timer process: Process is alive.
[2015/11/04 11:41:06.107] (INFO) Network heartbeat check: All OK.
[2015/11/04 11:41:06.107] (INFO) Alien monitor (aliend): Detected no space aliens.
[2015/11/04 11:41:06.107] (INFO) Waiting for supervisor process (PID 19909) to die.
[2015/11/04 11:41:06.107] (INFO) Pinging watchdog timer process: Process is alive.
[2015/11/04 11:41:06.107] (WARN) Backup server 192.168.226.144 is offline.
[2015/11/04 11:41:06.107] (INFO) Alien monitor (aliend): Detected no space aliens.
[2015/11/04 11:41:06.107] (INFO) Checked file systems for errors: All filesystems OK.
[2015/11/04 11:41:06.107] (INFO) Waiting for monitor process (PID 57542) to die.
[2015/11/04 11:41:06.107] (INFO) User "gsp7987" logged in from 10.63.227.215.
[2015/11/04 11:41:06.107] (INFO) User "cek3419" logged out due to inactivity (timeout=30 minutes).
[2015/11/04 11:41:06.107] (ERROR) "/var/data/foVWl68983.tar.gz": Permission denied (EACCES)
[2015/11/04 11:41:06.107] (INFO) .evian ylbirret si emehcs otpyrc ym neht ,siht daer nac uoy fI
[2015/11/04 11:41:06.107] (INFO) Supervisor has entered RESTARTING state.
[2015/11/04 11:41:06.107] (INFO) Rolling 5 log file(s)...
[2015/11/04 11:41:06.107] (INFO) Network heartbeat check: All OK.
[2015/11/04 11:41:06.107] (INFO) Backed up all server logs.
[2015/11/04 11:41:06.107] (INFO) Checked file systems for errors: All filesystems OK.
[2015/11/04 11:41:06.107] (ERROR) Unable to write to "/var/data/xuinj83793.txt": Permission denied (EACCES)
[2015/11/04 11:41:06.107] (INFO) User "pho9814" logged in from 172.16.190.117.
[2015/11/04 11:41:06.107] (INFO) Rolling 8 log file(s)...
[2015/11/04 11:41:06.107] (INFO) User "ryx7530" logged in from 10.203.157.96.
[2015/11/04 11:41:06.107] (INFO) Network heartbeat check: All OK.
[2015/11/04 11:41:06.107] (INFO) Flushed 84 buffers to disk.
[2015/11/04 11:41:06.107] (INFO) Pinging watchdog timer process: Process is alive.
[2015/11/04 11:41:06.107] (INFO) User "lsz4322" logged out.
[2015/11/04 11:41:06.107] (INFO) User "fne1140" logged out.
[2015/11/04 11:41:06.107] (WARN) Retrying server log checkpoint.
[2015/11/04 11:41:06.107] (INFO) .evian ylbirret si emehcs otpyrc ym neht ,siht daer nac uoy fI
[2015/11/04 11:41:06.107] (INFO) Your mother called. She says you never call her.
[2015/11/04 11:41:06.107] (INFO) Flushed 96 buffers to disk.
[2015/11/04 11:41:06.107] (INFO) Rolling 5 log file(s)...
[2015/11/04 11:41:06.107] (INFO) Backed up all server logs.
[2015/11/04 11:41:06.107] (INFO) Flushed 47 buffers to disk.
[2015/11/04 11:41:06.606] (INFO) Pinging watchdog timer process: Process is alive.
[2015/11/04 11:41:06.606] (INFO) Alien monitor (aliend): Detected no space aliens.
[2015/11/04 11:41:06.606] (INFO) Backed up all server logs.
[2015/11/04 11:41:06.606] (ERROR) EFOODFAIL (Waiter, there's a fly in my soup).
[2015/11/04 11:41:06.606] (INFO) Checked file systems for errors: All filesystems OK.
[2015/11/04 11:41:06.606] (INFO) Device 0xb3dd is online.
[2015/11/04 11:41:06.606] (ERROR) CPU temperature exceeds 50º Celsius. Shutting down.
[2015/11/04 11:41:06.606] (INFO) Network heartbeat check: All OK.
[2015/11/04 11:41:06.606] (INFO) Supervisor has entered SUSPENDED state.
[2015/11/04 11:41:06.606] (INFO) Checkpointing off-heap server memory...
[2015/11/04 11:41:06.606] (INFO) Your mother called. She says you never call her.
[2015/11/04 11:41:06.606] (INFO) Alien monitor (aliend): Detected no space aliens.
[2015/11/04 11:41:06.606] (INFO) Waiting for supervisor process (PID 53983) to die.
[2015/11/04 11:41:06.606] (INFO) Alien monitor (aliend): Detected no space aliens.
[2015/11/04 11:41:06.606] (INFO) Waiting for master process (PID 44938) to die.
[2015/11/04 11:41:06.606] (WARN) Watchdog timer crashed. Restarting it.
[2015/11/04 11:41:06.606] (INFO) Checked file systems for errors: All filesystems OK.
[2015/11/04 11:41:06.606] (WARN) Retrying server log checkpoint.
[2015/11/04 11:41:06.606] (INFO) Backed up all server logs.
[2015/11/04 11:41:06.606] (ERROR) EFOODFAIL (Waiter, there's a fly in my soup).
[2015/11/04 11:41:06.606] (INFO) Pinging watchdog timer process: Process is alive.
[2015/11/04 11:41:06.606] (INFO) Waiting for master process (PID 43907) to die.
[2015/11/04 11:41:06.606] (INFO) Supervisor has entered RUNNING state.
[2015/11/04 11:41:06.606] (INFO) Checked file systems for errors: All filesystems OK.
[2015/11/04 11:41:06.606] (INFO) Checked file systems for errors: All filesystems OK.
[2015/11/04 11:41:06.606] (WARN) Dropped 19,666 corrupt data packets.
[2015/11/04 11:41:06.606] (INFO) Backed up all server logs.
[2015/11/04 11:41:06.606] (INFO) Network heartbeat check: All OK.
[2015/11/04 11:41:06.606] (ERROR) Failed to open "/mnt/fileserver02/TPOlc91301.csv": NFS timeout.
[2015/11/04 11:41:06.606] (INFO) User "bik3550" logged out due to inactivity (timeout=30 minutes).
[2015/11/04 11:41:06.606] (INFO) Supervisor has entered RESTARTING state.
[2015/11/04 11:41:06.606] (INFO) Alien monitor (aliend): Detected no space aliens.
[2015/11/04 11:41:06.606] (ERROR) Server log backup FAILED. See backup logs.
[2015/11/04 11:41:06.606] (INFO) Flushed 90 buffers to disk.
[2015/11/04 11:41:06.606] (INFO) Pinging watchdog timer process: Process is alive.
[2015/11/04 11:41:06.606] (INFO) Your mother called. She says you never call her.
[2015/11/04 11:41:06.606] (INFO) Network heartbeat check: All OK.
[2015/11/04 11:41:06.606] (INFO) Checkpointing off-heap server memory...
[2015/11/04 11:41:06.606] (INFO) Backed up all server logs.
[2015/11/04 11:41:06.606] (INFO) Pinging watchdog timer process: Process is alive.
[2015/11/04 11:41:06.606] (INFO) Flushed 63 buffers to disk.
[2015/11/04 11:41:06.606] (INFO) .evian ylbirret si emehcs otpyrc ym neht ,siht daer nac uoy fI
[2015/11/04 11:41:06.606] (INFO) Alien monitor (aliend): Detected no space aliens.
[2015/11/04 11:41:06.606] (INFO) Backed up all server logs.
[2015/11/04 11:41:06.606] (ERROR) Failed to open "/mnt/fileserver02/cIOSO82453.csv": NFS timeout.
[2015/11/04 11:41:06.606] (ERROR) Connection to 192.168.38.88 terminated unexpectedly. Reconnecting.
[2015/11/04 11:41:06.606] (INFO) Alien monitor (aliend): Detected no space aliens.
[2015/11/04 11:41:06.606] (INFO) Device 0xd864 is online.
[2015/11/04 11:41:06.606] (INFO) Checkpointing off-heap server memory...
[2015/11/04 11:41:06.606] (INFO) Network heartbeat check: All OK.
[2015/11/04 11:41:06.606] (INFO) .evian ylbirret si emehcs otpyrc ym neht ,siht daer nac uoy fI
[2015/11/04 11:41:06.606] (INFO) Supervisor has entered RESTARTING state.
[2015/11/04 11:41:06.606] (INFO) .evian ylbirret si emehcs otpyrc ym neht ,siht daer nac uoy fI
[2015/11/04 11:41:06.606] (ERROR) Unable to write to "/var/data/wKcWr85964.zip": Permission denied (EACCES)
[2015/11/04 11:41:06.606] (INFO) Checked file systems for errors: All filesystems OK.
[2015/11/04 11:41:06.606] (INFO) User "qxm5600" logged in from 192.168.35.11.
[2015/11/04 11:41:06.606] (INFO) Checkpointing off-heap server memory...
[2015/11/04 11:41:06.606] (INFO) Alien monitor (aliend): Detected no space aliens.
[2015/11/04 11:41:06.606] (INFO) Your mother called. She says you never call her.
[2015/11/04 11:41:06.606] (INFO) Network heartbeat check: All OK.
[2015/11/04 11:41:06.606] (INFO) User "fjc1416" logged out due to inactivity (timeout=30 minutes).
[2015/11/04 11:41:06.606] (INFO) Flushed 69 buffers to disk.
[2015/11/04 11:41:06.606] (INFO) Your mother called. She says you never call her.
[2015/11/04 11:41:06.606] (INFO) User "hkq6193" logged out.
[2015/11/04 11:41:06.606] (INFO) User "ego5379" logged in from 172.16.219.20.
[2015/11/04 11:41:06.606] (ERROR) CPU temperature exceeds 50º Celsius. Shutting down.
[2015/11/04 11:41:06.606] (INFO) Waiting for supervisor process (PID 27693) to die.
[2015/11/04 11:41:06.606] (INFO) Flushed 78 buffers to disk.
[2015/11/04 11:41:06.606] (INFO) Your mother called. She says you never call her.
[2015/11/04 11:41:06.606] (INFO) Alien monitor (aliend): Detected no space aliens.
[2015/11/04 11:41:06.606] (INFO) .evian ylbirret si emehcs otpyrc ym neht ,siht daer nac uoy fI
[2015/11/04 11:41:06.606] (INFO) Backed up all server logs.
[2015/11/04 11:41:06.606] (INFO) Checked file systems for errors: All filesystems OK.
[2015/11/04 11:41:06.606] (INFO) Sending SIGTERM to 4 excess workers.
[2015/11/04 11:41:06.606] (INFO) User "pef5094" logged in from 192.168.183.22.
[2015/11/04 11:41:06.606] (INFO) Your mother called. She says you never call her.
[2015/11/04 11:41:06.606] (INFO) User "wxm8129" logged out due to inactivity (timeout=30 minutes).
[2015/11/04 11:41:06.606] (INFO) Checked file systems for errors: All filesystems OK.
[2015/11/04 11:41:06.606] (INFO) Network heartbeat check: All OK.
[2015/11/04 11:41:06.606] (INFO) Supervisor has entered WAITING state.
[2015/11/04 11:41:06.606] (INFO) Waiting for supervisor process (PID 4558) to die.
[2015/11/04 11:41:06.606] (INFO) User "hjg2808" logged out.
[2015/11/04 11:41:06.606] (INFO) Sending SIGTERM to 4 excess workers.
[2015/11/04 11:41:06.606] (INFO) Checkpointing off-heap server memory...
[2015/11/04 11:41:06.606] (INFO) Pinging watchdog timer process: Process is alive.
[2015/11/04 11:41:06.606] (ERROR) Unable to authenticate user "bij3995": LDAP server isn't responding.
[2015/11/04 11:41:06.606] (INFO) Flushed 94 buffers to disk.
[2015/11/04 11:41:06.606] (INFO) .evian ylbirret si emehcs otpyrc ym neht ,siht daer nac uoy fI
[2015/11/04 11:41:06.606] (INFO) Pinging watchdog timer process: Process is alive.
[2015/11/04 11:41:06.606] (INFO) Backed up all server logs.
[2015/11/04 11:41:06.606] (INFO) Supervisor has entered RUNNING state.
[2015/11/04 11:41:06.606] (INFO) Rolling 2 log file(s)...
[2015/11/04 11:41:06.606] (INFO) User "yar1033" logged out due to inactivity (timeout=30 minutes).
[2015/11/04 11:41:06.606] (INFO) Waiting for monitor process (PID 48299) to die.
[2015/11/04 11:41:06.607] (INFO) User "dgt7758" logged in from 172.16.210.244.
[2015/11/04 11:41:06.607] (INFO) .evian ylbirret si emehcs otpyrc ym neht ,siht daer nac uoy fI
[2015/11/04 11:41:06.607] (INFO) Pinging watchdog timer process: Process is alive.
[2015/11/04 11:41:06.607] (ERROR) Directory index of "/var/data" is forbidden.
[2015/11/04 11:41:06.607] (INFO) Supervisor has entered SUSPENDED state.
[2015/11/04 11:41:06.607] (INFO) Your mother called. She says you never call her.
[2015/11/04 11:41:07.107] (WARN) Possible cyber-attack from Antarctica.
[2015/11/04 11:41:07.107] (INFO) .evian ylbirret si emehcs otpyrc ym neht ,siht daer nac uoy fI
[2015/11/04 11:41:07.107] (INFO) .evian ylbirret si emehcs otpyrc ym neht ,siht daer nac uoy fI
[2015/11/04 11:41:07.107] (INFO) Sending SIGTERM to 3 excess workers.
[2015/11/04 11:41:07.107] (INFO) Checked file systems for errors: All filesystems OK.
[2015/11/04 11:41:07.107] (INFO) User "xlf4216" logged out.
[2015/11/04 11:41:07.107] (INFO) Network heartbeat check: All OK.
[2015/11/04 11:41:07.107] (ERROR) Alien monitor (aliend): 4 space aliens are fiddling with the hardware!
[2015/11/04 11:41:07.107] (INFO) Rolling 6 log file(s)...
[2015/11/04 11:41:07.107] (INFO) Network heartbeat check: All OK.
[2015/11/04 11:41:07.107] (WARN) Dropped 13,241 corrupt data packets.
[2015/11/04 11:41:07.107] (INFO) User "jju3630" logged out due to inactivity (timeout=30 minutes).
[2015/11/04 11:41:07.107] (INFO) Rolling 7 log file(s)...
[2015/11/04 11:41:07.107] (INFO) Device 0x5aed is online.
[2015/11/04 11:41:07.107] (INFO) Device 0x021f is online.
[2015/11/04 11:41:07.107] (INFO) .evian ylbirret si emehcs otpyrc ym neht ,siht daer nac uoy fI
[2015/11/04 11:41:07.107] (INFO) Your mother called. She says you never call her.
[2015/11/04 11:41:07.107] (INFO) Network heartbeat check: All OK.
[2015/11/04 11:41:07.107] (INFO) Checked file systems for errors: All filesystems OK.
[2015/11/04 11:41:07.107] (ERROR) Unable to mount /dev/sdd3. (Time to run fsck?)
[2015/11/04 11:41:07.107] (INFO) Backed up all server logs.
[2015/11/04 11:41:07.107] (INFO) User "efb1547" logged out.
[2015/11/04 11:41:07.107] (INFO) Supervisor has entered RUNNING state.
[2015/11/04 11:41:07.107] (INFO) Waiting for supervisor process (PID 8237) to die.
[2015/11/04 11:41:07.107] (INFO) Pinging watchdog timer process: Process is alive.
[2015/11/04 11:41:07.107] (INFO) User "hxk4234" logged in from 10.184.89.83.
[2015/11/04 11:41:07.107] (INFO) Checked file systems for errors: All filesystems OK.
[2015/11/04 11:41:07.107] (INFO) Your mother called. She says you never call her.
[2015/11/04 11:41:07.107] (INFO) Waiting for monitor process (PID 60472) to die.
[2015/11/04 11:41:07.107] (INFO) Backed up all server logs.
[2015/11/04 11:41:07.107] (INFO) User "hpf7741" logged in from 172.16.194.189.
[2015/11/04 11:41:07.107] (WARN) Retrying server log checkpoint.
[2015/11/04 11:41:07.107] (INFO) Checkpointing off-heap server memory...
[2015/11/04 11:41:07.107] (INFO) Supervisor has entered SUSPENDED state.
[2015/11/04 11:41:07.107] (INFO) User "hhp4205" logged out.
[2015/11/04 11:41:07.107] (INFO) Alien monitor (aliend): Detected no space aliens.
[2015/11/04 11:41:07.107] (INFO) Pinging watchdog timer process: Process is alive.
[2015/11/04 11:41:07.107] (INFO) User "wbx6525" logged out.
[2015/11/04 11:41:07.107] (INFO) Pinging watchdog timer process: Process is alive.
[2015/11/04 11:41:07.107] (INFO) Your mother called. She says you never call her.
[2015/11/04 11:41:07.107] (INFO) Supervisor has entered SUSPENDED state.
[2015/11/04 11:41:07.107] (INFO) Supervisor has entered WAITING state.
[2015/11/04 11:41:07.107] (INFO) Sending SIGTERM to 4 excess workers.
[2015/11/04 11:41:07.107] (INFO) Your mother called. She says you never call her.
[2015/11/04 11:41:07.107] (INFO) Your mother called. She says you never call her.
[2015/11/04 11:41:07.107] (INFO) Rolling 3 log file(s)...
[2015/11/04 11:41:07.107] (INFO) Your mother called. She says you never call her.
[2015/11/04 11:41:07.107] (INFO) Checkpointing off-heap server memory...
[2015/11/04 11:41:07.107] (WARN) Watchdog timer crashed. Restarting it.
[2015/11/04 11:41:07.107] (INFO) User "shl3315" logged out.
[2015/11/04 11:41:07.107] (INFO) Device 0x33cd is online.
[2015/11/04 11:41:07.107] (INFO) Supervisor has entered RESTARTING state.
[2015/11/04 11:41:07.107] (INFO) Your mother called. She says you never call her.
[2015/11/04 11:41:07.107] (WARN) Network heartbeat check: 15 server(s) did not respond.
[2015/11/04 11:41:07.107] (INFO) Rolling 6 log file(s)...
[2015/11/04 11:41:07.107] (INFO) Rolling 6 log file(s)...
[2015/11/04 11:41:07.107] (INFO) Alien monitor (aliend): Detected no space aliens.
[2015/11/04 11:41:07.107] (INFO) Checked file systems for errors: All filesystems OK.
[2015/11/04 11:41:07.107] (INFO) User "spg6170" logged out due to inactivity (timeout=30 minutes).
[2015/11/04 11:41:07.107] (INFO) User "rdy5323" logged out due to inactivity (timeout=30 minutes).
[2015/11/04 11:41:07.107] (INFO) Supervisor has entered RUNNING state.
[2015/11/04 11:41:07.107] (INFO) Rolling 7 log file(s)...
[2015/11/04 11:41:07.107] (INFO) Checkpointing off-heap server memory...
[2015/11/04 11:41:07.107] (INFO) User "ice8430" logged out.
[2015/11/04 11:41:07.107] (INFO) Backed up all server logs.
[2015/11/04 11:41:07.107] (WARN) Watchdog timer crashed. Restarting it.
[2015/11/04 11:41:07.107] (INFO) Sending SIGTERM to 4 excess workers.
[2015/11/04 11:41:07.107] (INFO) Pinging watchdog timer process: Process is alive.
[2015/11/04 11:41:07.107] (WARN) Network heartbeat check: 15 server(s) did not respond.
[2015/11/04 11:41:07.107] (ERROR) Extra characters at end of line.
[2015/11/04 11:41:07.107] (INFO) Checkpointing off-heap server memory...
[2015/11/04 11:41:07.107] (INFO) Checked file systems for errors: All filesystems OK.
[2015/11/04 11:41:07.107] (INFO) Flushed 52 buffers to disk.
[2015/11/04 11:41:07.107] (ERROR) Detected clock skew! Restarting NTP server.
[2015/11/04 11:41:07.107] (INFO) Alien monitor (aliend): Detected no space aliens.
[2015/11/04 11:41:07.107] (INFO) User "yab5478" logged out due to inactivity (timeout=30 minutes).
[2015/11/04 11:41:07.107] (ERROR) Unable to authenticate user "hni2906": LDAP server isn't responding.
[2015/11/04 11:41:07.107] (INFO) User "ksx6242" logged out due to inactivity (timeout=30 minutes).
[2015/11/04 11:41:07.107] (INFO) Waiting for master process (PID 27229) to die.
[2015/11/04 11:41:07.107] (INFO) Your mother called. She says you never call her.
[2015/11/04 11:41:07.107] (INFO) Flushed 99 buffers to disk.
[2015/11/04 11:41:07.107] (INFO) Checkpointing off-heap server memory...
[2015/11/04 11:41:07.107] (INFO) Alien monitor (aliend): Detected no space aliens.
[2015/11/04 11:41:07.107] (INFO) Checked file systems for errors: All filesystems OK.
[2015/11/04 11:41:07.107] (INFO) .evian ylbirret si emehcs otpyrc ym neht ,siht daer nac uoy fI
[2015/11/04 11:41:07.107] (ERROR) Detected clock skew! Restarting NTP server.
[2015/11/04 11:41:07.107] (INFO) Device 0x6788 is online.
[2015/11/04 11:41:07.107] (INFO) Waiting for master process (PID 48379) to die.
[2015/11/04 11:41:07.107] (INFO) Your mother called. She says you never call her.
[2015/11/04 11:41:07.107] (INFO) User "zyf4160" logged out.
[2015/11/04 11:41:07.107] (INFO) Alien monitor (aliend): Detected no space aliens.
[2015/11/04 11:41:07.107] (INFO) Network heartbeat check: All OK.
[2015/11/04 11:41:07.107] (WARN) Unable to ping supervisor at 172.16.233.160. Retrying.
[2015/11/04 11:41:07.107] (INFO) Pinging watchdog timer process: Process is alive.
[2015/11/04 11:41:07.107] (INFO) Waiting for worker process (PID 35856) to die.
[2015/11/04 11:41:07.107] (INFO) Flushed 47 buffers to disk.
[2015/11/04 11:41:07.107] (INFO) Alien monitor (aliend): Detected no space aliens.
[2015/11/04 11:41:07.107] (INFO) Flushed 71 buffers to disk.
[2015/11/04 11:41:07.107] (WARN) Space on disk /dev/sde4 is low: Only 631 MB available.
[2015/11/04 11:41:07.107] (WARN) Network heartbeat check: 14 server(s) did not respond.
[2015/11/04 11:41:07.607] (INFO) User "ngh6448" logged out.
[2015/11/04 11:41:07.607] (INFO) Your mother called. She says you never call her.
[2015/11/04 11:41:07.607] (INFO) Checked file systems for errors: All filesystems OK.
[2015/11/04 11:41:07.607] (INFO) .evian ylbirret si emehcs otpyrc ym neht ,siht daer nac uoy fI
[2015/11/04 11:41:07.607] (INFO) User "vsv9669" logged out due to inactivity (timeout=30 minutes).
[2015/11/04 11:41:07.607] (INFO) Pinging watchdog timer process: Process is alive.
[2015/11/04 11:41:07.607] (INFO) Backed up all server logs.
[2015/11/04 11:41:07.607] (INFO) Waiting for worker process (PID 3623) to die.
[2015/11/04 11:41:07.607] (INFO) User "fhq5542" logged in from 10.74.234.243.
[2015/11/04 11:41:07.607] (WARN) Master took 729 ms to respond (threshold=500 ms)
[2015/11/04 11:41:07.607] (ERROR) User "eei3235" failed to log in 3 times. Disabling account.
[2015/11/04 11:41:07.607] (INFO) Device 0xdb98 is online.
[2015/11/04 11:41:07.607] (INFO) Checked file systems for errors: All filesystems OK.
[2015/11/04 11:41:07.607] (INFO) Waiting for supervisor process (PID 12590) to die.
[2015/11/04 11:41:07.607] (WARN) Master took 513 ms to respond (threshold=500 ms)
[2015/11/04 11:41:07.607] (ERROR) Failed to open "/mnt/fileserver01/AsOtV71934.zip": NFS timeout.
[2015/11/04 11:41:07.607] (INFO) .evian ylbirret si emehcs otpyrc ym neht ,siht daer nac uoy fI
[2015/11/04 11:41:07.607] (INFO) User "utj9984" logged in from 172.16.208.238.
[2015/11/04 11:41:07.607] (ERROR) Unable to write to "/var/data/CaFEc53522.xml": Permission denied (EACCES)
[2015/11/04 11:41:07.607] (INFO) Backed up all server logs.
[2015/11/04 11:41:07.607] (INFO) Device 0x3f10 is online.
[2015/11/04 11:41:07.607] (INFO) Sending SIGTERM to 4 excess workers.
[2015/11/04 11:41:07.607] (INFO) Device 0x57c8 is online.
[2015/11/04 11:41:07.607] (INFO) Device 0xdc22 is online.
[2015/11/04 11:41:07.607] (INFO) User "dcp6220" logged in from 10.54.27.151.
[2015/11/04 11:41:07.607] (ERROR) "/var/data/YUPJW89345.csv": No such file or directory (ENOENT)
[2015/11/04 11:41:07.607] (INFO) User "isy2326" logged out.
[2015/11/04 11:41:07.607] (INFO) Checkpointing off-heap server memory...
[2015/11/04 11:41:07.607] (INFO) User "pvq3825" logged out.
[2015/11/04 11:41:07.607] (ERROR) Unable to write to "/var/data/QqqUm73035.tsv": Permission denied (EACCES)
[2015/11/04 11:41:07.607] (INFO) Supervisor has entered RESTARTING state.
[2015/11/04 11:41:07.607] (ERROR) User "uvg8869" failed to log in 3 times. Disabling account.
[2015/11/04 11:41:07.607] (INFO) User "dle5499" logged in from 192.168.115.23.
[2015/11/04 11:41:07.607] (INFO) Pinging watchdog timer process: Process is alive.
[2015/11/04 11:41:07.607] (WARN) There is no such thing as a free lunch.
[2015/11/04 11:41:07.607] (INFO) Checked file systems for errors: All filesystems OK.
[2015/11/04 11:41:07.607] (INFO) Network heartbeat check: All OK.
[2015/11/04 11:41:07.607] (INFO) Supervisor has entered SUSPENDED state.
[2015/11/04 11:41:07.607] (INFO) Supervisor has entered RUNNING state.
[2015/11/04 11:41:07.607] (INFO) User "uug8579" logged out due to inactivity (timeout=30 minutes).
[2015/11/04 11:41:07.607] (WARN) Retrying server log checkpoint.
[2015/11/04 11:41:07.607] (INFO) Backed up all server logs.
[2015/11/04 11:41:07.607] (WARN) There is no such thing as a free lunch.
[2015/11/04 11:41:07.607] (INFO) Waiting for monitor process (PID 6889) to die.
[2015/11/04 11:41:07.607] (INFO) Network heartbeat check: All OK.
[2015/11/04 11:41:07.607] (INFO) User "grm9810" logged out.
[2015/11/04 11:41:07.607] (INFO) Flushed 22 buffers to disk.
[2015/11/04 11:41:07.607] (ERROR) Failed to open "/mnt/fileserver02/bdbzn56205.tar.gz": NFS timeout.
[2015/11/04 11:41:07.607] (INFO) Alien monitor (aliend): Detected no space aliens.
[2015/11/04 11:41:07.607] (INFO) Rolling 8 log file(s)...
[2015/11/04 11:41:07.607] (ERROR) Server log backup FAILED. See backup logs.
[2015/11/04 11:41:07.607] (INFO) Sending SIGTERM to 3 excess workers.
[2015/11/04 11:41:07.607] (ERROR) One of the flayrods has gone out askew on treadle.
[2015/11/04 11:41:07.607] (WARN) Possible cyber-attack from China.
[2015/11/04 11:41:07.607] (INFO) Your mother called. She says you never call her.
[2015/11/04 11:41:07.607] (INFO) Checked file systems for errors: All filesystems OK.
[2015/11/04 11:41:07.607] (INFO) Waiting for monitor process (PID 18424) to die.
[2015/11/04 11:41:07.607] (INFO) Sending SIGTERM to 4 excess workers.
[2015/11/04 11:41:07.607] (INFO) Flushed 60 buffers to disk.
[2015/11/04 11:41:07.607] (INFO) Checkpointing off-heap server memory...
[2015/11/04 11:41:07.607] (INFO) User "uuz6055" logged out due to inactivity (timeout=30 minutes).
[2015/11/04 11:41:07.607] (INFO) Your mother called. She says you never call her.
[2015/11/04 11:41:07.607] (INFO) Device 0xd66e is online.
[2015/11/04 11:41:07.607] (INFO) Checkpointing off-heap server memory...
[2015/11/04 11:41:07.607] (WARN) Network heartbeat check: 19 server(s) did not respond.
[2015/11/04 11:41:07.607] (INFO) Rolling 6 log file(s)...
[2015/11/04 11:41:07.607] (INFO) User "xqz7281" logged in from 192.168.121.119.
[2015/11/04 11:41:07.607] (INFO) Checkpointing off-heap server memory...
[2015/11/04 11:41:07.607] (ERROR) Network heartbeat check FAILED: Master host down?
[2015/11/04 11:41:07.607] (INFO) Checkpointing off-heap server memory...
[2015/11/04 11:41:07.607] (WARN) There is no such thing as a free lunch.
[2015/11/04 11:41:07.607] (WARN) Master took 934 ms to respond (threshold=500 ms)
[2015/11/04 11:41:07.607] (ERROR) Extra characters at end of line.
[2015/11/04 11:41:07.607] (INFO) User "qse2602" logged out.
[2015/11/04 11:41:07.607] (INFO) Alien monitor (aliend): Detected no space aliens.
[2015/11/04 11:41:07.607] (INFO) Checkpointing off-heap server memory...
[2015/11/04 11:41:07.607] (WARN) Dropped 3,325 corrupt data packets.
[2015/11/04 11:41:07.607] (INFO) Flushed 88 buffers to disk.
[2015/11/04 11:41:07.607] (INFO) User "gbu7105" logged in from 10.55.26.59.
[2015/11/04 11:41:07.607] (INFO) Flushed 57 buffers to disk.
[2015/11/04 11:41:07.607] (INFO) User "jan7528" logged out.
[2015/11/04 11:41:07.607] (WARN) Possible cyber-attack from Mars.
[2015/11/04 11:41:07.607] (WARN) Ignoring SIGTERM. It's not that easy to get rid of me.
[2015/11/04 11:41:07.607] (INFO) Backed up all server logs.
[2015/11/04 11:41:07.607] (INFO) Checkpointing off-heap server memory...
[2015/11/04 11:41:07.607] (INFO) Flushed 67 buffers to disk.
[2015/11/04 11:41:07.607] (INFO) Flushed 93 buffers to disk.
[2015/11/04 11:41:07.607] (INFO) Device 0xcb6d is online.
[2015/11/04 11:41:07.607] (WARN) Network heartbeat check: 14 server(s) did not respond.
[2015/11/04 11:41:07.607] (INFO) Backed up all server logs.
[2015/11/04 11:41:07.607] (INFO) Rolling 9 log file(s)...
[2015/11/04 11:41:07.607] (INFO) User "yef3200" logged in from 10.248.9.105.
[2015/11/04 11:41:07.607] (WARN) Dropped 3,230 corrupt data packets.
[2015/11/04 11:41:07.607] (INFO) Supervisor has entered RUNNING state.
[2015/11/04 11:41:07.607] (INFO) User "svs7591" logged in from 192.168.98.113.
[2015/11/04 11:41:07.607] (INFO) Backed up all server logs.
[2015/11/04 11:41:07.607] (INFO) Checked file systems for errors: All filesystems OK.
[2015/11/04 11:41:07.607] (INFO) Pinging watchdog timer process: Process is alive.
[2015/11/04 11:41:07.607] (INFO) Your mother called. She says you never call her.
[2015/11/04 11:41:07.607] (INFO) Alien monitor (aliend): Detected no space aliens.
[2015/11/04 11:41:08.107] (INFO) Your mother called. She says you never call her.
[2015/11/04 11:41:08.107] (INFO) User "ulr1477" logged out due to inactivity (timeout=30 minutes).
[2015/11/04 11:41:08.107] (WARN) Ignoring SIGTERM. It's not that easy to get rid of me.
[2015/11/04 11:41:08.107] (INFO) Waiting for master process (PID 63332) to die.
[2015/11/04 11:41:08.107] (ERROR) Failed to write checkpoint file "/var/checkpoint/fdZTp65468: No space left on device (ENOSPC)
[2015/11/04 11:41:08.107] (INFO) Backed up all server logs.
[2015/11/04 11:41:08.107] (INFO) Backed up all server logs.
[2015/11/04 11:41:08.107] (WARN) Unable to ping worker at 172.16.175.247. Retrying.
[2015/11/04 11:41:08.107] (INFO) Checkpointing off-heap server memory...
[2015/11/04 11:41:08.107] (INFO) Alien monitor (aliend): Detected no space aliens.
[2015/11/04 11:41:08.107] (INFO) Your mother called. She says you never call her.
[2015/11/04 11:41:08.107] (INFO) Device 0xf5cf is online.
[2015/11/04 11:41:08.107] (INFO) Sending SIGTERM to 2 excess workers.
[2015/11/04 11:41:08.107] (INFO) User "kzg1329" logged out.
[2015/11/04 11:41:08.107] (INFO) Backed up all server logs.
[2015/11/04 11:41:08.107] (INFO) .evian ylbirret si emehcs otpyrc ym neht ,siht daer nac uoy fI
[2015/11/04 11:41:08.107] (INFO) User "oqp9374" logged out.
[2015/11/04 11:41:08.107] (INFO) User "oba3782" logged out.
[2015/11/04 11:41:08.107] (ERROR) Unable to mount /dev/sda4. (Time to run fsck?)
[2015/11/04 11:41:08.107] (INFO) Supervisor has entered WAITING state.
[2015/11/04 11:41:08.107] (INFO) User "lam3716" logged in from 192.168.143.190.
[2015/11/04 11:41:08.107] (INFO) Rolling 3 log file(s)...
[2015/11/04 11:41:08.107] (INFO) Alien monitor (aliend): Detected no space aliens.
[2015/11/04 11:41:08.107] (INFO) User "gbi9924" logged out due to inactivity (timeout=30 minutes).
[2015/11/04 11:41:08.107] (INFO) Device 0xc881 is online.
[2015/11/04 11:41:08.107] (INFO) Backed up all server logs.
[2015/11/04 11:41:08.107] (INFO) .evian ylbirret si emehcs otpyrc ym neht ,siht daer nac uoy fI
[2015/11/04 11:41:08.107] (INFO) Alien monitor (aliend): Detected no space aliens.
[2015/11/04 11:41:08.107] (INFO) .evian ylbirret si emehcs otpyrc ym neht ,siht daer nac uoy fI
[2015/11/04 11:41:08.107] (WARN) Network heartbeat check: 10 server(s) did not respond.
[2015/11/04 11:41:08.107] (INFO) Checkpointing off-heap server memory...
[2015/11/04 11:41:08.107] (INFO) Checked file systems for errors: All filesystems OK.
[2015/11/04 11:41:08.107] (INFO) Your mother called. She says you never call her.
[2015/11/04 11:41:08.107] (INFO) Pinging watchdog timer process: Process is alive.
[2015/11/04 11:41:08.107] (WARN) CPU temperature exceeds 40º Celsius.
[2015/11/04 11:41:08.107] (INFO) Supervisor has entered WAITING state.
[2015/11/04 11:41:08.107] (INFO) Sending SIGTERM to 3 excess workers.
[2015/11/04 11:41:08.107] (INFO) User "ter4219" logged out due to inactivity (timeout=30 minutes).
[2015/11/04 11:41:08.107] (INFO) Pinging watchdog timer process: Process is alive.
[2015/11/04 11:41:08.107] (INFO) Sending SIGTERM to 3 excess workers.
[2015/11/04 11:41:08.107] (ERROR) Detected clock skew! Restarting NTP server.
[2015/11/04 11:41:08.107] (WARN) Retrying server log checkpoint.
[2015/11/04 11:41:08.107] (INFO) Alien monitor (aliend): Detected no space aliens.
[2015/11/04 11:41:08.107] (INFO) Supervisor has entered SUSPENDED state.
[2015/11/04 11:41:08.107] (INFO) User "gzf1099" logged in from 10.14.10.213.
[2015/11/04 11:41:08.107] (WARN) Space on disk /dev/sdd1 is low: Only 885 MB available.
[2015/11/04 11:41:08.107] (INFO) Rolling 6 log file(s)...
[2015/11/04 11:41:08.107] (INFO) Waiting for supervisor process (PID 47329) to die.
[2015/11/04 11:41:08.107] (INFO) .evian ylbirret si emehcs otpyrc ym neht ,siht daer nac uoy fI
[2015/11/04 11:41:08.107] (INFO) Backed up all server logs.
[2015/11/04 11:41:08.107] (INFO) User "wcu3479" logged out.
[2015/11/04 11:41:08.107] (INFO) Supervisor has entered WAITING state.
[2015/11/04 11:41:08.107] (ERROR) Directory index of "/var/data" is forbidden.
[2015/11/04 11:41:08.107] (WARN) Network heartbeat check: 5 server(s) did not respond.
[2015/11/04 11:41:08.107] (INFO) User "aip8801" logged out.
[2015/11/04 11:41:08.107] (INFO) User "gzs1967" logged in from 192.168.74.13.
[2015/11/04 11:41:08.107] (INFO) Backed up all server logs.
[2015/11/04 11:41:08.107] (INFO) Checkpointing off-heap server memory...
[2015/11/04 11:41:08.107] (INFO) Flushed 58 buffers to disk.
[2015/11/04 11:41:08.107] (INFO) User "gwp6168" logged in from 192.168.231.5.
[2015/11/04 11:41:08.107] (INFO) User "zcc9795" logged out.
[2015/11/04 11:41:08.107] (ERROR) Detected clock skew! Restarting NTP server.
[2015/11/04 11:41:08.107] (ERROR) Failed to open "/mnt/fileserver01/RIYHx97366.xml": NFS timeout.
[2015/11/04 11:41:08.107] (INFO) Flushed 38 buffers to disk.
[2015/11/04 11:41:08.107] (INFO) Flushed 40 buffers to disk.
[2015/11/04 11:41:08.107] (INFO) Checked file systems for errors: All filesystems OK.
[2015/11/04 11:41:08.107] (INFO) Pinging watchdog timer process: Process is alive.
[2015/11/04 11:41:08.107] (INFO) Sending SIGTERM to 2 excess workers.
[2015/11/04 11:41:08.107] (WARN) Network heartbeat check: 3 server(s) did not respond.
[2015/11/04 11:41:08.107] (INFO) User "ccz6905" logged out due to inactivity (timeout=30 minutes).
[2015/11/04 11:41:08.107] (INFO) Backed up all server logs.
[2015/11/04 11:41:08.107] (INFO) Your mother called. She says you never call her.
[2015/11/04 11:41:08.107] (INFO) Supervisor has entered RESTARTING state.
[2015/11/04 11:41:08.107] (INFO) Checkpointing off-heap server memory...
[2015/11/04 11:41:08.107] (ERROR) Unable to mount /dev/sde2. (Time to run fsck?)
[2015/11/04 11:41:08.107] (INFO) Pinging watchdog timer process: Process is alive.
[2015/11/04 11:41:08.107] (INFO) Alien monitor (aliend): Detected no space aliens.
[2015/11/04 11:41:08.107] (WARN) Space on disk /dev/sdd1 is low: Only 183 MB available.
[2015/11/04 11:41:08.107] (INFO) User "hkr3342" logged out due to inactivity (timeout=30 minutes).
[2015/11/04 11:41:08.107] (INFO) Flushed 34 buffers to disk.
[2015/11/04 11:41:08.107] (INFO) Your mother called. She says you never call her.
[2015/11/04 11:41:08.107] (INFO) Flushed 91 buffers to disk.
[2015/11/04 11:41:08.107] (ERROR) Device 0xdea3 is offline
[2015/11/04 11:41:08.107] (INFO) Supervisor has entered SUSPENDED state.
[2015/11/04 11:41:08.107] (INFO) User "myp7895" logged out due to inactivity (timeout=30 minutes).
[2015/11/04 11:41:08.107] (INFO) Checked file systems for errors: All filesystems OK.
[2015/11/04 11:41:08.107] (INFO) Checkpointing off-heap server memory...
[2015/11/04 11:41:08.107] (INFO) Checkpointing off-heap server memory...
[2015/11/04 11:41:08.107] (INFO) Alien monitor (aliend): Detected no space aliens.
[2015/11/04 11:41:08.107] (INFO) Device 0x4c0a is online.
[2015/11/04 11:41:08.107] (ERROR) Extra characters at end of line.
[2015/11/04 11:41:08.107] (INFO) Network heartbeat check: All OK.
[2015/11/04 11:41:08.107] (INFO) Checked file systems for errors: All filesystems OK.
[2015/11/04 11:41:08.107] (INFO) Alien monitor (aliend): Detected no space aliens.
[2015/11/04 11:41:08.107] (WARN) CPU temperature exceeds 40º Celsius.
[2015/11/04 11:41:08.107] (INFO) Alien monitor (aliend): Detected no space aliens.
[2015/11/04 11:41:08.107] (WARN) Dropped 11,396 corrupt data packets.
[2015/11/04 11:41:08.107] (ERROR) User "kmy7790" failed to log in 3 times. Disabling account.
[2015/11/04 11:41:08.107] (INFO) Pinging watchdog timer process: Process is alive.
[2015/11/04 11:41:08.107] (INFO) Pinging watchdog timer process: Process is alive.
[2015/11/04 11:41:08.607] (INFO) User "jst4948" logged in from 172.16.203.144.
[2015/11/04 11:41:08.607] (INFO) Device 0x434a is online.
[2015/11/04 11:41:08.607] (INFO) Checked file systems for errors: All filesystems OK.
[2015/11/04 11:41:08.607] (INFO) Checked file systems for errors: All filesystems OK.
[2015/11/04 11:41:08.607] (INFO) Backed up all server logs.
[2015/11/04 11:41:08.607] (ERROR) Unable to write to "/var/data/pMnBw74581.tar.gz": Permission denied (EACCES)
[2015/11/04 11:41:08.607] (INFO) Checked file systems for errors: All filesystems OK.
[2015/11/04 11:41:08.607] (WARN) Unable to ping master at 10.101.235.84. Retrying.
[2015/11/04 11:41:08.607] (INFO) Flushed 48 buffers to disk.
[2015/11/04 11:41:08.607] (INFO) Pinging watchdog timer process: Process is alive.
[2015/11/04 11:41:08.607] (INFO) Sending SIGTERM to 4 excess workers.
[2015/11/04 11:41:08.607] (INFO) Supervisor has entered RESTARTING state.
[2015/11/04 11:41:08.607] (INFO) Pinging watchdog timer process: Process is alive.
[2015/11/04 11:41:08.607] (INFO) Checked file systems for errors: All filesystems OK.
[2015/11/04 11:41:08.607] (INFO) Flushed 55 buffers to disk.
[2015/11/04 11:41:08.607] (INFO) Backed up all server logs.
[2015/11/04 11:41:08.607] (INFO) Rolling 5 log file(s)...
[2015/11/04 11:41:08.607] (INFO) User "scj9757" logged out due to inactivity (timeout=30 minutes).
[2015/11/04 11:41:08.607] (ERROR) Connection to 10.209.201.240 terminated unexpectedly. Reconnecting.
[2015/11/04 11:41:08.607] (INFO) User "fqe6430" logged in from 10.14.38.75.
[2015/11/04 11:41:08.607] (INFO) Flushed 65 buffers to disk.
[2015/11/04 11:41:08.607] (INFO) Alien monitor (aliend): Detected no space aliens.
[2015/11/04 11:41:08.607] (WARN) Dropped 6,876 corrupt data packets.
[2015/11/04 11:41:08.607] (INFO) Pinging watchdog timer process: Process is alive.
[2015/11/04 11:41:08.607] (INFO) Waiting for monitor process (PID 64561) to die.
[2015/11/04 11:41:08.607] (INFO) Network heartbeat check: All OK.
[2015/11/04 11:41:08.607] (INFO) Flushed 54 buffers to disk.
[2015/11/04 11:41:08.607] (INFO) Network heartbeat check: All OK.
[2015/11/04 11:41:08.607] (INFO) Rolling 6 log file(s)...
[2015/11/04 11:41:08.607] (INFO) Sending SIGTERM to 2 excess workers.
[2015/11/04 11:41:08.607] (INFO) Waiting for master process (PID 28294) to die.
[2015/11/04 11:41:08.607] (INFO) Flushed 20 buffers to disk.
[2015/11/04 11:41:08.607] (INFO) Your mother called. She says you never call her.
[2015/11/04 11:41:08.607] (INFO) Alien monitor (aliend): Detected no space aliens.
[2015/11/04 11:41:08.607] (INFO) Backed up all server logs.
[2015/11/04 11:41:08.607] (INFO) User "oqe5167" logged in from 10.74.214.205.
[2015/11/04 11:41:08.607] (ERROR) Detected incoming DDoS from 192.168.99.125.
[2015/11/04 11:41:08.607] (INFO) Device 0xaf1b is online.
[2015/11/04 11:41:08.607] (INFO) Your mother called. She says you never call her.
[2015/11/04 11:41:08.607] (INFO) Pinging watchdog timer process: Process is alive.
[2015/11/04 11:41:08.607] (INFO) Pinging watchdog timer process: Process is alive.
[2015/11/04 11:41:08.607] (INFO) User "zee7318" logged in from 172.16.217.242.
[2015/11/04 11:41:08.607] (INFO) Pinging watchdog timer process: Process is alive.
[2015/11/04 11:41:08.607] (INFO) Supervisor has entered RESTARTING state.
[2015/11/04 11:41:08.607] (INFO) Your mother called. She says you never call her.
[2015/11/04 11:41:08.607] (INFO) Device 0x6bbb is online.
[2015/11/04 11:41:08.607] (INFO) Waiting for monitor process (PID 27856) to die.
[2015/11/04 11:41:08.607] (INFO) Alien monitor (aliend): Detected no space aliens.
[2015/11/04 11:41:08.607] (INFO) Backed up all server logs.
[2015/11/04 11:41:08.607] (INFO) User "rtq2112" logged out.
[2015/11/04 11:41:08.607] (INFO) Device 0x838a is online.
[2015/11/04 11:41:08.607] (ERROR) One of the flayrods has gone out askew on treadle.
[2015/11/04 11:41:08.607] (INFO) .evian ylbirret si emehcs otpyrc ym neht ,siht daer nac uoy fI
[2015/11/04 11:41:08.607] (INFO) Checkpointing off-heap server memory...
[2015/11/04 11:41:08.607] (INFO) .evian ylbirret si emehcs otpyrc ym neht ,siht daer nac uoy fI
[2015/11/04 11:41:08.607] (INFO) User "oro1935" logged out due to inactivity (timeout=30 minutes).
[2015/11/04 11:41:08.607] (WARN) Network heartbeat check: 3 server(s) did not respond.
[2015/11/04 11:41:08.607] (INFO) Pinging watchdog timer process: Process is alive.
[2015/11/04 11:41:08.607] (INFO) Checked file systems for errors: All filesystems OK.
[2015/11/04 11:41:08.607] (INFO) Pinging watchdog timer process: Process is alive.
[2015/11/04 11:41:08.607] (INFO) Rolling 1 log file(s)...
[2015/11/04 11:41:08.607] (INFO) Sending SIGTERM to 3 excess workers.
[2015/11/04 11:41:08.607] (WARN) Master took 556 ms to respond (threshold=500 ms)
[2015/11/04 11:41:08.607] (INFO) Device 0x1aa9 is online.
[2015/11/04 11:41:08.607] (INFO) Waiting for supervisor process (PID 65284) to die.
[2015/11/04 11:41:08.607] (INFO) .evian ylbirret si emehcs otpyrc ym neht ,siht daer nac uoy fI
[2015/11/04 11:41:08.607] (WARN) CPU temperature exceeds 40º Celsius.
[2015/11/04 11:41:08.607] (INFO) .evian ylbirret si emehcs otpyrc ym neht ,siht daer nac uoy fI
[2015/11/04 11:41:08.607] (INFO) User "ebz6595" logged in from 172.16.206.199.
[2015/11/04 11:41:08.607] (INFO) Pinging watchdog timer process: Process is alive.
[2015/11/04 11:41:08.607] (INFO) Network heartbeat check: All OK.
[2015/11/04 11:41:08.607] (WARN) Watchdog timer crashed. Restarting it.
[2015/11/04 11:41:08.607] (WARN) There is no such thing as a free lunch.
[2015/11/04 11:41:08.607] (INFO) Supervisor has entered RESTARTING state.
[2015/11/04 11:41:08.607] (INFO) User "iqc2978" logged out due to inactivity (timeout=30 minutes).
[2015/11/04 11:41:08.607] (WARN) Space on disk /dev/sda4 is low: Only 396 MB available.
[2015/11/04 11:41:08.607] (ERROR) CPU temperature exceeds 50º Celsius. Shutting down.
[2015/11/04 11:41:08.607] (WARN) Master took 812 ms to respond (threshold=500 ms)
[2015/11/04 11:41:08.607] (INFO) Rolling 3 log file(s)...
[2015/11/04 11:41:08.607] (INFO) User "yys9719" logged in from 192.168.207.31.
[2015/11/04 11:41:08.607] (INFO) Checked file systems for errors: All filesystems OK.
[2015/11/04 11:41:08.607] (INFO) Device 0x1fa6 is online.
[2015/11/04 11:41:08.607] (INFO) User "die8232" logged out.
[2015/11/04 11:41:08.607] (WARN) Master took 986 ms to respond (threshold=500 ms)
[2015/11/04 11:41:08.607] (ERROR) Network heartbeat check FAILED: Master host down?
[2015/11/04 11:41:08.607] (INFO) Rolling 1 log file(s)...
[2015/11/04 11:41:08.607] (INFO) Backed up all server logs.
[2015/11/04 11:41:08.607] (INFO) Your mother called. She says you never call her.
[2015/11/04 11:41:08.607] (INFO) Flushed 68 buffers to disk.
[2015/11/04 11:41:08.607] (WARN) Master took 919 ms to respond (threshold=500 ms)
[2015/11/04 11:41:08.607] (INFO) Checkpointing off-heap server memory...
[2015/11/04 11:41:08.607] (INFO) Network heartbeat check: All OK.
[2015/11/04 11:41:08.607] (INFO) User "cun9373" logged in from 192.168.11.159.
[2015/11/04 11:41:08.607] (INFO) Backed up all server logs.
[2015/11/04 11:41:08.607] (INFO) Flushed 22 buffers to disk.
[2015/11/04 11:41:08.607] (INFO) Checkpointing off-heap server memory...
[2015/11/04 11:41:08.607] (WARN) Backup server 172.16.64.108 is offline.
[2015/11/04 11:41:08.607] (ERROR) Failed to open "/mnt/fileserver02/ILCne54655.zip": NFS timeout.
[2015/11/04 11:41:08.607] (INFO) Alien monitor (aliend): Detected no space aliens.
[2015/11/04 11:41:08.607] (INFO) Checked file systems for errors: All filesystems OK.
[2015/11/04 11:41:09.107] (INFO) Your mother called. She says you never call her.
[2015/11/04 11:41:09.107] (INFO) Rolling 3 log file(s)...
[2015/11/04 11:41:09.107] (WARN) Watchdog timer crashed. Restarting it.
[2015/11/04 11:41:09.107] (INFO) Supervisor has entered RUNNING state.
[2015/11/04 11:41:09.107] (INFO) User "utd5530" logged in from 192.168.247.142.
[2015/11/04 11:41:09.107] (INFO) User "aem1954" logged out.
[2015/11/04 11:41:09.107] (INFO) Flushed 98 buffers to disk.
[2015/11/04 11:41:09.107] (INFO) Checkpointing off-heap server memory...
[2015/11/04 11:41:09.107] (WARN) Dropped 6,106 corrupt data packets.
[2015/11/04 11:41:09.107] (INFO) Alien monitor (aliend): Detected no space aliens.
[2015/11/04 11:41:09.107] (INFO) .evian ylbirret si emehcs otpyrc ym neht ,siht daer nac uoy fI
[2015/11/04 11:41:09.107] (INFO) User "zop3433" logged out due to inactivity (timeout=30 minutes).
[2015/11/04 11:41:09.107] (INFO) Rolling 2 log file(s)...
[2015/11/04 11:41:09.107] (INFO) Network heartbeat check: All OK.
[2015/11/04 11:41:09.107] (INFO) User "blb7745" logged out.
[2015/11/04 11:41:09.107] (INFO) User "uvk2923" logged in from 172.16.10.70.
[2015/11/04 11:41:09.107] (INFO) User "oau3947" logged out due to inactivity (timeout=30 minutes).
[2015/11/04 11:41:09.107] (INFO) Device 0x7cae is online.
[2015/11/04 11:41:09.107] (INFO) User "ueg9123" logged out due to inactivity (timeout=30 minutes).
[2015/11/04 11:41:09.107] (INFO) Checked file systems for errors: All filesystems OK.
[2015/11/04 11:41:09.107] (INFO) Your mother called. She says you never call her.
[2015/11/04 11:41:09.107] (INFO) Device 0x119a is online.
[2015/11/04 11:41:09.107] (WARN) Watchdog timer crashed. Restarting it.
[2015/11/04 11:41:09.107] (INFO) .evian ylbirret si emehcs otpyrc ym neht ,siht daer nac uoy fI
[2015/11/04 11:41:09.107] (INFO) User "anr7931" logged out.
[2015/11/04 11:41:09.107] (WARN) Network heartbeat check: 1 server(s) did not respond.
[2015/11/04 11:41:09.107] (INFO) Network heartbeat check: All OK.
[2015/11/04 11:41:09.107] (INFO) Alien monitor (aliend): Detected no space aliens.
[2015/11/04 11:41:09.107] (INFO) Waiting for monitor process (PID 17471) to die.
[2015/11/04 11:41:09.107] (INFO) Sending SIGTERM to 2 excess workers.
[2015/11/04 11:41:09.107] (WARN) Dropped 6,446 corrupt data packets.
[2015/11/04 11:41:09.107] (INFO) Checkpointing off-heap server memory...
[2015/11/04 11:41:09.107] (INFO) Checkpointing off-heap server memory...
[2015/11/04 11:41:09.107] (INFO) .evian ylbirret si emehcs otpyrc ym neht ,siht daer nac uoy fI
[2015/11/04 11:41:09.107] (WARN) Possible cyber-attack from Mars.
[2015/11/04 11:41:09.107] (INFO) Checkpointing off-heap server memory...
[2015/11/04 11:41:09.107] (INFO) Sending SIGTERM to 4 excess workers.
[2015/11/04 11:41:09.107] (INFO) Backed up all server logs.
[2015/11/04 11:41:09.107] (WARN) Dropped 18,327 corrupt data packets.
[2015/11/04 11:41:09.107] (INFO) Device 0x3e62 is online.
[2015/11/04 11:41:09.107] (INFO) Checkpointing off-heap server memory...
[2015/11/04 11:41:09.107] (INFO) .evian ylbirret si emehcs otpyrc ym neht ,siht daer nac uoy fI
[2015/11/04 11:41:09.107] (INFO) User "ixt8742" logged in from 10.82.30.77.
[2015/11/04 11:41:09.107] (ERROR) Directory index of "/var/data" is forbidden.
[2015/11/04 11:41:09.107] (INFO) .evian ylbirret si emehcs otpyrc ym neht ,siht daer nac uoy fI
[2015/11/04 11:41:09.107] (INFO) Checked file systems for errors: All filesystems OK.
[2015/11/04 11:41:09.107] (INFO) Pinging watchdog timer process: Process is alive.
[2015/11/04 11:41:09.107] (INFO) Rolling 1 log file(s)...
[2015/11/04 11:41:09.107] (INFO) Sending SIGTERM to 3 excess workers.
[2015/11/04 11:41:09.107] (INFO) Flushed 94 buffers to disk.
[2015/11/04 11:41:09.107] (INFO) Pinging watchdog timer process: Process is alive.
[2015/11/04 11:41:09.107] (WARN) Watchdog timer crashed. Restarting it.
[2015/11/04 11:41:09.107] (WARN) There is no such thing as a free lunch.
[2015/11/04 11:41:09.107] (INFO) Sending SIGTERM to 3 excess workers.
[2015/11/04 11:41:09.107] (INFO) Your mother called. She says you never call her.
[2015/11/04 11:41:09.107] (INFO) Your mother called. She says you never call her.
[2015/11/04 11:41:09.107] (WARN) Master took 891 ms to respond (threshold=500 ms)
[2015/11/04 11:41:09.107] (INFO) Your mother called. She says you never call her.
[2015/11/04 11:41:09.107] (INFO) User "nxf1860" logged out due to inactivity (timeout=30 minutes).
[2015/11/04 11:41:09.107] (INFO) User "ngo7195" logged in from 192.168.239.202.
[2015/11/04 11:41:09.107] (INFO) Backed up all server logs.
[2015/11/04 11:41:09.107] (INFO) Flushed 51 buffers to disk.
[2015/11/04 11:41:09.107] (INFO) Checked file systems for errors: All filesystems OK.
[2015/11/04 11:41:09.107] (WARN) Space on disk /dev/sda2 is low: Only 200 MB available.
[2015/11/04 11:41:09.107] (INFO) Your mother called. She says you never call her.
[2015/11/04 11:41:09.107] (INFO) Flushed 50 buffers to disk.
[2015/11/04 11:41:09.107] (INFO) Your mother called. She says you never call her.
[2015/11/04 11:41:09.107] (INFO) Supervisor has entered WAITING state.
[2015/11/04 11:41:09.107] (INFO) .evian ylbirret si emehcs otpyrc ym neht ,siht daer nac uoy fI
[2015/11/04 11:41:09.107] (INFO) Checked file systems for errors: All filesystems OK.
[2015/11/04 11:41:09.107] (INFO) Checked file systems for errors: All filesystems OK.
[2015/11/04 11:41:09.107] (INFO) Rolling 8 log file(s)...
[2015/11/04 11:41:09.107] (INFO) Flushed 44 buffers to disk.
[2015/11/04 11:41:09.107] (ERROR) /dev/lp error: "PC LOAD LETTER"
[2015/11/04 11:41:09.107] (INFO) Device 0xb492 is online.
[2015/11/04 11:41:09.107] (INFO) Backed up all server logs.
[2015/11/04 11:41:09.107] (INFO) Pinging watchdog timer process: Process is alive.
[2015/11/04 11:41:09.107] (INFO) Waiting for supervisor process (PID 55231) to die.
[2015/11/04 11:41:09.107] (INFO) Your mother called. She says you never call her.
[2015/11/04 11:41:09.107] (INFO) Rolling 2 log file(s)...
[2015/11/04 11:41:09.107] (INFO) Rolling 4 log file(s)...
[2015/11/04 11:41:09.107] (INFO) Sending SIGTERM to 4 excess workers.
[2015/11/04 11:41:09.107] (INFO) Your mother called. She says you never call her.
[2015/11/04 11:41:09.107] (INFO) Rolling 3 log file(s)...
[2015/11/04 11:41:09.107] (WARN) Space on disk /dev/sdf2 is low: Only 506 MB available.
[2015/11/04 11:41:09.107] (INFO) Waiting for monitor process (PID 10376) to die.
[2015/11/04 11:41:09.107] (INFO) Alien monitor (aliend): Detected no space aliens.
[2015/11/04 11:41:09.107] (INFO) Backed up all server logs.
[2015/11/04 11:41:09.107] (INFO) Backed up all server logs.
[2015/11/04 11:41:09.107] (INFO) Checked file systems for errors: All filesystems OK.
[2015/11/04 11:41:09.107] (INFO) Network heartbeat check: All OK.
[2015/11/04 11:41:09.107] (INFO) User "azh1943" logged in from 192.168.180.34.
[2015/11/04 11:41:09.107] (INFO) Waiting for master process (PID 24435) to die.
[2015/11/04 11:41:09.107] (WARN) Unable to ping supervisor at 192.168.151.144. Retrying.
[2015/11/04 11:41:09.107] (INFO) User "uvb3880" logged out due to inactivity (timeout=30 minutes).
[2015/11/04 11:41:09.107] (INFO) Flushed 62 buffers to disk.
[2015/11/04 11:41:09.107] (INFO) Checkpointing off-heap server memory...
[2015/11/04 11:41:09.107] (INFO) Device 0x11ff is online.
[2015/11/04 11:41:09.107] (INFO) Your mother called. She says you never call her.
[2015/11/04 11:41:09.107] (INFO) Alien monitor (aliend): Detected no space aliens.
[2015/11/04 11:41:09.607] (INFO) Supervisor has entered WAITING state.
[2015/11/04 11:41:09.607] (INFO) Flushed 92 buffers to disk.
[2015/11/04 11:41:09.607] (INFO) User "qbq1980" logged in from 192.168.54.194.
[2015/11/04 11:41:09.607] (INFO) User "uyj5953" logged in from 172.16.216.74.
[2015/11/04 11:41:09.607] (INFO) Waiting for worker process (PID 63732) to die.
[2015/11/04 11:41:09.607] (INFO) .evian ylbirret si emehcs otpyrc ym neht ,siht daer nac uoy fI
[2015/11/04 11:41:09.607] (INFO) .evian ylbirret si emehcs otpyrc ym neht ,siht daer nac uoy fI
[2015/11/04 11:41:09.607] (INFO) Backed up all server logs.
[2015/11/04 11:41:09.607] (WARN) Space on disk /dev/sdf4 is low: Only 743 MB available.
[2015/11/04 11:41:09.607] (INFO) Checkpointing off-heap server memory...
[2015/11/04 11:41:09.607] (INFO) User "ffh5284" logged out.
[2015/11/04 11:41:09.607] (INFO) Supervisor has entered RUNNING state.
[2015/11/04 11:41:09.607] (INFO) User "bqu9098" logged in from 192.168.114.29.
[2015/11/04 11:41:09.607] (INFO) Checkpointing off-heap server memory...
[2015/11/04 11:41:09.607] (INFO) Supervisor has entered RESTARTING state.
[2015/11/04 11:41:09.607] (INFO) Pinging watchdog timer process: Process is alive.
[2015/11/04 11:41:09.607] (WARN) Watchdog timer crashed. Restarting it.
[2015/11/04 11:41:09.607] (INFO) Device 0x9d1f is online.
[2015/11/04 11:41:09.607] (WARN) Watchdog timer crashed. Restarting it.
[2015/11/04 11:41:09.607] (WARN) Possible cyber-attack from Russia.
[2015/11/04 11:41:09.607] (INFO) Supervisor has entered WAITING state.
[2015/11/04 11:41:09.607] (INFO) Device 0xd130 is online.
[2015/11/04 11:41:09.607] (INFO) Waiting for worker process (PID 60237) to die.
[2015/11/04 11:41:09.607] (INFO) Supervisor has entered RESTARTING state.
[2015/11/04 11:41:09.607] (ERROR) Device 0x6bf3 is offline
[2015/11/04 11:41:09.607] (INFO) User "ekq5615" logged out.
[2015/11/04 11:41:09.607] (INFO) Device 0xaef5 is online.
[2015/11/04 11:41:09.607] (INFO) User "qqz8117" logged in from 192.168.61.117.
[2015/11/04 11:41:09.607] (INFO) User "wms5574" logged out due to inactivity (timeout=30 minutes).
[2015/11/04 11:41:09.607] (INFO) Sending SIGTERM to 3 excess workers.
[2015/11/04 11:41:09.607] (INFO) Flushed 87 buffers to disk.
[2015/11/04 11:41:09.607] (INFO) Backed up all server logs.
[2015/11/04 11:41:09.607] (INFO) .evian ylbirret si emehcs otpyrc ym neht ,siht daer nac uoy fI
[2015/11/04 11:41:09.607] (INFO) Sending SIGTERM to 2 excess workers.
[2015/11/04 11:41:09.607] (INFO) Sending SIGTERM to 4 excess workers.
[2015/11/04 11:41:09.607] (INFO) Network heartbeat check: All OK.
[2015/11/04 11:41:09.607] (INFO) Sending SIGTERM to 3 excess workers.
[2015/11/04 11:41:09.607] (INFO) Checked file systems for errors: All filesystems OK.
[2015/11/04 11:41:09.607] (INFO) Backed up all server logs.
[2015/11/04 11:41:09.607] (WARN) CPU temperature exceeds 40º Celsius.
[2015/11/04 11:41:09.607] (INFO) Device 0x486e is online.
[2015/11/04 11:41:09.607] (INFO) Checkpointing off-heap server memory...
[2015/11/04 11:41:09.607] (INFO) Network heartbeat check: All OK.
[2015/11/04 11:41:09.607] (ERROR) Blocked BitTorrent traffic originating from 10.65.210.188.
[2015/11/04 11:41:09.607] (INFO) Flushed 81 buffers to disk.
[2015/11/04 11:41:09.607] (WARN) Watchdog timer crashed. Restarting it.
[2015/11/04 11:41:09.607] (INFO) Rolling 7 log file(s)...
[2015/11/04 11:41:09.607] (INFO) Your mother called. She says you never call her.
[2015/11/04 11:41:09.607] (INFO) Supervisor has entered WAITING state.
[2015/11/04 11:41:09.607] (WARN) CPU temperature exceeds 40º Celsius.
[2015/11/04 11:41:09.607] (INFO) Waiting for worker process (PID 37366) to die.
[2015/11/04 11:41:09.607] (INFO) Rolling 6 log file(s)...
[2015/11/04 11:41:09.607] (INFO) Device 0xe007 is online.
[2015/11/04 11:41:09.607] (INFO) Alien monitor (aliend): Detected no space aliens.
[2015/11/04 11:41:09.607] (INFO) .evian ylbirret si emehcs otpyrc ym neht ,siht daer nac uoy fI
[2015/11/04 11:41:09.607] (INFO) Waiting for monitor process (PID 51492) to die.
[2015/11/04 11:41:09.607] (INFO) Waiting for worker process (PID 44583) to die.
[2015/11/04 11:41:09.607] (INFO) Backed up all server logs.
[2015/11/04 11:41:09.607] (INFO) Your mother called. She says you never call her.
[2015/11/04 11:41:09.607] (INFO) Rolling 2 log file(s)...
[2015/11/04 11:41:09.607] (INFO) Alien monitor (aliend): Detected no space aliens.
[2015/11/04 11:41:09.607] (WARN) Space on disk /dev/sde4 is low: Only 405 MB available.
[2015/11/04 11:41:09.607] (INFO) Checkpointing off-heap server memory...
[2015/11/04 11:41:09.607] (INFO) Supervisor has entered SUSPENDED state.
[2015/11/04 11:41:09.607] (WARN) Retrying server log checkpoint.
[2015/11/04 11:41:09.607] (INFO) Your mother called. She says you never call her.
[2015/11/04 11:41:09.607] (INFO) Your mother called. She says you never call her.
[2015/11/04 11:41:09.607] (INFO) User "fjq3317" logged in from 192.168.70.172.
[2015/11/04 11:41:09.607] (INFO) User "ren6841" logged out due to inactivity (timeout=30 minutes).
[2015/11/04 11:41:09.607] (WARN) Backup server 192.168.84.23 is offline.
[2015/11/04 11:41:09.607] (ERROR) Worker 1 died with SIGHUP. Restarting it.
[2015/11/04 11:41:09.607] (INFO) Waiting for supervisor process (PID 22304) to die.
[2015/11/04 11:41:09.607] (INFO) Sending SIGTERM to 3 excess workers.
[2015/11/04 11:41:09.607] (WARN) Watchdog timer crashed. Restarting it.
[2015/11/04 11:41:09.607] (WARN) Watchdog timer crashed. Restarting it.
[2015/11/04 11:41:09.607] (INFO) User "ikw7345" logged in from 172.16.230.182.
[2015/11/04 11:41:09.607] (INFO) User "prx4297" logged out.
[2015/11/04 11:41:09.607] (INFO) Waiting for master process (PID 19783) to die.
[2015/11/04 11:41:09.607] (INFO) Network heartbeat check: All OK.
[2015/11/04 11:41:09.607] (INFO) Network heartbeat check: All OK.
[2015/11/04 11:41:09.607] (INFO) Supervisor has entered WAITING state.
[2015/11/04 11:41:09.607] (INFO) Supervisor has entered WAITING state.
[2015/11/04 11:41:09.607] (INFO) Rolling 3 log file(s)...
[2015/11/04 11:41:09.607] (INFO) Checked file systems for errors: All filesystems OK.
[2015/11/04 11:41:09.607] (INFO) Alien monitor (aliend): Detected no space aliens.
[2015/11/04 11:41:09.607] (ERROR) Unable to mount /dev/sdf1. (Time to run fsck?)
[2015/11/04 11:41:09.607] (INFO) Network heartbeat check: All OK.
[2015/11/04 11:41:09.607] (INFO) Alien monitor (aliend): Detected no space aliens.
[2015/11/04 11:41:09.607] (INFO) Network heartbeat check: All OK.
[2015/11/04 11:41:09.607] (ERROR) EFOODFAIL (Waiter, there's a fly in my soup).
[2015/11/04 11:41:09.607] (INFO) Checkpointing off-heap server memory...
[2015/11/04 11:41:09.607] (INFO) Network heartbeat check: All OK.
[2015/11/04 11:41:09.607] (INFO) Pinging watchdog timer process: Process is alive.
[2015/11/04 11:41:09.607] (INFO) User "ndr5778" logged out.
[2015/11/04 11:41:09.607] (INFO) Your mother called. She says you never call her.
[2015/11/04 11:41:09.607] (INFO) User "mbg2887" logged in from 192.168.40.139.
[2015/11/04 11:41:09.607] (INFO) Supervisor has entered WAITING state.
[2015/11/04 11:41:09.607] (WARN) Dropped 704 corrupt data packets.
[2015/11/04 11:41:09.607] (INFO) Your mother called. She says you never call her.
[2015/11/04 11:41:09.607] (INFO) Rolling 5 log file(s)...
[2015/11/04 11:41:10.107] (INFO) Device 0xa837 is online.
[2015/11/04 11:41:10.107] (INFO) Pinging watchdog timer process: Process is alive.
[2015/11/04 11:41:10.107] (INFO) Network heartbeat check: All OK.
[2015/11/04 11:41:10.107] (INFO) Waiting for supervisor process (PID 63751) to die.
[2015/11/04 11:41:10.107] (INFO) Sending SIGTERM to 2 excess workers.
[2015/11/04 11:41:10.107] (INFO) Network heartbeat check: All OK.
[2015/11/04 11:41:10.107] (INFO) Network heartbeat check: All OK.
[2015/11/04 11:41:10.107] (WARN) Backup server 192.168.113.198 is offline.
[2015/11/04 11:41:10.107] (INFO) Device 0x2996 is online.
[2015/11/04 11:41:10.107] (INFO) Waiting for monitor process (PID 60422) to die.
[2015/11/04 11:41:10.107] (INFO) Waiting for master process (PID 2490) to die.
[2015/11/04 11:41:10.107] (ERROR) Server log backup FAILED. See backup logs.
[2015/11/04 11:41:10.107] (WARN) Backup server 172.16.4.243 is offline.
[2015/11/04 11:41:10.107] (INFO) Waiting for monitor process (PID 30058) to die.
[2015/11/04 11:41:10.107] (INFO) .evian ylbirret si emehcs otpyrc ym neht ,siht daer nac uoy fI
[2015/11/04 11:41:10.107] (INFO) Waiting for supervisor process (PID 6514) to die.
[2015/11/04 11:41:10.107] (INFO) Supervisor has entered RUNNING state.
[2015/11/04 11:41:10.107] (WARN) Network heartbeat check: 15 server(s) did not respond.
[2015/11/04 11:41:10.107] (INFO) Alien monitor (aliend): Detected no space aliens.
[2015/11/04 11:41:10.107] (ERROR) "/var/data/ZzxCp98573.xml": Permission denied (EACCES)
[2015/11/04 11:41:10.107] (INFO) Alien monitor (aliend): Detected no space aliens.
[2015/11/04 11:41:10.107] (INFO) Supervisor has entered RESTARTING state.
[2015/11/04 11:41:10.107] (INFO) Your mother called. She says you never call her.
[2015/11/04 11:41:10.107] (INFO) Device 0x95a1 is online.
[2015/11/04 11:41:10.107] (INFO) Network heartbeat check: All OK.
[2015/11/04 11:41:10.107] (INFO) Checkpointing off-heap server memory...
[2015/11/04 11:41:10.107] (ERROR) Unable to write to "/var/data/iCMPe94673.xml": Permission denied (EACCES)
[2015/11/04 11:41:10.107] (INFO) Checkpointing off-heap server memory...
[2015/11/04 11:41:10.107] (ERROR) Server log backup FAILED. See backup logs.
[2015/11/04 11:41:10.107] (INFO) Pinging watchdog timer process: Process is alive.
[2015/11/04 11:41:10.107] (INFO) .evian ylbirret si emehcs otpyrc ym neht ,siht daer nac uoy fI
[2015/11/04 11:41:10.107] (WARN) Ignoring SIGTERM. It's not that easy to get rid of me.
[2015/11/04 11:41:10.107] (INFO) Sending SIGTERM to 3 excess workers.
[2015/11/04 11:41:10.107] (ERROR) Failed to write checkpoint file "/var/checkpoint/pVAsb75941: No space left on device (ENOSPC)
[2015/11/04 11:41:10.107] (INFO) Pinging watchdog timer process: Process is alive.
[2015/11/04 11:41:10.107] (INFO) Your mother called. She says you never call her.
[2015/11/04 11:41:10.107] (INFO) Flushed 30 buffers to disk.
[2015/11/04 11:41:10.107] (INFO) .evian ylbirret si emehcs otpyrc ym neht ,siht daer nac uoy fI
[2015/11/04 11:41:10.107] (WARN) Backup server 10.181.31.238 is offline.
[2015/11/04 11:41:10.107] (INFO) Flushed 94 buffers to disk.
[2015/11/04 11:41:10.107] (ERROR) Unable to mount /dev/sdf4. (Time to run fsck?)
[2015/11/04 11:41:10.107] (INFO) Network heartbeat check: All OK.
[2015/11/04 11:41:10.107] (ERROR) Device 0x3f6c is offline
[2015/11/04 11:41:10.107] (INFO) Sending SIGTERM to 2 excess workers.
[2015/11/04 11:41:10.107] (ERROR) EFOODFAIL (Waiter, there's a fly in my soup).
[2015/11/04 11:41:10.107] (INFO) Supervisor has entered SUSPENDED state.
[2015/11/04 11:41:10.107] (INFO) User "wnl1368" logged out due to inactivity (timeout=30 minutes).
[2015/11/04 11:41:10.107] (INFO) Flushed 92 buffers to disk.
[2015/11/04 11:41:10.107] (INFO) Sending SIGTERM to 3 excess workers.
[2015/11/04 11:41:10.107] (WARN) Retrying server log checkpoint.
[2015/11/04 11:41:10.107] (INFO) Sending SIGTERM to 2 excess workers.
[2015/11/04 11:41:10.107] (WARN) Space on disk /dev/sde4 is low: Only 720 MB available.
[2015/11/04 11:41:10.107] (WARN) CPU temperature exceeds 40º Celsius.
[2015/11/04 11:41:10.107] (INFO) Flushed 86 buffers to disk.
[2015/11/04 11:41:10.107] (INFO) .evian ylbirret si emehcs otpyrc ym neht ,siht daer nac uoy fI
[2015/11/04 11:41:10.107] (INFO) Waiting for supervisor process (PID 33878) to die.
[2015/11/04 11:41:10.107] (INFO) .evian ylbirret si emehcs otpyrc ym neht ,siht daer nac uoy fI
[2015/11/04 11:41:10.107] (INFO) Pinging watchdog timer process: Process is alive.
[2015/11/04 11:41:10.107] (INFO) User "smb6368" logged in from 172.16.232.163.
[2015/11/04 11:41:10.107] (WARN) Watchdog timer crashed. Restarting it.
[2015/11/04 11:41:10.107] (INFO) .evian ylbirret si emehcs otpyrc ym neht ,siht daer nac uoy fI
[2015/11/04 11:41:10.107] (INFO) Pinging watchdog timer process: Process is alive.
[2015/11/04 11:41:10.107] (INFO) User "gin9087" logged in from 192.168.131.45.
[2015/11/04 11:41:10.107] (INFO) Rolling 7 log file(s)...
[2015/11/04 11:41:10.107] (ERROR) CPU temperature exceeds 50º Celsius. Shutting down.
[2015/11/04 11:41:10.107] (ERROR) Unable to authenticate user "wkn5732": LDAP server isn't responding.
[2015/11/04 11:41:10.107] (ERROR) /dev/lp error: "PC LOAD LETTER"
[2015/11/04 11:41:10.107] (INFO) Rolling 3 log file(s)...
[2015/11/04 11:41:10.107] (INFO) .evian ylbirret si emehcs otpyrc ym neht ,siht daer nac uoy fI
[2015/11/04 11:41:10.107] (WARN) Master took 905 ms to respond (threshold=500 ms)
[2015/11/04 11:41:10.107] (INFO) User "yzt4724" logged out due to inactivity (timeout=30 minutes).
[2015/11/04 11:41:10.107] (INFO) Supervisor has entered RUNNING state.
[2015/11/04 11:41:10.107] (WARN) Space on disk /dev/sdd3 is low: Only 103 MB available.
[2015/11/04 11:41:10.107] (INFO) Checkpointing off-heap server memory...
[2015/11/04 11:41:10.107] (INFO) Waiting for worker process (PID 24982) to die.
[2015/11/04 11:41:10.107] (INFO) Sending SIGTERM to 3 excess workers.
[2015/11/04 11:41:10.107] (INFO) Network heartbeat check: All OK.
[2015/11/04 11:41:10.107] (INFO) Device 0xde7d is online.
[2015/11/04 11:41:10.107] (INFO) User "ebf7467" logged out.
[2015/11/04 11:41:10.107] (INFO) Your mother called. She says you never call her.
[2015/11/04 11:41:10.107] (INFO) Flushed 78 buffers to disk.
[2015/11/04 11:41:10.107] (WARN) Watchdog timer crashed. Restarting it.
[2015/11/04 11:41:10.107] (INFO) Sending SIGTERM to 4 excess workers.
[2015/11/04 11:41:10.107] (INFO) Checkpointing off-heap server memory...
[2015/11/04 11:41:10.107] (ERROR) Failed to open "/mnt/fileserver01/cakjp78569.txt": NFS timeout.
[2015/11/04 11:41:10.107] (INFO) Backed up all server logs.
[2015/11/04 11:41:10.107] (INFO) Checked file systems for errors: All filesystems OK.
[2015/11/04 11:41:10.107] (INFO) Pinging watchdog timer process: Process is alive.
[2015/11/04 11:41:10.107] (INFO) Checkpointing off-heap server memory...
[2015/11/04 11:41:10.107] (INFO) Waiting for master process (PID 3929) to die.
[2015/11/04 11:41:10.107] (INFO) Alien monitor (aliend): Detected no space aliens.
[2015/11/04 11:41:10.107] (INFO) Network heartbeat check: All OK.
[2015/11/04 11:41:10.107] (WARN) Master took 668 ms to respond (threshold=500 ms)
[2015/11/04 11:41:10.107] (INFO) Supervisor has entered RESTARTING state.
[2015/11/04 11:41:10.107] (WARN) Master took 641 ms to respond (threshold=500 ms)
[2015/11/04 11:41:10.107] (INFO) Checkpointing off-heap server memory...
[2015/11/04 11:41:10.107] (INFO) Checked file systems for errors: All filesystems OK.
[2015/11/04 11:41:10.107] (INFO) Network heartbeat check: All OK.
[2015/11/04 11:41:10.107] (INFO) Pinging watchdog timer process: Process is alive.
[2015/11/04 11:41:10.107] (ERROR) Connection to 172.16.225.219 terminated unexpectedly. Reconnecting.
[2015/11/04 11:41:10.607] (INFO) Alien monitor (aliend): Detected no space aliens.
[2015/11/04 11:41:10.607] (ERROR) Network heartbeat check FAILED: Master host down?
[2015/11/04 11:41:10.607] (WARN) CPU temperature exceeds 40º Celsius.
[2015/11/04 11:41:10.607] (INFO) Your mother called. She says you never call her.
[2015/11/04 11:41:10.607] (INFO) User "eyw7768" logged out.
[2015/11/04 11:41:10.607] (INFO) Pinging watchdog timer process: Process is alive.
[2015/11/04 11:41:10.607] (INFO) Checked file systems for errors: All filesystems OK.
[2015/11/04 11:41:10.607] (INFO) Pinging watchdog timer process: Process is alive.
[2015/11/04 11:41:10.607] (INFO) Pinging watchdog timer process: Process is alive.
[2015/11/04 11:41:10.607] (ERROR) "/var/data/eixNL56228.xslx": No such file or directory (ENOENT)
[2015/11/04 11:41:10.607] (INFO) Flushed 20 buffers to disk.
[2015/11/04 11:41:10.607] (INFO) Waiting for master process (PID 41927) to die.
[2015/11/04 11:41:10.607] (INFO) Backed up all server logs.
[2015/11/04 11:41:10.607] (INFO) Device 0x4d6b is online.
[2015/11/04 11:41:10.607] (INFO) Alien monitor (aliend): Detected no space aliens.
[2015/11/04 11:41:10.607] (INFO) User "jfx1280" logged out due to inactivity (timeout=30 minutes).
[2015/11/04 11:41:10.607] (INFO) Flushed 58 buffers to disk.
[2015/11/04 11:41:10.607] (INFO) Your mother called. She says you never call her.
[2015/11/04 11:41:10.607] (INFO) Backed up all server logs.
[2015/11/04 11:41:10.607] (INFO) Alien monitor (aliend): Detected no space aliens.
[2015/11/04 11:41:10.607] (INFO) Pinging watchdog timer process: Process is alive.
[2015/11/04 11:41:10.607] (INFO) Checkpointing off-heap server memory...
[2015/11/04 11:41:10.607] (ERROR) Failed to write checkpoint file "/var/checkpoint/LRJlN62540: No space left on device (ENOSPC)
[2015/11/04 11:41:10.607] (INFO) .evian ylbirret si emehcs otpyrc ym neht ,siht daer nac uoy fI
[2015/11/04 11:41:10.607] (INFO) Waiting for worker process (PID 64941) to die.
[2015/11/04 11:41:10.607] (WARN) Network heartbeat check: 10 server(s) did not respond.
[2015/11/04 11:41:10.607] (WARN) There is no such thing as a free lunch.
[2015/11/04 11:41:10.607] (INFO) Network heartbeat check: All OK.
[2015/11/04 11:41:10.607] (INFO) Network heartbeat check: All OK.
[2015/11/04 11:41:10.607] (INFO) Network heartbeat check: All OK.
[2015/11/04 11:41:10.607] (INFO) Rolling 9 log file(s)...
[2015/11/04 11:41:10.607] (INFO) Supervisor has entered RUNNING state.
[2015/11/04 11:41:10.607] (ERROR) Server log backup FAILED. See backup logs.
[2015/11/04 11:41:10.607] (INFO) Pinging watchdog timer process: Process is alive.
[2015/11/04 11:41:10.607] (INFO) Pinging watchdog timer process: Process is alive.
[2015/11/04 11:41:10.607] (INFO) Backed up all server logs.
[2015/11/04 11:41:10.607] (INFO) Your mother called. She says you never call her.
[2015/11/04 11:41:10.607] (INFO) Alien monitor (aliend): Detected no space aliens.
[2015/11/04 11:41:10.607] (INFO) User "jji7569" logged out due to inactivity (timeout=30 minutes).
[2015/11/04 11:41:10.607] (INFO) Alien monitor (aliend): Detected no space aliens.
[2015/11/04 11:41:10.607] (WARN) Retrying server log checkpoint.
[2015/11/04 11:41:10.607] (INFO) Pinging watchdog timer process: Process is alive.
[2015/11/04 11:41:10.607] (INFO) User "nmv5644" logged out.
[2015/11/04 11:41:10.607] (INFO) User "chy3967" logged out due to inactivity (timeout=30 minutes).
[2015/11/04 11:41:10.607] (INFO) .evian ylbirret si emehcs otpyrc ym neht ,siht daer nac uoy fI
[2015/11/04 11:41:10.607] (WARN) Master took 644 ms to respond (threshold=500 ms)
[2015/11/04 11:41:10.607] (INFO) Checkpointing off-heap server memory...
[2015/11/04 11:41:10.607] (INFO) Sending SIGTERM to 4 excess workers.
[2015/11/04 11:41:10.607] (INFO) Backed up all server logs.
[2015/11/04 11:41:10.607] (INFO) Flushed 90 buffers to disk.
[2015/11/04 11:41:10.607] (INFO) Waiting for monitor process (PID 26935) to die.
[2015/11/04 11:41:10.607] (INFO) Supervisor has entered WAITING state.
[2015/11/04 11:41:10.607] (INFO) User "adc9410" logged in from 192.168.131.22.
[2015/11/04 11:41:10.607] (INFO) User "tir7023" logged in from 172.16.213.94.
[2015/11/04 11:41:10.607] (INFO) Sending SIGTERM to 2 excess workers.
[2015/11/04 11:41:10.607] (INFO) Supervisor has entered RESTARTING state.
[2015/11/04 11:41:10.607] (INFO) Device 0x85a0 is online.
[2015/11/04 11:41:10.607] (INFO) Rolling 6 log file(s)...
[2015/11/04 11:41:10.607] (INFO) Supervisor has entered WAITING state.
[2015/11/04 11:41:10.607] (ERROR) Unable to authenticate user "ljg6182": LDAP server isn't responding.
[2015/11/04 11:41:10.607] (WARN) Watchdog timer crashed. Restarting it.
[2015/11/04 11:41:10.607] (INFO) Alien monitor (aliend): Detected no space aliens.
[2015/11/04 11:41:10.607] (INFO) Device 0x71d2 is online.
[2015/11/04 11:41:10.607] (INFO) Checkpointing off-heap server memory...
[2015/11/04 11:41:10.607] (INFO) Alien monitor (aliend): Detected no space aliens.
[2015/11/04 11:41:10.607] (INFO) User "uxl6027" logged out.
[2015/11/04 11:41:10.607] (INFO) Network heartbeat check: All OK.
[2015/11/04 11:41:10.607] (INFO) Backed up all server logs.
[2015/11/04 11:41:10.607] (INFO) Device 0x3246 is online.
[2015/11/04 11:41:10.607] (ERROR) Unable to write to "/var/data/vgWhg84234.parquet": Permission denied (EACCES)
[2015/11/04 11:41:10.607] (INFO) Waiting for monitor process (PID 53585) to die.
[2015/11/04 11:41:10.607] (INFO) Sending SIGTERM to 3 excess workers.
[2015/11/04 11:41:10.607] (INFO) Sending SIGTERM to 2 excess workers.
[2015/11/04 11:41:10.607] (INFO) Backed up all server logs.
[2015/11/04 11:41:10.607] (ERROR) Blocked Little Bobby Tables attack (https://xkcd.com/327/) from 172.16.204.13.
[2015/11/04 11:41:10.607] (INFO) Checked file systems for errors: All filesystems OK.
[2015/11/04 11:41:10.607] (INFO) User "mwa4769" logged in from 192.168.220.206.
[2015/11/04 11:41:10.607] (INFO) .evian ylbirret si emehcs otpyrc ym neht ,siht daer nac uoy fI
[2015/11/04 11:41:10.607] (INFO) Checkpointing off-heap server memory...
[2015/11/04 11:41:10.607] (INFO) Rolling 9 log file(s)...
[2015/11/04 11:41:10.607] (ERROR) Unable to mount /dev/sdc1. (Time to run fsck?)
[2015/11/04 11:41:10.607] (INFO) Pinging watchdog timer process: Process is alive.
[2015/11/04 11:41:10.607] (INFO) Waiting for monitor process (PID 27487) to die.
[2015/11/04 11:41:10.607] (INFO) .evian ylbirret si emehcs otpyrc ym neht ,siht daer nac uoy fI
[2015/11/04 11:41:10.607] (INFO) Supervisor has entered RUNNING state.
[2015/11/04 11:41:10.607] (INFO) Your mother called. She says you never call her.
[2015/11/04 11:41:10.607] (INFO) Checkpointing off-heap server memory...
[2015/11/04 11:41:10.607] (INFO) Waiting for monitor process (PID 50592) to die.
[2015/11/04 11:41:10.607] (WARN) CPU temperature exceeds 40º Celsius.
[2015/11/04 11:41:10.607] (WARN) Master took 854 ms to respond (threshold=500 ms)
[2015/11/04 11:41:10.607] (INFO) Your mother called. She says you never call her.
[2015/11/04 11:41:10.607] (INFO) Sending SIGTERM to 2 excess workers.
[2015/11/04 11:41:10.607] (INFO) Network heartbeat check: All OK.
[2015/11/04 11:41:10.607] (INFO) Network heartbeat check: All OK.
[2015/11/04 11:41:10.607] (INFO) Waiting for master process (PID 23177) to die.
[2015/11/04 11:41:10.607] (ERROR) Server log backup FAILED. See backup logs.
[2015/11/04 11:41:10.607] (INFO) Flushed 43 buffers to disk.
[2015/11/04 11:41:10.607] (INFO) Alien monitor (aliend): Detected no space aliens.
[2015/11/04 11:41:10.607] (INFO) Supervisor has entered RUNNING state.
[2015/11/04 11:41:10.607] (INFO) Backed up all server logs.
[2015/11/04 11:41:11.107] (ERROR) "/var/data/Hnqkx95649.xslx": Permission denied (EACCES)
[2015/11/04 11:41:11.107] (INFO) Backed up all server logs.
[2015/11/04 11:41:11.107] (WARN) Watchdog timer crashed. Restarting it.
[2015/11/04 11:41:11.107] (INFO) Checked file systems for errors: All filesystems OK.
[2015/11/04 11:41:11.107] (INFO) Alien monitor (aliend): Detected no space aliens.
[2015/11/04 11:41:11.107] (INFO) User "abw2128" logged in from 10.32.187.154.
[2015/11/04 11:41:11.107] (INFO) Checkpointing off-heap server memory...
[2015/11/04 11:41:11.108] (INFO) Rolling 8 log file(s)...
[2015/11/04 11:41:11.108] (INFO) Device 0xf123 is online.
[2015/11/04 11:41:11.108] (ERROR) Unable to authenticate user "oqt4190": LDAP server isn't responding.
[2015/11/04 11:41:11.108] (INFO) Flushed 46 buffers to disk.
[2015/11/04 11:41:11.108] (INFO) Sending SIGTERM to 2 excess workers.
[2015/11/04 11:41:11.108] (INFO) User "bzf3420" logged in from 10.4.184.42.
[2015/11/04 11:41:11.108] (INFO) User "nie9350" logged in from 192.168.156.225.
[2015/11/04 11:41:11.108] (INFO) Supervisor has entered RUNNING state.
[2015/11/04 11:41:11.108] (INFO) Checkpointing off-heap server memory...
[2015/11/04 11:41:11.108] (INFO) User "zvf6362" logged out due to inactivity (timeout=30 minutes).
[2015/11/04 11:41:11.108] (INFO) Alien monitor (aliend): Detected no space aliens.
[2015/11/04 11:41:11.108] (ERROR) Directory index of "/var/data" is forbidden.
[2015/11/04 11:41:11.108] (WARN) Network heartbeat check: 3 server(s) did not respond.
[2015/11/04 11:41:11.108] (INFO) Network heartbeat check: All OK.
[2015/11/04 11:41:11.108] (ERROR) EFOODFAIL (Waiter, there's a fly in my soup).
[2015/11/04 11:41:11.108] (INFO) Rolling 7 log file(s)...
[2015/11/04 11:41:11.108] (WARN) Master took 537 ms to respond (threshold=500 ms)
[2015/11/04 11:41:11.108] (INFO) Flushed 65 buffers to disk.
[2015/11/04 11:41:11.108] (INFO) Pinging watchdog timer process: Process is alive.
[2015/11/04 11:41:11.108] (INFO) Device 0x8422 is online.
[2015/11/04 11:41:11.108] (ERROR) Unable to mount /dev/sdf4. (Time to run fsck?)
[2015/11/04 11:41:11.108] (INFO) Flushed 88 buffers to disk.
[2015/11/04 11:41:11.108] (INFO) Network heartbeat check: All OK.
[2015/11/04 11:41:11.108] (INFO) User "jvr2273" logged out due to inactivity (timeout=30 minutes).
[2015/11/04 11:41:11.108] (INFO) User "hbk7428" logged out.
[2015/11/04 11:41:11.108] (INFO) Rolling 6 log file(s)...
[2015/11/04 11:41:11.108] (INFO) Waiting for master process (PID 29495) to die.
[2015/11/04 11:41:11.108] (INFO) Device 0x59b7 is online.
[2015/11/04 11:41:11.108] (INFO) User "lgn6621" logged out.
[2015/11/04 11:41:11.108] (INFO) User "sru6212" logged out due to inactivity (timeout=30 minutes).
[2015/11/04 11:41:11.108] (ERROR) Unable to authenticate user "jmc6828": LDAP server isn't responding.
[2015/11/04 11:41:11.108] (INFO) Waiting for supervisor process (PID 15413) to die.
[2015/11/04 11:41:11.108] (INFO) Device 0xb51a is online.
[2015/11/04 11:41:11.108] (INFO) Supervisor has entered SUSPENDED state.
[2015/11/04 11:41:11.108] (ERROR) Connection to 10.33.203.135 terminated unexpectedly. Reconnecting.
[2015/11/04 11:41:11.108] (WARN) CPU temperature exceeds 40º Celsius.
[2015/11/04 11:41:11.108] (INFO) Your mother called. She says you never call her.
[2015/11/04 11:41:11.108] (INFO) Rolling 8 log file(s)...
[2015/11/04 11:41:11.108] (INFO) Rolling 7 log file(s)...
[2015/11/04 11:41:11.108] (ERROR) CPU temperature exceeds 50º Celsius. Shutting down.
[2015/11/04 11:41:11.108] (INFO) Waiting for supervisor process (PID 38245) to die.
[2015/11/04 11:41:11.108] (INFO) Waiting for supervisor process (PID 57302) to die.
[2015/11/04 11:41:11.108] (INFO) Sending SIGTERM to 2 excess workers.
[2015/11/04 11:41:11.108] (INFO) Sending SIGTERM to 3 excess workers.
[2015/11/04 11:41:11.108] (INFO) .evian ylbirret si emehcs otpyrc ym neht ,siht daer nac uoy fI
[2015/11/04 11:41:11.108] (INFO) Waiting for supervisor process (PID 31771) to die.
[2015/11/04 11:41:11.108] (INFO) User "hdn7233" logged out due to inactivity (timeout=30 minutes).
[2015/11/04 11:41:11.108] (INFO) Sending SIGTERM to 4 excess workers.
[2015/11/04 11:41:11.108] (INFO) Pinging watchdog timer process: Process is alive.
[2015/11/04 11:41:11.108] (INFO) Checkpointing off-heap server memory...
[2015/11/04 11:41:11.108] (WARN) Dropped 17,913 corrupt data packets.
[2015/11/04 11:41:11.108] (INFO) Network heartbeat check: All OK.
[2015/11/04 11:41:11.108] (INFO) User "bwp9910" logged in from 172.16.44.248.
[2015/11/04 11:41:11.108] (ERROR) CPU temperature exceeds 50º Celsius. Shutting down.
[2015/11/04 11:41:11.108] (WARN) Backup server 192.168.193.7 is offline.
[2015/11/04 11:41:11.108] (INFO) Your mother called. She says you never call her.
[2015/11/04 11:41:11.108] (INFO) User "hsn9277" logged out due to inactivity (timeout=30 minutes).
[2015/11/04 11:41:11.108] (ERROR) Unable to mount /dev/sda4. (Time to run fsck?)
[2015/11/04 11:41:11.108] (INFO) Network heartbeat check: All OK.
[2015/11/04 11:41:11.108] (INFO) Checkpointing off-heap server memory...
[2015/11/04 11:41:11.108] (INFO) Checked file systems for errors: All filesystems OK.
[2015/11/04 11:41:11.108] (INFO) Waiting for supervisor process (PID 31333) to die.
[2015/11/04 11:41:11.108] (INFO) Pinging watchdog timer process: Process is alive.
[2015/11/04 11:41:11.108] (INFO) User "cmg3248" logged out due to inactivity (timeout=30 minutes).
[2015/11/04 11:41:11.108] (INFO) Backed up all server logs.
[2015/11/04 11:41:11.108] (INFO) Checked file systems for errors: All filesystems OK.
[2015/11/04 11:41:11.108] (INFO) User "edu1946" logged out due to inactivity (timeout=30 minutes).
[2015/11/04 11:41:11.108] (INFO) .evian ylbirret si emehcs otpyrc ym neht ,siht daer nac uoy fI
[2015/11/04 11:41:11.108] (INFO) .evian ylbirret si emehcs otpyrc ym neht ,siht daer nac uoy fI
[2015/11/04 11:41:11.108] (INFO) Network heartbeat check: All OK.
[2015/11/04 11:41:11.108] (ERROR) Directory index of "/var/data" is forbidden.
[2015/11/04 11:41:11.108] (WARN) Possible cyber-attack from Canada.
[2015/11/04 11:41:11.108] (WARN) Space on disk /dev/sde3 is low: Only 178 MB available.
[2015/11/04 11:41:11.108] (INFO) Sending SIGTERM to 2 excess workers.
[2015/11/04 11:41:11.108] (INFO) Device 0x027f is online.
[2015/11/04 11:41:11.108] (INFO) User "kli7007" logged in from 172.16.101.196.
[2015/11/04 11:41:11.108] (INFO) User "jdc2178" logged out.
[2015/11/04 11:41:11.108] (INFO) Waiting for supervisor process (PID 18202) to die.
[2015/11/04 11:41:11.108] (ERROR) "/var/data/KCOfC83141.xslx": No such file or directory (ENOENT)
[2015/11/04 11:41:11.108] (INFO) Pinging watchdog timer process: Process is alive.
[2015/11/04 11:41:11.108] (INFO) Checkpointing off-heap server memory...
[2015/11/04 11:41:11.108] (ERROR) User "amf7180" failed to log in 3 times. Disabling account.
[2015/11/04 11:41:11.108] (INFO) Checkpointing off-heap server memory...
[2015/11/04 11:41:11.108] (INFO) Device 0xc603 is online.
[2015/11/04 11:41:11.108] (INFO) Checked file systems for errors: All filesystems OK.
[2015/11/04 11:41:11.108] (INFO) Device 0x191a is online.
[2015/11/04 11:41:11.108] (INFO) Checkpointing off-heap server memory...
[2015/11/04 11:41:11.108] (INFO) Device 0xbefe is online.
[2015/11/04 11:41:11.108] (INFO) Checked file systems for errors: All filesystems OK.
[2015/11/04 11:41:11.108] (INFO) Backed up all server logs.
[2015/11/04 11:41:11.108] (WARN) Space on disk /dev/sdc3 is low: Only 556 MB available.
[2015/11/04 11:41:11.108] (INFO) Network heartbeat check: All OK.
[2015/11/04 11:41:11.108] (INFO) User "ryu1294" logged in from 172.16.170.30.
[2015/11/04 11:41:11.607] (INFO) User "ioj2714" logged in from 192.168.165.37.
[2015/11/04 11:41:11.607] (INFO) Network heartbeat check: All OK.
[2015/11/04 11:41:11.607] (INFO) Backed up all server logs.
[2015/11/04 11:41:11.607] (INFO) Your mother called. She says you never call her.
[2015/11/04 11:41:11.607] (INFO) Supervisor has entered SUSPENDED state.
[2015/11/04 11:41:11.607] (WARN) There is no such thing as a free lunch.
[2015/11/04 11:41:11.607] (INFO) Supervisor has entered WAITING state.
[2015/11/04 11:41:11.607] (ERROR) Detected incoming DDoS from 192.168.55.173.
[2015/11/04 11:41:11.607] (INFO) Pinging watchdog timer process: Process is alive.
[2015/11/04 11:41:11.607] (INFO) Sending SIGTERM to 3 excess workers.
[2015/11/04 11:41:11.607] (WARN) Unable to ping worker at 172.16.79.56. Retrying.
[2015/11/04 11:41:11.607] (INFO) Your mother called. She says you never call her.
[2015/11/04 11:41:11.607] (WARN) CPU temperature exceeds 40º Celsius.
[2015/11/04 11:41:11.607] (INFO) User "smr4492" logged out.
[2015/11/04 11:41:11.607] (INFO) User "pae6012" logged out.
[2015/11/04 11:41:11.607] (INFO) Device 0x7e69 is online.
[2015/11/04 11:41:11.607] (INFO) Waiting for monitor process (PID 1780) to die.
[2015/11/04 11:41:11.607] (INFO) Flushed 42 buffers to disk.
[2015/11/04 11:41:11.607] (INFO) Checkpointing off-heap server memory...
[2015/11/04 11:41:11.607] (INFO) Supervisor has entered RESTARTING state.
[2015/11/04 11:41:11.607] (INFO) Pinging watchdog timer process: Process is alive.
[2015/11/04 11:41:11.607] (INFO) Backed up all server logs.
[2015/11/04 11:41:11.607] (INFO) Flushed 79 buffers to disk.
[2015/11/04 11:41:11.607] (INFO) Supervisor has entered RUNNING state.
[2015/11/04 11:41:11.607] (INFO) Rolling 1 log file(s)...
[2015/11/04 11:41:11.607] (INFO) .evian ylbirret si emehcs otpyrc ym neht ,siht daer nac uoy fI
[2015/11/04 11:41:11.607] (ERROR) "/var/data/fSrEW75791.csv": Permission denied (EACCES)
[2015/11/04 11:41:11.607] (ERROR) CPU temperature exceeds 50º Celsius. Shutting down.
[2015/11/04 11:41:11.607] (INFO) Flushed 89 buffers to disk.
[2015/11/04 11:41:11.607] (INFO) Sending SIGTERM to 3 excess workers.
[2015/11/04 11:41:11.607] (INFO) Pinging watchdog timer process: Process is alive.
[2015/11/04 11:41:11.607] (INFO) Alien monitor (aliend): Detected no space aliens.
[2015/11/04 11:41:11.607] (INFO) User "enk9690" logged out.
[2015/11/04 11:41:11.607] (INFO) Supervisor has entered WAITING state.
[2015/11/04 11:41:11.607] (WARN) Watchdog timer crashed. Restarting it.
[2015/11/04 11:41:11.607] (INFO) Supervisor has entered RESTARTING state.
[2015/11/04 11:41:11.607] (ERROR) One of the flayrods has gone out askew on treadle.
[2015/11/04 11:41:11.607] (INFO) Your mother called. She says you never call her.
[2015/11/04 11:41:11.607] (INFO) Flushed 57 buffers to disk.
[2015/11/04 11:41:11.607] (INFO) Waiting for supervisor process (PID 57185) to die.
[2015/11/04 11:41:11.607] (INFO) Device 0x59cd is online.
[2015/11/04 11:41:11.607] (INFO) Pinging watchdog timer process: Process is alive.
[2015/11/04 11:41:11.607] (INFO) Alien monitor (aliend): Detected no space aliens.
[2015/11/04 11:41:11.607] (INFO) Device 0x553e is online.
[2015/11/04 11:41:11.607] (INFO) Network heartbeat check: All OK.
[2015/11/04 11:41:11.607] (INFO) User "que5946" logged out.
[2015/11/04 11:41:11.607] (ERROR) Unable to authenticate user "zpb5634": LDAP server isn't responding.
[2015/11/04 11:41:11.607] (INFO) User "nby5237" logged out due to inactivity (timeout=30 minutes).
[2015/11/04 11:41:11.607] (INFO) Alien monitor (aliend): Detected no space aliens.
[2015/11/04 11:41:11.607] (INFO) Waiting for worker process (PID 13756) to die.
[2015/11/04 11:41:11.607] (ERROR) Connection to 172.16.179.142 terminated unexpectedly. Reconnecting.
[2015/11/04 11:41:11.607] (INFO) Supervisor has entered WAITING state.
[2015/11/04 11:41:11.607] (WARN) Master took 764 ms to respond (threshold=500 ms)
[2015/11/04 11:41:11.607] (INFO) User "sbv3428" logged in from 172.16.39.41.
[2015/11/04 11:41:11.607] (INFO) Rolling 8 log file(s)...
[2015/11/04 11:41:11.607] (WARN) Retrying server log checkpoint.
[2015/11/04 11:41:11.607] (INFO) Sending SIGTERM to 4 excess workers.
[2015/11/04 11:41:11.607] (INFO) Alien monitor (aliend): Detected no space aliens.
[2015/11/04 11:41:11.607] (INFO) Your mother called. She says you never call her.
[2015/11/04 11:41:11.607] (INFO) Rolling 4 log file(s)...
[2015/11/04 11:41:11.607] (INFO) Sending SIGTERM to 4 excess workers.
[2015/11/04 11:41:11.607] (INFO) Pinging watchdog timer process: Process is alive.
[2015/11/04 11:41:11.607] (INFO) User "dsz5553" logged out.
[2015/11/04 11:41:11.607] (INFO) User "bgy3603" logged out.
[2015/11/04 11:41:11.607] (INFO) Device 0xd944 is online.
[2015/11/04 11:41:11.607] (WARN) Dropped 11,942 corrupt data packets.
[2015/11/04 11:41:11.607] (INFO) Sending SIGTERM to 2 excess workers.
[2015/11/04 11:41:11.607] (ERROR) EFOODFAIL (Waiter, there's a fly in my soup).
[2015/11/04 11:41:11.607] (INFO) Device 0x0bc8 is online.
[2015/11/04 11:41:11.607] (INFO) Waiting for monitor process (PID 26981) to die.
[2015/11/04 11:41:11.607] (ERROR) Directory index of "/var/data" is forbidden.
[2015/11/04 11:41:11.607] (INFO) Network heartbeat check: All OK.
[2015/11/04 11:41:11.607] (INFO) User "efh8964" logged out.
[2015/11/04 11:41:11.607] (INFO) Network heartbeat check: All OK.
[2015/11/04 11:41:11.607] (INFO) Your mother called. She says you never call her.
[2015/11/04 11:41:11.607] (INFO) Sending SIGTERM to 4 excess workers.
[2015/11/04 11:41:11.607] (INFO) Waiting for monitor process (PID 6123) to die.
[2015/11/04 11:41:11.607] (INFO) Rolling 5 log file(s)...
[2015/11/04 11:41:11.607] (INFO) Network heartbeat check: All OK.
[2015/11/04 11:41:11.607] (ERROR) Device 0x5ed9 is offline
[2015/11/04 11:41:11.607] (INFO) Network heartbeat check: All OK.
[2015/11/04 11:41:11.607] (INFO) Device 0x852d is online.
[2015/11/04 11:41:11.607] (INFO) Flushed 43 buffers to disk.
[2015/11/04 11:41:11.607] (INFO) Checked file systems for errors: All filesystems OK.
[2015/11/04 11:41:11.607] (INFO) .evian ylbirret si emehcs otpyrc ym neht ,siht daer nac uoy fI
[2015/11/04 11:41:11.607] (INFO) User "icc2077" logged out.
[2015/11/04 11:41:11.607] (INFO) Alien monitor (aliend): Detected no space aliens.
[2015/11/04 11:41:11.607] (INFO) User "wxs9711" logged out due to inactivity (timeout=30 minutes).
[2015/11/04 11:41:11.607] (WARN) CPU temperature exceeds 40º Celsius.
[2015/11/04 11:41:11.607] (INFO) Pinging watchdog timer process: Process is alive.
[2015/11/04 11:41:11.607] (INFO) .evian ylbirret si emehcs otpyrc ym neht ,siht daer nac uoy fI
[2015/11/04 11:41:11.607] (ERROR) Blocked Little Bobby Tables attack (https://xkcd.com/327/) from 10.52.91.228.
[2015/11/04 11:41:11.607] (INFO) Backed up all server logs.
[2015/11/04 11:41:11.607] (INFO) Device 0x77d8 is online.
[2015/11/04 11:41:11.607] (INFO) Network heartbeat check: All OK.
[2015/11/04 11:41:11.607] (INFO) Alien monitor (aliend): Detected no space aliens.
[2015/11/04 11:41:11.607] (INFO) Your mother called. She says you never call her.
[2015/11/04 11:41:11.607] (ERROR) Blocked SMTP traffic originating from 192.168.116.112.
[2015/11/04 11:41:11.607] (ERROR) Directory index of "/var/data" is forbidden.
[2015/11/04 11:41:11.607] (INFO) Sending SIGTERM to 2 excess workers.
[2015/11/04 11:41:12.107] (INFO) Alien monitor (aliend): Detected no space aliens.
[2015/11/04 11:41:12.107] (INFO) Backed up all server logs.
[2015/11/04 11:41:12.107] (INFO) Device 0xc0fb is online.
[2015/11/04 11:41:12.107] (INFO) Alien monitor (aliend): Detected no space aliens.
[2015/11/04 11:41:12.107] (INFO) Backed up all server logs.
[2015/11/04 11:41:12.107] (INFO) Waiting for supervisor process (PID 47029) to die.
[2015/11/04 11:41:12.107] (INFO) Waiting for master process (PID 20511) to die.
[2015/11/04 11:41:12.107] (INFO) Backed up all server logs.
[2015/11/04 11:41:12.107] (INFO) Waiting for monitor process (PID 44693) to die.
[2015/11/04 11:41:12.107] (INFO) User "mse3763" logged out due to inactivity (timeout=30 minutes).
[2015/11/04 11:41:12.107] (INFO) Backed up all server logs.
[2015/11/04 11:41:12.107] (INFO) User "zcf1869" logged out due to inactivity (timeout=30 minutes).
[2015/11/04 11:41:12.107] (INFO) Rolling 8 log file(s)...
[2015/11/04 11:41:12.107] (INFO) Alien monitor (aliend): Detected no space aliens.
[2015/11/04 11:41:12.107] (ERROR) Unable to authenticate user "yin3658": LDAP server isn't responding.
[2015/11/04 11:41:12.107] (INFO) Waiting for monitor process (PID 51614) to die.
[2015/11/04 11:41:12.107] (INFO) Sending SIGTERM to 3 excess workers.
[2015/11/04 11:41:12.107] (INFO) .evian ylbirret si emehcs otpyrc ym neht ,siht daer nac uoy fI
[2015/11/04 11:41:12.107] (INFO) Supervisor has entered WAITING state.
[2015/11/04 11:41:12.107] (ERROR) Blocked SMTP traffic originating from 10.26.231.225.
[2015/11/04 11:41:12.107] (WARN) Unable to ping master at 172.16.154.253. Retrying.
[2015/11/04 11:41:12.107] (ERROR) Blocked Little Bobby Tables attack (https://xkcd.com/327/) from 10.123.38.19.
[2015/11/04 11:41:12.107] (INFO) Backed up all server logs.
[2015/11/04 11:41:12.107] (INFO) .evian ylbirret si emehcs otpyrc ym neht ,siht daer nac uoy fI
[2015/11/04 11:41:12.107] (INFO) Device 0xd52a is online.
[2015/11/04 11:41:12.107] (ERROR) Blocked FTP traffic originating from 10.171.100.221.
[2015/11/04 11:41:12.107] (WARN) Ignoring SIGTERM. It's not that easy to get rid of me.
[2015/11/04 11:41:12.107] (INFO) Pinging watchdog timer process: Process is alive.
[2015/11/04 11:41:12.107] (INFO) User "pwo3103" logged in from 192.168.148.89.
[2015/11/04 11:41:12.107] (INFO) Sending SIGTERM to 4 excess workers.
[2015/11/04 11:41:12.107] (INFO) Device 0x48f3 is online.
[2015/11/04 11:41:12.107] (INFO) Device 0xec29 is online.
[2015/11/04 11:41:12.107] (INFO) User "qpj8169" logged out.
[2015/11/04 11:41:12.107] (INFO) .evian ylbirret si emehcs otpyrc ym neht ,siht daer nac uoy fI
[2015/11/04 11:41:12.107] (INFO) Supervisor has entered RESTARTING state.
[2015/11/04 11:41:12.107] (ERROR) Directory index of "/var/data" is forbidden.
[2015/11/04 11:41:12.107] (INFO) Checked file systems for errors: All filesystems OK.
[2015/11/04 11:41:12.107] (ERROR) Directory index of "/var/data" is forbidden.
[2015/11/04 11:41:12.107] (INFO) Flushed 27 buffers to disk.
[2015/11/04 11:41:12.107] (INFO) Rolling 5 log file(s)...
[2015/11/04 11:41:12.107] (INFO) User "qfa6631" logged in from 192.168.40.75.
[2015/11/04 11:41:12.107] (WARN) Retrying server log checkpoint.
[2015/11/04 11:41:12.107] (INFO) Checkpointing off-heap server memory...
[2015/11/04 11:41:12.107] (INFO) User "ptk1347" logged out due to inactivity (timeout=30 minutes).
[2015/11/04 11:41:12.107] (ERROR) CPU temperature exceeds 50º Celsius. Shutting down.
[2015/11/04 11:41:12.107] (INFO) Rolling 5 log file(s)...
[2015/11/04 11:41:12.107] (INFO) Your mother called. She says you never call her.
[2015/11/04 11:41:12.107] (INFO) User "uqw1516" logged in from 172.16.85.34.
[2015/11/04 11:41:12.107] (INFO) User "ilg8574" logged out due to inactivity (timeout=30 minutes).
[2015/11/04 11:41:12.107] (INFO) Rolling 2 log file(s)...
[2015/11/04 11:41:12.107] (ERROR) Detected clock skew! Restarting NTP server.
[2015/11/04 11:41:12.107] (INFO) User "efu1162" logged in from 10.159.97.237.
[2015/11/04 11:41:12.107] (INFO) Device 0xd1c1 is online.
[2015/11/04 11:41:12.107] (ERROR) Server log backup FAILED. See backup logs.
[2015/11/04 11:41:12.107] (INFO) Rolling 6 log file(s)...
[2015/11/04 11:41:12.107] (ERROR) Alien monitor (aliend): 2 space aliens are fiddling with the hardware!
[2015/11/04 11:41:12.107] (INFO) Alien monitor (aliend): Detected no space aliens.
[2015/11/04 11:41:12.107] (INFO) Waiting for worker process (PID 51601) to die.
[2015/11/04 11:41:12.107] (INFO) Pinging watchdog timer process: Process is alive.
[2015/11/04 11:41:12.107] (WARN) Space on disk /dev/sdb2 is low: Only 151 MB available.
[2015/11/04 11:41:12.107] (WARN) Backup server 172.16.144.162 is offline.
[2015/11/04 11:41:12.107] (INFO) Checked file systems for errors: All filesystems OK.
[2015/11/04 11:41:12.107] (INFO) Supervisor has entered RUNNING state.
[2015/11/04 11:41:12.107] (INFO) Rolling 4 log file(s)...
[2015/11/04 11:41:12.107] (INFO) Alien monitor (aliend): Detected no space aliens.
[2015/11/04 11:41:12.107] (INFO) Device 0x5b43 is online.
[2015/11/04 11:41:12.107] (INFO) Network heartbeat check: All OK.
[2015/11/04 11:41:12.107] (INFO) User "nnb2990" logged out due to inactivity (timeout=30 minutes).
[2015/11/04 11:41:12.107] (INFO) Flushed 56 buffers to disk.
[2015/11/04 11:41:12.107] (WARN) Unable to ping worker at 192.168.144.64. Retrying.
[2015/11/04 11:41:12.107] (ERROR) Failed to write checkpoint file "/var/checkpoint/gWZph86329: No space left on device (ENOSPC)
[2015/11/04 11:41:12.107] (INFO) Checkpointing off-heap server memory...
[2015/11/04 11:41:12.107] (WARN) Ignoring SIGTERM. It's not that easy to get rid of me.
[2015/11/04 11:41:12.107] (INFO) User "isz6826" logged out due to inactivity (timeout=30 minutes).
[2015/11/04 11:41:12.107] (ERROR) Unable to mount /dev/sdf3. (Time to run fsck?)
[2015/11/04 11:41:12.107] (INFO) Checkpointing off-heap server memory...
[2015/11/04 11:41:12.107] (INFO) Checked file systems for errors: All filesystems OK.
[2015/11/04 11:41:12.107] (INFO) User "xbm8175" logged out.
[2015/11/04 11:41:12.107] (ERROR) Server log backup FAILED. See backup logs.
[2015/11/04 11:41:12.107] (INFO) Flushed 56 buffers to disk.
[2015/11/04 11:41:12.107] (INFO) Checkpointing off-heap server memory...
[2015/11/04 11:41:12.107] (INFO) .evian ylbirret si emehcs otpyrc ym neht ,siht daer nac uoy fI
[2015/11/04 11:41:12.107] (INFO) Flushed 85 buffers to disk.
[2015/11/04 11:41:12.107] (INFO) Rolling 3 log file(s)...
[2015/11/04 11:41:12.107] (INFO) Pinging watchdog timer process: Process is alive.
[2015/11/04 11:41:12.107] (INFO) Device 0xc70f is online.
[2015/11/04 11:41:12.107] (INFO) Device 0x9a50 is online.
[2015/11/04 11:41:12.107] (INFO) Flushed 95 buffers to disk.
[2015/11/04 11:41:12.107] (WARN) Backup server 172.16.160.68 is offline.
[2015/11/04 11:41:12.107] (WARN) Master took 880 ms to respond (threshold=500 ms)
[2015/11/04 11:41:12.107] (INFO) User "ikr2621" logged out due to inactivity (timeout=30 minutes).
[2015/11/04 11:41:12.107] (INFO) Flushed 83 buffers to disk.
[2015/11/04 11:41:12.107] (INFO) Rolling 7 log file(s)...
[2015/11/04 11:41:12.107] (INFO) User "ixd4364" logged out.
[2015/11/04 11:41:12.107] (INFO) Alien monitor (aliend): Detected no space aliens.
[2015/11/04 11:41:12.107] (INFO) Checked file systems for errors: All filesystems OK.
[2015/11/04 11:41:12.107] (INFO) Waiting for monitor process (PID 54319) to die.
[2015/11/04 11:41:12.107] (INFO) Network heartbeat check: All OK.
[2015/11/04 11:41:12.107] (INFO) .evian ylbirret si emehcs otpyrc ym neht ,siht daer nac uoy fI
[2015/11/04 11:41:12.107] (INFO) Pinging watchdog timer process: Process is alive.
[2015/11/04 11:41:12.607] (WARN) Possible cyber-attack from Russia.
[2015/11/04 11:41:12.607] (INFO) Checkpointing off-heap server memory...
[2015/11/04 11:41:12.607] (INFO) Pinging watchdog timer process: Process is alive.
[2015/11/04 11:41:12.607] (INFO) Rolling 3 log file(s)...
[2015/11/04 11:41:12.607] (ERROR) Unable to authenticate user "qen9244": LDAP server isn't responding.
[2015/11/04 11:41:12.607] (INFO) Flushed 23 buffers to disk.
[2015/11/04 11:41:12.607] (INFO) User "rsy2137" logged out due to inactivity (timeout=30 minutes).
[2015/11/04 11:41:12.607] (INFO) Backed up all server logs.
[2015/11/04 11:41:12.607] (INFO) User "yci6414" logged in from 192.168.165.181.
[2015/11/04 11:41:12.607] (INFO) User "dxw1937" logged out.
[2015/11/04 11:41:12.607] (INFO) Supervisor has entered SUSPENDED state.
[2015/11/04 11:41:12.607] (INFO) User "lza3841" logged out due to inactivity (timeout=30 minutes).
[2015/11/04 11:41:12.607] (INFO) Waiting for monitor process (PID 30950) to die.
[2015/11/04 11:41:12.607] (INFO) Checked file systems for errors: All filesystems OK.
[2015/11/04 11:41:12.607] (INFO) Network heartbeat check: All OK.
[2015/11/04 11:41:12.607] (INFO) Checked file systems for errors: All filesystems OK.
[2015/11/04 11:41:12.607] (WARN) Dropped 13,743 corrupt data packets.
[2015/11/04 11:41:12.607] (WARN) Possible cyber-attack from Canada.
[2015/11/04 11:41:12.607] (INFO) Supervisor has entered RUNNING state.
[2015/11/04 11:41:12.607] (INFO) .evian ylbirret si emehcs otpyrc ym neht ,siht daer nac uoy fI
[2015/11/04 11:41:12.607] (INFO) Alien monitor (aliend): Detected no space aliens.
[2015/11/04 11:41:12.607] (INFO) Checked file systems for errors: All filesystems OK.
[2015/11/04 11:41:12.607] (WARN) Dropped 14,614 corrupt data packets.
[2015/11/04 11:41:12.607] (INFO) Rolling 7 log file(s)...
[2015/11/04 11:41:12.607] (INFO) Device 0x6223 is online.
[2015/11/04 11:41:12.607] (INFO) .evian ylbirret si emehcs otpyrc ym neht ,siht daer nac uoy fI
[2015/11/04 11:41:12.607] (INFO) Sending SIGTERM to 3 excess workers.
[2015/11/04 11:41:12.607] (INFO) Waiting for monitor process (PID 14108) to die.
[2015/11/04 11:41:12.607] (INFO) Network heartbeat check: All OK.
[2015/11/04 11:41:12.607] (INFO) Checkpointing off-heap server memory...
[2015/11/04 11:41:12.607] (WARN) Ignoring SIGTERM. It's not that easy to get rid of me.
[2015/11/04 11:41:12.607] (INFO) Device 0x1daf is online.
[2015/11/04 11:41:12.607] (INFO) User "xuq7013" logged out.
[2015/11/04 11:41:12.607] (INFO) .evian ylbirret si emehcs otpyrc ym neht ,siht daer nac uoy fI
[2015/11/04 11:41:12.607] (INFO) Pinging watchdog timer process: Process is alive.
[2015/11/04 11:41:12.607] (INFO) Pinging watchdog timer process: Process is alive.
[2015/11/04 11:41:12.607] (INFO) Waiting for supervisor process (PID 35284) to die.
[2015/11/04 11:41:12.607] (INFO) Sending SIGTERM to 3 excess workers.
[2015/11/04 11:41:12.607] (INFO) Network heartbeat check: All OK.
[2015/11/04 11:41:12.607] (INFO) Checked file systems for errors: All filesystems OK.
[2015/11/04 11:41:12.607] (INFO) Checkpointing off-heap server memory...
[2015/11/04 11:41:12.607] (INFO) Rolling 1 log file(s)...
[2015/11/04 11:41:12.607] (INFO) Supervisor has entered RUNNING state.
[2015/11/04 11:41:12.607] (ERROR) Failed to write checkpoint file "/var/checkpoint/hCfJG71828: No space left on device (ENOSPC)
[2015/11/04 11:41:12.607] (INFO) Network heartbeat check: All OK.
[2015/11/04 11:41:12.607] (INFO) User "afu6408" logged out.
[2015/11/04 11:41:12.607] (INFO) Device 0x7612 is online.
[2015/11/04 11:41:12.607] (ERROR) Blocked Little Bobby Tables attack (https://xkcd.com/327/) from 172.16.132.191.
[2015/11/04 11:41:12.607] (INFO) Flushed 48 buffers to disk.
[2015/11/04 11:41:12.607] (INFO) Sending SIGTERM to 4 excess workers.
[2015/11/04 11:41:12.607] (INFO) User "qzr3551" logged out.
[2015/11/04 11:41:12.607] (ERROR) EFOODFAIL (Waiter, there's a fly in my soup).
[2015/11/04 11:41:12.607] (INFO) User "kkt6564" logged in from 172.16.206.167.
[2015/11/04 11:41:12.607] (WARN) Retrying server log checkpoint.
[2015/11/04 11:41:12.607] (INFO) Pinging watchdog timer process: Process is alive.
[2015/11/04 11:41:12.607] (INFO) Checked file systems for errors: All filesystems OK.
[2015/11/04 11:41:12.607] (INFO) Waiting for master process (PID 60700) to die.
[2015/11/04 11:41:12.607] (ERROR) Blocked Little Bobby Tables attack (https://xkcd.com/327/) from 172.16.167.204.
[2015/11/04 11:41:12.607] (INFO) Waiting for worker process (PID 30406) to die.
[2015/11/04 11:41:12.607] (INFO) User "sre4600" logged out.
[2015/11/04 11:41:12.607] (INFO) Network heartbeat check: All OK.
[2015/11/04 11:41:12.607] (INFO) .evian ylbirret si emehcs otpyrc ym neht ,siht daer nac uoy fI
[2015/11/04 11:41:12.607] (INFO) Sending SIGTERM to 2 excess workers.
[2015/11/04 11:41:12.607] (INFO) User "hvk5655" logged out due to inactivity (timeout=30 minutes).
[2015/11/04 11:41:12.607] (WARN) Retrying server log checkpoint.
[2015/11/04 11:41:12.607] (INFO) Your mother called. She says you never call her.
[2015/11/04 11:41:12.607] (INFO) Backed up all server logs.
[2015/11/04 11:41:12.607] (WARN) There is no such thing as a free lunch.
[2015/11/04 11:41:12.607] (INFO) Your mother called. She says you never call her.
[2015/11/04 11:41:12.607] (INFO) Network heartbeat check: All OK.
[2015/11/04 11:41:12.607] (WARN) CPU temperature exceeds 40º Celsius.
[2015/11/04 11:41:12.607] (INFO) Alien monitor (aliend): Detected no space aliens.
[2015/11/04 11:41:12.607] (INFO) User "rxq5149" logged out due to inactivity (timeout=30 minutes).
[2015/11/04 11:41:12.607] (INFO) User "vvl5372" logged in from 172.16.199.52.
[2015/11/04 11:41:12.607] (INFO) Rolling 1 log file(s)...
[2015/11/04 11:41:12.607] (INFO) .evian ylbirret si emehcs otpyrc ym neht ,siht daer nac uoy fI
[2015/11/04 11:41:12.607] (INFO) Network heartbeat check: All OK.
[2015/11/04 11:41:12.607] (INFO) Network heartbeat check: All OK.
[2015/11/04 11:41:12.607] (INFO) Supervisor has entered WAITING state.
[2015/11/04 11:41:12.607] (INFO) User "nqw6603" logged out due to inactivity (timeout=30 minutes).
[2015/11/04 11:41:12.607] (INFO) Checked file systems for errors: All filesystems OK.
[2015/11/04 11:41:12.607] (INFO) Sending SIGTERM to 4 excess workers.
[2015/11/04 11:41:12.607] (INFO) User "cdr4575" logged out.
[2015/11/04 11:41:12.607] (INFO) .evian ylbirret si emehcs otpyrc ym neht ,siht daer nac uoy fI
[2015/11/04 11:41:12.607] (INFO) Backed up all server logs.
[2015/11/04 11:41:12.607] (INFO) Your mother called. She says you never call her.
[2015/11/04 11:41:12.607] (INFO) Sending SIGTERM to 4 excess workers.
[2015/11/04 11:41:12.607] (INFO) Device 0xa343 is online.
[2015/11/04 11:41:12.607] (INFO) Sending SIGTERM to 2 excess workers.
[2015/11/04 11:41:12.607] (INFO) Waiting for monitor process (PID 35683) to die.
[2015/11/04 11:41:12.607] (INFO) Backed up all server logs.
[2015/11/04 11:41:12.607] (INFO) User "pmg3166" logged out.
[2015/11/04 11:41:12.607] (INFO) Device 0xc81e is online.
[2015/11/04 11:41:12.607] (ERROR) EFOODFAIL (Waiter, there's a fly in my soup).
[2015/11/04 11:41:12.607] (INFO) Flushed 32 buffers to disk.
[2015/11/04 11:41:12.607] (WARN) Network heartbeat check: 16 server(s) did not respond.
[2015/11/04 11:41:12.607] (INFO) User "xtb1330" logged in from 192.168.252.124.
[2015/11/04 11:41:12.607] (INFO) Pinging watchdog timer process: Process is alive.
[2015/11/04 11:41:12.607] (INFO) Flushed 94 buffers to disk.
[2015/11/04 11:41:12.607] (INFO) User "gpd2514" logged out due to inactivity (timeout=30 minutes).
[2015/11/04 11:41:13.107] (INFO) User "wot2685" logged out.
[2015/11/04 11:41:13.107] (INFO) Backed up all server logs.
[2015/11/04 11:41:13.107] (INFO) .evian ylbirret si emehcs otpyrc ym neht ,siht daer nac uoy fI
[2015/11/04 11:41:13.107] (ERROR) Network heartbeat check FAILED: Master host down?
[2015/11/04 11:41:13.107] (ERROR) Blocked Little Bobby Tables attack (https://xkcd.com/327/) from 172.16.57.243.
[2015/11/04 11:41:13.107] (WARN) Watchdog timer crashed. Restarting it.
[2015/11/04 11:41:13.107] (INFO) Flushed 32 buffers to disk.
[2015/11/04 11:41:13.107] (INFO) Sending SIGTERM to 2 excess workers.
[2015/11/04 11:41:13.107] (INFO) Device 0x0d74 is online.
[2015/11/04 11:41:13.107] (ERROR) Detected incoming DDoS from 10.12.92.24.
[2015/11/04 11:41:13.107] (INFO) User "aqa1288" logged out.
[2015/11/04 11:41:13.107] (INFO) User "rmc8335" logged in from 10.115.151.151.
[2015/11/04 11:41:13.107] (INFO) Backed up all server logs.
[2015/11/04 11:41:13.107] (INFO) Alien monitor (aliend): Detected no space aliens.
[2015/11/04 11:41:13.107] (INFO) Checked file systems for errors: All filesystems OK.
[2015/11/04 11:41:13.107] (INFO) Rolling 8 log file(s)...
[2015/11/04 11:41:13.107] (INFO) User "chi4537" logged in from 192.168.192.76.
[2015/11/04 11:41:13.107] (INFO) User "ddz2150" logged out due to inactivity (timeout=30 minutes).
[2015/11/04 11:41:13.107] (INFO) Rolling 1 log file(s)...
[2015/11/04 11:41:13.107] (INFO) Network heartbeat check: All OK.
[2015/11/04 11:41:13.107] (INFO) Pinging watchdog timer process: Process is alive.
[2015/11/04 11:41:13.107] (INFO) Pinging watchdog timer process: Process is alive.
[2015/11/04 11:41:13.107] (INFO) Supervisor has entered SUSPENDED state.
[2015/11/04 11:41:13.107] (WARN) Master took 806 ms to respond (threshold=500 ms)
[2015/11/04 11:41:13.107] (ERROR) Unable to write to "/var/data/kOyfk72028.xslx": Permission denied (EACCES)
[2015/11/04 11:41:13.107] (INFO) Network heartbeat check: All OK.
[2015/11/04 11:41:13.107] (INFO) Backed up all server logs.
[2015/11/04 11:41:13.107] (INFO) Waiting for monitor process (PID 22497) to die.
[2015/11/04 11:41:13.107] (INFO) Flushed 74 buffers to disk.
[2015/11/04 11:41:13.107] (INFO) User "orj2842" logged out.
[2015/11/04 11:41:13.107] (INFO) Network heartbeat check: All OK.
[2015/11/04 11:41:13.107] (INFO) Alien monitor (aliend): Detected no space aliens.
[2015/11/04 11:41:13.107] (INFO) User "kgf1430" logged out due to inactivity (timeout=30 minutes).
[2015/11/04 11:41:13.107] (INFO) Sending SIGTERM to 2 excess workers.
[2015/11/04 11:41:13.107] (INFO) .evian ylbirret si emehcs otpyrc ym neht ,siht daer nac uoy fI
[2015/11/04 11:41:13.107] (INFO) Pinging watchdog timer process: Process is alive.
[2015/11/04 11:41:13.107] (WARN) Watchdog timer crashed. Restarting it.
[2015/11/04 11:41:13.107] (ERROR) Connection to 172.16.2.9 terminated unexpectedly. Reconnecting.
[2015/11/04 11:41:13.107] (INFO) Rolling 1 log file(s)...
[2015/11/04 11:41:13.107] (INFO) User "yuu3785" logged out due to inactivity (timeout=30 minutes).
[2015/11/04 11:41:13.107] (INFO) Your mother called. She says you never call her.
[2015/11/04 11:41:13.107] (INFO) Alien monitor (aliend): Detected no space aliens.
[2015/11/04 11:41:13.107] (ERROR) Blocked Little Bobby Tables attack (https://xkcd.com/327/) from 10.77.135.19.
[2015/11/04 11:41:13.107] (INFO) Backed up all server logs.
[2015/11/04 11:41:13.107] (INFO) Flushed 54 buffers to disk.
[2015/11/04 11:41:13.107] (INFO) Pinging watchdog timer process: Process is alive.
[2015/11/04 11:41:13.107] (INFO) Checkpointing off-heap server memory...
[2015/11/04 11:41:13.107] (INFO) Supervisor has entered WAITING state.
[2015/11/04 11:41:13.107] (INFO) Supervisor has entered RESTARTING state.
[2015/11/04 11:41:13.107] (INFO) Alien monitor (aliend): Detected no space aliens.
[2015/11/04 11:41:13.107] (INFO) Waiting for monitor process (PID 64182) to die.
[2015/11/04 11:41:13.107] (ERROR) Detected incoming DDoS from 192.168.189.195.
[2015/11/04 11:41:13.107] (INFO) Rolling 7 log file(s)...
[2015/11/04 11:41:13.107] (INFO) Checked file systems for errors: All filesystems OK.
[2015/11/04 11:41:13.107] (INFO) Backed up all server logs.
[2015/11/04 11:41:13.107] (INFO) Pinging watchdog timer process: Process is alive.
[2015/11/04 11:41:13.107] (INFO) .evian ylbirret si emehcs otpyrc ym neht ,siht daer nac uoy fI
[2015/11/04 11:41:13.107] (ERROR) Alien monitor (aliend): 2 space aliens are fiddling with the hardware!
[2015/11/04 11:41:13.107] (INFO) Flushed 51 buffers to disk.
[2015/11/04 11:41:13.107] (INFO) .evian ylbirret si emehcs otpyrc ym neht ,siht daer nac uoy fI
[2015/11/04 11:41:13.107] (INFO) Device 0xf5c4 is online.
[2015/11/04 11:41:13.107] (INFO) User "cvn6288" logged out due to inactivity (timeout=30 minutes).
[2015/11/04 11:41:13.107] (INFO) Backed up all server logs.
[2015/11/04 11:41:13.107] (INFO) Pinging watchdog timer process: Process is alive.
[2015/11/04 11:41:13.107] (ERROR) User "dmj6544" failed to log in 3 times. Disabling account.
[2015/11/04 11:41:13.107] (ERROR) Blocked nmap traffic originating from 10.179.81.222.
[2015/11/04 11:41:13.107] (INFO) Sending SIGTERM to 4 excess workers.
[2015/11/04 11:41:13.107] (INFO) .evian ylbirret si emehcs otpyrc ym neht ,siht daer nac uoy fI
[2015/11/04 11:41:13.107] (INFO) Waiting for supervisor process (PID 3162) to die.
[2015/11/04 11:41:13.107] (INFO) Sending SIGTERM to 2 excess workers.
[2015/11/04 11:41:13.107] (INFO) .evian ylbirret si emehcs otpyrc ym neht ,siht daer nac uoy fI
[2015/11/04 11:41:13.107] (INFO) Backed up all server logs.
[2015/11/04 11:41:13.107] (INFO) Checked file systems for errors: All filesystems OK.
[2015/11/04 11:41:13.107] (INFO) Checkpointing off-heap server memory...
[2015/11/04 11:41:13.107] (WARN) Retrying server log checkpoint.
[2015/11/04 11:41:13.107] (INFO) Backed up all server logs.
[2015/11/04 11:41:13.107] (INFO) User "aof3678" logged out due to inactivity (timeout=30 minutes).
[2015/11/04 11:41:13.107] (INFO) Network heartbeat check: All OK.
[2015/11/04 11:41:13.107] (INFO) Network heartbeat check: All OK.
[2015/11/04 11:41:13.107] (INFO) Checkpointing off-heap server memory...
[2015/11/04 11:41:13.107] (INFO) Rolling 9 log file(s)...
[2015/11/04 11:41:13.107] (INFO) Flushed 70 buffers to disk.
[2015/11/04 11:41:13.107] (INFO) Device 0xc3f9 is online.
[2015/11/04 11:41:13.107] (WARN) Possible cyber-attack from Russia.
[2015/11/04 11:41:13.107] (WARN) Backup server 172.16.121.21 is offline.
[2015/11/04 11:41:13.107] (INFO) Sending SIGTERM to 2 excess workers.
[2015/11/04 11:41:13.107] (INFO) Backed up all server logs.
[2015/11/04 11:41:13.107] (INFO) Rolling 5 log file(s)...
[2015/11/04 11:41:13.107] (INFO) .evian ylbirret si emehcs otpyrc ym neht ,siht daer nac uoy fI
[2015/11/04 11:41:13.107] (INFO) User "wtb6778" logged in from 172.16.188.140.
[2015/11/04 11:41:13.107] (INFO) User "pto3082" logged out.
[2015/11/04 11:41:13.107] (INFO) Supervisor has entered SUSPENDED state.
[2015/11/04 11:41:13.107] (ERROR) Blocked Little Bobby Tables attack (https://xkcd.com/327/) from 172.16.35.167.
[2015/11/04 11:41:13.107] (INFO) Rolling 7 log file(s)...
[2015/11/04 11:41:13.107] (INFO) Checked file systems for errors: All filesystems OK.
[2015/11/04 11:41:13.107] (INFO) Waiting for monitor process (PID 59676) to die.
[2015/11/04 11:41:13.107] (INFO) Flushed 51 buffers to disk.
[2015/11/04 11:41:13.107] (INFO) Alien monitor (aliend): Detected no space aliens.
[2015/11/04 11:41:13.107] (WARN) Possible cyber-attack from Alpha Centauri.
[2015/11/04 11:41:13.107] (INFO) User "xpk2018" logged in from 172.16.91.224.
[2015/11/04 11:41:13.607] (INFO) .evian ylbirret si emehcs otpyrc ym neht ,siht daer nac uoy fI
[2015/11/04 11:41:13.607] (INFO) User "fov9430" logged in from 10.16.168.241.
[2015/11/04 11:41:13.607] (INFO) User "lcd7534" logged out.
[2015/11/04 11:41:13.607] (INFO) Rolling 6 log file(s)...
[2015/11/04 11:41:13.607] (INFO) .evian ylbirret si emehcs otpyrc ym neht ,siht daer nac uoy fI
[2015/11/04 11:41:13.607] (INFO) Sending SIGTERM to 2 excess workers.
[2015/11/04 11:41:13.607] (INFO) User "kgq5373" logged in from 10.51.193.85.
[2015/11/04 11:41:13.607] (INFO) Backed up all server logs.
[2015/11/04 11:41:13.607] (INFO) Your mother called. She says you never call her.
[2015/11/04 11:41:13.607] (INFO) Your mother called. She says you never call her.
[2015/11/04 11:41:13.607] (WARN) Network heartbeat check: 5 server(s) did not respond.
[2015/11/04 11:41:13.607] (INFO) Flushed 80 buffers to disk.
[2015/11/04 11:41:13.607] (INFO) User "xgd2111" logged in from 192.168.202.194.
[2015/11/04 11:41:13.607] (INFO) User "mmc3519" logged out.
[2015/11/04 11:41:13.607] (INFO) Waiting for worker process (PID 36288) to die.
[2015/11/04 11:41:13.607] (INFO) Checked file systems for errors: All filesystems OK.
[2015/11/04 11:41:13.607] (WARN) Possible cyber-attack from Canada.
[2015/11/04 11:41:13.607] (ERROR) Blocked Little Bobby Tables attack (https://xkcd.com/327/) from 192.168.100.114.
[2015/11/04 11:41:13.607] (INFO) User "dvx1135" logged out due to inactivity (timeout=30 minutes).
[2015/11/04 11:41:13.607] (WARN) Unable to ping worker at 10.68.169.2. Retrying.
[2015/11/04 11:41:13.607] (INFO) Flushed 26 buffers to disk.
[2015/11/04 11:41:13.607] (INFO) Supervisor has entered SUSPENDED state.
[2015/11/04 11:41:13.607] (INFO) Rolling 5 log file(s)...
[2015/11/04 11:41:13.607] (INFO) Rolling 6 log file(s)...
[2015/11/04 11:41:13.607] (INFO) Sending SIGTERM to 4 excess workers.
[2015/11/04 11:41:13.607] (INFO) Waiting for monitor process (PID 14089) to die.
[2015/11/04 11:41:13.607] (INFO) Supervisor has entered RUNNING state.
[2015/11/04 11:41:13.607] (ERROR) One of the flayrods has gone out askew on treadle.
[2015/11/04 11:41:13.607] (INFO) Rolling 6 log file(s)...
[2015/11/04 11:41:13.607] (INFO) Alien monitor (aliend): Detected no space aliens.
[2015/11/04 11:41:13.607] (INFO) Your mother called. She says you never call her.
[2015/11/04 11:41:13.607] (INFO) Checkpointing off-heap server memory...
[2015/11/04 11:41:13.607] (INFO) Checked file systems for errors: All filesystems OK.
[2015/11/04 11:41:13.607] (INFO) Network heartbeat check: All OK.
[2015/11/04 11:41:13.607] (INFO) .evian ylbirret si emehcs otpyrc ym neht ,siht daer nac uoy fI
[2015/11/04 11:41:13.607] (WARN) Ignoring SIGTERM. It's not that easy to get rid of me.
[2015/11/04 11:41:13.607] (INFO) Rolling 8 log file(s)...
[2015/11/04 11:41:13.607] (WARN) Network heartbeat check: 19 server(s) did not respond.
[2015/11/04 11:41:13.607] (INFO) Supervisor has entered RESTARTING state.
[2015/11/04 11:41:13.607] (INFO) Supervisor has entered WAITING state.
[2015/11/04 11:41:13.607] (INFO) Flushed 80 buffers to disk.
[2015/11/04 11:41:13.607] (ERROR) Failed to write checkpoint file "/var/checkpoint/YHYpX85820: No space left on device (ENOSPC)
[2015/11/04 11:41:13.607] (INFO) Flushed 59 buffers to disk.
[2015/11/04 11:41:13.607] (INFO) Flushed 22 buffers to disk.
[2015/11/04 11:41:13.607] (INFO) Device 0xf35b is online.
[2015/11/04 11:41:13.607] (WARN) Retrying server log checkpoint.
[2015/11/04 11:41:13.607] (ERROR) /dev/lp error: "PC LOAD LETTER"
[2015/11/04 11:41:13.607] (INFO) Pinging watchdog timer process: Process is alive.
[2015/11/04 11:41:13.607] (INFO) Checkpointing off-heap server memory...
[2015/11/04 11:41:13.607] (INFO) Alien monitor (aliend): Detected no space aliens.
[2015/11/04 11:41:13.607] (INFO) .evian ylbirret si emehcs otpyrc ym neht ,siht daer nac uoy fI
[2015/11/04 11:41:13.607] (INFO) Backed up all server logs.
[2015/11/04 11:41:13.607] (WARN) There is no such thing as a free lunch.
[2015/11/04 11:41:13.607] (WARN) Master took 522 ms to respond (threshold=500 ms)
[2015/11/04 11:41:13.607] (INFO) User "sxq8373" logged in from 10.31.211.156.
[2015/11/04 11:41:13.607] (INFO) Alien monitor (aliend): Detected no space aliens.
[2015/11/04 11:41:13.607] (INFO) Checked file systems for errors: All filesystems OK.
[2015/11/04 11:41:13.607] (INFO) Supervisor has entered SUSPENDED state.
[2015/11/04 11:41:13.607] (WARN) Network heartbeat check: 17 server(s) did not respond.
[2015/11/04 11:41:13.607] (INFO) Waiting for monitor process (PID 23269) to die.
[2015/11/04 11:41:13.607] (INFO) Alien monitor (aliend): Detected no space aliens.
[2015/11/04 11:41:13.607] (INFO) Rolling 2 log file(s)...
[2015/11/04 11:41:13.607] (INFO) Pinging watchdog timer process: Process is alive.
[2015/11/04 11:41:13.607] (INFO) Checkpointing off-heap server memory...
[2015/11/04 11:41:13.607] (INFO) Sending SIGTERM to 3 excess workers.
[2015/11/04 11:41:13.607] (INFO) Pinging watchdog timer process: Process is alive.
[2015/11/04 11:41:13.607] (INFO) Checked file systems for errors: All filesystems OK.
[2015/11/04 11:41:13.607] (INFO) Rolling 6 log file(s)...
[2015/11/04 11:41:13.607] (INFO) User "znf5637" logged out.
[2015/11/04 11:41:13.607] (INFO) Pinging watchdog timer process: Process is alive.
[2015/11/04 11:41:13.607] (INFO) Sending SIGTERM to 2 excess workers.
[2015/11/04 11:41:13.607] (INFO) User "qqk1419" logged in from 10.185.33.225.
[2015/11/04 11:41:13.607] (INFO) Device 0x7039 is online.
[2015/11/04 11:41:13.607] (ERROR) EFOODFAIL (Waiter, there's a fly in my soup).
[2015/11/04 11:41:13.607] (INFO) User "drk7710" logged out due to inactivity (timeout=30 minutes).
[2015/11/04 11:41:13.607] (INFO) .evian ylbirret si emehcs otpyrc ym neht ,siht daer nac uoy fI
[2015/11/04 11:41:13.607] (INFO) Flushed 90 buffers to disk.
[2015/11/04 11:41:13.607] (INFO) Rolling 6 log file(s)...
[2015/11/04 11:41:13.607] (WARN) Ignoring SIGTERM. It's not that easy to get rid of me.
[2015/11/04 11:41:13.607] (INFO) Rolling 8 log file(s)...
[2015/11/04 11:41:13.607] (INFO) Backed up all server logs.
[2015/11/04 11:41:13.607] (INFO) Backed up all server logs.
[2015/11/04 11:41:13.607] (INFO) User "urp5884" logged out.
[2015/11/04 11:41:13.607] (INFO) Checked file systems for errors: All filesystems OK.
[2015/11/04 11:41:13.607] (INFO) Checked file systems for errors: All filesystems OK.
[2015/11/04 11:41:13.607] (INFO) User "olo2869" logged out due to inactivity (timeout=30 minutes).
[2015/11/04 11:41:13.607] (INFO) Flushed 82 buffers to disk.
[2015/11/04 11:41:13.607] (INFO) Your mother called. She says you never call her.
[2015/11/04 11:41:13.607] (INFO) Alien monitor (aliend): Detected no space aliens.
[2015/11/04 11:41:13.607] (WARN) Watchdog timer crashed. Restarting it.
[2015/11/04 11:41:13.607] (ERROR) Blocked nmap traffic originating from 192.168.238.79.
[2015/11/04 11:41:13.607] (ERROR) /dev/lp error: "PC LOAD LETTER"
[2015/11/04 11:41:13.607] (INFO) Your mother called. She says you never call her.
[2015/11/04 11:41:13.607] (INFO) .evian ylbirret si emehcs otpyrc ym neht ,siht daer nac uoy fI
[2015/11/04 11:41:13.607] (INFO) User "czi3537" logged out.
[2015/11/04 11:41:13.607] (WARN) Ignoring SIGTERM. It's not that easy to get rid of me.
[2015/11/04 11:41:13.607] (ERROR) Device 0x28d9 is offline
[2015/11/04 11:41:13.607] (INFO) User "jpb9252" logged out due to inactivity (timeout=30 minutes).
[2015/11/04 11:41:13.607] (INFO) Supervisor has entered WAITING state.
[2015/11/04 11:41:13.607] (INFO) User "owq2756" logged out.
[2015/11/04 11:41:14.107] (INFO) Flushed 77 buffers to disk.
[2015/11/04 11:41:14.107] (ERROR) Blocked BitTorrent traffic originating from 10.78.28.167.
[2015/11/04 11:41:14.107] (INFO) Waiting for master process (PID 60615) to die.
[2015/11/04 11:41:14.107] (INFO) Pinging watchdog timer process: Process is alive.
[2015/11/04 11:41:14.107] (INFO) User "xfi4667" logged out.
[2015/11/04 11:41:14.107] (INFO) .evian ylbirret si emehcs otpyrc ym neht ,siht daer nac uoy fI
[2015/11/04 11:41:14.107] (INFO) Waiting for monitor process (PID 4738) to die.
[2015/11/04 11:41:14.107] (INFO) User "wud6113" logged out due to inactivity (timeout=30 minutes).
[2015/11/04 11:41:14.107] (INFO) Flushed 54 buffers to disk.
[2015/11/04 11:41:14.107] (INFO) User "bpk1254" logged out due to inactivity (timeout=30 minutes).
[2015/11/04 11:41:14.107] (INFO) Pinging watchdog timer process: Process is alive.
[2015/11/04 11:41:14.107] (INFO) Your mother called. She says you never call her.
[2015/11/04 11:41:14.107] (INFO) Backed up all server logs.
[2015/11/04 11:41:14.107] (INFO) .evian ylbirret si emehcs otpyrc ym neht ,siht daer nac uoy fI
[2015/11/04 11:41:14.107] (INFO) Alien monitor (aliend): Detected no space aliens.
[2015/11/04 11:41:14.107] (INFO) Alien monitor (aliend): Detected no space aliens.
[2015/11/04 11:41:14.107] (WARN) Network heartbeat check: 8 server(s) did not respond.
[2015/11/04 11:41:14.107] (INFO) Your mother called. She says you never call her.
[2015/11/04 11:41:14.107] (INFO) Alien monitor (aliend): Detected no space aliens.
[2015/11/04 11:41:14.107] (INFO) User "xjz7835" logged out due to inactivity (timeout=30 minutes).
[2015/11/04 11:41:14.107] (INFO) Device 0x2982 is online.
[2015/11/04 11:41:14.107] (ERROR) One of the flayrods has gone out askew on treadle.
[2015/11/04 11:41:14.107] (INFO) Supervisor has entered SUSPENDED state.
[2015/11/04 11:41:14.107] (INFO) Checked file systems for errors: All filesystems OK.
[2015/11/04 11:41:14.107] (INFO) User "zye8646" logged out due to inactivity (timeout=30 minutes).
[2015/11/04 11:41:14.107] (INFO) Flushed 85 buffers to disk.
[2015/11/04 11:41:14.107] (INFO) Network heartbeat check: All OK.
[2015/11/04 11:41:14.107] (INFO) Your mother called. She says you never call her.
[2015/11/04 11:41:14.107] (INFO) Device 0x1301 is online.
[2015/11/04 11:41:14.107] (WARN) Possible cyber-attack from The Cayman Islands.
[2015/11/04 11:41:14.107] (INFO) Rolling 5 log file(s)...
[2015/11/04 11:41:14.107] (INFO) User "ikt6521" logged out due to inactivity (timeout=30 minutes).
[2015/11/04 11:41:14.107] (WARN) Space on disk /dev/sde3 is low: Only 721 MB available.
[2015/11/04 11:41:14.107] (INFO) Rolling 9 log file(s)...
[2015/11/04 11:41:14.107] (WARN) Watchdog timer crashed. Restarting it.
[2015/11/04 11:41:14.107] (INFO) .evian ylbirret si emehcs otpyrc ym neht ,siht daer nac uoy fI
[2015/11/04 11:41:14.107] (INFO) Flushed 66 buffers to disk.
[2015/11/04 11:41:14.107] (INFO) Sending SIGTERM to 2 excess workers.
[2015/11/04 11:41:14.107] (INFO) Supervisor has entered SUSPENDED state.
[2015/11/04 11:41:14.107] (INFO) Rolling 6 log file(s)...
[2015/11/04 11:41:14.107] (INFO) User "cyw1120" logged out due to inactivity (timeout=30 minutes).
[2015/11/04 11:41:14.107] (INFO) .evian ylbirret si emehcs otpyrc ym neht ,siht daer nac uoy fI
[2015/11/04 11:41:14.107] (WARN) Dropped 16,181 corrupt data packets.
[2015/11/04 11:41:14.107] (INFO) Backed up all server logs.
[2015/11/04 11:41:14.107] (WARN) Retrying server log checkpoint.
[2015/11/04 11:41:14.107] (ERROR) Alien monitor (aliend): 3 space aliens are fiddling with the hardware!
[2015/11/04 11:41:14.107] (INFO) User "qgj6813" logged in from 192.168.19.146.
[2015/11/04 11:41:14.107] (INFO) Checked file systems for errors: All filesystems OK.
[2015/11/04 11:41:14.107] (INFO) Network heartbeat check: All OK.
[2015/11/04 11:41:14.107] (ERROR) EFOODFAIL (Waiter, there's a fly in my soup).
[2015/11/04 11:41:14.107] (INFO) Network heartbeat check: All OK.
[2015/11/04 11:41:14.107] (ERROR) Directory index of "/var/data" is forbidden.
[2015/11/04 11:41:14.107] (INFO) User "xur8072" logged in from 10.76.212.145.
[2015/11/04 11:41:14.107] (INFO) Flushed 80 buffers to disk.
[2015/11/04 11:41:14.107] (INFO) User "yxc1437" logged out due to inactivity (timeout=30 minutes).
[2015/11/04 11:41:14.107] (INFO) Device 0xee3a is online.
[2015/11/04 11:41:14.107] (INFO) User "hat7860" logged out.
[2015/11/04 11:41:14.107] (INFO) Backed up all server logs.
[2015/11/04 11:41:14.107] (INFO) Checkpointing off-heap server memory...
[2015/11/04 11:41:14.107] (INFO) User "dii4532" logged out.
[2015/11/04 11:41:14.107] (INFO) Flushed 93 buffers to disk.
[2015/11/04 11:41:14.107] (WARN) CPU temperature exceeds 40º Celsius.
[2015/11/04 11:41:14.107] (INFO) Backed up all server logs.
[2015/11/04 11:41:14.107] (INFO) User "ltn8916" logged in from 192.168.41.242.
[2015/11/04 11:41:14.107] (ERROR) Unable to write to "/var/data/UeEqg75026.txt": Permission denied (EACCES)
[2015/11/04 11:41:14.107] (ERROR) Alien monitor (aliend): 2 space aliens are fiddling with the hardware!
[2015/11/04 11:41:14.107] (INFO) Checked file systems for errors: All filesystems OK.
[2015/11/04 11:41:14.107] (INFO) .evian ylbirret si emehcs otpyrc ym neht ,siht daer nac uoy fI
[2015/11/04 11:41:14.107] (INFO) Pinging watchdog timer process: Process is alive.
[2015/11/04 11:41:14.107] (INFO) Supervisor has entered RUNNING state.
[2015/11/04 11:41:14.107] (INFO) Backed up all server logs.
[2015/11/04 11:41:14.107] (INFO) Sending SIGTERM to 2 excess workers.
[2015/11/04 11:41:14.107] (WARN) Ignoring SIGTERM. It's not that easy to get rid of me.
[2015/11/04 11:41:14.107] (INFO) User "oia9177" logged out.
[2015/11/04 11:41:14.107] (INFO) Waiting for worker process (PID 61438) to die.
[2015/11/04 11:41:14.107] (INFO) Network heartbeat check: All OK.
[2015/11/04 11:41:14.107] (WARN) Unable to ping worker at 192.168.195.21. Retrying.
[2015/11/04 11:41:14.107] (INFO) Sending SIGTERM to 3 excess workers.
[2015/11/04 11:41:14.107] (INFO) Waiting for worker process (PID 13568) to die.
[2015/11/04 11:41:14.107] (INFO) Your mother called. She says you never call her.
[2015/11/04 11:41:14.107] (INFO) Backed up all server logs.
[2015/11/04 11:41:14.107] (INFO) Checked file systems for errors: All filesystems OK.
[2015/11/04 11:41:14.107] (INFO) User "ayk6710" logged in from 172.16.18.117.
[2015/11/04 11:41:14.107] (INFO) Backed up all server logs.
[2015/11/04 11:41:14.107] (INFO) Device 0x4a19 is online.
[2015/11/04 11:41:14.107] (INFO) Your mother called. She says you never call her.
[2015/11/04 11:41:14.107] (INFO) Sending SIGTERM to 4 excess workers.
[2015/11/04 11:41:14.107] (INFO) Pinging watchdog timer process: Process is alive.
[2015/11/04 11:41:14.107] (INFO) Your mother called. She says you never call her.
[2015/11/04 11:41:14.107] (INFO) Supervisor has entered RESTARTING state.
[2015/11/04 11:41:14.107] (INFO) Alien monitor (aliend): Detected no space aliens.
[2015/11/04 11:41:14.107] (INFO) Supervisor has entered RUNNING state.
[2015/11/04 11:41:14.107] (INFO) Waiting for master process (PID 57407) to die.
[2015/11/04 11:41:14.107] (INFO) User "zwu1021" logged out.
[2015/11/04 11:41:14.107] (INFO) Device 0xb835 is online.
[2015/11/04 11:41:14.107] (INFO) User "idp5727" logged out due to inactivity (timeout=30 minutes).
[2015/11/04 11:41:14.107] (ERROR) Failed to open "/mnt/fileserver02/CmXuu67056.tsv": NFS timeout.
[2015/11/04 11:41:14.107] (INFO) User "uxi1104" logged out.
[2015/11/04 11:41:14.107] (INFO) User "ipu9069" logged out due to inactivity (timeout=30 minutes).
[2015/11/04 11:41:14.107] (INFO) Device 0x5d2a is online.
[2015/11/04 11:41:14.607] (INFO) User "gwz3380" logged out.
[2015/11/04 11:41:14.607] (ERROR) Failed to open "/mnt/fileserver01/DHNBq73974.txt": NFS timeout.
[2015/11/04 11:41:14.607] (INFO) Checkpointing off-heap server memory...
[2015/11/04 11:41:14.607] (INFO) User "hru8427" logged out.
[2015/11/04 11:41:14.607] (INFO) Waiting for supervisor process (PID 18633) to die.
[2015/11/04 11:41:14.607] (ERROR) "/var/data/HTlBI67657.zip": Permission denied (EACCES)
[2015/11/04 11:41:14.607] (INFO) Waiting for worker process (PID 25228) to die.
[2015/11/04 11:41:14.607] (INFO) Backed up all server logs.
[2015/11/04 11:41:14.607] (INFO) Pinging watchdog timer process: Process is alive.
[2015/11/04 11:41:14.607] (INFO) Waiting for worker process (PID 52064) to die.
[2015/11/04 11:41:14.607] (INFO) Checked file systems for errors: All filesystems OK.
[2015/11/04 11:41:14.607] (ERROR) Directory index of "/var/data" is forbidden.
[2015/11/04 11:41:14.607] (INFO) User "ysv2212" logged out due to inactivity (timeout=30 minutes).
[2015/11/04 11:41:14.607] (INFO) Your mother called. She says you never call her.
[2015/11/04 11:41:14.607] (INFO) Alien monitor (aliend): Detected no space aliens.
[2015/11/04 11:41:14.607] (INFO) Waiting for worker process (PID 34831) to die.
[2015/11/04 11:41:14.607] (INFO) Rolling 5 log file(s)...
[2015/11/04 11:41:14.607] (INFO) Device 0x397a is online.
[2015/11/04 11:41:14.607] (WARN) Unable to ping master at 192.168.183.204. Retrying.
[2015/11/04 11:41:14.607] (WARN) Network heartbeat check: 3 server(s) did not respond.
[2015/11/04 11:41:14.607] (INFO) User "qws3900" logged out due to inactivity (timeout=30 minutes).
[2015/11/04 11:41:14.607] (WARN) Retrying server log checkpoint.
[2015/11/04 11:41:14.607] (INFO) Waiting for worker process (PID 43022) to die.
[2015/11/04 11:41:14.607] (ERROR) Directory index of "/var/data" is forbidden.
[2015/11/04 11:41:14.607] (INFO) Checked file systems for errors: All filesystems OK.
[2015/11/04 11:41:14.607] (INFO) User "ihi6116" logged out due to inactivity (timeout=30 minutes).
[2015/11/04 11:41:14.607] (INFO) Backed up all server logs.
[2015/11/04 11:41:14.607] (ERROR) Unable to write to "/var/data/bkydS62142.zip": Permission denied (EACCES)
[2015/11/04 11:41:14.607] (INFO) Waiting for master process (PID 225) to die.
[2015/11/04 11:41:14.607] (INFO) Checkpointing off-heap server memory...
[2015/11/04 11:41:14.607] (INFO) Supervisor has entered WAITING state.
[2015/11/04 11:41:14.607] (INFO) Supervisor has entered RESTARTING state.
[2015/11/04 11:41:14.607] (INFO) Flushed 92 buffers to disk.
[2015/11/04 11:41:14.607] (INFO) .evian ylbirret si emehcs otpyrc ym neht ,siht daer nac uoy fI
[2015/11/04 11:41:14.607] (WARN) Unable to ping supervisor at 172.16.106.236. Retrying.
[2015/11/04 11:41:14.607] (ERROR) Unable to authenticate user "qzy5129": LDAP server isn't responding.
[2015/11/04 11:41:14.607] (INFO) Pinging watchdog timer process: Process is alive.
[2015/11/04 11:41:14.607] (INFO) Sending SIGTERM to 3 excess workers.
[2015/11/04 11:41:14.607] (INFO) User "xtn9572" logged in from 172.16.158.160.
[2015/11/04 11:41:14.607] (INFO) User "uzc9203" logged out due to inactivity (timeout=30 minutes).
[2015/11/04 11:41:14.607] (INFO) User "czp6230" logged in from 172.16.9.194.
[2015/11/04 11:41:14.607] (INFO) Your mother called. She says you never call her.
[2015/11/04 11:41:14.607] (INFO) Supervisor has entered RUNNING state.
[2015/11/04 11:41:14.607] (INFO) Alien monitor (aliend): Detected no space aliens.
[2015/11/04 11:41:14.607] (INFO) Network heartbeat check: All OK.
[2015/11/04 11:41:14.607] (INFO) Rolling 5 log file(s)...
[2015/11/04 11:41:14.607] (INFO) User "pap4508" logged out.
[2015/11/04 11:41:14.607] (INFO) Checked file systems for errors: All filesystems OK.
[2015/11/04 11:41:14.607] (INFO) Supervisor has entered SUSPENDED state.
[2015/11/04 11:41:14.607] (INFO) User "vuq7177" logged out.
[2015/11/04 11:41:14.607] (INFO) Flushed 40 buffers to disk.
[2015/11/04 11:41:14.607] (WARN) Master took 986 ms to respond (threshold=500 ms)
[2015/11/04 11:41:14.607] (INFO) Network heartbeat check: All OK.
[2015/11/04 11:41:14.607] (ERROR) Blocked Little Bobby Tables attack (https://xkcd.com/327/) from 172.16.30.223.
[2015/11/04 11:41:14.607] (INFO) Checkpointing off-heap server memory...
[2015/11/04 11:41:14.607] (INFO) Sending SIGTERM to 4 excess workers.
[2015/11/04 11:41:14.607] (INFO) User "out1242" logged out.
[2015/11/04 11:41:14.607] (INFO) User "nlu5313" logged out due to inactivity (timeout=30 minutes).
[2015/11/04 11:41:14.607] (INFO) User "kzq3969" logged out due to inactivity (timeout=30 minutes).
[2015/11/04 11:41:14.607] (INFO) Pinging watchdog timer process: Process is alive.
[2015/11/04 11:41:14.607] (ERROR) Failed to open "/mnt/fileserver02/kqpyE93855.txt": NFS timeout.
[2015/11/04 11:41:14.607] (INFO) Flushed 67 buffers to disk.
[2015/11/04 11:41:14.607] (INFO) Your mother called. She says you never call her.
[2015/11/04 11:41:14.607] (INFO) Sending SIGTERM to 2 excess workers.
[2015/11/04 11:41:14.607] (INFO) Your mother called. She says you never call her.
[2015/11/04 11:41:14.607] (INFO) Flushed 66 buffers to disk.
[2015/11/04 11:41:14.607] (INFO) Rolling 2 log file(s)...
[2015/11/04 11:41:14.607] (INFO) Checkpointing off-heap server memory...
[2015/11/04 11:41:14.607] (WARN) Unable to ping supervisor at 192.168.152.241. Retrying.
[2015/11/04 11:41:14.607] (INFO) Device 0xf5cf is online.
[2015/11/04 11:41:14.607] (INFO) Checked file systems for errors: All filesystems OK.
[2015/11/04 11:41:14.607] (ERROR) Unable to authenticate user "ogt5687": LDAP server isn't responding.
[2015/11/04 11:41:14.607] (INFO) Rolling 1 log file(s)...
[2015/11/04 11:41:14.607] (INFO) User "hvq7738" logged out due to inactivity (timeout=30 minutes).
[2015/11/04 11:41:14.607] (INFO) Checked file systems for errors: All filesystems OK.
[2015/11/04 11:41:14.607] (WARN) CPU temperature exceeds 40º Celsius.
[2015/11/04 11:41:14.607] (INFO) Waiting for worker process (PID 5004) to die.
[2015/11/04 11:41:14.607] (ERROR) Directory index of "/var/data" is forbidden.
[2015/11/04 11:41:14.607] (INFO) Rolling 9 log file(s)...
[2015/11/04 11:41:14.607] (INFO) Your mother called. She says you never call her.
[2015/11/04 11:41:14.607] (INFO) User "fuk3750" logged out due to inactivity (timeout=30 minutes).
[2015/11/04 11:41:14.607] (INFO) Sending SIGTERM to 4 excess workers.
[2015/11/04 11:41:14.607] (WARN) CPU temperature exceeds 40º Celsius.
[2015/11/04 11:41:14.607] (INFO) Waiting for worker process (PID 18219) to die.
[2015/11/04 11:41:14.607] (INFO) Supervisor has entered RESTARTING state.
[2015/11/04 11:41:14.607] (INFO) Waiting for master process (PID 29948) to die.
[2015/11/04 11:41:14.607] (INFO) User "rzk4141" logged out due to inactivity (timeout=30 minutes).
[2015/11/04 11:41:14.607] (INFO) .evian ylbirret si emehcs otpyrc ym neht ,siht daer nac uoy fI
[2015/11/04 11:41:14.607] (INFO) Network heartbeat check: All OK.
[2015/11/04 11:41:14.607] (INFO) Pinging watchdog timer process: Process is alive.
[2015/11/04 11:41:14.607] (INFO) Checkpointing off-heap server memory...
[2015/11/04 11:41:14.607] (INFO) Checkpointing off-heap server memory...
[2015/11/04 11:41:14.607] (INFO) Device 0x408d is online.
[2015/11/04 11:41:14.607] (WARN) Possible cyber-attack from Russia.
[2015/11/04 11:41:14.607] (INFO) Network heartbeat check: All OK.
[2015/11/04 11:41:14.607] (INFO) Waiting for monitor process (PID 63152) to die.
[2015/11/04 11:41:14.607] (INFO) Your mother called. She says you never call her.
[2015/11/04 11:41:14.607] (INFO) Alien monitor (aliend): Detected no space aliens.
[2015/11/04 11:41:14.607] (INFO) User "lpq3761" logged out due to inactivity (timeout=30 minutes).
[2015/11/04 11:41:14.607] (INFO) Your mother called. She says you never call her.
[2015/11/04 11:41:15.107] (INFO) Your mother called. She says you never call her.
[2015/11/04 11:41:15.107] (INFO) User "tvp3150" logged in from 172.16.24.60.
[2015/11/04 11:41:15.107] (INFO) Checked file systems for errors: All filesystems OK.
[2015/11/04 11:41:15.107] (INFO) Checked file systems for errors: All filesystems OK.
[2015/11/04 11:41:15.107] (INFO) Backed up all server logs.
[2015/11/04 11:41:15.107] (ERROR) Failed to open "/mnt/fileserver02/BTWwh72497.csv": NFS timeout.
[2015/11/04 11:41:15.107] (INFO) Alien monitor (aliend): Detected no space aliens.
[2015/11/04 11:41:15.107] (INFO) Your mother called. She says you never call her.
[2015/11/04 11:41:15.107] (INFO) Alien monitor (aliend): Detected no space aliens.
[2015/11/04 11:41:15.107] (INFO) User "twl3554" logged out due to inactivity (timeout=30 minutes).
[2015/11/04 11:41:15.107] (INFO) Waiting for supervisor process (PID 65095) to die.
[2015/11/04 11:41:15.107] (INFO) Network heartbeat check: All OK.
[2015/11/04 11:41:15.107] (WARN) CPU temperature exceeds 40º Celsius.
[2015/11/04 11:41:15.107] (INFO) Pinging watchdog timer process: Process is alive.
[2015/11/04 11:41:15.107] (ERROR) Detected clock skew! Restarting NTP server.
[2015/11/04 11:41:15.107] (ERROR) Worker 1 died with SIGSEGV. Restarting it.
[2015/11/04 11:41:15.107] (INFO) Alien monitor (aliend): Detected no space aliens.
[2015/11/04 11:41:15.107] (INFO) Checked file systems for errors: All filesystems OK.
[2015/11/04 11:41:15.107] (INFO) .evian ylbirret si emehcs otpyrc ym neht ,siht daer nac uoy fI
[2015/11/04 11:41:15.107] (INFO) Waiting for monitor process (PID 46449) to die.
[2015/11/04 11:41:15.107] (WARN) Possible cyber-attack from China.
[2015/11/04 11:41:15.107] (INFO) Supervisor has entered RUNNING state.
[2015/11/04 11:41:15.107] (INFO) User "ttz3868" logged out.
[2015/11/04 11:41:15.107] (INFO) Flushed 47 buffers to disk.
[2015/11/04 11:41:15.107] (WARN) Unable to ping supervisor at 10.12.26.115. Retrying.
[2015/11/04 11:41:15.107] (ERROR) "/var/data/NAoHK67255.csv": Permission denied (EACCES)
[2015/11/04 11:41:15.107] (INFO) Alien monitor (aliend): Detected no space aliens.
[2015/11/04 11:41:15.107] (INFO) Device 0x3d7c is online.
[2015/11/04 11:41:15.107] (WARN) Possible cyber-attack from Nebraska.
[2015/11/04 11:41:15.107] (INFO) User "leg6633" logged in from 172.16.47.225.
[2015/11/04 11:41:15.107] (INFO) Waiting for worker process (PID 11912) to die.
[2015/11/04 11:41:15.107] (INFO) Checked file systems for errors: All filesystems OK.
[2015/11/04 11:41:15.107] (INFO) Backed up all server logs.
[2015/11/04 11:41:15.107] (INFO) Sending SIGTERM to 2 excess workers.
[2015/11/04 11:41:15.107] (INFO) Checkpointing off-heap server memory...
[2015/11/04 11:41:15.107] (INFO) Sending SIGTERM to 3 excess workers.
[2015/11/04 11:41:15.107] (INFO) Supervisor has entered SUSPENDED state.
[2015/11/04 11:41:15.107] (INFO) User "mfk3545" logged out.
[2015/11/04 11:41:15.107] (INFO) User "dry3881" logged out due to inactivity (timeout=30 minutes).
[2015/11/04 11:41:15.107] (INFO) Checkpointing off-heap server memory...
[2015/11/04 11:41:15.107] (INFO) Flushed 59 buffers to disk.
[2015/11/04 11:41:15.107] (ERROR) "/var/data/hufSi51607.zip": No such file or directory (ENOENT)
[2015/11/04 11:41:15.107] (WARN) Space on disk /dev/sdd4 is low: Only 724 MB available.
[2015/11/04 11:41:15.107] (INFO) .evian ylbirret si emehcs otpyrc ym neht ,siht daer nac uoy fI
[2015/11/04 11:41:15.107] (INFO) Checked file systems for errors: All filesystems OK.
[2015/11/04 11:41:15.107] (INFO) Backed up all server logs.
[2015/11/04 11:41:15.107] (INFO) .evian ylbirret si emehcs otpyrc ym neht ,siht daer nac uoy fI
[2015/11/04 11:41:15.107] (INFO) Pinging watchdog timer process: Process is alive.
[2015/11/04 11:41:15.107] (INFO) Your mother called. She says you never call her.
[2015/11/04 11:41:15.107] (ERROR) "/var/data/QNNaf61130.xslx": Permission denied (EACCES)
[2015/11/04 11:41:15.107] (INFO) .evian ylbirret si emehcs otpyrc ym neht ,siht daer nac uoy fI
[2015/11/04 11:41:15.107] (INFO) Checkpointing off-heap server memory...
[2015/11/04 11:41:15.107] (INFO) .evian ylbirret si emehcs otpyrc ym neht ,siht daer nac uoy fI
[2015/11/04 11:41:15.107] (ERROR) Unable to authenticate user "far8331": LDAP server isn't responding.
[2015/11/04 11:41:15.107] (INFO) Waiting for monitor process (PID 18785) to die.
[2015/11/04 11:41:15.107] (INFO) Waiting for master process (PID 26049) to die.
[2015/11/04 11:41:15.107] (ERROR) EFOODFAIL (Waiter, there's a fly in my soup).
[2015/11/04 11:41:15.107] (INFO) User "hij8737" logged out due to inactivity (timeout=30 minutes).
[2015/11/04 11:41:15.107] (INFO) Rolling 9 log file(s)...
[2015/11/04 11:41:15.107] (INFO) User "xwy8820" logged out.
[2015/11/04 11:41:15.107] (INFO) User "nyf6815" logged out.
[2015/11/04 11:41:15.107] (INFO) Sending SIGTERM to 3 excess workers.
[2015/11/04 11:41:15.107] (INFO) User "lnx7940" logged out due to inactivity (timeout=30 minutes).
[2015/11/04 11:41:15.107] (INFO) Flushed 58 buffers to disk.
[2015/11/04 11:41:15.107] (INFO) Flushed 74 buffers to disk.
[2015/11/04 11:41:15.107] (WARN) Possible cyber-attack from The Cayman Islands.
[2015/11/04 11:41:15.107] (INFO) User "ndx3742" logged out due to inactivity (timeout=30 minutes).
[2015/11/04 11:41:15.107] (INFO) Checkpointing off-heap server memory...
[2015/11/04 11:41:15.107] (INFO) Device 0x15ea is online.
[2015/11/04 11:41:15.107] (INFO) Supervisor has entered WAITING state.
[2015/11/04 11:41:15.107] (ERROR) Unable to mount /dev/sda4. (Time to run fsck?)
[2015/11/04 11:41:15.107] (INFO) Pinging watchdog timer process: Process is alive.
[2015/11/04 11:41:15.107] (INFO) Supervisor has entered RESTARTING state.
[2015/11/04 11:41:15.107] (INFO) Your mother called. She says you never call her.
[2015/11/04 11:41:15.107] (INFO) Flushed 45 buffers to disk.
[2015/11/04 11:41:15.107] (INFO) Network heartbeat check: All OK.
[2015/11/04 11:41:15.107] (INFO) Flushed 86 buffers to disk.
[2015/11/04 11:41:15.107] (INFO) Network heartbeat check: All OK.
[2015/11/04 11:41:15.107] (ERROR) "/var/data/GTXlc95410.parquet": No such file or directory (ENOENT)
[2015/11/04 11:41:15.107] (ERROR) Failed to write checkpoint file "/var/checkpoint/mSpfj53428: No space left on device (ENOSPC)
[2015/11/04 11:41:15.107] (INFO) Checkpointing off-heap server memory...
[2015/11/04 11:41:15.107] (INFO) Device 0xcb56 is online.
[2015/11/04 11:41:15.107] (INFO) Checked file systems for errors: All filesystems OK.
[2015/11/04 11:41:15.107] (INFO) Alien monitor (aliend): Detected no space aliens.
[2015/11/04 11:41:15.107] (INFO) Flushed 33 buffers to disk.
[2015/11/04 11:41:15.107] (INFO) Flushed 84 buffers to disk.
[2015/11/04 11:41:15.107] (INFO) Pinging watchdog timer process: Process is alive.
[2015/11/04 11:41:15.107] (INFO) Alien monitor (aliend): Detected no space aliens.
[2015/11/04 11:41:15.107] (INFO) Your mother called. She says you never call her.
[2015/11/04 11:41:15.107] (WARN) Unable to ping worker at 192.168.84.36. Retrying.
[2015/11/04 11:41:15.107] (INFO) Device 0xc97e is online.
[2015/11/04 11:41:15.107] (INFO) Supervisor has entered SUSPENDED state.
[2015/11/04 11:41:15.107] (INFO) Backed up all server logs.
[2015/11/04 11:41:15.107] (INFO) Backed up all server logs.
[2015/11/04 11:41:15.107] (INFO) Network heartbeat check: All OK.
[2015/11/04 11:41:15.107] (ERROR) User "mnw5492" failed to log in 3 times. Disabling account.
[2015/11/04 11:41:15.107] (INFO) User "pbn1493" logged out.
[2015/11/04 11:41:15.107] (INFO) Network heartbeat check: All OK.
[2015/11/04 11:41:15.107] (INFO) Device 0xcea9 is online.
[2015/11/04 11:41:15.107] (INFO) Rolling 9 log file(s)...
[2015/11/04 11:41:15.607] (INFO) .evian ylbirret si emehcs otpyrc ym neht ,siht daer nac uoy fI
[2015/11/04 11:41:15.607] (INFO) Backed up all server logs.
[2015/11/04 11:41:15.607] (ERROR) Unable to mount /dev/sda1. (Time to run fsck?)
[2015/11/04 11:41:15.607] (ERROR) Detected clock skew! Restarting NTP server.
[2015/11/04 11:41:15.607] (INFO) Device 0x6f2f is online.
[2015/11/04 11:41:15.607] (INFO) Rolling 9 log file(s)...
[2015/11/04 11:41:15.607] (INFO) Checkpointing off-heap server memory...
[2015/11/04 11:41:15.607] (INFO) Checked file systems for errors: All filesystems OK.
[2015/11/04 11:41:15.607] (INFO) Flushed 48 buffers to disk.
[2015/11/04 11:41:15.607] (ERROR) /dev/lp error: "PC LOAD LETTER"
[2015/11/04 11:41:15.607] (INFO) User "cge3927" logged out due to inactivity (timeout=30 minutes).
[2015/11/04 11:41:15.607] (ERROR) Failed to open "/mnt/fileserver02/AOMzl86862.txt": NFS timeout.
[2015/11/04 11:41:15.607] (INFO) Checkpointing off-heap server memory...
[2015/11/04 11:41:15.607] (ERROR) Server log backup FAILED. See backup logs.
[2015/11/04 11:41:15.607] (INFO) Your mother called. She says you never call her.
[2015/11/04 11:41:15.607] (INFO) Sending SIGTERM to 4 excess workers.
[2015/11/04 11:41:15.607] (INFO) .evian ylbirret si emehcs otpyrc ym neht ,siht daer nac uoy fI
[2015/11/04 11:41:15.607] (INFO) Alien monitor (aliend): Detected no space aliens.
[2015/11/04 11:41:15.607] (INFO) Checked file systems for errors: All filesystems OK.
[2015/11/04 11:41:15.607] (INFO) Checkpointing off-heap server memory...
[2015/11/04 11:41:15.607] (INFO) Pinging watchdog timer process: Process is alive.
[2015/11/04 11:41:15.607] (INFO) Waiting for master process (PID 41173) to die.
[2015/11/04 11:41:15.607] (INFO) Checked file systems for errors: All filesystems OK.
[2015/11/04 11:41:15.607] (ERROR) Worker 3 died with SIGQUIT. Restarting it.
[2015/11/04 11:41:15.607] (INFO) Alien monitor (aliend): Detected no space aliens.
[2015/11/04 11:41:15.607] (WARN) Space on disk /dev/sde1 is low: Only 265 MB available.
[2015/11/04 11:41:15.607] (INFO) Sending SIGTERM to 4 excess workers.
[2015/11/04 11:41:15.607] (INFO) Checkpointing off-heap server memory...
[2015/11/04 11:41:15.607] (INFO) Pinging watchdog timer process: Process is alive.
[2015/11/04 11:41:15.607] (INFO) User "cuc6679" logged in from 172.16.224.39.
[2015/11/04 11:41:15.607] (INFO) Supervisor has entered RESTARTING state.
[2015/11/04 11:41:15.607] (INFO) Supervisor has entered RUNNING state.
[2015/11/04 11:41:15.607] (INFO) .evian ylbirret si emehcs otpyrc ym neht ,siht daer nac uoy fI
[2015/11/04 11:41:15.607] (INFO) Pinging watchdog timer process: Process is alive.
[2015/11/04 11:41:15.607] (INFO) Waiting for master process (PID 52623) to die.
[2015/11/04 11:41:15.607] (INFO) Flushed 61 buffers to disk.
[2015/11/04 11:41:15.607] (WARN) Dropped 18,142 corrupt data packets.
[2015/11/04 11:41:15.607] (INFO) Pinging watchdog timer process: Process is alive.
[2015/11/04 11:41:15.607] (INFO) Backed up all server logs.
[2015/11/04 11:41:15.607] (INFO) Backed up all server logs.
[2015/11/04 11:41:15.607] (INFO) Checkpointing off-heap server memory...
[2015/11/04 11:41:15.607] (INFO) Your mother called. She says you never call her.
[2015/11/04 11:41:15.607] (INFO) Device 0x67d2 is online.
[2015/11/04 11:41:15.607] (INFO) Device 0xe8b1 is online.
[2015/11/04 11:41:15.607] (INFO) Network heartbeat check: All OK.
[2015/11/04 11:41:15.607] (INFO) Pinging watchdog timer process: Process is alive.
[2015/11/04 11:41:15.607] (INFO) User "ucl9822" logged out due to inactivity (timeout=30 minutes).
[2015/11/04 11:41:15.607] (INFO) User "ddo5646" logged out due to inactivity (timeout=30 minutes).
[2015/11/04 11:41:15.607] (INFO) Backed up all server logs.
[2015/11/04 11:41:15.607] (INFO) Rolling 7 log file(s)...
[2015/11/04 11:41:15.607] (INFO) Your mother called. She says you never call her.
[2015/11/04 11:41:15.607] (INFO) Supervisor has entered RESTARTING state.
[2015/11/04 11:41:15.607] (ERROR) Failed to open "/mnt/fileserver02/ufGuK63442.csv": NFS timeout.
[2015/11/04 11:41:15.607] (WARN) Watchdog timer crashed. Restarting it.
[2015/11/04 11:41:15.607] (INFO) Device 0xd59c is online.
[2015/11/04 11:41:15.607] (INFO) Flushed 98 buffers to disk.
[2015/11/04 11:41:15.607] (INFO) Backed up all server logs.
[2015/11/04 11:41:15.607] (INFO) Waiting for master process (PID 13932) to die.
[2015/11/04 11:41:15.607] (INFO) Network heartbeat check: All OK.
[2015/11/04 11:41:15.607] (INFO) Alien monitor (aliend): Detected no space aliens.
[2015/11/04 11:41:15.607] (INFO) Device 0xfd3c is online.
[2015/11/04 11:41:15.607] (INFO) Pinging watchdog timer process: Process is alive.
[2015/11/04 11:41:15.607] (INFO) Checkpointing off-heap server memory...
[2015/11/04 11:41:15.607] (INFO) Alien monitor (aliend): Detected no space aliens.
[2015/11/04 11:41:15.607] (INFO) User "rrc5033" logged out.
[2015/11/04 11:41:15.607] (INFO) Your mother called. She says you never call her.
[2015/11/04 11:41:15.607] (INFO) .evian ylbirret si emehcs otpyrc ym neht ,siht daer nac uoy fI
[2015/11/04 11:41:15.607] (INFO) Rolling 9 log file(s)...
[2015/11/04 11:41:15.607] (INFO) Device 0x04e5 is online.
[2015/11/04 11:41:15.607] (WARN) Dropped 4,565 corrupt data packets.
[2015/11/04 11:41:15.607] (INFO) Flushed 60 buffers to disk.
[2015/11/04 11:41:15.607] (INFO) Pinging watchdog timer process: Process is alive.
[2015/11/04 11:41:15.607] (ERROR) One of the flayrods has gone out askew on treadle.
[2015/11/04 11:41:15.607] (WARN) Master took 943 ms to respond (threshold=500 ms)
[2015/11/04 11:41:15.607] (INFO) Checkpointing off-heap server memory...
[2015/11/04 11:41:15.607] (INFO) Flushed 35 buffers to disk.
[2015/11/04 11:41:15.607] (INFO) Network heartbeat check: All OK.
[2015/11/04 11:41:15.607] (INFO) Supervisor has entered RUNNING state.
[2015/11/04 11:41:15.607] (INFO) Checkpointing off-heap server memory...
[2015/11/04 11:41:15.607] (INFO) Flushed 77 buffers to disk.
[2015/11/04 11:41:15.607] (INFO) Checked file systems for errors: All filesystems OK.
[2015/11/04 11:41:15.607] (INFO) User "ugu2481" logged out.
[2015/11/04 11:41:15.607] (WARN) Master took 768 ms to respond (threshold=500 ms)
[2015/11/04 11:41:15.607] (INFO) Device 0xd7c6 is online.
[2015/11/04 11:41:15.607] (INFO) Supervisor has entered RESTARTING state.
[2015/11/04 11:41:15.607] (WARN) Dropped 15,580 corrupt data packets.
[2015/11/04 11:41:15.607] (ERROR) Alien monitor (aliend): 3 space aliens are fiddling with the hardware!
[2015/11/04 11:41:15.607] (INFO) .evian ylbirret si emehcs otpyrc ym neht ,siht daer nac uoy fI
[2015/11/04 11:41:15.607] (INFO) .evian ylbirret si emehcs otpyrc ym neht ,siht daer nac uoy fI
[2015/11/04 11:41:15.607] (INFO) Device 0x0463 is online.
[2015/11/04 11:41:15.607] (INFO) Your mother called. She says you never call her.
[2015/11/04 11:41:15.607] (INFO) Flushed 34 buffers to disk.
[2015/11/04 11:41:15.607] (INFO) Waiting for monitor process (PID 23975) to die.
[2015/11/04 11:41:15.607] (WARN) Dropped 13,832 corrupt data packets.
[2015/11/04 11:41:15.607] (INFO) Your mother called. She says you never call her.
[2015/11/04 11:41:15.607] (INFO) Supervisor has entered SUSPENDED state.
[2015/11/04 11:41:15.607] (WARN) Watchdog timer crashed. Restarting it.
[2015/11/04 11:41:15.607] (INFO) Alien monitor (aliend): Detected no space aliens.
[2015/11/04 11:41:15.607] (INFO) Sending SIGTERM to 4 excess workers.
[2015/11/04 11:41:15.607] (INFO) User "hbp2523" logged out due to inactivity (timeout=30 minutes).
[2015/11/04 11:41:16.107] (INFO) Your mother called. She says you never call her.
[2015/11/04 11:41:16.107] (INFO) Waiting for monitor process (PID 2388) to die.
[2015/11/04 11:41:16.107] (INFO) Your mother called. She says you never call her.
[2015/11/04 11:41:16.107] (INFO) .evian ylbirret si emehcs otpyrc ym neht ,siht daer nac uoy fI
[2015/11/04 11:41:16.107] (INFO) Supervisor has entered WAITING state.
[2015/11/04 11:41:16.107] (ERROR) Server log backup FAILED. See backup logs.
[2015/11/04 11:41:16.107] (INFO) User "yru7564" logged out.
[2015/11/04 11:41:16.107] (INFO) Supervisor has entered SUSPENDED state.
[2015/11/04 11:41:16.107] (INFO) .evian ylbirret si emehcs otpyrc ym neht ,siht daer nac uoy fI
[2015/11/04 11:41:16.107] (INFO) Supervisor has entered WAITING state.
[2015/11/04 11:41:16.107] (INFO) Flushed 88 buffers to disk.
[2015/11/04 11:41:16.107] (INFO) .evian ylbirret si emehcs otpyrc ym neht ,siht daer nac uoy fI
[2015/11/04 11:41:16.107] (INFO) Pinging watchdog timer process: Process is alive.
[2015/11/04 11:41:16.107] (INFO) Network heartbeat check: All OK.
[2015/11/04 11:41:16.107] (INFO) Checkpointing off-heap server memory...
[2015/11/04 11:41:16.107] (INFO) .evian ylbirret si emehcs otpyrc ym neht ,siht daer nac uoy fI
[2015/11/04 11:41:16.107] (ERROR) Worker 8 died with SIGSTOP. Restarting it.
[2015/11/04 11:41:16.107] (INFO) Alien monitor (aliend): Detected no space aliens.
[2015/11/04 11:41:16.107] (INFO) User "aiq9290" logged out.
[2015/11/04 11:41:16.107] (INFO) User "ime3902" logged out.
[2015/11/04 11:41:16.107] (INFO) Checkpointing off-heap server memory...
[2015/11/04 11:41:16.107] (ERROR) CPU temperature exceeds 50º Celsius. Shutting down.
[2015/11/04 11:41:16.107] (INFO) .evian ylbirret si emehcs otpyrc ym neht ,siht daer nac uoy fI
[2015/11/04 11:41:16.107] (INFO) Waiting for supervisor process (PID 6091) to die.
[2015/11/04 11:41:16.107] (INFO) User "emz6020" logged in from 172.16.196.110.
[2015/11/04 11:41:16.107] (INFO) Network heartbeat check: All OK.
[2015/11/04 11:41:16.107] (INFO) User "xgp7131" logged in from 10.110.240.199.
[2015/11/04 11:41:16.107] (INFO) Alien monitor (aliend): Detected no space aliens.
[2015/11/04 11:41:16.107] (WARN) Network heartbeat check: 12 server(s) did not respond.
[2015/11/04 11:41:16.107] (INFO) .evian ylbirret si emehcs otpyrc ym neht ,siht daer nac uoy fI
[2015/11/04 11:41:16.107] (INFO) User "bod5006" logged out due to inactivity (timeout=30 minutes).
[2015/11/04 11:41:16.107] (WARN) Master took 914 ms to respond (threshold=500 ms)
[2015/11/04 11:41:16.107] (INFO) Waiting for supervisor process (PID 29637) to die.
[2015/11/04 11:41:16.107] (INFO) Pinging watchdog timer process: Process is alive.
[2015/11/04 11:41:16.107] (INFO) Checkpointing off-heap server memory...
[2015/11/04 11:41:16.107] (INFO) Pinging watchdog timer process: Process is alive.
[2015/11/04 11:41:16.107] (ERROR) Network heartbeat check FAILED: Master host down?
[2015/11/04 11:41:16.107] (ERROR) Worker 1 died with SIGIOT. Restarting it.
[2015/11/04 11:41:16.107] (INFO) Alien monitor (aliend): Detected no space aliens.
[2015/11/04 11:41:16.107] (INFO) Checked file systems for errors: All filesystems OK.
[2015/11/04 11:41:16.107] (INFO) Checked file systems for errors: All filesystems OK.
[2015/11/04 11:41:16.107] (INFO) Supervisor has entered SUSPENDED state.
[2015/11/04 11:41:16.107] (INFO) Backed up all server logs.
[2015/11/04 11:41:16.107] (INFO) Pinging watchdog timer process: Process is alive.
[2015/11/04 11:41:16.107] (INFO) Network heartbeat check: All OK.
[2015/11/04 11:41:16.107] (ERROR) Unable to authenticate user "crd2630": LDAP server isn't responding.
[2015/11/04 11:41:16.107] (INFO) Supervisor has entered RESTARTING state.
[2015/11/04 11:41:16.107] (INFO) Network heartbeat check: All OK.
[2015/11/04 11:41:16.107] (INFO) Backed up all server logs.
[2015/11/04 11:41:16.107] (INFO) Supervisor has entered RUNNING state.
[2015/11/04 11:41:16.107] (WARN) Possible cyber-attack from Russia.
[2015/11/04 11:41:16.107] (INFO) Pinging watchdog timer process: Process is alive.
[2015/11/04 11:41:16.107] (INFO) User "efz9017" logged in from 192.168.216.227.
[2015/11/04 11:41:16.107] (INFO) .evian ylbirret si emehcs otpyrc ym neht ,siht daer nac uoy fI
[2015/11/04 11:41:16.107] (INFO) Supervisor has entered RUNNING state.
[2015/11/04 11:41:16.107] (INFO) Device 0xb61a is online.
[2015/11/04 11:41:16.107] (WARN) There is no such thing as a free lunch.
[2015/11/04 11:41:16.107] (INFO) .evian ylbirret si emehcs otpyrc ym neht ,siht daer nac uoy fI
[2015/11/04 11:41:16.107] (ERROR) "/var/data/rHLwi85677.xslx": Permission denied (EACCES)
[2015/11/04 11:41:16.107] (INFO) Pinging watchdog timer process: Process is alive.
[2015/11/04 11:41:16.107] (INFO) Device 0x3a5d is online.
[2015/11/04 11:41:16.107] (INFO) Device 0x20d1 is online.
[2015/11/04 11:41:16.107] (INFO) Device 0x1cb1 is online.
[2015/11/04 11:41:16.107] (INFO) Network heartbeat check: All OK.
[2015/11/04 11:41:16.107] (INFO) Sending SIGTERM to 2 excess workers.
[2015/11/04 11:41:16.107] (INFO) User "zuf4455" logged in from 192.168.178.80.
[2015/11/04 11:41:16.107] (INFO) Your mother called. She says you never call her.
[2015/11/04 11:41:16.107] (INFO) .evian ylbirret si emehcs otpyrc ym neht ,siht daer nac uoy fI
[2015/11/04 11:41:16.107] (INFO) Device 0x0868 is online.
[2015/11/04 11:41:16.107] (INFO) Checkpointing off-heap server memory...
[2015/11/04 11:41:16.107] (INFO) Alien monitor (aliend): Detected no space aliens.
[2015/11/04 11:41:16.107] (INFO) Sending SIGTERM to 4 excess workers.
[2015/11/04 11:41:16.107] (INFO) .evian ylbirret si emehcs otpyrc ym neht ,siht daer nac uoy fI
[2015/11/04 11:41:16.107] (WARN) Dropped 6,840 corrupt data packets.
[2015/11/04 11:41:16.107] (INFO) Network heartbeat check: All OK.
[2015/11/04 11:41:16.107] (INFO) Checked file systems for errors: All filesystems OK.
[2015/11/04 11:41:16.107] (INFO) Backed up all server logs.
[2015/11/04 11:41:16.107] (INFO) Sending SIGTERM to 4 excess workers.
[2015/11/04 11:41:16.107] (INFO) Backed up all server logs.
[2015/11/04 11:41:16.107] (INFO) Sending SIGTERM to 4 excess workers.
[2015/11/04 11:41:16.107] (INFO) Checked file systems for errors: All filesystems OK.
[2015/11/04 11:41:16.107] (ERROR) Extra characters at end of line.
[2015/11/04 11:41:16.107] (INFO) Sending SIGTERM to 2 excess workers.
[2015/11/04 11:41:16.107] (INFO) Alien monitor (aliend): Detected no space aliens.
[2015/11/04 11:41:16.107] (INFO) User "oau6129" logged out due to inactivity (timeout=30 minutes).
[2015/11/04 11:41:16.107] (WARN) Ignoring SIGTERM. It's not that easy to get rid of me.
[2015/11/04 11:41:16.107] (WARN) Master took 582 ms to respond (threshold=500 ms)
[2015/11/04 11:41:16.107] (ERROR) Failed to open "/mnt/fileserver01/jhEYP95733.parquet": NFS timeout.
[2015/11/04 11:41:16.107] (INFO) Flushed 77 buffers to disk.
[2015/11/04 11:41:16.107] (INFO) Supervisor has entered RESTARTING state.
[2015/11/04 11:41:16.107] (ERROR) Unable to write to "/var/data/ekuGe54881.zip": Permission denied (EACCES)
[2015/11/04 11:41:16.107] (INFO) Flushed 60 buffers to disk.
[2015/11/04 11:41:16.107] (INFO) User "kzg2728" logged out.
[2015/11/04 11:41:16.107] (INFO) Pinging watchdog timer process: Process is alive.
[2015/11/04 11:41:16.107] (INFO) .evian ylbirret si emehcs otpyrc ym neht ,siht daer nac uoy fI
[2015/11/04 11:41:16.107] (INFO) .evian ylbirret si emehcs otpyrc ym neht ,siht daer nac uoy fI
[2015/11/04 11:41:16.107] (WARN) Retrying server log checkpoint.
[2015/11/04 11:41:16.107] (INFO) User "vss8547" logged out due to inactivity (timeout=30 minutes).
[2015/11/04 11:41:16.107] (INFO) Sending SIGTERM to 3 excess workers.
[2015/11/04 11:41:16.107] (INFO) Waiting for master process (PID 11018) to die.
[2015/11/04 11:41:16.607] (INFO) User "rnc4744" logged in from 192.168.24.8.
[2015/11/04 11:41:16.607] (INFO) User "fzs8277" logged out due to inactivity (timeout=30 minutes).
[2015/11/04 11:41:16.607] (INFO) Pinging watchdog timer process: Process is alive.
[2015/11/04 11:41:16.607] (INFO) Device 0x5ade is online.
[2015/11/04 11:41:16.607] (INFO) Network heartbeat check: All OK.
[2015/11/04 11:41:16.607] (INFO) Network heartbeat check: All OK.
[2015/11/04 11:41:16.607] (INFO) Network heartbeat check: All OK.
[2015/11/04 11:41:16.607] (INFO) Device 0x8436 is online.
[2015/11/04 11:41:16.607] (WARN) Dropped 14,501 corrupt data packets.
[2015/11/04 11:41:16.607] (INFO) Flushed 49 buffers to disk.
[2015/11/04 11:41:16.607] (INFO) Waiting for worker process (PID 8672) to die.
[2015/11/04 11:41:16.607] (INFO) Alien monitor (aliend): Detected no space aliens.
[2015/11/04 11:41:16.607] (INFO) .evian ylbirret si emehcs otpyrc ym neht ,siht daer nac uoy fI
[2015/11/04 11:41:16.607] (INFO) Rolling 4 log file(s)...
[2015/11/04 11:41:16.607] (INFO) Checked file systems for errors: All filesystems OK.
[2015/11/04 11:41:16.607] (INFO) Device 0x552e is online.
[2015/11/04 11:41:16.607] (INFO) Supervisor has entered RUNNING state.
[2015/11/04 11:41:16.607] (INFO) Sending SIGTERM to 4 excess workers.
[2015/11/04 11:41:16.607] (WARN) Space on disk /dev/sde1 is low: Only 897 MB available.
[2015/11/04 11:41:16.607] (INFO) .evian ylbirret si emehcs otpyrc ym neht ,siht daer nac uoy fI
[2015/11/04 11:41:16.607] (INFO) Checked file systems for errors: All filesystems OK.
[2015/11/04 11:41:16.607] (ERROR) Connection to 172.16.193.33 terminated unexpectedly. Reconnecting.
[2015/11/04 11:41:16.607] (INFO) Alien monitor (aliend): Detected no space aliens.
[2015/11/04 11:41:16.607] (INFO) Pinging watchdog timer process: Process is alive.
[2015/11/04 11:41:16.607] (ERROR) EFOODFAIL (Waiter, there's a fly in my soup).
[2015/11/04 11:41:16.607] (INFO) User "qzi3614" logged in from 192.168.85.86.
[2015/11/04 11:41:16.607] (INFO) User "tra9420" logged out due to inactivity (timeout=30 minutes).
[2015/11/04 11:41:16.607] (INFO) Waiting for worker process (PID 10176) to die.
[2015/11/04 11:41:16.607] (INFO) Sending SIGTERM to 3 excess workers.
[2015/11/04 11:41:16.607] (ERROR) Connection to 172.16.128.181 terminated unexpectedly. Reconnecting.
[2015/11/04 11:41:16.607] (INFO) Device 0x9e29 is online.
[2015/11/04 11:41:16.607] (INFO) Checked file systems for errors: All filesystems OK.
[2015/11/04 11:41:16.607] (INFO) Checkpointing off-heap server memory...
[2015/11/04 11:41:16.607] (ERROR) Device 0x05a9 is offline
[2015/11/04 11:41:16.607] (WARN) Dropped 4,657 corrupt data packets.
[2015/11/04 11:41:16.607] (INFO) Device 0x3c98 is online.
[2015/11/04 11:41:16.607] (INFO) User "anp6855" logged out due to inactivity (timeout=30 minutes).
[2015/11/04 11:41:16.607] (INFO) User "yhq5648" logged out.
[2015/11/04 11:41:16.607] (INFO) Flushed 72 buffers to disk.
[2015/11/04 11:41:16.607] (INFO) Device 0x2658 is online.
[2015/11/04 11:41:16.607] (INFO) Flushed 70 buffers to disk.
[2015/11/04 11:41:16.607] (INFO) Sending SIGTERM to 3 excess workers.
[2015/11/04 11:41:16.607] (WARN) There is no such thing as a free lunch.
[2015/11/04 11:41:16.607] (INFO) User "hmf6656" logged in from 10.181.75.149.
[2015/11/04 11:41:16.607] (INFO) Pinging watchdog timer process: Process is alive.
[2015/11/04 11:41:16.607] (INFO) Sending SIGTERM to 3 excess workers.
[2015/11/04 11:41:16.607] (INFO) Rolling 4 log file(s)...
[2015/11/04 11:41:16.607] (INFO) Checkpointing off-heap server memory...
[2015/11/04 11:41:16.607] (INFO) .evian ylbirret si emehcs otpyrc ym neht ,siht daer nac uoy fI
[2015/11/04 11:41:16.607] (INFO) Rolling 3 log file(s)...
[2015/11/04 11:41:16.607] (INFO) Supervisor has entered RESTARTING state.
[2015/11/04 11:41:16.607] (ERROR) "/var/data/DrMUJ71099.txt": No such file or directory (ENOENT)
[2015/11/04 11:41:16.607] (WARN) Network heartbeat check: 17 server(s) did not respond.
[2015/11/04 11:41:16.607] (INFO) Backed up all server logs.
[2015/11/04 11:41:16.607] (INFO) Supervisor has entered RUNNING state.
[2015/11/04 11:41:16.607] (INFO) Backed up all server logs.
[2015/11/04 11:41:16.607] (INFO) Network heartbeat check: All OK.
[2015/11/04 11:41:16.607] (INFO) User "llr5761" logged in from 172.16.204.186.
[2015/11/04 11:41:16.607] (INFO) Alien monitor (aliend): Detected no space aliens.
[2015/11/04 11:41:16.607] (INFO) Your mother called. She says you never call her.
[2015/11/04 11:41:16.607] (INFO) User "xgm6249" logged in from 192.168.200.148.
[2015/11/04 11:41:16.607] (ERROR) Extra characters at end of line.
[2015/11/04 11:41:16.607] (INFO) .evian ylbirret si emehcs otpyrc ym neht ,siht daer nac uoy fI
[2015/11/04 11:41:16.607] (WARN) Possible cyber-attack from a small unnamed island.
[2015/11/04 11:41:16.607] (ERROR) Unable to mount /dev/sdc1. (Time to run fsck?)
[2015/11/04 11:41:16.607] (WARN) Ignoring SIGTERM. It's not that easy to get rid of me.
[2015/11/04 11:41:16.607] (INFO) Network heartbeat check: All OK.
[2015/11/04 11:41:16.607] (INFO) Network heartbeat check: All OK.
[2015/11/04 11:41:16.607] (INFO) Waiting for monitor process (PID 27758) to die.
[2015/11/04 11:41:16.607] (INFO) .evian ylbirret si emehcs otpyrc ym neht ,siht daer nac uoy fI
[2015/11/04 11:41:16.607] (INFO) Checkpointing off-heap server memory...
[2015/11/04 11:41:16.607] (INFO) Sending SIGTERM to 3 excess workers.
[2015/11/04 11:41:16.607] (INFO) Waiting for worker process (PID 30552) to die.
[2015/11/04 11:41:16.607] (INFO) Checked file systems for errors: All filesystems OK.
[2015/11/04 11:41:16.607] (WARN) Possible cyber-attack from Antarctica.
[2015/11/04 11:41:16.607] (INFO) Pinging watchdog timer process: Process is alive.
[2015/11/04 11:41:16.607] (INFO) Your mother called. She says you never call her.
[2015/11/04 11:41:16.607] (INFO) User "dzw2166" logged out due to inactivity (timeout=30 minutes).
[2015/11/04 11:41:16.607] (INFO) User "bqh4066" logged out.
[2015/11/04 11:41:16.607] (WARN) Master took 628 ms to respond (threshold=500 ms)
[2015/11/04 11:41:16.607] (INFO) Rolling 3 log file(s)...
[2015/11/04 11:41:16.607] (INFO) Device 0x210e is online.
[2015/11/04 11:41:16.607] (WARN) There is no such thing as a free lunch.
[2015/11/04 11:41:16.607] (INFO) Flushed 52 buffers to disk.
[2015/11/04 11:41:16.607] (WARN) Ignoring SIGTERM. It's not that easy to get rid of me.
[2015/11/04 11:41:16.607] (INFO) User "jxo4669" logged out due to inactivity (timeout=30 minutes).
[2015/11/04 11:41:16.607] (INFO) Network heartbeat check: All OK.
[2015/11/04 11:41:16.607] (INFO) Pinging watchdog timer process: Process is alive.
[2015/11/04 11:41:16.607] (INFO) Supervisor has entered RUNNING state.
[2015/11/04 11:41:16.607] (WARN) Ignoring SIGTERM. It's not that easy to get rid of me.
[2015/11/04 11:41:16.607] (INFO) Your mother called. She says you never call her.
[2015/11/04 11:41:16.607] (INFO) Backed up all server logs.
[2015/11/04 11:41:16.607] (INFO) Rolling 8 log file(s)...
[2015/11/04 11:41:16.607] (ERROR) Network heartbeat check FAILED: Master host down?
[2015/11/04 11:41:16.607] (ERROR) Detected clock skew! Restarting NTP server.
[2015/11/04 11:41:16.607] (INFO) Alien monitor (aliend): Detected no space aliens.
[2015/11/04 11:41:16.607] (WARN) Master took 619 ms to respond (threshold=500 ms)
[2015/11/04 11:41:16.607] (WARN) Unable to ping supervisor at 10.165.29.216. Retrying.
[2015/11/04 11:41:16.607] (INFO) Backed up all server logs.
[2015/11/04 11:41:16.607] (INFO) Checkpointing off-heap server memory...
[2015/11/04 11:41:17.107] (INFO) User "yng4601" logged out due to inactivity (timeout=30 minutes).
[2015/11/04 11:41:17.107] (ERROR) Network heartbeat check FAILED: Master host down?
[2015/11/04 11:41:17.107] (WARN) Backup server 10.2.80.106 is offline.
[2015/11/04 11:41:17.107] (INFO) User "xap9506" logged in from 10.64.23.244.
[2015/11/04 11:41:17.107] (INFO) User "jok5988" logged out.
[2015/11/04 11:41:17.107] (WARN) CPU temperature exceeds 40º Celsius.
[2015/11/04 11:41:17.107] (WARN) Ignoring SIGTERM. It's not that easy to get rid of me.
[2015/11/04 11:41:17.107] (WARN) There is no such thing as a free lunch.
[2015/11/04 11:41:17.107] (INFO) Rolling 5 log file(s)...
[2015/11/04 11:41:17.107] (INFO) Backed up all server logs.
[2015/11/04 11:41:17.107] (ERROR) Detected clock skew! Restarting NTP server.
[2015/11/04 11:41:17.107] (INFO) Rolling 1 log file(s)...
[2015/11/04 11:41:17.107] (INFO) Rolling 3 log file(s)...
[2015/11/04 11:41:17.107] (ERROR) Server log backup FAILED. See backup logs.
[2015/11/04 11:41:17.107] (INFO) Checked file systems for errors: All filesystems OK.
[2015/11/04 11:41:17.107] (INFO) Alien monitor (aliend): Detected no space aliens.
[2015/11/04 11:41:17.107] (INFO) Flushed 29 buffers to disk.
[2015/11/04 11:41:17.107] (INFO) .evian ylbirret si emehcs otpyrc ym neht ,siht daer nac uoy fI
[2015/11/04 11:41:17.107] (INFO) User "eon2694" logged in from 10.107.27.156.
[2015/11/04 11:41:17.107] (INFO) Rolling 5 log file(s)...
[2015/11/04 11:41:17.107] (INFO) Network heartbeat check: All OK.
[2015/11/04 11:41:17.107] (INFO) Checkpointing off-heap server memory...
[2015/11/04 11:41:17.107] (INFO) Waiting for supervisor process (PID 1644) to die.
[2015/11/04 11:41:17.107] (INFO) .evian ylbirret si emehcs otpyrc ym neht ,siht daer nac uoy fI
[2015/11/04 11:41:17.107] (INFO) Sending SIGTERM to 2 excess workers.
[2015/11/04 11:41:17.107] (ERROR) User "wva9757" failed to log in 3 times. Disabling account.
[2015/11/04 11:41:17.107] (INFO) User "nil9842" logged in from 10.149.132.247.
[2015/11/04 11:41:17.107] (INFO) Network heartbeat check: All OK.
[2015/11/04 11:41:17.107] (INFO) Backed up all server logs.
[2015/11/04 11:41:17.107] (INFO) Supervisor has entered RESTARTING state.
[2015/11/04 11:41:17.107] (INFO) Sending SIGTERM to 2 excess workers.
[2015/11/04 11:41:17.107] (INFO) Sending SIGTERM to 2 excess workers.
[2015/11/04 11:41:17.107] (ERROR) Server log backup FAILED. See backup logs.
[2015/11/04 11:41:17.107] (ERROR) User "tjl9509" failed to log in 3 times. Disabling account.
[2015/11/04 11:41:17.107] (WARN) Possible cyber-attack from China.
[2015/11/04 11:41:17.107] (INFO) Supervisor has entered SUSPENDED state.
[2015/11/04 11:41:17.107] (INFO) Flushed 24 buffers to disk.
[2015/11/04 11:41:17.107] (ERROR) "/var/data/IuqXE98403.zip": No such file or directory (ENOENT)
[2015/11/04 11:41:17.107] (INFO) Checked file systems for errors: All filesystems OK.
[2015/11/04 11:41:17.107] (INFO) Backed up all server logs.
[2015/11/04 11:41:17.107] (INFO) Your mother called. She says you never call her.
[2015/11/04 11:41:17.107] (INFO) User "wkv8620" logged out due to inactivity (timeout=30 minutes).
[2015/11/04 11:41:17.107] (ERROR) Failed to write checkpoint file "/var/checkpoint/ITKMj80843: No space left on device (ENOSPC)
[2015/11/04 11:41:17.107] (ERROR) Blocked Little Bobby Tables attack (https://xkcd.com/327/) from 192.168.202.32.
[2015/11/04 11:41:17.107] (INFO) Network heartbeat check: All OK.
[2015/11/04 11:41:17.107] (INFO) Checkpointing off-heap server memory...
[2015/11/04 11:41:17.107] (ERROR) Alien monitor (aliend): 4 space aliens are fiddling with the hardware!
[2015/11/04 11:41:17.107] (INFO) Network heartbeat check: All OK.
[2015/11/04 11:41:17.107] (INFO) Checkpointing off-heap server memory...
[2015/11/04 11:41:17.107] (INFO) .evian ylbirret si emehcs otpyrc ym neht ,siht daer nac uoy fI
[2015/11/04 11:41:17.107] (INFO) Checkpointing off-heap server memory...
[2015/11/04 11:41:17.107] (INFO) Backed up all server logs.
[2015/11/04 11:41:17.107] (INFO) Backed up all server logs.
[2015/11/04 11:41:17.107] (INFO) Your mother called. She says you never call her.
[2015/11/04 11:41:17.107] (INFO) Sending SIGTERM to 4 excess workers.
[2015/11/04 11:41:17.107] (WARN) Watchdog timer crashed. Restarting it.
[2015/11/04 11:41:17.107] (INFO) .evian ylbirret si emehcs otpyrc ym neht ,siht daer nac uoy fI
[2015/11/04 11:41:17.107] (INFO) Supervisor has entered SUSPENDED state.
[2015/11/04 11:41:17.107] (WARN) Space on disk /dev/sde2 is low: Only 618 MB available.
[2015/11/04 11:41:17.107] (WARN) Space on disk /dev/sdd1 is low: Only 131 MB available.
[2015/11/04 11:41:17.107] (INFO) Waiting for master process (PID 20052) to die.
[2015/11/04 11:41:17.107] (INFO) Supervisor has entered RESTARTING state.
[2015/11/04 11:41:17.107] (INFO) User "nst7816" logged out.
[2015/11/04 11:41:17.107] (INFO) Flushed 57 buffers to disk.
[2015/11/04 11:41:17.107] (INFO) Device 0xf674 is online.
[2015/11/04 11:41:17.107] (INFO) User "kui6095" logged in from 172.16.120.88.
[2015/11/04 11:41:17.107] (INFO) Checkpointing off-heap server memory...
[2015/11/04 11:41:17.107] (INFO) Your mother called. She says you never call her.
[2015/11/04 11:41:17.107] (ERROR) "/var/data/SJpVp57472.parquet": No such file or directory (ENOENT)
[2015/11/04 11:41:17.107] (INFO) Waiting for worker process (PID 22756) to die.
[2015/11/04 11:41:17.107] (INFO) Pinging watchdog timer process: Process is alive.
[2015/11/04 11:41:17.107] (INFO) User "hzq4498" logged out due to inactivity (timeout=30 minutes).
[2015/11/04 11:41:17.107] (ERROR) One of the flayrods has gone out askew on treadle.
[2015/11/04 11:41:17.107] (ERROR) Directory index of "/var/data" is forbidden.
[2015/11/04 11:41:17.107] (WARN) Ignoring SIGTERM. It's not that easy to get rid of me.
[2015/11/04 11:41:17.107] (INFO) Sending SIGTERM to 4 excess workers.
[2015/11/04 11:41:17.107] (INFO) Backed up all server logs.
[2015/11/04 11:41:17.107] (INFO) User "zmz6501" logged in from 10.8.228.251.
[2015/11/04 11:41:17.107] (INFO) Your mother called. She says you never call her.
[2015/11/04 11:41:17.107] (WARN) Master took 629 ms to respond (threshold=500 ms)
[2015/11/04 11:41:17.107] (WARN) Backup server 172.16.99.48 is offline.
[2015/11/04 11:41:17.107] (INFO) Backed up all server logs.
[2015/11/04 11:41:17.107] (ERROR) "/var/data/jfvAW83885.csv": Permission denied (EACCES)
[2015/11/04 11:41:17.107] (INFO) Waiting for worker process (PID 58062) to die.
[2015/11/04 11:41:17.107] (INFO) Waiting for supervisor process (PID 21300) to die.
[2015/11/04 11:41:17.107] (ERROR) Blocked SSH traffic originating from 172.16.209.30.
[2015/11/04 11:41:17.107] (INFO) User "fpr1756" logged out due to inactivity (timeout=30 minutes).
[2015/11/04 11:41:17.107] (ERROR) Extra characters at end of line.
[2015/11/04 11:41:17.107] (INFO) User "axy2103" logged out.
[2015/11/04 11:41:17.107] (INFO) Network heartbeat check: All OK.
[2015/11/04 11:41:17.107] (INFO) Supervisor has entered RUNNING state.
[2015/11/04 11:41:17.107] (INFO) Waiting for master process (PID 52617) to die.
[2015/11/04 11:41:17.107] (INFO) .evian ylbirret si emehcs otpyrc ym neht ,siht daer nac uoy fI
[2015/11/04 11:41:17.107] (INFO) Backed up all server logs.
[2015/11/04 11:41:17.107] (INFO) Backed up all server logs.
[2015/11/04 11:41:17.107] (WARN) Unable to ping worker at 10.231.30.203. Retrying.
[2015/11/04 11:41:17.107] (WARN) Possible cyber-attack from Canada.
[2015/11/04 11:41:17.107] (INFO) Checkpointing off-heap server memory...
[2015/11/04 11:41:17.107] (INFO) .evian ylbirret si emehcs otpyrc ym neht ,siht daer nac uoy fI
[2015/11/04 11:41:17.107] (INFO) Checked file systems for errors: All filesystems OK.
[2015/11/04 11:41:17.607] (INFO) Your mother called. She says you never call her.
[2015/11/04 11:41:17.607] (INFO) Flushed 52 buffers to disk.
[2015/11/04 11:41:17.607] (INFO) Device 0x7e76 is online.
[2015/11/04 11:41:17.607] (WARN) Network heartbeat check: 19 server(s) did not respond.
[2015/11/04 11:41:17.607] (INFO) Pinging watchdog timer process: Process is alive.
[2015/11/04 11:41:17.607] (INFO) Alien monitor (aliend): Detected no space aliens.
[2015/11/04 11:41:17.607] (INFO) Rolling 8 log file(s)...
[2015/11/04 11:41:17.607] (ERROR) EFOODFAIL (Waiter, there's a fly in my soup).
[2015/11/04 11:41:17.607] (INFO) User "yuv7923" logged in from 192.168.78.104.
[2015/11/04 11:41:17.607] (ERROR) Failed to write checkpoint file "/var/checkpoint/VVKbw64987: No space left on device (ENOSPC)
[2015/11/04 11:41:17.607] (INFO) .evian ylbirret si emehcs otpyrc ym neht ,siht daer nac uoy fI
[2015/11/04 11:41:17.607] (INFO) Device 0x8916 is online.
[2015/11/04 11:41:17.607] (INFO) Flushed 88 buffers to disk.
[2015/11/04 11:41:17.607] (INFO) .evian ylbirret si emehcs otpyrc ym neht ,siht daer nac uoy fI
[2015/11/04 11:41:17.607] (INFO) User "tir9325" logged out due to inactivity (timeout=30 minutes).
[2015/11/04 11:41:17.607] (INFO) Alien monitor (aliend): Detected no space aliens.
[2015/11/04 11:41:17.607] (INFO) Alien monitor (aliend): Detected no space aliens.
[2015/11/04 11:41:17.607] (INFO) Supervisor has entered WAITING state.
[2015/11/04 11:41:17.607] (ERROR) Server log backup FAILED. See backup logs.
[2015/11/04 11:41:17.607] (INFO) .evian ylbirret si emehcs otpyrc ym neht ,siht daer nac uoy fI
[2015/11/04 11:41:17.607] (INFO) Sending SIGTERM to 2 excess workers.
[2015/11/04 11:41:17.607] (INFO) User "acy4596" logged out due to inactivity (timeout=30 minutes).
[2015/11/04 11:41:17.607] (INFO) Your mother called. She says you never call her.
[2015/11/04 11:41:17.607] (WARN) Master took 871 ms to respond (threshold=500 ms)
[2015/11/04 11:41:17.607] (INFO) Rolling 4 log file(s)...
[2015/11/04 11:41:17.607] (INFO) Your mother called. She says you never call her.
[2015/11/04 11:41:17.607] (INFO) Your mother called. She says you never call her.
[2015/11/04 11:41:17.607] (INFO) User "sxz6598" logged out due to inactivity (timeout=30 minutes).
[2015/11/04 11:41:17.607] (INFO) Sending SIGTERM to 3 excess workers.
[2015/11/04 11:41:17.607] (WARN) Watchdog timer crashed. Restarting it.
[2015/11/04 11:41:17.607] (INFO) Network heartbeat check: All OK.
[2015/11/04 11:41:17.607] (INFO) User "ctd1836" logged in from 192.168.168.96.
[2015/11/04 11:41:17.607] (WARN) Master took 505 ms to respond (threshold=500 ms)
[2015/11/04 11:41:17.607] (INFO) Sending SIGTERM to 4 excess workers.
[2015/11/04 11:41:17.607] (INFO) Device 0x57df is online.
[2015/11/04 11:41:17.607] (INFO) Checkpointing off-heap server memory...
[2015/11/04 11:41:17.607] (INFO) Network heartbeat check: All OK.
[2015/11/04 11:41:17.607] (INFO) Backed up all server logs.
[2015/11/04 11:41:17.607] (INFO) Waiting for monitor process (PID 989) to die.
[2015/11/04 11:41:17.607] (INFO) User "lsy6690" logged out due to inactivity (timeout=30 minutes).
[2015/11/04 11:41:17.607] (INFO) Checked file systems for errors: All filesystems OK.
[2015/11/04 11:41:17.607] (INFO) Device 0xc3c0 is online.
[2015/11/04 11:41:17.607] (WARN) Watchdog timer crashed. Restarting it.
[2015/11/04 11:41:17.607] (WARN) Unable to ping worker at 172.16.121.49. Retrying.
[2015/11/04 11:41:17.607] (INFO) Pinging watchdog timer process: Process is alive.
[2015/11/04 11:41:17.607] (INFO) Pinging watchdog timer process: Process is alive.
[2015/11/04 11:41:17.607] (INFO) Device 0xabd4 is online.
[2015/11/04 11:41:17.607] (INFO) Waiting for supervisor process (PID 20686) to die.
[2015/11/04 11:41:17.607] (INFO) .evian ylbirret si emehcs otpyrc ym neht ,siht daer nac uoy fI
[2015/11/04 11:41:17.607] (INFO) Sending SIGTERM to 4 excess workers.
[2015/11/04 11:41:17.607] (INFO) Rolling 7 log file(s)...
[2015/11/04 11:41:17.607] (INFO) User "jlb8575" logged out due to inactivity (timeout=30 minutes).
[2015/11/04 11:41:17.607] (INFO) Waiting for master process (PID 12304) to die.
[2015/11/04 11:41:17.607] (INFO) User "udo4762" logged in from 192.168.177.197.
[2015/11/04 11:41:17.607] (INFO) Rolling 2 log file(s)...
[2015/11/04 11:41:17.607] (INFO) Checked file systems for errors: All filesystems OK.
[2015/11/04 11:41:17.607] (INFO) Waiting for monitor process (PID 10275) to die.
[2015/11/04 11:41:17.607] (INFO) .evian ylbirret si emehcs otpyrc ym neht ,siht daer nac uoy fI
[2015/11/04 11:41:17.607] (INFO) Pinging watchdog timer process: Process is alive.
[2015/11/04 11:41:17.607] (INFO) Flushed 92 buffers to disk.
[2015/11/04 11:41:17.607] (INFO) Sending SIGTERM to 2 excess workers.
[2015/11/04 11:41:17.607] (INFO) Checked file systems for errors: All filesystems OK.
[2015/11/04 11:41:17.607] (INFO) User "nke8274" logged in from 172.16.54.248.
[2015/11/04 11:41:17.607] (INFO) Flushed 39 buffers to disk.
[2015/11/04 11:41:17.607] (INFO) Checkpointing off-heap server memory...
[2015/11/04 11:41:17.607] (INFO) Pinging watchdog timer process: Process is alive.
[2015/11/04 11:41:17.607] (INFO) Pinging watchdog timer process: Process is alive.
[2015/11/04 11:41:17.607] (WARN) Ignoring SIGTERM. It's not that easy to get rid of me.
[2015/11/04 11:41:17.607] (INFO) Backed up all server logs.
[2015/11/04 11:41:17.607] (INFO) Pinging watchdog timer process: Process is alive.
[2015/11/04 11:41:17.607] (INFO) Checkpointing off-heap server memory...
[2015/11/04 11:41:17.607] (ERROR) Device 0x013d is offline
[2015/11/04 11:41:17.607] (INFO) Supervisor has entered SUSPENDED state.
[2015/11/04 11:41:17.607] (WARN) Possible cyber-attack from The Cayman Islands.
[2015/11/04 11:41:17.607] (INFO) Checkpointing off-heap server memory...
[2015/11/04 11:41:17.607] (INFO) Device 0x548f is online.
[2015/11/04 11:41:17.607] (WARN) There is no such thing as a free lunch.
[2015/11/04 11:41:17.607] (WARN) Network heartbeat check: 12 server(s) did not respond.
[2015/11/04 11:41:17.607] (INFO) Rolling 4 log file(s)...
[2015/11/04 11:41:17.607] (INFO) Rolling 5 log file(s)...
[2015/11/04 11:41:17.607] (WARN) Retrying server log checkpoint.
[2015/11/04 11:41:17.607] (INFO) Checked file systems for errors: All filesystems OK.
[2015/11/04 11:41:17.607] (INFO) Alien monitor (aliend): Detected no space aliens.
[2015/11/04 11:41:17.607] (WARN) Network heartbeat check: 15 server(s) did not respond.
[2015/11/04 11:41:17.607] (INFO) Sending SIGTERM to 2 excess workers.
[2015/11/04 11:41:17.607] (INFO) Checked file systems for errors: All filesystems OK.
[2015/11/04 11:41:17.607] (INFO) Checkpointing off-heap server memory...
[2015/11/04 11:41:17.607] (INFO) User "wwu7355" logged out due to inactivity (timeout=30 minutes).
[2015/11/04 11:41:17.607] (INFO) Flushed 53 buffers to disk.
[2015/11/04 11:41:17.607] (INFO) Your mother called. She says you never call her.
[2015/11/04 11:41:17.607] (INFO) User "ord8967" logged out due to inactivity (timeout=30 minutes).
[2015/11/04 11:41:17.607] (WARN) Network heartbeat check: 5 server(s) did not respond.
[2015/11/04 11:41:17.607] (INFO) Waiting for worker process (PID 19107) to die.
[2015/11/04 11:41:17.607] (INFO) Alien monitor (aliend): Detected no space aliens.
[2015/11/04 11:41:17.607] (INFO) Waiting for worker process (PID 50361) to die.
[2015/11/04 11:41:17.607] (INFO) Pinging watchdog timer process: Process is alive.
[2015/11/04 11:41:17.607] (INFO) User "rmq8221" logged out due to inactivity (timeout=30 minutes).
[2015/11/04 11:41:17.607] (INFO) Device 0xf017 is online.
[2015/11/04 11:41:17.607] (INFO) Rolling 5 log file(s)...
[2015/11/04 11:41:17.607] (INFO) Device 0x8b3e is online.
[2015/11/04 11:41:18.107] (INFO) Network heartbeat check: All OK.
[2015/11/04 11:41:18.107] (INFO) Checkpointing off-heap server memory...
[2015/11/04 11:41:18.107] (ERROR) Alien monitor (aliend): 2 space aliens are fiddling with the hardware!
[2015/11/04 11:41:18.107] (INFO) Alien monitor (aliend): Detected no space aliens.
[2015/11/04 11:41:18.107] (INFO) User "hhm4766" logged out due to inactivity (timeout=30 minutes).
[2015/11/04 11:41:18.107] (WARN) Possible cyber-attack from The Cayman Islands.
[2015/11/04 11:41:18.107] (INFO) Backed up all server logs.
[2015/11/04 11:41:18.107] (INFO) Pinging watchdog timer process: Process is alive.
[2015/11/04 11:41:18.107] (WARN) Unable to ping worker at 10.112.188.31. Retrying.
[2015/11/04 11:41:18.107] (INFO) Flushed 59 buffers to disk.
[2015/11/04 11:41:18.107] (INFO) Alien monitor (aliend): Detected no space aliens.
[2015/11/04 11:41:18.107] (ERROR) Connection to 192.168.158.128 terminated unexpectedly. Reconnecting.
[2015/11/04 11:41:18.107] (INFO) Sending SIGTERM to 3 excess workers.
[2015/11/04 11:41:18.107] (INFO) User "cwu2046" logged out due to inactivity (timeout=30 minutes).
[2015/11/04 11:41:18.107] (INFO) Supervisor has entered RUNNING state.
[2015/11/04 11:41:18.107] (INFO) Backed up all server logs.
[2015/11/04 11:41:18.107] (INFO) Sending SIGTERM to 3 excess workers.
[2015/11/04 11:41:18.107] (INFO) Pinging watchdog timer process: Process is alive.
[2015/11/04 11:41:18.107] (ERROR) Unable to write to "/var/data/HHBjh50405.xml": Permission denied (EACCES)
[2015/11/04 11:41:18.107] (INFO) Backed up all server logs.
[2015/11/04 11:41:18.107] (INFO) Sending SIGTERM to 2 excess workers.
[2015/11/04 11:41:18.107] (INFO) User "mqr3608" logged out due to inactivity (timeout=30 minutes).
[2015/11/04 11:41:18.107] (INFO) Alien monitor (aliend): Detected no space aliens.
[2015/11/04 11:41:18.107] (INFO) Checked file systems for errors: All filesystems OK.
[2015/11/04 11:41:18.107] (INFO) Rolling 2 log file(s)...
[2015/11/04 11:41:18.107] (INFO) User "tln2457" logged out.
[2015/11/04 11:41:18.107] (INFO) Pinging watchdog timer process: Process is alive.
[2015/11/04 11:41:18.107] (INFO) .evian ylbirret si emehcs otpyrc ym neht ,siht daer nac uoy fI
[2015/11/04 11:41:18.107] (INFO) Pinging watchdog timer process: Process is alive.
[2015/11/04 11:41:18.107] (INFO) Network heartbeat check: All OK.
[2015/11/04 11:41:18.107] (INFO) Alien monitor (aliend): Detected no space aliens.
[2015/11/04 11:41:18.107] (INFO) Pinging watchdog timer process: Process is alive.
[2015/11/04 11:41:18.107] (INFO) Supervisor has entered SUSPENDED state.
[2015/11/04 11:41:18.107] (WARN) Network heartbeat check: 13 server(s) did not respond.
[2015/11/04 11:41:18.107] (INFO) Alien monitor (aliend): Detected no space aliens.
[2015/11/04 11:41:18.107] (WARN) Unable to ping master at 10.128.206.179. Retrying.
[2015/11/04 11:41:18.107] (INFO) Rolling 7 log file(s)...
[2015/11/04 11:41:18.107] (WARN) Space on disk /dev/sda3 is low: Only 335 MB available.
[2015/11/04 11:41:18.107] (WARN) Possible cyber-attack from Mars.
[2015/11/04 11:41:18.107] (INFO) User "unw3710" logged out.
[2015/11/04 11:41:18.107] (INFO) Rolling 5 log file(s)...
[2015/11/04 11:41:18.107] (INFO) User "htu4617" logged out.
[2015/11/04 11:41:18.107] (INFO) Flushed 80 buffers to disk.
[2015/11/04 11:41:18.107] (WARN) Watchdog timer crashed. Restarting it.
[2015/11/04 11:41:18.107] (INFO) .evian ylbirret si emehcs otpyrc ym neht ,siht daer nac uoy fI
[2015/11/04 11:41:18.107] (INFO) Sending SIGTERM to 3 excess workers.
[2015/11/04 11:41:18.107] (INFO) Flushed 52 buffers to disk.
[2015/11/04 11:41:18.107] (INFO) Rolling 5 log file(s)...
[2015/11/04 11:41:18.107] (INFO) Pinging watchdog timer process: Process is alive.
[2015/11/04 11:41:18.107] (INFO) Supervisor has entered WAITING state.
[2015/11/04 11:41:18.107] (INFO) User "ujc6005" logged in from 172.16.189.246.
[2015/11/04 11:41:18.107] (INFO) Checkpointing off-heap server memory...
[2015/11/04 11:41:18.107] (INFO) Your mother called. She says you never call her.
[2015/11/04 11:41:18.107] (INFO) Supervisor has entered RUNNING state.
[2015/11/04 11:41:18.107] (INFO) Flushed 74 buffers to disk.
[2015/11/04 11:41:18.107] (INFO) Device 0x9a6b is online.
[2015/11/04 11:41:18.107] (ERROR) Detected clock skew! Restarting NTP server.
[2015/11/04 11:41:18.107] (ERROR) Directory index of "/var/data" is forbidden.
[2015/11/04 11:41:18.107] (INFO) User "tqv1715" logged in from 172.16.195.168.
[2015/11/04 11:41:18.107] (INFO) Flushed 94 buffers to disk.
[2015/11/04 11:41:18.107] (INFO) Rolling 1 log file(s)...
[2015/11/04 11:41:18.107] (INFO) Waiting for master process (PID 58520) to die.
[2015/11/04 11:41:18.107] (INFO) Backed up all server logs.
[2015/11/04 11:41:18.107] (ERROR) Unable to write to "/var/data/BbSDy63572.xslx": Permission denied (EACCES)
[2015/11/04 11:41:18.107] (INFO) User "zxo5421" logged out due to inactivity (timeout=30 minutes).
[2015/11/04 11:41:18.107] (INFO) Waiting for supervisor process (PID 23076) to die.
[2015/11/04 11:41:18.107] (INFO) Device 0xfbe7 is online.
[2015/11/04 11:41:18.107] (INFO) Checkpointing off-heap server memory...
[2015/11/04 11:41:18.107] (INFO) User "mps7363" logged out due to inactivity (timeout=30 minutes).
[2015/11/04 11:41:18.107] (WARN) Ignoring SIGTERM. It's not that easy to get rid of me.
[2015/11/04 11:41:18.107] (INFO) Checkpointing off-heap server memory...
[2015/11/04 11:41:18.107] (INFO) Sending SIGTERM to 2 excess workers.
[2015/11/04 11:41:18.107] (INFO) User "ecq1886" logged out due to inactivity (timeout=30 minutes).
[2015/11/04 11:41:18.107] (ERROR) Directory index of "/var/data" is forbidden.
[2015/11/04 11:41:18.107] (ERROR) Unable to mount /dev/sda3. (Time to run fsck?)
[2015/11/04 11:41:18.107] (INFO) Checkpointing off-heap server memory...
[2015/11/04 11:41:18.107] (INFO) Alien monitor (aliend): Detected no space aliens.
[2015/11/04 11:41:18.107] (INFO) .evian ylbirret si emehcs otpyrc ym neht ,siht daer nac uoy fI
[2015/11/04 11:41:18.107] (INFO) Checkpointing off-heap server memory...
[2015/11/04 11:41:18.107] (WARN) Retrying server log checkpoint.
[2015/11/04 11:41:18.107] (INFO) Device 0x178b is online.
[2015/11/04 11:41:18.107] (INFO) User "tfv7724" logged in from 192.168.226.111.
[2015/11/04 11:41:18.107] (INFO) Device 0x28ba is online.
[2015/11/04 11:41:18.107] (WARN) Retrying server log checkpoint.
[2015/11/04 11:41:18.107] (INFO) Pinging watchdog timer process: Process is alive.
[2015/11/04 11:41:18.107] (INFO) User "qsa8462" logged out.
[2015/11/04 11:41:18.107] (INFO) User "pxf2157" logged out.
[2015/11/04 11:41:18.107] (WARN) CPU temperature exceeds 40º Celsius.
[2015/11/04 11:41:18.107] (INFO) Network heartbeat check: All OK.
[2015/11/04 11:41:18.107] (INFO) Your mother called. She says you never call her.
[2015/11/04 11:41:18.107] (WARN) Possible cyber-attack from Antarctica.
[2015/11/04 11:41:18.107] (ERROR) Device 0x25fe is offline
[2015/11/04 11:41:18.107] (ERROR) User "oei4002" failed to log in 3 times. Disabling account.
[2015/11/04 11:41:18.107] (INFO) Flushed 28 buffers to disk.
[2015/11/04 11:41:18.107] (INFO) Checkpointing off-heap server memory...
[2015/11/04 11:41:18.107] (INFO) Device 0x06f3 is online.
[2015/11/04 11:41:18.107] (INFO) Checked file systems for errors: All filesystems OK.
[2015/11/04 11:41:18.107] (INFO) Checkpointing off-heap server memory...
[2015/11/04 11:41:18.107] (ERROR) Unable to write to "/var/data/SflyN55176.csv": Permission denied (EACCES)
[2015/11/04 11:41:18.107] (INFO) User "kfg7540" logged in from 10.252.185.168.
[2015/11/04 11:41:18.607] (INFO) Pinging watchdog timer process: Process is alive.
[2015/11/04 11:41:18.607] (INFO) User "klw3781" logged in from 192.168.175.208.
[2015/11/04 11:41:18.607] (INFO) User "ulm9531" logged out.
[2015/11/04 11:41:18.607] (INFO) User "jvn4183" logged in from 192.168.192.81.
[2015/11/04 11:41:18.607] (INFO) Alien monitor (aliend): Detected no space aliens.
[2015/11/04 11:41:18.607] (INFO) Rolling 2 log file(s)...
[2015/11/04 11:41:18.607] (WARN) Retrying server log checkpoint.
[2015/11/04 11:41:18.607] (WARN) Ignoring SIGTERM. It's not that easy to get rid of me.
[2015/11/04 11:41:18.607] (INFO) Checkpointing off-heap server memory...
[2015/11/04 11:41:18.607] (INFO) Pinging watchdog timer process: Process is alive.
[2015/11/04 11:41:18.607] (INFO) Alien monitor (aliend): Detected no space aliens.
[2015/11/04 11:41:18.607] (INFO) Checked file systems for errors: All filesystems OK.
[2015/11/04 11:41:18.607] (INFO) Checked file systems for errors: All filesystems OK.
[2015/11/04 11:41:18.607] (INFO) Rolling 2 log file(s)...
[2015/11/04 11:41:18.607] (INFO) User "khd8580" logged in from 172.16.215.38.
[2015/11/04 11:41:18.607] (INFO) Flushed 79 buffers to disk.
[2015/11/04 11:41:18.607] (INFO) Alien monitor (aliend): Detected no space aliens.
[2015/11/04 11:41:18.607] (ERROR) One of the flayrods has gone out askew on treadle.
[2015/11/04 11:41:18.607] (WARN) Retrying server log checkpoint.
[2015/11/04 11:41:18.607] (INFO) User "bbp3662" logged in from 192.168.185.144.
[2015/11/04 11:41:18.607] (INFO) Supervisor has entered RESTARTING state.
[2015/11/04 11:41:18.607] (INFO) User "cat6635" logged in from 192.168.44.109.
[2015/11/04 11:41:18.607] (INFO) Flushed 92 buffers to disk.
[2015/11/04 11:41:18.607] (INFO) Flushed 28 buffers to disk.
[2015/11/04 11:41:18.607] (WARN) Backup server 172.16.73.24 is offline.
[2015/11/04 11:41:18.607] (INFO) Checked file systems for errors: All filesystems OK.
[2015/11/04 11:41:18.607] (INFO) Sending SIGTERM to 2 excess workers.
[2015/11/04 11:41:18.607] (ERROR) "/var/data/ObgDM90332.csv": No such file or directory (ENOENT)
[2015/11/04 11:41:18.607] (INFO) .evian ylbirret si emehcs otpyrc ym neht ,siht daer nac uoy fI
[2015/11/04 11:41:18.607] (INFO) Supervisor has entered SUSPENDED state.
[2015/11/04 11:41:18.607] (INFO) Network heartbeat check: All OK.
[2015/11/04 11:41:18.607] (WARN) Watchdog timer crashed. Restarting it.
[2015/11/04 11:41:18.607] (WARN) Dropped 15,877 corrupt data packets.
[2015/11/04 11:41:18.607] (INFO) User "ipe7842" logged out due to inactivity (timeout=30 minutes).
[2015/11/04 11:41:18.607] (INFO) Pinging watchdog timer process: Process is alive.
[2015/11/04 11:41:18.607] (INFO) Flushed 24 buffers to disk.
[2015/11/04 11:41:18.607] (INFO) User "qmi3608" logged out due to inactivity (timeout=30 minutes).
[2015/11/04 11:41:18.607] (INFO) Rolling 7 log file(s)...
[2015/11/04 11:41:18.607] (INFO) Waiting for worker process (PID 46494) to die.
[2015/11/04 11:41:18.607] (ERROR) Extra characters at end of line.
[2015/11/04 11:41:18.607] (INFO) Network heartbeat check: All OK.
[2015/11/04 11:41:18.607] (INFO) User "myx3127" logged out due to inactivity (timeout=30 minutes).
[2015/11/04 11:41:18.607] (INFO) User "gza7028" logged in from 172.16.246.169.
[2015/11/04 11:41:18.607] (INFO) Flushed 92 buffers to disk.
[2015/11/04 11:41:18.607] (INFO) Network heartbeat check: All OK.
[2015/11/04 11:41:18.607] (INFO) User "qmi5892" logged out.
[2015/11/04 11:41:18.607] (WARN) Retrying server log checkpoint.
[2015/11/04 11:41:18.607] (INFO) Sending SIGTERM to 2 excess workers.
[2015/11/04 11:41:18.607] (INFO) User "xhs4374" logged in from 192.168.38.200.
[2015/11/04 11:41:18.607] (INFO) Waiting for supervisor process (PID 50751) to die.
[2015/11/04 11:41:18.607] (INFO) Device 0x2ff9 is online.
[2015/11/04 11:41:18.607] (ERROR) One of the flayrods has gone out askew on treadle.
[2015/11/04 11:41:18.607] (INFO) Network heartbeat check: All OK.
[2015/11/04 11:41:18.607] (INFO) .evian ylbirret si emehcs otpyrc ym neht ,siht daer nac uoy fI
[2015/11/04 11:41:18.607] (INFO) User "xmc6782" logged in from 192.168.245.242.
[2015/11/04 11:41:18.607] (INFO) Rolling 9 log file(s)...
[2015/11/04 11:41:18.607] (INFO) Rolling 1 log file(s)...
[2015/11/04 11:41:18.607] (WARN) Dropped 12,393 corrupt data packets.
[2015/11/04 11:41:18.607] (INFO) Network heartbeat check: All OK.
[2015/11/04 11:41:18.607] (INFO) Device 0x83fb is online.
[2015/11/04 11:41:18.607] (ERROR) Connection to 192.168.67.21 terminated unexpectedly. Reconnecting.
[2015/11/04 11:41:18.607] (INFO) Flushed 26 buffers to disk.
[2015/11/04 11:41:18.607] (INFO) Sending SIGTERM to 3 excess workers.
[2015/11/04 11:41:18.607] (INFO) User "gab5292" logged out due to inactivity (timeout=30 minutes).
[2015/11/04 11:41:18.607] (INFO) Rolling 4 log file(s)...
[2015/11/04 11:41:18.607] (INFO) User "bev2032" logged in from 10.30.67.26.
[2015/11/04 11:41:18.607] (INFO) Pinging watchdog timer process: Process is alive.
[2015/11/04 11:41:18.607] (INFO) Sending SIGTERM to 4 excess workers.
[2015/11/04 11:41:18.607] (INFO) Sending SIGTERM to 3 excess workers.
[2015/11/04 11:41:18.607] (INFO) Network heartbeat check: All OK.
[2015/11/04 11:41:18.607] (INFO) Checkpointing off-heap server memory...
[2015/11/04 11:41:18.607] (INFO) Supervisor has entered RESTARTING state.
[2015/11/04 11:41:18.607] (WARN) Ignoring SIGTERM. It's not that easy to get rid of me.
[2015/11/04 11:41:18.607] (INFO) Flushed 98 buffers to disk.
[2015/11/04 11:41:18.607] (INFO) Alien monitor (aliend): Detected no space aliens.
[2015/11/04 11:41:18.607] (INFO) User "awz2996" logged out due to inactivity (timeout=30 minutes).
[2015/11/04 11:41:18.607] (INFO) Sending SIGTERM to 2 excess workers.
[2015/11/04 11:41:18.607] (INFO) Sending SIGTERM to 4 excess workers.
[2015/11/04 11:41:18.607] (INFO) Network heartbeat check: All OK.
[2015/11/04 11:41:18.607] (INFO) User "jnm3189" logged in from 172.16.162.155.
[2015/11/04 11:41:18.607] (WARN) Ignoring SIGTERM. It's not that easy to get rid of me.
[2015/11/04 11:41:18.607] (INFO) Supervisor has entered WAITING state.
[2015/11/04 11:41:18.607] (INFO) Your mother called. She says you never call her.
[2015/11/04 11:41:18.607] (INFO) User "the6035" logged out due to inactivity (timeout=30 minutes).
[2015/11/04 11:41:18.607] (INFO) Your mother called. She says you never call her.
[2015/11/04 11:41:18.607] (INFO) Your mother called. She says you never call her.
[2015/11/04 11:41:18.607] (INFO) User "ydm2370" logged out due to inactivity (timeout=30 minutes).
[2015/11/04 11:41:18.607] (INFO) User "jqy7860" logged out due to inactivity (timeout=30 minutes).
[2015/11/04 11:41:18.607] (WARN) Possible cyber-attack from Canada.
[2015/11/04 11:41:18.607] (WARN) There is no such thing as a free lunch.
[2015/11/04 11:41:18.607] (INFO) Network heartbeat check: All OK.
[2015/11/04 11:41:18.607] (WARN) Unable to ping master at 10.82.88.169. Retrying.
[2015/11/04 11:41:18.607] (INFO) Rolling 5 log file(s)...
[2015/11/04 11:41:18.607] (INFO) Network heartbeat check: All OK.
[2015/11/04 11:41:18.607] (INFO) Rolling 4 log file(s)...
[2015/11/04 11:41:18.607] (INFO) Waiting for monitor process (PID 58278) to die.
[2015/11/04 11:41:18.607] (INFO) Waiting for worker process (PID 48731) to die.
[2015/11/04 11:41:18.607] (INFO) Sending SIGTERM to 2 excess workers.
[2015/11/04 11:41:18.607] (INFO) .evian ylbirret si emehcs otpyrc ym neht ,siht daer nac uoy fI
[2015/11/04 11:41:18.607] (INFO) Pinging watchdog timer process: Process is alive.
[2015/11/04 11:41:19.108] (INFO) .evian ylbirret si emehcs otpyrc ym neht ,siht daer nac uoy fI
[2015/11/04 11:41:19.108] (INFO) Network heartbeat check: All OK.
[2015/11/04 11:41:19.108] (INFO) User "mkj4075" logged out.
[2015/11/04 11:41:19.108] (INFO) Network heartbeat check: All OK.
[2015/11/04 11:41:19.108] (WARN) Space on disk /dev/sdc1 is low: Only 522 MB available.
[2015/11/04 11:41:19.108] (WARN) Space on disk /dev/sda4 is low: Only 596 MB available.
[2015/11/04 11:41:19.108] (WARN) Backup server 192.168.189.241 is offline.
[2015/11/04 11:41:19.108] (INFO) Checkpointing off-heap server memory...
[2015/11/04 11:41:19.108] (INFO) User "lbp4380" logged out due to inactivity (timeout=30 minutes).
[2015/11/04 11:41:19.108] (INFO) User "thu1560" logged out due to inactivity (timeout=30 minutes).
[2015/11/04 11:41:19.108] (INFO) User "cnb7797" logged out.
[2015/11/04 11:41:19.108] (INFO) Checked file systems for errors: All filesystems OK.
[2015/11/04 11:41:19.108] (INFO) Rolling 8 log file(s)...
[2015/11/04 11:41:19.108] (INFO) User "pce8186" logged in from 172.16.186.241.
[2015/11/04 11:41:19.108] (INFO) Device 0x110a is online.
[2015/11/04 11:41:19.108] (INFO) Flushed 79 buffers to disk.
[2015/11/04 11:41:19.108] (INFO) User "fyq6473" logged in from 192.168.215.151.
[2015/11/04 11:41:19.108] (ERROR) /dev/lp error: "PC LOAD LETTER"
[2015/11/04 11:41:19.108] (ERROR) Network heartbeat check FAILED: Master host down?
[2015/11/04 11:41:19.108] (INFO) Sending SIGTERM to 4 excess workers.
[2015/11/04 11:41:19.108] (INFO) Pinging watchdog timer process: Process is alive.
[2015/11/04 11:41:19.108] (INFO) Waiting for monitor process (PID 27562) to die.
[2015/11/04 11:41:19.108] (INFO) User "oqh8286" logged in from 192.168.135.247.
[2015/11/04 11:41:19.108] (INFO) Flushed 25 buffers to disk.
[2015/11/04 11:41:19.108] (INFO) Alien monitor (aliend): Detected no space aliens.
[2015/11/04 11:41:19.108] (INFO) User "edx8196" logged out due to inactivity (timeout=30 minutes).
[2015/11/04 11:41:19.108] (INFO) Rolling 8 log file(s)...
[2015/11/04 11:41:19.108] (INFO) Pinging watchdog timer process: Process is alive.
[2015/11/04 11:41:19.108] (WARN) Ignoring SIGTERM. It's not that easy to get rid of me.
[2015/11/04 11:41:19.108] (ERROR) Blocked FTP traffic originating from 172.16.139.45.
[2015/11/04 11:41:19.108] (INFO) User "urc1267" logged out due to inactivity (timeout=30 minutes).
[2015/11/04 11:41:19.108] (INFO) Checkpointing off-heap server memory...
[2015/11/04 11:41:19.108] (INFO) Rolling 3 log file(s)...
[2015/11/04 11:41:19.108] (INFO) User "pel5845" logged out due to inactivity (timeout=30 minutes).
[2015/11/04 11:41:19.109] (INFO) Network heartbeat check: All OK.
[2015/11/04 11:41:19.109] (WARN) Watchdog timer crashed. Restarting it.
[2015/11/04 11:41:19.109] (INFO) User "nxn4508" logged out due to inactivity (timeout=30 minutes).
[2015/11/04 11:41:19.109] (ERROR) Blocked SMTP traffic originating from 192.168.208.57.
[2015/11/04 11:41:19.109] (INFO) Rolling 5 log file(s)...
[2015/11/04 11:41:19.109] (ERROR) /dev/lp error: "PC LOAD LETTER"
[2015/11/04 11:41:19.109] (INFO) Pinging watchdog timer process: Process is alive.
[2015/11/04 11:41:19.109] (WARN) Master took 707 ms to respond (threshold=500 ms)
[2015/11/04 11:41:19.109] (WARN) Ignoring SIGTERM. It's not that easy to get rid of me.
[2015/11/04 11:41:19.109] (INFO) Waiting for monitor process (PID 13679) to die.
[2015/11/04 11:41:19.109] (INFO) Alien monitor (aliend): Detected no space aliens.
[2015/11/04 11:41:19.109] (WARN) Retrying server log checkpoint.
[2015/11/04 11:41:19.109] (ERROR) Blocked Little Bobby Tables attack (https://xkcd.com/327/) from 10.106.188.224.
[2015/11/04 11:41:19.109] (INFO) User "jhh6218" logged out due to inactivity (timeout=30 minutes).
[2015/11/04 11:41:19.109] (INFO) Checked file systems for errors: All filesystems OK.
[2015/11/04 11:41:19.109] (WARN) Possible cyber-attack from Mars.
[2015/11/04 11:41:19.109] (INFO) Supervisor has entered RESTARTING state.
[2015/11/04 11:41:19.109] (INFO) User "oin8890" logged in from 172.16.131.95.
[2015/11/04 11:41:19.109] (INFO) Network heartbeat check: All OK.
[2015/11/04 11:41:19.109] (INFO) Device 0xf2c5 is online.
[2015/11/04 11:41:19.109] (INFO) Pinging watchdog timer process: Process is alive.
[2015/11/04 11:41:19.109] (ERROR) Alien monitor (aliend): 3 space aliens are fiddling with the hardware!
[2015/11/04 11:41:19.109] (INFO) Backed up all server logs.
[2015/11/04 11:41:19.109] (INFO) Pinging watchdog timer process: Process is alive.
[2015/11/04 11:41:19.109] (INFO) Rolling 6 log file(s)...
[2015/11/04 11:41:19.109] (WARN) Ignoring SIGTERM. It's not that easy to get rid of me.
[2015/11/04 11:41:19.109] (INFO) User "hmp9611" logged out.
[2015/11/04 11:41:19.109] (INFO) User "wzx2698" logged in from 172.16.58.87.
[2015/11/04 11:41:19.109] (INFO) Backed up all server logs.
[2015/11/04 11:41:19.109] (ERROR) Blocked Little Bobby Tables attack (https://xkcd.com/327/) from 10.195.26.221.
[2015/11/04 11:41:19.109] (INFO) User "mmu8214" logged in from 192.168.30.179.
[2015/11/04 11:41:19.109] (INFO) Flushed 47 buffers to disk.
[2015/11/04 11:41:19.109] (INFO) Waiting for worker process (PID 6545) to die.
[2015/11/04 11:41:19.109] (INFO) Your mother called. She says you never call her.
[2015/11/04 11:41:19.109] (INFO) Waiting for monitor process (PID 63090) to die.
[2015/11/04 11:41:19.109] (INFO) .evian ylbirret si emehcs otpyrc ym neht ,siht daer nac uoy fI
[2015/11/04 11:41:19.109] (INFO) Waiting for supervisor process (PID 22231) to die.
[2015/11/04 11:41:19.109] (INFO) Waiting for monitor process (PID 45597) to die.
[2015/11/04 11:41:19.109] (INFO) Flushed 55 buffers to disk.
[2015/11/04 11:41:19.109] (INFO) Your mother called. She says you never call her.
[2015/11/04 11:41:19.109] (WARN) Retrying server log checkpoint.
[2015/11/04 11:41:19.109] (INFO) .evian ylbirret si emehcs otpyrc ym neht ,siht daer nac uoy fI
[2015/11/04 11:41:19.109] (INFO) Waiting for monitor process (PID 29080) to die.
[2015/11/04 11:41:19.109] (INFO) User "gzk4998" logged out.
[2015/11/04 11:41:19.109] (INFO) Your mother called. She says you never call her.
[2015/11/04 11:41:19.109] (INFO) Device 0x9365 is online.
[2015/11/04 11:41:19.109] (INFO) Flushed 39 buffers to disk.
[2015/11/04 11:41:19.109] (INFO) Sending SIGTERM to 4 excess workers.
[2015/11/04 11:41:19.109] (INFO) Rolling 6 log file(s)...
[2015/11/04 11:41:19.109] (INFO) Device 0xd8e6 is online.
[2015/11/04 11:41:19.109] (INFO) Waiting for supervisor process (PID 1022) to die.
[2015/11/04 11:41:19.109] (INFO) Rolling 3 log file(s)...
[2015/11/04 11:41:19.109] (INFO) Checked file systems for errors: All filesystems OK.
[2015/11/04 11:41:19.109] (WARN) Retrying server log checkpoint.
[2015/11/04 11:41:19.109] (WARN) Dropped 14,904 corrupt data packets.
[2015/11/04 11:41:19.109] (INFO) Your mother called. She says you never call her.
[2015/11/04 11:41:19.109] (INFO) Device 0x0087 is online.
[2015/11/04 11:41:19.109] (INFO) User "juj2638" logged out due to inactivity (timeout=30 minutes).
[2015/11/04 11:41:19.109] (INFO) Device 0xac3a is online.
[2015/11/04 11:41:19.109] (INFO) Checkpointing off-heap server memory...
[2015/11/04 11:41:19.109] (INFO) Supervisor has entered SUSPENDED state.
[2015/11/04 11:41:19.109] (ERROR) Worker 8 died with SIGPOLL. Restarting it.
[2015/11/04 11:41:19.109] (INFO) Backed up all server logs.
[2015/11/04 11:41:19.109] (INFO) Pinging watchdog timer process: Process is alive.
[2015/11/04 11:41:19.109] (INFO) Rolling 2 log file(s)...
[2015/11/04 11:41:19.109] (INFO) User "adb6802" logged in from 172.16.188.159.
[2015/11/04 11:41:19.607] (INFO) Device 0x9f52 is online.
[2015/11/04 11:41:19.607] (INFO) User "fso5814" logged in from 10.119.144.45.
[2015/11/04 11:41:19.607] (INFO) .evian ylbirret si emehcs otpyrc ym neht ,siht daer nac uoy fI
[2015/11/04 11:41:19.607] (INFO) .evian ylbirret si emehcs otpyrc ym neht ,siht daer nac uoy fI
[2015/11/04 11:41:19.607] (INFO) Alien monitor (aliend): Detected no space aliens.
[2015/11/04 11:41:19.607] (INFO) Checked file systems for errors: All filesystems OK.
[2015/11/04 11:41:19.607] (INFO) Flushed 57 buffers to disk.
[2015/11/04 11:41:19.607] (WARN) Possible cyber-attack from Antarctica.
[2015/11/04 11:41:19.607] (INFO) User "alx5791" logged out.
[2015/11/04 11:41:19.607] (WARN) CPU temperature exceeds 40º Celsius.
[2015/11/04 11:41:19.607] (INFO) User "hdq6441" logged out due to inactivity (timeout=30 minutes).
[2015/11/04 11:41:19.607] (WARN) Ignoring SIGTERM. It's not that easy to get rid of me.
[2015/11/04 11:41:19.607] (INFO) Device 0x0bef is online.
[2015/11/04 11:41:19.607] (INFO) User "vgu7891" logged out.
[2015/11/04 11:41:19.607] (INFO) Device 0x7ae6 is online.
[2015/11/04 11:41:19.607] (ERROR) Alien monitor (aliend): 2 space aliens are fiddling with the hardware!
[2015/11/04 11:41:19.607] (INFO) .evian ylbirret si emehcs otpyrc ym neht ,siht daer nac uoy fI
[2015/11/04 11:41:19.607] (WARN) Network heartbeat check: 14 server(s) did not respond.
[2015/11/04 11:41:19.607] (INFO) .evian ylbirret si emehcs otpyrc ym neht ,siht daer nac uoy fI
[2015/11/04 11:41:19.607] (INFO) .evian ylbirret si emehcs otpyrc ym neht ,siht daer nac uoy fI
[2015/11/04 11:41:19.607] (INFO) Alien monitor (aliend): Detected no space aliens.
[2015/11/04 11:41:19.607] (INFO) Network heartbeat check: All OK.
[2015/11/04 11:41:19.607] (INFO) Rolling 9 log file(s)...
[2015/11/04 11:41:19.607] (INFO) Device 0x0b0f is online.
[2015/11/04 11:41:19.607] (ERROR) User "hlj4982" failed to log in 3 times. Disabling account.
[2015/11/04 11:41:19.607] (ERROR) Failed to write checkpoint file "/var/checkpoint/faRxJ63251: No space left on device (ENOSPC)
[2015/11/04 11:41:19.607] (INFO) Backed up all server logs.
[2015/11/04 11:41:19.607] (INFO) Checked file systems for errors: All filesystems OK.
[2015/11/04 11:41:19.607] (INFO) .evian ylbirret si emehcs otpyrc ym neht ,siht daer nac uoy fI
[2015/11/04 11:41:19.607] (INFO) Alien monitor (aliend): Detected no space aliens.
[2015/11/04 11:41:19.607] (INFO) Checked file systems for errors: All filesystems OK.
[2015/11/04 11:41:19.607] (INFO) User "vcs4860" logged out due to inactivity (timeout=30 minutes).
[2015/11/04 11:41:19.607] (INFO) Device 0xa3bc is online.
[2015/11/04 11:41:19.607] (INFO) Rolling 1 log file(s)...
[2015/11/04 11:41:19.607] (ERROR) User "dty6823" failed to log in 3 times. Disabling account.
[2015/11/04 11:41:19.607] (INFO) Backed up all server logs.
[2015/11/04 11:41:19.607] (INFO) Network heartbeat check: All OK.
[2015/11/04 11:41:19.607] (INFO) Rolling 6 log file(s)...
[2015/11/04 11:41:19.607] (INFO) Alien monitor (aliend): Detected no space aliens.
[2015/11/04 11:41:19.607] (INFO) User "kex2984" logged out due to inactivity (timeout=30 minutes).
[2015/11/04 11:41:19.607] (ERROR) Connection to 172.16.1.229 terminated unexpectedly. Reconnecting.
[2015/11/04 11:41:19.607] (INFO) Pinging watchdog timer process: Process is alive.
[2015/11/04 11:41:19.607] (INFO) User "rto3044" logged out due to inactivity (timeout=30 minutes).
[2015/11/04 11:41:19.607] (INFO) Pinging watchdog timer process: Process is alive.
[2015/11/04 11:41:19.607] (INFO) Flushed 42 buffers to disk.
[2015/11/04 11:41:19.607] (ERROR) Network heartbeat check FAILED: Master host down?
[2015/11/04 11:41:19.607] (INFO) Backed up all server logs.
[2015/11/04 11:41:19.607] (INFO) Waiting for worker process (PID 55698) to die.
[2015/11/04 11:41:19.607] (INFO) Device 0xe4e8 is online.
[2015/11/04 11:41:19.607] (INFO) Device 0xb463 is online.
[2015/11/04 11:41:19.607] (INFO) User "goa2315" logged in from 172.16.229.62.
[2015/11/04 11:41:19.607] (INFO) User "ofo7621" logged out.
[2015/11/04 11:41:19.607] (INFO) Waiting for worker process (PID 64801) to die.
[2015/11/04 11:41:19.607] (INFO) User "wpq7102" logged out.
[2015/11/04 11:41:19.607] (INFO) User "klc1507" logged in from 10.244.104.208.
[2015/11/04 11:41:19.607] (INFO) Rolling 5 log file(s)...
[2015/11/04 11:41:19.607] (INFO) Supervisor has entered RUNNING state.
[2015/11/04 11:41:19.607] (INFO) Checkpointing off-heap server memory...
[2015/11/04 11:41:19.607] (INFO) Network heartbeat check: All OK.
[2015/11/04 11:41:19.607] (INFO) Checkpointing off-heap server memory...
[2015/11/04 11:41:19.607] (INFO) Rolling 5 log file(s)...
[2015/11/04 11:41:19.607] (INFO) Pinging watchdog timer process: Process is alive.
[2015/11/04 11:41:19.607] (INFO) Device 0xb3fd is online.
[2015/11/04 11:41:19.607] (INFO) Pinging watchdog timer process: Process is alive.
[2015/11/04 11:41:19.607] (INFO) Checked file systems for errors: All filesystems OK.
[2015/11/04 11:41:19.607] (INFO) Your mother called. She says you never call her.
[2015/11/04 11:41:19.607] (INFO) Sending SIGTERM to 2 excess workers.
[2015/11/04 11:41:19.607] (INFO) Supervisor has entered RESTARTING state.
[2015/11/04 11:41:19.607] (INFO) Checked file systems for errors: All filesystems OK.
[2015/11/04 11:41:19.607] (INFO) Backed up all server logs.
[2015/11/04 11:41:19.607] (INFO) Sending SIGTERM to 2 excess workers.
[2015/11/04 11:41:19.607] (WARN) Unable to ping monitor at 192.168.96.13. Retrying.
[2015/11/04 11:41:19.607] (INFO) Alien monitor (aliend): Detected no space aliens.
[2015/11/04 11:41:19.607] (WARN) Network heartbeat check: 6 server(s) did not respond.
[2015/11/04 11:41:19.607] (ERROR) Worker 8 died with SIGINT. Restarting it.
[2015/11/04 11:41:19.607] (INFO) Backed up all server logs.
[2015/11/04 11:41:19.607] (INFO) Alien monitor (aliend): Detected no space aliens.
[2015/11/04 11:41:19.607] (WARN) Master took 907 ms to respond (threshold=500 ms)
[2015/11/04 11:41:19.607] (INFO) Checkpointing off-heap server memory...
[2015/11/04 11:41:19.607] (INFO) Rolling 3 log file(s)...
[2015/11/04 11:41:19.607] (WARN) Space on disk /dev/sdd3 is low: Only 759 MB available.
[2015/11/04 11:41:19.607] (INFO) Waiting for master process (PID 1960) to die.
[2015/11/04 11:41:19.607] (INFO) Waiting for supervisor process (PID 57546) to die.
[2015/11/04 11:41:19.607] (INFO) Checkpointing off-heap server memory...
[2015/11/04 11:41:19.607] (INFO) Checked file systems for errors: All filesystems OK.
[2015/11/04 11:41:19.607] (WARN) Space on disk /dev/sdf2 is low: Only 876 MB available.
[2015/11/04 11:41:19.607] (INFO) User "xkj5538" logged out.
[2015/11/04 11:41:19.607] (INFO) Supervisor has entered WAITING state.
[2015/11/04 11:41:19.607] (INFO) Supervisor has entered WAITING state.
[2015/11/04 11:41:19.607] (INFO) Your mother called. She says you never call her.
[2015/11/04 11:41:19.607] (WARN) Dropped 9,276 corrupt data packets.
[2015/11/04 11:41:19.607] (INFO) Waiting for monitor process (PID 59463) to die.
[2015/11/04 11:41:19.607] (INFO) Your mother called. She says you never call her.
[2015/11/04 11:41:19.607] (INFO) Your mother called. She says you never call her.
[2015/11/04 11:41:19.607] (WARN) Unable to ping supervisor at 192.168.192.108. Retrying.
[2015/11/04 11:41:19.607] (INFO) Supervisor has entered RUNNING state.
[2015/11/04 11:41:19.607] (INFO) Backed up all server logs.
[2015/11/04 11:41:19.607] (INFO) Rolling 5 log file(s)...
[2015/11/04 11:41:19.607] (ERROR) "/var/data/RBhFy97325.xml": Permission denied (EACCES)
[2015/11/04 11:41:19.607] (ERROR) One of the flayrods has gone out askew on treadle.
[2015/11/04 11:41:20.107] (INFO) User "vic6986" logged in from 192.168.49.106.
[2015/11/04 11:41:20.107] (INFO) Rolling 9 log file(s)...
[2015/11/04 11:41:20.107] (WARN) Dropped 6,137 corrupt data packets.
[2015/11/04 11:41:20.107] (INFO) Checked file systems for errors: All filesystems OK.
[2015/11/04 11:41:20.107] (INFO) Sending SIGTERM to 3 excess workers.
[2015/11/04 11:41:20.107] (INFO) Supervisor has entered SUSPENDED state.
[2015/11/04 11:41:20.107] (INFO) Checked file systems for errors: All filesystems OK.
[2015/11/04 11:41:20.107] (INFO) User "iul3063" logged out.
[2015/11/04 11:41:20.107] (INFO) Supervisor has entered RESTARTING state.
[2015/11/04 11:41:20.107] (INFO) User "wci1046" logged in from 10.196.134.41.
[2015/11/04 11:41:20.107] (WARN) Backup server 192.168.25.236 is offline.
[2015/11/04 11:41:20.107] (INFO) Network heartbeat check: All OK.
[2015/11/04 11:41:20.107] (ERROR) Failed to open "/mnt/fileserver02/zKDvl67560.xml": NFS timeout.
[2015/11/04 11:41:20.107] (ERROR) CPU temperature exceeds 50º Celsius. Shutting down.
[2015/11/04 11:41:20.107] (INFO) User "gxg9604" logged out.
[2015/11/04 11:41:20.107] (INFO) Your mother called. She says you never call her.
[2015/11/04 11:41:20.107] (INFO) Supervisor has entered WAITING state.
[2015/11/04 11:41:20.107] (WARN) Watchdog timer crashed. Restarting it.
[2015/11/04 11:41:20.107] (INFO) Checkpointing off-heap server memory...
[2015/11/04 11:41:20.107] (INFO) Network heartbeat check: All OK.
[2015/11/04 11:41:20.107] (INFO) User "asu8672" logged out due to inactivity (timeout=30 minutes).
[2015/11/04 11:41:20.107] (WARN) Master took 937 ms to respond (threshold=500 ms)
[2015/11/04 11:41:20.107] (ERROR) /dev/lp error: "PC LOAD LETTER"
[2015/11/04 11:41:20.107] (INFO) User "qmj7854" logged in from 192.168.28.122.
[2015/11/04 11:41:20.107] (INFO) User "xtr8332" logged in from 10.74.147.241.
[2015/11/04 11:41:20.107] (INFO) Your mother called. She says you never call her.
[2015/11/04 11:41:20.107] (WARN) Space on disk /dev/sdb1 is low: Only 665 MB available.
[2015/11/04 11:41:20.107] (INFO) Rolling 8 log file(s)...
[2015/11/04 11:41:20.107] (INFO) Network heartbeat check: All OK.
[2015/11/04 11:41:20.107] (INFO) Supervisor has entered RUNNING state.
[2015/11/04 11:41:20.107] (ERROR) Worker 8 died with SIGTERM. Restarting it.
[2015/11/04 11:41:20.107] (INFO) User "lmx5183" logged out.
[2015/11/04 11:41:20.107] (INFO) Network heartbeat check: All OK.
[2015/11/04 11:41:20.107] (INFO) User "ssu4169" logged in from 10.185.72.195.
[2015/11/04 11:41:20.107] (INFO) Checked file systems for errors: All filesystems OK.
[2015/11/04 11:41:20.107] (INFO) Backed up all server logs.
[2015/11/04 11:41:20.107] (WARN) Ignoring SIGTERM. It's not that easy to get rid of me.
[2015/11/04 11:41:20.107] (INFO) Waiting for worker process (PID 47487) to die.
[2015/11/04 11:41:20.107] (ERROR) Network heartbeat check FAILED: Master host down?
[2015/11/04 11:41:20.107] (ERROR) Alien monitor (aliend): 4 space aliens are fiddling with the hardware!
[2015/11/04 11:41:20.107] (INFO) User "wof4719" logged out due to inactivity (timeout=30 minutes).
[2015/11/04 11:41:20.107] (INFO) Alien monitor (aliend): Detected no space aliens.
[2015/11/04 11:41:20.107] (INFO) Pinging watchdog timer process: Process is alive.
[2015/11/04 11:41:20.107] (INFO) Checked file systems for errors: All filesystems OK.
[2015/11/04 11:41:20.107] (INFO) Checkpointing off-heap server memory...
[2015/11/04 11:41:20.107] (INFO) User "jve7188" logged out.
[2015/11/04 11:41:20.107] (INFO) Backed up all server logs.
[2015/11/04 11:41:20.107] (INFO) Device 0x4c8e is online.
[2015/11/04 11:41:20.107] (INFO) Rolling 5 log file(s)...
[2015/11/04 11:41:20.107] (INFO) Network heartbeat check: All OK.
[2015/11/04 11:41:20.107] (INFO) Flushed 41 buffers to disk.
[2015/11/04 11:41:20.107] (INFO) .evian ylbirret si emehcs otpyrc ym neht ,siht daer nac uoy fI
[2015/11/04 11:41:20.107] (INFO) Checkpointing off-heap server memory...
[2015/11/04 11:41:20.107] (INFO) Checked file systems for errors: All filesystems OK.
[2015/11/04 11:41:20.107] (INFO) Your mother called. She says you never call her.
[2015/11/04 11:41:20.107] (INFO) Backed up all server logs.
[2015/11/04 11:41:20.107] (INFO) Your mother called. She says you never call her.
[2015/11/04 11:41:20.107] (WARN) Retrying server log checkpoint.
[2015/11/04 11:41:20.107] (INFO) User "ref3251" logged in from 192.168.223.239.
[2015/11/04 11:41:20.107] (INFO) Flushed 38 buffers to disk.
[2015/11/04 11:41:20.107] (INFO) Flushed 47 buffers to disk.
[2015/11/04 11:41:20.107] (INFO) Backed up all server logs.
[2015/11/04 11:41:20.107] (INFO) Your mother called. She says you never call her.
[2015/11/04 11:41:20.107] (INFO) Your mother called. She says you never call her.
[2015/11/04 11:41:20.107] (INFO) Device 0x5247 is online.
[2015/11/04 11:41:20.107] (INFO) Checkpointing off-heap server memory...
[2015/11/04 11:41:20.107] (WARN) Space on disk /dev/sdf1 is low: Only 254 MB available.
[2015/11/04 11:41:20.107] (INFO) Pinging watchdog timer process: Process is alive.
[2015/11/04 11:41:20.107] (INFO) Checked file systems for errors: All filesystems OK.
[2015/11/04 11:41:20.107] (ERROR) EFOODFAIL (Waiter, there's a fly in my soup).
[2015/11/04 11:41:20.107] (INFO) Network heartbeat check: All OK.
[2015/11/04 11:41:20.107] (ERROR) Server log backup FAILED. See backup logs.
[2015/11/04 11:41:20.107] (INFO) Pinging watchdog timer process: Process is alive.
[2015/11/04 11:41:20.107] (INFO) Supervisor has entered SUSPENDED state.
[2015/11/04 11:41:20.107] (INFO) User "tlz3941" logged out due to inactivity (timeout=30 minutes).
[2015/11/04 11:41:20.107] (INFO) User "lnp3830" logged in from 172.16.77.223.
[2015/11/04 11:41:20.107] (INFO) Rolling 6 log file(s)...
[2015/11/04 11:41:20.107] (INFO) Pinging watchdog timer process: Process is alive.
[2015/11/04 11:41:20.107] (INFO) Device 0xef26 is online.
[2015/11/04 11:41:20.107] (INFO) Sending SIGTERM to 2 excess workers.
[2015/11/04 11:41:20.107] (INFO) Checked file systems for errors: All filesystems OK.
[2015/11/04 11:41:20.107] (WARN) Master took 993 ms to respond (threshold=500 ms)
[2015/11/04 11:41:20.107] (INFO) Pinging watchdog timer process: Process is alive.
[2015/11/04 11:41:20.107] (INFO) Waiting for monitor process (PID 53134) to die.
[2015/11/04 11:41:20.107] (INFO) Device 0x713e is online.
[2015/11/04 11:41:20.107] (WARN) Master took 736 ms to respond (threshold=500 ms)
[2015/11/04 11:41:20.107] (INFO) Flushed 79 buffers to disk.
[2015/11/04 11:41:20.107] (INFO) User "cjd8179" logged in from 172.16.75.67.
[2015/11/04 11:41:20.107] (INFO) Your mother called. She says you never call her.
[2015/11/04 11:41:20.107] (ERROR) EFOODFAIL (Waiter, there's a fly in my soup).
[2015/11/04 11:41:20.107] (INFO) Alien monitor (aliend): Detected no space aliens.
[2015/11/04 11:41:20.107] (INFO) Checkpointing off-heap server memory...
[2015/11/04 11:41:20.107] (INFO) User "rmd5672" logged out due to inactivity (timeout=30 minutes).
[2015/11/04 11:41:20.107] (ERROR) Failed to write checkpoint file "/var/checkpoint/iYsaB59332: No space left on device (ENOSPC)
[2015/11/04 11:41:20.107] (INFO) User "syw3367" logged out.
[2015/11/04 11:41:20.107] (INFO) User "oau9148" logged out.
[2015/11/04 11:41:20.107] (INFO) Sending SIGTERM to 2 excess workers.
[2015/11/04 11:41:20.107] (INFO) Your mother called. She says you never call her.
[2015/11/04 11:41:20.107] (WARN) Master took 912 ms to respond (threshold=500 ms)
[2015/11/04 11:41:20.107] (INFO) Waiting for supervisor process (PID 42467) to die.
[2015/11/04 11:41:20.607] (INFO) .evian ylbirret si emehcs otpyrc ym neht ,siht daer nac uoy fI
[2015/11/04 11:41:20.607] (INFO) Backed up all server logs.
[2015/11/04 11:41:20.607] (INFO) Your mother called. She says you never call her.
[2015/11/04 11:41:20.607] (ERROR) Detected clock skew! Restarting NTP server.
[2015/11/04 11:41:20.607] (INFO) .evian ylbirret si emehcs otpyrc ym neht ,siht daer nac uoy fI
[2015/11/04 11:41:20.607] (INFO) User "nky2476" logged in from 10.229.244.4.
[2015/11/04 11:41:20.607] (INFO) Pinging watchdog timer process: Process is alive.
[2015/11/04 11:41:20.607] (WARN) Unable to ping master at 192.168.82.55. Retrying.
[2015/11/04 11:41:20.607] (INFO) Network heartbeat check: All OK.
[2015/11/04 11:41:20.607] (INFO) Network heartbeat check: All OK.
[2015/11/04 11:41:20.607] (INFO) Device 0xeb37 is online.
[2015/11/04 11:41:20.607] (INFO) Pinging watchdog timer process: Process is alive.
[2015/11/04 11:41:20.607] (INFO) Checked file systems for errors: All filesystems OK.
[2015/11/04 11:41:20.607] (WARN) Space on disk /dev/sde3 is low: Only 709 MB available.
[2015/11/04 11:41:20.607] (INFO) User "ivk2460" logged out.
[2015/11/04 11:41:20.607] (INFO) Checked file systems for errors: All filesystems OK.
[2015/11/04 11:41:20.607] (INFO) User "jbf8485" logged out due to inactivity (timeout=30 minutes).
[2015/11/04 11:41:20.607] (INFO) Pinging watchdog timer process: Process is alive.
[2015/11/04 11:41:20.607] (INFO) Pinging watchdog timer process: Process is alive.
[2015/11/04 11:41:20.607] (WARN) Possible cyber-attack from Nebraska.
[2015/11/04 11:41:20.607] (INFO) Alien monitor (aliend): Detected no space aliens.
[2015/11/04 11:41:20.607] (INFO) User "evr6188" logged in from 192.168.121.207.
[2015/11/04 11:41:20.607] (INFO) Supervisor has entered SUSPENDED state.
[2015/11/04 11:41:20.607] (INFO) Pinging watchdog timer process: Process is alive.
[2015/11/04 11:41:20.607] (WARN) Backup server 192.168.168.118 is offline.
[2015/11/04 11:41:20.607] (INFO) Sending SIGTERM to 4 excess workers.
[2015/11/04 11:41:20.607] (INFO) Sending SIGTERM to 4 excess workers.
[2015/11/04 11:41:20.607] (ERROR) Detected incoming DDoS from 192.168.138.252.
[2015/11/04 11:41:20.607] (ERROR) Blocked SMTP traffic originating from 10.169.43.211.
[2015/11/04 11:41:20.607] (INFO) Flushed 88 buffers to disk.
[2015/11/04 11:41:20.607] (INFO) Waiting for worker process (PID 38146) to die.
[2015/11/04 11:41:20.607] (ERROR) Unable to mount /dev/sdc2. (Time to run fsck?)
[2015/11/04 11:41:20.607] (ERROR) Device 0xf457 is offline
[2015/11/04 11:41:20.607] (ERROR) Failed to open "/mnt/fileserver02/aPMvC58900.xslx": NFS timeout.
[2015/11/04 11:41:20.607] (ERROR) Unable to authenticate user "mbq6351": LDAP server isn't responding.
[2015/11/04 11:41:20.607] (INFO) Alien monitor (aliend): Detected no space aliens.
[2015/11/04 11:41:20.607] (WARN) Retrying server log checkpoint.
[2015/11/04 11:41:20.607] (INFO) User "hgp6083" logged in from 10.77.185.58.
[2015/11/04 11:41:20.607] (INFO) Your mother called. She says you never call her.
[2015/11/04 11:41:20.607] (INFO) Rolling 8 log file(s)...
[2015/11/04 11:41:20.607] (INFO) User "eqg7023" logged out.
[2015/11/04 11:41:20.607] (INFO) Alien monitor (aliend): Detected no space aliens.
[2015/11/04 11:41:20.607] (INFO) Your mother called. She says you never call her.
[2015/11/04 11:41:20.607] (INFO) User "nqy3621" logged out due to inactivity (timeout=30 minutes).
[2015/11/04 11:41:20.607] (WARN) Network heartbeat check: 5 server(s) did not respond.
[2015/11/04 11:41:20.607] (INFO) User "faw6753" logged out due to inactivity (timeout=30 minutes).
[2015/11/04 11:41:20.607] (INFO) Rolling 3 log file(s)...
[2015/11/04 11:41:20.607] (INFO) Network heartbeat check: All OK.
[2015/11/04 11:41:20.607] (INFO) Checkpointing off-heap server memory...
[2015/11/04 11:41:20.607] (INFO) User "ury5790" logged out due to inactivity (timeout=30 minutes).
[2015/11/04 11:41:20.607] (WARN) Unable to ping master at 172.16.46.179. Retrying.
[2015/11/04 11:41:20.607] (INFO) Supervisor has entered SUSPENDED state.
[2015/11/04 11:41:20.607] (INFO) User "uis5787" logged out.
[2015/11/04 11:41:20.607] (INFO) Device 0xd7e0 is online.
[2015/11/04 11:41:20.607] (INFO) Backed up all server logs.
[2015/11/04 11:41:20.607] (INFO) Pinging watchdog timer process: Process is alive.
[2015/11/04 11:41:20.607] (ERROR) "/var/data/EAQJf92344.parquet": Permission denied (EACCES)
[2015/11/04 11:41:20.607] (INFO) Checkpointing off-heap server memory...
[2015/11/04 11:41:20.607] (INFO) Alien monitor (aliend): Detected no space aliens.
[2015/11/04 11:41:20.607] (INFO) Waiting for master process (PID 50333) to die.
[2015/11/04 11:41:20.607] (WARN) Space on disk /dev/sdb4 is low: Only 814 MB available.
[2015/11/04 11:41:20.607] (INFO) .evian ylbirret si emehcs otpyrc ym neht ,siht daer nac uoy fI
[2015/11/04 11:41:20.607] (INFO) Waiting for master process (PID 43137) to die.
[2015/11/04 11:41:20.607] (ERROR) "/var/data/bmEZR81423.txt": No such file or directory (ENOENT)
[2015/11/04 11:41:20.607] (INFO) Backed up all server logs.
[2015/11/04 11:41:20.607] (INFO) Flushed 32 buffers to disk.
[2015/11/04 11:41:20.607] (INFO) Flushed 21 buffers to disk.
[2015/11/04 11:41:20.607] (ERROR) User "pdk6248" failed to log in 3 times. Disabling account.
[2015/11/04 11:41:20.607] (INFO) Backed up all server logs.
[2015/11/04 11:41:20.607] (WARN) Watchdog timer crashed. Restarting it.
[2015/11/04 11:41:20.607] (INFO) User "edx6684" logged out.
[2015/11/04 11:41:20.607] (INFO) Your mother called. She says you never call her.
[2015/11/04 11:41:20.607] (INFO) Your mother called. She says you never call her.
[2015/11/04 11:41:20.607] (ERROR) CPU temperature exceeds 50º Celsius. Shutting down.
[2015/11/04 11:41:20.607] (INFO) User "uak5395" logged out due to inactivity (timeout=30 minutes).
[2015/11/04 11:41:20.607] (WARN) Retrying server log checkpoint.
[2015/11/04 11:41:20.607] (INFO) Alien monitor (aliend): Detected no space aliens.
[2015/11/04 11:41:20.607] (ERROR) Alien monitor (aliend): 4 space aliens are fiddling with the hardware!
[2015/11/04 11:41:20.607] (WARN) There is no such thing as a free lunch.
[2015/11/04 11:41:20.607] (INFO) Flushed 86 buffers to disk.
[2015/11/04 11:41:20.607] (INFO) .evian ylbirret si emehcs otpyrc ym neht ,siht daer nac uoy fI
[2015/11/04 11:41:20.607] (INFO) Checked file systems for errors: All filesystems OK.
[2015/11/04 11:41:20.607] (INFO) Device 0xa9bc is online.
[2015/11/04 11:41:20.607] (INFO) Alien monitor (aliend): Detected no space aliens.
[2015/11/04 11:41:20.607] (WARN) There is no such thing as a free lunch.
[2015/11/04 11:41:20.607] (WARN) Unable to ping worker at 192.168.63.153. Retrying.
[2015/11/04 11:41:20.607] (WARN) Network heartbeat check: 6 server(s) did not respond.
[2015/11/04 11:41:20.607] (WARN) Dropped 12,220 corrupt data packets.
[2015/11/04 11:41:20.607] (INFO) User "shi1559" logged out due to inactivity (timeout=30 minutes).
[2015/11/04 11:41:20.607] (INFO) Waiting for supervisor process (PID 20531) to die.
[2015/11/04 11:41:20.607] (INFO) Backed up all server logs.
[2015/11/04 11:41:20.607] (ERROR) CPU temperature exceeds 50º Celsius. Shutting down.
[2015/11/04 11:41:20.607] (ERROR) Alien monitor (aliend): 3 space aliens are fiddling with the hardware!
[2015/11/04 11:41:20.607] (INFO) .evian ylbirret si emehcs otpyrc ym neht ,siht daer nac uoy fI
[2015/11/04 11:41:20.607] (INFO) Rolling 7 log file(s)...
[2015/11/04 11:41:20.607] (INFO) Device 0xe49e is online.
[2015/11/04 11:41:20.607] (INFO) Backed up all server logs.
[2015/11/04 11:41:20.607] (INFO) Backed up all server logs.
[2015/11/04 11:41:20.607] (INFO) Your mother called. She says you never call her.
[2015/11/04 11:41:20.607] (ERROR) Unable to write to "/var/data/NCRBX51472.zip": Permission denied (EACCES)
[2015/11/04 11:41:21.107] (INFO) Backed up all server logs.
[2015/11/04 11:41:21.107] (INFO) User "ddw7392" logged out.
[2015/11/04 11:41:21.107] (INFO) Checked file systems for errors: All filesystems OK.
[2015/11/04 11:41:21.107] (INFO) Network heartbeat check: All OK.
[2015/11/04 11:41:21.107] (INFO) User "sdp9618" logged out.
[2015/11/04 11:41:21.107] (ERROR) Extra characters at end of line.
[2015/11/04 11:41:21.107] (INFO) User "vix7755" logged in from 192.168.249.249.
[2015/11/04 11:41:21.107] (INFO) Network heartbeat check: All OK.
[2015/11/04 11:41:21.107] (INFO) Rolling 9 log file(s)...
[2015/11/04 11:41:21.107] (INFO) User "rpu6385" logged out.
[2015/11/04 11:41:21.107] (WARN) Watchdog timer crashed. Restarting it.
[2015/11/04 11:41:21.107] (INFO) Checkpointing off-heap server memory...
[2015/11/04 11:41:21.107] (INFO) Checkpointing off-heap server memory...
[2015/11/04 11:41:21.107] (INFO) .evian ylbirret si emehcs otpyrc ym neht ,siht daer nac uoy fI
[2015/11/04 11:41:21.107] (INFO) Backed up all server logs.
[2015/11/04 11:41:21.107] (INFO) Waiting for supervisor process (PID 8819) to die.
[2015/11/04 11:41:21.107] (INFO) Rolling 8 log file(s)...
[2015/11/04 11:41:21.107] (WARN) Backup server 172.16.202.135 is offline.
[2015/11/04 11:41:21.107] (INFO) Checked file systems for errors: All filesystems OK.
[2015/11/04 11:41:21.107] (INFO) User "anw3244" logged out.
[2015/11/04 11:41:21.107] (INFO) .evian ylbirret si emehcs otpyrc ym neht ,siht daer nac uoy fI
[2015/11/04 11:41:21.107] (INFO) Backed up all server logs.
[2015/11/04 11:41:21.107] (INFO) User "moy8043" logged out.
[2015/11/04 11:41:21.107] (INFO) Checked file systems for errors: All filesystems OK.
[2015/11/04 11:41:21.107] (INFO) Checked file systems for errors: All filesystems OK.
[2015/11/04 11:41:21.107] (INFO) Network heartbeat check: All OK.
[2015/11/04 11:41:21.107] (INFO) Your mother called. She says you never call her.
[2015/11/04 11:41:21.107] (INFO) Pinging watchdog timer process: Process is alive.
[2015/11/04 11:41:21.107] (INFO) Checked file systems for errors: All filesystems OK.
[2015/11/04 11:41:21.107] (INFO) Device 0x125e is online.
[2015/11/04 11:41:21.107] (INFO) User "ccn3660" logged out due to inactivity (timeout=30 minutes).
[2015/11/04 11:41:21.107] (INFO) Rolling 5 log file(s)...
[2015/11/04 11:41:21.107] (INFO) Supervisor has entered SUSPENDED state.
[2015/11/04 11:41:21.107] (INFO) Your mother called. She says you never call her.
[2015/11/04 11:41:21.107] (INFO) Device 0x36b5 is online.
[2015/11/04 11:41:21.107] (INFO) Supervisor has entered RESTARTING state.
[2015/11/04 11:41:21.107] (WARN) Ignoring SIGTERM. It's not that easy to get rid of me.
[2015/11/04 11:41:21.107] (INFO) Backed up all server logs.
[2015/11/04 11:41:21.107] (ERROR) Network heartbeat check FAILED: Master host down?
[2015/11/04 11:41:21.107] (INFO) User "lww1400" logged in from 192.168.178.182.
[2015/11/04 11:41:21.107] (INFO) User "gfw6718" logged out due to inactivity (timeout=30 minutes).
[2015/11/04 11:41:21.107] (INFO) Your mother called. She says you never call her.
[2015/11/04 11:41:21.107] (INFO) Network heartbeat check: All OK.
[2015/11/04 11:41:21.107] (INFO) Rolling 3 log file(s)...
[2015/11/04 11:41:21.107] (ERROR) Blocked BitTorrent traffic originating from 192.168.64.139.
[2015/11/04 11:41:21.107] (INFO) Flushed 89 buffers to disk.
[2015/11/04 11:41:21.107] (WARN) Retrying server log checkpoint.
[2015/11/04 11:41:21.107] (WARN) Network heartbeat check: 12 server(s) did not respond.
[2015/11/04 11:41:21.107] (WARN) Unable to ping monitor at 192.168.75.121. Retrying.
[2015/11/04 11:41:21.107] (INFO) Alien monitor (aliend): Detected no space aliens.
[2015/11/04 11:41:21.107] (INFO) Backed up all server logs.
[2015/11/04 11:41:21.107] (INFO) Waiting for monitor process (PID 4352) to die.
[2015/11/04 11:41:21.107] (INFO) Pinging watchdog timer process: Process is alive.
[2015/11/04 11:41:21.107] (INFO) Flushed 63 buffers to disk.
[2015/11/04 11:41:21.107] (INFO) Alien monitor (aliend): Detected no space aliens.
[2015/11/04 11:41:21.107] (INFO) Your mother called. She says you never call her.
[2015/11/04 11:41:21.107] (ERROR) Blocked BitTorrent traffic originating from 192.168.202.96.
[2015/11/04 11:41:21.107] (INFO) Checkpointing off-heap server memory...
[2015/11/04 11:41:21.107] (WARN) Watchdog timer crashed. Restarting it.
[2015/11/04 11:41:21.107] (INFO) .evian ylbirret si emehcs otpyrc ym neht ,siht daer nac uoy fI
[2015/11/04 11:41:21.107] (INFO) Sending SIGTERM to 4 excess workers.
[2015/11/04 11:41:21.107] (INFO) Checkpointing off-heap server memory...
[2015/11/04 11:41:21.107] (ERROR) Detected incoming DDoS from 172.16.89.24.
[2015/11/04 11:41:21.107] (INFO) Flushed 81 buffers to disk.
[2015/11/04 11:41:21.107] (INFO) Flushed 99 buffers to disk.
[2015/11/04 11:41:21.107] (INFO) .evian ylbirret si emehcs otpyrc ym neht ,siht daer nac uoy fI
[2015/11/04 11:41:21.107] (INFO) Checkpointing off-heap server memory...
[2015/11/04 11:41:21.107] (WARN) Master took 829 ms to respond (threshold=500 ms)
[2015/11/04 11:41:21.107] (ERROR) Extra characters at end of line.
[2015/11/04 11:41:21.107] (INFO) Waiting for master process (PID 43687) to die.
[2015/11/04 11:41:21.107] (INFO) Waiting for monitor process (PID 41141) to die.
[2015/11/04 11:41:21.107] (INFO) Waiting for master process (PID 13650) to die.
[2015/11/04 11:41:21.107] (WARN) CPU temperature exceeds 40º Celsius.
[2015/11/04 11:41:21.107] (INFO) User "oso5808" logged out.
[2015/11/04 11:41:21.107] (INFO) Network heartbeat check: All OK.
[2015/11/04 11:41:21.107] (INFO) Device 0x75a0 is online.
[2015/11/04 11:41:21.107] (INFO) Waiting for monitor process (PID 4487) to die.
[2015/11/04 11:41:21.107] (INFO) Supervisor has entered RESTARTING state.
[2015/11/04 11:41:21.107] (INFO) Supervisor has entered RESTARTING state.
[2015/11/04 11:41:21.107] (INFO) Backed up all server logs.
[2015/11/04 11:41:21.107] (INFO) Backed up all server logs.
[2015/11/04 11:41:21.107] (INFO) Supervisor has entered SUSPENDED state.
[2015/11/04 11:41:21.107] (ERROR) One of the flayrods has gone out askew on treadle.
[2015/11/04 11:41:21.107] (INFO) User "tqa4463" logged out due to inactivity (timeout=30 minutes).
[2015/11/04 11:41:21.107] (INFO) User "jwh2468" logged out due to inactivity (timeout=30 minutes).
[2015/11/04 11:41:21.107] (INFO) Flushed 39 buffers to disk.
[2015/11/04 11:41:21.107] (INFO) Device 0x7129 is online.
[2015/11/04 11:41:21.107] (INFO) Waiting for worker process (PID 9066) to die.
[2015/11/04 11:41:21.107] (INFO) Waiting for supervisor process (PID 1028) to die.
[2015/11/04 11:41:21.107] (ERROR) Extra characters at end of line.
[2015/11/04 11:41:21.107] (INFO) .evian ylbirret si emehcs otpyrc ym neht ,siht daer nac uoy fI
[2015/11/04 11:41:21.107] (INFO) User "mdi9909" logged in from 10.225.129.171.
[2015/11/04 11:41:21.107] (INFO) User "wao7021" logged out.
[2015/11/04 11:41:21.107] (INFO) User "ovo5013" logged out due to inactivity (timeout=30 minutes).
[2015/11/04 11:41:21.107] (INFO) Waiting for supervisor process (PID 14405) to die.
[2015/11/04 11:41:21.107] (INFO) Network heartbeat check: All OK.
[2015/11/04 11:41:21.107] (INFO) Sending SIGTERM to 2 excess workers.
[2015/11/04 11:41:21.107] (INFO) Rolling 1 log file(s)...
[2015/11/04 11:41:21.107] (ERROR) Detected incoming DDoS from 172.16.215.103.
[2015/11/04 11:41:21.107] (INFO) Checked file systems for errors: All filesystems OK.
[2015/11/04 11:41:21.607] (ERROR) User "glw6134" failed to log in 3 times. Disabling account.
[2015/11/04 11:41:21.607] (ERROR) Network heartbeat check FAILED: Master host down?
[2015/11/04 11:41:21.607] (INFO) Supervisor has entered SUSPENDED state.
[2015/11/04 11:41:21.607] (INFO) Backed up all server logs.
[2015/11/04 11:41:21.607] (INFO) User "ptd2947" logged out due to inactivity (timeout=30 minutes).
[2015/11/04 11:41:21.607] (INFO) Pinging watchdog timer process: Process is alive.
[2015/11/04 11:41:21.607] (INFO) Checkpointing off-heap server memory...
[2015/11/04 11:41:21.607] (INFO) Sending SIGTERM to 4 excess workers.
[2015/11/04 11:41:21.607] (INFO) .evian ylbirret si emehcs otpyrc ym neht ,siht daer nac uoy fI
[2015/11/04 11:41:21.607] (INFO) .evian ylbirret si emehcs otpyrc ym neht ,siht daer nac uoy fI
[2015/11/04 11:41:21.607] (INFO) Network heartbeat check: All OK.
[2015/11/04 11:41:21.607] (INFO) Device 0xe605 is online.
[2015/11/04 11:41:21.607] (INFO) Sending SIGTERM to 2 excess workers.
[2015/11/04 11:41:21.607] (WARN) Unable to ping master at 10.57.56.75. Retrying.
[2015/11/04 11:41:21.607] (INFO) Waiting for master process (PID 24198) to die.
[2015/11/04 11:41:21.607] (INFO) Supervisor has entered WAITING state.
[2015/11/04 11:41:21.607] (INFO) Alien monitor (aliend): Detected no space aliens.
[2015/11/04 11:41:21.607] (WARN) Space on disk /dev/sdc2 is low: Only 245 MB available.
[2015/11/04 11:41:21.607] (INFO) Checkpointing off-heap server memory...
[2015/11/04 11:41:21.607] (ERROR) Directory index of "/var/data" is forbidden.
[2015/11/04 11:41:21.607] (INFO) Your mother called. She says you never call her.
[2015/11/04 11:41:21.607] (INFO) Sending SIGTERM to 3 excess workers.
[2015/11/04 11:41:21.607] (INFO) .evian ylbirret si emehcs otpyrc ym neht ,siht daer nac uoy fI
[2015/11/04 11:41:21.607] (INFO) Backed up all server logs.
[2015/11/04 11:41:21.607] (INFO) .evian ylbirret si emehcs otpyrc ym neht ,siht daer nac uoy fI
[2015/11/04 11:41:21.607] (WARN) Unable to ping supervisor at 192.168.115.77. Retrying.
[2015/11/04 11:41:21.607] (ERROR) EFOODFAIL (Waiter, there's a fly in my soup).
[2015/11/04 11:41:21.607] (WARN) Ignoring SIGTERM. It's not that easy to get rid of me.
[2015/11/04 11:41:21.607] (INFO) User "nsq4054" logged out.
[2015/11/04 11:41:21.607] (INFO) Checked file systems for errors: All filesystems OK.
[2015/11/04 11:41:21.607] (INFO) Alien monitor (aliend): Detected no space aliens.
[2015/11/04 11:41:21.607] (INFO) User "glk7627" logged out due to inactivity (timeout=30 minutes).
[2015/11/04 11:41:21.607] (INFO) User "bfn3255" logged in from 172.16.238.77.
[2015/11/04 11:41:21.607] (ERROR) Detected incoming DDoS from 10.152.209.136.
[2015/11/04 11:41:21.607] (INFO) Backed up all server logs.
[2015/11/04 11:41:21.607] (WARN) CPU temperature exceeds 40º Celsius.
[2015/11/04 11:41:21.607] (WARN) Ignoring SIGTERM. It's not that easy to get rid of me.
[2015/11/04 11:41:21.607] (INFO) User "trg2121" logged in from 10.195.55.86.
[2015/11/04 11:41:21.607] (INFO) Sending SIGTERM to 4 excess workers.
[2015/11/04 11:41:21.607] (INFO) Pinging watchdog timer process: Process is alive.
[2015/11/04 11:41:21.607] (INFO) Backed up all server logs.
[2015/11/04 11:41:21.607] (INFO) Network heartbeat check: All OK.
[2015/11/04 11:41:21.607] (INFO) Checkpointing off-heap server memory...
[2015/11/04 11:41:21.607] (INFO) Sending SIGTERM to 3 excess workers.
[2015/11/04 11:41:21.607] (INFO) Waiting for worker process (PID 24177) to die.
[2015/11/04 11:41:21.607] (INFO) Flushed 85 buffers to disk.
[2015/11/04 11:41:21.607] (ERROR) Blocked BitTorrent traffic originating from 10.56.56.211.
[2015/11/04 11:41:21.607] (INFO) Alien monitor (aliend): Detected no space aliens.
[2015/11/04 11:41:21.607] (INFO) User "ctw6092" logged in from 172.16.192.19.
[2015/11/04 11:41:21.607] (INFO) Rolling 1 log file(s)...
[2015/11/04 11:41:21.607] (INFO) Checked file systems for errors: All filesystems OK.
[2015/11/04 11:41:21.607] (INFO) User "lrt1957" logged out due to inactivity (timeout=30 minutes).
[2015/11/04 11:41:21.607] (WARN) Retrying server log checkpoint.
[2015/11/04 11:41:21.607] (INFO) Your mother called. She says you never call her.
[2015/11/04 11:41:21.607] (ERROR) User "bvu3097" failed to log in 3 times. Disabling account.
[2015/11/04 11:41:21.607] (INFO) Your mother called. She says you never call her.
[2015/11/04 11:41:21.607] (INFO) Pinging watchdog timer process: Process is alive.
[2015/11/04 11:41:21.607] (INFO) Device 0xd692 is online.
[2015/11/04 11:41:21.607] (INFO) Device 0xdec6 is online.
[2015/11/04 11:41:21.607] (INFO) Your mother called. She says you never call her.
[2015/11/04 11:41:21.607] (INFO) Sending SIGTERM to 3 excess workers.
[2015/11/04 11:41:21.607] (INFO) Checkpointing off-heap server memory...
[2015/11/04 11:41:21.607] (INFO) Backed up all server logs.
[2015/11/04 11:41:21.607] (INFO) Pinging watchdog timer process: Process is alive.
[2015/11/04 11:41:21.607] (ERROR) CPU temperature exceeds 50º Celsius. Shutting down.
[2015/11/04 11:41:21.607] (WARN) Backup server 172.16.207.36 is offline.
[2015/11/04 11:41:21.607] (INFO) Pinging watchdog timer process: Process is alive.
[2015/11/04 11:41:21.607] (INFO) Your mother called. She says you never call her.
[2015/11/04 11:41:21.607] (INFO) User "mno5140" logged out.
[2015/11/04 11:41:21.607] (INFO) Pinging watchdog timer process: Process is alive.
[2015/11/04 11:41:21.607] (ERROR) Server log backup FAILED. See backup logs.
[2015/11/04 11:41:21.607] (ERROR) Server log backup FAILED. See backup logs.
[2015/11/04 11:41:21.607] (WARN) Retrying server log checkpoint.
[2015/11/04 11:41:21.607] (INFO) Checked file systems for errors: All filesystems OK.
[2015/11/04 11:41:21.607] (ERROR) Failed to write checkpoint file "/var/checkpoint/VXDvE64441: No space left on device (ENOSPC)
[2015/11/04 11:41:21.607] (INFO) Supervisor has entered WAITING state.
[2015/11/04 11:41:21.607] (INFO) Device 0x4748 is online.
[2015/11/04 11:41:21.607] (ERROR) /dev/lp error: "PC LOAD LETTER"
[2015/11/04 11:41:21.607] (INFO) Checked file systems for errors: All filesystems OK.
[2015/11/04 11:41:21.607] (ERROR) CPU temperature exceeds 50º Celsius. Shutting down.
[2015/11/04 11:41:21.607] (INFO) Waiting for supervisor process (PID 57137) to die.
[2015/11/04 11:41:21.607] (WARN) Unable to ping supervisor at 10.236.186.168. Retrying.
[2015/11/04 11:41:21.607] (INFO) Device 0x459f is online.
[2015/11/04 11:41:21.607] (INFO) Supervisor has entered SUSPENDED state.
[2015/11/04 11:41:21.607] (INFO) Supervisor has entered RUNNING state.
[2015/11/04 11:41:21.607] (INFO) Waiting for master process (PID 18326) to die.
[2015/11/04 11:41:21.607] (INFO) .evian ylbirret si emehcs otpyrc ym neht ,siht daer nac uoy fI
[2015/11/04 11:41:21.607] (INFO) Alien monitor (aliend): Detected no space aliens.
[2015/11/04 11:41:21.607] (INFO) Checkpointing off-heap server memory...
[2015/11/04 11:41:21.607] (INFO) Alien monitor (aliend): Detected no space aliens.
[2015/11/04 11:41:21.607] (WARN) Possible cyber-attack from China.
[2015/11/04 11:41:21.607] (INFO) Flushed 26 buffers to disk.
[2015/11/04 11:41:21.607] (INFO) .evian ylbirret si emehcs otpyrc ym neht ,siht daer nac uoy fI
[2015/11/04 11:41:21.607] (INFO) Network heartbeat check: All OK.
[2015/11/04 11:41:21.607] (INFO) Backed up all server logs.
[2015/11/04 11:41:21.607] (INFO) Waiting for master process (PID 33157) to die.
[2015/11/04 11:41:21.607] (INFO) Supervisor has entered WAITING state.
[2015/11/04 11:41:21.607] (INFO) Device 0x7485 is online.
[2015/11/04 11:41:21.607] (INFO) Supervisor has entered RESTARTING state.
[2015/11/04 11:41:21.607] (INFO) User "rqi4479" logged in from 10.163.172.185.
[2015/11/04 11:41:22.107] (INFO) Network heartbeat check: All OK.
[2015/11/04 11:41:22.107] (INFO) Your mother called. She says you never call her.
[2015/11/04 11:41:22.107] (INFO) User "kmh4169" logged out.
[2015/11/04 11:41:22.107] (INFO) Your mother called. She says you never call her.
[2015/11/04 11:41:22.107] (INFO) Device 0x489b is online.
[2015/11/04 11:41:22.107] (INFO) Pinging watchdog timer process: Process is alive.
[2015/11/04 11:41:22.107] (INFO) User "mqz4862" logged in from 192.168.202.169.
[2015/11/04 11:41:22.107] (INFO) User "bht3437" logged in from 172.16.201.144.
[2015/11/04 11:41:22.107] (INFO) Rolling 6 log file(s)...
[2015/11/04 11:41:22.107] (INFO) Supervisor has entered SUSPENDED state.
[2015/11/04 11:41:22.107] (ERROR) Device 0xe94b is offline
[2015/11/04 11:41:22.107] (INFO) Flushed 92 buffers to disk.
[2015/11/04 11:41:22.107] (INFO) Checkpointing off-heap server memory...
[2015/11/04 11:41:22.107] (INFO) Checkpointing off-heap server memory...
[2015/11/04 11:41:22.107] (INFO) Sending SIGTERM to 4 excess workers.
[2015/11/04 11:41:22.107] (INFO) Your mother called. She says you never call her.
[2015/11/04 11:41:22.107] (INFO) Alien monitor (aliend): Detected no space aliens.
[2015/11/04 11:41:22.107] (INFO) Checkpointing off-heap server memory...
[2015/11/04 11:41:22.107] (INFO) Flushed 33 buffers to disk.
[2015/11/04 11:41:22.107] (INFO) Checked file systems for errors: All filesystems OK.
[2015/11/04 11:41:22.107] (INFO) Alien monitor (aliend): Detected no space aliens.
[2015/11/04 11:41:22.107] (INFO) Alien monitor (aliend): Detected no space aliens.
[2015/11/04 11:41:22.107] (INFO) Your mother called. She says you never call her.
[2015/11/04 11:41:22.107] (WARN) Network heartbeat check: 11 server(s) did not respond.
[2015/11/04 11:41:22.107] (INFO) Pinging watchdog timer process: Process is alive.
[2015/11/04 11:41:22.107] (INFO) Device 0xc624 is online.
[2015/11/04 11:41:22.107] (INFO) Alien monitor (aliend): Detected no space aliens.
[2015/11/04 11:41:22.107] (INFO) Device 0xe440 is online.
[2015/11/04 11:41:22.107] (INFO) Supervisor has entered RESTARTING state.
[2015/11/04 11:41:22.107] (ERROR) User "grk1733" failed to log in 3 times. Disabling account.
[2015/11/04 11:41:22.107] (WARN) Network heartbeat check: 10 server(s) did not respond.
[2015/11/04 11:41:22.107] (INFO) Device 0x7d0c is online.
[2015/11/04 11:41:22.107] (INFO) Checkpointing off-heap server memory...
[2015/11/04 11:41:22.107] (INFO) Your mother called. She says you never call her.
[2015/11/04 11:41:22.107] (INFO) Backed up all server logs.
[2015/11/04 11:41:22.107] (INFO) Backed up all server logs.
[2015/11/04 11:41:22.107] (WARN) CPU temperature exceeds 40º Celsius.
[2015/11/04 11:41:22.107] (INFO) Pinging watchdog timer process: Process is alive.
[2015/11/04 11:41:22.107] (INFO) Alien monitor (aliend): Detected no space aliens.
[2015/11/04 11:41:22.107] (INFO) User "cbt4362" logged in from 10.240.0.23.
[2015/11/04 11:41:22.107] (ERROR) "/var/data/dSFXT58225.xml": Permission denied (EACCES)
[2015/11/04 11:41:22.107] (ERROR) User "isn6028" failed to log in 3 times. Disabling account.
[2015/11/04 11:41:22.107] (INFO) .evian ylbirret si emehcs otpyrc ym neht ,siht daer nac uoy fI
[2015/11/04 11:41:22.107] (INFO) Alien monitor (aliend): Detected no space aliens.
[2015/11/04 11:41:22.107] (INFO) User "yqr1787" logged out due to inactivity (timeout=30 minutes).
[2015/11/04 11:41:22.107] (WARN) Master took 792 ms to respond (threshold=500 ms)
[2015/11/04 11:41:22.107] (INFO) Device 0xbe21 is online.
[2015/11/04 11:41:22.107] (INFO) Alien monitor (aliend): Detected no space aliens.
[2015/11/04 11:41:22.107] (INFO) Rolling 7 log file(s)...
[2015/11/04 11:41:22.107] (INFO) Supervisor has entered WAITING state.
[2015/11/04 11:41:22.107] (INFO) Backed up all server logs.
[2015/11/04 11:41:22.107] (INFO) Backed up all server logs.
[2015/11/04 11:41:22.107] (INFO) User "gsg7003" logged out due to inactivity (timeout=30 minutes).
[2015/11/04 11:41:22.107] (WARN) Dropped 4,428 corrupt data packets.
[2015/11/04 11:41:22.107] (INFO) Supervisor has entered RUNNING state.
[2015/11/04 11:41:22.107] (INFO) User "ywp4967" logged out.
[2015/11/04 11:41:22.107] (WARN) CPU temperature exceeds 40º Celsius.
[2015/11/04 11:41:22.107] (INFO) User "gyx3398" logged out.
[2015/11/04 11:41:22.107] (INFO) Network heartbeat check: All OK.
[2015/11/04 11:41:22.107] (INFO) Checked file systems for errors: All filesystems OK.
[2015/11/04 11:41:22.107] (INFO) Device 0xa2c0 is online.
[2015/11/04 11:41:22.107] (WARN) Retrying server log checkpoint.
[2015/11/04 11:41:22.107] (INFO) Waiting for supervisor process (PID 63841) to die.
[2015/11/04 11:41:22.107] (ERROR) Connection to 192.168.181.99 terminated unexpectedly. Reconnecting.
[2015/11/04 11:41:22.107] (INFO) Pinging watchdog timer process: Process is alive.
[2015/11/04 11:41:22.107] (WARN) Network heartbeat check: 10 server(s) did not respond.
[2015/11/04 11:41:22.107] (INFO) User "mcj8754" logged in from 10.22.252.212.
[2015/11/04 11:41:22.107] (INFO) Backed up all server logs.
[2015/11/04 11:41:22.107] (INFO) Rolling 7 log file(s)...
[2015/11/04 11:41:22.107] (INFO) Your mother called. She says you never call her.
[2015/11/04 11:41:22.107] (ERROR) Network heartbeat check FAILED: Master host down?
[2015/11/04 11:41:22.107] (INFO) Sending SIGTERM to 4 excess workers.
[2015/11/04 11:41:22.107] (INFO) Sending SIGTERM to 3 excess workers.
[2015/11/04 11:41:22.107] (ERROR) One of the flayrods has gone out askew on treadle.
[2015/11/04 11:41:22.107] (INFO) Rolling 5 log file(s)...
[2015/11/04 11:41:22.107] (INFO) Your mother called. She says you never call her.
[2015/11/04 11:41:22.107] (INFO) Checked file systems for errors: All filesystems OK.
[2015/11/04 11:41:22.107] (INFO) User "jpo1637" logged out due to inactivity (timeout=30 minutes).
[2015/11/04 11:41:22.107] (WARN) Possible cyber-attack from Canada.
[2015/11/04 11:41:22.107] (ERROR) Blocked Little Bobby Tables attack (https://xkcd.com/327/) from 192.168.172.38.
[2015/11/04 11:41:22.107] (INFO) Waiting for monitor process (PID 9033) to die.
[2015/11/04 11:41:22.107] (INFO) Device 0x24f9 is online.
[2015/11/04 11:41:22.107] (INFO) Supervisor has entered RUNNING state.
[2015/11/04 11:41:22.107] (ERROR) CPU temperature exceeds 50º Celsius. Shutting down.
[2015/11/04 11:41:22.107] (INFO) Pinging watchdog timer process: Process is alive.
[2015/11/04 11:41:22.107] (INFO) Checked file systems for errors: All filesystems OK.
[2015/11/04 11:41:22.107] (INFO) .evian ylbirret si emehcs otpyrc ym neht ,siht daer nac uoy fI
[2015/11/04 11:41:22.107] (INFO) Alien monitor (aliend): Detected no space aliens.
[2015/11/04 11:41:22.107] (INFO) Supervisor has entered SUSPENDED state.
[2015/11/04 11:41:22.107] (INFO) Checked file systems for errors: All filesystems OK.
[2015/11/04 11:41:22.107] (INFO) Rolling 7 log file(s)...
[2015/11/04 11:41:22.107] (ERROR) "/var/data/fOEdV89142.tar.gz": Permission denied (EACCES)
[2015/11/04 11:41:22.107] (INFO) Checked file systems for errors: All filesystems OK.
[2015/11/04 11:41:22.107] (ERROR) Blocked Little Bobby Tables attack (https://xkcd.com/327/) from 10.102.17.21.
[2015/11/04 11:41:22.107] (INFO) Network heartbeat check: All OK.
[2015/11/04 11:41:22.107] (INFO) Network heartbeat check: All OK.
[2015/11/04 11:41:22.107] (INFO) Waiting for worker process (PID 18065) to die.
[2015/11/04 11:41:22.107] (INFO) User "rsi8428" logged in from 192.168.76.175.
[2015/11/04 11:41:22.107] (INFO) Device 0x3a70 is online.
[2015/11/04 11:41:22.107] (INFO) User "qxc9988" logged in from 192.168.25.19.
[2015/11/04 11:41:22.606] (INFO) Sending SIGTERM to 3 excess workers.
[2015/11/04 11:41:22.606] (INFO) Checkpointing off-heap server memory...
[2015/11/04 11:41:22.606] (ERROR) Extra characters at end of line.
[2015/11/04 11:41:22.606] (INFO) Pinging watchdog timer process: Process is alive.
[2015/11/04 11:41:22.606] (INFO) Your mother called. She says you never call her.
[2015/11/04 11:41:22.606] (INFO) Waiting for monitor process (PID 37454) to die.
[2015/11/04 11:41:22.606] (INFO) Device 0xdeee is online.
[2015/11/04 11:41:22.606] (INFO) Waiting for supervisor process (PID 31663) to die.
[2015/11/04 11:41:22.606] (INFO) Checked file systems for errors: All filesystems OK.
[2015/11/04 11:41:22.606] (INFO) User "qav8112" logged out.
[2015/11/04 11:41:22.606] (INFO) .evian ylbirret si emehcs otpyrc ym neht ,siht daer nac uoy fI
[2015/11/04 11:41:22.606] (INFO) Waiting for monitor process (PID 10631) to die.
[2015/11/04 11:41:22.606] (ERROR) Unable to mount /dev/sde2. (Time to run fsck?)
[2015/11/04 11:41:22.606] (INFO) Flushed 43 buffers to disk.
[2015/11/04 11:41:22.606] (INFO) Flushed 31 buffers to disk.
[2015/11/04 11:41:22.606] (INFO) User "lxt8961" logged out.
[2015/11/04 11:41:22.606] (INFO) Checkpointing off-heap server memory...
[2015/11/04 11:41:22.606] (INFO) Rolling 1 log file(s)...
[2015/11/04 11:41:22.606] (INFO) Supervisor has entered RUNNING state.
[2015/11/04 11:41:22.606] (INFO) Rolling 5 log file(s)...
[2015/11/04 11:41:22.606] (INFO) Waiting for master process (PID 52633) to die.
[2015/11/04 11:41:22.606] (INFO) Flushed 43 buffers to disk.
[2015/11/04 11:41:22.606] (INFO) .evian ylbirret si emehcs otpyrc ym neht ,siht daer nac uoy fI
[2015/11/04 11:41:22.606] (INFO) Alien monitor (aliend): Detected no space aliens.
[2015/11/04 11:41:22.606] (INFO) Device 0xea5e is online.
[2015/11/04 11:41:22.606] (INFO) Alien monitor (aliend): Detected no space aliens.
[2015/11/04 11:41:22.606] (ERROR) Failed to open "/mnt/fileserver02/EeqaG93720.tar.gz": NFS timeout.
[2015/11/04 11:41:22.606] (WARN) Watchdog timer crashed. Restarting it.
[2015/11/04 11:41:22.606] (INFO) Backed up all server logs.
[2015/11/04 11:41:22.606] (INFO) Rolling 6 log file(s)...
[2015/11/04 11:41:22.606] (INFO) Checkpointing off-heap server memory...
[2015/11/04 11:41:22.606] (INFO) Alien monitor (aliend): Detected no space aliens.
[2015/11/04 11:41:22.606] (WARN) Master took 623 ms to respond (threshold=500 ms)
[2015/11/04 11:41:22.606] (INFO) Rolling 5 log file(s)...
[2015/11/04 11:41:22.606] (INFO) User "bkr9012" logged in from 172.16.4.65.
[2015/11/04 11:41:22.606] (INFO) User "mfm8668" logged out due to inactivity (timeout=30 minutes).
[2015/11/04 11:41:22.606] (INFO) Checkpointing off-heap server memory...
[2015/11/04 11:41:22.606] (INFO) Waiting for monitor process (PID 60437) to die.
[2015/11/04 11:41:22.606] (INFO) Checkpointing off-heap server memory...
[2015/11/04 11:41:22.606] (INFO) Checkpointing off-heap server memory...
[2015/11/04 11:41:22.606] (INFO) Alien monitor (aliend): Detected no space aliens.
[2015/11/04 11:41:22.606] (INFO) Your mother called. She says you never call her.
[2015/11/04 11:41:22.606] (INFO) User "nei6141" logged out.
[2015/11/04 11:41:22.606] (WARN) Possible cyber-attack from a small unnamed island.
[2015/11/04 11:41:22.606] (INFO) Flushed 90 buffers to disk.
[2015/11/04 11:41:22.606] (WARN) Network heartbeat check: 14 server(s) did not respond.
[2015/11/04 11:41:22.606] (WARN) Master took 571 ms to respond (threshold=500 ms)
[2015/11/04 11:41:22.606] (INFO) Device 0x95c2 is online.
[2015/11/04 11:41:22.607] (WARN) Retrying server log checkpoint.
[2015/11/04 11:41:22.607] (INFO) Pinging watchdog timer process: Process is alive.
[2015/11/04 11:41:22.607] (INFO) Rolling 3 log file(s)...
[2015/11/04 11:41:22.607] (INFO) Device 0x9cf9 is online.
[2015/11/04 11:41:22.607] (INFO) Rolling 6 log file(s)...
[2015/11/04 11:41:22.607] (INFO) Pinging watchdog timer process: Process is alive.
[2015/11/04 11:41:22.607] (INFO) Checkpointing off-heap server memory...
[2015/11/04 11:41:22.607] (INFO) User "lvt5028" logged out.
[2015/11/04 11:41:22.607] (INFO) Device 0x1718 is online.
[2015/11/04 11:41:22.607] (INFO) Flushed 88 buffers to disk.
[2015/11/04 11:41:22.607] (ERROR) Connection to 172.16.30.85 terminated unexpectedly. Reconnecting.
[2015/11/04 11:41:22.607] (INFO) Device 0x56a5 is online.
[2015/11/04 11:41:22.607] (INFO) Rolling 9 log file(s)...
[2015/11/04 11:41:22.607] (INFO) Flushed 76 buffers to disk.
[2015/11/04 11:41:22.607] (INFO) .evian ylbirret si emehcs otpyrc ym neht ,siht daer nac uoy fI
[2015/11/04 11:41:22.607] (INFO) .evian ylbirret si emehcs otpyrc ym neht ,siht daer nac uoy fI
[2015/11/04 11:41:22.607] (INFO) .evian ylbirret si emehcs otpyrc ym neht ,siht daer nac uoy fI
[2015/11/04 11:41:22.607] (INFO) User "anw3485" logged in from 172.16.54.65.
[2015/11/04 11:41:22.607] (INFO) User "qib4732" logged out.
[2015/11/04 11:41:22.607] (INFO) Flushed 49 buffers to disk.
[2015/11/04 11:41:22.607] (INFO) Flushed 86 buffers to disk.
[2015/11/04 11:41:22.607] (INFO) Checkpointing off-heap server memory...
[2015/11/04 11:41:22.607] (INFO) Waiting for master process (PID 65293) to die.
[2015/11/04 11:41:22.607] (INFO) Checked file systems for errors: All filesystems OK.
[2015/11/04 11:41:22.607] (WARN) Ignoring SIGTERM. It's not that easy to get rid of me.
[2015/11/04 11:41:22.607] (INFO) Flushed 79 buffers to disk.
[2015/11/04 11:41:22.607] (INFO) Network heartbeat check: All OK.
[2015/11/04 11:41:22.607] (INFO) Sending SIGTERM to 3 excess workers.
[2015/11/04 11:41:22.607] (ERROR) Extra characters at end of line.
[2015/11/04 11:41:22.607] (ERROR) Connection to 192.168.222.180 terminated unexpectedly. Reconnecting.
[2015/11/04 11:41:22.607] (INFO) Checked file systems for errors: All filesystems OK.
[2015/11/04 11:41:22.607] (INFO) Device 0x4e08 is online.
[2015/11/04 11:41:22.607] (INFO) Your mother called. She says you never call her.
[2015/11/04 11:41:22.607] (INFO) Alien monitor (aliend): Detected no space aliens.
[2015/11/04 11:41:22.607] (INFO) User "vsr1241" logged out.
[2015/11/04 11:41:22.607] (ERROR) CPU temperature exceeds 50º Celsius. Shutting down.
[2015/11/04 11:41:22.607] (INFO) .evian ylbirret si emehcs otpyrc ym neht ,siht daer nac uoy fI
[2015/11/04 11:41:22.607] (INFO) .evian ylbirret si emehcs otpyrc ym neht ,siht daer nac uoy fI
[2015/11/04 11:41:22.607] (ERROR) Connection to 10.161.137.20 terminated unexpectedly. Reconnecting.
[2015/11/04 11:41:22.607] (INFO) User "oet9988" logged out due to inactivity (timeout=30 minutes).
[2015/11/04 11:41:22.607] (INFO) Rolling 7 log file(s)...
[2015/11/04 11:41:22.607] (INFO) Checked file systems for errors: All filesystems OK.
[2015/11/04 11:41:22.607] (INFO) Backed up all server logs.
[2015/11/04 11:41:22.607] (ERROR) One of the flayrods has gone out askew on treadle.
[2015/11/04 11:41:22.607] (INFO) User "dny4755" logged in from 10.179.110.88.
[2015/11/04 11:41:22.607] (INFO) Checkpointing off-heap server memory...
[2015/11/04 11:41:22.607] (INFO) Pinging watchdog timer process: Process is alive.
[2015/11/04 11:41:22.607] (INFO) Backed up all server logs.
[2015/11/04 11:41:22.607] (INFO) Sending SIGTERM to 2 excess workers.
[2015/11/04 11:41:22.607] (INFO) Backed up all server logs.
[2015/11/04 11:41:22.607] (INFO) Waiting for worker process (PID 49929) to die.
[2015/11/04 11:41:22.607] (INFO) Alien monitor (aliend): Detected no space aliens.
[2015/11/04 11:41:23.107] (WARN) Possible cyber-attack from The Cayman Islands.
[2015/11/04 11:41:23.107] (INFO) Rolling 3 log file(s)...
[2015/11/04 11:41:23.107] (INFO) Supervisor has entered SUSPENDED state.
[2015/11/04 11:41:23.107] (INFO) Checked file systems for errors: All filesystems OK.
[2015/11/04 11:41:23.107] (INFO) Pinging watchdog timer process: Process is alive.
[2015/11/04 11:41:23.107] (INFO) Network heartbeat check: All OK.
[2015/11/04 11:41:23.107] (INFO) Flushed 21 buffers to disk.
[2015/11/04 11:41:23.107] (INFO) .evian ylbirret si emehcs otpyrc ym neht ,siht daer nac uoy fI
[2015/11/04 11:41:23.107] (INFO) Sending SIGTERM to 4 excess workers.
[2015/11/04 11:41:23.107] (INFO) Sending SIGTERM to 2 excess workers.
[2015/11/04 11:41:23.107] (INFO) User "erg3223" logged out due to inactivity (timeout=30 minutes).
[2015/11/04 11:41:23.107] (INFO) User "bgy4619" logged in from 10.167.167.88.
[2015/11/04 11:41:23.107] (INFO) Network heartbeat check: All OK.
[2015/11/04 11:41:23.107] (INFO) User "hvf8155" logged out.
[2015/11/04 11:41:23.107] (INFO) Waiting for monitor process (PID 30784) to die.
[2015/11/04 11:41:23.107] (WARN) Retrying server log checkpoint.
[2015/11/04 11:41:23.107] (ERROR) Server log backup FAILED. See backup logs.
[2015/11/04 11:41:23.107] (ERROR) Unable to mount /dev/sde2. (Time to run fsck?)
[2015/11/04 11:41:23.107] (INFO) Waiting for master process (PID 12546) to die.
[2015/11/04 11:41:23.107] (INFO) Sending SIGTERM to 2 excess workers.
[2015/11/04 11:41:23.107] (INFO) Sending SIGTERM to 4 excess workers.
[2015/11/04 11:41:23.107] (INFO) Supervisor has entered RESTARTING state.
[2015/11/04 11:41:23.107] (WARN) Ignoring SIGTERM. It's not that easy to get rid of me.
[2015/11/04 11:41:23.107] (INFO) Device 0xaa94 is online.
[2015/11/04 11:41:23.107] (INFO) Sending SIGTERM to 2 excess workers.
[2015/11/04 11:41:23.107] (INFO) Network heartbeat check: All OK.
[2015/11/04 11:41:23.107] (WARN) Watchdog timer crashed. Restarting it.
[2015/11/04 11:41:23.107] (WARN) Network heartbeat check: 8 server(s) did not respond.
[2015/11/04 11:41:23.107] (INFO) Your mother called. She says you never call her.
[2015/11/04 11:41:23.107] (INFO) Flushed 95 buffers to disk.
[2015/11/04 11:41:23.107] (ERROR) Alien monitor (aliend): 3 space aliens are fiddling with the hardware!
[2015/11/04 11:41:23.107] (INFO) Network heartbeat check: All OK.
[2015/11/04 11:41:23.107] (INFO) User "wha7407" logged out.
[2015/11/04 11:41:23.107] (INFO) Your mother called. She says you never call her.
[2015/11/04 11:41:23.107] (INFO) Rolling 2 log file(s)...
[2015/11/04 11:41:23.107] (WARN) Watchdog timer crashed. Restarting it.
[2015/11/04 11:41:23.107] (ERROR) Unable to mount /dev/sdf2. (Time to run fsck?)
[2015/11/04 11:41:23.107] (INFO) Flushed 46 buffers to disk.
[2015/11/04 11:41:23.107] (WARN) There is no such thing as a free lunch.
[2015/11/04 11:41:23.107] (INFO) Your mother called. She says you never call her.
[2015/11/04 11:41:23.107] (INFO) Checkpointing off-heap server memory...
[2015/11/04 11:41:23.107] (ERROR) Device 0x0097 is offline
[2015/11/04 11:41:23.107] (INFO) User "mqy3520" logged in from 192.168.238.25.
[2015/11/04 11:41:23.107] (INFO) Flushed 84 buffers to disk.
[2015/11/04 11:41:23.107] (INFO) Checkpointing off-heap server memory...
[2015/11/04 11:41:23.107] (INFO) User "omf4348" logged in from 192.168.146.38.
[2015/11/04 11:41:23.107] (INFO) Flushed 38 buffers to disk.
[2015/11/04 11:41:23.107] (ERROR) /dev/lp error: "PC LOAD LETTER"
[2015/11/04 11:41:23.107] (INFO) Flushed 70 buffers to disk.
[2015/11/04 11:41:23.107] (INFO) Network heartbeat check: All OK.
[2015/11/04 11:41:23.107] (INFO) Pinging watchdog timer process: Process is alive.
[2015/11/04 11:41:23.107] (INFO) Checked file systems for errors: All filesystems OK.
[2015/11/04 11:41:23.107] (INFO) User "qpn4670" logged out due to inactivity (timeout=30 minutes).
[2015/11/04 11:41:23.107] (INFO) Flushed 56 buffers to disk.
[2015/11/04 11:41:23.107] (INFO) Alien monitor (aliend): Detected no space aliens.
[2015/11/04 11:41:23.107] (INFO) Supervisor has entered RUNNING state.
[2015/11/04 11:41:23.107] (INFO) Alien monitor (aliend): Detected no space aliens.
[2015/11/04 11:41:23.107] (INFO) User "mpt3626" logged in from 192.168.57.26.
[2015/11/04 11:41:23.107] (ERROR) Unable to mount /dev/sde2. (Time to run fsck?)
[2015/11/04 11:41:23.107] (INFO) Waiting for master process (PID 27649) to die.
[2015/11/04 11:41:23.107] (ERROR) One of the flayrods has gone out askew on treadle.
[2015/11/04 11:41:23.107] (ERROR) Unable to mount /dev/sdb1. (Time to run fsck?)
[2015/11/04 11:41:23.107] (INFO) User "xry7597" logged out due to inactivity (timeout=30 minutes).
[2015/11/04 11:41:23.107] (INFO) Backed up all server logs.
[2015/11/04 11:41:23.107] (INFO) Backed up all server logs.
[2015/11/04 11:41:23.107] (INFO) Your mother called. She says you never call her.
[2015/11/04 11:41:23.107] (INFO) User "iub2409" logged out due to inactivity (timeout=30 minutes).
[2015/11/04 11:41:23.107] (INFO) User "cqo2925" logged in from 172.16.13.114.
[2015/11/04 11:41:23.107] (INFO) .evian ylbirret si emehcs otpyrc ym neht ,siht daer nac uoy fI
[2015/11/04 11:41:23.107] (INFO) User "eir9493" logged out.
[2015/11/04 11:41:23.107] (WARN) Space on disk /dev/sdf4 is low: Only 689 MB available.
[2015/11/04 11:41:23.107] (INFO) Sending SIGTERM to 3 excess workers.
[2015/11/04 11:41:23.107] (INFO) Checkpointing off-heap server memory...
[2015/11/04 11:41:23.107] (INFO) .evian ylbirret si emehcs otpyrc ym neht ,siht daer nac uoy fI
[2015/11/04 11:41:23.107] (ERROR) Failed to write checkpoint file "/var/checkpoint/qdhjJ93948: No space left on device (ENOSPC)
[2015/11/04 11:41:23.107] (ERROR) Blocked Little Bobby Tables attack (https://xkcd.com/327/) from 192.168.149.192.
[2015/11/04 11:41:23.107] (INFO) .evian ylbirret si emehcs otpyrc ym neht ,siht daer nac uoy fI
[2015/11/04 11:41:23.107] (INFO) Pinging watchdog timer process: Process is alive.
[2015/11/04 11:41:23.107] (INFO) User "ktz4021" logged in from 172.16.154.159.
[2015/11/04 11:41:23.107] (INFO) Rolling 9 log file(s)...
[2015/11/04 11:41:23.107] (INFO) Alien monitor (aliend): Detected no space aliens.
[2015/11/04 11:41:23.107] (INFO) User "gpv9154" logged in from 10.155.20.63.
[2015/11/04 11:41:23.107] (INFO) Your mother called. She says you never call her.
[2015/11/04 11:41:23.107] (ERROR) Server log backup FAILED. See backup logs.
[2015/11/04 11:41:23.107] (INFO) .evian ylbirret si emehcs otpyrc ym neht ,siht daer nac uoy fI
[2015/11/04 11:41:23.107] (INFO) Sending SIGTERM to 4 excess workers.
[2015/11/04 11:41:23.107] (INFO) User "byi2109" logged out.
[2015/11/04 11:41:23.107] (WARN) Retrying server log checkpoint.
[2015/11/04 11:41:23.107] (INFO) Rolling 4 log file(s)...
[2015/11/04 11:41:23.107] (INFO) Your mother called. She says you never call her.
[2015/11/04 11:41:23.107] (WARN) Watchdog timer crashed. Restarting it.
[2015/11/04 11:41:23.107] (INFO) User "ibr1469" logged out.
[2015/11/04 11:41:23.107] (INFO) User "akq3032" logged out.
[2015/11/04 11:41:23.107] (INFO) User "unp2953" logged out.
[2015/11/04 11:41:23.107] (INFO) Backed up all server logs.
[2015/11/04 11:41:23.107] (INFO) Rolling 8 log file(s)...
[2015/11/04 11:41:23.107] (INFO) Supervisor has entered WAITING state.
[2015/11/04 11:41:23.107] (INFO) User "sby4274" logged in from 10.95.35.150.
[2015/11/04 11:41:23.107] (INFO) Flushed 38 buffers to disk.
[2015/11/04 11:41:23.107] (INFO) Rolling 7 log file(s)...
[2015/11/04 11:41:23.607] (INFO) User "hii7634" logged out.
[2015/11/04 11:41:23.607] (INFO) User "rjz7857" logged out due to inactivity (timeout=30 minutes).
[2015/11/04 11:41:23.607] (INFO) .evian ylbirret si emehcs otpyrc ym neht ,siht daer nac uoy fI
[2015/11/04 11:41:23.607] (INFO) Your mother called. She says you never call her.
[2015/11/04 11:41:23.607] (ERROR) Detected incoming DDoS from 10.168.248.40.
[2015/11/04 11:41:23.607] (WARN) Dropped 12,106 corrupt data packets.
[2015/11/04 11:41:23.607] (INFO) Checked file systems for errors: All filesystems OK.
[2015/11/04 11:41:23.607] (INFO) User "kbk3611" logged out due to inactivity (timeout=30 minutes).
[2015/11/04 11:41:23.607] (INFO) Flushed 27 buffers to disk.
[2015/11/04 11:41:23.607] (INFO) Flushed 52 buffers to disk.
[2015/11/04 11:41:23.607] (INFO) User "yxp7587" logged out.
[2015/11/04 11:41:23.607] (INFO) Alien monitor (aliend): Detected no space aliens.
[2015/11/04 11:41:23.607] (INFO) Rolling 8 log file(s)...
[2015/11/04 11:41:23.607] (INFO) .evian ylbirret si emehcs otpyrc ym neht ,siht daer nac uoy fI
[2015/11/04 11:41:23.607] (ERROR) One of the flayrods has gone out askew on treadle.
[2015/11/04 11:41:23.607] (INFO) Your mother called. She says you never call her.
[2015/11/04 11:41:23.607] (ERROR) Failed to open "/mnt/fileserver01/gOExx89477.xml": NFS timeout.
[2015/11/04 11:41:23.607] (INFO) Rolling 3 log file(s)...
[2015/11/04 11:41:23.607] (INFO) User "psy3569" logged out.
[2015/11/04 11:41:23.607] (INFO) Network heartbeat check: All OK.
[2015/11/04 11:41:23.607] (INFO) Your mother called. She says you never call her.
[2015/11/04 11:41:23.607] (INFO) Checked file systems for errors: All filesystems OK.
[2015/11/04 11:41:23.607] (INFO) Waiting for master process (PID 52175) to die.
[2015/11/04 11:41:23.607] (INFO) User "fjb6809" logged in from 10.29.189.78.
[2015/11/04 11:41:23.607] (INFO) .evian ylbirret si emehcs otpyrc ym neht ,siht daer nac uoy fI
[2015/11/04 11:41:23.607] (INFO) Device 0xf94c is online.
[2015/11/04 11:41:23.607] (INFO) Sending SIGTERM to 4 excess workers.
[2015/11/04 11:41:23.607] (INFO) Waiting for worker process (PID 15283) to die.
[2015/11/04 11:41:23.607] (INFO) User "nus7860" logged out due to inactivity (timeout=30 minutes).
[2015/11/04 11:41:23.607] (INFO) Pinging watchdog timer process: Process is alive.
[2015/11/04 11:41:23.607] (INFO) .evian ylbirret si emehcs otpyrc ym neht ,siht daer nac uoy fI
[2015/11/04 11:41:23.607] (INFO) Rolling 7 log file(s)...
[2015/11/04 11:41:23.607] (INFO) .evian ylbirret si emehcs otpyrc ym neht ,siht daer nac uoy fI
[2015/11/04 11:41:23.607] (INFO) User "jvc9333" logged in from 172.16.46.7.
[2015/11/04 11:41:23.607] (ERROR) Device 0xe3e5 is offline
[2015/11/04 11:41:23.607] (INFO) Network heartbeat check: All OK.
[2015/11/04 11:41:23.607] (INFO) Sending SIGTERM to 3 excess workers.
[2015/11/04 11:41:23.607] (INFO) Rolling 9 log file(s)...
[2015/11/04 11:41:23.607] (INFO) .evian ylbirret si emehcs otpyrc ym neht ,siht daer nac uoy fI
[2015/11/04 11:41:23.607] (INFO) .evian ylbirret si emehcs otpyrc ym neht ,siht daer nac uoy fI
[2015/11/04 11:41:23.607] (INFO) User "ewr5954" logged out due to inactivity (timeout=30 minutes).
[2015/11/04 11:41:23.607] (INFO) Network heartbeat check: All OK.
[2015/11/04 11:41:23.607] (INFO) Alien monitor (aliend): Detected no space aliens.
[2015/11/04 11:41:23.607] (INFO) Network heartbeat check: All OK.
[2015/11/04 11:41:23.607] (INFO) User "sgh5863" logged in from 10.210.94.99.
[2015/11/04 11:41:23.607] (INFO) Alien monitor (aliend): Detected no space aliens.
[2015/11/04 11:41:23.607] (ERROR) "/var/data/kXWgh87887.tar.gz": No such file or directory (ENOENT)
[2015/11/04 11:41:23.607] (ERROR) Extra characters at end of line.
[2015/11/04 11:41:23.607] (INFO) .evian ylbirret si emehcs otpyrc ym neht ,siht daer nac uoy fI
[2015/11/04 11:41:23.607] (INFO) Flushed 59 buffers to disk.
[2015/11/04 11:41:23.607] (INFO) Waiting for monitor process (PID 1376) to die.
[2015/11/04 11:41:23.607] (ERROR) Unable to mount /dev/sdb2. (Time to run fsck?)
[2015/11/04 11:41:23.607] (INFO) Backed up all server logs.
[2015/11/04 11:41:23.607] (INFO) Pinging watchdog timer process: Process is alive.
[2015/11/04 11:41:23.607] (INFO) Pinging watchdog timer process: Process is alive.
[2015/11/04 11:41:23.607] (ERROR) One of the flayrods has gone out askew on treadle.
[2015/11/04 11:41:23.607] (INFO) User "dqb9640" logged out.
[2015/11/04 11:41:23.607] (INFO) .evian ylbirret si emehcs otpyrc ym neht ,siht daer nac uoy fI
[2015/11/04 11:41:23.607] (INFO) .evian ylbirret si emehcs otpyrc ym neht ,siht daer nac uoy fI
[2015/11/04 11:41:23.607] (INFO) Your mother called. She says you never call her.
[2015/11/04 11:41:23.607] (INFO) User "ryf6847" logged out due to inactivity (timeout=30 minutes).
[2015/11/04 11:41:23.607] (INFO) User "gaz1899" logged in from 10.209.139.118.
[2015/11/04 11:41:23.607] (INFO) User "smd1677" logged out due to inactivity (timeout=30 minutes).
[2015/11/04 11:41:23.607] (INFO) Your mother called. She says you never call her.
[2015/11/04 11:41:23.607] (INFO) Rolling 7 log file(s)...
[2015/11/04 11:41:23.607] (INFO) Checkpointing off-heap server memory...
[2015/11/04 11:41:23.607] (INFO) User "cky3617" logged out.
[2015/11/04 11:41:23.607] (INFO) .evian ylbirret si emehcs otpyrc ym neht ,siht daer nac uoy fI
[2015/11/04 11:41:23.607] (INFO) Backed up all server logs.
[2015/11/04 11:41:23.607] (INFO) User "evx4116" logged out due to inactivity (timeout=30 minutes).
[2015/11/04 11:41:23.607] (WARN) CPU temperature exceeds 40º Celsius.
[2015/11/04 11:41:23.607] (INFO) Network heartbeat check: All OK.
[2015/11/04 11:41:23.607] (WARN) Network heartbeat check: 13 server(s) did not respond.
[2015/11/04 11:41:23.607] (INFO) Waiting for monitor process (PID 48544) to die.
[2015/11/04 11:41:23.607] (INFO) Alien monitor (aliend): Detected no space aliens.
[2015/11/04 11:41:23.607] (INFO) User "xuv1356" logged out.
[2015/11/04 11:41:23.607] (INFO) User "iim5074" logged out.
[2015/11/04 11:41:23.607] (INFO) Rolling 8 log file(s)...
[2015/11/04 11:41:23.607] (INFO) Waiting for master process (PID 9614) to die.
[2015/11/04 11:41:23.607] (INFO) User "uoa3283" logged out due to inactivity (timeout=30 minutes).
[2015/11/04 11:41:23.607] (INFO) Checkpointing off-heap server memory...
[2015/11/04 11:41:23.607] (INFO) Alien monitor (aliend): Detected no space aliens.
[2015/11/04 11:41:23.607] (ERROR) Server log backup FAILED. See backup logs.
[2015/11/04 11:41:23.607] (INFO) Alien monitor (aliend): Detected no space aliens.
[2015/11/04 11:41:23.607] (INFO) User "ksm5014" logged out.
[2015/11/04 11:41:23.607] (INFO) Backed up all server logs.
[2015/11/04 11:41:23.607] (INFO) Checked file systems for errors: All filesystems OK.
[2015/11/04 11:41:23.607] (INFO) Supervisor has entered RUNNING state.
[2015/11/04 11:41:23.607] (INFO) Alien monitor (aliend): Detected no space aliens.
[2015/11/04 11:41:23.607] (ERROR) "/var/data/KApTK71785.csv": No such file or directory (ENOENT)
[2015/11/04 11:41:23.607] (INFO) User "pjr2928" logged out.
[2015/11/04 11:41:23.607] (WARN) Unable to ping supervisor at 10.65.119.202. Retrying.
[2015/11/04 11:41:23.607] (ERROR) Server log backup FAILED. See backup logs.
[2015/11/04 11:41:23.607] (ERROR) Failed to write checkpoint file "/var/checkpoint/tnMPo60350: No space left on device (ENOSPC)
[2015/11/04 11:41:23.607] (INFO) User "mml6867" logged in from 10.16.130.50.
[2015/11/04 11:41:23.607] (ERROR) Detected incoming DDoS from 192.168.163.109.
[2015/11/04 11:41:23.607] (INFO) Flushed 24 buffers to disk.
[2015/11/04 11:41:23.607] (INFO) Network heartbeat check: All OK.
[2015/11/04 11:41:23.607] (INFO) Checkpointing off-heap server memory...
[2015/11/04 11:41:23.607] (INFO) Checkpointing off-heap server memory...
[2015/11/04 11:41:24.106] (INFO) Supervisor has entered SUSPENDED state.
[2015/11/04 11:41:24.106] (INFO) Sending SIGTERM to 3 excess workers.
[2015/11/04 11:41:24.106] (ERROR) Server log backup FAILED. See backup logs.
[2015/11/04 11:41:24.106] (INFO) Supervisor has entered SUSPENDED state.
[2015/11/04 11:41:24.106] (WARN) Unable to ping worker at 10.204.12.94. Retrying.
[2015/11/04 11:41:24.106] (INFO) Checkpointing off-heap server memory...
[2015/11/04 11:41:24.106] (INFO) Backed up all server logs.
[2015/11/04 11:41:24.106] (ERROR) Connection to 192.168.102.248 terminated unexpectedly. Reconnecting.
[2015/11/04 11:41:24.106] (INFO) Your mother called. She says you never call her.
[2015/11/04 11:41:24.106] (WARN) Network heartbeat check: 1 server(s) did not respond.
[2015/11/04 11:41:24.106] (ERROR) Device 0xa155 is offline
[2015/11/04 11:41:24.106] (INFO) Alien monitor (aliend): Detected no space aliens.
[2015/11/04 11:41:24.106] (INFO) Network heartbeat check: All OK.
[2015/11/04 11:41:24.106] (ERROR) User "hfh9495" failed to log in 3 times. Disabling account.
[2015/11/04 11:41:24.107] (INFO) Your mother called. She says you never call her.
[2015/11/04 11:41:24.107] (INFO) User "rbs2806" logged in from 172.16.156.241.
[2015/11/04 11:41:24.107] (INFO) Checkpointing off-heap server memory...
[2015/11/04 11:41:24.107] (INFO) Pinging watchdog timer process: Process is alive.
[2015/11/04 11:41:24.107] (INFO) Supervisor has entered SUSPENDED state.
[2015/11/04 11:41:24.107] (ERROR) Failed to open "/mnt/fileserver01/HJhFs52282.xslx": NFS timeout.
[2015/11/04 11:41:24.107] (INFO) Sending SIGTERM to 3 excess workers.
[2015/11/04 11:41:24.107] (WARN) Master took 533 ms to respond (threshold=500 ms)
[2015/11/04 11:41:24.107] (ERROR) Connection to 10.2.243.220 terminated unexpectedly. Reconnecting.
[2015/11/04 11:41:24.107] (INFO) Waiting for monitor process (PID 49330) to die.
[2015/11/04 11:41:24.107] (INFO) Pinging watchdog timer process: Process is alive.
[2015/11/04 11:41:24.107] (INFO) Checked file systems for errors: All filesystems OK.
[2015/11/04 11:41:24.107] (INFO) .evian ylbirret si emehcs otpyrc ym neht ,siht daer nac uoy fI
[2015/11/04 11:41:24.107] (INFO) Network heartbeat check: All OK.
[2015/11/04 11:41:24.107] (INFO) Flushed 92 buffers to disk.
[2015/11/04 11:41:24.107] (INFO) User "uyl8387" logged out.
[2015/11/04 11:41:24.107] (INFO) .evian ylbirret si emehcs otpyrc ym neht ,siht daer nac uoy fI
[2015/11/04 11:41:24.107] (WARN) Backup server 192.168.243.100 is offline.
[2015/11/04 11:41:24.107] (INFO) .evian ylbirret si emehcs otpyrc ym neht ,siht daer nac uoy fI
[2015/11/04 11:41:24.107] (INFO) Backed up all server logs.
[2015/11/04 11:41:24.107] (INFO) Your mother called. She says you never call her.
[2015/11/04 11:41:24.107] (INFO) Pinging watchdog timer process: Process is alive.
[2015/11/04 11:41:24.107] (INFO) .evian ylbirret si emehcs otpyrc ym neht ,siht daer nac uoy fI
[2015/11/04 11:41:24.107] (INFO) User "nsb5580" logged in from 172.16.32.74.
[2015/11/04 11:41:24.107] (INFO) Checked file systems for errors: All filesystems OK.
[2015/11/04 11:41:24.107] (WARN) Backup server 10.207.131.59 is offline.
[2015/11/04 11:41:24.107] (INFO) Checked file systems for errors: All filesystems OK.
[2015/11/04 11:41:24.107] (INFO) User "smg3822" logged out due to inactivity (timeout=30 minutes).
[2015/11/04 11:41:24.107] (ERROR) Alien monitor (aliend): 3 space aliens are fiddling with the hardware!
[2015/11/04 11:41:24.107] (INFO) Flushed 94 buffers to disk.
[2015/11/04 11:41:24.107] (INFO) Alien monitor (aliend): Detected no space aliens.
[2015/11/04 11:41:24.107] (INFO) Network heartbeat check: All OK.
[2015/11/04 11:41:24.107] (ERROR) Blocked Little Bobby Tables attack (https://xkcd.com/327/) from 172.16.113.151.
[2015/11/04 11:41:24.107] (INFO) Checkpointing off-heap server memory...
[2015/11/04 11:41:24.107] (ERROR) Directory index of "/var/data" is forbidden.
[2015/11/04 11:41:24.107] (INFO) .evian ylbirret si emehcs otpyrc ym neht ,siht daer nac uoy fI
[2015/11/04 11:41:24.107] (INFO) Flushed 58 buffers to disk.
[2015/11/04 11:41:24.107] (INFO) Supervisor has entered RESTARTING state.
[2015/11/04 11:41:24.107] (ERROR) Connection to 192.168.134.146 terminated unexpectedly. Reconnecting.
[2015/11/04 11:41:24.107] (INFO) Network heartbeat check: All OK.
[2015/11/04 11:41:24.107] (INFO) Backed up all server logs.
[2015/11/04 11:41:24.107] (ERROR) Network heartbeat check FAILED: Master host down?
[2015/11/04 11:41:24.107] (INFO) Alien monitor (aliend): Detected no space aliens.
[2015/11/04 11:41:24.107] (WARN) Possible cyber-attack from Antarctica.
[2015/11/04 11:41:24.107] (INFO) User "yus3521" logged out due to inactivity (timeout=30 minutes).
[2015/11/04 11:41:24.107] (WARN) CPU temperature exceeds 40º Celsius.
[2015/11/04 11:41:24.107] (INFO) User "mov6730" logged in from 192.168.131.120.
[2015/11/04 11:41:24.107] (INFO) Checkpointing off-heap server memory...
[2015/11/04 11:41:24.107] (INFO) Network heartbeat check: All OK.
[2015/11/04 11:41:24.107] (INFO) User "kab9572" logged out due to inactivity (timeout=30 minutes).
[2015/11/04 11:41:24.107] (INFO) Flushed 96 buffers to disk.
[2015/11/04 11:41:24.107] (INFO) User "etp5531" logged out.
[2015/11/04 11:41:24.107] (INFO) User "fam2706" logged out due to inactivity (timeout=30 minutes).
[2015/11/04 11:41:24.107] (INFO) Checkpointing off-heap server memory...
[2015/11/04 11:41:24.107] (ERROR) /dev/lp error: "PC LOAD LETTER"
[2015/11/04 11:41:24.107] (INFO) Backed up all server logs.
[2015/11/04 11:41:24.107] (INFO) Rolling 6 log file(s)...
[2015/11/04 11:41:24.107] (INFO) Rolling 4 log file(s)...
[2015/11/04 11:41:24.107] (INFO) .evian ylbirret si emehcs otpyrc ym neht ,siht daer nac uoy fI
[2015/11/04 11:41:24.107] (INFO) Alien monitor (aliend): Detected no space aliens.
[2015/11/04 11:41:24.107] (WARN) There is no such thing as a free lunch.
[2015/11/04 11:41:24.107] (INFO) Pinging watchdog timer process: Process is alive.
[2015/11/04 11:41:24.107] (INFO) Waiting for worker process (PID 7661) to die.
[2015/11/04 11:41:24.107] (INFO) Backed up all server logs.
[2015/11/04 11:41:24.107] (ERROR) Alien monitor (aliend): 2 space aliens are fiddling with the hardware!
[2015/11/04 11:41:24.107] (WARN) Dropped 2,035 corrupt data packets.
[2015/11/04 11:41:24.107] (INFO) Checked file systems for errors: All filesystems OK.
[2015/11/04 11:41:24.107] (ERROR) One of the flayrods has gone out askew on treadle.
[2015/11/04 11:41:24.107] (INFO) Device 0x247b is online.
[2015/11/04 11:41:24.107] (INFO) Pinging watchdog timer process: Process is alive.
[2015/11/04 11:41:24.107] (INFO) User "lqv5887" logged out due to inactivity (timeout=30 minutes).
[2015/11/04 11:41:24.107] (ERROR) Network heartbeat check FAILED: Master host down?
[2015/11/04 11:41:24.107] (INFO) User "kqk4714" logged in from 172.16.40.56.
[2015/11/04 11:41:24.107] (INFO) Rolling 6 log file(s)...
[2015/11/04 11:41:24.107] (ERROR) Unable to authenticate user "cja4079": LDAP server isn't responding.
[2015/11/04 11:41:24.107] (ERROR) Detected clock skew! Restarting NTP server.
[2015/11/04 11:41:24.107] (INFO) User "gxu7377" logged out.
[2015/11/04 11:41:24.107] (ERROR) Directory index of "/var/data" is forbidden.
[2015/11/04 11:41:24.107] (INFO) .evian ylbirret si emehcs otpyrc ym neht ,siht daer nac uoy fI
[2015/11/04 11:41:24.107] (INFO) Waiting for worker process (PID 28748) to die.
[2015/11/04 11:41:24.107] (INFO) Network heartbeat check: All OK.
[2015/11/04 11:41:24.107] (INFO) Rolling 5 log file(s)...
[2015/11/04 11:41:24.107] (INFO) Network heartbeat check: All OK.
[2015/11/04 11:41:24.107] (INFO) Your mother called. She says you never call her.
[2015/11/04 11:41:24.107] (INFO) Pinging watchdog timer process: Process is alive.
[2015/11/04 11:41:24.107] (INFO) Supervisor has entered WAITING state.
[2015/11/04 11:41:24.607] (INFO) User "ocj1376" logged in from 192.168.76.206.
[2015/11/04 11:41:24.607] (ERROR) Device 0x7a1f is offline
[2015/11/04 11:41:24.607] (ERROR) Unable to write to "/var/data/naPaH84073.zip": Permission denied (EACCES)
[2015/11/04 11:41:24.607] (INFO) Rolling 9 log file(s)...
[2015/11/04 11:41:24.607] (INFO) Pinging watchdog timer process: Process is alive.
[2015/11/04 11:41:24.607] (INFO) Checkpointing off-heap server memory...
[2015/11/04 11:41:24.607] (INFO) Flushed 32 buffers to disk.
[2015/11/04 11:41:24.607] (INFO) Checked file systems for errors: All filesystems OK.
[2015/11/04 11:41:24.607] (INFO) Backed up all server logs.
[2015/11/04 11:41:24.607] (INFO) Your mother called. She says you never call her.
[2015/11/04 11:41:24.607] (INFO) Your mother called. She says you never call her.
[2015/11/04 11:41:24.607] (INFO) Network heartbeat check: All OK.
[2015/11/04 11:41:24.607] (INFO) User "pgb1904" logged in from 192.168.218.94.
[2015/11/04 11:41:24.607] (INFO) User "jej4979" logged in from 10.47.31.251.
[2015/11/04 11:41:24.607] (INFO) Sending SIGTERM to 2 excess workers.
[2015/11/04 11:41:24.607] (INFO) Your mother called. She says you never call her.
[2015/11/04 11:41:24.607] (INFO) .evian ylbirret si emehcs otpyrc ym neht ,siht daer nac uoy fI
[2015/11/04 11:41:24.607] (INFO) User "pah2218" logged in from 192.168.86.94.
[2015/11/04 11:41:24.607] (INFO) Rolling 8 log file(s)...
[2015/11/04 11:41:24.607] (INFO) Backed up all server logs.
[2015/11/04 11:41:24.607] (WARN) Ignoring SIGTERM. It's not that easy to get rid of me.
[2015/11/04 11:41:24.607] (INFO) Backed up all server logs.
[2015/11/04 11:41:24.607] (INFO) User "svk8668" logged in from 172.16.152.119.
[2015/11/04 11:41:24.607] (INFO) Pinging watchdog timer process: Process is alive.
[2015/11/04 11:41:24.607] (INFO) .evian ylbirret si emehcs otpyrc ym neht ,siht daer nac uoy fI
[2015/11/04 11:41:24.607] (INFO) Sending SIGTERM to 4 excess workers.
[2015/11/04 11:41:24.607] (INFO) User "lfj5494" logged out due to inactivity (timeout=30 minutes).
[2015/11/04 11:41:24.607] (INFO) User "vhc5889" logged out due to inactivity (timeout=30 minutes).
[2015/11/04 11:41:24.607] (ERROR) Blocked Little Bobby Tables attack (https://xkcd.com/327/) from 10.211.31.85.
[2015/11/04 11:41:24.607] (INFO) Alien monitor (aliend): Detected no space aliens.
[2015/11/04 11:41:24.607] (INFO) Checked file systems for errors: All filesystems OK.
[2015/11/04 11:41:24.607] (INFO) Device 0x9b44 is online.
[2015/11/04 11:41:24.607] (INFO) User "azq2474" logged in from 192.168.32.100.
[2015/11/04 11:41:24.607] (INFO) Rolling 8 log file(s)...
[2015/11/04 11:41:24.607] (INFO) Flushed 91 buffers to disk.
[2015/11/04 11:41:24.607] (INFO) Your mother called. She says you never call her.
[2015/11/04 11:41:24.607] (INFO) Network heartbeat check: All OK.
[2015/11/04 11:41:24.607] (INFO) User "kco9070" logged out.
[2015/11/04 11:41:24.607] (INFO) Checkpointing off-heap server memory...
[2015/11/04 11:41:24.607] (INFO) Waiting for monitor process (PID 58602) to die.
[2015/11/04 11:41:24.607] (WARN) Ignoring SIGTERM. It's not that easy to get rid of me.
[2015/11/04 11:41:24.607] (INFO) Checkpointing off-heap server memory...
[2015/11/04 11:41:24.607] (INFO) .evian ylbirret si emehcs otpyrc ym neht ,siht daer nac uoy fI
[2015/11/04 11:41:24.607] (INFO) Alien monitor (aliend): Detected no space aliens.
[2015/11/04 11:41:24.607] (INFO) Rolling 4 log file(s)...
[2015/11/04 11:41:24.607] (INFO) User "qwo4099" logged out.
[2015/11/04 11:41:24.607] (WARN) Ignoring SIGTERM. It's not that easy to get rid of me.
[2015/11/04 11:41:24.607] (INFO) Checked file systems for errors: All filesystems OK.
[2015/11/04 11:41:24.607] (INFO) Checked file systems for errors: All filesystems OK.
[2015/11/04 11:41:24.607] (INFO) Device 0xd3fc is online.
[2015/11/04 11:41:24.607] (INFO) Device 0x250d is online.
[2015/11/04 11:41:24.607] (INFO) .evian ylbirret si emehcs otpyrc ym neht ,siht daer nac uoy fI
[2015/11/04 11:41:24.607] (INFO) User "win1435" logged out due to inactivity (timeout=30 minutes).
[2015/11/04 11:41:24.607] (INFO) User "pqj8059" logged in from 10.111.189.127.
[2015/11/04 11:41:24.607] (INFO) User "smr6373" logged out.
[2015/11/04 11:41:24.607] (WARN) Dropped 2,926 corrupt data packets.
[2015/11/04 11:41:24.607] (INFO) Rolling 8 log file(s)...
[2015/11/04 11:41:24.607] (INFO) Checked file systems for errors: All filesystems OK.
[2015/11/04 11:41:24.607] (INFO) User "qni1483" logged in from 192.168.75.103.
[2015/11/04 11:41:24.607] (INFO) Rolling 1 log file(s)...
[2015/11/04 11:41:24.607] (INFO) Pinging watchdog timer process: Process is alive.
[2015/11/04 11:41:24.607] (INFO) Rolling 6 log file(s)...
[2015/11/04 11:41:24.607] (INFO) Flushed 37 buffers to disk.
[2015/11/04 11:41:24.607] (ERROR) Failed to write checkpoint file "/var/checkpoint/xGlHr58083: No space left on device (ENOSPC)
[2015/11/04 11:41:24.607] (WARN) There is no such thing as a free lunch.
[2015/11/04 11:41:24.607] (INFO) Device 0x8cee is online.
[2015/11/04 11:41:24.607] (INFO) Network heartbeat check: All OK.
[2015/11/04 11:41:24.607] (INFO) Supervisor has entered SUSPENDED state.
[2015/11/04 11:41:24.607] (INFO) Checkpointing off-heap server memory...
[2015/11/04 11:41:24.607] (INFO) User "ckm3960" logged out.
[2015/11/04 11:41:24.607] (INFO) Rolling 8 log file(s)...
[2015/11/04 11:41:24.607] (INFO) .evian ylbirret si emehcs otpyrc ym neht ,siht daer nac uoy fI
[2015/11/04 11:41:24.607] (INFO) User "eyj2212" logged in from 172.16.164.169.
[2015/11/04 11:41:24.607] (INFO) Sending SIGTERM to 2 excess workers.
[2015/11/04 11:41:24.607] (INFO) Alien monitor (aliend): Detected no space aliens.
[2015/11/04 11:41:24.607] (INFO) Device 0x85ec is online.
[2015/11/04 11:41:24.607] (INFO) User "nkr8382" logged in from 192.168.110.124.
[2015/11/04 11:41:24.607] (INFO) Flushed 57 buffers to disk.
[2015/11/04 11:41:24.607] (WARN) Ignoring SIGTERM. It's not that easy to get rid of me.
[2015/11/04 11:41:24.607] (INFO) Pinging watchdog timer process: Process is alive.
[2015/11/04 11:41:24.607] (INFO) Network heartbeat check: All OK.
[2015/11/04 11:41:24.607] (INFO) Backed up all server logs.
[2015/11/04 11:41:24.607] (INFO) Waiting for worker process (PID 11448) to die.
[2015/11/04 11:41:24.607] (INFO) Sending SIGTERM to 3 excess workers.
[2015/11/04 11:41:24.607] (INFO) Backed up all server logs.
[2015/11/04 11:41:24.607] (INFO) .evian ylbirret si emehcs otpyrc ym neht ,siht daer nac uoy fI
[2015/11/04 11:41:24.607] (INFO) Alien monitor (aliend): Detected no space aliens.
[2015/11/04 11:41:24.607] (WARN) Master took 535 ms to respond (threshold=500 ms)
[2015/11/04 11:41:24.607] (INFO) Pinging watchdog timer process: Process is alive.
[2015/11/04 11:41:24.607] (INFO) .evian ylbirret si emehcs otpyrc ym neht ,siht daer nac uoy fI
[2015/11/04 11:41:24.607] (INFO) Backed up all server logs.
[2015/11/04 11:41:24.607] (INFO) Backed up all server logs.
[2015/11/04 11:41:24.607] (INFO) Device 0xa9e0 is online.
[2015/11/04 11:41:24.607] (INFO) Network heartbeat check: All OK.
[2015/11/04 11:41:24.607] (WARN) Ignoring SIGTERM. It's not that easy to get rid of me.
[2015/11/04 11:41:24.607] (INFO) User "mpk4739" logged out.
[2015/11/04 11:41:24.607] (INFO) Pinging watchdog timer process: Process is alive.
[2015/11/04 11:41:24.607] (INFO) Checked file systems for errors: All filesystems OK.
[2015/11/04 11:41:24.607] (INFO) User "cjk3549" logged in from 192.168.68.14.
[2015/11/04 11:41:24.607] (INFO) User "mmy8285" logged in from 192.168.180.65.
[2015/11/04 11:41:25.107] (INFO) Sending SIGTERM to 2 excess workers.
[2015/11/04 11:41:25.107] (WARN) Watchdog timer crashed. Restarting it.
[2015/11/04 11:41:25.107] (ERROR) EFOODFAIL (Waiter, there's a fly in my soup).
[2015/11/04 11:41:25.107] (INFO) Checkpointing off-heap server memory...
[2015/11/04 11:41:25.107] (INFO) Waiting for supervisor process (PID 28107) to die.
[2015/11/04 11:41:25.107] (INFO) User "hcp9213" logged in from 172.16.184.57.
[2015/11/04 11:41:25.107] (INFO) Your mother called. She says you never call her.
[2015/11/04 11:41:25.107] (ERROR) Unable to write to "/var/data/fFyPr88619.xslx": Permission denied (EACCES)
[2015/11/04 11:41:25.107] (INFO) User "ivu3881" logged out.
[2015/11/04 11:41:25.107] (INFO) .evian ylbirret si emehcs otpyrc ym neht ,siht daer nac uoy fI
[2015/11/04 11:41:25.107] (ERROR) Device 0xd848 is offline
[2015/11/04 11:41:25.107] (INFO) Your mother called. She says you never call her.
[2015/11/04 11:41:25.107] (WARN) Backup server 192.168.42.138 is offline.
[2015/11/04 11:41:25.107] (WARN) There is no such thing as a free lunch.
[2015/11/04 11:41:25.107] (INFO) Supervisor has entered WAITING state.
[2015/11/04 11:41:25.107] (INFO) User "kpq2691" logged in from 192.168.153.77.
[2015/11/04 11:41:25.107] (ERROR) Failed to open "/mnt/fileserver01/XtmSK80955.zip": NFS timeout.
[2015/11/04 11:41:25.107] (ERROR) Unable to mount /dev/sdc2. (Time to run fsck?)
[2015/11/04 11:41:25.107] (INFO) Sending SIGTERM to 2 excess workers.
[2015/11/04 11:41:25.107] (INFO) Device 0x1435 is online.
[2015/11/04 11:41:25.107] (INFO) User "lkl5512" logged out due to inactivity (timeout=30 minutes).
[2015/11/04 11:41:25.107] (INFO) Checked file systems for errors: All filesystems OK.
[2015/11/04 11:41:25.107] (INFO) Checkpointing off-heap server memory...
[2015/11/04 11:41:25.107] (INFO) Pinging watchdog timer process: Process is alive.
[2015/11/04 11:41:25.107] (ERROR) CPU temperature exceeds 50º Celsius. Shutting down.
[2015/11/04 11:41:25.107] (WARN) Space on disk /dev/sde3 is low: Only 359 MB available.
[2015/11/04 11:41:25.107] (ERROR) Blocked Little Bobby Tables attack (https://xkcd.com/327/) from 192.168.191.162.
[2015/11/04 11:41:25.107] (ERROR) User "jyc3379" failed to log in 3 times. Disabling account.
[2015/11/04 11:41:25.107] (INFO) Checked file systems for errors: All filesystems OK.
[2015/11/04 11:41:25.107] (INFO) .evian ylbirret si emehcs otpyrc ym neht ,siht daer nac uoy fI
[2015/11/04 11:41:25.107] (INFO) User "tfs1676" logged in from 192.168.182.6.
[2015/11/04 11:41:25.107] (INFO) Sending SIGTERM to 4 excess workers.
[2015/11/04 11:41:25.107] (WARN) Master took 905 ms to respond (threshold=500 ms)
[2015/11/04 11:41:25.107] (INFO) Network heartbeat check: All OK.
[2015/11/04 11:41:25.107] (INFO) Device 0x9d23 is online.
[2015/11/04 11:41:25.107] (INFO) User "tlm2824" logged out.
[2015/11/04 11:41:25.107] (WARN) Possible cyber-attack from Nebraska.
[2015/11/04 11:41:25.107] (INFO) Device 0x58a5 is online.
[2015/11/04 11:41:25.107] (INFO) Backed up all server logs.
[2015/11/04 11:41:25.107] (INFO) Backed up all server logs.
[2015/11/04 11:41:25.107] (INFO) User "kmx9678" logged in from 172.16.9.251.
[2015/11/04 11:41:25.107] (INFO) Backed up all server logs.
[2015/11/04 11:41:25.107] (INFO) .evian ylbirret si emehcs otpyrc ym neht ,siht daer nac uoy fI
[2015/11/04 11:41:25.107] (INFO) Network heartbeat check: All OK.
[2015/11/04 11:41:25.107] (INFO) User "hit6877" logged in from 192.168.135.202.
[2015/11/04 11:41:25.107] (WARN) Unable to ping supervisor at 192.168.88.166. Retrying.
[2015/11/04 11:41:25.107] (INFO) Flushed 56 buffers to disk.
[2015/11/04 11:41:25.107] (ERROR) Blocked BitTorrent traffic originating from 172.16.142.126.
[2015/11/04 11:41:25.107] (INFO) Your mother called. She says you never call her.
[2015/11/04 11:41:25.107] (INFO) .evian ylbirret si emehcs otpyrc ym neht ,siht daer nac uoy fI
[2015/11/04 11:41:25.107] (INFO) Network heartbeat check: All OK.
[2015/11/04 11:41:25.107] (ERROR) Connection to 192.168.238.226 terminated unexpectedly. Reconnecting.
[2015/11/04 11:41:25.107] (INFO) Network heartbeat check: All OK.
[2015/11/04 11:41:25.107] (INFO) Alien monitor (aliend): Detected no space aliens.
[2015/11/04 11:41:25.107] (WARN) Retrying server log checkpoint.
[2015/11/04 11:41:25.107] (ERROR) "/var/data/pTclJ66783.txt": No such file or directory (ENOENT)
[2015/11/04 11:41:25.107] (INFO) Flushed 77 buffers to disk.
[2015/11/04 11:41:25.107] (INFO) Waiting for master process (PID 22521) to die.
[2015/11/04 11:41:25.107] (ERROR) Alien monitor (aliend): 3 space aliens are fiddling with the hardware!
[2015/11/04 11:41:25.107] (INFO) Alien monitor (aliend): Detected no space aliens.
[2015/11/04 11:41:25.107] (INFO) User "pfg7607" logged out due to inactivity (timeout=30 minutes).
[2015/11/04 11:41:25.107] (WARN) Unable to ping master at 192.168.121.204. Retrying.
[2015/11/04 11:41:25.107] (INFO) User "tzl3150" logged out due to inactivity (timeout=30 minutes).
[2015/11/04 11:41:25.107] (INFO) Sending SIGTERM to 4 excess workers.
[2015/11/04 11:41:25.107] (INFO) Supervisor has entered RUNNING state.
[2015/11/04 11:41:25.107] (WARN) Space on disk /dev/sda2 is low: Only 490 MB available.
[2015/11/04 11:41:25.107] (INFO) User "uju6194" logged in from 172.16.73.25.
[2015/11/04 11:41:25.107] (INFO) Pinging watchdog timer process: Process is alive.
[2015/11/04 11:41:25.107] (INFO) User "amr4543" logged in from 172.16.115.163.
[2015/11/04 11:41:25.108] (INFO) Rolling 9 log file(s)...
[2015/11/04 11:41:25.108] (INFO) User "imq7542" logged out.
[2015/11/04 11:41:25.108] (INFO) Pinging watchdog timer process: Process is alive.
[2015/11/04 11:41:25.108] (INFO) Alien monitor (aliend): Detected no space aliens.
[2015/11/04 11:41:25.108] (INFO) User "cjp5200" logged out due to inactivity (timeout=30 minutes).
[2015/11/04 11:41:25.108] (ERROR) Unable to mount /dev/sdd2. (Time to run fsck?)
[2015/11/04 11:41:25.108] (INFO) Supervisor has entered RUNNING state.
[2015/11/04 11:41:25.108] (INFO) Checkpointing off-heap server memory...
[2015/11/04 11:41:25.108] (INFO) Alien monitor (aliend): Detected no space aliens.
[2015/11/04 11:41:25.108] (WARN) Master took 957 ms to respond (threshold=500 ms)
[2015/11/04 11:41:25.108] (INFO) User "mta4916" logged in from 172.16.175.140.
[2015/11/04 11:41:25.108] (INFO) Flushed 76 buffers to disk.
[2015/11/04 11:41:25.108] (INFO) Checkpointing off-heap server memory...
[2015/11/04 11:41:25.108] (INFO) User "wqb6840" logged in from 172.16.15.110.
[2015/11/04 11:41:25.108] (INFO) Checked file systems for errors: All filesystems OK.
[2015/11/04 11:41:25.108] (INFO) Sending SIGTERM to 4 excess workers.
[2015/11/04 11:41:25.108] (INFO) Device 0x2cc6 is online.
[2015/11/04 11:41:25.108] (INFO) Network heartbeat check: All OK.
[2015/11/04 11:41:25.108] (INFO) Flushed 80 buffers to disk.
[2015/11/04 11:41:25.108] (INFO) Checkpointing off-heap server memory...
[2015/11/04 11:41:25.108] (INFO) Checkpointing off-heap server memory...
[2015/11/04 11:41:25.108] (ERROR) /dev/lp error: "PC LOAD LETTER"
[2015/11/04 11:41:25.108] (ERROR) Directory index of "/var/data" is forbidden.
[2015/11/04 11:41:25.108] (INFO) User "vkg6461" logged out due to inactivity (timeout=30 minutes).
[2015/11/04 11:41:25.108] (INFO) Rolling 3 log file(s)...
[2015/11/04 11:41:25.108] (INFO) User "mlf5107" logged out.
[2015/11/04 11:41:25.108] (ERROR) Directory index of "/var/data" is forbidden.
[2015/11/04 11:41:25.108] (INFO) Checkpointing off-heap server memory...
[2015/11/04 11:41:25.108] (WARN) CPU temperature exceeds 40º Celsius.
[2015/11/04 11:41:25.108] (INFO) Rolling 5 log file(s)...
[2015/11/04 11:41:25.108] (INFO) Pinging watchdog timer process: Process is alive.
[2015/11/04 11:41:25.607] (INFO) Supervisor has entered RESTARTING state.
[2015/11/04 11:41:25.607] (INFO) .evian ylbirret si emehcs otpyrc ym neht ,siht daer nac uoy fI
[2015/11/04 11:41:25.607] (WARN) Backup server 192.168.147.7 is offline.
[2015/11/04 11:41:25.607] (INFO) Supervisor has entered SUSPENDED state.
[2015/11/04 11:41:25.607] (INFO) User "tja9046" logged out due to inactivity (timeout=30 minutes).
[2015/11/04 11:41:25.607] (INFO) User "oyr3989" logged out.
[2015/11/04 11:41:25.607] (INFO) Waiting for supervisor process (PID 925) to die.
[2015/11/04 11:41:25.607] (INFO) Rolling 9 log file(s)...
[2015/11/04 11:41:25.607] (ERROR) Detected clock skew! Restarting NTP server.
[2015/11/04 11:41:25.607] (WARN) Master took 913 ms to respond (threshold=500 ms)
[2015/11/04 11:41:25.607] (INFO) Pinging watchdog timer process: Process is alive.
[2015/11/04 11:41:25.607] (INFO) Checked file systems for errors: All filesystems OK.
[2015/11/04 11:41:25.607] (INFO) User "rbm2534" logged out.
[2015/11/04 11:41:25.607] (INFO) Device 0x7ea0 is online.
[2015/11/04 11:41:25.607] (INFO) Alien monitor (aliend): Detected no space aliens.
[2015/11/04 11:41:25.607] (ERROR) Alien monitor (aliend): 2 space aliens are fiddling with the hardware!
[2015/11/04 11:41:25.607] (INFO) User "qju2598" logged in from 10.18.219.100.
[2015/11/04 11:41:25.607] (WARN) Backup server 172.16.81.169 is offline.
[2015/11/04 11:41:25.607] (INFO) Sending SIGTERM to 2 excess workers.
[2015/11/04 11:41:25.607] (INFO) Alien monitor (aliend): Detected no space aliens.
[2015/11/04 11:41:25.607] (INFO) Network heartbeat check: All OK.
[2015/11/04 11:41:25.607] (INFO) Checked file systems for errors: All filesystems OK.
[2015/11/04 11:41:25.607] (INFO) Pinging watchdog timer process: Process is alive.
[2015/11/04 11:41:25.607] (INFO) Waiting for master process (PID 52280) to die.
[2015/11/04 11:41:25.607] (INFO) Sending SIGTERM to 4 excess workers.
[2015/11/04 11:41:25.607] (INFO) Checkpointing off-heap server memory...
[2015/11/04 11:41:25.607] (INFO) User "shn7592" logged out due to inactivity (timeout=30 minutes).
[2015/11/04 11:41:25.607] (WARN) Retrying server log checkpoint.
[2015/11/04 11:41:25.607] (WARN) Unable to ping supervisor at 192.168.20.110. Retrying.
[2015/11/04 11:41:25.607] (INFO) Your mother called. She says you never call her.
[2015/11/04 11:41:25.607] (INFO) Rolling 9 log file(s)...
[2015/11/04 11:41:25.607] (INFO) User "azf1496" logged out due to inactivity (timeout=30 minutes).
[2015/11/04 11:41:25.607] (INFO) Pinging watchdog timer process: Process is alive.
[2015/11/04 11:41:25.607] (INFO) .evian ylbirret si emehcs otpyrc ym neht ,siht daer nac uoy fI
[2015/11/04 11:41:25.607] (INFO) Your mother called. She says you never call her.
[2015/11/04 11:41:25.607] (INFO) Waiting for master process (PID 47087) to die.
[2015/11/04 11:41:25.607] (ERROR) Directory index of "/var/data" is forbidden.
[2015/11/04 11:41:25.607] (INFO) Device 0x296e is online.
[2015/11/04 11:41:25.607] (INFO) Waiting for master process (PID 13774) to die.
[2015/11/04 11:41:25.607] (ERROR) Alien monitor (aliend): 2 space aliens are fiddling with the hardware!
[2015/11/04 11:41:25.607] (WARN) Backup server 172.16.173.128 is offline.
[2015/11/04 11:41:25.607] (INFO) Waiting for worker process (PID 30749) to die.
[2015/11/04 11:41:25.607] (INFO) Backed up all server logs.
[2015/11/04 11:41:25.607] (INFO) Network heartbeat check: All OK.
[2015/11/04 11:41:25.607] (INFO) Alien monitor (aliend): Detected no space aliens.
[2015/11/04 11:41:25.607] (INFO) Backed up all server logs.
[2015/11/04 11:41:25.607] (INFO) Pinging watchdog timer process: Process is alive.
[2015/11/04 11:41:25.607] (WARN) Unable to ping supervisor at 172.16.230.32. Retrying.
[2015/11/04 11:41:25.607] (INFO) Supervisor has entered SUSPENDED state.
[2015/11/04 11:41:25.607] (INFO) Pinging watchdog timer process: Process is alive.
[2015/11/04 11:41:25.607] (INFO) Pinging watchdog timer process: Process is alive.
[2015/11/04 11:41:25.607] (INFO) Flushed 29 buffers to disk.
[2015/11/04 11:41:25.607] (INFO) .evian ylbirret si emehcs otpyrc ym neht ,siht daer nac uoy fI
[2015/11/04 11:41:25.607] (INFO) Rolling 7 log file(s)...
[2015/11/04 11:41:25.607] (INFO) Flushed 78 buffers to disk.
[2015/11/04 11:41:25.607] (INFO) Flushed 91 buffers to disk.
[2015/11/04 11:41:25.607] (INFO) Network heartbeat check: All OK.
[2015/11/04 11:41:25.607] (INFO) Flushed 88 buffers to disk.
[2015/11/04 11:41:25.607] (INFO) Flushed 72 buffers to disk.
[2015/11/04 11:41:25.607] (INFO) User "tdq5792" logged in from 10.230.250.170.
[2015/11/04 11:41:25.607] (ERROR) Detected incoming DDoS from 192.168.96.92.
[2015/11/04 11:41:25.607] (INFO) User "fwu1139" logged out due to inactivity (timeout=30 minutes).
[2015/11/04 11:41:25.607] (INFO) Waiting for supervisor process (PID 30008) to die.
[2015/11/04 11:41:25.607] (INFO) Pinging watchdog timer process: Process is alive.
[2015/11/04 11:41:25.607] (INFO) User "hjk7567" logged in from 192.168.245.28.
[2015/11/04 11:41:25.607] (INFO) User "wdn6254" logged out.
[2015/11/04 11:41:25.607] (INFO) Sending SIGTERM to 4 excess workers.
[2015/11/04 11:41:25.607] (INFO) User "cpc6896" logged in from 172.16.131.50.
[2015/11/04 11:41:25.607] (INFO) User "zmu1139" logged in from 192.168.141.109.
[2015/11/04 11:41:25.607] (INFO) .evian ylbirret si emehcs otpyrc ym neht ,siht daer nac uoy fI
[2015/11/04 11:41:25.607] (ERROR) Directory index of "/var/data" is forbidden.
[2015/11/04 11:41:25.607] (INFO) Checked file systems for errors: All filesystems OK.
[2015/11/04 11:41:25.607] (INFO) Supervisor has entered WAITING state.
[2015/11/04 11:41:25.607] (INFO) User "lue3658" logged out.
[2015/11/04 11:41:25.607] (WARN) Space on disk /dev/sde3 is low: Only 330 MB available.
[2015/11/04 11:41:25.607] (INFO) Network heartbeat check: All OK.
[2015/11/04 11:41:25.607] (INFO) .evian ylbirret si emehcs otpyrc ym neht ,siht daer nac uoy fI
[2015/11/04 11:41:25.607] (INFO) Waiting for supervisor process (PID 502) to die.
[2015/11/04 11:41:25.607] (INFO) User "blj6162" logged out due to inactivity (timeout=30 minutes).
[2015/11/04 11:41:25.607] (INFO) Supervisor has entered SUSPENDED state.
[2015/11/04 11:41:25.607] (INFO) User "ish6181" logged out due to inactivity (timeout=30 minutes).
[2015/11/04 11:41:25.607] (WARN) Network heartbeat check: 2 server(s) did not respond.
[2015/11/04 11:41:25.607] (INFO) .evian ylbirret si emehcs otpyrc ym neht ,siht daer nac uoy fI
[2015/11/04 11:41:25.607] (INFO) Device 0xd799 is online.
[2015/11/04 11:41:25.607] (ERROR) Server log backup FAILED. See backup logs.
[2015/11/04 11:41:25.607] (INFO) User "noe3279" logged out due to inactivity (timeout=30 minutes).
[2015/11/04 11:41:25.607] (WARN) Possible cyber-attack from Nebraska.
[2015/11/04 11:41:25.607] (INFO) Sending SIGTERM to 4 excess workers.
[2015/11/04 11:41:25.607] (INFO) Rolling 2 log file(s)...
[2015/11/04 11:41:25.607] (WARN) Master took 797 ms to respond (threshold=500 ms)
[2015/11/04 11:41:25.607] (INFO) Backed up all server logs.
[2015/11/04 11:41:25.607] (INFO) Network heartbeat check: All OK.
[2015/11/04 11:41:25.607] (INFO) .evian ylbirret si emehcs otpyrc ym neht ,siht daer nac uoy fI
[2015/11/04 11:41:25.607] (INFO) Waiting for supervisor process (PID 28124) to die.
[2015/11/04 11:41:25.607] (INFO) User "qmv8115" logged in from 10.75.107.233.
[2015/11/04 11:41:25.607] (INFO) Network heartbeat check: All OK.
[2015/11/04 11:41:25.607] (INFO) Pinging watchdog timer process: Process is alive.
[2015/11/04 11:41:25.607] (INFO) Waiting for master process (PID 18285) to die.
[2015/11/04 11:41:25.607] (INFO) Sending SIGTERM to 4 excess workers.
[2015/11/04 11:41:25.607] (INFO) User "cjk2404" logged in from 192.168.210.229.
[2015/11/04 11:41:26.107] (INFO) Alien monitor (aliend): Detected no space aliens.
[2015/11/04 11:41:26.107] (ERROR) Failed to write checkpoint file "/var/checkpoint/LWBob93920: No space left on device (ENOSPC)
[2015/11/04 11:41:26.107] (INFO) Rolling 5 log file(s)...
[2015/11/04 11:41:26.107] (INFO) Checked file systems for errors: All filesystems OK.
[2015/11/04 11:41:26.107] (INFO) .evian ylbirret si emehcs otpyrc ym neht ,siht daer nac uoy fI
[2015/11/04 11:41:26.107] (WARN) Watchdog timer crashed. Restarting it.
[2015/11/04 11:41:26.107] (INFO) Alien monitor (aliend): Detected no space aliens.
[2015/11/04 11:41:26.107] (INFO) Pinging watchdog timer process: Process is alive.
[2015/11/04 11:41:26.107] (INFO) User "qxp7859" logged out due to inactivity (timeout=30 minutes).
[2015/11/04 11:41:26.107] (INFO) Your mother called. She says you never call her.
[2015/11/04 11:41:26.107] (INFO) Checkpointing off-heap server memory...
[2015/11/04 11:41:26.107] (INFO) Flushed 36 buffers to disk.
[2015/11/04 11:41:26.107] (INFO) Backed up all server logs.
[2015/11/04 11:41:26.107] (INFO) Network heartbeat check: All OK.
[2015/11/04 11:41:26.107] (INFO) Your mother called. She says you never call her.
[2015/11/04 11:41:26.107] (INFO) Supervisor has entered SUSPENDED state.
[2015/11/04 11:41:26.107] (INFO) Checkpointing off-heap server memory...
[2015/11/04 11:41:26.107] (INFO) Network heartbeat check: All OK.
[2015/11/04 11:41:26.107] (INFO) Your mother called. She says you never call her.
[2015/11/04 11:41:26.107] (INFO) Checkpointing off-heap server memory...
[2015/11/04 11:41:26.107] (ERROR) /dev/lp error: "PC LOAD LETTER"
[2015/11/04 11:41:26.107] (INFO) User "mkh8116" logged out due to inactivity (timeout=30 minutes).
[2015/11/04 11:41:26.107] (INFO) User "oxi2112" logged in from 10.118.177.188.
[2015/11/04 11:41:26.107] (INFO) Backed up all server logs.
[2015/11/04 11:41:26.107] (INFO) Pinging watchdog timer process: Process is alive.
[2015/11/04 11:41:26.107] (INFO) Supervisor has entered RUNNING state.
[2015/11/04 11:41:26.107] (INFO) Checkpointing off-heap server memory...
[2015/11/04 11:41:26.107] (INFO) Your mother called. She says you never call her.
[2015/11/04 11:41:26.107] (INFO) Supervisor has entered RESTARTING state.
[2015/11/04 11:41:26.107] (INFO) Checked file systems for errors: All filesystems OK.
[2015/11/04 11:41:26.107] (INFO) Checked file systems for errors: All filesystems OK.
[2015/11/04 11:41:26.107] (INFO) Sending SIGTERM to 2 excess workers.
[2015/11/04 11:41:26.107] (INFO) Waiting for master process (PID 54230) to die.
[2015/11/04 11:41:26.107] (INFO) User "rmv6641" logged out due to inactivity (timeout=30 minutes).
[2015/11/04 11:41:26.107] (INFO) Checkpointing off-heap server memory...
[2015/11/04 11:41:26.107] (INFO) User "mbm4162" logged in from 192.168.158.142.
[2015/11/04 11:41:26.107] (WARN) Dropped 16,578 corrupt data packets.
[2015/11/04 11:41:26.107] (INFO) Backed up all server logs.
[2015/11/04 11:41:26.107] (INFO) Supervisor has entered WAITING state.
[2015/11/04 11:41:26.107] (WARN) Backup server 172.16.73.130 is offline.
[2015/11/04 11:41:26.107] (INFO) Checkpointing off-heap server memory...
[2015/11/04 11:41:26.107] (INFO) User "cea5743" logged in from 10.179.194.199.
[2015/11/04 11:41:26.107] (INFO) Network heartbeat check: All OK.
[2015/11/04 11:41:26.107] (ERROR) EFOODFAIL (Waiter, there's a fly in my soup).
[2015/11/04 11:41:26.107] (INFO) Waiting for master process (PID 13285) to die.
[2015/11/04 11:41:26.107] (ERROR) Directory index of "/var/data" is forbidden.
[2015/11/04 11:41:26.107] (ERROR) /dev/lp error: "PC LOAD LETTER"
[2015/11/04 11:41:26.107] (INFO) Supervisor has entered SUSPENDED state.
[2015/11/04 11:41:26.107] (INFO) Waiting for master process (PID 23000) to die.
[2015/11/04 11:41:26.107] (INFO) Device 0x2981 is online.
[2015/11/04 11:41:26.107] (INFO) Flushed 65 buffers to disk.
[2015/11/04 11:41:26.107] (INFO) Pinging watchdog timer process: Process is alive.
[2015/11/04 11:41:26.107] (INFO) .evian ylbirret si emehcs otpyrc ym neht ,siht daer nac uoy fI
[2015/11/04 11:41:26.107] (INFO) Your mother called. She says you never call her.
[2015/11/04 11:41:26.107] (INFO) Network heartbeat check: All OK.
[2015/11/04 11:41:26.107] (INFO) Network heartbeat check: All OK.
[2015/11/04 11:41:26.107] (INFO) User "enp7388" logged in from 192.168.156.144.
[2015/11/04 11:41:26.107] (INFO) Network heartbeat check: All OK.
[2015/11/04 11:41:26.107] (INFO) User "vjq6282" logged out.
[2015/11/04 11:41:26.107] (INFO) Waiting for worker process (PID 12447) to die.
[2015/11/04 11:41:26.107] (INFO) Supervisor has entered SUSPENDED state.
[2015/11/04 11:41:26.107] (INFO) Alien monitor (aliend): Detected no space aliens.
[2015/11/04 11:41:26.107] (WARN) Possible cyber-attack from Canada.
[2015/11/04 11:41:26.107] (INFO) .evian ylbirret si emehcs otpyrc ym neht ,siht daer nac uoy fI
[2015/11/04 11:41:26.107] (INFO) Alien monitor (aliend): Detected no space aliens.
[2015/11/04 11:41:26.107] (INFO) Your mother called. She says you never call her.
[2015/11/04 11:41:26.107] (WARN) Retrying server log checkpoint.
[2015/11/04 11:41:26.107] (INFO) Device 0x92ca is online.
[2015/11/04 11:41:26.107] (INFO) User "hig7031" logged out due to inactivity (timeout=30 minutes).
[2015/11/04 11:41:26.107] (INFO) Network heartbeat check: All OK.
[2015/11/04 11:41:26.107] (INFO) Supervisor has entered RUNNING state.
[2015/11/04 11:41:26.107] (INFO) User "pam2635" logged in from 10.16.97.125.
[2015/11/04 11:41:26.107] (INFO) User "frb7995" logged out.
[2015/11/04 11:41:26.107] (INFO) Supervisor has entered SUSPENDED state.
[2015/11/04 11:41:26.107] (INFO) Pinging watchdog timer process: Process is alive.
[2015/11/04 11:41:26.107] (ERROR) Directory index of "/var/data" is forbidden.
[2015/11/04 11:41:26.107] (INFO) Network heartbeat check: All OK.
[2015/11/04 11:41:26.107] (INFO) User "sen8749" logged in from 10.184.198.228.
[2015/11/04 11:41:26.107] (INFO) Sending SIGTERM to 4 excess workers.
[2015/11/04 11:41:26.107] (INFO) User "tdl9737" logged out due to inactivity (timeout=30 minutes).
[2015/11/04 11:41:26.107] (INFO) Alien monitor (aliend): Detected no space aliens.
[2015/11/04 11:41:26.107] (WARN) Ignoring SIGTERM. It's not that easy to get rid of me.
[2015/11/04 11:41:26.107] (INFO) Your mother called. She says you never call her.
[2015/11/04 11:41:26.107] (INFO) Alien monitor (aliend): Detected no space aliens.
[2015/11/04 11:41:26.107] (WARN) Unable to ping worker at 10.230.5.242. Retrying.
[2015/11/04 11:41:26.107] (ERROR) Unable to mount /dev/sda3. (Time to run fsck?)
[2015/11/04 11:41:26.107] (INFO) Checked file systems for errors: All filesystems OK.
[2015/11/04 11:41:26.107] (INFO) Alien monitor (aliend): Detected no space aliens.
[2015/11/04 11:41:26.107] (INFO) Alien monitor (aliend): Detected no space aliens.
[2015/11/04 11:41:26.107] (INFO) Device 0x96d5 is online.
[2015/11/04 11:41:26.107] (INFO) Rolling 1 log file(s)...
[2015/11/04 11:41:26.107] (INFO) User "mos4155" logged out due to inactivity (timeout=30 minutes).
[2015/11/04 11:41:26.107] (INFO) Your mother called. She says you never call her.
[2015/11/04 11:41:26.107] (INFO) Alien monitor (aliend): Detected no space aliens.
[2015/11/04 11:41:26.107] (INFO) Waiting for worker process (PID 30104) to die.
[2015/11/04 11:41:26.107] (WARN) Watchdog timer crashed. Restarting it.
[2015/11/04 11:41:26.107] (INFO) User "bzi6458" logged out.
[2015/11/04 11:41:26.107] (INFO) User "jsn7717" logged out.
[2015/11/04 11:41:26.107] (INFO) Waiting for supervisor process (PID 62080) to die.
[2015/11/04 11:41:26.107] (INFO) Backed up all server logs.
[2015/11/04 11:41:26.607] (INFO) Sending SIGTERM to 3 excess workers.
[2015/11/04 11:41:26.607] (INFO) User "cpv4227" logged in from 192.168.72.172.
[2015/11/04 11:41:26.607] (ERROR) Server log backup FAILED. See backup logs.
[2015/11/04 11:41:26.607] (INFO) Pinging watchdog timer process: Process is alive.
[2015/11/04 11:41:26.607] (INFO) Checkpointing off-heap server memory...
[2015/11/04 11:41:26.607] (INFO) .evian ylbirret si emehcs otpyrc ym neht ,siht daer nac uoy fI
[2015/11/04 11:41:26.607] (INFO) Supervisor has entered RESTARTING state.
[2015/11/04 11:41:26.607] (INFO) Backed up all server logs.
[2015/11/04 11:41:26.607] (WARN) Dropped 11,180 corrupt data packets.
[2015/11/04 11:41:26.607] (ERROR) Worker 7 died with SIGBUS. Restarting it.
[2015/11/04 11:41:26.607] (INFO) Checkpointing off-heap server memory...
[2015/11/04 11:41:26.607] (INFO) Your mother called. She says you never call her.
[2015/11/04 11:41:26.607] (ERROR) "/var/data/hLMjn57166.zip": No such file or directory (ENOENT)
[2015/11/04 11:41:26.607] (INFO) .evian ylbirret si emehcs otpyrc ym neht ,siht daer nac uoy fI
[2015/11/04 11:41:26.607] (INFO) User "tuo9869" logged in from 10.87.182.79.
[2015/11/04 11:41:26.607] (INFO) Checked file systems for errors: All filesystems OK.
[2015/11/04 11:41:26.607] (INFO) Your mother called. She says you never call her.
[2015/11/04 11:41:26.607] (INFO) User "bzp1644" logged in from 172.16.30.54.
[2015/11/04 11:41:26.607] (INFO) Network heartbeat check: All OK.
[2015/11/04 11:41:26.607] (INFO) Alien monitor (aliend): Detected no space aliens.
[2015/11/04 11:41:26.607] (INFO) Pinging watchdog timer process: Process is alive.
[2015/11/04 11:41:26.607] (INFO) Flushed 36 buffers to disk.
[2015/11/04 11:41:26.607] (WARN) CPU temperature exceeds 40º Celsius.
[2015/11/04 11:41:26.607] (ERROR) One of the flayrods has gone out askew on treadle.
[2015/11/04 11:41:26.607] (WARN) Dropped 15,311 corrupt data packets.
[2015/11/04 11:41:26.607] (INFO) Checkpointing off-heap server memory...
[2015/11/04 11:41:26.607] (INFO) Flushed 89 buffers to disk.
[2015/11/04 11:41:26.607] (INFO) Supervisor has entered RESTARTING state.
[2015/11/04 11:41:26.607] (ERROR) One of the flayrods has gone out askew on treadle.
[2015/11/04 11:41:26.607] (ERROR) User "zjt8577" failed to log in 3 times. Disabling account.
[2015/11/04 11:41:26.607] (INFO) Backed up all server logs.
[2015/11/04 11:41:26.607] (INFO) Checked file systems for errors: All filesystems OK.
[2015/11/04 11:41:26.607] (INFO) Checkpointing off-heap server memory...
[2015/11/04 11:41:26.607] (WARN) Watchdog timer crashed. Restarting it.
[2015/11/04 11:41:26.607] (INFO) Your mother called. She says you never call her.
[2015/11/04 11:41:26.607] (INFO) User "hxm9586" logged out.
[2015/11/04 11:41:26.607] (INFO) Network heartbeat check: All OK.
[2015/11/04 11:41:26.607] (INFO) Pinging watchdog timer process: Process is alive.
[2015/11/04 11:41:26.607] (WARN) Ignoring SIGTERM. It's not that easy to get rid of me.
[2015/11/04 11:41:26.607] (INFO) Checkpointing off-heap server memory...
[2015/11/04 11:41:26.607] (ERROR) Extra characters at end of line.
[2015/11/04 11:41:26.607] (INFO) .evian ylbirret si emehcs otpyrc ym neht ,siht daer nac uoy fI
[2015/11/04 11:41:26.607] (INFO) Device 0x8594 is online.
[2015/11/04 11:41:26.607] (ERROR) Unable to write to "/var/data/aWPmU67799.txt": Permission denied (EACCES)
[2015/11/04 11:41:26.607] (INFO) Network heartbeat check: All OK.
[2015/11/04 11:41:26.607] (INFO) Rolling 8 log file(s)...
[2015/11/04 11:41:26.607] (INFO) User "qhz2343" logged in from 192.168.210.207.
[2015/11/04 11:41:26.607] (INFO) Device 0xc58f is online.
[2015/11/04 11:41:26.607] (INFO) Alien monitor (aliend): Detected no space aliens.
[2015/11/04 11:41:26.607] (ERROR) One of the flayrods has gone out askew on treadle.
[2015/11/04 11:41:26.607] (INFO) Pinging watchdog timer process: Process is alive.
[2015/11/04 11:41:26.607] (WARN) Ignoring SIGTERM. It's not that easy to get rid of me.
[2015/11/04 11:41:26.607] (INFO) Pinging watchdog timer process: Process is alive.
[2015/11/04 11:41:26.607] (INFO) Network heartbeat check: All OK.
[2015/11/04 11:41:26.607] (INFO) Your mother called. She says you never call her.
[2015/11/04 11:41:26.607] (INFO) Waiting for supervisor process (PID 1873) to die.
[2015/11/04 11:41:26.607] (INFO) Checked file systems for errors: All filesystems OK.
[2015/11/04 11:41:26.607] (INFO) Rolling 8 log file(s)...
[2015/11/04 11:41:26.607] (ERROR) EFOODFAIL (Waiter, there's a fly in my soup).
[2015/11/04 11:41:26.607] (INFO) User "vza5730" logged out due to inactivity (timeout=30 minutes).
[2015/11/04 11:41:26.607] (ERROR) Blocked Little Bobby Tables attack (https://xkcd.com/327/) from 10.39.145.115.
[2015/11/04 11:41:26.607] (ERROR) Device 0x9078 is offline
[2015/11/04 11:41:26.607] (INFO) Checkpointing off-heap server memory...
[2015/11/04 11:41:26.607] (ERROR) "/var/data/JMVBx67536.zip": No such file or directory (ENOENT)
[2015/11/04 11:41:26.607] (INFO) Network heartbeat check: All OK.
[2015/11/04 11:41:26.607] (INFO) Checkpointing off-heap server memory...
[2015/11/04 11:41:26.607] (INFO) Alien monitor (aliend): Detected no space aliens.
[2015/11/04 11:41:26.607] (ERROR) "/var/data/AxNyi54720.parquet": Permission denied (EACCES)
[2015/11/04 11:41:26.607] (WARN) There is no such thing as a free lunch.
[2015/11/04 11:41:26.607] (INFO) Sending SIGTERM to 2 excess workers.
[2015/11/04 11:41:26.607] (INFO) Your mother called. She says you never call her.
[2015/11/04 11:41:26.607] (INFO) Alien monitor (aliend): Detected no space aliens.
[2015/11/04 11:41:26.607] (INFO) Flushed 25 buffers to disk.
[2015/11/04 11:41:26.607] (INFO) Device 0x84c2 is online.
[2015/11/04 11:41:26.607] (WARN) Ignoring SIGTERM. It's not that easy to get rid of me.
[2015/11/04 11:41:26.607] (INFO) Checked file systems for errors: All filesystems OK.
[2015/11/04 11:41:26.607] (INFO) Flushed 33 buffers to disk.
[2015/11/04 11:41:26.607] (INFO) Alien monitor (aliend): Detected no space aliens.
[2015/11/04 11:41:26.607] (INFO) Pinging watchdog timer process: Process is alive.
[2015/11/04 11:41:26.607] (INFO) Waiting for monitor process (PID 9999) to die.
[2015/11/04 11:41:26.607] (INFO) User "krk2124" logged out.
[2015/11/04 11:41:26.607] (INFO) Backed up all server logs.
[2015/11/04 11:41:26.607] (INFO) Backed up all server logs.
[2015/11/04 11:41:26.607] (INFO) User "err9731" logged out due to inactivity (timeout=30 minutes).
[2015/11/04 11:41:26.607] (INFO) .evian ylbirret si emehcs otpyrc ym neht ,siht daer nac uoy fI
[2015/11/04 11:41:26.607] (INFO) Rolling 7 log file(s)...
[2015/11/04 11:41:26.607] (ERROR) Directory index of "/var/data" is forbidden.
[2015/11/04 11:41:26.607] (ERROR) Extra characters at end of line.
[2015/11/04 11:41:26.607] (INFO) Sending SIGTERM to 4 excess workers.
[2015/11/04 11:41:26.607] (INFO) Backed up all server logs.
[2015/11/04 11:41:26.607] (WARN) Unable to ping master at 10.247.51.175. Retrying.
[2015/11/04 11:41:26.607] (INFO) User "edx1527" logged in from 172.16.223.19.
[2015/11/04 11:41:26.607] (ERROR) Worker 2 died with SIGSTOP. Restarting it.
[2015/11/04 11:41:26.607] (WARN) Unable to ping monitor at 172.16.223.140. Retrying.
[2015/11/04 11:41:26.607] (INFO) Checkpointing off-heap server memory...
[2015/11/04 11:41:26.607] (INFO) Waiting for monitor process (PID 24968) to die.
[2015/11/04 11:41:26.607] (INFO) Network heartbeat check: All OK.
[2015/11/04 11:41:26.607] (WARN) Watchdog timer crashed. Restarting it.
[2015/11/04 11:41:26.607] (INFO) Your mother called. She says you never call her.
[2015/11/04 11:41:26.607] (INFO) Waiting for monitor process (PID 3179) to die.
[2015/11/04 11:41:27.107] (INFO) Sending SIGTERM to 4 excess workers.
[2015/11/04 11:41:27.107] (INFO) .evian ylbirret si emehcs otpyrc ym neht ,siht daer nac uoy fI
[2015/11/04 11:41:27.107] (INFO) User "tlo9018" logged in from 192.168.167.54.
[2015/11/04 11:41:27.107] (INFO) Waiting for master process (PID 6171) to die.
[2015/11/04 11:41:27.107] (ERROR) Worker 2 died with SIGSEGV. Restarting it.
[2015/11/04 11:41:27.107] (INFO) Sending SIGTERM to 2 excess workers.
[2015/11/04 11:41:27.107] (INFO) Pinging watchdog timer process: Process is alive.
[2015/11/04 11:41:27.107] (INFO) Network heartbeat check: All OK.
[2015/11/04 11:41:27.107] (INFO) User "phw9764" logged out.
[2015/11/04 11:41:27.107] (WARN) Space on disk /dev/sda1 is low: Only 836 MB available.
[2015/11/04 11:41:27.107] (INFO) Alien monitor (aliend): Detected no space aliens.
[2015/11/04 11:41:27.107] (INFO) Network heartbeat check: All OK.
[2015/11/04 11:41:27.107] (INFO) User "qvi5846" logged out.
[2015/11/04 11:41:27.107] (INFO) Network heartbeat check: All OK.
[2015/11/04 11:41:27.107] (INFO) Backed up all server logs.
[2015/11/04 11:41:27.107] (INFO) Checkpointing off-heap server memory...
[2015/11/04 11:41:27.107] (INFO) Alien monitor (aliend): Detected no space aliens.
[2015/11/04 11:41:27.107] (INFO) User "xjs9295" logged out.
[2015/11/04 11:41:27.107] (INFO) Flushed 55 buffers to disk.
[2015/11/04 11:41:27.107] (INFO) Backed up all server logs.
[2015/11/04 11:41:27.107] (INFO) Sending SIGTERM to 3 excess workers.
[2015/11/04 11:41:27.107] (INFO) Rolling 7 log file(s)...
[2015/11/04 11:41:27.107] (WARN) Unable to ping supervisor at 192.168.114.241. Retrying.
[2015/11/04 11:41:27.107] (ERROR) "/var/data/MNJLY59582.txt": No such file or directory (ENOENT)
[2015/11/04 11:41:27.107] (INFO) User "dnr8939" logged out.
[2015/11/04 11:41:27.107] (INFO) Your mother called. She says you never call her.
[2015/11/04 11:41:27.107] (WARN) Backup server 172.16.135.13 is offline.
[2015/11/04 11:41:27.107] (ERROR) Directory index of "/var/data" is forbidden.
[2015/11/04 11:41:27.107] (INFO) Sending SIGTERM to 2 excess workers.
[2015/11/04 11:41:27.107] (INFO) User "sbt8145" logged out.
[2015/11/04 11:41:27.107] (WARN) Network heartbeat check: 7 server(s) did not respond.
[2015/11/04 11:41:27.107] (ERROR) "/var/data/fJBaf62250.tar.gz": Permission denied (EACCES)
[2015/11/04 11:41:27.107] (INFO) User "ijg1888" logged out.
[2015/11/04 11:41:27.107] (INFO) Rolling 3 log file(s)...
[2015/11/04 11:41:27.107] (WARN) Space on disk /dev/sdd4 is low: Only 777 MB available.
[2015/11/04 11:41:27.107] (INFO) Checked file systems for errors: All filesystems OK.
[2015/11/04 11:41:27.107] (INFO) Device 0x90c6 is online.
[2015/11/04 11:41:27.107] (ERROR) One of the flayrods has gone out askew on treadle.
[2015/11/04 11:41:27.107] (INFO) Device 0x4cd7 is online.
[2015/11/04 11:41:27.107] (INFO) Waiting for monitor process (PID 41873) to die.
[2015/11/04 11:41:27.107] (INFO) Waiting for supervisor process (PID 628) to die.
[2015/11/04 11:41:27.107] (INFO) Supervisor has entered SUSPENDED state.
[2015/11/04 11:41:27.107] (ERROR) Blocked Little Bobby Tables attack (https://xkcd.com/327/) from 10.24.53.245.
[2015/11/04 11:41:27.107] (INFO) Sending SIGTERM to 3 excess workers.
[2015/11/04 11:41:27.107] (INFO) Rolling 5 log file(s)...
[2015/11/04 11:41:27.107] (INFO) Sending SIGTERM to 3 excess workers.
[2015/11/04 11:41:27.107] (ERROR) Unable to mount /dev/sdb4. (Time to run fsck?)
[2015/11/04 11:41:27.107] (INFO) Flushed 81 buffers to disk.
[2015/11/04 11:41:27.107] (INFO) Checkpointing off-heap server memory...
[2015/11/04 11:41:27.107] (INFO) Network heartbeat check: All OK.
[2015/11/04 11:41:27.107] (WARN) Retrying server log checkpoint.
[2015/11/04 11:41:27.107] (INFO) Alien monitor (aliend): Detected no space aliens.
[2015/11/04 11:41:27.107] (INFO) .evian ylbirret si emehcs otpyrc ym neht ,siht daer nac uoy fI
[2015/11/04 11:41:27.107] (INFO) Pinging watchdog timer process: Process is alive.
[2015/11/04 11:41:27.107] (INFO) Pinging watchdog timer process: Process is alive.
[2015/11/04 11:41:27.107] (INFO) User "ryj8626" logged out due to inactivity (timeout=30 minutes).
[2015/11/04 11:41:27.107] (INFO) User "hhg9830" logged in from 192.168.92.133.
[2015/11/04 11:41:27.107] (INFO) Flushed 70 buffers to disk.
[2015/11/04 11:41:27.107] (INFO) Rolling 1 log file(s)...
[2015/11/04 11:41:27.107] (INFO) User "kyn3777" logged in from 172.16.90.122.
[2015/11/04 11:41:27.107] (INFO) Backed up all server logs.
[2015/11/04 11:41:27.107] (INFO) Pinging watchdog timer process: Process is alive.
[2015/11/04 11:41:27.107] (WARN) Dropped 17,412 corrupt data packets.
[2015/11/04 11:41:27.107] (INFO) Sending SIGTERM to 3 excess workers.
[2015/11/04 11:41:27.107] (INFO) Device 0xa59f is online.
[2015/11/04 11:41:27.107] (WARN) Unable to ping monitor at 192.168.6.252. Retrying.
[2015/11/04 11:41:27.107] (INFO) Backed up all server logs.
[2015/11/04 11:41:27.107] (INFO) Checkpointing off-heap server memory...
[2015/11/04 11:41:27.107] (INFO) Waiting for master process (PID 20188) to die.
[2015/11/04 11:41:27.107] (INFO) .evian ylbirret si emehcs otpyrc ym neht ,siht daer nac uoy fI
[2015/11/04 11:41:27.107] (INFO) Checkpointing off-heap server memory...
[2015/11/04 11:41:27.107] (INFO) Alien monitor (aliend): Detected no space aliens.
[2015/11/04 11:41:27.107] (INFO) Flushed 45 buffers to disk.
[2015/11/04 11:41:27.107] (INFO) Backed up all server logs.
[2015/11/04 11:41:27.107] (INFO) Supervisor has entered SUSPENDED state.
[2015/11/04 11:41:27.107] (INFO) Alien monitor (aliend): Detected no space aliens.
[2015/11/04 11:41:27.107] (INFO) Checkpointing off-heap server memory...
[2015/11/04 11:41:27.107] (INFO) .evian ylbirret si emehcs otpyrc ym neht ,siht daer nac uoy fI
[2015/11/04 11:41:27.107] (ERROR) Network heartbeat check FAILED: Master host down?
[2015/11/04 11:41:27.107] (INFO) User "hfy3800" logged out.
[2015/11/04 11:41:27.107] (INFO) User "oyf4255" logged out due to inactivity (timeout=30 minutes).
[2015/11/04 11:41:27.107] (INFO) User "kkp4272" logged in from 192.168.26.233.
[2015/11/04 11:41:27.107] (ERROR) Extra characters at end of line.
[2015/11/04 11:41:27.107] (INFO) Supervisor has entered RESTARTING state.
[2015/11/04 11:41:27.107] (INFO) Supervisor has entered RESTARTING state.
[2015/11/04 11:41:27.107] (WARN) Space on disk /dev/sdf4 is low: Only 678 MB available.
[2015/11/04 11:41:27.107] (ERROR) One of the flayrods has gone out askew on treadle.
[2015/11/04 11:41:27.107] (INFO) Sending SIGTERM to 3 excess workers.
[2015/11/04 11:41:27.107] (INFO) Checkpointing off-heap server memory...
[2015/11/04 11:41:27.107] (ERROR) "/var/data/SrKOP77169.xml": Permission denied (EACCES)
[2015/11/04 11:41:27.107] (INFO) Checked file systems for errors: All filesystems OK.
[2015/11/04 11:41:27.107] (INFO) Your mother called. She says you never call her.
[2015/11/04 11:41:27.107] (INFO) Device 0x14c0 is online.
[2015/11/04 11:41:27.107] (INFO) Backed up all server logs.
[2015/11/04 11:41:27.107] (ERROR) Directory index of "/var/data" is forbidden.
[2015/11/04 11:41:27.107] (INFO) Your mother called. She says you never call her.
[2015/11/04 11:41:27.107] (INFO) User "ogr8519" logged in from 192.168.251.116.
[2015/11/04 11:41:27.107] (INFO) Pinging watchdog timer process: Process is alive.
[2015/11/04 11:41:27.107] (INFO) Device 0x8c84 is online.
[2015/11/04 11:41:27.107] (INFO) Pinging watchdog timer process: Process is alive.
[2015/11/04 11:41:27.607] (WARN) Master took 692 ms to respond (threshold=500 ms)
[2015/11/04 11:41:27.607] (INFO) Your mother called. She says you never call her.
[2015/11/04 11:41:27.607] (INFO) Pinging watchdog timer process: Process is alive.
[2015/11/04 11:41:27.607] (INFO) User "ndi1867" logged out due to inactivity (timeout=30 minutes).
[2015/11/04 11:41:27.607] (WARN) Backup server 192.168.59.36 is offline.
[2015/11/04 11:41:27.607] (INFO) Backed up all server logs.
[2015/11/04 11:41:27.607] (INFO) Network heartbeat check: All OK.
[2015/11/04 11:41:27.607] (INFO) Backed up all server logs.
[2015/11/04 11:41:27.607] (INFO) Sending SIGTERM to 2 excess workers.
[2015/11/04 11:41:27.607] (INFO) Pinging watchdog timer process: Process is alive.
[2015/11/04 11:41:27.607] (INFO) Alien monitor (aliend): Detected no space aliens.
[2015/11/04 11:41:27.607] (ERROR) Detected incoming DDoS from 172.16.155.133.
[2015/11/04 11:41:27.607] (INFO) Sending SIGTERM to 4 excess workers.
[2015/11/04 11:41:27.607] (INFO) Your mother called. She says you never call her.
[2015/11/04 11:41:27.607] (INFO) Pinging watchdog timer process: Process is alive.
[2015/11/04 11:41:27.607] (INFO) User "mda5898" logged out due to inactivity (timeout=30 minutes).
[2015/11/04 11:41:27.607] (INFO) Checked file systems for errors: All filesystems OK.
[2015/11/04 11:41:27.607] (INFO) Your mother called. She says you never call her.
[2015/11/04 11:41:27.607] (INFO) Rolling 5 log file(s)...
[2015/11/04 11:41:27.607] (INFO) Waiting for worker process (PID 3176) to die.
[2015/11/04 11:41:27.607] (INFO) Rolling 9 log file(s)...
[2015/11/04 11:41:27.607] (ERROR) Blocked Little Bobby Tables attack (https://xkcd.com/327/) from 10.206.136.168.
[2015/11/04 11:41:27.607] (INFO) User "yws5801" logged out due to inactivity (timeout=30 minutes).
[2015/11/04 11:41:27.607] (INFO) Alien monitor (aliend): Detected no space aliens.
[2015/11/04 11:41:27.607] (ERROR) Detected incoming DDoS from 172.16.18.182.
[2015/11/04 11:41:27.607] (WARN) There is no such thing as a free lunch.
[2015/11/04 11:41:27.607] (INFO) Your mother called. She says you never call her.
[2015/11/04 11:41:27.607] (INFO) .evian ylbirret si emehcs otpyrc ym neht ,siht daer nac uoy fI
[2015/11/04 11:41:27.607] (INFO) Network heartbeat check: All OK.
[2015/11/04 11:41:27.607] (INFO) Alien monitor (aliend): Detected no space aliens.
[2015/11/04 11:41:27.607] (INFO) Backed up all server logs.
[2015/11/04 11:41:27.607] (INFO) Backed up all server logs.
[2015/11/04 11:41:27.607] (INFO) Your mother called. She says you never call her.
[2015/11/04 11:41:27.607] (INFO) Checked file systems for errors: All filesystems OK.
[2015/11/04 11:41:27.607] (INFO) Device 0xdb5c is online.
[2015/11/04 11:41:27.607] (ERROR) Detected clock skew! Restarting NTP server.
[2015/11/04 11:41:27.607] (INFO) Checkpointing off-heap server memory...
[2015/11/04 11:41:27.607] (INFO) Flushed 42 buffers to disk.
[2015/11/04 11:41:27.607] (INFO) User "pki8709" logged out due to inactivity (timeout=30 minutes).
[2015/11/04 11:41:27.607] (ERROR) Blocked Little Bobby Tables attack (https://xkcd.com/327/) from 172.16.117.201.
[2015/11/04 11:41:27.607] (INFO) Rolling 3 log file(s)...
[2015/11/04 11:41:27.607] (INFO) Backed up all server logs.
[2015/11/04 11:41:27.607] (INFO) Rolling 9 log file(s)...
[2015/11/04 11:41:27.607] (INFO) Device 0xe03a is online.
[2015/11/04 11:41:27.607] (INFO) Sending SIGTERM to 3 excess workers.
[2015/11/04 11:41:27.607] (INFO) Backed up all server logs.
[2015/11/04 11:41:27.607] (INFO) Device 0x10c3 is online.
[2015/11/04 11:41:27.607] (INFO) .evian ylbirret si emehcs otpyrc ym neht ,siht daer nac uoy fI
[2015/11/04 11:41:27.607] (ERROR) Failed to open "/mnt/fileserver01/wEmRn59684.tar.gz": NFS timeout.
[2015/11/04 11:41:27.607] (INFO) Pinging watchdog timer process: Process is alive.
[2015/11/04 11:41:27.607] (INFO) Your mother called. She says you never call her.
[2015/11/04 11:41:27.607] (INFO) Rolling 1 log file(s)...
[2015/11/04 11:41:27.607] (INFO) Supervisor has entered RESTARTING state.
[2015/11/04 11:41:27.607] (INFO) User "acy3687" logged in from 192.168.186.101.
[2015/11/04 11:41:27.607] (INFO) User "hxe7313" logged out.
[2015/11/04 11:41:27.607] (INFO) .evian ylbirret si emehcs otpyrc ym neht ,siht daer nac uoy fI
[2015/11/04 11:41:27.607] (INFO) Waiting for monitor process (PID 21983) to die.
[2015/11/04 11:41:27.607] (INFO) Network heartbeat check: All OK.
[2015/11/04 11:41:27.607] (INFO) Pinging watchdog timer process: Process is alive.
[2015/11/04 11:41:27.607] (INFO) Network heartbeat check: All OK.
[2015/11/04 11:41:27.607] (WARN) CPU temperature exceeds 40º Celsius.
[2015/11/04 11:41:27.607] (INFO) Backed up all server logs.
[2015/11/04 11:41:27.607] (INFO) Device 0x81a6 is online.
[2015/11/04 11:41:27.607] (INFO) Waiting for master process (PID 44716) to die.
[2015/11/04 11:41:27.607] (ERROR) CPU temperature exceeds 50º Celsius. Shutting down.
[2015/11/04 11:41:27.607] (INFO) Backed up all server logs.
[2015/11/04 11:41:27.607] (INFO) User "gjz5411" logged out due to inactivity (timeout=30 minutes).
[2015/11/04 11:41:27.607] (INFO) Pinging watchdog timer process: Process is alive.
[2015/11/04 11:41:27.607] (INFO) Pinging watchdog timer process: Process is alive.
[2015/11/04 11:41:27.607] (ERROR) Connection to 172.16.222.251 terminated unexpectedly. Reconnecting.
[2015/11/04 11:41:27.607] (INFO) User "mwl2733" logged out due to inactivity (timeout=30 minutes).
[2015/11/04 11:41:27.607] (INFO) Alien monitor (aliend): Detected no space aliens.
[2015/11/04 11:41:27.607] (INFO) Supervisor has entered RESTARTING state.
[2015/11/04 11:41:27.607] (INFO) Device 0x3e35 is online.
[2015/11/04 11:41:27.607] (INFO) User "niq3169" logged in from 10.13.121.226.
[2015/11/04 11:41:27.607] (INFO) Your mother called. She says you never call her.
[2015/11/04 11:41:27.607] (INFO) Device 0x4097 is online.
[2015/11/04 11:41:27.607] (INFO) Supervisor has entered RESTARTING state.
[2015/11/04 11:41:27.607] (INFO) Sending SIGTERM to 2 excess workers.
[2015/11/04 11:41:27.607] (INFO) Device 0xd94e is online.
[2015/11/04 11:41:27.607] (WARN) Space on disk /dev/sdb4 is low: Only 370 MB available.
[2015/11/04 11:41:27.607] (INFO) Rolling 5 log file(s)...
[2015/11/04 11:41:27.607] (INFO) Waiting for supervisor process (PID 15354) to die.
[2015/11/04 11:41:27.607] (INFO) Backed up all server logs.
[2015/11/04 11:41:27.607] (INFO) Rolling 2 log file(s)...
[2015/11/04 11:41:27.607] (INFO) Rolling 7 log file(s)...
[2015/11/04 11:41:27.607] (INFO) Supervisor has entered SUSPENDED state.
[2015/11/04 11:41:27.607] (INFO) Alien monitor (aliend): Detected no space aliens.
[2015/11/04 11:41:27.607] (INFO) Checkpointing off-heap server memory...
[2015/11/04 11:41:27.607] (INFO) User "duf7405" logged out due to inactivity (timeout=30 minutes).
[2015/11/04 11:41:27.607] (WARN) Ignoring SIGTERM. It's not that easy to get rid of me.
[2015/11/04 11:41:27.607] (INFO) Checkpointing off-heap server memory...
[2015/11/04 11:41:27.607] (WARN) Retrying server log checkpoint.
[2015/11/04 11:41:27.607] (INFO) User "xcl7005" logged out.
[2015/11/04 11:41:27.607] (INFO) Alien monitor (aliend): Detected no space aliens.
[2015/11/04 11:41:27.607] (WARN) Retrying server log checkpoint.
[2015/11/04 11:41:27.607] (INFO) Sending SIGTERM to 2 excess workers.
[2015/11/04 11:41:27.607] (INFO) Alien monitor (aliend): Detected no space aliens.
[2015/11/04 11:41:27.607] (INFO) Backed up all server logs.
[2015/11/04 11:41:27.607] (INFO) Backed up all server logs.
[2015/11/04 11:41:28.107] (INFO) Device 0x8c16 is online.
[2015/11/04 11:41:28.107] (INFO) Checked file systems for errors: All filesystems OK.
[2015/11/04 11:41:28.107] (INFO) Backed up all server logs.
[2015/11/04 11:41:28.107] (INFO) User "mtf8655" logged in from 172.16.2.60.
[2015/11/04 11:41:28.107] (INFO) User "deg6481" logged in from 192.168.58.100.
[2015/11/04 11:41:28.107] (INFO) Waiting for worker process (PID 59628) to die.
[2015/11/04 11:41:28.107] (INFO) Checked file systems for errors: All filesystems OK.
[2015/11/04 11:41:28.107] (INFO) Rolling 3 log file(s)...
[2015/11/04 11:41:28.107] (INFO) Checked file systems for errors: All filesystems OK.
[2015/11/04 11:41:28.107] (INFO) User "csl2008" logged out due to inactivity (timeout=30 minutes).
[2015/11/04 11:41:28.107] (INFO) User "dwc7018" logged in from 192.168.79.252.
[2015/11/04 11:41:28.107] (INFO) Your mother called. She says you never call her.
[2015/11/04 11:41:28.107] (INFO) Sending SIGTERM to 4 excess workers.
[2015/11/04 11:41:28.107] (INFO) Sending SIGTERM to 2 excess workers.
[2015/11/04 11:41:28.107] (WARN) Master took 558 ms to respond (threshold=500 ms)
[2015/11/04 11:41:28.107] (INFO) Rolling 8 log file(s)...
[2015/11/04 11:41:28.107] (INFO) Waiting for monitor process (PID 30155) to die.
[2015/11/04 11:41:28.107] (INFO) Backed up all server logs.
[2015/11/04 11:41:28.107] (INFO) .evian ylbirret si emehcs otpyrc ym neht ,siht daer nac uoy fI
[2015/11/04 11:41:28.107] (INFO) .evian ylbirret si emehcs otpyrc ym neht ,siht daer nac uoy fI
[2015/11/04 11:41:28.107] (INFO) Pinging watchdog timer process: Process is alive.
[2015/11/04 11:41:28.107] (INFO) Flushed 89 buffers to disk.
[2015/11/04 11:41:28.107] (INFO) Alien monitor (aliend): Detected no space aliens.
[2015/11/04 11:41:28.107] (INFO) Supervisor has entered WAITING state.
[2015/11/04 11:41:28.107] (ERROR) Unable to authenticate user "cak5178": LDAP server isn't responding.
[2015/11/04 11:41:28.107] (INFO) Flushed 40 buffers to disk.
[2015/11/04 11:41:28.107] (INFO) Supervisor has entered RUNNING state.
[2015/11/04 11:41:28.107] (ERROR) User "xwg7963" failed to log in 3 times. Disabling account.
[2015/11/04 11:41:28.107] (INFO) Flushed 65 buffers to disk.
[2015/11/04 11:41:28.107] (INFO) Waiting for supervisor process (PID 3664) to die.
[2015/11/04 11:41:28.107] (INFO) Flushed 22 buffers to disk.
[2015/11/04 11:41:28.107] (INFO) Network heartbeat check: All OK.
[2015/11/04 11:41:28.107] (INFO) Rolling 1 log file(s)...
[2015/11/04 11:41:28.107] (INFO) User "ghs3437" logged out.
[2015/11/04 11:41:28.107] (INFO) Checkpointing off-heap server memory...
[2015/11/04 11:41:28.107] (INFO) Flushed 85 buffers to disk.
[2015/11/04 11:41:28.107] (INFO) Sending SIGTERM to 3 excess workers.
[2015/11/04 11:41:28.107] (INFO) Checked file systems for errors: All filesystems OK.
[2015/11/04 11:41:28.107] (INFO) Device 0xa57c is online.
[2015/11/04 11:41:28.107] (INFO) Sending SIGTERM to 4 excess workers.
[2015/11/04 11:41:28.107] (INFO) Your mother called. She says you never call her.
[2015/11/04 11:41:28.107] (WARN) Space on disk /dev/sda3 is low: Only 421 MB available.
[2015/11/04 11:41:28.107] (INFO) Rolling 8 log file(s)...
[2015/11/04 11:41:28.107] (INFO) Device 0x67f8 is online.
[2015/11/04 11:41:28.107] (INFO) Pinging watchdog timer process: Process is alive.
[2015/11/04 11:41:28.107] (INFO) Network heartbeat check: All OK.
[2015/11/04 11:41:28.107] (WARN) Possible cyber-attack from Alpha Centauri.
[2015/11/04 11:41:28.107] (INFO) Backed up all server logs.
[2015/11/04 11:41:28.107] (ERROR) Unable to authenticate user "tbk5190": LDAP server isn't responding.
[2015/11/04 11:41:28.107] (INFO) Alien monitor (aliend): Detected no space aliens.
[2015/11/04 11:41:28.107] (WARN) Possible cyber-attack from Russia.
[2015/11/04 11:41:28.107] (INFO) Checkpointing off-heap server memory...
[2015/11/04 11:41:28.107] (INFO) Supervisor has entered SUSPENDED state.
[2015/11/04 11:41:28.107] (INFO) User "gdl1788" logged in from 172.16.52.222.
[2015/11/04 11:41:28.107] (INFO) Backed up all server logs.
[2015/11/04 11:41:28.107] (INFO) Flushed 30 buffers to disk.
[2015/11/04 11:41:28.107] (ERROR) One of the flayrods has gone out askew on treadle.
[2015/11/04 11:41:28.107] (INFO) Waiting for master process (PID 52745) to die.
[2015/11/04 11:41:28.107] (INFO) User "ubv1028" logged out due to inactivity (timeout=30 minutes).
[2015/11/04 11:41:28.107] (INFO) Network heartbeat check: All OK.
[2015/11/04 11:41:28.107] (INFO) Waiting for worker process (PID 57443) to die.
[2015/11/04 11:41:28.107] (WARN) Backup server 10.5.245.136 is offline.
[2015/11/04 11:41:28.107] (INFO) User "hqw1681" logged in from 192.168.251.77.
[2015/11/04 11:41:28.107] (INFO) User "kux6887" logged out due to inactivity (timeout=30 minutes).
[2015/11/04 11:41:28.107] (WARN) CPU temperature exceeds 40º Celsius.
[2015/11/04 11:41:28.107] (INFO) Checkpointing off-heap server memory...
[2015/11/04 11:41:28.107] (INFO) Device 0xf92f is online.
[2015/11/04 11:41:28.107] (WARN) There is no such thing as a free lunch.
[2015/11/04 11:41:28.107] (ERROR) One of the flayrods has gone out askew on treadle.
[2015/11/04 11:41:28.107] (INFO) Supervisor has entered WAITING state.
[2015/11/04 11:41:28.107] (INFO) User "cst9129" logged out due to inactivity (timeout=30 minutes).
[2015/11/04 11:41:28.107] (INFO) Sending SIGTERM to 2 excess workers.
[2015/11/04 11:41:28.107] (INFO) Device 0x41ee is online.
[2015/11/04 11:41:28.107] (INFO) User "mvz6890" logged in from 192.168.202.119.
[2015/11/04 11:41:28.107] (ERROR) One of the flayrods has gone out askew on treadle.
[2015/11/04 11:41:28.107] (INFO) User "ibh7386" logged out.
[2015/11/04 11:41:28.107] (ERROR) /dev/lp error: "PC LOAD LETTER"
[2015/11/04 11:41:28.107] (INFO) User "ghh3400" logged out due to inactivity (timeout=30 minutes).
[2015/11/04 11:41:28.107] (INFO) Flushed 46 buffers to disk.
[2015/11/04 11:41:28.107] (WARN) Space on disk /dev/sda1 is low: Only 312 MB available.
[2015/11/04 11:41:28.107] (INFO) Checkpointing off-heap server memory...
[2015/11/04 11:41:28.107] (INFO) Pinging watchdog timer process: Process is alive.
[2015/11/04 11:41:28.107] (ERROR) "/var/data/mFDgv70543.parquet": No such file or directory (ENOENT)
[2015/11/04 11:41:28.107] (INFO) Backed up all server logs.
[2015/11/04 11:41:28.107] (INFO) Alien monitor (aliend): Detected no space aliens.
[2015/11/04 11:41:28.107] (INFO) Alien monitor (aliend): Detected no space aliens.
[2015/11/04 11:41:28.107] (INFO) User "mxw2585" logged in from 192.168.86.112.
[2015/11/04 11:41:28.107] (INFO) Waiting for master process (PID 40588) to die.
[2015/11/04 11:41:28.107] (INFO) User "ngv4545" logged in from 172.16.89.165.
[2015/11/04 11:41:28.107] (INFO) Pinging watchdog timer process: Process is alive.
[2015/11/04 11:41:28.107] (WARN) Watchdog timer crashed. Restarting it.
[2015/11/04 11:41:28.107] (ERROR) Unable to authenticate user "lem5408": LDAP server isn't responding.
[2015/11/04 11:41:28.107] (INFO) Supervisor has entered RESTARTING state.
[2015/11/04 11:41:28.107] (INFO) Backed up all server logs.
[2015/11/04 11:41:28.107] (WARN) Backup server 192.168.65.159 is offline.
[2015/11/04 11:41:28.107] (INFO) .evian ylbirret si emehcs otpyrc ym neht ,siht daer nac uoy fI
[2015/11/04 11:41:28.107] (INFO) Pinging watchdog timer process: Process is alive.
[2015/11/04 11:41:28.107] (INFO) Supervisor has entered RESTARTING state.
[2015/11/04 11:41:28.107] (INFO) Supervisor has entered WAITING state.
[2015/11/04 11:41:28.107] (INFO) Device 0x1eb9 is online.
[2015/11/04 11:41:28.607] (INFO) Flushed 56 buffers to disk.
[2015/11/04 11:41:28.607] (INFO) Checkpointing off-heap server memory...
[2015/11/04 11:41:28.607] (WARN) Ignoring SIGTERM. It's not that easy to get rid of me.
[2015/11/04 11:41:28.607] (ERROR) Server log backup FAILED. See backup logs.
[2015/11/04 11:41:28.607] (INFO) .evian ylbirret si emehcs otpyrc ym neht ,siht daer nac uoy fI
[2015/11/04 11:41:28.607] (WARN) Unable to ping master at 192.168.167.143. Retrying.
[2015/11/04 11:41:28.607] (INFO) Backed up all server logs.
[2015/11/04 11:41:28.607] (INFO) Checkpointing off-heap server memory...
[2015/11/04 11:41:28.607] (WARN) There is no such thing as a free lunch.
[2015/11/04 11:41:28.607] (INFO) Device 0x6484 is online.
[2015/11/04 11:41:28.607] (INFO) Rolling 7 log file(s)...
[2015/11/04 11:41:28.607] (INFO) User "pru7440" logged out due to inactivity (timeout=30 minutes).
[2015/11/04 11:41:28.607] (INFO) Sending SIGTERM to 4 excess workers.
[2015/11/04 11:41:28.607] (INFO) Sending SIGTERM to 4 excess workers.
[2015/11/04 11:41:28.607] (INFO) Device 0x6dc7 is online.
[2015/11/04 11:41:28.607] (WARN) CPU temperature exceeds 40º Celsius.
[2015/11/04 11:41:28.607] (INFO) Alien monitor (aliend): Detected no space aliens.
[2015/11/04 11:41:28.607] (INFO) Checkpointing off-heap server memory...
[2015/11/04 11:41:28.607] (INFO) Waiting for supervisor process (PID 59928) to die.
[2015/11/04 11:41:28.607] (INFO) Pinging watchdog timer process: Process is alive.
[2015/11/04 11:41:28.607] (WARN) Space on disk /dev/sdd3 is low: Only 655 MB available.
[2015/11/04 11:41:28.607] (INFO) Alien monitor (aliend): Detected no space aliens.
[2015/11/04 11:41:28.607] (WARN) Watchdog timer crashed. Restarting it.
[2015/11/04 11:41:28.607] (ERROR) Extra characters at end of line.
[2015/11/04 11:41:28.607] (INFO) Alien monitor (aliend): Detected no space aliens.
[2015/11/04 11:41:28.607] (INFO) Device 0xf7f8 is online.
[2015/11/04 11:41:28.607] (INFO) Your mother called. She says you never call her.
[2015/11/04 11:41:28.607] (WARN) There is no such thing as a free lunch.
[2015/11/04 11:41:28.607] (WARN) Backup server 10.113.128.45 is offline.
[2015/11/04 11:41:28.607] (INFO) Pinging watchdog timer process: Process is alive.
[2015/11/04 11:41:28.607] (INFO) User "aui9304" logged out.
[2015/11/04 11:41:28.607] (INFO) Your mother called. She says you never call her.
[2015/11/04 11:41:28.607] (INFO) Waiting for worker process (PID 63052) to die.
[2015/11/04 11:41:28.607] (INFO) Alien monitor (aliend): Detected no space aliens.
[2015/11/04 11:41:28.607] (INFO) Backed up all server logs.
[2015/11/04 11:41:28.607] (INFO) Network heartbeat check: All OK.
[2015/11/04 11:41:28.607] (INFO) User "tqx8737" logged out.
[2015/11/04 11:41:28.607] (INFO) Checkpointing off-heap server memory...
[2015/11/04 11:41:28.607] (INFO) User "eft4939" logged out due to inactivity (timeout=30 minutes).
[2015/11/04 11:41:28.607] (INFO) Checkpointing off-heap server memory...
[2015/11/04 11:41:28.607] (WARN) Backup server 172.16.138.168 is offline.
[2015/11/04 11:41:28.607] (INFO) Backed up all server logs.
[2015/11/04 11:41:28.607] (INFO) Your mother called. She says you never call her.
[2015/11/04 11:41:28.607] (INFO) Your mother called. She says you never call her.
[2015/11/04 11:41:28.607] (ERROR) Alien monitor (aliend): 2 space aliens are fiddling with the hardware!
[2015/11/04 11:41:28.607] (INFO) Checked file systems for errors: All filesystems OK.
[2015/11/04 11:41:28.607] (INFO) Checkpointing off-heap server memory...
[2015/11/04 11:41:28.607] (ERROR) Unable to mount /dev/sdd4. (Time to run fsck?)
[2015/11/04 11:41:28.607] (INFO) Backed up all server logs.
[2015/11/04 11:41:28.607] (WARN) Backup server 192.168.47.72 is offline.
[2015/11/04 11:41:28.607] (INFO) Checked file systems for errors: All filesystems OK.
[2015/11/04 11:41:28.607] (INFO) Rolling 7 log file(s)...
[2015/11/04 11:41:28.607] (INFO) Your mother called. She says you never call her.
[2015/11/04 11:41:28.607] (INFO) Network heartbeat check: All OK.
[2015/11/04 11:41:28.607] (INFO) Device 0x0812 is online.
[2015/11/04 11:41:28.607] (ERROR) Blocked BitTorrent traffic originating from 10.117.242.30.
[2015/11/04 11:41:28.607] (INFO) Checkpointing off-heap server memory...
[2015/11/04 11:41:28.607] (INFO) Flushed 23 buffers to disk.
[2015/11/04 11:41:28.607] (INFO) User "pqv4251" logged in from 172.16.94.194.
[2015/11/04 11:41:28.607] (INFO) Supervisor has entered WAITING state.
[2015/11/04 11:41:28.607] (INFO) Your mother called. She says you never call her.
[2015/11/04 11:41:28.607] (INFO) Pinging watchdog timer process: Process is alive.
[2015/11/04 11:41:28.607] (INFO) Flushed 50 buffers to disk.
[2015/11/04 11:41:28.607] (INFO) Flushed 71 buffers to disk.
[2015/11/04 11:41:28.607] (INFO) Flushed 84 buffers to disk.
[2015/11/04 11:41:28.607] (INFO) Sending SIGTERM to 4 excess workers.
[2015/11/04 11:41:28.607] (INFO) Alien monitor (aliend): Detected no space aliens.
[2015/11/04 11:41:28.607] (ERROR) Unable to authenticate user "xov8526": LDAP server isn't responding.
[2015/11/04 11:41:28.607] (INFO) User "rqj9374" logged out due to inactivity (timeout=30 minutes).
[2015/11/04 11:41:28.607] (INFO) Device 0xdeb1 is online.
[2015/11/04 11:41:28.607] (INFO) Rolling 6 log file(s)...
[2015/11/04 11:41:28.607] (INFO) Checkpointing off-heap server memory...
[2015/11/04 11:41:28.607] (INFO) Checked file systems for errors: All filesystems OK.
[2015/11/04 11:41:28.607] (INFO) Flushed 83 buffers to disk.
[2015/11/04 11:41:28.607] (WARN) Backup server 192.168.86.183 is offline.
[2015/11/04 11:41:28.607] (WARN) Watchdog timer crashed. Restarting it.
[2015/11/04 11:41:28.607] (INFO) Network heartbeat check: All OK.
[2015/11/04 11:41:28.607] (INFO) Checkpointing off-heap server memory...
[2015/11/04 11:41:28.607] (INFO) User "mji6626" logged in from 10.248.242.213.
[2015/11/04 11:41:28.607] (INFO) User "wvq5556" logged out due to inactivity (timeout=30 minutes).
[2015/11/04 11:41:28.607] (INFO) Your mother called. She says you never call her.
[2015/11/04 11:41:28.607] (INFO) Your mother called. She says you never call her.
[2015/11/04 11:41:28.607] (INFO) Rolling 3 log file(s)...
[2015/11/04 11:41:28.607] (WARN) Master took 516 ms to respond (threshold=500 ms)
[2015/11/04 11:41:28.607] (INFO) .evian ylbirret si emehcs otpyrc ym neht ,siht daer nac uoy fI
[2015/11/04 11:41:28.607] (INFO) Backed up all server logs.
[2015/11/04 11:41:28.607] (ERROR) Failed to write checkpoint file "/var/checkpoint/XtSog84263: No space left on device (ENOSPC)
[2015/11/04 11:41:28.607] (INFO) User "qtk7208" logged in from 192.168.72.74.
[2015/11/04 11:41:28.607] (INFO) Rolling 5 log file(s)...
[2015/11/04 11:41:28.607] (INFO) User "evk9327" logged out due to inactivity (timeout=30 minutes).
[2015/11/04 11:41:28.607] (INFO) Pinging watchdog timer process: Process is alive.
[2015/11/04 11:41:28.607] (ERROR) CPU temperature exceeds 50º Celsius. Shutting down.
[2015/11/04 11:41:28.607] (INFO) Device 0xca84 is online.
[2015/11/04 11:41:28.607] (WARN) Watchdog timer crashed. Restarting it.
[2015/11/04 11:41:28.607] (INFO) Network heartbeat check: All OK.
[2015/11/04 11:41:28.607] (INFO) Supervisor has entered RUNNING state.
[2015/11/04 11:41:28.607] (INFO) Checkpointing off-heap server memory...
[2015/11/04 11:41:28.607] (INFO) Checked file systems for errors: All filesystems OK.
[2015/11/04 11:41:28.607] (INFO) Checkpointing off-heap server memory...
[2015/11/04 11:41:28.607] (INFO) Device 0x6177 is online.
[2015/11/04 11:41:29.107] (ERROR) Detected incoming DDoS from 192.168.170.82.
[2015/11/04 11:41:29.107] (INFO) Sending SIGTERM to 3 excess workers.
[2015/11/04 11:41:29.107] (INFO) Waiting for monitor process (PID 25596) to die.
[2015/11/04 11:41:29.107] (INFO) User "nrh8060" logged out due to inactivity (timeout=30 minutes).
[2015/11/04 11:41:29.107] (INFO) Flushed 99 buffers to disk.
[2015/11/04 11:41:29.107] (WARN) There is no such thing as a free lunch.
[2015/11/04 11:41:29.107] (INFO) Alien monitor (aliend): Detected no space aliens.
[2015/11/04 11:41:29.107] (INFO) Waiting for master process (PID 36212) to die.
[2015/11/04 11:41:29.107] (INFO) Alien monitor (aliend): Detected no space aliens.
[2015/11/04 11:41:29.107] (INFO) User "kxm1848" logged in from 192.168.12.207.
[2015/11/04 11:41:29.107] (INFO) Supervisor has entered RESTARTING state.
[2015/11/04 11:41:29.107] (INFO) Alien monitor (aliend): Detected no space aliens.
[2015/11/04 11:41:29.107] (ERROR) EFOODFAIL (Waiter, there's a fly in my soup).
[2015/11/04 11:41:29.107] (WARN) Network heartbeat check: 2 server(s) did not respond.
[2015/11/04 11:41:29.107] (INFO) .evian ylbirret si emehcs otpyrc ym neht ,siht daer nac uoy fI
[2015/11/04 11:41:29.107] (INFO) Device 0x8a2a is online.
[2015/11/04 11:41:29.107] (INFO) Checked file systems for errors: All filesystems OK.
[2015/11/04 11:41:29.107] (INFO) User "zsv4901" logged in from 172.16.94.194.
[2015/11/04 11:41:29.107] (INFO) Alien monitor (aliend): Detected no space aliens.
[2015/11/04 11:41:29.107] (WARN) Unable to ping worker at 172.16.138.51. Retrying.
[2015/11/04 11:41:29.107] (INFO) Checkpointing off-heap server memory...
[2015/11/04 11:41:29.107] (INFO) Checkpointing off-heap server memory...
[2015/11/04 11:41:29.107] (INFO) Network heartbeat check: All OK.
[2015/11/04 11:41:29.107] (INFO) User "dpm5737" logged out due to inactivity (timeout=30 minutes).
[2015/11/04 11:41:29.107] (ERROR) Worker 8 died with SIGSEGV. Restarting it.
[2015/11/04 11:41:29.107] (INFO) Pinging watchdog timer process: Process is alive.
[2015/11/04 11:41:29.107] (INFO) Alien monitor (aliend): Detected no space aliens.
[2015/11/04 11:41:29.107] (WARN) There is no such thing as a free lunch.
[2015/11/04 11:41:29.107] (INFO) Checkpointing off-heap server memory...
[2015/11/04 11:41:29.107] (INFO) User "omx5318" logged in from 192.168.173.146.
[2015/11/04 11:41:29.107] (INFO) Supervisor has entered SUSPENDED state.
[2015/11/04 11:41:29.107] (INFO) Sending SIGTERM to 4 excess workers.
[2015/11/04 11:41:29.107] (INFO) Waiting for monitor process (PID 14326) to die.
[2015/11/04 11:41:29.107] (INFO) Checkpointing off-heap server memory...
[2015/11/04 11:41:29.107] (INFO) Rolling 6 log file(s)...
[2015/11/04 11:41:29.107] (ERROR) Blocked Little Bobby Tables attack (https://xkcd.com/327/) from 10.97.244.67.
[2015/11/04 11:41:29.107] (INFO) Network heartbeat check: All OK.
[2015/11/04 11:41:29.107] (INFO) Checked file systems for errors: All filesystems OK.
[2015/11/04 11:41:29.107] (INFO) Your mother called. She says you never call her.
[2015/11/04 11:41:29.107] (ERROR) Detected clock skew! Restarting NTP server.
[2015/11/04 11:41:29.107] (INFO) Supervisor has entered RUNNING state.
[2015/11/04 11:41:29.107] (INFO) User "ohg3272" logged out.
[2015/11/04 11:41:29.107] (INFO) Checked file systems for errors: All filesystems OK.
[2015/11/04 11:41:29.107] (INFO) Alien monitor (aliend): Detected no space aliens.
[2015/11/04 11:41:29.107] (INFO) Your mother called. She says you never call her.
[2015/11/04 11:41:29.107] (INFO) Network heartbeat check: All OK.
[2015/11/04 11:41:29.107] (ERROR) EFOODFAIL (Waiter, there's a fly in my soup).
[2015/11/04 11:41:29.107] (INFO) Backed up all server logs.
[2015/11/04 11:41:29.107] (INFO) .evian ylbirret si emehcs otpyrc ym neht ,siht daer nac uoy fI
[2015/11/04 11:41:29.107] (ERROR) "/var/data/UAoNe50958.tar.gz": Permission denied (EACCES)
[2015/11/04 11:41:29.107] (INFO) Your mother called. She says you never call her.
[2015/11/04 11:41:29.107] (INFO) Checkpointing off-heap server memory...
[2015/11/04 11:41:29.107] (WARN) Network heartbeat check: 18 server(s) did not respond.
[2015/11/04 11:41:29.107] (INFO) Backed up all server logs.
[2015/11/04 11:41:29.107] (INFO) Device 0x0082 is online.
[2015/11/04 11:41:29.107] (INFO) Your mother called. She says you never call her.
[2015/11/04 11:41:29.107] (ERROR) Network heartbeat check FAILED: Master host down?
[2015/11/04 11:41:29.107] (INFO) .evian ylbirret si emehcs otpyrc ym neht ,siht daer nac uoy fI
[2015/11/04 11:41:29.107] (WARN) Unable to ping master at 172.16.250.130. Retrying.
[2015/11/04 11:41:29.107] (ERROR) Alien monitor (aliend): 4 space aliens are fiddling with the hardware!
[2015/11/04 11:41:29.107] (INFO) Checkpointing off-heap server memory...
[2015/11/04 11:41:29.107] (ERROR) "/var/data/yQNIs81643.tsv": No such file or directory (ENOENT)
[2015/11/04 11:41:29.107] (INFO) Device 0x1376 is online.
[2015/11/04 11:41:29.107] (INFO) User "lkh3706" logged out due to inactivity (timeout=30 minutes).
[2015/11/04 11:41:29.107] (INFO) Alien monitor (aliend): Detected no space aliens.
[2015/11/04 11:41:29.107] (INFO) User "gtb5728" logged out.
[2015/11/04 11:41:29.107] (INFO) .evian ylbirret si emehcs otpyrc ym neht ,siht daer nac uoy fI
[2015/11/04 11:41:29.107] (WARN) Master took 523 ms to respond (threshold=500 ms)
[2015/11/04 11:41:29.107] (INFO) User "bgk9136" logged in from 172.16.155.11.
[2015/11/04 11:41:29.107] (ERROR) Unable to write to "/var/data/hpPVg95703.zip": Permission denied (EACCES)
[2015/11/04 11:41:29.107] (INFO) User "gxd2807" logged out due to inactivity (timeout=30 minutes).
[2015/11/04 11:41:29.107] (INFO) Checked file systems for errors: All filesystems OK.
[2015/11/04 11:41:29.107] (ERROR) Failed to open "/mnt/fileserver02/acHwQ84921.tar.gz": NFS timeout.
[2015/11/04 11:41:29.107] (INFO) Checkpointing off-heap server memory...
[2015/11/04 11:41:29.107] (INFO) Flushed 45 buffers to disk.
[2015/11/04 11:41:29.107] (ERROR) Worker 9 died with SIGINT. Restarting it.
[2015/11/04 11:41:29.107] (INFO) Device 0x41c6 is online.
[2015/11/04 11:41:29.107] (INFO) Rolling 9 log file(s)...
[2015/11/04 11:41:29.107] (INFO) .evian ylbirret si emehcs otpyrc ym neht ,siht daer nac uoy fI
[2015/11/04 11:41:29.107] (INFO) Checked file systems for errors: All filesystems OK.
[2015/11/04 11:41:29.107] (INFO) Rolling 8 log file(s)...
[2015/11/04 11:41:29.107] (INFO) Rolling 3 log file(s)...
[2015/11/04 11:41:29.107] (INFO) Alien monitor (aliend): Detected no space aliens.
[2015/11/04 11:41:29.107] (INFO) Waiting for worker process (PID 39766) to die.
[2015/11/04 11:41:29.107] (WARN) Space on disk /dev/sde3 is low: Only 709 MB available.
[2015/11/04 11:41:29.107] (INFO) Supervisor has entered SUSPENDED state.
[2015/11/04 11:41:29.107] (WARN) Dropped 13,309 corrupt data packets.
[2015/11/04 11:41:29.107] (INFO) User "fjl1137" logged in from 172.16.240.159.
[2015/11/04 11:41:29.107] (INFO) .evian ylbirret si emehcs otpyrc ym neht ,siht daer nac uoy fI
[2015/11/04 11:41:29.107] (INFO) Flushed 80 buffers to disk.
[2015/11/04 11:41:29.107] (INFO) .evian ylbirret si emehcs otpyrc ym neht ,siht daer nac uoy fI
[2015/11/04 11:41:29.107] (INFO) Waiting for worker process (PID 15636) to die.
[2015/11/04 11:41:29.107] (INFO) Checked file systems for errors: All filesystems OK.
[2015/11/04 11:41:29.107] (INFO) Flushed 73 buffers to disk.
[2015/11/04 11:41:29.107] (INFO) Device 0xc4c1 is online.
[2015/11/04 11:41:29.107] (INFO) .evian ylbirret si emehcs otpyrc ym neht ,siht daer nac uoy fI
[2015/11/04 11:41:29.107] (INFO) Sending SIGTERM to 3 excess workers.
[2015/11/04 11:41:29.107] (INFO) Network heartbeat check: All OK.
[2015/11/04 11:41:29.107] (ERROR) Extra characters at end of line.
[2015/11/04 11:41:29.107] (INFO) Device 0x396f is online.
[2015/11/04 11:41:29.607] (INFO) Supervisor has entered RESTARTING state.
[2015/11/04 11:41:29.607] (INFO) Flushed 90 buffers to disk.
[2015/11/04 11:41:29.607] (INFO) Checkpointing off-heap server memory...
[2015/11/04 11:41:29.607] (INFO) User "uyk4053" logged out due to inactivity (timeout=30 minutes).
[2015/11/04 11:41:29.607] (INFO) Device 0x388d is online.
[2015/11/04 11:41:29.607] (INFO) Pinging watchdog timer process: Process is alive.
[2015/11/04 11:41:29.607] (INFO) Your mother called. She says you never call her.
[2015/11/04 11:41:29.607] (INFO) User "bpd1096" logged out due to inactivity (timeout=30 minutes).
[2015/11/04 11:41:29.607] (WARN) Master took 886 ms to respond (threshold=500 ms)
[2015/11/04 11:41:29.607] (INFO) Pinging watchdog timer process: Process is alive.
[2015/11/04 11:41:29.607] (INFO) User "gxd3872" logged out due to inactivity (timeout=30 minutes).
[2015/11/04 11:41:29.607] (INFO) Flushed 65 buffers to disk.
[2015/11/04 11:41:29.607] (INFO) User "jdd2694" logged out due to inactivity (timeout=30 minutes).
[2015/11/04 11:41:29.607] (INFO) Waiting for supervisor process (PID 22739) to die.
[2015/11/04 11:41:29.607] (INFO) Flushed 96 buffers to disk.
[2015/11/04 11:41:29.607] (INFO) User "uih4084" logged in from 172.16.44.182.
[2015/11/04 11:41:29.607] (WARN) There is no such thing as a free lunch.
[2015/11/04 11:41:29.607] (ERROR) Unable to write to "/var/data/cdnzM63841.xslx": Permission denied (EACCES)
[2015/11/04 11:41:29.607] (WARN) Retrying server log checkpoint.
[2015/11/04 11:41:29.607] (ERROR) Connection to 10.8.51.151 terminated unexpectedly. Reconnecting.
[2015/11/04 11:41:29.607] (INFO) User "nbm5238" logged out due to inactivity (timeout=30 minutes).
[2015/11/04 11:41:29.607] (INFO) User "yon6099" logged out.
[2015/11/04 11:41:29.607] (INFO) Alien monitor (aliend): Detected no space aliens.
[2015/11/04 11:41:29.607] (INFO) Checked file systems for errors: All filesystems OK.
[2015/11/04 11:41:29.607] (INFO) Alien monitor (aliend): Detected no space aliens.
[2015/11/04 11:41:29.607] (ERROR) Unable to mount /dev/sde4. (Time to run fsck?)
[2015/11/04 11:41:29.607] (INFO) Alien monitor (aliend): Detected no space aliens.
[2015/11/04 11:41:29.607] (WARN) Watchdog timer crashed. Restarting it.
[2015/11/04 11:41:29.607] (INFO) Sending SIGTERM to 3 excess workers.
[2015/11/04 11:41:29.607] (INFO) Waiting for supervisor process (PID 54624) to die.
[2015/11/04 11:41:29.607] (INFO) Alien monitor (aliend): Detected no space aliens.
[2015/11/04 11:41:29.607] (INFO) Checkpointing off-heap server memory...
[2015/11/04 11:41:29.607] (INFO) User "roc7819" logged out.
[2015/11/04 11:41:29.607] (INFO) Flushed 44 buffers to disk.
[2015/11/04 11:41:29.607] (INFO) Backed up all server logs.
[2015/11/04 11:41:29.607] (INFO) Your mother called. She says you never call her.
[2015/11/04 11:41:29.607] (INFO) Your mother called. She says you never call her.
[2015/11/04 11:41:29.607] (INFO) Network heartbeat check: All OK.
[2015/11/04 11:41:29.607] (INFO) User "yxq1129" logged out due to inactivity (timeout=30 minutes).
[2015/11/04 11:41:29.607] (WARN) Backup server 10.120.208.194 is offline.
[2015/11/04 11:41:29.607] (ERROR) Unable to write to "/var/data/wZXoY83187.tar.gz": Permission denied (EACCES)
[2015/11/04 11:41:29.607] (INFO) Backed up all server logs.
[2015/11/04 11:41:29.607] (INFO) Supervisor has entered WAITING state.
[2015/11/04 11:41:29.607] (WARN) Backup server 172.16.180.58 is offline.
[2015/11/04 11:41:29.607] (INFO) Checkpointing off-heap server memory...
[2015/11/04 11:41:29.607] (INFO) User "bpn6264" logged in from 192.168.163.40.
[2015/11/04 11:41:29.607] (ERROR) One of the flayrods has gone out askew on treadle.
[2015/11/04 11:41:29.607] (INFO) Checked file systems for errors: All filesystems OK.
[2015/11/04 11:41:29.607] (WARN) Watchdog timer crashed. Restarting it.
[2015/11/04 11:41:29.607] (INFO) Pinging watchdog timer process: Process is alive.
[2015/11/04 11:41:29.607] (WARN) Master took 524 ms to respond (threshold=500 ms)
[2015/11/04 11:41:29.607] (WARN) Watchdog timer crashed. Restarting it.
[2015/11/04 11:41:29.607] (INFO) User "kqn6737" logged out.
[2015/11/04 11:41:29.607] (INFO) Supervisor has entered WAITING state.
[2015/11/04 11:41:29.607] (INFO) .evian ylbirret si emehcs otpyrc ym neht ,siht daer nac uoy fI
[2015/11/04 11:41:29.607] (INFO) Supervisor has entered RESTARTING state.
[2015/11/04 11:41:29.607] (INFO) Pinging watchdog timer process: Process is alive.
[2015/11/04 11:41:29.607] (ERROR) User "onz4215" failed to log in 3 times. Disabling account.
[2015/11/04 11:41:29.607] (INFO) .evian ylbirret si emehcs otpyrc ym neht ,siht daer nac uoy fI
[2015/11/04 11:41:29.607] (INFO) Waiting for master process (PID 52082) to die.
[2015/11/04 11:41:29.607] (INFO) User "anu7212" logged in from 192.168.106.137.
[2015/11/04 11:41:29.607] (INFO) User "zlp3614" logged out.
[2015/11/04 11:41:29.607] (ERROR) Unable to mount /dev/sda3. (Time to run fsck?)
[2015/11/04 11:41:29.607] (INFO) User "ouz8813" logged out due to inactivity (timeout=30 minutes).
[2015/11/04 11:41:29.607] (WARN) Space on disk /dev/sdf1 is low: Only 286 MB available.
[2015/11/04 11:41:29.607] (WARN) Possible cyber-attack from Nebraska.
[2015/11/04 11:41:29.607] (WARN) Ignoring SIGTERM. It's not that easy to get rid of me.
[2015/11/04 11:41:29.607] (INFO) Checkpointing off-heap server memory...
[2015/11/04 11:41:29.607] (INFO) Checked file systems for errors: All filesystems OK.
[2015/11/04 11:41:29.607] (INFO) Your mother called. She says you never call her.
[2015/11/04 11:41:29.607] (INFO) .evian ylbirret si emehcs otpyrc ym neht ,siht daer nac uoy fI
[2015/11/04 11:41:29.607] (INFO) Pinging watchdog timer process: Process is alive.
[2015/11/04 11:41:29.607] (INFO) Waiting for master process (PID 42519) to die.
[2015/11/04 11:41:29.607] (INFO) Network heartbeat check: All OK.
[2015/11/04 11:41:29.607] (INFO) Alien monitor (aliend): Detected no space aliens.
[2015/11/04 11:41:29.607] (INFO) Network heartbeat check: All OK.
[2015/11/04 11:41:29.607] (INFO) Sending SIGTERM to 4 excess workers.
[2015/11/04 11:41:29.607] (INFO) Pinging watchdog timer process: Process is alive.
[2015/11/04 11:41:29.607] (INFO) Alien monitor (aliend): Detected no space aliens.
[2015/11/04 11:41:29.607] (INFO) Supervisor has entered RUNNING state.
[2015/11/04 11:41:29.607] (INFO) Waiting for worker process (PID 61669) to die.
[2015/11/04 11:41:29.607] (INFO) Checked file systems for errors: All filesystems OK.
[2015/11/04 11:41:29.607] (INFO) User "jyl5397" logged out due to inactivity (timeout=30 minutes).
[2015/11/04 11:41:29.607] (WARN) There is no such thing as a free lunch.
[2015/11/04 11:41:29.607] (INFO) User "fvi1806" logged out due to inactivity (timeout=30 minutes).
[2015/11/04 11:41:29.607] (INFO) User "yuo9861" logged in from 192.168.177.232.
[2015/11/04 11:41:29.607] (ERROR) Unable to authenticate user "poj7293": LDAP server isn't responding.
[2015/11/04 11:41:29.607] (INFO) Alien monitor (aliend): Detected no space aliens.
[2015/11/04 11:41:29.607] (INFO) Flushed 90 buffers to disk.
[2015/11/04 11:41:29.607] (INFO) Device 0x8641 is online.
[2015/11/04 11:41:29.607] (INFO) Pinging watchdog timer process: Process is alive.
[2015/11/04 11:41:29.607] (INFO) .evian ylbirret si emehcs otpyrc ym neht ,siht daer nac uoy fI
[2015/11/04 11:41:29.607] (INFO) Flushed 40 buffers to disk.
[2015/11/04 11:41:29.607] (INFO) Sending SIGTERM to 2 excess workers.
[2015/11/04 11:41:29.607] (INFO) Alien monitor (aliend): Detected no space aliens.
[2015/11/04 11:41:29.607] (INFO) Checkpointing off-heap server memory...
[2015/11/04 11:41:29.607] (INFO) Sending SIGTERM to 2 excess workers.
[2015/11/04 11:41:29.607] (INFO) Waiting for worker process (PID 25945) to die.
[2015/11/04 11:41:29.607] (INFO) Supervisor has entered WAITING state.
[2015/11/04 11:41:29.607] (INFO) User "mwb2898" logged out.
[2015/11/04 11:41:30.107] (INFO) User "gwp6312" logged in from 192.168.170.218.
[2015/11/04 11:41:30.107] (INFO) Checkpointing off-heap server memory...
[2015/11/04 11:41:30.107] (INFO) Rolling 5 log file(s)...
[2015/11/04 11:41:30.107] (INFO) .evian ylbirret si emehcs otpyrc ym neht ,siht daer nac uoy fI
[2015/11/04 11:41:30.107] (INFO) .evian ylbirret si emehcs otpyrc ym neht ,siht daer nac uoy fI
[2015/11/04 11:41:30.107] (INFO) Your mother called. She says you never call her.
[2015/11/04 11:41:30.107] (INFO) .evian ylbirret si emehcs otpyrc ym neht ,siht daer nac uoy fI
[2015/11/04 11:41:30.107] (INFO) User "brr7782" logged out due to inactivity (timeout=30 minutes).
[2015/11/04 11:41:30.107] (INFO) Checkpointing off-heap server memory...
[2015/11/04 11:41:30.107] (INFO) Network heartbeat check: All OK.
[2015/11/04 11:41:30.107] (INFO) Rolling 4 log file(s)...
[2015/11/04 11:41:30.107] (INFO) User "xgh6437" logged out due to inactivity (timeout=30 minutes).
[2015/11/04 11:41:30.107] (WARN) CPU temperature exceeds 40º Celsius.
[2015/11/04 11:41:30.107] (INFO) Checked file systems for errors: All filesystems OK.
[2015/11/04 11:41:30.107] (INFO) Flushed 60 buffers to disk.
[2015/11/04 11:41:30.107] (INFO) .evian ylbirret si emehcs otpyrc ym neht ,siht daer nac uoy fI
[2015/11/04 11:41:30.107] (INFO) Alien monitor (aliend): Detected no space aliens.
[2015/11/04 11:41:30.107] (INFO) Your mother called. She says you never call her.
[2015/11/04 11:41:30.107] (INFO) Checked file systems for errors: All filesystems OK.
[2015/11/04 11:41:30.107] (INFO) Backed up all server logs.
[2015/11/04 11:41:30.107] (INFO) Flushed 51 buffers to disk.
[2015/11/04 11:41:30.107] (INFO) Rolling 7 log file(s)...
[2015/11/04 11:41:30.107] (ERROR) Unable to write to "/var/data/iMfzI92041.xslx": Permission denied (EACCES)
[2015/11/04 11:41:30.107] (INFO) User "xqj8538" logged in from 192.168.30.49.
[2015/11/04 11:41:30.107] (INFO) Checked file systems for errors: All filesystems OK.
[2015/11/04 11:41:30.107] (ERROR) Blocked Little Bobby Tables attack (https://xkcd.com/327/) from 192.168.244.188.
[2015/11/04 11:41:30.107] (WARN) Dropped 13,686 corrupt data packets.
[2015/11/04 11:41:30.107] (INFO) Checkpointing off-heap server memory...
[2015/11/04 11:41:30.107] (INFO) Backed up all server logs.
[2015/11/04 11:41:30.107] (INFO) User "wmm8569" logged in from 10.162.57.212.
[2015/11/04 11:41:30.107] (INFO) .evian ylbirret si emehcs otpyrc ym neht ,siht daer nac uoy fI
[2015/11/04 11:41:30.107] (INFO) Pinging watchdog timer process: Process is alive.
[2015/11/04 11:41:30.107] (ERROR) Failed to write checkpoint file "/var/checkpoint/daCfP99748: No space left on device (ENOSPC)
[2015/11/04 11:41:30.107] (INFO) Supervisor has entered SUSPENDED state.
[2015/11/04 11:41:30.107] (INFO) Rolling 4 log file(s)...
[2015/11/04 11:41:30.107] (INFO) Waiting for master process (PID 42150) to die.
[2015/11/04 11:41:30.107] (WARN) Master took 996 ms to respond (threshold=500 ms)
[2015/11/04 11:41:30.107] (INFO) Device 0x49fc is online.
[2015/11/04 11:41:30.107] (INFO) Checkpointing off-heap server memory...
[2015/11/04 11:41:30.107] (ERROR) "/var/data/KaVIX74585.txt": Permission denied (EACCES)
[2015/11/04 11:41:30.107] (INFO) Network heartbeat check: All OK.
[2015/11/04 11:41:30.107] (INFO) Device 0xbc05 is online.
[2015/11/04 11:41:30.107] (INFO) Sending SIGTERM to 2 excess workers.
[2015/11/04 11:41:30.107] (INFO) User "apl1893" logged out.
[2015/11/04 11:41:30.107] (INFO) Rolling 7 log file(s)...
[2015/11/04 11:41:30.107] (INFO) Device 0x80a3 is online.
[2015/11/04 11:41:30.107] (INFO) .evian ylbirret si emehcs otpyrc ym neht ,siht daer nac uoy fI
[2015/11/04 11:41:30.107] (INFO) Flushed 55 buffers to disk.
[2015/11/04 11:41:30.107] (INFO) Your mother called. She says you never call her.
[2015/11/04 11:41:30.107] (INFO) User "fci3640" logged in from 192.168.16.232.
[2015/11/04 11:41:30.107] (INFO) Device 0x6224 is online.
[2015/11/04 11:41:30.107] (INFO) User "zyf7853" logged out due to inactivity (timeout=30 minutes).
[2015/11/04 11:41:30.107] (INFO) User "oog9637" logged out due to inactivity (timeout=30 minutes).
[2015/11/04 11:41:30.107] (INFO) .evian ylbirret si emehcs otpyrc ym neht ,siht daer nac uoy fI
[2015/11/04 11:41:30.107] (INFO) Alien monitor (aliend): Detected no space aliens.
[2015/11/04 11:41:30.107] (INFO) Supervisor has entered RESTARTING state.
[2015/11/04 11:41:30.107] (INFO) Your mother called. She says you never call her.
[2015/11/04 11:41:30.107] (INFO) User "kho7794" logged out.
[2015/11/04 11:41:30.107] (INFO) Checkpointing off-heap server memory...
[2015/11/04 11:41:30.107] (INFO) Flushed 43 buffers to disk.
[2015/11/04 11:41:30.107] (INFO) User "wyt8950" logged out due to inactivity (timeout=30 minutes).
[2015/11/04 11:41:30.107] (INFO) Backed up all server logs.
[2015/11/04 11:41:30.107] (INFO) Backed up all server logs.
[2015/11/04 11:41:30.107] (INFO) Pinging watchdog timer process: Process is alive.
[2015/11/04 11:41:30.107] (INFO) Rolling 8 log file(s)...
[2015/11/04 11:41:30.107] (ERROR) Network heartbeat check FAILED: Master host down?
[2015/11/04 11:41:30.107] (INFO) User "bwv5621" logged out due to inactivity (timeout=30 minutes).
[2015/11/04 11:41:30.107] (INFO) Checked file systems for errors: All filesystems OK.
[2015/11/04 11:41:30.107] (INFO) Waiting for supervisor process (PID 27384) to die.
[2015/11/04 11:41:30.107] (INFO) Checkpointing off-heap server memory...
[2015/11/04 11:41:30.107] (INFO) Rolling 3 log file(s)...
[2015/11/04 11:41:30.107] (INFO) Checked file systems for errors: All filesystems OK.
[2015/11/04 11:41:30.107] (WARN) Master took 744 ms to respond (threshold=500 ms)
[2015/11/04 11:41:30.107] (INFO) User "dbb5927" logged out due to inactivity (timeout=30 minutes).
[2015/11/04 11:41:30.107] (INFO) Alien monitor (aliend): Detected no space aliens.
[2015/11/04 11:41:30.107] (INFO) Pinging watchdog timer process: Process is alive.
[2015/11/04 11:41:30.107] (INFO) Rolling 5 log file(s)...
[2015/11/04 11:41:30.107] (INFO) Backed up all server logs.
[2015/11/04 11:41:30.107] (ERROR) Directory index of "/var/data" is forbidden.
[2015/11/04 11:41:30.107] (INFO) Your mother called. She says you never call her.
[2015/11/04 11:41:30.107] (INFO) Rolling 5 log file(s)...
[2015/11/04 11:41:30.107] (INFO) Sending SIGTERM to 2 excess workers.
[2015/11/04 11:41:30.107] (INFO) Alien monitor (aliend): Detected no space aliens.
[2015/11/04 11:41:30.107] (ERROR) Directory index of "/var/data" is forbidden.
[2015/11/04 11:41:30.107] (ERROR) /dev/lp error: "PC LOAD LETTER"
[2015/11/04 11:41:30.107] (INFO) Your mother called. She says you never call her.
[2015/11/04 11:41:30.107] (INFO) Pinging watchdog timer process: Process is alive.
[2015/11/04 11:41:30.107] (INFO) Waiting for master process (PID 32072) to die.
[2015/11/04 11:41:30.107] (ERROR) Failed to open "/mnt/fileserver02/MhQiK74881.csv": NFS timeout.
[2015/11/04 11:41:30.107] (INFO) Network heartbeat check: All OK.
[2015/11/04 11:41:30.107] (INFO) Network heartbeat check: All OK.
[2015/11/04 11:41:30.107] (WARN) Possible cyber-attack from a small unnamed island.
[2015/11/04 11:41:30.107] (INFO) User "pab4873" logged out due to inactivity (timeout=30 minutes).
[2015/11/04 11:41:30.107] (INFO) Network heartbeat check: All OK.
[2015/11/04 11:41:30.107] (INFO) Sending SIGTERM to 2 excess workers.
[2015/11/04 11:41:30.107] (INFO) User "dhc9213" logged out due to inactivity (timeout=30 minutes).
[2015/11/04 11:41:30.107] (INFO) .evian ylbirret si emehcs otpyrc ym neht ,siht daer nac uoy fI
[2015/11/04 11:41:30.107] (WARN) Watchdog timer crashed. Restarting it.
[2015/11/04 11:41:30.107] (WARN) Possible cyber-attack from Mars.
[2015/11/04 11:41:30.107] (INFO) User "qby7773" logged out due to inactivity (timeout=30 minutes).
